Testing OpenRouter API...
API Key: sk-or-v1-7de13dfc529...
Model: google/gemini-2.5-flash-image

Status: 200
Response: 
         

         

         

         

         

         

         

         

         

         

         

         

         

         
{"id":"gen-1765703530-jdk7Nb0sKYdEEknMtKSr","provider":"Google","model":"google/gemini-2.5-flash-image","object":"chat.completion","created":1765703530,"choices":[{"logprobs":null,"finish_reason":"stop","native_finish_reason":"STOP","index":0,"message":{"role":"assistant","content":"That's a fun idea! Here's your cat in space: ","refusal":null,

Success!
Content: That's a fun idea! Here's your cat in space: 

Full response: {
  "id": "gen-1765703530-jdk7Nb0sKYdEEknMtKSr",
  "provider": "Google",
  "model": "google/gemini-2.5-flash-image",
  "object": "chat.completion",
  "created": 1765703530,
  "choices": [
    {
      "logprobs": null,
      "finish_reason": "stop",
      "native_finish_reason": "STOP",
      "index": 0,
      "message": {
        "role": "assistant",
        "content": "That's a fun idea! Here's your cat in space: ",
        "refusal": null,
        "reasoning": null,
        "images": [
          {
            "type": "image_url",
            "image_url": {
              "url": "data:image/png;base64,iVBORw0KGgoAAAANSUhEUgAABAAAAAQACAIAAADwf7zUAAAAiXpUWHRSYXcgcHJvZmlsZSB0eXBlIGlwdGMAAAiZTYwxDgIxDAT7vOKekDjrtV1T0VHwgbtcIiEhgfh/QaDgmGlWW0w6X66n5fl6jNu9p+ULkapDENgzpj+Kl5aFfa6KnYWgSjZjGOiSYRxTY/v8KIijI/rXyc236kHdAK22RvHVummEN+91ML0BQ+siou79WmMAAAKHaVRYdFhNTDpjb20uYWRvYmUueG1wAAAAAAA8P3hwYWNrZXQgYmVnaW49Iu+7vyIgaWQ9Ilc1TTBNcENlaGlIenJlU3pOVGN6a2M5ZCI/PiA8eDp4bXBtZXRhIHhtbG5zOng9ImFkb2JlOm5zOm1ldGEvIiB4OnhtcHRrPSJYTVAgQ29yZSA1LjUuMCI+IDxyZGY6UkRGIHhtbG5zOnJkZj0iaHR0cDovL3d3dy53My5vcmcvMTk5OS8wMi8yMi1yZGYtc3ludGF4LW5zIyI+IDxyZGY6RGVzY3JpcHRpb24gcmRmOmFib3V0PSIiIHhtbG5zOklwdGM0eG1wRXh0PSJodHRwOi8vaXB0Yy5vcmcvc3RkL0lwdGM0eG1wRXh0LzIwMDgtMDItMjkvIiB4bWxuczpwaG90b3Nob3A9Imh0dHA6Ly9ucy5hZG9iZS5jb20vcGhvdG9zaG9wLzEuMC8iIElwdGM0eG1wRXh0OkRpZ2l0YWxTb3VyY2VGaWxlVHlwZT0iaHR0cDovL2N2LmlwdGMub3JnL25ld3Njb2Rlcy9kaWdpdGFsc291cmNldHlwZS90cmFpbmVkQWxnb3JpdGhtaWNNZWRpYSIgSXB0YzR4bXBFeHQ6RGlnaXRhbFNvdXJjZVR5cGU9Imh0dHA6Ly9jdi5pcHRjLm9yZy9uZXdzY29kZXMvZGlnaXRhbHNvdXJjZXR5cGUvdHJhaW5lZEFsZ29yaXRobWljTWVkaWEiIHBob3Rvc2hvcDpDcmVkaXQ9Ik1hZGUgd2l0aCBHb29nbGUgQUkiLz4gPC9yZGY6UkRGPiA8L3g6eG1wbWV0YT4gICA8P3hwYWNrZXQgZW5kPSJ3Ij8+fxJoawAAG4RjYUJYAAAbhGp1bWIAAAAeanVtZGMycGEAEQAQgAAAqgA4m3EDYzJwYQAAABteanVtYgAAAEdqdW1kYzJtYQARABCAAACqADibcQN1cm46YzJwYTplZDc0OGQwNy1iNjQ3LWEzMDYtOWRmYS00NzE2NDEwNjJlMjYAAAATiGp1bWIAAAAoanVtZGMyY3MAEQAQgAAAqgA4m3EDYzJwYS5zaWduYXR1cmUAAAATWGNib3LShFkGr6IBJhghglkDwzCCA78wggNFoAMCAQICFADJtlpqpTIDL2grNtridM7TBpUWMAoGCCqGSM49BAMDMFExCzAJBgNVBAYTAlVTMRMwEQYDVQQKDApHb29nbGUgTExDMS0wKwYDVQQDDCRHb29nbGUgQzJQQSBNZWRpYSBTZXJ2aWNlcyAxUCBJQ0EgRzMwHhcNMjUxMTE0MTUyMzAxWhcNMjYxMTA5MTUyMzAwWjBrMQswCQYDVQQGEwJVUzETMBEGA1UEChMKR29vZ2xlIExMQzEcMBoGA1UECxMTR29vZ2xlIFN5c3RlbSAxMDI3NDEpMCcGA1UEAxMgR29vZ2xlIE1lZGlhIFByb2Nlc3NpbmcgU2VydmljZXMwWTATBgcqhkjOPQIBBggqhkjOPQMBBwNCAAQAvvcR7P8YiZIbQ2WTN0sgXWaJ+/iAkIXQwfBDT8YT1nUulo1Bkqibg4HYNJZkS5gKy7wOOwWfcehEXc9sgWtko4IB3zCCAdswDgYDVR0PAQH/BAQDAgbAMB8GA1UdJQQYMBYGCCsGAQUFBwMEBgorBgEEAYPoXgIBMAwGA1UdEwEB/wQCMAAwHQYDVR0OBBYEFOmUBs5Sg8DOJCV9/Hk2XBybAMliMB8GA1UdIwQYMBaAFNp74b20LIqF4BDWa5rHSvH63/Y3MGwGCCsGAQUFBwEBBGAwXjAmBggrBgEFBQcwAYYaaHR0cDovL2MycGEtb2NzcC5wa2kuZ29vZy8wNAYIKwYBBQUHMAKGKGh0dHA6Ly9wa2kuZ29vZy9jMnBhL21lZGlhLTFwLWljYS1nMy5jcnQwFwYDVR0gBBAwDjAMBgorBgEEAYPoXgEBMIGCBgNVHR8EezB5MHegdaBzhnFodHRwOi8vcHJpdmF0ZWNhLWNvbnRlbnQtNjg4YWE2NzMtMDAwMC0yYTg2LWE4N2EtMDg4YmM4NzM1NzBhLnN0b3JhZ2UuZ29vZ2xlYXBpcy5jb20vYjRmYjYwNDgyNWVjYzVjM2NlNmIvY3JsLmNybDAZBgkrBgEEAYPoXgMEDAYKKwYBBAGD6F4DCjAzBgkrBgEEAYPoXgQEJgwkMDE5YTdhOWYtY2IyZi03ZTJkLWIyMjItOWFhNDQ0ZmMzODNlMAoGCCqGSM49BAMDA2gAMGUCMD4siJGQd55Acehgox+o+aftx/HdlItwAmKYiVDwKgIAPf4JpphAtJyv+kEiOgU/GQIxAMAX0GTBx4vRrHEHL3xoGxRKie+w39jQreIqxHrCe/9lcJ30H9xVQK3WTl7xjU3LylkC4DCCAtwwggJjoAMCAQICFEH6pSFHdiFY2n+bLP+N/RYJHu4+MAoGCCqGSM49BAMDMEMxCzAJBgNVBAYTAlVTMRMwEQYDVQQKDApHb29nbGUgTExDMR8wHQYDVQQDDBZHb29nbGUgQzJQQSBSb290IENBIEczMB4XDTI1MDUwODIyMzYyNloXDTMwMDUwODIyMzYyNlowUTELMAkGA1UEBhMCVVMxEzARBgNVBAoMCkdvb2dsZSBMTEMxLTArBgNVBAMMJEdvb2dsZSBDMlBBIE1lZGlhIFNlcnZpY2VzIDFQIElDQSBHMzB2MBAGByqGSM49AgEGBSuBBAAiA2IABLgj5VMUopbapwdpcdhEuxSvk1WVpgMUc8w408ymfLpqKsrwqkizpGQazonmi6q6fq587dBAA1lh91+tjasxF0XsFuq2/5Uu1V5FQjNNoAtGYCVu/jwrGYC6FAVEPp5DeaOCAQgwggEEMBcGA1UdIAQQMA4wDAYKKwYBBAGD6F4BATAOBgNVHQ8BAf8EBAMCAQYwHwYDVR0lBBgwFgYIKwYBBQUHAwQGCisGAQQBg+heAgEwEgYDVR0TAQH/BAgwBgEB/wIBADBkBggrBgEFBQcBAQRYMFYwLAYIKwYBBQUHMAKGIGh0dHA6Ly9wa2kuZ29vZy9jMnBhL3Jvb3QtZzMuY3J0MCYGCCsGAQUFBzABhhpodHRwOi8vYzJwYS1vY3NwLnBraS5nb29nLzAfBgNVHSMEGDAWgBScXNiJU0PnWtWB2wPeGX8EKiotqjAdBgNVHQ4EFgQU2nvhvbQsioXgENZrmsdK8frf9jcwCgYIKoZIzj0EAwMDZwAwZAIwAsbRBNzVtd28Ddbv+dXq4nDReq5BIWFREgzuiam+XF9+x8INF/Utqx/r12qBWSB7AjAtN8AiiqJgx4KleO1Lcsh6WZaOSGQAlu9l3XOIIqXVjBJobz5PPHb8W2LZ/i1XfcykZ3NpZ1RzdDKhaXRzdFRva2Vuc4GhY3ZhbFkH4TCCB90GCSqGSIb3DQEHAqCCB84wggfKAgEDMQ0wCwYJYIZIAWUDBAIBMIGQBgsqhkiG9w0BCRABBKCBgAR+MHwCAQEGCisGAQQB1nkCCgEwMTANBglghkgBZQMEAgEFAAQglO+CIZKrG160eNXFGTURhb7uBjncnUYhS1hJPI8SvVYCFASjy4NX3ZtgD+OGiUQBLweC7c1qGA8yMDI1MTIxNDA5MTIxNlowBgIBAYABCgIJAKJdJ1cQw1hYoIIFoTCCAsowggJPoAMCAQICEw8EPf3XdjR+pffDrUWnC1ruJFUwCgYIKoZIzj0EAwMwUjELMAkGA1UEBhMCVVMxEzARBgNVBAoMCkdvb2dsZSBMTEMxLjAsBgNVBAMMJUdvb2dsZSBDMlBBIENvcmUgVGltZS1TdGFtcGluZyBJQ0EgRzMwHhcNMjUwOTA4MTM0ODU3WhcNMzEwOTA5MDE0ODU2WjBUMQswCQYDVQQGEwJVUzETMBEGA1UEChMKR29vZ2xlIExMQzEwMC4GA1UEAxMnR29vZ2xlIENvcmUgVGltZSBTdGFtcGluZyBBdXRob3JpdHkgVDEwMFkwEwYHKoZIzj0CAQYIKoZIzj0DAQcDQgAEwJKbXyfOJJilyKDp1W/PyAmRenY4jtdwrwbBiwmEw9zLsQPWjGVV58u4cxKuXm+rmUiSpq+E8SqbcZmvcUd1EaOCAQAwgf0wDgYDVR0PAQH/BAQDAgbAMAwGA1UdEwEB/wQCMAAwHQYDVR0OBBYEFFLiDUEVXlAa9ix0gn1++SL+3G6KMB8GA1UdIwQYMBaAFN5Vl4xgdDsD4mq0RAZll2HK5fiOMGwGCCsGAQUFBwEBBGAwXjAmBggrBgEFBQcwAYYaaHR0cDovL2MycGEtb2NzcC5wa2kuZ29vZy8wNAYIKwYBBQUHMAKGKGh0dHA6Ly9wa2kuZ29vZy9jMnBhL2NvcmUtdHNhLWljYS1nMy5jcnQwFwYDVR0gBBAwDjAMBgorBgEEAYPoXgEBMBYGA1UdJQEB/wQMMAoGCCsGAQUFBwMIMAoGCCqGSM49BAMDA2kAMGYCMQD84ETIWiUgcdNUBJnsihQJ96+gbnGbvO/vSWaaGD1a6+xireAGvdRpjtOY3awLFEQCMQDUFt3bIxSI2L1ofAyxaiVgstIieyrQdpXHP98wBbExjGbmC3X5wdICe/7xA+BNZMwwggLPMIICVqADAgECAhRFAINuchMCxWSknmQzdvqPCbdk9DAKBggqhkjOPQQDAzBDMQswCQYDVQQGEwJVUzETMBEGA1UECgwKR29vZ2xlIExMQzEfMB0GA1UEAwwWR29vZ2xlIEMyUEEgUm9vdCBDQSBHMzAeFw0yNTA1MDgyMjM2MjZaFw00MDA1MDgyMjM2MjZaMFIxCzAJBgNVBAYTAlVTMRMwEQYDVQQKDApHb29nbGUgTExDMS4wLAYDVQQDDCVHb29nbGUgQzJQQSBDb3JlIFRpbWUtU3RhbXBpbmcgSUNBIEczMHYwEAYHKoZIzj0CAQYFK4EEACIDYgAEo3338b0IKh9FWSXgUvmpIN/+2y6PRSHYTwrVzQNx3WcqLFluwJwkMnIiebkCkV+5pspHn6fFNHMTfl7FJUTpMSKONNW4Fv4awasz6sYhLCNP/wHk4MF/8DhrxXKtJUsKo4H7MIH4MBcGA1UdIAQQMA4wDAYKKwYBBAGD6F4BATAOBgNVHQ8BAf8EBAMCAQYwEwYDVR0lBAwwCgYIKwYBBQUHAwgwEgYDVR0TAQH/BAgwBgEB/wIBADBkBggrBgEFBQcBAQRYMFYwLAYIKwYBBQUHMAKGIGh0dHA6Ly9wa2kuZ29vZy9jMnBhL3Jvb3QtZzMuY3J0MCYGCCsGAQUFBzABhhpodHRwOi8vYzJwYS1vY3NwLnBraS5nb29nLzAfBgNVHSMEGDAWgBScXNiJU0PnWtWB2wPeGX8EKiotqjAdBgNVHQ4EFgQU3lWXjGB0OwPiarREBmWXYcrl+I4wCgYIKoZIzj0EAwMDZwAwZAIwQcYGjR1KfAGV1uVNgXR8YF3McEJbShGEY/+lh9yUJNiBzKj5R1Hmdi6IdmkoWFBxAjBwC6Yt0x6bxekQmwAR51P07SWj6Sxq5/Bsn3cFWHkcbeHfuvGKPycTTri6GlI+Iy0xggF8MIIBeAIBATBpMFIxCzAJBgNVBAYTAlVTMRMwEQYDVQQKDApHb29nbGUgTExDMS4wLAYDVQQDDCVHb29nbGUgQzJQQSBDb3JlIFRpbWUtU3RhbXBpbmcgSUNBIEczAhMPBD3913Y0fqX3w61Fpwta7iRVMAsGCWCGSAFlAwQCAaCBpDAaBgkqhkiG9w0BCQMxDQYLKoZIhvcNAQkQAQQwHAYJKoZIhvcNAQkFMQ8XDTI1MTIxNDA5MTIxNlowLwYJKoZIhvcNAQkEMSIEIAyKY2/zpz5ZPoWTuYlqakDK/n32ryNzBUdUikU+bAWIMDcGCyqGSIb3DQEJEAIvMSgwJjAkMCIEIGygncU8KqUbOTYofoUhdk3q/0zMz2bBIKJqpxxvGSmOMAoGCCqGSM49BAMCBEgwRgIhAP2nG5tFxlLfTjuEylCBn94VROvqkVfH7/Mk/a5AyY7pAiEAuCwmSaxs0wxEoe7UFTvpasR0u7EvvFrYOVQKgJ2tMkplclZhbHOhaG9jc3BWYWxzglkD9jCCA/IKAQCgggPrMIID5wYJKwYBBQUHMAEBBIID2DCCA9QwgeyhQjBAMQswCQYDVQQGEwJVUzETMBEGA1UEChMKR29vZ2xlIExMQzEcMBoGA1UEAxMTQzJQQSBPQ1NQIFJlc3BvbmRlchgPMjAyNTEyMTQwODM4MDBaMIGUMIGRMGkwDQYJYIZIAWUDBAIBBQAEILLMkMmpnzLwV15QgrzTg7jRCdDGWOB7mh3G6KoVFu0qBCCcGv1fPn5cgkeWtXTyUz/jgmlvrg23RvZwELGVObHbPQIUAMm2WmqlMgMvaCs22uJ0ztMGlRaAABgPMjAyNTEyMTQwODM4MjBaoBEYDzIwMjYwMTA5MDAwMDAwWjAKBggqhkjOPQQDAgNJADBGAiEAvPnVfBLZSM7rllGdrBNMK/m3Y2TnufCK593bDCDfExYCIQD0ooRVzTgeyabIaBbOXx94BTatT/a2CzaoUyGq2eqBw6CCAoowggKGMIICgjCCAgegAwIBAgIUAK+z31cj5RMAQih0JQEYXLZy/yQwCgYIKoZIzj0EAwMwUTELMAkGA1UEBhMCVVMxEzARBgNVBAoMCkdvb2dsZSBMTEMxLTArBgNVBAMMJEdvb2dsZSBDMlBBIE1lZGlhIFNlcnZpY2VzIDFQIElDQSBHMzAeFw0yNTEyMDkyMDI4MjFaFw0yNjAxMDgyMDI4MjBaMEAxCzAJBgNVBAYTAlVTMRMwEQYDVQQKEwpHb29nbGUgTExDMRwwGgYDVQQDExNDMlBBIE9DU1AgUmVzcG9uZGVyMFkwEwYHKoZIzj0CAQYIKoZIzj0DAQcDQgAEy9OPLa061epCL9uQzqSAAgN/PaZvWfC612DpNr8aHRzMoaflFKSth28EMojjZKY7IJBlVA650esaHLX7sc4oIKOBzTCByjAOBgNVHQ8BAf8EBAMCB4AwEwYDVR0lBAwwCgYIKwYBBQUHAwkwDAYDVR0TAQH/BAIwADAdBgNVHQ4EFgQU+Fck89/SMWlR9xrJTFBfVzCq+rcwHwYDVR0jBBgwFoAU2nvhvbQsioXgENZrmsdK8frf9jcwRAYIKwYBBQUHAQEEODA2MDQGCCsGAQUFBzAChihodHRwOi8vcGtpLmdvb2cvYzJwYS9tZWRpYS0xcC1pY2EtZzMuY3J0MA8GCSsGAQUFBzABBQQCBQAwCgYIKoZIzj0EAwMDaQAwZgIxAI+3RLCyHzbIhamGz0GQtls48v7O5S7ujPVhLrH9QDJR8m51ocfSoYUlN7b4ias5XgIxAOkQ6PBjLd7+ww1H7Db9iDP5gQNr9JzFMvVykFC0yvnZ927j8Ez6mugNe/TYIudPCUBjcGFkWEMAAAAAAAAAAAAAAAAAAAAAAAAAAAAAAAAAAAAAAAAAAAAAAAAAAAAAAAAAAAAAAAAAAAAAAAAAAAAAAAAAAAAAAAAAZHBhZDJBAPZYQK1e01SkeAaZ9wudMq+70G4ybuUsORmW45U6tLYTFOzYyeJk8tAGTauDA1+SoKLWA0stT/+X00QryPr7TvUns1cAAAG4anVtYgAAACdqdW1kYzJjbAARABCAAACqADibcQNjMnBhLmNsYWltLnYyAAAAAYljYm9ypWppbnN0YW5jZUlEeCQ5MTAyOTM2MS1jZTA2LTE2NWEtODE2Ny00Mjk5YmM0NGNlN2R0Y2xhaW1fZ2VuZXJhdG9yX2luZm+iZG5hbWV4Ikdvb2dsZSBDMlBBIENvcmUgR2VuZXJhdG9yIExpYnJhcnlndmVyc2lvbnM4NDE0OTAzNjY6ODQxNDkwMzY2cmNyZWF0ZWRfYXNzZXJ0aW9uc4KiY3VybHgqc2VsZiNqdW1iZj1jMnBhLmFzc2VydGlvbnMvYzJwYS5hY3Rpb25zLnYyZGhhc2hYINIkaVp12gj7ScJSHPEa7qJEsaTM24l0OzQTNagLR2lmomN1cmx4KnNlbGYjanVtYmY9YzJwYS5hc3NlcnRpb25zL2MycGEuaGFzaC5ib3hlc2RoYXNoWCC668ijXyI6N9IuLEUeV1CKRTDzD26L4eX6LlBDwWTodWlzaWduYXR1cmV4GXNlbGYjanVtYmY9YzJwYS5zaWduYXR1cmVjYWxnZnNoYTI1NgAABc9qdW1iAAAAKWp1bWRjMmFzABEAEIAAAKoAOJtxA2MycGEuYXNzZXJ0aW9ucwAAAAS+anVtYgAAAClqdW1kY2JvcgARABCAAACqADibcQNjMnBhLmhhc2guYm94ZXMAAAAEjWNib3KiZWJveGVzg6RlbmFtZXOEZFBOR2hkSUhEUmR6VFh0ZGlUWHRkaGFzaFgguquRdV4jNF7wGxZqgqXV4y/YrpMZKl3qVyc+lgDYgwxjcGFkQGRwYWQyQKRlbmFtZXOBZEMyUEFkaGFzaEEAY3BhZEBkcGFkMkCkZW5hbWVzmMJkSURBVGRJREFUZElEQVRkSURBVGRJREFUZElEQVRkSURBVGRJREFUZElEQVRkSURBVGRJREFUZElEQVRkSURBVGRJREFUZElEQVRkSURBVGRJREFUZElEQVRkSURBVGRJREFUZElEQVRkSURBVGRJREFUZElEQVRkSURBVGRJREFUZElEQVRkSURBVGRJREFUZElEQVRkSURBVGRJREFUZElEQVRkSURBVGRJREFUZElEQVRkSURBVGRJREFUZElEQVRkSURBVGRJREFUZElEQVRkSURBVGRJREFUZElEQVRkSURBVGRJREFUZElEQVRkSURBVGRJREFUZElEQVRkSURBVGRJREFUZElEQVRkSURBVGRJREFUZElEQVRkSURBVGRJREFUZElEQVRkSURBVGRJREFUZElEQVRkSURBVGRJREFUZElEQVRkSURBVGRJREFUZElEQVRkSURBVGRJREFUZElEQVRkSURBVGRJREFUZElEQVRkSURBVGRJREFUZElEQVRkSURBVGRJREFUZElEQVRkSURBVGRJREFUZElEQVRkSURBVGRJREFUZElEQVRkSURBVGRJREFUZElEQVRkSURBVGRJREFUZElEQVRkSURBVGRJREFUZElEQVRkSURBVGRJREFUZElEQVRkSURBVGRJREFUZElEQVRkSURBVGRJREFUZElEQVRkSURBVGRJREFUZElEQVRkSURBVGRJREFUZElEQVRkSURBVGRJREFUZElEQVRkSURBVGRJREFUZElEQVRkSURBVGRJREFUZElEQVRkSURBVGRJREFUZElEQVRkSURBVGRJREFUZElEQVRkSURBVGRJREFUZElEQVRkSURBVGRJREFUZElEQVRkSURBVGRJREFUZElEQVRkSURBVGRJREFUZElEQVRkSURBVGRJREFUZElEQVRkSURBVGRJREFUZElEQVRkSURBVGRJREFUZElEQVRkSURBVGRJREFUZElEQVRkSURBVGRJREFUZElEQVRkSURBVGRJREFUZElEQVRkSURBVGRJREFUZElEQVRkSURBVGRJREFUZElEQVRkSURBVGRJREFUZElEQVRkSURBVGRJREFUZElEQVRkSURBVGRJREFUZElEQVRkSURBVGRJREFUZElEQVRkSURBVGRJREFUZElEQVRkSURBVGRJREFUZElEQVRkSURBVGRJREFUZElEQVRkSURBVGRJREFUZElEQVRkSURBVGRJREFUZElEQVRkSURBVGRJREFUZElEQVRkSURBVGRJRU5EZGhhc2hYID7f9xFUycaI6rK5fUk+Vle2Qlhd67bzFr8jml8hrq49Y3BhZEBkcGFkMkBjYWxnZnNoYTI1NgAAAOBqdW1iAAAAKWp1bWRjYm9yABEAEIAAAKoAOJtxA2MycGEuYWN0aW9ucy52MgAAAACvY2JvcqFnYWN0aW9uc4GjZmFjdGlvbmxjMnBhLmNyZWF0ZWRrZGVzY3JpcHRpb254IENyZWF0ZWQgYnkgR29vZ2xlIEdlbmVyYXRpdmUgQUkucWRpZ2l0YWxTb3VyY2VUeXBleEZodHRwOi8vY3YuaXB0Yy5vcmcvbmV3c2NvZGVzL2RpZ2l0YWxzb3VyY2V0eXBlL3RyYWluZWRBbGdvcml0aG1pY01lZGlh3ghrSAAAIABJREFUeJxMvUuXZslxJGbmHvfLrFdXNUCADbAJiRiOdPQgj15nFtJCu5ml/rjWOtqIM8NDcg5JPBrd9cj8boSbFuZxs5oEia7K/L57Izzczc3NPYjIAAsERAiiBJIkJRGSABIACAQgqnSMA8R5njnyyDHP0loMgCj/RlAlqciACAoSSQggSUAqFBFCqRgRI7JYa84IApQkQEIyAFStGCGpCgxwf9h+QBIQCPj3IIlkZpYklYpAERyRkXy+nxypWmBgCRHBICUoIquq1mIECAqJKEiCUIAiQiCqBAQp+atCKAa8elEQ/SuAxGBGVFWpGMRiZhRKJZAQIr0OAAUBRZKiAEACiCD6+/2JiCDJtRYRzBAUgIRaJSFHkhQKVV4ogSAhVRUKebsRrCWgEApGrUIJQYIgCoIgKSMgr65KYkQAqxQkCZUAlKRgBLUKhYwUihQjpZKwlkiAAND7WwJERi8tKFIAIa8BgxRKSlIQgZJ/ViIjSJDBWktiZlCaJZJgECIhiiCFNRczI7hWlWRbzwwUliraXAlijLzfzziiVkFMkIGCVLCFiZWRJKuqSiOT5JxTQGZgyUYIsAiWEITAAOC3AkT4H/8ssaqCEaB8LAC/mgTCp0C2IoL9QaI/WSUGAArFr5ZRUhAR1OxdKFVEZORcNmcAysyInGvWrDGCQZVfF0GqAPjUaz+yIhPgrBVEIC4LlVBVGRERglatAAl6IwT7kxBVa+a4ET7WgugXDnJWQQUwAoEoQagqJcEMMs812/AWj0wSZy2gpF7gjACpWl4MCcwEhX2GSYZPhJc/IBQYbZAICYKSFFHTJwIC7EAEAAz6uAbDx0VrlYCwce/1JQGFIFUhkBEka5bY5zKHnVtVLTKSIbSPhCCVCBTCb8WYawKMCFBrnWBWraDfKSQxCdgrlR2TSBX856VCFQIEM0LiquVfgCBERNRSJG1XKhXL7oBgBARWiV4CqFYxghGA7ApAaCGAUh0Pt6o654wgIwgEY51nZkJcqzhCgl+6CrT5kgoJrKqAl1FAQCqJJAO1FjNHjLVWbw7Q0SEZvZtgcK2yS9jetPoTCpDYVigiGEEyRqhKEoEloSoyANacOQb8h8CqSkZmzjkhjYwi11yZyYhVq3yoM1hVbW1s+yGA9u4gVcUMLS81oAhmBGctoSJDq0iuWbfjADXPSQYIkoEolRyE7DRQ+6XaOWcmCO4nJ1lSEKqCwCQolRhh1xugz3JEnwUCEkaS5FzLHkdVSSY5qyLCcYAMH8WIsPHaOQCiOkaTIrlqFZR5AJIWSxHZ8U90qGOwECrZ8XV08LmSg5ocB6qKka9fv5nP8/n5yxjH1GQpkhSXSvIaFDa2gbwndrKS6P1ac3ptQUiUKgggBEmiFJleWJFCBcIvpZIBA2QHAUGMdtdBFKFihkHSjssMbvNdQBJ2vSChjq8Svbb2JrUNHgHsEAEywLkqMiLyfj8RBSgwGoAFA6jlEGnP2Egpw97D+KOkCgQIHzqhvOQF1MKRidBcKzNg9AZGJKS5ijCYoVTJqCpJEQ5cBiTwAmlHQO7QQKqqfFLXWojgDnOgKKlXgITU/luSIoJ27dLaa0/bhj+cMDSwR/Z/SKqkEsSRXFL7CABgVUGIJICyPQI0EGVyH2jRbqn6SAaggOSIBL8VUEsgg4SKQUmrACgZjXjgMNJoEiRqFUCGATgBlVRFRkRou3hKjFFYkCEDoo+M1MfE4dU2X37r/tFkDo4y4ACgQDsRHzkvcrz8vUR4Fe0kT69Z1bLLNPoPhtE7OtoaUYiM3gCfDu9fEUBkglwXHLBn1IZC7TTRy4D+bBnNQe1dbVNeNtuc1JZCMkJ9ViAjM0cs4RgD5FqrX633DgZA7HcsP4LIiIBzJvsk73PQLuByx+FFAwDU9rx7VcL7ByFIca+Hg6DjLWObL/uM+8CHsQ4NYGzXziW8mkbjGTHnauRGgFHe+OX14zhyzRONur0peAlLvYEgGgI5wgiSSsGM3N8YsucWUIrMMY457wa6ezWiP8uOwFBB3mL1n2zs1LuL6187cpZTvEgvAyJWLbVnMzCmqEiCXFUqVfkL/CjVhkKEHTz3kYNzV+QRay5AMByM8Du0Gds4AxLXWrgStGhfJoEEwuelzYi9bSgnp/tPHHz2SQn7BUE0Qunjd1mQc1xWpwROpOyZCAhhj06Cqs6sXpKOPkAUvM5OowxllleAAQHl3A6QEBE2ViMegN5HXRYNBrlU/fHbf1Z/MUEYHAiFjnhSRDLKnlNt9UFqBwMfMwVrLW9UOuuYd5QARo4174KYQ1jLYc127ZOool+pPxOCkS6cHe58ge3TtPe5rb3hBRhBiirDEFWkU2uVwED2Qd4HpzM0RKeshG0zOolQ+S3TFhYvy0ZVBQMRDkrVPo2RJGKuWd6CDIDetb/8zV/nMT5//MkB1amXF7aP1d4Iowdn0Cknz7ZtGLdEZNUyZIvktnNts1EGtc2pvbEUMcQNpIm97MwMJlVUsOYyup5zMhWZFAvL59ihUtuqBEWET4vDNa9QRNJcjFc4kuB5zo4xELmNCCjnQvLRcu4SSwvV+ImZUnMPkSknnVRV1bLfD0P39k4M++G1JoIhRmyOh9wWDiCkqqrGZEYw5l9UUDufyyC2i6VfvNeRLC3DRpKlBSAjg1ySM/k+1UZo/kkb0kURwCxRn38HNW3/69TQ0L8KbP+z3VEfXqJJMP+a3zf2vvSh8SmLjJ1gi36pHf3MJ7ZzaouEEWagM94dp2jvsSPh5oReaD5CiIau4BWvvHJV53nP43j16s05n1YV1DjcK9nujkbZZkaukNyJgVARQQdZqU+CY0hjs80FockcH3FEL0hDejkw+td7FxrVGzX04kRdC7UXa3tug9b+ZO5oA+zU5UIMSKjNyzCDKqHwwhr5m6Offf9F/822HbtjLxaa3JHiBVuRESO0fDijZqE3lsu8QCOHsgvbbxGrqvzA+7HVJsQX32GHJ9iBX88rO3K+oMmOot4a7MQSm0piv9RFoRDRdrm5xVoLRg7NFEdBay2B+0zG/lS2yWxY6LAIbDPlTtEAyAdmw2RGdWreFgJyU+QI0szzqsaCjvs7YrdnMBFdxu79MWFSASpwjGPUKlR1Otsxj42e8PVZAjYojgjUSjF32CYZ7AOvTY7sc2MG0rCg7UNkomGVImJkOmD0ru8X9PnwwZFTpr3KEbGfLrQcZBMois4vI7PWpBFVg2RGJHduByqah+vMxk/FizSQyMhxjBE1l9pfkaQKI7NKj4+vGFjnuc8yHx9fRQxURTAyXnjZNrZ2sOaYI2KYcbcHbJeUDKLRDjeJGw8PjyWE90PhsgZERKggM23crpcvHhZQtJ9DMBS9i5GRkcukArzoPB5uJdVcHeZttWX6Nh4eH7WMZ7ZBL0dAMtlFmz6tIoF0vsnIsAvOYFXjVecAeaQpkuPV48PtuJ/TgVOlzHEcD4KqakQS1CpE2KAcewgGE6FdWglbyS7MdF5IMDJBVCEiuNq1l6qAGI71ZhQRSRWCedxGNfiHcyu/bElhhiHZvqcq4vjw85+vuaoqglUrsmO/ScKIsPsyQ1aSl4UMSYzo9AadyRsAlC6Ma3dZEcxgCRk5xjHX2qWffWYlczwMRkRkSgDKB7ARvgqQN50FjrTPcsXJJheZkuLItUqlzPQDRqSqKYIxjohUVTN2Itgksb9oQ2u/9VLto0AJGJkM+oucoQcjIlWQz3wJ4MgkGIxXj6/Oc9ZSZuhaLLs5E3EOD0JmmE4GSSUZI3OtynGMSKHWKpp5Z9jvmdShl2nDXOjKBghCZbxFBnfpzc4uzN81EwPmMaqpF5MvsRPJpmdgxytk5pFHNb3Hpl5AwX7QVBJBGNMTiMhSYTm5jhe2xIcwvfFkRBcxEbfbkUEiqurtN++fv3xZaz7cHqsqRoDEki0TmwSJCINdgGlv2abj/bO7CTMOfs16IU3b33YRzAG8IatiMDNWSajOw9nehhFzLq/97bhFoM4ZI1VAlQTXLUuKzXjmMdBAs3GAoYF5ZbvfjM7ZHh4e7VIyowzUjH4KDJZrOEJGZKShnmnATl4693NkC4DHwyBRy/UvGwc3mUVXb4zJslEaJSSDwaoiGZFYSKZrQxlp2GRWfS9tGAcWOnNqmzMdUWwcAFBKnwOREbKvQ2dQXZ13mktEEGI1gxh9wF3XiI3kdu0xMrmt3Q6TEeM41lxykklmxCr08ZQi0ERnMkeqwAwCa61xjEbEJcaGj9qgBy8ORdiFAIhgRmaMWguqYG7i70J3GxJvg3M+e/GZXX8Duyiwy9HHcbx5983nTx/77QgBmRmbxW/vnQFylTKCjAxTrRGMqtUnZycGaOKIm31is30Nz3DBtRfk5e/2f4/YiM5pZ7Gz+8vaK3YWY8a1EYfdUHMjjTzMN5lirOayY4M/gOmM6ZtvPrx//+3Hzx8dLMKPfKUZaAepzmK4iwybBGF/i9OjCEqIGLfjts4lKJgRMY5R7dTgdWSVwGCa7RnjuN1uqkWZsdo+kQIje7Oj84edH2SOx4dXa63Gh3Js3NbUm+Llcsw0RCDCkIy9ShvYtqnYzzAaeODKLULbw5DhuNM0uInHF34pzJSpkzDvQ9xujyCd+CPUZscux/uokay5ukpsNNCI3IeQO4nrxLMzDUazqBs8dD5JBpg5juNQ7ay5ZTzXPu/XR9PFKBIRLixEZnJ0Js1OcPxiBh7ilZS1NybApmK5U+f9teZn2fk5N+ztssJOgpsBkHnSbCMXSER0oPQfdqmiiun6T3wlKNppHrix+ZXHNnqyL9I+xyglWZpivP/mmzmXSsdDEjHnMvcTkX6V4/ZYc1UtAFUFICPk4iVhd+/0yHSigJrLvIFtaKOa3jw76HEcb998+Pz5o2phQ4QOA+Hya3TKi37msIFuZQl2dQEm/Yhaut1umlJVhutNteNmtEkb+q6KiMF8/fbt/flJVdyJSC8grAPgPjXbPLc9RQCF2+1hHA/3+/Mm7TsnAYkAap5ztrfLvflk1Ww/1obEHYDAQm1C2vlPP4blMzuR/YpNMhj16xlzF0iWqx/YRHzYwNqDw8RwtLvYdQEAO9tSICLj3fv3nz99xjIy2IVsWDmwOjj1gzo1Aww7aiVZDoR7ZZwsxk7uO23CXgcxgjmOtRZfkvA+3s1nUrJwQwKj6QgBQGKHBkNYUGBm9pmN0Gptx1qipSfRlmDn5MyNCdPaeTu8OEEWUMsr5gXdlRab1KXpcyJfzAx/crTjAZrhU1NqhKRay4lH5sDOphp5AAYJXkNXhFHNfwR4PNyO222uqSozo7bycIgl2QxrlwS0FGG0zaYJ7CDayuSNUmu1bD9NAXnPUaC9lZxZZe/oDsib53CgT5UZxGauSNLl/toZodrjGYwYqvtXDLJfyn2CVrUuK5I0EyFV1dIxxg+//9f70+eH25tXb18/P39ZJWlRQOry/Nb/1FSGESGcV3TgYWcJgZDWOG6yjVZz+b1Y6NfbvyianuyE0e45sSpG1lrtNyxIIFQF4P2Hb+esWjMiyPRRsjUZaDK4NhR2Ss0IieIlmNHmWUNmZ5iWJJU2J5thZZrRDdgO3JHZ9RPsLd2gzdVgrVWX8fTpi8YIm9fk48NjxFhzkjBz0u4lwoHmuI3tEjd6UaE1ppWMWuta2CuY7eSzjZDw0rEKj69ej+M4z7sPzhijqlSlZR5XIdqg4JTXJkqCWKu2IyLTDiaCraeMzWFL0BKBcRz0YYxQrQYjwSuCqx2a9oo3ZqIai8LKQ27rN9l1UZrb8QNUKbJBr/+8Nm55IQ03hXdxBG0Jm2iDc10ptghjzvnx458iMjDUsBFV2iwqM5JMpyu1yvRhQRGo1QaY285jQ56NeJQdYEIbAAQ34tclc0BjVWFrGhptqpDtTy/gIspwE23Ecu4C9dHyQSOhvcZE+eDuVEsb9aACUVVv3ryl8PnLZzJhLpxWNF3/NODe/3B/sjroEmD4VHlLrEIBHWIQ43h8fHXe77UWmaTVdN6oDQkMIApAEmRshr3DQaMa/87mQILBh8dXz+ezqS1tV4ROpgGAwT5+BMPA//rkDqHO2qurcztsqhjx/v3P7/O+5irI2hiSZGpXSlEC1eFPV3IG7PD7khmSDw8Pc00f9K2qaJfl3KOk3C7CrEcXV0hAyTyOsUrRn9qGtMlEe+qOJHJEFYBcc83zRO2cpzPQaG8Ada5Vzht72RxlBWQw+8R2YryT2Y6HvPRADQ/bVOAqq9EJ2m2VFHnkZlY2lN/2pc5u/DqCddJdrOygWmh/T8s5MyPNZYJdobM73QG0bd+Pbl4gENHy+s27IKJqvXr9ala9+/Dt+28//PH3f+z0OmOd9xaz7m+Y86x5slPGnVBp6xMuSyCIKGfS5faA9mYmQmnWYZcFp+r5+YuEyKBV/7rSFm1VRScR23xwuVwScvG3v8XysxLAhKsB6yxGqFBaO2lwrwKRJGPNtdY5zyeCVLQoTx0EXYjae7b5Bx8lQIVSxW0ct9s8nw0+mWRE1fJb9CPVzioLAFdNSZY3fG0O7cLazCmJ9WJj1QSaCwTW6g9Rsord1F23Y/gDu+5UWG2gEIS5lte86wUJa+SAq2gYVevx9SMi78/nx48/as0xblUrkmTqhf9kJ8n9bA1fJY3jePfu23Peyxk0t4pBV5awXamL5l0NlFSrxBIjRDXnsM262dDtF6rQ9rFVv22HdDnCEi9KVWo5by+UdXYjGxo0h9F7UWUBcMumO1zb+C+I4ExHziggoSsnBZFrLoGl1XXM1sM1+vAWesUjuzMEhGptrNv8k4TMXHN+8/7D99//5ve//xdkmqVcq9AqjXPDUkAqGhfLX2tC1X52ZwJbv2cjCarrnFdgaUEEGAW0aEixrYrH7eacJHKT67ldJQhgVcm6TQleHLoq3BuNPov9mrU1XCVG0v0tVet2e2ixRLYTY7DAvZ7KkZKgWqUxDp+zc5411867XFuIEsslnYhW8TuLBAEt72jvTrj8+utffz/Xun95Yrb+y6ELV1B9iX3N5zk3joBqRY63794Xyhg3Mpaq1Rnim2++ud/v85wRXFoxkopthE46avtXiWhlpDeA+8kFIDKjZhWqE1SLvhzujeAT7tlAU/jXGwhgBweLmth1NhDrK9m6z/cS7SPEQlDAw+MjoHmeweAIdGU6vCdMlMp6OTkrb31oSNp4lIaUpn5eLBAbIsd+34Il97FrhuiDFW9ev2lobyLpMjnhOnftnGmD3z5E1Y5J8VIuoyQxG8kDiOTr169cxiGjdqXRkbvzeXenMBamIKcJ5da2FsD4cFzOktZlNSfEVn9eEafBrqz2jia7NvZ/wSemhYiL1g1ezTve7SDTajhdCZ4/Q953qXh7HF0VVjHju1/86tPnT5IyWWsxh1sjmvczVe8PcdLZGYpMO0uGBcUN9/t4xVeZUx8pBxF7CF4/j/7/pgu01eC7EQab5tmripeKhFMFaOsAI8bnp0+fPv8UuQURUuR4SbQAICwVvNREOwbDxA22xLThNS22rzbg0tKa5ykpIu2itGXTDsaOPquWYvOLxpKx+TN1dX2f0AY6Bd3vTygR6XO0EwDnyexVbYTj6qiFnZs96fDslw8gGq6RkkvNsebdQKp1Jxtu89o7XpDPbHhTd43SXCUgSzrvq9ZyfcDua28q+7fECI7My6W3bNvcQ1eb9inGBvH79Ox8EaIDUH8yIlET2TjJZYltKxGIcrq0E69rDwyLE2jP2p/fbHmnNpte38lMG3RsnMhG+mbdmGbQN9TfTrZ2MFWXvHb5hRHtfe1N7B32Y4ARGfnw8Gqe5wbcBMzrkzuX8btcrQER9rYbOvkh15IqRmaOTz/98OOPPyUjIst9K0Wyz/BOyYRwJ8z2OGT1aypePDYjk42TFJfd2UsC2OpMwjQrVMhWj1avUbBbTKIBnVf/Mt/rAS59lc+jipGJGAFWra6XMQ04OpC071EtEQnnVpi/+v43z+ddazbHtRM97bffxMyuIJe7OACE1nx+/kJGBrqg6Uq12zcbq7teTcalpmOntf7w3PatnZZex4+tP8auH/h1qqXlPt9GvAK7qyEiIHfsXaCh4b0JlBwRwXI2aTftYliSUq3681//BsDT54/MNChds169ev34+Pbp6fPGh31GuZM9UWRkBhjjdpvncy2H+ZbCGLmbuWw+0ed9qyvdEOIzj422W8NDh/Cd/ap/hLutCq5eaAtpuhaCK75GMkdEhFaN2+3h8TjP6S7HJuo7zmxP0xWJqNa/7Vo36QamVoVteWYnzSFaX5FRKjb7IMZLjUitXkDXGvoL7X8cPQk3EWcgcK7z0+dP5hnL2vmMEtZ5RqSXspoZC7TQBUx7xfSDBWPXWzbX1S9LATRXu6zJa19BW2t0NQ/RqQKlyJznCSgjiajVmY53pHO9prkacWErTBzeAAbNqDTykApEjpT48Pi4zqkFxG5Asm2UI71rC4GdJPeX1pJUU5FdIK1yO2a9fvvu4eHhPJ8ZUQV2/bQ6sLVEBIiwy/78/HnenzKiyplSV/8uV0QZG0S3G3GLILppu0TUXIZIBjIuVEv69OmnmivHjcNKxdFbYxC4hdobrLVfeCFgYmsqancDWXX2FffdaddaH97/2Z//2a9+/4ffReTutGiG7CpGbcVFhy5RmjPHoV1Mb+OkrkyM4nk+rzndCLjmakozuMWBgC6hg+1eDGApx/HNNx/u9+eOU/6Oq/C0Yxo68nvlg2RVrXPVXIAiSUZkfPP+m/l0uk7edu56VIRF/QxWuZxba61066qD9qZmt4UjgrBOrBMQrDWlmnNKvfAEGvttlOjQtub9w4eff/fLv/jDH/6VMVpKEVDxYijQ6PFSCgQJJ+3NbVmYFCEtkvQeXSFJfIHUbMvfj9B7axttQBJXHud830gDBi+QxpFjDBLrvKsQGWutc97nWph1e3jMI6VguGRqKcNVKmfj+mBmeHrEdumNUdDzEbbyhPqqXmwk5t45BnaBfZOHbltovWjX/9XRUy1q2MkPro9k96DI6EtbicCgajFijGGxHMxHvAC1Rjkkm91oy93g6iqmAS27DnSdXQ319gAA7nRlQ4+Ov3So3UD32kgS0pL20Y7WvjX1wtiCiK3AsV1EgyKpUb1rNQES1aIeFF6ULxex0PXVInl/+lIqRoLNgkamMWrrULI7BDrX4HUqvTAvLmQDZwTlkRIEQ5d4rQ+CgLWmgNvt4WrKcTYbQZVqtrE5OTTOaI68zd8fKKOfCFNCx4ef/fzp6Yub+9HIV8lEpLRQZbWEGpn405JQEqkrU+9wLTDyODKiui+WdoP20B3Nr65OXskJAyyVzMp85cXbEi8Xgw3y2sh2ncJLuWkSQbXmOe8hmn3XTl5akruz6Us4xO6M7PbSQI+/EABESaukhRZccdc9Gutjt2teOLzPg9U0NqhoO7BRu1ax3r57/+bN288ff4ShyQtBEMaxO5dr1V3r9TMfHh7JWOuMZlYcdjqh22ZbZG4fvIPSKjAeXr+iMNfJjsQBdONLpzKClh5ev749PJ7nHYK9wO3h9f3+Zd5PZidgoYiMRAoCq6u+7XcAMsmij2rzN51Tmt9qcsUQIdj5tG2bjV3Z5JSwFdg7GZVeov7e/Y07RLjbYX8puYHldsb9+u0Va0ffXgBHH4QgrFU7JuEl2QqW9OOPP9yfv0SMZloERsx5Pt8/c5fgGq508g0IqHLZblU9P3+iYGSzvSDtnS9g2Xt4EQvbCDOHO4EEj2UAY4xjVJWbkPa8BaYpbrdkcdMswsPj7fbw6jzPKxKa34uMmqsKVXOthbmVfe2hA1vpBEKlMW7fvP/26fkTahcSwejgsaO5k4Vds3/95tW7b759+vIFFzjIhhTene1W6XqV4dTF/HXWKACoWSYz1rnmvB/j5mOG0rBGvK7OFrploMuVbQYwqFqzVFYt9Vb2YfJpdgCL9Gm0cbm6iM5vwtlXMLjFpgCwRcOryjMZekd5IRC6/wFduFeHxGadr580hg4QmeN23AI6Hh7TupZjzDkt4AOkQt4iEGsVq0jEyIsXyjGA9GYhNvUCgPHwcJTWfD6jz9qlg/KcAK5zsoe7MSPWeaIQkZ1RMjx5bJ8xQD25wq+UY2QOVNUqv9z9+ZkoagCrvQNZc8JksUsNqpFxf57qkvcGZ9m74Af176LJxF2jB7s6EIpI5i5cApY3GOo9nV9++OkPL+NNeElSfOZbdBVh0FAolOpX3/3F5+fPvBJib5tzD5fsuosgFVQ17HZ2X8LITnfZYbaxC0EgForiWffeHjYYbznrRrLsTNq4SxDSWUu2oAbivH/+9OOfZtXIsawqJq2JMrwaI4moWiAiupVkrdWoRS9FDtiXdkh1H3Rnb1ao0epVAzBjRPSueRigwGJ9/PxjlWIflPYvHfyws4BNMO7q0yb6HGywtF6/eoewl459aBxIca0rtiPqp1KLbLShxsgUqKrmzdiVAAFoV1Pn/Q4o4mB7Dcx5Bxk5/OHrvFs2k2OD78yuDDLFGsOwAOFJbmZiuAHvxkdXmtwOF1cc8EnlPrBt2A0tkk6SBOyGTBBkRtfliT6b5IVHxshjHOEEPiRhHMMpI6ikzjkj0g8Su9tg6yR22MXFcwPXkAmxLvlQhqpVeSOIoEmfppkdPaMz3LYxD+bazVBGHJsRZj9AbHlIP50pZKM1EOrRh9goGHCJ3z3bZMjNSFudjl0eF1+cOjrXDsZgMnN4VFFmHsco7SlL3InZi+uz6rXlwk5Ki1XrRM++q6374y5eGZFRBphrCwdW1VIjksbDYRXSOLKXoxWK2nYNVyB7NpeEUgSPY5z3+XR/AuAuXCgI5JERXHOOh4c/+/l3nz7/FCAjt1trkV4yEt2zEVrV/MDFoJeFE218zXlf9IZsnm3lwIuJoIrg1ZdA7L3qJGYjx/Z7wm4O4l736JyeBDIO632b8qIptpZf4ZmLAAAgAElEQVR+CssTEtSkE1g7P+4spJ2OxD3a0EIGEVe3MfeUljXGeP346jyX1F0B9lTatcarVzgiaykyn+9P5/05TCabc8BuirsqsO1LwexDYaEtI01qdv2grvUgEGAZG5lj0uzxmvTUjlVrzf4a7eSYoBtqzQwVxpFSrXle5+DzT39aq45xABDK1qzqAiJ7ygRfCnc7fbftebpFt76l98o9YhvQQ+5zc7nDhoF9OLCnLmJzIATIbAeOjhA7EBcZls1onmNkkKtWi+Sm9RE9/NRUIFyZ4c67muogSmEBKLre4lCy/wvTnYm7Xc6eCCrGcPl7k95o0gHN7tv+M9KqcpUuR2cnj9iDc4Rm9bGDF5ARzIDkku4ly7L9a2fa3Nk4dmsKSCpyBKytJ9ZaiWF31QRPN4w1TibQWd8Giuj6Sf/ZnOf9fNJakcNHtGp7bnctGle1xgi16nh8OJ/v5/3ulncyIlLclIU6KqrQVISPstU42i2+q9i4rF1F5JCWZR7ZiKSi8UDiciK2z1XwNK09wbBNwQFIL6DOzsDa0szcIasjNNUqXhNMcy1a41XVKmoz1hBiN8GUUXXr5quBvVzJATYpCb4URUId4hhVS7OQ8e/+j//w46c/ffzxj074QK1Vx+2wDR3jcGO3Ed32x+3ncrR+zPB5lZLx/PQ0n77cjhvAgmdIdW3DbBDBPMbllp0GnHM166WdtW7ggpZshEFARKxVPlYW4WRExChPmQAYaQ18JuQnb6jquGNBtrwy2jgAuqA6r7jjs6MdOujxqda4k8FwfclkbfRJHXuOjU+/LvRBokWLcAIfS+vXv/r+x48/zvNskPo13ujDRFzCFShHohQxHl+/MlnmqaxJNze2QsVhPsHzPJPRrTp6YfTcUaFG/tx9X9XZgRc83KcYKPziu18+vHp7bwhrKUUbpcmah9ttjFyr6BGZqlp69/btw+Ob+/NTpttKdpoCqEp7jDCAaJliqJUg6LK2NhDCV2wGAOF8uh9HTxQMBvdEuVYmvMgxgoyAIjp37pDt7Lvw8z/787XmvD+H+7bbCTKcirTIoWvgaGL95TEMlhq9cPdEXB15RIOE9rG2F/OvjZ8ixzpngwYGk2oipYtU1iSX1v/2N3878vjjH/8Qkeqhk/tAqil4P0bnW+oSvpndPTaKPZu009SdEXg8l7wdRmD7Y1BhE955OH3GpMz0q0kVmZnZLedL83z+m3/z2+dZX748fSWi6AfamVW1ZKM9q+EpCdC4NK+z2gXk9prFS6PBzVjvCTy8GJBtbc2qtrDHRn7JkjKyG7pQ85nMPdi2pXhNTG4PH50d2rEI6TTWEMLgspoS3GCwA0Np3I6MBLr0YB9uXmZ7ntgho6tA3tT9APXq4fX/+jf/8z/+8z85dWsRzoVcCPRoEBc5ERl+00w7CbNGnaHIeHa7paARXQA+MKDIaookIhExRmqpG1BjU9NFAHkkqhAS0pJv9PH0OSeJvCbPOizH6PkPALDkuNmUno+Z22obisfOXLv6v9N59Di4hAyPrIaI6Cptuxqfw8Zo25wINFhyjSOPQyqL5SLTYoaLSDDUzhyoLnw3aNqu1xacg3m7+Tml6oKgduYijRwI7pkkOueUdLs9dO2/535Ial+wf5mZMY7hsa7JXLW2V2UXdvedAPu09ENbGQXI06PdP2BQt50HrF2ugiu9REkrsllhEHDBdOtMtpQbMAgVbw+3AuY81zl3GQYqRR4qjIcjI9ZcZp7HLV+/eXO/322RdgS1U3Jvup8txsjhkXwkuM4ZnhjD3h1AeYzMdGdM5jD3WRsLkozIkramsJGBXV1ZVtjQ3Lmj3n/7/n/8n/6Xf/ynv7dWOEZS6I5bQ5nItRaruiReuxy3z4XKY9HLIqxanj3uRjcFIobTsEsuIriBde9nQ1WIHn2z3XkHxrS8Z282tpXrgvvaeYTjWG5GQm73jKRmqRRHHg/H+XxHB0p/dbRYIKJaZOEND4BrVVUN19p32b5hAdSTKf2quyLdcTGc7fdLu8HLS9BiZhtyFWoBGFaxa3HHiDmLrON2mAWUDOvdeSayeqjxDsKUEGFKR9hhQFtkrAVB2cfG5r2WRz3ZKAKeHN+wcMX21EB4DkwAkWGZQfuoPoB0jSzcVguh7+DQNVHM58dDyTqUoKdZX/XZRoUb3OTokS8WBKMQQatuNtZz7Cu8tImz46+UbtHN+N2//P283z1NIpMwThVArLka3zi4CdUiIlTV8BiuztAJ4ThGZo5xkJzzjE4OmidAiYlyN/aIde6mAKJ9kQD1UM6WFAK2goiouUrVDdEOWFUEY4yCak2nq+t+IghpjDFuY63KMTLDA/eCPdBau+mfvnWk6kKM0vIR9Tm6NGVtvsEg1lREiKilGAkP3vZx65KzW7lBpoTCulhT7WlmmeN3v/8X1Bwx9sF4kQW3Mt5Ha3usBg2qBdWauEpIbl/YlSMAua0K5NrYeyO9jrABaDfjWR94uz0sYVm1WIIqRi5VjJDq6ctzD/rEC6W/Sj4s55wgGwtG1Kq//MvvX71+/OMPf6QnkjoWl2ekR8u+w+wPg7HUY9Ao5jDFZpPvflAGVnU7VndjEx61tBotdU6nfVCdemE31e+cRei+Ff700w/nfBo5dvXbZ9YnFJ6d0Xm69RkEM8D20R2Vd2S3w4w9SGwbEuG60e4ycGbRukEzIS2X8pE1BRslMfK43ZzA/fHHH376+BOaTRS7l7JfW9pcZoPGjWyclWyQwN48V3d7HJTDTROguzaEK2HbLbP7f5EBbanmWpPCgrTuLAo453JB8umcn758FjyfSqDHTFkhYtWWRy/sFXMY847XUjt2Ob+yjL9c5wPcer7ziGaK+k+27LvZYfbe7854OIoRHhy3ek3I73753X3ONc8cA1Qtp06eIgapr0ApycP6cgS7EVkwIPaiqxhR1YpQW6xXc8611urRDqsHgKEx6uYb2HREsw+ebCEJPGv+9OnjOc8R4ab63uRWb7gkwkgQXw0zcOmla5vsTd5l7ZGjpFqVGY6hF5x1YqHqYcZaWkvgnjzbqN5mBwa0BOn88tkTACBULTK76ItKxoFAZK41IzPG8PjWbgs2Or5s7SXJ44aZaDTHZoZMTLrU21DJ/zdiHLcROecJ4TgO+DKdrVRv9GP1HHdrvndhlVkdlXwZDYwVHPa7uKktMSp3RLlxEGDVJJLMmmtTHmzuFkUyR3TNkTSNitWjzdcqZqBmREQOrQpFHKl+6b6Xw/a6NFsat/W7ZLz0g1x5NawWZSTjGOtcaCpic07qdgjKFQpGElDkoHi8fk2q1hpu6NwuIpgZ+fDqYZ4zGuxj1aI2ymv1EdCoUVXl23bGuPVmr4LKaQyZfnb3fFjz6Jyq1ipPn3DRLQYZqBPSiGFzrdmDu5wrd4zaMlIzLKrK43jz+s3z85c+cthJvTbUVtcUxu342c9+8c//8g9GfmUNfYARmb4KRJHueulSCJ3UEUzDbuaAUDkGhYjIHGstiHnkWlVr7Yjfyu2NWbsJcz9auyiXDjOHJKM6r08EtcwHbPISxJ5R5qjS9SDHqS79+kabICJH3h4f5nmvrsE2xRJB7jYvOKpI6tHgjIiSfPHNGOF2B0S4sklCnh3lSTV2arzYzV6yHCkqjzHPCShiGJaDTuk5Hm4EPF9xLWSmT2gEzvtEBOgLuQzjsb0+NhRrk/XovYxhvigirwuAdgrc9JWrTD0qZyfgYbQRZHfZuuyzIyaas+yw2kbkElCXpKuH+2vT9C2Q7sAbgYgR42I/1G0bHdo3vqPNEUQwmdQ6I5IZ2HXNzYxwO5+2jaoaY7gPs+b84+/+hZIXz9ApIzOSwVpFZrVCmqRl+qZFhuep11ymip00iqpSZBbKsy1BdBFDUVWPrx5vjw/35zukDLazMke0i37caMTDT3LkGMMZi/Gz5GGmyIg8jvuX5xxpIYmf/DgebrfbXEXynLPZJHMpWx1n0S8JT0iUFAAzpAU2LdJAg53HtPcDLFPJkUIhuJukfYHaloc6UDgnBn/1i1+tVWuetnprEyCOMdwgKLQaoSl2OAO0Ksm4QLnJZwlaK8z6d+VHCDfQxQWD1IFZTUaiQ9A+F5tbIaWi5yx3kzwvztVW/fz09Pz0fBw3QVXLV+blbUQiyBxDSxIjKbHPRMYPP/3www9/HHlzctRgzPl0ZKQhg7z4CNWsd+/ePj48Pj998WJIYsa4OEOtltLaVYbcjoUWjfY3qIdLs8FE87LOj4KMwp5q6k4AJcG1VgyqKoZfwz8pP26PNekY/hJbd66xmzHQ0+hb3Mu25BFHkyndhSGCteTWTH6FtZ0R7xKU51ig1gzwPM/uZPL9nn1n00YW9q0UEdZPJ7/KXatNy0Z/taeI1eISNnW1nRkNtnxKWi/bR6KT5V4WIoKr1r/727+V+Keffoxj1KrjGE9PZ7UAVpeeU1oxwjMDjsPyoRUc/lB1TaK/y6ycrwTp1BWX5Ekg+i7RDM/T62rZTge0gVCQtadgBrs1XJcjd+KFFZlznrUKJFY5sdo1Cg+H3OEkzX72v2triYy1yFhrRSt/UOjKZJcu2b58syMNfNFJOi4obMfbi44iwODT5y9HHlWe2IaNi0n6zhZbZTerNf0HSytrH2lAZmyVEfOct8cburjlwBbRAyJtK3l7fMgx1uzHvMag2IXsUekFX3K7h2qpFeDr9vD45s3rVSsjhmo+vH79H/79//X3f/9353m2zLFrE322v05ADbx7jAcJeAoObbJNiHWPYUawuvK1qm9YZI7IkWvtzd5xsZMbCNTbd+/yGOf9JL8Sk3UvvxnYrk9H/1Ynn4JvN6a6KWZ9++2393Wf9+dW3UTsNpKOcq3MIWt5LOC2FLSoPqOh9sjc1FvbSXMN9unaxSwHz9p/2bv+EsBkigBwaVNkT6LsaKF9RqF1KUHACFFzPWsuz6t6wTnqmx4fXj8sLe2xutu09wprpwy5N22nIuXBA6o165ff/RrM56fP4zh23t3jr6u6WcEKGkOoIKT68PPv3nzz7edPP+RxA+TI2nHQz5nDlxm1nKQ10GJGrTXGLY9RVlyYVU1mjmAazszn53/8h//scFWGUKv6lgaJ4Kr5/ttf5HHcn598mCPjemkUaul4PI5jnOd9TQUpI/VEJ0x2960f7ZPf81aFSN5ujx3LKVBbOSPUTuCvlyUFecb/1ovTJ8JQ0tRF95V/jXAAkGvN835Hj5aS6RGpDCs77Dko7Zqj2pd07DG5q+5aATvHtk7Zkh7nV6YcL+tMQPN+93Wk9p6RSbC0EiRzrukEQ4Kqxm04RNTusFQpk85XLfBtBLTRsgDfOOujsAdvXwe9nckOUi6ih1mJHj/K7ZasWNvch2ZlRscJuXWhAKU7ujLoexz3lzkRyhwvJ6SLUooj5jlBSBW8yn4kPUejq7IlxBHcuW3VevvuHTLOp6e4RKgiwXEc7VrMApCRmWOsWaoVIxHMHKtWHoOkI9/SGrdjzTMyw7vfjYk+XrY0e5trwXrmvUpzLgE50kWYMdzcHAJL9Xy/s7D7M7eLt95vKZKRuWZlJKi5VkaWatU0mnbFYRyJUmZGZuMLQURGljRinOcEMdeZMbbKAQVtHlSgWIZIjIzNKgHgyAHRCLXZfJUKkYmFnXWbfgKEaklSWOnU7UkQdzNDEXPNue7adVaCfROllg35GKM82wAOmcVgjgRjeT2jsbKL5BYRGVb7WO4ZiC6iaUdSQew5fboCa0ejjJHpsdGrYUPt7hOybRioUka4fOqjDFqHKYmrpzWQ3p1aIwfU43oCo1DddrmdDskc+2LKXTGliOBa637eCYwxJEj18HD7xc++/fFPP0VkhMV3JnI7x48xjtuttKLlSGY+2CEv0LW3Lmu5VdKK186KWtidX3GxVWzhLIju63Oqzz3idQ/S7ct3VRjHeHx8XDWZ2RhfFJQZay0zlbYSEUBs/pododSLA1H0pdRREk3KNlXAhUpzRbs26PGIgc7DrxkYDS5pjAFdTavclPCO+RQ27NFXSisjd+ysivszO4vbKA1u/1jIz0+fZ01ymG6I7e78hI1OLGyD1jJzWuEcuDQebmOMWgVrfoO16rgdR45zrd2huzt4NrZBhMRai/FCaXmIQ2MYSX2BxoatpLUlJNPX0YACn54+qzRybDv1+EQeRxZR6zyOW99gaIl4r3mo9rU1aCb/Zx8+IDhrdoaKfnZ3FXeEzSZ3tKmFK7G5EnWi75uKDAOgyFGCVCQeHg55mH9riArbL7EHrAugd68dhP9M2HsKiY+vHx8fb5+/fHl8fAXAt6eT3GImjCNRtVaZzrL1RWuRRUJr2a1JXZIA6J45l//Pc87n54SCEa/evv7225/9x//0/3Wja+dDiN1y3lCzGYL+d/Z7+ohC8LRXI0L6Unb4Zmkyc9SyPEZFrTnVJITdZ2BXa63HKmqeJxqGLSvgbW7dg0Ii9vTcarpffl3jx2q50/sP78/nZ20222Rc7EyO4aKw9iKhkXiE1oq+14LSkkAFt+KukYf9LrcOp2P71dLV0Iqd3/T/YAMJXzrZtPxu48++TMpqSXsTdIEVZgvQV9v4+jBpJH2v0/3+rOUUzU5hc3h9WXVAL9dGmpevUkGocl+dwFl1Pz+btjCP6RlLa1bsmhVol2FRZ5bWuw8/E/nl04+aLcEJRux+V5tK7CaPTKjgS6nO81mljIwcWntBdgF1zuVl3LWurDWDsQvA0NrDGYn7/HI+fwkksS8/KnBfPeQ+6fuX54xjY+U9ILKktZixVpHo7k+3bpmtFKrKd8XL97uBDJqkvPwasCudRqvMYxx2IhFjz6p6ebvuZiF5EUitjGnC2JdiGRHZXarK/3Ipqjd2NTejjLRt95jtrwVvtruu4l70TGzaxQi2Hl+/m6ie67YKwNL6xS++Y97O85nRhbKqlRxwKcnFdGi5NiWe5+kIN2ttGVV/lXEw3PVlJU80eYZ+qKbMKRAIzzDJcH33ki8J8pTrjj0WM1CqQsaqZVuKpiaM1+1T+qiqqoAIrOo2lcfbY4XoGXn9TPaL2Uxdp9bR57Js51s8Jr19/+Hpy5eaBYUNtzufoVWVDMB9zJKQmWSM48gj11qrpjslWp8GvH7z+re//evf/f539jvRdUXs8d42XyUjb4cHFPqeMQ8xzO73EBCeyYPO6JE5IE8OKGWnJqWwMIiMKkRgHMdci4jjGECstVxsktv4mEtLAqrO+/3x9QMC83nGiPl8/+Wvf/UXf/mbf/4v/8iIKkTmDu5wnxi3x1fzV2qlPlVaQITnAF715AiSD48PETHXevPu7XE7np+e9rCBDqmg281bz5qxW4ojiJjzHorILJUt0te3gVZB5K/+/Pv7edac0CWDa5xoKM8I0Q8Jj2TvzMf52AZuLgXk9gib7wq2AfrvWyGondWC7fkR/i9bMgSCTmR2u3OJnttLZbTzDJIZSwV037xFg2uViXbf4dRQJn0vgVToLtTmwiozUVAh4uip/xHn/fz0/NlUtOmP2qpYPzUZYxxrndKuXUqbp2gcDF2H3LcxMogxhv820mjVaoLOFEg/ok+9PXdndBdAlmq5hgVKPI4B4n5/DrZGvzkR9nxqNxx5wwSIlSMzY8tK25KwXVNHzb6G1Hpt7FhKH+emMeAcGt3PdHU4soUg7Q+9Fr6aavv4jXM62rdBx4uISBuzg3GNG3F3Yvs31XE8fPz48X6eGbHWRAOvqn0xghgNvPqGb5E9UbtTDjLCyZJ5W2dwnRKtuRruOC/bIaYhVaObDbPRG7/nQfLiX7FH/dLqqUhXFO1Ij+MIj2fELsxLAa6ln71/8+//z//9P//jf1nVZcPYKVB3gm1yy7KfN2/fn/N5WQ3VJw+bwug01aa2a2Nomkl9ZZWRnqGhf65ZvKV9USFGjsiY67yCE9GZNnv4Ulsqr5LgRfv1npKM836/35+dDFYpYkTGnNNimSrNWmt6AjK0p8nvZbycFH1hoNk0ohDRA2w9q53MiBtU83z+T3/3dxbCofquMlwQmaCn6Tks9CY7lazefl1pIPaPS4W4xV/91X/z08cf11o7p0afjVbw7CMjRVxJP2suFJOj5bTsnk6XAju52rkJo8mIPoJSHPsyEvDjTx/X1clHssTs1da1en4mtJTCwDEiIlPlAc/jF7/87vn+vNaZww6lr5HthJHqRraekY5GbFAymyTYHOLIEYgxOM97jNFqFp+6Vq+3Z2u3kARg//799399f34+7/cYLsMWw1OPxdjjx2wW3bWw0d3FxnTmzQjtZh4BoIKDFOe811wZQ6g1qxv++gaUBpK+pMyaE0gRx6ePf3r6/EPEyDHm7Ft+XHY3gKu13G7VzKFFKZ3+0Gnhns/Z6p0qYTXF3ckKlNm319XSOEbNtbMSBlJTGVEo66YEPLx6YPSk/xwxn08ynXK27qUpGb5+fF3cNAxTgvblDBERHLsaWPvkSn3xqi8buVybLkuf83SN2FuwygPg5OwoyUt+02NOLTcXygW7qsCQVp0zyIyxZw1gQ4Ik3TjZ8Pj161dm70yo+UkED60rLaeyanmSCOwJthTAWuv73/wbSJ8//hhj2DLrnP/23/737755/8//9A8iKWZGBKurkMoRpXr18Oq3v/3v/vDDv7YfDY87y7ffvB2343x6ajaI5jKL3RZPXVV7RxUCHh2MdbvdJLufskO34Nu0a1sPBE8A9qX0O8uh26sd8H2hX6fo3chRYCYhrFrwQJ7Hx3OdTnqNN5quwY5jtir0V0dkRlbVWvIPfvr0UbVu48Am1a3I692tQsRv/+p/+NPHH9acMOq8eIE+9jQ+ZIz7eX788WOt6Wti/fW9qSSsUYkkeRzDmTPj5eE3NKpIp7RBcs4CkGOEW4J8BSEARDPWYDCxFMd48/r109OThDdv39znWXNlDjKqyhUtihwuxK4PP//5u3dvP3767Gd8++7tWvPL0xfvRbpuWZuFuSZ37ffJ7BryOtdv/uvfjtvt46efMoKBOAagtSaV33zzzar5/OlL5DiOPOfp7rrYHImBsJtYnUVaZJQB11VIrLXIPeYoQA+hRUr68vRprieTvjmCEWs5A9il4RYIcd8QIhLydIRm+PAi+fIlkrUg15BbVQkpR+wjyt2U3D1wG1z6X4tg5nCVtiXLWzNpXofgmi6fUh7FG7HmXWh6bq3T7TGjgR9qAUIMorRUY+yrwdOBoVOeqmr/L5Vwuz18ePfufD6xIZeJRtNNa61VyzUg59yiB5eZ9uhyRr/eDpGAZ1BqrmX6MQcZwOwivLn03JPx2JTnhpd2dOpBlpmsHo09+x704If3H+73O3qaTQb6yrgdbBWMkYMRS0va92zZOECXL2JXfkw8dhdrewVu19L6UVX5ptPGTLshbU/S3xoDWXZPEA8PD0ZmWvY8Pr0wemnqTXBnzsYMLejOHh5HIseRiLTPIC/pJwiG+g4xhHVcpNvSd4nTBImLBvM8jV6qhOAYPoOOrc4J6H4B2cnskT3eILNv0aimx3JjN9Z6JR8eHsjwjXUAqrrM6DPp64xKtWk+kaw1/9vf/lff//kv/+//5/912tc+0zBshxIbSpCB+Pj5xzVPB6SgZcspYjO5LRvqexnaZSfQh76pFmZGLCtZ2FfuAIrs9GDWnPO0b8OWzPeuGSi7D1Z9KjrfDhB9Y9ROZvvcLC1I7r3uYo2VQC70XWSag/euIfi9G/t1C3ynHGjEF1aWZDCrP3cXbriBwEvajp1UsL0GQQ9XVR9OFCPd3GZmi751aWGBePryKWPsDuduSCC5swY2HbDx/FbIqNBzxPqFfeFgH07uVGN1elqFbrcAQd8SfzEzzb7smVcA1lpUkhkZqkIVx+hT0EvXxTLv6MI6n5+ws5bNNFRzA7ho1jbTtkFZ7NtEvq7UtxTJx8e3c60AMxu7RIbgMSZ+iI1OW7rBL/dPcz73mdkcmtSRKEZ6OE8jLfPuJpx8vI1obfftuwQgRyKo1XeudXa3pZmwhtikDd0XyN06z4wwkQNElaQVTIFGj7NWcyrZX9c9QX0PtK+q4JaT2qpdN7fCBwyVmxDY7BTJ26uHiMD/T9W77NqWJddhY0TMtfc+95E3X1WsKiaZLooPUbItWTRsWW64Y6hhQAJswH1BDX+A++6478+yDcOWGhZICKYoklXFZD3ydV/nnL3XnBFujIh1rpIAqyoz7zl7rzVnxIgRI0aYjlVspy36KYifK2pcK8CQ67YiVq4p5F6jyqUCC4OZ+bPnH+3zmqtVx0V5VNjVp10RbIVcGQBlozbrAO1WY271I0BwLTWvIpmail4pjC4lQ7PdZS+qncZZxi/b9sMf/uT943tW2OzxUk2dlp1U/a4Va66b3E1A0aDSmzlJqe0pow4IinXlTBDmY7x+/e39/Tsf21oZGUnbxvjqV7/4+utfjXGSdl88qLwq4JYrnL5ynk7nd/dvMiElQ8kXMtfc1wp1TlTE08zMVixRjw2X2DQJEtjG6ae/+3uv37+Zc692s0hZ6k3AnFjHdSPAml8F3N0AdcbIcgjqSSXplRgZp+3kw1eE9MPX22MpWfNQVaVesiT3KgqtjCD1L9TqttbRmMHoHlmyAAnGRLsaDYg379/EvJm5OiQ0m7cgcbmcb/vcxoipNYmBFZH7s7vnK0KWAnp0hTzIMUZkrrnm2pEYY8AQe7D3DwhFKPDUrh5d8Ig5d3cnEDMKjBSSETfqyHy4PuaC0fY5I2LzoaojW8WQGU4bY/vt3/nil7/89cO794S9evUSwbdv3r55/ZpN8wAZGV1MqVGch30YjRGITHdPcsW6f7zPucRrArEQd89ejOGv33y/YpqNiHW9v0pLtVSEH1yAoLhodSlMpHJhQuwQD4Y1m+NFRpj73JcIjjmXucmvgVZX1Uh86EOt8W9RBjLvJJEIDbQ8pbNK92qpNQNeZJF+/hNfipTgpC6EWgFARLj5MI/AlORgP24AACAASURBVD0wUoNJRJ5Op9Oz05xTP2vl+uOffnnatncP137AuieZx6ibpfuotjKSpA839xWNGAASPmxs1lAmb7fbbZ+VxFdre2iCkhHLzE7bufY11Fqr3pBdWSQLsxePkpmy8ahzfb6cDNz3eb5cXr366OHhAR3yWCqfkqRXO4E1ZDl8bOOUK4uYK34g57zOmF6UdYpCDISx/MjNfK0592mWJWoqJAsQtfUJAMrLxc3RuDGzrfPwpKAQ9nU/Xc7P5tzVe0ERCiU10dC7Kqkxxn/9X/6Tr7/75uHxsSsaoWwe++11hpSKWeqDFoUWmiwdiLRqtBTK15V31mbSwjBdFVS49WJe2GShloofgTkKZcWKNt/EAWjwhMHz2NBbR6grKX0RNkQBSqYi2d6IDNc0f81Sq8ufNOfx3DLd/Zfffvtv/vwvNh/lfCb7fCsVPxLmPCrNPlRlbkkQCBqslq8XsckDyRH4YHmwjpe2BKj5htaNHzi2atGqAC3q1fWXV9cPwLHlRMgw6oJ3VyfVTzNXrirZRszq8+o1JPOzT3+wx5J09qmGLibiw0CCWowA9Tso/reLXvjhDMomQ1iqfyJXlkNWdpTpZ1kPRjV37+EsoXK5zFbDynj//j1JRMilB82iSH9SIrweDYN5nXzXoinI2bqIV0XrrAKzmuhWR0n3Pw09zaiPGTYq01fHzwQjUlQcyMvlrEEwtJ6tChUr1GRgrtznrUzl1MuJzMymX6vC6wYSj4Tjw808I3xoVFQ3iYjwbXz+w8/evn3DNP0cLXtvIMlM9UOL+CRo7vv1KghwhEKNEqJ7TQC1k8dcRVf9XbTnidCv2ZPozGhuiL1KWvUFK1moaHWPWEUOaUwtNU1RcLViuTKMJWDDyEHkpLs0heZ14eTUUXm/IFMhUVa/r8Rl2kl/kCxjeG/QoQ3OOdd12vBO/yuBYV7XWOnTfO0TZC1wI824VlLYMSs/RcCYj7eHue/uA6Q8BJq2ZWls1Zl327atzknXS2ydKwD0/H5/s/qPur9kIgPrj//oP77O+fhwrylv8rDjfFJ/uZvBYXj18Wfv3n8fM2n04WpQQIAj1Y6vReQRYeZl7WqpOWgZNNajqGmH/CB667sKjxAJp8uaRl9tzeVmbvIWhIxcYi3RoCRj1c16/frbcs9XUCONNm+TRprnWk10sLQ6ZBUk0Xijy3U3yxWv377e56NzELXtCzDfPCp6MCMNTveDJqjjboyVsfaION9d6FgR5jB3LdqUZcmJY8XisUswK0TlWt220ctB4Wmhy8p/qHdgbfFgIDhOmw+f+61yiCmhmOzCSFtrSTMUGWoxxwwteLrtc+7T3F59+tLNro+P43SKnJUm60JnBnIl1frJsC6rYgbkcXK0o/Qdsj47WvqM7vxEaKaGS5Ntbk91KXl09HXc1x5GjIsjc86ITDNG79HcbzesjMwSy0UVijoHEUsD7mo7RrIlaEq+h4KGRr/dbrmmHEu0aDzm+kd/8ieP99f3b1+DzJDOdZj1WNFS40GMoIp8FnbXK8xaFceG83zi5zRHgVLQ0TJgPtKgQypTOzNo5MS6zYIjXrFOI3ovU7kzmCFSZjVifzXLUcm7Qy0/ZP/Q44PWhW377TTmKK1U/RLEWpmZp9O4XXe96TQ8v7s83Pb3D4/kABSxhWAIgG4q5i1lj7YSdPdMyNXURCssXWTst5mAm+8rVMs2xQCjxHgFNYcNmq/Ys/m2p+ecFegaJ0vPRjfvmX5D5pwrlmo6kHm77VllBkzrxjRV35Jrs15Lwtz3BU792mw74FxZYztPCbEyvTE1HhW99FDhXm1fPf4qnuv79AMU2i/leaGw7DqBwwnONbWjUyeKRV5W1tSgczm8Ab/65jcSxB5RRyCemSL6dTi7+CzZKsnI0sHmCiLdrCxB2V0B9XRMHyMr21YdKnhOCplk6/GzXlsyy/NNmM0HcDheNA91CFgUQvUBdBX6JxXyVS9FNTh9rbXWJFsBDktt9UIg8+jSFKueEbJjjjBt4WAJidGNcVGrKv5VjD2J8oSj5PqEjN4UoYm6mjJqJRFQTZunokBpZZS5VlmCsGaEGOVKUp071mC4kEbWhJioOqvlxZVX0kr7mKfTWUI2s4PDIKK6tUtd4IhkxpoyLRIYlvd9cqncFTZEqC1g0LgY1PbPREoU6eYbCpGofjmozYLdrGhRIyldhDab4awRDYO5MUp1BKMhstKJx8xq/okj6OklzSPo9LMCSrMBxx1NZFZfwtyMXi1Sg8nayWW+CK0vRR9KVpKEbQ4VlfIJ1dpq5Pl8cbPz+Xx3Pu2327ZtmchYJMW+6l6lgi8JY66a2iyHvswOEIK9vWjNql7WNRjua81kizTk3gqLtd68fZ1zbeOksaQDSoKJ6OmaSHU2zEvQpuRqZhIQ+yY8nVnLz/PHP/mdjz76+M2b7zUD5+rYVeTLp8OZqjMTpFCw0btCUKCSNxpjhYKCypguEwxGrF5aUPUC1x4EV85/+T/9z1/87u//2Z/+67FtOpfVdhebmsbaD3LwDSgaVbTGh8uVxfuauVnMYO9K7VYXZO7J6nUJMBidYl6V/DX6nAhV8+a+1lKFZxoCc6udEoqJEuKbsSqQJqqrwFjuHsESE9cHr4eB7h2Us+tqIxUmZKFDgHh8fB8hbUcYmteJIimOVETiu+++VpmIjHY0f9p0O3qZq7oyplU4yHZWlRo6fDBXaCbPmiMFaTbQI1QaqLLhK2LNpAht/YxIOlPjR8MI2igtnZvnWvLh0b31bSvGrrwFc93m5cXzjz766P39G7MtYiXSzXO1IpooA6HGCpBoKl1ddz38qFysplMk4D7cNZrzRBWg4AaIGlRHNJMP/Zz8nd/+4t39+3m7SoNklZ+7bDa6OdpEv6UXUgmGdL49DHfoAQBgrSmL+uFOF0gHM2307DVZWgeSUqSB5rxeryuWdn6d7865BOxiv82YSz0cPiWlY9qo7xCpEeHap6CP05vxBFMiyoHYNRkd6cOYZDehZeno7inRQkSiVAd6snTOfeaUr78KP6659ttNH2NFLH3urIGD0DkkmJSNL81iaXw3RU2YDaNFwVHASjWrBrXB0/D119/e37+lkJjKP8KMc1+NidmHkFXMNCxQHrMPjpbgitG6EO1B3VRITNLHaas+Ya8uOUyKIQFEVlvoiYlWqGyYmEAG9Ww1LPiE9Fv/QyHAUB1SMlKNMmcgQz/ZQo2sAqKVeXLFGJu5z5W1NMM3Gg3+3et3D4+P5zHYog4qRZA6KoDWuMX5tH3+yWfvH94LLaLvmmpe3w61JyAczUPilMJeoryEIVbGmrdMSRa6zUFWPi+SHIVxQLfhxqiTBirrQb8F1+tu5LZtlYJRMSKrJVJAtkG5p4aOZEBBIIPOFVUia99IN3fRdGgxH60zqepRfB8qiEBsYNSkdZaW/Kl2g3UVpEyAlOcwKRQPlJV5AqViLuhtNpj5+PgYKzW0oD9uNWEcRnd3o3yCInKC5nSZZKTMhVtXFbkydNhUKqxEcRPI4+w97SjUUazvVPML9cEyg5nmWrJrmXk+n+q5JjcfmdFB2zVGnKi5goq1uQBoGMm9WLdO+AZENWkBP40EhvcIU5XyMJbNWnU1KQWroIussav7ClB7oHQaeCSSVEsnzX3tswLjU8lNHhatOP4J2bDZyWhdh3qzdXCrKkFdmY7G0nSZ2dHhq5KOkJ6xAFOhJlEBSdqrjz65VgWYpc4iOXoiKCVqtTlnrnAbaoaxZJulUZQvj/Z7WlqJ3xPIp9pPbJdDc5HWAuQP6GLB9BbPPEE0qaZwrJtOS+D07GII56Db3BdSTRnYNrxglmyGdStMHY5Uqj1KR4WTjBJuqdzoNk3/G4xYp8t5zR2osXY9QkWW1vzIliULT0Lce93yWCth27Y57OXZXz579vrNWxBz7tKlUCGelqHvIjwIQNWjWhNyUtGTiD7OBJh1s8tTKGsEFabN4ca7u7t9TgYAT73AunSiHKSrKPEca8I1Aa7ZmwL6XakPrIBFq66oHF3fvf0uu4Q/2I56kAUIlEmLc0YP6tiwzDZsdJrZnJFiBmqXFkqPk2pZmfizsvYWecy8zfmrX/38+2+/jqTadLqkKU/3WndoY3BFsBNMZZUsYV92QPUxIGsU1I9SYu5YZdtpm7H0FMXwFqKh6XuRmLs2NqibCfcRcU2E0dXz3k4nGOea2SGDaIkH6w1nxtp3Nz+dz7kiclkvm1HII0kbDUFr0JAFVisYGO3d27dawqByCrWznPlB4ybKB7SoMiBKRNF1nNqlfRwAAM6IyFjmZub93pHkT3742/fX+zUna68QM2p14nEQxOhkFIUcM2yYDSdNjpzaa6HI68Zcob2Q7j42z9JYszyKpYEp8tkud3eEPT7eq7bUncqGmF7biwAyF+CUuVvUfJh2HlTdagSMd3fP3Lfb9aqfI5/UYiXBw4wlV661RDFkwN2YjMC+9jlvlQBFYgnXVds51wwaT6dz6Ndr4CuPxGEBLE0r6pdqstlMQcE03lCYS/xX0rmKJ6Es0QFg0+susZ6bPbx/uF337TTqXri525rIoz1dF0S/XTcFKYrJNKC8UFwObBtTc7dKS9LwZbAkfFF0T7lZryzCU48/5frSYQMsdF4CU31gSiUubN65tVSrUUGItQCRNjxWtA66Biok0rGuOtoBVNVTGD0iYk0b43w5kx4rSkwS6WOMoZk8dtO8uHi1v4rncrIHTGsnGpDQbhAgy0/JjKIwI0N5Qb9FwTYPlkpT2Olyr5aSV4m+Aa9KeXliULq3Ykx7rrXgUHft1WNMlgbA6SsXrZa4D3PIeaZIawA8nU6FqZ2krTWLqYukP/1PJA9zOoHmAOXXeDqdttPp/nYDa5CtYiercTFjstBlHb1sCKT/Q2+2SR73Ts098UnerFO10A/iNoqqS9+kUXzK41nq/zSzYOTSumKsWCTR+FsXr/FXtERAVkbVqyPVZ1WhZ0z6NpK5ymntqUhW86b5yKZzsno5OOYZGizW9WShXpCEqfgR8ipow6PiUyHchR9TtrcFThJFgdfBrphUyWzYysi1fufHX1wuz968fSuRd2bm0c7qCrc4+KwzieQB7CGmiRWZkKklNqRFjbUAEjs5c+XRKdjGqElkgMHU8srCiPp5aSaXyOztjQA8Kc1mN36KwkAC47SJsnW3Ja/2FNu4KWEWlI5szNyyC7HI2tFBV5NGECpLXVZFl0KsGemALqA/QW+i1GX1lEHRr0evDE19FwnCrjDK3VM//cCXCuz6n0/P8iCnGvgePQ+FS8tc1/0WMQlqkzONgTTX6FRzBeiC2oxt69cAQJJgHCpHCcCNhI0Vywaye1qkOWywpEj1YfS45S7BYQS1bl38UhQsa2chwMm0+Kf/9L/7F//iX/6f/9f/frvtFdZ5JP/s5n7hfyLNYMOV11n6yApJCbqTZR5ftNEHNzEz89XHnz179uz+3TsfHrFQ28GSPtDrgdiIpjf8uVpE2+nkYyDTh10G/9t//J/93S+//NO/+svbbSIzumge5pRnRdXBqaimmdSMVTdLkK1ajZUNxburPKiWClkEKglg36eua2ZK06Se5tH7I7r40amJZp/0w1tR2uGz6kiWd4w9PL5//+ZNU7DVzyxIp2OaCdBtWFPAmTidh4+BZJrM1wkIAFlpvXJt9Bmrop0+rVttnUSdRJBzpZv98m9+/s2v/zbDjIw5UyzBcF0/17JYSX5lwH+w7UqQVtsxx3DZzLiZWUneG1E80ajny7k+ElDzD12SHchI+MfGyApG68vf/b0vvvjp19/+JiJyrYjIJaJYKsKUohv1RlGEBC0Na05NL338yacJ3h4faYPMyKiOZSbajadwXskw1Lwa5ZVR/KIubIqp0VoTtbkUl0w15xHAOxbaYNQJw/F1Sbo7W0nswzPizdvXldLNEuHD9TyUbUHKgBLA2Eb2HiiZ9Un6jkouadBaSLHXcn3NqD4SlzZpMLWvTbjGhz8+Xh8e3vsYbiOKDTUzns6Xfe4iTk6njWCUOX0F9ydFu9zUqE60KMyFLPJKSq0a7WXhwvP51E4q9bArHyTnWoXiyhu4RBG5So2QCR9+uVxu+00SBcUV9YvFOKd+c0g7xwyYG2qlhHZr6KxacXJ9brN8EVNb2GNFSUtbT1cdgwwfm5n55kioGimwIs5Zx0zPSgYvc4k6gfrLJJFu7sPW3IcPd5tzd/MK/mBk8XOJePXyE7rPuVdXQyUEebRYG6sqVRdcThNlp9FegrLjLGCtYU4A7vrnmtS3iHnYK5tbQmW5eGjVBxXtipvvSY5cSBb+oGA2a4m0wkhRCKV3K/hec66dxLSMZtu28+msmocstZLkrMuIWKQaeIrPfQsqopAaLrQioeoCKusbFb9d3tkZ4r6kDJSBXZcqR1Xfd9YGwbVmBk6n7Xy5zDkzgrDAEu4Z5prx3W9TVynWksE56vXINFaKDQOhJelttwEQTu5zvnu4N7YxpeJLt+jVAyu1S3YMKKjZ2angWIHtJikihMSFLQpIeCFt9eR5VFayJBIdqxujlTgZMX//y9/5h3/8d3/21Vd9sVBDTgkbujcJ4Hy5/PCzz968fmvDuw5TAYCMHLSxDRrnnvp2wwaNUgdIgu1umRzDCxlX36brQ7ZNBLJ5YOUGSzCooSlq+ojuwp1FwWTmqoPJ2hFRF5c9hk8BDdWX3VFyd2REovokCTfe1r4/3kzj46KVFdZciN8jqoQHazagKhERB90nLeQltEwzWLI2eSOLQAUtIoyIjOF+229VNvtov7Ksn1kspBUtB0g0p3ytQQtWblYPqvppCcw9DvRP0ZFPd7ZirzxlX754aW5rTbSrBAGwbdyle1fj2bzSq5qfTDOLWHJe0VckGcixdTpuPr7qSjSyV7gt3yT9VR4c2XRkh3cWJ6uPlQ3kwK5kWjLltLSIqK6zZo3r8qpGI0IUZJ0PlPY7tApy7YqBSSv9nkA7WRO5Rd1kJuLFi48Aj7kLMjlt6HN05ZqgRGViBmwtyTBYDQnUl7CyGtTy3fz8888vd8/+7E//zf37hxKYFgMRCNgYl4saqRZzEXS30/k012JCI5uibAVohLciQj/KhnUvWHHbHx7fPT68H76Zsf41BbcMd6yVl2d343SS4GTNZUYtU8zE6XxOy3m9rQgDItdpbF/9+utVM35WCQCIfeZRDbOo80IgR2nI2kdSMitDs+MGQDKAJp+q4lRlmQvj5JW96sSwDK2EYvS2I8QHdGEPKfKr7ZnJpNeOFY0jl9RBZ0KUjYSyC1m5cC3j8M2jtowW4CBtrpmroLVaK7oORhubv/jok8fr/RhDBFGIIaiirP0Iy1mNmbFtm7Sn7kONDb1uBE16rRXMlMF2lfUgGrsrIkkMl8kxhhHyNRf6SUArGsRZzzm1/yDR0jUeHc+qI9l8K6Tby/zo40/Mtt/8+m+G+uYybpPmEiWdM1rJo5OBmXkUX7qruM6rBvZ9uCYcEEq91jryuv+oelxHXWRZsz0AWAPc8IpBuVL3DVZYu0ikbBZC1eNBUeAQBxQtlBpbTCKJCPPhXqlOCES0Z0Qi0zbbtiE1mkz1BPQyqi/hQ1oZJ6Ve1cfzyFCxMTYJ+gMIIyVXSgkYVrg76Y2ckJmxr3Ee58vd7XZVzJ0rCMRSNa4zlqkpJlHSSaMM7/TmSygSKYKKseLZs+eXy93j44Po+rmHGdYKCquLm3Ebm1PXVw3uyMwYp5Hg8KK0ESk3dKrU8YrVZsewVzAroVfnqlpvzHpUtNpeJDHJkYU1dWqRvcsMvd+jCjVfaw/N7ZrnilgJK+OL7pcpyaBk2aBMf4ugNdmFyOcAvtmf/MP/5N39+/vHPYGUtJckrcfWmEjftn3eYtVgh9q3Ko0gpKWOA/OIOZrzQZUlQFAVbGZJ2lg3M2VUEJGx5ief/uDTT37w+vvvQAfTNs/I1bq17uHVw3LKvoVrLUQpB9ZcMI7hpK05wWi/FZjb+XI3Y0rkkxCtBpJWRnVJQwQiY+WS8P0DORptWOQa2ieiEbcxVILQreSsFZnliNRMqRDM4b1CtJkgn+rqzmisHFP7kBMf/EN0qonY9xvIy/kSRUK1orUIDuUG1gSZLLOMbiqeoxQreehTWCM81GwGmsFq/JKqPWHV7SblpFUGxzSYpPwHID5AUXR7JFuW0A+iPA1ruMrA1ukIrJSFF6pRJhig6wPj5XL+5rvv5VNVkbWwa1VZJNeKFWst+VS6CPXIoOXd+XzbV6xQmlDRr/CREexdtqridcrlDsy2080Mc9vGxiaCxAGehnfCgJFWKVndsFJXEAUCpIcUNlBIadQKgGYlYctY47ydzqeq+lwm+ADC3R+uj7fb7u7IpAsJWEAb9LSqDZlhw+8ul7VqYa++C2t8hSacKNhBBjBqSFO3AyhLOmbm+XxemRlrrTVOp//iH/3jb779Zs7pY6s4SaUCA7iQVe7rLDkv5wvMMlbXYypX4hjJQ1XmpS1AaSuOTXyt7QBgHD7mmtpf7lYaPJkHZA3RMjOsBrXlx6+UKlRGMy+6M0NKxZcvXs01xfmaXlN2h4TIwkPHfS/MgnJaKmIqA8gel6+/aRA7zEikudczwVFrVO2kRfStvpaQUCQFcIC3pzhRS2Jrn26GqncRzWaWsQoisiWzwEKsdasha5aePinA1BhFyABsN/oD+j/9B+vJ1B/n3/ziZ//6X/2reZvbGDPmgU0Vwc7PTp99/oPX332NHCRU+k/ZEbIqLHa4S2mcY6EPytNrQHESqoESCCyKWdFHCQEicGyZkWsynCB63FMne0UYxhg+5/r6zbt/+7OfRVrW7m7mimMsq3eLPjWDsrkL/XM9kWxo3gG2che7kZhPs99Apm0jY5l7zFUoR1QgtW33g7yuzIESoxDMWCb7lCVTEoSyMV2ww2V/qXudNCC0xSAEefX3aM61Tx69WiGAaBlZVdBeJydx9+zFD3/85evX38w5qxyPZGonUuWrYyQlAXdbuSJqeAjMcdqgmZaZ1QcnaLbWSqRBPZ8gzL3OHj7otsttnhU6jjsGyRiszJesw4f+bGdXFig2YyyZWheB8fr19998/cvL6bKvWYwJ4MPqYDYWo3TbsT7+9LMXz1/eP7zrOFvU3VpTFjcpQYxocm2ZiASCWg5TYb47wWyqQO+xwD1M0D8T5HAzsxlLA2/qNVWhc6RdXZ8yougKACi2oF2lIHuBWLFyO7mZr1jlvixNaiBiZSAXfFjVLCIfLOnYtu1yd7neP0Ss7XL5+ONP3t2/A6vm1UoUK8ttsthZjY7osmcCsWo+fmxDhcf1elVQBqDepblLrlD0UdSAZ4+LSwHUpGNXO3qoEUnGbe4ADDI/lsDARN60IQnWirXKXB+MWEHzFy+ex4rbvifaxL2BoebGfAySkRh+evnR81Tf/EgPJjeKrvnVo7UnprOoPtUGH3Sohw+hEeUHAhmIjC9/+kcP14f9diU53DORU1NJuqvFzhTazoguoYHsyJ7KEGPYf//P/tm//fM/f//uXmMnZpRSK4U+SBjnfkWk26i7Q829CVRWd6IJRChsmLE3IkHNr6LuwlIaYi09zAJ/RnP36/74/uENMsc2DIwVzSGLiFHbHlEQRXwyxrBPP/l0j1ixrOaxVkSa2xdf/O7b9+9U15aF1JvvM1YP9giBdUPAspJgVp1vQ8P0SAl/Df/Vn/yT9w/X6+1xnzu02mdFrNjGiTSJrHScyJKmqKi3ZmRVHOprE03/mpMwWD71rFuBrGQB1MaPEu8zahgZ+77byV+9ePl4u5k7mMjV4ECOHChFUBLIhczImsQWNIyUd4IPz7Xchw2fS8JX/aBicJt6KtlbLeHS0ZJhpFpn3ZfTaTTUcjFlFsJSnYeUJXSUmBDNdFnRGNQ4CIgecKq7Az4+Xn/xt18Rsn4r+KSWilQfCiAEbterZLCad3AjSbfxox/84PW7t9VbcpoWHWQROYJYapdl3eeWRWRKGreiZ49D+ikKxPzgk0/WXNfro5mlQeUoYRHT2dYgJYko+oDoCdGa1cnq16TMDzKDNjwzIpaa8HIqyWBGKFRG3WwZalVF0pMmQp15uVxi5b7faqCuUlPRRnqbUlKocllrHTBHb1p1/fPnL2aszNS//HC93j+8P43TiuzlioWNlbFJyv/DgFz5B3/nDwl79+4tTc2EnhbrVpQIcI0u18BJsHxXD/6zGrm5z33Fcvna1aNTcsxYMU6buyO1Tlt/ps4zDrgJREQg7+6eKWlcb7eI6RxF3qgKT6iLJKmRHW2brHLiCNSIlOcsjVUbHFbXRESettPnn3z67v5BcVnEnHAWjBpqpbk6omsPH9uhJpfioLFBfYvu8BCVSrjWGpdNA4ZqzarA1wlxszUFXKsIcdtOCDHHJvQrqKVvbKi/02iMdWGzeMby/czM5IoIxIrF7HUTlZptv90/3OYYG1CtKqsyQ/JQbYTtiwY7Ik/z32jRi+rUgleloez9f1UrDHcfQO63e3UxgKR7zKCX9e9aa7iPYWvKt3VERsJCgFgSjyRVX60oT+dUfVftIH3DKKpIIYyxUhmdZO2RKXzW9WMkDK8+/hjEfrvl0prhDti6BL2bIIF6U31yj7IwAyGSQ4lfRUZBIWSaGN+is0glBokCP/nsM5EKqWgK+fzYnKuuxhNdXelgG9v19vjdN7+MtdxHxeqyaEBE+PCUTq33Zqw2+Rlj00379LMfmY/r44N3DY0me7YxcgWcz549v80bjWulu1FiJMHXQ/VSWkZpNKRZPMB0Xbb+DmllMYJGzSDlu5FA8VfkmKuavCr7K06mrAgaeNJAjDHmrMXSyP4etQiKgHaR1odTOfvBiTlkcXlEzMgotR6QiQ+GL5umSkb2q9F3V1+aLTyv8Nut9sqi7O5tR+fqpSg54KOXL7fT+fHhQeHRzGmWuYRORXpGHNaK9YPn7aYGZQUt577vsyVS0AAAIABJREFUA+UZnlXJ1zfcNjcz6YKy1eVV+NFE2VLPNotYLkVnP38mvaYpNLKm0nfqzY5tzDVbMKDj/eSiG2uxhLwlBiEYM4xY2RPPK47m0+l8GmOba+23a8aq+FfXjyFzjNZprDm307Y/Xj/59OO5r/16zYxtnDjK55GR5nK+tUTtUwMwhpgnqZiIxJorWQIb82EdM0RYBPB4u879gcosZtu2rVzKNFUBLrh3lH7qfjFlrdgVnFjT/+P//n/u370dJijoenoa4AGPRixaPBb9ACSBKIJWipW6TcVYmeztM8LdksilLwUQ8MKN2fy4OD21AhTrfNjcV/WWo66o+Nu6uUCsMPppXH70o996/eb1XPPwk9TSjH3O2q4Ai1xff/PrzDXMIgKmU6MGBVhNtMQxdI5i34pvTIzT6csvf/rVr766f/8WNB8umm2M7XQ+udlcU4dNEjmIhkzUwEnDJ+VQdzuNMeeqqRB9OTX3K8nqt2ternt0nRdUIMjr4nK+vHr54u27d7WnqS43E5S2oQAIFe5KVZHQVHTNO0UiYv3408/eXe8Bq+EHOo4ZTv2I6JUypewCeyi8aqpDSIoKSWLORFUedZHJwpsVBVgzNWotZqE0EkhvDUw2uYQ+bOILFDBVTOfB1JQnQElK7p6dxvDb4xUGd48V3717Q9lP10Ot4akuEkDIpzI6G0sQ0aNKPWgQEWtf4zS2selTXud17Tczy8B5G//NP/rP//bXv9nnruQKkGWTdWg/CrKD1F6Yg06UYlfdyMiIGZo/0SfQV2Mdzyzip1k7Qm4HXW4sZuQ+90S6+eVyCWjzoeaT7FiSEBn/4Pd/79OPnn/9/ZvqnqnqLMxDIve51r5L4jB8vH/zWqF1rdnqqDpminSCoSCRtOG//ubXD9f3Xj4WGsvr1179oGpqV5CR6MiKCqi/b94dsgrOiVQzUAdJ7ImpjMnFPjzsurVAZH1DA5nMtc/ataRakp31j6x2xL0GtejjbU8VnY3zKD5PpVn/Zjdv5Yhdbw8yqqwfhyzMkHTfVuZ22hz0MeacksDo5mb/blriKO6z6rSaR11pw5JhqWPe11Oum0cm6GTrtIGSfzzp+6GOGzJq5k/frl5T8QPFKkKINGLClaTZhWBm816AP3/+3GiMNZcarxqJr5dSTC8U93BkFIKny1n8Dg2s1mFhjE51raZiJGGJDLmn88c//mKfa+7Xo8mRjIiFJRIY5UhPGC3mRJm9hjprWbp2+RPXyi0/tc1/HBiWaE6s6OeMelnkUbTSaJsnOHy7f3+fybu7uzlnZ+qCrBLfE5Qt+QEx8YTBfGxjrdW7R1tEWuwnjvtBkH64zan3lGvFXPvcd5Kx1jidbAxduYxVohJFomrgwMmypEUqBJeiwMy0J4qWCwqeZqOxLGuCy2zAInG9PjzcvzW6ucuQJY+QJXmJ+7PnL6+3R5EY5ua+ZQK1EOTJN9eOiqy0hYKUXr1oVHbXv4O+KKxgwkzAKZ0NpPd1o8nFgGOMFQvSmehfNFEvaea363W/XYeNIz8qN9BYA0xsSkC8WTVdTN0XlK4T0IxxnT/dAX2zkQxZ8ahEqF9hZc6kqX5JOyoe5AdzZqpeFU+bOMkaPulZMNLS5tz3KV27JfJyd3bnitA0WCRwKHTF8tXT8H3OFszM2+02bKxMyWTHGNbow+k6JhmwYVXiF7PSFVlWc0xFWbVAdB8iM0q/GBGyBkoigHHi3d3z220Xcs0WCYxtHIVwqXCQfY6pDtIYvp1Oc58NkyV9Ycy1nXzfZ0aP8uuAsd5URRzAnNKBbJu//OjZ9eH+7du3Nk7upmokV+rkCCdFhODQUZRmlvMsZLuX4W5uruEakCnbIChJj3W7Kmdk5lzTN1O9DTl46iUHmseHNyuGTLpRxgLICkxEJtdackCHZta8m37aHKwnoBpeCxQK6jXEq/KyeGV9K1HXsVYJKVmZxqqQFdKl9trUXHwGuynUlKgoTSn0NYrd6Q3yVbMI/Oo3v0YsTd3qBiZgtNt+MxK0ucKaY+2OcgvcO2DodbD4hMxIFyObBOg+EvEXf/nv5u3RbZSSKZd4nMjc95ubq+Ee0Yu0VNLT3ThXbeskmZGn03a5O19vNzQWrBza9zcbeOrGUzbcKKBkzgRVGu37fPPuDZA9S1NFjE7s08SLElSCJhFmZInNEqlmxvxP//CP7h9vb+/fl6lFgd0slISo8cWi2PpVilSspjfkI6rA3Mq80GaoiLRhsaa7u9mMqZXqbd4jkqIF2ZHIdHcTzWRUace6Nkmjm2nSpPFised9aLOQvW5ByHiHTYg2N1vP22iekAK7znWNepX6X1BJkJadtqT551DPih4hDzcM95Xxi9/8+jank4S1yyeIVJZpwNVleTa2OxoOxZ90L1ADYoTseSudiY5GU2ISELAocLqdTyeJtcwoawy6rZCqXu9WxeE00px/78svbiu++vY71IRjtVrru7qvuZsNnYgKqs65FmowryhaRRiU2T+owglMaJiEa5/uLtsPJUQK4VYfrj2xSyKkG1pXX7yi1drgZqZdnh9mm6uclzaVetqETLgaZ+Lowwuerbl0FwnK30KfWAWigkXFvPLjQFZjkjrm4lpBxgqZlNSHJwww1DqpBB7v77fzVoM6TFaPL0mjb346jecvf/cP/sGa8/Hxndq5ZhRF36em9Fn1wdAHf+nZyX8cMRfNqudTOQVuVshUKZd09xGxzLiqRWjNVZb7lcnlkyX1PoJAHlymcJzcIqu67y5u8z13d3f37+9v1wf1Mbu8a5a7PpJ6gixArWudhOWK2abbBx1QjeZjphUdmWiOVDN6vHv/Zt/vCXOziKVcUm0RKw2JjyHm6nR3Af1yOa04YKSCZwIwNx+j0NQeHXpgDvU7pLnp0iSp4Wy3vtoBwG0gtKsbYJxO29x3sMNK08A2Bvqm11/NAKkaWbGy28Tk8Uk1blP7vw7kKIUmaRL3C/drjGDF7fd++kfn8/n7b3+VrCFpSO3WageWnIQrl5vVTUltiyw7RaOtOd0dZqua+EXX10VCGj1iMY1wYhUOQh4XXpX0w8N7sctj8zVXZGo32ZN/H2iwqHJHQUUCKvZ1x8GyFEWi7rSEOuI/6q4HyNNpU9KVFwqVDdZ0d0Dt6yqnxAkcbYfKO08PGqmc3qUfWYJLVr3sa91UvqbVFKnTErVMQrFyrnm6nD/97PP39+/MBrI63BoTYs8Bd54o5XkXA3okisWKUQbW1jDBCjbmdrN5W7p0iNz3OdeqW1ujqs2ckHQcbnms0eSFQ/eDvuuZK2Pti2YREFUP2vMXL81srv0QjhT6JknDESCBpNW7Jkmezid3m3PlCnMHkWt+9NEnrz76+PX337lvBUl1ATIze7IQpNfrynYEilBJv9bShy/kyioyM1c6iTLHRXeYraVhcNasZkbO23x4uP39v/flH/7eF7/65vtDZlVVjhoWzlyRM2m8XC7yqQy1CslEOgjHyp0cbj5zlm3U0a1q8caSqbHO3lqh5RY1cQDWC6e0JcLW9fcJ/UGFD1EtNtxhfYYleK3wVXskaPqRmosbNurMoQv7yhMoCIjKTmPbTqfzbZ9Z9a88PonsroE+b2VxqHUwxpaZLDN6G+5KCwwrplClHMLGVtu4QEo22amireXq9uuL9yfVfSzWJLXVhAYo6TRrTtM4DKopW3wBNW6kIkX6ybUA840ZuWLqlwO43J3HacRaceAMKG6MOacW5Q7zOv1Abe8ozUxzhorlJKTwYl8YIhKR6aUIZgWZqsBQzAaBTDWipclmZ3D2BEJmupnZ+Ku/+eq6bsNH8w3K7h8kHnNo6xa7nK6SRHb+gPiIYEf9hKTwZmsuc49cv//bP8rM+30e7dz+HTQr4xQCkdy2MbZxu17RQKXERjAf5WfNOBojZSrF1pBUfkrGXPu+ALj6Pwf5qQq4sL6TLEHggUZRqggr+RlYVkLZTRnxN5j7/A9TcEak21gzMiX5zpJ/lwmlQO1xWxpNot4yu5g1stqWJgX58fafSoNtmLy5BJRrYsv0DExe4XX+tWVohvpN5dl+eM0Bmfx3f/PLX333+uKeIVPPchdDdUisUq95RnAYjOYWZVArWzZLyry7ZsyHBnDlH3DYT7E8Vp8/f+Hm+1ROVEs522gBh6/3cXoRcTTtMmWtwcI2RIgyW5GaxdBOKRVyBcbZdCqjJ91N5AIKO5S8vJJJU1Zl29mt64JdTS6h6QkxhpomJ6rOKzFoWVkm+OLy4uWz5+8fHo5mGksybJn88U///v/yv/5vf/XXP//5v/+zjN29puHjKeY2PQAQlI5OR9+KZGPjeyztdc2iuWt1se4SCcBhpPEHP/zxGKfH+3f5H4yKmwYkgGRYlWcJo8vo1Qovmpsda8wbbfLI4+Z+Om+I1JZHM2vVV0Vl45HEGkcU0DAzrlhFN+p2s0F5Deazf696KDWaXNKxGhUyjMIzZe6hkEzJ/TNXRub57jz3GTPE/Sfow0UosDIq9S/DyzelIWwRuAU01TCURsIE8ggEwmLB3FcuAkZebzfBDBSuau69sFTFhIPHFWfANGZN3z7lgOPP1OtHZjB0AiXz7UNhHNtW/Vzz7958++b1d9s4C9RUAogSkNqxBiWg2c0j2KF21eiVJTLvnj0393l9bA84cZAoFrWMOJlIwV/0O0FtHVZgZi1mru9S4FJCqdJiQWYICYpGrmIzVkbKwwE00g21d6161BnBOn6lRgFSZj7IjBVuTHCcxw9/+KM3b74HBsrHn8Xl1OOoRQn6yO4OZsbaqu+dKpjZq8FUSa2Yn372+bZtt9vD6XzSS8IxtSyPXjeaw/J2u6ry0V1Q5xz9GytoFxzT9+s3VU05q+tZFpECFvpxHINkG9izGHR30+x4Pg1viT+IPFqaQvwEzLSUNDN9WGaUXjdz2wYh8otC7bHv7iMTt9vVzI2mqbPYo0tcLSpjOdkdw+uJFWtOcYeDNeXq+9pfv/l+DM8Vx4s4yE2SGrTqcNj0tb6UM4nnz18AlMNVlWxecn8UE1hXByqhy2KGLD6mJvvHefvyt39ydzn/+b//2b5HZo5tsEp6IBG51N9x48sXLx/3ay6JHBPEcHNaZvyP//x/+Pbtu7dvvq8bZi5FacRSqImUhxbMRxzcVGHI1k+VezDlcYEDGYYGl4v5Y5+GWLpudQsjqowUF6YNEtXIqqlazUTWfUd/iIO4hBy6YGPbbrcr5ecjKq1XHal5pRRz2KkKg8eKfCpSc+7zfN4qhpmAuAJ/5ApYJkJkZ6W05ob0Bf0oX2H1EzvtA63E14ss3GhLGKJJSTqXUFLS6XWTs8WEclkYjhX08cd/54/uH+9vt53GtdaaS7Yubsyo82Rma+4GaNNCfRek90CU3qtuaY+Cdk2QT/6Wiq9peHZ33pfgWlftH1BoKPcuhUM5w6teKFyvL6pJAJavNz44Jx27n5JKx+gORrlSbgrDRnWi2fMnlTXpw4j8gy9/8nC9vr9/ZDEUTQ1VxmH9L5HLpoleSdyCSYQVS5CoAbz6ZUU8o9kZ7y48YOZ+Op22bawVbkMo3vrjo7+EGpwic5GZ3h9flV/KmytrtFeKo0hzL/u7ihtPrtGoyinNRgF8FiOgD2qskexSo3ZTQWnQaEWuWtM2qLyruFL3hxZrItPoKV+yWtHABOZtAslarIqUWZNhuK9YVlN2Iu/VFiEVElkiRLHqcsU4AC9QG7iQCMjWqSSdbkavSofRG2j1w1GUq+pena3ItcfOVgGpFLIDSRX9cKD2jjJZ5WUlUKYgI13JDK4rQjZnpydab13IBIQhS7UvDQmf+i3Hv1e/s8RWBpEM6CJXP8k+CCkmRY6MmslupNEtqPPpj/P6eL2SGpWuwJAaHIO58a9/8dVf/8X/+/jm+1ETeqamXw27qd1Wgga6j0MWodSRGRr7l1pd1U0p2hFKYVVyICWZxVrzuq6xlnF0WYKuhmn0iHm+u7x8+erh4YGkGcsSkOLaqzDmU1EvoizMx5rrdttl7MBDBRz1Ikq0jKqlyqFdiT4I1Onp6oBmjF3eQY6a4a/7eWAc8XNKWqqDt/PltI1Yqfa0KnqRr5BtLRAxI2LNWQfCmbmQfXYrkHYtXg38GvmvnW4EGzAiy1XDjGteP/3sB+fz5Xp7pCEzWI0h2LbJ2OuDA6vHodf3RHDVO0kQ2LZxPl/2OTODcuxSi7PuBBL57NmzQMYKGyb9sVrnY9s++eTTh/uHtU+6puVtynytRJyMnponrEKi1zRwHpckADtG2gFaZMw1Ze2f4g2FEHRcQPWuIqRDtYay1epvAIss5wFEBH1sYyTAQdHLZlJXm4YuzczQGs0VRttOJ8k98mnIKQFDGlDuZhXxCR+DCcmDQXP3XBGM8+nyeH10jU8AKJ4bRTkYYhWnWoTdhk9efX5/vde+0GJh6y+rd7Lyo08+zZwP9+/cNyBjRl+CEiMKzMbKdZu0+jEJTdIZjPCC+Vm0IDMRcgA4fmVvH8uiN1TcZV3phKkXvCR1tYgAcTmf1oqScdRfReQoDrqNGkqQW6I5kJtmPwqaUQi1LFbKSZPuHgxE2tAeq6oKSfn3ke61UKwZuIZCDCpMW2SsGTUdnjB4eZjgyCBilCXAaOIcWNlW+1YnUSrAOZeu5zHlIXWvZkkLs1d9qmjueZSjGm6jkfbLr77///7y55fLGaGFjlE93yyQIV4+kY+3m+RJPgZ1/5Fm24p4c//w9u33++2qj+FoqyJWzRVVq3hdbzWSjIS1VjChPTvJjDD3XEnz8gZDPRCpqmjt5AIgaz0tu4hk4b4ETcDCtO0h8rSNzTcJ31G0KDSypJ83xoiItfZx8tMYc4V7tZeLlAlwMyEZb5oGMkwHzY1KX2YA/LSpv8Ba7MEjSgWZK8e2EVbGQVlfrTKILOe7nO0LYoLdJJvZL/wXa53uTj78dts/qLYtNYxEQYa6YNFsS6zw4SvWd6+/3dfVzDNjzmWNsgV3JE5z8u7ZBeCMZXQ1Jd28IBaxlsJ/PX4VWhQurA9U0Hft69Wrj378w8++/vZ7FfFjDLCGgKyIMu0zUdMJLO1s/+Aobx854UqMWlEFT2ipKztbcmykJZaIvPZJaPE6eiBOmpMs9sPdM+2v//bXbx+vrp6AWd079vGzzAhzuPtaUcvswGgtq6gOdycRC+roocBdFXqFzSQK6DptrVg551z95AonwQpFgeUJFkia/+jzHz08PgiumIr/5rGAYlbEUQ43NYUEVw4/cJRisGrSD4ksloDruGMf0HcJd8tsIUaGwGX02Gtth+zQaDI9qYNhVbxooKDwnkENtaMcSxjx7HJHcxs2o9o4+gi9qq8zpN5fZLYO6im7GACuWCBP2wnSvAVoXNX0KG4iYVkUk2Iyou273UbdWanX1LhQHq+n1VVxkM7PPv50xppzlqnlU7/GEIjMUkXq+5QwWfYPfY4Fk46Re/1ZY9aqnbpyOLjSIXynsXoAEkA3I9zF+tMxJNWR8W1ELOGORKRx24bBYqm0RZJmfkAsAjLGM/fr/Zuv/vLP3n33DZJzTfFx6MNTBxcyONJsD2PJ51cDw7Lgt5DGHRZ6rAnNHGcvxtapcvogGXOtFTpS1Z7T1WyRmUrtfV1zLiEGoliF7AMGY7mC0hC9mhhPxXbFkiStej6RKcW/WEsdP6EWk2teceBMYIwRgfPlrB9obrFCxWDZoLbu6ijibOgZZcTar1cFpyYFVcDCZEG5xLF12aYCm4IBltR6akW0LFCmVcQqZKJqwWRSDFemWGcjx3b50Y9+8tXf/rw/l8wfYG7jNMDatZ4JH6PdWLJ8I4T2FFqYYuFF1a0ZXechI5hlPiDC53zeMnLNLBmnImYiMm77bc6FQwJc6MeMVgxfvya94rGN0+USKyJmhauq6ZmRpmOsQU/N8yn8KpG5BvnVsKmnRDLWqrtWYNDamQp6bkj4GCyR95PkKXvnObLgjv4Ae0fgitAaIGUFPP3/7HnHqtHUiihNmiOj5s3d7N2b10bzMQpiRhrhw2sGiwk2HFBf0PDTL//wN1//KqMbH6zSQ7aYTIxte/Pm+8eHB7dtzaWs4C7jikQpVTSbfcw9R0vkpV6TWXUi5fhUxYw2BB3DatCuJbD7B1XHqPeRTYJkU3pjjG2Mzz777P3jfYbKkFID5loA3b2UcEkbepuqUjMJOaCP7aTsEWutJSuS9MPTIzH3BQC5lvbs9KB0lOnXUhcsq1FUqt9KlnVyNJgUUS4ddNPf7HEcmKah9MdoDP0sA83VghRXFUusUXdpQAIRUaKpMogwgIiwY5gNTKR1h2ytdTqf9n1mzTogqyromCc0VvwuM4895atoc5lHuX/33bf79Wa2occ0jiGrJhNR4jFJf9DqZ6RKbv0vff5yOWRtMAQrokZmZG7nE5C5YOZzTlMot0NN+VSjaSKK+s3V+PHttO1rL1id1XsY7hIRmWEMv133Fy9e/OS3fvzt99+hWJk0ksOrRNF1dWriolDmAZoUjcA1d1E2xXIVfUtQlJOZ2km5APq2gTlXFFFdcwFZgAUa74wm9A4lNoHair2dRskaZcihv2uOmutTCDMCUe7YggTB8uYyeQgm4T4KrmVF2DX3FfHs8vyP/+APf/HLr5TINdO2IsbmpK/ySKo+MEnoDFBcW80aiS2ZsX7z7TfuQwIIt1GTJUrwkYF1uVxOp8u+dv0gHmN8rG2+Y9sINbxJJNGzOhoXKRU3amjJKrUJwliVl9KapfojbkNqrugmVVaCNyQkjCKggp8sUbK6cGP42LYoF75MNZmtEqu1YkcRRCxU9qKeYmlr5jrU0oniBy1rf06jeZKJY3kjD+UVuWLuc6c6rqVuSaOj+xtjbLKqA7j2qTci0kcKgGJcGtlDcn1WuK6cIbi/9CqQ6pMoHoYCkZG6IKnbmZTfpdKEkIksBkrLig8KeBRm62ma7A8DzphzTr0tM1eyrd9towlaRqa7a8EcDgx3kEwsDQQSueLly1e3uGXCWs6pI1vUEAGYDz/mBBDQurVCtaW1l0uyqdkim1QfJBhM9yHnEqgfnQTIUaN1Qm4qRZNlUXhQ+roPhXN6XZoCSjmgVkHGVpDxSd7Bpyq43mpWSCZQyiWKX4vLGCJc9K3dbUXK5n8tAbGDps2MNB5sBXIxY+rirjVrXVeuTFhLywnRmJmk2zA4kBmTLgleNVeR4qGN3TeCAEuAYNReDyTSbYxa1g6VWgf0a6xWo8BbxgrJcKsRqWyEbAlUtxqNxNHwVTw0Y9+fOhvSnpa9cpaDE0SsUwlW5al4JWeZqwTM6C4j4ZiTZmOMRGZF3q5TIzlKR2BJgJk4msUpZ32nkS9fvqLhtu81FK8XmyTTRuEXDc6rESCwqKcFamNliwhZTFsCp9MWGbGWua0V33z9q7ENvXn9eBWbiVy3HQk/OcHaeJAwM/ehtpF+vuARRe5GhAJj7VLVwcTYNlXMQN6uj8pGw63nv4MYJGJN06petcoI7Y0Q5wGv6RGyT0xExoqYVY11PlAkM2MsHOp7UCUuiiJr9Zz+u5ShSe0mb9axMgthhnJg1mEqZk73+FhyBS+ux8i1Zqqlkm2KgkhpFrO1WUeTzqzw7mmI90JErHj12SfbOF0fHmA02Nx33zYa9+teurdI0MZmyVhrVSCrZFLixV9+9TPpW5CpC5BoF4UEBS/WcnM1S5GIFYdXut57aRDtkMAo5spAp6vuqIDEGoY2DpdfVi1v1nusiTExFk9rAVdk26lWP2dFcPD7774t/kfHWD+I0KK3OVdqf59UuJHm/WRTQ365ZkgcIVcuoV4jMzXBX3zbmuV7q0el8uBoKwOgVWcAaeO0JYBem4fIcdqUhUzZQpI8AplujuoDH03h0rUcSFr7fUvjxs6/rbvte9B5LgMJp0XEynj24sWzy7OH+/tsfEhgnLaKDyatXSSyNDiC1u6FcujN/Ancyy3KkDnG5j72YmFrjNmcGbM1TtJZaWa7vgvrPiDm6qwizpUkL3eXsY3bw1WXbjsPgdtErD3ksHE6n7bTaWlIMDNZCmrN85gxa1whRSquNW/zmojzdsbxl2FsvrmvuZCxr2U2bvv12zffgrBybxI1xLVH1cyJ0uuSgFlFZq65Yq3SSGiyjTTWrmIQsaZv43J3iUw3p/eabaqdJX8n65NvrIQsC0tQSBq1JSgDlfhoc+77XtKd8tr/IKqIXDDnijxt2/l8SiBjsTT2TTwDEfnj3/oxkY+PD+5+OZ/mqgH0h9vDL7/5jZFOB9Nrd5juKdzMh2vxqpJpfQuUBf9a2C6nF8+e3R5vBRsrw9ZGgmhWRRT7s7s737aHh/fWc9l6GyouYmXEYkk9ycQoNxzSgKXjS6B6BXUvasgpdSkUuBXVC2qtKOcjVp6rgka5RbuKDBHZc4Y06ZtSFyfNRzEUKCFnsUz7zAijn7aTKmptqieJDKOhRjnQbDzcfZxGtmgTHTobGLZuHqFW7Zw3DQ0mwdKp2sTKWLZpXV26e9a+sJTGxWrnEjPCSRxyjdTdqeDARmRsoGbDrR/dmkuQ50iaNMY8dNnlVVofNxdbxVdfyA6hS6Iogqrrjnhmhdn0TqmhBU0p6k8ipIcvQYFvHjVIUM0laTZIZhcbK/J3vviPro/X6+0BZlrXUadNFftwdcmOE1GUgvXTAMzts08+v932FRMlhyjPWWTQ7PF6zQy6FcdqRz8u10wfps2slG1jhzIdheqrJyS40oMqTILG/zrsqG7jUwlXnHnVNEh5B3d+QOGcSLx8dvnBx6++fv12ZSDCJEnqXqOcEvXYGo90GHc+rZvyolZF8Pe4n5kjmlyMhGkr/Jrny2nFGm6iN3SRKquq/ikyvfA1kGZ2vjv3fWQtYUZh+KabmzDWRemjbNK26sqz1TogAlKc92MzLykLk5IX91Hs3Ftfv5gwHRSWWIPNybEULSYu091ixdr3XMfaRUKBWqb4ZbjrcRv0AAAgAElEQVSgWi4T5Qipvwx9K1BRFeCKuWJR5rslPS9BSpeqrCJH94NU0yPxpAejWkM9JE7i+YvnK2PNGNswCdbBzCTMzdsCpxoXIKFWjlgK9PvLnoIHmPDhAHMtcQ0rIlmzrSrG4qlfCa89NRjns3vZXEocJ9zbpTm0uhVgrKmjfWQky+rkaRGRFR1iIumZcrNWVWNNVFa5fBARVX0cZbNipnpLWdS3uLaDmzdl02idVUeTyl3V0UY0OwKWcwGQ3u5IwNMYZBZrBTUH3H3qMZIkb7fbPm9WM/HT3bfzlj3+4aNW1q+IY3ltw0d0hHHzDUfXkmSmpcUKdSzXXDXq0xFbS1VpiNkUXw2d6R41VQdCwp9OKirPdTPMSLPAodwBiQDHto0xZPiQiWGetPPzM4i172yW2tngONN9U3ozaLVwMDXcbziIFFLuQEWKW6592hjn891cMyJkWFeUUY8hHBRS5srDyc4d2sxV2TCT3T32+m8RuWK5sSw0JTJxL3c8r0UMbIF7IhD56qOPX7369O277yW/KLlDoqOqah+51CnmF4uRzOwOvRJDNaa1HG3lXFMy8frEK+e+5LEsNRdQfeFWsRpFHhc+ZVe2hm40lrxQSfH/p+pde23LjuuwMarm2vucc199+yFKJK0XQz1s2XIMWQoQQXYCB3kC+ZD8hwAB8gvyLUB+VwIEAWwERuxAMBBYlswWKZFssh/33vPYe82qyodRc51OAwSafR9n77XmrBo1atQoPScaUS28ybbAbqcvkE6BCv0Nuu+lHXGqGQmaV1RElFRS5lWVITPe1ie4e0b4Noy+z2szJwZBM92ajPYMqS6T9EfN6KuaLtCMts/JdtYfACty+Mgso7VYSC1vEL11YckkGrN0duoAA9YhfezQsVCOH+P+iMj9umvQQc/fZUL1rQRrz0e3+eKqHNtmGsOFqlNCq0K7o1BHJiqZoVTVml4zzVeabaft8vRIDU26Q0i3yeDxdHl8uDzop5iakwkQcg2iKlOdDyPLsrFfVW/AxGkb0UlKUZk+RlaholfoGLPSKHFmay8aPcj+iLjMp8vlcfjZlkCuMx+7pDRrqkYxnc6saO7tiLfHdEVBREMVnG5uannpXOpeqFWzbQ6Qi5L04VmLOwBy9TXNaGyd/DMrBrp7Zep5ZILuDWoL1DCYW6Fmu0oAVSmHErCpBwNYC6oR2bvoDopU1VqlPLPY+Ku6L1Ald65yQ0R98vHH/+gf/MGP/vrHZqOqtMYEa12umUdkj80YT7dn97HH5CG3WEwMoc17KlhykcEAuLQOCiABMrPGOJ22E50x52rn9p1/8+qlu1/3/QBNeg7oNmprB/zwuK324oHAFg6ACzqPKalq/SPknRWx5yJWjupp+VyYihs3/vLLn2fsWlEiOGxmWjd79/KFAft1Flmzhi8fTyWz7rcxUXtcZuzO0UmVAHqX+YLpRNVyZ5NKfNXcxx8gVvMHUlFWe9Lr8CvKUd7uTZ/hyOX9oZRVcASm1UpvcALWIdrTkyITePvy5f3lqbfVNOJQS22toug2bQe7zsKHJkUHsjOfzPFbQ7sqnbLhrXIk55wFfPTm7ds3H98/PEgI1OWtWkQq5jUq25WPl5IcmBEAXOPm5p7L0aVjXq7ctSD2ojqpAkbMppHmbj3+0s3WzmcH7hMrEd3GUCHh3mobvY9urnQ7HgebZT6GjZT9hQvqp3ZeawZUvdfuIXqTewDYWpQDnelXeo2fRitO21ZZ+5xS6sQ+9Sl8CEIakTLM0UyDDrcq/c5hOisFoD3vdfqqcr/uMa+kZc5FhqhspdF6cWum6FU5hdmwb9WGhUYqqmpA1HY6sRmxpYjpYNIwHQt3i6AGu3SYc0ILCgxd4uXSWVWyq0NKLWbDY/YMbud4xUXrFgqX5id1qdAMc7UsrwnZDi4daEqWTRWye6ieT+yQbSm3SKy7yON2HTohkRzs2bFVOHXIb9K3DXf7IcHM5WUOkdX97PRTwIyEJkASiDKziKm+6rwGWryBkL83hBY6alur9hfZ5Cht02y0QtWE4g9sMxsOaAEKY582aDZevHzpm1+fdg5XxZ09U6U8ekScVShN9UdYWfKEk31qd1N7tKzzDYh5ecDKgzlnAbHPZUzNVol26Onan01jEkRmSJ8X+9ERf8YPWWVO0lcp/jz50FXHGEelZG2hT1bbklRWauJgNY/UJZd3QKEi0oiKfPnq5d3ti6f7e4CFNK4h0mjSJ+V8154kVcyny2P2Hom+lkcSbEyjjWDVV0WgDgeF2xmmmixQlRWJZMnLD2IuYGY+POYUeWRmS8rElk0T2oWnUkQppRnpBoBk54sDh9A3HbzqklOsGge03ADV4nvdn/b5fGYoRKdEpNNI1zl0acSzwGa1CUbEjB1VLKul+REp3nPMIs/Ql0hgdviozLlfs7t9zMie9MmiufTJ665ptpsCluYysas+p7VIIddN1pHUn606LFRqdcG1NqFED4RpRWtVAW5u23Cam8ecQsWtJSOZy9UMBlTslTNdcNnlkwWCTZat7miDTtXF1TVJoua8VswZIcsdpQbtpN/GpiyrDQhuzIhQGxPHCQCK7hSdpI6iKqVu+Li9vHt53WfbtpgDjGg3w1r/rGKpjwK7SdwIi7AxNscooBC5IqPg/nk7RU/zKPd6Fz9m+rDP811o/2V97FpIGsjtfCIJWOQ8gvVRXbBFR6ilbJTGQoBONLMIReCQojSJlhVvXr0abmrOixI4UHrEUmp5H6IXty8K7PULYif6QjGipO8V2ia+lTCM8gDkoXz1Nt00HzKNEKy6Zr7/8M41bkualdGjpg1mwlXcNEYoFlNTB/3M0QzU+tAtHzM2R1nPmBzNL2hQzrKChohqenO535xOY+aMqIN2xXrvYikVcw67EpDmJjvQYZYVCwyrgPyWYHuxCjCM4W7+7P+mYyXi7rAT1dr4klwF27ZpZyPdxjbc/MWLF++//nqcTk1pYLkyFMy9tN5M84qLoJc11rKiVoXQ90fNmaMIFPjPym1sm2+S2phea98WtmNW9c8X0O5q6JmVXMxjrW4I14Nt2VUrf3OBjom90IMTSD48XS77tXO1ct0z6mgU1L/al7WwogE7NhR7H+tqWxdgmigTEO8KUH0uM7//8P7D47uI2LYNMnBTLd+MDjNilYDLyVk7ZAEATvMSROdS0bWKdj2SBeGwEK6oPKxio1DLZfz4yFgdIHLFgFo1Vt/0xo1YDVYcIWalREmuTX4j6J6U1IE9cVyAtbBZp6BJbgEgDvmK1HrwQJb7MLc2pCrGnEaWFh4Jv1BiAI85X7x4aT5iXhUs2F/LFnoo8X3JFWmwDh0qK+Wg6m6v3r4psKKyEjGL9G3QmIHh3E7niBSkqwwsgNWRWt9UbEXEnEmzNtZQpR9rqYIOGns2/zhjWdXmndbqGpKknm4bXwpHmJm7lrOG+PLu+q26ujK9PCPa9N1Hq2/64UPK+NV8s47ljah4eBqstKB08yx0VmxVBe8ma50WpHehQCOsb9DBDmp8kP12IuLli1cvX795uH8nT7zK8j6uKutKw6626htl3Fqrd31sbRunDoD1ClOQcknXEL1mT8SGstfalHy7zDXlI7Mjtbc9M2rONd9SmdjnjsrM9DFU84rerMLBvPLoKTQEIw7Jqqk4WERyh+XSS4nYP/2V753ON5ene5j56WTGiPDhXT4hAfjmr968vlxn+31JWmqYLWtRniaNZUIqHc8KNcZGMrP26yUTdMjzutrRQm/MMyaMQPfxMgvAGJscEAURu3DoNTdHDUOQ+9yJyKhx0o5Dagjzozdv96Nl17gDgGVGXKf7kPF/9aAQQHc3IrfthOP0tCGCkkGuXNBfUw0wmQegaKOXmC6Tqhyncb45x0xE2nAQGq1xtzEcTSApo1A3UOak1Z00WzRVFxoFVEWTF9nbHgRcqiorP/3k08iKmJQsI7tc1A9hV8lMJB3FXiFnwzXXYCsZlmSQFIPlylRsBL9oDYpLLlBWMyyx6IbMPN/efuc7n33z/t0Yo9vF0vmQPeFhXpVgjfaSVsgCe++RoPXKh/odPSrUB88OOrtreCbzxd2d9DBmJtVLZro7zeZ17nOvrKzysXLEgfuU/WQ23YqdVAzquNSMzJACUzLJnBPrNygZC7nevXj5+tVHT49PfWQWWjhtYzaz4LUQdBTcjG6az3YfWZlxBMKWuVfUytx1vV5zjyS204huZUgVJpJ8Ccrb3L5RntqhVLBlQavWtPB2kY6kFSoyM0QHkECtBd61volpMNSsGT82QupTU3l3d/ff/Jf//Y9+/FePT4+11AVY/GcHri6qwB71IN3Wwu7VDjWhNEqx3g4RLN/ssl+RvU9dnxvLwVBKDa1PJWw7bXPOnuYUj9nVmg62Vcv8UJFiZItYlrlKHvYtxN75XE3pPfZvvvpmGxsUT9YdiRn/8Pd//zrnh/sPiuoGz6rKnoK29bWlPlAu87HUmcqr3td7VS6UGIFuMSMiUHRzlDUd7mTh6XLNzObLF7lhnSR00ZoGWsGxfx/IrLo53/7Kx5++f/9eSxaMvYpHmM0blZVxEF6okoFMGyv0fRXKa8wHZOXwMU5OUtK4mPV0/267vTmdb6py7vvN7c0Yo824DRIrmrNSflmoI4196yP3d5KEyVolrIBdlI04bm/ubPi+X5ROpDETa9eXX0zdcPo6HkCfvuMyNe7iQqu1CiqJSesYTY6MX//Odz95+/bLr7822er132CN30xLmxcWpxyTDjlyT7dXZ6dV+LFHQFVldyQskL6IhiKM7iiWZB1mSihCd2jiBAdp0osKBoEW+DbwQk9oNkWCzgHPo+t6PPooQkcKFVWQqLdrhA6fAOibS2tTMVc9SwDO9aOwIEv1Ac2oZ6QJoljW+j8tVlC1J5DrSpor24OohBNjjJw7aREFcDttdJu7PPgKbdFNZMXcMwVRFNLItVQPq+WaGUDdvHhl7k+P9+5DwVSiWD2DTrVYX78/zcoUok8KRc6q6+V63EIjIaljzkxERs2gHCQbiy/UBS3oaQlXse2v0ZNeK1f60nXKhXUx0Eo/jjZs6Vuj1TRiKGdKoCC+09yTuV+uupxYTDBbIVruNiO22/OL16+frk+V7UZazTg0C4LuMzSZSoPTWZCURHaTK2tyLQ1N10CIsdBIKCNVCWi+EmDKUnMtQl9SihW6NIpdNiuu14c+Nej0rTejlVWNbKzlUwcZUJWIkhE4rQCzpVVNNA/FRi6NgzOaozVH8zYwYTVEHZVhVJjxe9/9jfuHD3qolVWhPsPaHbsS0Op4rJQnmZVqMo18QYEA7JGDdRSKLRAiMys1ejj3VtfIN7G0NotJZE5tvZgRaO3pSiYEgeFj20ZkKF2TWPV84+a5hxHmPlxlUoOt8+kMjJubm+EnlYMRihp0M9/cNKmsdqsdm1HZgL1gtsBh1swA4MNjZlx3FiPmH//jP/niq19cnh5Iel8fpqarm4ls//51lypm0Oz73/3Nx8tl7lfdtBIKrXX7ZLytZTTr6Oj3dcGpOIAkMCPmPjNjuTosGaGgcm8SZOcfYVgusRz1tLsbQFPpq3cqtKpOgdqqZbREjW17uj6IfsusNuNVLOzheHVM6+OP3172PWV4tXq5+jTVy2qsXasLB3/T9ou60J0RJRgvo0c0T0OzmTOqrperUE7MIEFfq39RrBy+3d7ePT48GE2OVzBzd1A8a59yHvdJQyymQYilZiUri9Vbzz799NP7hw8ZWFmjCLMx0H3trpH9NEhXwGj2dzE1ancXxOB0jYc2cgCI/TK7Do+UMk9wofFA1jbG49PDde7IOKBDrcYGgG1zNxOUUYpRTAS4DWerkas7i8Yuhbj2lhegOVHw73zv1+4f7ud1mvvzyFkzA6Vru21bF7GLSVv8XFWVa1602NPr1RFPGUnoH6B5D0lswzW/2FMXXcUCHd8AcLhF5V9+/peXyz1BFt3M0K6qyok0wEzLm4uICLMBbfNFQ3k9ilqMGlfnmuTT5WKgVDco/T4c/jZ6IdmKSXva9947JrJWEry2xFhvm3B3c1vGiehIobaOlG+tfxFRQUE9JMZ2yhBFYpJ8uBnMvvj6y8fHh83HCsVkj2Pai5c3UUui0Im0ObiqrFnPKbIPYr810QHC2PqPq5yCYJp0BOua6k/otwMEUk0eX9SIfmJxyRh0Mh8uD5Vp5Q0b9b27hGsMWyUhbt6dz0lWC0rQBSHBAtufTMUdaKYVjUTlzHG6qarL5bJfNUvgbrbvQWrAILtTJ9ZMfHBWj2sudqcRjgCb5BKr1lmIyvb9erk+0ig9njKAN7SBu+lN+LDSbkpFCrWmG5f282p/gh711i16HmJtJgAV5NPl6XK9msal2AUvlni+eXIeCk69QY2ka0S7uNxhdRUXt9hkRVQ2vaOjKXVOASgrtkn0wtSNpzt0MLsmJDLd3Vpnsf4jCwUnB6E9goul0t8EQ2VTtilBuarvNTl/CH6w4D8XcimgysZmXAyLVAwSNnCR1UYZJLY4wFY0Wpsn2XzF6hJUf09pMXMpZAqTZFX6dj7dnEuDRLrb7dGrWwEfzXkP5XVbxZBavGbFdJOa02h2vTzs18dtu1VVttQXfVMUYqr/bh6CAjczeqF8WM4EGfuECD/vEWG9K+uYCZq5TFfEo3TBqqZPVUGWSnrCnZTRzWQealp0Il+bX9gmewfXKfrNpYVVg7unZMtKLoemPWJdCHeJpOhMd9+8qug4395dHi+0BWWyABvScnL9ftPfTiN6R6/19+nUWEU3rrV/pipFBg7uhcqYNLu5uwvpy7u9UIdRUEfKZnlW0hGrGtqmrpF/Rap1VJ2+es25WoFcl8i3cXt7s8dcd4lqGuDQfYU416OXcpjroKoyjj+jYXGqH+ewrPr+d3/9l1//EoGq4jAgVaAJHFZPqq1I0bdmxXfF/MPqZ2kGnnOnVo5D9llw8zmv+3412wBKoVTVwhhvZ1s0DO1tpo1RzNUwaqFORHAxxStUmfkw9xUuuvoUXDRnlt/cvbx7+53v/dYP9usl5pzX64KyNcY2I7S7wzq2NBtNLOFI0x8wamxA0x4oMxq2bfzV538196v7yKqKcB8EzS0jSJlyWGNiwIzmw2kkPzy82/eHYWolla/mSUscCdWzSxiQJlRj1VbpJJBGamNXqq9oTuPYRs9Xr+F1M6N5951XvOyypButLa+icfmIGLplZ4BISqoF5e5PlwsTbcDSe04IVGmF1jH8BlbVvl80FimZjGmLqnJToirMx+l0njFVmPXncrr5cnWEGnEGnk7b8VbEEl+v1/M4abICradh6rTQSDudtvPpdLlcaPqjrRFFFo5NMoSCHlcnCCufdGSolejNqvDu/TsAg4OEDau10Ehb3lSzSftrtMoyaAKBOZsckbEf2Wo4AMPcfMnAcmXT/prd3aw6jge6H2wcPjQEoi6kb26knqfkjtJcibpTVzAzCxUZC4HosGE0uw4uDO3bSNS7+w8RMWT54tb3o3IbW2M7iRSlwOj2W0OKRTrp36sDPvW42cbmHTxW9l7RUJYbODokq1FbIHopcl0vT2rGNDvQ5WwzYyXVO/oC/kc//M2fvbuP5itqbQ7T/21eFzIFJbj8oKqyKq2FXj2iqZ6Asht96bWxkCutQ7Q2A3T8T1V6JdvRzHVzxIARtbagsOVvWqSGKhveEbEwhlfzynBaRRqcYEU7VTX/UnW+PbPqep3W1ml6KJ2MNd7DdaJa8bL6JrqxiyPoF2PGMZABFODUEqOGuooBy/DK6afzuX0h+iw4V5UN80JFhMvPhN31aJZnCd30YzWf//rV68zYZ3AV2M+RjEXCxkBmhJR2vQuCrjqkZyDdByrnnDLAGcOrkNF73NBeiwDKxsFpgqTey5Jzpi0VsfQHGn+q1eDS8aXTWlnFWrnflNFiuYGvr4z1f7CekJCGflkXpfo/dUqm+XW/Xi5Xd1uCn+o7kot10gzaug5d7vYXWw0aLoOOvgALfUmthHj76pOb8/np+sh+Mf1oweyU0Wvamtw53mTXaJpJ16s//DL6M9BZ/enX9UGpCckmVXGUh0YzXxO6IhBkeo31dFcVU+bDspIwtl9t9ZjKKmag/fDsp32UtEC3OPQcedzR6idoJlV3tUijN19YxtxON/t+jZjDt8wa20CuAEc0AHBEiGerlJsYhbPblKOqho+jmWI2Mqu3InchfrCsQCsibbF6ELcWlZX56WefXffZiwQFNDMPqINmFXWFCJTIDNNg4oFZ6yhPC0l120tbnavaFb6O39XWWlUQXJBMmuZKcAc6KUDVyBJ66udlVxYke7m3Pl2Zj2yDRsvIxw8f3N3IrGDzPkYyl2GDQHf1YpUiEHH96JNPP/30V77++ksaxxhdMxYqp477mjnR8nZb56O0Rr5q7YFrOhtobbQMv3kkTnl+1UGN1xKvoSCUnEiUBAaqH0rTvWY+xrad9qdd5y0zT+eTmobuY17meDYeWRe1SvLf3iqvAnq9ZLluSbn+s5/+2GhImtnbt2+zMPdd9jiq77Hyl/Xf/K2EAenZ+ptIjFZVbHVikb2swGiFbNkrmBkqR90GtZGxpb+GSjOLjEKy0YdiFyqls8jMun1xu51O+3U3qdSEyjLUgtRtBDE20/oLNz+fbvx895/9F//V//q//M//5z//F9989UtCS53LyMhww5zThzcduHCHLnxmaNpJlzIijZQVFaSXCI4xqhBRLRQTnGYZh0Y1V629Fh6NEZGERSR6UUXH/ZW5VzTSA69We+pOKDDqLdmQUTdpoNnd3Z0NvzxebAh5Vb/Jog2iak18asRfsNKeQy50EYSHLOUirwyxFpF2UaFVVo1PYL7m8TpGFsyBGmMzct/3nlklta2c3eyvleXom/doWrVlagtrBNDaWSVNXywRkTxmJSrNPbISmFHDPeSsVR2yScuIx8uTTEIjNUxhJSNY69LbOuP2hngA0lGQdgQQPbMxFsehvr/4b3QLtwiDuXWOMxsRYawZ6Wbuo1C+DR8+527LUEXXyjbJ38mFzMCCCGMbWpShA7YyrJ4XVnOw/yAVCtwkPzPjIXfhSty6exIIk0xC++zgjMiuc/qQgMmscpgM4iIa5Rv9tI0kZOZYLM0W25JfFjLbt7QK0BppVbY9qqWJBXOp5RfqB6jhKHTDzsQUycu0JzJ0JXRxMgIFumt6+KDGoJ0f/Z3JgZd355+/v69IPpdS5AFqlg7Cx9qTvRKZiq0GgJ1eVnNPAKrKNeJJmPwVCFS5o3tIXUoyEz7c3Qz04dc96C4ZnuDayrUkXaMrY4yKjFT/sPMaSSkq6WJ4aGa+jUJWxXCr4uXpWhmtYG0WuR2j9LjpRwzoslIzDQofq/uld0ICZjbGiCwVAOtXxZssiIsqpAbT95hcNHAr5s1T6a7S+nuut95Aop9vyKBMJTX5cHm8zin9hcoyHqI3M0ktqblCt4hQnHR3Dae3Q4Hp/+CoFWv1IhsnrCOhf1UPRu85IvSUzE22XevRWP91gCpa8eJd6neHh1DiEb419TKq4bwtBpXfeu44miHEt5nuTrBdNvQMqsiL/rQg2r5WrQaRYvpNfWl0oE2LEUEDE3TL1PitkEo5DWWBfNwfO7y18YziL2SoFXMe8WTxShrfTRqh6fSQkMk6o0NydjhsdORyZIAGTbI7bQnKWgNqUteIrU80Xwvw6BnpKScMeP32zQ9/+7d+9oufZwCVNBdjIkBjPae/ADHRU2xamGwc21DSKlRvklvjhMAqk1cIkThVDPm8XimhFlEobWnJTFXgMUOPBiQcLDsCWp8n0pwxw5xY5UdGlqyIU4briy3RtEanZ1O7Vh9bd+Tx8SH2XVUv1KyksZXx7IeFIu155LPL73UPAdhhCmmVacOrKmcAHViqinTX6IIZn1ljxcpqHUusU/4tQzT1NDPLzJC1VpjxdDqN4ZHJJZ2iWeuOWNlqBFRGN+Mqq6Qzlce7VcngT56+HMOLfr1e7h/eV6TTsyITNEv10IkK2DBmm69J+0ggYlZIOCxK8jli6UT03Tcfw/005r4Xj0peL9iwZjf1kBtyFpp6NOu5bGfsuV+v5kQBVq7Fq1k5i8btdOr1HNGmnAC1zddWtgGgZ4Hu8ZdTls/V9R0pr4DrftFZ6qXraJlJl8y1eDscnd6041t39lO7/HBd0uj/c8DKWmC0/4JsNmXYIj1bTKVJ9HFS9at3nu5M2nYe5/PN44f3JG1sJv30xEFfdQI5unhVZty282effefly1f/17/451/87d9eLhft9QIZuf/wt/6Dx/3pul979HC907ENxYMxBoGI/eNPPnn70cfv33/jvjW3pBF0dtLql6xDALlpLapV/GWBQGTJRpqrNLWeglaGUT9ADWBUHa6d/SxF4rI5endzNWsjUJVzv4oQyUxzP51HtW1bWxiObdycb/eaypT6DtXmhx18sHo5gXj58uWr12/u79/TmJHuHnNidcLX2H5fWK6am2SGDlF1N2mtoBdkl4mRQJfwx75fEUpbCytBJW2ycNrGvs8Et227Xq61IgkIDVNR1jdN20qyUD4cxcjwnsJXtCv7/21qzwbSRw1WVSyDFWlm59NJIC9RYxtmEA2sm5tVqKwkNNNVffAKAJJmbqxZL1+9evP6o/uHD6qkx2kYOfdgiylh7IIhI+VNnHLTg0ys21pN9TYXWutYmVVV5radhkhNvR7rljIzOk9zgRGiW684uNsen1CvPnvioYrmYGXnGSQWAyO8lBkRwlD81hwnVoLs5N1NwmwY/62iU4ahtvZg6OH3pwHd5Luaat/zwAzyul2Ek0Jqr8hFURaZkPgNBDNxPm3b8Mt1fvH1uyVgaWZvwXOC8rjr/lK2NblmnMV2LU7uuPJVm4/TOIGYGUjQtH2oXwENXgasFCgtDknDvgdR5lahBqAm9dVdVcfDjeabvbo7P11ngZFh2mgxl3sAACAASURBVEHVSRfZm476gdo2NHNo5shEYgy3seaXQS7LOi2JSjWu+zSYCj+pKBXWjpgtNANjVc1QKbem/gpgOfpPHKrmzTwWPdr1cHE7nYZ5zuTSzyytSpMdwt+gRHXNfXBtINOc2+IaSarTK617MeWZEe4jZq4qmnOmZvC4KC4dlJ6ppZEp+CfeDFIfI22YaT8WDcgxDqMtS323hQFX/XTIIUADo3rZDCH4BykgoJmBGtrU0cqoXMn0eIxY9CSBb4Wl4xJ9q+tipf7SulxLykmuK7jyiBL5ojv7O9jqxpvZaRuFLuaV0eY+dWMWRtQDJAAzy1xQoDkIvdTV3qRmQHFzPifbKcy87zlJpw09GbXA0Cwg2cPxAMrMfGzDTzF31YPGlpf1hBC/pdhBX9SnfX96erRWUuu/Hn5M1jFyoQesR3Q4mc85l3AOkmNrpEMPS8Z2yx5FlkkSW1oRtWytgRyn4dtpbGPuExqCMMcq9wi0n5fb7d2NWQ80Hzw/u9dNLUvPqqqgo3/RGqK5m5nVtclRcXiKBfLbXgyQCI/1BldC6fe6inEJKbKpD6pN5t4Q9/ilviohULKQFwDlVCugfDmhoCpjClq6uw3XImTN4JOMTPeWD2TlPicJsMxMUhzfPGZU398+uEsFhEL1uKC148vYhjz6QSuyEhWJSNIicpUuGuHSVAPuXrw0t5lZPPYgpnmfOYiraw22qfLqLAqOzXJm6hB86znrmHf6ILA08qfTSQ79mTWcecDtSHNu59O87ueb2/PN+en+AaCVJfPtxx8/PV0yQnwSlmxTuFB+L9Y5s3MkF7yWnWjDJvC6X0obUskQ8iE3bw2JObuJgTK18Z7bm9KeWI8LqPxQMNKryFx/iSsbSd0rbwoYAa/MjNVDhhxaZALqAoko+fOwEvv1er1cqnhze7PPqWa3DnB3/AH0nEj17SNQ9dO/+Zv/43//3959/Ys5r3PuLeULVNWl9sraZ9i3cNWBTSO0agGxx8s3r8z9w/uvaeOAC5rhEdHldDV/Ivbhg2Yz5uJllGIFtwiAhlastgOIvujzbdQUBzSTp0y5lCod9IjKiuvcThtoFTIGtQZyziqNWsgoYzmcl6b6ruLiu2nL57DZ/oadh/K7v/a9X/87v/755z9aTb+EUX2wRbGuz6YCY7iarpJrrr6RUODzCBCXRu6IR6WhoO6Jd0h284jwbbx6+eq6592Lm/MYl31nyybhPoSAzcyHRHeTBTpubs6ZbfM1Y7oPruZwplYat9gJTXOXanAhDxUCbsPNZuxr0hAViDkX5FIVZr11aK1TqI6kfRsBwLDnvO7XzU9VOfeYc57OZxqKilH7anyBaxwVxIFJ2FVZASsnCMwTKz730EXEJHg6nX/4Wz/44he/oA1a20weYUrMn/q3ykGn86mLjYYyer6SvogxsPYE133nom1Zw4ZO/jaMzeEQKLpBQaEzbwOERqtCY2KVTPRXVX/Qiir3cb69idhrXbd22FszcuKZqgru/RexKst9+HCZ+Wu2NKNevLwzcN9391EhCoNdA6n2NZoxZpcNOG4uaO5Oh2nXWbcXjCb47UaXH2LVOA1RMJL4RpY6q1W27H3b8BdLql2ZKjJXcwTmrdsGLTNevrj9oz/4u5//5KdqvB00cQinrHyuLBMzIxv4hlqdAzlL8tdhbmZVFRUNgbTMvlH3IW8pzYWIYRcCaqyk2xoNUBcwwRE3Vfq6jb//u3/3Z199mb2XjSV8RMyIyh4hWxC/FZK618oSgLTzekFJs5K5tmjmqkU4dEGeHUHo5iBjT5CffvaJmc/sVWeH+mUVYceLLG0tpDNRvQLVbfUHG49HzbGdhlyzGjA17Mladh3eJ5xNduiF661VVS6pywHGgUaNZs8CdL3jqq7MSgEAbGFdVYHVTgpc3KyaiUY373ZH0zmSCnZ5AvLwP0DhIIKqARSIGts2I5ZPRkOFg5zp3zb6fQn9SDrTdG8t6lANTiUk8tWr15f9Wnn8LSrY4dqzAejte5XGKysy2LMzfcQqJLVcrXo05dwfrSf9iYKNsc/r5eHBzUhRvOwCS49RuyfUB6YVculWG0vqfxLegsTzJqgqAMnKPJ3OkSFuJaugFqB3L4EAmEab0YoHiTSwOoQVAeMw1x/Nuf+P/8P/9Gvf+e6f//m/Arxamqic0uRURJTVr3z6q4+Xp4wgzd0zVMqldAjn8+nly5dPj4/04WNUBLBsdIXUSvZq3dA5anHSREV02qlmNFvHgv7V6+Uq9ZuimMNFmKukTpRMu1qE0GxrTyUexEIVnB6ZVd0c11YRKS6kdW6/Tk1d09z9dD7PfTf3RI+7VePE6jOwmhZFka8cvr18/WLfd6ypHThzn3STifucYcOl5TAjzGLuuc8F8orUi62a0iX0pIpRVgO1QnAvZ6BZznnkFT3hrFWkPHtNYZhnSMSC27u7u7u7y8OTeVfrMUPH4Hq9rPraC3X/+FCZY2iSTN0gQm4Pq/9tq5GMFZwry5164xG5bR6ROqtNrNRRCIM9YMDGwtL9V7189cagZTGSdbugJaDAZnVktjbuoA233lrKyEm3LPzq9797fbrO625GkQFddEsw7VZFVMoNSGOsY9tQ5T5ubm/nNXSV9IrVR1yZEX3TrT987BMZH+4fsiapjh9Bjm27PF7mdV/jjAus0jJK8g+VvnR/enh49+6r03arYNKd2ZJ5gKJKVeb57u6P/uiP3334cL1ctALM2X5HSlEr9R+CzQZl6F/4NsJrURO6J9PhsjWYreWwm9tbaiOPtSABi65TJ1duCF2xAtG+CErfPe0MK4PFoWdQrUt/9/6bH//kr7ftxIIKLtFjSPVpF3OQiJwaf1xVTjejxfGYTDzW+BeXFjyzxAJ3LlG0ELOmksjdaJfLU+SUpqXAiN1to5k0RWa+nQay9n2KbpjX/b/7r//ba+YXP/+FJrPdLGaKb2qdjzK2Tn2Lg10ZU5IlqYH3uS98xdIFr3b8EK+k8uMoyQhma/rL3NRbyMzcr25bdXnDrLRhc04zf/PmzfV60eFXgNAcgfjwbLOIVsjQTEswGy26uZu7LdGE/rHM+fNf/oLkaYySeq29q1qnW1VSDozhTXQL53gX3QKEjY5BmRAIKLqUA22HZ0ar4rxcaLadhvhOil6rZ8h/0HoKbhQPn+hFHAravZ/BGtUhJbogJPiv6k8JQDtbdWkaDlTjaA3x0zpjMbKu++WyT1+LAvTtBVh079taeX1DQBCqZ0NJZuYBgZxmZpUkUi4hCuaUDCzTioTN2P/4D//hhw8fHi8XyqBW7RkxVoZjIC2y0JbBxaUXL8C3cblefvLzLxKlfblGrKso+a4kUEi2OEyZqTIBO99sN7e3lxntgZslWPWdzz6lbU/XJ9nPICHPkz5gTYqDPAxjDB2vVKnJsadrwG40VaEgQ1I4vnr/zczdYJoYV/prRlI9Hx7k/wL5PYnWvIFJTlvGsiUlQGpuZyjWZXOyraxBwWKV3Il6++Y1wMvTNSvcpEO3ahyIZy1Kwd26r6Ib2qJcEogZJBP5n/7pP3n79uMf/ehHpGcIG/WNE5Whq6LxzDU+gQWdu8Ja5VK3Oyq6cFjV4JGxF1iV96at3wM+53WdvkNiLHbbXEM+x1IFnZPDiFypp8diGlg3iu+SuDhn76QSbaWoKHO8tWnp4Ez0lxRQTUmrRaH1iEQXZskqXK5PGSFlsaYNGo4ZfX0jK+TdqxeJOIYqxbGhkoB2z756/SqrMuKoi9qqoaCxMh+jmryAfmd3xNb4cmuKDG7MQmdnbxEYuqq1xQVCNKuZ18pTej8vX72synm5qp/SPE1VZrmZBNBKMBWzctHVqW/SkWV9bPgY//7Hn//4p58/Plxc4BLdImi9l1pdZOSc+24C7DZKSQIslFVJSz2jzBiz8Y0KicXAoTtTbcp5zJl3MZBV7YajKJjt9GRGo0WE/kVOlmOMrDqdRuQ0GGVnAdVipjnINo3p6ssIq6yIKOIf/Yd//LOf/RQokjEn5DWgMyKhLS1n6D/N624Gc88M1DE6KdzmxFpiIJzhkvXl+fb2+vBAtIAHADi6asuQtcK87gDNbL9c9PrdvSKwylnttDJCuARgxCRqSSlJAomMeb49pySSWuumD5gaMWwsLvZKcYQuRVbtl+vMuZ1PkTGGg3AzJ2OK38WiMcxsLYDMvoH1XJ7rSUuGcciVVoxAxT5Ja53bcBQzyyidl9OwVi89FwNMGD1jnxlzTgECqrEMCVro2xibltHoJRtYFZUZyHLnnEHjD37ww4fHp/v7D6CGF8tc1XD65mNstNYKn89nRaKmi1kRBeLp8jS2cXd3u1+uoKlBJLGjsociuVzhSezXy4xdfPxyOrKeAeCA8ZApP5MyBDTcWUWWkcPdbVz3i36TyXO6uvKRJaWRttmf/ek//Xd/+Rcf3n9TVW7WatcubwR5+u33Apo1OqYYXGtMV3hfH22xJnVkEY3tGu26X6/77mMUkq2f08eHeNsXd68i65iUMO01gUkcRC6r0GyaG7XeeSyAH02H+BjaWu1depWepRigsXk/YTFzZmY+KzJ2czo9KiW/IdX9oADbcdDcTFEIvvCurv3Susx9v7s7/ef/5M/+/U/+OtqQpwxEkD0pSpJj2/7NX/y/v/zqCzYGBUEfozVF0utyCZOqpGZCywibY17+Py24ijnP59O2be1YlprIqOFeWXRW1BhbG1kwjaZyiKtjXKvjDnC05McNedkvqLIybafWCTQnaRVVme4w+tiUS1oLo3GQzBxjG9uWLY1VdO15j9zj448/OZ/Oj/f3vTiik2S1DzXx0ZuPnHads6nfKlSpAmr2DkIyeRATelkCij29kUGzbThg+9wjZjP/1ZzdUd7xYBoXjm/MTQJ4dXd3uV4zy9yQFXPqrukftQfFK/aNUMemJT2F3hWp6TJwDdb3aKBGtIdZy8X6H7FaUlm1js80eaSl466JqkDQ/BhV7e+hWoaFant7JtiiEYxtfP6zv73s182GwlhjaFtbV60rLO/OHWqFbzM3MuYcNjKqKlW644jpPA6LGM3FayuGWDMGc4/Qkk1N85sVmMisiJnmDqQqHXTZoFO0GOvGYCBsKTmhqrsqOWhmqdCByqhm1AW/khCDV538Kcrf+gmzQWS1TBhd1bJfVs3LdLecCTcbFqnZUPhwH74G5RW9Gxj3fSTd7P7h4cP7dy9f3r15+fLh6RFlQhTouC3AJHxlgCae0EzYwbGoS1sJ2i9+8fPL5ZG1qgVqW9wMTZPqZOhUtA0ZIWcXNFJveIme38CBwDW+GLNRX3clpQKpBUgP76NahzCFftFcqMJ1yE63C3gB+NbWSWfUN4j9/YAupLtncDBOvZutu4D6FHpEXXZ2odL9N1bBzcKy7fDcMzXmUMPH3EPc1lq8oVMDB4bwnpGJ+oO/9w/2/frh/TfkqB5YW0ebCYBusatDYWTLtYzL9WS4mMjK2V5D6FkHaFJUVQzrtN28ePF67lex+sd+pc43lSSWoR7s+ekI2jErr5cLqirrxauXNrZ5uZp7tSUBZGOCSinvmlGvQvbsfTUbAZOvfPH+4f7dN++NjpBdwKQNGxQWzAgh9Dl3EmaelRECSa5CWqdkv+5uvVitJO0AqrHo6vfrnOlyGuHddcFC76KrrT2CPFPZP6EQB2Tk93/j16Py6eHdH/zhH95/eHh6fJAySmXxOjHPRauWCltXBmbG737v7/z0Z399d3O3z12uSu5Df6DL+pXpe8JPC25UxJBoo2h3dwFt/QBbHrSVebk8NcBq573axhaVf/yP/+Pvfu/7P/6bz0XOgSn9sI8RM8gq+UI0lS2tSZUU3rYsCppQ6GdW4N3tLYGZIX5HDxC955La9LDIgeq2FVDAfp23d69++wc/+OLnX/haRKVDAkLnUgV0IgrVmzYFILnSsv7pmqKUD9VexLHgw2yctv26A4x2oii2IWN1fd89TD3lqsB2e/70s8/effUlbOiCAKYeN2DamKwuZ7sI1/oMMlAzJ/n+w7vL0xNmVtXty/Ock/ScUQXfxsyoKpNhmHtFdwNKFakks20/W7Gnn4ZReqGmnN1bgtkam2QVlvVNjeHVNUv12I6YI/RaOlBeW1pqDlS566vJhsjNnCViQ2m41ZqKPzmv//e//pdzXtxOYgO6Ibm2ZKjL1FwLV82BBbUWGlrUCmvd1rXeDGOM1WSlaEoufYb+i15dJ8WqQkROLFoRAFhJwuru9sUeO+EFsbBd/NMMtP6O4BExqmqMcXN7e9mv6rtKcK52yOm0gYwM3duIcJLG3/vh73z94UNGdKu5KTBrZkmQjVYV7MasutiigEtUTLJkw3J3d/tnf/In/+rP/42UgFL6dYO3/6quHLI7Gsky9bkzo1mlLPkzHU+ETUfDzNm27pKINnZxG60nqYz1eN3bfKCWxMvMsbRpje18KM/1OIQ14FFyIayibTWrqofd+ua2tnB9DGat0VK25YEiTsTU5G5P/xWyd/TZ0/54vVyqN7jXwnMm8+0Co+Lp+pgzZTOtDNJITFhBYg3BFehQid5orroWBxkacKn6/ne/NxP7fjVzjfOppqIsQAXinilJHXrLqlev3lyuT9WiviJcN+hgRkWkNrcEJtoiCF1UUBOgemmZpY0HmvLUFEVXeWjAzYX+SfggwTUSqPpbEgCdQw1UcqnB9DOZVcNOvnmtQbLG4BQsMbZ1Vy4gDLS6pjOUreyAJRdhozepKwMaejG6S7iFBlxyDDO0lk3uStnrGfWV5UTn1HI9zfv53Of1ctl89NRMFYu9PWYFn1aLrTpDt6DRqubrjNt59EIeEORp26ojm5aWlJmzd2aB6CUssr6I5IpW/RzQ3coS3Uy303kz9yqOk4OMqe1i8siq1Xs95Jvl5tsYMzNnadLHzJz85PXb+8eHtfgLx0yS0K9m5VbTqE8RmzxU1wJu/uWXX14eHmVMt0idqgzz8Qe/8/e/+ubL+jYikLqCkPk7F6HWn6BF/wI5WLNRaauJJJBfBK1Kv9MowK2axWCEAzB4lxwgVguxQHc7nbZalLb1ZLY2LhMs2LeaIQvc1iL1u+7vX+77JdqKLdTkGPL0JDQO1xVLnsb4p3/yZ3/5+V82g0uY+fnmJCzXHja2unxVLmcklUEG/M1P/+bp8d5tW9mqP0Ou7SdznwIx7AZgoco1/lKpNWwNIEEfw4enfBJWBaVpiqx4vDxUzVVNt41LF+LkaTvhucvQZayangC6Ta3wZBZzZkQLY5bLcGnm7+AwADOvpfbSCB+KdHNZXCjQqPSrtOHiia0PPUmRLgRZS+escaEu1bqqbp9pNIMNbb5Qq72BxQp8KukXvJWNXfOO1h6a1HdRC2B1OojCrHh6eiLGz3/5xT6vwxze8/P9BKgOjMnWUVNHOis2nGV//aO/yKhPP/tOZl6fHiSBJCk6c2wDBbq5uhmNolFqaBa3bWtRW6paVGuxITMKlTlO2/lWWLPU8lbBd/f6dWT8/Gd/23pDtzXmn2rgCLWZ08fIbLryGTV0MsLqk9Qw37bz49Nlv1ycRrPz6cxhMeNIz+4OGvrdrfo70pxjbNf98sUXPxWfDlADeTTvBjRBMCI++vgjms39qqeKgkKtDGQBJNJalYMOJGTO3cd2nN7hrkC6Shi0J3AfErODl2kyUHRDrBJal0I9I7WEa7h3WD3OWNeCSnK2ciqz5j41j5r6CmOM+bR3KV7IGTJimlNUTxatoty7TcHq3QWLJ4coCBJjc1RmZE+/WN8qM/fNK8qH39zezKzKMpOqVY2dbhG117BgYi27km3LyMh5Om1Tp5rICHcnGbOyYhubxOtmC+QZhw29vkULYdH0BaAb4tQuz462JExfFYgZJu0rQNacKUSWWeZQ91mck2iOqpUKUNl1S/9olQpV6WP76KNP7+/fU5X0sKMYIamZuQZJzVJVzPiVz77z0dtPvvzFT0vTHbTVqohEzX0uBXh5LzHA49yv1ydTFWcr03RfLd2dspqodpGBaYJf5RIO8hLkcJ8R//Jf/z9Upf68go3DLU2ey6yKKviQDcBSFdZSOxegFsQyi5F/P6rMzd3nvCq6c1WHJblo1ow9JV1uCWK6j8nMrOFOmiYEFuORhNdqRVvJ5AdmQ0o0QTQazL06nhDsqNuFrhlBzdOMbSvWNkZpA7WiwQwmbLjysDttG1AuzaLupUSvz5WGEJtnYs4wqmbuuIiF+Agq1psdkEjES4nFbQclHd1exlJZPN+8eLw8xFRi7QCkuCzsrfkGCN331bWq+vDwgRp1zNAvVdVh+nd7e0OtK6Fx8eWdZBoDar8VhK6iUksYuusszhFsGYu8X7qmIIAxXJKVhm/60BAupdPGMKIdrtXbqQ7+0rhn/3st4kvYwRmVYjsJ2XCrK9Jv3F31NtCkgwB4ciVfGty8liATnThWOFEIR0fo5/jSH0P1VWWG1sRUptHGtpmPjNks8+AY7rSAdo1zsb08wIHoLQGkCESveizpQrbNXr9+ff9wbwdtoTeol9EcVVX34rpb0+VCM8xrykGFguF8e3q6XAGE/JrR6nuuenTB7W5uKxdI2tCrjsmI/PDhPmbWIaNcJybbfb7RXz/dNTiHamlTq+0z4aMnlZpfU0cF7+/fX/dHnZlWvrP5HdHFemUFfeulGDzK0CrlrjGGmWuNTF+L5Vms71vo+SjCA3nazA17QXOeC6Tqs2eiZNZktsYLm2ECW56/yq8GMqjM7bQAklje/mOrVgCOrN+BzhrO0ZCo4VtU/Lsf/5U8a7MSsJg5Y2JtYwfXQpsCC065AJV+lj8LV2vtEutyqPWvdgiRSn3u0qS+0J5B+yabMtTEoQKVDwHL5QRXhYR2fPR1oa2V5iV1jTRDnbPUzZHfflYR7siqbYz9uhewbZtLFb3oPEWnsW2QXBiozEHXshjrRoxuu6E5JGRUVZRiTXbB5Jum2DVxxrH1RHa7blUytVbTtQEEPPalECiajWE9vLRixJqmKT3MlZdhvp6PekgLTRyK9vakp12vVzUVVC4jkYijhGiI3KdHTtgqcw1yCM20MSrr8fFxv14E9Tv+tZWvVVFPezttmbuoktUEUHuuelNb45++zaooC/Thmgho87n2aLBf/uLnP/vbn9ycbntYMtPNi8g5X795+/btp+/ffWPDxnCSc4ZmkDJz08ihqrLur9GHyQ6SQFag0sC5p0I0FyOUWRW9amh9FHGgzNkjIo06iUxh8qJzEVgA6IOIul520gD5JFIRK1tAhXaIBDPSNndjgWP4MPvos89+7/f+3k9/+mPCpPRwcj0c3cqV27JKvRr3rHz8cL/51nnm6NzqHBok5lEV1mvpF8OnihaV5i1rJDBswDwrT+dtnE9j22JqxJOJvH1xN6+zKiv2Mdbm1CwOVjLb/A4kfROu7CiZMzSF030/JoEKRbKMmX2iMmOfUALu+LiSOiQs8MpqaWdJJtj81Ju3H2dVxr4a2cyI0b7RkIIRJZ0QSpojh5r3lavoMuVewStbsfnQAcDMIoLON6/fPF4e0e1EE2RHZy2rSsZyNYDyL4BaqzhoPXsgskcFnqHmh/tvtASzDdV1x1dwA9q/qXN0wtw/PN7/8uufb+PkNA3tdMFZQJWBw4bMLVOxmfb04dHarrclvlLJiEpsKgQlWR2P/ojG057bNEQUzHKqpWY0RiQX0Ek5iXEVSSwDKyX57GmIJpNgNGYlszlmmdHIqy1i2uafffrZu4d7FntDCBYSZVVhcwfgxDBP1O/+zu//J3/6z/7tX/7bCGVu6x8FmHlUVs31xbqcPpRX0FYjVfelCNAXqlasr4KRm5tsGM4vTtfrdcCVXw2wZ6eXoMnpvKqyMkX1zwgeWzld7deR+qkVOuu6pQIm7Ka6HmFpRq/PgYK7Yj4rY+o9QivhWMPHw/2HPqhcL9ta89GRmTL+ak9hk3GNNKaFUtPmWyp0LaiRB8u+z9UZrlrQ39qiB+a2bK5NLj36e1oYjSR6qUWzcl2Be4EVgOp5W/J0Y/YBdKsamyNBlGkwGCC0/TMObUdD5lVo1qo7NWS4+BSpQ8u0aqrI4gx5o6m3IUTWwwzqgauCmO3PS9Iga7EiZU+q6JdBQ2Xa6FkWH1YhIokZRa8ibs43bjZzgo0K9msga9s8u8EIVJtHNTzI50+PKB8a19QUIlB1vV7aUL/5iDqcBdnTq2aDEL9gdsw86LE9TwXoi0Tt1zl6KgEg1gJWddR60/F60hhaIZeVBhv9juecEeljc01maghGQbd/FMEcvtUaUDxIqyWrEvRrznNGZaZ3+dpIZ788yfNN71LzpUctRqJpetbRAGzHvPUzBJcqnxNGF948aMKlqFhlROT8jc8+/vj1my+++lqDdH2ozSSIRGLQliV6qelatTpRC8jVcrM1M3ehRta6qE1RqT2QC8vpmLePgnXiUKwqDGoQaKg/oJaF28iERmTZowUqM+hGN4gFMRoypmJ4k0GAZnVXQW2uMSG3TtdtlYfMHNsWMUl1Hr3lXGh/065FtSDeXTZ8PRFRxQZPynUotVYznS1vaGZBHJfcnreNwFQ3CwByzrkG27Mqx+lEqzG23l4B+vBtGyELF/2s9Ux7nMU7KKGpKkPRt1GZcwYobaLd3d3sexx8m16HlJ09ElB+Op+iogIEq/f+Kqz0TH5TBqtxpG6kmhEZgaQPByBCVge2ZmznU1VtN6d2Rl//sEpjFt3db5avOfKMSK0ZMObeBilZPZ8EoEr78wpVPszHQN8TFWT4zd/63ffvv4lIaz2Ey00S1Mej9zdZwoqqMrr5nHPOOLxtaZYz2ISWzzlRWVGLM0AVZs7Hhw8VYe4xA2U1Y4wTKod7VotoC2XSmzUvIxa2xhif/eqvzojr5WLDJCBDldGlOK9eCF9NCvo2xphz6iBUVSJ16sY2OJxrjkdh4Pr0lJmn05lLVCFaN1HsyVGYQpKpUeNlHQAAIABJREFUw2QwSsRwvTy9+eijX/u17//o87+qKjloSKasFdrdm6jm/1oxrPaA6TxENVYQ+ecEu5nQvAj6lrObWT0W3511VMHNaRYRFaGr+vT0KGMKwfHMjP369rNPP/n0k6+//orjVBEmTcXQvHXBtSdyBSAxk7RK7HPasmYnGHv4afPTyJi5Cl6aOy0qe0aKjEWB0kiUD5c4MlkNAs0I3j/ex9y37SRZsrp+p5tTFTKRWT4ogA+amSWyPG9vXlyvV7MBORUaM7RfrDLjSGuJYygMALcxfPPr9bKKhIZqY3jGIieqERPYSEhvvSX2DU/Ebolia2qzJJHS2kuVmtVufEqI/eGXyGzBWKngDsmJLgLdhm9Wy+3A3IyjzFqloxjeIbkW38bE5CD1kyXdy9TYP6Qj158x+UShkDNiv05zd23OUsIILRDWOBTFpiyFRREw9/abAFAlW6rJebo5zZyjqfHuYM6505hJ2tqcKB8aawG6LoUInruXr37yk8/3PfTfDb2iwYdnNVdS6nmwpHGXW4sE61W8ub2xYcsGWSqVvjw+nK02xtxTlL+OCll0bRrOLmTMYmbOkGTf3BJ5Pm90j9CPW5Pf2ZMljacjzb0y3aXIXYyhdqH0q+v+qqaTJVPRLJAVEmU+Ys5nwzDr47EOiZKonOeZGbBe/Ttn+EmeEF2M6w/7aNMwgtc5Y8bw0apUveHu2Xc9oJ8TOaU+chvyKc8Se4tM6Xm0k6pZ5ESPdAPwMVQi9UeHqfvqhs3M3M6nETPMrO2rke7j9u6uEOqxo9vCjZKs2+5Y4VFtADb41OhL9UQFWitVxFqO1ux7w7+uZNiC+1rzcodqXB+9ZHFLYfCylncyq4R8MmrfZ1VVQlPdqqNI6U7X59bosaTEbNxIIKvcrQAb7Utuz2yiQoUohOpMJFbBmN3g7XDayEFlZyMiBEJzobaugEiAAWaow4nKujlverSRydbSVq6iOSIkMiG0cVfd2lJ9nqkloc15/ub3fvvh6V5SUqoH0BYFRaNguZ82avJBCrBWcamM8OYXFxOlt+ZLIdAdSPF8AiHaOGb9O/tugJ0adAy8t6j2WRT90C1MmttXD/dfPtyPsY3linv0DICktk4tEK/CgWbb5rU0bIrAJqrIUNLXKP2LxW62j7ontmSfqoxYFRniDE1MVhlKbsFdMbLrIBz7qnQUu4tl5mYbDWYm4CONh+pbYfbeO9aG9Vj+Ei0AaDaykuYfvf34crm0P3eRxtP5HBGa0NXxRY/9CjhkS65wGPErQ8pXtXwMDcf4cBFjpC3NFGGImU0t0MQkETbMs8rHZuCMipxG+hhGFup83vrsH/1EtORAJeAwB2DbZi4ldOrAdoIkqnKfU2RYjxw4dUET+eLFy5u726fHx8oG+mYOp0rkXFx/lx1qVC1hqlaCZtX5ZiPa31PmDCBRaV31mrvNfbK5aj00cS3Cjd361dExsySQE0UfpjBkiwU58GL3J4rqAmr4SbiZrC+/+qLmfL7A7Khvm0HTQVwxdclnq79o2aokTJQCDSh3Ln52uDtQNgZbGGCxX6UNsOFKpWX14u7Fdb+ajX3fFdxt6ROwijmn9uDy6fKopSox1ZUxZU09mtsXd4mEpC97+1paGfuPq49q5szK2EMBQYezhyyY+ww/eWVllrspmWFN1WNxC5UZuROccx/bdv/+3f/H1Nv0WpYl12FrRexz73svs6q666Ob3dVNdlMi2zQsUqTFDxmyYYuAoIFgaGBoYMATjz3TwD/PhgcWYAG2BFISRdMU9cHu6vrOzPd179kR4cGKfTJ70Kiuznzv3nP2jlixYsWK//jz/5AxxxhZQUjfxbFtAOb12q/Em82kdnrU0bfrn4yl8esH0P+XQqAmrhr1c0l/W2ZZDUl7H7Ou0JplZ4siy8wv+8Vg1+sFpMxnZG+HUlmbzObg11mG9OvbaQMXzrdu08d1CqJpJATdtW/vQjetNdWXktlGB3oji6no3lSOEqEYUIOw8rad9rl3Q0dF6jAYMut8Pn/80cfffvsNzX2MOcNMYc8jkjyGxgDC7BiDZVY9PT4pUDTXAhvOcTr1wIt3d0Ltxx5Q0ydWKbwel5Bv8x1KtygwSbAn5KTO6FbTGD62LSNpPUaSkWMMFTnis2LlcS4Fv9oaWvkXGZXV0DZSJGWlRKzNOMf1+uMf/PTu9r1vX30lZy0Ucy0F62xhfavdMcaWFV18mh1tb3M3XbN+UF2gduufrfYuwN2RIU0rjd/9znefL8/Zi6iTtOenZ1XLmanW2VkT6k4NCrPZa2Tm89PDv/urv9is/3xjFrkA0dqman2OJq+2sc8gMDZXnTKcWRWzh9SbzVPjiJCLXEsktO8PSxBf/Q6BhSBXMwmFiIxZtzc3w3y/XPv8tkZiwR+AdPRWAn0vcSHa8IXKZXWgNK5iCDiNrYliYjtt7714oQK2en9FWxJr5E1Vt8BhTy3qjRBs0ANUSqszRq+XM3dtGVPnX5jFzLJiuHwyGlVH5hgb6VG1jRYiRma3vyr1TGW5+Jaf0nNcoAzak6UXQVuNMJrx5c3ptPmNmxvNPRJ77AWYd5TTjUA7T+CIb1Zr0lTRkks/RoKNhou5Dd+2rc0Xu7Lsb1cFc6JqbON0Gvuc2zboXE2VZq6bJt9GV+SZLWFquyQA9LFFztN2zoio5NozUvokoP5lFy1sE6pcrdGxbefTyKq1MbbMfb/O5jBrjVsr1ZpmIPs0EqbPvOo3IalFC7GPg5Hj5Dc35+u+A77kBVKuUx4kiXKO87YBqTag9cqIUmPQ5CuIzMLwLRIZciIsYaqucIVY3L5+9WVmuI02NM8E0d7fIGQRhuqWzPHQRcW0lk2HaGFlHesl3WFfalW3tq7nW8kXj7fYslslwJ5uwTty2p4tYKHK6dnmIu3CJHTmlHa6xDIo9x0JZVk4rMofa68vieiBQ1XwYluaiGphlGlBMukrH60aosptzAjzgc5TRWJVWXIRgBC+tmHTScC7YEJpPx98nT5Ft+ypJPSTb0jSOrpuLYnNyqenpyqctlH91PnxR5/cv3mlHqVJXtodiKos96HWc1Xfc4CoNVKm4o9J9mFWq3G5UJWSqclug0fX0kSSGuntPqR+dEUEi3NO6S6y8vbFi7vbu6enJ/SEWOMhErd3N3PGvFx9SOctcuRI5aUPbO3oDGHlQr73wfvX/aLFPebaQY6MPQvDh+7BcQgXSIZQAwAbVsCL917uMec+6QNVaBKbMNSeIOY+9UxXu7LbrCSk0tdmRbBcYcXtww8/3mMW6nTasjD3eSiSFA9VmOmgSDDAns9HFVk0yQc1V63SWb+u4NuoCnZNhZhxvjkXWBEiXPDWJ5GLHDR1n7fNjZ5ZicyZjdoRhXS3GWWZMfcffvrj3/293/+Lv/gzxTKuOHlY9Zk22rBY9vz0QFAOKj6cYGiIZQbNbfg4jevlWQFhmEVEa38U/snhnpkzU69cMo6cCZa70VviIt20eedHg7t51tqok6gMtieGpQakzWORhubMXWZHSeOc4e4vX76MmOomo5BVw2Wy1BcDOFbSVguodCILWkgJQ0YcjAUAEWtuzMVHG02HreOXeGfQfGnOQAKPDw8+RhMS3kiidfMFDGmFFS8Ag8Tx59vzNk7Pz5dCnc6nMVxGkOjyt388zRav46K/qmMsCyn7liWHg7TjTZG7i3M9juL+vDf8xao+F/dh9Dnj9etXbu5mxco5aRw2zGru+917L6nlUK7YpziU7u7b6IvafghKDTmvV6HVyAC0b0EQq1lkTS7qqSi4yCllUZLs3EO2pwdQWqXpjsqmO2hzDwXGiBzDb29vjKZVlz62rFSgM1KzuIUq9SZpGsBwM1apxrHhEj2bW2ZY0Xy8fnj95uHb4YNyKCYk8XIt4lVNUVXt2bKoZFknoOY+fTiOUgQi4WrVqQWNx/TPoBnHNrqJATw8PSAls8YK5KZknxE2hgDSvs9PPvr41Tffns4ncdVaFG1m59NNRB1OTuzAqplYJfQGHGM4EtsweV6EfACzAhkxURjb8OERs6rY4nWUfJyOs9GDrCZUocBMtHyMPXQuxGc0mzH3y7VFVv10FgQ3OF2d+DkvOm9tO4bO+cujfqXfUszBUGcyS7XxnFFzwrj5lhUyvVGMLFCJf7m0pVnb7mmfSWVFxtgG1efRQ5lrKKS7iEjQhqkXtJ3PY4zr9dqjCOD777+nDmxYuTuIsW3XXTsWsJYKNdxpAI5DodrkkVJD9vFl9zKqnHjvdvuvf/+/+NlPfvT5l18nWi+QkKVO7PtEc0fyIynQTmOY2VVsUZfmKFhX4JIkLH8dnRNlBOFEd2n9TOu3pQKIyJanFLsNpVTOPgrZy84dLRFUuwNOu8Z8/4P3CWSkBGPE2vrVgKxQ1jJFHqm3H1ehst2ZlLop/ixz0l1shS0nLEDiAZrL0/zQmeokLBayxTLsnAINq4REm9lLDAGZhwI3N6f333/v8fkJ4hcq2RowufkawY3bZV7/6Dd++jd/8L2/+uJrc9e4s1CcKDmsiYAVbj0jwBaMa5kPgNhTY/zA4p5otLf97NXrME3y6DXqeRlRzcVV9yTVUO5QjIXqbSl9AbYhjPoiPP6QLe6t+lEciLgFR4L4xoqZBXefzZS1uxqyzIiszMzogex1+Jen8yptsieay9x8DLHlYxvoAKOTim1s0qmaY7hVZBUUMyuTzcw1tCwAsTpObtWQlg7zBqJKR1XAmqJlI1MQrYdCiX/uqhHi+gXfrap7ebUY4OfLRU0IxZROoKK8erWJvA+KpBsr6733P/jgOx8+3r8psiV8vdCzho9QHUlzc65ZU4gBFmOXQZcwLiqTg6eb231euvTr/AwbA4k5r/u+M7FtW5e6xowsMFHdaqwmFCTe1TPVv8yULhlZoLm8h56eH+fT1X0zYr9eQWZc/tbv/G2Yv371tY0NWIy7uDWl14SP5sIz4/nhvqsarqKw1PztcQXa2uyt19RdrBJeXG+qG8EZBeJ0Pj0/PqFMoFG0k3rlBWQlzXpS7Tj8XRhBacY3j+teHdeKZjbEgbFQOUPDLgBp/vK992PuMXczzywfJiCA5Y2EyugRcBsa89WrccbcP/n+j37tJ3/j81/83LetCmNsz9fn//TX/75yDj+JkeuirDcOGiSGVofKXQWaYkNmbqftfHOO9mbK/Xo1mqnfp7yo52ote1SYKME7nY0CDb55RFRkpcQJKdSp9UbdRDO6WcXkWOvas0qe1jo4JVMIMdnWb1OGS0AVIvemHxdF1riDhWwQ2fKno+u7ILwYKCiZ6gjQzdg/XCFNdpEd+jsTYwmKUA1VqmrbTvrU8AZS+t3sLGPN91LafsVOuz5fq9ic9ordWsAHUyddMulUn0UcgiZbAVqZNVDV+1SAIYvFtYzPVPw2MrK+LzyCAKDVuXaQY6j23xQDNuf04bbm4+c+zfzdMQBgNXXQFDi7E6IU1MGdSq2awCjVt14EtZkEKk37TaPjoeRBUskNElXVBlxcPYOqWu9aYJZERez7rpl419Rs7DkVcLohKWjD1vUgtadMQy9mhZqzJ7/dFYvYDYFCISNCq8f2fW6bj23LDFOBo7cGMbVNVg0fw129lAWJ2c5tVRXlrcmsSiRgxtP5NCOypE8QoaWRHkX6GmMA6eMEZGUaLGr/0ac/+P73vvf5l1+6b50qAZAS/8w5u9+09CQEh2swTEmmBsbYxofv3b7/4u4yy9zmDDfJn9TCz8vlcnN3e3NzG7HTPBCaQl003dtJ03rnUTccEFtaQJPR2XWQ1FtdikD1t5ZXVsGNkfvf/S//EObfvvlWbXqtb9TP1iXrklanCJUyMOoLkIn53/zR3/kPf/1ZhMxBjjwuzyWjWFUNt2t2K8uVO3v0Q0KAFlLSrR2muGbSOlcXitV7iGmDQK9ji3m9Xi8/+OiT//b3fv/P/t1fdnDp77BqGT3mIo7wVnVoMwoVgkoqFEfrme5uTu/fnf6Hf/wPf/zDH/yz/+v/vkZl5oxaCimaj277kTGD3gr9zLTuKTb/VAc+7lOvOtwqRCVRw2aI8s0rqxJjjLGN2NN9zTFjJd7WtPX1QjbZyQV7CvTRurXI+B//0T96/ebNL7/40rfRlRMORkQfqiMamlA4RgkJVIUopG6o1IHTFj2h1pmWMVfBT+PFyxfX/TojyDW8q45Fnxz1WFUMYJgj23+J1kGTq0hzM7ex3WzPl+fseXySjEitb19DVVZZH3/n5bdPT798/dqbyW9xrJZti7GUzKllucr+PDSxhe70qsXahF9zf9VBvOndZoJEMHShfrSl+5uaQmJTOECRrgV+aOtVUn5vzcmjHbNEkjYFvxruBGm55K9NpTW1Yl1QsWeM+4xh7cxd2Xq5seKIZnWANxqpscZ+6WP4PncJz4TxlGHier29e/njTz99/eaejRerSlaXB9OMXlFqVqi7uxdr/hButkFxSindaEaEcPaRjHSRoWKlbdYXzncbOB6rwlskujFUPdL6tsRZ3bcqJNpWjd2SLhXAGftlN7ooT+kISXP3qDidBs0iEmbH+lIl+OPJNDypStaPfvzr337zlWnCGDI1E+3Y1aeAox4Q+iLoS+aKFOtTdstTf60tBcQOVCW1zwJA0bRip/E6n/b5+PAmtTkpq2+VNEItK1S9O9ljIvJyrVxW5H3oSnvvuypR4uk+TIALAWBlmRa9kF52fXoycxZPd+ebm/Pl+ZGaSII0ZN6d4tXaRB1dbsL1durm5nQ6nVeOUDln6zoJoynZ4/L8WJVuQ7Wuj8Fh6outyX+IA0M0/dZQqtJ9PDze3z/cI4L0TjmR+/OzccyMtj8Rz9oDG12kVdF9K2RmyJ0ptDu90tzmPgXvdN7M+U7Xl4tGB2I9+R6MJqwK5WNs5zGfJ7pfg48//vh531vYqu525Pl8/tGPfvLVV5+/bTD2JW8fAi2+U6QqoCKTJStAVGnFvMMzQ6M4KVTfQ0tqzPY4jOhAkqR7y8urZGIiMRstI2mWKW+CoAroMTIrZpBLOYs1bLIuO9cjjQyoTlV3EgceqL4J6Fal0UTsA5UzbHjlrsxaqzYdNgpolkJqqowq6jGWPjMnmCgbPiKmclaPTh60RAEaPs5SKtr32TFGMwClPU1ZfUZDX62H0BScwet1ViSBm9ub2COPAevVLenyn3rtXIyscEXXUdWamXo7WHckddbi3txWsdZntmhg5sw1QpuRVT2zKLwmcmS5DYlEN3MfxpyRjt/62X/+5ddfEm7unUtavWNdyncTl1zFIQkzu727mTMzolhI9DYuVmXe3Jz/yT/+7//Nn//5jGC1MLIAONh7MDpHAKh+cZlTY4gS9B9oSqVT6bugh486sSrHHCmwz7/BaHOfBNyHG8d2+uyXn1/32YoxlbFVJOfe9Lx+SJ9MQpBlmBdQlQae3DfjP/kHf++P//D3/tn/8ye7FslVQ08lctJf3t3NnNocj0w9K4GJ3JPG7TSq+lIK7RVQswVg4q+300n1UsOflUjVkASZKI1dEYjcf+M3frZnfP7Ln5ObEIzyWl/Md7CgqK+qkie66LdEff3N64xViCjFNq40oOjc41ra30LEnIean7JbASMzI2W4j55ZXEaPeolVaxJFIID9RyWsyRzj9DwvP//ii+v1qm3HOpOgdKJmSnxUUaTdhQejCqGvXpuGVi+oXBnuf/7//uU//xf/6pv75/vnyz6jwAJlC9slihhXQZ/F0x05nGS2t5xKMH0N8ZJElfsg6cMNjJlqsGSEDatIGkb736eYlYh0wsgIpWNbzn4t21pVNwtl9GH+r//i/3tz/3rbNg2LGVHJXHf20HxWrYhiTb429wo3YyhymmUUncMHtBA3UvMh3YzT1UyJdnozFFa3dtlYK4+xBCSU1t3AmpE0rRUCxFH6eLpenp6eBpYCVYxPgd4OAQlU5Pk0fv7t6y9fv958sIA21XorSIIJHWERLkSVUWMzVUBPaS8Az86afVC6xGJHHhLtQ7KY/TqAN/tPdl3Olalow7c+4drvofhrXF3zBczlLpXddlG00DIhNStpDEnvoNqk8xTWhwUo78smkRe1q3uBtocssOndAzKYYZiDzMpije3UOUPWClVlRXjkfPXq1dyv2zZiXitqmCnCCNTI0kGOWCxExr5P5Skf46Qv2QemKUi2E27huOzLvuXtEyJ6DEjkpbKLeVuL4ug87NlKEizKcs2W26Kake27ljH363X4gDgKFLTjUj3muH766a8h8fT0oCSqfl7TIB2uhMuTcCK/+frLMTb9SxK+ObtES5pnCMxVX4cCnWNsqkOr+XBaGyk0HSspoWbg1DfAUuNUFhokwLeh7WvPz48x43w6V2mcrtWWy0+a4zyAqogeIiF6b6cuj25PprShAIVcdZk0adA6HVT/7lqJ2YnEUUPPmOPkZpxTYtast3qB0ao4dNBZUwQNKs3gYyORsfvYqlDo9RGqarz9o4BuuJgc+mCMmLHPt8gM+h2SkIUikZrDYlyqKq87e3E2zDWyyYhwl6C/I3k/BOtAALJqjtPNDz/99NtX36oVq12D+/WKTjArrxVu726lHe9kDlQWtGPX3PqBV2m3a2ZEuGufDdPy9sWL6+XCzIyCNzrPim9ffzN8uI0DUwuRd91vpEZcVqxRoRgR6BipBkeSXaMtFrnWD+tdQvJPcKz11yrVUKwOM5XlWKIR95Ucu/rISjvWF2Bl3aOIBqu6VVcHXxEgwExIYqegHNXlHyIzM9/uMuQ7h1YTC63tFM3hxrKcgWVPk6Fp7PrjP/qv/uNnn+27RK6s9dHMxUdj9VFbHRWZNzfnWHpV7w2TbQO3Ig3byKIAwpeIXYF8G9s2Nv3YylD3HOhVQSKsEtVlNvvFqfND2hhO8zFGZPAQiLMrH1tTiOvGcVVyFcDf+8P/7rMvPtvjcpAXS7BRGZPu6AHY6vZUd0cBouiPj2+cntXeCgXZk6+GoPgtNZ71kDOQLfeIXLvrWxdOI30bM/IXX35uKSGTuoU4n2/P55vrfj3Qv36F+GiQ5qb80f2Y3iu+OANmalS+VlqHOk56D0VQHi/ZTd2e3sk5hw8Cc0a1Wr1Xc4hVltPW6tTZUcJlhUCu05wco37zxz903/7Pf/mnMRFzktLWWmSeTufh4/7+PvfJRsCLDfH+SjppAhjUt+IKk+tPEMw5NcCK1j6JpiJlCnz4T1QlsG3bX/7VX3795edjnDvF95temIcHbQZgMVGGdftyuO/X+d577+3Xq/YV0EjXXSuAEfM3f+1vnm9uv/32W/TQuoFlzd3C3G5kbaiwkhryRWpRrXV4XbMAtUhLrJJXWBwAnp6et26uWrshNgFq1dpFPdN3+pdLsS14kfILMha5XwNAzrrOerjMy8xESSxaayBNyR2FjO5MZa/7OkhVbelp/QZWvnCFBMmw3KoiYlbB3CODoA3vT0xmVUQS8M188+xBJQjX1dpnrDsklhRoE6Gqcrf9uhsHsvYZ2iUPg9ly2+C6BxqB6IDRT5pmUQHW+XRaR6s1FED55h99+OHT5bnhrcR3HV/WZtqmddTiVkGaUDO52nRCMd43P51O2RJ2k0ymWEApJwag/CE5GWnmtm0jIq2/AId55qEpQC1KpEF4cwhalPQWtS9mttgHp//yO+vjZGndAzG6Jt3Ey66cW66BIkxUbBeyzfSbkQr1gSTKzFMhR0MI1qTOIuj7EHXsfYvrhfnZxKmtP1qtDMRR2rFTd/eIpU82jX12qWY+6L2otJQPtQZncQel7xwY2/bi7sXz5VG7wjTxBdic+3c/+ODF3d3D06OvFT1K8as5bPrnqiY1nBzVg+rNNfSBW8RRi8vbzrk0HqQ/t+4XlxbF5HiS1dZ2fLdfoomx7jWYLTcZEYns0X8eatGOqzRx/1AZaf7qzavn66ObNHaLmVA0TGjGlB3yxUSCsIgQESiyIWbRrSK57Pqq6cyCWXfzo8xNgnOs3ue7sCOjqJ2O6ANtPg5doKB9hgYEx+m8rakmZF5pRNKccvlwtwpdvw6qan5YS7cP3rBIjm0je5QEqyDx4SKkFFpFEVbRl1yHzqoyekReHp8h81rSt42wktfQOrDdD1/RiFayPassGH/jZ7/1xZe/NN9iTi1BIKUZ1ruTCSFJq8wyVJXlimLSjCn4yqxKakofOLqNimzuoDZA0eRw74tXMauCj4HGD2C7SBkyKut0c/reJ7/y5Wc/hw+C0igrhWnMf/mOdQSfQpmJ4xxixVwjZhbsCEWCQiqf7P71q8ocPmyzzl56aklzrwp5tHUJB1BbqzvgiVA32dIBfedpbZFQPaZVbk73dy4msZqSw1wnFEREHLWGU2K2Om/nOXe/2U7nm/352X0YMOdUdEXnCRNXgOPe9m8qANu2iR1sOK2yTHBfT81tuLk7ChFFcxsEKJO+StCZke6joWBVRlTR3WmMme+9fHm+ublcn0hLYtCy6qs3r5+ul6YJWwgKAO4D6wcpHSgTRMybF7cE5z6hMJ25toaxVL+vAQcFh4WnykijXee+X3cbFnvQpY3oE7mK7UpRhlg4r5YUDXAfOSMpo3dJf+yIf6QybxNyimAFBRl89e3X+/WeHK3R4oppQsH0tc5C9bChGDFl2/T05s22bcPGjN0Iwt0sY7H0b7G/dfFVrBI6oJnMl2BmXXTOIM2Lv/j8Cz9qBzPd/sjIiDl3mfm/ZbKM7tYr6/XgqlSA1LEuWgllbRZoQ2iu49wPGTL1izVQW/LrAM29iIgI5b2eN+DmG1bNWxkg3BxdzTY7LrQ+3LL4Z//+r//5v/lz+gkZeph6IGr8zn0f7ksMA9Jael+FSndfq2U6lZUmJey4msINqCy31TqiIrryZaojh0x95ZJ1lY+ERRbdrQ+BMk2jf6rU7Tb7QiKN6UrjHE/Xi4yAFBeF7CUkS+LNw/3945sG3JAKFHMqbtq87mNYZs8V6dVWtw8xUkSXAAAgAElEQVQ0iMmM7CoGBOU3rDhJI1YugPvQDpCOIKtp5qY/4F3OAHXMEOgHicWlRcbp5vaTD79///iAgm+DWb55Gu8fnoRxhRcN1mOKSpHWYX017zSqt+i8WgyKcGMWiF401iyaoJbMSZVeWDFp7IHhSk3C9FNSNbG+aDV+glqV3kqkBgMHPaScsMRjqQaShhlR6JtaXLntGN6oAul+e3tzvVx7vBtiXLBt2/vvvf/6zRuTAWP1+L6yZ87of249u7hxKTAXYLP+pFP9WFiFAAybB/XqEabqe0+CzpzQmjAi+5MiU/OmZlgbSKpWjXM0tEiUukrl7hqGXjyNdenTDgQK0SiU9v11h7P5cDZvspqemsRbYHbl7vVAUKjMOees+O2f/WeXuT8/PZrgROVCyd1H73zboKTnAUQI6eQVDv560UvCAc3erdy1fDgqV05YaUVRU+rHntM9Ek8Wq8x9Gy5TB7ZDACJSQ7XLFaoIDvdPPv7BV19/KQpGNYqC0Bg+96hM9CUogN4+81kdi2uRv+p36H+KB6ngMALaBysoK/HIkqMUC4FYsmzphWRrZav8K00me3cNi00Xq/orujY3RcOTd6iQxRlKcVuQQxONZKK0hgaLv0S3QNv0atlBHHMDZWRmjtMmLs1M6zDdYBkxTAYIcqFrs9LjvYiCkkC8zUysrbgAVkZpBCRqjDFOFhGgzesl5vTTdvvi5XsfvP94/2ikDWZWznQzLPszxX6abWNUVMwo63zQ3fbIVKWoMlKdGslaQBTGtrl5RUVOarEoqrQhiER7s8CM23ljcmYAUPv0UPcqcJu+nrQfWS/ef/n3//gf/umf/otelItit2EsUguYVLCV9vLc3JwiUv1sUoMyyu/6gR2lITMdHQQNCGZlpBnlkYKDqy5EBsSOV9fgDbH11Hxk7J//8hfb6VyRkhEXyCVp1cA2TTMmmNerL1WlgvjRw4j9YjbYXgNQNaUDoHQDuvX2ZcRM2Z5Wwhz61iQ7KMDwdqXu8tAoAhVLpT1803wYjv9U2eJBqjE7O89Ut3pNoopOtaIuFK9B483t+XrZ3/vOB7cvXty/+maMUxmk/1Or3buB1W0ZoGjGYlakDJHKlM5X7Z+ZRRDd9FYjAhVFjcIQgOXcq1KmBy9evnCQ1mocVXpNCiRiv57ubraxPT08gBo45nB/uH86ja2V7AB7YSH6o1E2nK26MzO3sc8ZM3yMAppi0TNZaKCHYWvVgVWLntEZ7J8oCclhmiEUjRZylLGRvVx0s6tINhvXfpjCwCn2pJ/tEeUAo9dqazhtf342d8J7/27DW3l6SqrfHdhuoC1QLgaowKusM1dSYdecrIJk37koymyfeGZO0jZ3sbOJbAkoJBX365zyMyixYpXGdngsrIyhyoAwWkVlxVtU1P/Qn0eLYsSYWS+AELDuwClp0DY23+TVhtLedmOUrEQURgxV2zacFpkirWeE9boDmFmoL6o6u44bkzRGMosRU5xXVgZQwHc/+tjM9v0KpflmPrg6Qk3LzD16btD6rAhY6RWTYJEFG03l6B7THNXHfpXPq0vSv00Hw4Y7s7MV0I0CGnuj/PqplQuNqQaomhHLHrS63GyqxRJpbexqwzc9q5YnNVtZVeHmsUt0Wg1r13tvaACiCfFc8aa/tKZrlFZkCZvRFc5C9ywtmJHGr6o76i0MajVYT3S5xZxPl8dW91Vl5vO+Pz9fu4u+0KTTQYtc+Lt0FCmNhEKc2vLvjMYfA2I6fTrzrWq1lsJ2LpJvHsGShQM7UKrNoufsa2xMZ9W5ZtlX/GlBzgo4QseHnjwBWrE9SGhmvalrQc8OHI0p87pfe9LXQHI79W74V29e2UK4Jruj6MC37o0OauPRhgH5lmavNVN2Om2X56s0+cVFCvXL7CmpVAtaDN625M+hxjVRUBrL1bfiAfoBW9ukqL091u/FqV+HQjaxILKvYQtVG0nc04+uDxFpQ20mrpy09DxcAL5rZ1Gd5qNQj09P+35VuOhnLIakH/5quvVbwFv9gi2wifVpdJ4U17I/pHUAEWLuHgXe5gQe57Bxafv8yES1/RyrQu6Ous9VmVqzrQDryCmTB9/n/OqrX26nU1sUUHwda5mnm3c90o1TDWDRWIS7NjYA3vOIqkcLdffizsaIPeoQzymL9Exw9QqD1VEHXZMpaAKLiwjtI1AVqxuisfeu0eTvptffThhV3d/ptyEQwi6UavnOVQimVv+HVWlNVmpGHhIplXopxsrcbk7WU2KdL3SsYTY2F6qDe635SbGeOkDDt5u7W/Gs1UG4ttMwGqQgbPcly2vowfnwnDFjn7HnjHYhBMzN3WYG1sKErkTdWlhFQ2XTaArPWGzTmuivUjUC7T/OGVl5e3dLQ/vfN74rUv+mMqpSswf0YSY2a7WnCfTuY3155+bb9br/63/1J3O/DN8yw8F1S6tyYtgaW+wpZHOvrNhDghoug3YCw08AXIZ9op7Uc+gtLbVeS5NeCcnMum2morGPHxmZBlPH1uk0F3ahsWBI+GnINzezR1MAKkxpRKHDhLgNq5z7Jz/4UVXNKRv4Nc1GEJYRtYp+ZEX0pnokqtJvNrWbG4eJ0SR88+FbzFkVwFQJkFVmdBtIlcwpJ0pfxoIinHRnNRysuoIFg9mwlEZfkCWy0yhYrLjOYdvj/f3z0/22nVoXCIyxVRWRMjHMjBZhiQChab8GO2RytZoLxTHGdjrtMYV2RHHEjA5jpq6GthaUpg5AXJ+uzeFQqNCG+xiehev1+Xp9llRP4WX23MLMTDpIZmrfLpwtTmvJCvQAuwREMSIOokvMNw8Sgc2Ai28xorvla9rXrE9sFSLST6N5UFHCLKfJt6cgVRONkN5I9ZzoeQUvFd4HNuzzU30VK+Xu3G6V86rdOhKWdpBdQSkKNXxzWlGmEJv1EpkqUN084xrEXoLXAhzudBgyY231MR/uZlV0H2CWIUSHwxNFs9ASk4YjStYh2sC2QUOm5u+7p64gUykH2K4x8C5vcrx3NTGGFUpdVha5KnCNYc89jNjGqKbHWN3ulXbDSBs2QEq8pz6Pm48xJIgT+2BdA6GRLqkaI3JGZjZO6nMfldd5KaSEeF4m6SyYreC3co08bz5jtv4zJS9iFSqUc3sxXAGB1AeWMY6SQOenhZvlcw0jbWNl93AFyoVcC0aLzKNJK2PY4Wyjo7eMDU7j9PFH33++PKloV7A1VM7cTmPh9h4Vy6zhBGDkh9/9bhWv14t8wFwGX285U+JwwioUMMZA77wXJ6eTxYN9F7BZl5TNbaPNc+w4Ce/gKixj7urgFT5GZcCySDXJFQ0qylwr3ddQojXGVEDwVi4AQGZuw8fYGtFke7Z2EUuzzauaJup/1533loCSGObSwFTCh7t7uwcXsLCZVgKq4uBio1G9Kko/SEjJyG3bkPDNIpMa7S10eVAE88DuWNoq4fWjatQtc3MdAzcjLWb0412sdAvle4TMcDzirruECFPntmaczue7l+89X57MUEiX5pKcu0zguk4BYGMUkBkq58dw7WU6MulqCHTWPNQzjS4ULQmDFxj7zqXAodE4Kntjj9FCBgSsTHZLoclyGHvCN1lzv2pJgpwMW7gEDbrohB5UdDpt3+fcQ3snBdmxpH12eHGqv6f+Q+vEDcSMNkTWX+i0q4M8XC3xQ0UBLrm6KJDqmgC9ktyNK9E0HoYui2oZJZy+iIs5EgTi4frdZkSjMmq5QsOsas+4giZAqQPWXC1s2PK9EE0yxddWObfF9NOH7COmIiJK6zsIIBcTuYDFOJ1vNVMr0+O+z32Uu/5stjFbFinYsV5MNWn0tlTp7ssSiIkUEOrVDyvAja7FsU3QdmNSk80mrTnNb25vaF4zzWzOiBlQRWWmweUPP/74+flJr0pEuy6ireqpNHvaZHnrghqtA8i1MSDX/7+0FcDiySTBX1qnalzbnJDIhkJVBnTsZeCotOHdmhGFJKWyylnpIsbphLXa7/3vvL/vM/aphymjEgMKQTOjDx+uLjlIeV6jx8Ml7lIab0/iAhP7dTrHPvfttL24ezkjzHnMX+fUQidjohL79eLb2LZNlYXMcIRxIvdCi+SrajudtjEiQzOlwuGNIbC6kMZKVXSrsdZp5sBNNufuQzZQInL1rzHG6fvf+/6rb78dW3vsV1SWmipm6G2ayoxuI8APvvvR5fp0eX423yLDzMzGr/zKD+/fvOGi30q7foerm7HdnMbmw0clkJk53aw1UU4HY+4FfPK9H/o4XS6PY5yxvieByGDf0uYaNOMV2gKBvgman6+iuZ9PW0RKTKJzcT6f9oiMFnSSIFyeJ9p4UBFezJw3dy/22O0tN88uhrPaMUHXT5dYvJWalQaVvposb9xiUKmP0LhtmtvYtpubW2rCQT2uVkFq7jAqMXyDJmhzfQaFIAnqog7+Sx9GmJIp5YlnFYyxz0z4YC7hrK0gtfQAcl0srBZY0x9cJhQAdTuqB7Zub+9evLh7uL/n0VBtrTLYNSrcXcunqveNK1lQPGWV1tXxaNPxCHYFujYqIzJprhexQpfp73aWWCxRZggfQQ1jFdOkWY2xYc0g9XgazbdRlTP2KgwbRWYFQkGyCFyu+yff/finv/qrn332mfu2FGhJyBUKKznotybJyIoe1YAQRicgYjudz9t5n3vnlObUSHZdtAbtq2myxlBoLWbHvXT34SNTbQHJWLHoCwKIiMzZubUjJ7ynywotsNL0m7UsuBuRRR8JSG6irGSG63Vve7RFtaWetl69wcfS//ZJYUbDp+5k64gaEjJTgcpNJxPRbDNIq5d3L/WI3FjJ6lnSNFKix0LZ0SRc7KCAoFFuUc0/iOE6EBeAfb8878/u24vb2z3TgG3bZBa871ns7qUEFMOHLKxmxZxX4+ijuW5Enz35HXYrE203jBIRjrXOWCr/ypJLVLfshA5ohTLnNjY1O2Je5RmwvsoqEwlU2drgVuS+J8FtHPaDhmYE5IrTX4g49Mkrs9pa4GKc153kdtoiysRgllpqB6rti2Va80ybsd/enY22x3RoW98iiIgEe/GCloGo+bk8r1BSGSzKuPXJxNqi4ysGtBdI1w2LzqgV7Sm8rM5HV9xyzUb2AdhzakZLuo3lwnBcUBJQtKysHjxAo9PuSKqoNCsakPcP93qhrdCKvic+TEdd/QB36wcoDBhQ/YQsGwQtjy5TdxaBFlZiEebVi6OQhKGFvEDv9GPk9KUgWofkeDj6H1StDKvI+ds/+1uv7l/vc23U0uSRey+fk5UGyMXpNLlYRfNu9Oo+dz22LlaP7pWZRQY18YhyGb69nWapVSSXqRirwNKgSYaQqyHSVbFBzqIa5kQuxLvCkFggIUuUqRHCHpjpboUaTg0xRb40TGUhOfCrP/6Nb199pTylHhsAE2nSfeqFqKqKhuGjZo2bYa52QO6Xi5lLSo53EHrzAhrGBwG42z4nDpudRiEd+FWXHxPTpNOZVRo+ykVx93YS6OR2mQ1wNeI62hI4BqrIvpDiTa0fL7Nt14ECMugmkEoNwsh7m6R69+5Pz08lw8hM3/y0+dwDXJWk9ToDG369PEov58OrAW5mzPPti/PNzdz3fg1GGw6ZHJdkIx5zZubwzjfKRTkDBe27LaKopV3MWefz6fbFC02yJtLdqipnwTiG75e9st7/8P19n6jWpGXU4/PjvO5GiTVLPLEPNzMvz8rYd9LHJs/EblWRmoszLFNaasygl3RYZMhA8e6995+eHmO2owtWf1uxRhyDuPa5pjlByMhPLuY0Zmb3Td1TTG8pvrjcYwmz4TNCoi/5L93e3IKcsQs3DDdU2XCdzlUYiD0vH3Z9vjw8P25jRGhGvMYYBhvmejJZVcfKasBte/3NF3Pum5+z0mEFzLnv87pfr+7jIDVQKOhQpQ8CuO57zbDNv/f9779+8xryepIkXQuPnPv1Kq+JzinZ25dOY4AsExYmSW0KGNtw2rogJU+6yMyKSmxjmPvcd7qfb85z30Fo8gOS6Cxw725DWr6Yv/27f/DtN99cLg/mWx0435JZRpNOBmpi1hp2A0Dm7LUP2um5+LxsJgSAqVlhGXV5frher9DyI3ajD8DhVCPAXl2vgUaYLRdkO9QOAkY85muN43Rz2sbc91pNSB9jG6MCCJGxAhWkcWyDfGfRiDOBUvNk0Y6r/Gjg+Hx9vl4vYwyj+TBzj4ioaCZd/rnomc5GtSyj+ckrsxCHDljlkNHdR1+rJTQRzTROw32khiQq9ZNN3Qo0jm7fq94YvbReIrc6IDeLsXwWllTa6Obn07mQOecSLCBRZn5/eXj15r4gy85aWhprU4j2bbGjUuriXLxbg7LG4XNGxI6CwXulQzGz4J0ymiAW6WhOchvb7flmn9LkKNmTlKalCf/CUqA1JLXIPCie7D6Elu9EoaUPb3MnGxcCRXd52io8RCZl0FENJ8xMU7i+tiZhOdPPKWOYWC1KvE1waGBSR9UDOViYebdoSANYGR999NHz9RLXWQCX9W5GCGHYUMs6da+61Z2ZKG+r6Gz/QkiboZHTboXvMYXINUCfgazaTlsfkBIKla3NAAPJKkpgpRWsY4xe7dSJ1UrzIv3uTPKdxfmoZmR2HVQAhg+TuZDoM1uAszRJksPtxd0LukVGRm43W6JKelrN7RiSBVJWFs2Wsc7nm8j2j17SYmoXrBtJq8Ldi7uqhMPH2PdpTYMYHa1gOQzu1V7OOFjp/rkyba988eLl9z7+5OtvvnI37VCFNREZkWY+517Ayxd3M2IIx6PfdZd79GxGEs3yAiT3jDYmkcVILeOEdZneYvdmg3WSO/hJY2TuwzxzDk1d0zQAo3CaWXTNMKq06rszesKhI16Lv/VTAQ3OunnN/iuF2nzQGKHufW2nASKjjb/QvaIaY5hZRJxuTu6eMwumSNeFLI84gH65dLGoXdk1tYpCZc4Xdy+rKit6mMNUrts7EBm9dQGVFR98+MnDw/0+p6mn32UpKlNAO48X5GweSk2E7gUD6KXCq2p9awZgZts2rOQ5mk0Kdd9AQJyr7d9FQ/+TSqTW/3So7u+sFnzHqhUbuZh2/YuDOwKQsGFgzw1KTqEiRpDY3NDuYf2ObZwSeH5+WNaab72wvKB1F+qqCMmoTmIkfDt9/Mkn96+/FeLOSjZIEu+hmoMAZHBXhUTmWoKz9GYEUJlSGpu70eIdq9DKaitSBVI1UNnanvUNaea1dDz61RJJiC1bRU/3bkyemBp4LnlADFAD7Uj1FqvhbOYkmREFbKdtxjSN8KE0qakQ1t8Z6nYXKunS6CRILQzTDaLb9XrJCBuuUTvlHlHp9FaMqqVAalC9+wRj+HY+tXU6tHyKVTXObsbr5eJj9JctVMG0TNyHDZ7vbi7Pz9qoR6LXyerucQEEqf9gM9JO/tNf/+mr19+audCFZvtQBFLmUx2NSICRCUNVIWuMEREPD28KacswRwxG9pbZXIKqerswC62uXk0Pbxoii0Dsoc3H1iVtKbYUkTIUN0QlqzLr5vZ2bNvl+WIuNIDSOoJEZvKwUcDyfIA57bSdZmSVLJUYJYv1apJKd6nFzTVOm3HEDI1NDt+AitCW+xE9RN4lE0nptuacKDma5Xa6eX584oJ6ekJGXp+fK3PbtiqkrDnBWivSCqnTKCi2bds4nfbLrlicFU5zH5CB5oGJ2zUf1+sVgJtaQ569s6J6JFELtsixjf/0139FxPl0GzOo16EXZCToZPbioUqkEX6cKGvUQ1REnE4n2X91ha/wVymPy+98+NHdyxfPz089CLFkm8PHkucoqiCzKtOGkjQjszIlWSGYNburXF16lQBfddkmKZomyzPKBm/O5+u+a8x9uzlVQmO+alCpddkjLs2L9FNqtXWBZFumZnTRAhTgHPpLQsqHlkFRW2WzUp6ZObdeGgCUyieiydG3wLH/5uHv3XMC/fXWApZqx9jMDqGCfZUVWZl5Pp1TCYfpwwibc7r2u+lvKYX0CKLClWem2ehHIjOqKlQlJunmXk2BlIKNuo9H28gOO4RWP1iiO9lLJFaVGO5YQ/AsuntGNtcSaT6OVAoJzc2olY4qg/o+qxiha6+IUO2aQzOXyuKoS8h2yWjxZoMdtbMIAKo3xWUJg6aY0iozDnNUQaKRIs2iggTLmlBpvTyG5i87UzeO6zitx9Dra+zN45uKHD7Ev7qZJMvmkLlnZEKyzcLqYWDTamuadtQooldqpEcmNgW2BfjyrmgICdS+76uKb5K/twWSGeXq4rJyppJjxOxPTOXJtYFJ8gEcka8P+ioutHF2Cev7NSwkRm8HVZQPv+678A3WirDS0+x4OyBPCXb69HH+le//6P7pYWq2LVcLnjBjZJDm9JlzzqkiitVBnbRAZc4eNO3voPaFIhl6FKrbwrAxLvvTN6+/PW0nFIvJNTsxhs+Zt7d3v/VbP3t8vP6NX//JF198sTZsrDNQi/emTjLs+C56LC3vRBbc6ObdMKxqvzSURglMqbvtUtqWB4VtG8Ua5qQN9xmhTgHWDu/G+GyrNBJ9CJtzpBmwJlMzQtIinVVU2iZ5CX2z25u75+eL9bY4qG9Ce2cgozhnyou4ojJCiiNvq9xmbbB8QIBj2V4tSK/coKWZjKzvfvfDm5u7p8c37OBQ3VoleMznNGjnGNsvf/nzfZ+bbxmHDVSfStRioAGwFepsGo8Qas5aAh0hT8F7uvWiQaDmnCiM3nlVTXL0KVft3+qshSGZ/ZU15F0HMGnQywZorZC0NZ7IpstrhZg6aid9GcKJ404pgYyxoSrmFEkxfKuM58f7bTtXVr5dxFQgXIWGtesn1MWqBFlmHvv1/vGViIZceZfqxsq3xJfuvwNCmQ1zl1qLNNqhoqObPOxppMw0xrCspNtp29QAzWb9i+Qyfm2Yu9ToPbQEiRK7hWe6R7oe1smrVy0UIXOgzBqbk5TPv9hNUQB0U3nkwwlESBLXfYfKpVOp1WSguYhwd+coQZFKNd1B+ZxUx8WVBbCYPDFbxFrwozvgXeS04YCGrpr6ZOxzn1c1KHtqomCDJOa+m3vMfH58MjNrVI3uRRrONye0H7xKjxrDWdxOW7HuX78BYPLDwBGz2u229UmSSBqxRlF1N/r6tMMCatVj7q4j7a4HpeqmGWJxnKTmY4Uh6JsPTeI7gcplXladsvPm7vaDD77z+HAP0M2v18u8Xs2c7u0eUG271AyK9cNXwZVRNPpYljvoGNZf4qiTOnGWdsGIC/3hr/54zj3mnix3H5vP2Cs1vMtEuJs8oLBSo2jap4eH7XRy896EQhvDIrJjPxCVSCkAJc7rk2mrqkBhO51sjHm5iPE6Gml66n18tL2lSYRWlakhDKi91jWgQmGmFAqOstL22N4i1ZpdkdBVsOLwQRhhicxcqwOsaMhZFelj7HOvFGcnLFw2nCjQbl++uNnO9w9v1COk2RheixyJTLVlzczczNw3NcRD5Y6PcT7faCuCRBeSsKc8Sltfh6JWHVFLlN0dhvP5rFAY2dPV1ntz5W4h8w2YRIiwYGTu6GZmScBRlXNO3WI2UWUm2RgycmpVhHSP3aJVAMuGnCzLnLCKKQ+FbJyh3GTSuMuBJd1I+LbdREVCo01o+otU1ReWn37/08fnR6mMlqUahvvpfIqYYmCQ5VTJrjgWYpeyykAtQIw1whsR1c0Y1WlYPilGiPnJMRyH2WhVLo5L0VEGNkZK8bS5+zhxbOZ+3k7Sz5ijhzkKkC8kVSuUvNfGGA493ZLea+307aUcBzNdnUC7YuWxKJqGwsqb2hJaCayuyKH4EB5iARGyxqOhcZhwm5mdb05t+7nmcSi4bZZRY7g+CaEKSQ+AVhzu2c2cagQggJONDit1FoTZuNe0YSg57+XYbDudrto+SxvuNF6vl26VWovxuJADQHg/FIEVvSWAcn0XfXaQRwfTmCi2/hxmftq2KmgPobtVdozSG8uuT+uIy4re+mZWMHK4lGwVkUZEpnvPeGig0SSayUQUUfRWu0UkUK4uai6AVJ1ihm8z929ef4UMp7dnXpd4psvD3rtXTBOKXhPGDbgbfSm/YSEX6//qKrfZYLJ690kVVpevfx06NOJ73/vw8y+++Orrr/VhfAWAxXw2TEYLm2tlHuHX5g/MRVmiZu9Bq2y1ftXqNOkStEzGVUhkBq3+l//pf/6TP/u3T/tF1XK/efJtlbjeVB1Tzim0hn6VzelaUTeFhI3NaYgZgO3XmHMO9yXIQVbLOLOvn8hYuFsmslePKQVI5iRY19mrhWHrUzX6R59QXRCnPTy+eXq8d9uMLuhFQPs3zUx6Zf0cmqzqvMgKtVvRDfbEmh4+XnkT8AIk29BVLX27RitsTv5gEkVxS2V5Pp/VDHyXYyWs5FDUObwAE8NvZccyTf1p0pdE2brNhT42C5AcZJx5o92eyxnuCYihLWPJC6GqEmMTAKa5DR9jeMy0wze8loYWNNLJsYTevVelcUMeSi+gfe2ERq24yC1ijc5hVVYuSJIZWL0V/VpBk5ub2+18ul6vvay3+jZspy1nlcST5LYNgBFT4k5hhcpEwodXSKHVnfV3tLbd7aW3a6ND/mVofX+ILpTkRsuZV2OsH7vt+6zMdYl7gLqsCPo2qgAmUNt2nrH/zt/+g0Q9PLwWh2xmglaVRXHifXn7zmCxIR2ksb5/aVJLESLlnwDAhrWvqHJ8lW1b3zlRiNksD3D4QqBbTVU0QXaMbVtEURE0t6yqADIe7u+3cVaAqw7yqMoxRg86ioug+2h9gpPv3uODZkBjS6yFe40oq5ChlKTzLc0ZZD4i5lMU3D53Hx5TY6xu3iQInSjMyOv1kpUG72IepJliTTfZzeQyV00mrN6x5CXkftmzgqvsUOXTlJh+EQWHAGPMGGNU5tPl8fL4bMOqEDEjkli7B/U3dQgjJMtWkCGhpQEx91rfHD3mvgCFVtsCEU3TquXYVoBWyVQAACAASURBVBYogLHv+/U6TmcauxZdJ2cpK0s8bldiVEDqcbHFJFRno3UX+sGQMWdl2XDB4q7u9EJJyTFJRgkodBGrpwrg5u5uZmakD1vdSph52w4Y7+8f3rz65u72hcymJHxqwVvHzl7CLUtjEjXT1acmxeTt18s4DXdD2XYakaWvoC9Xi36B2pAgzBC8XveGQCSMaqxpUkjiYCA1hwoUzGLGb/70Z28eHiN3sFVqLp3kSt52LFxjuvPTH/zk/vG+eeguOakBUwWfMbbMGcRPf/zT+8eHytkcCtEeG0IbcvcvuA3aON2cZ0RViuTvRItuRZ5PZxv+9PB48IIgSE/kPveYMdwzMnZNYFut4hwo7U5iT3CVGtxLPyrPzTIDvNlj6BZ1PYrqJl//dV9Vm6jlyhBjoKZfmX386Y//8O/+/S+++vrp8c0+r53yKAhkBqZ2QgKESjjFHyd8VnYeUd3V7jEaRuyWAKQ5NoJahSRySo+tA7Cmwg6govLs7V7XPtNVKKM5baz5Y5LXfZ8xq/URBaIZVCOytNVunxcapY1coVD3Wv0O6bLE43bZBJYymxndmJk+xt/57d/9688+y5gZNU6DtBCUMZtT/eRGTCZjSrZow8colJvnlA8E0HdCPBOILmWzB0s6RYJYNg+AsIE5yRlZrTapl3cvt+287/syYgZZSpE9ZtQ0HzN1F/XD3McQnFuWihJi08cacSVgFLUknc8Yfp1Xg7tvuUa/jeVuxTauJDyXjl9dLTPXHgx3yVQavZlqS/HZIKqXFagyMh1vfQOdR5A0xc3KFZrUPZMH+oKPWXD32Ouzz36RWcqtTqve/7zAnCrRBnSNxYl+MX16hbsyq8SoIrJclARtEYepczR8lKpQs0KOcSriX/7Zv73GxenZKzVbU1QFlxSx5xP6QzgtWZDwfX02lQxVVNETmT3xFS1ScrOZETN9LQhj08eqnUpXQFIuNfGLUtu2xAaCbo2JxE4RKLYhx6pd14g8utSxbLPcME1Ci6c0W1YjYtbcaJHFNcOzxJMypJKT6Ns+hMCDTNvu7u6yKqKTolHz6N2RXa2GbhPTicrIMNhq8iyudzUVod2NXFlUX6g5vZ7Dbt5fwX8pK1YOaZoG0J6EakTXRA9R1TBYJ9l9O530IyMqMuge+4QxIzKnudNG5ETBhytNFuG9FnNBUs2O6p/0fkr0xpo9qFVEvVOnrOqtG18aiFE+ZFUhkz3tZnDO3DOS5tXVNCszZlbF+fbmfHuzX68gxjYy6nxzisqKaWOTPkAP2zYYPaPG5k5mplTCPQHQupP1/pwp2TfpvSig4eDx6ho4CExHO09DU+TSZlvXEtJ+IapYP/jhp/f3rx4f7uUc0ipmI+JwcuxxhZ6GMehYjjHeDhcDsuOo5cCmU2JD03iVkWC5WWR9+PFHGTmvV+t0DGjAhgVvZlF8+VrpS5mIV4bUSVJwjbFlBAm6ZdR6ld0ZIdBTQis4jO3kY8zrlZRBmh1oRKqhBpg62aJsmAAi2uFYBidsdq1WaVcSQ1fLVDi2gcIYTprmVtu0R8Y7rQTrEpQ93t1MmPTWsUx5dcOpBg7Yi0iLco6qqO10kpvNogNXidZfpKkyM5uXfYmjdN801yshQVsuZLZdbrUlBTuulXZAQ032QvfHSRvjMKNsDmPVKWV0yltJm61gZnhnFqWAsuWF0p95NTaoYR0BpT6+hVJr5S09RBPaMWSZswruvp3Gfr00cdId1gTLfegPsBgRPoa76SuPMeZ1b/yr5jaWuj2WWTZ9O59WdRdmVqn55gJhXaW71PaAhL8yVxEu1foxsssVcRIreRHuzeu3YmxVRyIXVSNUiIrrMBWX6U6IKz1SoNnTvDxf791GazI6IOvP6Z0urAwkMbbzw/Nr1oGXu9qXEcS+t8drIh+fHmdOg4XmEDrlkasRtegZmxHRg33CSIBZajEi4TZmxP2bV9t2UuAuUdw8fqRlYvgY24YlYOWqEvTIVNvkasQQh2ZDU8trTVOZmQUCpBy2ov0ouvL3TkJynyopa61THWPO3/ndP/hf/+k//d/+j//9qy9/aejoK3ZOfeySG49cnakXlVKyaNEc+8P1PMNbMKViHb0NqnG14BHfcpsgKS10w2e90SbBu3m+pihQpam2uUfTTgXVsdWCMRoZcjIGUbkzfvKjX324PGX0tcWqtsHqFoQczpY0s7OCEVUzJIoz306/+OLziF0LX5G47jNnSFWi4jy6Z9yxxccq0WBg+7mtpjFg9JYyNxFTEqBLRNLBoJpg68IeBez7tNHiDtLGeXu+PGob7vHHwEW4abeJBqR1YmAFM/c9p3iN/5+qt+u1LUuuhMaImGvtfc65X3mrsqrSLn/bGOxu3EZuCyRQW9AtEA8tITXwxlv/RyQeeED0W0uID6mxG9y2y3ZlVlZm3s9z9l4zIngYMfdNMqVU6WbWOXuvNWd8jDFixL7tMyWqvwmma3WbDVfoxx5z/od/+A/H/vDdm+8UAGmAPGoltSOzwt33fS/ZKAFmVnEr+z4daa7SpkUBygwUwAf2FMFqMgoVKJarz+zVMWpMVEDK7K4rXZE72xh0j9AUwQ1tUDwu2lJMAJ2mG78pFX91A6JWaVgFWruY7PsJxcijlyZD8rDo7XaNsvn1+uSqzfSNKhQcTaG1VLS0kEwLPLQoTWT8KtsWEqy2mDBWZLlZMd2MZhFlprU8tQ2fMW8678b0ZORQpiVWVcUSktd2o1pt1HVPJzKIdJEMWJUxFndBoohA0jDcOoYvnNLMfDOpLRpHB2xIfVDsqQkKNu+Dvx622DZVr9fjiJosKUGaqGgvpzZUUOeJjEJ1a+Ru/QxRopaxwASwAFPTaKsTXHU8AC73/H7aK/2UKiWsZgGAwQpaL1zs3TU9RNeCZTewInPOg7Kl5q0gSMLcR0j27D58nPaTGecRAJwcegpQQYGFo1FoKFVSui23HuiY6tX0QV+BlbesrPrGzUsCO2uVZkRWyqKr0ZnK9DWIrEc1rwH3nFEZp/M+vL2lVki1qjrf3Z/Op+PpcjqdjpgV033DAleoxClo1/nw/Nk8rsruEqavCYXv1VJtQKZJwtRvM1sYKdG5qgcvkmbbGH/3s795fP/efY+YbMJaScmHFm+h5yMLbR2uplTbaJeHh4TNrJyd3DI1ZbKYjT4PmTiul+Pp4j4opaC6LsCGijtl7uri4qbRcaLK3NCGY4SxZLCo5ry6IUWXIeqd2nq/pDUXLm0mVVqtR1N9nwSJ6459r7EqOM031wpPdm4SU8mFPnYsoDEu1/18Hvt2+fhRwFIPSlSVhgb1ZuV6lJlZw5fSjCbLVx+2cZszswINj2Lbxk1euYYvOLYxI28tuYotUR++6YS0t5/KBKCHGSiCJ1vMQ2+nNx/eLU2mkVKpmvUF0nfXr6r2z8rF49NtA9RKN1SJbmhT5AOqxMi03ErPP9p3ubjQRqkPV4RVNCNvSBT7zUp0JHG1dTkw9m0b27btmkxAa9WQmWurBx/u76/HpWjDHVXzmNTWm56t0/aMQtGGg8gIus3M6+OjINDf+93f+/bt2/ZgKHGGyHmMsR0ZEcc+RmXNeZDOCtB8jAVXw8YQcNhCJ5eSAVXp5majOsMK7UOTLQ0WVwM/8hOslQStq7PL06MMagtgMSNDos8x2GL2Wo06h/n7D2823wjX6iiRINLYzBl0G5vP47r5OI6Dvei6P4YE1l2ds4UHQH1vlyJXyBUG6YqDJB3t7t/cfU+CtHVSzRw+YDXnDL1E1uoEWVq50etLKzPXXvNOO83hoWgeEb/9G7/97/3mb/3Nz38mTPgT9NMBY0VJhcBSeWjJcrM3b775X/7V//r3P/t3eRw3jVxT6WjBg14SwF5gyZYv6/wTsMVOsjuWHr4Bii0bXhhV3n6Y8GtUaZ0I1z0SDwcsnKM9UaRtwKLpsdAbFZhSnWUrx6IKVXSaeSD20+njx4/O0S8SoJbiGKVV0A/yTihZREWYjc6khucP98flmDO2sWuIZfmDWFW4b/u+zThuHb6cDHqzQfFmw8BPwzmA3MNs1WdU/DYSM0PdtT6ernl0tFKiteGWkUiowBqawVtp0aAl9N0NqJlhg8IEkBnb2P7Jf/Jnf/nXf9UcVEJaSDUAPRpXIMvHVtBc2fFbv/5bCXzzy69UPxBWmZIxiitS1IRbRjWEUUUtgJNCzNY45RpMQUdUjUYoiC82A2pERajA3IZ5ZLTeSwiVDoUYR5Up2fynb+bmgiMTmZVQolIoNisyQ81Bl3o93td/9bSGaqcEUNndFCpyonomZttOUUlLdcKaujT3yDRXeu2eTHI4AUCixNTt3J3vzvs5c6qZqMxhw0A3M2Mg3WwMZ8JMxe2tTKesCUCjM2eg6tmzB6S83YQaqHlPM58VPuw28yrtcd0sd9qhsiuOsflta5mg1gVvrcAiQ8FKVOuuG7CzW1kGqf60Uac1X6sOb61FB9ZYj73MGDN0KmrZWCmgIG9qpE8V+oJfFj2uHcNZ+hSrum83xIJkomSrTOomKm3shM1Dotd2Y+2S0mHoHYpmHNuI6u6p2Be2bqDFOmf6Ltb7nWBlVQEb+gbq3quSwy+Xj5rzAeDWaxQVb1YxJqL/Zq6j+if6LOQnd8UuRG7t0Uq2hYJW2GgPtksUyGoHbqJRNAGR2+JNgDhSNtvqko55xDxYLWBCQwKcc16uF0XPsfWeVC0rRXMRosotM2dOgU7SsSvuswmK7rSqUVaaeYXw6DAf3R/3Big2qARWZczctq3o83jiQjKk6Ny24WPMI/QHuqjV9uSaxlkeD11qr7Agx2jDAvirEzItq9x3GnMWh1C3W/FclZIXJxvi8Yw096xS8VmYNkZVkSMzqskO9lYnfTXrpjNLshjX01IoXbPwrAIr+xy79mrJ1QQAWwqqNp5WuGnORBcM6wula6k9od73gJaZp7u7sY05j4TmA6vWNkEOU84zs5g9BClDpAoJNpxWp9OeFc4hDLeR6dVR3bbDZojIo7k7LSLMKCv+lQZzGXNr9Ijqflsdj25PPg0r0E53J8ggwt3oXYMIWEytSV/HX+SuMA5SpvjzmLpRieh4OwwY+2kza8foFiwQXegv50fdRMkkCcRspQfNCNPIsrsj5eZW0h+r/VBTWFHH5cO2nedxZCS0rBeyGkujZdb5fP7hD16/efsWhYjKyLu7U2+Vvq1aQ5vSVZQMxW14RtGx+TDj/cPD+w+PxzzcrMix6VM5gfuHh3/wH/zBz778W5F1WMDpNnYAFROq3JEAfegaN81Co5mP4SVbMRRtANCivTE8s/Z9M7OM2E8DRGtDdPbNWL1Fcubsrl12uODoxexKBerzu8HLRGhnO9Zxd9IQM8/3dw/3d49Pj9VvGgAjws0V/G8iHKx0pkItC5u1l1kjiIAa3cwA0CVLM9o0o40BlJs3GIFir8yUf9fKppnysOoctyr2NbJg2z7knSAox2gfj8u7D++fnj72c6IBkms7JM4Ezd2WSqeL+jLSjsvlq5//7XE5Mspvi4c6WKjQr4gYwwZ820+9e4vL9/MWnZdt6E3UrTY3F3hMZQhzt6EafU2gdXqZFc8fXptvx/VCNz0704QDTQ2yqpOxrUk2oZl0gkO0vtz4jFwo+oC9ffvGbaCg0EqzrIo5T/t2Ot8dx0HQNaEesbAybdgsgG42tvF0maWfIOxeEA6yyLvz3baNy3FUi4b6cQi6Ke1DWtUKlvKg0iqyk5e0E+jtdcVqfBr0MXTksGpimOXM076jZFDZrg1qZNaUGIo98aXpaRTYZWNvYLcxHq9P7959O3wb28gqdZv7vhV7i3YBw4d7tzTb2P/qZ3/93be/2PZTe4w2ltt1rw6lmWXkjCniTH+YVepJzAeN7iOyx6iB9c+6VTkAOIZllOIqGlqyKrjb+XwKyDYZAPd93/etT1trM/tRZxasKhNZvvlpPwVWeC8TKO4KsQ3LSRAj3InoEXHFewWP9uAulLmc/vl7v/07796/u1wuvjmXaezNRAG04TKCm9Z7cKsHht1u2WrGdc5JYla8fvWDp+vT8K0KISMKw2nsslTSOGIBTqNZhkpQK63JICVQ3Pf9uIYuZUa58XTafduCJYOgXsvt8kcS91G+DSPmnAXs+5atXPheS99FV4e4iPxv/8v/+vHp+Pq7X+q4CuFanXUjL9qB3SRhqXUSBiQb1hWuqxko1belfZfWxIhIPxeeIDC2tfACHsTqy+Ji+f5YvwQzIhf/U7FcMZIQYNgoG9gztA1C99UFzVlMhA/ffMzMbRvD/TgOgFl5dz7v4zSPa4FutOERJehvyfDX90oU+Hu/8/vfffdNzjT3fQwnjqf3f/THf3p3fvjm6y9Jd3B8qsU1FadjuqpCXXvtQpXQsG6W5AtrKPu+6FDHoyMVElmB2yntxkHfVT0XBQfRjBpFl2HSLYyhgTozA1JXXdd4bFvMA7Q4YuUBiYuTPStG6fMIz5UohHF33dy4T58XAYUVeX64v3/2/Hp5NDedIL8Ne61ZMWXILDnnCD+r/sj6YRmqhQVzGn2M0RNF7NuvWsLcKtRv4MZONKFBGtol4NMsMhab2V9EMQk+hipdADbIteGBBbr/7m/93i+++tKH+Ta2fcvICPn83OY+O2RUwjkSCUuVLEbeJjbUw6rqbUwdXS4QTFRpUyZ8jK0YJUOhLLcxc8Y8tF7xJrkyQiHQfbhvOePj+3cAIDn/yu/CAiOyiAwtC4NUrV2PGYE6nc7/4r/57799++7rr/5OwNInvkLtrG5jF8xIAJFqejVSfDrtGXONKXe64O2kEDqfDa4LutDQFhExNb6swCSWb3n2QbIHdT+1pLN6jiElUtl22iMnsnripVCxXEna8tbWdUBRUbqMRJa7C+XWzdRsYF7Dt3HTBaSca6vY/6Gycm3bcPP9fH93f3e5PFWVu8cMupqWXnMVcXz35jsWx/CKPN+ff/zjH739+DEzSe3cGdvYBJCrtI3Ung2OzTPCaL/8+pc+xk9/9VfefXyfJVfD8uEZdTk+fvHFr7x5+0Yvuhb7p4efmQtYKRQ1VyUYL3u9VpMmrUUqAtIHgmY5ZdpdmjOJmWYGRzMRFVi+SchoZmwZbbm7LAtlu24qmIXejQWac1G+jTN6zOvj06PB3EY2OFJG2/ZN3jvQ5BnIqsiZiW3bTqcTi+e70+VymZk2vGGVgrkv0Kjzxq3IJSwrZ0SfTBHwXfz4Fz/+8eXpgpSviGMNFqs10rTezBSNndkercJiIo7HDx+2sWfGGJtZQ1+LHMVKFsv6zozulSV9jiCrMdzQPb0t9cUtWZs5ipGRS40TTWYrddqSTGIJhIU/QYsogKLBsqmDqATN4d5hSVVfHnk9rk8mJaEaencaU+PRAKWUyBKGAhH9qIrMmUD56l5237IKkYXati3ER1XBbOxaK8j9vNHsuM5em8pkkcPQZE7Lt3LmjEmqdmnFyb5pLwRodj2ucx5dvJJV4UOeEdbCpOXMoQJcyi1tUpcmyMgK0XPWIifNCJX03GUmx7n20Hvx8Hzf96frBW2ujWUOw140aSgkzas0B3k7C5reV4zNb7/5ehsnKzmzkVVutp12ox3HBOGgKelHqUcd5u4jZ9HBW7+jlq8LD7sVeT2su8p0QltiVGAVCr55MesTE6ilEK03ayUVbNtOHdVvU3zknEHQh5fsvwzHEUj0wKVgxGJMeYEQtG3bznfnp6dLai5TYy46fJWijuUW57SoUAHfG4YKbLF+cyka2BCF/c13vyyrIZpOIlNTIhDtopWaZaZVJ0vohRYmE6yqiHB3JMbY/vgP/uhvv/y7COmjy4f/yhe/8fL1D799+01U5ZyLVl21OQ1MtsaSGZotUP1CG1ZZ2pEX8lauRWy4RWS/SV0xt7ENhbCsjKn5CqKNHFQ2A0kfNoYTdRz51bdfznmodFdSqKhG3AupPXx6igtN0dFZBTbMh+Smhdv30L+3m7PBGCN1pEtVgYHY3LWJjwu83nff9z3WPLWZ63RqRY8b97FNGZ1LqtyNyA0GkvieoEqPQjvcJcnT6UTDdc7KmjMIaK3Ys4cXEXPOg53SiFIHnjfCo+WV9LJ8++FN5nTf0A2/R8T9/fOny+X92299DAdG06tszAcGccRKpsh6+fKVjXFcHmspglpa3avwyFXGcIlqzN3c1KSSpj789jLwqffpWln8QUZnd+k0bv9tLUb6NrAi3BiE0yM050NKESh8RegorSUuRsFmRv9UwLFjpUoV9sWDJk8ip6wh1J5qGJSLk6Jx23fVz/ouGWkiOgoVnV0JyldiNRyakMkO5A249KPrTLgKVltKzUyYmY8hi9WxuypyyZYk5hNSejqfzWwe04aPfYwxZsgBxqPymzffosrpx3FUYYwtZihMdxchDondCmbG5z/6cRWuT49mW3WNA1LyKpg+cFfmMFrZIkZNE0BHv5kq0jLm/fP7V5+9/vDxnXMA2oa2ZixKY9/cxvYJowHR6j1gGbyoWeGanWfrMZBR7j7n9e+/+sU333413AURzGOyGQRU+xhVdfTSKaY8mI/jQOXm2zGn4MTuQL3d8Cj2rcXZiqt9aLTSKTOwWmAhBiCAovU68+5BjVV1Ot1t24iY+tMxxj52ADOmu48x+mZGywbc3dzX/iNlvmQPxNNbtytrcyq5C4Px4SmOiKJlUgLRVVD0doIZE8SHDx98DEHFNmzfXM6qZj3tIGaJVuaemd98813O2M93L16+fDquMnbMQ160hm6+ElHbGDFTxj5gXeN6PF3Rc612zIPlw/1nf/1XlRhmenH9vmPpeQCixuYsznk8PHu4ziuBQYcMLiSDtJ58HcMfnt1frtcqmIaMe2mahIIqgNJEtlDEFjPLSQ3JocrA63F9+eLl2LfjuApjVks1xrjNKy+sNJfyPhe44I3OqoTJhREAAPbzVpEcDjMH3Jxm1+vx8OxZY8CFiPBtvHrx8vHpkdRij07rtDbKjJyfxs7aK29JFoxzziMO0+qMxkrsOKYPI+1yPVbA7G7XYWZyVs0qWgtJy4bm9acSBEHp02pN4lbV+e4OxpmHboL1qFDLBFzDSMWF/FX3lw4thtvG6HLNJZxe687VXlUv/KqaBYzNscrmjBVA1Rop+6gsyJI4DklAO4BqQV/AogtUH2c07O1OHzTYJ2m92RFpxP3DXeY8Ykqg1MhjoYtFklXX6/U4DhMDVvI2sKh4fv9wmYfqIc14m3Hb99VcqLw0idxaU6S30quRbAzvwjSS7sodEmrrG5l7IgvZZIV02Kh9H0XMmds2tm1EVcwAODZXN2XD46is+Pj0MaN8aCChtKjOaGXCpurh/uUPXv3g7dvvSHbAQdt8o9o4dWx7XlOXKOIw98w4roe4cnkZmUnlJ5Wi2kn7BHIZqp1z+ymv78guoVrPtbSPzXM03gJAuJlqG5PtJYE1Ad/FA6VbLDbBhQyJeVZ909NlRd4UCspNMDdVO4BlxOW4UivqlS2Nvb/ahrYXd8OW5dt4/vzZMa+ELfZJv66hri8+/9W7u2dv3v1SZas0mHmbjAEU/7vqqCQ49j3ajozdUupwt/iOETXGiKq//fu/MYfZoGEb4+ny9C//h3/5j//0P/6f/uf/cUiVze9xFECxvCc9u1U2t+quFe26KSun6qEs/VfFFSuJKhgsK45jtjSovUZUvGJVSuxIz3IzlP38668ipplTW0oX6kg5B5gGADi2oUHRmyZlqSxBs7Ft12u0+KHLP1M9sGC5Ot8/kIwM0HzzpvoWiyLcWgx/Vao6F8BQlRr1ZGHbts+eP/94+Si7YZKm0cGCbdZDVksTZubyKOqpv7LMvB6HwPXMHNvYN4+Zj5fHGZeuz8RyAmjTF6DXWvZBMnBeD1mKRVbmzCof2zdff/Xx8QN9K5bDNxXAeqbWriyLpTKrwszjen2S852KiVr7koTjC6dv7KuAmtt2IhgxhVaya6I+CKtRW108u6cn6T7aPSdLrXbLXpvgESpXVlbF711RhY2eUxZeJ76VLBBZKTGDaRNbBqnIi67RW/lJJFxbuuYkpftUcRn95bLoro425/zEh5gjUYExhlAUwZC2qPeGem0ZZqOn+nQB9vMdVIuT0A5OWswpMyvffGw9xA3RxLWIZOF8UImIeUzdnJz9J5FrsUWkQehmApxHjH2rT9sqqNZWKBRJOh+Px+NyGbYTyP73aNmJ3JyB4a57vu8nk2y0wZe6f3g44tpxRLMH7s9evHj37bfaBaYSTe8+Mu4eHo55zONQpb5ATn2opNTeVcOGmkASPjxCM8FSR+S2nT6+e5czjoiKYH8lkCJCrG8+aO69OfVmh6KjmFCxkoUe1FEb2hmioPOIjhns77H+AD0PoZ/SJVitQAEuKkyemDyOcGuR8+Xp4/3zF7/1m7/9i69/IV2jqJJ+FD6k3iHhNlZkawykUPOYvo+ODmhNoexKUWla7KoMum5rf5EeCEODCsZs2qG2fe+Ib76NbTYeiDbWEO0wTOVOzCnNqqziBYk0r0hXm9HyA/A4pk57Zh8Pedv72NTSEo1HCjYmCbbUvkJnO168fFmFmLOooeR+1ytLGSrnnITE3ErJOnk0mPVwrfKBdtyGq6JBlxVQnsh89vx5ApfHjzS/FWqdG6VMXTawppXIejNGVNK5jW0bI2YUmBE+9JWrMoUwJXje9qp6/PDR3WcepMVcXQTKzC7HlRJGo6dIRL71Hekxvj5qEv9JpHy5PBk95nz2/NlPvvjJN19/bZtV1avPXox9f/zw3n1HRSNcJj8AmrPVCFnSKFeJYnV09DbQNKtKekWPZuScp/0EIEJzBrWUSw1JNvxfnYYFvH6vqoP1cvVS1y48uApRObatwPP5xOHzOmW6reAMXxNNnWUSwiuIW6lElw5jKWgyRcsQ0HzX6lUSRBwThAg+Gqs9xOo45pzTqPW06hKLwNg8snTwWRxjSEpXVds2kLUNaObwJQAAIABJREFU/0f//h/+/OuvVZ0AVWRlHXOaQfOdbQ6KMhlcV8ODyxOWEbxeL+IHfIngm3VcNRk+weJdCYLY9mFuFdA6RfnzSG2X5PANwJxrolbFH5W/QDN5ekqqOvP6/sOb4cNt68dI0LxSE0GYmTHThmQs3T5VyopDUmXcQuQKtP1LgdT24mqHDwGU1gt0qwBW1rad7rbT03E181xenWaiWriysJAI9Z3oKq2xWavFm6TaSE2PUy0pIrvW1+FE16oNAjb1rNvRww/lw1A1Y5o5YJ1byJhZmm3X0FoRqJmzIvi9DhOrmyJtDL9cLzOPxvRpIhbcWBHaALRkxgTEtmdEWZttdK3YDb/6JLIqFn5sERWVKJzO27/5t3/xv/0f//q4XEzVArHYBfgw9Kgk1Me6W/ZbX5iD0cxQ5W4QNS15xxqn7piiegHIrDGG0FPTDIkTle7ejbkZjQlExLaPOLTjVl3IbeHnbSL2VswRqCkHv6qGA2iUNHetIgYAwcGJG1YFcM4ZTWqpB+3EJLCjp0BlPZAhJrP6kLVrpvqHD08fjb7ZAMDCMD+PHZWDrnECs9ZIqzarpA2321Bl45VKW2yJqYEmMa2NsWXChkRu0GNRs1FZtNI0WgdMqeyOyKjT+UxIQQ0f45QagEG1cqBUFFnKibYMGUIX1G7SLOZcD5ZsIibZpJORg8bIcHMaC2HmlEPWAr+Vh1Uic/2cG8NHWi5do9vISHnnLWQHoCvQ6X0339/oqim35yxU9mh2JmX/v67sp00pAuKMt3CpP9KkrJyESFTOz15/fvfw8PjhrW/bKtw73692vCC5P5GZ1Z70q6tt+BLrwZE9qACDwcWDroULVYn44qe/dnl6Er0VEdUFaf9G3S/0cB/l7iS3+z66gA09UXQ+yZAeSM36s+cPJOJ6jHZlFYZZmkB2G3GEMk9WtoyC5DK36S62WIWxbXPOrB4zVGi6f/4sjhnHJFmVTouZ79+82cbWOeqGq5HJev2D19frJWa0B1E378ps9DESMcaYSPeNSHEgJdAdpHP4FjHLMK/XWiuTdLqaUQEgD/hi5OQNcGoYwEjJ/nDjTdEplplzGdF1kBaKyaKPkZFFns5nEYg0k+/FpzffwAO4duJW5nEciwqsqtpPp8v1+ni5IMt8fGq3SHePmfN6oHDaTzNiMTfkwgBIO59PhcqcPjTluoCSDrmUSWuu0E04jOqOxzCZnmgLkbiFyrxej5opCUFksI+5VxUdM4O0XhXRmIw8eVsJ13nVkqSZnc/n1oQtvk7ZtgSotYJHvznMXIN/9D54ILyrcjO39+/faaNcTz9aF0LEmtDSMG7v71QQB0pTJ43eCV2GvBb6h0hin7LTMqP5eLpc5rya2brKIs+CKyn2VLw0Vijl9QUUKk1YZIpwsGHUrutCgb/2+Q//qz/9k7/++ZfvLlcd1ioc19kOijAzXi+HmzksdewAYE3LdoNkYwwrc5m6FsxHZCqdw1igb55Zj09P+7YheRzHMa/apim2BX3aIYGq0FRBiJCduZnAKqV9VPV8J6rlJkBGGTkjFqnbL6xblS5H1WzeWmkM3zJSlL5rpjfz+/ryPHIbZu6X68WGVcgbo3Mw5MKz5AS3sbYFAjQU3BDAYpbNJbbJwDzvD0d0YSPwpSNn3ZCEzhNomR8U3G65fDttGUtkwyYbI1Lsk9EL9dc//9uq3DTxrGpfW9EdNXNs/uLZs6fj2o1FEmzDHEEr1SKW9G1kglbqh7uD14OK2UR9JWCVOYZV1TyO7O0z1cJdN9Cqch4TWSwtTCigdy0bW3KdoeKgIqq/fpa164T6Ja/QKvc+HbWyT8ldEXqPIDI/OUCUZDC3Yg6LnkeBLeOSjBhMQhBsVVS+evXZ+Xx+fHykmbnMbVCZvHlhVG8x5rKW6RoUqz41a2+A0uh2LbmRVPoYNty9ItRrrZiF9nlvtsZBSZQlMuVv/PS3P374EDNa3ZAAys2jdFlTKoU80un1vdPIVkLB3T9ePsZxGb6h6WSTsaMN3t3dX+dVq+OAflY+1m0Vn5JNiOkOkGC7mpkG4aqsWLLxReQxL2+/e1uZCHkJ5JIEFGlRJYhE5VKDc7p1amxQiJTPohComyGbLg1Bd5cDhwD79uc4DW2a6BV+KietzBhRtMqegoWxIxuE2or7WYFIpF4Vtn378ec/evv+nToWk8gYjNmrWmoVmsAN3wN7x3BTD7rbMVMUkt1OIKEmboyt1kgh0cZQArxknN3u0qUwbZk13MvAFJMgBlU6rv4sGXkLMuypVLpboWKtTzHrBYgS1qYqwdTsO+uW9mQAtXYx6QCI+i4VmpmecO3B7jvW2wDktAobhhRC20Q+2/moNWrtUt9IENsEujKOabSKFCKDBZcKtdXPbx3F6gcEUqyKCSXgagz1kS9fvjxixkzZvMjY1ceoNrhoMrq6IqoFr7ZUSkCCMFpNfX1iIfq2d+KgJPfNslWi3NxgVbgcl8fHD1IUa7I2s3ticy92W6z31OJWoICxj5aBWWs2SGgfivXEealKRiGpbWIjs371p7/+5u13MSND3lp9rHoMfD1PaJCfXc9IM2IA9AYVUUumE4ICKMZqziOOCdCGKoNRWHyNKjBIEnZDN9ToKAkVYda9BM0ttArKvBa78vj2LX1brDGlw3EbmWtouF8YCEPW+/fvMnKMgW5rl1BMQbyqUH/2n/0XP/u7n81jAoyIll7LEoGsgm+mFmQMB9jGHSpnsmz3l69/cD2eVFuopOk3KEASZE8VMROyc1kaWmkPu7hDd45Ga4bVfID6VJ+iylrwgBV6qPNfmjBNaHQJWZlth388XfaxzctVFJFqDXcH6/VnLx8fn9ZAROnemd/mN+w6Z0koLwvLRnNrCbbB1lPoJiruLIuGwn46zZz69Irybax03iSWi6oxPDMzw81KPtySh3biVmKMPqJCf9xgFnG4jW3b87awqY2DSGp/XXVRuHSSlU2A2HC9H1uaK2jUxIbRZodpVrFFOIDRxvCxbU20SSuO/m3WUah6FkVJVPU6TU2wUAhvmiLNLIuVqdPJZhmaNKsSn85VSlCHSsWuUYs4eniGRlT1/ikHyS8+//wf/+Ef/Kv/83+P/1+GWnZZSCx3kwLKipXuW5WVRasx1y8Sf3I+jWvEfjpVJUzDKgVYVr3/8GHbzsOsWupw4/70xlkrISwLmT7AphQiT5AMaAU4aetOCMjJCA1lNiYnnsIF7urU6tZjoZKyAzLtQPn8R6+v16eMsuGNvMpIwJc7e6bCuHaAsDkiaCDJ18luKQ7FrjO1KxrVi4FXW1Kr4izgxz/6lev1eo2rQDVUsji2rbJIW+SXDpnqNWTkad/v7u6v86BZgXGzpNS0DWDm2zZIziN2LRmAZcva2EnJOdyrygyn0365HqT1rtsGQrylh4Vinc6nse+ZETNXzO5qex1MkXBdzMCQoaBN0LpINxbK2UqD4RZSV+qh18rMUMK8EQ6wRsoA0IZlD6xVJxjjOjNLRnmDfAhk0W9ekJ9AJS3sM6ypEhJSk4JzRte1blXpbto08nR5/PDu/bZtw7RVZlEf1q4rJtZXJ0DsgVy26hO2pEZoVdG14GFQrCUMtgwyhVl9EqFTuQPitdgqukRe45jHYaS7N+54WzciUStW2dPrszs16OFW66LVxqBSVKR+b+3b+dXzV+8/vlcbZqRCfj9iMmMu3GxJdQE6mxhWxWlLw9sdR6n6JOA+qpk81bWZmRKgKtZZu2V0/cMeBmjHkxJpxfV7CUUfdD9cBcifytzc7PPXrz8+PkUo2Vn7iaDruoYkFk4HoEhfJkPumlHt+tWMevU//sGP3n54qwSKrKwePe+uZhUd3cf2g7ZFIK/16rjBNxLt9P+1hSjZVdA63yo5bYECSCILmXCzrLRKG5455VehjYBKLoKblxCmq2Ndij486iI6COsP2zYGBYgD7cqCw71g0OLXLC7XE2jZZCYl7zJ3FfT7fsrq/LSYFNL13ATtE0UtIonrpT9Km5rpbA9l74Lcq2Gjb4VqFPT/Qgda9b+KfY2SUwLR2yLG/tFZmfny1cvHjx8lRjUpbovn+zugIjWeuqp/SHZUkjBlZkNZRRDDvJsUrPgDc3MkNvcqzjlpbEdUJ2E5o4ht2yIKoLvnDBlT6UeMfd/3cRxR8clwmLXcf5urqrgGb4GlRQd2axMUzwSwqRndxv7V3//lrBxsgIqGDJ0t1VrV94vyasuaaWNp2hb6U1EoyCHEVmtHwWGSfhGZpVW2M0I/VolDuinKUaUaNNHipCa/srKmLCJJK2gqgqJwNWAX0agHMkkUK9daJXZVDF1LZPaMWi2AAWsTEMs5wPqLf/eXqHDbMsNpMk2TmpBEHFMf1gg3ebPA3AmrLFY9PH/xn/+Tf/rn//bPIybhTUHr+2ateUMKWdH8ohtT0gFg2GbkMnwBteeOqIyKMjKOqcluo/tqwbv4X/BT10PsWDaGzznRejpW1dgH5A9aubnk+JWROS+///u/8/LF81989fU4nQolwhS3RRNa524abe4I1jWOWIltA1tFytWWm+JCVM5wH713VZa4GtGd8dnnnxG8PF3Ywzf4Z3/2Z3/x//6lCulW7BiH+b6fqrH9T7IoUuOkheLT01PG7IeMVPrsnNd8LYiKJfoiYWNUVMY0+ja2WqtDutAbazd212zVCox2TKt5hJkLpdCTNzNFHtXzXbT4ja7rOtvXxs1mkYfT5AvViwh5ywqUxle3L1k0U77sMCNzGKFiRnB5LyojDh/fvHn/r//N/x3IYx4tK4mA0YffTHgXp1pAuW1ug6iouSS+zKpBi6qs+E//5I//8m/+TuuPQVSljz7w7lIidZsks/BPivwqrJ9YwI1n0l+VWRUEzvdnHx5qBtgxvKsAacVN0yPdyOiniWqzNePVWMQiqfRrr3FkptGBnEcMHzqjXJVGoWcfgTbyx6qRVf1VISpdLcty4FGQUedOud+sJqcW6PHu3ZuZ10EH4DbO55P7BvKYkW3oWQssq7W2h0XOObWOJnNNu3V9saKuwm6mOVd/3Amh2H1wziwgZl6uVw0xFqrbFBiWrXB/S/J6vcjiQ4CWvow+2SrgOcZY1cniOFXv4VaxqiLjy5cv9/10eXqisQhv2U1P8KEL3tU8S/BgWn3grYwEWubb/kvWJREIqel0SIyLYAVXyz0PibOXUSywqgKY3M1hp/u7MbaYM1h0zAjJTqopxVQ3a+Zmt7JH1B+EECv1G0FzFN0sJ9g6cqK6muueOwEgTJIAuo+I6E/N1cxIV5za3Q6NzdPscn1ib8lgzOhpZbYhjPWSQZDMDtBovUtXyaoL5bK1EO4QP+kz5psPb8x8yPJ4MVSUnArw4WaWvf62sbQWkCkeiaLVTgMN/rfbI7d9a/4GBDEr9n0TqG/LZh43yDUXetwqpG6/sAj8aiN4gL1sA3JrLABwtyPm+8cPlRhal6FLTejkibS3HiohWJmzImQ51u1ku6GJg00Nz3z1iy/N6RzaE5eo890Z5BTSqjtURTJbFNT4kPRp0mJ3H2rrQOqtC9TJLGDbdmvHnTRFUhsNnJKkwSgDjjH87nSCWibC14TqLXqVZrF1+koQhS4+K8tuSzNUFCNhOXxEFelcYy23Zp/yKZK6xig6PTIJlbJpzv20u3rP8+k0tu04jgZpsmrhplyddHMZJjTFe3ImecuyOoTb2JTPeAMYehqSS45JjcPf9D5ty6iobr1WTnEzqxXUH96+zcC2bS16NRaQGTEPQV6foql+ahWSmelacSQ4kebbaFm12TaG3NaS5cOOaKk01z4mVMvo4TiddplCcGFiHDa2LTK7E8z1LdTLAQsfaAd36ZVMnvwtbhFM1O85tFaDffUycux3f/KP/uTnX31lZmOMnAlYDx1mf5hmM2SuScOKzb33CgTKh3lbIyxZhRARMisTVWqKrGetiCV9tga8+8mQGb0TB8DYxpzz5atXr169fvf2Oxt7L2GVdK2AnqxqHZH6MV1WM//e6mvoYLlbKxq6B18xpRQ3ipArk80phAP6mgU5bNJ8tNGIoDrzTPSgCDDGdhyXv/h//pwZzk2oh3KnkkSPPEqJbq6pnZb2ccFKZlr7UlzF3K1BN9owMQDDzcxVxLMD7Gr/lP2sT9L9/V1EoKT5WUhMauDSa1UMRtv208+/+vLN2/e+jYwsbYxuBR3ZI+5djxbS4F11ia/WpHIPAeN2Z253x8c4353VzgG9WmmMAeP1ej2OyUV3RM6Pj0+X66XTDkotREXJ6vcGvoI0Mw0OwfQ3/8Ef/uHPf/Gl0sLKSCWdAwFUnk53P3j9ww+PH5emswU0q4isLEgymVUVccN/GtcnadVZUHXObQpctTgdxVRnJwuadeN7wE8lV9/kQtW272Z2XEPxl5rWLQLIxBhO823YnLOjP5BA5gSJ0p5mDO8t3iy4D52HLJhj7NvpfMqMOGb1ZIoqDGQE4R0uicw2ySYxM6CSwoceoA03Z0b87MuvnDZ8izjULFVlzDZaCMm1eheEXlUVb9RDVbVxgnfi6Sm/kjyg2h3luF6d3lRkgUspVFlDab9d8LDU/+yxk09yC9V47EEC2DymgdfjePHiYezj6XrV1VAPu6qdViyhMW0IGGt2zY1LqjFn0Oju+75Fj5J3IVu4NWhAYdjarwLIn0b/+piH0pygHBHCXEdXEr4KtbJNL6MHzRW9yszmdXatJl4Vix2rVWX42nQFB+hjVGOwfU2q0p2E1vYVMvZtqw7YlMSOK/ySdv/wEDPiyKzYXE2YUzPy1tV5ZJjZZk7gcr0+Pn7g0pUjl2xSYuXWAUgW4pFZpYwpwrk/pOYtSLFAJMqhqeCeVO3nBnCB8Do2BQ5zX8282SIeai3eImg257WKx/X4oz/4hy+evfjyqy+3fa8MKDcNF7S6noGeBrWPV+2/OauWtawuu61OkWJbRSEQhJtfj+s//6f/7N3Hy3dvvm1aVaniRjjg5kzWTKDankLFVFhzk4m7En6ktYq0OaVu36U7UpstYNI8q2QppToYC40dtjG5MheNK0JUVYXRtLqx++p+EuiU1MslpRSqti8UJdbDLpWaKSeNfLh/yMzr9YrelIWm8WgEbGiSaY2QqrqhMrmukGAmZuXmI9ux3d1szqmxz1ZANd3dS8tWw2ga9BfcPNy/+OFP3j59yBsdwH6J1c+oCNu2EVHaQzyGo3hcLzkniGHyVimysREz0sE2QmdGqLRomXd1a9QZplsaibdJMOasyspeu6a10OfT0Dz0ZjztwwGnl4iISpZEQQKuDLlkAnq62SiYHuaqJwX90Myq6Lb9+he//ubdd5HJanGL1uF1R8hFrrNbHRCuKW3g+YuHl89eOrjROI854+hRkuphZH0AshV8vrWTq7t1mUdA/kQroCHLlvCAZPT8bC2yy5xDTWpX17iZZ9N9CEqtHhlUJaClGWqFUciS85N1U1PFsQ+9ZkAGugoomjoo27yq5I+pUJ8RCpLuHO7HMffz6Td+7de/+eZr0sy9sJz1tCE1SeI4AqUdJAVdZjq8azVISegmzADtZtWtQGUCRTMbw6Qr4ioyrMnk9QxXt0kQiMq///LLzEtFZQiPBw0ZqTvcwp/E+e4OemsFaZA1iLpYeBVeiwvUwI0hSmIJUmoksjdkgZT6bfEIvY7amoMqIOeUFv4659PxQUmrCwcfjRODGXH/7B5gtPI+qZdbalN1q1uWPk7b6bxfjytpkBHEgolEbs2ccARU9AhbgtuCFkglKnPId48OVBuANEZcyBmARYYM7G56nQ6TQkG2TRRftv6wL5/Ga6o4tp2ZNy8/IGVQYO40W1j+Mr+Tp72yUVvXaVKFmXWdR+scCqVFVwKrWOStku7lA06LIwFGTtedXkPhWb2HtQP5lPtKlyMrwXHOA5XGXppTDUrD3Ah7erpUhZL0GD6Gae9vzMyjfHNRgm7bm+/eyHFvzkkN4N5g4yWLxOqDM5JqR2CJfLperzGtizcTa6EyET2mMWdOCb16BJLtT9Zg/2IevVcm55ohhtnwXSRhLYcH4jahQOvj2Y5mOjfo/SRFCV7X6AhFvZS6Z6AqVRXpUmeVb15gZcWh2ZUWNwsMFDjma/ml1A49qyg0snumipnXeY3IiNrGhltPgoZFs9KHrbzqICLD2QUBiIwa57Ft47hMoyNIWETv/ekDGc3oRq1S2Ch0bSVS9dy2Okujm7nNCBlfoMrpgB3X61INdeASP4kUum1jeAHug1bFXiqiVnW0kWJWt58EWfKW/ZSuuJ2GGY9DU2SKL1pEY5BljLIDdXisiRneXqpyhflwyX/nIYHl0tNXx93FYiFzasDuOMKMx3H4sIzQWa1W1xSyzK1X46lTW5datLzCQGds6ej6NRqqYLWf94ognVWRKs7a3F2/JCPGkNzUdf3NzNxl7plFH2PbN5XpvYm2kSYBZBaVMUOlAAxVFcKS5XbVYhfT6HrfBWLftnlEywzYujsQWfKeVGWSIU3awv7QgAIJVbqCHp3Ap8ivjCfRPbpSETuiejeqWCWvzK6MfcWQQmSWqDCYm/3y7Zs3b7/d93YcXqqcMueU4akJtDKd/mZIQJZVi65MhX4j+QsmFH6mHD3oY/Mvv/32w8f3x4zGGMzVOQvHQWkhQ8MTKDTeTpj5GJuqNgXbpask2bMqmajG1JSgzDfh9ziOA8DnP/h8ZmVOJfT1rEuaosZ4lVILZnRz0mdFRbW+dGHZ7pp/d4p5qHX/skCMsQnjp1tr0QkQT9eniHDf5NUjOE5thVhuLKixFn6ruNWIPlvJTvl0sX73N3/zzbs3t5yNXDut1j/bH0D7BwqgRaRo2gITuF6eCh3899OemRmKqfhEoGSZU1WZJDOkSduhH4UFLy1aHrod+i1t4i9NtAY5tDWmpORMPaixebT6TatCYLBnD/evXj6/XK8ZabTNyUQFtm0zYkZQXmHaA5MJlvcUW0Oo5hzbrkNYgscoNDlLdXzmd2+/NWvZgiTsmfIQSDjlmpOoqqgZ47RVYTlEecZ8enx0TaGh06TZsEpUs7YrJbhOj2UJGjQUt/PmPlR50ICZ+3l/9eqzp6fHjJAj0rZtAN2Gvl7OkI5WfEeXXCsRLiJP/jJdIWKNscrspTpgO7JkSyOPQ42BtlYEXl1/Yz+fXr16+eH9O1HUUhaWxsyj6rZglfXdu7dV4RgRs+NBESh3H8PRA9BNrgjaASqmOjkWlh6yALPb52marNhqEEVnbbmHZgwLwOg99e36IuwCheEeMwyyT2lblrFt83o1s+r13QBqbFtGNj2nJFBlEtb2L4o4glIUzKD1HkcsEzoVwUYaR87eUGSDAG874cYYN4B127fM9DHm9agqc+/xBmDFKLpZZJ3udhqPy/XZy+c0yylWRQRBC6YVFCNCHin2aTa4a0QqwlrnFwFTWYXKGbGcIQqF7bxt+2h2ryQBMhTNXcUZClVBQ8sNufittagYRZT2bH4yJlOqzMI29m07zXlYwdovjIY+1XrJbhYRKqHQ+4uxdDGV7QYoxZ1Vhgt3zDTnaTsd4oKWjE3pIqqMfPnZS3NeLxelXnVcp7vzdtpmTMVcIHuBfYcwdoRmi0TdBmkh73NSVINAu/XcK6O2fRRqXo5SjeBmrko6kLXvJ99GVoi2E3miB4lbjpPWrF1+umcfY3x8985N/g/LbO57RIqQqXm5DN/kyKI/7RNLiDtSYSfXi8qy0eBcVbffcWSRNy/FG1UC9M5OM/P1ghO1bfvrz374/sN7FSgaqyUIrYVB9TQqfZiLnDzvp9P9/bwe+2kHKzQdqcxq3TY6R6Ts5PvxNE9LEDb2QXDbtmNebY3EbvuOgtF1W1t1SwIVmrgogMxIGHuSGFAbOI+pXbowJiV3LjPffKjW3U77aqFKDVdXfyWXEufSrSs891hh8xW9hk8AZ0ux6REhbkiXSPMqQgck09e4S2tEO47r+ZCrEDC/AS8FK3e7XObT42Xz0Ro1XS6NXWnnL6n4YWQgmw0m5bbYbqGojJ7/pon40RtvKmBxnEUisl6+fPlw/+zDu7e+DxryJokj2GbfiKyH+4f78/3T09MYjhaJGNQbcRFV6EbPaED5sDnn2Jy0u7s9o47rsZ82UFuzXMVFFvbdYNRKu3mZYxsR2XXqrXKsvF5nxnT36vWxjZkUmZGZQdTY1SFLm15ZNdyalR+2bTtS3nFo9Kzg2zZ8r5rWsvUq0J2mO4uUyI1SzwIhmdhN4dsID2tJX/SGjaqW04S8iw7ycWNhaqZoyeYJWNu2Ry6EqNU5VlVjjHmktgrL6o02YJQ3MYp359O2bcfU92KpSDZVdmz1Re9PWFhCAUsGpCSqNdtm9uHjx5xhNmJONxfmqqJOsVXdkZlV3Mrhm7qcc06VwlwAHo0RFVMq1m5mDYQxY5pZJipzuKEwY864RNsKyfFBLROWcWhDFzpsHUezpNeQxsCMTGQGSWg+p1rToevnvjSrWaBF9soUgZui2wJ9d6hnmamsjSjZhUlP2z1nfzDFbCRSqmCgQH+6PnYcS1QHNKwJiBUdlAu0CloJmyzU5XgaYxgsJWIclEFrj+ECXOMiqr00ZyHksSoWR8G8rfCs1X50M4vIhUyvZ3uzo9QTb0cLt3kcclYd25aoGYGsGfHh8TGOGLZl5nnbCNvcfudHP3xxd//N+/cJVMKGavrqMCZ7Ja6eROZAVbWMctjBsprRFVGv1VIRMNrg975LkcjKly9e7+N0vT5pumtsm/77GemgC1aju85tRcB493CnzO0LFsoIH6OB25UMa7aVO2D76e7u/v7duzfDtyzIVHsMn3F9/uJZxCSMRmF1BPbTKQR9LNfLrJRzuVIDF49RgHu7EbeKV/yG0QrzCHcfPgK5nbZ5PXw4WDkrKq/HURNmlpHbPjbfChWi6X1ki3wso4aNQqynJxi+zL3AuB5Cl2+ENYhKskCZzTfYr60AWiVGu7wOAAAgAElEQVToWRjmsdK3ULomeEzRgDT42NQxAdGcDZhVt4GPhlhMIdtJ7OfzEdoKCcFsqDwu1+5rBev21guvrGpPNDOz49CaFs3Xaj+DNb+GJO24Hjb84cWDmQdSuwKE0UGIdETNtM0zs5PDEm6S2PY9MiQte/7qeURcPl7imEhVHjguU0/Xb8+kRyCsgQCBs+Io1FoXZANFN50TayGlrgfsBoFISps1j6Ra4S4w0bcnMcagqQvT3TP39g40Y1MHQDEbdFwIpQ5qRpXls2fPr/NpbHuhbhxXAcYhcAvNvXBRQJSVffMWgqx6iXprhkVVPTy8OOalOlY23pa9bBW+2TyOkLKo2CWcoXJmTP0ogj5cZ6mXcDWt2HZzZu5uGmZ1t8wie1y150ogOUjdSBW4ZUUVW3nvZpuZWxyzIs1txiScKHMtFi2gEUdzM22M7otVY98AA8pocUwV+ZFpZiGRWJVRlGNlqMXSZ2EP5rVpFuiunnwMn8d1P51cUO6Mpum5gGezknhG091dKjaOa2YzjstxIX0bnnNqJaFxjOGRATYTUQW1OplM1PXyNK/TaGacM8x1nNSS0ryX6Tw8uydwvV7EIapEVk3rY/QqDMWQrGMeGdXVdyZUiDhzhlYcDHd3b9Sml8KDbD94CYEEfzb3j6QxZ+7nfezjcrmiWnDZKls3OHImiloBIF8BJXU2U1lZabbEY4vjuc7L82f3ZXL+UWPgaNdykQHSC2W2krVveLt+NDlRGvNAo6AtBdn8lLfVFrjJA0p2G1wLY2DNrCpvD7c+eMJW3dxHyLKj64oWmDdsjA7vUfX48cP7D+/cxhg+thEz99Pubrn8K0UKJvJyeVRNVwswrOqtL2WYEVziqUTt+3Y6nY4ZBczIy/UgDLT9bt/GuF4OIcRyAhi7R8TUJttkVfrWWKlukJZJVSaHATxt+75tsw1/axtDTJjp0yakxViUFLbNI5JVeUSijL0BQAjU/fn+/v7h8fF9FtzNjLnAYkR1ha985EP1h4MY1pXrjftTxFHT62bG/XzS4HsBkoZlLVvGhf3rc5q8JIti8cxHNzfAGL2Tm8brZe6n3bft8eNVfupVFVGFnDER8LGN3SqbcKoCjRkKLX3jVKx/+thqQYtOK1bMMKfZQNUYQ3Edlbc+oRl1ddC3Vp0GtN+/iA5kEvIeXmWx08xmzvP5RHqkqkrqJ+oLmvmMmc3DiNYyLkhntcDZQ479l5UUDu1q00VFVS88RiFTs8iqlXWGOTMqEtZ0UwM4Pb/bGJbReRsigbtC8pqv6LkTNuPBnvlYii7V0uD7D+9NnjHqLNH2xetOgmy+CetPNL+gk6MtQ1UhpHhGsB0gUqBbT/zrcUeDfrcvY26rqU+xoyskLFaweh+u/l4AJBMpSkzRsYRXsxGvxii6ihD5j9Np39yPy9UAH3Z32t8/PT5FFWhe1ut3Mo29EJMI4YhAZ322MAkSzRQWPiVe0UrGuiSEdi36tLpq4badrnmdc7o7tH2lqiew3bdOVUIe2rkcZsyZFaHXoL54+BCdJ3C7xdqEnuxxxId337YohZaSGmUW6l/88//uJ1988ed//n/RRoqSNn/27PmcUxP9sirTeiIFBxbdt1ywehkRaAcqLs1c01jYT3vMePXq9fPnL96/ezv2HUBFGjnnHNvgKhUlKnj1+lUJ40W5tZ9UVAg4tHJJQTocU0mWlPpztVZ6KpKyK69UJAg63QaQOSfJfdvzNttozIgyVgX6EtnmWwMw+PSqValpJl+/WGGJ4Jzzp7/+04y6Xp7GPrZ9CMy4qRirmf0CLFGV0XlxzaxZQxGCpnwfWyyYmA3UVFZdL1f3IaG5eJtUjdhMnJKe2+7dOXdDXU2LZ2RVrwUAjdpnGXZLvcaW4Zqc85t6kmh+k4m4SgixLh3FRFcV2RJbW0U6CKuiPGGK5mKoYcNZsNEOBjQWmDnl07qfBtnWkIR2wStTFECXazEql2LEaDHnH/1Hf/rNL785rk8JtJhE+5jAzEPoMo2VoS8n2hGdD4raOmxWmViOGYpIT5cnmcSlUO3ON4IdcHm6SMww3Csx9t3HOK5XfbZmj5zaby9TBlbZOsEZ1bZqEdVbTrGN7Xw6X4+DhR6ZMZg40u8JZU6nk/CbWkkyIuKYHP6TH3/xdH3Sto3KJCpmvnj56sXLl+/fvVU5MiMWQQSU9OghI6/z3d2r168/vH9vxtO+k8ullL74BDh9iTpCXE+GyNmqSgMD9ZMf/+qbD29Nffgy/UClOkEROE12URSfBvCELQml1QHOmPHw6sX93cPxdHWzihbTiS1VjyUpCOCbmzonMxOBKYuKiBhjiAlEzeN6nM8Prz/7wccPH/4/pt6m2bLsuA5bK3Ofc9979QrVjQbQBEBQkC2KDIuixGCY0kThqcIeaGJZM8898MD/0BPNpFA4wqGwKBESSZCi2EB/Vr137zk7Mz1YuW+BgQDY1VX17j1n7/xYudZKHdmMHjHNXq9QMVsauCywsvnJyw9Iw8nMHNo9Sfm0qVcFmniJAiNiDeWsh3hsbDZmaq4yTM4g7QWuZljk1LXnQ1tcC4Xho3pY3rB41wGs3/7xT0H78OG9+1iz0AJRlTZG54mE0S6XHaiI1oPpOQi6W6adgirYBlxu9RtDLP1PIQ20FS9VmOaa8OQMo419xAyxCAhCWH5W0wAEW/TtItuxhyjs26C5DP4jphblAtDWl0yYrfFmhMxw0ZRgxSqYj/5uvqAHGoddb7qnJihBNJuIuR52F4806myjeu5HYrtsbh4hr61mkhQKhvM4pbueMVFl7pvvZ4SwdiVh7VaT/yzJtRtLkEiYnklq/sxzxnlcGxwxr3WeV9Nnd0mA1l8qvldMdsdZ6NGKNJmUPCoqIgJZXBWMzJ3ciMpFXVbCpzq3ylChA/aOVX1+9aW2eZFPbx7NPbN8OA0IrXTQQRpmjJkaugoIq66IlbbukEcPz0nxixvWY0EYishT4iSvwQg6wgBwW9UlV0HZyF0lfGj0sOB6vTgB3lYGPD0+u20x59B7iBLGQXS/CbAr1SYPNe7vEmyoil+jVF0+CQz0D3pmZoStLYkL56RmNWhWtYbZ2+aJVPluZlmmFqmvpluPCF1lVQdULrC44S9aoRe2djxYLTy5tt9az4VUVKp/6K5mIVA9P2rCmIjBHwe6bJTClIKbzECwGLOq0mz071oNXkQLltuUUsdAeEKCTZddX6oRyawqc/udn/zO+5cPEekupzg9MkWOhBMo91FV5s37OM+47Pv2sCXx9cv1/TFpllUzswqiwlSX1LoDFKgJNCx0xxHREyeSZHHNr6qyO5YegyiH68k4r8eHjNjGwzxjrbNQ/qPThlih276rnBLpKma4DX23zDA6S95SSySusEdq/qCnhME//kf/499++euMsDGI0obs//Bnf/oXv/zztTvmro+JOW9sfYD1FoLVT7kPOtsskijNcO8jJEjAV3c2HsDr68vL6wf3Mcwim+WCNjLRHQHIqnjz/Pz6+hpnrvkOPlI5e8ajMhN9ozQoINceafnD9KwG7YCmkQJYqJkw/v4f/IOvvv5yTjnbhKKbjqz6YO05UXEmI9G+S31t6975Yf2ydn989eVX2l0fkRkZKZAU0FJxkaXFRGp1yEIvVzklMOF+jdQU9ukj2J4M7PE0QVqxyWqaTIhYJt1VzRTJW0zqzNz2fVwuOUM9cTX4y0Lt+9ZdhEluXsisbB9oJJtQYqSb/jhZ6m7vfcoi7SUpRq+0oCWd29g3PTMnIgsaiEfKOBKZa8gAYnUemZCXjhpgNUI9KUFkkk2/NtDJv/yrPz9vr26jZ6kdTh0Zz5988vj4dL2+OCW27uuttmuhOABQ0R3Zsp/XpVdYNLr5GOf1pnikyNs4C2E+9AyrQyk7i4HDtacCNLgPp0ecbYdKQhfh3pHOCfJ2feUmQpb5sKL58CppZFcMRtEYMRVGq4rd5dTL7TUqRvvzUkKpRLy+vugnJXJsLv+B+x5u4R8+/Izz5fWlCs4ROeOcj2/ejLEft5uPAchL2yKi2t9ED0QVk6QFpNs//sd//Od/8QuuK0pUZflwW/ZqC2tg3xFlENctKBQSrMoxRkZ9+u6T47hdr1ehkN45HKRIwJo9Wa8r0gEQuFiIzE8+fUf69foqLBMEk2V1zNuMk6B2+tyxtaYjVrnBx4DiXfMTmp6gvYSo6dug2XlOhSYsmKyQgGlaHQgd74aMsVRzhbFtRVj1wqDI6KICfe/OU7pqW3EwxR8uDeaUSY1V2NzH2H711RfX15fL/lBrgIbqrZmG0cxhI7VnzYYvdbtkG5fLZcZ5p7QtHK5V8iiyunArBcKVy7vxITD8XghZ72m2mG0Aa86G8STd03CDPX9uD/KCPLV8G5kFyyoRrijo7eFh3/bdjY+PD3OGADiFfhFFfN+GaQlMrFayCoypu8+YAXoilx1lE0QJGMw3R9YU1SerOfEAnSQzcs7ImbWkDrhvADIbQ8C5eMK8vRyffPb2H/7+3//L//pfhfF9pAOSak1bBsO1WNd4RqAKZnlOVMHKzZAZM3zzrGKVuPMLa2ymoerot2+/V52K9dqgsldsxhJcHG0vcS8+FZNU5ysv1UKpsSpdd9svlxmxWsRSozLGqMT1dhzHtQrDGZEy0yuiTIpEzRC6Yu4f3c1yfYRJ3RxLnd4hglH59u3bh4eH2+3mY1A6Y2h7Ygl3U1TsU1hrOIaWjba+XvudCJRV22qRqlJADr8dt9vxOnwAaGC7vUCBRvZt20e1xrJkYaSYXKuk433xeBYBJrTEubLM2hlDnfwSr0I74FUQUpxxAMD3v/fD23GrjNXM9DiiA9FSe5B9rdmvq8v8ztjOBqWsZ/B6q13RCUEVa4hZU28CvZyGdw2SOqmue9EZlIskds+l6AjeBiWryqkS9Umxka2E7L9J/M/1ibvoEtzZzAuu3ys/HePL9eU4TusRrvSTq+NYwrzOJuQY8gawbRtnzuNIVUgzI3JGyAuyf5TuS8c766+gf9dYHGqlK66zJ12blJCgUW2wHiOLrNJ438yNdLfL4yXn2dvbYE5uBGlWiUKaExVqcG14RcLx5vn5nNPMNdv1faDa8VVRTMNTmmfkMeP1+kHueihEZBW1gUzz7tTaIFrEiWZurAO1OGRjG5GrP9Lpkg96RxMKmdQCl4isO8YKA3CeZ8VSEmtUVXcJEKrw8vIqfU4hmVhci3XE+lZ43U3Vqug2fGxjbyMwOQDci1trNqsOn7tnzts8j+tVcNoi61EbX1HsdZPGiFnANly9tGJ1d82GRf9S08DKqkAh3C1mAJlRtmlNid9BFKGZ6kzdR/cy7CmurVCoEx5touL6rn05QZJRGSuiN8bfFx8AZM9nbvXxNdFay1LW3gCJZV9VKEl2CJvnqcsp2wwZtljvSWBoHpbh90Sv3CA9wvpZpZ01Khbcs/kKdh7naDJJlppJErJsSSxfHdJgPmDIDBgzyndZfyQWYgBxFNHfS7g1XTo2W9M0bzDCbEbsj7uP7frhPdFaXqz0gBTrFCJaou0oOzstB7mlK0mt5hz36S9dK9dF/DA16i0xbwRlFUxkE5wKmfnw/PTmzfP1epUpNdenFYxrxjzjk88+/eEPfvj1r7/w7RKzF4IpymoYrIIItUpFanlCEp5TbnAGDc7NNeiYxxxja2zJzMzijL5qbaiwzCf7yaQmrU+PT/vlcrtdh/mUeywKrU7uD9DPtqqy3J2GX/ziz4aB5dHTBuvxEixjChdpLSJI8yaDVUqP1c9w/etvP7w/rtexbTMmzWxsbbWlekb2QV3/dEmkiGPaH+/Mmcr7WQE2bnreDmkw2qlU9lNjMzNtmRU81sNctBTewRATgKDZ2+enIo7j7NSgAoDdVm1joJDa+gfs46LKX4pA7YDs5q7p6oI+DBrZydqhs63+U8a2mi5wGZguFK5odOfIqoJUp1zUeZKIyue3DwQmMDiAOo/T3B8fHxrBqETV5z/87Hq7KWCwNW0qcWtsQzGf1qG8a7pqFFDFtsYIKtkjU5Zy0tl239y7FFZRsxK4gtW2X968ffPy+hpzgi59kuATCXpjngWaN6iMnrRWzyxYt+Mswe1ZBQNh7qKSZy8LW9Gr6/EavfcUx+3wzYeEhMLCCVDOMKgsG2bDq2IBOSbOdA/Gchm4QWs36vp6/fDhdRt7irxVQWC4Xy57aSe2YZG1NY80EsPch5e0M4u29+b5abif52Fs50d9tS5CUSCfnt9er7ecuqTl0td0FGUiFBmAmplqHNQ1Cw8yk5+SLR8upUkncJ4njbtvlaHQiTsDEM3fkYwqK8mublsjXgIN1ZIWqg0xNJ+4twPqKJXYFr5OoOQ6KuaQciBW/q6l1qsuxpuFX23JL8JMF6dN2l4/RaiQ0ZBmWOaVqufg5gTog1LLCeXfFrwoJVsBppzdjQdXhdGYeiUuD48Pl8fbeVX9uka3q/JeoJw08etCFIiX63dVIc/jhW2Vmh7qYK9KXhW+8DhqmNohSX1UqwG6Qehqb5EQqqXhyjUge2NwtzN6A0RrrLs5ISBdryakXb9jNSFdRvcbcfq2j+qT0MYburiZa2BjLe7EoiyJXZliqSa2baMMDIHq6YHF1FyoADjh5jPj+eEJ8jhyskp01gQSmVO1W6zoDhSLiAy21zRQGD76dguZzeoEoweppyT7IHxcnY7Cw+WyX7bjOHsu190EfKEoMWdVPL95kptTg2ZVfRMy8/H5+Uc/+vzbr38tzEE8uH2//Ojzz7/+9RcQJz8rM2POdZA79qmx3Nzff/fdAs5LqzoyphDd5dHbVS1WY5hV7qwsv18Xs96gYNJ7meJDxJSX1thGtN65IDoEhN9YVlaqRtfw/G5TYA1FCN8lIqMTQNcTfalUrPeEe10LdB+REYmqXs+De8mFPrWF5l0A1w/v3YdYD8Lg1++nmQ337sjZH6aLdyQJG4Mmq4reDLC4dgzUp59+37dxnDe1Um4GmLsTFtUyRLbtgEDE6plD9ZRM5YWCSxP+1m3ssKorVw26V6VwHiWkjOluT2+eCox5tjr+/igLBWZIZ0kseFoDh8jKc/rFLw8XmWwIH0xx3wLkEtVBOapR0C5iaEuy3OiCmAgyVUTTU4ElFf38tz7/7rtvhPhClQy575uPUYmE3CzgZAJv337vk3efvmiDYMFcuqluvdA0wWrWY5Z4Bf2mKkG6jeN2u7287OMCEtYNeocv6xa3fhM6ADK0NnvlGE0MYOft9eHNm6c3Ty8fXgFo94rbUBvD3oS1iqHGdbI5yVK+O1Hl+xaV53HIxk7x5r7dmQX37cPLyzfffj22y/LxUEduilN9BaDWRF2Hd9KoapJ3dkiKI91tIUGVKE2pmg7bGQUalWZFFRr/RkXGML/eri/v35M2fNT9flX1SocG2NTONyJtZe4GeFZKdm3GZgiVBNkmps8i/gpJyt6IbKbDUVVGP4/bz//uzy9Pj+8/vB+b0+BwSbJ05RNJuCRbZneYUwaUQOF2PXKGD0ksBJtpIO64txCKGuyinHqYDdauPH3PhiTLtm3PGXHmOedarZUfc2MPuyR1UI1nAmgWZCZ6re2XvVBVMbZxn/wJeafBzTq7aS6IZpxXc/CKbWtY9M5AqQl2FyImu2sW3Ox8uf7JP/rDn/34x7/4z3++XS6Ui6WBtMpgdSs0Yx7nac391VasFbmMzdnsi6RfI+9bR7pNsn62qm/dfPicM5pXYDPLJWdoNrC2p8vcg4Rdb9eMHGPnHedEUeIwoMh5xu043EdGxswmxVVmlrnZ8EL58DlTw5KHyza49XRd3Xbz4lvWotuqCmC/DALHcfrWK3q6HYWKYRtCW6o0xluyiD46i6tcm2+V9d2HD9u2Oz+yfu+3JeZMgOWyRWDBDcecP/7pzx8uz99997WbzZg+vKusqozKLKl+aQjAqQa+1LK+vr5Ylfto3hpFsqve+uckMGds+6bn09w2sVWclYQSvuEuTe+P1zVfxnli+Oc//OmH6we9HmntjGpm8O7dJ1U1I7qk13/LVii64etWuamstqTvLkq3LUMJAITN45hzGtuKgCv3qGj3RcODdmoUVazLdBmgj83G0AOsj1+LUJ9WkONqe2JX9yEiLOBOS0MqP5IsppSCeXc6QifrQpt0cvEzzjyO42YwjQGl/aqVjEgp05r8Y0VaITXjISEXspUJ1Ie2eqEKC5lAB2IJI++F7J0+0U8C3RWsN6BgBCUv83av6xH4unlVva2owVuFQP3Y7BQAgMOqwNV/Ve/rWPeKFhXnvBU5zAgLEfXuf2EtgHONEIX9R57aFDKn6Ca1EF6qvtfRssb4Ks7585/89jnj9Xr1sd3hky7ftEyO95kuJZHS48xUuaQ1wZA/oYnGarYG8XbPBNVpCHfcKjKvx7Vr3n5lRWvKfFfkyPM4M1XSQJfSQdigj3Eer9frK23bx5gxSfjwGfPrL79y25pO7Z1FfHOdGzUG3a3VInI4+hW21qRzB6q2fYiN7W5TTfyKtQ1Zq2qo3pWtIsPNIhKWf/fv/nfffPftjFxzxdJkHPJYKcD58Z6DAGTJA6r2NYDw3t3bXppVmTJN1+/q5yfNBJNr+KXypQem7n3CxAHo4gI9gBNSmW3NgbGN1Zfq4GjMXViKDZR09H2FKO8aqUEE2faVwhhjf7h89923RpP1ZEYWZslI261CS+wVm0ubYO+Hgr33FNWdO4xm7plzDI8KQRqVhcD+sLERGr0YI1xrIklG1rzefAhU7tqqF65KttiAiimDCy9BISN983fvPnn58AFFZrnZPOf2sEn91tdSO1BbWeV9TXtEuyZCJMCMfHh82i6X43Y0fz+CMKB8u8yZ8/bq21DTrVUGOSNm9JrGAsl9u7xeb9999zUq9/2y/HyB3tRNdzO/u2eWwoitFTIcJrMY/d5q7hx7/RBRVYs+WVwK18owo9P7xa+bXVVujvJEXF+vdV+4YiRre9wfLg9jo+TAGuK6dT8swCmrBI4ZbN7medx235tT15w4+BjIhDZF0MfYWYic+jDSP6R6P6IMTmTh8nB5fn53O67m+plRApQTY9sAIpNiwwO2CXJp9b+7kUW2/Y5ae9JMpgGKVDDNx3rlH1kRcljpWNaz7r6YPgyFqPJhkdHj20JWdMCsHusCJW3VIiq3T1ZfL7X84oe5vfvk7XmeL9+9VzmVmVhGJKnNErpTsWJ4taSsSuMRCtzSZJ0FtiYnnQtyoxgRHGPknDZWEl2TDvcFNBaq4LBAqGcdpKwk2M+hG3RZMbGhNFXLElT0N1SNDGDO2WaLoAKNrWW9C9uS7xPuI8kFutKHxGcwMFHRbMa2NVvFQoEcdLtcfvm3X/zyb/+rjREz16psOdW08eXYtoxyDh8D1jsouPoNLNh5dW7r22oyejfjFwSzIm1XFTAwae7DMvLx8end23cfri8At20QjCgfQ82ATqBkdm4imRTNE+nN+Vzr2FiDKFBTaK1gz8inNw/7tp/nCbI/duG8TRrp5g7rIhwAqq1te0B9ediO40TCbSDlks2aorVIh7RMWKj9DCCYWW0/qGMowoQZ4DNnoTTFlaoHWRmRs1Tck5qj276NM85//s//xQ9/66f/37//t+KNO70AK1YiM4Z17/r0/NSFKSBHWqPwaKqZs8VmBgqGBm2KbubudGGZSx8MZuokmw/eHVga0iV8DKdlFYcp3WWctoIF2TLNcyZYc0YFegauWUGj31IF9eHnvW0s0LlfHmTHS7Co1eZumvTSBUQL6SDXjOIOhBPQvuElliv02iazQWq2r7Vkam5WHa2hIWq4OV3xw2wFx1YBaHSAYXZW/N7Pf/fdu0+//PrXY2yscrMeMq5iEFkUDR2SJGH4uLf3Ssm19m3pqPcYGuv7K9G7ttR/RO4rSuGevf6GjUvaR9Siq741DGngodGu+o2qnYWKaMRE1u4NjsrdtKcRbLymSxZ8RF3VcOjHWZPnhQf0imBCy7Yz8pzH3/97v/vm6fnb774Z2w6ghEQLa5f30YqYINxsMn/2s589PD69vl4V8MfmteZ3mUGnznXXeoD7+Or91+d5c9/ugiQJ8PdtnBm1jERD5+43cj1QYLn2vjUfHbIHNvem7/YLrmIxmxm4+k5WaYo+MkONWuJu9JpNIzEX6NQeD06H6jmgsgw+z3Pbd7BizobNe+lJe3Loo8BYWe6sIrLcJRVa19ZWw6tJMeXDWCTp483j074/vF5fpV8xpVtDJXvtKz6+DsiHseS/5omaVcdx23xf5VKjqWta2YbWmjF1m48q66MvYnABeQYI95GzwHL3jJO9hUrXvh2YNJex4cUSncq4agwtoHVt8JU8IAn4trlZLPWY5kcs5Ew5U4DZ8N+6NO6eWarUlfbWNivN8yj5i5D747xmNBVm+IgZP/7pT8zt+vJCN1GjCGsLeRRpwwad0kKZG+Gym1A+rSwYPv3s+3Ku1TABGTbGOWdFsLc5Upu8zFhgzEliv+wtQUjdhy6wuJAJFcWCj5XOtZnvw/v3mDW2of6hyMc3j3Cet3O7bPrY7X7Dtrmtrv7Fw1ANETa6Lo85kY02ARj7qOLLt18/f/Luk0/eXV+vvm+ivOsya+eBnGEiWoP/D//wj7759uvjdhUBumtE9nevrDEG15ujmTYrdXNGZGSrAqyTzJpRNMZQfScb8KiCCgtRnqx1KqT7GIaqbd9m67BdWNCb5zdjjNcP1+1hP643dy0sSzqX7T2WyIJ3+znvFTBq1NF3teOUmfk8p5lcgwKguQ93umWmtHp9wdLonpXHcahWVL3RPfMYNlzW9pkpLwEb4yPDoEfGATmmVhld/sLm3LZNjdX9CFVW1gRNS670oHTnlUrNXT8sKottxEHIZhcA5SPcub/HSGXS5WnqSCxzWLhblnTh/utff/ny+mIcbWVQi0/PhPbImpvMkVUgNObYOu92s+ulzOyGW3Nn82LnIcUAACAASURBVIV1AQlzG9uIVV6IfXXPxVnQ6EBMrLOOf/Ynf/Jf/vqXZiNX0l8WNFmA07cx5Ny/sAUxdsrMMmobg2aBhDavmWe0QKUBxYK1KVzntjvst+oDApiZZpbVCLHRyCEpcSFFYF7Jn1WomQhBJt2xqKISBQ4kRVTIRtoqcplOk41tNwohBVBWGqinbT2qajRPFcqc0enVPXuDMwt4uX3oL6MawozO8zjVu2RhHiFU0t3p+nuos6ev1LW56WYxRYFwxnESdp7njJUrClWImWM0KpYhdl9LWELWSVFZCcNws7IzousowAa2bd8uW0Tm4hPa6hOFQ7iNRn3BxSzNc84GyGgIbfaCnLg1GzmPWUWJDVCwMf7Dn/3Hv/lvv0TmkIcMnSyxRcxoPs7jFF5Scwr6EZG5qmBrqareOCmXBUF6enDDfEbEGYRXlYzcVayNfeuSpUtt0J3t9FlFaU+KtHkcVj1iympkkaT7Pmcgy7c14xMPEMxqLkRDvA3zgV2cUA4jmpZs2+a+nccpWlJP9tgU0A787ttmKdhD47oxhHVGpqv4FiUughXUQr2MhoKKRHcpeqOxdPUwojUizZxsJYQZWI9vvvew7V9++asxBgBx8jQ7VZXfFOWFO3czRRo4fDhNdgbW1X9PQ1NSFtmMFmBWC9VtQPQOS9xrM+hodAWholvS73vVXurRu1FfAm41xl13wsz1yi6XS6ZC1lrEy+b4lYoozRbd1mdQGd0MEURzlY09RdKcz8yS8H0/b9eXD+9po+4xTRkRms3Q3DqZGc95/i//87/4wQ8+//f/7/9DH7aUq9lq+AZKCtR6XbpvPjLLbIhaqTQfGQ+Pj89v3tyux3K4wVp/RfTTqAaszc0E0K4qlqbxtS2Ht0Xc6Dl2onqFmXiMPYldmgGtSCrWIjQX08cQUmOAm2+a7aqEBmzOMyPX2eykJzQmI8XgQgJZbu2uNXyAllHmRMOOivKiEKBKycaZFRmv1xdU7PtexDynDR++ZcadztHhXpN5t1SZkRgc19vVy4DqFZg9CbkXYP1flSWCRDaLCqi2qXl4ehjbmDHHPnyMmKcm+Zn49AefmdlxfalmUaAXOJHUBjVhz+Q8hXEu/c3ibOj4AJWB77373sObx+N2M3cKSRUuaL1TaM0ohvVyR9hwYYS2WdxdLaCPlxVzXB4yqrRMu93Kima383a7XU0vQk47jQGzWTmFhMhRtLsriBm9t/ih6vV6ZaTbqFQ7ycvDJSM+/fST63lb4Cu7b0aC1Ozu8enNvo3b602k8Cq4DTPPSPVF3UnJAZawzfZta3oJioZxGSwcxznPw6vdu+sjS09nHwBLBjW0tpVsYhfnMYHmVSpuJtHNRs3ry6soKGrvKrMq5bAGCsXjMIPVV19/hShE3XmKjUSigJTh7HGcGTHGsGH75SJqAhcCYcuXqCk6+tOdrBuh7E7ezdyQvUscgJuL7qzCJeZ8eH5y9xmnivWc+fzu+bgdt9dXOZAY5EemdrOEPWxjtNuGqBPCvImMEN+3UyxaANMylUZAlVQKlRGxRBfdbQ/3nBE5h93NeIW3EIWKWTlz3VyBXKpHUamTn6UQJw1lmVlkctgi4zRcbQCdGXqtui4WNctE60fmGq3IsYK9CI8mSza5Cva71kyAorCixBXJZbFyr1Ql59j3Sy+DNM/I73//s4eHx5friw+FygYJUBk5DRzbpoffq5jN3jy/AXHeDtX6CulCaasqK7WLSCRnd7vdzoxp1fHzjm/1zaQIhDBYsv7miy+IIjzRro4rj2tV4KovaiFxbZcltKWr5Bna4E53m3NubiWPJCIjHt88btt2fXkxN5kxdKIXfiF3V80CIFDcvNuh6uqf9NVgWjO2S5GhK6ae+DcVuW3oVGRlpOheqoJrhYDUnc4uQAAYmrYhk77V/ZqRKHff973L5oIDbmPOYBNndUwWwim8MtIA04ajrOtxI8uA7bLJ7ubp4TFmmrGyWNj3zYe7DTcbGx8eH4955lpqTjAibTe6+eZxyLgQyVxkNiAxNvE/WFVxzijsD9u+7/OYNPrmcU66pXbVKwYbNW/KVnxZVfnuqTGjueitQzbQ1fnFzZsZJ9oJuV1GRMZMiOcU87xeoY00OUnKSs5GpwmSdKuIOCbNE4bqWUTnBgCA9kIsthxbNCWnh+ydiW3smBoRaF0rdCUgPpaSJe+MjqwCE25egPzTeijXQxGWgl5l/2ZQ3QuJbMSaXW0Zl0yDyL5s2/DIMDIzqRFyZk+vVQt1+8XMnMs4i6TsYuXjKRgmK7exv31+Po6ruaOH7aqIyhwGTxXp6mSIAhxsJ1SURirZNgwEy8b49rsvf/WrLx4ujyhmRDV/Be6mMvbhcV8spo9AD40RcyGtmTHl0dJ4fAlrhxkzoHgBudNlCXpeyEkSbTOIHn3UmvTXGqkoJimHa/zfZWMnFy4YTCYBza3S/qRa6GcqFBfWa+y2oj8wCU3yeU+WCw3BvWMhk4iIfWzvv31/vb4+7JczpPiC6Rvr0C3F7J2v6+5/+p/+w3/5z/9J7OjM6OEC2LSmkkdfmjUPSOBj96sJd3ScsbreDjXgmWFuuSI2uDaqdVtYHxcToTQ61make2Pcl6wrElbWXThtbqwaY/iw7B5etVADb5rJVpV2agkW3HU0sSSzbmZjNC2SrSjpLFkfu1ad0swATPv51owGq/3QSQCwNiyTDUsbVMroG10eHt69+/TD+2+Mg/eQb2wGeRvsKIli862qQiYM60Ggj4gmWZBJl/ng0PAftPZjg+Py+JCZcUSVRUyYDfdx2QF8+PASdTIFF64Zpoi/Df5hrV+lhoR5nuAivrPbyQIqJobFec7biXuXvrCS9qLhGD4io2QADNsuQyds8TVt37c5p7lfLvuM/PTTd+rQ6uNMvhPsPKYUF+xbxv3xInSQLmBA8y69y978iqVEl7WEBj2ovDxdSDuuR87zzaefHLdjHmcbcJNsBnmZ2TzPrJwhkEw/29zsPM7xcJGFVJdrkvkWM2ZUacuFpugZWQUzDjqNtfxxBF5myUG8Oxk10O7m1lwXa4KNwaq19UQiU8nGGFOvptkBEWnEeZ6f/+SnY79cX9432JM8b7cxht61IoWoBoqoWZHRQKkEeNtlO8+pY6pPa3dJwAJRuNomwb4aMBXkwZLaSqbAqJwnagQAcz+ut1z8bYW243aD+djHOVMkwWykU62/mfm2bwQromcVIhSaNuKg0c+GeaDBhA8aVds17KN5C2nbLqfU7ELfVKJSyyllrQBkT0O7tuskJMFJVua8a/s6UDip+WYifu/v/e6vv/qadWd8N56EwrYNs0FaeYHIwuYalDhkBNzge9eauqlJfNxK3gjB4oRy2HI+Ke0py8KdykJ010Eqvs3Kc545Zzd2RncvuQMyNYZA1pq4Kioie2NuO2+guI0tsorJlkIhIgtd6bIzKZdQhGi5WncOQsOGjYi01Rss0kIphgCiape7X/ZLBjKCRqNtm49tZCQcMHkQISN92OPj07Zfrq+vdNL7kR7zNLexX4ZbRDpdB3LGHJv3zaIVSwG2CpBlobib9+DkZmvZjfyQ7v1TFatZk7rubLHvPcqgt/6xxCagmpYuMBomM+MQu1pTlGKJifTwsI/LuL3eKK/JO3drlT1Yh0YmZjoc1lyZTsNuRrMZ4d5QUAFnrp0thixcX676gxF53k4ZSCBLjxfAw+PD0+PluN3UtlwedhiO41RCfXjYh/OYk1U0g2G/bO44z0MgbQF5zsryYepYfDMrr1XuFOC7g8hINzvPcFOloqkvtkvv9I0K343m53GObQyXUQG34Zlpw7fL5Xq7yiZo27fjPAgjK1QbuJY3hRgyzWFZwYf8jUng5kGw6C7iTqiM1pKM35Rh6yXM29QL0Yi5oHme8Mb7EIigJM6MKFsog0b9VeXDFjDXEqCV33SRGr5dEVn9eJnThmCU2QWgNT29my3tC13AjTgR/XONkJQOlVnucG9q4tgHnec8lQOany9Pelpk+dj2y+OcJ83JJHz0BmJhHAUh7Kt8ighWkwWEoXQYAGyzTBRy20bOjDP0pnj/P2X7rO2ybw+PM072CWkqXWbGogprYrdOkAk3uVNWuMRr/bLlxqCI5aNZP1UCMQpA8y/Uwt//KKgpow50VszsqgRtoHnPFbbURWgy1112tbqQxXfCCpq6xD3EI9UV+3AtUnQjl3vHInSp5pQRB7nmA1pdPNQudm8BEZE7qZPmFmfSqMueBRSG+7aNzIxEzOlj0PD89ATgjBO06ueW1joSFpMCMZW1S3nsPnFoMFhhli4nkVrUVlTCxyZy+zxmdfiUQiGNbNJJZq0VOd5uuB99SH2/7Ns25NPc5Xi1ES2XBsZsVbIm3zgA4MJS1j8lIKBZdmA6EywTu4VA6a7MeXx4+dZ9da6AGmgk1BxroFilmizKPg5B7n8zgGFDrny5XI712aq4bdvl4bEyKzDPkwDLshJGbY1FoGZYCWloYiLU67HnTN4+MAVIO0B3K2qnkvDgMWfcr2ueM7KX2K8um+vvT1JONKzSVkVW1Xm7smjmMghrH19FGhSg3gkzQl2VjUGm04aLIJRmynWWWQ9Pl/N2tO1Y31ySWm8ZOslsZUnVYpdGRFU9vX0TkXFM3/bXDx/6jBgNdhca0TwzjAPFmFGR274VeoFlZv7u3/u96+12fXnZ90tWurm44ADH8Dkn1irRNQDtcjQzdW/XyEth2tp8HWWkuWW0H5yp7mtznzvkrnidhKHStBurQQP9LtzOo6riPM1cO/x8G5l5ziUc6d+4grEa704PjEhBxWijSWFMphgRQmBItp89hJeYb9ZMNRZ6P5jRMvvYY2m1V2a1bYzzTBpseIHneVZkL1LR1oJKOkXpzAhkSXXrkigYUvL9CJpt2153Ho0cHNYRaZWrVB/KxGKaa9TkS6W1uOegjd9Y4oY2TTIbWtfddOpYJr9W8vICWBB+SWblty8vldMbrivnqMyoE4V97CgGopCiURvMnCEvM+Z+2aqya1A02oB716SNNFwhtIxOVcm9gt76LY2xmYtqIhYKCxqX4TgO9+HuKi71I/TMWwKrNGpGwM2rMG8HAePQxxk+ho2qEnFO3Quq3C0iF8UPJAxutKK2Iq5ORfSYhlgQi7MELklpD0A0FWNFzIis9OH7ZT+O6W4Vdc6ZkdtwqP+H2dbEbiR8jGSxtA8ew30eJw1GO8+0nRkRhe9/9g7g68vrto/KheQu2x/H+siuXEY1JQCGb8Jk4zx9bAu5q6WfUiSvKnEGag0xtCSOknGpMV2lGWVjoI65UD7cOUg+PFxeb7cZYWzlyRj++Ph4nBFy2Te42+gRTZLlPtq0rYcvQn8xhs+MApGYMyqniAc60osJT0tTXZalYTjczYdFZES8vH/Ztv2TT55vt0OKEDlfueE8phnnMeEDoJO361EJxzCjYBKjDx/ctM+rrEQzWWAcYW4RQUGRlWPft207j8O0pAnNEIsZn//4Zw/7w/vvvjUbmRnzVJwUBeK4HT5YgYfL5fuf/uB2HOv+m+D2RlsND28eSJ/HYS74ZBVOwaqyYZlNfU/UGIOOFFOoakEJInR1WjTvTSkLWbdO4yTNuuGtO20Gq96o3uHERnRXpaojSIkz1F2gxLOQALc5ZZ1gqlhw2ah3d6jucwHgPQu9ozHejyIhb74qtGam4GPMY768Xs08Q8kixjaGD9JpyMynp6enxzfvX9+LI2egb26g1qt3a9cVAzRlikoAm9Zyi1CgC5RgYRvbvJ2uGXmhsrbN17fRcTbzbd8fjvO2nh1oC7mlfPn02JWKG2FV+a1ssrjvVQtW6Wop/c3zW4Axz82cv/EaYB8nKPoz/e1+Q5KkNZLKgdvWBCH9HWZG3EWSsKU1UqXVvFbq+VvdK/smrQJARBXzrvDOSoP1O6v7JJudpO4yv4xYLS57asCOlrTFcmyGTPYUM6OPt01NGyQ7NY+YY2zf/+Szr775erh3UgKQRavKxYT8+IjuJbc4WqaoY81XMhaGD+i+mAmHF6gkZJzOvkSlqRtbpSLBCs3FA1gvXC7jdZ6z8UtFYR2O+8OsagetBjc7WS75iw6TGhdjWVVb/AsiuhejuM/vqbCuOqbI1WdRYoO8t0Ow+3R7tcXVM31raU2VZn39ZisifAxp2s7zlFPQ2EbmLEKzkjoSZjHP1T4mYUaObcijgutvbFS3MavafKDy7Sfvfvtnv/Phw4eMimXen5E+fIyRM6qKWeyF7SbAfbQ5wNTTMUNkPr57W8nIQEHsSKC2bcvInBOJ4zgqlfHhPoYzs6KiZ3VZRq9kzaw8VdEOHytgWV8pvRKw7qwULIqYII1CZs1zItKNdFPmRua2jxkzS2N01zujU4MwoOYxczFtvvjyb+Y8SH/z9o0PO24HAN/Gftkg9/FlytI2HYBcXNQa313z2OgcQ9V2JxBWpbsbqyI321Zib3xvYSeWukyrs+wbkQk4kMftcA7RvNXwLqq8pkkrcfRFKDb8gZo5tiEoNyPFW6JmBlJfd3qxqnq4XApkJgyRQUoPpO5SOKloJNLwdT0UFVzbMaUPHcMjUwsuXH3FnfhOG+gyUZwfgcSQxo5VmTZs+NBGP7U9K40uEALN+mN74/aGYOtEuMKArILQYk0svi/JfXvwJcsHlquGDjkbHFOxjE5gJkCd2Z2Mk26DZOY0OumzzrWqwpFww3meQG1jc/OM1cposVcr1VQX6/rKdAudT1hIGZVYdyw6ze5VdZ5nAW1CII1e5TBzcs4IjaYANrlf+mP5u7SLE4BEPj49RsbHJJ49t/Yx2h4Nct+n+0hpUMRTb4N6ZSmabzrP1aOvqqwxfIwtl7iGq/jKhiQtARsws4enx+2y3V4PNvughuRGlShmFhzH9ayQ8LFiZkWZ9WeWevSc6bTL02UbW5zH7Xadx3TfLvt+Hocy9boo3atIjagxnMiD3SdE0usnn//kw/UDytRNyWVFEAZ6kKUQ4nTasNYKoyJAs8enpxCzq1cwpe6Uu6sX1XKtGeeCgCpnAztiwz087LUiSURkBQAhGpEpeE+izuFexYiS5tLQCd/d1/WCnDuPY8L45vmJPS1sdzUlRbMxtZstys2rkeSiIc6wYTZM0yoRO1VdhfX/a62dX6vxzCrLx0BnVc55Ek1RG9vuw30M7XOoNeQ32hjbdy/fHceHYUMLK4UjUh+zUJluJD0irvM4z0MtbrfVWXD2rNg4Z2zDXb9UQLLYLGQdL6WV/bJj+e2q2hCdWzXmqroseiexCUshmYw2EYIhpu5yVgBsF23rRwGC7anTAtwFUKNKvm2irIsj3gQF3CNawobRzIbPM0osci4oVvONHj1xtQEiiILAKioKZESPC4qVE5eHx4IKAzkJyy/YHHbM2/X64rDLflEypSEy3ACYd7WnyruHD0Zu5vvYwJoR7QjdMmgzGZOZjU0Tu2xOXBVArQiZM67XD6YyV2V0scmQd6J4LUaIAl3bMVKeBCj+Zv2nFm2MrZLbvmecbQVri0SOldwFtNhHuZTddz64SJrosHxXFt2lW6XML4oNtIFOU46sUuSNCNduTVpJV94pu+VDGTFz/vzHn3/y9vnrDx+krdcTlrBAZ0ItF9u9GiDEmFbwBZqoQ9Bc9W1J/KmOVmwFjWXR4BNlf/96e72+3p4eHhMyG68+SJLn66s2il6LcdRdFkFXuZNBchhnLGO0xuswNq+qipS1aLURtozpqbEeee+Q4bSBdT6wMkRluvTUazJbaxqGdoTgekhoknSXkXou1TAcliJhZSldN3avbp3Wqn/pY5ctaJyU5zDy415ojUj0c6tKa8zVP9Qdxhb/FCC4PTz80R/+0S//6i9jJtCapHnOBjEg3+p6+t7z9z559/Lh255xLEy0Vu+y2GvrAeq2Vc3z/Ad/8I/+yT/5k3/7b/6N7Ef1BI0s5IyszP1x1+BJgzZx0Ne3uMtoPFE/+tHnr68ftCFiAeIm+oQNK0hC0D1PrRGNDG7ddSCZmWOzN598T01hRGSWMODhA7DMdHMzlxFkqWzojNdNZjWyDumnZZHW7Fv3H//kx6/XW57TxhAe72PQbc5ApVkP+N3a8WLOMytLOxGBWPuAF61NzAE9CdlBSnUJqxpj0LxPXza/h3oUhUI9PX/vzdvvvb6+uI/IqW5NW+U1qL1DxbXwUZLgksbTImIRuKmGaBNOU4VF0V8deVPiVJ/45kY7z9k9qfSMXXPoiq1FmJsd1yuAy+XhFGOnST6WzfxZe2m5euAUAI2YmRkdedpWD6bRk8LEHTXooSQMw8dodtzH6w03q6rby8v+sPvYFOMqsW2+atfuwzTeg0JjZ8oOT+gB69r/wKpKU6NFGnDMsyIaK2jjfa7+qaxKBPIsVLHmpJH0zNQjyGV+VQX2pq24Rx7VPcM9Ad92920b4/X6WnXPWml0ytwLZRQVskfvAtToZHln80YXuPiYWBOQFn4JKlaQk/VWsRtGDbn7LwYVrUmrnJ/84AcZcZ6n9I5ZEL0Y8ESCOpYN1mQAvcVPffqdGSr7hO5Jye6JqSkBkBlsA9WmFVFmf5m+jfOM8zhuLZokUO4GMGLaZtvwSHgrPVEIWYcKNi30OHFh/MzM8zxM5GT3Qu37JlhMtlJtQ4lFEu5jJ9N1mnOYE5gx/+H/8Mcfrtfv3n+jsqPn9SQB3/qyi4gvAtVHqj5Xf79AAi2n73COhjjG8EL85Ld+eDvnnCFJvuaImg/vD5fX15u6L8mOZTLQMr0ucKwipZaLlK1T0bWrxIa50SVJr0JW0rthyURqsZEuZEJBEk2Fsoqccy4MFGWQMq/SKrE/+vPbN6FtZMiFz5HAjKJ5dvVVT+9++PlPfuebX/0NzKuSwwgqUxzX6zyPO4HcljM94chsYx/cqSSNbTdhuKBuKs4Aur2RegfEZq6kGGdmpGYXNvzx6emYh7mVflwWUN7LSnG8SlMr5lc3il3nFJq4p5l/A1wFgGP//PP//uX1u6o0G3dBfLXWU/h4NjxBDCOMkuM16iGBCjUY7wAWKcBVnbyAS9IYUcPGvu2r+O8gLhqbulB1LlwJYQz1LOZjo4B8k1YU2+bPb54dlUxm+WYZMY8p6jv1VdwqMYZTyheClcOHBj3OkrRJuZ2Jp30baZn5m62yu/JcRzGgZpz3BrW4lOOtiSYlrtCXNO3GWgWYvh0X4UblsNJBC9ppVRy8M3NqRT26XW+3yNvwUaR0IL0tq62TRNFc2wKUHLvU7lKyQ0bJEQZN3hKjU+NovVN3EDEboM7Kbd8fLpdaFaWv5TyNAZlX5RhbZn3+2Q+G+xdf/1quOPeysMM3ZKjX9e0CMxYWKPU2bRXENHMV1ATaJBdQq7aIa4t0AIk6Sv8YM1q/0n1XY2a6EilpYicsVEnsS3Ni2Nvn59frTeIE42objGMMc0TXnyq8SyXKtjmdyrEqy93MYYN3vzWJl+9x/N65fTTcqu4z1zxAsx+5+XSnx24dVsNEGzB6YeGq/Z8+2bqS4ierVHFoc97HgkRDIN135UuK3+YaDDWJRW9aOFbnoMw484tf/0riV7STjVWVu2ssqBnacR6VMc8mEtCsRxHN2ysA+7aLACA9gBiTxvE3f/vf/t2/+7fbcEA9Fmm2lDIE+NkPPrudR5wBshLDCFjMgDWTUEfJbXzzzddxnPu2RbW7PMmK9vk2p9NVzvbBKsR5QKs1faBKFd7MHJfx+nrl4iy54KVEMt8+v83KXpbcb6XLp1bBdK2XpCO17wkVZe40ZtYZx3mcqH4RRZvXo9QULqwFYLJ0GnJG9bbqOm+nLP4qs2YC8tc012yrdxbeIwEJy9nKy2YfkkUrlrvP4/oHf/jHf+fv/PwXf/rvy1cBJaKgGXTfFu2eLbQdinCZaW4+mnvR9RaLZsMH3WbM1R7D9OHQayuUHTMrIy+PF80rlXr7NmpSRlamgcecv/f7v/96XDUg1IjMN9/2SxVyRv8hhV/RQyBje1Lrot0LC97WlRmmUlUWCw1XA2bjsl/mPLMA5OZbd7Sl7Cj9NzORM9RljyEywFyKN/aRo7XZl/XlRrUT6Ni3o6Xh/V4A+nDF49VDJ4zuGynNaBLUHpmsQpYpVI9tNSpkwYfRsF92EqHBQlMCWCU1sxF1eXz8V//yX5bZX/3yl2MMsUSw5iey1HCY2Zg5NXewQZBxhvsYvXlXE/D17QAsXw+7U7nmXGUoAKo9AVKzsS4VjMt0rWg0G999/c15HO6jq0ClXpKwiFwVhPRwOcbmPs45FXgJmg0qeaJoMPeKNNM4nWpnY4aMO9oRb+EWMlRwwT/qws3l7KzqJ4/87Iff/8mPfvTFl1+Mp/2c57bvGfKzquZVdkKk3Knv4AXYHjgwv15vSp+SbYsfqmCicb+1vWBDvqIJjTH+81/84vX1/eYD2moquDdSnuiV6OZIWWUWDXCh4F2UZUZFHxkrCebYyR8w2DHP2xlyYV4JwrpTIlD18PiQVREJodogae2syju6qdrSx76RSA3fwLA6KwCMMbJ9V0yB6Xo755xjbNUPoyFosZVgdh4psbQKAzPP5IxAVc5C5Nh8VsRZMeXh5YoJcEcZ6KoghvtZx/XDh5pnNZfD2ztO7nkChNbzquRwn5F6jL3UgWZsaEQ0caMViazhLqGwepj2jYBt264L0CrthJtx2OXx4bid1TS0BUrYvfxRTbJAxcYm7/wdEcg3UZOJZkUW6+X2oeowuQYJhPNhzlh5E0WjL3uerghJc3c3zyrpHAR60mjuMK9uM1pqLE4g+y1aTm3oKXcj2+xE0p1u9LlQ5SWAPq5nJJ6eHjLDzeaMx/3hejvO2804hOB3ye6NMaDKCDcOoCK0QYzgcNd6nFUAkmTMcLPnp6eofL1poOdyciXkMwRaS/wJP2fGLJrJvpMgMyk7yw7ZiqprbMkejwvoQNvHEWLgiNSwGYBhXhBwun57c52fsQAAIABJREFUISPnPP7xH//Tf/Wv/vd//a//b3Hn7uNrLm5u6f4tqkh/WPS/QAldUrNt3aoR276D3VapZ0C3L92ADB9iysWUJ/WdR4+VmbrHGGP/4suvf/3NV5exd2a565Xs/ic1CVcFyDVQUjqohhOdfW7NqioixzZo1hWgdy4RqcBM6GobV1R3CNJ+yYGqJVWr7lHAEvH9jqTQaOd5/vQnP/2jP/gHf/qf/qPZYOcWmLFYc+Y8Y+ybm83zrCrfxpun59txPL99M8xvr6++DXPPSIJyAVoPSnNG6fbWZ1pHREFMpBGNvknQfbWNgLSBy8eou5pG/aX17KigwK69rPe/id6bsXXFLTPWhe8EZ/yNv4NmNGF6i+xTKlUXnk6Cl8fdOHo67z7ENWqZRTWObwA43GOG+zbc1bkw+y+t4uWyixpuw+M4bbgPLyDFxQeqvEITZxVAXQuY0dw/fPgQc8rIcqUoOU/ryRiJjBxyG10rgdtAptNpe1bOmQolRiIrYv74t392m+d5nKDqbPgQBXnKZbUItDEyWZU5f/u3/84Z83p9ddsKqWJsOOUl1/spCgQMshpgzrQWjACJeU6jtbULG8n3wSpu2/78vefjnBUhXyoXmugOhPkowsz3xwvkkq5UtE5Ke1bQaFYVXUNkQQb6ZsjKbNIRqnzb/+qv/vwv/uLPHh4eKdVmcyYbERShxyhdb+YStyxQhPoLfShWdekaCUTYqtma1Ayrip6GyR2CFLGylaclm9SCOLkNLnOMERWPz8/ncXv98J0+FikXOcQM1NLdVhNXhPAMHywI4lrFYvlSFKw7snL8fSpUFTHp/s/+p3/+y7/+y5in+gWqINFejGp3IOWDmLNhfuW3EjusRNGLmOLO90AAyMiYkzKO70OttAIDekainAkamZFwCfWyow87zZOcc+ZMI4d5tgsQ55wRYUPrgVyNCsEf/fhHijjb5fIn//Sf/PUv//JXv/pvmbgHGTP5tFai1J08PD4QPOdZqG0f9OFmICKiBxRFp91FPhS9mmbF0BiXGNsWUdpVxCU6XEcCgBxICCEfwL5v27ZFTN074CPjmGv2CULl7xj2+PB4zOnuBFtJ291n4T6sp4ZlTVDRIVvKFxSCCx3/9PufRMR5nmY+xogIDaZlFuXDb7fXr775Jq6v/9f/8X9+9/7lr//yz7f9InkxO19W4SPQU1WXh4sG8OqL1OHKv1+5mbAypfQuEM1Hmymjj4VQoqHZ4poyK6D1ZD0TgG+uzbVyWxqbtdbhowcsACgBVWF4/2D2piobtkXGvvk2tmrMxEhubmY4bsfDw8PT8/Pry3uNwsRTZqZ2x6mDN6Ltd4jMyYK5u9m8Hv/bv/hfP7ycv/r135iJh0MAPtzIMYZvQ5MBtZfmvvw0AMCN+xgOajarnzM2syXyuV3PzTej7dum0kfxMSGqAXsShXaeKbZMT0haLlYcjZGlplp+//ow2vTJvu1QB4sCzQ3MaJJhsRMrGtMT26qQSTi9z6e5Z8Xt9UrQoKJkpdhIgXc9pFfQ7KK5VlFRais1wJ9z0mwFVWacg2MVBlynkoSN0bSeyKRx+EBDx9DeZdAu+4U+MqPYv0iYqo4ZocLUl35UehLxoMzayhOkBog+WCLDSD3UxAawSvYY+9gfHi7neRNM+Xh5mDkLnbuBJLPdvRaKTACVTinMa7XyXRkTlEwFgLsbeMzzzOlmShKCVfQCqaEOZV1BG0ajljXLi8wc2z4Am5ErnujnhwjULT/9yFtZBTRZqO9/792seeT5W5/96Hqe53n4R3Nw+ObDx4zzr//6r7779kuWFQOdjOveUi+Kt84mQiV/lgBedZsm2w/1Mwlze3x8ExER0SJRRdrF5lWFHVElXhCtqszvmwTVY/Qp1sMyVZgLjRbkBegk1sqkbS7yUdza7WUZ1vmsGsMlBn16enTz4zjMXc4xrR7oOVVbHRRVckUBbp6FrKgs0kcXQeLvqGDrJ8VefBTDx1fvv/mP/+UXl313emZqkC2SmlRyKN1Ljm0UasZZWcftjBlSXrVBPOlacgGUzBoK7T0E1L05kxd7d0NATxX7BjdSmNGF4CpYOxe2N4CqWV9MQ/QVriqZalMtB6RolvW4flaiZ8q9Pbn6zqG3LHWI1a+WnlzOpNHpl8fH2+02zzMz3ZlZOYMm7U4toVlDFXrNmnMuRTnMh5uLoHIeRyTMjEYfIyPlblGAgMk1TGx0r4AxzGj/P1PvtmxZdlyHjZE519rnnKquqr6wWw00TVIkaECUgvJdF0fYL37Xm37DD/4Bf53t8BMdjqApSpRMA2Cjgb7V7Zy91sxMP4ycu9ARiGhUV53ae11yZo5bag/p2Paqinl+/Aef0Ox4uu7dHxiVvqIVZpq2QvpRtFqLGJeNZQDunl3m9dQ7VW7Pnj178+a1raJWlRNhzTKhWNrwJKZa+3C+/e431+Ppst8p8X0JGGB0hdqambXezMa2dfJ6Iw15w3tnTME9wwc7q89J+hjHcTUdKvIDjO0f/eTLt+/eZopGsDgnipVp7tu+6Q4qMEWIm9vIKjdmlm/+0UfPn45rKSUDte/bPLKKGdh8Y2lLa5BemZBWBH0ru0iuQtSueXZdaJBFfuImuwPVG1K6C+giUiHYp6zZmz7FqmappvS4DyrzLha0bzZ++O5318f3w4cWcbkZy4ByGm1Bm+oklMWErBZB6q2hUtIul7tCRWRzpv2QdAazHuNtDBp++ev/D5wdJCA+kGU2fOwFLIMZVJZ0GMvKkfhQLCkSg8yAbz5n0MxpKqgCkUDrBMmmEahwdN7eCmJs2x99+dW3P3y32P8ObNovg7Q8TzPbttvCQe9+gVYhRQLjnOb2dJxPj+8KyDP+t//jf//+u++Z9fj46GOwR+9EZURVTt9Hj6eoiClVyRh+fbxCrrMCyGHD3KKOyBw2BAN3j44qwIaTcPPL5RIRMleVOgFAWJ0sBMSNdFL8uqL62ACgpgtX1JVMwx2Jcj1PWwn3xGoVVzMtSZLayLyVhc5dMrBWSHa3FzPiOK9uTkD+B+/cNq0J8azwol3u/8+/+qvvf/idK8RgG5IM6C6s0lhFmNm+b8f1tGEk43bnqSBOt80zYt+3thPIC86bcKKd6KDmn9u5+oFM15Wp4hi7D5cQck0gipNKmcVIq8xt2/b9rpkfMGY0CUBIF25mMzMiNh+1tHPJXG6UMuPT9akBSWRmSNeFKtGSrXPo+CvrdxyOYb/94fV3P35DqxlpdGbzngUkxGFUE6LDoFCyENTiPiznjMqPX768e3b//t1jVyOD9qJU9KLt7X4f3oylWrExxrhsVZ5lvu/H9XDz7XIZYx9jQ2bEWcXhY6HpqIh932PmcJ9TCE8alaOQMua2pVla98LYPCJAkwTfDOY+xhYRhVzBTlhAi/h8unt0orwpQKxAG77IhrZLUlC1WmlZ19wIMx82TKdtRtnqyRZArQJuH2yhbg/PXsU8VG/BSp2nnddk1+vxF3/xF6T/8N23Y1ykMpgzzRFzutvLly+P8yyklsQBVbR25TkXWFetAWK128o6i4bNmEGkHyvP48gsdx82jjkjyuHNvAJMUyZOUXBvD9jtx/fWUQhTHxzCUDKTqG0fKMzSlkyhp40etl9Jj64mraKN1jioWYtZNPq2X6/nGBZ101I3EAOwouFwdbvV8GMWGJhffvHFcc7jep4Z53Fo15CxAt3Ckf7mzetvvv6lmxcXFnXbt4N1hK1TRcentLONmFOdepN1LRNCXY+nzFCV1qXcxiaQTfen+g8tmAxQuIheQnX4tjrJgsShHFDSafOV6khVDRQkaVK+AQpMg1TQjXFJiDUFLGTVcRw6YtiSxbWqb5jUFlgss+nHJ7PKdPT2+1c5oyq0vGaeiSp3NyeL5mMeszsWEIXzFGPcyh2J7oxrnRbA4RWZM41uJo1u7ybTzkdHubG4DM1idHIWCfPRwENqGhCVg66JkouuDrqKogsa8zTJu6yqER3dXY1XvU0B68f1H9LuG2NH5pvOlhuJKRmAFAdgVfYCpjEcVRXwzUp56FW+jXmc53EqXRJYvU53gTeAom+3DtllK+i5F4VhVsWIo0hZkgswYp6yO6VZjxELeikAvin4/AMXnj1nIoMfvXh+PZ7mdZJO47ZtLoM2Pa5nLZmvmUnPw+Wnj0h15PMMrKyxtz/+qEk3K9CbmAsogf56oDPaY65FdOabontkfdNQ7iaZVrJs+CCQGRGx73tWrcVMZqaGDBydA6DKjSxt8M0Zx/UgLauywnwQJvHAeb1WMUubghlZTmSmL8GolPDdViw8ewlDKjJdO9dczRbNWYp8RpIctMoc7iXio5EzJxi9TcMKy11EK0RWsrKTpyupVSAFG7zxb93Ts5UMLVysMlpG3D97qCYdux13923bQNrWEdSFqogxtm1sHUNuNBvFipgixLAgA4kOatYNkjcsksSElbZKQQ36bR5v8k5th4Tk54my0nLfKhBDUmNwzlNfDYv6FD3VSBjFsNfiW22/7KxyOdezbLhWqtEEL8kLlegznbJQizXNKhs2Y373+rvhwzoQD+7uzrFtEZltiVLnrnMXCkEzs6oguV32/XL39PZRqSOZ6TYqKpAxY2wbesJpOEkqdhTmOX1IzMBbPpoZYqZyjZx8Oq5f/fSrly9fffu737lvKWlViRowABU5M8nKKLGJqbKOKiunG70kJJDarHDOqTJi5OBY8LWiyrvHT1ZUuFkiFTis36WBvjJrqRB7QtPaBGUUamwOTQfdk8hWKyO9kQWc5wmzbds0yNtwa1dPbtseEVY0WkZt+37GjJilTBI611pdoI7r8ezhuRgb9GmLqmAxWWMbGquP65MNl6lDisxt26JC5UMztxFaQdtklNCWdckLMc9ZVUWRqCbV2nL9GoAx9lYMRvbCKYlX+jXs4jt7tcTv5VD1LM/jOOYMhVSeMekyp/Qo0mhOysjuYM02q9ic5za2d+/esiCtyDa2Jr1a/obQRwWQ0iJCFdhMSXb5P/53//KXX389s67XY8Yc7lUZZ0UkC765kNhznpUYPubMBCuZGM9evCDHtt89e/FRJZ49eyafCGLGeY7NK1la05ZpSvOMM7OkfswIrbPMUuRmz5FNO5uZ29isYIUAbBgrNCUwZpBrVSt750mDYN0P1PDWY3WfIHyw27uebJeZEyIcBeLRoVRnnZUNzaid0GjnJMpleAD2/aP/4b//n/7mb/5KE6A6dFFAEUnjto2vv/n6/eObfWxASXYrON7cRc4c59G0VGL30QJ5F35UNPrYJARfDZKQwfX4ZxmhYUHNmQvBrG72CDiL1qCRSrwoHD2Jzs5MMEdk7eZutrkNt8q4u4wqRKEy5+z2WcOg/nxva9a9diMN1bkL6iJonXqJ4oyozrUhViqP6tAKcseaDGrFU0q2ZN99/31FGMecsVDcBKTdKJNlNsu3sQ5u+fpWGGiu8wxFwoCs1FkQOYd7JqJSCw0aoushR7EURsrwYxmgTqiGQtpNvkzlaWDMXBReGVcEZh+hkG5dYMT6u/RNFVsnVeKi8Jg0z5mguVKSCZrNjOcfPddiO5GbMNZM33xsQ9ZqnaG8JaKqc2+HWaFi8zHGqEqwUPXq1QvRomsHX5dHyfrQ9X/WGrPFJdXvddjyW5Hd61ZWS5x4axEpaqsIp20FqE/s6x6tPMn2rVqLG6svLrWwE90p6Lzft7tEZRxVtY0tb0xBwYzb2HQ5t33Lqsp0H3JgeEN9uo1mZCIvDwrHpdISM0PHIQhBC6rUBH3Y2JQdpkQ/upFmMrNlJb2Z3w60QDcobLWwLlvp9Lhht7r9SLq3IRZgVYhogZmbS16q5eZoIjrVDA0fcRxiUWEQeZ3RtPjbt2/mObexaYzJyvOY5s7l+tbbW/2F1pXPFo2cTwfd7h/uz3Oi4Nt2k4mRy0sRC7MgBKTZkrrR19BVGTN0cYZZLJhfdl6FSKKE0rYmrxedKYBuebBuD2gjdV2hSnJSMwMMiffv3+nzyQ4v8ZXibK1fD0E/npWJZeyDki7sPDVbZ1QyEbP2y4au0U2wR5abb7sjETFtGIxOLyJrAnRrVMzNUJzH8bOf/+X7p6fr4ztKzD2sIcmqqhrb2C6XeRzsgJSgjcvdRSd8KXNwG6coJmvH2bZvWXGeR8TUDmxdmTE4j/BtjItpOVGcxz/66g+POPI8bYyFiix3F+HDK9vuzq5REIsCqD8Wa7uwOKMEb1re1BqlDC1/1nM852z3S3u/ytYc7r5pY5YMc9RJIVUsaZsrE1C4jRlrsQBVkIVXF1Y1XouZBDqgMbXBQkRkxnCPzJwx56zS9p+84drSjn/86lVUnuepmrg41AIskaxyZxFxxr5vlSU0E14EhzuMmZnVi8OmWisNAm5miKzhXuiHNmq+/vHH4UPCQlLX3KpQoVLuNPhwNZ19ggJET7A9uZp6WbshO+K1ZDhbtBOMPI7jy59+9eLFqx++/c3YLgKoBKxJ5FFd3SnlM/BhvUST5eqopUYogI1+qmxl016mrl3aNHG5ILRLlW33E3oS2sxoplrqXW+VNmI+Y55yMboJK3Ez30ZmnfMwo7t9/PGr6zzj5jMzHnFmZG+8rhKvZTRdlqxst9sHS5L+d9MhVEZPCWZ2jXPfthlJ8rg+cYU6klbszWhsDnMRU5XofVQUSIbidtmGeaVycOBuAIRQ3sivqnKz4zo/fvXyz/7xn3z9zdeXfd/GyDPGtlVWJsY21AlmDzk3WaCOyH4qNHa4m9ko47vHp3eP7xCI8ySHLwJQTAOBqjBl5uvUMtvu9u3uofxuPHvp9y9effHVq8++MI4x/O2b1+fxVBkrfQuiqdXTX6/XP/2jn/7sT//4P/7935tvuPXW6C5toXF91Ssj4yb9IYs01FrUp2QHNgzZFUtSTQONrvH9hjdhkYCtaOjdHQZ+ADN1v6ugzSLdZFurDjSBozs26ke7eWH+9d/+X5d9M6hPsWK/8vLBozDMCcsI3YjWRjgrqxIZp0suDBi9ihnTWrwg5FjmJ6Xydh6GGsaqYknl3owy0W/uaim5j0GUG3s3zNrV1411FVhuxvZ79iA2jKgaxmHc9z0zQ3ID0tzZeTmUcTxqCkGgD13OaG0LjZZABMcwYD0WzYhz3fHSL2SxoYEqk9GoTBXXnfOsMRywqN5Gd2Mpm6ct3NxlWEQ9ura221OEkK0JSFB6or78+NW76zXUZaFuxpHKFcJj3YHK8b9tDvCcIfjeddHJpnS5aECSw/RGVxZaVyxsnl21uRSN+isBgFlp7nf3l1QUmxsKPlyKiZ5qCmP4p59+9vbta++8o9USG8bwc06wFnRXqiTUe4B1KOg1MkYmCmfEfhmReX080JLtD729op/ZoU+9DkUzkK0U8ly5Qr1voQqguTWyUb5gCh2JgpH7gGCTso7+zQB6f0eNsek9J+mjM7/YiAGAQiLi/Nl//k+POK/vH3n7QFmmPKwqVHXukpO0yHO/v1TE2nJcOq1887uHu/OY+tmNTfa0c9NjmJkryztyVoRA3PrQuyOr9ss2xoiYttTdrbdphA00rwiny5QMgmtVmfnm5tVLvNeKbFL2YpV3eTuqBc1tw+9gJtxG+7VDUcWswvRdqnmVmCGuXC0/ua5qlbkvFIqLtYH8gb75PKK010Zb0kAujkVq0xssQ72WElYCmSFDz9395Xg6q2QR1pln8odlg3JmZlKCm/DIPiyWgVJT4fqr+1+4FIruRq/IqtrvLuaulbU6kkk5wZTth5/85KfvHh8p/SW6ViskNkohuJ3UqVcUVFlvxVtpV04kaDmn+dDJ1UfzKuaabH3fpNv48c3383y8+D0KyY7VlxveyDkjK4e5DMfo5Z7IiKzc7y5VOJ4OYydvCC5ojmtFHKBkhGpce2z+8Oz5eYTuzv7s4TgOrJxOcy/SfTTM5JYK0+7TDxGhtzUjIuL+2bPIQKaLsYZeFESElDMZvf1RqjayNB735lZScnyTMMssMzJD0j51aT42zahL4EB3F/DT3J5KGhcc0OCK/N/uZu5WmUGVEPHFxYbx2FJiyDLNrqEkgDHGMU8klaBVSR9O2qzoDhiIjJzRthA30DIrIlzMTy8s7za4SkgVIkIoRkYWGBXbvl+vZ0U5ORdjq9dRZkRzgMyszEB2ZnzPQmpY0IRVy77N9rEP37LQaGLfRWvxIwngej49vn/bX6enZh1NmX1ku9UyodzsLexWU9BVZvnScKi3mzP0MSRPoHWAgpsJGEJnYELP+3lOKAhLskbeeFodqZoIu7LZ8KxkgxXWKfHGzbfr9fH+4SGiaoZePqwaLtXIChPT4ZhsOgu3tg+r8GhaYDWLT6eZReT95fLf/uU/+39/9SvxfFVJOtz1FwE3RZzg+4UjEu5jbJtsFMriiMjrPC53+7ARmcN7nYUZacrYLRsOc3M/zutxXIfvVNJoFkjZgs0MuC2sZRU17SgramgdVaUwKT0nr9/8KDa12PiwHjczDpqbRWQaM1mVY3dURRTNtvtnH3/1h5ePPv7FP/8v/+2//Tf/4T/++jf/8MuY1zMOpy2Em4WKKGQOH+Yemb/55rcweMsq0CoLITFl1dnKpZtWVZV88dHL47iKudGvgTaUiFW10pM0cbGqImMMJxAVfVPbGE6ug6yBWGtam+zgafbjbB23AvWWwkyL9ntnd9U6izsIMnrRRNHMhjdFqZwf55wzBSSvf4ZbTvgwZ0vuqtfE8/lHz6/HI8mUF5ZUXyEgq2enNRT1/QYQGFurAXr66jYbQ5nrmsTBKtEYOkiD8rwS7tT+EDfuw1mLks1C79+lXh6Sw4cVCMycn33y2cPD83ePb0DLLqEEexuJlGddLLxTn7B6cN3B7KmIl324+5yh5kEA9rbvn7x89fR0RWslivSOydKr2hYHkraNEZGV1R7TTYJysdpwdohIy4MAEG72Z3/0xz++eRtyYRdkNpMWUSkjWN2sjSFfKrovTx+dJuk+hC02+8nW8ksC0pYuqR364epvLZHTUJqCtfBfvymm1iUhIvZ9I4zeY/E2vII/vv5huLt7aBys/vtnBNrhZgDXs8kVYyOVWZHMDr0r43C3jIrZa8ITeVNkJYJG8yEZ4asXL0BWpdtNXym9ZfeebNbBJIVm8eHhITORISRdoLGbDaA/OW9JItmClzW+k0sT358+syLXmCX1vFWF7+P69D7n7IK4VtRUtY0pq9lANY1/8U/+4uuvf7OCuAtFH5aB6/tHJrRjp1+bDKEylVWZTKA3hCNnoRdF9uDr1vYj1UJtturhyzvdsbpT0exbJFNUSCcKk4bMrDrV/hbgw/F71jgzZggD087qXOxOlUylOjOrTdG2JnJl/GUrqACwWHXbNNdKNdpaeC5o3t00fQBF1PF03D+7l/gt2/64cBnB0xC+k6vsFKrxx6wiOLbdNlmfbd/2nClPZHVtAtT6FBxiWJeyrEpXRP9Vv9aKKkmkzJtnAQiLmHTxSEbvA33J4YSxWmYd5znnwYQSpkmm0kJvFse+vD2mA11F1UascblA3iQiaMERNts09Wrtooy/KFQEMbIK4gizY6RpPRKCtt/fRZyiUs9jIiWlQ0SYeURIMKOhvNRZoW8l2EsN9Qy4+Tzz8ekpI4ebm797+zbOqf3Wgi6s41BkjykdY0IBhzu71aAovC+++unj01PGRCK97u7uW3+VYTaKHWug30+zXpektlFzuRjh1rtWsbYxWvSflZnmCjJS5w6Agz7nmREO96GFhHrN9VR012X0jI7lnZrth7lvuOFwBRrnnHfPH549e3g6TjOVy26pj+sVgIvQK7jbtm9qK6vCVmcvAYFUZ8heO2K0qKxIGPdt667QGooQ7K21fVAzGqnCePtFW/VnYap074RKTUzo2PXqQntT6wvzLEZzsFP9TXsvm+HQg+Exp2L/UQud1xsubbbZvu26tusTpuBy1WPtjevBXM3RWqgiJ08qpdck6a4WLOqydcpI6yVaCtIkuE5Qob7U8Kla4mO7v7vXbKxxH6sIZKaP8fT0mDP6JY3Uu9yfrLq2sjXQOni0Oqw6UHMN0gsRZd0AZ8LIM+Pvv/6N042m8bUFGii2nanMLGffcRdwPNwSuC0elQLBzGmvXr26u9y/e/dW09aaK6qXPoBOnuf57u1b8W9VNaOqhNTKe9PV7JTnx3oULpaRY4wumaZnVcQCI3JGtZRKQLhJ4Jfu7jbMvBSbaUXjeU4GkNORj2+vbx/ns+evvvv22/P6JmLmeRiSbY8U2190zXT2dD1jzqF8GzHMeuDa85gLBTc1QKTTuV/2iJkZmT2S3bimLJjSiwVZRd493P/sz37+9W//gSZbk7eXBsrF6pa4+mzRaI2Ocu9hU2+A7lETCw04mQGIbJzLh8vqpUrZ+K2RxH7ZdDcqxCGYGiB371m9ysem4NpGmAAax3DfNt+3OWcfxbm0OpXrnasbGGcmOMVFNxUUPuypmY7uMBSGIaKGd6QbgE2PR9VwGl2VsHrpLG3lMwKjisc8KDeatrRrDlY3rIg28Diu1QOD+jdAujXU5e7SQzgyQiNN9amqL2PGSt+cxTkjI2qRyhrEs+o4j8rsgGo0tK+hRie75A3ej1P7SMU1SFdcRSx3dn3IOIbBi/nrb77OKskg2bj23DbXCaURbD0yZc3tFN0///xTN8tizJk92TSuYWYZvZVc31R9gnpalaLemdIiFyfKfJg1Fp0zmv/R+F49uJ7XqdvU04Tkrx98c2pTISk3GnfVImJJtauvUmqrzwKjySFvd1VNNE4PVDGWzwSAg0k+3N+f87geV33lqBlzjm2rZVfJduAprKLBo5ix3+/uFmcq/8ht7GTvY++Ju2yRoFyXSF1oqD6upg2FpLFbMpb7ePf6xwrl9erFzC70InkXOEpFauT85rffOM3giamJZGyqlWWu/U2CsKttMiXxyMox3cx9y5ry49fqOD+61h31AAAgAElEQVS8p8DtoV/dS2kkcJgP14pmdDI9l6QKVR/+vn6q2VEwuqfujqQQB3Orzv3pxh1kVlTvb1MzRKNt+565BieAtG3bq9BWWTZFapDtzKHZn9AMRsrhLxlAjsvleDy6Fwb7bLO+yFn14sULM8tzLiZBk7ToKlbVeT1UvTMSzvtnD3JfEKjECmNtRX1EEnIoqOMvoRKVqcO5BR9QfyaLzsiY5lYyWEWVdpwBbI04RNcMG8dxJTl8i5g2FMkPM1WNVTKW/HTl8rSth8oa89YcCGuM4+j/0IC+GVztbmYJTWyMEwl2ks/v0YG6lTienuoMkVoN3LJR6m6bLKty24a7o4Js/aW7iTTrra3qCmSXMSaqsrxn/aqMYvUS5egdfKXfY06wCN82a8YD7gOoN29+zDmdo1A+9i+/+OrHH7432hhDy9oaDFijxUKaq6qQ0fmboBmjQop3OSE//eyzmTlj1odunTQiqiptH69evXz3/p2cDFVw3ytKQERkjjHMPZg6XvVMLWJXumoDqHz9bd8y63g8tjEipg+vlcXIYbFwre7Jijmnwdw3IXc0KBmQBRvudBtO98hwp5HbtmUhQ+R1GcyH14IdNXProvim9ygNahQGCka3fvVbIqLz7Ib7K9BUT8MwM/fzeog+y5glP4HZWghdICtZqEolrSGiTUqqXr+PAkRmZnSM4O0FrEYh9VzpXeupGHp7OWzYkBAf93d32f9hddZqqkqVqAwcrYHRwjVpxNFbynF7hqwizjlR1RpqdQPewGMlpO0UioxOhS3AxtiM7D273e0hM+jeIoxbkdZYkVWSM+tmJMiqyOHO1PhUtjZhCUtQCIGGiWJpLeiaFVGsOSfKbN+qiArNQsdxfXx8LJp48YgkaC6mduHGBZrEFUQzuw2j7ZfLtm/X40ob1rFh6Nkbi4XrbyW9iJItWrhgbsYhSlRwVxtJzLO6DGvPLM10WuV5VmJ//upv//qv333/D17XeVxrhqFKpgQATJhl3niQAjm1R02b2hqA0arNjkETQKC+iODj9Skjuax3VQTSRm9bI2DDhOeaMyreP72PmIOu4ObMXDxio6qhLdoatW/vEE0WhqVKoRs5vIrbGMqlM2cbcFfzBRbdmzczLt6gMqLOdNeuPcqLTHGRxUVNAO1vNrv1B2YAnt6/67sOLlpVswqp349bXkK/1QbTgWtuWeg8B2rDRqPPqvxuvpmP4QlZRFxipN13KiOZpBZIgZnhroG0nzltDHdhhQBZ7n49jog5zKOxS2FXEn7g+fO74zz1ViZCXsWyWnAFzJcrLhvxUgLF8kAB4HGcTTkY13lUaE4Gt9EbFYVyM/MhAFAyeBIJzbQeFbQVwEpXWI4bWIzIWy/jbvvYihahCoVawT/q6pyg5f/6v/zPZ+T//dd/rW0eMC1ZE8LcY6fQZyy+EgXrcd0lh4aElllqkcUNdsFjy06bfYpUP229l7rQLKtwbetSyaXoak7eaZyzImJ1pyXVi49t0De3VKJf06KN5oqMbeUcyQJkxWQ9Pj1GTMJscB7zj//oj7fL/vrN6zF2KfhyxVUV9DrZnCK5MM+psxyA312e0S1zVmRbbxZyq55aLBIaoVBBayVWm5mXuUkx1QBjKYzF8aFu/X9PX0J8ESZFUCJYkBOxlASKNibSZHLEw7MH0OI49QPKKK2NRL+3zQNA6yB6fpUTtIkBmKHz0lAoK+Pnf/D50/UJhTKMlXbfF6dzcO2Gyyv/W/uV4pzCSqOyMvoZVa6qXLPVci13T9TaTyz8o6QhE1bpNEW5sWtQX0aQicC69mtGAAFYU2koWMdo4xZig4bk7chzztkumu4Kbq4gp3Z1UWdeZOa4bDEjI2+dop5INTmf/sFn7x7f9SMiEhECl8fQ1sEMwroci4TfxkcvXl6Px+GbyrcuzH7ZZL6EjjrdnsLYxvOXL4/jmo1H9wenUVkQOnJFwlargvuABhdumjXP6dsGs+GjqosqUDbc3edxip8RGV59AC0uGJIqMmdW5rZvkGegB6/lfBBafJ3qX2Hm4HE9h7v2SbXKq4TO6u66oAwz0Ly6LWqKU9dnu+yX+8s8p/monMMHOnjKCGbleZwlvUdWZjpEmFSBEfHD6+/daC4UiiFTeKOLmRnD97vLw4zQLmgpahSC0QCHmdGiKiuent5rlFIEiJo96RY4cLm/PD4+ubmME6ieS6Vfo2FWvfz45baNx3fvtcSgO/gswNx8nqePYTae3j/Ncw56Vm77FtVkQ8dIn2nDdVGrMUVhh+MmrRvuIM/z9OFug8Y5z0pZC5Bxi3/Vy4HL3cWGxykJWYouczPfds0CRhvu5zywEEgUMhQcrBO4kSadcALlqujDY54//clPZs5zHuZD1YyADOt91ixthiCpVn2XDi1C8tDebJ+R6dbQNW7/SJEsi96S44q1L4cBZl4orRWfZ5hh3iI4rMdpIC77JVvRUiCXzs1u53TDsFhgLz/gFb1fK+lCLfWK3KyO8jprbFFfXi3yHMPPmNvlcv/wcJ5XHx4zAOkITZOJEEP9pAbuUCobTaKYD9+gJVwL/9HrLtXS5l5Z7LiVRt7M3Wxos545q8qxVia5FjwyMi/3dx3Gy7aEJODmoQmE61ojP3rxooDr9VgoNLqfAHoZk66akJeqAoYNIoiW0/QsEdmGR+sVb2dMQ40x1Pw7Tdq96/Xgfvfso5dPr795ev3t49sfj/dvY17v7+/Hvh/n6fI+oQjs+ybJkzVwZ27utAZRslbPQuFGHRjZzS0Uri2QRF+jilVZZ9qwu4d7knNO50Dxehxujuw4vttRJFmp2Eua9hkrfKXWwJYE6d3ndDVew6yp+yxoVFQl0fVYR2jLFgSlo7UkrTbpNrowc0bmz//sz7//4Y2kIeuxwnrsaG7e9Z6br4UsJv7W3NzNqxG9boOr0pzbMOuAwb6iTjq5bwNVVrWP0QmL0lmhh5DNt8+evXw6n6p9WY2S7NvY3DZzgEeEWMhh3gmtAmtNezhk5ygC7iQwfBwRGXFcnwzmsGJu26AsP9VkuY41vRxCyNCLeKob5mrid5kYqgUCEuv3t9X/r+VjqEj9gL6DPU7jNrhIstFYbSoksQAzb5QtMmtGRAQbr0iYzPR9TBucbv/+73/1q69//fh4VVOgH1f9Z9jh0Teeo6N+9MC7wI2FZqp9a27a3Rq/6FgOGojAzByb55L8CW3s9hJeJQOdXqyGrrksItWp7rUeABYqKjJyG1uIdgZQZUZ3VgW4IJ0SDY5u8UqHTpu/t228eff+8fGthie96Wz/fbdWH9pLAQ9qY8AP+4F1CkFichRrKfP63ht6Gipza3dOvzo94OJW4jUarOOKJM3vHu4i164NYe2VtIqMhga7UNd22bRSQWocmFVWZmRMam5qh4pe9Ww4q3M/1opegjT34d55MISo7SY7dEH/9b/6V3/3n/4OFUJt+tkRpcOkjc23bt8bfSiHzzz+2T/9S/Px5vVrt8YYdCjreUdVZWBOWofr17KaRAZNRd6l9Gh8UB0zq89mCe7VsYsJ0gqnnoXN3YRsmdm+bzdjf91GeVpmIeGyZwk5jsDaFozmIatQZu7ucSq2uBEP08ZikoXMuH/2kBHt1CWkB6oizBJRlfK7u2tFFzPjxauP/4t//l/9p7/9f8y2omjjfkdpzBnQMoz2tXhVPT6+z0zrGk60Uw0aLSA2V11J8f7+bt+2GVOP6e+7wyWysIXhRaXCPcU/7nd7ZY199EtuZGGMLRuEWGZvFxTW20MXZMZiW7pJjst2Xs+aYdSeQtFiIu9gZhFTVG/PwS2WAkF3U/49UVVpoo+Q5/VkwYePbVcRARPZZoJWF1d9+dUfvnt8r1Y+E9vYrDoFQIklms37iEWR5ra52znP7pxpMybWxom2miWGGjL2x65MGuWSlKKcwLsfX18udwBzBo0Z5cPdvZC2bHRPj09xnNvYejyvJXRKbJdNFFxEOCWPQVZ+8upjENfHqymRKViaKrJ8eEVCPD7rgwy11JDk82fPZ8U8p07lfm7UF5a2oFPK1yzEnM2rQfEyPRHqx4r0vNxdvvj8D16//oEdLiO9n0BirHZPNbbfZGTNjBevPnr79nVFE1Tdtjf3RmO5OaTpzagM5deAlRGaLhX/I+yzETmsrr0HSqE0DZFIkCYegjJl0ioCWU7OOe/uL3kbXauLFGgfPXueVaduvVquWkxe3pCfVtfYkDxegtpo9si4YlP6rBrDm+hzVda0tf2o9+hUZuX9w4Nv29O79zZGgcDahqNySSbSWhMhr1prszJg5DmjKtBs68KuiKbw1UiRVdV2l5a521oBadsws0Fh7VUAQnwpat/Gtu3zmKQrWc7MhCs/e7gz92qIwq9Pj8f1ad8upqgJ8fgoEsN8VSspELm6cNnVYpWIrCx2TpW1w4rKf5LImVlKxixzbPvdT//0F7/6D//+6cffmdX18ZHIOeOcJzIze9WHmpX9MmKmJUyiVEOGuq3KWToaOgoF6MOvKisqUwkTUleScJdFBGY02ow5KzKyVUx6IAkY7i8XrX3rA8tFNYCAcVSmdyPW94wNl0HsOsFCmveiGCjcXn56LsddVefR0bo8esOu7ka3yJQCSJqru/sLzMz99bs3M2fD2E1FdlRlKo8rYhiRtdpjQSPQYFQdQGit2Or8axaIKDMb7qhyIyqtsLs54eabDTe/uSax1pVctp3g4/l0w1ilrTV4oo6cETNSuBF2H7eCMvr7lhQm6Mxq7tug2xnTfJBmbhXpRndGVpUE1TIKgkJU61agVq3qRqoUU+00N7vZXRRJAsC93QJdiUGKmpOICSQxI81oNipyrf3rA75/ByqLw2zbRq+TN2dxbMN9RMYCQdWvr065+O13379+89aXGarkdoCUOxqjFMJD3PB44qZi6k8MgEh8kD5ulzu77VfXH3BH1b4NhSCbt31insWCqyVGe1xuDnkuY1uoG6YWcDdw04DL+iS+wrj0MXCrX8SgbWPT4gmpY6qP9aiZTq8MC5NCVXJZWw4wqQ31nGgkXyAYCDhsCNVTDiFa0nmzBVdDd7EIUsLNzEbdQpqrpSnmJnbKuaKWsCZFqzbPdS4TND/njczmYluIqprHpPrXHqJ0hksEXz1T1cLm3PodhNawh7qULGTG8C2iY1VyAVrFInyY/bt/9zfKLVGEpXNxk319AEJNoVpbtQcV8cVPvnr7/s3T27clh3sJuChkkYiI/f7uFz//J7/77rdSEaHJhBBwbT7YCxZq+Kgs96FbrpSkbieci09sgb2PQdLcIyMVHDhju+wxq/HrLomWoV5Z7klVOhlM6b7NeeJmGIEZuyMwt23bJHlAluS1Zub0d2/fNt2CAtG2NXkckInuX0nLjES5b9fj/d/93d9sl3tA4gDqvco59ewozTNjrtfG5gzSsYbPAoBE2fAhVTcaMhUOlAByZkNuPSVwbMNo53G4i38XSNODuY8hB8vm2zFnzdyGWyEqhw8hJCngsISzlza+KVWkQYzGsf3u/qKuNDKfvXx+//Dw/s1rwUHW32ls20bjzKwqmcJ92OXuUmScc9vG5e6OwOX+/vHxMSq3MXzYPCaJ8+npiz/8zz7/gy9/9/Wv9v3uBmUmcr+7zDPiDEngtotX1DynbQbAh1WU+xBxCUBbro/zyVBOv1zuzBrPSFLZXCGln9m4DERf4f2y+xjHOaWiMZ0IHEBvMAWLbW5kTLlgue17TXUEmHH2QV8d7Du2Ye5CnnDTRRTfP72PzJwpOkIkzE9++uXbd+8bttaZVUAjvSBKb8TnX/yjp+s1z15529iq8Fs4hMwmilaYkugoKsTNfWyZcYr+MqI4xnY9jjdPb9yGNZ7NAkV1jrGWpKJjdOgufnyM8f2335Pcxy6uwNwyUwPMGNK2ArTKBfygZ5GIzukHeX9/iTk7V5IscgxGZEY2SumWDZybuY8xnp6uYJopxjczc9+3GTk204bd5y8ertej/0I6gKfrdcbc3DOKftvO3npBRTqic0LKXCnAYnfVuQnK07ZUCHCB9NmR29g++eSzd+/fm/Vj3x4RA+nXp+vx+LRtiltoolmobOUE5JsT6d1Qou5rE4RVPW2ab2MvLWnuA8VInnPudxe3EfM03lAqknQwakqzEZkRcwwfYxNiTPC8HjlnxkSnrpQ54sxt3/Z9++GH12MTsgOzIYlNINXfo2tvD049+Cb8JmKoIlJYlI8Rka2dE9xQqEo3H9tuprhUy1IiKjLy4aNX8zyvb37nw4ZbzjjmaSAqZ8QY7j7OY2YUDXPGoLn7OaOkIVaxBxqp1amYaAkAVXJVuQZTG3AhICZmAhjDYVgyPYEdpVlLK2wVxZOZPqyn0caLG+ezYal5sZ9usuPXaCmTccdGYiWrQvzACnRYzzBRXKlarIUlA+vXdU5k3T3cA4gzYubwAXDbLwQiw9hJQZCYrV1gmsYtUYsmzIp03Y4EacrOXghmYzrGm23FRhtVrbLmmdLzaMUSCEeLsZ7mYQZJPVHmzepWZMhHKaFgZbhTMhBJUDOLMB+NQ4OdHx1SvBPkCikx7f+yVs6u/qaqGVBZOjqpGI13dXIKCOCI+fnLj45ziksq9hTUP4qMAMltuCisqrUMQJUccHIMlw/eSNnthksA1qSh8nCkrF62zATgAgi05YqgWTadhozkLfJEUw1NW9JQMAkshRq3TCi7h1Dzil5o1+9poarmDLMBMiLXFAAaj2POGe5Gs4QWGX1wpq9eFY1zgerkNPHVMisZtPyv21RSFpTRZCEyF/rb08cYVRmRUaD7drcRQOVlH6IORNqXFOMwVB8rZo4b7Qi6W61M/mocfGwCjSFqRRwBm77QI6C76CZFXGVmzQDw6tXHNJznQRumox1c6s8eZQprdMsFoqMqdN37XqJFfXqiLNcwabeHsAD95p4JmqwRM+E2+vvkFL2hNrWixr4T8pKKDGrQZuWzEHBkx6OSnus5UGoGFXTIatUJANCHj+3ym69//faHH9y3iFhDAzkMa1Xh/cP9q5effvPN1wAzJqEAPFbW0vOzWWxuJCPOUmKJrWM1McxRyrrRzTAaMlDZOTN683JmzpT12UBzH9toYxFw6/67Sy5IZ9UEzeq19exXlpB42V5Z7ptXlA3LqLGNWAJuQW3RVpUCqiP3gCxI1D58B4xlkYEWWdV22e7u76tZQmYWEzRmRGgBZwZ76rEWmBXVeWdL8FtdIHOOggKIljf0iKITLsKUkhSJsjF2reSI8ywx0t25jVmx7Xs3EMuV2C+xLcDVUJk+hgADN1vaCbi5RLpGn+chDiwjwaopEUd0Sdbrl6qAqfZ9nifNCznPaT0ESsYM+nj3/sfXr79vIqDRTZD+9s0bVO3bnohCx8eYc7i5u8MqxJsRRh9es2i6s2LSk8bzOMe2RcIdMc9nD8+P65karrKKyWZgGBH9qhK9hqyf9upyn+VjSPKbGXN2YNwKcVqHAZujmOeMM90HDTFVkQRxY2zbtm8ZEyCd7x/fzzP2bZsK/GkBmiqtFFZG2g8/fFsVbkPeFJViLcfKSMA+/ezjmBOOVx+/fP/6XW/eyTAzJUtWpprgpujTEPBtCFvLrCZVQMIyK7SsrfEOgrh72PV7UCzWPMPMv/ji8/Oc8zy6+ioh0W4pbzRCmY+k7dt2HJERY7MzguV0brvHGZIMxXF+9PJZz8YkXOxNmPP+/v7Fixfv37+nDaWy7vteVWZ+vV4zphLKvZPBs7Gbsj6OXOuQGkAiegzWZuKGcwvMmypotVziKBaPVDdcAfPx8dGKYwxJQ/WtzT2zaBzukVp1xKrK2dhWdZm2hlX00lRJZAwR4qjhbrQQHKJjuCQxL6MDdf/w3NzP61MVSsmgbkYkZgI+thnJKiu4D6clcp5TzGYV9rvLw7OHiMjIsbkm9ozMU5L1jrOnIdH4klMtzmIwV5sqvWxU+jAaU3n5zozw8uE+Y/ZHz5CA0AoRMWeUdi0vKvq4no8/fgtmnmeWgIUAksgB9pZuMxjc7TwOFNlJ9QbUGB3jY97HIsmsQssMZURzk+y1is7jeh3bIA0GNzvP0502NvVL3Wmu91DGMDQPK2h2QVM+jHbZ9rFtx3GYD51ABMwtKt16fRUW0q+hTTVPUG9mb7VzM9qInIvEQB/rRGm9klG8q9FyxnEc5tTFnxkvnr/ahp/ntX+ut4pbBA2JqjSyFG9nij7DGBta7lKZ5dZ76KyFLnDCATPutryVmSjztS1Hx6TcpndjZK3SByuUGzdzadyV/bC5livzTz79NCKv8xxj+DAoMKMI3bveUWVVNSOltUZlrd5YM9GaRxsqBKkEADRO2GOdXiQFrSjS58j6xVc/+eT5819+952WLusdEGBkPkg4LRabtpo/ytLf4k95UtQVFs247bukECAzMrOcNLfIzLWpXe2PLzmrBg8C9LZwYzXdJCpknIRZU/d9OBaKS3DsIvlJs5jJYXRHwYlKtFQF3Q8vCSEy4TdFQC1MvalUQpbjPp1VTw0FSWSXthJ9AALDRwYcRur9jow04+effRpZM2O4ReWcoFmwzix6bznpfJTqqKqq0smlln3bxrOHh8fHR92bXodqVn2/BONCY5V2ELBbOqZOC2B10i3bkuS0V7GQDXhIO77KHDuxRE9zyTGsaUDvEBIiCeV84qodevBuBbNd0lgoU5uWoMUqJdVkFehEMTIr4ue/+Pnvvv/WW8imbtmRCSUQskDXZTKnLElosyv0RLhZRWYF2KtzqzoRQedWVuUUtj1EhkZMsW/VzzmloazCvB6/+c0/XC775i7n7tg2aqG3Sf5VrQeJDOTd/d3Mk+aZpW277jZ8kIgs7TyXBLnP25Voq1tr3nkMejBT6nod4euGEKyQVjD7FmoI+j1UW46CjABSNlWgZoa5jW00ZXNb09a6W/gS/YMY+16puGtWhXsvbencCVnA9/3p/aPRE4F1xzrMx4ZmlR6Gbx/eEAijaUFxRDXuAmQ/pKtQA5CQbt9/9ue/+OHH1w7sd3fbto+xVVbGacO1ZqOEdQFF++SLL46nx7ie9O5Wq2CAr23Qkdkf0l0RLayKOW34ecYYI84Z87TeiiVf3QexMG9jJEFS69jpNCOCKKZSR7qeO8nIdDMZc4ePmbNxm3ZIs+9qJFAZGWds+yZp1/F0bA+X58+fPx3v7+4fjDaPaE6RJoBunjHGIHm/7TT8y3/xr3/99a+1S25OHQQWWlQuVTgltRS1pGbes9qHTSKBTpsBSY4xGlPUgWOrPCzyXYRjxO9JBk2FmTcIqwJ5hrE3KvTFbC90CwOo4uJucD1rKjLuPo9ju2zbZc8ssK7HOc+MnIRlxhhubpWI3mSnZSCNKBC93+qcGVMPWrmbj6HiyKoO7kQKo4VhRlTCd+85lDjOMyLA4ZsLM1aOvjmtV420pKHBZpLNTBaqbLg2zlSVu+/3d2fG4+u3pgPQiKixjYqQfuS4npqyslOoPWK2zbeI1A5vstUgwCAN2lodkcNHD/V9rCIrjbK+tR2/QQolIaqSt/3e9O96bw1uaDLWtGwk0mhVkjaB7ihmRu/oUEMqyZz15ZXeRlIgsjsIIax6fnJ5c2mUHRkFFtzH9fp0Ho8mLSgW4FF1nPGzP/0z8/H69bfDB0nCBTGxQQFP1DzPAmJO8aoEsnIbZmNE2/bMaInQ87ZvO9ZQB8ox4jBmZG9xzspWmRFlwbzsd2eexoGFdbn7to1YKKBeH9tcJ+PwkXFIbVmoyFnFfQyJnNeiP+HHmZVOwwo26Y8mTFCrE4x6qOhrEi1s29j2PTJnRlZ89NHLTz774vsffue+k9QRaeZyTMr7IexFR9vveYxR0Yi9grOdllnX61EILZuPCC2CqIL79tPPP//+zQ/tuSSq2JoQZ4YmFnPvzD9zqwqFn2SFQrtuimU2xKsKxM2HeHi0ZdzmPCKOivTbQ1skuY2B7CLs2yjNPZqfDOb9ZpmZefUlK26+ntAqkkPG+ALRsYduBQk4XRoSMGtzm1mmmIeOCoTrDQFpVplj+Ey1jHzUUhSFVSZZ5sNC9ExHANV6QRuY1PVPit73mUnzzhiU2LXl/Uu0z0ZY1yncA9i+j19+++O3797ebRu6lpfWKy2lI28lrA85hUGienuAkUKCIJ1bAThnxAyDN66ifn3Jij40PCgUszqxVgNNS3yXLUF+WwlWzX2/3HXmm/WB5T7QxJyp+bRCVo1tDDct1e7Pro1B0l3nSp+nhgF25V95uF2JjJXIiMvdXYIRob9imCtc0dxzLfmpKmTS7NnDg49xHleYufnMec7p7p291aj48CHqhmtrauu4xJFWltG1lZwkKs95oCieZDUe6+6qWTM1MmNTT1Iz10BoN70yIukGakdcLQpVdY8ZMyI22wpVa4dVKXqM8rB9MJ72xLm2SKyZrbAsldbVmR8w/PYlaiQotM5KX0BtY1W2Kvf902Oc4eaKH2o0quCb//mf/+y3v/3G2tik4UG3RpBtY11jbL772NzoPqwHVd58O/q0stblPJUUJtFQA1YpEQVQcYA2xjjnKUaH2ipvroV4Vczoyymk97PPPj/PY57TVU9XB5wZiOhc7A4pItnJqfpHSZSC4sil5ytSjqv+o4gZhdrGkPvJe7sK+sZRoXjuNno3jhmLIaEOqrIiUKXCJ5YgUNjGNja5WAyk/BoSAlXPIeXD6ZYR5p5nnucxxqaIMZPzidDKtt7yWL2GcKmYrJDF3mtkZESMbb915HUmzcfwKkSkDwc8Kz759PP9/u7x8f1+ubter9nzqsqaZcyqcuPYtsp488P3qNh9D+lAhH4uvT5KYQKKDChUKU8CTklEVNpsGzGjgDE8s0O/yla6i9qu9hqVS+YuetAh7VOd6W5mCt4Uyp5mmKUkXBhdxfZGmqvyI5sNm+dsQMz8k88+fff2rSAWHYSLVksAbp6Z9w93VXX38PBf/zf/4uuvf/n2zZXC01QAACAASURBVBu65zlXnGs/I7kqsY7kzGRB0zQLi9DMxXGThLvPmJXpUuP20NLIgiwaakGWHhXLy1Ex54tXL1F1npM0c5wxzehjNEbQqDmovV4EjTEDBlH2JcDeXaKOiDyu1+HutER9+smr6zkzFgEuXpCEtSBUJ0axZoQyDAVfZ+8iLWTJRQ1gu9/nTGixwPJUCPgwcp4ngHmez57fX/bt6Xr0CFQ02PCxPkWT7mIoE7F8b3h/fcwIFmPKDU3zUbdl3n1E1XnO43rsY6dzZhq6UykUXampVStVgm4y8nyYS4XGLhdvlbz3JemA+97FYs3mDQ31aZ9tFUi5Bwo3iIELWFwmBJIUgJWVCDWQqPJNikqV2tou95GntZnY1juIbYyZiV5d3dG9ACLzFsNjNDe6G2H6ZFCcmNHHMOfrNz+8fvP9w+VBDSGqojK1ZZQtmmvCZHN3z6qeTQwd8CNsr1YsryZAZQ2Bw4c1dsQIAU9LLKZCS2blT7/88u3jY84olJyO0hRklOySglD17cauzalBIiKzwmkV4WbbGNenY6aUNaun/BC52K+kENDq2OKbl6nv0xqzjeR5TiPcB8cYPq7XR1KrhRdm405TWB9s1baK1TQWSrsIhfWpH0yi2lWsjVb73d2XX3754+sfSQPy/fUxcrV9ZAI+3My2sbm7b56Jy9hqhSsA/OTTz895zjil/SCYgNN8eGp7csnC5AIGBEBYK+5CMIQQYomH7CZQcZszzP3li1fnnCjcXfaIPM9pSu8Hh9HoTrvbdv1BqZ+caCBf1AJqE/Ni7P0Exud32922PZ6TZWPU8jEXiUpm1d3wYdW92hhPx1Hk5l59DvbQbMZQ9Cc7lN8aB4MqswAR2fwlepTyRw+5e6tV9KTU6ng0zultFWjjpngUhbGxpUC2ih0x5S1U5bg5MEBWNR0k+IYr36b/sDoQABq2ur8x055u1RK7Je6u8VKNXAM+NuTdDD0wVdWZ1y0vRKvs5vIelAzPig7NrHQfLWiwXpsiWpsrqFdtoI5EKsGWVVFuvTFNT8Xd/SUytEeFJblf+5+Vo6U+3tb2VWVDLOm/VdU8JBaw+/u7P/nTf/zm7aPv2/3d3b5tD/c7KmNOtuDZkhmIZJl5VkoIUEEJsQSS9FNPoOX3omjhBddAdCP9MuW3Gy9efvR0PDka2DOS5jYMjSyXUq6ikkuS2z/ezJ2ZiRXm0gNi95rt4qysnnPRIDVCbJpn9gIIftjytMxm6J62O3wDyeHb9XpUZGk5ZSMENdzO/P+ZerdeS7fjOmyMqjm/tXd3nytJkRJ1xFjWxfIFiS+BHAF+cIzAeTKQIECShwB+T/IzA8QBgjiOYUemHIkSRVEkD8+lT++91/pmVeVh1FxN0ziS2Ke71/7W/GpWjRqXdb1dzxVOL6bevGaD9SnorzNWRObDw/Hy9BJykFVNaMSy780NQRZJgQcS1Gq2qiqf/of/+X/x47/6cRUg2w3v1+Nc5+VxjnGs8wRNohFB92/ffRXnGmMCzV1Dyama7iOJh1ePPnydp5jPZjQfQBWCkF9Gf9bKssHKFJFJtVLx4mU9h5W2h3eVTAunBV2LXGSNxLPmnLkqMysWuoWD3hqmTK76ncyqimSpOyxTZ9Pnolp2RRs+fIzzPGHYBada5hV5ebiAXHEqfajFa5WujiRqXqaABSbMOI6hmvD45lVGanUihdYv/vonX33x+Wc/+N1f/Ozn63atLCPEJNIL7u5AraVwYie4csPRjWAwMxVjReU4Wnd1iZzjYuB5u4lZsDJlNyOSn/iL3fLockVue2/CaO5Ric404fspgpQ/SbdbemXyDn3rv0RF0W2/O2Vu7oPEigDgPqviq6++RHGYr3XavQyop4fNOc38dt4ya53n//1v/q/nl6djHnHeXLmS1V+eVp27U7zP7ewxXqQsyVWZd+ipJ3yYDXctlzJd8bD67iPHHFoN1R3LITlI4HauKsQKFdJhHpEmZxVdYiCTsbJQ5nYcx3mueYzjuJSMNgG5hcR56jsQwQzAWmudNzMl/hQKbganBte+CMXWTR7zGMJvmjOX2oEN9+PxEhFxZiF1UtVM6WfXlgi9yDZRmNbtBBUlBsLOWIWU70LpsaH0Epm1/sxIpFBoZqSZ2bCohUJJqmPQBM2yLMk82eMm38eSJJqoR+n1ZURr6KlD2ZCt1xXM7t1P0MyQGffLRHCPNetfBaEkbmVxjAlsZY4Z2xW7tT2R0VTo1rRsKET/NwrAnJff+s2/8fkXP+vOTG1x5nFcPvro0+fbkyBPowBN14JKs6XuQqHcxVyZ9yEB6kcSZib/H+3TRdfTXGmjZYLT/fHxVcQSn83GqKyMyCWkDVjpA8cx9TwVt6z3Zai2RM45j2POMUQuQDvHBMph/PKrL4EaNKWnI4UvJ0BsP3Wi85OGj1hx734Jji7e6U0mUTUt9Qc0c+N0J22dseGh7ZKjT2q8c4XFbYiorFIcu9Ej4unp7RB8Lgymd/OAba6dPo2aqtRz1kdvbo7RSe9+UVJht1o5pr96fP31118Nmyot2jNu6gFJVETXxqo4l9qUYTbci/zm6ZuqGD5UmhJN+xnDMwRAguQ6F0yXp4DFns4U4ypb/2l2DDvGRp3J4dPcsvL2ciWqpIsr6K/WlashashACk0cmGMcPpCLwJxjQLMohpm+BWc9HmO4Bfh4DHfh8epTLQtm/uGry4cPx/WM2xlT4eWRGWGkwVT6teaIM6tCL3IWYAwlh0zXk5lzgIzsRUcl3fnq4RK51P/2lNidng3zMf2OKoqGUZV7m5Sqj4aeNI2aiGyYc3ubsWGAcDP3KViBbrFiHHPYuJ2nQByIBwJ1ycVN4tpdlU7XXV7fdUNwsD64YAf12AVkZayg27c//d7z8zvdSN2nwCAf1vtIvD3WUjRX76mDVe0QpH1LCz06Q92Mwwc1U3FfrWWREZFi17Xk1Wxejqwcc2Cbc5yZALMiV7+YJFh0l/c0teh8fP3q1ZsPf+Oz7//W7/xgDFbG9el2Xm9juL6R2zr/8B/+gy/fvr2+XDXWGnsfJEb6hoTv7xN63VNw2NTPSWcFi73RLtStGybLzGbIbL5nmzqJvKaA4mKVct31ljRJ3Wg9folRRpkk7pWEJs6dMKSusyp7XdttChvwK2wHq+yRNAQGV6foEnLzaJl4higwt9ttYJSOeaU2j50DJVqWvDNgNF4eH85z9Z+v/ZmmD5Bk7tp6OS7f++6vPz29y6rG2AFAiCA/+uhbf/2zv5x+aPxX5fLhccZ3v/cb3/nud3/+07+w8aieOTd7mzRFL6EXiagUJsRYUYhzJdqXQyUMgvTkdaieQIVXXb9PV7Nlu5zmCq1q5uWIva1j9wRtbauh36XoRRG11qqs1x++ubx6PK9Xmq21AMzj0HR5u93MLIT1yvEBNY5BIqJBurYnyR5VKjN3wC3Nyhp9LOS8zDdvPni5vrh5lvr13gMc89J5LkYFltAp/wwzzxVrLb29a4U4CVX4R3/0T27X57df/lIvYWqcKxg53EMfB5o2GxAz0syO4xKx7hOsbDzuSxZzvxzzep6//Td/97bW8/NbGzNXuHs1olb6Dbo0CDRNSRyABNWjCrzNbJdJ9hTX8xyJ7QuhQtTvSgmPFlevcb6Hhwd3P89lTrmy3pFRkto+Yu8B6v5eGddtEZxjoux63oyesTJwHHPOS1RW5/G6vpB+FGpyNSF3Z3F3o+0GsYumOvssGm24j6GsbuvMR61Zer3V6wz2rpfkpv8YN4DXz4XQGAwiE+s8VUaLXOfSiKJQKslwu9ME3Px2W3fEc+++dQmWyhXQjlMZAQNgEdU6q41axVohp3+VAEUGirVY3VXrO+7dKkrZzDZsvVznfJjHsWKJtDZ8CtEpkQ0oSX1urUD1Xl460Ujsc9YlSJ2jzkS/a4WCHGZkfEkAdJnD6p+dNq2fOhEoY40x9dbJe6ppi4L3oEFCFO3G7ypLUJoYQTBoGQvZHwP7X+yCPsZ4eHh9xo133jWp74huBLUN//yLnxNoig55XB4KzIpvnr/hVh9puDZ3JGt/w2y6KbClDsZxuRxDqDBSS3MpgEswjO13zQaIihR0CmDlej/WKSiQNo8BoCJ9GFm362L/+jZY0WuagGWuyHbod2yMlJmEokepluU+mjfmr3Y+iqDPYWax0go032UUVaH6viKgJE1EVqBaPYzqbDuZhFjbc5e+BRpCciO9ZVHHq4fj4VBCjqLQSGhcj4z9FRJFZX20g+ddutenD3wPBVAMeYprjL5aM5L0FevLL355OQ7xCOjykTdZjXPjSsd0fWo3jzgFxilPwUnKZLtBMGsbQjFpRX2GgfBGVVJhoGY21LJHOs2JTvTMzIy18nKZ7n67rev1pAAOArTi+15S7/hwZUKHG1HlflSEJ4YN5YGZObKG+xgyW9T8Vc/XM1e8ejxQdb3247U9lkWup+tLgWaj3d6qXZv0zkQE3QFbLeOs1Mu+JKEWGNpzZ0RuiW/RlOea6+xgQTazA90httwiAZo1+vk+BgrW86AwINEuWMqw64Z9285oSJ8+a6t9QMx5uCkpe39v3A+0e3oxSxv5YmuKIHgCVcK28d42hz3XqUnUEhf18vJcGYRXL8dUSbdgYKdNVTIZpJWRzWp/f9P0Ql2e3V3oUQndMs0F6olYQg4zsxQCKEk62oemQuuguUed/lVsghrUdZmoXrxdzzeffPrf/4//7f/w3/03n3/+y3//b//dnL5qqb0dNgv82Ze/vF6v049Uzd3O/Zu724z/9woANtHKoXXm4ByzWovZRnsdo1bwMfYEEdILsBF0pTaLyyl2e4/+DkPWmFOX4a9U/i1C7l2PehFLYM5DerNC5ftgNQAtlt8zFh1eIGTl5m60MihzwvaLWQ1X0kB9jHWe7PdKZBj0hqblDqxErPO6FjrLRn1JT09sczfBS1xxXtep47tnTnU6llk//cmf2nzYWufdfEeOeXz51Reff/GzOY4qa4Zu9SdIvcNdb42Q4YbifgxERRlte+L1IA5s6YXZWsGml/ShqsLD48P16aU7bZC0Mjy+fjzPqAwtyTvtBZQcXJ591cGuTlpGlFuh1u3clrSATFS6tSWHv3r96nbeSI0j4sAIK+0yoS6muyf9dcCW7RcJc79ez6enpyGn/CwRGKROpttaSwNJBbKC3l6lFZ1yHIVimbv+DR/+47/40buvv3BaSOSrRII9S72f3EkTwwci/FREZiyRzaxowwGLFQnR+guJta6/+du/+3K9Pr/7xob06NpWptGOcVBxJ92qYY8TJKt6YafJFk3QR+K9Y5VOD495cfPEDnNjIxD3IluZMKwV6zx1CbdzaVPUsFu3nuIpek8TThQKkWN6Vrj5GA5aRaoo3a7PsD16FBoh+pVtQA+RjfPZsFF1V3aJdLvVQcaKzKjItOkff/zxu6en/oMa5OutsCrimIeEXPpLIvPh9ePKqLVoPo6RmRkhfEvkEZrlWioAptHCtmCioOKmxhcgix1oSAKdwsKeAbuBMXHhhCKTbR2hCwf+fnIA0DcFxPPtD117ne0m0k4RkflHf/hHn3/5xfX5OWoR5TYor4+9adE9qqw0fYP7gmRv9nujVfdjpX9f+zyd0DFcea3KYCq0CwyhE77YVcQ2TUZXtpMWGSoOtUGHh+Ni7rfzqhvvPuoV2nwae4DaOHHfy/K1ELBmrMvloQzX64s4rNDtt+k0emxuzjLCNcmUwc3WuVoJ+B54YZYWGwiF2O0/h7qYUUiICHbGkrJc4mMzHpdLlcoLSfM51c2gqo0HMuOMMWZ/mQtw3m0zhPc3T1gU52qZW4Z8L1rlR1mcbZRYw4qYAFlZcj6GrMl5zDEvIyMzag5P1HE5tMEbc0REAzd7NAxUrtDBaxYTenspPyVzf3z9eDvPLIAYw6p3ABYZpJmxkitqTAe5bktjSPZwTndn2zupYWpzhXWLPle14VSXH8RdSVUkEVWy2BEsuidJ9v6BWQWygAylW1ezC7OGj3LrRbpJqlzy0RZjStQ8nccxDsGK1E+lRt20+O+7FQVmTwkGTjdjHXM08iLw1MydVYgUV7PnaXGcHo+HrLrFOXxOyTtQ5hg+5pgZ8duffPLpq8evX56PMfsVK8hurmmrQCrZwFxZXYTr2lGlnLQVkQW9wOjWv70/CZi50auwQuw0NSJ6pLTdDKkMZ6mca//S43guFV27X05mRmd0H9a285DGePdwomCoK9pAcKHg0lxFtrDASnZMQoEb+2sEqjLiXKd3BVG97bGXaNxT50pE+C59e7/W1Qbc2eb3zrbPm+tMmjbq+zRiTwotIiKqRM6+/4LtaJcClOTdW4Z7cRMJCXbHklZ2q8gyWaW1U4jomu4orNVuJRVhxtvL+XBc6MwqxQc2Q1DbXLG+zNxsTn/9+vXHn3z4/O76wz/+4V/95K9fnl/O2zWyzEdGTZ/rjPbhQ5u097Urr6ph75e2sScYwAoODliZLk7Y5eGoSnPX9aDuqKq2K1yHxCBbyiBRIKqQxWHqwi+vHh9fvxa43M4PDTxpIrGe1rt+6hHJGTkBpUKQfbOVKZTcrPYgyEKyPv74w+v1haAEkEDJIgqbGaaGF7uNr12wxSqT5ocQQ7THkm9951s0nreT90G8EcLGjNFfEA1M0Qd7xalfUsGjzYeIKJmFw1IqWPSr5GbH8bDOW9OyBY1Xg7IN8AvuIG2Y66GbVjG926mI7MQH1MrH1w/Dx/lyvetiCMvIyjweHwja8IyqDA6vlbfbTW6GBouI8TC1lG/igxrpjFQngAIdtdZtXY5LbiARsMxz44Csyjdv3pzn+R4T3jvpbhHMjC41ob5xXWNKdgJQSL1Ydk8Y2lIhveNyZxcLpzc4ZgYmFBoC2tCWJM+wvl/GOm+xTh/T9lnVCXHdBK2cpvvo4MBKc9MUdFxmCOLqNY4lyodp6+JGH/5XP/nx9embV5fHyIwox46wSIwxVkYowmIPsbr+SJpRjYXRK8V/k3YDBLZLbjrlA7jt5/s/mZVVafDWCeicyKsxqxkgG4wzadK2v40k734MyTBEA4iKuIkN6fLV1lGEKemps+f6ldfg0W+w9fgrp7C2EIK5+/DmlVcVtFEUdOHnebudN2QNn4kkFBlegJoTzjlzrc7lFVez6tNvf2v4eHl652NeHh+qTaYZK2i+BUtwc2VhSsuFRGVZe+rZOIZpYH5PYG2/EnWtQqd6JszUto2kwQVIF0r/gg6U7kkTjwcYw90MWTu+i93eoWg85phj/MZ3f/PHP/lzFYc9jWREEMWihgEp/MX5dh8qkplpg3OOjU30UIhdVQGZE7YrucHPFWYbKRAH3Wyt89XD5ay8r2CtVd5GIphvXr1ekXK4EktAmyu5VfSdDWZl0/RJkqu2hEafiiZ7EW8kDAA7/8EH4QbAZBxWAPf/LM2nCoss8dUjOowCVWRViLuSiV2N5byYVbAhLmwxqytWiR1HytEhooDh87zdsmqtJdy+gymGoyrBjz/9tCCjY4Ish5sSZphIswFnREhyriuDXZ3K6WVYsYYP0pJlVPoYrGOveuxMMTaz3L2hOzJWsGBzuHmcsc42FJPVeQ85vGeH0ukyc+li62YmIhkjc52rIt1ULkA6e30nQqkwBQPrdr3NMdxdzPHL8aD7TziGBCguQ3r07hx7Agatsr1/NAvt8b7R5a5KjVx4X2eQsRRRyKw5fB5jHoIDbIzxzfPzv/in/+XHH3zyJz/688tx8faBaSiz9n+M3r0kuoyQHHeHdacI2FLQiRI8wSGXXrYFtKAHvQqiDDS2AEwfqDK3Dz/4YOXKrNeXxw8f35xxrSozQ5RxsOq3PvnEgc+/+UbErtasAyTm4KrM1CIiowjYNDF8giIpgywYeHFX0qiT03zQfWcEZeboZIYsgad7MypcJorg3eGjCrBhobBZ0f/NHl9dEpWhXkS7687vkxRN8iRv51MBg0WgpLNSD62Gu1IJCUarLB/Hr337u++e3uX2FhUbM2M1qZBqDO/qU3X+7D8T9xVsN/0Etw14swb7Jqosqle3rXiU10qRzCpVsGoBqiA2bGgC3J+jpFzqQdaYulka95UsIbPel9usyuRsUrvt5ZoNW7fYig6KUIP9dphZsWz4m9evi1y3s0FAQMKDfqgEqmKFmx1z/OjP/vx//9/+1fXl5eX5m5eX56xymxlKSICZrww53LDxZBhgbsjKDWKraS9WO+mAjrZ7YHWTzNyGY2yd6CZi5XvyAe9AdZPI942NQuX3P/vBP/+v/us/+f/+w/X5aQO37EqRIqXfTylRUMOR0WtWXZjDRpUOJkgzLT33MfJhNuft+qLPs4m3fXRAinwqyE+e4vOY/dE1vtlYccoQU7yjSpTV7eVaKyFHPhhJLSNEsnQbsnYx0Ief5yksx2gJRLYJqiA3M6N5RIpQsKsQfIzLw2WtU+BHRVXvvdtZck+bMDTtNaO7BJ9TKa6dMKHlvIFgZKj1j45kBmnjGLfzlrGolauW7OhkPrr6zPjkW9+OzPN2dXOpoiM0hbuPsdbSD11EIdTV9+Snc4qqgpPPL8/t21ntFlqVPhxFNxtz3q436YIy7rpUViQSMmirzGrcNhMainTaPJFQXJEgbCONw3je1uOrx9/57b/5s1/8tbbekdm8QlRkZUUZUcxMd3cfDZJ0cA+NTDI7HreAHO4i6I95oKXGBDb5j773jImk+8jgGcvdUVt3h4IxkB1Y1bmT4m72va1XY62TIFrxwFihtOnKmnPSFI6Y67bE8hcZOqpYcBsR4XPQLGWfKu+CxJxDyGnfjVFuM7cJmxUi65Nvffrm9Qdv334tuwDriCs3Q2SokZc6XJhrRpq5DSEG/VgauBNVS+ThKratuDY8rqWetL6bZSbNCeeYay329pkG2cJUq3irHi4XgOftdsyDxrdff3WeL2McyFrnGbdltHMtkvM4KtT9SEA2IxRRJ1015nFkVkZGZKw8LnP7JPQ86cOtCbAjKioxjsEtABWe6D4UpUxizOHjSISir8wsl3Je1MrI0Jb3CqzDOcao5I/+/M/M2SQfgoRGzTFGgVFBMFf5MD3SLuzdFiMrMmuDHhuoAjNymMOgLAsjrreTxlevHrrqUtc3s/Dd7/767VzneQP0oVlVOiPnuv2Lf/rPf/7LL9+++5ri9SVkNCRfwrWW3W3egJJh0fYvEVjjY9Tm8AoEkaRh2+y16Jh5j5Fgk3r0WmpW2T5xu93PvdDaTWXBzI7LdB9PT+/GNNPSsisT5BaaWeuMOV17QJDDzN0jEoC7C0Gz0ax7YQE0YflYK2zY5fGg+/Xdi7mDvpYGTpqTVUbPJRFdF6Bk/tZvfP/tu7dVuPOotw4OVYzAmK6RowoR4e4Zcs7MSut0wqxx8SgkanA4GXszBha7bOPhuNA8MnQ1JBGZroHPmqXerTarVpZIEGRu8IluqJzTr+f6vd/7/V/79vd+8fnP55grzsglhR+MmcwICuGVrKGBS7Y3au5GxLq/2cAfevfYWEA9Pj4cl+M8T6DTi8fhscJsZFYUjHh4fPjhX/z4L3/6k4fjok7OzNSLpVbHjcTpOw/FUuu/c/NYYdNjW9FoWmJBoc50i0SsVN55InUMb+dp5rnnUacTHDYIrLXOdRI2zRKRGbXK4UYM4zD/+duvvny+iuBuxBjOJgogwVvWqnQz0NaC04UqFEwLfybdeHGbw9TIT+8ASPZzzEqYTzdbufIOTRvdmBmlmNdu3yQMMLTGRbIiCJaV7XxvSMxWJO9YAJvAUbDmiRFsyKPhFalX1FbSvWeQqqx4enluLdZee/f2Dp0zC50DbmqNPq23QENLS/T/B8B5OIExRsEyQqufxvjv+i7FKYp07Jb9dcpBEewrWIPDNuam9AuswjArYvRH3SI4ByAv+/32NFLLy8Ph5rFWxinLLfe5zmV0c5MnjfBmTjcfklEVa621buegm93pTSiW22YFowD6dBBfffH17eV2u728PD/fbidpuf10zPv61WpEKXg9fgxlKXAvLxoYb3wd5RyHyVqodqNfyESvRGTgfae4aL2iB7N/uScxFZTmL6+f/PVP337xy4wqFCKokNRdYoT2CnAQR6q/x46WItPcPSuRacMpzmYVzQRMxqrr0ztqVG5XEg1rDdrfT4yGDaCGuxLRe/TItDl/73d+5xe//FxO24iK1Ql5VFZuo9FssojZOmMeLm+b6AgkODtxWg2tu2s+HHMOs1B2ktHMxpxArXPdrrcqXI5ZIVytaJxzbh/uYqcX3aGMrlzm2pbG9t/r1U5FrrV2tTWf03wIgl3nUlsgywBJ46SykHjF3d89fROx5jjUssDk06faV637yVbV9+2L7HnWHTA6xjBxmkTaGdN9mLZouRKGWHF5fKhKxevo0s3MOY47EThlE0E0OY50BYtUmkOiFDMHU3gbgDHHy3l9+/YtenWQJqy2Yl7mmC62HKoqytwiws2cXpXtdyRspho5Iyn+SmXFeWp65xYE92aq6uHhEEtKDXonuWgsG6PdeXWHF81dI6nQKXMbD5dznSSboC+C8BwymfXRPgYb5KiycjeWRURWOV1MAoKPjw8+LaRmuBOtyOoxGKuSBsUDdByHsYpnnC/XKyTjUyNp3v8A2GEr2U1hEwV0YJGlzHPX+n/4oImMkYNDazwK6gEJvHrzqIEMgF4pszGHl5gbhBmddlwumRkRw6WSrThbcJIV2sINn3ewW2tiCXbrDPNZVbIu1XXSu7VsVJVgRPpG/uWViH7IshRr2ffuWKpSfMheA2ZtJi1QhZDKc4zry4tE3nvhkLZZIr3CViQkCqhcecwDsO3aoqUf/RhInCs+/ODN4+uHl+drlwD0TQenu18ejohgwnw0VZ0UfEvwuAwCyhknm/1kbtHBVuhxxuyLt1+suD2MBykB2nM2k+5jjn//p3/y9PJu+iRtxQmTjbsgBjczaMmJOAAAIABJREFUGEKfymBuD4+XTrszYynmT7bIRZaA84eHhyxkZhmEZcAMRK6Udcn+jaiq3odQMjuRhZq/sEWHIt0CrGl2rts//E//7hdfvz3P07ZlDbyTrR/ePGaVfHK1WygxZgE3f7g8mFmuQBPas6KO6dfna0XOMbWABZnnrWOrM0XmNiNTwfaF8nkZ0mGjAMOYl5endxCBr0u2gdXNc3Eebjs499Xr12PYebv2VejS1msqa6agENUNYmh1lCw3PUm1hkYZErSLcVQITTOsc+mibI4He7PfOplowfR5nt/77q9/9v0f/Mf/+Mc+poz9TPcsYDv0PbPMho8Rao/Ug3aGusoIQMhqpucebDsw0TTcsiB/Sx3VLJzXcxzTjxlnmNHNaoXT1VRYy5GJgA54lQKMdCvp4q9pQ+LxpAIOoDuiqeJsE4huLeTTWVU7bAqFJBJpbkanvH3chMGLuVARiAQwzC5ugyWvuTGOSuqATLOLz8pwG5fLcb0FaMEVWTAfPglYpZ6HFpeOepzOCl2ubjTaEG00U6hfwQJ1Ln2b23WmS1YBXJDdDKvama2E/Rkr02Tos0KsIEDrDt6/IiCyYGYFRpTeFzXquR3YatOO5LBZS7AeZeZc1RtCqkXotTF+9e8QVrDXR73I3IBJN5tk20pSyY2/wlVUO8l7a2lWAISiuiGxQuFCpV8vrRtJiNNxhx02w9W3WafQ4sygo4poulQ3vzqTABK1bifdf+0734ld9s29f7yeaYyGMcY61xgKECQBK5dIo6LDIhNBOfIaCRtzVOLp3Tcoi4jzdssIdimUMSjUYTaCuBenhKB80VbbLk3QD7GffsHdp5qYy8PF/MhcVZ32vL+evl3R6zAhWnvB249VlOUi4ebXp5evv/wyot9mVi9aMgJudXd/AH1YuzugCqyiuY0xeqFnWaT7MLeMUoxZtQa8eozowaTFRRnQhq4lHuyN1TEPoJSaprM2fGbk8/lynqfboEnR2COi2jpWp3LKD1ES+MzIYEYdh3wRenmkDbk5fczKXOuMcwm/lgEfjSXLzj7RPK/nvIzjYQpvyIiIzJB8tkXAJIqJPQWTiFgownulg/7UopWDtIoCGBEZS/dE71z0VVaRyF6CNb+ZkslVlXYu1bwF9iha8oEyM2xerxqwKrpbnFEr9xiu/eNuubbXuCyfP/jow+M4nt89+5iopPFyOcwtztX0C4GWQuW1igKyMmvpQhTwLxZsVBqp/G+pb3Ww1HgDNi8X0mKt+XAQmmrMh8damcJSVendW2W1iY7WpG09XtLcXYi+bqkEPv72t+K8xRkcw92km4zzjIzLw1FVsRa7TPics1qDzsj45NvfOY7L8zffiBwuoZMRx7iszA+//bG29nPM6+3Kls4TRVglEsU5J+nq8FasiJA7RDOR6URW0TuyAKCsDKqyVxJ0z0KeMd06gcX9eLgkMjKQDX40eoEeSFqV4czUcly+GxAXLjNMNhbmUWXDIRFtwQ8/z1OpjdZuFVGFjKgGmqTg6C/dD8/KDAEXpYWSTdFgClTfblDFZ++pjSZmFKEedXiDHUV9g5EIuFPYXjbNrKf9MVqSW31LNboOiXF0W2kS6MuqLSDWuR5ev3r1+oOXl280WxZAt6w0+jyGNlFG+mi0xMfc0BNEsD5vNwX6nhF0xlprLdcmJ6Ge/fJwnGvFyl37UFDAJUkclwOFiAhVQr2OzqqKFZElKpdu2AxxvTqDSbvx/jwkktJiZQR6CyfUZ/PYthWItQeIj2Oc54mklDmVUDG/3sKG0+12PW/nrfNhKDWTawCmmVgiWTnGpLM9rQmifMw7VqffWN096zCYG1F4OW/f/e53n56ery8vx5x6RtV5VnVcxuVyOc/bOoP9mxsBsWkRK3MJjbLp2U6fmPA5PStIJrhWGuDD5fDbt08VrGywooC6vHqQCNXcWXx6/saEOLA5jbSi3A4FM5ERqdMOVkbFSrM775kC5isjs6bPecx1nkVU9hrVpKYvVEVGCTXQg9m8FnlvwH0MtefiW4CpsMskjSIoy67tchx//fOf/umf/XDOmRXuTvB2PdttOfOOGaARNyFZMDefiuOQYlZXDXvwEf6gNnSBZmtlrMWyLFweLxqI3YePAWouZTu8ALnfwL21a8IGUDqH3jJin+6JwvFQtCoYhx46SeWCyrOK2J1Rq4w3p8VG96okaZFZVd2utbm5NpZd+6aNYzobIDOaJXHLdUpv7hx7HZERZwlgYCbnNp0Zw3VTD7fpvBzubllYuS/44VWMKppFVdR7zjRM2/kQSDrn8OGrim65BC2zq0QjXbUbAHcxpZozr3fO2oBRaI16IWEm/RAoLx2Rw51DDZ4Mr+8Tu48hrIgtwSpFnuhP3yoijW0iSDQ1RYC93Q8Vu29BSxo2liwuksklKy+XxxAtZwuLwB0eIjWbt8NNKUJRjh5gp69WgXa9nb/2nW9/9v3v/+xnP/d5gDRrqNHMfkWaavp25GuHImgvzy+hpZo150rVgW6VjFg082HCqwlR4nW19D9JszKNcPMyV2Zlmnzz3BJyYco3b17T8fL0oq6vx36CZAh2r5KemRsY6g+9QWT1gx0EZj6Oy0MKkGnf00YvSk8ODdDqtLP/2Ykae63TNbXnAiWMKCSrN4D6KN1eHodU4bU15E3PlWQkNtqsoIlM2f+VxA2oksALjafpTSS4P/y+uZsMI06c7INahk4ze3l+HmMApZTTvXRu4aQGm8xsHVl7qIijmTDa8HWm+6TJNthFmc+qNm0vveSiUmB7zOiEJ1rGked1CVFA/8yAW65QnVMKSb8nkT5k5iAzRBThQ7xP2BipNyDizUcfDAVMsE+bvjffExn6Hoe+a+GIklOrLoAbAsVmHDmZWnK5MMcxx8PlUQJcGo2IlRw0szyzE7WwwSrg+en5vJ7zmCUYK2LMSyUEvPXcm1vHrIFTqjM2tKS9vN4tM30mVIr4nnJtvxxzjCMiVqx1O0Gq7BJKEGsrCtPxppH0HtlLQIgG3CqVEr1HxAb/ZZ///PROlh+5t3FqKI0mn2SVjH0TUxJkdbrP16enb94NGybFqjmRPn2Oea7zf/5f/tfPPvvs//w//hVlcdO6RktGRJAw2piXeUwtN7h9zt1M13+sc14eLg+X23mTGrvrTaGqiUzCUobbioW22dGctqyq7pwlWUtrJcU7V9jNvL0hq2wON+ZS5i8J+BwFmtkwR2p7tpBQ5o5166zq2a6T/Xw7IoqV6B4L0JhQwDymNhI9bYqrjdowN1OLXajoJ8FYyw+niB1ErhDPB6CynPQFixTt3vXKjHKp0pIBLNtlUFW9ugcpd9MMPA5/fHj19PTOBKcOK0iyxzmPUMKlkWBGpHFFxJmuVi3C5njzwQcgFBxekesMmYZIoevDfI6W5FSZmXyAcqswqirOqAIS4ns0N3xXw/5hrA3TNZy7edQ6z8XivEwj5xjV7redaTDcxphrhYqAufUe8L3AH5V1u14dmsGWz2lm85i2o3/Rs6SbWREu4G1XRE2Pc47jOMQSbm2C+lEyVzs323upYBcwEFlZiWP4j//qJ9fb88O8HMc8V+/DrHB5uLw8X2+3W2YOH+YWidJmOHrBqQtYy+ragUqKQYzEktrEnW4SKuhqGaM1mjKdjKrQpL290mU3VLq8DS66Z7ZJNodMxEsrzaqWJoss6+7ScwCp3bS7f/TBR8/XKwg3ZtVxzCo8Pj6uczUX6H7J0bKgGCZ3qwBZEUuQaWaeEZ989OGr1x9cn17c5YQMbv9owtzHy+2WGkiAKHzw0YdmdrtebXh3dbLca1sFbVBDl2ZbP/ccY9wjHPT7hByjbHgWbdrj46uX242dx8eX6+19h9FJ8PtA9OnrjnXItQbl5j1aEk/X57/5B//g40+/89Of/PnDIQgGGxik2AfDnWjWhW3mg7C9yHq4PArqMjngFORy6maZURmjcWCiSnMGwCQW8uxg+SrjijWIybHOMDcpdKowwAcXABEZJYnREFLdRABWQAwhxV0H0LcnQElkmg9Ggj5c48nl8vB8u6mHEfNM5xnNxxOwV3oZ1SFunF30rfYGBnbvq3cVzfURmqblCVu43+URTSZhtSUpXICxE0gqlmSTURrtv+PNRSCtGzbR7/svZTPnuqkWRNndPGj0y+OjMKo+ZBvElixQrseyH+xW0+xOlhZvxMzHOFacv/ji8zEGC7GyveAA6XyykqVGtkNIbRjA6+3G5DEPKKO3kYEieTkOmM++Jde5zstxNJsAYttKpY47zWoc4zjmup5sGWRFhCvXNrIo8dLpc6gOZ1RGDB/qkzvxRDhsVcMZ3b9suL3KbYyKrIxYuc4XmvdTV6+r74R136w1iogkFEK0Nwvb3UdI4b1lqmgjR0Fm6nr71jKss5xU3RzjqE3c1CkQ4yC7lSZqY/T6SYjM8uEPjw+5AW3b4qO63w5dCCti6Xy3V0P2JBorulTq14DIiCWy+Nznaf9ZcvCSvNLcaUhkhvwE1CorpFatnpnF6sTfnmXR5DkCyqdE2wHdFfyN2sp9r5tfpSRlf/GViUqJVWBtMaGrFdqCkTbcnbfbzX2YybQRwlG479xmQwJ7dmJV5yTIlGmtuAM3GfXhRx8ec16v18iQFYCKYCGdJgSLZq/fvB5zZiyTOYNewkoUj+PIKh89RGktoIyV++1wH896sLRNdTGTTo5sNnT1cFm4WyIDAI/Lg7ldr+1H5GbnGVu8jeaBlb7PtoCtkIJDIR3mPkKZ5veEBaAiSaDJi3Raq05rm4Lv9Yj4lGZGpJGpwaM247Bg5pSXkJBsALB1LjM75vjjP/njf/P//GsDjR6RPVvdfQyapBRrnVWqlSUhjdGz8jc/++zt22++853vPr569dXnPxvHhWZMmnlVZQSN02dmxX0iBV0Jm7CMgu5R7BFTPAk9bkkrV0p9i0KEnLm1T6dPZjJWIEFUB6bKnCeS2z5CtWBjTqaxdV/AkhOUmwks1S0/hhcQZ8hXWHyGHhB1NVaZjKndIP4NK2Hf/va3zli3p2eSNFSGUEhhz8JvQq9Gaux06GIqDJqR3hvCvn1QoliLgN4KzpXr3ddv3Vx+TeYWq9l3Qmb1ODMl6BeLQ1zblvh//PHHT88vLy+3IQchXV3VW01pVM7r1WhbSNf3YaM0QES2eHDbTvVV2jFcaDYlS7VCr5GacTkaRMhXqQBFOnKOabQ5ZptfSdC/CTkCcdzb5R1kRr7+4M3HH3701ZdfZ6TCmyqJTLiRMENG5opqgwcp7vripjFXVgTgFIOjJHhPsNq7A43uCf9HwuBuslUxEOeKiLpdb7Qe3KR9EjrbhiSSxEEc0i4dWfpcbcrRYCOd+hN0+OO9X6duGPX6hbRBm2O4rTP66nxPfNfUolJRNmYBtpsS3foNnAEorggbdplHg5p3EC7y5foC1u16vYyDwDpXRH322W88v7xcX27cY+f+gEXA6cM9qic62WWrsETl8/M7gjasInBXNLoVU2PP8GHAPI7HVw+384ZG9DSum5kDm5mgebPYNJU9SvUlToo5WBowGq3ragzUeZ7MMnNzmIKZxDTstVl3lthXgN3rFxqVvjw8nivXioy8PDz85C//7KsvfvbBcTCpzJw+9lsnpvUCK48xyIqovUVEVX77409fHQ/vnr6ZcxKoyDGGrK4FJQ1zmk1z0OUvsRJL1ktVMBs+CwZymr+6XJAlCXlmDdpBe3C9D0na4f7RZRxWyIxEVB3DB2FeClX04SLQ6WUsg8ysbtnG5iKSZdXL7Xooz5TdGLQ1BWm0bDs5Q2Ob/S6I+7bXNOyNPpptVnsAyCp3BvPheKwGCgp3xKbRdqlkswnt7QJIiHvf1AloPYGNLzfDY0v9x7Dar30R0pdrzjBzsPAr3qDXl5d+I/dPpkOj7kbFPyN0MXM3AVVos/oShZoAO9Uxw13hSPHhhx9cb3JMKIPXprsVi8Z2k1PnWrK4VeXe7Av37//gb/gxXp6ehvvteh17fq0mXCCzk7N9jMq6vTyrAQA5jyNWNh23sqput1NuPbrHRTJ38SZQbq3piApWGaRLhbqNXgITLhOSOaeYfPsFK0qttalAWv9yB3fVdnhQ2XLrFZLI35AVGqgJtuSfDpjrRtpTF/Zm3+04HipbLCtTKTrQW3Kx2tvDWDdrAZBDk7DVFdW+bNlIIoleELMqy7aI02yMWaiM6iANbBjYWBFVsnirrDLzXkRsbmLPwFlmdPrt+vLJpx+/PL+MOccxQkSupkKNzBB9z4DjMtrFSBpYYPctiSZLt9Vnz/Fm5ZmVh08fY0XQ1eTTbSykz7EyLsdR7fJbCD17BanivN1u15uiYfUi1i6T1sjbZv1U9oJ4vyiZCUO2fLn3B3IbuL68cMzf+sFnX3z+OW2S+hEYyt/urr2en56M3kRNjY5NVqqITFRFbt9rOy6zTTn10d7f7wwpSsEhhw1ZA9BJ+HCfI2XLjTYyIVmBzDjPxRaWbia9aKJmvXFtLW+JArcvdMm1jWaR2V96Mx0Bbe7ZPng2LCPXWr2NEf+fpMmKxG5xs+FR4ZwqtwLXNp6loatxFxKsdtN+fvfufD5DtF19eDMCCirvvSe5nQkatLNhLJwrfMyK/OqrL9+9e8s5tXcC2EUf9OnuI6u2+UbfokLIknh89Xi9PY15ybWwDSIlzID4ISTd3L2o4KKqStCVrCnMTMYQQvSLHMc0d0Gn97Lsg5KN2rDXr1/LoyxFhyWnD+5KoyWo1PA6ot6tBqBV/nZ8a8EHhNtZVV1vL2ud02f1G0d3uQNXp9dM5fMYUFLta7YZHEWLWmgMTOBwGc2wm0JdNt1XGMiV624nKim2DZ7rHEO9Oc1codIbZIEGwXfP31Tm9JkovXtyNakUIaqQ5TbAfPXmlRYhwL7nAB9GM/l/sgdQAQ4cY1BPpgpMa78EZJDeVUc+GmulD99OMr2lT9TL9aZJGdX+VJR5kboGtqKuGYWZ3zy9HfThvtYZAWerSwsVmRvus6rKFXS5D5C0tdo/IAEbGkf7qjBzUjN70boam0ERlj6stnYLRekNGuEoFGrOQePxcAAUFU1rXne/XI5qRsx7GNPNUC5KSaxUmSmUs7naGp30AMYUzN/Z5/rxNgpVVSUhtTb4RnO3WNlYNEBYm+abaYuLvX9tsaM3yKqjdVvr93/3b3/9/K4i3e1c5/PL87qd5l671Nq2Hxnmwo9D8oz937s7yQxU9JvSNpDGzKDtVSlsHhNZ57mq4vp8BdLoGSgqTECO1SWrrjIkEmbtrmdW2mE3nEzZQnQ70eQ6/TLNaDYo1lYqWQ+QM5Kwmm1/rFdORYmN6nNOf3z1wfX6oqoYgVfHw6RHwgzutoVJcNBtJOrVq9evH1/fXl6GOcCFbGU56cOfn59eri/DxpxDNXAYFZUn9YTvVrIqfQyQ58qzEIisoo3BESkglMjU8tWB6W6s2RxcXMYxihfUh8PMPOggz1jInEOBfQayQt8ty7BKL4UVre63lC5Ow8r18HD59KNPfvn1l4CDZWZNJCNAq2p5wK5gBEyIvTqBngV0xTRrSC++wZlVx3j4o3/0T/7iJ3++YpmN3WAYDZnwYYMeqaaTemH3PvM+C3sR1c5/7CmA6Bo7zNyLiIieIcWJJvsM3xlEvVAqrXB1Q5uo0lZN4q+Sk5eLaGRt4AZH19rSCJqUeUUVXW+kjD2PFYuQN2FH+Yqr3L5wEaWLTZ2xkzQlhLr7fPX4P/3Lf/ntX/vev/03/7ojOzaoJOilhEDJrtigdDA3o/k8plH6SKbGZiALESGWS7cuZns6UCRXFgvOOS+RC23MYGxRFkF6Ro45p8/b+ew+kwXUHMcY+rO69JqRcHXA77mJd+ik4SbtgqltCY0+PFNtLQVkK1WyssRVTRSNPqwK63a974JIIQBgApl+jKhwELAiICAWIJxNB5egSkMlucH6bqy1EtszFpARfa6b06NREpWx0YY+W97ibNLoQh21+ocwXeOrDx6v53m5XIaP68u1Z7miOzPyuFy+9a1Pv3n7Vr5L4sRjN+H7L+LGkbjb5KrIDz/68J/9s3/+wz/9YZzRVPwsgHGuivX3/u7f++bd2+fnF+NdMA76vaTS3KVwEuDdrNkenrvQQn8m1TJZv+cy+UrQ7XJc4nYmahxeicpwjjNul1ePLy8vRqutxarS8+/J0nK37+hbpAd84zwmW5tqGYWqeZnFrkvYVv6NIdV2A1HYW/8/2vDXrx+fn19q1c6Z6JZL+TVqfHReTF5MLTCwMUZmrlgOGkdm3bfUvM+EqAzBw37v1IEyc+8YFlTBSOU1YS9XqHIeKZz/9//W3//ii1/UWrRRCHPbLtjcxxObBkEbwxyxlpxqxVWQOlPe3mMMdQA+RPWxkpVEGZ0ZUVFmfn1+zhVjzJY5sp8czY45QUQsQUzW70rDqq7TPuzv/J2/99Of/qwyOcRi30P/Zv+JOKlAaybdTOuXtlU5l7nC+SCZsugkSmYo7XMF/YDZ+x36mC8vV2UvVe43mpTfEcHzPG34yuU+QCsmy+Tl59MBhFSPWmRXoMRBL2RpWwW8R5BySbeDBN0QIVpPR1rSaHRk3tb6g7/1B7cVT+++8TGzSk0RjRATzZo5UAWZw24IokGw83r93q//+m/95n/y07/8kR8XM8veiLAy6TbcVyTa8cYFQPRFWqioiJDu0PYq9Hg4btdVhQpSdF3mXnn3G5dCWSupEKhKRSPpPyjewZxmuKJJmwK9aoPVQnKQMPl9bLROx68RdgAFcxvTM9rXnrTaIfJuJpuyLjIy1Kok0ORobMPfRiB9/6W0YSqc1mrP/slwf/i8u+Cj2sDEfRqIOFdD7G4ZdV5vNgbg53kbPrB39HOM2+2UH7D2NOqRcyWKufEXXYWt8KvaP0oTx0W82YsXy1hGGDC8uQaapqx701LD1pws0e1G23eosEg1tM1FHZSzY9kYK9cf/qN//Jc//ent+vzRhx8Y/fryMoZrA2P7ghZ9T5e9DJqHD6NFpJxNoBG92Qeamglk95PFIocxM2RQobU2wWwqytZ6ATCAtiI/+PDj+fB4fXpHU04x5Rxt9AI1OMn1eKNO3XESNJeGrTfitkkpuCvEC+bKmtTAJuo0oOYg6+X2UiudQgzVr6FiaSw7fN6uZ6vMTL2GVWWss8wuD49nBqqGKeG1lKh4+FgrG+vspLDqeZQEKehEbpoBphp1Y4FRmchErIprxBmh4Tz1v6BWJWgfvX51oD58sMd5+eL5fD7FI4eAVTjXyluEJHAgA7WiEsioTPgYAsjFOYsqmJ2xbmeg7RzZ0yn25Ftio6WRPljtutPMalRfB2yPE+xzgp3FaYn40Y//DEz3IW4qaks+DYgCGRXvv+hCd+q6cHTI+vLZnynv+BgLjFgNGIGbcaqVqdDjbj+kgnFSnd19AdAApL4jFKrGGCCqYrdItp8DJN1OUR7cu6hVsRhZz89PyDS3KqC9VZtYlVnswCIx5ZpCryVpQsfJ/8Of/PBP/sO/r/N8uFxynQ0XmdEoiSVIGxIjRVlRFpGoRN2uN9nHZUIBrpqC5jEvD4+xTt17vXIAvSecMp8fvfno+eWdFn74Vdal0elHrCzWOC5VMDfRntCsyupiRjPK3kt2/nc+AID7FuM9eqK+OUOrG89MlcBSOG+oVirMsvYc3zBaE1Oqka2M9dkP/sanH3/6i1/81GwWmlwFo3hOaiaoEtYcsZ4kSBpk90sxKOQy2SSOSpgZbM5jo/LkUP6RbsaM0u+lm0Mslr79shI+7OnpuVZV5fPTC90eLg97ZyC8Np/evdvyfG0StgJEqIdTbtZNmzKLKjfS7PXr1x9//J2/+PGPqig5r4BeN6fj51/84na7zjG1+mD/0aK4wX3valAV4T5kay2mhF7mnuC6y3IQW0WqLxQZOX1k1TjGm48+uF6vW7Rjb7/6etows4ilwcYBc3MC0Vh+j9zc/UaqKa9cJT1lFsZ0H77OWLdT++h9QAVjNJWmml9bVWljiHUQGRXpNlRAtOSw4aLYDh809dAuRFMnVXBCov7h3//Hv/ji87Vu1hTG6uWF7sC+NGWY0H2sTmiK3q+slO7iDVGlANfebKX7LMTnX/wMEcd8lM6pStgumoFQ1LoW1Lxz1z0zU6oeowmfYxGRsa+NhgOLSfPMMPPaCL9tX5RERgXdtdYw2hjqKkT92aU+BWRxqcRU/uQnf0Hat77z6YpYZ+g8aMAmJWVJ2Y5dXl8Uuu5mtVLRPDLuoHp0tnWdaouPUZqO5JVUVSvcRyHXGdwKMtsqrgjlp8JoEecf/O3/7Hpb1+e3tMH7j5CoypX5re9878OPPvnmyy9suNkWsBBRaUbNtFCDeKf1VRX5+PrVy/PVjMNQDEAMbTidhpd13q7vHNa5W1QgbqvopO3JStAfXl20Y/XdFbvRfDxfn7/45S/ncehAV+YxpgaJjHS2+UFVVYZ2EtYxnGVmYxiFbDVxHrcVuXKMQz0IUDLDqA752spsmdaSFcmSYaKKou3FV0MpmWwhjaYvoTx9hSYblekxW9NeYjPsN4c4VtM1C6h9N6AwXMs23JMP906rD7+wGev2k2WYPsyUPIrMVOg7WJrxNAn3GKmXrinFKMnU6Wb29HTz7a+sh/Dw+EDrdPRqDXBF1RhHrLMJAAVWLzeE4QGwobV2ebPdDFnUzBSgvAF86KIxwIC9qEZEDTejr4hNg7BsJUyRHLZd8jSROStS36yh/HDpnjYmUvMY87j8v3/872Ldps+14lwnaXNOiCi653rRv/ceWwnz0MVrplW2Ll21fFJ3VDfkEP4C0koLE9uqP7b6406htjlqa1Fu63beBKhr/NC8JAmSaTj0YQ3+t5ZEHVOr4NRqG3ojvRu5ck1G+sHQbUIvAoxGmLk0ykC5lUFBmWLHYJrTGVU+XSPNGL7OE5XmBO3Nx9+Ks1CptC0UkHD6p29eG/h8vR1S23AvAAAgAElEQVRzmPWSx1x04A0fyYLRtQMMkCm8lg1Xp0Km3TMpKyEUfA9sB/hmgBlX1NtbFeFukato1xXPK5JcVWUmZ8/IRhOr2aHdXlBxswDM6X6eC2b9TDU6uIqymK69lpc413TdMFktFCJgxsr2piy0RU2xRJOOSONQ9vz7Rr5kgKYnqIqu36VblfeevzQqVENh/RzRZDLsnYL6J8JsR8lm51xSFVI4ZIGUr0NHIOtECutttbgsoyJCOntzP2+LZBXm5TBhDFmmxVQbBcGIy8ODGn9tRVVJ1S1kpo8x3BuAJwVt4L2rfpJ4++WXz2/fGXC7XQUZqolW5RSnVJsvXZcRZ26viIwwJ81U4UVSqAKUE5/BKuFNwp5KZQ8Wud49fz1tEJ617WTazILu86GqjmOSdbvetuPEAsDhkv50HTGYjeNyjDnO9f8z9Xa9tmVJdtAYEXOuvc/9yMyqrC53V1W73W1oaFvIgHhA2Hy0JUAWiCeExO/giXf+GeIBLIGMxGdjYyzbXV2ZlVU3773n7L3XjAgeRsyTlVK/dGXee87ea80ZMT7PpvTUJbLJJ6lIUYwUBWm99RkvTxdzO5fA3SrUvFz6wxMU0rhqiwJ7sTOajQ8fP3z8+IEcDZk32dAHg5huDWr9SHSUxTaS9PfUqSZGgU+lVq1hI3LZrmuB0E3IMK6cfOwvS7uQV6bpflJfcr8qRvLHX3/18vIs5raya+TMXDdZC6yM6pg8xsgOfGa9yqN1p5q9vLz8k3/8F4OISB/KAAZJH2YYGSERQlQAaTAB2VJfzMvhpqoylz6uspRG0D9GM/dCUUwDNJvPJVA2fKgZalVl3h93RPqw6FRFK2CtpaXPWp2JyDWuRyF7Zi1an3QWEfqgsmocx/Xpen885nVKVJdZPoYkUtwAKsGMhKFDFeXWYkfX/bBJ9fPHliJUxUqhovGa3z92tzHKbUSu+3rcb88ZrW/zjtvXv14gOJzkGJZVsurqKwCgnF29amPOt2/fPM4lQd6mcLTzGVZ2+n4tPbSZ4itr6w3kS/P+3dHsvA4HalASOckqdZroaQZWrC++/Orrr3/62++/cxt7HxGdo4Qj+b2KUAMOMoNmuylCdpQC+PbdWzgytMO4mRO21pmrejQQQ98m7BIHCppfpt5KbnR3HONyvcBrnSEVAtF1necKySLmnFW1VlzeXBJwp5GJliqOY/ZJlYmNYgKc8/jlr/4y8ua2M2H2wmPDkZxPT8+fP8R6KI/1PIPOy+VCVbMVfY6qyjNUwjQv16d31zPCXLl4PZKaKXBMM5F1N4hoTPww+feiqsWy7yXtpTF8Sv865wSkXBKnmj+ks1nroJqLo1fmcblSlR1GPepZNY6JzPPRzCrdAIXmiEXBHpuKhA/D7xixVDKdmWOOXkqk1gFoMuwmaUirCB9OY6xqFE52MBEpDWKIVyaN5iOiKF2PgW5Si6HaQGtmSCrjYSOAzWxoBdbRoD5DvXtjjoRSiVbjnfSMxc3n6rgcPho+1wjDpNuKZc4EY63hflyfhE10BFYVzdzH4xHn+Xjz9imzovLy9Oa4Xm+P23GZEttopMpCFThckFHuQ0bTzBgjC9G/Gtx77F7nkhi3GUjtM+S8THePDHdTv3bL6ayLdRXEvmKZq4S+tDLpy1MIw+tdVlASg2XUiiiEKiIzE9FhaOrszRUNqpWWjYaKfLiPqcsplnBlB3+Y2EhDWUt6KncfpCBkAJ07RKDATJh7kSpFQSl8V8k8Al8pmQqdww2gtLKdxSIVgD5bjQ2gAXMaaLoPQYwOB9AxaNXbaAtMRXqMMa7XY51ng1x0dFy9mJt5uV70aGcJT02myuYKzOf7nSmWUsSIDmBcLxcAEZuC22MWgBWhb5buMETmuRJOiZYhhV3LGmW+H0FUlRuRNceYYxC4uF2nn+D394CTA5FZwDzmPeseK4gAIjMyOTyyQ/O0ohWqFF7d5qhOMiwXo9hOS31QGknN6ne8qtxC5NqiUANlci1p1Rs8zIQ7ywoyJbOnbWzoQfM7m8o1s1p4/+7dUiesvmJlQgpA1tG1kyH6hHq1RLrJj2SSlnZYY8GtcyAA7Txxhs3hw/u0R0PJojlbmEAvVCx1FblPCbQBMJHzMu8vt1w156i2CPTyae5P12vFAjqFqYV+Mud4yy0VsDvmRFe7ogpj2uuFvtbZcVKjh5kVMa+X69ObtR5ZQKYPWV9S1xBJ7Q+947EPFiguOdbt5bO7V9nq2Ml2HRECG2n0Kuok7mKyTHVzeYXRsB5nVpYKR3OR5mNen65a8rKykGPOjFyx3C1XslUkvaXptZSMSgoSc1cEmU6MiERUe8mVaG6WJVACPahvvimzaDS3tZJmiB7v1joLSkCHeiWzyYgerm0LXfaSsC9rOhWPbS5QJyM1lJghVv7Nv/mvuo+PH34LGHaV+hwz1qpaRqN5xKk+MkobREPjqboWYbTPnz/nmRs8bkuOLjbpMTTcpkYtWZ8VsE8Ms8pS2qZGBB8jt/OJemeo/TUpjRekSHboE+voHtccI42pmcmvyZYztUW9L3kZGwq5JGGBYmQqq16rukBGmQ9tEXqaOcw6uY9IZVA7nD/+8de3+70iG6GuXn91QuyLHmutioq1IpZ7d9kiaxxTlkEj1HSzZTlqb6WwvQjZBNsxotfPSDF0TWKz+hRGVvZDX4FiHWN8/v77QTcwEXydcl1eVSlikSsEf04/pKkw08weVfBppK1YVbke55yT7hlqpG4gRK76VSFqrrIcJE1eeAFa+86ryBTelpHkZswK7FJxHcqsKJoNH5lJt1//9tvDp1I4rAn6clOIikYWQyFZnY9JkHYcFxTbhkHS7LwtokCLTFRaW2vqcjnWWi1tBMRjNGAHu73cKss5kO3iXedZlceYj9vdfVhrv4DicR1ffPH++fZSRUVuvHv/fq1HrswkqtZKM7iPjEyEpCw+jOQxDxSRlWe5j8jVb3YPLSD9/vKpYrmNrIrMebnQMMzO8zwu81znsAY45zwisqwyYj3OdZ7DfQ5HgrAGTPtwgziM2pwL8Hqs9cp4jEOu2G5LoGUVC09v3xB8eb5RyHJDPtZu8KyoJDmGr6xYS51Nx5hLNXkodwKc46iojFJFzorULF3GisosuDLvQdhxvYA4VwOcapXS6VHi0OU+Qhkps9ocw9yKJVRy2IhMwlbGDgxCL35NEJLkGCNbKgQfY8zu/BIBoXEHzB1ioxO5ml6sIqyfKelCzEm1AWKtx5dffvEP/vzv/2//9/811GdrMLNhA/oGNIjssLrjenl6OloBDbx5++ZyPH36+AmKdyu6297tEWuRTPVzw47LJc7zfNwrE8V5zGxdU2eox1r9+G7ZOsHMqKrjMqvK3cYxqxALMgxUSK2bCfgcAAi73x+VGIdCq1g7bAPNwQhV7L7ngsl3v8Ftq8LKTOByXMawx/kwZ0b4HC1HByX3Ul1aFcCS6MtH99nrHHYbujPjjOOYSa2jDmHLDSU3SgvD2zfvzvUAWEhWB880RJuqd7WMEPniHdbXT8x+RymTl+99NateqWYRIdX98qSVxDzWU35hH2hGt+HdP6hBUqyY9bJkVFNl16JnkX0oNoewVpznWa0J3FJEg1Nzerw+6w1tVRrt+Xa7dR5LKhVXw11mHd3ViDOjiDNrsWAMxeCao5AFlZkXuSpgtgpnZlUN0gGrIuux4vNZa3gwzsTLfZkN+LjdH2X2yJDbXudO7PO4wNSFJPL5ldDJngVVCEhg+J5ArJU6raPbJV99C2rjEjnXNNsGWAkOsuA+1wobbuTo+suSSEIigaqW6GfWGPOL9+9fXp4zVQnV+v5mA70BDAimMpb8dP30yMtCospK/56wMWjH2zmTgCTQiIgfQkKqmWBNxpmdXDTmdDczno/T3c2YKxXZbBRjRh/eGj0jyNv9sVYMNxTGOACw1VCUSqdU5k2a6z+Ue5VmRlcn0u8oMNntuCCfnt5U4eV280Z1irCnp6c5r1GZlcOdeoIzgf0uO6vKp/+dP/vb//LbXw6bwiiIEnvTJDAKKlrMGNNL8I/1X+42Dkh7bTRjnAtUJkOt81GAOze3pLkEuU6dyVquZBaShNF9aKT3MQy2zkeHGpAV6c6udjNWIlZUtx4Km0gzj3PRzBSjIrmV4HyrtdT58RoJgKy0psVbPpTRa1cBRd1X+h9SHp2IqOzM6+q5iqj6fP/8eNwYyh+wykQCybL8+uufPL88EzC6WIRMNRdhuLE180Rr5lhVxldfoIlLiIjIUlqI+j613Q73eVzPx93n7BMHdPVWatMQ6S/IaIzLda6IyBTV+Ir4jjkIm8dcyhMAlHqhNyir5uUwt3VGbTkWZfOmie8zXQ7suN+S1M4oTaDGyhDr3YoFx35VSNN4vTI/f/wAhShDQ4piGWnmJdjPHNlSP0lddQ5kFAeHDzOslTb9er3ojNClW6isVLIKkEOEu+0rJoVLsQlX+bP61GXtmCrpbSNzjImqc60x3M1WlrvN66xCRhszCulGc8/IQMzrXGvphjOJ3aUsrSIViJQIRX2jd0Bp8Wwb/YpzXIePqCVXn3UNHxbqr//1v/Hx0/fsT3SDy84GWVkE37x5P+Zc61HtT/QMHX+5nWkolny0IA0uJ0ShXs3Gmg9odhxzrTAqhaKUd9y9MZRmYD/zrzO7MD0zGBPp5uajmTxoPvR1v/dEAxB2HGpIiESZ++NcW/TH2/MtHjl8ODcjIiIBnWG/WdqoioJiMYVwVEXRjYnIMrcVoeH+XOnz0IIbEec6c8Uf/OznBbw8P5OmI3tlIckqK5p5Ih/308zncTnP1bEy3DqZ6pwW8TwScqMnRRtjRmTEasyBJBAZRkR0QCmUL25bW0DBZK/cdZlxDK/sEJ4CaBhzkH67P8x2GrV2aN1a/oMUnvq5gFgrmrlFARXICOhxKrLXV5neumaSNLUXEdJD5zgOGw6Uc6ARjjQOyX5a0tDRNAxUARkpORPQd9hwEz8Ns+5H0xlDwpilNgb9M87HuszxeDwq4WPS/MPHz8/Pn1Tth/1DaPEy9eai0z9RuD8WaXmu+3n+3k9/+jjX7eXFhqRgaI2SUaUH3soiVCHOeyh3tWDGMaa5t/M+A5VSvwJsWy6LruARN+NaUbQzopJjjkJVBirndB8KgC6JCtxMj1mmmtS0+WhdFErC4VM7VL0qo3ZArz5WSi1IqM2QboL1NxZs5l6VuUKUsgBv9MDUmjihGxVZrLdv340xzvNsbYDbK1ezEWa8/+JH99szqmvDRHB0A5CmDfl/pfrLELJWVVtF8oM00czaFLRFa43g7s6KVjXSXp24VRhziL71w6yLT3te1X9OM1RJMxXnIuDOqEpagT72JFEFwM3FPBn3LgtMN6cbOTpaqrQ2VBVZY0xRNY1Sg0668zLMj8PHJZFFPh4nzF775KkRkIiUfa+l0VUQQgG0F2dON/pjxQ11Eo9zPaKSVlFLzLn7WqfZMNp0RqUOvWJWMVVh03jEdkwQKhswcfHAcRluHXv4OhvCTPW21rj/D5dmH1z9ytLNIqpW/Fv/2p8Om59fbgUUAqiKdKPPQe9mQ8EEmfX+/Tsz/vq773y4m1WlD0/Ap6ut0X7XWUopQfaDBlRtMT8gFl9Mo9GU1AVSY4m5O5lZgRruPk1gHBU87c159rZtJGqdp1TlKSBcn2DPJSQsVtauxRXhbebuDOFTbgBcDi5QB4JEB69qlKq2s8fKqhru5kzF8WqQT6x13l+eL/MCuWXQG+iKdZ7h0wtU78cXb7+8rzt0pBSs7I719s37j58+9ldFkWep9E9z7GgDFDDmYaCPIYFrFbxsiJJpxbYQJ3EEoCkSRyyahBAFRcQAwqEd0Sq3Fo15vf/iR1D8H4gK7c2aaDc30ZJNcSvYmxoKNqc1fMuGP52oGu4lOk1/d/NRe00HkKBzC0GEm24UgwA55qhMwTkiL8Tm6ydfj9VJCMpmpMR8iFhf//Sn5+NcjwfdzC3blQUzq6xYBZZ3Aywl3wehd0Cns0pkdHb30cW2szxut2hxC3Whaq/lRnBXxKahgExCiYeCXxqFzZWiRs/1QC/eDQ6YGV2hxTIDw0ifQ2OGXrFYUkSYFBcoBrryWsN0SMDQTB9zP38iImjmXcYEJscYRhaZ7SarPrEl+8+WxwDI9magvX4OlibRH/oIIyJEyOjlR1twCF3ZHdaooSq19rAjQ4e3WGuOKUevVvb+8CWxdyvY8XT14ffb/bUxz/ocbNddRRXr93/28+fPnyqrd7RCm1uknJYKhAakwq2rSnTB1iqXvEciAUGDoWV5ZLHevH2f6xFr6ZWhbVt7lgyBZqPA2+PeuKnRD6UEVrXErRVE+brjFmheIujQECZIle+YWaxUYj2anG0urlnwQizJTRv8ReeiCsEsfezaKvVcV6TNCS9p4/S6VaiZC+e5rM2l7ckWvKQy2cxUDVlGdvBXC5FpZiop7YS1Va0ZQJGclzHdz6hjDqDch+xTChLxMT5/+nQ+HmMcoFIHSnmymumyTZ8StOgB0WaJPim5T5KsYmoJrIK7oyxWbOGp07xHXu8EN+UeV6XLNN8TWXuAtuaRzVRnRUcrCmN1daspbquUyyaev0l29LFSDQBKa90ohhjjlgP1eSFFdNMyBNF0PEjl8yr/6nq53l5uibwcl6e3T/fzoW0HWyLesT/ubo6uMaVLZNsmgT7KjI7uPM4Ch1OZKByuYWVc/c/+lT/+y19/O8Z8nKcMV9/9+tvLPAA7Ux3X1DezV9im6HtqyHRjEe5+rvP5+fNlzH4Rsl8XSLUoWFkdi4C5zznaG2F2npERGYu2hY3UeC1NSz/z+tsz03zoCzCjRBY+vLEGWC6B1P1ZJxq5He6s/lX2BaUHw/QIyB7YD4ZZEfIm6tTLLLYUodPd2uq670MaxzEI+HSC5wo33S/bg1shlfla63w8hPDQ6JMr45iT6lF2Y9Xz7aNbh0aYO9B5I8JvqzHaej2UbM8ijVCRKC2NyG2Uotmu1tm3VZtDbP/nroogKojWxjFc7XivGHc/v9IZSsCe6WZJ0BQv00FrQOeAU10HCUNDXayE+nebVO97U1/2NpdI1iRSbgx3XcKx1r/57/75f/if/Gf/8B/+D4VSBkBDIb/zQ/YRL0sAdDlmVMG9dNa4FSrHeGQuzdQKIeHwMcxZqAy4t4nDxwggE5llxtgTraYLJW4J/+mGVtDVBqgATol2GzkwpSc3Zi+hf5uxrB+uSlQFMId//cX7ivjmt7/+vd/7+vY4NdeKoZMAJsUmUUpFHsfI3iUtEkmrLSWshA2PLR/PLOM2hJRusT57C/COwydhnWhI2hDuVuBOtkEDT7Kb7t1S/4kcfZ2VErlUDdk6vuam9oXVygK3cfj06v7KVoqyimZ/+Is/ev70WT9VtSm1tHFVtrdBUk+SFTmGZ4YgfulaY6VrPKLOT83HLnQ9I42O0thAH/OLL7+63V9k6UOVO4f5r779q2HmnKv7iJp01yBUEPhZul4jA9ICEXS6+v8E55vJiLY1yvrvs/ZhqZ8vVZeDvmw0U+g6SI0M/9V/+V//5V/98rfffdvyAzTtUiy6I3Ue53Ec1+s1IiV1lWwSYCH42neLqgxlaCmltIsN9mEBQ8fhcWuFC+b9R2VkWRvp+lOt3oiqizMkzU/CM7PllsbcL5SZ//Y331TWHBMC0apQgFKre8t3gbixlm4lPXnXpyvBqHj79t3tcevD8PXcErHidrleIzNj7ct8YxUKuioD6W6Z0V+kGRRAUqS8XOxSMBSqINbebbiPlUsDTmUVVFItoZSkccyMajig53/brSA6CCR1gOSaTfXqOLNecVFVwresr1nBo5VZkO4WGqJzjxljSr9EELQ5B9ogqHdGhjOsx3m8uX7x5fuXl2ehVtz3NHeMBlDDTD0pIhxsKJKG2dOUjN/6yyx7fUJVxQofoyI6bbNKhnUCpcw5CdBFM6E+fv+BKKcL7Bf4OoYTJm29hkWDHfMiAEbTv1gT3YKByIwx5jGulZWZYBmHFT989+szHoq7MJqKq7FJsDKbCgFYJ/fmtDLkqVViVhUICO/RlJl6vDfSqsNUX8McQ/xk9RmqNXLjhWxBrpLazFmp/olCllGT7usFt0dRprk/vb2cZ3S53oYJSTQlkJSwigYQmcgKIce1nVo0e/f+XRXuL7f2bVW3XunfmccRkRwcxrVyXua8XgYZ+cCYK+7GWZWxF7+Mch82RsRZGgoVlQNgVx/qk8+sjBCErx9eb4JLI4EC1AnV2jmgFCdmaHZeL1QirR1z2O8E1coiSk/Qb+8zukUqhTgPlxuspDfwBqd6VdhebOw5w2RC1eo3joOC+XvsKDcbVCBYp/1SBHekNrfcLu2Cpn/MOWiWFWa8PB1jKuVDtazGbU4ws1qpQiUdjuTrXNVQ5I4XgxnmOCLVjwXQdCbUiuMY/91/+9/8T//LP/r+06djTpZVwc3XykQ3JGZnJ0GDAqtfE92bOuHVbVxgrjQanZUC7PtczvZ3kmCJpzAKHxHOmZk+nH2FM0tBsQTQx+YrCNzbLXZ/AVXCIE1pJGuVkISqLLV77mPX3RFJMKJjHcEObspE1ycqn0m80L54RJlSkv2CN5Ab7qR5n9WNfrEC63EKGh5uyHJXunFXfuwMSEIZpSy4Un06UQ3tVNDzP7Ky6RBdpEVTN6qezdzxD5VNdumSMgtUr7w9yelc1UOjMLAmyvoU7f8FOrfWOjMDYGX2Si/TLq0Il2nJTF7VL94eZhatzAVox/ThDqLLFKpn4sYOTYV9HqhHNsmNrZKxMbPV/w27baSDdIL89uOHf/z//sXz5w/sbCViz3P7Jt2rAMs2d+g9929LFXCe61G4PZZ+9zMTgI+xEPf1qAZ3NWmRxBmNMacYPHZtYZECHc5Imat0DJjThp9n/jD9AwUKVDDrrw9N9nKf7MXicH/z5ilWyPj+zW8+iJ16fnnRqALDFr6amVrAOwj/dn/BVlRtK4ru9zJ2co2+lTEcQIVGkZ7XW0FB7nwXqyhzU+o6oCGRYmy2oknyuxg+3r5993jcQWUl1fVyJX2tVZFTCsZgHwI+NgakUm360K4i1Ub05UgtuqyK3378ILLcjE5r606ZwpnMnBt+IGBm08daStTwDvlwWWsqSl7Hog+iRYakjevIqjkPo533x+fn7zPSzTMkrq5KzDFX1IpoSWQXs1jsg6X693kdClRZCxacfshWA/VJgcpT0wbax9B21JJ9mldnq/fZZb1uws3J+j//4v/4+PHDHt9rz7oyww6xxeZOY2Sux6kXpjaOO4/jT//0X//mr/7Sx2xHC2nua62dU9Hef5FFZJmpeFz4ShldyJC7H9eLOtJqm2DYYm7xW/rPTSuBee/o7LoyVCjOhcWKc+nVcXOqZrxgZhkZmVLsGARsdGbF+YiM+Mlf+0msiPVgW1H1+Up1ZVFZFSoYFr0Plnc7OEiwb9CWEIDoDrlqEMvNwe3OEkzmVuCK87hcQrlJEitldchnwNwzAo1B7fjODpAhJAESS0PhCjbmqMidPWA+Wi+OemWqq5S6kGnSZulAb2+l8shJb4oJ6t7SQiPPtG3ohDAyMjIqziBcw5/3pqeVEu0poMVWgOzP3zKWFEcyb23jI1/RcMEV+m0Fx1b1vWE7haYPKJFdKMK6QYX9e1WV9ExO78EPrKyoTOaeooeL7LXsQ4Y2FZ0GjOnrcbq72xjH5Q//+i9+/e03sjq4SiJBG9vd02hvD5WqvWQ2aKHfrteDdlgpgG8IU5D+UlOkEC9dWtL0aISknO6VRQ5zVWXXBtw1vLp1nbj+0TvTx0TWGVkRpq7AlHIr++PSlqH1mqQkoXKAFPZPDgIRsVb78rNCKJHeiXHMy/WyIhXjQrdC3V9uFZHFP/+P/4t/+S/++eN+8zk0/YtvGdNXhEibMaegPbW39CUkOTJqXuaYKu5Ilt4vFCqR0w8SibStTdfzI/UjqHR5GnZDb6tpC7LvvB5cr6ci8cWXX5VurHnoxNRN9vTm6XK9xIrGMhVBtOkpvh4P/YZ29NBxOYZ54PXUMHPGAgwCXCTMnXPYMMDMXFdJUxGajoD77Q5w2Hysx8vnZ6P0ZpKrQIHee46GuVR2TTvAhLC0BpZAVbj7mzdPKxZQNM+V7k7WmEes+O//x//548ePwrrNEbn04OrkGm4+xpamN/IwfLI7UKvAjI06AHNcIqoyxzye3rwZczzuD9LcmX0vOqn0xsxIgpWlU+vpzRPNzseZFa/ZFNwkpzwVtXdfcK9ZgBFDBHbHail7HmJc0YIKUQuqzq3jeuhP2FSD5m41sIFEBSLCmyvTsVMFqPjP3c6IMeZxObIlbTqzKitenzVCCjH6HIU0g3e4mS5ty4yIFJqGbAnG6/Bar/SSxCuFvSC5EUXp/vl6C7RPq0fhqt4LNSiq1LZpSlN3YZSbm1v06GGt+ARIrszr9Y37XO0FN7O9iJpllFMACBk5HQa8PGIJi1WOsvH+fDcfpO+OEa1iDcz3OK/EYfSZATcbiOCrpd66PokrK4FEReY67x+++9Z9nusE0CHRTdU1RqjxSgoofSz9/YLuFrGmj+GjSJjbHGdEZSly7Iw6Y+kgiVQwP67H0N0GZ4S6dVHJ7FGtDwq96TDVLIqAI1+pQFqCnbVUXb3c95N0bwRolXkcTvfb7VFUFZrN4/J8u0meoH+zIed63Wet31SpWMvU5rVnUGXcMU9F1lZEmFIE2lzVCFfrEqxPP1kgfM55HOf5sEYptVW13EC4wPChXMLHY4kMGc7rmwsSx3Ggco5JMCvMHGhTZxXMXSQazHIVoqCAbCaAoTMv0miVMLprSkESfrm8jQwfbORbn7V+uqyVa1wOgCJ1oVmwkKgff/U16ed5b8gfCUg6oRukMsMbiXR5TqgenCx1O4Clp8vHdvOXZIroyapRmGa2MxIoHz4bNWjIL69vrsfluozQumsAACAASURBVNZyG5lJDuhFhvRB4v5N8zrZAv0qZIYemfU4IUmCYNHEftmMxWR8+dWP7vd7nMJaurqFQDEJP8/HN9/+ij70WCtZgN1whjGH2cB26OtMbINKNQFZpcy7JOHu67EULlSZw107gNu+77bUwd3HmIpb0/TfWKiAH41dEVJQ6VnXTRRR4zJ//rNffPjNNzYGlDOaCOEFbt9/+LDi9DkyVrOBPXMDlcpN3zNbT5xC0wUCoVrzhn0NVEdgtUNnY1JFmn5BCVcy4xd/9Ddu9/vj+QV0ckfNmfpfohqL22iAwd3NR+3Cow1elLuNeVRWhBiDVnDsK400ww6JTpRzk6ivmecgiKEc+tW0g45hB4u4Xp8eHebdBJymHL1c+6fULQSB1hsINN2UJM0763Ddz3//3/t7n15uz5+fBQpi/z4ds8VmhEwfo+31i2BrjDQxS/xioehMM5XGukIbm8Uooy78/l7kYN4BSw1lSQmmEbyV3rL899CN6nDlfHm5DxrKolYBqLTyytrVaZpXUYmMZLKYcw7lZSo6NaLMZy91MCMD0sTCOUS2VROpylHfQDUaqNe35nInrwUN7ZoohalnKn5UdzZ6eoYkC10iKDJSjKftS08jRUo8RKPP6VDmer9XNDCicinKouVM8iahqtMuIuYYsWBWEYlK95kV//Sf/j/rfDnmpTV1W4vkw3wopT6ZCVpuOlDXtG6RlgC5rRWVdBoKK9bPfvHzoj1//uzHRXrFWAvwJvxR57nm5Xi6Xm+3G2UG7afuFUUVGMPmPtg6u7XOkDk96xVDFeC3ItY6yX2bCrx8TcDrORsmyghVwHmej/M8xsgsvTm6jN39+vbt7eVFF1MCezeLQv7oyx8DPM/HMO/nc98WQrkqoVhSKfLMaDRznuuEcV7GGL7WarkDGkXcio7e/m7nPSPHOEAk4lVJOMf89OklM1asXfqDAoY7SFSK4tucUiva2AACfKgl0MYcWSkSQ69unCuRAM61eiiyUdi48+8MK1ICaLLPrFzp5tj3pZ7aTovp2hmdf92ZUKRR/rdDPmMAURthAebh2ZCl/n6a29PTEVHneuihm8MR5WYRYeqYAlE16Oa830+i5nHMY55nXK+Xy/Wy1lorqKjolurtxURcGil9s7nFOucYtVKq5Q7t2EEPv7vDt54EgOQc5pm9frWIRxOTSB4wEyrtLquuUVYv9fDW/psjy805ZEXStEcAMKOZObvbhD2kWq+O+PKrr83sdn82GPdR4z7kha9qINndLse8n7EizTxLTIdVYcxxvV6fX+6dk9EDMk3Tg6AnuTJ0RG0UEJJ8yLTQl7OeIkvwzEhwHpfzfIwx6wf4XwuDpUIbCRaNXky4ffnu/e12N1B3wBzjyfyp6mAuMzO/n49gmplMKGmbrgdZ7m7XY0TVGfr2NMWwlEWmvRH8nRtNMVjoI1ish3lrtlEmklpPsFG0Lxtuqixm5f1xsjVjYW6rXYi63+z1VpXzUOwcCmSJnBFbRfRJ0JyqHgPjGAIRXMpAM2PBhoPwMTNKaupcCbaecj3u+p1bi9GVFa+AY5mP83Gu87Q9NJnxcbvfbrfr26vRFVqNokysGadoJZTBBgohc6fIDW2k7Fdi+JDO0bpTLyvyiy++PK7Xj5+/31dcGszmUUVWmltmffWjH8/jePn8afPntKLKbV9uL/3cqe4TVJxRZrEwxigECmb0OVpL0SJ3CV7KaSzMY0QGqujWFinUZi+qky2FDIAOjn0pt9Lr+ubNPC63zx+rZWANzO/pC25NzfzOPEZkKTNbqAXNIbvnvtLHMDrXGSB//ouff/jwG5Tik1hRAosr1As2DebmWaW9TLOdME2VuKdMbFvxvLnV/lU00vfCnoqKr8p4PRzRb2pf/GJSjOa0yuaaofUXck6lnuxxufzoq68/P39CpwpwDB3TcTsfUIcbkSlHZlu1FIYpysY2+UjACmOOY14iUnHV3VkmMmuXelR1kidpSDTJh9fTxghEBiAaTiptGgyG7z99WPf79bi2MFGfk85y5LAhlWfr5/bA25mGDQRIcmoyr4lsaeyyQR/oEizIXyhCg3DLWClFLzqIIFOJpWkaiwipbmB498WX63y4j62KbubafWjFdFedoXiJRJaPw0hUmdNAn76HDa84Pzx/Ph8vUBqS/Ddo4l9HcxbGMJNoW89QCoQx0pUHr8ETGuoB0o7j0vdHAUiSTs/Kaq1/3yFOq+JOhoa0dwSt3EgfQ+PwegSq8+kJEvj8m0/m02iFwBg///nPnz9/XuucY0r0UbLxAZUhELrIt1+8P9eS3sNtNKkF7Sz62ostRhJ1WK/yueM4CoCRWXKx9CWbFRUi8RoQ6tdB6FYC3YkL1XCrmU9+Vq2R0kYSED+OdNDnyNgpm4I46BFLVoRWTGaOMWkufwhII0PJXcPeXp5WxruvfrxqOXPOmZmgRcX0WSuHHQ12NbYKZMWKKsS5pH9A/1/1jyqBrHGMY7ifj7MKNszd3TiG38/HOs/LcYm1IqRW7DTDrLTeWvV67bcpfziV2oHdBnXdrdBBKhOqxr7L5aITzeglxTSoxtZ9ausH7yu+UE4b9tppBbH9WnXaDVTQNPZ4nMcceoUFcRDQuPb23duXl+eKJDnmbPLC+AMGQJLVEXVEZq3zHMPfvn1zPpaiz3IVW0DRDqKIGNOzko0e0ThSh1sPqiaOsVjnuYzuNqiFHlRc21bGZ2Y5TZfPPsr1k6HTuo4ZKaeQEhRGJSyRGYS5W2W0kWmF25ZzGMaYuUL6Z2QzMDC2XAHgfoqI8gYCCpBuMjU6ZyYiZe4slqmkrCpOzSgNgmh1oRlSawmGD13m7r4iAJbxcr0UqDd1RVyfrhq1r9e5VnsK7/e7JYePgBx2ryEZ+z2lQNuw4r3Wn/2tv5NZz7dnHTYNN7Lce9ZuQNhA1it2kRE6S67XpyoV4HhPtBIMC6PlXtMLVTVoLbDuARHVuiCID+x8aPfL9Rq5oJYNja09l2sa9Nvt5fZ4GTZ6Aqt09zdvn87IXOFuWkiyYuVu/QThrsrpWHGuh9nIRFcLoyiuFiBNPWYlp3BRzlp3iSV+Vzss1E0wgWYMwLBWCGsvIFQV1DXVmr5Ig4CSM9bv//7P//SP/+Sf/vN/ZjTVX5rh/Zw/ebK/+7f/8NtPn779/NCcG1nUe6NdFzC3TBgr0AZa5ZloUOX+CllwIjKzo42FYZu7ZzULUJksOmgohQsAQpsb7mSPSRzzuIyhg9lluiWVnY/2bfcJ01/bvnmMNcx8eK6IFXssxpD6pJoo62Tkquo3SgMtzZlLQhf0hzocm9NSUl/vrb1S9ukqaktHGR0SPbjRzDNqjrkyzvvp5ue5fBzyzeuxW1U6Nc1Hh4EYhQ1VFFmKsRljaOiJDCgwwGyt8+X2yWmaB8CKLLmuNTAAuN2fz9vNOfTgCQoz44qTBecAKa2N9YFvJGzQR9t93Hydy82rgoWKQKXBvnj7DsT98YgMqKccWs9l6dODqyVqg3Wkd4chrFDzmDbG/eV+v784vFfF7WiiSNK9pAiDzG56IpV8p5XQTCeRxllomx9GFzKN3/z21wTdR0tQzNw8zj6jSWRJlh3K3MisqtgP6KYr9NcB4n+xMWltWrpqKOJeplLuL7Nqr4vYWHYfh6JFrHOFtS575gII8+FWsPvjRRiVUWtZ6UBbj4fITQGe+4/SqUdVt3YuJJpBNveVea47gDGmXrv2oVopSbCqd+vap07k6a78jA7Q8vY0F6oqcxzDaIV0c4dZkbTEBgd2roKPca7QiayPp9A0dTwC3BEGOiWtGRi1MNb2KVZubqTHQ3A75nVWG11J9kwkV4mohrWUdVdguvnzp8+ZNcbIFZtf0hMeVcG28TNW6MBK0DnMuGLJydXATILGv/HHf/L88vnTh49uZkMMGJO5RcDdIKv+rOhcxtpfgQMVbDFEbv7KzVbE9BGRkanL7wcKhZxjlsKpigIJpHRS1Kk2VxD0YUaJjQgVDjS8Ol0LSdkAYGutDx9+Q6sdolJbySaLedk0rYu32yNWjDEr4rw9FMzcepsqIYnUd2KUDLu/njHmnI/7AwKXQJW72Q+XMCWnxvZwCBMGaG7uri8GhTFnsSKiVN5uELrUC7mMJVnDxsqAxl+n0aPi6c3T7fbiRpZFpI3GEt48XUNiRqWzA2Z2HPP2cvuP/tP//Muvvv7//slfDB+iCMYYGUVKWB6V6f04srLmMSSnsdGt3lqfza26fk3xMlPniiwPr33l95dHZajz0pwVoBMG5VqQHD7KpB9zqLCZdB9MCbxRKO/BjIpMhYhKNxKR/QCfj2Xqny40rOVu7nroRA2aEgm7rWDbt1FsiWbfFpSNryMXXTBOZEYU+zrXM8lPz58yU1mcupikW1L5q0/XXaQ2BI3Cgm1XhsQzbi7tHM1RqVwpH3s4i5UbyBBQ7cqikXu1fYGAq6IrfVjmcnonYCMJSs+BH+AojuGvmZOpxENQ9of2HqN6BzWOMeY8KhGxCLhhHhebI9bCrjHWH2HG43LxYXFWe/uqr2oCBuv80/2zmA+jVeYYttb60U++vl6ePn/6xKGya47pKDW6KPNE2JT+TKfhfCzd0O4+phN8+/bN88tnAeFPb47b4zzvi6yIjIhpjlfqHiVpndxoNDmdwLbu0IzT56r6D/7en//mw4dvfvVLn4f7oElVXy0MKLwuzI3QV5/pThb57v3bjFx5ctDomdHCSIJgtCyKkFfBFMOJlh/0Ba1jyNxc4s9STEqEDFfVq6ZuJXTmFkm6ZnCi3LxQkRFrzTFLXM4ulNHftbKEJQiGMOcc43rMyqz+E0D0UZDiTntp1Y6Wbs0MoVKQiNOHOavz75MFp5ktKYdMSae1E1aA19+od9LyOT58fv5n/+KfX49DbIK7TR+kfXy5/dHPf/Lx+fHN54VjPB4nQVehCQtSvwjdMj5WGs0Gl35fPZV6RAlUtSCfvMxJ78aGtdaP3r59Oo7nx81dZSJcZxQYmTRz90qsWDRrSAq4XCbI8zzd7f37p1LOKmjmjb2jrFcB9HqFrZkwDDeQqYwWmO50eTpB+uE6Z6raVHhc1FXfWTqocueXP/rx43HX/xNk5ygad2u4aatJVgXGcL2RQjtbJxml5zKkpc1OExqXERL90kik42c//8XtfkOsfhyMJDtIVzpbIqtWrMyc6oZnGzOMzQg0MtDRDdli0eL0oYAViey2t77vVAXua9hg02aMzEJpnVPY0966ZOsvmkcq9X1FYVjbvaRb++Gs5EZbfGzOEg4MmtArKqgR0d1J8g4K/kbHN/cQWZlUWo5gAk2KBRDHcaz7Um6JPn93p2LmIllw964GlG+4X7G6HIfovGqyIvtX/SE3pvYyg2GjfyX0/69nWKMmrV4ktbnnHtS4d3ygQYLCDyeOhOgRHRMmhqSPw0KWj0FAwbH6kopVUU0O+ChUrkBmhh7cFnI24lWUB4vmPuzp6c15LnQzbNMMRIszJAbK1DDRuXtm/qol1SYDSvPvhS7xbsdMliIF2VhCtFSeZsbLcYlYbo7iivW7piabQ2fOOEZW0oplr8BxUhlq8m9URmiqIzqQhEX3uefOdHfKDZiVtca8/skf/61ff/sv6F7RX5+R6psrhTpG7G0HmvkViagbysfQF/n09t0Y84wzq7e70nMk06DjzdPTp8+fARTSbRCIWH/w137x9dc//fabvzIbiUJKPWlT+X3oSwFGMBVE/cP7VjzjfPfll5EZ5wONqfeqk5lCGSKioCFUBHKMcdC8UgINs2G1dFUt/UbH5WjcIrdaBFhISQwtaTY2RlJKjRDfNY4jI6GfuGBu4l6MDkNGFFOYDGBNklVJTdHTDJmZsZYScTLDN2WfHTstu1XFuXwMfUYbExGcWYmUstzpmZl9JzW+rNdHz8nluEwlIbj1uE2jWaK+/vqnyr6nWyUUWZsFG1ZLto4q0J0rIleA+NU3v/zu21/Vulfi8ThlbeRWpwFgwczGMRsyR/kYcx4rcq3VfG9IDzZIRobNuc5zPZbtSF+dIRRYOcd5PrSDVZ8/5T6OjoFfioKOCC2rQnxfeYBOQOwgphpziufUYA2UUozHGE6XgNidVOGODMJoHqq3FTABmLWpWgBl1eXpMo/reT50yGnaXucSOp/ba8FWJJcbK6WjkDSoaifoCcrRC5Kv6b1WBlwvF9DX4zEv09xgBZWZlGoBjiqMiz8eD9Jq0+dbMmfzOMBN32lDIqeZ+gffvn3z1Zc/+vz8TJjmZkChzyOyXpMW9Wf6mFpJ2+FUCltiREiOrRirXEoh2vFhIrejVEhfG/jXjfy4P2jMFUKU3K0V1ZsSEVCtZGfr4UkQLO6P++PxbPAxPCsbATGOywRrncunV8IH3cf5WNpv3TuczRzrEbfbS/dqAW+/eHe/3TRYo1M6UChZe1JoYpubWsEK0ocRVmY0f3o6fIz/9X//Rx9+8+2byxWSNWeszKGLyiiduE9XKl1foQWi4Z6Xl8+CPJ8u7//oD//mN9/8cihqqefScm84sB/ELgIrAhQY9ZrlIKXoGB2fpd6VTewIgxPBKDWabgrb97q76VvbfVugWQI2XNQubBTA7sdgEW/ffZXAOu/bRi0o3+Rsdtpwm7u6tBrvLMqwW+h/u3aftsFsRFUGA+VmHWi/eaneYkTl6YokKjHo02YlVJaqu2Od8eD4l999/PD8qONyvz8SJR+FPj41ACQrIjYsw8iKStD6Cdjv2Aaz6GUgI/KUPqfii7dvh9nn232OoZW517s+EfqH10SgRyoiVywN2pn5eETDEyh2yZ6O10YGsDMvZHHOzD46bNu9q8+etIaUJPr0MVDItST9ip3TWgiYZ1ZF6jlqHYp+yOxnTUcdARuMqHmMOec6o80bqDfv3x5PT8jMFXRb54L5mJNmiXak0xBR634zs1ivypRUqK5CvfXLJgBaZl7fvHl6up7nSYJu60wfJO16ear26oiOr1ZWG6tyxZI7C6iMQLf+6WRu92Nfrj2HdKw9AXVzYYteVLG08uwbRyM0SbMULqodGo3UN/oPEnDACiVmZ4wLlJshQ6CCb+VB3VFN8t9Xm901GfUrNOZQinDtcRyVr13PTQR2KTX62e+dKbPqR1//5FxnxPJj9Fy/2YMeJPrOcreRkeWCOEqbqB6iqoQa8gyZYMGHm/k8hkalqmQDvT98DAbLDkDMOYegMwU2V9ZxmeaeqVIevDIQOpY249r+S2z1HDfaq59f6qYxBx1xLpJRGWe4cHTQXtOSASPceqGXcgmguqTMnGbDXa+V6JN1Lpfeq+Bu6hywBvuLwDxm0wOVx5hrnW+//OJ+vyk5IZHuhjZi1jqDTh9DJoHeopH7M6uMWJnuJviEGl8qh485JgrFRIeOvhIXcLO11vefP0hGvj9/I3a6fIv3qpdCGSsLmz43M6uoqBBKmrGyeSHD6ywjrjDx4cOHVsKZ9+2O+vj88fuP340x2VNpn3iX62Hkitf8KyhYucl/0gxOi1r/xt/5t3/z2+/O263MKbxDj/iePVMUlbXlU72YmXl5upznOae7+3meNPbEksXOUG95VWNpOlArzR0Sdq3sF1iyx8QYsj7LcUj9aQp6UuyphubhQ2EpxcYkqhMjiNKaIX1TmXspHLbbcPO4XnxYrJAlWXFB7sYym16RghisfRRAwm28XgfNATR6TzHmj/NUtpSEBFnl5IePH0z4YyakpqgimVHn4xSQLNAKKHPOeZy3W54nFCLkhlQ0ljzTGl6lQkREnrE28YahG8+srwcXzKHzUxM16Q5kRrV7Za8WLY8Qe0BlAEST21U25SNCZNFsThdf7IevFbmSTh/eTyn2h9bdnFRoR6zMqjiXDRIuNSC6VA40G6N7Z8X7mWEPAFWsVevpep3juN1ehnkhC1a6h5oqZP8ue990G6C+VTRibA1BrXXKQXGegR+8PJT8WpiTJm/FGYn5U5xod+v0qymRy67yTERWLoVZCKajvyrGyOeX58f50Luw8RmmtlKmmUuulz9saOLQGhujcQPTe5zRNx7ZiYdmQ8/GCmFtKl9w14wXJAWnrwg30i0bNdzHWgu48nXgyiyjj3kAVauGuTAawVCPFW/ePZn7eX+gsArvv3gLqm4P5pYIJbGMJow0BoGF28tLrJhjhrhQvO510srrgTTbyKsO0ETX/6FQzVmW21ixhm2PYqUO43jkcT1I5TTgPENI00bKTc5vAmbzXLdf/+aby2UqW1APRRWL8DGyTEG0NDO3HeruUg3qf8qC+by+eXc+XggZRHuuFRYbEUaoUAgKTtWFD4DKU3efnqjnl/v1epFcWBa+pn7Mq10+UPfW7fnDnEdWar6J7CdPcPeg0excuSpkpyRsDH+lQRJ1uL29Xp9zqQ/bOAql2KiI6qwnTU3og1EmPmR7/zU1QKQXe6zJSjenz+NyvT/uj0gbgxpXjFEMqQ2zNKgoUUKXX4a41E7JqYZmCbCMCSh1i1Xm4+PL88fb7RizKrOzILteS1/NK+CpwUUwR8qEaP5YWYkxXTNcyyV0qkj55F7VDsBUr5zEoyTaoqCxri2aCpVwtywh4CC7FroELAM0v728GDmHsDndOUwx3sbK2gNM9fRFVjUj5WPADPQCzsf9PNsRarIvV2WU5M1ODBuP27OVfqScsiyep3ImkFC6vZm9ppu4c621zkVjRJnZmGPOCdZad+zgNb2wTbNo9id0Z29ABz5FJJa5ZSYKfgz84H+UIEjnbWeTlcJGm/xpWI17DTdYdVoUq5tMWNV5MQCdPvVxVkEF2iTUsQKgX7f2C+q509SStF0mht5iaYgzYqUNpypa9i6M9rRxj8/2um9WlnRjLy+3ikXpE6DXS+0eo1NH9U+WgSvW23fvvvjqi08fP+2lt4U8qoAlKeK7Qsle1B5KcribaFfdZjKJZPz0D37/93/6s+9+/a37WLGwAyDGHInKlP212o/TAB/HHCx24EeJim/THSnArlr1qcVR8UIJlrSbFbm0YcnxVn01l9HK+Ac/+8XjcVaEDzeNLPvBAct8mFlEfPXjr+dxuT1/tulic7SJ7dA9k1nQB9195fp3/u7fh9l3v/rLMUdVkt5kiKg4JViqNbChRennG3ezjnJjj4Z9GhRpZ5wZy9zNBjcE3NZAs8yTv+N07pWG3a1m5LAhvUobSpo/pgE+LLN8zj/6kz/67vvvkCW1TO9xubEPpNsQxr9hCUYFwGFGDF2IbVwgKrMiRLOZgL7tbfMxzEY1GW0E/upXv0TGcVyiyXdmAdV8ZSAJ2u42TIVTVFXlj3/v94fZ/X4zd7aMgvvPaOaer9qaRsI4hhWxKoByNx+eZ45jSvZalRkd0iVfrz6r7nI2VEtETCCaxKLaYWUx1BKr81feiFxVVRlJwMZ43E/FtmiBpDU4F+fp7v1y6ybQT6xsAj2eGiAUQwSSnktqaEE8cLV3NUJqJEutN7usYEzv7YT9HLYhYdr9fgpYCmk2qJq5LGtxn3wOYhRXBVhGc9h5rjlHJAiYUxBmrAA55kw94aRRXKLkWh7q8illU8ONriVVTKp23U08igHIU7g1HvflRiVU6oKsKNAyI7TD00x2xYYY8PTmDb0ZVwOUOjPn3Ni2gpyVn0u03szVRunmkXG73xVIImmtpv/MyE179q5d5e6BkuJQ40tlVcTbd2/HGJHR2eMblBHKDkndCLZ5suOhUIxCZlSUiif1j9NdqeRb3to71K4BEnCtPOWqGgrOesV+eluvqDCYj2kUvoUxDLrqqtzGzplRy/X2ikF6oMpc7j51OgGsbvUiOgPe3SrT3H0wotzGl1999enzp1eppG5Pbj2S+ElVjY8xOr6mEtCsgEraHEzIz/B4uZk7YQ5ErFinLlZZA8ByZ4SEd6AzIwx+PB0ayFreGX149mcoYVLntzXbIMdBFYxeHVKHTCSbZ48o+nbIkFXC47HOc99XlMizqulrAnIOaZCpRCxV1pQQ+qryOdX8PsY8H0tOVpAIkTadhlOZVVHRiXkbYkTTnsQwH3Nm1dPlKaRoamuSwBtb67Thw+fT5WnMy/k4p8piqvdCc8L1X/HLr3707t3b2/2FaA+VRormPvpe1rAbUQlQr9sgjU3vo/D+MseYnx4hVZ8OnzHHnONxCi/Lp6enp8v18bi5zz/90z/7/sPHtZabgiigvStUCltA92QwUY91PuKxWpPV40NUaazUewmzRKUhWxXnVaCE3sqeauQNxrbdZs9GnSIl0FVHYxZTB7t3n65OcY2k7azvmAcKIvXx/zP1Lr2SbceZ2PdFrLUzz6mq++Qlr/pSlES9LbndFiBAQLvdgx7YMw8bHhqe9cwT/0SPDFiALQNWq6UmW3yI5H3U65zM3CsiPPhiZ4kDQaLurTonc++1Ir7nkMxJnF1FmSELleHuWRGsOTYOj1wiLCsDDkkDWmFFYfkGNFDbYJrexEzAClLDQNP2nX+LFXql96xPPv/+mPPy/I6mldLGsELpVEdSYcrnFy/Wflv7QpXT2wUk1Y5wd1Phpg0h5MNXqIWKVhhuNAf7s3JJJ2EZiuOvFam+zoMq4/X51iNwNbwm6wvIaBZRk17ZUOhCwxXDvIhUeECPkoo3bVspmphu0BnHd9YXOoFIg7GT+vUm6/mxEvbahg2QcPqoo5EB2e9iViBLUgj9Be0u7diZjtvR6I8uHQUAu7ty9ZP2HtqX96HMaQbcoM7wsqHjO8X36XYgvTFxKxlNNXsWyt0Mfo3r09N7o7NJDLViamdt/f6hx+IYMyONhQSHVebaxcAxMwZ9rdt//S//1aefffaf/+E/KaBBTBUSsZbKBWnlcM2y7aepbKiyE5FF49zjLA1gxgEW0ghUlh1dzVmtlxAromNQTUONN0ZGRYG3/dIU+diyJMoqHyNXbOcTzd8/vdvXVeW4odQwMSHsg1lDdB5n909/8nfv3323cTSZdVdqt3maKk5G8AAAIABJREFUKDWhsirNB0pxXZR7z0VBtLWkn8s6gFAQ4L18Sr+aHf5mh2rR0OlPkLhBCg1zs1HIQNc49ceiXcCdhZXrcn3OWE4P5UcpDjRpbI0clHl6iKSEChSS5inaVDhevxtkMddSybz2NSRsmJutFcWKyIo0cxTmmPtalcubeZRnuopIBGkub4aWdYJFH/76u2/3/eLszb7AMV3jeyLnHBq/+i7GnaVikdnd5pD27PD56eUr9NbYuimNRPqtBeQ6TTw7yColh1rlQpa7+/R+Z3uCVwV62fDtfMqMXq+zh0X1HBE1t3l+eKTxetvHmOgcRRl/y4RK6bnIbAiCZnYXBX8w3Lc9gFgrcDRCaEM30n2Yc3/e2fVDx/KN5tzYT+J9cUJGV+FKFgX06lKgub386JFsXU27H1EEh1mEzNxKSTsOso6CIgRcGdV0k0ey/l0YrxOBhTH9AKq0j+EuOTSaesRBjViWe7C54NI+tZ039xlr4bgZ3JXaAWnu2yuUsgEUUVVszx/hsIp6eHh88eLV5Xo1UiZta+awxhx6vxydbqmNQlCswhlJ3uKWh9HgcIkeAByQWbPlVdj35T4yWVW04UYRkmIdDeZ0xbz0x8QWYbZkhXCauR3JrgApSBKF0R7Vftq30wlVFaE/aHMnLboQ+2BcM6sT/dpCHbHMBt33tQ93APu+sytWquT6rJITnYZ9RUaMaT/4/pex3677dczZNEtUsfwAMutwT1Vh3RZlsRb6uXkqkthKH14L5OowQWdVpfHIRyYrqkDR7GYmLmWetpYKUEY1kNhOm2S6UHtDsxMNBPSE4N4Pp+kj19jW2K4OeToJjm1u21B8vlJ5BMOP4doNpbEpwMyKagRpOU+DeUYb3hCYxiyWeSm5/H4AaCe0oo+RK81g5nmvGgToNuZG0Iy/89Vvv3v/dq1MFb0JaKNV1bDWVpwfHi+XS+xruEUlslT2LM2QPs/MdXl6dwyXekZk6jV9d8MPpIow0DkG3Yhay4pulpGrssB31z3N9QmClqSCmPoEAOcc25yxlm329P75cnmvWLle19yKVVCymckAmTQgV8mtSjMbbpmt9kFx28yNAe6JOG655ok1mGZVBsno1doS7KNUe7Du0WptNtiabcG8NmzAKzHMBVtSw39Pmz3gpc7aKubBn7OhZh3Op+3h8+/9i+fnd2vfpUoly9lVDQrGoTIYdVqWJOIq9UVlmdNdhpowV0KAMgD6p80qm3PbTgSv++Xy/G47TZ8zMsdw986VXhGi4rfHh+18jl1dFKThdNpIk6Ogm92VD7Lakrri7mqvygUipRKM9rjHrjGV2/kEcq3w4RkVK8xsbtvleiHVLkZpPxPZJDzEG2rB7jbxw6PHgrrbU48nClUhXbTT6pCVuKnbqY/SHjGrse8qeXuRkTbMzI/1/EBUqAnF3JQCRHMbUXvbidgQZj9LgGjHYkrKPHxmHUAq4WOAVO80yCM7rnC/69GvLgFpW9n+Kfbw2SJ/nfmUM6IKxQ99HgL59UNlQvWThd54q46fuIcjAxpOdbNtbrrPs4JmgFWueZrCrc3NzH/+y5/99Kc/mVM1IkGUTrF5mjTV+rSj3oz9xFSiG9MOYKxv4w8yjE6o4zEOivwjeuzupVdXV2k9uPPXZVj7vl8ujy9f/Xf/+t/+/Jc/v14vWm76BEiAUHWDyKPKrh+6v5/6vUk7jPZVQafVqgL2WPeBUwyTWh2AGts8v3i8XC/sg8s749uNZGZt5+3x8XG/3fS9EywEQKebDxqO/jw/EARWFYcd+6c+ThbySDowI1SUK04YTXkRiWJmltu4Xa4ObwqyP70q6yVYy1VEmjlbAKefTsQUei4jaYhK3dxR+N4XP1gZsXZ3jeMUSOLDWWXDjmerbrcd/RWg79degnCACj3c8BDIEk56lkhqmPP8cI4A2RZAfXHnhxPNRUjIj0kpFpouS6etfZUQ7III7l6oqhc5aaVKcW7NMhxECWD0quK0jicnclcGQkn5M3ygQ1e6IbfD8huyyrWveZq3222PRTCjv85+ddVNo4hlGpWK3OxEj1ka15TCYgYbrrqxKqUYuWgmZFlh35epDgnVwh4QsDFdoN2gAoupPbOySI3LOhR4zJposVrm9bZnRsZS/kMvSL3L9ulhB43GtvvjCMmGgaH5B6LA+1DTQiiN7FqLxHCDdfezmPk5RmaQZT7cbIwRsQ5fV0oWuta63W61yofsSJbFrIUDAd1OWwkyaziqQRP3zizPqpVrrVvWyurjd9tOKvIbPlAhL37v11ITaXpFGbEyI+pAAQpyzCOlyvAxBGqgMMYYY+jxA9UmWYc2J+8wfibU6kX308Op059JH24GOYaz6bZGFGSWEy0zxjBX15UBuVbMbdN983y9uvvpfN6vi1SXDgpH0gPbZeGGPfPP//TPA3z79q0ZK0PWJj35it+f08HjcTZ+8823iDhtD2tfDZZrCScyF8nh7mNwuJJJaMiIMQaQL19+ZLat2PEhLMP0SkmvQmPSskBDrFWF4ROmsoKicdjIql1F9W4EjwgK286ntSJCyWWsoz+2DylxaDIANZzVF7AdUO84zQ69Tg0aa9/XPJ90YlWVDdtOJ8U46gjTnyFvK8qO+BV+wDQliIs01mmbBKOSnTLp4l2tBfWs0EZMbR3HTKp0/Pzyi+/9j//9v/2b//gfr/tSvpuLJwQJ2pxudrvtz5e3ChgNCUqOjTwzSMzD1o6glcS54IcztSNEzProqConWTRi5fpXv/8HFevN5ZnuIAJU/3UBaZ2IfdjrGkpbkU/v30cm52bue1y0sZgNgIcfiq7blveYITVK2TaHGyJyZZV+S/lmiDLuETA7lFTeh7z18dxuEMnt2dzrsTPpk+E4OvvA+7VwRPRH26O125C2cgl4wlFAgfowtJB0614mzXpl+Xx9qtzJXhcJRcMZjWvtBLyr+Ni0kTMzpmB+3eHVag639g00WNeYt43pAJByMcDdq7Cv6lD1FfqW3d23EWtdLzcmzGxFaghfWRWYw1dmrtoetspaN/HPoHkdl6oYqkwMKjahaLAxttM253RnIvc9fDqqfHLbnM6jtxhm7u7Vxa2i60w2/cpqHqprNxo7j4xy2+ZshAeHWgkYY3aPCgl6oZuG68D/WHnE9kBBT1rc9HWLrDywJ5J0G5MgUWvF9vDw1Ve/9+bdt/eLUD9rtcEKmflHf/Rnl+vten2mddyXuQ1OJfXo2m3KsAfVD62GAhjRfzL6qi0M73ureunqM0UslUbjY4EldFKoq0FPqmCM/sTv6TFE1+WCxH7d4fzzP/njf/r1r4bP03mT6zFWVoYPz1IPrq2IiDXd2RlPoPGm0KsmH/vtQWZl0Sni5AjAbtpVCx4kzBTvbpZRTZOwB8dtjF7H9D9YQnQE3yrgYs7ttu/P18vbN9+06xx1l55XVsZSWpjeqFZ4NVZ3H0+bAVTolU/vBMNMrTX95dw1SKUkpoAmYBBuuRY7aa4K6mheR2dzyx/1YA2zXMpbGBrspO/L/fbVD3/3t37ww1/94idj23iIykiZAKr3Pj2UaLBR+feNSul+MGYE6p/BzNq+qvCh5EGzTf/5OFgKtpSu06Ob1GI9XZ7269Vd2bPU64fe3trU61PJQ4w8GF39XCXlKs2sWFFBdFuWKCnZbHpCJCoq9ohbuFnEsUYCa1+Zqf2vL8RilepX27amMdh6fWT/OkeOkEIS3QeFopTi/9mMMGDkvu+ff/l9G+P5/XsXPKAP0PqrigzCMgKy5AqALXYWh5AlRYYefsTKdHXZEECF2svhbIcr72nNQH3y6Sf7vmItGmW6jJIrmsOH+shLDwIBICIeXrzY95uECiuWjoP+j45D3VKxAFk2fcVSQ/McU/dzomG6jHSDc+RR1a7H/6OXH8F83XahpNaXLzKL1ZvN4Acz0JxzG3OpPfoebam5IktGmhbbQvmydrvpJ/RXr15db7cI5dNLyU3VKpmN/kzVSQcq93aYySg5x0bycrtpDeyXj+XuhMrj3MzWAQ10oXelqhXMuSLMSIgq7sNT4z6yRHkLtKw69nsqBpPtRETFHivWGK7QOxxdcsKl/KDOSfWwlkThmVWoWEGYqMnoUEXqDOoLTJEDPjIyYi80ZlwZPobPUYlY6+XLx8+++Ozp+fZw3vZ9N+NR9gSDwa3PBtSkReRf/Dd/8ctf/9Pl+Z17Zwq1WwBVkWagMSN1yNz2fZgr26f9BoGq4vGnulsk1h4PDw/7viTvk8QcsFV5fb7UyjG8A7nvJxMbTR8+9YmNHt2QmTID9JtoHvv6IDuOcrOqWmvJowyhHkCFKK86znwtYk0rfbhypZuyNo+WmtchCMiMnU/v0ysLFRHR1x4109CHNWjTTtWGfw4vN4hipuKV9BsVkmXaUIQQAiB9dOqEJIwwM7ljT3N7+/T0f/7N/1u13DxbXeGoLu8gmFUR6/HFxwZXELZIVDui9obY9aop+sBstJAJB1PSw6mVjHp33TmMvFUM327rdt1vNrwyJJspN+nGNbjbMc5qzAE7SPCTTz77y//2L//T3/6tzylZsGkW73Ozg7Z0lGhnc7c5DKwlvse4VqjI/XpbEW2S0DPkJKu6nq8kHstmWXk89cYOq0Mx0wgR16D1uMWOiRBLkJVjjk8/+uy2bnGYahrdaRFDf9vWJ8ORBKhvNJFrzTH0c2Zx0EFGrAS//PKr2+2W2RtTds52GWnuw2dK05lH1oXdJxP2+gGgWoPaqwKNPiObBHPaGAORZpAUY99DnxL1CEA8cwKmq7zI7eFUmWNIWqhCOhaOzjiYmc25SSWB4RmqBKl3b5/GaWynyUJmuNlt39d1wZASB+r5k8RSDkM1VAC6pvUXRR2CCq1VtDzid61hlnJaZkVGN6y69wbFnh1p3VPe2JQeYtyZ5x7tfA5Uq7K9P3zJGTPM/Xa7tk1Xe3/2ZTfnAPO6366X907JBqpH2aw6LKTNRkMjZ2tH7y9b62o0aBKAApKIgsLa4UTBXI7DPOZY0yh4b5fLUg9RDh8NlvNQ0diBGldDEv3XZXzz+ltE+bC17xVYuwqJXXsygKqsiA8HWlabNqpTnOqDjq/3YOpJRRWqE3hIFpXuV1Uq02bb5fuGqxR5SPch9WqfDnbsuzCjKfujqqaP1998O8bMrFZllJbFMrdxGopyGcPH3HTsEzCawYt16LTTSLW4JWpdl/7OjDJFmtNhPSso36lWOl2DSFWdTifbfO07wG7ElMDwnoqt6S+rMqvq/PhiO8/b5aLF2sgx5pt3b1+/+QZmnbfdn6NJU664UoNJpNtbSVUXdx5/jQRjNkYLkPuMyD7KqnR9CiGWpDAVXvZBgaxEOBw/gMAla22xfhNa6/Oq94TMzNtq/ArQaC4UBAUl4ieCLLNDuNAzJwqJqm1ubV2oMpoPlw9BMomDoaYNi0wN3EbzMTIyVsDtLsZA4zDKRNGVBqrO886M6LfAfb+CkTb97bvX1/fvN980lN+pFilzXXUA1nJ2ksfi2rRLVXuTYqVi8gg7nc4oqIROcJ2LzZDKUPoScK20MQvZglVxUxFFdpJVP/YSrZUiQc8PJxrj4F4657QIQk5oQRWJAjFsWDNLZF9UqEgbJDjHTOP28JgZc8zr7ZZZQsqqat8XqrZtVj/JZWCsMBsNZPqHybgK7r6vRVHVx6QsVb8P7+QHEJ2Q7LVSaMW+lghOiTf6kk1dxAg9hEYVYUYuCVcEza5YlWloFF4JPK05XKETsY7vG1ljeKdBTbdhVenmNrzksUVJETt88CAndcDJfAlyDNckR+qwFTRljfNkrbVc7Y28r9yHwAYlezyqwDa+S02IuyqYYlj6G3NziA5yz4w2WWlecatjSD2d5uVy2ffb0/snO0YfXXUmoY2zRcakkXPb/r+/+9vb87ttzrV2QIt+q0a1LPng//Tv/vVvvn19W5FrkVAFAa1xJR8GeofZ03MFDWO4gQbXpllFOscYxnF4YZJqpqqmP6fycBPB+OJ7X6597xZz0JwtmXB/+dHL2+2mjBRzWCsWpC7QmwqlApg1eqpfHy0u1VlQhw2vFCljhwG6sU4TZIbcVytoh0OFupoVpkWI4OXhO4Sx/9JC3pFIa/kbNVpodGydIlt+30t0QzQlJYagTg1/pXSCSshSLJQiQxO7NLJkGcfnn/2L6+224ianZjU9Dzn4S+rcCuWxCPzU2I6CD40fh1ZWcvZS4jG3Ob57evt8u7gPTcBKwubg8dkCrDL2VcZjpzDObXv7/s0//OTvT9tWrZwJZoNTxyNSMEDB/BrXgYhcobY9FjrIPbJj702HQDXKArTstX8ewaIaxbWKySZ+0DNuPGqs03sD7HUIZk3xAD54Xbub1XGC6ontL/FQb5BEpqSWqFJYrJmBHmuHYNqCyc1Vsce+x9Vo2tXgzRvQHUBkCqOuI9OiukaNhUSnrSjIMa3JB5j7PJ+y4MS2+RgemQ+vXmZnORClfj5kVUSObUKFIZEwfvTZZ7Fi7SvWLqtaJda++u6mmivIAs3321If+YqlxTpWnsaMPRycPsDa992nmovSiPbjNYVRNsarV6867462r6UU6SLVIl9ZiDAf+x5AuksCAOIen2U94VcRpTgss0OQlp3EoElY6DsPyNrdi9yfn+d2AlmV7kKU3VFk8v2710Ybww9VjYCUfj4Jvz0/ZQB0ZV8exFGeH0/b6byvRbfKajVJb0B3DVmTRfpz+1YW/5hFP+Ia2u1R7O4nDpsgMhbalhTAPSmMgDRCra9BvwFl9DmmJm/1v9SRErH2JRRkO297rNwzu/4OB5vHzOJQDkNm1hgeGiidckzK6m5KpZV3lKYYskNpaSRPp1NEFcsckeE2Et2fikIx9rUXy44gf0K54RprO87bhvkY+9olbmZ/PS176E2/XQfy8qfRrD7QdjKj9DhqACqj5jbO5/O+dolGwIq1QJ/b7EOi0OOOoYBxGnOM2213tyOzSE9ljdZnC6KXBtqi8vHx8fnybMPYlCQrUQiHV4PopeOrNTctpqLRpbnv1BRr2am+bRteVblC4HKvotLToJR5coTW3ifAQx4EtnK6sqjLQMJfCbUIZEZPRv0DCp+3IplVZr6dNnHxctdFLC2h1W/KHWhOoT6Rocu4g/NS2X+ZidCXJ8XtnA/n823t+k4lm/ZOW4JPBZtLyaUP3pABtiWxsoevBnyrSDqd6oWR0o5sTTYNiaholAAwOwovzfxuIvQBlNMjQgEFGljNDJGkwp5HqgKpX8Fe3ROpq9HaMVw0O5/Pl+fn0q3fyGWj/aYVa0VWX3iROdznNp4v18zlY2ZBOWta6aDUGlpkZq6+XlVdBLLNoFgRYw43B1GZe6z/5X/9D1H46T/83djOeo8UMoMK82ZYciVoiuEn0HYjLfO6h4kqjmnb3GLt5qMVidqUZK8yywxIaqWs6/O2r8wVdqjThJv0+WjoythmwMUgtUccSJRl5pjjvl6ahufs+E5zi6b4VcpKc8uqPuVK7ZLlhyWAh/hKtrVCAVaoKg7dvjgoOXNkvnjx4pOPP3779E7g0mk7vXz50eV21RBZGdQ33spOFJJ0U1LHKvf50atXay2thfOk3s08nsMCWZFtYDdba5m7enlTFqjqFXTMUUEkh03x2PK76lfKLDPPiH+OTZhZpsqbLFeh0xraZZFZH7168T/8m7/625/87JtvXpubcsjGGD27ZrVcRHCC0czHGGut/bLT7eHFI1irD1CAOJ1OkXuijEPMao9sJmCo9rX+8i/+6vHx8Wc/++nYtgZsq8acY5slU35hZRygRJt3tSHX8biZwaxgYLUjmIeTrRenAtuUopsihlKzKbVxIWnDzK2yWKXuCHFrkWHmgpnB7qcgTSXWOl+zOpeiUBEwNzgk+2mY5zC/oUFBCM+jW2OWjeH13RJVCPoY04YPRpV8EfsKoA+it+++u+zP7jbchw220yFh8DFVylEk6YBJJ6WrQeFxmdrNDs+OSajoRpu+ZS0NwFW2Dv9A8aC7S/1fdcDihytM4yyH9pTm5FV/4a61xm20S7HQCXjgcC/l9lSPyA13HuIuDevCm7KwTW9K2S2Pea3K6sMZhWMeFNavImeleVtKmyIIobcU0nm5XEQMtA6vIcvWGml8azQz4a7ryeYc1Zy5iPtjhzlgi33fUQff8EG+S6hCtAMu+wEofSjmuk3NrIpmngEfY2wDUDWkkbxcdp/2cNpy3ThO//7f/8+/+s23v/7VL/TaAh22I4QgIK8Ujbg8P98utzF9+Fi3tdZ6fPmqonwws9wsM2OVDIE+9abvRfoYAHQ1R4UNi32dH84+vQqx8lirae5Vofn/fH6g2/PT03C7Pl1++0c/+vzz7/3qV7+c27l6IAAJP83hG4dOexSqKzVcbEJmpfvIBBvsB8Rg4chJxQECkffoJOVM//Ef/sm3332tSdcPDWllCCtsGV6uEDSO6rpE5AE0ylN4jHrCu6JiragVczv1DiAAzfiB89SUh+LhRFQ6bFtOh1Uf2ZYZfXiaVWj5E9onWSczS2kCqDhuJirj2awToGSuyiwbHNtYt5A8STCbGo7P51OuavOc6VA6LNtQmn1KDj1P8+F83tciWQgzSyBCPhU9uKgVWYlKs+YhgNq2be27Tf/4k1fPT0+CQcdslq4OMoF00b5swsQJiwh3d/cxhrDROsp6ej6g5SpBGhny4kd/cqVVKpuaaPxNPQysqs4WkezOLFZ8/OknyriYc6wVAsmliJHVLW6x1o1wQbT2wQ4YY5tGVyC5EeaWK+J247DH0zlW1HFwReQYo/TVHOOyfgWd/k6WY8USJRJr0YwwKVyEAkjkGHVUhgEgDVTDPVI5RTIssw01bDILrWgrHIqDsQ0QSgyIjDH94eFFVDntGEyF8Fg3GxTcegFUMFtmHIKfhpMA9A9AJk1qehRS2uqe9XqoYg/rZm7SRFpRb3tmWRWaLsWhtD4sfUJZSYEKKBhtjinVSR0awGMcap6J6L5SLcvH9cBh08fIzMiggBOzbWyVte+3Oc28w29Ejg130iuiqtzH6eEMVqyYc/C49QWImQ27Q4wrABq5IrvSRUc7WVXDzXwI4QJhPrICmblqzGHDI6JWVdbYRkmprM9brK45G6DXxiE80QtpxaqKPXzMlXHZL7/6p5/fLpdmnzLNjMMqa0Ued5MRcq0AVStCBlA9cmS6ohkKL169fPf2rQ1rGMZQIjCTBNRw1acTysdsdETcnFkmfA5SIf2t1gNYodAn5srsAU2npaMP7XKzh/NZwuY5/RgSyCZFzc0Qeb8SMtNgstTQ6NOVoEcbBoqTKYD8sPNkVoZsu2rWzBURa5fgOGrd1m1l6hsUFNFkJ8R939Wg0Aiyr70U91blwyvLCmo/kNBfMIx+Wt1CbBWZhCZpLpNjEFD0WSgxmZYo0k6nE0kgvWcfmLEiYDSXhNSgsBwDkDTLCtJve/wff/03b9++r4zbfhtuX3zve5frrmtF32HKrTjdzdceETGEXlcWKlfqqzHjuu3m9sMf/u7bt+9EAlq18tHdyuD07XT6yc9++vXXv9zmzEBFVrajBuTzu2enSwfeawyyw+hVtlNlpLuYxe4K7CVQz0Gyn9NKHz5PMzPdbIyZyIo13LUyye/0z3A6AEF6Ic8vP4m4sO39nckWfV9nK8B9jLEJBpd6OkX+uX5GPfAyM6B51yo/NhOq0QmyfsDMnPRG9GlmKnTNLLnarUm/HPTGnoHC3b9Uwxw9qlA7LVsMT1ZJaYmCirb12g43K7hhc//sk08G7Xq5bPOU1TYRwFa3MuG+q1BKSAnA9OKw2eZIGevtDpgCrZXLla2SqGa9xUZoFBNon1E2QPL+JogHcidpcIuqBKsQELXIe2a3ObUKEobGFCSklQ25u8/FqOiwuJs3tYCltASFNMlKcdgUNSa1Ucpo29wEKEREqferT+C+ZBFl7uLuWh0taYpJhdE3eXPZDV73B6vpvxUZY7S2IqOAROWK7XTiHF9+9ZWPbQ77Lz/7x3/6xc+HOzJL+GvB6SLiDB0IWVmmr4tYayd5Og2aGb1yrVhqeKTZtm2X63Pmioh5enAf+1oFnM+n2OOHP/rR7/zOj372j/94ejzPMd+/fdfvo5nbMLPbWsqTrcrr9RmyPrtd4vr2/TuDi6Fxd2SNMYCKtR7P532PggzEWpdL6sTTtkkxhVKQ9AeGFALTTCc5oJcu1XTmCXzv8y+/+fY3kelu7spEVybuASVXJ7JrBatGplU34yZM4qAxm2kiNYq3SFvEB3v56Ge+UBp2C3U+n4ePleqE7wSA4+rSkNqiaTaciXs7pubCQ/rQDINPZ9kY3ggHev+Ktb/6+ONPP/n87evv6HM0CVh0y6hYtfa9NT/U6Q6ifA79XeKq6Y7KfV8Vjb026EK6jWGemRXwOeTch1kmt/MsFcpwZMTz7UKS8FKPYIBmQjqFPEO0RmlybCBWd+R+eb+yhg8qqE4ffDWLPoYLw26vYxPz/WSLRUED2rQhbK98SKKAtWQTjO3hvMeK2x5ZFelT7p0uuTwgcrsbtQUauY85Pdbarzefs+penEkfW+a6Xff9uqM4T2PMIT2008Dy2SYTMezGURlIZq0//uM/efPunVoJqVwXHtpPYozR2XA9iln7VZggjD6G+ZjVgfLF++mrgahnrGNCqY4NaaqOHGPerteqJtB7OekLQA0RtdaqTDU28GBpaWamfFL5FtBMGEgcUTCEpjMeWF8esiWQ+3VnWSIzUzIiO8ibvDMdZrrYEtlxtQG2KNDcB6vMKaJe72oVqBtVek9yDveuVarWtGTXaAAH1lNca4fjR7/9e19/9xu3kdJDZOgm2df++OrF2M7PT08gKpeRUSEKcEUSaNxLaosoGtzHodNViDgUKI7C48uXgdz33WhjjkKzqHQWuN92pvSXfduFjLwSkbpro76v3zSfY47pay1993Ci6uFdkF9zAAAgAElEQVTh8dc//8Xz23fbGPu+E5WoY89TOgP1V1vjFs2kaY1B3fsaK6OSGZEvXr56fPnwfHk6nHd6NO3Fy0cQ+23XE2Dwy/NND8Q9zp+d1KQvTAtZHWtAH3FZNU/j5cuX6oJVO4RsxGPO2+Xaj1bfpe0MLJl8xAT2n9sXrRnoVpkS8h5aXiE3+fnHn85tvn96xw6uvpMAhoq1J23UgQAJz+0jCGzhB8TPONtJDCQUfAF1TvkAmRmxcvidvdSrpv4jkDbcZYU/Tj/R74Ja6eY2eLfrSD4D0MrTcYvlDre51uoTe5gCuIDsakVt6ZHCY6cPgmtF5tKD+sXn33vz5s1tBZQn6nYwIpDb3od3wQEs9qLRKRNXjjH33J+e3mYoKCnBo2PdqbY7p0Frd2Sn/RaqpPKh0936UYFRfy8F3R1bblXhbmhyU197Sobn4+DT5Mfl6TxjTxr3ffe5PT4+3m4Xt9lTX6EU0dgLvCWSY3z86WfP796grOMrZLUt+jb7UnQ/P76MjHW9GkmJ9NAkcZWyJgVqH6evlELe+lh9xTwMglIu6sAvai1X1SbMzcb4cJqCdGZlKLhAST42pBkdU+qpD45lgz5IaKqXLKeVSiAyOCzWevv+KSIf5vThe2QUzCxBITtuo3Wlul2OgCNh3tNPH3/8ye224x5hq20/O+SjMthVoQfzASQMBtJSnpnqrVs3yPFto5B0y8PdWUeqjBa+avhR4XR9YegMKQNMpIE8CJhzm3OLzF6SoAlCdSXSH+jE8N5xZLDUbdJW+CwUWfvtplZ4fR1SJEKhsCgbB28MLW+SSQ7Jc+UuEKrWSlM3H1Ku9gN/HF8FHEU3Zqga20jwh7/zu//7//Yf/unr737y9z959+bNHJYNWLs5VerE45mu/qxaJ5QV2UASL0/PEXF6OIFY15txOsdtvwnLWaGOCO77qkp3n3N78/rb3/zql2ZUxuC0YdacRiSqsTYO94jl7gXpe7lWrLVvvvWRXFVZNHZmUWHf9zEnkuPYbvVCuPvKPfY1nDbGYfvsNwiQj/kQtomSVmCGj3/6+X8ec6CcVg4OjV/e2mITxaDRhOqh1hyvNjchMyypJzSXtNynbbmlKh9UyflY95B8gBzDZ1UguTKqx2U/wJ6Cyi/NWdhO548/+fT5+b1uR5ldGqUQdJydK6v/qJ1AwXzWoRYG+r5fX3/3rZnNMe5XHArK3Z/bqUWOGjSzrQYy/OGfIaiA+ufcZODXy1DY15oPW0aack3JKiWaC6NCuwwXjn41I0tDdO9RhYwac5xO54wO3jsIFgD5h3/4R4G6PL0HTOYHSObUode6tQsG6b6O/2j+A6qS2VNUaHNuo0d2WmjNbV4uzxmycoLH/JEZik4RY3rAq3JsEVpbzT7/4vu3fbfh1rNmi1TycAgJFczqRK19v2WWpjaNoHNuxXL9V3M8vnr5+vXXclNITS6UurJo7m6Eq8aVYMmQTlSFVBSq1tKhe/iJCKTEGHeXcGadX7zMQEWAx0he3NdOCR7a06KHgALfNPNkpXWScZ0fHj/55NOn5ye1aQ73Ks5t+yDsANym2C2iZO2xI/2sjjvSqjmzOr591rE8A0DHxrs5Csk4zny2fqnSyNttH3NmRYZCOQFrS8KHdVy/Fy1W3NFoINllnncSvkguxOeff/Hm3XfOoevNp5TNXPv66rd/dzud3rz+1qyvRj0yfcPTaVhrkdZiDJKwytXebm1uQETZcB+83i6q5jUhdJJfG9m4UM+ygohE5sgWhcqEyjKHmY0xZDvQU65OQLHGFSVR9fP1eTgPr0UD2HovNODROMZQGzr15Eg9huxh2mzOcbtcV92yslaaubYoI6NqzBERqFKPteLpxzZKqxG4IqEGucJQk84gqpyDlZ0LUFgrSBgs1jKhlyTIiNjXjsQcW8LAfim0sPZia+RRfIKmTTojQQ8wRQW6QXlVxjG3WN20DbJItUdFLPehqGOpdFQgPZSsb7xjQsWSETdSFVAQXiUyU1iL6N+xeWauiE8+/WQ7b5fnp2NWUNMZU5Zl/Wt0lSKDAC1zVVeCHENSJVERq9z+6t/8u5/97Kelf91GVYLIlRGRWWo6FuqtW7PHN9RtXz5cZNq3r7+BYXDAugcgjtrgJuj1Eh9pddYYTfVADUMWoSgYaL1WVWIX2VZp/coq96kuuT4U0P+2+DzSqv2YCsltbMLknaNnUKO50UZ1ir/yjFBQ8+P1skstbg4b22/91m9//fWv+gOsJGm4m+5kHHAiL8/vnXQfiTudK6AJ3ZIGyfB2b2A+1A5Ft8PsQwCy0pBlbmx/qjWLpxVOev92JYibYoGxdJPqEmYfv0bVkDfA2a5Dlf269EIC2vrWR9++OmajgmjfVKc+NXbLhpudknvdGgsnkVFpR8gYCbg27WqPEI3mQO37LWLpsdTDYd2RV1V1b9Urmr7blAuKpoQJPe5adg8dDaKOfHbtZlmFDj/qe9kAQnZYufka50IvYKm08v4+VPXd1hFrobASLahwINVCi8DUU9TYh0HaIQFLx1Xr9yfXeXi+DW4U0SfORItNhSyHaT7Oj480ZpSU+mZCJ0kFqZM+5xyzpD1hrxBz21Acc8zTw+//+Peen/f/66//Om4XiTmlhW7gjRTrZVTJaepKLAGlJWdSH5tjTuWbVHLOeXo4K1pdEBWosce2bWTGi8fH2/NV9NfKjEgtqEugEbv4pmHi0nYnPYEqxkfINLkiUWasqCLMu03l4fHxfH58//Zt65c7lUKpGWXm0qncCULdYjRAi1eH0x96kMq5nWLpv4YXR2V1N1FB4wKPx+g4UHVC0aiejNTXYJIwHgHm/VmXvuFj4tIPpkLNKkuLWp99/nlW7peLectd5X2sznInq9ZaH3/6yZ/+6Z/9/Of/WI23iY8WLoRccefTdNnouc4qg2WH8hRCgaGg2VoL1Woqgua2buv0cN62bb/etKiUfteqjKOPTXMn7HBawMxipT5fYXovXj4C/RXqO1CrZ6yguMW6A376ouz8+HDbb0C31otAjFhAuqYWQn+6Pu7379/FbZk5OXQmWD+LaFC20uhuAwqvakWjZeXLjz4ia+2Lh+G4v1n2P/BhUwxAGs3+R0ozL0jzIXKqP3MDqgSu3J6fPv3BD4C6Pj3Jt9hcuTv6rJPVEBX3sjRd1dj3pWExMipTQu39ur75+teqONXdSTJuO2mkxx4Vmg0XW/cqzjr74uj+YCjLBNlzW3OKQAGr8/jx+OJByhBtdWaqG0T/72iF6P2PreokxP7HSIKRMeZ4fvfOzOY252lmVuwBagEuK2vfquJlrW8FhTezoyHa1SSiXAdrdT5ArwNN84FlFRnyVheQoUJTymQ5NkWXhJu38qdQ0VkELb44jAKUnUbKPBuJjG42cZTA3/z6668H3czFQkibgYSP7dvvfvXm9dfTT/qNtG7QIOuOHDvsLCAAOZrXSqBglitX5OnxgYMA1m0399Pj+fp8Q6aZC/TNtXrvpkICOv2JbCwqIo4PA1aVme5j7SvWikohqeu2QGLlEYxSlTlPm/5v96HsTgJk0YaPjtuX9kaOyUFXDGu2YwgZoXk2VlZXPpW01CTX2iNCi/q+FjLp9nA+FSpWtP4r6+HxrC2wzdJlGYlK3ZZ6nWgWa89MWRJyla4lM/NhhN329aG/pXpTkmu8gUo0zC7StUohejq1DBQ5DrPx9Pwsf0Wj8lkVBYe8zhHR5X4Oh7kUw5mpgCYRYiDJlGYKCqjp1VM5sM6D/ZDpASjL236D0mW8JYbWGxCLlaXCLmEqpSVTbFozGHpCDG6+UF9/83Vcu3/D7o2NornYnGb1hdxLJVvfaA3ByosDFwzQ9Wq92Wdfm/eL6EC2Q/V5OILG1d9UobuqNzR9PlnQ4OXUSJeZlVkJM5YwC4DlRpOouPe40tFyTzZo/YyZZxSifRAgX7x8qMLtsltno3RtqvvMtX/7za/HHHoZzGy4H3gi73eWD9cTdOTKHxBTY1lg0t11plAmbFCaJPPe2443S/5I10FMY/Q4rv+iwzz0jbcOQNdc6RFVUzuSSiPlWguGBkCa+293N01AS9No7P8YqpZcWOirr7c5HmhdEanU0aIxEitrJbI6Tl53owB97V4AzLyZKfPIylwG2b67hPUYxdUReUR01hGH3PHgVUyg6KiySuq469Ah3Uo8Fns5wtloUVGRrzh4+IPw03elMrIDJL7/PyqzX0ZYNcIOqSBbsyjmU9t+dHCLJAEhTk+vhrPYXMRwkQH6e9qxudRpXq127eV7DsHwa18ZYU4fkwQ5cNh4pHgkLSO1PSVSSHFEPb54ePnixd//3T/8P3/zf1/ev7td99t+c1iu/tSlB5NKgC2GJh2gZxZWDnP3EbHGPLlbRD8taiTQUxnHJzKGu7OylnJ7zfe4FfD++TLmAOGd8bBXJM0qawjgjtjmKSvFguQBhhG6rby6Vr04mk0dc1tr2Rjruh5ePJ7Pp9u+xvC138aYmtmENfVvZa3vIJgV2gsBdNCCC3iGUBUCigE9Yh8Oa3xRImM7bGOt4azDpju3SVhGFpPH+XzwYK0fAiB+xI2x76DZsIos1FdfffX23ZtaIfYVbVuiIGYdGWNsl+enX/7yF0oTX7GclJQ2M1VzUL3r+5gisg+3mh+SKD2yinOSnYAyhgtHrCrEioioSJ+z5yFZeimqxeiycYDG3JdQHPQPC53dz0/PsXL4qLs9TbE10avYwYxpziaNc5uR0UI5cyHcoZxNH9l3Wut5nt69z6jT6XR6OK1YajsG+1UXXV5VLglsodDbkZmCECqjMtLHXUVjQA0frua59mqWTHLGDqjtSfpQdlXn6RzHvzhvG2Nsr7/77vn9e3bkUOiaq0R1jFSjAkQHQWr/Vrb3/f4EQXApJ3F4VDLL6EZbsX/+/S9usfbbmqfNNsu1+zZJBa0wK4AyTofRmNTwjeN4JQ9EpLEuliCx2+W6X69z2yjm6UgaKsiSg4fz4zp60FpXbSywKnTq6ra43q6n88P5fH56+26cNpZVhfqz7PCV3HEwYeSwBvuzyjiGe0SsXDTIJKPt0fyQYBE9p2jlJ1HqZ1AQl9b96lrczNg7FU5uDQdX7L1pVOcYkf3OSraQqY+R3XdIaHgdY5TMtZU0dnSfe60c7s0cdqIMzG36EBzhPpI15jQym5SzQvV3AY5hNoYP32/XjCyzbc5YgSob7m4RkYaPXn183a+U4KrIYmSTjdPmnFuVumlp6vTFUYNgHbMshKx9tw2owsxevfz0B9//8vWb1z0LgDT6YKw4tNc4Btc6rkMBVEV6FTS69UdaWFnuPrcBskIAY2WWPBUAPqx/FSjYMJo9nE4Vua8bD/btAAeP9opWBVdm/cHv/MHttu/76qmCvcjN6WM4EnnYznpnBDQe8cB1BFQekNI/O+GNSOhjNveIKLtHrBXNJJ50c9pRGkjGWpkxhn//8y+frs9CcOuQqJm7jO5VCn3tP0+wceYyZZWYITNWOgzFWGkcgVyZJIZ5COjS4ISqgrm7MkYPnk7nq6Y0N79eL1MxU70Hw41SUICYc6Ri34ocwtGtUdNhriyaw4BYqIw0gmbzNHuR6Dv8wOsJ0u9UhB1UcVZKLlia4WjeaRlouNvLqjGzVsIAPDI9Nfgql7BhN52r6sRQVBSpDqxiYXCetoz04ZFBQ64kvfl4611Hrjdzh2BQoNqImQAGDNrbyeiWG+Tx8+POMd0He/c7Skqkmc0xK7SkJIHhs6rcXE4XFPSvFJVrhK4vZePbvauQkAGUTUgalcoirfbRipU608HjQRf8X8FYWUiyzD0F4rCFCsdqMuRS0jisN15S/mZZ1MZ9aDj1Yeuhrd5CD69k+7EPJT/7kG0eI7Vp95feWCEPSXNvFv3HCy4HKecLQm2G2kmp4EhtSPp1GyASIaAPxfv1T6BbxXmH8HuJFAmh71EHqszBzcMc3csgoc5sEYmAmfvsxsC1QtFwArB6rwbGGHl/gulyxlOGE5DmMBa4IiNCQRwa61rbnVXEit709rW8S3MF1nsKcCH36w0ZQK2IAhQXq7URRw+mPq5EW6BRJl9VVgwzpQNlRkaNbWZHGWamPHtl7nRXVzCMc/pa60//7F9GrHdv3+qO0RqXsczso48/lt615SqNgJS7u3muDzgsjwELh6HxAAkMVWutdbsOMzO62fPzbbibc0WZE+SK0Fl0+B71GKTdS9YPakPnT795JEmnb1U9TXayZQvE9HDrH+4nXBdHgS9evMzMlevh8XGtBXR5Z2N8uokNVbluu5nB3GYz6ZuPX//612tfp+20InSYZuoFMTXkNYRQiLUI7vtOs4ig2el8KiJXjOHuIzP04ekH+KDyA48ATor0EXrBdkw0xiH9egvxh2sj9tYApP5PGna1ygnRoTRqPFpYG/LRRtuzRaKQuUIpLnS9hMexDmbW7XZTlIMU85JnyE2l46wOYYiB7kN7v5utpequXiRAEHI6mtOgHunWTwpuQKwdqNPpBEOslhr3VVoVtbqqQ7dXVrHvIlDXX8NT6jO6Pwy6idfaUdzmEEhQGbT+ZavxMx6SS1SlzOX6KBX1IeFWs6eGYpayTkA3n3MDadM+/vTjd+/fNqpQ7fQWF2RuqlaUalSVmX00GwysanMS6WOM5vIASkNloOsAUdAQgWyttPHhxcvb7aItWUlznbxxqJIIzev06fta3//qq9Pp/N1vfj23DU0S9KAvU3UufPzZJ1ERe8CVn9tncVmNrpaqiEgUwTk3oeDHy9sWEbfWew4fNgY6O7Kn8JU5tlGoUuha5pjz4eULN99vN9JF94t0BhCr08RYTRfesSLR6JVBAyoV6aOKaxCaa7URKFxaYWSJqsqvfvR77969Wfvu7sfIpNcQpjkNTcBbD9CVQZUiEbSp3ak++fSzd2/fak7UgCekisd+KY+cqU29sNfKKCe284ZCZMJoPutgt4gy10Ub3739NmtpapRy1sdAMRER4WZmoxccuWYJ9SsXskMHW0RDSH3AMvrlckOlMFLrKIaMFAmTsdR/bTRa4vn5Knf47//4D54uz/vtqk21p4dOPeqN7u3T+8vtWbv6sUsp1MqG+fPlAvFHc2icPJqbxIlL5SQiKbPSFEeLQpXrzzEOcSzkYSioQ6jJSmg/FfUBSVDIQL36+LPbft33VWz9CKp8elVmBnu9ElyNQolVloDedHM3VQd3i1iF/PM//K/ePz9db1e32QP3Ifycc8Kwd3KlRlK9klqea4z+i4ZiTzL0Yc45ho+ImGPscRtjFF06jUo1vfY42dtdVlUNEmYrQjRnZKoa6NioGg0tnUxmgpYzUxaG7bydtk3REWvfdW/opLJmFZqHV4asfN/mAz37KrCBqDpsgYprRqF1rHqAx8l9m9fLVdNKRODIDj2WJxxQudTYUtT4WvqOWkmWCBHfQA13n+OQNPNOegDQDpxYktaYcfrUa65fSEep+2iFUYPLdmiH6M0hNc/Qz4kPgdY+NjnONDEfJAElDTD3zDSa28hIqQVplNtElIUKPbR51zEvE6qdNVa5puWuMAcadpf7IuP4paWB0bcLsbu9I1hTU3LH6XkWUVmIKurSY/vodE+ZptjWAPRKru3q8LdZoQt4D49BIyzWXBANHh1orb6RZnSPuq3+grS3dSwASRM8xyKHT7rTrYJ0S+3V1s7s7bSpxc7cgNKYVFk+VOUevdM3bOGdAWlY/VywaFk1x+yfZPRPdQwumruycWwek41b0eZpK5aNDbRasW1DutwopNJEwFhLv2VkzeHDPaITRVX143OUROr0ct7iRoaNKQuZCyBDaJIZKvVbyXa2mEQBPkYqKmAlCmulb9vbN2+++/o323mizN3vD2+sHbRcIoqFyjEKUenGzFpd50dtkofyzWUO163WeuvKOccwX7d97TcjdaMrArFKLd1gwQZReTpvcv0KAsAdvm1w846QFEiHjSN4t/1JKLh5Y3kFVPWuKnICVai177GHz+2LL37w5u0bfGCLqmn6vtvZzJuVgqJ7WzUdbV3BM8YoVOw7QRtyrAJZmWHm97FJv8a+VyI+/ujV8+UiMrG0/ZgDrWOpLGOnTJohV1bJ4Hj8/2V+L4xhkRkrIjMjlCqA4orbZ59/Lh1Y5/P0lmTsUewYWHUcASS1jehdQx0MH0mzlqzYsTBUmbsdfhr9+6V/jYmUeMCaLeqMDq7rviKULuLduKZLvf+ZQFYFOohDhAyR5e4o7NddhNTx5CksTS+eRSXBObaMJcCyoEITRCZbV3DsrGZEuY/KtZ1PmbHH0ocg9EuN3xKrKibMyOrhjyhUomIRFnuYDTFuWh71mWnKdhtzDhrWHq+/+87SfEzJ6IVLZcQ2ppuaX/WwsVNE5HwCgawDGzL9k8cHLmysEI8vX1yeLy2wYX8Tmk4ulydGp5Hqi1XUoAy/rSUA9uv+4uXDaZ4++eyzKjw9vRvTI3LO2Umybma+nU6xsqjiT9kQ9SccEXJ1X6IVGzciDhWNlHKEEiPQQoQUfZzZ25funqj86ONXWajIMd1oa79JDBO3ZfQuv0BLA8384eFcR8GNvuhsxJT7HiigeqCREWIMNf9hv+7uft5OqacTmhhmxPru21+zMMfWbhNQpgxhXgSHD6FNxXTzSLl7297G5mr49u3rbduGe3SgAYSm2zGWduMys8DL09Nn3//+7/74x7/4+c9bMi5bmgNVc3iGrskS/Xi73ebYiIpIHZDi0Ofp9OW/+Or129fas4HWCFJqvaLLT6bFuFCUaOBIXYABoQeeZtUnzJFGBfjwjOXDAGbEnI7Bd0/vYu0SZEEqjv7ba6i7ihaxKnIIxzFlJWBFIHJuynVof0WjzHo3BNGZCe/NKkFlAjsyy8nDkNfLpAK1eoTrcB4QOJ1O29hi9dJ8ANb23ZtvK2PabBgV/S3fZ01IyFHQDUezbQx5FU6naT7aAgUa6WSi3l2eMpfTAUEJ7feRLZF35wb6BNGh2KaWFYnyoW5sztM2trnfbihmRmR+8eUPT6fz67ffNYKT1RJ4ohfwjqVG94prLKuKlU4FD6Cq6CZ/Z0bdz9g+BVPiTNeAnys06/uceu37CyKRtZ23bYxcSzirDOmIbJNx9dHQIK54yX4bWCjrGTfXZR8+dKqoBQmNU+tZPu4hBchEApWR2+m0Vqi46cc//qMvv/zqZz/7L9t2UtBsuz074cXMqMg7yfGl73L3itQLnlFljEg3G35aK8xGX5baSBNUU6ybmXehh0RsZgQVbjvnKWJHi9k+fAns00nsl1uxLJVd2AFsxmOp0nPSEw6rfcDDqP99KOE1OpphjoE0KQoiErK7kFWMA6rPjIbg2zeC7mzKJlcFoFXVGIajcFB9gpJkpuajgpsx+4YlWJ2dBbROqkAdvViRIFXNmZJNOCHkVCeUVoNs7iEPDvBYOkDce2oJwo96Zm0RPkYCPgaIteJ03kKq7x6sunZ3+NBxMmjHPnlseu7D7bb+f6bepVey7DoT+9Zjn4h781EvsiiSEiWSJUqkGpIFDQwDdtsDP9EQ4JFhe+B/YPsfethoAx600X6gbVgtiVKRVayqfN57I87Zay0PvrUjVaMCWZl5M+Kcvdf6nsenP/yTH/3ki99++Tem7qdTRh4zbIxiRr5qiYiNqooVDMStJY9UU/eNeQFmVuVjjKGCiBl0flZH5qn4IJNZPUljFe9mLvhVM1JU3P3x6fE/+c/++k9/+c/+7//zf990a3gToIpaFCZ2HLsUzDULZnL7QuOY2+kcM9V1P+bw7fL0tLlnImOOMQoSM4j8Xp72bWwLR2aXAKN0KPFCf/g8QCO79qxfclGBilVrNcnggZneSckADUwKBpUUw3JEWO2govGhnpLYTuO+1HTw67J1iqIqzbf78x31vQ0tJtSdl0dvb9IPqIlV5ru3byqTCcpAmg2A6ojifscSH4LZ3B4ggYXNQxBzRtKd3agOk93Q1h/Q7km0inifin3+wx++efuGwYauntF3FTqgjdXCHZhTqGomHjasG9RMM5K+Hgrdb0QHz+9PP/vs3cO72A8zGh/pkzbT9kEKlZSU1LIqhcST3gZ63kVqZiUpzA2YRfFOB4FxBFEdw4tQcElmbufTdtoi+itEs6XKXt4siGn2rkhasruohIrQgrkJ0Q4IZ8eC+DZayEMciDsJJ4TCNjY1XSUkAMSGkvP54he/fPP6bebu5lzZKfko1A9//Psz5369qtkYg9SFKIu9aATX5WMSVaks0t9q/vzl8yCuedOuLcaxCjWZY1P7MTXF1Qs4jgMtweqtwreRwIwpahWRVSYCqQr03tjhEso3KnLm7IJV4jE+9HS+E1pG+tNQAXvRq1aqWg+2AYWaeyWHMzQganY+nx/fP379my8fn96zKCDacoXYD66n/JLnPMwNFEMLRKAKUdvOp4rIhIkWUqCiEnuoiRhlGZKFhn7RzQlZFCgSrVMaTZEy9zmvs6J8OAWL/GAosGYQQVVxRVSjCKBiTkJx/Ovy7MgIVXOzyCLYyEdcRTP5GC/Nfcy+41Uw4eYAMpKFAxSz8N1fL4Ds8/rLX/3Z67dv45g3K6qa8vSgvcwJyWcfRGLWei0SgHQ06rL+qR4xX715HXMXFgn1rI7jOkUVYvPYOcklwAj8qNI+hVjHq1EJxb5fK6Fi4q1WV7Ukk8ZTkb9GUFGiEhX393f7MVtVX6WiXeNVALUfEBE53584kJMLdbcMxDFRMmyTVfzFzOnFN3YYmpkpl9IVjWxmaj5jBsOp+sWPjz76TEqO48LgGJIwXNY5sKgaRHJGo/NNgzRkSSqvgM5sVqXdk6X1qloQd8cKwiKxVIXMUGe4fi7JBZj5wMVLFVmhyitNeNZVptnAInlMbJ97znDQLztFFNrPYEQUb9fFBlHIyFN9bKOhGFVQgGf+4uUnT0/vRaDiCbx5+11gCpSO89tgTC4yGFMBfnKSja7b8j0AACAASURBVG8IFCaibqZ6HJPQbR9ICTrGiCRUVZUKxEwqIzIy2aqplCavw0nmEcyjOZ9PxxFd5FScWsUYoWPNKlAUxK2KY/SMFKfYSVqQdruyRRJLPkVEqrtkpDFOkUC8ePb8cn362R//4geff/71N789Yn/75pWZSCKxiqgoJCAHw4OIdpT2R0JF1LQiSjFniJHQFOIZLz/5LPOYczfVaICJLk/jbAT077q4g/BxVh05nxbbKmpWfQTx+17blqmpERChzLyWflk59SbkVk2xMlIUkpzI2QZgpipuhhJ3g3TkKnf/XJynifMtWhRcgQXJqqtVQFG8LCj0aY00IFVibri51+ifWTdkg5/oea1a/NR/BAAxHe6ZJSZ//NM/fPXu/fWYolrK51yrbltwE/1UWLc5kb9vihgxZyGg+L1PPz32XfuJECnc3z979uzZ0/XCpTGpmPDRoWFNsHfcZBJvdPJJZiL73N+8+spFxO10d6eQGeljYCG2VTC1jDJxMVPjvGvdBmC274dWCfSnP/3Rv/8Xv/zd7756vB5Amt1CxsqHZyYnJQAxj2QgFnrbgmpGmg9mvJnZ67dvfvObf5zXJ5FBiJ3jXIlykjQ+xspSF505mVFW7AgX9dM4bafIjH1ChBMgUeJZKShTcR/PXjwL5PV6qLfIhnQdWdjhHpkt3M1U1VrTgqhWgxHKWrQiL1lVbPqoomjutJ2QWHEaILXIVzWOuC0Yqt6MOXp94ptmaoM4KGEDM5sRZKL5vwtu0x5JTqlKWWMu2QQF1N3N5nGIaMx5Myyf2N95hBQWWN7iU4J5a7KqqjID0Pnn0iy1rApJCiKT79Wr734HwMTQ1Hud78/7vpsOACAzxVe9UJEwHsoSneUs2lmlqwbSZTufIlJdzA2JN6++Fci2nXXY3I/hIyuDeRa9D6NBFT4uKYJKsKtFKmuMsZ22OSd5ZxNXoVSddpniOc5MknaXmqpoAmY2ZxCpJa1X1TTh2IYsM357wvTW8tOqcf5IEaEq4zTmPv1unO62/bo3mYl1u7RCj0LwOo6jKlXZz16NIWg9PD7dP7t/+ezFw/v3UelG50Ap6vHp8XK5uDkKlZmRTeplkxsVSZ+ikjpkJ1SJu4/tdHl6cjMzzURRH6EujdzDh9eMQnX8xg19omcRSX0tJeP9gSgvaMJRWpWungHSqhwui0Mwx0vAxd6/fSui9/d3c0ZV51+RYPve558f88jFt/CgHj7A/lR09qgUjmPPmeZDoPt+ZDSAXZkdfgE9jv1GCx37VDU3B/scYwqkEpkTktYdPaVS5/tnKnp9fJIe7Ho6lwX7cDrzzRIVM0Xh7gJRE3EKRosClcjJgNEWZ0EE8GGZ/HkgIqw7UBW3kUUGujYfY5zas6gdTIiqRNJMQm2UKDcR5azDWzuLKdw3woufJCEJjcyAPD28cx2VAbACVq3ZieIMR1GmSA8dwUQ2MGaEWibJTFctOCL2p6cxzjYMWVw1ZtWLly9olyBYr/2yLtzFbRteheOY5AyeHh9M3VQjZ8l6egVdTrsOwO7kNkMhgD/94k+/e/1t5mToHxLjNIx8ESVVVWY6Z8wjxvDhGzHriuTEQrkdUD6GCCI4B2jOWd2cKlU5I1arEo9WPebcfCzCigOgsuQChPnVuHc1smPw4bcyimpTQNNDurJUAIkMUougCD1KRVJ427mpRlRUs3NgwDP/0Eh+TQooo9yrVOTp2H/18188Pl32/YqGwltCBRolVXqeBSvwOndrONudesxRZTwKGV6p5YkzdYFQNJyZAo3juFwuApjanFNKh42cQUrtyGjsjY8e/R5moKIxA43Opq7w4rG5CL3yAmBsJ2+XWm+Sp/NZhSKczmbhAtGaIelNWgXmXgIbg6KvY06e+9oKLpJr2tCyac68BVFBNJDj7NQKcSmi0gWCYKRVgaJBaTki90numDD3n/7kx69fvfuDn/zk7du3r9+8FshxHEajJBe//mtKAZFTRMYYYEhEiSzCqpnXEjfLLEGqDhFPZCHm9XGoiVmxaAmAqG1GsJ+PHlNlKHZ5/tEPTue769M7flYmFjFVLTMEPVK0VaDpFG0dmHa4Lf2ojJ8ERWJABxixQ0Agyqxa+nFUIS5QRWQkEBlEIoLPMdBDf629E6Jcm7OPtcpafQDV3xHHGFGMDsald7IAOhjYx8oFoLcdXoNNl33YZvoFq3r/9HiZV2+ooD2/6o4e2LjMN7FM2Q+EFhTOfqmuVeXD787niBBIZUaUqA+zh6fHihQo3Wyq2qxTwrehRp0H74qOjKQwQdSQR+wX87OZBY9TtayUFKZ4F6vu7HS6fy4w37Y4orJ8O41tg9px3cfwu/vtr/+L/+g//Ks/+zf/9v/79rs3QC2bRBFpoFsVK8uY3EoRWTOKVwvAUnnI/vj49ObNsEFzkVSZim425+x7laB4FBQVYaooRMmP//BP5n49Lk9SpSrzOKqkEnxDG87KFMDHKNTlcuW8yvOs+y4AY666Kiq28xYH26Uqm0qll1PUPDIrF0N4wyGba1NkojSRZqOdi2htzw21Z3QCmnMtRipJP1EwLB2AstJsztYJKSc/y4zMYHGtaldAqLlAqIhSkTnnJ5989ns/+PG33/xGxNS5dgT37AacgYYoIeyI6xUuwfcTPHHVtaUOkLZIrmeZh1hlZ80yR5xHm+L5i5fX/cIOWfDJYBNRJ3yaQEiiVVZF3YhQ6vlFUFExQ1QiJrLMt8o0dxt6sIl9AWGLNeJnrdozAK+w7C6f3qJRkRCVUkZGP7u/SymIUkzWR0jdlFn8RDUy6gh+L6K9r3WXTa5xpa1t5dtQ14oa50F9jao1p8WhujpGOq5TbRDjxm30NyeHDEXFUluVZFZGFOA2rk8PVTnnvF6vpm7DzJSzS0XGcajQA4CMtFakROGDt0EELVBBASwglKf9ER2s2WQ2Nbs+fJU+KvvnKF5TXyVoBSSWpks6565/AkBq204oOerwbcz9GO53L57PnPMIrtcCUTUikwW4k4uMnPOfsLcZVUcex2U3ZcIpbdkiwgwvywhhaxcN10nkJs/3Z7cx92t9CHlQCDKStaykZ0SJWlEdqKp27NeXn33i2/b08Cjmlalmx7wWupW2ovo0qCxFpfg2CDmP0yCVf747qfn18SJOByra5kWwi1QWlp4YFLg1fySic0Yy6d80aL0kF4OKOdVGCzsaPVQRS61SIYjAkBWKsulYUlnwXscZ9/DBS+V8vnv//r0mBGCxaFVV1BHBOcncjC7kzh8zd6etM2ImJwBIZFCHE3Oam48xZ6jbftmNSn3TP//zf/YPv/576cx32DDRdrWioCo2LKuQJU5Oj68cfXEQCJMMRHgSmqrG0Ws/Fqb49be/LQRHQz7ZyYicCKg8f3Ffhf3gvlcQmTFz5QdwDlDTRKCEiZXswRBVGqnH8HVRkULsU6z1o1UA5px86+fc55yMUW4ZuVohqxImLKK/Xi63HCrOOtn4Y7GshUI1tX7K1dbkCGREdhVdmjo7FEoYbCXSwB6/8SamuUeoqep4enqgCleEBK7cwmSwRBFqreEjISXtuuWDLWxLRFsPqyEA0SqKYEW72kzMRBfVS0ZoxcNDnSGnJaIxU00H0UoRLqVVYBE1311+WZXV/HP31aR6t6RXE8+YM9xsO28VIS6RhCtLITMmCVuO9on6H/7b/+Z0f/83f/M3VMbysEHLK4CqqNpOJ4iU4sVHL69zjygZqq6sp+jJ3riICYPYmyjm4bsmSIg0SqOqIu/ePULsyy+/fPv21Ta2ymTiHM9w4rUiEvPQ4R9/8um+XzMS0vrNpVkSViKaYmZ88vH3xzhdrk8QE0jOYygX2uwbuJFpyNJAcpOneMfcAnW9vFcVF2dTtUoLukkmVokPliJlL48oVBtQVGX9RNr1iTBTEdHIuW33qnrUlFbGt9WS+FJmzShVxt1K93iLZiFyUuHXS4XZEk035KEq7s6xnPKbCpSIuDEhMCNytsxBRKzdvUCtK1hUva8qUhP9zUJypgICn8d0ddJIQvu+qY9ToSqTj3u1KbZDirgUlqCy3Ie4qLqUvn/3HoXhTokmRAIZM9xdrM97E0OVm3O/nVkV1F1UJWxo0TzIB6xKbWQmGy1p6+qaP1Mzp0fZxrCxReZ+ufqwyPT+64spNjc1nfv+D//41d/949dViLm3AqO//ebhadXBUjxSIJqM16zMSBGYKXh4q64BKkSUTl9pNoxzIQJsYKY/QtXt9Zvv9su70zb2/eCySuYTS/OsyuwrUYDSKWn/YZIp5cbq5hTaKLTaoN1vJZlnURKnnFWq24eK4063sPEq52X6ySffm/OIY1JDpUQ9OGsDQgiDotCOd+CpArOx8bACbhk6IsbDtzNBm4lAra/ZYxYdXYnMKnd/eHz/8PQeoiw76JWzpJLZw9neHelXpujdNzWjTUeLOdktWqHIwZWZqWwVZHiSovEVqmkFBMOenh6Qqmo3SqFpPkDE+EQnQ1LQA1xltdW9Vj4MU7SkX2OIxpzHftCbU9LBWvxYud0IpVoo6FJLCE2vNo9ZGSregisVVWybXa97lwzwSqsiQ9dtzKB1L/kcaaMI5M1ajJYR5GGBaptRzJrTTMc4xdGPLkxLUlTUtFJqeTxUFEsaJCkCiRkxDwYCSueCoy8N1axQ86y67ntzs1FZQT2BDj/dPTP3GVPN2lMLYaeUtBeOrwlIPGWliotUxrHqeII1eJUlpudnZ6HdrFqw0F9ra5k6Zr63b5RAfAwpZEWhkzFUZdb84otffPO7r1WtUHOmm82ZBMIAVuzxWag2LfQNxr4hMdMM0C5WqFxYWlZiBsuntvMWM2ImsoTRsWz0puhJuQ7SOxVoq1OZDtBG1iJsLrpQQTG+d4YN57XCECd1vb+7qxJ17oGtxVSxzDmPIyKA9pvNGTnLrC/+TBRPQEBF48g5j6qGZluqwNwj7pDUCVTlLFNTscigPcXVOHoKWnoac57u77/44pdfffUlG7765FEtYM7IiNPpRHaG38XyWTTUhZRAFZJ3jbm1C9mkO7mTnVYSGSAAmTgyXnz0UkXmvtN6C/bDi4hKxoyM8/P7YZuonO7Ol6fLt69ezeNwtRnJ5zsiqIGhADOrYlKDxSGYMWIEGq11ffxizeOY/HffNt9GNTO9Tk+uUF3ELTHTh8cRxV2FNY5i0IrsbLgSqUipzkXhZ1Q9KytE0C0rxJ+W+6p5rcCqauF504bw6s5UGMzIb3NTDi41mWngY1pMn0SlmCg0IWg9YU9qwYZj40qgoiJu6xWlNwWFDKqD1rXRlvVCVhDFVJXh28PTY91AU4pb+BuBgUHVHMviLLsACBUzzK0Sg+NUpqhElULGNohCkjM0a0tUZpTUGFt0k31fNJkM3sx1utP4S36rnPSowMxrHdlMTCfg2l+38YTTuU9QKg0QvpLI0kJVZF6v+w9++Ad//Itf/cPf/y0XIVb0igj7mL769tW/+7u/5ZO8zk+e1Gi4kwdfUOBcOaeqUS+UMxcn1rIld2PdAUSavBFezqJtoSHd3k4AIvzmPiO5wPEvwfNb3cx8PYo4jl1hVVCBjY5JrTXUm1gVvvd7P8mq6+VRfazLv5eQ/u0aLiwqVptU66IWIfYRmWIWkdt2/vjlJ9f9klXn8wZBJbLyNAaVajenrLaKo6CSlaJWDBI1+iVbYfTyo+9HHPO4GpifwSB8qyhTyypqKrMqSNKiTdvo8H1ufUQQ0cyLlKhhddlWxjY2Ee3j1yQLBl3NOtayVyLXSRm6tOrSTJnnAaA6YaAKUEHr6Gxm5x93tQzhpKyslH7xxcTG2MwsYm6bQyUrxFTdsir2aeaA+LYlagaVCVLklXvZFnPnMFWilZhkVzjD8SU1bwQDBSk1jygYsV3YNqRDyDUB8zEj4Zqop+vV3GKGCtTMh98sHzNjG9s//va7L3/3Zs55XC7HMWmRhCArW4VJcK5iYUsFoAJZObZTttxLW7pSfbZk0cVx82WVdVVCQVB5q5ySjmA+djfP3goG1VOVPcC4u/SS3sYbdYUgGW5uVolxOo9tXK8XFRUmxFSyJZOPnwAZ8/nLT376sz/+zZe/NnNhAQtRf+20m64U6A6luFwfENPVooEHPi4C6Opbb1Erssa2qfRlaqIOwIa2cF9UQDVsR9pxfV6YhwC5nTdRKZ7vMyhH4R0s2psHj+sWPy5wSNUXoM+lF9bxqNV4knYMjopUZUWpeFSiprSDnaJGZFRVnc8nM43O/6H1PlXKVNtXybV/9eV1R2Dp1r8weGpnlqlumx9zFcIp0QTeQtKqqeIu0TdHh7jhg+OhVXHow4tTVCEWFwMAx4xbUx+1RkKvW5afxk9+/w9fvfmWj5GZtmWE1mpCCAmjtSuDpzBlOlJQccJ+fSJRXLa+DBR8s2fPnjFmm1cKl8kZ8+7Zebs7Xy8XM6N9sO8JiAiybh1tfBLW9hMws2huq/brlapy4p1soxFVpqNmpKm4Ofo+xZzzL//iryLr8d0bHxvv6Rnh27g+PlbG8lo08sftrrENEVEmQleh4wh7NFMAyAo1q8A333y1jSFlx7FX1vDu1MONLJNm5NnIkL1ylA1dzEl94FVQ6FtYbZA7xvnu7vJEYQ+wdEoVKVJsbBWaqjO5UQARMRNlUFldE/yoVWFi++UK/vy17kSlGwdz5n49fBhpTW6qM6L7BNZZdrDg4u50xJEgKIMxRnWQswByOo/z/d2+79KBjL02Ne8s6M1ExX2IGX07JuY+Ys4OHFPJijG2675/+/p3rioJqWIcNaGmzMnHCRBWYlVLpyDapaeZCSxjBjQi7u7uZk6OJtxNTMgDtCPfhlNaU5XzOMjRcTxWk5v6RUyPfTIDIa45xvj0048u+64GM2dyDntPq8GHzpnnYb52V+KJhDpLRce2mdk8gs1pMUNVI7JyMvQwqTrvL4lS03Qz3yhzamewdLpLR+/904cyoyURa3ACIkVsnDbfPCLwAYRkmLeo6bDBUbFbYDPdnW2+taoSWyWPxeeTy0KyS5H2chtWRR5YzUUghLqlQZNagk5uTh0XzR4AZsR2O1A2arNtw8xpMYojjc04INNY3oo84VXMOYYHGb/WWplUohg+TM2Hz0hql3KGuUFkHgeJ4qVNAFQyeo4lSh0ZiBU7IMs+uJ4Y9J4sx3UvrghemWE+FDLnoWJKIt8tb6Z38CG5AUwUl5JkEHXNLFUxGw+Pb7/79mutNBMTEryZWccxxzi9e/t6XvdIVAb76bBWZQJAaywXE40jFUp6ja//aVgGXHr1ovEUlBTLWlx1/aRQM80sivqZ505iXlS1tSZ87CGqx0Hnkhz7Eccc6lIlRrDAqoQTjCydoru/evPV09Nbt1GxkA4TtX5w1bSQWsm0FpKsJKDJWPIQLtQYA50PbjGPqtzOp6yKGW52GiMyBe1WbzpdS6T/LDOrEqIbkkFLrqntx6Xm9WSDh7cptB8ZOPPZUJEV/C6zKJcWCOh7KnZlNRjVZwTzDYowLkyU9J02RdLwgGH5O5EU45cAwrGMntE0cYHMokQkUda8PjjjtvBdoFLtzwF1HBR8Aqzv4bZXhY8++fxyfUQpCzFFVMB4dagiBWz9pF+hopXlIqLqRXGdO+echjA7cFMoYGMogyi9dJyfDCrHnDbYb6Qw2853M7gs0CKI091pO20zpojuc2JmZB2Xi6nsR+zHccTc9+t17zQ5Iui3O1dE8gaK8+dcqqe7u3sRiXkgSY22wHxJxAWZNoZvQ7pEUnO52Mk5z2OqGs+g2bU2JpDKYo2mqih0RtL3kUEPrWRQct7YOq+AOXda2WYk5RdEfovqesDNHh7fffPtV6fNIZoRgqqKVodCg1AhuZ2md7JFIRy/KTqw/nQIG1FCX62t6ZHEuoeKYIMqEU5ZWQ2Nd0Iy0zcXQMwyYu6Hu2ck08JVpTLMHKvJaAyfM1RoXapnz58/f/Hs8fHBVIK6K+r8iJmoCcWC2ghQy18Vqsr9lg8T5wlIP9xmtu+BDI5/bellOM9ijftkNA71RTsQUFHRGluAxpW75/e307xSCmWu7lZI3Jhn7o5L8cm7tzo1FNYaAVCzWli0Sw/8aE2fSFZwrKdCmDYAEbx9/zozpBscSxS5B9uwMlPg4noc+2mY2tjnQZS65zA+3Q2IZx80egPnBESNmGvU/3TBx3Z3EtWMo/9nXgj8IBb01DkbcvuLi4iUSc6a+8Hhg8rdZDo1+pGkFOIHv/ejkDwuO7MPTS1yitnDw/uqSE4fkeO8ff7552+++07U+XCotr29ow+SVkVtiTxPK8oVkmSZMCCiChIyfFRVVokJaLrr2b8gHyISWjZBXYfAXLdtAySixJT5F3xHOm6hkpvfEcdxBHNp0CwfVLS0zudzHJODTdH4CUAq5vHzL34p4u/fvVZzppIbcWI6K8xgMiOigpe+0NFhNCFKzEm4Ymxb9hmt6xNvdsQ3VZHjekhbePV8PpnqEUfTYyoqTHHl9i3UQTFhX2hA5iQ0D8ocZ0ZVzTiWrokRZ4JWuqeKssQoq3S4qUMrcrq59iRXqOpeNoCnJwNSaCDjIyyCu2f3AqXpqhCiMDMVp5wMQlWYXp4eAZi0TXa9gMSToYI4Ime6a8wAwJzbfZ/39/dxREVmTpGSYpNRqKi693lYNz+fmCk1tkyLz4wMJvgxV5Rlpx0oQI2fiUE0K4GqLDXbtlHQ/QhIT/8QmOr5fJ4swyqaA7Wq/c0UPFDdwuFbWgmSTfA32LPYU5OM2aKvnv+EKzHQyHJVh2GLqIv6sJihZu4e8YFgUxWqJTIyo1TgQ9FSBGmc/oOmVIgdVCXb6asqY0KxjYGyu/Pd+Xx33Q9hiBmQCfYtojVBaGUZdEkp+F02fVxIa0OYqhpF5zMmAHfNBcpWW8gS1cB8KdN+1V2zym1pTOr2yhSHcYIIDCJiK/nD08Nf/ukX//1f/5f/y7/8X9FEfstdqqd85cuiehN8tTMSjVkJQBOX5MQ2NI9pYiorr1AEUjY85zSzFMQMH9va/glqaN3oMmYUkMvlvF7gJ6Kq18tF3VpyU0n9Uy8AIqqlKaKw4WYOHlrsJeBvoqqLhqnWWYIiITXzYRFhEFWPTCbdceju6jcXQYH5nhxBqT8B1NmKRoqPhxakmaIylTVyYHGR1HiUu6tKReSMY7+WlIjNpAddpPWmpdQF9N28XLncn0sgZuK6QvyMNpIZUsT4YAJXM2DbqLGIEglGQKgGXx0tM+k+xDXNcx1oyIzgWUK38ezTz37vD3768PBOwFIRUdNeaWa0Vg1VgJFYYC1xLWGTeROehZ/95OevXn/XwiTF+mQ5cYt0p4TepN5c4hXCIkigqqaY/+znv/r2m6+Xt6CfCBtWKufn5xKdMxm6LyhlPBGJR+50TVNiZvAK5jJQwm1TdTjUZhbfMDUX30xV3YWLhSnECoJI921sZ7FtnO6AZAbU6e6UM8fptO+7O9toivxIprB9BYAR4yw2ha26DOYm85mXBoEio9jpxq+rU20pvio+6jpM3ee+R6T7YD4T4xZEhPC0sgKEgvWqmZExfVg279BFFfxNhRmqTQdTjVPbGAKZ+yFuPB/kdjCQ5ykBPTNinHjp6K3KFy8/gpoUZGgslNx58EBmUa0EoCQJWHe9F8d9UGsAqFlUzqNz0k3bHC1YsFmjvpwDQW8oxOTu/v44JkoqA1U2fJy8RSVVzcmoZFYek6Y7EYEijjrq8DFyLmm/KPX4NOBWsy0SNSm+q5tTaaFWCgKQ6MuQ9y0qq0wUHQMv0sv3hz2ZcG8tZp4DMfuMbkGrJlaQ6/WpIt23OXfejRTgcrQSFR/GXLeom/kSayYmu6QQoHXI/bejvIdo/XqasjpUWyLoGSCzi6wy8RJByxWVq6MITNUEU+Vf/Nf/3eu3375785pS7OYe+shm5mYtjbIJtKoiGdpQcz9QamrJdEJGRqpenvb9cnVzCmyo9S2Vfq544fI5IsnL01ZuYZ2MEyRZvFhqws4oUZ0x/+zP/uzN29f7/iQwXkdm9vbN23nslB7RMjD363XfZQVHZBdeaSNh/IUs+KXrXpr063OBAwuKj5WqMhSBtBM/n3kEmKIlDXDwRFg7EVSkImdkzEMXIoqWxyun5xY29YBIX9UHYVXNUrWckQwBbIsIsjj6yPvH90+P78bmveiy+7UahKRrsDquC8MNH4YwCR5P4LGhkd0V2ptn804VR+yXvQU5vGkKla1ioizt2A+IKop+X66dyFwQHs+nRJWpZWeAo7c75V/W2JunJqY2j6OK6ZgU/xzFeh9RVrYlGU+z5tUgalbIFb24NqWSp6enGYdpJ7i1yCGyv7vW6tXwgZIZUVWQFBFGpFUuFF9QAm0PnYjI4/sLSb+YERk//v0fi43L0wPbNthygMaTjH/3mAmBDQsmgpSCQEZbiGqlWWuiRJFSZoQB0syW4qxo9ieOXqvaM3hgzbYWoFEbaeknSrCMJwAgydQnyLaNDCB1lZp1Kit/P/q0S1ARtXphOFDSeqGqc8bMVLPM4glekS0lEI2ZopKzi9gBlFYG2knWm4Us3KNnQaVKoQpaLErjP5Hzcr0wFJK0LbERVao4+UBLYxlCmA43TEOllSuibFyuiIkl+hdIzIkSH4NDn6izkQfErah2A+YxlSOaayRKi8i3krgfHRIgqmaakafT+ctvvvl//t3fJcrVaGTCep/5l7N1Y6IKpouercajVZCrKge1bZv52PPg1rCdz4+PT2NsmUcVnn/0fPiGLB8eES2nK9LpFPiu7Z3xOkvewyyRrHr+yacy9Onp0YajD3k2hbFFwHlcDB/X60EwVfqpEbfOKtUFpUHQ8FWxXwVVQdERl9yqIk2UVYxnySpSalBuH2gjkK6yKMEYQ0wyKJvmh0Tn2M1k1cd+RgPk0qsffxapYhq9zSBCJ6LWWzOvfhpA0eW02/DTcGSppBZYU7L5EClIEkJnkuyH7gAAIABJREFUWYQyVgByVB2VEK1bDopacTwkg0RXqxKZxQ3jV7UE/vl/+l/9z//j//Qv/9W/ev/uNaqwrFA5g2roam6wCSOiT2tpVJQQNSit7958qwImEBYoZOkZylxFLRPilkIbYTcaET5DVkS6Wdb8zW/+HsDJtxklN5FhS51kv0TfrShVME6N0f4AKP0DxNxETcfIaBqpIU5tuoaQrvm4f/4RCvPY1TQCCfFxavRhDLid756//PSziImcFTGGZ9Q8rlolKIqCo+qHP/mjiIzjMGZSRqmRyVyuJBGI+BjEX0yNGKtAgr2+JGpUkwoCMLBeC2UqGXnMw8c43Z/nEWUiNjLmdjqr2j4PGop4x5mNGRNSpjZsgyAixJ2P7JHTlNkVuHv24tnd/dPTYwGiWjH5ZbMymZQmpTQAixCSdBVEohJIZt+52XY6XY6n49gJPhNeoNynAkbFmzRkgkpVjaqVt4mKYiHSsR+fff/jjz/6+O3bNyJCnKDUrKv4egWgzoad8I2jH/ve3MAaO8gb5Az+2cHZoo2SKIUKMmFwU708XXMWp19Us2aZIT5UkREvnr34wec/eP3qFfV7fM4JgfAiZDWZtMhVKvL+5YuXL54/PD5In1Dabw9VWDwIsleI5S+SzKwl3VRyBe5x7HfP7m/mYw4MxCrkNhvWYli0N+FeK4s1Lr1QczUZm7e3g3aYqlq1x3wue9jjwmY9oKAQBdHiptGqBCmyFmKWKn/+V//Bu3fvvvnq16J+GxgIhJBjXQsPsS2wvRIohTz76EWhaC7h/sycb4MM+qh4bfEKqCqkKu10pSwCy6I/Qd36/0KJwIcRcmOjC9ox2dO5uf/61397XHdVrxY0C/9oUY0qGy4l23lz94oY28issW1mUtXNr5RYCtrqVJWVaW5LZwEmXAhub0Zl8nLoFYEfuptGR4uIrNjHXP0DhNakV0pVb1EgNzp1en36mmHkBAMRez8pEgW8X/c/+KOf+djev3l7//z5+e485ySgtdS61rbGJhgiq8DgEX4tVe7q7oBkhpuaW++WygsSc9+VwjTyJKYZYTZO5xPU0IVKbDKumNkodaX7IHi2vIH9mKrdYlvJByc9WyIExSBiJei26WqoDpDosY4yhZYTVHaCJ/8MLsVRKYCZ8dDgJ7YCugBAXSvFzfpNU0OniJUtEVdbZhpEqcoiZLv0DYREJSNupACzClVUXAvQbs9ARbAcjZB/zqgCuXhGppmbDjuOkGxJVwnMbZW8sMps+ZREI+JnP/m52Xj38EbVsUBJtEqwn1CgrdI9OorLDVMERDQ7bQjop18FiwABZoSZzcgSmMhmHrSdIocNMrSRwd/t5fNPx9jm3Hlw8Z255Y2I6JyBgm0OQIfuRxCvYLgnlO4QWYby5qArbsB03U5BVS0pVY+cNjyjooLHOA8qOi0zOKCSDUhyZHSHLZ+C8BMzWWB3X5ViZjY0YkrBVCLjk08/a591lLEcyln+BXOtZIEF2SfEjLE5NxhkmUoV5lHmskBQno5Alep4//5x8xP3LqwY/i4JAta1Q70SSJ6slUDWqsObTCKzkAkc+64mn33/+wLQ4s/i0evlMsaQqorkg9oDP/+7bGFPZWnTHX1lj22bM2bu3H5VJbI5DkEPdgAEcv/svoCYE4yFJLrBZDq0zAVZy0opsp4S/vJeDPrSXSaJVtp265ygjIBUQd0UxmNWVc20kLResYF4yW5vsixpn6LW3d29sE8KLJzoHyWzmKRsy8Lk7lofltvbf2pmCpyGI1OihnocoQTIBJIJpJQYZDNH1lCmh+MgM12C5pQpbusQTG0MsGWcnHxUjceGmYjZP/72u7/5f/+vuOxVTQ53umujhn1DkhLXtdXQCFOAKEhhSREN5J6smaQaeieMgJkxiFOkE16J+ywYVBKdza3wGWHDfN3FJcp4t4zyMdSUSTBZZdtQBWS1yZqYm5lzQDr28LH1wsU+AToBIFk1I+/un18vF14JJTbGqRgx50PdZkDMzfTh3fucs6Lk/Pz84pO4vnfephkRebp/drq/e3jzau57Qam1YtjU4thEVMRt7uxHXkcr9yIVWTnLzPyArHZ4KoXoNRvGn2HO2J49+/wHP3r13TeEU80cVRHHsl3YnLMAU7g7Im5vemSauqm7Wlad758J5PL4aOMESXJIzThGuZqRyF7yEmtQTCkfzUxG4VXV0/VRIk2912B8EKiiivYDtA6Td7AUSgyrbwoSoCoqIx4e3hcpMuliDurvSWAIte6CWlAhZD2zvOAFjJVL5TuswlpQ5bcjUPcXz5/PGSxDvrURfPzJR6LY993d1aSDw6IgejkeH5+eRNXVb0CzQFdVH/MhOs4BEDGfcz5dL9rMVKsHeI2otECuf2ZKhsTAiCFpUVzvjlVp8pd//ue/+fI3WFR+zOP+2V2iIss2Sq9CbhBaLwU8x4TwChq4EmOYcCdf9AHd336fcUsuacy91YyZCwuQ9l0QKiBBRFmUmMq/+df/25vvfms24siGBAERhVafMhwXGiaGqohLJtQkc84M68gqsFQo2Waq7Sy5KQey28oI+C70glAiqjF71aQCj6sBpCGUjnLqWzCzhnsm5jEXUI0IlBR9LQKo6djGccScs1Cxh5+cGjARvZUn0bRnJz/fnWdM8eY6ezdY3EsJusUHQnuANkmfvnX07Xqgaz1snDKkiheCrtLWass1b8hsJiKixx1AxuYUgi9cngO57Pvl6foYs5HpjBAsdrtqxhQVMUch6Um6oZfDSEYgEZlzdroiiSGRDnTj1Z2VRNjmPrdtvPzoxdPThQBhZqproXKmuAJlZkTcxjZuD7GBqEPL7chmomdvI7McmaQXzqc7xmIQw+CTrO4VUFdTozjSt+Fj0DJ1zGl8rFoQIbUSEnRlYBdgAt/8tl1UC2rEfURUuzykKqtDG4ji9N7uPKkqila5sQ0GyjjtAbVMOwIWYQnEbVwv18gYvnGKp1mDiONC7UsoJ8imdXuscF2mCyUfYu4cX0399bs375/eDPMe/7TJGRGNOgRQcWHtBnmophO4RFJ3xF7w/kjRFQR8FCUzzX3bNnOtquE+4yizL/7oF09PT8dxUXP3QTdOAT5OmXndn/o0vH277tAOrpGmtSZF4Ga6bSO4IhLjX7HuHHiXzJhILeF5znI45vyLX/17P/r8h3/3D3/r48SloQofv3w+I4993zYv4LT5cUwRYTABQ4qa08umsolEsyw8o0wH0YqSFgTyiN9O58frAz+7sW1ZON2dVbHvO/8WREV8uBQYZDxp1Jmpbj42P5+gOCL6GFYRtXlMEdw/exYZxBMoJG5Ef81hPHz7+2uNBrjDtx21kmgluwAADHeg3r97vx9zG+OYISJ8liOzIgiQZMs7+sPQ/ge34b5bhegESDWRilRIy0gbympmhnheFo6562qaWNcUz09dtmMuv1oJER3nTdtAsgghAarcjaOqmfPyYyeaNmdDb3dNFjbQ8WKOD/ejNBNUVZmilv3RW1X6GPfPns9jRiY9yt3tI/2ouNmM+eL++WcvPn06LlXiTva+TE3EyJWiMIYpLI+oGaLGRluK6HjJ3Z1OQ00F96fTPud1JkxmrdQqUVRHoUhbb3Shg6UMmG6oCZEJ0TffffNv/49/HQdZBC6KnV1LllLEqFZTNBNShdZg3zJXl0otWVRGcz8TRntLVjUXs0gqq2TBkg2KocVGWiJZyMLpfBKxUqqltRE2iJqZu0BjlrmKu6hktqGf/BxSOhXDlXg455bO593GPOgK38Z2qs6ELVFTKD/K0/3djDqOKLMSKNI0pXJWvfz0+76N67tX18uTDVcXFT326+vvvqlIt20/JoN0FaBOpqrymJlpbpGl1N/Ss6GSkW78CWScBjGO9fiiShi+IUuRaKamPvfL+9ffuTof4GAQOe+ayhlTaOBEFavQW9KqY2x7HPtxHT7Ux8PD+2O/juFmmjPAZZP5ASU+DMA8gqAed7u+kTnio63B4AgNVWnzBoWGRUwayVYovvB901URm82Zq51cttMw906HM1XA0JHtWCpOZtmAtx9Dryu70LGH/yKmLubjdBrzmGa2nUZlISAKpuIcx4EqhQl119yfTeeMYv0BQepMDscmnjMVDDyOhYqx0plaRiif49ZscHCkyTf7OF4CL6UeiIS+yMKIC1UK3bahqiUSM9T6rPmHv/9bP22mnhncCz/7/vf24zqP2VaMRj1uSMmCXlp9w1Wip8lKxDHRq5rGDCyGhlMmiCHIAqt5+AKAGIxsPktPGQTU1b8zhw1VnzOlyrrWA2CZyxHrPO1FonnJxlrsuE4OFDmD0QCoFNXZ2Zc3NoH0TGozFiC0n92vCBFlKKVkqWi2VIj5UwnBnLQ9CVJUm1RQE1GhtpXNHeaibXQWZEXN4O1LuULVMY/qID/GJBR5zco65tHY4ZEiYmP01lFJrJgfJxvWyBX4sCqZ88gIFsxlZ9RW054qvOTGafv4o4+fHh9UxRfJuGxeAkgiKe4S6Y3HXPtltpbKCKwq4pjuIzIiwvpsaqBbVYokuHKM5u0rFYlCzKkiToqjsMLvZ7NigJsUamznsZ1QGO7HnKJ6zOPYY0YAEtcpKufzGbJ+h5xE2CJyHrkI/eKWCsDMRFu5QWhdxSKmUD0mlI5M9qzdFhIzP/aDSrlCqahvtm0nWgI43UaG64CI24DozGmqOqyqspp9tuHzmJ3QBQUqIs2M8S8L9GlFA7sOoMio4U62SM3un93t+5wR1VEVktkUBB8mVVXTypSmRiWCyza6N4DbthSPfjU99iMn3LX1EkBkZEbTlVjBrFUxc5AoKuVCUoWK6ChSKTd//uLF9XIVgZslKlUrQ5nRidYHELtycTEjcghFr0xVauamAkEhO2XBEhGVl8uD3GQUQCRMdT+uc+5MO4WCeXetkARj8qVPK4JMWhkREdoD2VKZyjIboEcrYftS3w7VDK/Z77775s37N8qu96zKlKyPX764HjOZHID65JOPr9e9KtXaUMs1rfjMMxdIjXZMHQaIuLrpPCJpEzMzG8P96fERVapeyBnToMdxrZmAxKTmkzZTRIQNr5KM7GXOzVSu1wtEh3pmNbQjIFU13Fxt36feaidM1U0U8wghIZJlpkwlhTYfThUfM0fyA0PID5s0eWMREVW6ZFoNNC3Yo1d/GgEoal2NAMQgxPjfmkMEkX0VNmhfEIW5CCER+thYIlmycFQIlfGtR5UV1NfNDM2n9tyJquooFukbrCiEU61I0hZSVajT8xe+nY7jQkcQj3CDRqvOpEpMVYWOYA5kZlBATf1yeZo5hSmpotKlbAVJU3XVyHp+/+LH3//8t99+U+sOXQRMDVNXNUVFzGMfZmrEBwIoV3Wom7mICaz02eksoo/7AbUU7FGiOgtMjIdItstDKgtaykDeWs08Sy7LPWGox0xz7dLIBr+6tTGZH1sLp6zW/UqDD+0AaXSqaSX+2/raiWrR2FS9YqlU9d0NU7Z+y+l8Qnz4CQlzCJCRhaQyOTMQDBgFUBk5fMx5UFdEVFFUC/BtHBGV3Mcgbk2bw8RsO58qa3OP6xEz1HVGiA2oVKltW4Tcv3yxPbuvwOXhbWUIYCKXx3fvf/eV5Gw9QtGIrAoxs8xpSrhBVDAjCAHBoOolikhCNjq2cbqbx24NHdPSJgK0yqNTRcRNCRhB4aIRB5KxPMpwMobFaeMXVV3BK12gC8LBycdyRvjp/p//x//511//ds5rAsVwLbTelXELpmDESRXUVZUwUEnTESUGczdxhUREb5tFVzp6MRd17T48baVunxUF7si8mKSxfJZazGBUKCCRZeqDvxkWw3pjWgnN3oTs0sdIw1m8hpmgR6f5jCimsUIqwaZMrh6c2gQ65xHHrtQ0zyL3p0IDazZuCvCqkOaRlRcz1yZ2MTZoK3DGBXJZWG/gmvu787ILVHrTSaCHqjUuQwU507cTUvZ9B+2PhYeH9xFBlUjdPl2RD7pqHoDS63nrMZehVJdjRtzGGP0mt7AHRe5yBVMQgClld3xQqFMBVqZLCy41s3SwUmnhtIwrXASBmQqwnbYCGNLMQYcHBrdVXvZAzSMyY4zB4YX7rhSq0txVDAKDiWgGm7Z4Wwg3b4rBai14KzoTVWC1wHDjaq5GVVw0xL5QcDHp6MGCmtzGTXIh3VFBDcSNhOJpxRTXUlQp1UeCLteg7hOgWN3HqOreUF7VSzLY+HHOELP+Gos95ZKRj48PUmC+OIB5JDMvRUzc+NpV1Om0ne/ODw+PVYXSu+f3YxuXy7VKUGkiohY5l65atK1aPJLMWIfH67N3XFZ886CviPRtc/dj7nSSVGEMy5nqihJ1iWNG5JxTpMkybn0ZadZmx5kZ8xhmIhY5291tAsCdoLuodHESyXqO16bKWDThvzRlTUUd7YHSJY7Ex6rf1ox8enxClppXVX/7/RZUorbzid8at3W++xnZdiU167wmiYztdNpOW8wpHZtO2ieDLAozalx+9OMfv3nzdu6HcWHl2KdGSk0ahhcwSY2RQarVCrMyNZY+jtMAIKps4KoqXeB0UQOiN/WFloDB/Owb+Sdmecp21sVtAlTMPN/d3d0/e//43szXqxq00SzJJQQiJihhSWB2nBREVQxs0jmOmDlZpKpDq8TNHx8eKqAiERkZKHF3fnHSIhT0ZdYLXiA4urWFEVpZnHM6+ByQDIIfnOCWJ6gNVzW2MU6sKC7OjlJalcdlh3QTMD/5949PMybjiWLmdd8zQsQjpoje3d9VVWbaWIxR8knFrd99HrOkzIes5OpkzVbryBnmyLM3u6SeK4woibjIID/JSUtNKM+lWix7h6GepwiCXK/7jJC+GWW4sZKCLBVUKzOy+mpjEszKJet/kxaqq1vL2dbnxSmqKAcVMTOmG4oWA2qF3z3WTg6aFLUZshV5IaDMIM0Y/cxMm2ptJFc4eh+NLH9/49Kcey/zEcxBrAJsmLk3Dk3dQ59MJYAOhl2INCYtldAPOeNSWuIKaM7JcZ8MJ1SF5j4CEyKStbwmQgFpooYP6Q+YVXVtbO0C9b4T9HJcvn71jQ8zMi3tmYGJUESBjMpkvjxIxQBmWpGmOkwy8jRMkEfkjEhgZswVoZoE4jn2NM2vqWJjbNtpv+58uUSVTWC3zUyEsW83gs2kOZBWyNLKIWjIiqcKhM1gN1hWpMRcVV1EeXVR1yBmJVqAuXPKZHYcL5olFClI132M06CMrS9zziGr8Li7IlUSCQb1jtN5nGbMnpTMbBtQyZpMLJXlio8qH84+ryq5PD0ZapxGCdQ9QlT1dHfWMUq37dnzj773qfl48+qNu5p5HDsyrSr3Cx/GYz8oqqxboForB1LIY7cRjG5QRExzteGZpW6ZB+bkryAEfFyPhbxBxMYYj/tl5rFtpxLJmD15qvYogtZ/U9dXWRSwjm3LpU6Pm7JcO27YxrbH/PrrX5+GT9JeImOMMayKNYikrjQBd5+VkeXuasqpklFsIsiZPQmY3loi6KdTgShDO24iMnTsz9IkaoFNwHEEv9Z2QyzJLwATWVL1FkTcgBwIL7fGIYoDDdYnaOoRs6JErLL246pdPy5rTBaY+tDI2TOjwNRgt9OEqmtNoKQI8HK27FdHhMcx0EJeEW6Z4MlFMcDaLvh1oRHuzMrWM1QHaxhJAzqEwR9nmYZF4eZRUTFBaSA7Y4m5EVFYJCnBE/yTI5lHJ2syqOeu2zytGhHDt30/+MahjyY2Ft+s2mJiSi1sVlWxUgeLIkAScmAAfMRsSVlWLEgA7ASJo9RkAefK6BuenvXB20mzuKg5F8ge7ZvFFAXVWTe5FFrtQKezFFJs0CpmACUoDdTxAOJLguYEeufJmZDKWnaNrjVrFpFmzaqmMbRn8jVtcPhCUUjJXZcPf6db9d4rkkUMW0VqFqulmjZrjb8UEHN6F22ou8051WyMTVUUSgNWZM6IhSjJev0kMhSSbTSpjj4qMGw0O+gG9G7z3X32/MWsyAi+MqbagpMKVBmP4VKUUJTFxwqZvo3vf//zN2++G9tGdend3fly2VnBm5nHPLQDsFnWKJ21L1XAdjod1/3Z8xc//+JPfvvlr803yiQYmsTTqypRwTMlcwKiKsOsEkcc22nLDDfPCIhE9gflw3W9tahYj09bFPgo6QfdnogyfRGqWpG/98MfPD1d5h5USnBGImKp9OOqdYQOinVix3EIrNXUKGEDLOcDtRI8Pj1mxEou7qfdhqkpa5u7XxbF9+bufIrKyIAUEgKYGsPF555k/PT/p+pde23LkiuhEY+59jnn3rx581mvLL+qutwWthvopqUGZNoYGYTEtwYEQuKf8gHU4mOLlvCjbAtTLmc9Mm/mfZzH3mvNiODDiLlvYVmWXJV5zj5rrxkzYowRY4gwKkSE8bBdC3Cdh5nVkqiaRMUoD1vyzlR3ueIDsMjj3f1b4uK0ipMUd9svF3rbmylN4rqH5HK5VgO9WVGpWr//45+8fvuGTQ61A1xcJoslBu5l3t7eolB9xnmihPwyjefQe5hSbb3Lv1lhUsFT2lwiHxEa4gA4IRegMnzMFs9AuBuKUvNMpNApj8aIxhUUCNxGX1YFc8LAUkDOtJakyti2yCiOH+DOnKna3Ne1opSukTLslklMKshHE3ApU7cxqqpyCtB57oqcuW3eAXPWr5yIAFqRjcUKZ+AmC6qKmsyYU7R/BVewlz4t0TIPUiaKRqDInoqqJ52RXUQRwampIHA1N670ou/HYg48lmlcA7LXmaoSdvWKb10530lRk84FBqpVqLwF8L6gyQKVW6DXob9YTUdlRqTTHMalhw5Z9iXEUa42I2gdSgk5Ao2ImnMbG8k6qhxJM0Cw9Copa7oWc0DMh7kvtqnbAVnaqohU00VQV4kMd67G8y5FFaTI22xLxkqg3onf9XmX0xgGQaUPTeRxpI0xM2eVUD4gSyHTMqpq2QwPAj2j1UWY/tL4fXsw9hyVSMbSr7qRtf4i5Yjdl5tKEobSa3np10C0PRuzaJriZo5mQvvy5YiVMxQSVW5uPuiVERGMqcwqahxIBalZgdtR9OOqdlkWoCIzGMi43dxxbey0nbIiIqpK1VFS6lBVt4IegTE2iLrato0Zsxqc1NPNjY1xmbZ98PL0/INIvPv2bcVB4YpKVeyqaWPMeamCubnB3YQ6l2LfzwYIMSd7/8yyRgwBVcae8nCaehaqQlSQ5WP4NthSa+Hh/PAv/4s//+/+zf/8b/+P/20zFwFHRG2guzKjjdJEKiZR8Jxh5jxD7SjIAQOAGJV733z1y7vT6djn2sWASVXWvEy+8xFQ1ZgUMJfbUNXYZ0YJOsKluO0jpcvAgMgTuCuYMNeYRwZ30QV0fGpJZE8OJaKiJQnVBdsxUr2nCANoccS1U5otUXaLZVsjS5MKyDJ8UMk5n7/88KOPPnr39o2a3t7cjOH7hR7z4OgAbtYQAUkaUwhQLZ/kyeZQQ8BXwA/fOp7VNao6C42Y55wgCNcsQDeKtbyczdzHOC779W/GKh1QLT57U8ozGq/sYvqbfadkTlGlRslMqDAuKQgZpVYfgYO4LIqievjpv0whojHDt00EfWGArqm63Zx43WZOrpZWddbUupHZICf3682U57wEwEoLF2l582q/ECUqMaMt6pQtyjIZFOG81bNAISP4hhEjY+eikMjjw48+uswdkSJl7vxOxATQFKBoMRTKsBz2+lA1XlBYq1F0aKpaGzkq18cNEENT7jpQ4cCniaSis+PJhDxG8Z5jybw2WNJzalYNtxKZcd2YElSN03Z7dzvnrJaC13qj5LTdoJkjUbX9fBERP1lV5lI9kNE2NTGtisiZUdvWMscZkxozEWs1cOX67ihBRczj2csPP/ros3dv3jaT01uyYu4dlt4UkWy32+n29nLeq+Dmx7Hfv3vrPkQkZiIzZ9598MHHH338+ptXJJdQAIiKkRZFVjstm5uUnufu23Y+P3WzKNK8psj+dDYfP/zt33737p7soUIqi7bA7uNH/+QnX796JQUfnkjTIap5TC5sHscE/9QqNRtjRAHXBXO2d615EKH+p7IyHx4e4ziGDywaULjIpgrBsU9RbQUXtCpjD3dn32MiKppo+7Oq7sByJtXz2QGoJE4zjulmNuz6pRTEzAl9xQwVNdGsysgKuJuo0LZQmDvW1B9KgoYd6wJHQRDQTV+8/HC/XAT0QKS+Fg1URHsrZQ/VxlcXKKdwxG34MNfjCN+GMSQxC1mUnXBdvnfaVUpxc3P77t07jtGqGhFIoYC7JxNVgVbVfhwg1UPXPHToFQo2nH0hhGBerwZFhDL0e1hl0BMwIt0NnK5NFj8sHOMZQcgzzWtFxVialPgnA5jYEbTutv9rVRPR4+kgJL+cpmTcbmjR6UKVRSqRVWNYcOJybRQrsmNc+/AvlSb3k4uwOtEEFZGNmTiIyKmiKCvNXKuolRiM6ei8O0DpeIg8go08UJl803Et+93WQatSVVvhoMbQ5CvKXYWb25txGsdxUNDMwbVfUYFA2hmq37WGZ5rRJ7lufZKJguVa72bTSMZOvXWzvDdXb1kg/Mz2xfqd5I3KsqVi/EWy1tM4SSqEiaW8g6KSAFahaLfBe5BDpy3DrjUAN+/t3i1oZhQS2iHfDLRyUwoOrHumVIEP+nhmRnmPTO3rLSI091AzUE4JuKvMcqhVaS/K62kbSGQiYm5jKGQb7ibn4yipMXxmzkpRYaBj267zjSJ62DMTzZ3aVrtkHThCmK2zqP76tBlfKjX4H1W21rvea2vbmJ3ThXRMRL/K2XOgQNTd3Z0iuFwHkB6VXHXLwouXH/k2zucnsgwqlkXj3fZuY4BxRqJSITaU/AZEg4R3p4Lqp59+5qYmte+HADFLRZ7d3jx/8dGHn3x8jrLT6elpt+G3J7rJxXEccRy+DU6Kdy+ebXe3dnr26fe/+Og735/Hnsd+clGEK459OXfoAAAgAElEQVTL5djPIhCpOEK03H1ejuMyzey0eccfcp6W6s2r5c8R0chERtL4V9DDIV9b9kaqlZFSNYZDcY7jl7/41cPrr1xt5uSrSNhGzMiEUm8rKqi04WZDTA6W02HZV7aqj5kZMyA13PfL4apuPnxkBstZzim+3dzdXfY9Ilg/KiqDQZlbNj5NlXjD1dIDgQCYmWKaWSmlaiT8VGqvY8YkZpYVBXHzH3z/h/cPD3NOFWn9sizt+rX3MN9kofqFdXNUv5ero0XTCl1Fk6774zTG2B7u36n6nAdNG0nn8XqhPS+tD7dtayX9Yr5W4w/yjw2ksilt7BjbdrKN2ZUI4uWs3kyAzQZX2vJPSjpDoJUebCm1yxnhIFVXAYLVQhLSuFFr9FTdBw3J1lJ0s6xgtu1iABXSqFDPMexl6fBJ0peicfjwXlRDZzTqgk2OPczVfFSlLPVFXy10BXXTRqlXww8F1wd4j9SqFdCiq7r1ctWzF8+CK+osHc0asjVtNafCKGenzoYMIx9+VH3vBz989+7NNes+5uTCg5vXCo5WsZkhqOh8rlqwh/jGcTOUbDVA/Q1fAIJQZPbWtMlbR3DNgiio6dyj1bhMq2lfTjr0t6EvuncR24YNy5lmRktzVTniqKrJrYz3OlHNzKg4ziEGNZ1HqFC8kBGFxUrVOhKVRUs9VaAkjmh+A2ssJWuREGF8WxcRUzufH968frX5aA0972jXiojIu2fPaykU1STmjAgERLhlQeq/D+2cRyFPN6fL5ZH+DxRkNX6bfZiKArzMjBqur7/5ethQk8jgNOXuouJjE5HzcX463zd4ht4IGNuYx3z17VdsuBk/OtSq8jjOCcp7+tMJxMyEkg8eGrIBrQwHpAzcX0wxK2pMY0ZwqmzXIV1IsLtOZqax7BuFKyt/HhK9lpFCEmtpkOrKkqrw7R+2AgRAiEdMegHXh6JEKSnSUlcA22nLzONyiJoateOC5U/frWSjqKLcCelXaLo5RIV7fh1ECAiU0Y9XiFaqABOFYs5ZUje3N/t+9LpYpalXINGm2sRMjNIOlSr55tXX29g6Aq+KaCwkmxTl/IPKaLUeiQ4/3bz88OOHx3smr+OqV2hySwh8iI6xjWPfC1GRUB3DCr2mEJHgOlZFFw0gC+a9PdJULl+L6uTz6nNdEOE6SRaN6FqoCTNmtvCUqsi87DnTRAsSyfBmcJD44IMXmTUzjDEynHwFytDUFuk2kFqL59AGrRUmPny/7LfPPvjk08/e3b9FSdGkK8OWII94iK2kQUHRaYpS2lp/rayH2MDU6sqPY99OpwyiTU3K1pVDERyXgyF+mZOjskgHBwFKNUfRFXKtiQL0em74XNSSRmIoCBJCHx70uCQCzeVBJ33dco7KNWmtl7nxilQRit60qgSn0y3xVtq8rTFHaLXIbQT9De9gwoT8YSsVkZOwirWljCoJW6ZPA0VuwIQXArHqSDdDZKygQ4J2TApeimRRa78XHnupUil3GWoD+uJ0ujk5HRGG2JotoQpXk6rb7XSJuR+hbkDNDP6sXlyuFvsRFu9zAl1LW0uNxXBlqZ7b2MZ3928sbfyw/BlXVW6rBbSFoUJhNw8Bu/9COw7ynxdVtYSkIAoyXMwaHUugUk24yHfs58v+RM/T6PtMzSSR84jT5lWoDOrEel9dFegKw69SRIbb+enxuFwKNY8pphX4/JOXL5+/+PjDz15+9oM3F2Bs280pjz1n3GxuZjEPcVW1GZFQ8ZGlTzP99tkHLz88ni7nt6/fffNqcx1D9sdHihby2BXiw+YsVDpd70TimPPgRFIR4W3A0OuqKkuE0w1k0YKE05g0Hgf6aIvqzOnq53evX33585P5vs/33afozc3tfuwicPP9sqsLovdmac5DGb50gKaoO8g2oq3SuKZCHCOSzEwSMcTQyt4Lr8yKoinHdnIASVdQsjzkhNyKMusKMd1869NdCYG5HMd8+eHnP/ndn/ziVz9XN07XWXn/+DZzOSNz07JVTCor8MQgvqoVMtAODPQYdFrrLFsKnrdexISI7ufz49OD+8Y6EjPVOg8c0psFVZCSiGncUIRASpWugrpUf2vMYIVtpCG9yWX76OOPj+PCC0YaOO6iLu9XFrLJTgEA99Fi5NbTkjokhZdV1Yt7zbwtH2dRkEcrFjtA0S+g9Gqy0OSQn1Eh3AFmD8r+lbTa4lt5NeScc192H4IqycyYh4CRrsu+k39aQc0Jh/NfoPXM4mmAKiqZSX9qOypUCQFAjWNm5nYa+9zZCjbEJ0a+Y00TSyvLMsOHkK32crVvvvmqcpqMRIpozvThw/1yPt88u/nkk08eHh+vIv6ufav3KMBvttvT6ThPzkYUaiwrvaXXKhVj5CSMmV+1ZlFoIU3MlhkR95kqClLOGHk+mvXSCWS/zIjJBiKrFD2kIwVcKwGu1bwWVqeyxL9VCtgYMa/ZZyWgLYst8Vw3te7WO+wkMKjW47tRMLOC1CSnBjcXuAD7cVHV93AOkBEvP/4ocu6Xc8v39zDj+MoiUu8FHJkiOOZxuZwVrVdpfVO3pIFSNy9oVVRe7dsss2ZMShRMdH+63H3w7O753dtv30bM4aPVVYquoPyCVKs6QqMSkrXvT//pn/xX37x5c356qzb45tOqDyXUc1MExLYgcs3NqIg63d5+73vff/P6m9566za9hyihT0gjtqQxXAUVVz0AtN96pReZLHshVWOFAfss6mZMRWRGBDKyTK2AzF7ZbVM/sePYX7788OOXH71985Yeo25GlI4CysglzMACY6WbPl7s5/NZ1hkWsLmhIKp7UOmVie7NuV1GRioz9/2iEDMn9JMRVICbqkLiCj2WqErMPJ2GiolZn3G0N6F2GsC6GAFGPvFpLhSa/WChXRR56Ja8kUK9dSm2cZAwvy9bAgsuqzBACmbG5ahlsN2Kc5OOk0NLIsXMBteCe5JaqA+/2i6IrYKgkJ0xlgK1dXAKuOzniENF2jueyLp0VgBFTJltkiOqPnwek3qqEmQg5iEie+7H/pSZbiPoRK8qhTmnDx+n074f3WuWdNetohQjCK8HkLkSbfN8Os7asN/57d/75s03jI5iz8pVblFR1ZpZgag63W0vXr58fLg3c4CbD0ZpSCNjS3kGWaLxvgWVBEpQie/GkU60SVVWL74WDbOINMxEaLTB7X5MLI2ish4zROTu9tnMiIzqe5ofRFCpBhXz9oDvh8RfwjdfCyoUQOniLuCmTtegJUEu3qxqRQ6wiG6LUDIgHfd+deLu0UNbjccXT0X4Fm4uN2PIrFvR731wu0FmlIi4wArD3M2iplTd+Kisy36I+3ArSCQPBqX/krxsVQjLirS5X/UaoLT+BAUkU2op1WZdo6czYGre34msLkr7H1dt/ZCpgrOe9nzDWCky51hWQr1VRdjPPOesGVSf9SJl5HuGku97W3dL5OF3z/7Fv/zTX/ziZz1WyYIyVBSSFQqxpTZs5EM1s0xlDHUfOfHJiw/u3L/z6ff++J/94e2nn/7ym/t5OUscJ7XTje/7HjPdTAJiNm5uEpqZY2zu9u6bV+9efa15uKFyPy5PcdlrgaemMjP+4A//45lzzj3BDNMCl0b4klKGgMxKVCiMgPPSivNFlqWg5NJFKTMWMwGZx1RV37Y50zajwq2qFPp4XP7wj/+jZ89ffPXq1+7bnNPHUFEfI2kwQLe3Alv/4wiREsmepQUZQFVGCiSjcgbPzTxif7gHmmUXLp6ZIms/5rEfV4Ayq9wHt+p7K681MlYZGSEtp4G7Px2Xdw/vUFPEkqlcmRnlvmUkMcrIXIBAa28EMDFXKCVg3U6u86Suv/H/lnR2r4goT4SrUzGZmdRp8MBW25KRluftrM+e30VkRKisdYYqgZjyp9VCT/qTKVEokeH2b/77/+Fv/+7vHh8e+eWtf07o4oU1DnQDyA9QmTG1FzoaP0P14gF10mg/FkZ7Cs0O8qoQqDRVI4UNbNuWmUt83FiL9iXa/l8gn7BOfjUQR82O+hhLLSMt4AHEJZNOVV03BGJi7VgOEREa5ujC/qmIuMJ7IG2qmsTXgsiQmvk8jmVh2UcL0jKT5h/ZF+d65qIiZa5unhnM3BY6FJuO4fM4fGxmGjO3m9Nnn376+s03Ll5degA0WqUFKGLGse+Vdbq5EWOikBB54tXpbhmN6pKVJygLETVjxjNSMoJcP7XjqN6XnRGZRT0qZXNsGkREXDM5UWR1omHvV13pLr6GqkayjYogEa4QRUaJtP90o/+ZPlwa2SqGnZAUbyV0FbtUAL7kH+SCRaoqhOB3jwreWDBgqu8e7qvC1bJQmZRmCiUTPErNm283z25jzrFtbhtbcjGFiIlXlUgF0kxN6JefY7iKRkZFARjbQF9LENUj5tPD4/DRc20PyuylNTN5vc+IqESJqYopVL99++b89G7Tge4e6GAQEBRk7duJmxl8keglAjO/7Oe3b99up00gEVPNTDQztYQHPyiip/RfUEnR15pRRSKjqsw1MglYqAkzs0vQAkS61vYIKBnx8WefffDsw3f337oNaImUm13xchU/Yn/95tttnCBKXTJ6Nbzlc9rvhIDgQ+PukGWyBDFyV6rtE9IcV3N2WklNHCJaI04rfRXpibHbDKlKNSkaWErNI9RMVe+e3YjIPGb3WxFZGE3/9zTMMmE+tNtiAA0oGuOfs5NuWyEDngWIc+xTaYtnzaWcISnW6PQajte/qCoeCKnKGe6OKqby0Xa5EojUrWEYU90vLeJXFeNusbA28c9acD16Q4SAdy2M2kSjgOxLzpRbBoRrK6tt5ok7sLUSkcjkn6zmaoqCmdLrwpR2YSzhpa7jZkMzouVOe53r/kfRJE0WZANU5fvdX/IkPrY//qP/8Of/+LOMMiUKRYRwnQaBMq12iLmdz2e3TRW/0XujhII36U5RKWnunVTegNkAC0tQGa0MsFog4eTYzRzoBkGfrda49fPui3Jh1XzLBTjPc865lO6p7sLp0u10uht+w+fCa4aXPqr4NZnQ7Y0bqvyX2n7UdAmcOCiSoVv9qEpvVMhiJkydy8aNTUPRRgYwsjEhm+vJbRPxEi98/+WLLz784Onh6fF8mMidja3SRWaUmbnCRANREGOwpmoUSiyrIfaqFu9d8fvG/NesJ90wiI3Vaaxu4woFRsXYBoNs37fxtvR61dx49QZ2O4hcQWy1xlRZ4RVQsw9efGyKmBOV3akbtE3kCtK7nhRDNqyZ4cMTMqvu372iFxMy32vmaJzQLHyXNUYoU2wjqZp1cj+p/PCL70L9g48/3jN/9vOfW10sj8vDQ+Y85rFfLm6e0Jeff3777IN3b+4Lom6Xp8v9629OXvvTo9aM/XJcLvwAInBXrZqQ3/69Hz0+3b/99utaiAQUbZGQ/N+ZkXfPXlTRlZ6tkHVADGFIRQeGUjGiGjO6lRIIIUJrNS5L57b5JeLP/vy/ubl79tO/+Pdju1lIRCMfMVNVbrYbFT3mXoARC8nKyrVtUzZoAN1GNeZWAaIMbNl65lLJKKEpcC8LaTcGJRH8renjVL1zkEUjOG03dtLBx345+Wk/Du7BV2/xaHbpI5IGE8X1Hc00sXHVkGhD3T0jLAtOrLdd+Y4QizQ3UT32g/9FVoqWuPSEa+hgJRUpqFtExJzmowcNIddPLT9ztLWjvqTBPSJEUfF//+VfnB/uVYzYZ8/DZijJyqVLKvRA0Bvcmw8mdPTQwn53EaC/MZzQnBXb2NydedSqLdIhe5ZMR+pws2bqqCioZa/RNwGutIc0eFZVdI1VNdPTaeyPTyTYSsDZaW1mMEtYM8O3IVzTdENFC6uq1lDAbk0X8idrekMrxrQRMUGHl12h68pUUYGWVIJKflFRExPVOY8SodiXeic1pdPI7bOTqEQ0GD3n/OqrXymM6m2OQ9a1m5vswjtGRG1zNZlz9rgF4ed3c1SV1ul0il5N0Ba6qKiqu8cMDPn8O9+5f3rQ9/kUqGtKcVPjlZU+hhqNi6RawlVEjGNGQXwMd41chnuQiBDTZ8+fPT090SMFgpj0D+FiotIVQ1qYJgs2RlVmZl9sSsdu8I26fXZnw465A+XWiVHkiUW0m8gq+pYK3eJVjsiG+xi7W8ppk69jzBSXCO6Aalbux+Q4o6Vu/l4jXrQWpeuVqPl+OVccYurbOI4dyYtNdGldI6aZmo3qRK3NXecMMv+oYndO/sbMzg8PAlH1YLAleymUQqktyUgCWQJJZG/BUoSG3qmNCDONovCVqJlKhz/wpCaH4eFGbX0pqtLdzD2znj9//sknnz28fUeQseXOJBOkWF6zaAAiRxz7cY5jqvk4uapFpghpjzY5rTLwGm50v401RCBaIsY9LVS5EwtIFqvKpDMUD52qRKbgur3DGUMIXGbLUxYeLCLcjgWK64kCEy5wgX29LRF8SWUwSE4iapyuKnlBkuDSZER6ZbSPQUXmdjqZdLasmapg3w+UZiTBew4OMdPdS4TCku5z2H1CswCkMl5pJVrwhkhGbJq3Bq4qZtrYxuac6NyHqUZmRImomybKx6AGcBs+M6j/iQK0oZieSFULkjN90ARG6XyCDn4C+PjX4yI4g4XRVqEyzTXowAdRNQbz8SXNyMRvXBYCmF7OR61FpqvqkqUpZ6zRkewAVJrzoYaetPtP//av2wsZULOINWxBUtpkQ6GZdT4/KQavswbx+YeT7V4kdrFCNDPTnTuKXIlsvaumqsZQZ5IfxSrR5QtGjihXCgfP5BoY1Jt8IEmFtaOqyo+hqjrMTDQiP//s+7/1xe/84pc/b+CrdK2pqFHHz0PNXzcsARvW/7n1Jl5D1fyE2t1gNQxnJRXVXmG8YZetERRlqk6qrWCC06aS5QpJMZEPbm4UBbV9n4XEjBc3p7vnz968u4hq9pvdyJAPM5WAFCoyGZ3F1yl7cOLJFTGs1qJWk15QJS+wvhpu54sWzA1ZrnLsO2E8FXMfQoMvlCrt5lTdmJ1UnclYkB63yfSaaVWettN3v/uDd29eH5dLA3uLijZhyaprhqAtkraEMIC8/voXQ1ylLRZrwWI9ZEqpGYMdGCKO0qz8nd/6wbxMF3zy8fPz03F/ufz819/87Be/+Mu//un58V0dT+f7B1WZsQ93N9OxjdvbDz/+ZB55PuKj735+c3tXGU/394o8Lufz20dXq5pr/zFQZWpm/vc/+9nl4c2w8Xh+UopqpETYz5hImVgBH7z4sESP42LuV9qS2EElaRAawVM9KFKkExEl5kxA1yxURoN1arc3N//u//p3P/v7n35w+4xqX8qT2thdy9SQdd4v3/3BF/t+qZyuGgwuYXS9yOnmxsyO4wjUUh12EgKq639mqiqqCLhVlYIQGCqCavsf/OCLh4f7nLM79GYCuzwQuyFEMzMIWB7z+MOf/NE+5/nhgfkMzE7W6/vJbgRiEGebxquWFruNOzQgc+2bJWJVnbp+dEGVD6/IZ3cffv7Zd1+/+RaAdnoIRGSyYYm2u4E0StFDPL+zxYstiBoCZCIrFHbswcBkNl1NpRdnrjbkgSQLE0uYCMbYzGxWZLQYq5iAK63mzCxOEcvk16r9QFpqLJB57F/89u+eTrfv3nwL1ZwzCrd3t89fvHh6uBf16uJOSqErH/GqQkiRNoFAjn1GZnvIavt8qSmkcoZyNdkUIpl59/y5mR3H7m4qVk17ZM9Uq8W5gjtsPV0HyfeIKDqYdZXvGbUkG7MAGOnVcA+kClHz9tkzFOZBv86rmloqUlUqMPdJQNqgEJfSqMkNE+oZftOwrqFHxTFjHs3xQdqcBMLmTMT0w48+ulye2plxAWpmCnRMD4D9fBYupwoYj9NqWjIz1jHpMWdl5UJVVVx6OOoPxve2qmptVoxt225uzucnXd+dqCSKerDh27KXWCQ3hPugDIjkHNWga0HUCfHOubeuhUhOirhmMTM4TbWqsmpstE/RHinpDi7U33KLBAaF1rPnz/f9UkfwyFZVIRVwsYjKOqKmmaGImicXpV01Il5+8vEPvvjhmzdvzBqCLHSwDukjFRnbqKyIyRIWmcS7ol0FVFXFUFmdrSZeGVVpw2k2tY0tK4+npzEGmJ2nrGOl6mYeSCmsWDrm6Q4VjZpVQNZwNzOKtbpw0z0zAgJ3OvjBzFX18u7+dHcXuZ/PD4CoatICHWjHKu3EX07NMaMiGTgwtnHMWQwyp9SKbX4JeY9amsIuu9W1F1fqn5LUYBfR1RnN3BNRcZEShj+wL8zW9fXaPaEZEqEFvg+cEeihklVQoWHU2Lg3jIieDDN6G4BuQqo6K8bw7gd4AtHiNDWTBtqz5+cWdWOtSwEUD1O1NaMtSogY5cJd6U3JDo5QFQqFyPzh9380bm7f3b8mirSdtm7ngJypgjYgLlSCHFdWmcm8HBB58eKDp6dd+gpMc6NFrJnmKnTWu678MLU4tBLV4wh3KuaTVCGnpqiSsrF55/EljZ5qzn29F4Liw5Qe1EQqStDxubwdkS0NoilJtdxCIrgF0TseHI9VSURz91fZi2cGMWYegX6cEKA029Qvi+8IXe9hbsGd6b4vq5JrjovX4TozytSy5h/9k997fNr3fb9quDkPSzPvfa81BGZWTa/J4smrv/D+ED0ZUGDTYRGNwnQS3/l8/803XxNVTbpz9hW1WokkPE9NQW+BXVeDuLhL/qE6c7pRLFCTQsfezsplhLBpTyacEFy6s6jhplV5xGlzmlDHkfsx8wg3UZfIOg1T0adj2jA6ZRFUOg13Pl8mu4sIw7nwfnGXS3YkHWqZmHDBzXkoCIe1/1VBqHvxD57dutq+n4l8iRbDwvgNihlRS3VtRZ+AgENVGQVFdGwzFUpE8nj79pvYp4r+xtZ4vw+ka5lCyLmeNZEvmKopLKKbMe3/y5cAVz58+BYzsmLbTpUwlQ9fvLhcjk8/efH82bO///LX396/mfMAjvPj4+VyVsl5HJtrxvTTs3FzJ4LL+ZKll8tlbF77+c1XX9flrBkmEfteOU3gJpETNNJVjXmwU9907MfRM2UrpQOqYyhdxNXs3f3bmBe3UfQjoY6BlZqHWgSZ7cpUEBEbxo2LrvmVUkiqTkqqIlNcGYgWkXMeU6EvP/qwqmKGbe7DeHl98unn+zEvj49iGlG+jZvTqbLc/TjOxzyySoouhX0eCik0IKNK1InPJO1t1CQyfQyeo+20RQGVw0fmFLcVQFiqxtUG73kZoK24mIi8eXz3eH5n6jMSPMx1bcAFpb0wL+rSbA/cNj+NyKzZvofmIqJVqmYV7xOvkkQyWndaqGHjfOxv7t+IJF96VdCpKmpeRdJkZ8dwqUW5CGX2NKCoouStD0n3aaRTF2mqXZLpzUWOcnkgEmRFiasdMfdjR2KMQVcWFRu+mdlkug0sK8QVAPcL55zCeDkBiTaI3j/cP50fGFzMrJNj7pUZe6opKdIlqaoCzLwyzFXpASkqQERQ2aeqFdQ0FgAVyUqmcak70NrrYx7z2AVVAVTSTqdRmeavmjkxN4hy75m2P6fTiWFPyFZqSomYFNOHWd+lADGxteUlohIzXn76cUYcl7OoqSsom+mY+mjPQF0htSjRa1pcMg06e3ZCK/tVkjk50m1YryuVqDFeAJA65nEcu7X+oIkg9geqlpmX80XFGMGmbje3p6D5EbFMU0hVlWTRjrcWEsCuCwJTYyIsPcwW2gVX24/j/PjAxG/ya7LSnQoSmVdCg5euqA7bjjkbBIJmsZoKRNxsbCNyziOu6yKqwrstuwhDTW3bINhuTr333nSFqoiYFl9qWX4yqM+/9737+3t+hoIooOYmLqYlGRUCuG4ChbRPtpqa2ZwhLlm4f/2aaydZZcOp9EUzEygUde4CrYrMUFBezO0XoQq1WScVINTMzMY29mM+++AGgqPij/7Zv/jyV1+OsYlZZHu0oz21rsvHjZsWZM6prsppuTJyctUBSFMntFVLhZhZ3AeYefz493/yyy//8bhc3q9/0S2ikil77kNMpNuIUoi6MN577gfaT/19z+Kbg6kkZLK4huGsaqtBYufbuXgQivi1GsAwtWG8rUPpywMzjwjibaK6lABrE154pnrBk4sc2ivCoua6Wcyg0Y6bgdwCyxOLprT+e7vZ9uOgbn7Bw8gG+KRQ++WirdEXEVE3Cp1hyEx3z3YIWp0aRCVbjqDd1kmv2WWJiEmhTDUqfvTjf5qoN6+/VvNqUhKRmTMq0odk1XUqM4YZq2bwxOHxfDY1c+cX4DbmMUWEsD0AH8oLYpxGLg6Wtu7uw1UAHEdJobE9pYZW3dsaFQLplW4wr52QGjdPmfhXC1MR5cYGa2bzEU2YK0NXXN2LX3+7wYETSGbRVEpVirvRi1JqvJWuOMS8i6Jxdmutzhct6YgAriUYyXbhHpewBjd94SoFjYxff/OKOB0FhOt+5PZ51y+unVAeC6zvmR2kSYFvMgmNZuaYqlElY9jMlsQD1TNwBi8yTkTd2VYJwHHU1KTFARBXOlOJKpgd1pR7sVrlVXYMVt1a3OBgwWh1u4gyyFThujL2Mtr7X6wyK8vcHMrUuRlzzlCzY0YidVRmzWOaeZucihyxTr/IgcqqWE5MKJhqon0geH0Xv8nhQl8T3rjXFSZpZMEE++ViJmry4d3zXapEeyDsEV06tYG5flw07eUJ5ZuQzBtGi2krgYS7LTyV9K9AkMDwEZXHnJurwGZMPlUzvtTF+7g99GwJJW1hggL3EZHbtkWFqo1te/Xq28fz5f58fnP/KIANhdS+HxN5utt8mOm8HMdnP/yDz7743S//358e50eI3j2/VbfHN6/n0/3x8E4rN1fTOo5DJComjZvncfDv2E4O1cwjK7x1yA36qjk4wRZoBqWm6p6Z78XhIuixtmGDLu5ETEtEirGhxzEJCBYFKBAA5p6ZiRQqUbN6q6LmnDPmIaozZlZu2/bVr36RFXc3t91RZUFlHjMzW2RBl50AACAASURBVG1hvH5q2BXR6x2Z5o2Elp+FtiHUFDkmnfu1St5986oEKphBeJGFSN2spQgCru229l6g5sdx8A9u4TpjcAjRMny3oJVmurV7lGgklS2zGzWBDVexOEL6apOrSluwLJKuGlsw/bIdqbsWXPVF2p9HIKamppVRKIG6D4FGpTYAx9UeLonxKVXRfXM1YL0NDgCymSs0831srSwJnbRDT0CKoOYw2+P4/DvfLeA4zmLKUNiMatEkQRkSIGycefKNLHbR9jlmjDFElRegoMWBonp7urVtBGp0/1xxHN3GQXiRU1LI5Q8ak2f7/0OhPgwBCk/ZBBN/IJuT7XPSYixq2VpnLmJDzSxmkCcm8URCtdhMQlo7hFJVH1ujQa6q+vj4uF92t8GfqGqZwWJdTMZc202UIzYbs+AxIuPdxWo76Al/eCOM6BFCaGzQfG/F0qrxEuW9kxTyBjeiOEZ2gCtVZ31ZEpIETUI4WlW3+ARkgtMOAB5dbtqpGOcQFRUzXF07RdhAXlUaArFVItgGQqDm3//+b92/e9vzJzeMqJwGxAXLnkxEyDPyS8gMZWBZIfbYLxe+gYCABhckU0RJiPDLnZFv393TW+ZaAt08MgIzK9TUZTN4KdooBxLJfBMcx/54f386nQoorefPX+z7pVJYepbIHhHRUCO1ODZYy1DXstUUnKkOG1lC52V1vbk51cx9zhcvP3n39pVKa1paSle0U6SPiFSBHgVsuyAlUNYH+vpBxc3MRnUaYtccAGaciOLz73zv/t1bhUUL4aQlQy2ulQJitssnihbX3LDsTU60rFwKy/orqzeMWaKlVXzdnYGx6bVQTBGaJaJXsdmKJKd81D//4//k11/9CtWIoFxpAuFBWOoUkrhoEaMs4C4SJC564UikkPSJNA4S4M0hao5Mc29/J7XqD8xxgigJt2XZPsqMGVmn00Di5vY0jybBW3UijfK4MXhYROnauXZ9FBBJlIoWsG3+5S9+9vbtt5vfmHsun2LjE1ZZ0lMOuwnWvesdwZABF0bFb9spI20Y4VleYKzvcYSaz0kP2CRIdFym+VBFHGlDhW5vohHJXdisMLPVgScCY5iYZKbUgtgFFSWt11J3F9G5Ly4bJVT59wUjkVGRVWlEbbl2zi4DiuX/Rbp5jX8sxlgqfyhBATYvPWb1+AciRwv47TfEtJMD27uAb6fMOv7kX/2r1w/ny35hxSmOAbJER32ry5oOKTptB4iec6RFBcTfoUIxG18JVaNB7fs5EJUQU52ZaL2KQa46Xm7FlCgyIOa921q9VksAMJcpPsWWovb8+ct9XtrXD0DBdTBIGAotmt2ZCrEf3JozAAVIt15D44/dxskM2xjHPmESksxe5DPZs0R1uA4dDEklA5MqUZXFFO9evSCV+546Xl0CCgZVtTkPiJIBWmwwIbPuNavww09f/o9//q9//qtv3jyc+QBLWtUs/a0ANMmVRaEUKhPW8lTCZ4BUkVZqvIz/0+2ASezH93/woz/5z/7sb/72r8nPrN4GQFAXHvNQkYwU5k+JmFjMENVtM5RkoKihRM2smaHD9mPue5jbMWdGJUpN1ey47JWA2bOXn7999cvLw6vtdDK3OC7nh0dDxryYwLwi5n4+xzFpy1hxUMTWhGghYh7nSyGzMuasglrThmhTJksmAcNEKjp2VvEbUDBj3JbjCbOZhTL9mAGRyjJTGKsdbQyVQn9ZvL2oZKSKkhg3c/Y/0SinuXgAxzF96JyHm2+nkREFVDvxE2RgVGBpY0XZRzESVXSE4BtVqDi4nK2ZAVEffsyk3YWqjDEyMXMex2UM5wzZ3TS6ShIhjORySdN6lUUVSa2e3EQVWVIIcJOoww7Z8+Wkt1Sdnt189tlnb15/29v8fDpLk6rSaaZMUOurFuDiGjWyTChSlUWINydBQiMzIOuTLfaT16JSXdeHjzrFptF5GnmSaWvZgqd1NjngYs2BWVmBnI//+b/+r83Gr37+D7pt3NWrTFXftlHSowXl5iQZhUS/okqGe0SaQZ1i1iCFuoYtVRHZTv/T//K/fvad7/70r/7SmMxH4lpgw0Why176SjgUytx5lerQyFh9fXfaduVesDo0gvvkLEtsdLzxShtg3pxWZUeerpa4Kwus2lOLdG/QE9p9MCmTlM06bxyP6aGERunJS2BlagpEO7hNgHnsZkKTUN539Mx6vxkh7/VRWVc3H/5kLGG0Ui9ULRvjM5H9cvhmOUvYVBLGTjQuwrdTdZWC7uOLQTnS+teMUG21Tzv3lwzftm1EFLeImJPR3shmatJ5iZBCwmR/elLRjIQJqmpWVohURLAL7a2R5SHrPuhjQQJclauYxl0fM/MxqpJGRlRkRJS73j1/fuyHNGUEARQSma31h2iqiUdF5IWjCqpU1MyklJgBF/HHGJ988vnb169F4O7mmglVWesi0EVpvX9zuEnJecxsn5fIaeYoOfYLy9vl6QxRE/nq11+6WgYymSPV0jjR7mtrdaYiUPe7Z3eRMefRe8hgWykJjr9ZwLDTGEaiNsgHiP7qy3/g0hD1ugJxM1aGvqqzskJb2LiAfXCnnv+WLEGEvFcmLqaN1Q9Ah1GomioNa2ohkVGIiG07ccJtmWoV82K+evU1JJU7D8Bp20Ql9kDLazRXDCP7DOMmMSBqbZ4ptfKdyPTy7xNzi8hV6lGVyIqYHPavHaa2Zy4l4lARc2eMFIvS3bM7gR7zEBrKkC3hV0SfO9WsxEqjEgJrJMna78FEah6HuVdWRIpgzsmWAr2NCrLeytKKK5zTys1Wu6lmpptFRhzTh7uxC+nw8tUxZyxwfbhnM29KG0cAx4zBYt5VZc1YeF+A+OwoKUYt8+asEqqH0BxaFzeB9aXFQtGaiyoVryoTFWXcEqUpaNsfTorg5Lx2SKtXn4XfhKwjcYWuGtohfNN/uLDmQJJa1rYQE6rdovLNu8fz+bKAC130khDbMvTV0abzou6uAm7hN0LXfvQEstFzgakKuBMmwnjEWPv6PK+kLKSh8153Ybpf3T1/BsiMJCfcRwiNKJoNWfMVuWrpJ7nzeuuxh6gBClXmXgWmZ8xZX3z08T///R///T/+go8IIAkjouomw8xNNAVZ2+Y8syb64e04ue+VPoZkGcrMEphIOuBHYbI/0SoUHyYrrawxpnE9EeYM6nYLW4FcqKrgpwGg6mImbnvG33z51dvz3h1eXbEAy0IE97IEi282c2msQshHIIteAj00ZJaUbxuLnYiYU56KGfnNmzf7+V61V2PbLFWN3wgvShGdEWxUnDVCVQpx5BiDyqPA2juqzHmUYBvbMQ/0R615ZFWe3OOY969/vT98q+6ZqELs8/7dwzb4rgeSzpgQ5Bg3n37nhzGPOC7mHoWM7MU9NjzLsI5dZwaKCF/S6IG6jg3KkwhiCzyDKmAjlBEsVVSx+hjZ/B7UlMuhBVGh4i/FFqUgAPXVUTZMacJX6dvm7vOYbfuZOWdRzmCoyjz2IEemDPeIFj9vY6BQCP6BXHPtbReeb1ZWunaibIzhJoKYQUlcVbrJvu8fffr5j3/vx1/+4mc3N6e1iQreBmJtfYa1LUOQi8i/9H55ioipbaebG2Ipunaf0G9er765akk9Pj7IFRdfVZS3OcfcnhkIY6uT7KgIMXMGQ677l8UMne5JwIy+gdocVpM1WFe5VJV1CN+6M9wUWktCowpT3/zEfWx6wgh3sXqU63trbNtP/+Lff/3VL8d2Y6rHfpi5QCqZ/FeUCjRtVCy5YsqFcUfBN7+5e3Z+fBLViljilpLeLqixnf70v/yzv/vpX/3s//k7FSdWDRF14xsgQAUpn/7zyFPHzCxaWVEGvBiUlgZ1o0DOoZb2iPcNySWahqE5AqhbYWWXyCLTinyOimjmUcJcXgHlxT2xpnVWUa8B+ObC+YTHZcHh/KkQa6lGlUJS8gc//J19HhGz/wAVBL+H1V3S9p4fdQUicwOysFxflsljtJN0F4aCjNOoBeKivyUphbm6GwrmbNaEXX6jYiVScDdxA/m+4OpHurv5oN40Y1aVmgHC2HmaVAOSwZjeFODp4Z1zW9ZsbCNj9ngghkYiUtSid4OhLk6+kp3tEtYfx0ysODMVWvcD4j7o6DVuNkhlxGrtsJ6+Ej5khBakArOqTFyXZgWFmCkm4pg0Wap6++ZbFR1jm3Nm5Bhum6PQ7MRVf48SNVNHc3oJATK3m+d/+mf/7d/89K+klmsB6KMSKIyxRVZmUU9BzpYGfVQ4S7UvuJrHPGZQ6y6ycrJaDVwoBKpQTAa2/ZjV0HhpiflASrfIpmaWM6vgVzd6QE3dvWuKNGQwTmMMz1yWMyIJ+oPx6paW/VMO1ZAJ1JXpan0/2RVyszFGCGJ/T5dVhqlxR5yCGd7rrJktSqnGYnsuFQXnneaTG91ga34VJmlXHFWVfT9sqJmiMHwUqpCmo0TaD65N22BqED775DtGwKwq53HwoPV6IpPQtY2tSoQRfgVF9trStUKbOXs+wudmJiVmUklxYI/fNFM2s0SbSQGalfQ/QBbhm+o40v7iUJVHVBZ6TQ2itW031FIaWZ7eCbFCHZe9ADUHdTgz1LxllkRz+toqUy2s6sNelkV1KVW6L6OOSHRGAMuxsllLFMUr3kqMm9uby37Yyodc5CYLT4OvVZLU3CsakgN6bZqdftKpo41Naw2h/SZwC2cRNSkiLTuR4af7d/duys3/yjYk4Y+VHjRkEcL90GRlsa23q1oJoSK0/NLWU8qiBatSS4nd2HVtoJuMVcWhIi1eD6SICkVu0lceOtuuFch9cVD627l1RL4JpIqpQRE1eVYa7VGI6JH5q1ffRpWJRIbxF6GGEVyrISLA3Rgv7m61oIWXp9t/+vnHH59u3j5eKvMEMfMjcs+CaghKNApHFEVXoAuCIlsxiLY0ENLkDkiI+N1H7ltcnlgj+pvXljyp6XHMCX1z/5gzJCsylj5biqMq39K+JhvDagFSVs/wa0+ze28pMbm9veuRGwrgmBOic+5vX7/a3I/L5CeWFfQp0MoWFKkpRJ89f76NLRchmQUzs2GJNhfmla+qbv78+bO729v92LEeSAGmen7cgdp8VEnB9vPRi5dAxjH3abaxrXejZA/HnJenh8rIKOR0RWWa2tg2hpG5Kv96UQ1AXHWMjGkLQ6mkZgeipfzSeypmX1DqY7t7kbEDom5qY8asSmpYsLyMUWXDCqXDWQaZFu9Gi/+qKoOa+xhUnZSZ5YxWxGUZg8aEUojWUcYRYkqzxWG+74eO9oZi40hGlUWedYlmMx++fJlHxNyFi8XMOWaKs8kx5+PTQ8xDF0okRtoeVcIIQF2uqQsF5VfRnB9np2d3d7f7fok5YQq0AJhKI+KnIlJZ8wg3SyYiXDFVzi9c1XK/8toNnnVpo4kNqlAV1Azx93PGaJgQEBEzxnKXUzQpTepoQxelKuZeFbzJqq9rYilSqDlnzylNfK47SJiaXjlrjM3tNOeEwkzjCAID7LqSe8AogVrrLUVMDIqsOY9Pv/vdjz/+9NWvv9SxtcSewxajSWF57P/nv/3fv/yHv7+7eX7Mo43wqBqYMYtWPFDYzMm2XtAhxbzqBOzuSRsLmkNvfzhVo1ZvsR95c3viqLp8srtGIFGRyZW7XKMRqmSuJkb7kieSSOUpU5Eyeqjk6kJCC8cMc4MAlWbWWmKINGgF6miz6rtffPHm9as84noYuteC4DfcNjhUmGvjcy21B7Am+LU6STaVQXkA5n6QoZLVjKipqtnmETl3Sn20UGoqBXpIVyUg283GkPPsqiuShLxy7kdliJHwb/hQ3k+lkK7KfaGqyZwhKjc3N5fHiyh9uFuwLgX0K5+t6S9kO001ZJwTWEJPVKVIZgjbMKSIZGDucx6Hdiae8P1EltJCqpeq+XjSbLg6qTZUVaUow/hOypEV4s7sJKCKfpQRSWdDbQKgpKuEqkKhWTMTUjAbIfn1q6/3y7vhJ+Lo7eKv6tvo0JnuXwQmp3FiSFaPfiwU7BuS82bL/BTi27YqCOtzc3mUmak3IWgCM7uaewF4/vwuE+fzEwA6ZraNcSLx//PVVbOYlUdAIFBup6vAfdA1rt7PLf3LeeFyPCFYy4Z5Rg73/Tgywt1EpJjkA0lmDrQljgASc8YRWOxpzAB6OyVn8DPEUkQI4GNUG+a6uma2nAbJIjnMtVA1S1QSqYYPXnx43i+81HUpFugjiYWEk3+j/CCPCYiqBRlqM1E1HwCiY8s4vBFX4AAAKB2V2U7ncNqvK3sWZuUYLdlSRcXUIZjzuLk5/dHv/wdff/MquWxSzUoLd7e7QHSzIqA6Yskv2KarRObdixfHPEwlCsecUqjM3mivYG3hxBWRuuohTw4b3FrN9xqlJaJNKEX47kujMEwT6NdBVxfN3r6iUkTmnHMGgadMrM8v3AhU07Ux2vA/EeQs8AfylbjqOXlDFnBtD/pXM1iwk4f5ZlaJouSYcXOz2cqEoiaezSf6LhQxu7b6rCARKdaWEspNPFlrYyQMFsYkAqoT27FWAGTThg3U6VK8UJbZP2vbhojMI7CGtpV5xRLXXVqDU30zQGjIBrAdMbWOA1RGepWaUZUas+YxRSqy6KRBuHC4q2omhg2gnp/Gh7c3GilVH27+xQd3z8QeL7ujXm6++ZiUFqtMVAAJxELIZYWE8hPw9FbPYcpQJ1TE8RTHRQvGoCWFiplyTRxmviwUGP+nEUGRZAkqRU3bxNsMpr04mlzGEElAytyYntR3PzHbxIyICKouUaXqmSklZr6ST7JnrVo4b/Vit5moasxMOq5mipSqRtYRk2qYyKQznhQi8/bmdDk/PT08mW8MrKrKnKmuPoaa8I4TUWqCK6Nimqj72PddUDGPypDC+fEtMnxsQB4xt9ON2saKF3P20JJVCR9eAnNztTimIAWKaOEnYYtsu3zIEvUL+8rtNGMXwYysSiBafkyBkErB7OTDhojM/UCVUxZVRXrN1FSVNWVG7OdLO7oLUNB2reUShZqZiMcxzQUqNzenm5u78+MF/HYZIwAYmX+2Jf1SoaIqa0ZG5P50BioizIea0RRLAB+n/XLZz4+bn6p4ilVFua+PlvpAAU4pPjyzo1qBFgGKiEVizj0j6Qu+LmehIJj1BejY9oikx4uIqXNKLaDoZ8JjSbWD9rChWvL5d37wez/6g1+/+pJbjd0sXqUFaJqC8wFIOgu9NdRMI4KUFih/7xz7Jkzl/6Pq3XotTZP0oCcO77fW3juzjlmHrj7N9Gg82JYHGYwRRgJbgEEcfMkN4mfw0+AOJLgCgTCWbKPxIGtm6J6urqqsysrD3mt93xsRXDzxrmxaanWquvbOtb7DGxFPPId+zaQYREwgoZFRmlwu+Fm6XQXjVSsiluEPaSsKiFbQ0IZEYeGZWFU125zF3d++e/vy+29O272pEkUis44OJDxbKfSd8xDw1IMITOw4rl9+9dNf/dEf//bXf2HbGU0+Aaes7bSJiLlnxY3xUpUCXav8YvFGp8aWmaXgww+excw4drOBkkIqhILLbduaAB3pw0hz/uqrn83K4/q0mLki0Iik3DpmrMAEntISkRVJSbOZmXlGiSE681mI5WtvgcXcfvf1bzUx1GdFz4tSuryFunUA+J6au7pVJJWyVSA2waOqRLypO6RoQLJMh2oz7AgeVxRo4ZLECzqWLhPIignf/HQ+HftMmq8tZPd9eldGc4zMKnrfLQVrF2S5AQY9ERQgNSMq8phRk8Ij7WV1EiKUzFKn4K5t3c30xm9VVfq9KGSoRxwC0CVJRO6e3QPICLU2gXGzzKqqzPAxzFZ4hbZRo0FTmuBQLaTpiby5kkqoEZlFQWoBtyVpT1+gmK8S0fwSflu0v/vb1z+czvc5Q7X7jRJheA7/I6oCS822js+sSIKO5G80oJilLkpP+lheMQI3nzG5XhBIKwIFEPq7AQZVQ0JdbPg8Ys55RNw9f/bFF1+8+uGH1QbpsuNMWGcVm9qcAcDdaJksjU3Sgq3UvRgcI83BthvRaMV+rCOCWnoiAMqTiesy1mnCFoRZt7EID1KF5MqXcme1fiVmVGtgpMkotNctaMO6CxDOmUDnhvpmWvBtfPzxi8endzGDYjMGevRBV/Q8TdXu8Yb7+e5ZzAn0oCIQomOgTwS019LV22Sq/Ps4BmXAvbklzW158Ke5Ed9UelYh3X1GPM19xsEmtqpswe2iKjdZUfdEPWGg6aa8R7jO/W/+nT/9h//4P/sX//yfnWxkJqVcRKbYrfOBIbZnXe2ZzkGqF9cOZaYCo/s5h6tKaN20CWDupjacdOPWdavONTV74hJtISfvlvYQSURmTYUqt9lXaP0EEmT1BltKLnhZGIbFi8hzPzNhePjw031eOJJQhmdusz0Vuqdp9pA0GM3eFSsETru6JZk8rupqSwuj0pY2rqilGO+hnSosRVuIcsjBbW/AaSWzpT0cgqKgardIe0gJTE3eL5mVQj5yAAuiIpnT3FRcRDoIjKRlFfPBGd+gkUchQqAlPhxQUXWRYfxJmJRkPAx/5hbX64P5M5FR+/H4uD9dPnT/xccfnNUfL4eY6jbmzJk12ZYI3gOJfTEhUKgE0StqFpXCBI4I1l9RtApjO7mbj/4tPrYSMbeMiEwtESaFcbjgdnq5mvIhgYm63NoMiKCkAr2NURcx0BZJtRBMW2Abiip3dzd6OTMrbZgCTC3QyFITN415ZO+65e7uWUlBETPNlToZa7oCaI9D8IxubDNCqkQrc0pWzDmPK5B3d/dmtg1XNclyl0KK+TiP49j5YaQgahETaqLj+SefbcNf//iy5gSYU8XGR5CQ0orMGVW4++BjUYu5az91Tc8T6Q0U+sCwrJj7lUvUrLnQAK8FC4hqoqTkuFwJp9/OG95/NafJSZHhYn1eVSY97pA5xkgBpOY8MlNVjv3gyznnMefOWSQqEaWQDEJ25NZKVPIK0qTt4xefFzCvV3PNSjNpZNyMGykEzP2Yi1ZRyJhK4U47OJD5K83ozKbdQcqkff9MZAMVJ9rm04t6xieM9UXNtfFPFkRRAeJIpkQQ9GG0QS62A4CqBFRdt9P2w8tvmSlE34quo5ELPy6eXASWhmtGjW07352v152I8enuZD4y4gbHYaHPXAeyQFVxjSJtzsgmb22tFyMEEW3jjVmqoyrGGP31qth/ENGXbL6qNrVRK6gxQlVo4yRdEvivFZCxV+bwjaIwFclZamY6rsf15fff8uyjCx5KUAJrSr4NjSN6GSuQDklRoOHxksKNiQVF4enpWnmAO8pSVcs4BMLw17uHex0eR9pwNyup63HdjyfjBraxdzjxVVUaaBRQ5CgT+RbuCpGZpGtv28bCCTQ0x0OrolBFJGYWGfoNv902+bi9Y6R0ZDLXQ8WWGyZ6wQOgHSNhjJrOFFO2Ndvm+3VXM2HqJwM4jWGZFLUXotN2truxDbseU5tqISJl5mpekOqIDRvnLWausJ6G85Hl5jTJFJWkgymXf2oMFdrO59P9dt2vfBBRIoqPPvl0xjFjUpYQESJi5jDp8i+ImA8PDyJ67Mfp7swMMlVk5r4fmdGXCRTUSVRCytQzIyYp8p6V0lt+RM7lZkJKA51JaCelhYziwtGUBsvgz5q5kW5Gei5XQUXKRLJLVk4Wqj4X0o8WaKDH6czKcnNAsjk8JDwBTMtTVfXsvS9ZqQRFEyoV6dt2f38+5rUXCXwXCJVku2JX5pyzosYY6prRc3JkHMd17hMiFPyVrByvlmhme/+6+MnNZLbImI8dp7US0l20IkPojSdixtOAnwHmBhFkUcvT4Cvd5VongEyYW1WOMcagPU4S66RQB1UFbKfT+e7MAuNOJrFS7IvSyMy2JhRR2eP4+S9/rqrv3r2jSRrZFVXyw6uXye0cq5/6GNucFPhasVNQiFrG/OjDTz/44KNXr181zUk7oaLnLiFkc4u0M1Hpj5RQWxg9fbUjTIya4PPdOYFIijUakmu4RuzNu3eoMrGW/YhYu7tqHNNcIYr3dYQDCDtXImiybdvL7775zV//NSb2/Ygstxb8+HCCBJlCe2ewn+xnVPPGReXCPZCIbTtlzgXaQxXqhlxLgAaSmoLFrkwXcu1ucxLA01nFFnb5afeRt35B9SC+9qG0tFJT6QF79RYiqzayOoLGr5xICxU5yaXS3sD43d25v1qjJoyLbN/6ut2A1RehVmxZW8yBs78Qge6XjmhacTA2YYqzZXRCX/RFFZqyQ+BqvJddfBf+4GRqqbZwOUvb3Y/FQlbzxhy91juavM/K5Q6EC3ATrtdEBRlJt5I7xktXqYhBGFyuopvZEHlw8yMs8osPnn+AelDbYJ/ePztlPtiQkgkckMuMqCrVPWasaZFP6UKXSYhpZoG2Y4Bys1SEq5s3KEDdn+/GON3d3T1erjMCoo3BC4w20usFIelUoDQFlIbTRDvusO13ObtHhLpyC8f+pLopQAY9wY2YMcEwDgDck8+ZlSEqpTqP6W6TybJclNv4G3/8p2/fvL5eH4XLnqrhjpRCqWsVYk7la9reLOWmojj2ae5cr5GMUBmqiOsRc3LTdH9/FqOtWcw5M4Ow4PnuLrPe/vjd09PrTUdTFQjvJ3FldbcbR8CGz3lh1ncRgdY1q/U5z+LUWqWsgqiZWEFt+8nP/vjNmx8qI6I6ZICxjYSmFfTKI9jnw44ZYi6s4KpqVkA0RQ1aAjpEcQ+uoq5FcVFl7KkCbkF7A1uIzKFeWkc8omJspyq2xBDV0/l0eXokXZNdXF/q4q6sojIW75+Nu4q0O/b+FDm3salItVVQ8bRWgZZymIHAzDfW7PUASb/QhLaGiRo1GUmlEnS4z+OgvTGRKsY39Lu3zvrGHUz3/en7774dtkVmVahKZVvyZQNJBRE1/jaQi79tHpH7ZechyNMqjmCLHhG3O01shjYXomBuCNVCwzfXjXgkizuAsSsglgAAIABJREFUu/uHrKqYZGhklWiBPpIRVfnhJ599+uLLd29fi0hG0JlEVaSUGp2u80Im9+I5NGbXKHEBw7fKmjEz09TUzdxKdM4Z+7H5Rr71h88+mFmRycQ4VNGYVkD6irFHqpoFytgJLSQJmvxSw+zY49PPX7ja5fHJ+mIKROb18eHDj4Dcn3aGXlnKse9K9+dau1cR8hpprQGTzCpJAX2P2YpXMQtCrGYDgSo698OcAlmMMWYE2uqzhZKrHCD7LewiB3QcF6o++uRFu2D/HtrUBRhNQu0I9CpS67Lq/tkdSVOZZabbeQuOgC7ofVxB9HTeIubc98vTLoX7hzsmy5hrZVVFxGy4pcjAz/sPnp1Op6d375598NHnn//kh++/G2PrMZWPni7qNpVH1RhpJnzR4SC6z+t+HC6WEZRncHRBX7/yMY6ZP/3pz7bh7x6fxhgR0ePdkuut0ZwiHpel6SiB2qpHSPMRObuTblC7Cdlj2+7u74/j2i8UIFA1LqmSIEcVhUC8CepugI5hFZKV6oT/NWa0IEckkxlSQrcoMyFiBMg2NlM9ZnDzpiJovl9Hhkcko4IKkjFnhDYEAEE+XS8ArCSD/UGp6Mz2Yeh2UPsixJxJ33SzmnFcDhXZzqdnHzy7XC4KEeoaFh4KaW5FHAcb+3mESA0fqrofF7cuzN0AiATJkD3qK2+KQJMu3CyvRe3jktNwRWBG+qyJ7vOIGYCySWVXChEzvx775fKkTaJYinZy/wrq1twTE1W5u7t7dv/s7ds3xQxstMUSR1ZTEt+LgJWqHseu1oJ76cQlEfPrvP7ww7fDhwiBXwWakDYzkCV0zBTtRVMTFlBZZg7RGSVVZk57IkBUfWzOLBEubfoEb5QH0nRNsCNsYSZvcaO8WJYA7HqlOsdHSTaLma726rtvz2O7uztfn554JmybFyqOFIH74JmjK35bV/yCuHZRgAiQwMPDhxn0B25mh7txBsmY76nrtw4DUmhCto3BkZYtaWVS4rKuFvvwInmpgJvdQaFId+arsWaLZeahstaE/cpyeJASV4sZWiYilQmpqlSV67VRRl1IXqrQWFtNumNd3EOO8SBDUnVGDrreVgIq5ihmbJPtDhV1dytEBFt2/T2tPBqqFnPlwcZ1GbOBBQKouyroNCra8c+o5dlhYreDrhpFbx5SRqiIi3GzLRAtyUoFEHUaY1aeRDazQu3zUGXqcrqJiZ2Hb+pn9Tv3B/OHqq+e3//8s4+3kC8+fDgV5rsrhu1ur4/jEJ1V18idZzpKqpZato2hZLGbhCMZGijSfnD5GLfoZY/j8fIEqTi4xEAWMpbbijScx+WSilVBXcVJ2Q1OEjxzaok9RcRc1bUvlirlf9zW2NImZdJOOQA+AryX5jRNNvFh47StXpKkN0vE715+PY/reTuZelYM923b9us+7u4/efHi8vhE5PuIAxA3M2+hCEHlynJ1tREzYx6o2PcpNk73d8i8vH1bUS4a+8H7q1AVjTkrQlC2fAhqUZPJRHDVzJwRzZ/cL4ipaqSs91PY4kTVlg1Q6Wu/1ywqj5F3b1/P+aQyOOTlEZmlQ5tk1ctHUD82Z4jaaTurSOzHjYLBBpvPQrEERp+ivjmqt8R8PwiN9WFQsGFmernuf+vf+NsfffTpdy+/sXFKOrmVPD29q0gqBvnzbf2xMG1ygYtmbH0opQAz9o8+/fSLL7/6/vvvzDzm5CNjqrPmcew2RGSw2Te1kfNQsXHauDY1JhxB1JAVeYRAMqEGMzfTOfe7h7ssVKW558ykKVihyX1AD/5NAzRVO47wodLDbknR8U4glBFqgjr1to2bR1jTkKjEoyNUAu01xFmHh6nrqKrKCZUKki9mU6KorL8B3QI/bZUZc2aUb0ONrHcRujXH/Okf/Ornv/zlv/7zfynmBTjF0FTYiqo7Bx/hQqw5MCxstgayMrMxHCozJlp3ZZl5XA8zU7d9HkkwEMnsKjJdeVZKizeUHX9muvnc5+l0UjE+cYRZmL4JUQBPl8ucB3dqZIadH84ffvLJy2+/oyUtQAEj6foSFY2QgdTSWr9Nqup8vvvgww8vl717lZWG2DWTHw56Op0A6NBK3pqqZLy2iLf2toCKpnA0CMRJuGEiqZyfvPj8k08+++7lbwG14WbWz25feYKBlTM4saiqis05KzL2UJFAiUkcZCspEhFxvjuLYB4TBa22cynUcbnyFtJEafmwcWwQQI5jzjkVdhzXt+/eeDd8XYaJ4Cl0JTrwqcc89mYMs9lhy5vibu5OF2pUzRntxSj0y7CXL799++7teZznsccMU8Jn3D9qAVXFfgNogxE2Rv2eFQLxk5/84u2711gBZwX69suM3E7jfPfw7vENG2g2gslXMcN8PP/gw8ycc4JCFCkA1+vF3GNOP22fvvjs7bt3XKz5NsYYEZNf05YRprq1ZFNEpCLKuElQydizuBPjIydFR2DWDunTA2gjHvIY2VnS0kONzRKNWxtuwcI0+RuaPSACJS177tepEOtNpTC5oUT6K5YWhCwvNZWq675/+ulnaXLsV+Zfah8fvXjUbtNKuDVtgBACpc7EerNdtOLKDAgjn6WyeLz2YUQ8RwTFNAFTlYycM0x15vzki588++ST169eNt2k75xkzJcvv+NokjnNXG8WzCtggaapApkROsY2TmY+YzZpBdLJVrBFK29GinRmAlpLtpZ43NONMcwcwPAhZIOoHXFA8NUXP7nu+5zHcUx05vVNwbpW3SLN5DCp6DOgsoI/wiS+7MARNsOLAc+uGz5GAVk53IfpsV+rHYEqkRBUpA83N95g6Qu+jjEVGgCgxQUQwXFcM+PGaUm6ycZ72sMCz6WPx87I08qIObXn5lqL8jbxqV4clCyTZP6DbZzY9rtZoU8LWdJivhowNGhV3EEmOLbpervYNXKoK5lRN4EtawhWF9Mta5+2qwi0NZ2YKyLVXIdm1RgesWia68qTrce1EKn2AiGZutBSYRbAqoqZANRdRKrgRMj192yJUCbsQtet0YWgLQk1pKhQ5kRkomMbfXJUQWS4VwVzQ758/vy/+2//m//9n//fT8fFjLMDTHQbg/J3KTGpu23DPj85+Z/8wRcfffD87evHDz9+/tHzUde8or7Zjx9mPFZOVJkdmZHVYjxhRTNVS2RTZbr7poydK1Nt7ROvuopwU2GWXE8aJ8/OoKBPB6QbCLM2bdAxYk4pURcpbZ2aNtkPhaBX1cwscSftqBngpF01TW99ElelS0fnIRy5nUa1rKCOGWoqRtlYVUlVmriqF2LuMyJqZgHqcn18qnmQuEWvhETErIzMYxZQEQDunn84tvO+X6Pa0l50e3jx+fX65EhzO/adeYQ6TIDKYEEjaAWeBaICqYgb37yixESyVrfV5Am5YSmEnwtVoaB/kBZ6GyO4UbuRsat40mIY4N8rLg/PHmZEMTGNShn2CJDKjH0atxBMsovksCpqiSqImXAJlseMfZpJi6X45mdv1cw6BaUqp+Sr1z+wUjPPkf6kklDXdjsV2us3TmCqY3hlFMAtGTtGNzsixPTt47u4wfQQEWTMFPz7/+4//M1vf03LB0BMbVDKBlRmmHgFHZLIfUj2fdw7o6omIuOzL38yY+5P74SGS0ITN8oweP4RIOGhjFiGdoQ/CEAxJTuzQJZq29KtIwFA4x+cLBvQ5mlXJHwvk0IRzJwvvviiCvt+IcQh0KhYipk++qsQxz5nsJG6f34vqvv14PgmKmr+8rvf/tVf/vnd6Q6luQa4RIABk5mkBGhnazX/BeQEM3OE+5DIpAWVrIeP1wQMlqpKqNtxTEBErR8RinoWZD7GJupuenfexjhV1RGzopwri/Y4RWZwiUKbjvYLSIkIBoUYPGYTNhJIMBFQis7gvWheriOmmRWImBnH5LEkKsL7mFVSRPHnfkDLzSvr2CcHKeuNfesvq6DagTWsyLUEHB2jAjH1t29/fP3meyQUGhnG7bmUqHprsTkDgAJxtKcvX3phHBhtFcQkZwDII8/PzpkRO4UpKEn3UVXuzru5vOf5qNUC+YpRoGhBSJl531JUU3TBXrz3fq1+phlOpqr5aF61mkZFCWLGOI3Ttu3HwY/NZiJnjG1TsciISjWeJl0KuVQ05dZdS5JPdQFSkh37JBB59fp7BYadGVVaUZCCi4lGxOXd29N2BiSqlGKbZgZoFY7jGpGqznlGhT4dwmVxzBkZMWOYFxCZtJ3MhPnqOEUg5pvPmbL8dkhdve77Jy++HKe7/fKOS/AAhvdgA1LOAbQzmIiIb6MKkREVrppZ7va07xkJARpF63i9bFshbtURmcLdQpWLmRujLfb94PIBa7PPQl2gDLhMpJAffvzpadvevnnt29r59IyyBuC1s6zG0hl1pFn0UU2RDu6srNT8xS9/tV+e8tjVLRdxURVc8nEIptKJwRFqQhpSII79WvsuKhQImshxHJ+++GyP1EJkz67VJgi97QyOiyYsb9UsGNoPKJcGEAwzEaGDxoJyG2LqP9wAxSry5aqKcQ7M0+MdpFICItf9Sq4VB12G7wqaNyp9WvNk6C0nwWOyjigwKEpTmsPZ3pQlbdJfUYmkeUPOmDPQ2FOZqImT8xYRFWEmkVxwNZZI7J9fuCpbqU9trqnAyOSvhFtPeGhTjaJFghDhUshCx4nEs3wp1r/DSbeq5YNIgTCOxl0zBbZlhYlnHCJWkNvvX6A/lhSgABILeAYyj0H6uBa623lWu1mYCLQzaVVanoKb2AmNqpK6QjS4BP/2v/m3/sl/+h/9X3/2rwpWmbZqOynRao7W+7aBEoEQAGqNUlu7tdOoSrtTsQYCaYZBOusw+pdnr0TIOaD7CV8HAv1Vvesu8Q4uK6lyhRXP3zptnpW//uabb998P1QRZSpS2Maw1VLsc09FoeYxz2Yvnt/XNaDjk59+MY/97Q9vnky/OeJ3l8u7nIfIZcYxaeeCRGaminHdh978aN+Spj4mAPHeDaxqyivNRssKlTm1AKErl+bymWj6gmgV7j58sZ3u5/VijlpjLzsnNHeNhD+RNlzRmLzmQIk2d05gRrRU2t0Sk4D9NgjRXK7T1eiEo26ZbLq1LRzUK2O2JNIIOcWcOacbvS5DeXJWaXsTNc4iImo6IyoPoHJOB7L2bWwKnXPPeUSFC8X+kkVDJPQTeZtT+TCbst9jMXVXiEBFTYvR5o3rQwHa8aKSvynR7CFpiYZkc481+7iUdYBr1SpzR6hYMdhOe2VKu3HOYHPOQlpLP9mjkqMElBI8oDq0CSklaxsA7TkQAI7j8DEeL0/Xy2X4Rje8zIBC3VSKfG60m3Gxz69gRKbt81ARNyXFiy6fZuPYjzzm5iMyiydF1bAROF7++H3ErvCm/Kq6aJloxBQxVBTw/IPn+7HTeIhNSB8aWWquZj/++DJimg/Ss/j28xhiXVkmPMIcAXre2UqGalZRVc745LNPfYx5HD0HL4JEG7bwFCxRiBvFQOi3qnN1dUGG8NMo1HF9dN/Ics0sVCx4Hg07c73L5jNjXg8hlkNovCid8Jk58yCdN3uhgbVp6ncyln6XrSyCnH7LDEJ87OKIKIOmk7W4niyIWWJOWR6JBCTg+nAAmeE+1Pzzr372wUcfXx7fqdkRhzSPbEGC/H4KH1aQoBUih6cZGYmS2RKfRplERLS03SpbFfp+lwFBiaTkDGT5GIzC7at9Q8Krn+f9uqN5EeTqSfZhRT1A6gJ4uvvngFdro7BoYxEJIBLmJoWIuq2HMYHC+e7ONs8IKRnn4aYRucoQVLWiusUoqJv52I+jZizEWUTMzMiStGHcU6MFe5y0lSsLAGT3MBY+myZHSgYPYoNWYQ1h0qN0VJMFj/0oXbxwNwHU1QgjVY3hYly8hNxYHCoQSWQtdhbHD7p88qCv5kMurZc0ZGtKTmyHTzMcTdtnIM3U1GZM8DnLMlOnRw1gywdNpQdRcta46lWFlM450fY4FTNvb7SKZuXp4X7bTvt+PDzc14I+ZY2+Sla16bvXP5zuHs7nuzknEsXcMYiJg1J+3j4I0yPYPPEh3/fri09f/M0/+du//vVfDB8iMDFzMzNpqw3J5ZlFcAVZwokRRBwSAnOvSKLQkGVIoKjF+X7z9ofL0+P9+QGtKuHZJiriqioKpARUJCtUdVkcNo4EKQI8WWXmgnr7+BhzqnT56fZIb/C0iLSIRm/bmQKgdczcD/etUKqgx1AJvvjqF4p6fPeunRPRB+8SLSP7bZaqFvNWZkW603lF8gbQJJ12b57u3beQVImSxsYWolgCBnAWlQ9rMMjM47gCMEjvM7uK9+qsFv2VWBpRBw5z1fRzFjh03IK2G6y0OR2rEJAtH87orY8sQhoKx8EVq2JpVmiwyygxXpVldcfvZvQoY4Fd+H1JFh14+wXkOEyb51yUgyINmln12l9F2MtKUscAgUjEVNPhgyPBjBmSf/ff+gc//vDyuD6JDVDjzumy1qXOvnrFJAiVDmr9PbRmcR9K3f/gq69evXpFEJhPVQkq06CFJuP0uE1QtjnmomrzuP6X/8k/+gd/7+/+9//j/xwHx6C1M1lRGHwPi3go/eqUUwLaSw4cObreGnr4ri4BZWLum0DdrbJtZ7iIbcY7aOptgCot8CGmaqbGhy2yUIplRbig6G9efq8mx7E7QShKhVU398i8zD0QiRDzKTofd8T+5Rcfffmzz2TGm7dPf33s//rd07fH9VB9ipgc5U16iabG3M8ZYXJrUrlWYv6plGiWpFQFC2OPWIT2TXUJXtYbRkkqC5I6HTvEx+nueRx7xQH0rmO9ffyjospopkRGIFsMKjHB8BQyArgnB9sXVgRzKyG40OS6FpgkgjVC1sBO+mCGFJjyBBoJoLJmVqq6i6toSqqhO4Tu+zOO/divqMooyjZc5PL4Zh57Jb0yGwuniKJjeKr7owXJVVvXi3JWd1cxi5kRoXQmWANtSTWKxzdimVlQtFElPtzGJiaiNiMz0tyq+zdeNAx1EYsIYiDN4pMKijd6YEFlsZK72a3/RLfrgoSZzjlFhC70hGXYNJDPVIUFgnZfHZEZIcLAb84LiUr3EdmgSj901iZ+OReI1dw+ZRILlyfHnOSGkJeBwvBxebq4jmAjXmUFrwwAY3ibFQA2TFURjQDJat7MuJenAMiCGbEgUktDIB7TIu0Q3OUtKwGtuAVkQFTErKrO9/eXp8txvYxtm/vej7sy4Yi3ts/9ZfnXMUgNOYEwhwjk6fExq8xGzFztWkJaN0NbJKKbmQUBeWvV8zsHRBaJZCVglbjtQXsO5+024VhcVaq+fJDU3WQhaSKiw0TV1Z0JWSVACgO3oCow29wHqrKStps9FyzXf4Ecmf/4P/8nX37103/6f/yvcUxunOWG0q0ngOuUSiap08UV5j7cgnaHXHBLN8yqauo8tIMtkEjbEZDiKSqmY3M+tBmx0MHV6i8YFUqyf9/bnpFUGlstAO0WtybaIiZX4IFG0xtERNv99Ha+KDuOTFPNjLv7h1/94R+9/P67osmZaAa3/hzfCi1/b9ZVZAqDEt+vXwqFSKoscOyH2VBVAiELPwVQWt2137Df21HD+99MMzH3LReTgX/9dt6Y7UWqFQ+ZGSGCjDyuVxI/AUYgr2WnyN35jK7QRfPNNW/CXSsrGF5Y4tZLuV7OKG3j6IaVmVNUkaKKOZexFVrJKs0dXPLf1S4kGa9V4CQzJ0RUqVqTFfM0S2rbBh8jUxXXgkTE3PeKuB5HZf916PICVd+vT5fL43m7t+Fidn26WJ+e+t47lZbTfLgIlTceJFXl5tfj+ur162NeDZYF0zbtYV+FFjsu+RzIdhMFrperqHzw0QeXy1XWnl5dix5FIKAghYosg5iN4whSTQTw5XDg7jN3CEJSQFCwCztPHC5mWFh9KE/LmCEFHyOiensEcHmgqpFYros9e1e/YyKJsW1UyIONtai5fffdN0+Pb4efBEqHJgL46sbBC/1qqTSxRqQFzTS7aYMBHqgqOsaWmcQhOUx2nl7XYr7UnHVXvqXSZ0wI0AJ8g5SkzSa/yu89omZVwQOONo7o3vKm9qsegdtYpvgcMH1ETPt7KbfApUV/pIqEm/XUOnycfEb4ZllJTKFu3TphAM4/XV9KhY9BZ1wUk7z5dRYQT+QoeteB7C0glzKOpT3tFiTRN7kI7mqBlxZZyCw3U8O3L7+RCCcqlA0ZVxVJLBwj2oqGw5lARRjfpGrseJQEBLXIeP3mjapXVIuAimCA3j3cR/QkfxtRejgXpVGj+/hnf/bn/8P/9L9kgsaNixUJVQz620Y7qzb6Iwt6rV6G8PHnW+smbi7kcCJFYBC30YYWBS5FtYlnxR04P9vmG13pmh4OGWYmDJpQM54HTASnZZydxtj3naGK/PpSeX86ncY2GSygBWAC6WNXeXy8WOS7H1//xV/+9neX668jfzvnO8HjjH0CdOSk9QQJg+sFL27eWQeFLOQ0d9Nmk/d5T5x51Y5M0PVrTcVGxGdsvh/ThrvbzITKcX3KeWU7X2gSBi+2mnGDJKLVQaK9yUdKFlwVJWo00yqaCPcY2WMj9utBlp2p5TGroKoJmKubZBT32my/Zb0kJLBJyc22hQTmqiogM7q1KpKiBb+3bjLzzMggDmUU3WmVMnNbtVAzowfSAq2V2P2YSUY3J8Tfq1s+kJyoquKaGQKFCYpoweJLigBIZCF9jMqIeaBvCi+foGVULNV1xNxOdwD3570juB1lIsQC2Grf+NKkOSgqTVXFTqchirVkwPtGdgntG9xrzI6XQd1b5cKiZkruveUSDbm0fZapkdkOAT9fd9oRlamqHFjkBu5yLZxoDlsVpzyDDfYXbA5EBGLH9ZqRFWuyacFWvwCi1MXkms7drDXXDC9cSE23OGIi6oxQ44q1UFllUIU/vnt7vj/3+Yf+T3STz6m3iFSR9IZmCVUJkS0uzpKrIlF7eHZ/uVxF9HQ+1W2QRN6OK14zM2e2y2153fRNgnOy4ByUmle2NaFybwwILCFZExXSIaQiIkPHjCPmFIO6+7DjOPp1rF4Uak/nBAgt5jyOQ2m7BmEZgwhdQk7byW38+Z/9y//nX/2LwUMWtbhW/YDy2TKxorDVjB0IRId5Io6cIuW0G1uYP8UeEROV+r7Gd0y1QrLyxRef/uTLL77++mspfmYOPF2qa42w4m3BwW63lzkK3AJ9m8wraradBkTioKUJp2qJmZxCnj17eHh4uFwvEQluSAsAfJiKXq6XVz++qphmfhyZSUdsWcAKOca9scmZopBWmyXXpQWhd5OamTuZNQ11CGED6tukmJVGk/gqtZYgi7THB5cZ7idVO2KuvYZkVkUe+8HFePceTULkZGWi2sa1LQyTrIJC1SLm8mTox4GvIZc8UvDhxEZiJpFUUed5SG4u2CQUKOfjO8gPhrY/LzPTxYJnzM2aJheisPraZBlYDA6sI+HYAxAdGrOBdhGYDQJH6JG70JIl4q00f8j9uLKZoCJQCDNWCIwgdJGqjwLSzIjlA+Kqj4/vTuN8d7rrDA3Or8r9y4ISSRIFVfJVKDKXHi+Xbu9UVGTORCakMzWFJYOW7VKiejqdajU1/F+OJS+++FkV9svFfLAm3A4wYuYVgACJbEBOxMzHEHcIMnqsVLpJVJnp2Cwycy67WRU+9u4Ok6ADqbi4IGVT56PEpaKo9QQjUuyeqw3PsM4K1uTkEgCWLQoiCKdj2wIVnQnQjJqboIJfcI0HDRpnFHS5Ola1mAqEC5gSpfqejqzVV09VbYyR9Oft3SDx7e5xmQ9TDS5oj0yBQvlpZDCzo9RgrWMBSqVKTKi9jmDuaWNDWJHYUOsOTZsN3KHHKDVT5se1+42I6jidQBonz/6bOVJlFcxdzaoZ8yCrqG3TWpJByAMKySoGkr6nA80pBQPmcRDsbru5od3zWYe6iEJJ3SwOw1hvYx+rqBVUABGRMZyTBtvh5BrzJlxa3ZXKSuojwaAkj0JVZLhbZ4U2Qi/rYFTSNgl23yyO+KLJWpQJFvUfkOI/VFpMsQ9Vk2Yn92jmxqur5sNJkRKpY86hplInN4FsYqfhJoiZY3jP1e7GVBxTNR/qrPnn7XR/3rLyemVeFUQsIo+Mx+t8fZ2vLtevf3j9mzePb+5OP6q82vPxyOvRqb/JfkgloxrEjWoGFukH7mS08uUOOvZ2CeFNa9pd9zK9NrB2rAfZ5/KP/sP/+OOPX/z2699AgAqlR1xV92Mrs7ZRbr59bMpFsxp5k27PZM7Qk467kSlS5Nkx6jq5GTTlLofFvHEHH9aakhmNTbbsXpC5pll2n6qmlXT6j17iFegMXsWAG3FR3xyrZReRzNDSbXB321pdABmTH7I1E+3sgP4YCdBhyyyaF9swAeE+qDhNNbpsoXs8TmezbWkS4LFLCNDstkDvzgzZrFpAnj3/SNWO40lVdRgfiIVkFTo4LCsREYBEMliwzEcBx77zeZ8ziSqYG3+/qqI97iszRCWTmsbWCWQEGU0ZoWpuJuw6UJK0FEdWBSKjRKS6wIHJMNQQ8+OqGdHtXnIIMklqgiyVqamOhoQFqwNtAZMy9UMXI/+2yhep4FoVrtI3pKEv1Q55l4YaefdLAoEMhZmzxouKqOl2Pr347PPHt28rugpUli00jNMm5z+zUYBIkrne7srt4d2TaMy87nvNKsjdw10c0TKO3qR1uyACOpxo04Ruag+0SgSkI5SojrEJl7AspcqDUYGsOMA1nEhVSmXNmao//8Ufvnl8EzNYgVCLOqKs7JrNWqlqwz5+k7VJBSoq6dHQzNEjjjmz9v0yfKzBm3e+gDK1zSm6D2b8Ei+sjIn69/7e3//N777GzfanagGHiSq6QWIRinKVCKWCGXbMHbSe5HJc16CC1R+8P8c5cPcTKXyuFKtKSeVaG3Tnuyp0rxA0q2YccUwpNddaUGbDoiUZWZDZN4ndb+swUYSs1TEdAAAgAElEQVSNwQ9ZkOEjI2JGX2QIlfJmZmZzRlVp6YyDk0DD45L5frlSzRsRKyKOKrfDC1BJKUTG1OZLkCfQUrB+SKFmNEe7sRYIlIhAF/0GWRUztLkX3bXU8tNgaFS1tJOuvuwEFKiZqSKbbhCZnaxXPG5aSpUwpeenoNp+GO3YUYVSdTU10UjCA30cE1hn4LaiixOjTES1EVOiDH1NOI0bGu1qI1E29DSKP9+diC+vG9ee8s5pvF9X0KQ8KwCRNkKG2eY2fGyRGdybE97SrmmuTVbwBhdTtLJyPdVGBAHS+E+fMj1HCoqLSkk+H0shIovqY2av377K2F19heAAQiv3ZsyA40eHQTIEQPa5RxDVhrq6jYzUBc4JpDKYc6SiTJPKRMyMSFVzG+bOJQ8pJwVkQd1ZrNuEvP3UVVWZqy2NS6qpqtpxXAsxhhF2IqEjgt7V664DC8Zs0oyokCQMEeqJo99BrK7N5mR+NjEh6SlHVmTyss2pKqhk6oxwXcUIqNZgrFePbTqWKrQKhvvnz+YxM6aJompmuQ0pqQg1pSkFidE9BLLjr2ZvkgCjazJpGawSLIeqVATnEDOdjFnoCbDhcqAtUzilmWkGh3D2teRNkcIrkfnVlz9XtcvlnfuWiBIxU5gQUYLIjKDdZRND1Be5RSsIP1V3lChTodkM3p+ZvFhaHVqMMQY/XTWXRo65Z8V5u6NqV9Sg3HdR7q/MH2W7nhVmbAelebZs6J1rEI2JFVvOGsZioIWSZRvs2q9Baxn5yapUxVUNYmrVGuIiudZd3ex6ufzX/9V/8ad/50//t//zn7oPsnwNEKEYVO7dJGNmbbaBh5oi4+AO50R5dyIjz9sYPp6ul+sxdThXLNc5oyolz/d3sY0n18v59Drj1fX4/vGyJ6JKBFH8gzJ9zHtBC2HOpkpEmIirZdZ23rbz+brvvb3sqw/cNuQlaq264YqaL8VwH9v22Weff/31b54en2TdxIosVM0E4O7VSRqKLBLCsAZADqREvEaTJbVMKjGP0MY/IZ3MzXtEJFvXq6lBPl5WRSl76STPrWvfOqK7eyYZvhCiQppWXxyCsDQq5LlCaXyGq25jCG0TYnIsolicsJi5YVFfVy3nf3kt2QLX2M7SOYMcbFSkYh4QQciC9rtsr1O4xwE0jKYiJTQSjKChtgoN8tkT23W/HPvFbRSQmTUlK9w6xWIGzWaiRxZr+cGM/NUf/cnT02W/XtVtv06IROQY/YPFUtFmi7XGD6gqaTikjuvqEkH2liik9uuTDxvuMxIFkm9J/aIGgS8cjYEZZ9SAuiwYHwKKUUzWFS5T2yqjyYqkwCuyUrT/LCVckfMaci3m2yhkJV2KyKDpExFrR8izoW8dxZyioEAiy0yOPdU0Mn747rsskDXLOVUUN9YUSky6UaiS4VaFCt5ILuOq8RL274C7onDsRxxB+FAYbVLl5lUQA2FKc+vAGqCZcrlYd6I0c4nKeUwfbtBjHnKT4IiSZGpmReZflalHZlbs+0XFFUpdh2jHCNzuBEk+PTCrEGwjsIQqWiSZCbIYIbHPSSlS3X5KeofW3CTaP6ts501EjjmraviIit999y2jGqqC2LWgCXekcKrbZJcsXUqlxDc/9nj7+E4F8wiaQzfFhk+VUC5XzeglU6gINGOBIyIilbWoHJpdg6nnkAx6dzTklhlzHgDMVL1vqOhS/ba1HH+hmOvtfiFhaslwJR7TNCxn7RFdyzh2flLImhUZvjlEfMldULeGpEdZNDe4quDmERE9OtH5gcbVMDOyMEsKbqZmZvSqW39fZhYMnY4kPRLSl4yxvMiihrt63dQn4UI0VNTIxRdwOUDqOpLCdHYhuhBEKRUJfr5KUYVkRA4f5+18xGR7WwXXoSpR88j9ZJtA2ZML1QtilKdkppmNbasqHyasbXTs6bLH26zmqrIYtGvxrWbNPnN2pdKiqoUvcsE1I9GTBtQkW42tjclVJvLx6UlE3ZXOtjccWowb52QNVVpnrKKLNq5YU400V8eGVvBSkP5ECqKKWmQaYyKqxJTDfyVfz1HKjTXcvTnWmZzPfAx1B5QogJqSGSOqJGmI6ZzRCpOorFjbYjJu+aaIWAcfqgp9cguSK3FAzLtZzoRozKVABVb+IBlAUBU3vexPX/7yb3z0+U+//+avyXh0c0grZb0t4MibakxEdckkOAzTPj4zJ+0NEImiAX+lchEfKe2gJ90BAcPWwZ6kKXAoITq6bPVpCRshdMzEIlwgxQyo6+UC5Ng2WkMxoS8jxWBuM6a6QiQi6E3jQv+AYndVQniX1aWN1QsAjTujAfUedSBqmjPHabh5u8mVJJLhjhEMiAgAGcmEipjRI6BqZR55XK8X/oXNuVsinYx+hxs3yZ5lM7KdkovbBlnIKLR3QeZuESkF3PYunGizIHLMmBlqVtkMWod/8OyjI2Ys9cWtK5DGqNaJ3ihGNd9ZoEoXf4J9Oiu4u1ovFE2JDFKmjMXDNk7EcE+DQEBx+ncfw4eJJmTP4/e8fFUkVVRNv/nx1V/8+v+9HtNETWQj5bHgKieVj++3F88fnvZD1M29aKlRKe1YrUqQW1UhR8bl2LM5MFqCvUWRvt2dYP52Zmzj61dv3lzm40GTwUzUjUubWdzHc4crIqvhSFvuR4mKmDd8V6ST+0BZmjAriaBiA1RmzkMBWn/5V3/59u0bMzuOQzspqQutirDaCMnJ1UWhp2ljehqjjQTWa2RRjZlj25iFDiiNyNBNMKrvdj80t0lbTW1oqeTsuCQW1yz2RQUpVYssqfJx6p/FrZWFKFcNzdHhWE+hFEeF4zjYafBp8m2YjagUlYxEptuoTBsewQOhtfZ8Hn04KUfopQHYHAqkLbMXmxIoSCq76kUNRYm0WTLre3QvADI8AdV5TOEBoYtlXVDVh/tnFQ1aqYiqIWsMywCPbrPx6s33+/5o5hGhauf7u0Kam5se+4Tg2fNnAGpOhWTG3d19onLOZs+0m4dyYwHBto0592vMv//v/AdvX/94Pfb7+2f7caBK1d3dXJh4c6NjuRlayd1v91pQloiQIdz/KsR8nETg7qfzOSYvjcpaODV03fuVm1ufbOeNjRdHNEa1kS7RBJMusfxxTsL00NR5TAqu0bnC/fRBhDLI5oEJ5xW+BsrSnstBo1LGNoTqgmLwAjL7Dby/v9ufrmNYVql1MscNMY88Pv/iy0Tt1wvR0M4Mn2uQkFa7NCRPW1+VmPN0Pp/v76twXJ7EdNhQWCIrZrdrEFW5Xh4VWikclk1FTQEJJlaq0VIGUuYWM0ilbQZSa4SUa4omHCkqg6eIkSXvFnMiavjIKir8bpMJyyu9xE09YtqyrJEiJxWqut1tXWArhRrlLB8upnFwdgdtN4o0aBNENfe39ynsWpOQZQ/Y6HLLs6xWG51I+pMWSrWdfnmqVk9E3T92x1tk05r21qzP8W4MgMqEosdXKttMT+fTnJP/bmZGhI9tvx6iNF7g9p9WgGtdzZ+ujhV3dVVbUxYyg8ifmajJMRPgupq4UDthtYebQMf49MVnr1+9QovisI5D7i5FOpqvJ+OKPJ1OphbMTInozUop6DuxBi5VG+Y+BqNCi6OXac+9wzJjZppacSnTPyrmWsTPidSLiBu57MLNuep1v/7sD/7kl3/4R7/5q78Y2zki3VxQw4eb7fOQNmIqVd33o7KzrLjlbWpTrwwqIjNKiX4Xh3fx4c+eP1RGHBkzx2nwb4lMrsKy8nR3VjVVvTvfzYjKiJg2NnbtsgQkQI0xNt+IVPWEwYpWPA+TDED3oSKdcl+9PFZIxzxpVYFxENKROi2N3LaTu1UVeeQ3WJo4KG09CP2LwE3nvi+pllDenYnKIPxZWo0D8YxRsKRxx0V32q7EvdoGIOpazT7qwaVRj6WVraw5g+GQTdGha7m2BbWaJl97QUZCyk4ekdd3b023zKqI6qeCa8DsNZFIVHRPyE60QWp1tcpI5DCDiPmAIGPSlk1EqggSW5RkJdtu3qOSfokL9EvFWqh1QWHQgXF9QZmpiHD4b7E+VHVeDhXVzVVlRnz08Sc+xtPlYtJpKrWKSN9Z6o6k38TKZN9NxEXWaSbKga1k2aoQrIxKW40Fp+6G/KVnrG0b6kpkx6zNEtT8uFxRZeolVU3WgqLzoY0ejmicjy++mg53TowcQogsA1DA3RnvhggFuvkTaTOo7PF2jTdYPZFcjksibGULk5PzeygpP0JxL6uq1g6VeLi7DyKw1rZm621b2oQ2DIO2BYGYqApTS4WrQjpkn7eTm1MZeUQQNgS0Ks2Nu5R37y5vXj9uw/frYRA3KNKyzpsPwcNwEf3x6ThiJoXgKjGnFFzNVXwMVbjpfuyXY4ooYCFty3dkQFzUjspXT/uPl/0p8ePb69SalRz4abZv7kUgBev5BCqFfsJcZWQw9BrgorA4wTb8L1JMR1U1loZMiJC6sxZPUcOHlB2Zw83pr5ol5FCo3h6S7GNH2C4xPqMX6S5iWNCPVsJsDagAVPzsfvLeN+bqcgiGBwf63pJFJGUDrK69LuMogBIT8164mzp7aBSqYyKVhBM+ycZOtlJF+GHmPGRxUGKGmftw8REZZDFQMJvshEXEjOxpWSu2mEfuB8G11VWkqigNZrA8mdAk7gaj1bQ4Iaz/n+udqiy42+l0z9vOmyjKD5zEYfsbVc45h1nLM4GMNNNS2bbTRx+/eHp8zJjD/JhpdArNWTOAykzSyvlwXi9XNRfR8925IolW9HZOGihlN5gZXDsfET/88I0UdIzi35sZQTloaxRUxc0m2chookbVmvXYizU5ljvPsizJnLaNrIw5b4/60ohVHydNHUf7ohyZEQByVomMbfRil+C0oNrUsovyzZK5m1kSi211ogJSkzmlkQszxqDTaiLjmGL26eefPT4+EudWVXOrQlbw7LmVf4VUhgz/xR/9qqrevX6TEBvOj2euUZKIy+WRRw9QzEVbnCVe+ZsJBr+FkFhsg9mrO0FWgUZVYqI5jnx+McZIPnC6VjACkkPFpS9j3cBdVRF1+ldRcFn0k6n3rFk1NxW+2x4ZjIcQM02LyJLsSlAyj5gzc4a509DTzSJizqCsRAB3S8A3r8o5g0MDm7bT/QaRIyZTuCVLjHCYdAtFFsoSA2RhnMZ5O8+crQBhky0i5ETQw2EzMxcR3za3MU53sm26bYUCubGMnemipQVEtr1328Qp651Wwdq1CSoaSXwUBQy3Dz/++PL0tA5QqMj57uQ+1G3OGZXmLgzUJAm/pDJQ4jTqUXH1RMxKKtsafmsDQXEb6wQRFCInClWSmVElJcf1WqooQTTE12iIENfxBJjw15haIiIyslMARXqsAAK14BOGbTHXSfb9AMqHqw8VMSHUWguy7bWgD1fV/bgAYDpn5DRzMNC4lg0oysTE7c3Tjy9ffr3ZMDEKp6Ayg0ZSPdH3WE8kH9oHtIipq3hksG4VRHo0qPeS08jj2I9Lbx62u019CPXlaD/tzDyOw93mMfd5fPWzn55O53dv34xtk+XHApTbMPOKuM4L2uSEA/R7DVK/eJkzJ4oed6ZqpcXjTIYYA7+rGUKUfpSUuY1hEbFfD4qCRPX9KWik2mdF2w2oj3E6n+/uafCqbpmZUTDl1pS07VwcIU4eSgSEsoHZAdh8BDKr82gaDlS+7iWiYjAv4dRp6OdKlUpNDpnM2jMFcOxTVUidN/X98e31zZvTxuDYILeJtbKnExJZpNcLXJKTZNKgtIpvRm1dY2ktGJO222x2WyOOKnx0OcAz4xZVNVvoLZXCGYvG1ZkRlSilYX/OIHtBgabESCtnItLcMuXIGfNAsHaWmqWIqo7tdMxYjC9q4HgJ1YZFVlZAZNtOqhbVcjtW1d40GpGINFUGUAplRYlPPvooK+ecYO4PMPcw16qiKUpm0qbpSH6cZcJTbXCkiqpgSS4Ic59IrOu0SfS2EI2CQkQz85gknLT7zntCDlittGVt/z+Iv6RXyzcEmNVn8eJwUxOieWgCH+PZ3fPHy2OPPFI8aau6sxKBLSRcoQJ1UxWYmQ/j39DB0qpjmTpEVLR1L48sK1CCnwL8f0y9Sa9t23Ue9o1irr3PObd+9eMjLYqUJUWSHVmKHduEC8CBGingIA13ggRuBAiCBEgn/yHpBGkECAKkGcC/IJ0Abli2ENuQJUcWRVIRa7F45Ktudc7ea84xRhrf2OeZHRLvXd57z95rzTnGV27HAx9jE5jUMKmVrnh4dXU+75/e7jvfOp4t1N+qDjNxjcy1MpERydd2VS5UcDMm9WY6I2/Pe4nr4QBzuQQYNpYgBkNFcE1l2EAy48H7fVGBqmaUm1P3lQ00X4YZER8OyEqKegCFXjA9bke4mNE5hZtqEcg0jkYiQMxgyysjfcmb8UmVCwjPie3e3qEiGUkpdZB2RuXssAQRqHfRSqFMGU3fzaban0UPY2g3XcdlViIqG8KvvL/ZcHkkANYNoXfWhtE/p5w4+FwiI3E+nzlwVScBpbl3KiiyQ9gAIMnL93wPVAVQkiQZqrUAdhniqLfpwK4CWpXQPlWqQwUC+Dio+fl8hyrtULBe87WnCNGqWAsoCshvHj3cDofz+ZQcn9REsd/deQsC4SqZuVbXfjWGrnp39zoz3Aa5mdPdXWS4tv4gKZmTPoJKkJVIbO6vnj8faiK69r1qqRRThqrSzQ6Hbe4zo8y0eXvVroYk+8ZRtl/xy/ciYtCBEqRUBi7EIxpG7tgjtKqN9HTxbmh85aJriWAeuogUlSn80N2HCa35XnXZLC7DOj1PDef2atg7m1RVZIg8ffNZrgXgtJ9i5hhbXCjXWHHYtlgpWQIlAyuqa9+fPHtzrdr3E0ODVDvvUmyY29wnf7Bkm4OwAIstUQSFO87lHpVGhqrNtSRCRYkEECTnhkiREynXKqnKAlgDoegaNxHmrF5eCxQ6AEeqJM7z3zo1wPe/stgkgpRCrjVVVNRirV5NpBNsOPsgq0XO6r4Zqft55ooiPoa5IQWqmTX3yceCUDZRxzlXZhJISwoBg3QF4pKMy5ElMg3KPGBRXyso+aPmfbijBNrNbvSG8vXgSGyH7eGbb73xwRff+sIXbRz3/Yz9TrRl6e7ek3djTMotn+kHRa+nVPZu0KhWZLx89QlShjO6FCKSlXNNFfXNM7jP6H63m6naZi7bsIgALpqoyij82m/89ZfPP9vnSX3EYsVJFnKo7vs8HK+qIleYOf8aDX0UtrHtt7dMsy/JZki1jWEmRnCSb1mH7ebnpJkRA+ZhZSYqKm7qc61260q1fFm0suacKqKN70olmPaoZm66r/Xuex9cP3z44vmn7n6h9shyy7jUdvIjtMrcw9Tm2iHCqU5aXdJcifZox1uwRw8tyhwrchGzNDNSiK02ThhtoyIo+PDDcdv3ON+e1VTVWCGEi22E1xrB6fP5Tkq27cCxkVccA5OzwtSUkmXuz7hXQLUYhjKSfoQYiZ3ZygYgo1R0nvfHT9589MZbzz/6mflASUbRzK1sSuJBntJDsgmY1mJU1zifBAjWWhEEkpO6T46DWpURtZZcDM0qana0w9V29XC7enC4eXy4fnx88Phw83B78GA73mzHBz6O6gdTQ5ZksUQUHfmM1tgSYlQrOrLumUgezmyTof3LJFaaOKDJMH964aq/XaYMsTeX8DaPB3dntID5dnV1uLs9xwpCMF94//278ynXch/qLJmndbTvfPctIpwmnA5L6HVaLgBwg5rwrFy1Hj58RMU2NTmUaGrPtVzdS0Ujw4dHBKARPOfvg/qlgBRktJeqMohZmiudhZeRuCXISjmZXGwoFQoO3hAVFaODgVcP76pEzrXzasyVKqxFk5SiLRVE4qjbqeJapiIiRE8gJAFphhERhVk7drinoPcZcpGiSiFZCTNtgXsWgqImXIa2e1Dsnl8HVZcU+ajQn2zNazCRkn9gcS/hJmgqd+dTVbWYCqTr2p5kpsIRmXQtxCBaNczt4lvl/apqmw9zWx1NbiBC0MeJFRBSkBKTWEzKl6Hi0tC+lhy2MRN7RvEvfEm7KN7dKSXIrFWlikBFVlSHyAQn5+E+vDgsm6irb+P6wcMZGTFVZDEBVK2laB1z1JCBqdFZS0KXi4G0zLj1+UQHLhg0twq6q+SCpMO01XGiWg0zikRVRlbdPHkAyH4+u2qsKmW9OvHuqigaYC7kDzV1l8eG4/bnWtCeqCpgapBiVHDRIQbm35cASKHsseh/cIGbuZHyUS6m1dN2Ct1TuLdBE9t1YxGZSL8gxPNxWb9bm6oq6paM+U4xcaCyQrTvix4Qq7Sb0Dk1pYpk/7H97Ci1gp073AqU3qeFpjW9SA6z1eL8vSrVHILINeeJeoD+t8lSc23p40UPYm5VNXMJKhv6ETWLuXJN4fNQNdS0Mb5CV3sIVCrpWNaoishevVl8zt2mhFKovrcateBDpExIZW5Q8AjSPt9UJKPM/TJa6uVcAC2dzTw3KUI4ARCIbTcEv1YsJtBDqmA1F4OSzb0QnYdaTd3yeo5V2rXJ1VYKvWyOPKeQrh4VZpIJKl8z23jHxPvMQDGix0hbM+lcE+a+Mrcrn6cpKWIaUeYy92lO3g1uTky3ECws4wzx+Nmzj3783e34qCeiiKJGPBOgiFOJ+/arnmHiVA9Xa1nA5aEZf2ZEVRJ5jihjS7M2LO5qwKXPQgRg7nuuoOrGqACsUjOJSwQMqmx4Rao55RxUwlQUim04LTNY+/7Ge28/ffbWn33j32yHm0JGLkG/9llppqKy5hzDC7LWYo/C8epwursTc738FPtpmpuZrBWXLwwmF3hTtKSqI2aJ51cl1C4RDixXVlTVMOPrl1UlcGuH/5yrMQHKmquP+f79TAVaqtvDm6vHj569+4Unz9662g4vPvzJ//f1P3z10UfqA2aUV6tyOr/g5ZUQzbiP4s77a5LowDgMs3H3+rVIJdSkOL9WlrlFJCpVNDKvrx/M0quHD+r0CpnneZpz8UGMStsOOc/0YkSuzJJKdRXonPHszbf28+n161fbOESttS/avAQy3NcKEfWhcy2O0TwIpfmKrHstZ8FdISBakNXptIBUQayba1UwZyhzHaQM4m5zxtXVzel8K5DI+vyELVBK5KarcLy53s93ucfmI+g/QLnYSmwHWzO4QMYkn6gXtzdENSPcx4zlPkg4gufjvfKSOE6RLSCMwS1RpSoXgZhVZWPTWEnTUmb6GDGjIi/ypOJAc+8E6BrgWnMubjMrFpLjYCV/RYOVPfDmSqhkeyw+RxouCyMKaPWU9D9Go7k113kcjrGv7XjIyrlPbcrGPmeKmt8Ey/6G+5yRleajsltLI8KHVa9qOrbj4cGT68dPHjx+9uDZG4/eePvxszcePH5y8/jxzcOHVzc32+Hgh8MYxHc+31migtVrc1/7+Xx3e3f36tXty1evX3z26tOPXnz08atPP3rx8c/vnn98evG81omc0ioow0ZNa6V5GwojcwwVqZwphDmMUplEZ9pynUge4maai9xbipiZjjEiYs518/D6+fPnPsbjRw/v7nYeQOfzzgTSjN5AimL5yA/e+7K7fe/7f+rbgaRHLABRgLlmpsD6jkVT1cfrm9Pr11KcrphuEa14SIGoD8t96hhf/cVf/pM//bpccGvifB3ebRK8TERujteAvL59IRB3W3EhL0QTdX39YD+fK+eKMCaaaQHF/FxRsTHIDRAFIMMghapVATWPDIUYk5PkEtrHDjGXuuBMklJSMJirALkvwpG4xKFKV0qCgE7dZ5JeajpYS8/Kc7rIrHXDTdE1okbHW7PLRFxF+OKq0C9Yhap006yUNuBwbACKBuJOSmFYmatmBR8KFISrQ8vowrXnZOo9DsctMlhSO1eI6cHd1XlVlUiJnCOioqAmXmpRi5QFKivK3bXgogdnSnxplame9iVm+5wqTmtSCDrzJEqtBLZyiepcq/lC04IuUgpqIu3AtmHMhxiHq1cvJ2qH1jxPUbu5Opboq9tXqLpUAfUnbDb6sGKmLUYiK9PcoRJZ4hqJikSGmV60q0I6/8KhaTCGq4SmVjfGVV6qYCIkIYLIENdEVfTqiyh1zwprxVcP/SiA0bBSYrJWilUlTAxVkaHN1gIBFputLq1ncORFN0qcw6USNdPNoqKoIixx95SasbT1s0zsRb9zfBIhDHtIpMCyorKM1dGCe71a2zGAqtW+QUGu2ccAx8oSwj0iQYQekDWXtFZSVBBEWAQ8eiqL0lp+LJRRNMCUF+GFSqE9zQrJS4ZbmxWJ38olPUFQGf2qVgFw1Zg5I0plbFuuACJXmGq28pSNkBLMg5PuZ3Azdez7rEATdHXPYqGnPpNqkbBcMtk12IOmrbq48F4s9Girkpme99W6+st9xQWmt6OsLDFmBPNhsHFTuYRzZ3ECIQ9bx+ubu9vbihIUFGrWVTtRVYwRFAiyoGZZkbP7jIThcnwSCjbsK7/4F7/z3W/P0xktgQV/NjOfa1LcSvQhC1BmkYuZZiAlJMXdA6tWvx6E4RQCKRvj5sGDu1evT7d3vo2IfPz00VvvvPdn3/omlZe8XCrT1OlEWSuiQqUEZmJQBCXC2WySFFQteYQXRNTdI7PD1C5rLEBvEyXByqxl+lBVvSLGcbz15jt//sPv2diI0FSJuTEWF2xiG2Puk/ZKqOQlhoJxN+rSe85adnC1sd++HuM4c1WGMOfOXDp9ISOWudMGvva1HbYxbK5p5qfTrlBVZMHcUAjGqAiUqW6oqiTY0D1/QUrncsJQzHvBrwupKrWa3CyFmsYKKh64ixL2YMVmEaKRxsUA0W27fvzw5snTq0ePnzx9873333/86OG3v/Enf/jPfne+eokx5lzDHaK5FkiNcwmVZvHAmbO6nacijw+uVe31i+e0mhI1t8F6Wo7coD/hwYOH+fCtf/Bf/lf/+v/5J//69/4xaq19ibtkwshsWJeFUZEAACAASURBVO/GetE/WONlVaXCiD1khZRAS00jQoVQN1QkMlqeWQXmA6GyUlLch0DmWmoQ7cZ4Vvbu+52qux8iQ1SkxIdJahXO61SaUtAS93E4Xp3389wnkCYuqlGJKnerSjNfKysmIKqeNUFEoUAfngAzp3VZbKk3SAVeSgWouHl2untmZ9c6LdTqJlUBppHCdLCEgFimAFmyXR3M9PXL1z7G+fbOx6ZmkSHJ1BEQpSAyI3JP6YN4W2Y/VNJY14VLrmLqM3nFbRtSejqd3J2qJBK/fGhVR2QWgnOi0YgiUNNaEBXMIG3MCwkK3oZMslDt3iEKMKg2YqkGRzR3m/tSUTscr5+8+eS9L739xa88fe+Dtz74C+984b2nbz67uboah23bWFoGRUq3nFYVMvLyhNA2Uq3E6DuWuIxoF6EgpEp0Ru5zvXz1+tWnzz/58Kcf//iHP/3+dz7+wfef/+xHLz/62X77KteO9ljZymYhjYp+imiDmpdeOiAQOBRAbzK8biJK3SsqM0VqHLZ2dyjubu/cbBsjMyMXJ87Chf9sGkJZQVjRbUFJpwOP0cxMJhIXTREAZqxhauWp1UeiSe4LAndbWUNVgJVhrOAIWbHuFVbU8XO7UCAzj4eHb7zxxo9+8h0uM7GiCjocUTPWr/zyr/zkpz/+9JOfDz8gZZiWFgRzhYkml8mUfgsozBfewuXGKEbPCNHKjM23FZFF25KoSUSKlqlXgMF5asgozOhsqwvDXgXpEmuK2u6T40nbc1ZQmGWEXHSIJM5VpIdraakFmWmABe51/yWrAXTk09kJmjJ4nUohFZooE4HC5VLXLZKX/0PrafksQU3oEiYJ4yYK0azYNoeAKnA3P9qoYqeSzMqdjz8Dbc2i0oxqzKoqNzeIi2ymVRlzDSeXm7qNWMSeKmLSj5Ulsdb1cdwcrz55fceqoxXRZKKPSESmqwlr41RVKqIqc63YT/E3/9bXvv3db//kwx8/uLqiTH+eQ523ahTNZmKumpWFevPxs2H+008+ggJRalKqjRSYAmWAVK1VFJ5Vz768/qj38Ji941G+nlljbHM/8yxcMaFWgsrgsCVGhkZXLVQN9dZNqQikI3tEKqMUY1icow9JxoJWKNG3vhirKYqqzBYuCormY4EwOSJydTQNVN2zKiOYKmFgVkrxxehiEAYYoO0iGVFVrhq9A/WK2VtLVaGU2whheEmaK8BkVc5DkhUB4BIXqWutC8el/ElI1C4meqOT/Kr1LvxUQpQpfYqqqKTQ6qK2AyoZeXABtDqgpSJ6wSLAmag+42rbtjVDTWrVWmdVz1hozqEqkVq8KxRgF9vcz7kI01OoBIiYGYP+WG/K5QQCMVRJBtk08EwwiCiC9IoisnIGW59JavYHwsCjZICw0hUm1OhWAuI8VHJGW70400dBqPDkHKc2pCBYbdlFCgg6ajD2WEzEDYV79fDlOpO11vf//HuJ0OHEUVh8qz1UkZugC73zWmg9ASBaLlaKZLsDTe2Xx4YZxfO0P5/PTcS3DZWb22c///j25bkiVyVzxKVSgFhzrXU4HmLfZXD5rqilsAqe5yjkl774lR/9+AeVATEpRpCQmks0b0dFJqgPA5ARXG5FmtesCjU7nfcfffjnas5B9HA4rsiKMBo3M6twen179ejm5ubhRz/72dCtMXhaPzkeCVYsd6+Z83x3GId9zqrOky5QKlZ8GlQtVxLhOWyjKu9uV6Gun95EVJwnraexotqIRJFHgGyCekQCqUwY0NaHiIJVRAKNVuNlZiESJeJKTjZy5cp7ih8dzQ8BMhm/BigSYoIM1n+o23GMq7vx4qMPrSq/8uu/8et/5bd/7x//33/6r/7lZiMhkmVuk/dlRsF8GxkV+y7O65GfVKnp3d1d5ho28LkCUJKtocLHO2jw28/nw4PzT3747U8/+ZkbgFFV3UHBEu9CSlIIiLbsdjmoQkyVFErHbzEyLLFqjWGRPBSrJPjB8pWrKhGDlkLNLBCVK6eKoJAhOdfpr/zW1/7kW1+fp7vteJz7Hhka9+m0pO+kpFbGfPWyV8eiYi0JjgtcxFasWqmmojbnFGsjv6BWLFMHxGEXEbHq504dnvct/Tmvs4hsYsN8n/vNo+u5r9uXrxQaZHh6DAGjWnxwW86IZeE+3NTOt7fvvPfu6XR+9eKVHwZd1xyym7dN1CVFiHZiQKBlJhH83EQ6Qympbs8mghlvr27OVUoEFU0RmXuWXDBQXngloF9ZqlatgjBPy0Rl7nuc0w6DUitRaydzAlQxFaqSEssSu37y5uP3vvj2L/7qB7/07/zCr/zKux+8+/DR480dhVoLucdaVbmfTuc7JJm/rKjMzrXutZDdCVBO7K2MURNRdbfWgjGoy9r5dSVyfHTzzpOHv/SVL9r490skUl7dnT796LMf/eD73/7mn/zoW1//6DvfePnTH8nrV4JKlYBXgLkIfDNNhNm8AhQCZSKCZHC+cwnsi8xEoPt55/bkw90cgsmvp2MtKXPvQrfMyloomMDNAtWQXWUl/GAiRvQuqiLiMMaK5epkqURkzl3ZVSSt5ELVyhiiAo011UayAYMDC48CaZ1GVA61u/PzH/3khYoqZO1nZoPmWpLqKt/602/4Nt5+493nL19WBUy4x94T+LyIuZ2Ra7ykiqi5YeW+n8z9nbff/viTj/fzZLewm/oYVYVaVaUqZBQEyJkZaarCqZk5J12zRcCR5kvqgz4X6LD06zLed05db9s9g0nxdMjW7wm6mklauEuQtDqDoSjjQdPyxYZvSAqqTJTNpBf8mAxFcVnpuHBpq6SUMsEsq9zFWJ1cPAdLpNSb92/5yCUvht+pSUlUC7UFJrWpSyeWZALklsQFlbSJn9akabxSROBmqhIVK0LAzGNkhagVJIsvlHIy4vdpIqv2g4/t4fjBD753uj0f/Wjqr+9uGW1i6ZcdqTsRogWaUuo7NAUKZd0ohyX6LGkahIhvWsxmrOw9Ti9RIxRT2QVgQ6JkrRUxRVWLMUhIKXOrKJaMqNma88HTt47XNx//5AdG0oUDK0f2Qolrn6zkdaD9NTthlOKcqFKNV4pYlaBCVTqUWd0KKaomozRVDcEIj9SOSxTbRpzPpu5q+5pRoaKpjeRkBCIL6T4O27i9PVekuotc5tsG0gwJZBSKhUicS9vHykmL6y4ghuGbmjHep8lGsoOR9zm8bXcoiGrWhcK5XCrUoXhbaOBCH3Oj/pfGw0sse9Xl7yOiQqxdxM77RKCiznd3b7/33ttvvv9Hf/T71w+OorrWDtFKBELSCBhE0ekXuHB1bTlRyay1L3QxVLSiCQDkPkz1AnBQ7dxLbM5gP0BdTOEUtKgxcvNCgosSyJY+G4k3lei4QcdoIGd1pHpl498oEadKa+3rElFF3kkr1uM3n5r5Jx/+1MYRSISI9SwIqaL32Yw7WfddS7VcAR0W0TNaIYs5YtTEsYc5bYyKiAhWtVSJuq05C+VuhYqVKmLDcgVv+Vwpm5vKnGcxlyianGIuP45Hj56+fvkqcmVmESEoSbaLiyVm+6zLKyUlLt4eFdGsqErk/fDdgGEgjSqmy3OdkXRIdEZW1ow8HA4rV8zZUo3E4Xjc9/2dD97dxvj+d75jtlUlW2Yjqks2qtFQtEiHgR4wYkvSt8aKPqPdNLKAuro6Zqz9bqYKs9QQqI5l4TDMyGqZc/ESUDHKHSjiCFIBImCnaGmJZiyIiGQlNAvOlK4kvoSLlpSAHoUi2tcmH0UuSpwWxMY43jx8/PY7N4+fXh1vHr/5+Obho0dPn77z7vs/+NNv/V//6P9c+1mgKy+Je4VCDj8Uas2lF+UfwQyDhjSUKBcKsApAdFYUKiKryk1NPc2kiqLVU8zKRR6WmemxojNBOw/OoFhz0UMMghDSQw//O+8LUJECZreVuZn5Picj7TsoQ8daM2rRW2eiKeVqc50fP3379valJuAea+VKSPDcyRSG3vQgn2k+5BId2FsWHe3cwbLMXQxrBgRuXlmRs6pc3dwTsqmd9lu+hpSusNpCUKJ6Pp2evf3eL3z5F//gX/zuYVxHYRwsIpsqq8/5X1RGhooero6Stc/ZSzJERfd9f+P9N8+v7l69fOW+ddyAJCLVhilj14MU+UWGXa334JLQCHGLMZr1FslMk6ZXMlPUxFEhck92EaSgqE9KUJEKCFOARaISNgaFnSKIFTocIsmK7MuWosK/pB4fPXv2C199/1d+88u/8e9+6atfffPtt68PYyjmvq997udzRDDMNCMyYkb/BytjxSUemwdL3zv3Gg4ON0JHA8t5VX2YMnXb1cZwc9uGuJsb4/1d+cyKiozhY9tq6F762ev9wx/+6Dt/8vVv/+vf/+m3/ujTH313vnyhkqoG1YyOuhJKOdq8Cqm6t5Kbj8wkQBtzHR/cvPnsrT///nfH2PJeJEn7BccY04hUqKiuiEC4mOS/xagToy5kpbudTvu4urq6uTq9uiU1qm4RVYC6KOsjkRcQCO2dZlMT5znmdrQeIjtFoVQUmhXJwAlObeze4/WrGaBNQ0Xfefbex5/8fObsq7GpMlSB0WfS4hqikYkCa7kLjQ6YVgRcFSKn0zST66urlRVrRswxDnMVwCjqyCi1SlJUbQmDGn1ceU8CiwqKgQ+MMYGKVrSkJBLtt+vj4HNrAZ2HIjBIRF5e6EYx85JARdtkZfFQSpRz6IxUEfPGd0scqxISGWAHMQ8iERfSWkKFw4p0VzNLlAJOuq9wfRgOaV0+sOcK6KJeolRdJEtQpuCrvpkfzBW2YpJm7+RYi5uxvTqniGXFvlLURcpAaAaz2C+nC5UpUaGqfSkprLCv1R5nEYFEJZUde8Q+881nTyrz+csXoDG+KUkIXVBmkSlVolgZQB3sEFkNAxUrmkpdRSVmwmps2/m0m3vXp3YxSMu2gFK3yqr2I0lVjqsbG3L32WcqXtLbZ+wsdy1aWcpEzGQPgUYmDNw4KpqpL0Jd2n4k4lM2xHzMfQmkKwqRKkjm6dHjm9nUPUKyF5uINFc3j1gVIVBzF5VE/tJ77yTwvZ99UhHneUZKMQ2oEUnJiMg6bGPNRcaoHakZK3OYsXR5VY3D5sPP51OtEBStZZy+mZEu9+w6hWIt74CxkCYS1uMFwSVefxnEnSMreysgR9ad2SXe1DwvlIqwoQxHuUiJehUVVEWOg+ck8WJVYe7RHsd1c/3weHX8+OMPtTyTHy8NVpkZdMvjcmlyA79wIUWPUSIzAyJ6cc0lGHHb11BJqSolJOyqZtiSqUbuBSiUAzzBg0uMXAouQobmOyCQowjMREyo98huosSiPbEys7ajz/PS0pIuACbfUgCEYjUTwZpJ4kN6fO8QlUI0AdFfPeVaIOQn5lKImmhwoR3QxDPIOGQmeSu7WDmJAmbGvZar6SwBEsdH1w8ePPzZhx8CgshtO4jUWmEuc2HbDsP91fPnum1ViShxCosEQHbvBovre6BHoUgxZXFBzKwvf/mrP/jhdyuqFCXVGZMiAkSEuUFs23w/7eoK6fksVyjNVlE3D25U/PmnH8oYmx0gutZZtSt7o7IyVLRE1PhyhsF8GMcvRnZpC8x4UpibzzUr082ygqHW7RPSz0di6wQkmCpLVatSRU29UNUyAELWAJjwgObBKUCLUoE4CcQsSaEQnTovNUbfEyGh8RcUf+mleEFVTX07XD958/HTZ+Pq5vrhwzfeeuvhw0cPHj968+235u3dP/rf/7dXP/8wpfZ9uhmDGns1CmnNFjHsng9QvOG4K1UHYIHKWD7QDLtVW3MxCxyClTtXOP64qhqIzBQxb6W7quqKRcdd64sFWgYaS3mgi1bFXLvZ1mLrtdRkzTzeXM01K0JF1T3WXpVU8VUPshDojH3bDmCEYsLcY826NOuiuvEgMrex8dWbc4F9dlViiJU2xuF4vH31kuk1vMZUFCRJUe6WWVn19Ombz198ikoAEQGB6lDp9BWorUpzrbWO2/XcZ9ZK1MHHjBDIigQPigpR0E5C7rXq32qTTUQFKt1Hbw49BNawIe3wDoAhQvfVplpV1jLBnh6ZZU6GtFKI/Z9PZwh8eKZsh3G6Pasio2zYWjHUOxuSRiNAxHxzJJCLTJSazX1HAWLqshbpapHMjNRxfPD2++/96m/+0m//jV/+S3/57ffePh4PsWLt63Q6RcSaa66Y+6xYuSJjRUStWDEr6PIORFQEEJVFIEQ7iRLEDrqgrUqoVhFhCh8hDDMTVXU1G2Ag7HCYm5uNzdx8G2oY5sN9HNzcRDBcbRjcXt3tP/nxh1//wz/809//5z/5+h/e/vSHcT7rGCVGjouxLSjOf5xJOdo6oYPKJbbdPLi5ffEcYPwAMujjk8wqhA3P6DUyIjKTFfe1kjcGOFkmMms7eAVmdk4Rz1rbxspaM9S6AEmazyZerqSd1QQlESGuVmRNeVAnzKhEc9FamVqiiMihCsGKJYD5yAJNQe6aq3OKuL9X5b2/EETdOv1MMmIM37bt7u5cQCK0zJW5gUp9/9xDVO59Vlfb9TlOVZYRm7uarFjcR4ACwzPaQgqkuFsGQ78oOmtwkjQtCmpKbFxEs1p8nWwkLdAyCBZFtTySt3pdZED3l7OqKCpob40KE7/kEIBMTLLzPNGziKCSm4a6mJusTHfRpAGWs0xB1FQ3NyRc5TBMCjA973PPCEHBktd8tYJIm49KSB1sHG0Das49pRTqZitw8PrVL7z/x3/+kxmSVVlBvKJAM4msjCDOCL1ovVNVBcZUjWCPiqEEmY2S9owospnmyj3XYTgEK1sYmBPmdj8084RjvAERa7mISymIACQjD4+uRPV0d8dvRFKlOuNBTLPSFIX2dFaJquz7+fjwUWbNVy9NR3GxJpdMtzH0Ii6VYVtlrQxeyHTTJ6scVXsticjosiMYjtvhfHdG52ajoiqjJLfDtipzZl5gHVG4IlaQ6TUTEcmVhCfcDYLI9R997d/73k9+9gff/G67fkuKqh+UkduMFHYWiGV1Er2WFIK0DDVsM2K7vnlw/fCzTz6qeTa1WGtVY94ikjNMFGZU7yDXBaMhOlmZlSk+FMCawcF7bFuuBGrmIuaiUqWKlOz23xY5t9NVUFXmSpCrYUQB86mEsjVVEbl5cJNizz99bi4ZQVorc22Hsea8GKxKVQ1a3VZBQwKTyBErRSWifJMKtH/BbdvsfLer6Jxhxu7t6K0nqwTsH2zxWEOPiIrrm+M2tueffWq2dX8oTbaFMlT2IMCnFwJRv64qoZMS0nhz3Ifug+R4CZIVM2woIEcnrc0VQWYKI5BUxUBdOOeVrKBfNlfJEOGmzuWaYEdCTLMWSbCsMsbgtDiKiqsETTGJbm+5R84A63VPLjx6FbDZWDNLOsEQhW2MktpP+zhsh207nxco7okUk0JpS4opCytpblUil0gonKUVmWFqhVS3mGHwQGYmaQbVISJrBjlEd1/7bPAgAsJwDQjaisHyHZjG7Cagz8VYoDyObVZKWyfDScjskcWlBI4IBXfKjFI3FH8lU3e0FSlV2+Gwuv2tEIzOqELHJCh1uXRYCu5JRIVFhR1G7FMhWQGoidACVZc5uypVTMVNqQ9bIuyjaUFeIflIxaVLRWw7Pnr8+M03H73xbBtXD5++8eDJo5urq+uHDz744AsW8X/8L//zRz/8bpTESnePan+iSmuHSai2LIrUVfHJZLw68T4q7BehEh+WszqOU4H7zF1iZBe0kG1Y0lEJ7KTTlES/zBzQFIJEIROSLmPVeve9L/7845+v/a4gGXnz4KYS+5xStdZisCTFkeYuMobrvu+qknvoZhBlNqiKHI6HjGRYMmvTho22e6mtfd737ZloSSkLYXwcj1e3r29ZB5BVHENNHDQnFWNAq1Du2zb87nxO8CAjpFpi1ND5mlPNIqfwWShEBqS2bVtJSUBGUOaHkr5XOXIYn/zC8H59+rYUKhgRCZEUVIOKPAayho1qHJRfMwQiNPuiCuXD2UrppnMut/HoyaPnn72g8NTdiDPwmYxIdRE1umPXCjElXlzgAilrRYPhAkSuuXQcHr/7wZf/yt/81b/xt7/yl37t6eOnUrlO++m0353384q577HnnKe1Ivd9zVVrzzUzZqGksjJQWWtlRFczUAETPfkTULm4x4QKulb7ENM3E1VO8ypqw1mVYDbEFG7mLuaU9oubuNkYNnwch2/bNuyw+Wbmqj50HMcU++jF7Tf++Jt/9E//6Xf+xT99+aM/q32nVIzmz0vOPSM8kASRorZha2XVcrOArEmjZ9+hDOaDdDmRqNIujiKbUyqtpKKyhVbAisro7BReJX3PMjxKQGhV2yIq90knwuRAiAjVwoQXULigFCqH4XPGygkOXYK+thQwRNBrSOS1ikzn5cQgSicQMa0ISjg4l1xfXUfF6e7EdDveOCi469qXCJNhmGBSWfK13/6rv/cHvx8VSAwzSGR/EBCRteKCMcBMgzpNK3Nf56gq0RIFlRq0x4gig6WBAoi5RLDjzzN7IadgSrsGi7dA/0XVtQrKmNcod93cIiOjpDBcpb3gkpVrVge9XICVApRidsjBPXK+/+TRo+vrb/74J2NcSdXKpaometzcjS4nRkvbnDGBxVYHHRcAtCLmMB1qUQHBlW6unlgrpqhUwsUSUImr43h+txS2IoioTrZqAqo+50oUjNVVaqIdY60C9ZyBykJCa60W+KoYNev8SrSQKTdXV6JyezqVZCwSrTVZBnfPNskFM6Z2T6XTaVCiDkDd9vM0EYguXHYFijWklSa8lMdhrH1lhxukSA47rNnV2s2LqkWs1r1UDwaMFBO2RxYhPa5qnVaMxNqnuapKrDS1ikwJZPnYKqMyxayk9n0KjFCLuSHz4lwuwhTe3RS9Z7Lv+zyXqrjanCsixZxMrDKnRKAiWsZSgvuky5gzaHtTmfvu7h0mA6mI1gxkLpbiMciLS4iqQPY5awXukx6qzCUStdK3g7mfz2cVJCh1VoFy10EVgTVAxK2i4eOIYF8ypFuBKi6AtNB/Qc2UmOucE1WH4+E8M1eK1ZqTxnp3iTk3PxZyn0saE2UtAxHXUg6+NPhuvmYSy1WBmq5YZrqfwkxNJOlpRlKvkVKxUgzU5/JaVLeKnGtdXR2H+4vPnrsfIiKRnXwjlJS3LeHyc0Hcb6LhGgFKTXIVijGxlAAZChmrLZVFkl25cokafVzSyn7lWKNiBPIWSlRcDAW+/zlX1cW5jGSzprutmLFSBONwyMy1ZjuYRFBalYVQmmzABx7FiAM6EphPBMARZ4bIonL5gwc1z6ZjP+1jGxGrStydNw3LHRmjl2sRWaG/N5Lrj1ahahVSxU1tzWhtpeqcc9sGk4FiLXXa9AsiCoVZxWpegp7ITMhlvKQyfgWNy+qSs8y9EpGrKhja1i1kqnOuKmwHq8Ra0Xi2Xpa5auFEVVuohVTv5d/euzKrYMMrETUpVemfURICgzFDpRkY/j1FRDXWTJVf/JW//Off++a6O9GSS2qrUqC4MAQ0TXYdjyqU02c1nUiBAyMCVETNRMyubh6/8dazd9++efDg+ODR0zfe8MPh6ZNHj26u33rrzXk6/a//0//44sMP5wrKK0lZMD+koWAtQdHbymYHaox6LGjPZrG/gnF+qooCK2ya+lR+bIgIVCnXrUugn6kQlRdFJaRdNRAGwDUglyo2Kw/Hq3k+QaDQyjSREKw5FTLGtnIJJDvgryjRrKA8vTtfsqIi3YxK4vN+JvavqrHmjLVtB4FGRiEAVaapSAqp0qoVqRAdBrlobsEd6SIG4OslraSPFay2lUsieGQCaWpmh8wVlRWJLNvGmktdOdwLXcWVqhaojMUQ4aqOGlwRajJsxMqorEpGUpkPEZv7KSv6weAnXCip7bAhsO+72L2In/YSGoj16np7fXtCtLDEzGPNYhWawDdHaUTEOh+2QwBqyktCLmgyt231DpmNlQrJWBB99Nb7X/mtr/3lv/P3fuk3fv3q5kGste/7ftrPp30/z7vTvp/3fT/F3OO8Z0TFjDkzV6110ZLF2mdVkF0x68esQ7w5yHb4Sin7esl6qEpL5biamFxUOmrdLKr04ar6NkRU3N0GVGS4DdcxxMy2g7iPbXO3Mfx4PB4Ofji4u7m7u6Xq89v9G3/8jX/1u//ku//yd1/9+LuyQmwUsf1IN0lGW5ZU5eaDri8fFpX7adGiTGEkpPpEqSpl7Fs3HSSVpdKUnYjQwy0I2lrKCMb3O1sJc6MRuU+L/rSkB+tWdQsX1VzB9QlSnUkoikpmQ5WkwIQKFlFC/qUVkxXmGswyFi6EyV2FKsIO7BMavWBG0OESet0y5i52oS8IIs5NCcVEjcwwF8VYtRjXwIrryOQHZEMl6H+XjBS30lDVOKco3VmIxbZNy1iMAjS34saqnFrMfOyxm1C1T3kXL6BWvDB7jiuKmpLH3MxEau3L1SBw1QQqS4dGBtsJoJSsC0Fo4k0CuKirwNIECzZgkcHIfIUMt4PbGB6ZBLwB2aNOc6ma27aSmiCI4OjDxU7zTkQ2GsitmzzZWxKrxvBEZcpwn2ux8HhlrQwAppowwiErQtUMsm2WUnNlplRUl09LrpkrOQxoobI3zFQgssZhrLnmXMMsEuZSIslqGibliFx0YjSEakFALKTS3FRHZWUH6RBAVlTpEA7UkiLgDFclxIApC2zCpzFpCOyChGapNTLZ4GCB4rOKUrNYk16FrIRarmjWzDkRSc4Uz7fefvf29tXd6zv0UICqVLdKWbnU6DxFzPAh6iqRbtKVoMNU9HQ655yRGNvGHOZgcgRr1GP1TmIKyjU4RgOQUghvARPLyDfefvfFi0/vbl+DCRbb1Rd+8Td+9Gf/b8zbVaVNv1XLDIvsAqOcpBCNVQmKEDoudjhBgTooE3NUIiNXqAsUEQlBTYKDDPBFZCtLySO2GaFAo52pzbn4OiPT1WeUmalyNGNb9QAAIABJREFUUZGKYG3IMEvI6XTqoNg2XuBwfchYNfniAw4RXXsKUpTGC8PqSZYfWKPqKpCKmY1NK1Awod4yKA5EKXuxhzmUfEj1lipFyCDz3gJHpls36dPBLtog4/rVs2O2Rm87bkz+pmxUGCqBi4RJ6SczvQjOqsrdIkKC1rfFMU1ExCQvhbKNZ3TCACrLN4dIzqVmPOW5/vLCI0GN/r1UVakAoUJLLyceCw1kG//wH/53X//jfxNzlcpFlV6uhFeb26XljteHmiXnA0ozM5gNxBcVgHahPe9F6mjKxtgOm6ou4nwl4lzeCln9jnNQhLX4na+cWqJiRX/jVSISK8jf9SzIteTe6V+dBcFpoC6Ob/QfRX1nZ3ThMjOpSa0syBgO0taQUhLM/UVCekbsrJsmADi2w0RL8uXrz3LfjQFjTVE0pCFy8Y2RTiJW3ISMKLc1fnzS03lyFRwmKofjcTsehw01iQgf43AcD66P+35+9OTpr/3mb/3BP/8XsZ9Z9XARPEEa5+jpu3/bKCE9cdGrUbrHz6w5oqDbEYvx/lmiFzGGImKJFFuiyLmbGFN++ZQafPhGrdSKnawUPy5+Wms/u6qrZ4YIT1L7yld+6aNPPlbRBHw4mCtfWPsqQEw67QuSUexkFdE1V8Sivcnd5nnaYfvSl778yfOPGOAjUFqKIXk5DKAq7h5VT548mbkquFISyGO4hwRYpQxRqWxlZ8P/oPWzLvh00HSl4iIiBhExN1TNfRK7UTUmn2QWW9WqxE34tDBpTrmNXk7WiiQc3rD7/VhRIpeCMDSCeUkIrSqkMnIaVRE02kSnCXOjFygy83Q6XT9543h9fffqpYqD8xn4P41HIHghlFQUIrYHD3/hN7/2d/+L/+bv/9f//V//nd95+933cq4Xnz3/9JPnL17efvbx8+cff/bZxx+//PST2+efnl4+P7347O7Fp6eXz2+fPz+9fLm/fnG6fTlPp/Ptq/Pt63k+5Zoxz+u073d3++mU+6y111q5Zq7ItTIi1lpzJlVEscdaMfeImWuuFREz1ozYM2Zm7HOPuda+z7nWnOfTeT+f5/m8370+353282m/u52n05r72mfOue7OdZ77aT+f7vbTujvN8x5rVkbKygdmX/nS+3/t7/6tv/of/qfv/KW/dtbji88+ztuXhlTTbOW+qqmZM81aKMitUGBYC0ZELho1WgJUaP6p1i8UE8Kb5wZ3A+aLM2e6Vx6u9KamrrSkJKBmSBDyICzU1z/xlSrB/S4NUVlr8ZRAAcB2OAw7RE4aBClHzCzjWITimdfcE4IXTkaaq6oyxqOBEFc3T3ZBZt9LaIIK4upuIqhSGgm5rKqoX6KOkJ0ZTw0JdThDbc6pYgnARCkRDq6DLB/t7OPDYYsoiKq5Fh9j3hGuKpE5/Lgdr9e+dyg7T+g27HIcgVqDZ7y/tbUlQrap+qrrLovWgil68uLk228ajQdaQBQGpUiUB5jyOt42QyAzis5yYfueiLCafTJbzmAuxryP3nkA0JNQWpQvigwf0gOypCjRUaZvq4BCdhGjVHlTI1NGxU9mquLSs0Zhf4N1INTaj3AJJAoFYcmXmokoA445LvNu7NstEtYJprD7zHxubWrmiYpIMdOOdUZLX9A+YDoFD4cNVRlhm4EgFBirABqQyQ3SnqdqtUogOryLzEF7GVsZKDMp4/MptOSmqrgZDFE4350qYO7SQyoTcXRF3tzcmKqLqZuZ03pqqiQZHj68cR+MAK6uvJC1ylSyKjPd3a1xDUlUpg+23yCjFnMpaClEqY2nb7z16uWLquzmQq3b1y9jv+1GaT5r0BZji1HDyVAdKaJ5HOCU+SNrLYhJMdOTxXx12bOIeBaq6VgBIEndBDip3KfnsEuhKjiFC+X7lGhCADOLmqJQFWO0YaEiY6214vrmkbuvmIXaxqhM1gXOuV8oG3SygQhDmbIuU13fqURNuRyihXmq1NHwXV7J+BmlSJg4SERn0pBAALGSKiZItNGxYJChjUWnbbZtxzXnGCNWmBopA2qIk0HoCyKig5YT3sqoZt+kKqPq6vpwvLne51TKzrJNAeZaKHe7ur7e5+IB0vP9PSwkstYyVVejBJKsLuVP1QMljfdq6spJlCivCjvg3VwE7p6Ib37rG7n2hw8eUvepIqY6BvNeSpQtnU2pKaRqaYmZFS2nUqgyJUiQHXUFIELd1RSRpTLnvma4W0SKYGxDVfe7eb+TXIjO/oEZtwI2rtsYh7FWtESGcdBop4iy5+uyA14C97uOjQm4XEtArYoZUPcCav5bLgNkyfllxJ7gQZ+99TH/m7Iy+XwLFul7uyrLdBBRAM0i2RRB73AAyzp5L7gZQbV2cnTIU33+YyrRZnUf7mMcjtt23A7H7XAEaq25+XCTLJsRH3zwwbN33v393/tnqALf4+qbBoKgmYaiNYgIjQZssEM/oE2TdDyRm0I0L1YTQZXcK6ZEujShhXAXrW3waTTjJZSJTEkWCZka2obBHQy0SXAcMPeo9eruLiOUluLh0jrmNGMfE1YGT+Es7o6F5KclZp4FlRxqqYjC+XzLaZ4WWCXPWcEbir0Qw0cW9v3sTdkDlNJAigcegCoV9GFpmhG92RWTatt9Xv09Q03oxkalit7cXNsYUcvcV06BDjMI3IZC1mI6XIlo7BzL+CB0mwTPrIq2kxZZbCREzMzMKlPF+Pfhafnw0UOI3L2+u2eoyIJzgmvZpggj0u1g5iPmTj8DosYwob9KrSBgOl3Jk/e/9Nv/yX/+9//b/+E/+M/+wV/46le16uWLl5989vLjT1588smLF58+f/7xJy8+/vnd80/Pty/3V5+dXn129+L5+fXLebpd+13sp8p97qeMlbHPfY85K1euufYVJANRXdtB5p2zcQRjZ2hPRybzCfgPL78y+EBl+8do38g56TGIiLn2PWLNfd/38353t5/O59vX8/Y8787zfI7FtWGt85p77Hf7fl4RuVasSFv5cMgvf/kLX/t7f/u3fuc/vvriX3x5t99+8nOLOYaXyJopbAXS8uEZq4oVM5coGwaXiZSUuYAe9J7Ieltnib26Q0T0817nov+TBr42uEuiopKbpJkpNNZqyvMygFXSxCy8ingMiCgg6mpiQFXG44dvvPHs2Scff6hmhVJhha1kpqi/8eTt29Pr9r/fUy1kY7IqJVaSqeyLqigBbWwEQBa247Cha63IUFgW4xTZ8JmELFbc50ZIq86UNgZIwQ/OaUBRUa3nVoplM1XVxybW5ngGEhyOV5UBkU4frqpg+EogykwIwxUAkOummUKNS4tKFRj005TgZbJBn/xg0wszqVuIwtFLmlrgiVdtzZIV7ZFl/LyaHDc30zmXql5tB0BenffJXExUIqohAadSSKxEcTA/jE2qIrgih5uZiqnbsEJBZe+q1UtmcTcBaVUd+vpBZs2ItXjvAYboX238Y0NKTSAUFkqjHxC1YaIqFpeKE1GUtBanv3xRxqdvV0chFovm7C56a80eKk1ULgmygoCaocjWirolUhNrLZ5iEaHi/TnbZeW6bG1UIIiqjQ2uvZ6bzUXNnMVcZgOtiGsURxXmWlHm234+a2edV0WpOEqqsF1dAbUNQwBZov8/VW/WZNuWlYeNbq61d3bn5Gnuubf6KhAliS4AlTAqwChsASqwGmNHSO6xXggrAj0Y+UGBf5nCBivChOwH2Q6EQKJxiWpuf7LPvdeac4zhh2+svPg+EJeqUyczd6415xhfy6dnZ+tx5aTW9Oxkb2Lrsh4O3T3ViIsVERHdzzMIdoGZ1WHTZxUJ4kyWycQaUSXzoGSGc1x9+iFHN2kRIZCd9YNgP8OIkvlZdM0WHq3Q7iYJS1k4Ihk2sG1bT6LRezNllvQuVtOJA1/OJIoteYqAP2G+wLSXHIK1GKeUjw2QDiYy02YqRMuyVhoMExwUYlBxihCvy9Ea3gYKd197ObsI9i5ctfW0UHn1QBIHcr+Q0QiLYYU6MSVRa01U3FOYKky7xIufJYESEZeMmZMqowUfImsqW8MRPka/eP7qxcuXN28/Jq5mO2bkmyBxYJNxg40aFWDwpLoXZey2kUHEY0SWhgz7Jzhfjozho/zXNS9xHaZCLKxifR3JKLVlFFBzTcYlWsHHFhkRnknWWo0ykUxbklOQiayPB0k5Oz8/rod+WEgEQRMOSqvOu0yRqbXex3x2Imp9XVS1do/y4W0iUaLMUG1M0fvKmHH7EIPfCjET2VojJpB8BcCAeAQftP0bZqx5t1uPR9ykTKSGekZu04S+4QjnSFFWmzakG24QqniLCEEcGESnBJdkTVe8RbuWZrHUuLShpUiAAE+xfcNZUB9tP3IW8SmlXoBUF4lbWWjQ9tdE7aookaGiojYVLxYciOe1UrpUzVqS7U/3+/1+2pmqsvv5+Wmbpmnea9O/8lf/8vsfvX3/T/+kspg2xUFRbDi0a+ygemMpRYWe3CxWEc5cfE/p2fjJ9KYmaviGgb2xZPSuigXJayljocyRPSiVFGtHpCMnQpg8tvgmpmpzizS148Njs4a9BCDBPM8iCkKstDdAvNOBq9W8w1DlBpqDfYxlOTRDsU6tPVtYWk0wuLZF9Hg8SnJBDkkls2cMGbwBfMQkwG+Ct5Q8SlMVJK1+9lU+m8AYQRNmSdSXlUjULMLTQ5AM69R28+5034/rPE3EzMqeblBIE9vU8BaItt3Jvp5q5gSgopqZ3UdSGHzk5VqI2Bo58NtUaWoGw0AyJaWycIqyho/1cJSQTI5Mj1BrHhnIGnZv8/4LP/qNv/Xrv/n3/4d/8pM/97NnJ6ePj48313dXV7effnz19qO3V598en9z9Xhz/Xh7PR7vl4eb4+318vg4jo+9H2Os7r0vq491XY7r0pfjsS+rryNijL723oFlRESiNG6s4eFj9D58rKP3vnbvw3sfa3fvo6997WP0p3/WdR3rGMOH9/4UKjQ8wHtH5ObOpHCCmGn0WLv3tR+W9XBcDof+uKyHY1/W0Vfvoy/H5XHxMZZ1rN0zKJxsxOXJ/FM//vWf+ZX/5Ms/8wuPur/56H1/eGjGLLoiwYhYhVQkIoCC45HCWAykCa98bqXCTBWlgjsuHb9HPE/AqUsNQSwNqkiui9lEEJ/adpOaxghTQ/esKAchApE/QzKYWSVG6SxUZR3rze1VCd+fviu8oapn588Ph3tlZRWPyl/OjEoWJUoWrNMZQZ7N7NXlq+OybKhHIYJJ7EtU9zcztE9CZKbTbu6j11sFewJVcBE4gORoTTJIkp9qVqmG6gCelcS99xgBM+Dp6fk3fuwn/uzPvy2MfDzCdUClAiUxJaE2TeGZrKya5FkUP2+fLmKAMilVN+YXfxPD8gQbD/7KTXWLIZhZtGRGwiwsWd6J5EyEWcl2VnimEPp8fHX3zGqIp7JUmrTWDLOiiExiJubuWHSTGManiFy7I22+J2RZJUYQoeqrZhGh0V1VpKkHEZenX4xEi97EccQKf12JpIlI1WrkK3lklshBIdWsTIn6eXGFmozuHOjaZdzFosLKqSxqgQQ+E520JrRkSNQwoptaRIDaxx3FqkCiWbdvdeOzMSui0phbC88c5B5pNJ/tMzkjkOMOVk1UAb6xKJmqMLLCoz4EWBRVJmu7Wcx8Xb2PNjWbZhbx3qfJptbevH75uCyPx96macRgqf7c09P9vtnJzhbPNu/G6JVOI8IimSRmtptZ62Yaw5/UXZSkLKo2PDKrqAhTbxk7YOSCIAc1f0kltq6cd4FKQhi4AySAnpTz7vQHv/L1t7dXpejfojpEBOzL0/0nQiipRHMiERPlNM0YZbe5AjlcRERTayOptbmHi9i6riaalTySRExBY/ThAxvp6A42EQ80BkUWRooNGHVGByvIERVh8VGtB/CCZxHieGUyhntAcb29k8x1IPLWAwJ2vTYBYsLXAh9IymIZKaoiOobf3l4xMmW3kYrrVSnVyQZjVyzXduoSq4LPYpamsi4rV26z1IwvmpkZQVl4BrwvorIJWIgxMAYxc5uRGcqyjXdPPxG4fuBguG+aTYhv37BVaW1CIL2qjnUsvvoY6VUHihfaDJr9WkGiBzE/f/1yeB/ryixoHQKwHVTDOidTwrk4fvyv/eyHH38/PMRqWfKissXD0wO3AxNvXjEq2qN0DcIk4d57FeQBu2YIZT0L0nRnBmuwNf/hYqiTOjPJVATaR0hYZds7qDhmoONwFaiomRFzwAHKG5JTZzFQNtnWH8oKXdl2oaeeBy44aBPuysYb0IYxB1KGMpOEFOonEQQ2oz4El4C1ptpsnp6dnZ6c7S5fPNu3Nk82N5uniUWm3ZyqP/mNn/rd3/kdOh5zk/9GJY4LU4lG8cMQIVXWslyeLMqqtsE7QpHQU5s1jO/MLKQigt9ZhFP4NM2vXr1793CN+hzIPEWMJLEPzPs9YjSsQY0DfxGpwPlTMwIAv2ZzRBa3u7XljXUgoWxb3LEZC/pZ8ew3M7AuzEyZZiZmY3hQggYtSimdWKRMueAWxVSJMwliYmFWIYKjUcoVSSrKokSBSEQiaOXqHAQ9F4k7EThJXd7EEmOMtTeZWdjHKJWdCqf0ZZ1Pdif7s7u723AmlRfvvDg+HqAUSuJUWdfVrCVlm5oP730Qs5lGUF8XIrp48fJzn/viRx+836YGkauPQuJwDQMUiGTgQMSMxRRKtASpquQRrMRi4C7Yczq9/Mu/8Kt/9x//T9/6r3/9S1/7MrnfXt+8/fTu7cfXbz/85PqjT+4+/fhwd7Pe3R7vbpb7m3586If75fCQ3qMv3nsfK/7p69LXvq6rlwgQv7rwHESRlOHZl7Uv6xhrxnAfPvoYvY8+Rvcxxujd3cfwMXrvwweUQeHee0ec6OhrjBFjjd6jr2M9jr70vnrvfV3xF3hEAJaEGiczw8e6DDADx8N6OByPj305+BiU7uua4dn78Xhc1+FIEfE80fzKey9+5he++RO/+HfonS998un1w6cfWYaaxUg1U8PF80RhB2g4gJPhaYJ1GKxzYZZEFEkeoWqRcD1wECMbwOaWFCpar23dCkxEHrE/3avqWNe/+FJlJpAjZmJOpJ3EINnYPmMF2SKkSSHKiqOyLnO/u7syESEeyFF52m8rOrRIBhSbinCS3z8+hkeN3egIrcOUVNHoCB9kIhbv7PTU3SuKjRHLUPJLqmYoeYqJqqD/7bYAUQDNRBJGBbLW1r78++//uamqlFmCSgtBqkqSuaVEVKtAHetEVcVetQAA7gx3ODAlYszlGQm5RW7fKpKpttEAoDTRxlEXTw0xMGlSdZPjjwJD6hl9c5dl4rLSyaZJmmoSBydp0mYUewIJSRVNUuwkT1tBsiZzBFOSNSMS7zk1Y7DDIuuowxby/SBikTFQPseeRMoeySzGRiKRpE3zKTItiQuIYRYlEqD8CERHli6mzfBo2rDMViIvsxNL1SyWaIuSUD4IVNFEUGyp0oSlsjdStOk2FbGKsGkmqWiyojKSVUnYiVUlemTENBmLDB+xjiYNTBcpM9rmglm07XZtiz+BXsasqRgLiYqqDB84Nj2CRXqyDweJxMwPh+PD4zE9ggaLJqWqNJ3Cx5ffPP9n/+jXpnn/b/7s37NaUrBy8b2GM0D66mNZVRU3MFAoE5FN5l/sdISZEhACqcSUgjelIjumZpTpPgRPJNNumpLZ3Ss8kliYPV1tWpbH9EHCcNCl+8YHsVitqMSSSYhjoo1TzCA001FtqiTM4UREa+9f+Pzn/vE/+u/+nz/4w8eHg5RSS4jJPYlTDAMVcGQkO/PA38YsItYUtAXphgtDpIQLjFm2IMOCKgr3rx09RhJo++LxMNjQNqYBZS6hPDZeOBmSMsIxyiuxMeBSEgr3MSjJWnv97rv3dzc1KtF2ytcRl8KiALzlCVVmyiraZCYRhWDOh0uDwUIp0BpVaEpkbJRWddJknXUsptbMxwCnUycIEVX1TzLDS0sZaaIekSPUlE2ZWY0jaSC3ITKFfB1JNM+T//8z3VQ0PCOjmcGQfntzNdZ10l0A+iAikiCkE5Ky4vA20+Scdmf3t1dCvMVaEU6tp5QATMgiZGZAifBz4DjHv6qaqO72UyUwMoozOT+bp5MqsxxLnkZ4Bpm1jeLbZrltxShsC1wtiTypdImIqx+RkpH7id/aplXVrK9IWXBZ0tbVQCSeXimKm6CEEJpRe4Js2D9+S/KkQWTmimqIzAxmdg8iEpambTedzG2edo0o97v2+uXL3TzPzUz1/v642++AyJ+fn55fvvxX/+J3qMB2LQQYJ6VIwqTFTCWypIgsTZIQ4CQqHRQEsaRqPnxje2L4AHVgZplxevrs9PT85v5KkB2NNb2M0k+Lk/uIutAwlmTZIvCywfsP/83W3EOibKoEmwdu/GSVVgIpjEH4MDM31l7KpAFqJcmaZTi6MyJCoL2olivkowlROAXXuK5UWnkxnZKIaEQdf5XcK6IUZSRI9ELVhpXEIsyqJrVhJvJclBhsKUk9MVDzmM3rcjw8PjRtam3E6Osxe5gZQ8hL+K4oRoy+loSfeZqnTJ92c2vz3f318fEhPE5Ozy6eP3+4vzedapDaNuDqOiw7LyNQGUoPUpZJCepq4kkbudvpyx/92//wP/+t3/6bv/KtVy+er48Pt1e3n35ydfXR9dv3P76/enu8uT7cXq2Pd8e76+Pd7fpw54dDrMexHLKvY13HuizLMtZlLIuvPfrKMXL0DKfw8BE+aLj3pffFlz7WNcea0XMA4D/68PCRHuEeERjdM6OiKijTU5AJ7cO9D++Z4e7h3T06HADr2vs61mX0dTk+9uXQj4flcFjX43o8jjF8AE6ExDUy1vSRPvq69MfDWBcfY6zH9M7JOcbxuPZ1XQesKzIlvTpvP/lTP/qNX/27Fz/0E5/c3D989NHEA70izGKzCVNktmk37882pWm9gaocw7mEbBtZSGJmGWHWCuFLwoEeDhPUYAGTzoIudGZhXvsaY5g2IYkMFs6yG/GmpBXOFLWMTN121RHWjLf+VzUYyQCWBxeOxZARgmTmijTDd1XVKBgpCPhNQPiOL4yHPa0pwO+NqE5R5ZSMXNf1ScLBtUgLZWzZe6U9oCQVEcNXDkFYmAgho4ypFJXMmYkCLGEbo0OnR08Hdh1AcGCQaOGHwpRUByQIdWiXm1UUAv5EkX1Cn53msPxlMgSKkfVfF9jJyipYTRLfsTBzSKYkUK1kVWuicuw+wPSTxCYBnmRSTpEkSmUxUVPBvYNzKxMdKYOYiXlEbIh4HeUwzmeSME2zJpFOtg4fw0XFsy5+T4gNBTwAERMLMaso6xNkDgEQcpckEQ/EnKwZ5Ek6GQsnMZsQkRkOHSWG/EVhzRJRtSYiUfcsE1H0omjxCxh9iOnu5HQ9LszFTmDKYGYiFlXUkaspi9VTpEYs3FRbi+GZodveSoOEFRZ8nIK4GZmpTU1V4SSeppLiCGswiSonO5EjQYmYSHRqJ6eny+MixsTsnj68NFZEI4BSa4S3abp+PKzux0H/9tvficgxBrM0a9YmYFUYQsWUmDOcCPHNSpxjddryQphJIH/HJpyhykjgwfAEWsmU29Qy6Ww3P9tPfQzspQGbPrR6xCp8d3etLMzqpRNL3GWFtNbo/HQRUXBC4JxBqEMV3digol9IVOap7Xb7tjv5/gcfjD7wzQnMO1VMhms/g1gQz0Hw2qUyeyQHyrsgKKjxKbexkBIJHCzMCUcHvj/exh0iNU3BOYz/LJmEaKuvwZ/NTQiGwwv93kyZKcSq2jABxvAsewEFxbIcISuEKlebMTxzwhsEvUG9m9AICACiWFl4sxujGb7+EmLoonSThWTmBoREgnX1SGVe15WIrTWQpJhdg6qKUFl1amAGrKlQRY7Qxqv6cCxSsFgRkTBNu9KoAdYWxDwni6kYj3WIiLBSShKhAIuhIkVYVDDWIYyezHr18ftNbfMx1zpdXAGVMI4y0yGhwU1c3w+geqyMGUHClfBVtaOpokGpFS8m7pHEqmJTS0oRndqU5JmpWubLTGQpMjHMYRLpwR4F9EtVzDPbZCxoQdquMNqULDBYFRFeKTciTMLS0DqNq6h+71QgFQVxBZZBuggrsmjCFpWSmWhIBekYQUSkoqbabJIm588vTk9Ozk/Pzi/O58lev3q+P91Z07OLi3mahHmM/vUf/pHf+71/+fDJJ5EpxCwSHriDBdZtZXeHtE9MRTkcgnLxteMJF+aAr5UIb2OiCg6Lk7Cqjj5M2/F4uLn5xNRUbfTBstWAUwizqiaFsohqmTEqET/ZtLUpIyq/Bm84nofMUo6VpBvRm6ysqhbkgehNnYi2ui2guonc6iCW3W4WhTMGs76C7vORNplZywxQz8mZGcBhwO95OsDXQKICMUK9kkhJp2mico8UfFvAOlESqU4k8A9wM9PW4AUxM7OWSCX/bDENVWNB4mUYaqo/0/KBSWeT7RDevlBEjIiLy2frcWEnH8O0Let6eHwAWOf5NMUxMWeQmMikG0nFYsamHVZ/1r4ME9Mgms9/+Bd/7R/80//553/xP7rY2/rwcP325pOPrt5+/OntJ28fr6+Pd7fLw839zdXx4XY9PK7Hx+xLxhh98d4h+FmXZfSe3vvaYzhnKmeOoAjJ4BwZ3XtPJx9r9E6ekkEZY0CPHE8H45Y5gydCRbmVepm54L+J55P55Nnu2cuTy3f3l+/Oz99tz9+1s1ft2bvz8zfz8zft4h3eXcrJJU/naXNKi9AgrCRj7Wtfu4f30SsagimR/wfGYVke7x+Xx0MioDlzPazHdSzdPSnZyPNc4+s/8Lm/8cvfev0jf+2Dt3e3H3zXYiRxX6PGoDapNh/uY0jFhCMoAO9msamc1Jqt4buTffhQVQ9/Sjh1d9RI1/iKa5+pzS298k/w7BZuhTQEgl88lcVHJDErTO1UvLRQsDy5MLxqqDMySYo7wiOoAjOVkLLdAAAgAElEQVR9EkGJQW3S9GS415EIkIAbQLE4B9VSoanKhehvRwEXYUzCgL02XIiDqQLjKbAfJTpMpV4eYRV3iiBtBkQDG0R9OSdihuYPgB9YvUDkiqmwQmmD7wka3cyEN7gCoOFEgCqGiJB7hpmYhDJVJAvyDxCkqlpwIAkJKQENrEuNiJsihydRYmUq+3mP+S2DFvda1pKJuQl0McoUkaOZzaqzGo7GYOrrEJXdPJk19yTVkeGeqqhZZGiVMPeYCTO754pC+yASjq0+glkySYQbSh4xrrNknSGcEW0yM/U+DEnBLERSfhLw8JAM9VAEdQDnobJ7MHNrU7J4hEwtRlZSCOgbJwCU+IpMTKInz1+SZMTIbfYT1Y0DZkqOIFNj0whiUVUt87kKqnZRnuCRYMJIySNF1FSEUkXaNBHcjpFE2SZTa1kLoxJ088kePu9OTk734cFq826/2+/W5UhM89S8d2URo76ObcpAd414eBD/m29/70++/T1VA60jAos2R+S6dOaKcaDPRMxYKolNiKl3x6eEdZu1jBNcMBlVRppwenDy6vnOvv03P/1DL1t89+2Dqxx6bPMz6BqIu80jhg9hgcy1ttlIKeMHREY4EpIykLqWlCpCyIrEf/MEHBCpyuG4/v7v/8EYnTLhXC0jAmVmCsu8mwu6ZirUlFJUDFm9TLvWijGmNDEkfW8wcSnGRWX0IzY3TFyRJChEkgofg3+jwBTmcAdJD6JeiNzjZHf6zqs319efAkCEBE5FWqbXMYoDVVhZMQ1nlKUTSrcqamECSoV/cGfrJLUAbWnzImyC/vrkTbAFhSLePYiCGHlEkFkyp1ZS6fZrJMokIR8pqphBPuPUmKH6HcOtmZi6Dy51AGU4zoYk8Dj4q3AOVR5CYKDaHMaUmx+QgeIoEZnY8CwCsO4bCveknPf7vg4PF9HWJg8fw4WToe2pmJyCZZKRA1wfp5ACKxgjkmKMAWDgifKEKBPfdAlSRVR0WRccOZER7hTBKhjiPKBzLhqGiIIBAyP4WHhDBLgkWEGSEb7BIcmQSzCyMsAbEDRToqAvA0LPUs3T9tiAlspiuwANbbsfsvZ4MmWWBvUACzwTnKQihDqw01Nm9ox1LH057k+MiU7PTne7fSadnu+FdX9yur94/q/+xe+qtaQi8pSVRSJ6RmpruE3VoFKVGPXvTKJN+1gJSYsiaOTZONuCy4UNMlCKAuEy0j1FJDMK24K/HkyNUAw0AxQDh7mWt0e9oClRLEuo9MNnAu6ViY2Nkpwc72NmTRq1imX9pVRKCsZtu8JRBB5aSto7TXPvC2UNKJkhxCJaTRDCZRUgYiQ64/MiajoRc4kggwp6q7lf1IySIWD04VwjA3t4hlOwiIwxtp2QN4gg4SlyHyaGtpBASlsVYJTZOgi5WwS7JYssx6Ovw1QjIzlFNGt4BQ0KV1NtJsjJSM8YQUxqLKzrcDFRAgu9/8Gf/+V/8Fu//fO/9EsnUzvc312/vf74g7effvDp/dX18fb6eHfzeHv1eHP1eHe3Hh59XXwsvi7el74cfTkOiG2WJXz0MXKkkHASu/sYMVYcRqOv7otmSnL48OHpfYwR6bWLFplkpbiDHpw1CE+Hpcw8nU6nL6bzV/Oz19PpS5rPQ3adLLIlT8GTtFl0UpvYdm1/Np1d7M4vzy7fOb18Z//i9Xz5znz5cn72anr+cjp7zvvTaI3VPNCrPsIjM3wEaDFOdh/rYX08HHrvQtmX3pf1+Lg+PC7uESmcOot/7Ytvvvm3f+nyh7/xnfc/uXv/u42cWUZQBI1+IA8UxkOIhKxPWM9EyEyRUrD4+rd+7he///3vrMdH/CdEmRFcIXJsqsm4lqnUL0gr/wyqYGYOeAgK8tgeDNH0EBXGACK4p7BZIj0dXrpkZQSbgKcVRg7htn5EqPLcZhVVkeFjiylKpEVTaVm9AOikyJQQYFRZMR2cnKqWHIXMJSn6ZbDibG8Lbzw3lx+/IBY1pSciALQLwx+MQzeFMfCxmGSGSkvUTeEqhD1RuU1NmCFjVxGIMxVxoJttJilJxUSrkGsj3olSidUaszhsEcyqT7t8tZNTTSBAWINIOLkxrhTLcFVdEWVA3tSU1UiM2IRUU0VmqT0FeEol9VViaSIcoHvJkkpAxiR40DJYxL26TCFUxROFjYwoFY11xNJ4mltkEj39MlSbWDMt0J09U0wQrwoLi06CyyYDsEWpqRXjbSkS04VOLs5FbBxXfIL5hMgyp2xANUmbd5Rxd3PdxLBWIVSHWVmlRlUma22MAKDmkWbSzCKTPFCBnAgUEcnwFGJm05ac0nYyzQnGhnmaJwDjXtEiSkJsNVvINMs0R8Ry7LuzU1W7u76exPb7eX+6jxHr8ZgJiQsSVzM8pTVmGaNLytwaBZEKFbqbjophESKCCq7II0pcgk+/6MLNyxUtTBSekAtCClSqPk8Rbs1Y6J0T++ZXX7yjcX/od8l3x44bhVlYJSKENBmL8UZ4CD/9uqsFiEpTUkJ3VUL7dSQzKwt7EpFspePMQsnh6d33ux14WBwd/FQ/pOCBmAm16BwxSo2tPFYvKjGi+/jqFz7Xxzgcj2aWxTNQCuAGTsqT/dk6VhxkWKE404kzo0a0JzkG1itJVknk/1BmprKuMe4PN1zTCEYnVtGGY4JqzkhmZt0sXKXnYQKVseVLEr4xrg+O6xnPxCVOBdtEku7s4tlz5FsgHhR/Ukv6z6po6aCkDXrObYJlju6sNO93OOXxg4pIZgLzpopB5mQXsHLbkcUlOeckL2N+5ugeXjlKTx+cMLE+GZbwCePmgZEltbLYK2dGWLBrI0gc0kmo+mL0bYNLqCUzad7vMksSmkWuMjEoYEZlDNifRB26mpakjJsaJQ3vX/jilx+Pj6MfBWVV8AbURiKQdgHAU4W1ICs4i/E7ZEoS0wyKqAAbEtmd7ImItlZb6IEwh2Xg0KjLlZJGH+U1wytVcS7AoLNmsYK+6hcNTaRvdA96WZKAaEfhHSYR1NpOJmNVVkEByjTvdyenrbWHh+Ptw8PZ6em8P2GmL33lK//77/7uen9bRinSTHfJ82eX0Kq6hyhra0Q01hGeEOOw8FjX0/Nn826/HI/K6hklZZGKfuLaamN/cjKfnCzHB7WJtipNjKpqZqLbzk1smpHzfmfz1NcFbzkhoAkafOEkvri8WNfxVERgah4Om0yWlCg8x3ZK4daAmiaEmJ/elEzKiuTD2++lTWY1TeRmVENfwocF8oeVtrtQRcBUSj32mSJiqkHh3k21NQPMp2oq0nPE6PM0ZUrvvXTPGO1gLRDqXhFGXNAL6xNnyaRq1szdaYNBZUMNIygZsSHMUl5zM2WRTeCVtK16UnF15SxHfCGmhkpBimRhUV67K0pIQj73Yz/z937zn/3if/Zr5ye75e7u9ub24w+u3n746cPN1XJ3e7i7fri7fri5Pj7cr8uCQT9i8eUYY+0LdPbD+xLuMYYQN4WOcIy+rOsRqnNKD3dK50j4Gfo6AkY3g18SqmjYxZhEWRvZnnfP7eSFnb5uz9+bn39ufv5uO39HTy9lPpfpdNqf73bnbbdv+32bdmZzm2bVJhAZtAa0BZnFKjzP0+n52fnzi+cvn1+8uHj+5uXlm3eevfPm+bvvXLx65/T5q+n0TKeZSDI83b2v0T3DIzzSx7r42jMHlH3rsj4ejsvqiOmLETvyr33xzTe/9a2Lr/3wd7/73ePVx03Zk3yEsUYEVeAJZvdgZlGrTEkWImnN/t2f/hFzzNOcmx+OTUQ1I0yUJMdYTZVZYzirWrN8cgImi6QKhnxiQkixZOa031Mkeaqah4ukiQqLRzJrm2wMHJv10oHa1MJORU0RRUJotlH29N47rhTREgBs1x4zszVNIJSwn5ebFJeIFDRSuzkJS4Ef4M4raEFMWqbzU1LCdqcyi6k4IuyEWCWD3B0+022sZFXF0Pe0RdB25iNaiZmaijveLeK69NRUEFwZEYmoCrzMOBW1dgApxSSnwL+h1eZOIaIiGhwqotIyODmxEDQ1YZlV97vd1e1DMzs7nYm1d1fmhoISBp8cwqmiuzYBwmfldYUlW1ioD1+7k2iPGOFEKcoSzKqyEYpBTA7lbrKpSDWd151OnMmmJWTQplObeh/BcJ5kENvUgnI5diFOoWlqVewFYtNYVCIiB0ndCHX01NdgEZzSzBHZj8dmBjiwgDSiIHy/osQU6d4lYzbzSEbmnMjGD5Noi6h4TW2maqxKSWYWwzngGU+IR5kZgbk2NejsSdt7X/ur1ubDw72ocsPtkMgFTxJRK4uUsE6T7U5sbseHQzI7C0WIaRKfXpzl8OV4EJZR/RKiTU2hxBPRAjJaa5HZ+6jsW+bSw1DAgQocXzkpUiirngvXaGXUIhsX/FwKSQUn4rEMx0CCd//quP7Bd9/eDv7k0D9dKowfFSci1Ndhplj8BO5tztxycgAkWCu3GLBXHCbg6jl59K6q+9OzadeceFtHpYDpTESQ06ZHh6MVMrwxOoqm12WddtNutz8sR4ZgPqntGmHKYj70dfPhS2xDVL13JMH54uXL4+GwlcdAa45xX54k+lhMJIsTF4WHJCFB1BIFh7ImJR5a2LCbUJXXUUUIEDToUD6lY05gokRcbeUdYL7YZBhbqQ7y0Ovs4aTzi4vf/I3f/L9+//9eHh5xVIG1o23UoogYYz45medd7+smNGCiZCMuYNvZaUvAFLgshVEPA9VVMouP8RlxUEg7IS4aBhc8qXiYNoMrbd9VhCdWD2ERVQelWrQmiSpGNxVlocr0wJgsFTTr3hkyvsxMOjk7CYrh6C+LSRV6EDVtUwsPYUJPG/SpePSamdmWfuAJsCMy176Mfmy2w6BPRSZgw6HRh6maGgkjwohZUKeqYk0NpA8utowA4I2NLUeALAYmHZWAg4JWKoIG4R449aiUoFwkFXMkg4cGsLY5TurjJa53o5RjNHwgph1/RxCaCIV12u9OEIfMrPf3B2aJ4cdDf3hcPWk+2Qfls+fPv/e9D//s9/81TlskYds0X7x4fXdzjageEfLhGcWbk3AZDzJkUk7u6yqiWXluuXWucKL6Osd7n//qy1dvPv7o+7SZkcqfzgQkLylFEfJZ/NHTQpybmxBtpukR4SI6lgE2SExfv/Pm9vZOSDIpHNVcHBnKiAdF2jFew/pq1hpOgGbKKW2y4MwI0+nzX/zKp598hHlCzAhPFOA4sSTP9EGemaaTKVphsBMJ9jPscojrBnCJziATOSwPX/v6j/7YN/7GH//xH0xtwuiDPgW0YkdholAGyYZzCYvgb9lW8YTRBatFdeOwJJOpMRpksfbgWI3kIsHqG4JVB5vjtrCTwI1aAw8nkahEoGObzz73Q7/0G//jr/63//3r15fHh4ebm7u3n1x98v7HD1dXh9vrx9ub+5u3Dzc3x/uHsRzDVx9LX5axHse6+HIc6zK8h4/MZKLJpnm2DO/LYTk8jL5mDHxUY1m9e5RzNwO93qoIJKQkChZtYnubzu3sZTt/s3vxhf3LL+1ff/H08r354vV8djmfXsz7s7bbT/N+OtnbtGvzyTTt1Jq2SW1q0zxNs0371ppNTdrcpnnan8zzfHp6cnp6arP5cO999IWCTGWepsnsZD+fnuzOzs6eXz5/9uLVyzfvXr5+5+Ly9Xz6zOY9Mbv33ldf176O3scYY10X9wFUcTksh8fjchwi4slEulP6ob/0pZ/+lb8Xz9779h//2zw+zM22LOI6XhiWYpiIUgRWEw8hkWQR84KNkpnNLCKF1aO33f4HfvBHPvzo+3ObRLWcQ55miD+voBsVroL4KE67HqrMEW5tmnc7qEkJ/eigK4v+IpbS66eHECc5RUZERgqShoL7cLBrVJwc8osBH0XF6iVRhlUvr+Pn3wIyKMEMYFcPx7IaCQEy7gu8UTzPkw8v1hGLDTB+RJYUCUlMJMIA5Ug4RzILLCTKlJ4i9vRDgWllZLgRGfQ/VOUwxozmNDgHlJlJmBL0LCRHJW1Ry6JYJAFhpWS4aWMizxASIiHxIBdKYcODR5xTMxI2EyJfO5qbAJgT4l5EUhAEZC09PTMyxvBiNUsgzNIaFjkzMmaM+DVUyTbACaVQMuqruRwJIphKhDkyzGxdeyR7JJvs9jMASmKBg0OZWey9z3/leDy4O2Z6VU1nSeUkayqTlmIxoUwX5OqYKtwCXOwTIhmhfBEzEzWMTBRPIa1QZ0XR0CIpMkaIiAhHZJuszVMghSTTfTBFa0IRUXAqE7OpaWtC4sGik+3mx+XheHctKmzNk8YgMSMhUWVVmxpygUSVpbnHOC4gaiBL2+12vffofV2O3lcWyD8S3ZTenUWQ8oykgyDyEaVYUymvGOTNJfxipkhHGwZFQi1T4+QW+0MIAcvagZEXhIuBmSm4tMkj8yj6nfvj927X0ueoZlJfBxFP00SlR8XoIhAec+3HJddjUBJScTMeISoqMihfv3mvh19fXc27KUb0MUSUIsPRz8qOZAyAWLHVhiiQ61LCC4tNNrXd0lfZ9PCxnUimbYy+HJfJZo9RyrBa75NZOenm5kpYTLQUTkDVvMb2Qtwzny7KIPLh+AQyn4IxAV8iqoGJKSK0Tfuo/xWVkKgYHEQ5khYcmdssx5RJQSIqLOVolFIibhQmbaUiMrz/6z/6w4e7a/eAbA0Urggs7VDDCAv30bHqRWlg6gRk5Dp5btQMSDGp70QApePJrNiGp4WG4gkLESLqfbQ2qbAXVZxEpNrUFAh1YZX4P5nYsGo1zM9KoUvKT8lVU8elSyj8m9ODvDObu2eGL52V53laDgfYbtS0r2tEpAcrqxpOZC5TGLt7ooGBAzBN74tw8x71e5DC6zdmqpoXPceX/9LXD8sBZgnM+kCuhw8QcxsLVqJbAEgZzrz1jkkpgjDmZ5Zuj1DxVnCs0AaXAwnDPpLECFjgJKoWPMKuiUn6swOT5C/ASMasbbfb7ydT2e33J6d7UdqfnlBCX27zbibSNk1n56fapn/5v/4vIurDcXlm0v3NW3ZvNqHPJYYzzo3MqJ+aldV9jN4V+sIkEcvtmcNrwUJq7dO3n3z66YciXJceGrJUEuEuUTq8JEoPVWXm0T2pjIxYGuseZVa1vnQWVlNiyoz7h3sRneeGNtD68hX+xh7eJmOpRg8MvNYs3UcM280xupp572ZNha+v3zJla1PEiHCohGWzW3QfLMnJMAEhPBf7hpmCN8itD0FbExEfeJHwUKbu5mVZbz7+kBLB/Mxb9ZJa86AMFwSgRMLYLKxQjwGG21Zz8OllXcpMBhmYiUh8qSjbxNPC9dYRc0mGMqj7SHKiVDEF1xkAExLp/sbCIXz64qf/01//h//kt772g1/x4/H+9v7jj95+9L2Pbj7+5HB/s9xfP9ze3N9dL48PMdYYS8bofe2Hw+hrjJXcw3vGUOLWptlUhHp/PB4e1+XRx8AJQJkew1ckFuTmP2EVMhUVYRO2yfbPprOX8+Xn9pef212+2Z2/ns6eybRD8RIEfZRBETlGgfG9xxg5uvfh4+hjHX2NddBAgGj34WNQHzFGLMe+rn34UJGTk+ny2cXJblZVH2M99vAwJhWe1FS0qZnp6X5+9uz8xYuLF++8evHum2evXu1Pz1I0MzI8Y4R7PxzHcfXoZkIZfV29e7J4Equm+17jR3/8r/zUL//9Dx7G+3/yRxON5BxBo4ck2aREZVQrLSLD5lQPReWJKXsEI6GO2IQj43A8cg5lxeuGWQA3oE2KoSEyn7xIW6Bczvs5OX3EvNu1aVqXhU1YVQXKnEL+RYWY2IQCPYAY4EJRYhRJ1VSIjDKsm4KzOhNqoroxmLhNhqKYJupORFk1Q/ipqACnksQyDQcyBftvZpA22+32y7KIaCWZsOAMVy1REPASUgkkLzAywDhrkN3JNq4XWIMMEKGISv/ESoKEYyWSrc2KZbtH8cMFQUEMVNHzMxQX7LRumdiIOhMV0xYxBkVyKremRsHEfHq6X3s/9KEmy9KZdPuhnQi8CSlZU2liU1MhYqEI6umFHUDIBdtv8mwVj0GZnjHNRkzOjKUbiFgyfEcMIx6oJ3fQ8sJqYgbRdptt+EDeYhI4E1wVdDgeRvTy57BkiHdEJkJZHJnC1UmkdS2yiDInqXLRrPhAcQ+KIRmTMjOGCMmkHknEppLoHVNdR5y/eN52M0BJyCSUmcKJ8nyaXp2dLX1J0h5hpqySJPM0FQ7XJiIhUzEdaxcWUg0iUUvmNrU2T9KMAyObDE+E51J4azJNuiyLNmWmdV0poq89M5gpfIDcyEz8AW3a10iwRyLuaZPtdjOeIVYaHuHBySAlMkPN8ClnUmSograqXxxvmlszpZoEAR9hZsB9wEwppsAHPdJURXSTnfHmmw+PQRGqLNv27mNACMcMLJTbZMTkcCCgiEAqS/ns7Nnh+MgU7pQwhVJlsBbCjSSoSBOu9PYg3HFb1TOr6PA4Hg7CDCSeayCHj39Ewb6wmxaNQFkNQqKCEtIBrAExv4ESaSaOMmUXjknbCEnM1EwgwxJm5Er1dTy7ePby8tXd7W0kKUkDls1b9SyrKlNkiqgIRwZQfxDZskG9mYkDgmrFpafhHacw8LwY+XB7E560Qcnge1iYlTiIkqRpRvraRVDlIAozVInPSeo4S+wupQVKhpRMTefdDOsFlWyJKQgO5prIN0CRynuHLmEsCchKy20CEwLzkgGd5dTm+p6BwyYJPvq6kvDGFytiJum82+/3Z+dj+OjlfWlzMzVru9dvXt9e30R4gcWomo2g5IhUkeKotq20wJ6B5FOODDWTInEzqZRegliyJB/981/5ofu7m8PDPXxLGeThGKKSij1BhAUR6A7po2Or0fJyCxE0jYGBXUxVW3jHmbopZRI7I9dHV2VUTCllLZPIhGwjts2FwSYHxUYjCIu1pmq73W7e75jk4tmltvmwrj2o7ecXry9Z5OWr56a2PznZ73fnz5/9b//8n/fjQUVhmQLcimyN2ER/BSFIaa6BIQgp5H24I1XM8fFKkVdgfVQqqSZ9MG/xO1SUkKgi4J8Q0QMJVj1GeNiz4Jx03MmZyYBFmaTqDAHn5DRPMJ/UN8aURLBCAvMRQx3PWHt/9wtf+urXfuC7f/anaq1yjQJZPRylPyBYctErnFsHELOpSjjANFAfrMIJprZiQbh2wySbJs/oY5jZ493t1Yfvz203+ogMrlc+VMU9gsmmRsnhgccX1TRCNMAhiiKtOUtpJj5GmwwXeX0a9WgQVIabcoF5izkQlkR+f9PLyxfruoQ7syLvi01DTE2baND01b/+H/+X//S3//rf/Lns6+317dUn1x9+96OrDz463F6vj/f3t9f3d3eH46P3Ht4juo++HpfRV/ee4eHOGU1k0qkJ+1iPj/fL8WEsS45BUR7aEWOMUaUtArEWtaairGa6O5nPX+yevbd79u509nI+u7TdibSJnqDhCM7IHJlOkOxh68hwHxUljMciYrhT0IhRpWHu4eF9+KjX1z3X7ss6Hh/743Ecx0gWbtO6jsPS0QSAsoE6QDOVyFRFxVROz/bPXzx79wtvLl+/3p2ceWaMld3DYzmux+MyRo/RDw/H43HtffThyRQhTHx51v6D//Bnv/RTv/An3/7O/Uffn6e6jNXabncy7/boOMNptukScbkzNP2galubIsL7EM718dDMRh+1CYowS4XbEmXAIkUOhQ1C+4VFOHIgRIEiDg+PTYWIwoc1bdO04scHDKGqKhEETxRRimEZl4RGnkhVI52IBIlGoCsUSEhifRPmpPjSe5/7yhe/8uHbj5PUEyEQxEYUKfQkIAYQV4u1qdFmp2Iay3KU6t3D+J41qyCp3ZhYxuiEMl3hJzsWCtbV1CMD/gfIlyW1lRgGMTlE1YAOgSqUI0wpgsFXWNBWyyrmEKXiLRTiRLUZs/DUmnJZf7GoMHNwOlqLkGcgGZGi5kl9dCVRMWYGJqCgG4iNZbJp0iYqkZBHm2cuXvW2SWxiXokUlRKDCwsVjJGZLAOdLgJeGmnOyoiiTcpMayqqSTxGIGYQV4QPYlauJkdhdOmK9N6RchaoEJgaIXoOQVeC3nRSxRIjOjctUgL2JgajCoU9BDCq1poRkXDqpGXHwsfdmpiSiExNW+vH1X3MJyfzbgeraI4w5nPLd0/3S/clqKzAyabGzMRqu13bzR7EZpjOatmdNFnUTKwRw4cKTssRybX0LkxKNPqAxUuYcwwKB0+fRN4HEasYqyRzuFfHlIgqq7Fnqkkm4333TI/AkkSSmWmCjBpmFWRY0/YRVNSdKldVK4GYBh6uyptwRcVke6EI8d4sEslBsXHTMqDX0KIcMTebQQdSCQA6GRPb1JgZ7jUW9gxhTSdhery/cw8miQikmlDtDslcxfOUpGa7qVW/IYm2Fr7i6gZAEJHMSiRAuTAIIWawIGoWzxGbqhVjilTBdkQM3IARlRPLRVcQM+zRUMLU10xKYQnASD6iOmIZc35k3j88RAwk3rCqmllsATqUodbMlJh9RAnXMjgrypSSWCWrfIMxBJebikkgRtywj9LzgLPl8HAF1+9OxE926dJgUckrBStyjVNJKVMz4k1nVIhgGTfGGFRYADTNGxGBEiiMfUSZYa3td7t1XYrxIMIJmu5464sWKKEKvrxEJGhZ4Ao4MjbXNL7t3JAg2mo8iSn6ehRVJm6tRR8AgJflsa9jmho9rbCOb4CI2NlZNKlkFbTlAhJTs7ZFaGVmogsG8Bmgd3enpGb2wQff8XWZ2gTRLWWCn4wEQF9alfT0DqX4k/2C0EINrw5vQGzADs85Ri+mqLxJOAarS0FERQyoVnJyhZw8LaekymY26aRmeDe29gYV1XlqxBpbrfoasawuOr14+ezzn3+vtcmsXTw7ZzXv49mLy//z9/6PT7//Pfy+M5/KvjKTDWxDBJBHqFdrZN102GqGNxDvdsgAACAASURBVAQh2a1ZvXj4K4itNVX14WLKxcxleOK52j4cUGUEaAqjKx43jBhAOkf31oxZURWJRReCv/S0ZlikpFYUZiZl4xQ1G32F7Dg9zVR1ur29/uD9P5/mHe51IvJAU4Tk01pGlI7LGPuJwSlBW8iAmEHs6xkZ6bG1iBNH+HBnlotn5+7uMYjERFXbcE/Kcg1sRxdRjuHzbtrNc1/HhpY9kXDwNwBhIkIcUzizPrt8TpnLsXMtOvCzYAMrVSvUaE+qNPw2g2I+ORMR7z1htjENYhMLl/mdr/6d3/itX/2v/ovz/XR3df32w6uPvvfBx9//4OHm6nB79XD96eHhdqxLuPvoOXpHlOdYxxjpI92Fc9dkbhZjHA8Px8P9WI8+PEcJTRI9l7DP8mbHzOAMMZtOzvYXL08u3mvnL23/THTC85/p7kE1dRERbG7BFByRA6O/E3nkyByZCT7HvWc68mQZtV/peK3qt4nQTMKrw54ZTsceyxrDU7U124s0d16HL8u6HJaxdoasnKlNbZqbNcvIZm23my8uL955983F5SWZrsvRfWQf6DZ2947Kg0N3p4GWZxbN8YU3F9/81q/E8y/+v3/47/h4VJXjYZCoKq/HRZ7kg8XJMkPCnRXlIvAOu7/z5vOH46MVm5RFLQfOEG2TZZL3ICXCOA6hSpAoe1BGKit45jqgoN/NzKQMOJ5SBXr6gEKGthPd/emPZsnhitHWHPh1P3VEUoFVxMZ0cX5xcX7+vfe/lzUqCCEiuq4xxgpOWfAjUVZ0fyWHClhDnNFIUGZESoiUe4xZ4HaHE2bTHIpwBA+vjGZjKZEUszVLj3TSqiXBF+cNi4T3mYmkFputex43MmE7qgsOwSxKRLM2p/CIZg2QUD4BcCRNGwlTprWJiHs4a+yaDg8WjQwRnqQpM2cI887aZBYRCD5d1xiRI4KZI121qViPPhkrZx/JbNtiwkE0InogWYSJKD1qqCCiTGWliEyady0yxggEkHjJBkmEZfNflmlLJTxhUBwRKiYqtMkxiZAFpHXvcUsEowunJ7Na06jU50wiE510t9vt8imiELpfnGe1c0DhyWaTNove+/GoItM8e9DoPYeLUhMeOa7u75yNWxMRAFxikqQ2zza1CGI1aZpEoiY27U52Ig2fV4mmIiP6/uR0f/5y+JKVAE0UGd1V2MOVywC2BX+TFlvOlJnD04mIy3NdtJpQUveRWemotX8Y7F7EaAcwRSwitk3lUg1SmdyI8X0Ki26t4QT1EataGQoL0wTwh1UYyUkcEKRJAc74JZGICLc2tdZ8OAKdMgnZ97DvYt/F8YzAK/z1vA21QVWwgycH3wnygM9evPi5b37z9vHx/u5+dC/CARA+Er030FmSk5IlIXBDVE54Mr4i7lURZV7W4xe+8PmT/ent3R2XjYHr2i3CCS9vQvqTpVFkYdlULinb8hCRKspEfe2msLOrla4PmgClpz+Ng6l03dg3/qIOCAfm0wpT2F4B/0lEFJCaYOvlGt8LBA6HVC6Jhcgjk1kyHDFX+P+pNhpJqlcxgyGIrMuPIolQ1l2zPlVLFb5QZtbVCPmXx0BN6bYiENUPp0/5bU+yIWYRMW27/4+pN/u1LL3uw9b07X3OnapuVQ9sjhJFUKKlRDRlBzSc2DJEBUw8BIECJ4BebMhB4AcDfjGM6CFPzl+SvOQxkzIZDgIIUeBAsSJRA0XJjDh0d1VX1a2qe+85Z+/vW2vl4bf2bQkSATXYVfees/f3rfUbz3fDPf0BVMbDAMU2RQ4cfMrsMfaXl7uzs9PdsWg/IVXr64kmpWRlGz7MlFnGGK01Is7h0LKPPt559/3Hj5+8ef1KNpvYdrAyJa2n0zRPER5e+ddUfmupIXvTaArpGOW8xaP6QJAkRw48lKYimG7xa9XYuu1itb8lUZJH8JZtT7KlQyTplsasqqziRbmQezo6QnESixDWP1YRDXfQSp5eKToeYmji5P3ZjjSn1kSMws9382z29vXh/v54fnkBHfw777z7ve9+709+9zspjKBYShS/cHqoNqjsqmkIzYKbgp+qzJTTMzmoeow5IpgFG2kQ5SaVYUy528ez/V+6l5zQDNGB7ANJoMycgt5QZiYWk2naqYqPLsJt2hET6sAiwlQioveViEw1KT2HcEbE+fnl8LHxACSmFMSRxhOluLuq7HZz1ji+AeUEb1VMc4P+GLlDCca6FkaK4DGGiWC4BE2CQBgVJYp1XbN6BJkwgAVgAKWithPdikySHqPHuqytQatKw13VIqAv4Eknz2xqrTVrOkZfl8V9mCgnRYSqeCC/JBzRjdWPJ2YwJIWqQmp8Oh7WZSEiEg2SFFO2Naaf+6X/8D/99V//8le+fP/6zc2rN6+evfjkRx/fvnyxHt4c376+f/NmLMcxVooIX/tpWZdjxpLe04cyTWYX8zwb9dP94f72dLyLscLDkR4eUKKPMZzAnGJ0IlLR1s7mqye7x5+ZL9/j+ZxFM9KjZ4TnANVbGvg++uh97e4ePrwPR0bQiIjhPiJGRgH9ER7eq00iRmBfy8wYBGogkT0XER4UBBsmnHNslEROfXgEkyjgid5jXfx0WI73xz7ch/fuPpyCfCCinoV52rV33nv6zmfelTYtyzrWY241dpQx1t6XHh7L0tcxMoVFJuWf+/pXv/aL3/7B87ev/uxPJg60k21LneJC2vR3+ZCcghgeU2HVs/PLMXp+CsKwmG5XDEkKFMeqQmQMfWeECoPH3q5bnNilucWo7T5URdWuLq77OBU3KBzICM/CEoRlUsOCDWYBcwlOx0QnHuY3OPGJWPjt/dsfffSRmqH1QAQSV2AOmxmJON2lZhHLjVKGuYqZmSUp1ZQqnwCyXVKVFOqjq5paiy1GDPdMbhAaE+/35wBW8K4IMwcpQvZwg2eqpME/hQOq0Dru4UzsVEBkJIqKBVEFLITQPjUzVmRawFYIKFYE/J0+FDIyS9tN98fT5z/4zNNH189fvQDiJMSTmHCykFI2VGqxmEmPWIdXUeGGqyCT5/3ry8n4bhkqhspTxN7VPfegYkhhQYp8Sm6dMUZiFkkewFZZlOD1JNZkEquKZG2WBYZoScRVU4hFk0IF3AsxaQapNSbiqsEmSTI19wAWzswmSiI/9aWvffD+556/+KjsYXW5FoQs1pIZBkoRpWQaIcrOOYJsaiYa5M3UzIjYScjMU4aTmJGaE5OatImSRbS1NjpE10bM1iZmgYE4HLV7ERGPnr7/wRe+cvvqufdFmXM4RzJUKO6i4qNqsConMUmnxiyeocptmoC452awSWI121TE2yS1DRXoUo7S5xSDp4Q2LiZmCSGULVGqaiQBCd2GHNkuOQj2OAkPAahvyMk4qxt0g6gYUW1EmT4yMoM9IQQkYiIwokk0zRMLA0DchAAxtRlAHm2eHlUVJtRJcA23yUwffO7z//Af/P1/9Qd/8OMf/iCIVa3Y63rnotTXNVpB+YH3H8Wc2RrGtlCDHY7N9P54PJ5ODxAYnFUbyF31fIzBZePNiQVZgkQ0t1nQRFFVH4wIhWAWFm3Tzn20aZrmuY9ViHyMQM1Y1qcQxFTcXwpxch1JGOa3ibhowNzUIbWVYEPanH0sGNoTCRaRASFEbcLQmmepckq2seE7HulRKwH9+cgxLkA1A1okjLOsTcm3EToIZryaQaHjL2SJVIUyILunLIo5iExsWY5q0+XF1drXiKh3tH6owjy2/1cySSfz4RnOwkE5z1MGB9G3f+nbP/rox6OvxAT6nlJ2+72q9j6Axqjo2pfD/W2iZSahp4IggymTRS4ePYKvQMQyy5Yt+AyIVaF7S4pk5U1HTRmopwEJoPWbC4kpEfU+qLhErZpq3AYiWYEthMqqBMVBjGUAr2OJwYQRsosM3foGy0SBDG0mItGGA91kIpbaYgv6atKmZpM0m9p0cXlx/ehRY350dTbPs6Se7c/3u93+fBfDnzy5/vijZ//qN3+TFSndBUBgusdvoWZ4fEmkZO5Sjl0wbERUYq6sbfNhRefMcOdi2Os0yYf0GiLMMW1qRByenk5M0OphN4uBRAe47WxdV/e+icYjMI5BDcvJKlAFQI73uS/+hKjev309XZ5fXl6d7g/MEhGe6WOAdArKiEFE1oySY3hxYyxEiRyyaZph8wAVs72GhJMISf9mbW5TgklCk5pCD1xapwAUWpohUtggSDwGQHozYxYMHLvdLiliBEYQsyLWm7VB3scxIoQ4I8IdFmRghpRU3gNHpxcoUBVBunKOSiaAzpKZKTxEW0B1m8pXn/2Vf/RP/4P/5Fd4LK8+efXyxc2LDz+5ffVqefPqcPf6ePvmdDqGDx+rkPtY19My1lP6oAwVvTg7e3x5bum3ty+P92+X0yn7KsmRMdx9eCQhJ5GZRQwbtwqzkM7nZ4/e3z9+V6a9E4X38A6CFCxdOpXLAbGg3Ss/gDIg9kmwm5k5UCeeGe5OW2Q2Djx3xyLGBAlquHuGpw+YjsM9oLpFDCc4+CQK6n14eCapmGkjNh85xnD3++MpHCE5k02tWSOW3iNCUrjN09X15fU779rZ+f3d4XhcfURf1ghfliXcWaX3saxeYv/IJ+ftm9/6xd1nv/rHv//7shxaM1EdoH+RGlGOIBgflUqk4aISmW/f3CAhLYlFRZhJxJoysQqieIQyoR5obaKMBA1Cle8M9z8obXwRCCohJspUm//KN775ow9/ED6gmq0LmTMzVERYLs4vhjtSRwSjhgPRKMaCmKHhg1YNwmhmcch7VKkGlwqm3vIBsiF1UbjNzYeD80vEAScRhSCRE8cUI/NKlHhkfPtbf+vVzc3d3V2JJwmzAKDTFJEU2Z9djOEZYU1HkAozgpIxvyChW0WLv2YKNIXheCOBPxX+nM0ChLffVJLJM4RpZw2RLxgDkHVjDC0WBN/UJrs8O1uHJ8vhdLw73OGDE+Zda00VCzALK/Oshjazvm5xLsytNeHSSYoo8Vh8ODQpIiLSHfWiQsz+UC2Ie3GTKAESIzaPHPFANZKYMCE5R9hkala3n0hFQgiLsEkjYlK5vH7a+0FIeasDEhNWocApX2mt9ZmYiDUGOaYalDevb3o/YQIVpmoeVWU1qex8de/uA9Fe3Ucw7+adcPZ1ScoqzmP2iBTxSGnNpp1q49asNREV1qk1H0HCbZ6taZsnFg1KEQ73Ih2Ip9aOh7cvP/kwfUFMRYkbhFmFVH3E6KFa/hdKvAlZSSra4BrTaRoeahOJBbGhFIKFSAkrvEhrE+CzkluT6KbaY2FmHZnaZjZ9SGoph4CpqWLFTqJ42JSpAHhWKe2qaqKyLYmYq+NIYJiVyDCxNk04wDFPIxCxzoWMs905s0R33Ed9jFJAJDlVFgtRWV5pJLMkthBhIrlfTr/9ne9+9OGH6+HISapWr3YkhugHDD0LMAcOlyzsnip6dXW1jsW3ivEnT66J5HB/xNRB5XfKB03sdqdk6f6JmNkpKQJjRWZenF+y0LKc4Jdz99h8MhSp8OK3af7cF7708pNnu/3u/OLydDqYzZ7jYUnCMcZbvTBvEgco5Diz5ihizlTVeb8bDocwIYoLqA8oCVObd/vwEVsMYu0LwkwstfMhvEngekhiD8fEKBuFmhCjRLbJWCQc3kewTPV8tGlilRiOHAlh5EyTtfbg+Y3INrU+VlwDiZM1Mpnny8v3PvuF588+ht9eZXP01/ZDJQ0BzCDSl9U7gjICgZv4G//4e3/QvU82+YZDM5OPMVanJDysaHSnCBFNLokYVgurz46X48l9wF5JRbkwhDcibKq1CaPIlvAnF9ObxCI824zTPcKJKD2Iqn9OpPz8TOgDoqLlMwSx1u6bQgazZgmC8MoJOp6LjU/8ySqKXUvElFVVA6K8yDF6IISbxcyIOSin3TSZKlNje3r9+Op8f3W1Pxzu33n65N33njLJ48cX52fnVxdnH338/P/85/9ChNBJjd0xPEUFNiMfGBkN64w7CGXiMrtW2vdWuJuZsARAZyyZ0uYmoj4G+D4SAsYlwiKcQa1NouK9b2YNJkLROLWmQbU2UyZTCsP8SkSOc68kCYEBu67woFjX5XQ4scoYy+Hurty0TJmBkGiU/Qb+KWoXqQwGRKxSZYY++hgDPy1juiiZEavINO+c0qadsE7N+uhcX25u5JLW2i4bl0cVpkREIqo6cdIYKxFxkvuwZm1qYwxmahOkmaNNDYTJT3/tax559+bWmtWayaURSkpmlLgNVhbV1qbTekoakxr2+wwmYo/0GDq14aFTa9Z61y/8pW/9Z7/+X3zlq19+8+LVy2c3nzx/9fKj58c3N3c3n9y9fXU63kWMGL0vp7EujpTPdY3I1trTx0+eXF3Fenj98pO7tzfee46RWQL7iBBOgSyYEy1vRMSSYm3eXZ5ff2a+eCLaIj28g7YQOJbAhNblyURQuxJzMCcIzTpLOSJGhsumU8kMJucITspwqrkmazXNxL6dHkxJGZ4DNB607InD2SPcfYyMAIUuxOFb4AmzinSnPvJ0GstpPZ7WdfERlVRGTAPcp5g1u7y6vH7vnRS7v7vzvo7h7nE6LutpgU5gWZDfS0QyEf3Mz/zEN375b/3px6+ff/+PJ80I6jFMDQ7bAmqobhiq/pDMkKk1qnU2KPMhOsK7C/HZfucjKGO/2wmz94FY5iK8GQWydQGA7C3LMAtwx6D+Zz/+PkuaNI+o0uOa6YhFKGNE97GKWW3CG+MKdBMMKRZCYU4hUyWh8FBBfG0FheG3y6yseKJUFR+RTGOgzm6zRBBxEAM9zVRmNqViHRQmLzV7/skzQRE4BbgTXOcKpUTEup4iBzMOb06ceCIcBFGGMJsIBZNv/64ZUvNFNCXhRpMangiuBCTLsbCQmKHJoFg+5nJfZQl4sc/R1cXV2W5+c/tWoQsdDx3kMCYU4K3Jc6sMsiBeV08ilZxagy4Xr5Gp9RFjpIjBMZPMA/gEVSQ3xggqjZlsdD2LyvBM4soNBE9h7Byq0lobY5SwX408M5kx+TKXGtHEphlKNnACbComDOunaDAFLoH66JKDcfsnxeF0O/pJUiJJmE0FAjURQWyxgr8WSUlR9T6SqDWTzOguha4i91DZWpJws9bavDtru71acx9MojYFKSnbbt92O8/s6xrpxhzr2g8HRBXnGJJC6b6e1hVCRBZi5PaIsqlkBBi5KBUnAguCVYkkPFi1tYmIzAziH21trOv2IUOUwCWM3dBMoiGkLFz7NCuJkKk0zRKcExO1yQR1AEmYHSFMq3mzLPAgq9OHqxpIvDKLCjOC5kQQFAFPdh21vVfhDJXUWViW9eS+cuCcz03YRkn4fDZVXEQdAlIKGBWJ8PV0evHxh2NdmVn5IVcjcBRxPZ3JG/tTB6AQDqzIPPVTRLAYYCN3H2MUiBBRqAnedwiPtzmctntkOy4qz5cyj+uxj0VIK6swwNgkvh8VnZk5PV6+ekZEmXL1+Mn97S3YTgThY35iQrg5b9M3Z1aQQt1xQowud6V5N63ruuUJbvtaZZkRMfUF6oJPNfr4OHbzXljGuoiKiIGsefCKAmvOKujOLFOATHNj4hhJ2zayLViprampdwf7zHXeFqcVEawiJtZsozKwlpEo+cj9xe60HNf7e1PNUlYxVngm6JUEfXbSKuwPqZSYl9KDiFSNRaY2Dw9GDgvVz0eRzKStpWdSUDixge92d0rmTBEZa+eKBx0wpSVTM92mtRzdI0mYvA+bVKzVbYaLUfBCBg7czIjwbTnmYNhbK7eRtskMRhPyh9wo3h413rbNqorJhwsMCtpwvNlcwBuTiIpyJkyNRBxbBATuR1ENTW3t7Gx3cbY3E2s2z42Jh3vv+ejJJRGvnd57751Hl2e73fTq5vVv/vP/VSR5K2xPoYxQUzFAOMymEV5tf0RUpmckSyZxirKPYJOzszOQ/JupIJkFKSJ9XZpqJJq/6lTDMhDuANvw8bIUxcVM024WZveylOCwSipEWESYdPvUaHs/SuU81vVBZGNqSeSOVrtCT1mERArUz21XU8my+jG4b4LgR2STUoMh4eDE+9LOL//63/w7r16/fP3ihaoG8s4xa0MIi5TbIvWyoIDcFGhCPgZ+IPx47j56fwAD+nDyZGFTOR6X03oafVVlKk0zomkxZGhmegQxiUozPS6HL3/t65/53Bc/+tGf7PfnIposES7KrVmKmBkFx+763/t7/+jv/tqvccSLT16+eP76k2cvbl++urv55Pbm+XK4Ix8efaz9eH/wsUoOHz1iqMjTp0+fPL66u3v17OMfvn1zM5aFMqodq3ffzDPAfgJJk8gKUd3tLy6u3p32l07pYzDFNkQmE3kVApQBXZGVnrWCqZgSuQ9IcSkHwQxDVBMbQAVYuiOH93D8/bndHBwZY4zMonfwHUUwZTiKFTKkYvsovRZNChLW4e4+CPQAq7Z5eL6+uXn57Pnh9rgc+/1p7e4yt2k3kypyBkh4mtvjdx5dXF8tp6UfDtj0x2ldlwMxCZMPX9cRnswpEY/P9a9+6xd3n/3qd3/v93i9N7N1xUaqPqAR1dzs3UQk1oqvB3fIScnahAipLmnCHPnFDz742a/9zA9+/GEmB8cDGRtBqN9JTohVDBL3yp0TSnYfVrrBirdDQtkm8MHXmBHBornpFyiJtZLPCk2pQJISaYItl00cTERRozxvihHBuF2ji3BEiAFGefi3mChBC5JpzRtJkSgqpg8/+uHULDwjA9cNyE9KsiYUxJmqoqylKIKCURhQ9WyNMpJDWTlFledm4AaAy3LFlGF3gDxpmwEE/4PCcmWudj2upzVRMQBzp6KDJmnpC+BBqF5Kp0BELBGDiWa1yWRSIUqvA4ZUpBk3keGODwFkUGaaWSYFp2dG0IggIUr2zUeC16eSlMARmQoRShIEcFlmZqoaiUpTYfNINYO9IZNVhVWQSpVJIsoqy7qYGIp4YSMD10ToZhYWUwBmWcIHiQjBmMhkIiKowlNwfzaZTS2ZWWh/9uTd935y9GMCY2QhgasolKksviAdrKWQ2qy7SZtJaxmMqoppf8atoWuQmMboTMkZ1Nd+OsU6VLZYGCGCJwn1wsKqWpxkpoj4iC2gPFTVpgaYjKdZtFFAlS1jDGIJ97E67IlgzJhrdFHTNjfKxLLr6UyqNk1mYuoZzJYVGE0cafVoGf4F1UnVRCWIVBSw+vaUFhpHRQcpfJyxVTfgGBGqFt4otjwS72BlQ1HABcRMW0cGOO+Sh29SFGVGUzuWGhLs66zFPXKmWzNioUBouD8o5QEZ0PbhEHPUe4+HG68Q6lwFLWQi0teRKP2NgaQZvGi48jFcPRxaWL19BH7jQkOICiIgBn4mpYYi/CRKCD3CZswqzG/fvIafhTZ3I/58TwyCUDTAXG9qwAiT+CGeiZli7T2DzTbTQmHhDD5smicfo7rA6rGWRMFLxDr6Z7/wpVM/RV/R6Wiq6aGT4Z5gYWsNEKyYMMu6DB/VJ8+MimwkFcoYnp5EUiFmzPznwLk6JCPXtZso/OmV3yaakf3Uow+zFhlblg6IUYbsSM0oQ5Qp09H5s2E/eF6kCeHJIyY8bSxUHvYg4TZVhbAKt2nX107MkWRm8JyamVib9nubtC+98LJ8mBhp+03w22VkqtoYA8Z2MwsvbKyGyE9Rp+SqIEi48mpMZoHwj5KSkCrNcB9yuceIC2rBg5wb1V5HOBp8Svi2wcbgpFSVhB9KRqpcmmlqbWq768fXV1ePpmmns7LJ0vvV1aOv/vRPvP/e02bT4bSeX51Pk+2m6eXLV//7b/zPeCXgHqQ/x4ulJ3GiloCluuI36BqUU6nYwWmISO9DAdjjnwdFxLKepJlHKMChpILAIzPLN69qYMYTQnv8CVE2dwzKwEAigzmERFmDkjgK8Cv378ZOKkO3l0zaDBARoTYBuYn1ewYnscrZ+RltM0cRQEQPr1Zy4u1T2fyqyaLSzM6fPP7mX/vrf/rdPzy+fYNDCgfBJoHE91/KKM6SW1epPEW4g/BPosxg4qCMkg5SRopWmG8kz9rWdckg1bYgmh2ZMPjvwhZtpujFIyGKYPd17acDpXiSR2cKMR0YOIKvf+obf//X/9nP/vzXP3n27OWLVy+fv3z94tXxzc2bF5/cv73p6zF6xfuspwPFYHYPp6CnT6+fPr2+ffvi+cc/fPv6pq9rjBL4r+sYfUTCxU4+wofDQ8PJYm13dn55+WR3dsEsET1iCLqWmRL5/+GwnDEYtoD41ClHRsQY6U4R3tekYMpEoSMgIw+oSRA0FO75AHugPQ9fgPsGkGN2xeEclEnpRVSEM+MhKciBMn24x4DyMpIhxerdk9lsXk7r7c3L+zdvT6dxOvXT0nvhppkZvfvanVim3e7Je+9os8PtXQ7UBvt6OgWK1COGj9PaYSdR9p/+C1/++i99+3s/ev76hz/YGV5Eac08XLbQsIRokx8UiFDmMOEzTFZTUVKVprLbz1/47Af/349+RCKZzpupC5HHWcnitMGOycSGyT5TlCPDI61NEQkGQJsVdM1ETqoo/2UYsTfHMkMEG0TMmESTiaBYIE9hJA1QHSzCupWfCAu+KmEOLL1c/3UcjLUYEAM9J1YR9ojMsi9i+5unCbFXpoYtiR4C7STLBy01SYC2E+EyKpM3yE4SgntWkWlqnjQ8krIif9QiIgNVToXaAsPKTDXFA9VjXJ6fP3387v3xVuA5IlYx4DAIHkiu4yBJZAsNR8xHJnWPWe3qbHcxCVH2jpYyYuJmtrcW7usIZol0Foa1lIUHGu+hDeRklRTxbZFC/SqzUCR0OWbGKTY1RNRjBjIzEhG2epVkw6SZRYHrQxgiSaRNmYyITW0EgmKLvmARM8PrJyw5PB1MQnG6zRoWvmbNy0nIJMKTSZvcKYnNtM3nu/1VXw/hq0eKagRlpDVtzQijtRiLaDNtE2vj1ljMPXwMErE269TCIeFZ5AAAIABJREFUe/QePtKHpHMOX5ZA3hEnUzhs8pnhI72rKSPSIJwp3EcmpBUsIshr4pTwJAqbd2eP3hfb9dNdAdxSinbdPC64zatRG/8glSjb3GCTuDq//MpPfPHu7j7KVkBtapOpSFrDG4Q5REQtiLpHMD6lVs11bCpGzL10j0TMzaZtck8VxZHCwONEgKNxpveaqikr2yYiubiummc2zYJUfCys+ZlJLqiuiGAA/9AIBW0COsqkCCdBYjjUf4zXCMcFPwxNhLLtDbRncPgwENWkqmaViFn0owMfUbgU0DlWqN9Wi5MICuaomB6l7SziDQYs/QFxPcfJWUnaOAVR7JWhpsJKnL4RzcxMJWLh8A5vsWxzaD5gmfWjEFRbhHzJrW2XN/EDAgqlKscoM8wsMi6vr4bHWEZrrUxuYzCTdy8UVDk3jQcTZaaYaSvvqrCEOwgbTiIEmmatcsSMv1o4uSIcNpQnk4XbfhruFKFqIuLhY/SkzdYZGweklds6+mARjgLjSQR2xswg2BOIVTU8+1i3uZ2IKXiLD2KO4fuLi7Pzi/V0EpWaTrE+mkbkcjqOsRCTAk6n0lbho8e3hoWKHgIZPFVlf3bGsOoTsXABk0QMlarWgcQMM26p4IEtMQMMYSgISUhSPgWDcZhBBQeLeiZt1xXnFsrFmZAmQMnwqaletytPzHSad/vzi6vL83meI2med+eXFzbZu+9c/+zPffWDz7w/7/dvD8vu/KxZu7y6ePHy9f/23/1GD0elcbjLw5uEJxAjsm4mP7x72wgl2IkET4f00dNJWeBxZBjuKfvh9LWf/ytE+ub1J1Ob8FqamQ/PKgKkatlz0EL4EajS/h02dCw6QZxNbWr7CAoaIPE3J14ycWQ2a2o2xjq1JqTdA8M4i6IpKbcklXwoHRUZPqDpn3dza9NpWWqjE8J3oSymjQXO9cJ9lmX53f/7t45vXktw75XxykyCCzvcJkPQDWduKumAPo8IHg/D3g5lZBKp6TRNMYbnVjFB7MMjopUJL7PCv0E45aaplYTlMaoVqB/vj3dvzWYS9tEbeuyJm06e9vO//B/9vX/8T6d5+vjHH9+8uLl59nI9vO3H29efPFtPt5Sd3Puy9mWNsWa4aS5Lv9iff/aDD+7uXj/78M8Ob1+P0woDbjIJR4yRyDEEYwaNMpMqseq821+cX03znEQBD250CNKJIr1zunAwE4ULZdOikzw9crgnUwqJsZla06ZcPDVlbqi9RwwKqFkJN02dlhukGe7okKZ03BdbSeIDN6d1/DJtZGhSyVKwO2U4uhqMkIRMrKrT/mKa93evb+5ev7p/e7+c+hjBTNgcrVkSr8Mz2cwuH11dPnp8d3dc7+9VJDyW02msHX9NRKzrwMgmEU8upr/6y7+0nj390+/87pwjgiEdDI/JLJJs0mZteIzh+ufx8KStU06CyD3b1N68vf2jf/2v58kYip+6VYmFlYmJbKu+ZGXacoISBGyzSBLVZg15XBABqsrovW4T5c0qihAerZC8JDYFwtiAieL6hxutLhDZahqlGs4gd0Z4CDTBgBEpOQOGNlQzETGuSncnEtDtdaYDI0O8LmwvnBmEFIdIQr9YAnpFAzsTbb3FAG4QY5MEiB9l4LR2NzOdGNdoBk/zXJLI8j/gz2LmhDw1Ik11nnaPrx69fPWi/FQwZnJduc2m4BzhpJIl008WNTUcdiIyN9k1mUUOx2VEkgoRu4eRn82Ttj0iDD1j6ZDwlEuNRAiznVZqR5bZipUrQ1zIJpMmmcJBWmoBZDsLm7XuwcCQVWM7uJm16uLqfRI1g7tQVDNYTCrwEVovWBRAKG2omRgRubCacRKbGUglSlK14CQVVutO07wTkWRx8rv7Vz5OlIwwFEkRU2saHsIGOL1NTadpJLG11vYenpHTbm9tinQfS6yDiQSeyvCxrmMdIpzpVbqbuMIJzT8bjEuYAPeP3tudXYy+gEmOrdXEhJu1iOjrStEpA185UcaI6vmp7AAG8awqyKmC8MFUp6amKkR9OfUxmrapzdPUYDQR5ugO/JGS2LRNk7Ak59QMrIKHw48w3Fsza621SdUQIgzvU1JKMpFEeHpuFnctClRggYar9UFCg2cKqynOAIzdpJCoJ+J/KCPFtJZqzMI4lVF/tGlZhRkrehJneK35WBCY6z825wxIRdz+FV1QWGURJ5/e4sy4/DM2mLJmAY7hnBiMSTQB0eFHr+UG7pTcNrQkplSR9qDMAhqOpl+kghAI5CCxEhQQSWSoSjKnO21/HvaLTe1ADyhITSHAWTnDS5VaGM8muskad5kyRezNy5fRBzOZVYCxTe3R46vj/cHalMw+KihIRKQJXNiIdIzIckzzRs0mJaWPgUOKVUrR8KmwtzBIYmaV3X4/Bu5XbClZjS8bJUTCYqI2iRm6wfFlMNYnNHNliCCGNt0jRihbIL247M4EPWUmbaLzcX93m0kqzXtPnJqqTBTpuvlVE9FMJMlZBnlhvAMRXrIQzKAiLDK897GI2G6/y6Qxhm0krzAXwLtN/VHce82lmCZQrqmGwmMvZyMRlBult0zCyIj6WsJjTbh26mIg2oy5m1xNDd15PE1TazOLzGdNlKf97v0PPnO2O+eU68eXV4+ujve9j7Rpd/Ho0TTP52fnP/74+b/4H34jP80aBfUom9udHrRxVGN54ruDskJEs9RZWMuTRTJGKf2SNnGnvXj50eFw02wy1dNyFNFpmjxClDNjeBSPwCykkN3Wo4fPAa4jDkh0lI1YPUeQQzAGnx8VVClNVYy/+P7TF7e3zOqYWoTV4JEtkTUzlc+RKeqFAgk4eJNlYdWE2AkIM4gLs6Ym89lMPZTZI9yhx0CQgDDLyGDi84sLYVrXrmqgRZLhZxQKQYd8UmZ4LUyZTFm+w6ZNG9Ck2sgyWCQzIALAVS0qrOabwIaI0e+cI1SV2Prw4S6qY0CIKWN39e//2j/5m//xr76+ef3so+dvXt3cPH8x1sNyeHvz8kVfjkw+lrUvx76eJIMkYnTW9vnPf24S+eEP/uTtzQvypMh1dMpkFQV+n86400cVcgll9cUS9CCRY3CGJkmGME1KwhneJV0oKGHiZAZYkEEZcDoYi7IyRvGITF/64hVgkBSeAS1QoIYzyWHuzIRv3Gkj/Ki6UeMhEJ0Sd3wwM7MVootlK7Kq3xKQU50/UOKLKNqk3EdmsOh8djlGP97e9OPx7s3d25vb0ce69CA8nUJJY0RGtEkfX193p7u3t7CPjO7rsoQHUcbw8BgeCPqdJX/hF37ui//mN3/nt393fXsD8aS1RkwRqabuUQYwMFf06fWGoYKTmASX/Gw2wt19nlo9NwUe4lANTrJ6s+qhqmsKFk+RqFRWLL3ZR9/PZ8kc4L6xzYoxK24BYs5krn01PRyCw3wYQQHXMwCPjRlXjOQhyDx1ql8kkzGnkFCEcOlpRYlxVaMwuO5uAvdOEWP4NJmqRpakvgCg+gCSokYefHbwCwlxQ0KiJ2WqbvWQRQynqCYJB3WPaT8b1B2ZVNmyBeJtgWg0qUWMw92tMmyasemR6kuArDmZRRXlIMFqZE1QNOQThETDJUPNnLBy6GT8/tPLHnkaOSIjckQMShLBB63KQckig4JLbB5CpFZxkEzU1CLo0dnu3/jSFz56/SbZED/CLMHMqtBgtHliTjb1KGEHRBvEXAIhk7abEe0JE1hrLZKlKbEgFRkuKSStNbMUYpNHV+8+evTO6XRQE1FGTWAzIyKZjJtlik1NzSDCE2UfKzaEyZopq2mbDKQyqYpNqczSnERs0jalh5BM+521OYbHWHOM3HBF90Hu4fDvebrjmivJWIQWy8tEHDGEU6b91fX7h7ubsR5BKG6QQhknMlLIfXTKtGYqFuFMLKXGJqBjUkZwY1JosKe5QS+kqp609M4sf/FnvvL48eWb44KxUJIjkxVx4mbWiDhZzNr+8rppG5Q9nMpjkc1MWIUboyo2oh53NoE8hjnD0ZubW/EgMwM3R30El/ck4W+JCK5OsRCkERWfD6xNStAFTCVCC7oqDIvK9ECaQpkjI8mRMJ+0zQi8iU8Q0Ln9g6po2iDqbUavOIF62UvZU0cLRvLWrDZe2xx+LFzZOsxBwlz23XIxYyZKSlYWdFIU5VCCECnEhYoBzNaMiWO4msL8DGgK41RJuLJSsetBKAqJAjEU25bzcGZtQyABLsLImUwxYp4nFhkefRmszEljXXtE9JKM40C2ZhHRVMNrgoKukwmGASw1SeigF8XQ/LA2KWsJNjB6YG7zXNaVnNJTTJKSgtQE+30i6oGIRcboY+3ChKQKBCNB/RDpGSlmzJLpzKSqzaaMTLQjbuEE+IZoS9HJpCJpKQnOr+1IZap3bBv/INYoNQgs8PgB6osnrLMZ7kriHuCIM6hZ674iB5mr5AL+AMa/DxUg8n23u40YORi5Xam4arP2KypnMP4Iri0Vw4g15BKAIybBn48XHWNhqLRpnm2ap920281Pnl6/8+6Ti/3+8ePL66ePLi7OjodxfnXx+N0n87yfp3m/3//hH/7R//E//S+J/Cvs+ADBCEmFiQeu3pNaX3E5ZXKaNo8IQt+rIwlqG2ElM8fShUWlUYSyukebTEx8VHgjwwBfnAlnuCp8gUGcnCJqZqoNdcUwxkkSJXmmV8LGpxVjtQBHEJH/yrf+2h//4MenFT+DpKeP4eFIwMGXC8g8IaHmjMDTneFh0wThOp4TfInMZXBixv9iPvU+ekZO85QBbUlGUJt3JHQ6nABF29Sstd47ZZLKNM1REqqMcBYlLKiZLLocFhYVlt4jHW+fwLWEUOTd+czIViPkJFA4orV5m0+FOYG0oZsdFiYm2n/2J3/1n/yXP/v1b3zy7KMXz17cPH9xf3ND47Dcvbl5+XI9HdzH6XToyxK+omMrwq+vr58+fvzy+Ycff/jD9C5B7qOvzhKQV4U7hSMNLMbYUt4owiN9xPDh6+l0Ot4vx/vT/d16PIzlmL56X8k7uwuNxqwZQiEUmc7kysSUhq7O0pCH+xhjXceaFPheyguVqTipkhhFDtEzAyWoUvatiPTIUfA+7pxIptIsQbkZ0QGmUGAwBHtDFB4oqsUqB0woHbEdwKZFdXd51dp0fPNmPR2Wu8Px/rQcx+HuCPcqMzGJD4gl6dGTR9bmNzdvYl1FyN3HMtKDISn2WNee0DSO8fkPrn/hb/y73/2zZzcf/XjfNJIjs7XmjjU+a1SXiod4ONOoVFXMItqUOCB43US+LLKV2/FGvFfXXrn3VcXTBxQDiYB5YVGr6H26vn53uI/h9fcwq1pxL2WhF2ExXN5EzBzEtX9t4y+LbFQ4AouIKDlZmchDhMy0dni4EAhaXElMBChsEWgjk/BX4JSDOmhTCFByfWQJaL9IBZWqnSLE+uNVpNw4AcQcofQ9UWs1MrKEIfjRHNgf1ioV1Bfg6mbKVJFJDPfApGCjPTkQ+5Cw/ApJsY6VA6HcmoBMCeEQTvGYxWZTtbb0Tiy9j92une2nj1/eR7KaBJS3zCkcSaYiokE8kog4yrQmxKJmI4LQZSpibTpFf3m4G8zoTIQQNEWINSm5OpJzODOJtiprw1OhYkHEzdg0g0SUTdo8GcOZDf+3oN6wJihRbdXjpjYn0fAFqzipECngS51aJLVpZpFIN5vm/Z6DiUJFjVWbifEYnYNZlES1zTy1JElpOk2suP1FVUmk9xPlKEc4JVGA1q55N5IoFLZoBOIFqSnkmtaayAT/BlHe391QP5k1fKospYVTQ1KqqZqpAXDMHNBZiamqWptFLUplLyTapknMWM1UIlJbE9U+hmrbz/O/842/8MXPf/Z3vvf9ESmcRs2aigmJelQoWRLP55dP3vvCdHZxXO4pWa1oVWuyrr2vS7r30X2sybJr5r1za5SSmaKkrWEbhu4J7071HiVFFRRC6yPQcoM1BZKbNWpnzbQYGrEOFECME0eqFJVK7RKUMRyzNILdao7C0IMLH44yTP8CPqmCF3ETiire01LlEgM/EhFRJSEKPHyUFYSZ4Ulbsa9y7fe0GT7xSxe9CjcGbeNTErpRID9NCrQ0J9LNQZa0aRLmvklx6jCiko/XB4BxI6kAZiar4iT8IZUiUh8gnlqwLyxI+o8Kr4N0kDODU9z71aPLvjrEkibaxxDNMRwnYNY4vFF5kCzzpwMgqGAiikhVDEuZQdXSB7E4EmZNWNgmY4GRNyGKgDSOhGBAZCJthsWSOKd5Hn1g1YKyBeNX9TJF1EgstEll4OhkEVKpWjizIiXgHGJmH+OBEJeHFt5a4kALMBOHO25HyAQQZ+vDRRlqe8+BNSLCp7P95fWT+8NbYdmAM3yDSYwI0cQtBw1xUWVZqi0mRiivieIzxe+iFbeBvTCoYOeEYq9N9ik1T4rESRh42jxN826/3+33bW7NUve7dnG+Q2zZo8vzs7P9vJvXkYf79ex8f3F+/i//r3/5//7Wb2USRTB2fYI+BVC4bOaxKKN61DuM7wv3ebpvvl/e0HpBdTaL7s53zBnumSSqy3LCjRtJKrZh9oibqOuxpLTBrOyjh/tutz+dTojdi2KKMpNFtMpKSB5oisicbEqS3/6j75GkiflAmbl4hgDxSmZONIxgf9iWacB1gsHcR7AKHt0S71FmJHYw99H7QLL98CCmaZrUjJltsuG+OzsTkb6cTDXL+IQsgk00uHGlvO3YkTnPu2maY4S1VhhJQ7dR6eMAP6mZaVt7R+hK0oZSBEQyTERiirKjPnqSqEiGfOkv/Y1/8J//s+snTz/64Y9ePX/19uWr0+3NOL1dDm9ub16P9Th8Pd7djbVTDkjkRe1Ln//AJH7w/e8d7+4m1Yzs3iNdM0Uo3Sk8fUS1cQ0FdY1JiJIROx+EUzFyeMTwsa7LaVmOx9vT4bAsh2U5+bpQdOPQ9GYsm56nvvTo4Z0Lq6iBMiq+3xmtHXivEq+wo98wwymwcAUon4KMMjjCkPBepQTwIWdGSf+ZON3BYgPtogSZ4JmEEKHAr5+EYiyi6O7SZpnmu9vXy/GuLydf1/Ww3r89LHcn3Jck4sM5hZldcn9xcTocl+NRsDcN93WlUnDS6KN7WmsR/vhi929/+1svT/r9P/zOTimStGmbmo+uqiKiZrkpJ+GKExY1iwimlOSpqYgOr9uCIEJjYq7XnJlFiQLwWIpwU4nwyXYffOaLr9+8apOR1Lo+RoDVPx7vx1gmM+EH9CuDInIg24Xrs0/TsudSBte9UotHguavg55rPCUY84iIlSk8BQl6JEzcTIg5siAzaFg8EtQ2E3GmtZYZ6atNk4kBVcMVs1kgoJKo0psUUnmQMVdadJmftgzTJBLTQdvYT0pMqAfwEQiowGa1FXGUboJZjBkptAYAjkkqdpOZEeabGB1RFMDExjapKQ1lEk7JlMyr/awZyzrWEdRMxEhk8RjEZrb6gJcpAfsxINgkQdxf+R23Q4+Jmc0etM0h3IOUlIJTWJo5WptEa3hnMAciJijBFIQdsQaxTG0623mP6CmqaaJmnAiUExak1AcRld8xMiNVzax1X0+ne4FjmBhHK65rEeRFt+GjTSZKPjoeJhbxDDVdffQ+tFmK6Lxjaz2Src1n5ywUUXteNQgOR1Rn+mBmRw8aMnBYoEgRVVwUwK/rq1FlE3diUjGFhbFNu2YzMG9gEZXXEmFmIuajC9NwZ5HihUqdgovXKrdW2KyB+CDikZQkTppsoqbT9OL29INnN3friHQfoaZqUxAnS4jMu0msAcE9rsd1PXESqhhVOYN89PoooNwSi4wvXl/+Wz/1xQ9fvVojwosa3WaXqC29IoLKG2OGEyspAvbRCm5LXHqYCgt3TuYISA1rZo2IiirCf2LSyIDyWSqOnVCQsSl3YBCt8tzCa/NBuowNgGoqy1Rs9ESlvIbxFogip/vgGvQ3cQ8REUntMImKBha0JUC+W+OCss6B7HGhdIr02gdgyWWMv7KNKBwZYx3T1KbdtI4OqwoVpJ1EAb0oBDORKbyFCYvAl0mimaRoew7kOWEig3Id/R+08TVAMpKFRWSapuW4ZIZsDYpf+tIX7g4HfKCYSNCKIEkeiSJYjB6RFCOm/TxPzT1FxVHNAB2IMlxnojI62kyVMr2ecg6omGqRKAaGKbXZNM997aJ6cXl5PB5BfzHLw9CM7zhyFC/CmhWzniziHqzCKJ/CfabAxoEP1rAA/4KoqsjYFBf1yIkkBQQwKiypXspdqEgF+igUPClrRErT84vL0/2tssa2WWJ3MrXHT54cj4cMFvzJD8wRVwQXl3VPN0aM8PPAWaZSfSW4wps0FHwnESmbWJt2/MAVq7KotMYi+4uLp0+vH19fs8g0TX3Qq5f3ntLatCzdU0cqkVxcnjeb/8f/9r//3u//niquNlTXMaFdHB6W4u3LdlK0hkdSsAkR3PZpJtM84zUcqK1iQgqEZ0Z6dS0RUdV6yhbf4/SQoIDedYYgqbZ8rXtF8fq4h9nExM0adIGUlOmIaKwdnSV8NG3KNtbR+4rokuRA7COKUcR0f34x3Mfo1prwn7MTEcPeh9xH0OLMZQQlJpuNWEYE1lmun5Yzva+riAjLunb3kRGwf0D1W4xnDZ81Gderus1LcFNQkk5CQU6VJ5jkOYKFVaSPsY4+Ri8j+0ZAEsGyAXUy5Ea8rF3NjNlD//Lf/tW/+w//cfb+7MOP375+fffqxo+36/Ht8fbN/dvb0Zfel9PhmDSAu/uIq0dXn33vnU+e/fD5xx8idrOviwg9urga/eg+0ilQ85do0EBXItQZBaqM9CTsxVIKMaZMjk2D45HuuQ4/9fV4Oh6Ox/vD/f3xfqwLh0+mszKTc0FQyUlmDygIAeDPzBieGeEjE8KyYCbbgPCM8OhYCSiTM5hFiNG5t7E/dRHUKEkb0iziMSAEokpOpIgI77hxsuoTMzwj09rk4aIm1nIMPy79dODo7ON0OL795PXhzd1yPJrq6OP29a1HXlxezLvpzcubvvRwFw539+FZGBtn0mkdpJqZe86//M2/OL//k9/5f37HojPJ8JgmI8UPT8KcyPypqTq3RlKm9ELpvDQ9EDFz0QEbVlIfsGQgIhP63cZsp+WgtGHAJCykapIIPPn0dSOq0GeB1q5q6YgyVAUqW0zbzFRD4QZscWEKGyZWXgC8g7jLuZDrOu/ZgzAiJDKoRZRRdUDNrK99nvdf+8rXPnz+oSIJpyquCpixreigpJtBAG7x9wlLbdkCglwwSZEgSZPAZFOkqISTCrdWVwxY7hGB6npcgsTk6bhumVgF2UQJr0IyfikjR/yAiDA7NRURDh9MLERnyk/Opia2Jp+GO6UTdedlDTNNptMYsIqVuiAAhKJRjjIpUB2IuS5ZTBM4arJHMmFyzc04qrjJSLf9IQkVZMhNFDFhDSek65BSRipSZ0zbrpHI8EwhmyeidA8R4VYUUFnhVJEGq2YRKWLatLUJ17QIqTVVYzYzYyH34WgjMUtR1QafGqvaPItObZpUjZTbtNu1XVJEukBbVmQpjuQRRCJmaoG8RWZrxsyKOS1IraEvD2QPC0ewmuz355VSpcSiHoFdSK0RM4m0ecoNWlVtESD2J23GVWlcEQk27dhMbNqfn5Owk6AoxszEjESm/Xkwi8rtcbm7P7DI4XAiVRatpXRqSSRsYwSTpcjpeJcxmjXJMhD2AeGqe4aaWZsyyKb5bl1e3N4eIzedBSR5ScpM3CbLSFGz1gq9qteRhJlVxCwzwZ8Bs88HSJsqiBL+uY35Kywf7xR2IKRusJb0Bx9ali4wA38XYfLlLMQHHlUs+wjIK7i+NG2bKCgypFn9GBlBObdZuUU6IUsNBw2UrEHABOvnDMKiHoX5kiYpWnegHoKIWriCUIGZ48vFv4xDKyjcnSLNmpAmIauLsUi6DySgs2jSJqaHzGazRAe0A4FwdCiqqlzKRJgVM5fWOYp0lFiOi00Kj6moCOvr27c+urLBCicpDEseBH1cMgUorSOIGNl5KSSxpVEXgBobSSPUdtN6XGsxyyisrjTkdeSGh5m5x7qsGOeX9SSsGfVRbfQ6iQirldyZWFmqIgAxi/jLI6hALCGiMUaJvQirQHXI4Qr0AdipvurcJGNJiRAVVZt2uzFclR32KSKYVMKDmNz99s2rZhOTeJQlg5JUtY/e+8pcYBGgciGWEtuQ4DYhgIAPnlEOClZp1sKTUYQBR7TKOkZmNJNIOPbChyeTJ3Ei9d3afr64urq8utqfXzhBirq7fvfpSEmSU5eU/dMP3j07PzdhIvlv/qv/+ubZxywaHamjuGqTpEAZBMKxSCLJlKucXFQiqYJ1ReAPqcjaOuNqHffVYbGHLgfU3sbFRzF4WV0GpbHOwEgAuF1EjocjFnJiNoVzjYCmM4tvpp9ighJLVgRFZGrhjoAXZNrtLy8uD/e3Sf8/Ve8Sa+uWnQd93xhj/v9aa+997uPcV1W5YseOY8c2cQwxAksJRHSCaBACKHTpAFIQAiJEguiEbjqAkJAikQY0IiEaSHTpQAeJoAQnzsOB2Jbreeuee177sdb65xxj0Bjz39c0SlWlqnPu3mv9/5xjfM88Ho+9byoWY96BwAQPSYSjLTYzUoAEWrM6xTISSK29MRJMFa04GuFM12MlVU/NeLkAsW/AOV+VekSEOoFFJMFg7LismoWHj3SPoodY1Krpz/6Rn3/79m3xoQU7kcyAlsQWOYarWUJUVEEsd3/23/4P/+V/4y88vH334x/++P2rr8/vXmd/eHj/9fn+3fn81K/XbXsa26YSIhkjROQ7X3xxbPL93/3t88M7SfZt9NFN0UxOh9P1cr1ez0W11YOtFJsEGqr4N91ziigKF6xBxCv5t3a2HZhBzktDwjMjRvfrtl0vl8v5qW+X6FfhqMy48DHcM1xAE2vN1tVMSGI1NUO9LE2lUYxiwqYqwp49hiOCUdainsi3oHAkAAAgAElEQVR0eHiWD4Rkpo9RsoYoi3z9SgKvJCIAFe+oZQ+ICQHvOFYExggxJqFtaeuB7rFd+vmpn8+tiW/nd69+cn13//ju3fn+oV+u775+++oHP3589z7d3fvleq0M/mLEvI9wrzvn2nuZt5DxS3/sZ3/6j//63/3Nv+8P75rp8NKyY7IjJVAc3Uwlxb3XnVoBCAAqVSI8WOVEWY/3LHac/5kKLe1yATF5//i2aUOt9XO4R7rXPpBJpItILXgilYBUgZ4lyN8TQhIkrWmMaK29/PTz+8f70/EEfhN5t//t5UQsh0DhqqRoqTHNNLKy7b3oC+zUtaqCiMy1rW1ph+NpXQ6v3nwJGuptrfj2ytri3E9kFxlowf+ZTafYuGLVa+mcvmORaQuBVIIly1OmNdpxcs4pqdJaE7Fyp6sKOR29Bi7aCAlmSpYAatEmlbNTGMmE+UIyKFhMjyJ3xEGwdT/3vIQn0z2SGlP/lOER05Wxh41TSrvbR0gJk0RU1ZZF1TxhrZlaeoiwgFMVg9JZ2HfZJSQBkfleJ6mmlKl4gdDWhWWUS9DLKqZQJqmLtsVqumKKNUuRJK01NZtjhgitBF5irS2nYx/umdZ0XY/renJkpCsViTmvA21duXM71ta2rIRYO6qt3V3NBOIe43rx0ZlxWI5tPSRgQo+uFGZaM1HJDNHWzCqajjNun8ebgwOiWrpK05YIaZQMJE6nY0Fp4dA2OQExXQ8rRQibEilZhNqWFRBKg5ipiR10XWw9BoWtWSv0y2rmzkxRzQy1Zm1trVV21vFwGn2omjUREaocDkeKxigdDqr+zz1MNHp5jIWC4kmQjOGqkqCPaGYOXB3u0VobPlBYupC0CKhZ4ajlFLX23KdUNcnPECGIOuWnIJH7SDm3d8zZrvyNABglk0AxVNOLP1KlIgQmkTdh1BmAUMfcHPqFVOWeNA7k80ydpMwSnHnb5IQRSAZu1w9E9XK9TmGGPEt9MjKkVm2PBGmMKkHeMXulNgqXZgmfKIJoDE+ytDo18eT+g8rcvOvo1IiI4SVAzwyhJHw5HT746KPH+3tSsf8ypXkplcWuttjH2sqmmE6nCUfBYw5irCk6BaSKmo4+k7YoGu5NW+z+D6VmMhABnwJGAglRq89NhO7TJQlwVtGXRCEDSI/89PMvKLw+PlXQbzE2Nfg/66djYhG7NGtudUlK7LW7pZsRMpmy3xk7oM8d9aygn+ndKH/lFKF5iqmY1ho4Z8rMTDQ1W3T0rtVVnnOmnGiMSKkbx7aV1bXOzfnxsvpx2NqaHmN4IfE5VRxT3mFq9bdFFNZUG00NvSVRJkpfOEcknQobyAhHZnXoeAQYZe8zW0w1Mr28qKyQbNNlaevBmh3Wo5n0Hk9Pl8OyfvTijpk3Lz74+FvfkuVwurv5+JMXBrZl/fr127/53/2NbdvcvRKWdNUxfMpdp/d7WpUTWfHLgWqTBmr6V41KS8QMBSfFw+sJbUvzcJGa+VDJx2paMUEiklXgXfuPGnav+AQJM0tVLWJtWSJ9AhYAxb7znZ9+8/a11Lf1TTpvJLC0VglPxTxGqWKEQrn23sdWV9r5cpa68yug7Fmiu6+KbW3SbNu2Oo7UBJj9MhVdhNj9QZQKRiAZCFvWSU4gK69WpDymUT9wvcJqShSuHKIN8zmcMuUae+pJm+/M/l14+Lv7e/eh2koGBgoJNYVAm00a0ExFYmT74It/7d//y//cn/5T7968+vrV669+9JOHt6/6+d3D29cPD++ul8vlfN6uV2GaJAkfqWaff/Ly4f71l9//vXRH5ugOlhsh3MfT/UOMTUVZPXelMk/38Ex3f07xJ4UKRaanu3tGhs/ak6rnS0AUE0ZkWacyyl5JTdAjtu3ydDk/nS/b5Ty2CxGLytLa2pbD0kb28FgaEV2mUcczHN4JZMR1XCpyjYBStSLuJ5kQSBciM4u0SeQEoWcYj3t0965CyH68ZAJez5uQ5SKIWsWESEnk2A2FzUyVAMb5fDlfnp4elkUPp/Xp6f78/j5GN43Rt4c3796/fVe5RuEeHvAoEgMZ7qNiGwAMj1HZ6qP/4Z96+Uv//J/6+//od69vvjod1st1S09VCtlH13X9/Itvv333Sq19+vkXfbv61tfF6iRqSxPVHGFKlOA/EuDp9IFSZzqgTEp6zzzQZq0WPu55ZnV2qs3/M+v0mFx2HXhqMm1b5A4CiZS4iCXDTa9CNHgEYYc16mhCZkBlNqKUsJhl9iCbFkiP4T4QrS0jB+fQIjLj2LEs6+l48/rd12/evjqdTqVRFBFWrbvOMZ1lVp+uadZppGRT1YTOoOeiSaV0DJXnwL0j6RnzoiSCy9J6L1m9mFoVytbkYtqamFEjAhj1uwUQUkC6mbUSXajORJlp1RVhxE2zW8VJ5XrtTyO6aKiMqEsQIrKsq4qoWffaYpOgTQhNk4ysDnIC0KbVAZpgM5MMIU2ltCtiBOCFjpGAQsVaM1XUUMgCuCQLsVUBGBkmrdQl2qzOUKoRGQH3onDpFSlVDQAeFVhS+l+qtNYootbUWgI3Nx989zs/31p7utzXlqfWCqO1pra2EamiVC2luyez2uVUMxPpGBuFgjQVSo7Rt+slRmeEgqImpiDcRzLVluPtx21p3R3C1kQWJTnCRVWbEinMlLxumzVNzxjDKFVWYE11WapRZlyHj4FJuXHECEQq1ZqoWlvUjCJBiAoifQz3KAIsPApDrnEWEcyMsY3eTcVExKwu63Vp3Xu/DhBiSoEgBFysnY4Hd4/wh/P96JtIhpdXBVT1hJnV87wua4okUtQyQTW2dri7S9N2PA4fkVhPx6p4R2RF3FYccETsu2G9f4WoZKUM1bRXuOiz+JqI8FRiamvmTQrsQ2PlZc8gjN0gOYlkcmIvZcguIhEz6UdMcl89vgkskmeUuP4HufbrpZ9LqFLTc0w/WE4WFAJOYJxIaxUnGBGh2lZkjt5ffvb5L/zCL/7gh78vsBkThV24X0M85kH5jdypBDRZdzZ3QUFNfZkeypm1WKKReg/BioYvsLWY2bldzb+9zkfVEmrt//CZ5jSTVUSsWcGv9T+VwENUyXRUKX0tS7VamVDA6XSJmdy/n3gyseN685/Oj5fz02JLMDPLW02l1vdderGa1mpQjv2mKYafWpWv9XJFSNYwIZxQdAEEWl6i+REUz6aVuYQ9wkXIqnTAnKcK4Ckw3u1w7KPPjOfMuZlEZlbkUVS9bn2eJYamoEIikKFUrw+WohVZpbK7FNTL/ViEKeedUetNSZO4P1yYbl9RNdPpJFGrGOPSrCdVkBKZkdk9UiCpIppgiqQoxY63d+u6Lse1LevxePrs05effvLhy5cvT3e3urTD6ebug9t1aU3k5ubmb/9fv/m//i//c4I+fFnXdmhtWaJW+WC4Z1ZtIcSMkEhSGX1K4esNC//m0XJ3SOGLSlFVLbUSSpiyv0COWWNc5Ps856mZGZIZMFUmPcYc7Us1q8yYfJqIjNje379TqokJ6RFQMguA9yhn0j5k7uoMMiEqYAgZkWoGTCY3GQIxbUItBw+SfYSPAVDsmzgvgKplJc3J52gZIncyDAAyIpgzmPQZkKwxMCK0tRJ9De+3H36ktvTrpVVNfaKg2Z0BKVEafbY0pDRpy5Ld18MRieFDdJpiyvza3UsfIZBwv/3Wz/2Fv/Sf/9Kv/NLrV1+9efXu1Q++fHz7up/fnx/ePT0+bOfz5fFp9KtIVu7x8PzggxefvvzgRz/8vYe3r5kF7obNdqVAFVpniNBUYnQTWZqO8PAUzLdV5/wUTPFIn6hJqtRX/xyll2RoyZgS8JypHbU7geVr7mOUrcCH5+je++hX3y6jX56e3nuMsfXz4+M0DHgxSTWUhyM8AySyPBKc9KaUrkKek0BL3st0yVkvAGSyVP49xkCUCZ3Rt+wd6awtfB/UAcRwxIAHZqlfR3qUek3Yt2tcr08PD9Lahx99tPX+9PDu8f4BmU2lUpKr9ECAMXyE++hZEUf751hIQu8haoj4/OPbX/sX/sXf+f6rtz/4vUNbuueyLCJIRFsPX3z2na+//tLUbm5ur+cLI5a2du+zbcdTZk1Cqqmg5N0SfpmIFUHCxJhoZjH7K+GIiqSfKQvTIDGJ7wk6VXY0pvCn8iSwo1RVC5hAM02PrW+tWSIj0pbjy09/6uH9mxlKX99TaT4zK5dDKEuzQtM8IyNEl5ef/tTD0/0cloTh5fEzx7hcrwCsmbtnwqzVvaOieHYRceJ/MuNAYx5nIiZ1IU2DiVArBaWqXQIQwj1UZVlPl94/+uiDbdt8hKnOd1+EUoa0Iicq0QGZnkiZmZhgJcKjRKFJspkSAUSGM/Jg7aByaziKCPhw6QMcIgMYKYEIBKlmLcmmttVMBAohyJGhAmtWWRmiFBFtFsHMVM7C5aaKP9AT7EJrhhJEmemy1F2PEtWqRpWViUJStVGo0ip5UY8LAYiVQydmzL9CmLTWWslukNB5B5akgVZIdkDVwv1wOt3efaS6vL3/evMeCdHZzFxUTB9uusxwN4pnQqS1VevxATKqd0WMqioeY/gw0aW1Rq3A6wyO0Smk6eF0d3v3offuvplqePjWmehjJFJNPv7ki88/+/bleql2hqCYmPtArV6RIguoFfurU0MVIhIIbU3aErM3Rj2Som1ZTaRCvUgxa1QVkbasU84h4lEEawV3VskHR2SzFoEMmpmKjVmrFD66UNzj0p82v1RSrbUmoJmpGhS2LJmz5KV7kJJQ0Nq66rq2402IXTq++Jmf++DlZ48PD6Z8enwS2aszd308KEKNhEcoKrq34nrBPV4WmbsBQP6A+FZrfs3YhXkEIMXR1SJaUP8+UeQk7PlsLGVmKvYyiqkiAXcNeV2LJeAU7oQnJkReWca7C5EiKBUjpFTo0+eQ032qYIqIqrbycbdlvfbr+f6elNjb7LknRQEFfvOboW/+a45BFQOVmQoFOK5XgRZVMdH2GQa4UycUkhUO5WNQZOITpSkXagU4lw2rsu1EAih6HWQ5FyK9bkqSu8s7avVJUJIiWjEgmcksHbYBIWJT/8fKyIupBUwy83ncL1GfT0WuZ/0aUlg9RGpo2WkNIgPl+igvY2UPZ4SoyOyNr7j8qARP7KQA59gvFV+ltYE+u09iGlKygpcyIPLy0y+eHt4/c0bCyq0Cp3KUOVmNYAXuCD2inrMMBBMZZgujrtCa2aKwsknbzUylSEBURFj9fEQ1hwPMvQeqPp8QpopMjIQiyqqlqNoEM62QR4UUZkOVBFtrtzc3y/FwczqejjeffPrxF59/8smnL19+9om25XQ6nV4cD+vx5nhcD6vZ8jf/+//h9/7xb+tq67r2bYNgbL3mZltagfRzoC+LYHdyanKmpQlA5trWLF0VUPdHJJra5huFfVybtjGG1FmtGukeoaLPK2AxLlvv3/mp7/7Ut//QD3/we7osE2cDAXhWNG2UIaNUIhWUlpE7vIVvqL1ni62IiNZqmtPyOzUb1JkcWm8kMf9OZI4sqJWmljXW587nAftfEmI0q9kP6fOIUbMko67gKVkmkEZB5HpYR4yew0TLRh8eh5tTeozrRaCIEKGa1VFer+1ku4B6jNbjCqLsm3V8rOuKMld4ZqZasWUyev/gp//Yv/Uf/Wc/94d/5s2rr968evvVD7+83L+J630/P54fH65Pl+16Gb2LJMMLFv3wxQvG+PKH3xuXc6Eh1mxpCiB8pMesV0WaYFEeG+8Odlr0rikF5z4EewdERiJrPRFgaQsJYcwREqXOzzrrM4KZRJSH0FQWayrVYZTIILJ8k6YayOt2OZ/P58vT+fz++vCeHkIclnZzPJGSSBNRNc8Y4VJMBCGcR3JMk0AWtAykitnetJIlsBwjwiN6+mBERkjOl9psQSLGlpGERhI5M0+F9DFG7xGuDESYUMHeR2lXfOuMuD48ecbHn37m0LFdMoa7I+EeKrkuSyZHuo8xhnuP8AgfiHrYgkgV2XpXa5n54an92m/8xg9eP339e//Emm7XoaYi4qO/f/O6OhMe79/H8NbMva/LMqnp3fsrMiN3yKpoGOUjmC6IKlw3HWMkU8j5UgAZYTPCmlMHSEy1ZwXdZKHjEEjJ7mfqPWhNq6e3Tu5as0U0wh8f3qumghG540tIDxUr8NDDywAWAShIDeTD0ztK6myxLSx/2m6zSMXkxHgJodZOXw2YUmgdiSjLHERSZy8C2lQiIdM9QzijJmT2JVURLCnLhx9/PsIPq3nfBCImFQy183gzm05Ek1NEW8YNVRHVpk3qUEeAbJS1mQmZ6R6mupqu2W/heR0euA4PJbX1lBBe3Qs7E2UfPmJkhohNAxohJmZttRUpvgfZotxFWoBXJplCmEUmlUmpEP2EQqV+gYAYVVsbmWkse8BcY6aUQ6nKxVLUCbEm5BhhZjSpRABtVltiMe8qllK58JSSMROH41HM1Josy6Vf3j+9Gb5liGlTsUQIq4XA1FpbD14ycbWIXJaFdW9FFEmF5IgUtdZahCNyWVqNiz6qCiaMbMtS2synh/vt/IiYU6x7WNPWRClmpu0EaO+Xyg+v8B+Y2NKsLaRFJZeXD9Wa2kpVUV2WVWyRCl9SG5GO1LaIakbYcqiY2sPxkGQFa0JIbZmMjLYsIINMUlqjWJ35CVozaUZVgMhQ0YghKvNQyjwsq7V1XzhJEVuMkNGLDqDnOKyn5XADUWvNRbksthwG+fm3vvvi7sXXP/4JEOtimAtw5A4i1DJAUCBmMo8XoNwdNai1slT5fNAKRKzxt7QUlBrVsxqupjEexeTLDmhjkuOF7ORkA6bHpUxTEROYY7H8pbaYf7oEznO8FCls+rAsNe/gGbwn9tF9cgIEx6h6B6hIK0jvej7fv3mr1jyzIOlJ2Bf1QO4wSBEAUuDYrFMqCHwarKNifXLCrHPwJ1lzesb8ITLpOVWPU5NThNEcqKdIBFOxiJrgUWf8PK+jUqPmT0YQCAZBQiVpqqqaRBSrzcK/RagZWYzIXoWt5az3MYSAVoEXMkozuX+cBAQKKyOvmA4P+cZWV5O2ZCQhz3tLHY4RUYpDn8UxMqn4OWUxPEQN8wKLACLCpqZ/FhOC6ZG11dy/e03QaPEceFThJTWOzM2vPvks/LNWzSlRIyhczIYPMSl8eldNYU9UmtzP3P0o8+LczbWFju1QN2uxmFiziKrMULAJXNZBrQLx8EBFX0kTXQ+LNQPkxe3tBy/uPn35sZg+PJ0fL1vCbm/vKLZdelttXdYvf/L13/iv/6tx3TxDRcJH+IjRxSQj3UetK2B1iEJU1uOxuPr9W8xEisiyNDErrWkzRVEBGartN/7ZP/3jr37io4vaVMFV6UeNyqo5c1JDKK21x8v569c/MVWGeIQIo/xoU2KTALVEOgmwVP4BynI85jTaUUQxg0TLTm3PvDlmkWxQZcrn5ktab2YkAjthVOd7AhleT93Uo8lc2Rdro7uKYecfK8hNqBPk20USNRAJZfho6/Ltb33n/uEBWSI4Oz89jq0vtiYSNSgkMzFKxTl3VpAwbaI6hvfNGbtfokaVBMA+XFdFXc99fPFH/8S/+R/85e9+54s3X3/9+tW7n3z/R5f7t9v5/vz0/vz4cL1cx9YzXcswnITg2198lr3/6IffS/cyQbamqpIZ3qt1gUo2xap5ajyYHw3RN2XcntaPb188PF1G0gikU9JE1qU1rTDmyHBmYULQmSlfZn2v1OllaWVXMvJgclCeFr1Z7IPj6WBavb7X0XtkDx8RI2b2zrY9XS+P3rfDYU1g69d5m1QxDSWTKkwGIks2wMJ2cl8b96ORtTNWepeCmeGeVVjj7r1H7+VUD4/L+6+9PyiVlIgtYmSO0n+5b4iQjPQhUuK3sKUpM8NX08vD+eH+4YOPXt6++LCPURR6v16ze6SrmZDDu3tovXIjkTNxSEgwVLR3FzUibxb5Z37j17++6u/+g986NAnPeinEBIGZnqxl5QqKjOGYuBgxsx/qlCZmSSd2yQt3hrlgAc5LpupAZMYf1MeoqvPPcorjCzJQ0fo6Su9aMLOZpGcVpNR7NW1b0/MnUV8Pi+xTU6UjSyKuNiW/yqxcwpkKIiXLEbKC5gqMEpnS/N2Gh2RU9aJVtB2rdibKds+dsxXKYmqqKcnZ6iUiNu8GasyDiYRak/fvv0a6X6+G2WSkKuDe7x0pe9BULQRCTgZs5qkRUTiel2hnEdoel76YKXArfHlovY/KomYzp/YSpQFNm1SwnGB4qJkSklrehWZN2Qoc9gwTA0H7A2oFIVQTWhqPAtREGqgJhTaakipmdVPDZL09US0D6XOPQQX/q8I0dVqxJuJXzT85V57IaKIFW0A1CFMtWZeYrOuSIm1dpS2Z2b1TIGmH9VCnq7CmKJVmRrn2q6iebm4iImKISPQN5Ho6CGSMUWbZpTW1adVUm+6yWUBEKWK5JsJwZ6YoRx/A9AQjnCKtHbbRz+cnVmLnulItIbY0ERkBahNr1pa2Nm0tEwFG5uF41GW15ajSDoej6LIeD+1wZFNRWWyp4FfdLdeqbQQgXI8raMuyguKeNNO26FwAEsK2LEluIxMhYje3d8X8VJeJiC3LISkeEyeaWvpIJEzbejg5QsyOpxe2HGkNqlf3DC5NjfzqB7//6vu/Q98O1ppy9O7uE8CZPbGT/NvB2XlR1aBCAhaAJcLURnpNnPshNBNtyoPD52E/MyvpewrIn2EJRjxnl0BNZE+/KW4yAa31Evssvytz6iec3YHAPkv6/LfncGJM3wHJXXZdm0iWME8pDUVJJKjNY6r4dpW+1zZj1mLqfRIVeYriSPecmVpKarERKXFCwSzclTwZtRsBk7B4XiemiRUlv5t8CEoGLarwpMmHH3507T2Kk6UkA0TTNiNpp7ep8GsVFPYmmenpcwOZKK9mIj2qhMozasDNyMqlV1MIM2FqBZfGCJV9LKPks7EuMyMgnFcFZ1ZTIOExOxNUOSkvByBqwCwIw1R0YY7OhKnBc9JqifKRR0QihJZF9E9IkirG1ECU+hrIChQqbeh+8c3fvFav8lauhwWAj1Hsii3L59/5zuPD+6rNm3sU9sFyBizs/HjtwbUgVqxy9etNuqKohKmPF2WrEYwUsFhEiiByDK+XSs1M7bAejqfT4XQ4nk53t3cff/LSlkOPpLabuxd3Lz6IwGE93Nyebl/c/E9/83/82//7/yaLqVBCMhORWqXRU3QuRdLXKp0IEN1HhE+9V9n8E1sfJNKToDTaYhGhapn+vR99DxhNlzGcxpIJkTQzRJkKpGTYwSi0Mj0m/ZIpIqa2LOsYAyzaXURsQuuTqpFE3N7djd7H8MLN8rnPKCXSaxqLnavm1PkJkcUUN1ui8uf2zMDa1Koouoi13MMSk/Q+Kl/TM0bfTJfczb5Aujv3lVengaSOcara1q/ny1OMYbZUUK+p7tHIUavO8PQYiaLXJl6hogyEx9KWyrYSFVVNz+FV8gNbLACljuv2rV/8k3/+3/1L3/7ik/s3b7768vWrH3359PbNuD6M7fz0+Hg5X/p2jRFNE8jRfVns048/enx4//rrr+boq2hGxAgf1dgFxCJ5s/B2lVWjSTKCpII13V4vZ1PZxkZyabaoLIsFPCKUyBgqBcyLWQmuGDEyxmpqqqKWkZrbacHdajfrSsY2xmX4dYxL75fReyZSA0JoyrwIQCZDEqNv79+/HX0TWndc+/AYhEbAwyOcCdC0okYwI6eKJUYSGdVONYWmAlUzFSHTE8Xd+xhj8+0a7q2tZnZ+eHd5/yr8KmRKZIzuW4YTIRlFG5dME4nr9XI8HmPbvA8S/fr0/t398XS73t5K5uXpDI/0cb1c4LmuBzOL6Dmef9eg0D1yDCCFaTVPqyLyYPlrf/LX3sb6g9/+rdXkch6tVVmvM2uvFSBbsyizw2REJxSIKFLrm7wdmdUgWad3JQBgJ20IJYX6DOYhMypadxK6Ml02BXllFECzh195oaPPKcJFx5Xa/flnmNCMADGyiZSe+3Bou1YssyJZMFeVAnpqAwchirqt52K/e/DEBJFQVdEJnQEyjwTWX6YiJpaB1WgivqMfzVqdSKoKcFo/dm1xJoyViEkRCYdWzhILs4saNIVWm4Zg1n0K2EyYCA97VkiWITmCYEVA+zYWxu2iAHumNA2Vx+6zLkfUtGUUak8hD01tV5hAqdRIbqMP30isS5vq86hMEahKVfflngGtzdSMUELVWh3DkpKO+jvF1CPoQIpWbL01NUOxCoFZc5qh1EjMPmAti7eaWRCVHwrAFis8tK3aRzV7tTllNBNiacta6TrV6qLGJkBCYCrWTCijb6oCkEoVU2EmykhAUqWGjDTTNhNIox681rQtLQPuWbD1xEjVKvsfIm1Z1azS5NrSAN1l182aQYRiFF0Op0S2dV0OB1E53tzs9L0F0NriEdpsWRaKeo4xtvrx2rKKsI8hoLWDLostB1qjyPDq4Iu2rmJNTEVku/al1Y6RtKbLYtZIjNHH9TKl0enLstzd3mX41q/H01HrLi7ZxNKWZRVde2RbV0LOT2dQbu5u3F0kVmNsV7+e4Z0+ovexXdOjmMZavKW+UjADYnR3VMixKoA6Ej3wq7/2ZyLi3duvxIzTLoBEShkoZ3tSSiXnxGzh2UHuGSrAQmkhpSaVEiDWH62fIWcsB+fiUM4+VkRdTY4xmzqIeaARCXeXKeApBSO5hyPLtBzk/C0jVXUBdsiXMflGlNt634P2UX2fXGoORtWuExOeiYgSopQtlUwkdNpbQe76hppPZH4o2PNDSyAd5a3g8z81i6Wtn3v0IQkqWfHn0zhMxCxM3JU4nNks83eb34BU0JMqjB9/+un9w3u1GeCoFGtafiDv7ukEvXeQp9vbCJ+kayUaVcgkEsCU8k80JDNdmn740ceX8xNnxaPE2COgRQv4ZKISB7DzIfVza4mnSze4VuEAACAASURBVF6kIuSI/vLzb/UcY7tUpYWUazlriuButNLaC7VpZZULoh7O2QyJOg8hSlFs2yYizTQcnv3p6TEim1lWDmbddnu1FmZPRcl4uG+p8kwszC/0+aOuL25HIaqOp+6wyETCfdTloaIi2tb1eHtaj6fjzc1yOB1Ot+vxABXocnt39/HLlzc3t6btw48/XLTdv3/8L/+Lv3q9nAOxbX09HlrTUj3WjqptySq4ycIAZaa8JHQiXTMqMTJjhM6gjkAiMtKRAVMbWzfY8BHIcFcREx1bL1Y94L08xwW0FJpPcc+UrHQJqppZRg73utZN2yTV6sKnMOJ6ecpMEa1tDTW/Vg1hjGIWGVDV+WfLJqSIOqFUPSLgmVUqV/lwZRWDUAMRM2QaEakiqrKN7dt/6Kcdvl0uolpvSAbAGTAnZMl/3QcEWZBXqncvOKCeq+qGEys0akfES8Vb1lEUKyjINLPjcQGRGazBrmBbpC3We4ioRHz7F3/9X/+L/8lnL1/cv3v7kx9/9eMf/PDp7dvL49vt8tCfzpeny3be3IdIINI9lmV5+dGLy/n+3dvXu1QhVTJ95OiMoYAJTg0fHOVkYHrj/HwlgxjRhxAjIsd2XO1mtUVSyD46Io7LclybwE2xqJpNoth9JEZbWqaYyHc/XH75D328im+9d4/7y/my+bnHGJG1RpRhhCXRrqNkOswyUQbxzLFdL6Nfq0EpIusdKdxO695AZGDk2MVg5eioIxrPUFHuxjMBqlJtPl8+vG/w6+jn8Dgcb0bfHt98uT2+6+cnIhWS6aaFxCDGKBWckO7u29Bm54fzdr0KyBGP9/flKIWPdIcQydH72DYKDssx3MMHSjeaKYiqduWOJbhXvIIo4ld//U884O7//c2/sxqDKaZMeISpKhHuwpnyW0h3ZfJmQo37bFqXlJCob7ku8sr3j7qtksBcj0lpZsgQq0Zq7JwdQUwAq0jAZGk7PbLU55iJiqx7SiZWXIw/Adq8p5keJBbT1lRErls3syS8TOUU7jgzEmJ7JW3dGybweReLaQUZFBIoZIqcbu+27aKcEIFUgB6EYFNZTUpwVQpSUys9EPfHT4imC2Y72FSxmomZklCdO5a7p0gAFDORCl/KiJpqRGRR47PPkWDSVJisKK962U2kmcUY16uz6QCG6MXrUxcTYwX0MYE0FSVNtEeKaFtafel9bNa0GUu0OVlKSapEZEB3c7toU20m2kDzpDQLQNWQQIpZ80rJr2JKNTVLQWuLVBR07UX1C6mKNUdqa5URVBBkkCgLigqRpS61RSkNgsPplJnhDnJZ2mIrkp6e7lm1z63KWMsvVCx6WmsiOjKXw4HUnKMXIx1ENbypVid9ZndqfS8FvynFlrXZ2sw03YtIKfqiLUZtEeWXMVuPpNZaoNZ0MW3N2mq2lODN1oViNd6sS7PWKG3qAGIAmGYlT6ngWjIDnkHV5XiiSAUKq3KMYUvLjBhBTCBckj5GhkfGtm3LupKSoyNxfXoQQtTG8EKEmbK0NnwU59GWtvVxOp1E9fx0hag1A5AxRngz7dcNEfBte7psl0sOF2GMKNyRJqCK0EuUz0BC1cA9FrMo9kr7FZiZMh8e31yu96hfIapiJSt4mkBNTDUVY2rDsrQ0lYMzS8TIgr0ygUwR9THH/9lNxtlVPI8h7LQBUDkOlVFdvv/MrPwulWkf4s7RZVZNUZ2vwJ55UKyHZioIVS0CuYp+ci8s3TXTU9+CBNIzk1QkqfSI8KCoVhzB84mO/9+/Zg0zC/6vyIKSCGMW9Maeu5xOpOSeZpy7BkrERyepqiIVX/ccjOPP2YtltEClahLU+ok4ATFPVUbk6Jef+4Wfv27b9elCU+8DVQY6Usjhoz6j8lfR6DFqAto55ilDqoxLgUy0J7LKicMTkAyX1lQ0MyJDVBOZY+o1CnLqHstyIGXkllV/FiEQESCSlBHejoc+OiMy9phXkalY3ZU5Klo5HlQZo4Mh5XIS2QluWjOWIGrWSguQEdHa2q/DRKO+8jIaEhmhqj48A1JKjsiaRgpT/+aeq/R2lZl+VIGblIpDnenjAIBwRKRARQXUGWJnputxORw/+uzzFx99cvvh3Xpcb2/vPv7k8w8+/vBwuhWV2xcnQb64ffHX/5v/9u/9n/8HVJCpIuthXZbWe4+M8kNnRrqXnE4rc2Mu1Uz+gVEJDKTMoIZa7ugjM9NEPQaSUal0tXmLJIbsGEwz66OjLNIEpJ7ZveMT9ISPPnqfaQLTD8pwz8iCrIQSyMPpFDHZqlp8laq6iIp7dUdQ1YaPw+FYsZ46/0Gzd6xcBPsEIQAj+vSfYLpHqplhfx90xEhFelZ/XJ1JkS5aD7ZUFHS9zaJKoalG+NzH+Q1NKiJtXVmBjCAJUTOKyf6wAdYsExG59c19cMKsKFJyWawEHdH7Z3/0n/5z/85//PKD03Z+fP3V67evvr5/8+b6+C5869fr5emyXTePMflZ5GLLzWF5fHh3PT+aCIjer8KQyAzPHEuTo/Ku4Wi5KAkY2YTp3ppO51AJnmpCZGYMAUywNDbTdZUKtiDgiVHf4ARdVYCf/cj+zD/1rc8+PPzozcOXb6/uDEh3r2dSKc0akCNKhUEiEqOMAVW3pAoUT5iJpMfYzg/pvi6r2ZIZTQvYrSjDpCCG5/Sv7Ccf9hM4KhhXkAhEuYCKfC6fotSxPi5+fer9uh4Ox8NxXK/j8hSXc25XxFYPRp2qyOy9k2xNgVibmdr1ckHEujQhro9P4V6Fj5dLD0+Qjti2axM9HA4gxvD08qgHEPCUOS2KaB1voEhj/uKf+KV3cfzeP/q7RvRtcHpYGeGqUtKriFBVREzIfLqkMA17nLTzbNur36IOvWRwclCYo5uE8PbmzrML1T0rH0Zmw+vcVyvgyMyQmXSSMVm3+myRtXSwzLWe84uZUo0KiQLp3T1oqlktQtoymVOjuqP/Ijkpa+xwL3VWCBfisgdSB8T0cLyJ3mVXgk6oDQU6zPBD92C5y1AcslItMoFUtiQnIwGKTIDbI1XZTPvmAFJKCCSm2kiEmwoIFU1IqVWTOeO2KACW1pqZzmjUCnWR1pbhGZR2ur3f/FrqpdIygCl0uAgFXNuSkeu6VC+ZFhIeQbPMWNsiotc+5gOCWa6gas/SZTWjKKmelKVpsyg51f5BLmvTZioMhGglfpgubUyRtaoaKtBUq2QAtrSyDnMvclXT9XjTrNXEoqJtbapSQvvwqLScu5u7Zsdkbv3iCDWdsvvKGEj4GK01a/NbtOrONDscjx6j+hMWUyFtNVVpbRnb0EMJeBAMU1PTZV3EtHpdPULVallelyUpGUZrtq62LG1ZTRdbj4fjgUq1xpJxBmh6czqBXA+H5XAgRW0ZTw9xeddi80y0tq4r0t1d1VRMmmYKbanQWSEQNY2PGCOu2xg9Rkcmwis5cQ9w05Q8Hk5CZh/b05MgkL4sZm1NSO8j3E1wczr2Pk7r+qu//EtC/frrrzz8et2a2emwnJ8e+/VSLRZKkmoi2/Xcmrp3EV0Pq48A1ZalVN5zMslcl9XdMzNicLfr1iStpvVfkXK9Pvp5A9isKdS9F6JXpRAiMkaQkvvoOcsGpCipHfeWXaQ9WQZO5Uq9uiIZoEipjMvIo5RZAzm1nqyVErOPAsmZKQ4WgUCwwtFA1chI3wUhADJFqdV5W3dp/ZjzTyI5yVAmuB6OHoORhFTUStZ0MYEEzON4CjSfSQ9MTWatQc+oBee9Ve+7e4hasxIjJUuyjznYLq3VEDMzkoEMb9bmyDIbw+p1r7T+53e/zBfEHsCfBMplrfbll19GD6EM9xqe0mt4jEqo3b0G7JdrXVE1cnHmv8+Q5ch0H6UeS09RzZGjd9MiXCqWJ0Compl4jJvbu7YuvV+ttdJzl4F5IrAJK+mFUNSQcjk/+aXXIoHnJ3bKeEsBAEQs61oUObIcukJKAQ9SwS9AuKMSORJkFrOBMo+T7h0JMx3DoRBr0hiek2N0V9NILw69bhHKzNcurN3Uyq9GiuhMfSoMfsq0qJmoGFefChq1w2E93ZxevLi5uxNr1mxEtvV4c/dxa6dL99PxtB7acT3833/77/z1v/bXKqm4Uv0u18v1ukXlGVVhA0pBKBGjJE2qAkHfNoo8m+VLAyAqPnpkCGRCf8pEFFMgZpmgqGrt+fLtn/qZ8/Uytq0kzpiWf5kOsPSIUgiUXG7P+fKsdpiRA5lFwZMIj/VwuLv78P7+7f5WxkQfMyN9l9BMmPzm7o7J7XIWsWpXqdgtmdEXoqokrv364sNPDsfj49NDa0tOMUHRbVEaAdPlen4cWy9Lo2eKwFo7HE+jbzm7DnL2iIlkZO9dZ5yhJiBlaOA3EjHvvucWpEeMcE4AuljIEBF31yRnauFMTC9snOGf/uwf//N/8a98fLdu5/evX715++rV9f7d/ZvXEb1fr9fzY79eIroIM4aJHJdF6Jfzw7hcROju27ZppkQIs0meGj49LneWq6AxFdlA0yRYkVhj63v+QAKZPpBARqOuBitNYgQimPQk4Ko0IWjC/KPfOv25P/ULP/+tj/7WP/j+3/qdr97eb+l5XNa8bu5dJl3zTQhSnTD1eSGyDn+dlBRmCVpOinX089iehJU5m5k+02J9YK+NnE9GJCr0bY9amATpPKQju3Mq8Ed6iIi2pq0Jdbs8XZ8ekSjQx7ctrle/XC7v31zuX8d2VQhKUpiYCEypCJqN7YwMVVB4fXqKCLEmapEe3uGDyN6vGXF7c5OZnkMAhpdmey9HB8hmlgFPqNKQv/Jrv/I+jv/k7/7mYdGxdTMhMkbUsdP7Jiov7j7cepc6m5GUWZs1seYaCSVlN8UJhLTMQqJYKzmJ9FiPt//Sn/6zv/M7/3iMXjFZk3iv8P6Z8jz/zDxe4EjUBqNCZM5vp15Jyh/AzkIpKjDu+j1FEmM4IazqsRkdWD8+PEIEopVRL/tNNr9PZpYXQqSy1PJ6vYjMIQXJCXnl9Aej+m/nyypW2kuRyo161ioPd5FGkhmCrGF7WdWkqjPJqSgWq/gTRgluKyGUJbzJ4pnKXcHFVFkC6BRUMlxkIpgDPPe4emwEyZEhSVGpUCqBKDGd9JAAg3CP7l1FkfGr3/1wTX8Iq+FKbCmimWZQyfpVVUlVaxBS1Q6HoJhKjGRSlFCxdQlCm4iqQKnaloamttpyPMSILCOKTrZHtBimLMVxaUG1LXe3HzZbEq7WQEXBIGoZMJN1XZblcHv7gar17dK3DoGxgoYgzVqzzGgqy2KF+ZapOjOU0pbFh5M8rGsC67Icbw7LuroHhOthJSIjRt8QsSwqFdjVR5Vhi9LUlrYmqcvSbo7r6UZn3HO01qwttKruiwRUGkl3F52BFZmgysK8/Pj37fLml7/48Gc++/D7X73yEFDcw0eaKYTalmqASfe4XsO7qWTEdrmIMMOBUGTfrhljRvQCZBrt7u7usLTt8SH8Uu9WlSw21eO6NpXTYQn31ux0Wt68/vqHP/6yNRNRH+5ju14vHilCQfR+id4lcXs8mlAymrZMF9J7J3Js2xg9esQYNTqWHM7TZR+ztPzlFKnAMWXkjJzxjMPx5rAet36ZshVSqMndjySgzLQUxSQUJ0gBcj/BWaNpzNdmgsVTXFehiyUu2OG7nVurx6++QXIeCPXWc79twJILlEiUE4nQHSdIaGuHQHIGW06WuDwMlQVUh+nt3Qe9X30MUWXZSArELlSzUipUPIKY2eKBpKK+32qqmnBxHSO5xzNXRRtImeG1z6aAsr+PGhESWsmdkPCororcQY4JrxaD5jNmpVzbhKT7PBgLZy2cJinJyiut0I/p45694pxQCLNOWApz1G6ToqbTgc5MD5RD3+oyKNcXlO6eI4lCN3Qa+bVRzaPnGJUtWOHiwnKeFYormeg+EqGi9TZGzMyZ3caBSUlwCv599yTU1FXbyowAok7Jl6iaVvUPCngk1bQtldm8B8dSbl/cgqIm/bKB1GX2vlQjLPS5RxMCyTLR5B+4KEUjsziLWv2e1amVXjfJC1GYrsfT8ebueHO3Hm8gps1aO97c3t3c3CVwOh1vbg63h8P5/vxX/9O//O7Vq0BU70+pcoWKZ54sva0LTRNOaDkXpNqmSKGCCHh9kogUYaXHJBHlYw4vyNMmgoJ5aQM9/P7xnfdrmRczZ5I6jLPDNUNZ1prJ4JdIgHvXRc51fE4GxfA8Pd4LTedvMTH0TPfwMn9TwYSoPp4fw4eoQrL4MQ+fb/IUSlakaluOx+v1nJFmLSNHCc/IZV1LWYcRzRZTGz4SKYWsJVSl915wRbjPHonMzJl9QmF4TkPLDKdLj5HhooZKm5/JZVG2zYhID2uNyAJ8J1sYUeCpisD9g+/8/L/67/2Vz17eaVzfv37/4+/94PH+3dPjQ9+2MbbL09PYzhXLkBkUWcwY43J5QI764ny4ERFujLsFn9+uHx1kbUH4orouNkd838Ppe5cy7akA9D12oXDTpoaM8OF9KNiakWmViD+2Fyv+zK/+7Hc+Ov6tv/e7v/X7928vmd4zLzfH9vLu+PKm/cznH/yR73764ub0busjovcRDo98jvQCp08s99iZZ/F5oGLLEOHn8/ver02XBMJLvqm1lxYcMm+WOr4n3lID4AywqXG2YmgwHEh3z3QyqbIuB7PV+3U7P43eEbltPbwzPfoY16f++LA9PG7Xp4hQFZDX7Qrm8XRMj0y/Xi4ikhHh3QNqtrQmROTwHJzqJh5PJxUbvhG5k1XiHuFBpJJqJOmgEAvGL//xX/n6qj/4h3//2Hi9XpvsYp9IU22mVaIogSgGDERBblJupOSejVMBCWIikOpXeQ5gyHQRGb79g//n75mkWRsxhEqVjExE5diq7DBeeADVhzvF/5W9QNYFL/tSjJiaJ5FUFa0QIQhUoDKisAJEaQ32wO/6SYvnraGg9IGB9NldyPSwRZHUZVFahZ6RqI90+rgKW6zWxgjVgvlCRE1N6oLA1P9wb8MwbSoEotbOZtqaDXdPaKUJk6raVAMe6UkxCqhlqMaUEIPKxeyw2NrkoHZaGpHu8ByzkkgWyOIZjgimR2FfkhTPSMBEFWoCkL17GRhqk1CVAP+VP/mLn3384re+96rCnGlaqqwUnS+DCVkdLY2mUIXq1kfVE4mWI1YoVrUApGT+f0y9S6wuWZYe9H1rrb3j/8/jvjJvZlVlubqrqsvd7qLbbbeMeVjtgYVAFiDxEEIgMcAMzIQJEgwtEDAAYU9gwGvqAchigixLhgFCyJaFjGl3W26Mq7qeXZlV+biPc/4/IvZai8Hacct3kMpU3nvuOfFH7Fjre4pRHUlrUQabKN1MxYwGKGImoqAqVKtMqzVCPMfu1/CoIIfT6dz6MiLL+EZqZKzb9Xp9GPtWeFkZTkTkfLMIKVW3U1EFrWVOS56qumdlMyw3i1LUTIB9XTMhgojh6+bufEeDByvptfUOyhh7a205ndvNia1Ls0qeUzVVE3JbL6hEZqm8ViehvQszMh7ePnhE7mP/7Kctd4TSuG/XLy57oFlrILS1tnSKjX34tvu6ZowcXjznGHvBtOGRPhCuBJmxbxnJjH3bfFsvj68ub95cHt5m+rqFmN3d3xG8rpsRt6e+D3/78IiM6/W6bZsIYuRlvVbojnsIOWKbjxbClDG2fV2366Mw3X27Xgs1i0iZfZehoq0bIe7eRAsRrqSTGooiQ1gJjXOeUZXd9xhbuAunJ3xedxP3OgdmTFZk4W4FwM2+gPkSRAltKkvxHXRe0ukA00wziyDMw35UAKsmMmLEhD/n3lFfRI6IkDIy1bDFIqCPQioilLIUwag1UR2K7prmtElZDa6PbxFotqg191GryiGqwAwwZMXyqMzSiop8nuEBSFaYF4rzSEy0IIGqBkg/YPs6ygsuAynL0koLVUYfJNvSKP9IzVC9NcMrfUXVyhbnM+mdT549FZUMh3DG2wOlv6wpjXgnGT8u0KSHCq3EPJ0LLZ88e2X/ZPHEWSn3GRSpw3SSI5N7he/DPe6e3r/94gtEqJqHI5MK+FRezTcc6OHzcwP22DPzQIHmeM9DGjJf8Im6PgRJVdFkJrzUwyVomXR2vS3fBUqViV5wKM8IYWSCuDw8ZIRpa4stp75uo8gMCCqIQ2el4lxESkUPkmYxvWW1G85ktOI4SKIQTZKivZ9O55vldGttEe3L+ebu9v7Jk2dPnj3r55snT+7u7043p2bW/rO/8B//3t/526qSDBHN4RSl8ogiBinIuLt/7+tf/+WPf/IjqYTsxNFrXXVvNc3PGPc81BFaKuuMqUpDsTdeWjUEtJmxGodm+8x8Vc9lm/PtTVG1CH+XrU+Uc3qKvAWiorMZ5HiIVIp/gKp69Tq9S53C9NTIzPuTSabkhKAAVHlh9YaamZJvX7+KEU2tLPKoMPhMkLGP9LKSMxWRoEMOD0n4+HlocY059aBWugjFI+oWLT0YWRKvVGtmzccoom5aF4TCWVOqIpM3UNY3DJFaOYRYnn/1z/65//CrX3lP/bpeth989/tvPv98Wx+39bpdr9fHx+16Cd8E6T5U7bQs6ddte4CPEiVF5Klrhi8cH97y5Y3cL9aVjdmbqQnBqo5UhUAlvQorVLRY1PKATj4wS18VjFzMVDiGl8nEhE+63J3s409f/b8//PztBnj4WJfel2UR5LheXjxZfvEXvvz+yw8+ff36u3/wk22gWWutizA5D47KPPayecQgpDbmOlMm1ZvJxL7t+/qg5HK6EWoxfkKrsy8zMxlZ52HdxxMCr4NU5vG4U6I6YarWjJkJpym1SzuJ2r6t1TzividTxMpdEr6vD28vb1+vj2+Rrgrf9svj475tTVKZY4ymygQzm6ogTTJ8E8lunWJj7GNsS7emrVitqKid+WoimKhM+gn6aFN++zf/6E9erT/+vd/tRk90s8iKB2JSt3UtG0kJNObjwgpVIWaZA2Qm/5AJVY0YFWNTKXhgjhG9dRUR0RmPXO8mgYqO6gMmPFxFZqpdwewi8wVXYcxlSMt5CwlJJgmBKHXG34l4DSCFK9RBImVZJaa6abaPH89g0XETWiprTUGA1oTVJzAjOiKLQJ4gDKv+RkWIAGYLrlG6aDCTWtFvQiWh1ZxbVwehSqNK020MBNUEOdXSJurhRPlTW0UGsPqGlQDM9NzbQrmB32ucW3O0dR+1rZothHpiRNAQsy9m2heSEGqztrSFQlUBVFSi9qSSXrTzd3762Y8+f7OhIUsxhQQglpAgy6qvoigxirWkZhZdIQBNjWIQqvWKMnJPLYccodKRQIg1O2yEgmSzqokpRp1tMTEz6wA89nJmiKq1ttzctmUhuA8v/pWR+3Y9tIvsrZ+Ws7UW7t0k3QUF2jFFaCImTDS11ntEiKKbUoxkX3r6bpJKjm3kcBWI2iEAp5lRxCoCWYUCM0tIWgMFlNashA4Ip0fsm0r6vvvYq4Y+xhDJsW8xnITkyP3i14fl5tbZ3mzx+WWYnbS1JNWsjv0IZwzfHrU6miLCPcMzs4ns2yY+JCJjj9gROda18CTmqNryHENSmiqtpLPhHkb7hQ+e3ai8vqzWy2oBEXbrYipizVRJg94sCyIEiXTC1+tVgPQx9s0jRnW8yPEwApGjnEWJcB/hw6wvbVHTbd+LmawyDxRWWNgqSwbjFe9Tr7b0tNaK84+MaaYt1P8fVePg0B/imDCL2TvSwJWsNHv3CFQlKxI5qfQEQKM2U/dDSs6pA5CcqbSF+UfMI/Hocy1SxeegSSqtAUnV9Cl5mffnlDYDnu/m7Ao0r1f+dA7LlHGmVw3w/ALpZTmtEFit5OXhQyjptaJk/pzCKJB1HsfzKJ1KHrDMmruD0Mo3EC7n1pe+XtfSsqjS9+3lh1/+8IOPPvvsk7pB5h9mNZPovq3IqZgV00p/yyj9DYiQdwna8/U8OfumVryzsvqii3CviGE5EtlBTJqslQ1lWjdLL00K1ZqItm5wR1a/7Ew7Y+1lWoF3LJHAhNMnqZpHLGMtW/Pr8wiew7zFkGC5EoaPAzSpJeEQygJlyCq9wQgvinyun8Wbk767qWUy3JeTXi+biM7RtvaEupQ14gNlGJ16WynaECoqwphCdEjSbGZoF+nWejufzv10bsuynM+n8+17L1++//Llk6dP+tLfe/n8/u50ezp1W/7Sf/5f/B9/9X/ppxbpJnR3ERHTDISHWNXGQcQu28Onn/2km5o0EZnu8ndmtXBStMKvUB/izC0t+4qKziqugurdpz2PDISqeniMmfhRixfzkDKTpERGwBMsaYm7Z0RrDYCIHLm0daUzw3HE6s26wVo5MItTKOpRsqvSBeG4o+pG1uJS2tL3InBL1AubUPNc9rSEUD48eYyJzLF7rSEZMSV/c8mcvrgJUHAigjmdTeWbq9AsZKSYiGgVdNRxplqxIZkxvVAzMw2BgyIw04RkuN6+92f+zX/vW9/8Wq6P2+XxB9/5/hc/+2mMq2/b9Xp5fHgc6xXhyoh0FV16j33dr5cMj3qMMlSkG1/c6Jfv9O7EyH3EWFp7+fwZM7dtHz5EqKKF85e/bwouE0Q21VM/NVNkGMgMhsvBB8d0oPK+KxBvr+5pJuyCiN26GTo8707y9K49f/Gk3T7d5XTdxrquIq0edK/Yw9amjFO1L3d3T14Ue4PJf3IKQnn8uwiQ+3rdt4uImLWIygEre38l7QYIyYpcZFmFJzkQ5SBFTrdYvpu5K7OlHB3L+cZa27dVKywrIik5EDHmvOpb7Nu+Xn27dpNu6tu+Xa5NjcyMODUzZFd0E5Msyws4W1C6yNh3FenLQki9vDJDK1FnQixZnUoJCHnT+Ku/8Wvf+YNXn3//O4rY102kko5r1GI/nYoRUtWK8tDS5BUDj0OqCMKhUqnBLio5syoTpAo9PZG7O9/BMJgJG0W21Io5SegJlQnBPCJHk0BSzNKRETopmJSkNKMumwAAIABJREFUmU5gbWaxzrysQsxNLSJVoKIV8gOkKDPqFtUpKCjTbsB0erdEKaJjRMnEi09TEWn1Nx+Me8IEolBVgQjQKM3EPfeoitYjAJFBERBeIfHUAt5FtJpPPFEgBSgpSNDEyjwLShJgNpWmVvGCC/ybL/SXXp4/efX4uMMzQmC2dF0iePXLyB2o8DIxa2UfFkJVT62LScae6WI66hjNKKGOqr3d98se3ay3RopXu0uF96uyGUUjQVWIqPYoTY2JmiIBkeXUrfWckw5VjEptCtEElUoBtOQFykiTyn2ZF7cvTcyy4k+iUA42UbOGoj0jHFHFAzGqZTwyUkRNpfcOpLV2e3sbvvsYqmLWI7MtnSZ3t7fhIUwjM8bN0kwYw0XYVNKDGNvqGdH03UxsbenWe1uWqOoXAQAzq/FRl4ayCoczEsPHNmIf8EEGEeUkhKfv+75u6d6b5noZ6zXWdR9bQdrLci5dhXsMD2mmyli37fGxyOOIvV6hzbSZRLgK4YNMFYzwIvDTXTlNrcRs9727Pd/dngq6Wq9Dzc6Lfeujl7e9fe/HPzEyEtfrOoafl5OJIIagANZSGIaPoVLW01iaZKVtBnpfKpYjhpeLLTNUCh8Bkc2aipbC3MOtHvgSckdmpBDuo/a8AJUo60tNcSDH7lJx+zVJzl81taFMugVsZwVbFQxe4otCBQpnfvfog+XMRAmK4BlRXtnq6OacoSmo8PksCwDn63u+h3+eDz1VM2BCAZv8PpFVklWskzBmJQdKtYrJUJeUp54RqiiFFQleby85fIcyi1gPRxRnllbMqPIDqymIdkqDpH5bdZP13isMx2MKlwuvBeDDt3UTkiaiYmalK3n98Co8CJlsaeGn5FaRT7PpVuYehkPof9iEZ1DaDHQrOYYSDGZbbN22VnXoGVIUkQhzYsDV1joHuTEtFaXYrHlbmwpl3daoIrNSZZMV0DVyeLgprXUvURrKm6qB2ZA+V7L599WPIAeoHax88nKvUCLLZDNF2UQFRmRmqigBUaNIHiNO3XN5TCCZVRicJMMj1pjjQ8y+ACQzAjJjlI78T8nMjJyJ9zF1tmqs5g4Skckqulfrp1NblhSDtfsnz5+8ePHi5cvbu1uKvvzgxZO707J0Ef2v/su/+L/9z3/lfHPaxz5bP4/Yhnc7JxNCdR9z26Fu+6BqjD0iQa2tSSCE9NZFpTbS1ntGUElI8aERgXQA5d0sCYWXmaOK/RBmploTTgRSp96snNmZCC31OAICkbrUcYgDUOGMUVptsBJ+WH+1gKBAMkJMlRLhNUCU4YyU+paArCgmbQ2R7i4glUw68riDD9VtfW5FJdRunGQlgJtQyz/jdU+6u1BmkDlnlEApE8JrSzkW08xj6M+c+VSUihAtlTumAIwzfLVsQmytB0g42s1v/ev/7h//zT+usQnzh9/7wc8+/oPYrwh/vDxeHh7261UQRIYPUZ5aT998v2QMH0O7CYCIk8nL+/78hE6YtHVdr9t1Mbld7NS4j809Afal7It7wbUlUiSitjwltHLNJZvpiEGmKJFBovd+syyVNNKsmSRiB7P1RmREvv/09isfPv3g/Wc0c+FwMNHN7u6ePlwu6+6R4sNLO9l7J2X4HmPzuM5o4To3CsAVJuJA/DOBjPH4+CZ9LO1sqvvYkBHJSjQWiIl4uM0AhTgwFBzyGdYzHpM4cCGbWR2Y+1iX0/n29n67PlQkTg2gkeFjfh0iTQX78G0V8twaAtv10k0Z2SSVnhjdeHNqp4VKbOumTRY105Y+hq9A9n6iMGLoXK5LCVkVnlQRBJKq5N25feuP/sY/+Ic/fvvxj1VRImyResrz9u6+WbteH6R0HUJrM7gMUwolhY6LsHqqhqcIU2KauuRIU6gj0JQZPilSMdF6eCODlaSZIKd8dUJtPA5kQpIQNJvfYkntWU+fiKiMzEq4LMCfidYsqpKZMhHgIitErBnAkWNS5fVEJzLTzCC+7tuynJvZtm5Ztbj1GzwLUUdWSxfajAeQxdqpaVfJxCjyqIJ0Dr6iGiNMVFVGvUsgw3NaVYRUySnKtTbTUgp+rFw6GCFANz0pv/Wlu7uTffdnl8ctBoIUkWbSBvzB16xAQ6rAKnSbAhUxlWYm1BHjtCygbKOAQQEoah7usdctGSkhRVkYzDIrtEACKWbWGkVodpi5CEBUW2/nu9sErXfry767mVXltjSLInoEVQ+qAlOtXEQTIxUKUY1p6vHaXESktT5FEJOYT0Q5Ynarvohk710MpIYPIFTpY3Sz5XSiUls73d7U6V7vNgWMaQjftkKYLw+XcvVmRgW0AqmibTn10w2pFTTR+oIiE0fs+26qAGLdJJPh+/ZIopvG2M0kw8e+ITPcfd+YTmRjbttVkJZiQmtm1goU8pwiRmsqhK9XQUjC993HkHIHZoTv6cP33dchdYiHWxNVZVRZrJc8Fem1OZtwvV6Xc/cIKu/ub7bL9pNPfvrp558vqqW38cjTaSFk33YfHu4OH7G579u+mZqoug8R5j72fasmkwR8DN82VsKmConKs1YQCBXZY/jYK/0vM8ODwshMgTYd7iJ5FHTOzbneaFmxIiJk+iiJ7EzSpAqiXOaircrmEiJRPVgTu0QZOlXqEw2RmvyqODbeEf4H14lAViR0zNaYyS9wupGQOEqySBYLyFkjUF9BpbUjr4yq1lvPcK94k9qMKOXIPYJ5ZGKCwhnd4Enw/ZcfXNc19qODCaliE1BH2VTz/v6p+/B3qSMVdsN3Iy2zIuXr7kpYa9u6pTtF5gLFn0+44Wm9teW0b5uAQgmPsbsWnqdiQs4Q5SMpmceomJlew0rp+IphxMy3rBltcrjMSB/7y4++KmrXx4c55B18K4CJ1quczsuciSInt80JMoWHJHyM+j6oyEDVhcDDfbSb0y//yrc/+elP0ucbEHP9k6Pda4bw4tBfYWqrUHRY2Vbrk84yqtRkAKRAyoSegE5UN1AVCBWcUDstj8CQ4poSmHkOJQlJlPyVwGxjKCqi1t+ZZl0fVgT83Yo3Hd0lXElSxFSNorYsspz7ze398xdPX7y4uXuqvbelv/fs/rTY7c3t+nj5i//Jf/Q3/vpfW06n3YfJBI+Jwhnqwci5HU0xGFiWbsmCVUrHjyMGsaKQSnfdzJI54B5lU2d4qKIWFM6YnfrZUSKB9ErCTp1NW6kmpsoKAyWQWQncFN1jQ1BFPGLWiAU8Yj6CEaQ0bZmAwFrNDQXb5Sx99ahQspzvX50PMyKlyqlKKpBE4Z9IoFSnJTLN+luPgF0eOzwBd7dmFHX32m1qFZzaxwq2zqnUP4icLOkTVUARkZhFyrPOIjxImGrMx5nHSDMzn0amiQbqyNc/9s/9G//Ub/1Wbg+C/OyTn3328R9cL28huV+3t2/e7NsVvgsR4Wpydzr7fvH9UTKQ0XorTvbU5XaRxnF5fNzHuOldgXWs5y63iz25ax995WVrVrZLIML3UkgPL2GPZCJij3Cp0JsxKtWhejVM5dwXpY4YPkPTs1TA7j72fd8GkJC8rNvDw/r5F48//tFPf/bZq0+/ePPpF69fv3l73VaCpIWP9FQFEWMfESPHNjV8eegPw4GqBC1de/nJkgIR7vu6bQ+FV9EaohSDPz+PPEaFJ1JqostCKNKn+B6cnyEzCNQLSSiSYr2dz+d9X2PbC+bNQ9sW7hGuhNVYvY8YIxE1dveuplBLxDg3fXYjX3nZTx0BPZ0Wd5e6XSMzfYx3uwcwnbWJSj5Dsoz7xXBmPrnp3/j1P/bbf/t3x5tPhRxjb1KgAzzcfWclJqgIqXPfFGFFggpRLbAiJiZa75EowkSL/pWlL5R3qH9V/87nB4HwI5A7UTW49cBNJk4mm12QUwJLX8xs33ehKqQgawr2mCx8DbJIZIZYPewKqA+vU52T2JWCHooG0sojp5hIIJ4+e/FP/5O/9clPP2lmkTVbF8+Jd68vERBU0RJ8REZv1kS6mkfu0yEmdYaqNtTPnlBqoupRCpWklUB8vogVlG7NqCkpUgnadVFSEwTO1m57f/Nm/YNX+9shKRqIgfSkA04f6aRo+XatCSVnJnoN6rNO0ZpuY3gyWeVlUnS6it2e+9JPDgkiinUULQ8kSIpYWzyF2sCEsC9LvZqookvLlHC0pe1jAGnNKAKdr1Vt0rodJcTHGJWsvmFVpRozDGxmzYxCbWbNCizg1PKTJXk3ra2mtd56i3ARKCbSivDWzEyX5SSqy9JI3bf1fHtGJGPXiIXhjw/d1FQSIc08kgGduKyKNW2NLCeuGTXGht3JNJ2Dw7iuhmREO7X7J/e+77FtrLoPDyKYGftobRIdYx8yqd5QIzlxdYqK6XLTIyKGp0eMPUaE79MX44kIxkgf+3rNMTAGIlJSRfdtjX3ncGCKSo7AImfKPvZ9BEmvP5Kxb3sw4f7HvvVRV317Wc3k5nQekdfr1UTUmntsY810VNqfe2EKCJ/bqcjY9zF2KV8qUccFkyVDzYS7E+/SL+tDT6lyhmTJaqY9IPPIbEhRkhKRYFrT2ixQ+fDFl6sAWV6iJGZoOKY3WOs4RikiJSFHcgyTgph5PN3aPIpr2injUHjUER2Zc4B9x73n0b+H1puQ6T6JyPkXQsl2cJ4IL+4mKuB/NpV41jSRKC0Q5r2iFTlS4F88Pr7NiGatsGZSvLKQEmQAgpR9W92HiVEmGHXMrxNemitOZqV6jTFUqqSSxLvh5IBtvARmngXLIBGAsBzCc+4RYV3JEjPPwoV3kCSJLIdoeaFKlTrj2lBlp1QRKh+ub9bHh86Wc82a1yTC5xg0RrO2bVsRtjimngO0CeGseqtR1YfL0YbQl5aIx/US2ybacFAi02NQsREsv19yNt3I3Bzz51XzYAWMhojGtKFU+GvWHVPvN3hx75Mfny/ayrxL5pEhxZyBEcVIBA5cv6JFiYqUQV1hU0p5TFBJ+axUaVQeOac7mSyMFSJBajNtN8vt7d2zF8vtze3TJ+998N6LJ3f397cffvDe7/3d3/5L/+lf+O7v/r3eln3bWptsVd08JYTXujlrKWK9vI+eNSYyCtSvBmgGKMxJdHqh7Ov18pWvfvXm5u7161flR01kBSUlpjqQxxwBRDkaq/e0gJ+MCPdK2CukLkmBRI460ZZ+8hgFEcWUDBbYhqbdetvGHl79TbLvY95CWSqeFFWyyubeAcPFfIQQZOWdMSslOmrEl0n3yfytwgou17qpUMieSF86VPd1VZmSHpC1LgJeX0mmfSJUrZAwUvpyykydYELOxoj6NIQZzgmHVO+plsaxdsiyTLrHt//0v/jP/kv/mm+P++X6xWdf/OR733/1+c8YMfb17esv9nXLsYnmCD+dlq9+6eV6ebuvDxEDEU3VfSjzxkwljJGjRtW8uemJoOrTp7dPb/uLZzfvvffk+bPbLgEflUJdPzvBMcbp1FXg7iW7cffMqOgnjzThqXc1DYSw9BcDkQgfI6aqSZTAPsZ6GevqmQzB7r6OsW37uu0kPWLbVwIiKUyp9EcKhAnWXmF1yaZsNCezOpdxAFOuxvTLwyuPzVSIGD4ynMyxr5kuRzBUQR1VkKdiaoJMnZk+NaVUM+9AdQsqYuxsrS2Lbxs8WIFvGeWczgyURyUi3EXQWuvLopp0XzSXJuceL+/7195fvvpEzi1HGrSNbXf34UPE5uzru6m11oZXGm3F+KAeK0SIqgdSNDOfPjt/+Ze//Xf+5t/CduEMorcpiw0200JhkWQyfYIYlQsxw/6Tp9aQ8NnIHlFS19lJN/sWawVh1diVFxBCQFUiSuBfw3u90UtmlJW+ppMAj0RWYmN6muC8tKrICTikaFJQxCOE0dvp177xh9+8eRzlO5nPcslrM2cmNFErDY8WOGA5nX/lV/+xf/APfk9V9710XOnu5+XUlhvPvYCtA8giAbNuQqvjfrqUKcKsADrMtcS0q4qXkleIhJmhYIsERMxapjSzOslEp7IOiNqXu0pXmLQRdtnpzBB4IqnVG+ZwoQqamhHStNi2CoOaJ1pEWmuR6RGiSmVQYdKsiVoXf3bqq2OYOUNtcUqqBKT2BNEGEkrTTkCbgZRKbG+6LOcsgEuLBJzi1TnzCU0bUuiITG1iTYo2r1ehWpt3l1FNWM5D1To9zEwElYJFj96sLwrN1nvdOd20W8uEKXtXAk1k2/c6c2rtNqUQ6eO09NbQ4RqhrYAnhsfYx9IbtTlo55P0Xh+zCMNH7DszrBJPIxDIEYzRmwhyvV7W6zX3oZnp2z62iGCgGlECoKDbEhGnZRHSurTWRFtktt6st0SOMTJybJuZJaKWaZLhw7eNPiIcOVDV1hGMHGPECGbNuyV25XD3MWYJM6e+f/fY9s0Uvm+Z0ayraTf75PPXI9JUd993995UBb4NJTGcRPpIDxNVK/kqArnto16CR7dmtRf4vu8iWsdZLd5mSgpn01YoCWQM76LpvrSmwowsNTYSLPXwCAGtiQ+PEcUMDI867iKy5NvpWXLHaiScja8xvV6Y7qNZ5FtouEAihlKWtrQml/VilJ1DKQDUzD1qJCgAqYDM+sqqOkUos+6DrLro+ruQSu04yszqdVFYMg4hBcjWdf7PYvlNRZRgePqMzNcMZABa6HqBScU5BITwsjmO1tQ9RLXqLDInT00csRWZEOZe2SYzf55AHXl5QFxV2XG6PcV8D1WUYWSGiHHG/KS7p1d0wNQCTfFTAW3VFTDtnuWbK2KDmLxw1iIhtBxZ3uURg4BgRg2gfI0iKlow8hRsUA6BEcmq3Ovh+/nJk3W7NrVSf0R6xaaPzdfHB7NGYAyfuyORiPpx5zcpU7dQChAkKnmBFbsEllSssNnM9BGqUuXCRVPUqmpN+6lHIHksJF6t1Cw1bYkRCgEuZRQn7lUyTU6hVG2E4bV7HrIcIguNrlgTiOoMh1Kp9GtA+2npt3fL+ebu2fPbp0/vnjy9u7979vTpey9e5L7+5f/hv/2f/vv/5uHVG2jft703E5Vq6alPcGJ4gKmWplDEIjPdDyFdMQJSnFIRfIkswp3QyLDWPGJ4vH3z2mbzC1hFP9XaNt+R1lqvIFRtRxln/bB1bevMyGQRIkUaIoRi2s2EwIgQo9enlqBIazY8MjLTJ30jUl9k6moS0FJxB+s5lRlQDAAprbUsq0lpN3OaDoXisR/9JsUozE+gSJiq3M6A7zsAFZtUXH1tEjjw+2QmKyeAhcl6qNrYdjndWV9yvzbtHk6xagnMqXmYR4ZZ0SOZ6VRGVhh5fukP/+a/8G/9eZMc67Zd189+8uNXn39SotK3D2/362OOtUD65fb2G7/41Tevfvbw6ovebd88fJhSFU1ViLGNSme5OXdtoO/MXLo9uzm9//T09Mlyd9tvzvbi6flrH31wOi/75uk1XyHDT6deU1blqDqimaoAAQG7mofv+54xo5+aiCqROSY2zHebKYmkDB/XbRs+9n3b1z0rp3Ki6SkIRIiECkzrgk+DU8L9KOOr2Qus2qoa5DD9WZVB7H69PI59G9fHy+OrsV18u2yXh7Fdx7bt4yrpRqJ8xzMMpzzkmFAq5o3mo5SeoSL7WNWWm9vn1+vD2LbMdz2HjkCpU1Rk+O7DTUWbLKaLymK4XfLLz/s3X56+/l774Lk+ffH01ZVvH/ZtjG14BfjULZkMZNJUm0W1K6QgOXUSIIVmOjxEBIkPv/z87uUv/s7f+lsWW2nnpAAcoPoQgaky1Rn+kweFDRWW1giZ276paul5iMruEM/wETIrUetBKEHMVAeVYYekiZCwJhFZR5+SgjIcK9JrCY7IU2+K6CJqetnGSIhiLnPlAEi0bpF5vnm6ezxcH2KexqhyHREpvdkhBsmawDxcxPax/c7v/N+nvvjuCZzPpwSGx/n2ri/L4+ODinRrJVGtD1pJE7FEUwWw5+4xh5XMGruLRpREeg4A3ax2iOnULZWLNZLNWm1cnDnIAGkii7Rmwn0IMhl7+Dp88xJFmIiAYdLOep7cNWNZbPdVKed+qjpbTEWuoEpvhEmpqmARDd9/7RsfvXzv2Xd+9jDmFZWkBDjPZRHrjSIlbbBmqhqFFYq2vrRTzyrQbEJlklk2P2BO8wX4AiTb0rSpiM7hw9SkpXvvTUQgVDNRE9VItqUJQBFVZVLA2q21daSkR2t6Pt2MHNb6clpaUyaUpiaR2XuPjKXr0m1dV9V2d3d3f/eEHioSlOvuYw9Rba1Z72xdz2dpBqQourVEjG2rcDOV0pfSRwSiLSYC1db66e72lontcslCmqE1eZ7Oi0ilZxsQy9LqVtw9wmEzHylFlCqtn6hlsaj3hg1PH14vODDLdxueiSANCB9ePtfMkUQmfdpXOMZIsJmq2GlZvvmNr8e+Xy+XdV1jBKFvLtsXjxeI9pvzNvbL5UEyF2u5jVnj6e4+mmo328de+shlad2sW196HzFMxMQiIuE1vwEcHumpKq2K+qhmxkggc0RX602Zicq2HqNV0WVmZlg5sZBCpFc1WiQyp9OhsjHr7CeO7lvMSZzMOS16ZHl9irEvCANMEbk5nR4eLqgFATlG/Nnf+M0v3j68uTyyAmxrTqa8y8vnlGxUvjAKGSw9Tk7MnwqaYJKGQgRKPIKIMDVRcZ+JI/NArHHi53QDZ/Xn9HHMHaGuS/lMURxABk0++OCDy+UySweOQIrCFzmHabm5u/UYMwobU7pD0tQQWedTnbyttbFt9b3N4SUhgko4FtWMkkkRx/Fd17TE3PUj5dGUhYkkw48mhIQg0yMLkYmMKkijkBCTojuCs943MmM53bz/8itvXn9BUZCFOxMk4bt7jm/9yq8h8/HNa7NORsXOg5WBJB4+POrdIGLIEJlKu3llK9hjyq+DBfAWMpMiKlFtFKqZM65ZTX3sTVutlYXy1u8Z+xAt573f3N2atXllypANZLy7tAfBW6HOnPt77WtFmxehI6JV0C2mtCrtqVfDZPnFVK1pa6fbu9Pd/e2TJ3dPXzx7/uLll7700Udfbjn+z7/+1/7H/+6//u7v/o5pi/pAKcWbZaI0taVXKevbjOI0U7Xym+j0c0OtARgxvvTB15bl/Pj4WqVNhgp1bXFzc0PAt920He2qFLGiLOruMjOP2K5b6aJ9eKGK4Z4BNROKz0DYeSNTEZmmSmLso+CC0+n2tNys16sqPbwczKwzIcqgTDMdESwmx7Qelqk/gCSqpoQ6i8Ok7PsJgClAkoqadSI5HfUTBkxEBoQqhpnBj0lXRUAQOSLnPSYUs54xFJqUCa1XVIuIiq3b+vIXfukr3/yVH/3D3+mnU2TGGChtcy2l0+dUpHFmtR/pBBhOL77yr/z5/+B0WrbHi2/rFx9//KPvfafYlce3bx7evPZ9BSIinr3/4h//k7/+ve/+f2+/+EJIeCL2xfS02GKaPvZtxywLd1EqsmueGhnx/KZ95eXte0/ODF/Unt3fvv/y+YcfffD02f3l7cO+7mOUiCwh9Tmqe0WHoVk7Ledm4r4lwiMg6ZHKiRllHpkFWRUuRRwzK8IgAokYo4AUmRI9SIaSJtmrbiqpIs1os3RvxplwzpxVvlRS6xChkJlQNYoMnz3zY6yRZVXz2Ifv2/Xx7XZ9Oy6P6+WNb6u7H89zFnKDGEQcrst51jLC910BhFPE2mndr+leIHdZeJggI8KFEJWMcVKcjfdnvriTj+75y186fXgT3/zmy1/8I9+6RPvO919//moV00xJjwOjoohmIGJ4RG9LTRslSaroj0rINtURQTVFfu0bHz3m6Xu/+3crb8h0Ils8tlOp8nXh/f0TNZsNLZqqIglVPnv6/LpvKpbFi0IqYkcpM5RhnmaMwPElc2ZVMHWGJKDO0npw3wlGc+ZXEtCltSauREIuI6FKcoSjpEXyzrqHRHz2+tN13+Sdx65IAKLSAmo8YwRNwlNFm0kONNHeFkDHGOWO8zFMdPi+rVcR7dbnxRF2k4OGTRM59abU3TOZIrNORznzR7UV7glSrII+Mkm2ZmaWMetPlOLuCVHTppoRSizaFmtNqAjrNiIjsYWD5FQWZCJOYsrmiKRXZMrd+fz+06dbzvJFUfUgTAMJkZSClyhkMzXVp7fnv//Dn+5i9bOrWlIqrKA6dyrHtC2n1paxx3QDi0pry80NmKI83Z4jRvVLCFnl2TP41Y7KPBNrRlR4j1iT1q2pMNDMQLbeRG2O28ilNyKVaSKmbCa9d48hZKMZ2HsDs7V2cz6XMIaO9FhO7dRPSz8tvasK0k21tRY+EL6+feX7Vu0GrXXt7XR3p/1kSxex2F0iGSPGTkKovU0pgcdwTzudtNuyNISflo70Rm7rpYpQEmKt9d6VkhHa+nk5C8Mo18uDbwPQZk0pvu29NVHUkgVkpiYlkBBNQk3NDJ6REXQRiVHbK0eMiokuvKpOnZrzZrufe6b72N33dX3cN18fr2P4wc0mRSiyrvvl8WHfVpKIeH735Pn9k0+/+HTsm8cg0Uq2j1Q1UezrGu7MWLdr+FBoVS8wMXIUbGOqAK1pRvgIHyP2ocpuWky77zsRZCJCRKLqHgWqPPC+9OFRkRiKmAabMtXWaj8f75r+J4qTxy+E1IKQiaRREQmk+7i9ubu/v3/99lUh2UKTLr//8ccX3yeBEIhZOoSSQubsyUUm3rn+cjJ4MycYVSZd/yOj5BFF+BeMOHPoUCLoKTkhhZEQnYoZHLlopkrI8Xtx0Aw0E/dU00y8efOawt57eJYorZKC+E5LXnF7e8zvvjYFIGIGsxz/DQRGvVwrChPz9qBAtArg84jUKNfAHHVkKlhq6UERC0JRWmRGYVyogxplSk5hRQSWoqY0Ffmu9KAiV0FC9rGu62OEy5HdWOEzPEC7Tz758b5dTXVkqqm7l2qlLm/OKCSYCEV890qWAchMVmQEMgNl+kf9oz7T+dPOrzM8WpOl9fV6XW5Ou68qjcTIaTb0MaqbqaInltOyj80Mjzb1AAAgAElEQVTHXqN6QfvH4D9DQ6auqdD3LKoH2qorSlOQu0f4NBDXgV3sOYJ1PgpFmvVuy6mdb++evHj63ofvf+krN+fzZz/8/t/863/1f/0rf/kf/j9/O8aASEDURDhN5KXbKvlOBTFba5UFXmqGilWVqVhjGXxqY/bYHte3x9PA2YVMZuTYfNv21vvwXap8G0BkRvau1pqHm1m4U0RF9rGnF3ckKJ/7sRQnymBNTvCxwqKKwjahruu6j53TITPLNOYZyBSlirlHMvrpVNpfQFSlmEYRMT0aHsozc/hFEqnQ+a5G1JAlZd2lspwfZRY7tMW1j6lopFPl9sl99fQAoMjtze2I7To2SnZrVfLFuYsyPJbW3r769NOf/OBmWVR1RICiJhEYY+vnZelLERCZyfJomxbF6Nr/+T/377/3wfuxXwXj1U8//sn3f/96uaja5fHh8fHN+nhRyfJr/xN/6k/89Ifff/3JJ4tq7PvXP3z2Cx88bYg9gsnreh1jEzFR80wCKvHi6fm+S0d8+b3TRx/e39+fnz97etNNgOV8ur2//+ovfu0b3/r62LY3bx4H4BFC+vAxxtJ7AhA+vX0K4nJ58IjD1TmzpjLq2atoVGa6VfjMDPMNSaiAiQKeRSjVeBJuSp1DdznuKn+jYmVoagWYcAordLJsKDAp1fT+9m4Uc4RUaxR6lFqyEi9FaIfQk8VBrNfHy8OrbX1EpipVSiU7wl0J03IaV4dOhVfn8D0pp9Pdtl4SOw6CNEuORIggY5xMnt8vdz0+fCLfeL997Qn/0Ivla7/4lfe//kvL86988Wb70U9euejbx6t7JiUCpHjkdA0lIpmIWn0BJ1JFE0SU7IVa+LSpSX7rV771w09eff6D7wldKCJAQCsyKbImN5RShhIjJt5Bgmgmp9Pp8XIVysxtOcxTBcPxQMu1AhhQ2QGca91U1ErdzTU3TMEoKFag20SsTKpFzi4eefA5HgdtWs5+UWRuY6gagkiqaalci/H2mApPZP0h5bT3EJnNlIKCjQHCXUVEsoxSQpWfv7PLHFzArZRwSyZyo+UAU1WCrTWhJNInJS6FYCWl/J4QVsZ5povMSpzT0md7ALILu4gxzNQ9A4BplvxRLEEImjbVPhADA4SJmbSmIk1fXy5a2peyQlJoOjxQD4IIQBNN6x+/WeW0qDBJbS0paVoBBGpW8ZQ0M1sARKQsiy1GM4i21sN3UYra2LbwIEUpNRK1ZdHepHh9ipqICgMmYr21ZqWtU2VrZlpeaFU1VTaTptpKOoZUYoy9/NwmPLXeBCo8L82aZQzJbComGpk3t8uydMw0csS2aWP62K8Pvj2Mx7fhA2RrDWQ7IoxiuG8rIirjKTNV1EwrwcZET8vJzKQQo/XaI8flIR+vmi7hi0kz7ecTKenehNasqaYP3zcfOzKrMCHcGaGEmqlg+Ah33wfcS1hvrVeMdU4+2m1pAGMc1SuEKP0oL/fqJK22oIzqooqA+xByjLFeL3tRGSImDB/btiKLs/f00UgCj49vH6+P1+sVET6DR+cbB+DYt3TPQLmcJ6dD9N7rlY1IkVbMxhi7ZyS8fORaQhH36lMHQME+9oIMRCgigRz7qMyjcujVS3nsPvP6OEdkUfqskZ3TOcJLY5mVdKtyKGorIi89QsXc/fHxbQVsKPRIJMqMlKLgDlLhXVdKThlGzb4y5Tw5s0RLS8PDX57AUU4EgDnHLZmZQXXAza96DCz1qquvXzoPUat3vbFeX5pAZFh11y3dZ3ioRo6KQst4Nz7XESVl3ijXaQCKmeRTEqSZ8DYFzFkmDsyhdwZBJnJfR1tOlT5Uym85BiZOGeMxsYMzYukIYciMmYWYEDkCciIoYqKHcLIuRFiJs+uqFWon4mMoLWWuQQLhO+8Bpb7VEZ7Dweq0RaBCqa24n4iICKX03vvptF6vJKKqImtVy5AK+59usZibUvJ0PmPK8hH7npHh41u/8use+fbhtVrL0mCmo6Te9eMnxxjI1NmmmQdNUJmk9Xqsn7SWynpl8+BdGJylx6SEj9j28JExasUv3WprJ7VFl6X1m9P9/en2XoiHLz79we/9zt/7m//73/+//sbnP/lxaQGTkhlG+tTzlLywJuZATNlShh/RhjgINoHMl/CULCWUkjlij96WyvMSrTO2/OvvrdtWfg8paHy4KQOhranSh/vYCYpavovREqkynYyoJjigivNKXzwyw9QyEfBJowDpYaoqrS56JphsZoCXQD7Lnq3y9Pnz/XrVmk9EeOx44VHtvBnVTj8VfiSbmFIDPnez+lNiHu5jZ7WYzPMlZT4IdQ5kZngML/tBiY724Rl/5l/9tz/+8Q/Wx7eVU6TCQpnrGigl9g2k+wgPFnFAgGxdt22fKelZ+MJETd3Hn/qX/51f+xN/8s0XXyyGcXn8g+99981nn9/c3Kzr5fHh9Xp9TN9PXaj2Z/6ZP/3TH3//k9///bNJT//S/emr7929fHY3Ap+/fozEuq0QdjXRBklVnpo8Oel950cvb7764V1r1lq7e3Kn1pbTSYjltNw8eXbz7MUvffvbp/Pywx/8yBN9acN93/Z+Pi2nU3iu1+u2Xsjs1piQ0mOTM55GIEiZj35hOBRK+Cgyx0gteLlE/gFBmHBp7Eoiy0YmMvMV3n3lesQKXTaxsq/UxWfy7rQ8ub992B6RLJUqa55DpVqpewA5AyUjIFpAiPsosdD68GbfHoHq0C2ZRsj0i7IeFiQRvu1XAOfz3b5ewajdT6rUSqkSjXnT8PyGL2/5C+/Z1z9oX31v+UO/+svPv/ntXO4hp9Xz489ef/rq8c3Duu1RihpPlIMfyITWi0aFzY7InFlBKRmYrt5M0kieF/n6H/nV3/67f3+8+qwmA2G1AERrJlm9kkwPjz0yems5mROo4LJekVDToxmwjglMuSaPM7peDQpQAqWCDB4BGpTJM5AwLTNnzgUxRYBu0im75wA9CatTWuYyPD/s+rYrnKgLVZS+D05vAecrTmXqC4DaUQoRqSUAJWT2EIiaWK/IYKDyuGozESKTc4WgmCqygMwkVSv6Bq1SM1Qp9PBEFI5T0RympqoVE1BJ/2rz3td6CjJNpJtZYlHOIkPAmlWrHatr1xREVCtWjoEQmok1s23Enh7JfjpZ7wmO44ehGVUiQ6gJihm1DQTBEVDrgNTJLCoz6l+bmN3c3gWggGmjMUlbFrNWP163JmgxQtVEFSZqrfqUtXVrHcjzuQtnpGzFdxbmZiZ1sGizBFpras1UeusqbLMnYY4EotZVjET40loztdaYNJG+tKU3M7OlaTeqhY+y9CAcwLheu0pTZYSqiSi09aVVw09UPBfSupVQpyQATQURSkr4fl2J6IKzCrddfWjkeemMdB/NtMJChjvcKbKuj6X4KvhvTqyZy9IjAuH7vkcmAjmSzPRkRg6vuP16NYuwclsRWYEambNDN2rbLHE1MpBTewZmEBGURISKmknOCPsgMMZeLt4YA+FEZHi4r/tl265TnxoAc2aCsaaawBwRUgg1zfRIH76P4RFwT2XJFtLDgTjAselbIL2kDTITAoMz766EJOVCDdM5SgvhHpjioqLhWf9GyZlSUCRiPZ419nGeIlkSTYo2S4SWxTRzBGaAPcXD3XMmsDfLQ3ta8+wEOmc+5WwZnyN/zrCIMgapaJ8bEaeoW1VR75Z3M3JBD3m0OOXsnC1UahLWFQASgQM8Lg689BIxHMIxhROZyMOqkHrg8TWai8mzZ8+u6xXHr+MazX8S9PSpXAcjfcrs3hUUgCJaxS7lXqUcCoja4Q6KveiWKXrEEan9DpGt31NtZrPP7XgzCXBEUUdGiRVFJr5KVY+YmlHMXSHdtbVt20vI6+H1nByvnpybSeKdJYTCsQ9VzZ/XRpSdZl4wQJCMQ95FSGE8Y+wHh0FV/f+Zercfa7IrT2j91mVHnJP5XevqqnKV7bK7bZrp8ZhuoEdi1IAEAgk0QoyEBAjQCGnEGxISD/DAC38YEgiBRoxo01dfxy7X9avvmpnnnNh7rcXD2vGV/VRylTJPxomIvdbvysqff/npdrlTtjo8MpKqBIe5pCCisq+kJcBlMDNQW4fQvgflVJkX7VNgI2VW+M3x+hrMOddqMJDuMXz07v3SL5ftfNq2k/dtO93cPf/6xWefPP3kV88//+3tsyfee4ITpaVgoVpF6gUq1YxTsH2tbpU1WUm1OY23xMWbx/yWKVFFuYIyBPEYnVkivcR1fRtqum2X3JeXnCqjQm25932ufZ24lCRaGhCAZXiUq1WshMclPfJ2PIKltDql6q9Vk0DguRLU0zGD6TDvMTAECqZXL14hU7UNj/ARkSLiGZSpZqptjEpn3/NCYm5no8RRXOZB9gxr7dHjt0/nW56xMLXAl5l7vocBpigqbKawi3AgPv3kl/3u5aItI6e8Z6fqkupqwd0n60RE6WBRbcyynbfiYoYPYqIAC49+/vgnf/7v/6f/5d3ptnHG+fTZr3/9/OuvVDUibl49O93eZgyKHu4//sk/WFt89YufrUSL5HuPDgeNJhDwk5c3T57fCgQzsUmAZEZTwvCHB3338fG77z+6PjSqaraEiaUHea4HI9BIPj58+NEf/OGDhw8++dWvvIcPvztdDofFM3IbMXoNS4nIGDujWkIRREYVuDNX34UWMhtE1YglAgJ5EhEiyEwaM5iEAeGKDq/4zlLLEmvZeGjaPF5jLlPNrKpMvG395nLThws0ZqdKvZpchO/fe+jpvW+gdHfPMiwlC5taGbrdN/fRL6fz3U3fNspkSmOJAGWUQ1+Fa6km96Uty3ro26kC3KyJKSHcmK5XfdDy24/1B+9evf+QP3z/zQ//+Cf25rcvia371vPV7ek3v/vqs8+f395dhhdYVERilpiSElRKOSIwiTVRrT4LzKBhZhQIP6vuHtw/vvXRxz/9v/6F+SWQNUqICFc2GhhEpgrFag00ZvzwrB0TBidoeBKlqgoTxaCcpzWXZJRQ8DGIZ+UI5gnkhXZBhIVATFQnMQE+SESsYtoZl9hHiTLgCBORiJopEw0fFThTNwAxqvipnsqsDRDznC5Kkyq3pDD8AonrLKd5PlaxQRAFpZqtrRWlH0Ql6A1AWLSuFhFDGNLDPZ2o5Ph86SOBqWacymWItKr7pV0OVSHITGRqxSlFJAhCkARRehI3C9FtpBOZNjMhEKQB0tN7nIOge1JZZCZUVMEcQPcxIpJStZAZoSSPmZRAwPDhkaQVXjWxP2YR5UhoM8pqp6noapa2sJmoEXFEVHp4ZiRCTWeOP5OaibCIHA5rOdfcvdQNTFS5PmrSmkl1xau2w9LaIiqRKUzhI8ZGlCOcATVtwgIsTVmwrqtqG97Vmlgrdxybruu6Xh0jMCpDU7EoRx9rW5pqdDJpJhpAa60tzd1rIRSVtq4iomLMvKzL0tqi5mNUWXPGMCR77+cz9W4iZsyct3enzFS2yDxfBouYqg9PDxGU9ruspLUVq1r37hGVcJUBzvDuMXpEoJTE28XMInoZeZBM3/jQiMD8OrFiPvgKzhijcnXKeksU08QYI9Mr3Twj+uiRJWV0ECEpYsQYE6hOeCSLAvDhZpIRvY/yZ5YNytRKrkOBQuyTcllXW5beNyC9b0Qh9Yr3UCYO9+hc4YcZyrSoTDkHyKuDpZb5IugWA5fYL0uCBRKqkoWI2g0y073qveHuZdAEQYTTM5IOy9qabpdtdE+iAoWc5pBcHkoGSnuc6SN8jkR7viG/Pq0mWDpFwpT1sEzoVnL+8B0NKS4hUVwMzdQUKudowc/XD+4frq5Pd7eY8Y5lWKayAdRvM1UmRAkuMgGZshXa0RXMdIksXIOqmpQ8fKTHGJSF+mL+/N14mlEDzRt3d3fzbU5RZUCsjH1O6/0yRpfJQviOks4pel6JuWDQ/tFn1SC4ojfmW3bnjIrejYKZ08GsSUEVGZe8Lw3MomCaB9gk+p2rLlvI3QGpFz1e72eTrp8fhlG0UUaQj+q4iYyK8iQiwoy6RiHBVKVR9fNmCXEdrwhKCiiEoT57SCr4r4AyyA5munt9O6XSLk7EM3VRrwG0CiZ3LGpSDjlFqpHhOYZHjJjFePWJibNiGSIjvF6O0bfovb62LCgZqI7cQseK3iLGerxu6/Xlcod8LaqrP5UqUZD3m3DyOTWC1WRcOb/ImJklrk2ttUwCw1SkWQRtl17fahUW1yJRO24dzPvqWENzZShReNSXSETQ+Ut3vRa14/FwOJxOt6KqquH7klxgXEZm1vBXO1XMmxMA73R7GelzroWMiH0LiRw+SpCVBEbOJPLJk4AYWe/YJGI4eQK9XyqDfycHuD7VXLJfPxgVc0OZSaYap7OGRJCnz8cHhRtTCqmIe2Ayl0QUJex2d5TAevaZE8/STRze+OCf/LP/McLFO8Z4+tlnX/7uk4hQW549fXLz/MW4nDN67+Otd7/10Yff+uRnPx23t9eN33pwePxgzZ5jO7Pnb7568vJ0qbEuCB4jxjCRg+lB6IO3rr//4eN3335zbYeb53dPv7p98eT27tntsy+ePfv863F3NjAb69IOV9ff+t733373rd/8/OfpCVECfIztsgm4cl2npKpSuLDL/edLDLsRAIOcZyAMg2kM36MNwMxLU2H0S89IFhlO7pmUhdRESiai+KmJDLGApMLXgaqFnaNzJZyVkqgSE4lYRMAjtjF6kXIl1MlJ+ca8IzDtWwDSKXz0y+lydxdj1GRZMnEPZxVRVZCPXutHjEuMjcGSQzLuL/buI/vWPfrOG+2jt9t7Hzz+6B/8mT5+/+bmdLo5u9Px4cNT90+/ePrs5vLk+UuQMgySFI45T1PZSXcuMTNDzcBTLE5EFJPQEGaPVGtM9O67j3O5/6u//CtlH8N1qkam0UIqXTTp7//hH3/99ZcyLRQEsIrUQB+ekcEghmMeSVQDPRXbVuKuAABTA3EEpgesQnJpFgDPBzcJwCq6KFNiJDkzMdxrQ2VmJKXOlJj2kz/68dfPngclIJdLr8sOQa8OGRQnXulvWcoChkyUjiUpTEs2nSYz/59FKAioYE5WkUzyTI8hpsyIJFCYiNSukOxEW/YRAWBpB6he3GkuBwKWJBK11tYkciJW9trciJi5mQlzMwMk3DMHE9kipcwNIAAH6s3OjO4DxCmzIrPoMa6YCmaoQG3zKAnrcF/WZWQs6yGYVSzAospqEZwsJLNe83UysVlj1nY4tPXoXqFgKaoEtMNa1QVOFEltaZAqJmdKjiRVZYEIL62FhzKN7sqQQnaRrakqs9B6WFSNWFhNdM7eQdSW6t2l6KO1KtvNxWw1E4GItHW1diDW3oetKwBRYdXWVhYmFvehauu6KJFSwn1R5cztcm4m4d6WZT0slfHNqrYulRrJDBVZTNf1yInMGH1AeTWhSO9n90FJQtyaZKSPFLFKylRTbbYeV2JOj+Nh8d5j7/BBotKEImiEqwmr9d4LH8zwEr5hou5l93IaKUBEMBGhpAHELBnuY4Q7K6jynWbIcdYSLoJ5rGeGO5KmfImiLC7I5MI+aSLVtUCCoGJXhwOTaEXmTlUfZYZHCFAafdoJdzGtx7dv/bJdCgw11mYtxhAumtKZoGATbsJNyylLKqKipdYACv7NIIrhBf9HTlWne1Dp7yNZOIKYZdcsTH9t0b8qUvJ13kUcBAgwwstjz0zhLswi9fyWxpim7joZtWYUIE+70AiT0Cj1+5wnKAgQ1gWT6KkVeP7M3S2wT+xztgWzQCQzKsUywmcuYSktZl9hAvCgDC/NTnmcCfNvxp4nWZ9unkb1FaqO4WWizwlOFjc037xI8uHn7UyZLKWhxxzQpUwkc59hLuo9iXLXSYNe/1mYvun6510TFbxbuph5ZMfUTgsSHqPgq6U1hiRqY3DOEoLuJ244E1Tn1J40SYk6KtSa954lSarZmRgsalpNgQXH1glQML81G+4+evX55d7JUlQUJos8W2lzn8rrSgPw8ErILqPIziCTh9eI69WkS/OcBGO4k9ByXCLTtDHDwyHsHnOZ532j38UtECZCjhK7141U8bVchoEdycL+W2QGb3OJnTF/3hSplGIFwdTHJcJpLrjlaJ3zqrCAp2q/NEK538e8GxBm+ApRXUlK6tvmY5gps/jwmsWp1BQgotTXPTJCXEWPRJkpokkUUYrAFLXKs6zvmhnuQQQVuT3dXs53TBO1KhpoSjtBRCQqXuaQyaVlhX/V3ld7LwvNGb1g9zKhAfXAi4iZuXvuUUu1/pSWty5FcRfC2M53PGVPAUArn9rH/PJK+YbSdWhS1koWHqY6kkb4ZA9z7igeKVo3gpYPsiw41WbNrMiATpGUmQ0PBgfbP/6n/8OjN94c23kVOr18/ptf/Bzel2V59uLF86+/9m0zhYBU7Qcff+frT37JfYutP7zfLIMuAXATUZbPXt3cXDZhOV22eQ4lLSoa/uY9/f77999+dH2+Hb/91efPP312eXGSFCXJ87i8unv55Nnd0+d+vjBjvbdyW97+4IP3Pvj2r3/+8/O5R/i2beRpVnXAwcxlNaEyCzGQMeMNqNgSABQ5rq6um9q2nSt8svJoIlMkS4ItLGpaS1+9NqfxM2e8LxEhAtU6PPX/SCJ3pwx3V62NtB4ynhxBNY8SktJH55l2X7IWkupqSM9MmUs/7eAGAEmi0bfL5TR6Z5nx/OmDmQTCyjV5LG1N78q5LPLwoG9d50eP9YNH9t59+fB7733nX/tHo12fb175GBFkq917+PD5zatf/+aLz7589ermoqIJjximNgW1E6ao511QDgEixnxUsaeZzRmSKILasgjio48//PUnX5++/Iwp3N1MtBAgZgYJMyuePvuKQArL+f5hFZkBE4wMF6HICjzAa2yKJhZTAj+fgh2WzAQVmMJVoiUMJolwThbhlVk5nPLOp9c+qbLteQeHGETCOmLYcnj64imDS6dKyLVZZFYabL1EKxZMmFGBsUgEwEivCARhFvfQZnXjTBUrTWAiimasl3PBTJmMOtMIoATX4EAEZS2Z87lv8zUtMttDSeokFTEwYg8OUoKKcKWFhQOhRCrQsrGZeZLPT5XMEuCixxM8IoroFeairpVZbB3ErK3SRJZ12fr4zre/82d/+ic//au/smWZZngiVmNRIohwUwswzSwUEBOsTc+YCJhtObAZ2BJk1gSyHBY1nVLfYl6VhVlUzaTkcEysIq1K3URbU2tNVKTJ2pY629ZlEbA1ZUCUm7L3SxNuyshcFzs0VeFlWdqyJLO0xsos0pZlPa6sBGFVE6vUsbQmS2vGlNuZh9O45DiN7QQKH5u7Q3ixBqLjcV0PR1alxNQRWQFoRBnhw5aDWUMGZ2amCK/L2hYFk4hSkiyNWVgNIu24qmrfXIRVbds2qXZ3EQGbGgUlMWkJUoyVZ1wBmBliSkmjknRK4k/k20C4CFC1XAVcAGPrZkogEYkMJMrdVKNhBrziFSb6PNF0QFRtRi7wdCpBUCrYWvZMhRFb3yI9997lMTprtToTeYAqQYFUUIJnv3QQ2e53mZjbHlyhzKupAlZmpF2q65ERXs9aZnaPBIUX81Fncj1lpSGcjyQBoFrqa9J8/Z9PfNnDCbT1PmJMl1SQiE6JP+Vh4Qj3ioSKmIk7XOrA6WcqacmcekrpTfvLrTDu3Kc2sL2G/6o+EJQUc9iiCg0skJkSLM3sdHfy3kUk08ECJENpin2RlNjHMgajZCk0X+XFWSZNqfAUr/O0zMwhKWdMOGhfASpoLBMggTCqqaFwjNcYV+SEJqbtmVUyPUe5jTERGCLZLRjg/RpNxWSACtz1WUeP/P7H33v6/Nk8o2mOWczsUcI3ZzCDhSpbeTbai4mKTWe3yGIt0n/09358/eD+06+fmNmIoKhxj8oiXPhxvb1R0RW1RkYOH6wiIs1sbxGo/5Cwm0aIKCk8fBo1AUrIhHzKzJHp1atiZWmgymunJCSngDK88jHhEUySPnzE2Dpl7okVKftUklMOkpMboSkpzzJIEoG+6TEA09SCZ0ntBZjqqqp5SIoknmveLMPikqb76DPLu1KuKu6Lpue9OG9MP2DSzvJQJFDJ2xVyFVSIhY/SfEU1j04BSZVu1a1HhBn7XZe1FkxWnir8km/NITlj+LRV7CUAIGISkNDczoNFKumqOLGMFNGCyWdAZD0BzJmkZvNSMmiiCCR1iJamkBIsEZRE3gdPkdtUZu1/PZWPprYtgVZEV/1HQenpk0OqTZGgYknR+6bVNBNRWbjpXgfLfjlqbZ7K9/KsFE1XMoXhWZ2XSZkRLFLVB1sff/of/Od//Cf/8OWLV8qg7fTpL3/x7OmT4/H63LfnT5+cbm/NhDLG8H/lh38gl5u7Z085YzEVysvprKyttR7j/v37nz+7ub04AmNEegjIQA/W9sZ9/YP37/3RH7w/Nv/Nzz/tL85LkqY3wUHkqKJIRKD322cvTk9fiND9Nx+MlHc+/N47773767/9m6p+VOWMmBkHOeWWzMRJIsQgj6qSDUi9XCMzBOw5MlNUWWutynrMM7NHyG6zRUam73s0oSLk0iuIsxiVYlaq/gkAZpoTUea7b76H5K2fMKW0+MYGMwfZGRQwGQSabGtJvUCC3Tf1mhAGc/rwsSVciFTVfUxJhkdpnxamGP3Big8e0vv34s1DvHXN3/vhd7/zb/z5WB7cPXux3d1FHyWoEGu/+eSLn/3s008+//pyHsTk4dfX99568+2Xty/DfebeMHj29XIVMSFLGTJFPa9D4kSVQJlkiyxN3vvux//f//PX5idBiAgLTdcwUY3d1f9Tid/FAxTY5jm4wqpYpLKMvB4aplIkl69t4kNU2a+UtdURg5JxPDyIsbEIg0E4Nl2UPTESvuNBnskC2Q8vsPgIiKrpV19/aSYAPEr3OMmZgswKxJhz0H7uCGYaPU1HZRa1UCUGCgY4w2szFdaKlyeTBJQAACAASURBVFrvPwDR1WGpLtiKOmawsIzMLQbApovJksyd3NSC2EGAsABEKkpRJ69kxDf4DVFJbZlCmPafjDouVFRtYeYRXl+GezSzJGTVBxALCTKhDKamSklOzKwexMIEvjpe3Zxf/O2vf9nWRWG+xzJn7UfMrEIiEEtwimpbZD0crh+OCGtLsUksQiyH47Eij4SxHg6IkB2PaUureLcykSNT1UhoWbSQmrasEAFDW1sOh9YahNWMI5lpUV0aH2yBd6NUhCIlg9MXkYrRFGkBLIfVTI+tHde1LVqDOCtThAiWZkioxOX2BpcLjUF+oejKrKqeZMtqqq3pYVnMlAVtWde2cIYIEUKKD4yI4cK8bZfGqmABlqUJ8+GwsFhbFmlNmhJJOxwO967a4Xh33oJImm5jjD6srWq2Y3YSgFOU4URUSpBT3PhUBhNaW6JE14X9T6V0jSK7yYiy1GoVNlMZFUREr015WWHlmLAv4BFmVt6/yCi01kfPmetd0BSpyNoaRWxjZFSBOtwHg1QaT59egureCyIidwEIIVIVDhAgPJXRBCZgShUYUZncvUZZxfBwH8lU96NX5nepBph4SokpM7cxWMQ9ChyP9Ih582YQYZqvVLWQwMjgHdBT1hkJR0RJwjiYvnF9BcLdNphlKjGwJxjMAZRrg5lnRQleYs7IRLNyuHBHYW4UpcXgSajU1yIc9SnmJMFZGFbMvOqIrJRDH+FjEwiYh49ae2a2D8py8I3mZOooghKRc1yZJumgOVHMIbLmmKkzqdkjVZVVImciZFIwpKjkmkkAIi49Ds2wNQLqFeyTWk1CIqZrr+BsZqq+70L1k8QEDO/x9PnXyqxitIun65rWojbHp/r/XitIZpoYylPl4SY2Mn7yJ3+6LOuvfvG3npU5lZwVI4Msywhr5UJWOXE5oHIGQBAHfPTtsqnqfkPwrhIu2RYzS5YenYUyZ3b75H0m7lXqdpTaf4JMEp7JeX3/+jI2VSvEiLIMK8T7t4DXe+S8mZJAAiVQZFozMBgJlkp+RM3QPIMGk8p9O2X6w0OksEkKp+Ss0lyAizWrM/ibGJmguWHO23oH+wWYLNdON81/V49TSfP3/XvukiUrg4dPVQzq6s1y9/mA5GwArZRXAjJDRE3b74XrggleAbpZkiuaC3h5YEUzk1Vm0CelWmPRDP8mLrN0ZJRJcby+TmBsff9aa1tGwSI09cFMlKpqc1uYW2B4EHZHOAUBHgRGVCRoXQEGiDwGEeZURFXT4bwsb3/08cvnX5m1rA7iRKm0WCQnprE/tgzaU2gnh+hJAlsWbUtE0t4yG5ER2zsf//g//i/+29ubG8o4aDz55Ldffv7J1dW1Z3z55ed3N6/CvUJpHz188O6D9e7ZF0J5UBnbhdxbs+vj8XS+6WMA+umTZ5dtzEISkDFfH9rbD9f3H7UfffexkfzuF59jc+1+1eTK5GgiOa7W5eq4qlAzVtPzq7vx4oVp3nvr8Qh+59sfvvPuu3/z//5020aG9+7Hq+Nb73xwd3eb4USpYrXV1N1dq7ZneriA6wU4ow5iUtTkPgnrBESi3oev3Sx1q/DuACFSnqK22gbnlQ8Qyt5KykwZEFvXw6vbl9jfXQXk+/yKJ+VLmPlRuyhuNvWVY2Syz7NtkbJUECW9paFsPP8nGSE5yMfS9PGBPrzXv/eWvPNwfbjmhx9/7+N/89/pZLfPno7TiRmt6VQNLYdPPv3yk0+fvrg5Bwgqy3KIoGcvnmW4cmM2zOdSaHpVS+2D6geASPmLVDkiS0hS0vVF8OjRYXnw9s//4i+bBIGaWY37YBbW3wtpmPo93pU+mUSYTj5KouTIKZuNiPJ4zU7hmVVNylpvl0hP5L3DwzfuP35185zBBFpYjCMJp6DiZpIQyUlpotdX157pk9kTjxzuUHaPbRtaNaR7qgWzCpcdnMPrSJnHWbGgU8VEqabhsW3btELvJrcCqdTYhO+9/d7/9L/8ry9u7n73y1/U7ikioFSwqbC0mO+HJCavijWxQHpG7ZuKWnq5BktRaU1AKaWYSYBcOBfW1cxEhWAq69qaamG+PQZAy3IQlmZSKYtNm4hSkKqAswrrE2xL61tPxmwhod0QQuKJyTODiThFxBZWdQ+IeSYzxBaxFQxRrWuptiRhXVc2fXh9eOPeVY9si4WPGpeamjWr7VpEGWytiao1eeftN0X00rtZq2l4WZbFGlEk2ESZqBlfrSu8G1hzLEJLa4WOGKs1ZWkAj5Hrut67Ph7W1oQXZXcHk7Asi6hwYyH3cT4rIbeLb9vl9k4Yy2KZIdpU2/F4ff/BfUq32o9Z1MxA0XszrRkIgbFdlAkZS9Mm0k8nznFYD4Rs1npEEGxd1qsDsbRlreq0y3lbluaUl60zaF1WYhLG6GOMMaJTVkx+Y0j3DhKzpiqe8/wsPntZDswc5GWK80iKHH2AEV7x+VI+3Riuy5JBrCJmO4PPbEpMmVBVa2am6/HgEcM79pOocNgdLWUTM9P7h6ulLb071bxKBHDTptxGRBTaWQngopkz0Kzg15xVsNFEzVjr2J9ymrK8Y0R4xtbH6xDTEUEMHzlnldzH9aSMZAJXaEKVsUWhORBVIvTRsR+jzOyE4QPl/CF+cHWvdx8R5RcGYNZu7u7uthOBy3pYrkjQVBhldcJysdZFHWfJeZGlISqaYQ6VTBDVRnN8FYDL+lMZhT4GixaWUWtTkNdCEjkzEJCwZt/61vsvX71UVQJxHV2RIoLdikBARiKzjsmYA1oSCuvNiX/PqWoGg8ZUDREhC7kICh9ToFTq60zPnNrc16lslElAeNX0IiNEOWL2WVXVd0ZOahIo8JsZ6aQmotI3ZwISkkJBUZKxTFP1EQQKj5luX7h25vxHImXJDF3a6KNyFctF88tf/N3nn/5WyoFExFx5WHW3VOIQVx0sEUHEu+/NrCQMj+TF3njzzdvTDVdYZMHN5SBGEVsKoohBuzHXtKnI8CibeUZ4dxbe+y5rI2TKEOVHjx/dvHiVnlTW+0mlEDFew+ETiqSpMKsNgl7rpkBJNdNPfLnm/qKYaw8mQp3lgpKLcGXzz2n7G2ECIr38ABQ5t7rXaUtUZ6LUrs21u0XGiNrKSp6dkarN2KrWjUBIjoi97KdGapI9oKPiDmqyy6mhmVCciDITUFhwLQTzvBVmIr66vi/W+taFQDyXXiIsS4tIGiECTwekAtkmzxlBMw1GicCC0cd2uqhUoNjUBU1SEq91jYgIUyFBDEdFiDG7F7427fV43fubM64YQaUrjoxafIkIUW/VYLPr+w9vXzxTaAI5u8STGSyKfV4sbyMm9VP+RslIIKSpqkWGbxsoRSWIVIB29U/+u/95PR76+XKldHn5/Hf/8hcUcTweX7x88dWXX47tIpKU0Vr74x982F9+xe6Lsm/nVXRZsDZhovMWT17c3Z785twvvQvBTET5uOjj+4c37tsfvv/g3rr+9ue/89thgYPg4WE9CEn4IgyiZrKYMOLe/aMyzrenvLu11a4ev2Xr+vaH318X/flf/W1Ebltv67ocr27vbkbfiCR3hVm5Lpi5+ufqgnNq1UbhmwSGCioDUoJievmrKaAIPMDdI8jnABpmWuRnYXlmOkZwpgqkDtkYYOrjdDm9UjYRZczk8j0IgSoOboITyIKKa3/kiRxDRWOms6NMnGAALMqFXU/pGiHdEW4CBR6t/oNH23cfy6OjNGzvfeejH/zDf5t0Pb18drm9O582Zd5LgpVk+bu/+83vPn2yEUdk3+JyOo0+YjgnT4gKBTDR60AkIQij8HxVE5UgrzzUevZVhQA1W4Q/+Ohbn3z58tWnv1Pl6GE263uFWcsyqyAKoLJ001RjhEwMLFgZxBQVHTPJGhWbG3Q9dkQ11yKRSBEwUY/t9uaFiYCoSTaFJ85BPQv+oCIFad/r+ojchTVz8cMeAwCOESBSFSb2PkrgK5V7U5tApplFRbgKR+S6KAGPHj2iRGZCMEYUWEvMJY80lXuPHr/9/vt/99c/ff7l5z4SlKZNmRgVMMUFWgwaI4eABSVDCqCi3oGsVLC0RbWAMVBkHpZFRWJsTGEsq9lipiocuS7tzTcetKZBnEoBas1M27o0yhEZoi2Dwgczmkki00nUpJmK9d6TypkBEfVwZfXIyiWf0UamouYjQGjNis9nltYas2WkWWPh0iwVUtZEfvitN370/ltfvby99C0z3UM4TbWpznYGxmKmyqa6NAPn5dKVlYWru0ZV6xRi5aaiTMuiTYTHJfsGmhm7KhyZqtrM2AyqotqaWTMVVsjlslHG9fWVMJMHPGgMHpcrY7/cYjuhDxqbUS5qTADjcDjaclDVHCNHz+HCGH2jcVKKZV040y/9cncG+SrUJA3p/SyUqhwZbDp8SFvX6+sC4Ah2vLp2x/Hq+up4vH/v/qKmwsthycwxHMQ1rwtYVQRi1kyVmW1drq4fLMcrBrXDuh6OY/TWmkhjJrWFaIpqZjhpawQpMy2LEmuA23oIkNZVIlZuQQRjIohaJbDS3ILLA8NBYUt1HhdlVhgmho/b063HYFERHh4UqYBHeI7Nz+61Auyd14k5p88hO3cdQ3CCM5ApSBEuy8R56zXXjIhIDsrhc6isRL7XUPUsXcV0/owx6k3KyctyYLadQSenqvwCJTlFIoWIGYssx8P1pV/cXdUw+3kTmaZLRGTMIBSvIkLM+M8SBM1JJ/dDGnMrIKIZcTnrFkkqrrpeSBnjcDyate10URUoE4h8cuDS+MMPP3z+/Hnp4EWYIjIgTcTs9u52V4GgtiUicu+lqC5KoyQuXrz51CntavLieWtCR0n96yua2D4wuwtqkQNDIJXEVL9217uCplx3Tp/10yiCIcd7h/KAJH3TqFUsQSUveebx6hjuow8WBkWW8iEn6aDKLOzh1WEg0JKvQb75VaP3e2+88f77H371xafWFpr9MBBiihpxQ6oEZ16KmuhSWNVMzCJ7jMEitlitJ5SIoOXq8ODBw2dffcFqpfdiFSKE1x2MisEtgWahWeXWyIiSCxNXMEK1UPncfpEE9oibly+bNlPtfUB45jXVcI196qbMydbUl8c7IkpMNDxUtSD86eeVmUdds7KXY6ZgeUYir+5du3smigmkJDNjYR+O+TXWklJ3dSSIQcziY/Y0j+FtaTtEHcwSPgHvYj/CK5KOi+ZSZnotpvnGfzKjwWneEjU4F75AqN1sztI5fGTSzCmi8ifHiAAjeq+TuzRjSekRMXxPEQYgzOhbL9WNMlOCCe4jE2oaNWezTGPOviLO5yJJhLN4UpbL+SQimRk5KoFUVCroYCIlue8wlaZFyD3wdJIhmNgFk/roL59+peAy8jLLfKOBMvz1dkp1qAo5JSFFlJXHCG5KoPPpwmDRylqpZtn+j/7xf/Wjv/fj29tbw9DYfvern5/P56ur493t3Rdffn53d8ec4Q7wd99/+5ovfjldHVs/ba1pMy3V3LNX5y+evnp2t219LGsTIHKY4vrQJH3V/N7b6wdv3n/y2yd5GkfmK+X7h3a9yKqyNBXmGFtGinAyr+t6vHcIojHGdnMTZldvPmZb3/vww36++frzL87bGCO30bfTmXlmm+TvUZKVU8k2C7xohmcRE1jg0XVqFEtTjBnqMo3WwG6hBgjppszQERU3KYXnAFxFrCwEJmWuHZWZRRTgjCBGIRREySwAMxFK5l/Af8762emMItQzPSG0yZYJMVio+gQYxMzlTUeOqi9452r86NHpO2/K9cGUxlsffPD9f/3PIbq9etm3DWAVBbifu6hcPXhIIr/77NlnT1588eXzy2WMiyNLdcTzoIyQunuQwmSqJYWq0S0iRFkgapIEFRbl0jFSpoioyrLoR9//+Kf/4q9bbJkZGSbKgDBEmAvmL1IbZCLM8OGirNCgKCOjTPo3k5ITmKVgu6+pzG+l/WNkpEAoU0UVOBgW4TFiIziIABbOirQoYh7wSE9n4fWwejiIHz562LcOUFOrsHBVCR/KAKGtrfCvCrYYFEvTyBA1gKJiXq3d3Nyu66EPF+HhXpZfVQFRQSHWlvDxf/+f//vLZ08OZt2DoSLMe8/j5rmFE8gzmIUgkIpxCyFopZozwKSLqS0l4866+KIMpEdTUxAzVAhJKk0k3/vWOz3i+e1dErO2escmY4zuSQHuPi4+AFa1bSS0SVt7siclxchkUTEVnZlMBCnlRCbRpLUlMkuin5TCrGpJrMvCtphagnnW4eK4NGa+dzy8uDs9uTtN4S4YDFWx1qy1eneKCmWszQTcxyZgba33TVRa07p0qji0pYmYsGTEdhtj896jjGoEIjRrKtYOxqa2Lktr2TfjZAomIEOUAKFas8dgv2gMjRG3N+P2Ns6nJnlQoQgwltWOxyOLxRjjdKtETShGN4ZGbHen7XyqiGwFr9aMk/rm22WcTxFjeJLy8d69S492dUWM9bAeru6J6vCQJiJQASIz4t7VtZnd3J3asoBoWRY1YYaJNF0ApHcfAyrHe/ePx2tVzQjVJYHu7hSith7vs3ImArysK7FAVNsS4ZQUwba0dW1BFGNkUni5UaBmajqV9hEUsW0bIUtKjbJ6CLt7Dcf1EhtjuPt+4ProG3bNM6V37xkhxDOkoXa4dGQycoZWxlTVV3kIAsgQQbpHeJYVsETENNF3rhcFVVjiLBcCkMmvC6YmiJA5R/6k7t37hbJGshnZl8UDF56WmaCbu1c5WeRk4UwXkaa6x47jajlWk/EiJmLbGJ7BRCrMIvU7WRC7cCPKVIGyj9b5lSLaiAhCFMSq3/rw26fT7di2GRTsTqCCSUYMn8DebP5Kgoj48NtXL9UMKNVQVsmXx0xILDcV5cRCJmK4q2kinIgUKoza7pmFWfYQk5q/9taDEiNVyRuBqI7dEqJMZLquN4hmpXlloAZ5kpldLpcpiS0txH4EYgfEh8cYQ0WBKSitYavQdmYKynsP7q3HYwzP6QuYSqysjEgwUT75+osyb1XmEwTj0qG8befXZavVPZlzAIvKMC3xSUR1aVFGxBQ+kvfx7Kuv1uMVUVVxQawUmAlQIHbMDzU17wUNlJmsCqbXlVURU+7PzBGZGVYcS6L3UWR5KdMzZjdwIeqg/WCjyk6lakbAPt9nZsHtIAKlj6Fm1QJREPJEv9yJ+I3Hb/zRj374yeefbZetyIFMcq7m8BmuR1yumVoYiLho+mxLY0AXS0pRGZUtwFyAWbFYNNmxsqMgZtrdnGwqgFYgUv2x9QczCnUICiSV1ut4fTWTouZiTUwFUk5OglmqF0VZasKuW6KMEKioci4zOSJGErFIWxSEbRu6LIer662fax2OoHSv0y8ysvxOosJKU7aFZbkyk7FtzExU7yUCMUV6hKhRkEfMzzGlDlS7CmVw5TXQ7wnxIsyMWKNm2WlLEABUAXzzfhEpEXSpSaS0x8wmbWkxIvcgRY8sM8s73/v7/+F/9l+fbl75ZTs2evr555/95rfX965Z8Nmnn756/iKHZ44Iund19Ycfvv3yq88Y7L2X43a4vzqNJy/unt3cbd1HeGsmQufzufdxWNQ4jfKDx+uPv/+t22evbr58cS16JXEldGyiGSCoqqgIk5mtV1eyHLeLe+9UI8h563d3y/2rdnU/oD/40R/9/G/++tmz50m0rsvwLauiGyh5Y23YQdVgSZPbJEKF5Wcwy+Sga4auVpnJ4hSGWjwVi2pb9Ht/8MOlcfZNTMdwnUKX2XLCWX0niZgTWAaVvDEzKo6movTrTqOc75HakDFTJrJSEQgZlNWXOJ8yKrdJgWklwyMwq0AoVeQg/NGD/Mk7453rELHw8fDNN374b/17crj284ky1cRWK4nRemzLYb33xlu3d5e/+Jtf//I3X754eUsk5dIZMXyPBGGWzBCVpioURKklCk9iBkuFF2RrCzOHRx0SpdZNwJo1xsMHx+s33v3ZX/zUOABS/UZBXwcnc8ns6LC2MpDNlCFEUwUlTRNwouJH6pqDKxNI+bXNnerLSwoTDspF+GjoEReiMSlSvFbKfZPbNoXPLCJ96xlxvHdt0jLosm1T8p8pIFXt21a7Zf29REKRP/nhD56/fDXGKK61chgfvfnmerz6+ulTbQqwqAx3UyldpahYs8PxKgPCMjzqoEqwCS8sSejheykdg8uoniIKgrKYMsDpQeB2uGrr4dK7cLFLWZSIzKKCzBwiQknrYX348HrzcbpsIpqAZzJLxhhBlCQife/0FFXPAARiyRa8sCrBk8KaFNmGGYsAZnHKyBRrrMaVqGrGYDYFhISJZT1eqSpXMlJpzzMrIee2b09f3ZJoeC6tqZmKajNTFeJElo14XayZUYRpY61EeV6X5Xg4NBUzOSztuKxCYUk0zjS6sojauq7Hq+O6rAJqy3I4HtxDmpkqU14fbBFwupHTdlaQCY7HNbfLkZMv55bbON/QZfPTSSUX04cPrgQkwsvSTFiZkW4g2i5CaRBj9PPd5e5M5EtrHJGjC6WfL+xBmSAfMSJdmyk3Fl0OhyZiLCayLo3CD61t29m3y2U7uw/VBWwMVhEFZ4YQNebRR2tNmDNDlCN5+Bijb9tp62NEijWIECuxsOjlfCYxiFprlEkU5SRsopGRQZQ5el9FRh/pNR7gfD5to0cGJ3Gm+1CVkg/FGH0bMbHjXTxZMceY+oRwH+6VVC+C33MkVqtXFSRRFMSZE+BnyoxRG6/Qa5cuufcIFxVCenpkibUnLq3EKlK4gMeYXP1ucahRqPiAUhUy2EsDXMpnUAb2t7jXY8uZ14dDeBBhtSUpRx/CCA/3zMQIv2xbRdJvpTgFRRBNXI8op7SESx4y1R9zjU7aM4GIZuIzeZWAc3o+e/51P28mVk6413qM6hvbzqekKiEqIH1vVC1JQ1Qa7zcRpDWP8tz+C5bnfYCsb2yaFRjpFeAzZ6acOhkpR9x8qRbuVZHBDCTNFaeQ3pxa8YJK5ycZY9hqEA7P7oMJKhKvA5hoapHqw8wDp+J7ysBQCg2p9w8IPC4Xj8xAv1z2yZ/3d3hqU4DSI0dERCFJLEJJVAUrSRBIaTH2QV3UWCQjS3ZWuHf1JIQnhB8+fkDg9CFimWUlqUwPjsgKpuTJbBSoQAXcTs0GVaYbSmiQERAWEVOFiHuvDr4stw7X1lirIk1nIUFVq29lbrk1hkyKpvivsayHdV27d5pCFcpAgjwj9kSbitRhoDW7ub375LPfee+mRju7W/qi/TCd5ZlZGrKZwUdgEpFt67VOZESGIyiZrq+vx+g5szEzfo9uYkzXRKbT63U4mDhHuns3VqqYXdDr1ZyZM7wPLx1F5qQgRKTWa5pbFrW1LU233uvMT0/KKgYXd69doGgfYRXCCI8Igixrk6bb5a7WXjAxqDVNYvdBMim113leRNwvW6YTSMHJ09eeU1yO9XDFEB9bPRk0vTWxvzan8K1qWecrDZRE1cxYE+EUb+XUFrMwpUBYoCO2QRuV46GqHN3LQUXxmrXgpsrt+J/80//+sLTtfNc4pJ9+/YufMdPxuD59+vTJF08ulws4wSKi/+r3v52n59l7BJnBVG/P49NnL5/enE+njUFjODGWQwPRcGfF/eN6vbarhj98//7jdfni118soAcmK8eCFEqOqLlfmU2Ykaxsx2NbV7V26cGqx3tX43zRzOu3HjtLu3r4ne9+9y/++T8/n7bEGL3Pge6bUBokpfvUkQsrgIlnm2b51JMKPZ1+KhATzyLIMvNmMvN2Pn33Bz/8j/6bf3Z59eKL3/zLEZSRJiKlKYwdBKrVg0hYMENPiq2m6hEoTz+k+hxiNwQXXVqtBIQ9qawtS1Un1NfOmOSFsJSMgQBKP65NBfeP+vHj/OO3+jv3SFS996tHj3/wZ/+uHq9p9HAXqemTMjlBqmLrUY/3f/HL3/5v/8dfPnl6w6oUdUQULlEKkzqBCIWmC69mVapQkBuYVVnr37EUdoh0ZmgzZlbgsDalfP/b7/zuy1e3X3wmUw45rVisMncaIgarcYLSU0TDh4o8uv/wfN4m2D7PuyxFgZklRYaLgDNQpHcRv8ysYukH40x6NdKLdU/kHn0R83QB8ex1BuBjUMLUbm7v3JMJfQyWKQKGoPexrIsw+ugQBsjEhPk3X3zqFIst7nk4LiIazm+99caT589kD98rj8Pbbzz29D5cVT1z6+GQ7p7+ugQTjYkpkmig3hgsrOUVMbVDMwFXs6+oMGtQqNo2vCqEC6QEJTO0PFfhIvbg3vW6LOFDF9uG1xfeuzezpCBEL6XElD8W5+sMIrAuK8kSLH1ciDoLKZOKjtEJiCRpC0SJhRhmzTNUYBXDpJVsD1FdDle6Lkl0OKzr1WGUOjtjWUyZmvEYEZG2HIShTGJaW/26tENbLtvFVA5LKwa4LS0yRbmZrSZL02YqjCaAe795xf2M0Q+LMtRaO15fqWprra1qix6PVyZgggCGPCiN21s63cr5Ns+nheVwXIU5L2fu5+3F07icTjc3o/fwaE2P1wcRvfSw9XB9fQVEE1sEi2DcnfrlNLbT6dVLIwL5IlCm2C7n083pfHO53DVRU/XSMoCbmQ8/HJa16VWzxsIRTYQzMHr2ThEMKMO3PnoXThM+LI1ADJhIv2zNWoRfTieKBPPhsCLj9vb2eDxWh9pyvPaM7nm4dw/K7XAU08vd2XsH5WIaPnKMpYka1qbpA5FSbvNi9qzJ0kp1QpSsEOGo16InEYkiI8J3f2g4RSB3Z2tQPaoFRZW0m4lLFh9BAlQ6vABmohQFGBhLq35fAJTMpMIZEYkERpTMvyxGBUySKdwELEHOxO7BqFGoTs6Yypak8jSpYnjMCJRiXQGiZErmNDWhXLVVGbyKHg+rgLdx4Qk8ZU7olk0aiEZ6vdOxq33Kj11xgSpVc4FCf2rOrjmiwnkyU1jatCDSTmunTFdp0MwNSYqoJBAhlJsLy3Et1LDYhkqiTaqsc8TX+wAAIABJREFUlD3Uc86dUuPlhN6pChNq1AeY1SyTfPTX4UBBkRR4TRVjJwNmVPbcIyiy4nhRH3iqcEqJTkWBsMr9R/dOdydhFpGMqjGd4843Ou+5UlZibdKclWXue55g8crSBr/1zpvbtvkYrPCousQKM+V0H31UJ0hRk7yLsXguJuBE1f2WNXYSDSAvFyntkvodOYIQi/TLSWjGcQRlTfCZ4WXVLIcY7bP5jt/zZPiJgb5tlCSsJRKtcbYm11pUCrIq2oQLUxKJ9MRMpK2wyNr+Ks2q5DGYCgcxM4+IGDUw1fIIrpOPuFKtgelEKdW+z1xtmpsJZEfx6yutM7zufo5CdTgzh3vlpJeUfkfychbIBEVEURQZJX+BsHomUeRECecAdBn92x9+l4DtfGEukwZXGGitk2N4AYf12ICIIE6zpbhIiUzKGCL/P1Pv9ivLdp33jeusqu5el309+xwekoe0xCNKIhVbUgREtuFIdpAASoLEAvIUxEAQ5CEI8pJ/MG+J4MiWZCmSKJISyXPd17VWd9dlzjFGHsbsTT/vy1rdVTVrXL7v97G3LvFCDBKSUkR1W1d834U7IHeqT5ZftW3L+SgXdWAvvCEsQWOsROI90TC3POQQiHHRUgkYXB5WQMCaMQtuKfojyIDBrIX6uqorqpkhgFjx0rdf2tLcbdHl2QhiQaYk49dqL779PeFyOr5THdw8LJcJaB6sTMzM1Jr97r/649/+T3/vzZtXCr5jePnFF19+/sWTp0/Wdf75zz47H0/IIcwO8OGTR//og8N2emBExthN5Txvr+7OpzXDULxZrFtlFXdoy8ZM08BRq4R/eIWffvPJ3edv68O8A78uXKAVQqVgolIEEb2ZtwYZL00ogsN+1N2huTf3Uopv6zjK7vETwPL4gxf7Yfyr//BXxNzqtswLi2aGdF7ZxC1ftnTWh6tM6VXvgPikpCV7MQfIiesJzytIBIOU0/3bP/t//q/Pf/w3+3FqFuGWWlVC1LwnIjkVJGmiImCMPlbCTKWNzPCCdKpDcL6EECgDVxAp0x0ZVJVEzFqEUd4x4cTE6Q6BcDDCGIuOqo93+ulj/60P4maydbXzaR6vrj/9p//F9PiZ1bWuGyAQUTV3By2DCCMy6UTD7sf/8Isf//3LV6/fGSCRQJ+rBwJwJNgyRLrUk5Burw+CvlYbxynHSYQkxOmiYxGIyFAiERFmBihFx1HGwh9955M//9O/lrYmngbBhYgJkksDAYyoIhnlSIRJ21jr0sxRJGdMKSMlRuEk/Qdzpr05YXRUkQMiDIQTMwHMAdXzfOyeROjK5L6LTcdd7jZF+iXKAX++JoZB3D2VmUh42A9EaM1zxBDmykxARJpDK2YuWmptD6f7tjXV0lkWAfn9hENLVSWxaNFx3B8OFOHRmplqGVSZsHW2UR+rpetgUp1UMcLdAhFZkFBFtUzbXN09P0jK2LrUihCZhjJe31wR07ysWiSQwt3cWWQYiggtdZ1rReRmnhA/i2AEItShkJRhGqub2cZdKxGE7BGQuH5AHQcASE0QAY0lo3WYmERL1+iPJYXjve4mGbRABKMDWAAoq5ZxmCaiSOcJi07TWEQAwsOVUNNTzwSIqqKC06DKfVnChIMyW/PjfWxrUWZVRBwPexINCGIug+qgEdDWKoAqUSjEqp8f6t3bdnoQa95qDht9W+z4sJ0ftmVet9VrIPHusGMpwAOVCVgBYd02URmEw+x0d7eup7qs2/msBNL3e7DO61ZbbZuO3MKb2TBMiKJFSlFlvN4fwgN8m5QLg291O63kVpiRgIHMbF5mZmbW2lZvDRGvDlPCDLy1MBuKICILYcS2rVrKulUE0GFYtkbDeP3kKZI0991hj8zbPGO4N2utCmKYqSAhTONgLby6uwFFuFGn9wNC1zNn7ZcUL8yZMyICprszzMOcSLBn6EEKG8PSA4kAwUxm6QzMTewvi0oME2QI2A80iRKVra1hLYcIxBRAtbmF9ZFkYtQRAYMQzOowXf+3f/Sv/+zP//SysA2A9PtHWnARiQlK0XmZ8+db1irJtAQkACEgwW1tT28fAdB5mWutHr5uc7WKJIhUSvGI1D6I6EUXk4D1LmbuQ89cTiN6jqgCABNxjogI1lUnicxhRO01QwR4IFMHD+H7hUZ4AKbALjNizCJg2o2tVSTOLFQWAUcPy4FLa+29TCgHkMLSReQBOaIOfK+gCQJEZKDE4FNP0IqU9Oe0AAkpCDBTbC5iXB00PGxrQHiBIvX+BhBYyZufjqf8D3K0mat77NDCPo3uwel9vJpTUmBhBAhv0CfI6K3lV9Naq3VLf5G792QkIsBIPFN0fX8KdtN0GqySTZAjhKVxJLrMxzs8JtX80N/l6d7AuqxpN2HlbIsQegRulm3MKqQXS8uloeniNsRA9/bo6VMHdGt0SdqKcLdcUyTeDs3Bw6LHWhEAuHXmHECQyDAVq5ZKp+w9UnHlAcK8tbquM6HkCoIImYUIIwwRmJOE4+n9++XgOTzhmCnycTMtmvpmEoJAAw/zXsRjP6lzgmnhGGGX3PJuAkEax9EtiDknpWnS6LQucLxINQEw5RZLa9ZadtJZOYV3121EEAEiAwQzpwwm66Toq5duumAiaxYAZtYZcwRWw83LUDCRx5f1VN9yBEKEcDZGZNHDQzFRkJ4SNsSudOtsx1w3MZO5h3nS8RgoL0S6ejCAlC+a/XzGgVku8Phcr+dn6YAwzFFwf/kBMWcAFlJ6rdLNEkocYKf5vK7H0uEPABBAxMIsRGn093bz/Dt//G/+1/V4b8u8H7idHn7yox/t9rtS6Bc//+zu7f1WlzKohw+iv/nJ8zi/xWAGg4it2uv742ptKAUBI+HH0k0dZRBiQPdB9brApx/fxHk5vzsfmA6DHMYihIUIIVQkItVw5OZcFEnb1uq6RXg57PSw293uWBjcbWllP+E0kowfffuTr7/47O3rd4gxL5VFAMLaAmjMBVkCwq2nq3jPEaRmnkK7hDTGZSSdV7znNfezETDTACxsW8OwNjdveSwwEmOoILmbe4pW8vhiiMwfFLzA9MAzvhouJ3sRJUp4RTc7MeZ2DVlEmcINkeI9ZCyXfwQBUQqPg4xanl7pD5/Frz7eCtX5vNV1G66uv/M7//zq+QuOhs1FkMBba0ikLEgIAc0My3hc7d/96V9/+fU7R2Yt0zRywmE9NanZY3arHACFeXh78fxqLDovLsKA0D2TCMQ4sAgiMgkBEauIZLhSESF4dDPheP33f/W3BVsukRGDCYtq/ihh7lwKQE5QH0KqU/gykqMuUKRci8UvEapALH6p5UeVSbkgHGtmTTGlfjKNPzm+YQrI6R7CZR5DyAk9A0QWFOW0UxFgpmlzV7EiQKd2ZE1PSAkeSZDFZi1Z1cyS1o4smIlw2yoiMEsL01Ii8NGzj2S6aXXGaAhYWJlBGM3RHT2AibMSJgAhtNYIg1kRJYGPyhhmgZixyYhABAnFLapMMqjuprI/jNM0adGhKEaUIrVZIGbI9PG8AGGzahbMxT1qW3fDgAxB6ubu1lrzuoG3vloEYJXWNtUyTrtm7eIKDWEmURJlESCSVASJAPI4HYiYhESFAwQcwJSRCFSEkMbdKEyIMahCuggQuiw7qtWKEeM45oZqKDwIj8pCUER3RZQR2+qnI0Vj4ggspQyjpgxpt9+r8FAkX0Bt3ZTA1tmXM25rzOfYlvP9PYW7GSJ6GIfb+aSEBFBKCcP9fn+4vSm7q+nmdtjvXQQRDldXKqXWbZ43FgS3MOfAgYeiwpytp19f30zjNA7DWldWkaKq5er6ICwIcL4/KQSFsbdom63b+XguRYdprC22tUX4fF5EFBGVtRSpdbP1XOfFW13OZwwTEUDEoOrmbloGaw7uIsQqrTUmnE9HdF/O83I+E8Q0qJshZE4iQECtbVvrtq3hnihdJGxr9Wa+VWsbBzAFhLetERGGI4GomHnmYFzKB8yDBTNMJY8XgCKKgjmahcj1HVzskZnilxrYti/wf/7xH/76t1/82x/9dHO76IKStu8pQqBLD5+OZgSwFkyy1fnP/vLfF1UlsbA0a/VZAiEQggcTVWvf//Q3iurd3T0LQ1ymjxERCZvGP/qDP/j6zdt5neOiIGwJ9fPuQggLDGdiBDK3Zg0RkRjeKxygFzUXbUl/e/c/5PQBe5+7UycSSCemEAaAEPWZY+Y3AYQ7pAjePVNpkWh32EfEfHqA4MCumwzoNWX0SScw9zghiEBkDwOE1Cq9fwVCWj26Z8oJKcLTA4fYC6boEvO4fMLU+iAxJ3nKHYi5x2P1VRB4lkLJfwPES6LTBafNfeiTE2mIDHjLzLmUfxCymwf4pfgCZGbi5ThbazePb+dlDsvtcS+Y8oNbVquXCJtU5CICEdbmmId7WsXfMyujC+oxo74Ac6ZEqXjFLKp8mIoor+vWs72SWAlOaVSLHJxgB9Bgb6cRoFm7fnTr5ut5JpR+70WXx/S1VM7ru1kWLjKuzNjCxMCFuzsU1ZyUZ8eZDWhXvyF53np5h5tdRmAIfTX/ftXes8dSbEJEEdm5hTCHW3hvcrNp6qVTLpA9kLsBOkMb8n9PCV5NZXwAClizMEDuuVcRBgHdcYx9ESQkrW5WW+bQISQOCMJdCltzYurLlnQgUN620c1k0gmD+fBz0Rcffvz23WvVokWtGUSUQT3MtoaETFy0NDfs5swgElF+r6rqi7DemHfBCaY0CIiQPIyYchMWkGNlUC3Zd3n6zAjNPDVs0BdjnM12IBGhQcfReFg2odmtpVCDkMwi59kBIMzm7uFE7M2HcfTWVEuuNRKh583z9HQHgkDi/+p/+j+ePnt2/+b1yLhX+tnf/fjh4fjiw+evXr364vMv53lhRgaKiE8+fP58h8tp3uZVhbbmX7+5m2s7jNO8bJvViMBUIHhoUSI8nc7e7Go3/cqHh6eH4eVnb0agPdOu6FQkMx6zC3N3UREVGVRLkVFkYGIMiLa28Jhursp+dA+b1/PxPD16xNMOdPr2J5/82Z/8SWvNAJhwq8vN4+fD7npdTgHQmqVlxCwuX0OWeh3nnKAozuH3JQcqLluerM2JMCAVfVBS7hqWeFZCQHRCkKxRu5sFmPOZyUMxAJ0QU7YR0NLoNg4jB5aiYH6Z9fTdTy4tCIDziU15jDBRgoZgHMrNbvfxjf7Wc//u7QZ1fjhtrToP43d/9589/0efCpkEJOY1PFRlGEpRIQIRknEYbh4vW/vsF1/Na4VAVfHWtrUiGFzGVSnxS7RPnqxmDQC+992Pt1qX2sPtVSWn/iooyoU5QSu5J1RlFVEVBvjmdz760U+/am9fJ9pfCVVImenyDmQEyXcB51gKAYJQIs1Rl7c7E3fCWaZvXBKJEqRchHaF90XO7quBI3pgjzXMwR9Rz9bCfrkDUlKDZiHCqQMECOs6BhYGQfaIoprLOXNE4nBLT3nvKDwg2/VIsB/GhRWLhBGhLAFYxuHqcKitMlMZ9r/6m7/7/KNvvfzqszo/MOCgSm4Rbh6RHSBg9vyBlsW3Eg/DmJHJeVibefOKDERYVEWKXF4xRXgqShitrvvdzi1GwlhnaAYo9+cZEd2wujt6M2MpwCpMRXFQlXH/Gz/4T9blvC1nQojWACy7WWEy8N/79U9F5d15TTEYZ8/IiETMDMwkgph6NiyjqAzbtu6mPTOgO7qPhfKEdgsgGEqBcAagIE4qhjVGZHB0LyL7/TTtBmFSxlJEwClCCMdBGRzbFuti61KK5kphf9iNu1LGoQiN4yCIw1gQnBHBNg1vxwdu63Y6z3f3Vg3DlalZDPsDMVLEejoqkwfsD4fDYT9cXZWr6/3jx6hD3XwoGgg317eZNHJ/d9629ebqgI6T6jKvrHo+nYlp2u1uH10VKR4KLEMZEkZEgLFVNffzSX2L83m5e1e8Rd28eRlka9VqrdsK7oKoGLHVtm5gG0Br60xhtdZam5tba4GkqqWUoQgRNWvoVmtlAN9mW+ZBWAWjtmhNheq2qkqYhVmYAwLTReoRFuHWaliEO1gjCMLIvwwG4MFMQGGe0pD3vBe4yFLAzRMTQkzEgBYQjmCc9TKht+B0k0RkN4gEBF5EEOPjZ49Otf7NZ19tWwvLXK5A9EuRbgRUpEsPwLrx1z2EBAMJqbWaB6wnwTwJ4F1kjufz8t1vf/v169fnbUYkd8du78opdFwdrv7z3/+n//e//9N1ntOECYAOjsBAFAHNWmKg4z3UmaGvhzsMEyhV233IBHHBKnblT2KUs5QGT2kAkw5JMQHso3MWRsTADGTGvvdM4TUCYBDRum7IAJDDXUjiJBL19Wd4/+w5DYkAIiBwi9vrR0WHZT5DmgvhkvJIGO6iut/ta2sJW0xxPiJROhKTLg8OHiwaENEi3EgkJQTenC7q8azxASB9zF3rQ4GYDN9LDm3WWHljQACCFAHsDUZ3cSS+KL/QHLNBsMrt7c22rJi9FWG1zb0vgwHhkkIc4H0fgIhJBU3zdH7w/PGQMkzhdK9kHR5uREREzczCAx0z1701yC6rlwh5UTOXzvGyvckZ9sW+jCx6Pp225TwMk3vDLh5ICDRwQjDCSdj7r3oxEmToPWH2cgY+jMO6roQEKZCDSHtW5mrlUBwp55vep1mEzR37OxQxQ5Qhcenp4+mOgRxJuntrSdKULh4D6LNMcgwk5nD3cJbUIV1kTyKb1efPny11rUuVUqJZvkrzvwgPImLkCMhA324kD0BM1A9EoDJnR42MVg2TuSPinnPC/Bzc77Fu084JOlbbPDwzMcydEEgklzzpwiWkcHQLyE8fSMkXaJnvO1hrGBSEouwOyASd+IuAFODEcn1905rVrRFzoPdJqkPCnYikr1YAIZBZSilbXTgpQ9D3hv1fBVxEXEiZ0hHQpW1uktue8P/IhQ8skkhJq7W7IhCJSFT6ER3t09/+F//8v/yvT+9eY12vRl6O53/4+3+4vr1Zt/Xzzz6/f3hobqri7ruhfPrNpz4/RDWkCMTX705GRBCjjq/v7/pagwAipEgpXJRtqyr0wVX5je88vX91Z+d2rTqA74ZCSNY8Ny3IRMIsCoQeyMMAgo4+7qayG4dhRIS6tfHqMF4dEGE5noB59+QJ6TDsD6PS3/3lX9/dn7bagvj7//j3a8Srz38O3o/TfsNDJ3Hllcq26VLuQ8rsCK1PMboHPd7v2ZhT4IOcxSRx2ugvUoQgyiTcIOzBfhC9QO25Tiz9KUJvbWOCMOc+g8jWA7QQIgNGni2Zx543sUjmu9h+Gm73u08ey2899xfTudX5+LC6BQ/Th7/2w+e/+hsqRO7WGhNKkUFVlYZ0Y2Ie5iLT4eH47qsvXn719buXL9+8eXWfL+ksN9/vLSlzDxI44el5BeL45kc3p7kCigpRYVVBhPQClEJCfV6Q0mQWFlVmGgb54OOP//L//YshKmAIkzDThUwN4VpUGMGBhK3lOr/7onMWgADJgUmMzy99VZj9BgvhJDAwrg3m5t3kkSpHdwTqWLZkeWM+uUCa3VeIMiGlLk+IIuD6+vlv/fB3fv6zHzOhh0lfwiATsRK6J11AlKPLeDlyE86EiPniZZKuWOguKRzH3VJNpYy7/Vdfff7V5z+101uMQMTCOihDQPNAZg8HMESUjo3ywkpMTAzBxOxh7m7hQDyUAREZWEUJwqMKiTAPStM4qIwYUrf11z/9+Dd/5Vt3b9/VkCAk5gBI8yISIgkGMeEwct02ILSg0/27sGZgkZFtTEA4qC61/t4Pf1ANPvvqZSmKBEzU4xJUgTgQmRW63RfG/fTs+fN5noUoWlMixmCMIuoGOow6KDFHdsXuQiTK1qpgRBgSDmMZxkKEzDRN024ci7K1NgwiRdt8xmbkKKrDNE3TTkVLKfvDJMzuAAGjCgKCNwpr54c4HWE9qVff1uV8Tq7rNI48jsP+oEJFZD2fvVVCPuxHEdldPyLhCLB1GQSuDoOEUcAyn5b5rKIMAF6j1cM4HB/OGBHgh+trILHw03G2oCdPHh/f3EENApqPp1hn9eYPD1Hn9eGhzfN2Xs/3D1brMi9tq4ixrfPy8BC1FqIiFOCn+7fK2lrqVwlIdJjCbX99DcpcxgBcljUc1nXdlrNbcARYC2ut1rZtCM6SNbrVdWUMJpoOh2Ha1W1rrUWAiFr4tm5dfJHSg4BecDFToRbOKM08oVzY5dNonouacilYMJM7UvGf5a4nuB8ydcsxAryGO2dJSPLvfvrz/+/vv0ibHjEBpoer4+4QgFMx0GemmLinVBMFQrMWYTkPTYtj1jDEFBbKfHN9+MUXXzzc3xUtrRkjRoKPANwDSc/r9qd/+ReEYR7WrIsxc7rqIYMgQCmsguvWVAUpmBiQAsBs88x8QcbUOObQzj07mQBwd2EhxnVdp2EKoHQtc6AgmrCKFrOGhN4cCcEMkaRvzyF36JjK7Ex0zB1qzpgRKRfy4BFGnFUFSnIEGAEQ3Impedu2GXvoScaMpyculeteW/NWsWu0o6thKK8DmdnVzX4ad+fjMcnlOpS6bWampXS1BgIAsXJal9/XnPkuzpq5F/aB4R3j/X4QggHpNbmsqhF6XBOwUCQaJiDMTqezmQsRemx1+/Yn32Up59MDi2SGL7L04SgCXNKUSIUIrBlG9K+XOL28SfRLxf4wDCxyGXZDV8MjX9o7RCR3C3dCiVy+4IXS+H5PkqPc3jkm2JPs4tPs5aSwZUsZgEQvXnx8d3+XUTyA3eKa0WN5jXaHw9PHjx+OD1ngEKGwqg5WW+87IYX7wszuDuBMlI0PMWFgZlFm6mYur7NQE5EU6gBiOneph2wGBBAJBjo4Zig9ZSsXT54+NvNWTTU3uQEYL54/eXt/zyi5vGAlRCplqN4AnUmFNVLGfZm0RgJ0L60eApRx0GFI302eSiJs3qDruSE1ZJjdPyHnNC5AGLdl4SBicm8BGBbZiGYgB0Yaar0L8qO3u4+ePD2ejtjL82AlkQIR2A1GICIRRkhuVtsabgQkLNBnANkVXm653nqnLxLNWrg9evpBIGzrwlwy5CHdBn2bFJGsgYxcJYZOAkUEiAtKyACxtUqIzbaclwBQoCNSnmjMNB5u/pt/87+Phed3r69HGTh++jc/qW43t1eff/Hly69fLcsiSq02Qv7Vbzx9XGI5nTFCBr1/WNbmjHy139+dzutawcA8EDMx0cwbE3i0wyDf/9ajD272b7+6G4H2QpOQCKTlEYGAqJQxEK211lqzNm+LOZGOw+HgCMu2lqLrvC7ndW0QWmp1X9fd1dV0exvAH338zZ/93d++uzuau0OcT2/ffP0zMgBgtwYAXbVFuNvdiJS1Ve+W0MiGHAkgLJP3AKNPPgi6QxUBCRhJhS+WX0+0eUdXQeTSSZmFck2Uo/oMS8VcaQJ4mCH41XT4zV/9tfN6Wrc1ACBiHEr37jOFO1/IY0K5p6VUNivDftIX19OvPePvP96elHk9HU8P27Y2luHpd77/8W/9jhYRRDcbi4zTUMpA0O+6VishWjXnEjx8+dnXP/vpF599+SpRLdN+IEI3600/IF4WrR3qQ4gByrzMy+EwffvjJ8fzxigswEzMJEJCoErjqIyAEMrY81uJSlEhePLk+u5sb3/xD4wGEUUlv8Z8B6ly9leiYtUlkfwQlHBP5iICCEAUPRmwTyuYkJEFYCc4KS0GZ49AsnDzHhIU4QAUgW4BhMSJiyKAPp2OCMhodkRRdQ9lXtu6LPO2nThHJtCVdBlFqEJO7zMKc8BRiPCC/U7tPwlhf6UCOgEgrOtiltGXcXx4Q74RkLl587HoVIZ8fwOhh0U4Sy7KqZCqFA8LxOaQTFEz4xy2sxJJmjcAK0AUKYzy6NH1UNgdbq72jHEYy93x4e3dyalUiLU1DGpmhslHDGtVGSEytiXevX5N4Yq4bpsw96kuEmJMw/iTX/z81f3d4XC9bZUwWJSISZiH0QOASFiJeRgGIrx9/LiILstclL1VwhBEEQ4AVR2GkmITcBuLCAG5tW1lCCbgAC2S6YrKPCS2P6m+AFMpBcHXhdyK6jBMxLjbjUySLvys53L25duGrca61rt7P5+VgqLVdWakYTfxMIxX1zweLKKt51YrJeKNeVu3tfl0OBCTtWZ1xrb5Wtu2bcuS0+u6bACGAXWpVu3heBbhaRoiBLk8/eBZUbHWrvfj/LCO40jsDHE9lfXdvdctwz/CzJqbx6BKFCz87vXrti6D6qRDPZ/evXvFSnWtqkMYIIqUMo7TMExlGIbd4f58XpY2L2sECDNBI4JpKG3bwpu3AA+E2JYtItBdmD2px6woSoTbUq1W0QJdgxGEjEgRjoSirEWJKO9V5n5npHokej/CSowW1iqAi4g3B2/gHmBIXRYPCKrpL/DCghhu7pZQgWitAgAGuWWpBQDQWs+c8PDkfCsll4EgDCFzcRyJwhwZ0u0Jl4I4x7CJUg8Aj2AmJm21dSx+4okCkNjcmcRagOG6bYEkTH154FaUh6IehhhMSqldAnTrOvNcaxAxIeQn6L4nhN6rpDoVHUg+/d6vvXzzmjM0hpBFFCKm3UF12LY5L0NuBCHzftwvtsD3g2XseLoIN8dAQE5MPnM6toSAWm1E9N7DER2VeAGoQzh08ncaNlMz5R7cESXvwzEhL0PGHxATM69rffr8Sa2ttgqIKCzSURtduAmUene4DMghACgEu4a+z117G5fN5oUK473NAcRp2qWxIOnsiXaifoIDAI1DLyUN4bycwC21OohYirJwXWuA5woYAJAo6wZEEO3BovnrdUYGdhmTterdLwKY9mEAIrx4cFOgg4wMhJ6hyNjTKJCyBXUAHKfJrFkzSGkrIgRh/lzE3dXBzNyMSdzi/viOIEEcnSwOfX2UKxJurd493CEApwbawcwiolnr7nbsuw0E9DBiJqQyDCKaU3q60EIJu108++nsVfuar5fW6O7cEy0/AAAgAElEQVRuriLcX6XMIuaRizYEnNd1qxVamnERkcDi9Zs3DInD9wgwMxZGImutq8go3I0xKVPkWd8iJj09G5tWbatbTwa1SImAWca4AlN33eX4lpiiC+2dkFTUcuRA9MvDoEuOogtcAyhl9gAAYWDXT56u20ZEgYkhAqvuCROM6BxBlpQUp+0eoVPlkzJEiN5BL+DhzLK/ujK3sEqITHw8Ha0uSJTZFO6euruig/fob8x4DTMjIWJJTvOliQ4EDAxW0UGji4Io4QtMZJYyJvvtf/nf/+Cf/M75zWtt87Pb8fXLt1988eWjZ9en0/GzX3wxzycHAwAzf3KYvveNq3o+mgML3h/P89IAcZzGQH7zcG/NhKVadW/7/X5rrW7NrArAs4P8xrefbe/O7bQeGA4DCQFFCAJhADrLIDK01syrXwyZoqXs9ohY9gMpW7T97XUZRwSYDrvd42siErDhag9lABm+8eGL//Bnf3Fe2lbbfHzYlooggJTho13HBcCs1TZrFaDvXvK87Mdgj6iV1hF1Ke2mlICnCCby+SSKLrrOlW4SXgiR3MwdhPhyvENGfaethMCVWZT2u/F4Onr1rs+MQCK/uLKI+pxAVfLFUJT2g+4H/uhKv/cYvnPddrzM5/PptNbqXPTmw29+84e/XXajIFqtBM5CQLTVtbWNkKyZB+aIutzc6jC8u3sHCONUbm53Lz56osz39+dt3dJRIt29nhl8kUuaPANU9TSvz59cPXm8f5jXTuHkKMpMqEJTKVf7nbuLECKoCCAI8VCUMb7xrY/+9i9/pG0OAAbK11F+CcIshMnLd3PmjHboVA/hrrijzMBiDgIPz6xKZdopHYos1c8GgQSEFpA1fQBksCggXDqznLyhQzBST/vx/lcuCmYUwnU+P719BJcnKKGc7mHuj26vShmO80LvuRmIyOxu0Y0mQIAinLrh7FksIBGORKRFi7BnMj3RoAUBq9Ua3swS3E3MwoUQ3K1wCYirm+thGtfailK+nhAJWZsDq0AffgQAjDow4u2j66upqPD1ftgXvH84fvb1W6PSEN8dH+7PZwcbxxGIwo1JwGzIZuzCGSmltNZEJX2CIkLCljHmyMO4Y2IMHIaBkDwgkJDVgUQLCWkpQylANI3Tw7s3mD05eOqjhUXHgRDNrKiosBAoMyN4q2GNABhRhJS4FJnGnRIQIoa7Gbi7reytrmdopqqsFBjLOofVbatu23I+Wq25tNvO8/n4YNuC64p1q/NJMQK8baubl/21HG4WA0/tl7XwdnXzCInrut7f3Vl4MNVl2eaFrb179erll1+Dw7ys41DGMkRtHD4/3J+Pp7u37zxiN02PnjzerL348IPr24MygNlyWstQnjx5rIhY19Pr18d3dySjkewOV4erq/PxxMjE/uTRoTXb5nUaS3hEWIA5+OYx7Q4EfHV94MLIDELNPRDm1oIwk9HCzdvGKQAxK0qEBIFu1b0KEwHtp9JqHXfX14+emrf5/FDXjRC1jMApOvVxLBbOlG9h7vzXQPdgRcCIZp60UEDRFJV4vk+Rsoh0r5brVndj0QCIBI6m8tAj3MIs9bSXSj0w/P1B2noFkrKUSIROAjsxGjMCpunasetJgjhzU4iQWnhOrkmYhSPI3U7znKq7w2EvzLVtiNARgglRaE3kQswJRAg3y5lFhLfWrEY0bNWae4+iukSPERKmGD51Q12IkM5lxy7tBA+/Olz/wT/753/+F3+eXF2A4EABQGtWtxX6BLSHhKVe+sJIvrg93zsYAT1sPBws0tEc7o4YGZkEWTIipKYCMCi5JRcKOzgwYzhIBgGmRy3HGohwSXGCi0bGU/TI3OpW25auDiLetj54RiBbN6Rc+aJHFqJAgJ3tmPv3lDFFQPRtaYQLSwpqu4WB+1oDiZq5uYUFJr0nnJjKUNa1iUq4V0vTldZ18dpEi102OwCJNgJkUi3gkZax/DWIJat8wOTEQbwPafMAiOQIZYmQaUFpz4C+AAMEpAwDSlpVNmUp6yFiLkrKUtK2ng5vYHbrbKwERHZ8fkp8EIQEgzHFOHip0FPeBVmLIAIwiHXMdn++mHXQAoDmEG452wZEc/cwlizMvGeGdXwNIlJaaS/C6MDLRQLssv98aXpEaxsycgaydmIXhbmkxjpcB8lwLpWS3h2H7tEED2st43LDvK9MOj4r3LpvJLvF/k1GN9r2kTx21hAChvlQpv3+erUaAN6MhMPBasubKiGA7pcWqq+SKF0ygA4B4ZZJQw6RffPbt68wgolbM8ihngcTE6MHuLfcU6XNFDl/Sm9mvdcxvaynfBAQPbxtS24nEkfLPfHncoSlDwDIL9VJPvkUkDWRbY1yzCrY5ZuAAejm4E45NAVMF70FMuH1h9/9o//xf7Flaad3zw4l6vrjH/+UmA6H4Ysvv3r98m1da9oXCssPvvvhQex8ns19Weu7h1OzFgDj7vDm/n7btlQ3jlqGoiJYt7Vu21j46c3+049unx2m+y8f1H2vMDBSMyWmPKworbleW6PUQiKRymZRt+18PC7nU92sGaAqluKB69bKbhymaT0dva087YH1+vHjtq0/+fFP53lW7cWZWeY+ZT6JAqB5q7XSBXj/XiaGSD0fAzP3mrtmKLupCOiHa4I7IaJ5Nt3pru4RiIiQvF+87J96W2YejMxEEC7EtdVXb15ChJbiaXchBuT8LpgQsHewOScaC99ejY8P8o0b+pVb//jQCiyn4/l4XGsDIL598dEn/+T39rfXo3DSi0lIRAKJibQz15mERZRUoewejvP5dH735hgq21zfvj6/e3daV9NugItaW+fuZ94kOiMxwWVFKsvWXry4PUxlXlq+fAaVYVBhHoR2uwEuEwQEKINCgIgwwn4/Uhk//9sfCSMiiqAyITgEKHOCX1q1pLtHroQJ+fKKg/RXp/Iq5ayMQrQvdChsEKcKDphE8PezIYS0ZVwEjil+vHhvWMTcehYQZugxE4uZEZOIPrp9FBG11RREMxELB+LmtbaW1wqpT4Gy+iYkkjyNQFkihZ5IAegAJOKALDKOOzMzsGqNkYUlIJo3iMhQW4Rg4nSIErCKBoIUDYt5njtBgSidlR5tKEqJa0RQUYSYpkGF5+PZtq3OZ0KqwfPqAZQ0kxomIiLCKpeTNERoq8bMzb2CN2vIkq8kYEJi76cuIbEMBUlIlCiBp6LDgEQsKqqqwsxFE61M6/E4qkRYURZkMyvDOO121TYhUhVwT5TQZWsdpQyqNI1FVZWlo6wwGGEQ5ohoq23LtiylKBLpOOWQdV02ixhUCyNuS5vP4S5MgxC2NbZlO562Zd7WZVsWVr15/IT317vrW0JQJeLYDQrmE6tta10WbA1Faq02n9eHO9+2dlp8ncHheDqLsLd6//LVejzWefFalWhQLcyHXSHw/aiFwM7n9e7+1ecvlWOdjy8/+yyWxbf1MI1OvMzLWpsDb6fl5vpQBlEBNxzKtLs6AAAxV28eoMPu6dMPtq0FEjDqMDmghQ+7/bzW3f4qgESpD5LCa7PWTFibBZhFbOFGALFV8AbW3Grb5roewRpiVy1bczcLy8QtN+8oBU6CBxExurk3Q3DqFUEKbQLcwg0jAYrubUu+SC5SrVm8dwxnGK95Ru0SU7JNwiIJJQFQmyVuqKeFABChqioTIu0K/W9/9Icv37z98u5Ige4GuZvNVj+QiFp4gJk7ALonUzsiIJcXAWFm1auZIybCHhGgJ3RBBKASR7hyt+AyISK22hCIlSx8s/qtjz4EpPl8ZpKUs6RrM9wQMe1AcGEVQmAEenMWXdblT/7tn4zDQEBmlQhZebiM9iJ5ndQZIZ1D0hWnCVnBLsbuTVHAo8dPI6xuKxHLhaEQHu5x8+jR4XB1Pt0zK/WKvKtDwh0Ji5acWnSFPCFEbxsuOhboMyvsMvwAxyS1Aq3nJV1KqfYPszKVwDDzhLT0IzEoJSiZShaRZl5ImUq4k2KW26ySvc0wjBFm1jDlJu7Za6Woeph2OpS21Zz+EjMAWDOITqaX9Jj0pXAQEgTUrb6Xl3T8EUBHVSJ0XRIlhJovXzPk8qkLraIX24lY6XoVzFl4IKKqQoR7lFJUeFlWUVnXs0FzdyVOYkwXP+HlanqkGSTLwUyiDXApYt4tetY8Y8y9Wf4a0eX6Fw/qhappZhghRAkYCSSwtBl4XbcLv+jSvQAlFqXvvqGrvfByA+SfXB4eyAbSWvbiFBBIF5M+9QJ9qxXAidE8EPocHYPMnCkl/v18EFEker9Owa5HunhaoiuwAwKZ0yLQdb0JPC3DaTlZ3RKIxER0gfHm85SM/b5BwffYqk73y047W2xEarUBQBFNWVqWDm5xme322WE3o1hE3//D+6+0SEFkz2SRi5bJA2zbkLoixSPSRJzbRe7moK4RxPiPvNqEJHI5TRAj38rU96M9MRkwNxuR2UmYywpk+cN//T9/55OP55efH7Dd7vX169cvX76+udm9e/vmyy9eno4n4hAlCPzGk8OvfHh9fHjYlno6zqe1BbJhaNF1rQ+ns7tngItH08KE0Kxh+G6Qp1fD9z5+st3PD2+OI8GesSAIoCQdPB/MMPPKmHWqcBmIBxlHQBjGIqXoOBGLlHF3e4VlaBZ1q8QCAW0+A5Hur4L4w49f/Phv/u7t3YOHnc9reGIlcqSUFTm4GyHn7hBy7hupCnUMEJV0mnK/w6MfowABQZzSfI+wMhyePvnm6fQmp1BE2ZVGQBDkEvwCZ4XwfpNH3tt5RpAK5BDFgTnl49A3AASdfogogoPgk5vdi0fjN/bxyY09HSv4crqfHx7m2kJ1GG8effyDf3z99MmQpyqCDmWYJtZSihZVza2cSKRKfhz48GRelzev73/x8y9fvrp7++b48vXDWiMsZ4VViyD2cz27TVX51kffSXEX9XqT161999vPzHxrxoyEXAYdNGlD8ejmqq41B3uqUlT7d4Xwwccf/P1Pfh7nIzMyQREKd06mZV6X5smVs/AudzTLiGRGwss0L80zjDQJ7ASbx2kNS/ACIHJnmXpnekR/8tPhjX2TxsyiWqthDxHLo64fGSoczZbt3OMUCb1vcb1PypAkI7q6TLHb27qMkwiRUkThAFw0h23ZxhNCq1sezh5xyclEx0CMlCIAILPkpKwMAzKbo0dY80EL4kVzSgAI47jb6U5YCGkogxA22wKau1v1w34XZpvFu/OyIaxmzdwMVErJMpNpqzXMCNHNmrsBBnD1FoQkGpRsIQJiDxiGAYim/RQBzFrdECXTqpGZh0EG1aLZB7o5InIZBJoijuMgJM3Mw6XwuNuRA2NQ5r9C3osNwITl+movAmVQQIaIwpyAWkWXcLAtaqUAIb6+udEyiLKoeHMMHJKvaa0+PGz37+p83A86Mq6n43p/f7p7u60LQGgZaJiuHj8lGUkQI7ZlO59P5D7f37959dWbr796+/oVASdK3Zb5y59/dr4/bstqVudl0Qy7rP7u5avT8WGeF2stwzhtWee7ux3Bi0cHm8/HL16tx5O1laOd7u5ffvFl3WYRnqYdF23hD8eHpW67sez249XN1dNnj6bdwZqZRzMTAR302ZOnV9P1s+fPVq/E6O7jOI5DGaeJkedlGccRotVtHcogzGgxFC3DsNXNw92akBPBoFOEr/MJESEcavVq6OGtWsZTEGA4RiMIEY5mEB5mhdlazRPNmhEgY7i3MG+1BbhtrgwUnhG1Ed6zP8nDHAKjNoZgyXFMWDXhLEzAAiJf8oEk5JcMpoh8mTleJAXMQsDM7Biv7u6/fjhVS5dXRP6zBDo7BkRrjozhQR3RblkOZ/Xglv8mh3sYaYrsOnfoHmgKRDgv8zSO4bhtK0KqABEg98aISPN6IuyPeRaHOXDIXPP3opHsIhLN31ojJJUBLNZaSRgiGElzxpo7lCw1iAniUppT3xx3vSqkyTbn8XR8eFvXWVlzOJ3wAmQE8GYNAOvWiNjMOqITIZsJCLeuKknYK2IKF97//1k9JbUtJ2kX0D94D81lZpRUv4CZX99cCZdt3TAT4DyjHMDRIxoAIvL7IWeWNmb2/MWHLHo+PiCxm5MwBgbBoyePzvNZRAIhLJL0gkhmdT3PuWdIGXyaI/O7IWRSVdUccWVBhoTDOEZ02kQXiWHnGESfEUMW5hSA+ZNY8FI9AsB72lKn/V8c1xCRrE1mZuHEvmSlDuC++X/2+/9iWba7u1elDPmzsI/7U6qcI7lcpEFEVDNELMMQl8AERBx3u9ZqpkkHAIanxibcc+OCAAat39yspUjv0hGYJaHSQNngBV2US73GRyQkVXUIMyOMJGZ2NhFSMmT7Yw05w85StTMvw/O5BfM0oKepIyfiQAQiysr5Ss5I1pys9jTcLEaQhCUQMqWQAKODtCKAw4K4k/uQqFlLmUcEpAYMLjGi+UDmZaN+pXOlkT09AZOZIYEUZeGsv1MSAgDQ87ewb90gyCC1dfn79z/J26W3hvmdYOaTc44HCZW1J/hmAwC9z06CGCH33DnsCgGgyCaDiMPBrGZZKcJA4M3y5CIiFA4PEk5xOwQgs4iw8tNPvv+v/rv/Ie7e4Onti2dX3tpP/u4fMtDvF59/9e7tQ7MmSnXbJpUffudD8e3u7mFd23mtXEoLQ0QRuTueza0bvANqtW1rrVVCOOzG/agf3JTnh93bL95ijUOhnbIgXFjd5AGtuUNQhEVjRg8KB2vrti1tncNDypABkct8no8nFJ1uH+8fP2nh5g1bJbfdzV6mqez2V/vyt3/zo22r5/MSFjlV5jw9ewub3ieH6JL7rNvxlwnT1Cw31FFEMNNwMfverhMHBGBet7W1GUEAEHvyQ653877w3BqKdlpEC0PI3HvISQoihXc9HYukXgUpVd1QRKdBb/bDo6vhw2v+5DY+3tcDb2Hb6WE+z3WzEBnGw+GjX/vB1fMPlBmaicowjvvDToQRQJDcG3hLVJybhXkAV9lt2+qAh5v94eb6+rC/vbm6vj3kjK951K0CACGXUtIMg4TjuHffAEFFiZmRIoKVP/7G7bo5oYyjArgwCTERPHl6PU5Da06E0Yw187yZGPe7sr959LO/+muhoMDSuyVXFiaUnJBl2F6OGD2wT5gy1zJ9U0DIRXji2BUyj3OFzXLiB1qGSOETIGVNER342V8v2RNCBEKrnrzO7PR+ub9NZVKCuTN+hhWQPIKlQ+pyFt5Lk/QrEQB2QClnfEfuGwFZxcEpMCAYiRjDXJSIyCJyU5prq+74zRYTL4sKFge3ViOCiaRM67IFBhOLsKIMXETYoXHEftztdEQKD6vbzAG73UCI67bNW2sAa9u2thCG0Cgsyzqv84JuBK4CYSZaWrjoEBSZQRfuKCqqyFxKCYRhkGEs7oHE7kDCSISiqiUIyjAwCwCwyGE/EcGHH31wsy/L8bjb77a6CfEwjWUQFnbbCF2EEaIwFSa3TREH5UFFGVQVEXeDHg57jBACJfRt9a0WLVoGGYqoIhIg/P9UvdmvJMmV5nc2M3OPiBv33syszCwWi0Wyp1tUt1oLBhAESAIGkgBBPRphRsA8CdDfLGiAEZtqNpusfcnMu0SEu5vZOUcPxyLZeiqgEhkZi7v5Wb7v9/Vt7XVLQimTrlu9nJaH9/18gm2BVtu6WW3QzbVXBznc3nzy5nj/qpSyLmfttSQW5pISImqrzx/en5+etDu4btrrup0eni+Xel4urTdAlpQ4CZjVdbOmDw8ftrohgvZORCVhWy43OU3g6/Pp9PDU67orYqbLadFu3VvrXbuvaz2t59a7pHw4FE50//LFNBUDOD0/M9HhZp8ZXhxvP7l/5e7LtixtuznuD/Ps2skNkdyGssNNE4n2at1SEgAnTq0rITKBIE55Yk7hWCMSN+u9IwAS9F7BgAnAtNctCv2QCFivJZF1LZK69a4dzMA8xAsKkV7i3jUM6hh2GwjerpspETBS/C13S8LRxkadDDiigUJsQIxDhADOGG5UEyIKQ4ebmrqrgX3/eOrdzbq2SDUFHCL7WL75WCAws5CPbj14iIRMpjoMmRCUCB9jHLSY9RODafsv/+Zv/7v/5r/9D7/9fyiCBTCKZIilRJK0rUtXZWCPROWroD0UIFcRDZrFynk0Cj4U9a5gIUhGRmYuIx8UIdKsaEgYA3oKH6fxeK0FY5IZ00EAQEoDowMIzMjgGKWO1VpTGspvjzEtfLR+grtdE68QEWOqSFcQcsgwrmUxXJXwoUkhABDmcEJYM0AkxHXb6lbjYMVYyRABgkF3AEEBCOpZWG2NhBHpsp7X9SySgieVSgpa6P3LF08fPgRbM9oSFnEHN0dHEYwJjaOhOxFJYkB0gN7MupnpKJUce2uH43G9LNZVWJDQDMw0AoZjCE2jo3CA69y99TA8aFeIKT3z8AkMSRuM3HpHddDeIYbOoW4KPHWSr7776nx+KGUHjhz870j/ghhpx8grHgcUlhdi0qbWFEeKg6tqvSwDOgtjyhnqMncfXywiOBCG08M1qK8OIxIPY+mM1588bhgHH4EytTfJfDzcLOsSI1iIBtlHez6+HBrO1NjbRLUsQem+XpjmcSHFreEEAIitdmIKK8n42mNpT/GmhhTYwQyuCiW4NijxPimIYgZX2tfYWcNQxMK4tmMoTILMoSwGGKG7oeQGMFAzIMY49SBiEC3uKR93MIxDBgBY2MzDChPV5VVvjCKZKLqjmDKSu5t7ax2RInEsGgtmlmGiIgxs4ei9r7o+gvGnMT1GZGCIQAYWuwYJd+uS0oAehKhBGJAIwZD/+3/zf3z+5pU9fX+3l5t9efzw8M0336ciHz48vn/3WGt3NO2dkL54fff5/e50Pj89b5dtS6UAUW2ec14321pDj0GBISBDXL3Wazvsyt1OfvX2NrktD8sEcJjThIBujBjexzC9iCQahyEYsquZNUQQlmm+deJuZqrEZFvHdVmfnmTaTS9f3XzyClm2p0frS745guSXL+9/+Pqrp9O6bfV8uUhKY+M5SEsYhjAnLPO+9x6yiVifjB8UI6Xb/9mqa8QEOACT4Fi/Wq8LE+FHr6cHOIgQBt3UxiAJ3QadGvFq+icej6YIrERMKeUyxWXMAkR43E23h+nN7fyLF/kXN/qqrMnrel7WtW+1L1t3p2neffIXf3n3+c9zzoxcppynkqccFz/huBlZElNqvauZZEn7O4X00w8/fvnld7//3R//8Y/f/PGPX797f1q2nrjcHve3N7ubm72qba2BA7oxM6Bv7exumRMSp5SEMee0tTpP6Zefv13XxsKlCCIwUC5pN+e3n744P18Sc/A9WNgARITIX75+9fVX39enD8GBiU1JyZQSMYI6ENHgL4CbKYefxnEEkzkwUkm4S77PbO5L9ergY+aDIfmrTWNnMB729PH5i3Yd6bujGjCRNgVwSYSEg6EJ7ubCY84hKbXW1DQO5tjJE6dBQRgZ7YAi5mZugVPAkIkaojC6BUEY3EQ4iQBySSWuQGamyLdBFKKRvYMcpzoSI5KCORoxIUrJU+s1nkeJE4EgI5B1WxB94iQsjMDojpqEpiTgYM6OQilvrRqomRFnQ9JuaFAGwL6Zdk7F3ICQOA11YpIkKU69SNT+9M2Lm/28LD1NEyCkLDFeQqGUM+Wccum9ZuEpZbNaSLFvp9Mp5+Su8/4m5RLuGUbIkhJLlmmS7KYMnhNlEkSapwmRRLBMqaQMZtpaFiJEc6Aked7N06y95ikD4HY6E6jrZmuFZdXL2i5nRk/gfVlsqyVzTuSI6eY+7W9LmcXr+vSg61oYhMC1L6fL84cP1m2a9q6IjkVIzc7Pp21diGXZqoioGyHV83Nf123ZtstFDVLOzKLarHVya+uFrC+n5w/v3pm2UtKHh8fn58s0zaVIb1sSIZDL5Uw5T/ub/fEGvEmZt9ofH5/U6PR8yVMq5fDy/pWrS+LTdvrux+/zNN3sjvNuyonWy/p82rb1AgjWqpDkaU4pE6L2mNCYa0c0RhRnUDXdENRNhYh45PHllKx1AkdXMIvAPlNTNVVlwgZaUgIPjVCPRwChU6D9EVzNmzEhholfzbsKkhCSYACY0Y0QRUjNeu1ICIPKMAYvFs/0kOwTR9oNATJgyikedyPY0dwUEkmYUWMi5uDuFhrLa10DTGxqrXczF2ZXcAcRkY8EzrEHZriOC66PAGMSd127vnzx6qvvvhkuT4yHiLt50GKYmIHBg4Hvg/kRZXFs4mOmG49r9UhBHnRxdxbGqySHUTLSEOYFTgIczHSsAuIdD5ySf5zXMiECCXMuBQKbypGnjszoph6SZOLudjUXgjswAouYeqDKIyUn+gNwZxoxL4Ofeh2NIw6HA4xmZuBO0QGFxnJzQDMiWt6igOtu4TUkYGFBRIcYiA7UOo5wxzAlR4xWZ6Re++OHDzlnAPIru8DVRuAOko/SWEMzGl9Lb0OVnRJ/pGpTzKUSae9SMieu3UJ88XGRFA/q63gGhqkMiNyFuavBMKIYIc7zXFuFUbXhqNPAEGH8BjHTR3S1nFKvPVGKLLCRhBC9Fnzct0CU8KP3wPiHQl3lxNeYmCDDECIOEVfIW0LhEPu9sBsSRYHiEmNNc0ZEpjBzRFESMMqhgEAHJySUlEQk1l5DbRJt6FUYRgEGInKINzm6XyRSNRQUHiYaJBQhC0D78AmROwTUH8f3yxzhfTgQk66m2uPTOriBxqdjQiEG8lrjm2cdgRqACLGwQEAOdpsqM4OFkIA82hQM/8zQ5bt5hF3E9ShEqoowxN2SJBKLxo3hev2h8ToDDnt9mGrEzbq1a5McHxeOd7fmbmpMRESC2XGkhxCIhXgEEcH5I5M4yFGh8gIbt4z1GM4E2piYkWh/vAdQc6eAURK1boj+8ou//Vd/92/Xn74vvr64u0HD3//+n2rv7v7t9z/W2hR02yoC3O7yX3/+ArR9eDw/nVdnkpy3rQJTLuXxtKYbUxEAACAASURBVJkpgvfWxkqMJRchoSnLy9vD529uvnhze3p/8XMTgimwhYAAqObIhODEaAhmru7qyHnS1omB05TLTnKRecaceN5rmuYXL2ma2+n5/NN3ujzP+7ncfcKM67sf3Hq5vTdKr+7v/u//6z9e1q6mORRxphiJfKEsQwCU3c2L3qu6UVzzY/bChKRxNBGYGhKaaeyHAWCcXWPcz4gcg3W/BpgwMqIYDrMA0MAOIrKNk5muMrbhEGASYiHEnISJzDUnOs7l5U1+c0i/fjV9cUd3aevbsp7X86XWTdetO/A0lTe//PXbv/yraT+zpP1uLlORlKLAzSknCbQ6YYDwESWLpFKO97X377759vtv3333/bvLeVk3fXg8PT1enk+n0/Py9Hwmx6YxuAIRFGZBSsSCQqGoE+GchGlKqdX+5pO7F3e703kRxlKEiMs0HY+7tz97adaXp40ZzY1JiBlYhChlOdzdf/nbv0/oKaZ57qmICMNA740SOEyo8UhB+HN8e0m0m2hXCNDXas3BAAZBBaEFA1QYOEoEJLxu/3Ao5sfELfSQse9NgkEfNXCPbDKK9amNgFD7GK6Lw4YEzFG0JBQxB2Y2RIU49oEIOXbsSMyUiILeEZluLEnNateUhBhNHQGEKUmORyZLsrAmoBNJzAmEy5QPxNitgiuBM+UkAujhUCuSS07EvN/vAcHUhaTXTRWI2JhBZO0NIPRRaWS5mIK3vjVhYUlOtKkh48jujaU3JXWTkiSleIo9XVZzytNESViEkEgSEed5l8vEQmiWhZLQTEBtWR4fbva73a4YYkoTqE6JQft+Kgmh1q1Mmcita8kM1pmw5CKcmIAzJSQ27H21XpFcu077/c3tUc2IKQmiedu2upzZu15WvZxxWck9C2Dv27KQmdUqTJdlccD98UbX7fHHn+z8eHr3U1tW3+rju/ftfKnPJ10uqu1m2rd19d5OD+8jjzLnpGpb0yyZkFrdoFtcMIQISDkJIW2XhcCzyGHeMTIh5lJuDkcWNGLKU55SU1u2xqkcj3c3dzcuSDLNN7cll65AREgS7E2WXA1Skcu6nNfnpS5tqbeHO0K3bavLZuqtrr0tLOxaWZiRJ6ZJQNclIaD2XjerG5gxMbj17WJaxfFmmticTMHdewd3BhCGBEiIdeuOMUqL/AT4u//6Xz4/P71/PoNjrBTM1LuCmjcjd0RHAoewpTmCIbqahTQT1a5pRqRmMd4LSYy6WyzVhpXAyIcLKMwh4BBGrygsESFzAqTWe/AvY844FolAZqam6oYRVIpo1odE1nGeJiDc1hVpLCKu2ScwSvOxkRDtXVI6nc+//d1vp1wIqfcwS3gMD4NQ3K1rDHnp+sQPWZ0DD11wDPggBp3M7BYf2cZI1gFjgx2OV0QCu0oyLSZOHMLjYav9+JYBANHNtSuFhRHNLA4aj7o/JtkY/MFwfIbggDFMjTA0jnj1FUBYe4gIXO3KNwmqIQAAjYoYARFJ9UqxZJZEMd9zVUdipq4dKeRQV3eGjy4rfBsxaL0u7hEBwTT+TeawNgIAErIbGho4MIK7W7drO0Ju9lHi4WrIFA9jABCJd+hMEonIOaflslrrqWTJudaacopSzq6ISQQnkmvDF+Y0YhZkGfVfVAbkuZRQTw3xDhC4kfDheFNb9auDA8AJUd0wQp5GDQdjGX3tmqLqC2Y1QgzGYsaFvauH5cBceyOJ0LIxLg7NpbtCUPl9DL+IRFj+/PrXhQ45ao9QsBhR27Wgj28CiKj3viwX4Tz+l8PV2epBYgW/bgLCyDVmYs45lWkiwvW0iqQ/mwoIEVDVkDCO1Bi8OhJEBdZtKKzU0YGC74UoImoKYKHGImYGRMFf/uKXz5dnDfR76IuYYCCkSAcaHEUErvCs3juOjUuYNQDcMIKdHJgwlgmEPG4cRCRW02hXiQiIfQxcSZjjloy9yHVjGX+LYhJt5sQcaxw3NfOUxLt1tN/89X/xww/fBvsLEVlkLCiGf4EjdizWLMIJCEw1mjo3SCytrd29t+atx9SUiDSyOVP+H/7d//n56xe4vH9xmKYkT49Pf/inr5jx3bt3j6ezujXty1anUj7/5OZnd7vT6fLhtG6tlbnE1ggR1H1dmxA1baZAiBGCEPKHUtJxJ5/cldtdefjmgcwK4VwkcSRvgLsxAfFYinbTYMVLEiSUaeeY1PqynpouZiDTPN3uvczy4vX+089u376ZCm/vfljPTzcvX69r2x5+3N8esBwPt8e2Xv70p++WraUiiKhd3dEh0GxOKI5QewXveNVKDmgjEiIpdEJkDMbFtfdGbnGz4UekTDzYrtsawMysFnYMt2t0dzdFYkDeegcUIG7mAIySNLYKiQGdiXNOTJCZXt7Ob+/2bw70+dE/PVjxpV4up+e11r6ca+vKnFPi+7c/e/OXf3W4u51KKaUwIw6JvaQ0EXPvqr2Za2+1tRrSwmbefHp4+MAE880+pXT/6uUXv/zs07dvXrw83uynm91kpg+Pp9Y8ftlYIwhx3GGJBSgxc2KRTFlIhLu2T3/2Iifeth6woHnKh8N8d3ezm+fT08XB0N0NOAlG+jja7Yv7D+8e68OPEvJZBGHKwoig5oRIQrHODWgGkydmd2egJLSb+CYzgJ+rbl0N0M0pJcoScUbI0czDKG4B1Dw0KgpuAOoOw0cHTgjxWCIoJcfBKsyOCAokyRBbN+QoEQaUgYmDIAcDaQB0teiFlZ8QMSw4UchdBy7IKMzmhCmRSByjjOSubpY4E5JGJKJQMNEkYSJOnFIqQGKmtV7M6y7PjIhGkphQE6dMnEWYHaHtd0WXdT/PiP7i7mAODfDS16q1mR72twTZtLptjE7oqGoGLOJMjuyALIl5hKHI2NEIIBFSznNXB+cyl+Z+d38/T/O2bqGcFE6BFcosOWdwn9iTNliXwxQuhblVq3XblZJF2M17c/c8pZyT1i0LzykzkoOWxCUzISZA7U37VnI5HHZZBABZxLqZNiGqy6q1oXaoVS/Ptp19WzMxo6s2RNgd9of7O5JiroIAvW3nc5kmFrq9fznvj13bhx9/2i6X5XKq22W7bOcPD+9+/AEJXLs5E1FvXU0zcxbeFa5bm6YJr8IIFmGi3WEvRImAhNVhU3heTh2RZTotywYu8x4oP14up9rLbpdzcgRkLvu9pJxSejovxJJLeXh4Px/mZr5pb33tbuC+z9NN3iUigW7rcns47KayXJaSiwPW1raq29rI0doGrS2ny+VyJvMoZ1prBIZuZDQxa2tMNE2TCLl7rY2ZXbUbbN2JkQXVzVUTS2L+p2++fK4bIFq3JCP+oXUFJx9b/cjkQY8tIgAKqoEBEbIjmmM3AmIEFB6CzEBxJCZhdnNmDBwwogsFURkBwUxLkkQyxNVMzNSaBvMn5uMht7AgcZrCdfEaG3hAHzgwADPv7g4QYz4KQHWkY42CBs2JkbQrOiYppl5bRcKBfkEHdyLsqqoYQAGg+BqCOEcU2azkYR5VMyQmRtVrPHJ0BTBKdGFk5ExhvYVwoEY5FlwRD77YGGwxiYjaAIgiEhHUdYvPrK3HFsTDnxqcU8Qx/QWKRGEEUPUYXhKxmQOH7VKZiIDsz7KQiLUPVQIOSgZesXsUn8NbjwEns0j0SYSYUnIEUAMKTwW5xwIJrRsxf9TJxnVDV+PXMHbEUskdORTPCACppKhBiEYSU86ptx72AMkSDjwSBERXQL5arhxcVUgc2d1brWAhr4itw+DvRLUQzeFVXAVq5qZDrz6Atli3CuZCHAMSij9wB0QNZBsRGgRNaFjT+ON0CpgZHKz3IV8ZUcTIwB4sTEdmjoYQMJZcYUwNx4EBDjhJ0LVxLF7iAiJTNVciBovtkxMyUehenJj8KnIRToQcOnsiCrQdoYwBebwtwjA2eNhbiQgh8hKIOBo4YnK15XI5Hm/BkYVVTXtcb8EvcpEwy4KImCuGB5AC0DtS0JDQEMa00B0+NvQwrNnVmuRpvZzDLuMfU5zkGh7HQhRFoTkAJ4kABBypQoQ8TAVR+ZRpmg9zqy0OdlMlIUYyd7UObmDElNXD9WIco0ODCDIeWvPrzJIIImZBHYhkW1fTzsQRVc2E5nBel75cGOONKcJYOHTrgSt3cCQUkrgT4+em4Y0E8y7T/PqzXz+9/+HjTi5aBmR8+8vf/I9/92/WH7+5Eb+/P5jq3//2H56enpv273/4qZup27au2vvdYfpPPrsX9B8fz8tSnRERrXcD/c1f/sVP7x/XrZorwcdod3cHYSDy2326m+XtcbalLh9OBWEnmAkwkuMAARTZCSAOaiIiYeuttx6pK+re2tLqig5gpLUnhO1yastS5izHu/mTt573y/Pj+ek9Ik2ZsJ/zzQ3m3c8/+/QP//D7d++emR0dtGsgpfEqzyZiADVDN2AEgKBPMgVdDceNRQA9/P+UyFFt8KYC3euuo0O7LhaQycA1dLDmI5tFhDg5i4EAMwAjcHChkTlOQ3NNiQ67ctyV18fy2d30F6+nz2/x1aywXtbn0/lpqVvbmla1lKepyN2LF5/99V/fv32bUgZDIigliyCJcEpSMolIkrACs0iaSp5LKmW+fZX3t+/ev/v97/7pT19+++133335zY9ff/P9n778/qd3jw+PJ07peNy/+eQ+5fJ8voC5MCdmAGdmARSRSP7NCafEwpQQHV2YfvmLz4Jc7K5MmKd8d38sJbXetmUTRndjEQ6mOrEw3b569f3v/zGhxporF04h1HTnxDxEUx6cfh6+Kigp7TLcTEwY1b/1YOZCzOahdycWj6zyMPNdVXTkoGGEi6R58NFZAyI5MV9VfJBTAqTM4ubWOwQFDvB6dXi0+qod3ImJkIOLbe7gTiKokYY2lMqh642nCbFQzPWFB6LeLDz8iYSAkVBdHQOfQEl4601kZgEhVOuIBqDsOOUZnQxUhJBwkqmIzCUhQkls5pOIMHrbJKXz1jpgAzDEkiai1LWbLb32OQuC1a2KpFRKN+3qJCIiBE7kuWQevw4iYEksnIgIGUUCVeKulnK+/+TNSAKOvtEVXckr16VAz27Q13Y5WV1ba050ONwgeq9bZri9vb893payExZRZwJ0Z+Z5noQZ3NyUHcx0ypMgExKY9XVpdW21WuugLYFxrXY627pu6wVAiVibI6d5f5ju7qbjYdrvrCsjmFHZ7e5evmAkN2e384eH5en0/PR0Pq3rsvXWrLW6rVPJ8zSLJDfPnJlpEkqM+2k3749JGDFUpTzP0+6wL7lMSaxu3r2qb82r9s06yh4SbgDnVS9LJZG8m3bzhK6b6jTvhLi37cP7Dx0IANbLyQDV3dFLmY6HvVA+THMm2edMrockGcB7S0Kl7Gt1c8ilEHPvPSEsT6ftspj2VqtqBVUhBFMGZYBEXIS6diZ2ByFIJbfWtfm1BQUCUO1CkkvWaimltTUw7N0QkRDMejwFkNjB1IK1E263mFGaqTIxEfemo44cAh93MFfNKX+sNlVdUmZi9659E+JEojGQRUMHQQK3JClsvE17127ugoRE5mYa2Z5R9mIsYAePJGY4MXhXDWl9dAXoTsCIbqrEjO5A7MEJJ4x5ouMwC7t59PyxMQ6Z0tA4IHxMQB39gRszOqKBIgSyAXikmxNgKH5BmDFUTQgsktwNfKwMaGgVxqNdco6MRleTlIS5qd3cHlprZvqx5g7mJ0VJBRbDqxBaMAfIJAgXCgMjCYghvyAHBYxtUayt3QGRgElC3QSAeHUO0Ihwt9jdDiOvgZntdnNrUTBHaiFq76EYiUbCLBgDzCTa1AxEGNzVTM2JKXj2UWwHpi3Gtr139yHy1jbS0bWrO4hwN8slS0rb2hJTmLopVilmo/KjmLE7XPe2UXTHkv5qAh6Ja9H7EFJo4IMIjwA+Cv2o9WkwGwMWCI4ArXfrxkQa+bs4FgsI5BCW2MgcI0aEIFXDIF0yhoFY1RUdzCzC3MIgigA0Ss6xEWNOiFf/GLB6B6OxXYIBpDSz+TARDv82J57nqdUWpE4Y1mMzj5xddHdivErYAYmYyd1aa7mU4/HmsmyJGQi1d04MDq0ZMwcuE4HUuqoOT140DwgkpOpu3ru6uTBbN21GmQ7HQ61bbAGJME1FNTaDHmt9IQlEhvtYQD0/PUos1xFGweYO4Eys5rnk/eGwLiszIbOpMlNKYupE5OpIFBevpIj49lqrhVEdHJBzniSJual1Ig5hi7u7GSdBZCTorQ9rioMwdTVCRiHt5gB5mogwBPrEggTmpr2bY6LUtmVKBQDMLcjfSJRSwQEVBgeNX3j4J9ximTBS+xy69rYt4DpmUSweegfi/+l//fefvX5lTz+9uj9MU/7w/vEP//jH7vr4/Hi5bMJ0WdbWGjp88fb+5y8Pz5ft/dNZAVJJqmam82765Re/+u0//kG7Eo5h7SC2IubMN4edgL68nT99cfP44xOsNgszGF31T0QRDhV5CBAqZ3U0tWjlu6kDspRUdiKZkiABmAmSritvy/ndD/XyyCnzzatcJu+b9q7bilZ52u/v7l/e7f/jf/j73nRdlt4NEdSUBm6eelcSvO5/PLImLIDVFmPcASgOYRO4IwbewVX7mDiEOwfHgjTcMrFhBUAhVjMkMWADVHVzWFsXSSzSrce+gQgTMQvf3exf7NMXb46f3cvPj/5673ts/XJenpflvHX11mzdKgCXJPubw6e/+evjm7clFSRJzPNcUk6JhRhT/DcuTRpBKgYEiN3J837dth+++/Hhw+Xp8QyunPK2tMvzVre+Xurj4+nHd+8fHh4QPIkAYRYBAEZCwCScghfJlIvkzFMWEQ/d31Ty/f2NWQfzJAzuxDjtCyFsl02EQoDLTIjIzAhwOB62y1bf/xC52LmkksXiBowd3UCWYZzAAiiJ9xmPkwD4pVnVGNeMkHcD713VbFjqg5odq1AAH0yx6/PO/LrM5dACEQ8aLzG5ozaN8GMzQ5HovkNkmYR1nPCOzEwCAB7XMCEAjIxnCvgbAkQW7oj4ZSJ1ZEkad7F5YqJgXpOE6cIRJSVmScLddX/z+jd/8y+//PIPEpW+exYhFyYBcoUOgCJSpnQoZb/fubkZlnmeMqcsKedmtKp3cHVkyYCJic7rMwIUSYSorddWDZCnQiljEhjfDEpKJLHqFICgI4RfiUgEiHOeCMncJcndi08QodUmSYQQtRcm9p7qJZNCu4a9aEer+125f/lSmHpbp6kcjjdZxF2301OSaGk5JWGRcC9mkUSEoDnl1rbL+amty+V88q45pZSkrxc9P9enh3o+F5H97pBLQkBTn++O5bCTecdIzw+nhx/ekzsmaa2dn57q6fHHb77+/uuv1ucLODlgXOoGUFK6u7s93N7udtO0m4mFmQDFzZfacplld0SAMs37/c3N8YZFwGhdl7pcCNjMW23hb8UkRtK0Ls00spzN1raZ4bQ/pnm31l5rVfV5nt3gcjl5b4y01Y2RU5rv9od9SYecCuPzw+O+pFcvjve3M6Exp/fvnwBw3s+JnQlbrSWRq15Oy9a3YCcKJgIgsF2ZCUR7602Zc3VY1wYAfat93aYpsRCBp8RRyR12O0YXQtOukceEmEKub9pbE+GtdhLMkkJfHTRqVWNyAuy9mymoMwIwBXckgoA4iRs6YE4558QkiBQxjqZKyCnlZuZoTJRTnJ1iZmurrfcQnlGo6YFUPVYxJAxAABRZ1G3UkcMTSIjEbABmGtbEkdNJ6AAjmGjg9aKT0LiTRwsBgEiSOFDFDkP/AgDghh+dkAiIqGY3h8PLu5dPz48IJMKcRNWIQVXDkIyIMFjsjg5MoQUcbLHgUw46KSC5hkORgK5HmrupJxYibL1H3YAIEVUY9S5ApH/7ABoSuimEP4nQh6gjXqp+/vkXx9uXDw/viJNqR0S0UH6gxfLjzzohGivzWCyEStvB3TnlaSrLstCY0PtgmBK4ubkf7m6YWNW0dhJiEfMYBpuqMgIixW4olGBEZGA+VifDJGIdYmuDsakhTHNxh9Z6EMHMrcylm/1zPQZG0R56Krgi2sxCqBW4kpj+x4AHA64Z0D6CENjYR0g7IhJIkpB5ABCM3ZPFJB4lGgyP2QkOhkpQ4wABtGtXI8FY5JjGQD1IizoarqvcfGh+iEVkyLrMHIABzWHa7XzMLMdKBwGAR16auaeSVVW7gRkioHlrivhxlx0aO3TzcVkjRL4dDkGzj3AhQkCs2wZjIUM3NwcD6G2LXY51k8RmruoeDpYhIUKh4QTgMCe4jfUbYd220BdGYJmpuzqMuSv6/6/wigWKJ0mAZNEk+3DnmAZ7h9u2tboREjJHZ8mEANhbn0pRdyJwMzBIOWu13rurD6ESIQJaFMLaQ29BRGCxcIsGmAK5k6csKbVaiYiFOEtKWXsHRAQLNkLEpg0C73WrxMymqqF7jsBSxD4UjDYWFX8W/MViavAlQxTH7r1rkoxEbmZm3YyRX7z95f/yv/3vT999PYne3Ozd9P/93T8+PDy4208/vhOWbnp6XtzsuJv/9tdvEtlP78/ncxViM9PakhAx/cOfvuqq5KzaHfwqaEYkF4KEIKivbqa7/e6nr34oDoWBVCXScEMNSXF1xWdgRCGIyDd2BEQreWaezQgIal+1bdqaZJGct8tFt42t43be1mV/vPOUJCW03i8Xzsz72/sXrz788O3XX/4gLKfTZd7lQflHQAJ1SEQOzoNYEOdqiLuiJwcACNcKJ56mqff2UcMfdVrYajya70g+Ao8WEQfmSBSxmfdYFkCwG8IOpg5OCEnksJvv9vPr292vXh9+/WZ+faBjUl9Py9P5+em8npampt232ps6Iu/3+8/+0//s1S9+WeYp5YJEKRFR0JM6AogkAqZYfau6DpkSAJVpxjSFhVSKxCk97/fHwxxc+bjThTBy0ZhBiFPOQbdgoiRMTMyYMkvCUlLOqcyJEzFRay2XdHd3DMxILgIE+10pJfdN0WKaFuMMYGYCYsLbu/uf/vQH0EYEOUlcbIjDnMMIxIHoxWDJ7zLdzMJCl+ZbdzVzAgdUj5whUPNBGUYER9P49B9vGriCAUJTGSOlwEP5mHrE43v013FVxDM/Hqfg7uGqB49YAI7Na0x8iCiogEIDCsiU7PqvZ87ujkxqIMQ6Zn7RM8QxwogeIE2R7IQiAuC5TE/PH9BqzpnQGbwwJRYz616RYM7TlEsiOCY8TmlZziUnc3Lth+ONOjydF2RRVzAnSI4I3r31Qozg5n1dLkwy7fYyT0HrRkZHY7pmIDlynGjCROTIgAwkuRQWYZKIt9na1tUccJ6nnFNCSwSsjerCrr0pEu72u0wiYAXhOE0Iar3lRLt5zwLtcrJW96WkLCXlkNc6qBBlESF2b4KynB/beibr23JC1UxkrdbTYz89tfWsfZ2m3W5/JMJWF2dAEgR/fHhqTbWa9g4ErdZWW7ss2/Nirbn6bjcRZwMQycJCKd/f3798/Xra7ZzQiWXaIfE8TSI576b5ZgdpcldHBEoARODaNwh9J1AH4JIlz5zy1rW5X5YFpSAhM/UxDEuU0trq1tbAXNR1PZ/P+3mPbrWPaLjzsj0/PaD1jOqtBa8zJwaEh+f609NCOXNiYLTelnVzkOV5WZbFoW9tNTNCySkzEwMSYtfmromSE5q7eXdr7C6RAM7cuuYkU85124okV43qJ6UorN16I/DhEhGmxEmYDHUkcZiwDAhyTIUJELGrN1cgRB+8FjO7IkPIXQmptUqMQkAkiKxR7xoQopq2rqomJAYKBGrW1cEd1B0AiLQrEYmkj5R8DbsmDCFtxP16OOswmnuKW17NbDxY8SMeOpB8MaoHHCv4EKpE9Iy5IdFu3vVeYw7uQ0MSxBne6vp8ehQSJlQLhIoz83jlmNkOBQYiIZunUPMMNH0Mp2CwWXzsA/CqNkAm6rWOnYoZ4MCtICI6WjyMoo4FiI1tjEOGAgkQACRlgJip+vH+/pNXr779+qugXoaxDEb7Y2MyY6DBbxpG0xCZoQGmHJeZb+sar4mMSdjciPHqlTQ1bVsnQlPf3+xevXr5+P5DSlmSjKkNjrzMkGeE9TsG70Ajx0HNkCnl1FqDAWaxiEnCkIQT3r14sS2rmRPxlVwz+PA8MnLRzQCHhXSw4q+NjrsnTujxQZiIKOASDm4jBjhE3mrRqzhcA2aYGIjM1LUnzgGLNw388+idxm8Vzmc1RBQeQTzdWqwZQueEQ2Q+goeISF3D844E6NS1/8Vf/o2Zn54fRnYfDtV1zO+RpGvvW48sTu/W1cpuur+7W5YlgJnMDNeEK5LRrgChmbtFS0OBGKy1MjFE0+K+bhu6h71VB5Y+vlJCBLfhEiFEVfeBv8T4NAYfRe0G4MgkSShzrU0Go3+8ZqB2fFTQoURRcx0vj8RILDJ2ISHedmdJEg0wutuIOqDEIlKmEhPEwIbGAtDdghBg6nrtZABw2HHcmHGIYII3JZxyMvOIlJ72u7Y1rS2a/ohTGbZjC00cIIcaBdwjAd0CMQ8jMcXHuTBufgAExhHJHTsZBNQxkSGIxBO1+DoQEJD+1f/8b3/187fn99+/uj+WzOt5+93vfl+1Pj89XZbLPMnz+dJqE5Ev3tz94uX8+Lx9+8OHrpok6dC143lpl7UmZFcHALWO4EyUihC4aZ8YdiV9+vImm51/+lCIZiZCFzKJ+8S6uyJAb11r1RiBAri6Wu+1RW9f66bWiQGI8rzjm+P08pP51RuedofXn96+flP2u/XpuS4rIt2+vkOR9emxX0674w3N8+uXtz98/U1TfHx8iqGDGUjoUAFNPScxNSJ28O4uHABqjG1amLcdSCRzSuZ9a51THktQoCB4EVHTK3gXiZwAqFkDYEc2pO6AFIovzFncIQbhgL4r+fawe7Errw7p8xf515/OL2bF7WzL+vz+8fnhvK21Nlfw3rR1EynTlD/9i3/x9q9+k+eSUEJo52jMwpLTNKVp1idESQAAIABJREFUl6edTDOnGNCypKy9recVAcBZKX/39bfffPv9+bx01cNxzinvCn/+2etPXh2njJJkXdfeurtF20xgwYzLklLikKCwUEqSJklJUsm5JCaepoKAUylTyaqamKecdrudpEzu1jsLuFuAKJIwI6HbfJjXy7Z8+HH4iiXB+Bk85i9gBmApCTHPmW53ORGeN13bFRmIBGPNgkhwDfSCgGX5NcMBTGGoVWkM7gjAwyrgnMQjuYzZ3MA9DT8PilBghzmixBGjxmDikelIkY5LGPRPGJQFEQJEVSfErda/+fW/IPfzskoqAQdyoMRiXXNJMZiDYK+ZEoukKWB5obpR3ep6KSkBkjAJAg8foXdrjFjSNJXZ23Y351fHHYHXbTVmlgzM69bOywboVhsibHUlBuuNXQFcezW1bp1ToVQg8bY1xDifyD1Ku0zMyETMyMyciBOgSMnMHBDnsd8hliS73Y4JEwMh9MuJ1oWsCRIipimX3b6UotoJFLRulyf0jtqFwFojs91UiICECckMGGDKGcBab66mvXkz6E0QCKCvm7j25bK+f0e9W++mmqY872Zr1s5rXbbL5QzWE3jrnZDKPOVdZkmq3pemrW2Xc0klJXHV1nrrfZ7mw+FIQgDQu7nDsmyn09lZQlxbypSmGQW6g7Za29Z6XdZz29ZeN3flNK1bN0f18VkwJcxFOJU0I6FhZxFK7AC1tceHR0foXWvry+W59kqIpl1Va+u91a1vz6ezSHZVU89l3no/n5cPz/Wbh22BtBpcWntaeuuwbrquermc91Oep0yOJaVEkpgzQhFqbTufn3rTlLj1Ddxce10Xax0B17qpo+Syblvvrl1rU1VrWpk45VRr1ORxdpsGIsshBDxg+vblC0btvQXhEMkxbL7Nh5A9eEFqQE6AOqRDjjrI3W7WW9RUqtaiGI7KrHmNsR8B9O7dDdzuDsfXn3zycHoCwJSFErVmXRXADZWRFRyRtGlYIM0iFQQkxjOIPjjfhojkLEzMpKYxLw6oCYQymTlEoa5xDo0qe553aupqcB0YRJwUGASFMxzOEZMlOW3LklMmltbasC14ADiJkQSvug5To7AU/XM+KeLHih7RDQwcQzATs3Z3RwNw4BHcG/Lq6ysQo/so2QEC5wTDyOac5Onx4btvvillcodBMReOyFViubu931o16yI8JuAQI1p28MDfh4Q6iE6GGs2LO6j54FMQgqP3TiJ5ni7ny/PzU4SoDY+FG3IQA0N4M7S6AYglwJJLzlm7Rvqvu12FT9GYDg8lgC/PT+4gLKqjHMRh5AMf3i4Y4V4O4Hid+zsjIlHJqbaaEgNyNxubHncKwcDgrtKwCbrRMBGGygl6b29/9rM8TaenR5HiqgjAIkg4kOrxswS2BNEMmNgCUwOAyAjk18gYuP6EY5kzrOEQejUievfhx/XylCWb6lX8E5UkMHPKHAU9MkZD5QwGZu6tNmE2G+bTELnGWxg7kBhVEZoOxBDzUKUPdJc5MoJFrzxuDyJmIo0aKormiMcAEE4wOm2H62o9HjzmIbAHAIzVBTJqQLViEUCACBwUbUTTgLYiRVKYO7gHGmB8Y+AG3nuHmNVg6PCs1drVROTPfQuNFAsInDAhEUkpgOGnh4HyokHKIiBVI6LWems1jpRWm2kfqgQaThFAQh+gMBa5JjADE8eEMrr8OIqIgJD9ehAQENDHT3e1oUbLA/7xmhzjdUJiPL767F//u39/fvfjPsOLl7eI8P13P3z51Tetbe/evd/NRV2fz4sI55z/9levhfTrH59Pl61kEZFuqtrdYW2m3QGgq7oBIqdEas1NmZCZ7o+H2/30i7cv1se1ntdMlAUZPXNKFMMfoz8PGgqJdDfV8GAxSTKA2uraFk6ExGney/EWd3NkZFpfe12eHh+cfL67c9fl8cm1725vAayeTvt9no/30+H25f3N4/v3z+fNYsJglkSSMKdEjiXnSIiKQzLGM9Fa8zh6hUiAoFcVYQB0HX0zMQfmfUgDkSLn2w2BECTtbl9f1k1jwAAY+PbEwuSEOJU85/TquP/0OL85yhf3/PM3+Vignp/PHx4vj5enp2Vdm/YwFZMqpFJySS9+9unn//l/NR9vwa21Htu8UkrZ7fM85ZxJUqw4wBwdY2dHSebDJKXk3SFN8/sff/rw7vn0fP72u/cf3j9+eDz/6Y9ff/PND+fTpW11v5+nksqUItkD0JmNyBiQAIVZGJlAkqScmCiVJDmlnEW4TFkEReTmeJMSI0JCkpQkUcri7t6UE4E5AYmQhH2TaX97+/7rL4WhTEmY49KNUpMIwDwVFuIieL9PU0lL7UsdiH8n7OpNARydyA3cAgEXlK64Zzx2/hYReUTjqAmbHokDXJ8DUeI7EaWUmcjVHUBNkVBYDMFilco8MF9IzOGDo6ZXZoh/9F8hIqSUEXE3lafLMyASkSQWydqVmYFRsowor7HhQ+FEnEJkQCn11omEgrU/At+oSFa1DgbggpRYsvBEdGA4lKSt50KU8qbWgLZmtbWlrkEPKzmlnFyNyXuvGoZ2QkyTS+oGKRcUjmY4lyIpkQgKoRBKzFVYOIsIZ0FmSSlujiQiQjnLtMvTXLytBR3Xs1ibEiHitN9Nh32ZdwCRS9bc1boygLdKgElYWHLOsajR7rXWaZrLlFhSTpJT6b2hWULQ1rd17evK2rmvy/k8TZMTS845lbZtp6cn7+rqKVFOrFu7rPV4f5/nvbs9fniXkRBwPZ8AOgmZaa0ViG9fvpwPh/3dHYnUrREzcwLGNBWZSm+rglNK6txVASizzKUwUd0WEQFyRO4ASVJTBYRYvnGeUipRk7ReW1dAIs612/AVATElbb1b3dratYNhN+u9q/WmPZe5q/bWt6bn87LVDiLvz+vDZfuwnLfuUkp12E0JCXtdJoJDKXf7nSDd7m/mJNC2wyQT481uP5fdXKaSE4ChY103QFdVc+Ccaq/B766tEmLv1d2iUT/eHeu2tXUTRlUlxBzbQhZ1jdriME858eWyqikzElEU0gBIKeQaHL5OJgEwBOL/j6l3e7LsSs778rrW3udSVV3dDWAwQw0vE6J4E0OWFbReqKAkR1i+vDr06n/X4fCbbVqmGLzNDIABuqvq3Pbea2WmH3IdkC89CAyArq46Z5/ML3/f90m+nfJ6nR/7A7KAu0C4n3cAZBCbNQgoogGQ0mBzO11PS9s8wLLJ2HLmdNXyr/7wT//+V78kBM4eckqEI0mdfFjg/QYcAnmXIdaCCbXnP8d5oMQ8O+RF1LsnjwAOt+WaW1ACMTSsjjkWOmDO6Kn7UYP+e//s52/nc8CIPk+VmxiJkVEqwtCoU3lPLRpoABjEBFlERnfuEWhobeMqADRw7TxTjrF1nAVSuEx+P61SiGHppM6UHkIg9/DR5zzCyZnZPJsejDgfgmjdmQkcuxkzujtklASl8Jy2AKSBdg1TwoBnGOd5WrcNLSQz0dz7ajmi5aZFQ2++f/E5cwdEeN8aBPStYertCBmehEmcZ+wpAKIQc+rGkJoLIAAy5SsWADEiS3QH1jGKoBHnOt3W9Q//9F+tva3LjZh9RIOAaJ4gzN0ysDbZ/Jx6889JSOamtcz7+XI+iSozJ0SUc20G6Xh4pvjD/QuA+ykaAVWIVawZ3I0tgVmJFYj5m2CmpY4XcqTn3eg+U7Io5HsuzLplZn9OjkwEDm1tlM9x5pxrc08c+909cjbzDNNTQ+nOy0yV0RRJmPM6DkPM+CS+L/6JsY5bfM5hbvFjCx/guCXlO3KIgugeiFG05McsAni+QCmVBeA0245XeP4O90x2QCLOz9dxmKHBVo0kWUTrToi9dyTM5D4a/zVMsyeztHXNkdvCRtYBoFlgADPZSA2INJUiQttstz88PD4s11s6v4kIkAJ8FA1nWj9EJgamoj92/PxUpvRpgIencHiXKCBXXGY2M0qvUn4zI0QptU+L+Nd//p/+4Pd/v5+///jhcZrI2vb//N9/db1e3s5nDz/sp8ttXbaORD959/iLr/an0+2H16WZqTIArG1DICBu5q15uiERIMJF6fFhP9UUo6MIPuzkJ08Pb795FffCKABCWFTMo7cNItyjuwPgUIHDMpsKEQE5EHkqPE+Hd+/r09P++b2qtMtpO32O9bafFaX0AJ0rqRyPu3kSis5FWcXdyL1O1bS8++KLaOfL223tgewY5Bb74+H9l19c3k6AJIXdgVVV1MKLFBYGB8mdxwIJ6rxbt00yNjdAmRGZMH8QBKPBgvKQykhbb9PxXTk8nl8+T/OMLN1sKkVIkOBw2E0qT8fdu4fpi6P+7Fl/9o7e7ayCt8vl+nq+nW/n03JZW3MITGsQEnGtenj3+PUf/8v9h49MHO6IWKc676ZpnmudiAgw7cnEzKKSsUqBg2lDUNF57d0hzPy2rK3Zcl3Ob2c3f329ffr+fHpbX98u67JsrTvy1j0BFSbQjDWBSGVBRWopoqJFtEitUmspRQ/7nRStRfbHXSlFmDCpISFhDgvmuwuWRqAoEe0O+9v55reXWpQJIJwIhQUhwF0Ii5Yi9LCXncp1bctqQ6dCbx7dwgOA2MwJMoMLIhsygwDJ3AOQWcYbSdnyZBZDXI8hWhGmxq8MiCwEif3mh2UAImfzc2AQMSsHIhMRkg8lMqPCMAJIJRwk114k1vr5fIlsREn7O0bbmqMjEwpZD7ynnRBCjvsWrqpAJMSZCZqJVUxIAVNRZIoARlJiFRKEiqjot2U9X1cP7G6v59PpuriHeTc3QiLA48OhFF5uNwzo7gQgIiEFa7Hk+qtaOKuwFmEqVc1NikL60VSZVUohIRIlYVEBBGVmwnkqKlKrMuJ6Oqmv0taCocJ1qvPhOB0Ote6sdyae90dwoAgVYRKtdXd4cA/3mKYpzBBpmqdprgFOxFOtFHA5n6I1CFtO5+vLyZZWGFhrmebj4zFNWf3WrucT9A0DRFCVwrFtFogs0tbt8vKynU7e++X1rS0bYLStR4TUiqJl3gGzua3LlQnrbkYtu+ODkGzbrW8LQmzrutzOt8sFPLbbpa1Lb9vWt1ImkQIoIjskFC2lVlYJRAfqbdvaCqyoYsBu1HzQC0/P7xFxnqsFrG0jlMITs2zu3QyJ67QH91IUxss1dCrN8boub5eX27YAMbLMh0clEDRbbzvNGcrX2w0D2O1R5XFXD4zvHx+F2K1n2/e6rj6GgQgkUJUirfXWevSeFe+5KXaLt9M5f4LhkPMGCwFTEEdA711FX86X67YdHx4pyzEAenckImHkFFBGThcwOQQxlzo1d1QmLluW3uaKK6RalEu25Zh7s+F7YZbMG4rA3s0gmNCBRvUQYYATonn761/+nWZClhsBI5JHRBjc3+CpE+CYp8eYvLYG2SI8LuwQAG6RnuMRgmHZUoyIaZlEC/fwcMuBhJKwyQE9BQMiQmzW/82f/ptffvPtul45qRgY/jQEZCShoS86xEi5IaJBnyYVgDkPpxY6JpJUK5O7CHAiCh/CbeCdV8/R8j4ER0DGyyQWP2YohAzyx3HhgIFTIUJAb8Nr6JafiHc6XPjrr748387gAHzPCErKObH5EREzUKfUk4+Px2VZxliI4/enIcc6EdyN44NrGjL4+LqCsvOZkBjdg/D+ayRunZo+pAEEhxo+EKjxJ8ohNfHryFZIhpEmyUKMhL/3L/747e3z6eUzIYdH2ngRsPd2OByOx8fr7TxCr35csSCz5pFVlsv19PpWS81IewIGiNxtYijD49chXyXBP2z4w1ffu+E9PyfzhwgxU5sG8Z/fprvLY2CwI7s/wNHN6B53TUykDHefPGS0aPja2j+S7sPinCbqtMRnni0Qp1uAIu7VYw53h0xABLOMPcQDPCghzntxGIzxPXrvIpplapEqJpGoeBZHeRoz8wRPbpZfwRiTHAHC3CDwR+gIAJAQcGx2cF+HrJsIEyBlre6d0EpiOilvAwNAxrwk5CEhn4ojiYw47zrBLDmF53VbRBPWTwO3FhXWwFjXJdL0AqCqAJBsAAYhE4YNEgwgA4HxxyQy/CeOpTtqADieO3k/y7lk2u/W1oiJRcxssFEI8+Pz//K//m92PVe05/ePGPD9d5/+5m/+roGfTuf9fu4en16vACQif/TPPjxU+PWn6+m2eXhR2bbNzFR167H2/NkEU0B3FtrWBRAOOynsu4pV8N1h2gu/fPNJAidBckcIhiwAG7pI8oJmGYYAvVvvvXXnIjLvy/Hx+PyRVd16u72tpxezDlIPX/1k/uJLODy+++nX5eF52j1eb2vCdX3rt9OFRRAc0ZqFUf3iy/evv/n+06fXDl5qWZZ+eDx88fVP19tVhZHAzETLbr+jf7R5UCDXeUqEcrefe7O609Y3YSGRQGBRRMxfIbm+QCQspZjFdHzcLHxbmUtS/0UYwqai7w7zu8P0Wx+PXx71p+/0J0+6I7flalu7vV1vp+V2a8u6eYQ7MHNEmLmITvv56z/+k6ff+jmLQICK1LmoMBCA+UARg7TMWicuVVQjKZNsZkXiMmOZWnQthVVLrXWu0zQJ83pdWXVb+/W6eECtamYAHAMRDYqQFK31rjYxl6KsUoqqcCmizKqyO+yq1lq1lFKnmolgSChT0SKYPeKESUsipk6Aqlzn3eW7X5dCkGF/41kc5JHtrvudHuaytH5dreftlckiesqEHd0g+eIAMPOpFERu1mM8vHPvp5RRktzNqSUgQxvzUDA8ASrs3QGQVKuWsJimGuEZYZwJCN1ymKZAzP8+ISHlHpvBayQqhEQZ5x8OSFvvRGyZHI0Z30XEJS+H6dIiYhbN9yNKftmR5E8t1c3mqex2O/DuEBihLFMpk4q7KaMQbD1WcxB1IBDReWZR99jMq07mEWHbum7LxsjujgRSKpcpe9OkSFLUXLIEApGJRZEEiQOIRUupWlSIgTG9viokjEWRmGtRAu+3ZUbX2GxdhImYdbevx6PudioTAHLRedqDG4Qz0v7xYTo+zLvdtrYIrEV762Uu+91OhW+3q1uzbYXW23Luy+Lb6rc12ibMD++fdbeb9rP3bT0t2HtfW/QObrY1QtjWtq69lEKI0df1fPJtk7DteluvFyKoyuHd3NERiN1su10oOoNj39bbuff1enqLduvLtSCGma+btYbDMNm31u6DIG1b691uy9q9mxsirm3rbW3ee7u1bUOmACRgjHBfW98y2OYw19PLiRCsW5F6PDwEBAsf90cgRqLem7DUqQKQAX16O6/NHYCYb9vGrG1thvLy6RXNvRuFebNlvV4ub9fL6075/WGqYYeqYFuEGcCyrhBAhKQSgOYQLJEP522rwiSEgAaQ0z8mzcQ6zzVVRethEYBEojkYQ6Ajap269eRewQflHOEApCRtc8n6CFHVCUlRCJiJlYturZe8nIYLFyEJAFFe2xIIPOhoWttm7uauIlmSax4emE06bmmMdUZGoMJ6NzCHICGEuSOiUHZ7AwJ5BPOIC0q+mJGiW2IhHihElqntQYTslhJERvajY4yGH0YClsSZ4w43YMJElDqjqv5f//UvIbxwsd4IfsxOjYhgooqjUxIBglHCPDLa7D5hJbOYkuwQICOIGRgxZYUYfcjErKU4jMRPRPSRFQhxP0ANCiMV+lws7rp99hRkT0DaIIrqsEWE5Q0hIOo8Qfjpeh70fK5hkQzuHexGgvtpFTKZ0X25Lvn0HKFJgHdagopq754yM5FQkqREwtxa+/M//3drs9PbJxa5g5ipkA5KHAJZpFuuejFcAT9Ws6U/wiOpbrxvVMwciQ8FumcmFP71X/3l7fwqPJpWU91HRHdHRjPrrXEWgtLYosIDCIZLnImQrbuPH2FQJusktz6qKCx9tQYB8I/SFGRlHQshiJTeVmGNgLHkIEU4RCSk6ZjtFUGIGbg4/qQjBQprLcjs5o4jpQIHuRQeMc7olJ+dYOPKDvdlE4BxBPck6pAvywjRDHEK5kwKzW0tY15ytSIz5wR8B3zBlJ6DsLxa5HaR8X+td9UCOPZ4ZnEPZHbP7Lwx3Qdkala+OgNHGdyP/9ed33UXSV0fVUsAmhnmGzSQmAExLAAcAwYGEJitSEgEGCps3SOyhytvWVCKNutba8JIooDeuw2rvXm492aIOO9mswDw1o2FiFhFAcAiiCWfEz6c7gmEjR05wgjTM0Z5t7qvdQRE1joSZGJVmSpn7VrkM9d+74/+7M/+7N9evvvl43EutYD5L3/5608/fD5fzm2z3W56Pd8uy8bCz7v5T37+7nxefvVyXVvnVL575pHx6bp0s+wJATCDLsQsBZm3dWWGD88Pu1193s9kdP50qkKFSPKN7+hgIoLMgBxEniZ30u7ezZFJpwmlOEV0s229vb207TbV/fT8AR+e9x9/Ig/PgCBTIS1citbKqmuL3kNFttvZ1vX6dpp3pfUWwNPTu/eP8/fffHu+tN7tcrk+vTuWotv1WrQQh2gRUVVWZmUENGVBQhUuzI8P81TIep9KEeFSlAW1cFERZULA8P1uHyNgAiGAWeo8S5FozcMIPQN6isTjpB8fpp8+z1896bH60464L+vp0m/bcrm9vVyWtbXurWUlNRPxZs0sdNYPv/N7X/3BH3OdUn1X4e49oRSt6YoUKQqsef+FYT8ahBgzsVbRXfO+rU1KKVM5HHcfv3p6/vB8OO6nKrvjrk4KaK33WoQZdnNh9CJYZCRIKHMe97RWYVaWUqQUrsJFRUSmSaep7HdzkuKsQqmIiTArArp7OIzqSSKAdNfCtNtfXz6TbQiZuUTWDQFKUWaaZz3MdWvteuvm4Agk3NM8FACIZimMkLsnl19LJabWbdj00uYLaJHPpdFJ90+8N8OgTMQOKEwJUm5b/8//4/8sLH//61+JyL1VYBivtUjSz6riATz4H8rqXMp2cEQWQebee9Yl5mQBEEIaQEQCgSJap2IWTJQOfiYi5SxZMgfVLI7ngNhNU5UqzEhg3ZXpsJsJAKxXgp1qqdN5WZfeHbnWKRA2s+Z93TZRnurU2tLXTZAhwmylQoYSJEhMLMiCWUyOw/hOLMACCKQqpZZpklIJhZTzKMTMhZkRVLOr2SlCwsXW2FZBFFaZatnPUidw8Nb3xz0CRd98u7mblrp/96x1CgNErkUZgQmIgJmUK1hfLzdvG3o7f37p16stG7ox2vHpgYtO+32d6no+2fXCkU/dgQFP0+REZTdrrW5+PZ/RnSArwxYWrCp9bdYMnCCsClOYhCkG9K1va7R2u5xv17P3Rr0v19u6LObOmC4Fi3BiYSIza7211m7bbWtbeFjbNutFKjD03t1RVVtvvbVtWWy7Idg0zQ/Ho283xliuFw8DRIsRjz7vjlmm8eWXH48PD7dlUylr663babmRSJ3qbqrLtjIhE3z84gNa303TXITc29oPOj/sDw/7qVCQ2cNuev/04NavyyZlvi5LlhgCgpYdSsneHXCfVeda3RxQgMjHWALC0nxrvSGSGQIRiiCxNXPvRZWFW9tKURJZ104BZj1jX5qZu/d27y9C9G5MvLXV2sqI1mPdWkQQUyafA2D3ON9uQLD1FkiAgiQWvllnUUAspQSQqHqH8GDh3szDE6YliFqKFrHezAwJwiEBBqbErVGVEZNxo9ayMHckCLAyMwVG746UWH3c614xDwNjCAIcsnAQ0kiXzsnqR5V5TN3hZqgkELC1hvdhPP1ISMSsJQfx8DQgDIuUWxeRgfQgQAAzI2K44f1RGG4AmWCf1AF0d6CInlRHOkmTkicYMkbqjHf8hCndtwNCIcqwZCLyAFWd5ik1+5w+fXwtYN3DAkFy7Yl8PjPfKY4MSHVVjfv4Rkg8LFCDdoa017kTM6IgooNBxnYgWW/uxqQB9v0P318vb6nUmxkBhYeIEHGkXTEj99NycN+uEjgZC8qAfyDpoLHxMLn1NEgQoZu7uQgjSu8dkQcUhhjdCSUi2raNcHBwdwjIFx+Kyv6w79a3dctdDjBGan64D5Z0VE35IG8yPx5IGYb3BZCpLRvmT4kYJG0buagYWLAwRCRxbd3yo28AbhEA6PBj2gm1lmac+9JnjplfmZa3vE10g4zITQKN7ixNtkfGkMDvr210s/vMmq981KrjKA+IhKxivaeq0TNtiRCC3I1V8rVGSBCOlMkppEXCIX+yaak5HB+maV63GxGjD8oXMakSCggmJqIeBhEJxTGySAkAQmqte1gySj9WzuUqlXHjufymgSNZIByW/cAACy/zoW8bMYc7IYMDlfLv/v1/+q9//V8wbxMAwhIB2WFHxMO60m34mHJvNsPx8kRPUQHSwUIBfl+fwO8FaxDh2U48RNI7jxUQW4vu3rutG0aYG4Yj6X/8n/7zTrmd3p6fHxmh3c6/+oe//+a7H87Xy1QLEH1+u5pZVf3dL55+cix/9/3b29pabyLcWocgFraI0+VKLBkINyh+BCFUlghvy6aCk9IXTw/L6WbXhcIFAt0zatisexgEZYaviBStrFMAiKqWCQDbtrl1C99aXy2w7vX5A9Q5tu363a9vn79bzqd5Ptrab6e3fj2btelw1N0+X9WPj/NyXaxv+/3ODA/v3stud9zp6eXFzd9Op8NcCKwoXd8uqrLbzUjIFOBWBN49HRDx6fHw9DiT23Ffvvr4rreOEQ+PD7XKYdYPz0f0vpumwlQYpypFaZ7n3oyVyNmiH/dVkavCYVd3qo+T/ux59/WD/t6Xu5982M20Qbty75eX13ZZe+tvp+v1uprDcMDdEblmHoyPX3752//tf7d/ek+QwxAAAjHNU2FmEUWmMM+jcoZVR0C4hVm4hzlBdOCtxdK219fT+bK0Zp8/XX/4/nq7ee+w3Npy2bbbFo4EDOHrbanKUykMOE+Fia2bqjKzlkqIwjJXLcpMNNeiKoVJlKvqPFVhIUIpokVxLK4ZdX2/bGJebgmRiICYmamdPqsqERJidC8iqlgi2v5uAAAgAElEQVSrPBz35nG+LNbHNTciLLKChSKLh0ZDKAgRBG5b6z1tAhLhOd/3vEGxAglJBXAk8ogMTohwFGJmRIZAympnppfT69v15dZa73l4EEZ2MBIupTrAaI0ZQCumGWachc3zQw0CCTiZpAR5AImFIijHbFYstYCjkjKLIzmGiMY422Odpow0U9Gp1uVy3ZZLYYlwcBMmVX1+OHz5/tnMgPi8rgZRpgJEm/s23lmRGS2FsLUNIYLs93/nt0Oma7OiJZGtjEIUwky/pQTfEKXMpUyipdRZy5ScmoUzcVUtQgQgGKw414l9LdCxbdAbETPLfDhoqVJmVhVmLWLW0f12uSBiOR5l2uftVpgALNoG3s16VY3Wb5eLt3VW7tfb6Yfv1/PJW1OmWhEBuCiz9+XWThfF2NZ124y5sOh82CXSCu7tcr18Prfb0pfr7XTaljU8OG/bHoikArtJqzKDQ9vCbF0WQXQ3zERgxN67eWy9GcDWtkyKqKWISJgRSni4O6Jh4FxnJjD3PJwQsXVAFDPfeoNwtyaiEUjCrbVSCjFFBAkj83Vtddrdtl6k7He78L4s6+W8Trs9Cp6Wm5Zdmea+beuyONLD4YAYj+/ez7VC9G3dzqez94bRPrx7qqLU206ntm1CWKcpUDfrqKU7kJbhoEaY6kSIu90u48NFFJDzsR0R+3le2opIERgGSNy7o7CqIMZuKodpJgwIA6TlunTzWlWUkZG1SNHUy1klMr/Som1bmvUYpbUWCMSSMdzWW+pEqtMIVI3ozcGh9R7gKqWbtdavy621DqmvAzAiODBhYRzambvZGPwQUDn/QoQQIgjBzMENAmG0mqSQGJnZleWo5p55BsM4fFdL82yW4R93ARu72X2ETsluRJKkODBCYhIuyKkj5+z0asYdvs6cIFbCbA+jnPggiZsc3ZEwAIl/rNEduvHIPRgUBNzRcPBwBC5FgcC2NeVza52YiXDYSu/7yoCsIhGFSCopzC3j+nCAS+P57pBfhsP9d864H4+IYEZw0LnOu/l2uRIJAlgYMgJzZOoPIwYEekLjvRngyOjMzw9OkpqBQNy2vhkAujshht8PTWO2NyQCD0ZW0jxTBA6i4r5tJDEFSCCsMJguwx/Rp/xOhkuRlIyGBJt/HwHGiwgRyMMGVgWA6AntuFvvDjn2Z3BERMBwMYzKiB/NaEhMGuZEaBb3jKH8BoKo9K1Nh/08zdfzWwpppda2WZkKiQCCWfcIcGdCDw9zhDthFAGB4Z7xuqPnAyyywDIGQTSWOUItEqNIGXNtCQsk7L3XWswdkcdPyp2JRDmxp+E8ATCzrKsmhG3dnr/8sKxr7lkxLg5u5o/v3hHTcr2RMhABY996BLobRFCmhUNAwNJubj31xXvvNBCzg5tb2FihMtk3/T4BEGH5l5EdoBEJ7QIA8TBy54ydDhqAjNmNBLmYkZHAfevtF//iX2/b7XJ+ES5ZoGHAr28vy/VEwAEBI9ggf6ZIhBFh3rOBme6vKEDIDTwPSQ7BLNnzDeDJX2X+cL69mCgAHRwDiMDcRSm/qvxuYABCIGE3w4DnL3/+F//9/9BOnyel/WFi5vX0+b/8v3/1croYxHFfLms/XW7W+8Nx+qOfvgPwX34637ZGACLq3QCcmJq31kyFIyzMCSFGxYK7dQirtRymeqjy4fHw8t0n7CYImtCTmWUTTO+OYO5m5tZb23p3s9a7AQqxaJnq8ch1h7tZDkfd7XxdLt/88vbpG0A/fPH1w5c/A2T0tl0vy9uJzNHj+LTHMgfgcjszhPVVi7jHtJto2h2eHvz6cnl7tdaVaFdlP1cK3E316XHHhEKhBIXo4/t3h1m++vD04Xk+7mVf+N27/X6ulXk3l0npyw/7L54Px0m/+vB0rDIJFop3j/unhz0THvd7IayMzw/1UPDr94cvjvV5xx92+PPn8tUDffE4FYx+uy5vp35bbpelb77c2nXZWs+EOiRI01GYB4tMx8Nv/cm/fPf1b+1KRUK3Ht28NxGmCLBxmBIVYiYV0cIpBSFRBlUIITJSJS3X660bAoKonC/L3/3tN9e1z8fp+Lh79/5h3tVl2bZbT5Fl6+YGbiHMqgrkzMyMIqoiTChChWUuMk2lqEhhYVEt834utbAKo0hhUeU7DokIzASUV21GQh4wHtTdbju/CoG7ZfQ4E9Uq+8PezK639b6nY0RkmHgA9S1n+qF5YeTLbQR55E5ARLkUARMTNeuHh6++/vp3fnj5bryEI3NsmRjzaZPfPjMX1fPl0tYc0YBJs+yv1CJFA8CsA2SfR+oblGpaiiz38QARiJkF09ycEhYnuEiUPR4ZnAKIaBDT4UC1SLapE1ERKQURvJuyCrH3JpTpd+huwlJZv/7yq8eHw8vlet22bmEQxORBrQcRW7eUHRjAejez5Id42r/etmBKwm0YnzKqNT1spEiMUkgVmEWLlsKIFp04tGitU62qhOimDFWKELCt1Bq41aoOwVoPDw8sZZpnBilaCNH7ZrdrtMZz3R0PAbjfTYRIjG253s5vva0Asa3r9fx2fvns6y2WZXu7XE+n8I4WylwqA+Lh8YgQ/bpcXt6W221ZNickFSqlg/fW+rLd3k6311PbOjJ0M3MHIqLMfUBErFVrEUZANIRQTXclk2AtBYm6YyZmODKM3DBiUWBygnXdlnUDUi4TEualSxADwAJ677f1drte0KO1vrWuUjwimywN+ul8atu2NS+llKKfX96AYln72kLL/PA4z0XbduvNrPeX09tmW7Dunp49AJjO67YGPbz/2Dp893J+eXm5Xk5bc0AN7MSNWaHHfpompW1d9vuZiK5ru26b7veOiFrm/YGI5qkQBHRHcAhgIVAppQije2eM1nqYEwtS9lgjEFpERsOb2bJt1ruWGgEJ7SGGRXQPJPbArTXzYBUbM6EGgqqoVCTJD4WsfjPvDuDuRUoyvEUqDSBlsOrujkDd0vcZ3S0gwP2w3/XW023PrMu2ApKW6u5MLMyInNBgSrmBSFk+Z56Zl0EQ4RZgHmaeWd4/4tKcia+951U8QWQY/VJ3eSM8dXtiBgBmMfdk5imHXAAURkRPhT9jEAABgElLOOSZrWitU1kuVzc7Pj109zAbJsXRdJKOyX9iHoWAzBH7J8ZZt7jjIDASZtLomqO7BydHkQpuPkCTa4Ss6xrqTdL0WekCMEKSA5Kozq8CxqgbY0FwCFZmYsvkKDMRzZErR6KUQolTMR0e3cgYNiT3CLAIx3EIAXe3bgFoEQ5OwswU7jqVeb9fl4Uxz9cJcjGMmc6TLEolKsvRkJhIAsN6S7WdGJMJCksx35Eol/sEWlKJl6LMOLLAs/kAglCIeDzRMwnVEAkYOSmwjDelYS7FnIIhPzaIE9lyN2REGGW6w6pBAEzu0frSloVZRWQcmQDDva2NmTJFlJl/BKlEFDLNBu6gU2Da4SNr4BCKCpFkXddozsibdSBSJmAggJNQABDpT77++nw+pbcswlklr1vuBgg8Auwsb1pMiclSneq6bgQAnJjO+OBc29bawoiAKIUB0HrG7NzRrOHWCGHx7oQ8woYH4EOeW3YkBRYOgMQAYZEeJKCRsZP+ivG/TMwogJEeg7RAIFLqyjE8GUjEFkFIovzph296uwopEgPgh48fVPTt+x/2uz0AengWlGedZ6JI7j7tDk/PHy7nt7R84N3p8o/bOYwzoIOlvYWY8L6k5lvdwgE8HcMw+swTtcIMSggMc3PAAPpv/u1/+N3f+fnl9PnxYTcV7svtN9/86q//9lfL1kvR3X7+5ofXtW2i8jtfffytd/WHt8v3p1uYT/MMEevSRElVSWjtGwt572lcGNs8At1Phoz4eKhfPj+//nBCD0Ek7xCBRD2CAokVADyiO/TWwhyAkQAZ3Z2FdSqA3C1EBNq6vn5efvgOAXYfvtp9/TPaPTLz2+fvl8vbuiy1TuiGvV1ePgMy7+bltrTltpxOuXy2bZsO+yi7w25v108adpjk+TAfqvzk49O+0HHidw/Th+fjx8f9TulxrocZfuvL48++evjp+/lY4flYfvLx4d1B3h/k+UA//bD7+sP+i3fzF4/1eU/vdvJ0oI/vdx+f5i+fDw8TPc34xUN9qv7xgD/7sPviII8FvnjUY7G9BoffrqflfI7ml/PtfDn3lq04sfWOQESCxM26h5XC82739S/++Rf//I91mhFiW1YwJwQR5vQnlVJ3s5ZKLKyF7kkGObgRS15eIaI5Luvyw+fP3/7621/++tvPn94AYrcv63L75te/uZxuIrg/TF99fB/h29aQhRj4HvirIsfDYbc7hHVCFpVamDHmqlMREZqmWrUQQWGeaq3zpEUJCVlxCMqjYnEswz7sW4QkWfRbSoRDvyKiMIkSsxyOe0BcrkvvlnCOQ7Tm3iMiuUekNHfFiMyK7m6OTD2jz8bnHt3fbaCia19f3r4LAmHxbDvBe/DbODHzuO0DEPJu3pvF6NtOQ5oQIa99G89YGM9/FoH7UDnUB2IAYCJhEkXwSONUXsYZiIs4gNbauo87OVHdHUiK965EEcHKohLdwKOSQphgFNUEdUuZJi3udr5dP729vV4ugChV5mkSLa1HppyZ97x7u/XMWCmlGPF1a8SqZXJAoxxZMXEjIoZA1WKBXDTTi+Z5V7UEOqKLiHKd6qSMFYkDBEEI+rZibxjGyvNuV+o07/dc6zxPGOhuKtiXRXoHW5Xl4em51rmq7uYSfSMzv66Xlx/AuyAJom/bdnlpt3OsDSNUFYHC3K2ripkF4HI6306XdltzidJa5sPcbGPwMN9O5+16DW8olGAIARDRbp6nSebCRQWid2uEGOH73U4YRVBVvFvKutvWU5wTYlHFoZ3xsq2MzIgoZBBbX7vl2Gq5r0Zga6t3g4jdNBHErELok2AVyvtVDh6E+Pz09B/+4s8Z8btvv1WV3oIQ23q5nl+Z0Hq/LQt427YFSZ4en5HRrAXE/uGRGW+32+VypQDyBhHIwiy9bW3r1vokFNb2u3mqUykaBN2joephZ6y73bEUOc41Wre+ARIKtvC2de/mfcseN2HSUh3Isz3RTIWY2T0XK88xqfXm7m4dEFgVQNZtu90aEKeXyMwxwLu5G0IQsIP1bTPbpmkiCDDP5OS0AYYHhHnGImaeeCqSGVeIyFnR5S7M+cloA1kGwOgWzTJAJR2elLbJCE/v6P3InhIoOkIE9lQ/g1QlJ9sctAGpN78nsNxV/XTkIaZKDu7I6eZDcPgRJxn/AmAaCz08ENwDsp02UnolQUB36wFF67qt3ZCFIfB6uRJj5g2n/desEzJSjJSfiIyhvAel5FMSGSlo2IBzHLvjzehmxCRVaTQDJPM8lhGzJqyM6JEEb4ILA/NIYQYjxo6QgFSSCpLnmJFYjoCASMKZzceI3g1yTeKxWLkN20O2NQagqhBK9JbifiqPOfV5OHkUVVZZlgUQiHFbN4jkLwAJwdMummOgAQAjUXBgBFiOxeCGEI7x/osvfvj+N0xlxFp6pK80dyrz8XcAsv0APNeDZkBjSxoJ84BEEj5K3rKzmSCGE+0Oe2HexgPdQVV6726OAFzkw8ePv/n+W/OOJOPokttCdyJESE9FGLj1TrWIMng4uae2TQCI5pZFGMAQbsNJnV9ckdY6czYEMBFYOLilz1W4WGvdWu9NRUspa2xtbaUKsU5Fluv297/8BxFky8MCmXmYEzneL2IQoUUzVszcSYQIXz+/pG0u3BHIegNlZulmzBwEEdGWnkVpA2IDMDO+O6TBAxEt855yEgjIO66I9rBEcpXZLY1HBoB3NzGEG1H+9DM4CQCMiPLHyXHv5It7sBIgILj1pLUY8nSBzTt1D4CXzy9mVqfara/rwqzMRIjeAsZmDVK09e3777/NQHqVYVZ27zgApCTJE3CITDaKHpidz6PACInQg9K9EIDerVkw46jZxlDGLChn3f3BH/6x9y4Au7kS4bKcv/n1t713M3us89Zta52IS6n/7MNjeP98btdlm1VUaDUTpaJkYarl49O7xbe3rYGBi5Fw7tVFGaAXJhYsGls3DxRCyOxZ4mYO0fMbcm/PckjTFVA4tG5IEXBdl9UjpmnyK/XWOrS6Oz7/4ven9x8CHH2zZavTvHv3Zd3NGKEc0VZv7ft/+IePv/1T3R9bt/XT9/DDZyEM8H56hOO0//jV7/7+H8DpdHp9+eKLgxbpS+v9sLWmc9E6gdl6nVQkYn16oscHJuT+lPc/7s/UW1/XVQpOlYi1rws+T8zHt8sFwrYWrdNyxYCDsNwur1JkP+u2mkcVgNu1gfd2Xdqy9K2Zk5kv6yrku/nhdhlzZAJgCXiVWg7H3Yff+YXsDr1HRA/vRUU5zW8ELDrNXEo61fN1zUyimslgKRaEu6gWrt7au6eHqRb+9W9e327f/PJbRFy2Fmv79P3p13/7nRb58icfjo8P52v79KvfeDeVTKQicwAmrbX1LfP7wZIFHWpQNrYmNthbi25UU2vO3BoIxwBjIW89yKUINIsgh6HkQPju4T3ePhORr4LgAN623i+LsEy1XtdNVByAVisTxtZbuDiGM1EQBiuxNScQwc1GGltzy884B/buxOT343UEGHhe2917hu4SYiDF8DorQgjzNFUAvC4LUsYBU+9BZJSRA/l0QIOgCBKh/Bz3DloIIQiIWTycWeRHfBQ9ecgIIGILYFV0J2WH2NomOkFgEGthYgxDby4oNK6WCIgGHhaMgixrW9alZWEZmIHh43HnZuEdKKw3sD4+NImEed4VCyAPKSXRXGCErJhnUEYW9ABmAYSqhUQ5jzqqKoxtQ4hCpMyFIryxcDRDdOgdtgUiuBadJ51rmJNqLWWq023ZigoB+Lb05SYELqzKogLu7Xazbb2+vrbLjcKrzIIEfYPbrb2dl9t1Jd7tJg8OJzNjJW+2LOty3sw26x2RpU5znaSQWRMKslgut76txADEBnnGIAZDhlprRPe+AQILlvlojn27bM2BovfGJIYEzCplJ+Vy3dww0MG7B0qZERUitiAmcHBDcGatZV3btvYGDYctR5mCMMi3Y4Gwft26VgUIa30/7Xdl2mwzg998++3/8b//n6wkgaxz79u6Xftmt8tFtaytC5NHL6Jw25bXF5G4vp7WdbPLAnO9vL4Gyv7xcdZ6vVzBAJDC5bJ1Kvi2+PNuhzoFyeV62ZatgFzWpfXuIefL667wcT/d+C16cxQUBg+AcNsqS9SytubMW+8oJKyT6u183foGAOGhJM1bQOQCnvpOVe0IiChdSFCkLu2apZpkVhgcMh2uIYR5dzM0Q4Ts5kYg6wuAF1VrEbEZkCD3buEmyuYB6ETsGcaMoKWWOr28fAo3JmCkRPhECCCI0Lr33FOiIyJQBGA3x/zgGoIjpNrFjNbsPtOO1nhiiMjkMRviXU7UuZtkJ2h+5EEAQvceDjroatr6KiyZQBjuhCJENhRjDI+gYOTCzKra3b31sZiMRh0fzoDh4uQUOu7oBgwSeXxdLKoR4NYJk08KRExKJ4OQsgnNejfrgMOLSZj22Ej2ABmRQIiJaBCYKZMQjSUrMRIYy9m9StYT+PTukV2yw3SZSZH5+0AEZlS9mQNEqtfhgciqCpHSTo7O6YAcN+WIqLsZArd1DQ8SwUCzDqMmC8MdeQg8kXn/ATDc0RAA41QBREzHx3en00uWlAFmmDpTBlSn2RrTOvJjCjv7QLGBWSA/fCOIgUfINEzzLIXH8sBQSkGkGL10eR8fPxSPQA+uurW29c26jddmSlM03MU0SjVicAPEENFay4x1MwsAFenmac0PT0nLI0JVAMIinp6f1+XmbqoFc5kDy5UJYVBq82735ZdfnU+vEGDdgFiKrrfVvANksSuamZaaljEVIR6it7kTU52qqPbNIhwYewYQIfbE3wGyacUxywJHmTEGCPHgdQBHf8VYZSMoq+Aiwus08XCqQJ12UkprDSGGA8SjaC1ak/OJnmlUqehTJKJDYNZ2++Of/umf/c3f/H+c33DEgKg69fB1uYkKkfRuzAgEowosgIhVJXLuIXRrABjh1h2BmMktCDHZZe+O7ioycopimL9zyR755AlaBWZCa4DTjw7mnOpycAYOSI32/qCFUSjHCWoBfvzpL/7i3//H5fJWhZ+fj9vtdn79/Jd/+VdL7+52PEzfv7xdrysQ/eTd0y++PL6eLr/+4e26rrUIEmy3jQhU5fV8+fTySowUZN3y9AYRU53SAKrEHx4eH2d5OjCAXl+vAk7eq+TSbOEe0fNga9YThySm5t0DUaSHB9K1NakFSCxQDg/89Lz7+BGY19Pb5TffnV9fzJGm/f7x8Xa+Xt5e394+r9tNVXWae29aK4oKQbu9XT5/KkVVBUll/3B4fjfFbY7T89P0+FBsuz4d9HiQh4c6T/R0kOdHfT7Sh3d1EhNuRXzSKBzYl8O+CmyTxlwQvKGtYRch281aCk/qgv1xX447OUy0n2A/wVwVo1PviiHehFBoBINMpRZVM+9tU+a5aoQDRpkVCFrr5j7vpqeH/fPPfv74278g0rDOxHWqVQXBAYOEpRSVCZAAkJhZCouO6DMaoEle0kQYeVrW5XS+MuA07Y676bDfTVMRJVZ297eXy/W8fv58Xnt7/8VzmaYESzJ3mAkDsEO4NSZUUQKoqqKiqqUWKVKKqhZCZEFWkTrRXQ4fL878VE3m7kegJw/tSEghpXpbKTozTdNERNt661tH4vvnVPYGklsk42vDWkcQPJqAbWRZMLNHiJbd8an37gHEFIRmnjSdeyATqSQlO24FzIDILBlkTITZhtLNzd1/VOZU763khARADEFCzMLgyKzuwcQBTiPuTwFQRJCkbSal5mdK5q6waoKdHoBMwJJYl6gS0/BsEQHEVJQJzHotmgFlEV6mypxGL4zohGgO3eLx8bG39XK9qbB5vgeDCauWaS5atQEZEJJEigs0IG9hJkZkYGWtBZFFVEWFSVSZSQgwTCKqaFUlckYX6EiuBAIAvU9FdJrmw8Fa9/Bpng/7Y5WJMFQkttVu19vllUW0lISYb7dLWMMOl88/tMtJiObjQ7tdttNpOV/Xyw3C5lqVeW2rCldBYULE3hawDu4ojGVCVmRqy/l2flvO1+tp6c3deg8TKaRSJilCKiRMAJnQ4ESgIhHUzdy2zKxD5LU1lsL/P1NvsmtZtqVpjXLOtYtzjrl5df1ev3FvFElGZGQQCpGgVCoJBEhkC/EydOgjxFPwCrR4AHpICCFEg0QUmUncygtzO+Xea805ChpjbYt0k1xycyvOWXvvteb4x/9/v6pHbuYzEUk90iKSeUYM823MaTbNRsVbI8e0bWwImIDhI3bJlcdcFeNOMc3GLIaVEVMTFsSXl9fpSczffffD99//FAmX6xi2Tbe3t1dzGx4eaR7rsG1YEry+Pl8v188//wLc0ufby0uEO0ATZgLVdlB+d3cWJJEmgoQxPabFx6dHIV4Oh7u7s3AEQAZd3p58ruvluq4b6zKDW2+ZoUIYUPm05P2wZxE78Q/hdPf+q69+9vb2UsJZicoBWUfG6WGeSASE21wzpvuEyFIBbUxASMrATzFZwBv1u3Zr0z0jD0t3G0VNrCV/UTrKgRIeFRNlZnMfY94sSZUEBWFGzG3MqgRxgACrL7b22QE3AR0AIGi3yiALl2ffq3GQEDIPp6Wch+Xt8Wo42oV9KAcBYGZg2WoQQUTCIsLDnZl/9e0vPz49YVYcNyBThPOTESCRISXMEJCoNHXIXWGGEleEucw/yuw+E4MRdzT8DZeZuxu+Gq7q/LBbiqGWl9XjvBv+82aIz09nTg9YDseqADMz2gWn23KlilwTMr3u53UNywhV0ncB1+pYRsT7mHMrLtrXtLufyysn6MOZmImrl7WKnmnPVO0XqcgSAOAWbo6ALBywR7SRUFTL1uEeheW53bMxcd8h1OtWKdUwf35+7K0zsoWVRl96S9m2eFcu8Za5K+dYVp9Ubwsy2Zx1ZsvbKOkR5hEzqnoiK2NwYzBluJDsGFfcqUDp6W7CvEcw6Jar3Scu3q2r9VaBTE8iJOQoiA0gsZTX6LAsJOTm2ltYsT+JiNfrmgnaJCPT69ru4lJdKHdnxYi4XC6MDEj90Jl5jFGaPxC5BRBC5JjWl2WOTVGnGxRoD8HMASADKvtZBrc9OwFYClkxOso0lZHlfhEVlhqTEOH2PK6eZqRduU9IT4Q0s9qdmZcnDwnTvX5xXR+rt8o+ciYgYmCpI8Es21h//4ffdlUmhj0ADOlOi/7pP/iLl5ePFcdRVSieSaFVAUUlouQK2o/pEYiUGD59D+jsbBckZGSEzFtxL9ek8clwUK3pQIggNSVUKAXhE3EMy5VXlQz7vzKr7xgTsGhggP/kn/7Hf/LrXz5+/Om0yGFp16en3/3m73772++me1mxn17Wujn8+bfv33X44XV8eH1VEW0yh2MCck7zt+tWV+lyHaoCkX1pkEDAQugx0+dJ2xd3h3enow3xdfh2lQyppgKEfQpISCCLKOcssnJZPfpR+gLSl/t3/f4+qclp6fd3JGSvz/b8GNvmgNi73J/PD++q24+E++EErJfL9vbyyu5h4+7hwRA4/fr0U0Jqb5fLutw9LHcP7bDAeG6wCQFzqOL5bulL650VjHAI5XFpSNk4wWbaGmMljHQL35iSETHMxwq2+Ry2biqcY2O8ORjTGkPvrdZhOTeGAAhdekDUSyTCy3FpyhZGBHf3p+V4SKDel+VwqHfF3elwvDu/+/WftYcvujBBKNWjzgO8aWvLQXUhaXvzUkE6hZCJVIkZ6m2GFZMSC3x+enx5enl5ev349Pzy/GJmy9KWg3755bv3n90dT0t59q7X7eXp5Xh36so2JiEpIwsDsoi03oRJEFvrLNpba721pbPQol2FWhlHVHVprFIbuv1hvVfilEZ1e9InFGeDiEgUAWGuLMZQxFcAACAASURBVEpENoePDQDdY2YiUjjYMEwMT7MgpdwfBuwW7vs0XYQHBDRL1oVZ5zY+BZsSkEUyUZsK8479BkJSRKrSNxGuLwtJ6ryFIGWhZCmANWfdYBHSgUmEWVh67x5ZSSqg2/OTJROVBQhVpcouSkRSbYCcALp0JPSssz6LiNmUpR9OZ4QkAiERZCbErIZmUlYV2S2yVR9DiCRdtNJ4X3z+zqZZADJ5WESUHyQy+/E4ALfhbVmKklQiPIkAJBNKY9X6OwWQhJVZWGTpXbWC3UiIQtJUCJEwmqBACCT4ZEiV1o4n0W7rqiKn42npB885bLX1Oq9vsa05jUVOpxMRzs0gJpiNtxe7XMZ6DUjweP3p0a/rWFeziYjK7HNtwouSbZesc56PBFxOD9wWIsqMuV59vdr1muYVAEOYvcvd8bh0bApNZekt3cKNCYQIkca2rXOOOTMTUZIgUbQfk2i4TbMgSeTYzc8CCeE+tm0bGzEzCxG45S5gRyImkwJQQEJ6PeNU+P64ENHmMCJJJVmQxUYYgLmZByKn6DbmZazDSvlF1a6sVZwCRJ6ZPt3ny8vzu/v7Q29Pjy/TzSySNCKJKYn/8s//0a++/dnL82NYmDlhZtDj6/PT6+vSz6KSbooIiS+X6/X6FuFzzKU11SWSwZwyj4dljpHEgZRI0jSAovwvZnVeva5r+BYGvTcSOhyXcuqrqrmJclMBz3RXlnoER7ruHAYgJIsaAbgG2oD9JJdIIv2wNCQULuwy14F+97VXfTuiRbIIEduwzCiNAPcgPWKCQ/7Zr//07e2yjZFl187IoN2RSJyJXsz9/fQKSOieJXm7R4V9ANDCPN3tRumss0SVvmUCUSQUZr+Gk4I4u9X5Vizz+58+CJPsGJUk4t4XgLyBkoHbckyEJno4H2ybtS6teyrsVht0j6Y8x+x3x/efv395ed755vuvhcyo3UR6MnPuPWT7OSxg7y/IzE+nMaKqt8z9NAYEmds2wyZLoUgTY9fN665Vd3ba+xv3DqaM3Buwq5MVdoT8XmuQWWTDjKSaagh5pwzZr//4T9cYPgezhBvinkAARICgGiEAkRBuQ8HuWs99IVOgyciAjK7dfBISJQFkYBm/Kt8AyJThSEnEKhIe7lUaXd6uWursCLkIPN+dIXPa+DS+1ICWEAgYViTHGz4o0YdpE0LCQufUUoJ2o8xtUkJatK45EXmGsJShfKdKERfQMqEY7/t3mrXYQGyfzqYJQLjL24DaBBHnNgipUq1EFJ6IQEieEe5IVJmk2+WrQzrZ2OYcTRsghXtkphneajZ3TxtCRkrTv/7rv/rt739ftm/werLUp2GH55tPBBTea//wFtQmxPByS+1/LzNPmxGZYUwESVRVeeCRIbuxACGTkTZb7x7ezbAqEOeicQMwVubGK0ayh/SY3F24CO4REfVxEeScTijEVa4claZMhp9/8+333/1uj4UkeHp4CnJNj+715+8OrZ0PwAQB3LS1DjuBCogpPKxSirC3JEE5FHB3EEISiwCSRxDXUqUB4vQBGKIKUL1gO+mo3qCZSUTMCJHFPjqeHv6zf/GfK+Xby8vdaYm5jcvTb/7udx+fX6bF+eHu8fX6drkCZhf59/7s5z7Hv/nx8TJnb51ExjSUnGbb6uaZEZVg7ypzGAIxyZwTGcI3dyP0L+4bkc7ZfLvm3ISAIt09PcNv1XEJzJIJ7rnNbc5tbOvctozw6YixvrzO9cox1tfL+vF5e70SCh3O/Nlnx6+/fvjyi9fXl0C5++rLd19/1c9HOd1jO3py2rDL27auy/29LOe4Xl6fPhzvzi8vb9yWfrqXfmQVWJ/t+mLrKpyEHumUzmlkG4QRoBD7dMIEd3ALS8QE97AkZBGGTBubjwEWAAw+fJtzzMqzRwQiIym4m41p5hksS535WhNSEeXlIBDzcDzcPbxjacTs7sfzMTwZcelNT+eHb3/Vj+dOgTHTLcNUpGlj1ZJO0gMoifZUEezc3sbMN0mHEJBZiRoLn4+n0/n0+efv+qLE/Pby9vz4+vx48WEP96empK1DZFi+vryVuyPMIJOZWzsgohA14YoJHhblptpVVIWwCQlj760M69I7sdKtf/7G1kKESoeVY7/+XxJzFRawLOmDMW3WtwwzKlVF4WmzqnZ3H2mU6a8eHQHFJIGg+q4RmFIRcKwbAVf5Rn1kyl8nKkxUUD8EIBQGJtirPwBBRdKBWUQVCVU4PFXbfvcTEVUAsnAiUW01xPfeAIGEkBkQkLmKCLjJshwQwTxUW9UDEDKTaBPCWnkqYTXlEGk73b8DwPVyZSRl7q1U3SSE9GxEIhSeIlJuZg8nZkJkJmSx6a9vb4Qa4QFBQgiEwAisp/ttOrGwKiAAsIjATisjItKmACQkSCrCKgoscit1K896TZ4ihAic2akMqSPciFGXUzvdiYhkYMWciaatY73Gts3rFcOF23I6irbtchGidLs+Pl6fnrzOsKLX12e7XOopwSpt6YfDEct67DHHnGZmZm7ATZaTzbG9Pdl6oV1yS1au5u5F6XDojRtxVJ/pGLZululmts65uQXhiGBRIHHMSNwChqUhW9nZAcf0zcZ0d8+wDC9nFSCRRYzNM1KoIZWRlCpgOqveTppoC3CzUc45YJ7Ttm2u24yk4XGZ24jYIi0hIbzWvUhIqtKZsbWGJMmtzj5d2vm4vL58/PU333z782+eX16OS+vLmSjcDEh//PDD7/7wd88fnxqrCLmZDZ8xubXT8eHtcnn++LxdLqLtctmIxab5Nt/d3d8f2+FwXBgbo/sEonScHraD7Kq70yODmdPdZo3ZMd2JyT0w0qbVco1ZwgueQ6pq05hJuCpr9nuniNZeDDKpVm1dVZrNQKTjcsgMgkRWt72Aq34gICPtTmdCQkFEFXH3slqzMAEwk2Pe3z+8rZe0qK1a7EZ8ikizYk5W/rFsJlAaxB4qpJ0WA4jukJEiXAmESCAkYEAon7xkRkAUAS12Dj7UvSYzBQWBhQSBWMrfW/lS3zksiAw1HECu67b3AeQeMK6RokzdolwWliRMM8Kqd929RJhVRIbMzCo3ig9CAjIREovsq/nbvRVizzDvrnOqVxx3nXH3WiExVjFbYVwQGRN3dn6Jk/Tp99JO4Sw5cJ8FKm+0R2BvFVyIgGb25//4rz789GG7vJVPtC9L0dwq+lX+/OIpIGANKvtJC+rAnJQ4w/7dv/mb17e39XqtcyexZBXuItKte5WItAkAeHr5Mki4FqaeXnJVYnIh7SMZKCHnnCJa9ovwjPB6LcKSAKDOkb7Lu9VeUItkETJPFqkZCQmFeNu2n//yF1998eX3v/8da6ugSGTAbqghLjRkVT5XCibKELQPH+5WjMUk4HqbAhDx2EaWJp3pGeeHszTZrpsKo+w/iQTE+Cmwvh+VsVYNeLo7i2iEeUbEp54tJKZqh2BSAPzp8WO4q3C4EzMCMvFM9xwesQeFeR/XakVYwmA5ajJz94wBqEjtjkTEHSCDiAEhIAiZhREZEEqxmxC/+tWfPT1+KMNYjf6lLtaXkYAE7DV01cNe5Hg4CQskAsM+KJZHKhP3O1L5iOA3/+ZfKXM6jLkxcsHCkOF4OAdChGH9KfvrBXC7+AgARG6zJP2dcYu76BjV4QCfdh71+aBiucxphImQGDl8/Ok//EvR/vL0g/BSn8R9lZeJe1co7LfEAEL45ts//ed/+7fX1yeMuDstc71enx5/8/vvLutmGcvSX16uc2wR/rPP7v6dbz57vG5/eH6xaU2ZmSGhyD1z+ja3SGBmEe5KvYtbqGrkDJ+HpufjSWW8P9PrZSXsMNYcG0Zw6Td144+ITDPLwACYMc3nnLO1A4qyqC4dMjOj6Oxvl9UCjvf3y+fvDj//+vTV10j49ONj64fPfv51P9/vPC3mdjr28+mzz9/NsdmYokTL8XpZnx8/MDirEC/vvvyCSbP1dPfr4+Xy6jYyY1zexroqACFERMyIpADgfkASm2NcrhnZWr8Om3Miovaje8xt2PRp+7C3rcPNM9LGRALklmEeU1qv5TcLkiQxLccji/SGx0Nn1sPplGRMHnEldCU4dCaI99988/DNN/10RLuGjbTBDMty0rbcAPqs0rR3LgYNEfHubLy56muwJEjwxPApjZZFtbe7u/P7zx+++OKz95/dz81eH9+uly0iT+fD8bhUUYYw9kPTpgWBFJbeFCKWpl25CR2W1puISF+aCjWh3qV1JUZp0peFmu4KSu6ZGrzdSXFXgar8hCr8SoikPdPTN7dxaw6hRIQKt5Vysa+zqyORMemGHiZCcodi6ENia1p7M8S6w1BkEpOqlAJSbQVt6UtfqmK5dxWhiEBCZnEPWbQ4dXW0RgRkZlX3SCASRmJtmomeWQ1Z02KfzZmEFYClKQtrUyRi0Vs+mwFAVAEhbmHiKvYWlXY4HM9nyMTwrqLMBNBYKCGGMdK787n2zyIKSRHpkBFZChqRzlqdAhk4IiByAiVRO5wdabpLa4GAyCJSuVYgFN4Fu65KrIwoIiICgNKa9kZEwrR0Eak+vQluAiEYmB5zEsDpeObej+c7rao/JGZJ8HG9xDZibDG2rlLhQ5smQrZet9cXu14S8/zwfjkcfZsvHz5kOGFLIm0NEMGjFENbh3ugIAqLtvQ0H/PtEdMhw2Mmoi5HbpIQIsrKxG16vr09Q1KiZABJZ1mGe3ItoTpQE2lJWFk88xzDECgBGMkTps0E8IhtXHdzdxKLIDInZwaRHI53wDVtCpIUTIJVEGn65pAiC5LMcrZkBFImbHOuc/PEgsAGCVNHqkuHJM0hZxizJtKI8HAiaLoQprtv1zU9wsZxWXTpGYOQLGDaiJlMetlWD2fm8/mOCIdFuLOiSOuqLHI43z2c73yattZbB8SXywqQLApIqC2I1hmzwD2Wc8xpIwF9RiK7eV0cRI6AdR1MIsIeTtzGDIgsP5yZMRMCaWsRAURVv9Vb7yrMmAlt6QkU7ufjSVRb16UfpvnrdUMk0d6b1GgX5W9Giv0hHp5RinwSZCQx79iVICT+w4/fedjNUUH7c3NHWaCqVlazYC6zNMWSMPcWy6JNUs0MgJgZWB5wSnDYpUOmqCPZLvtSmLvVPQ1voWUomdwjEACBrJIPSCXwcqXpcpd0CQAigoVa0/qCAAEgbVpBP68vr8xaJpMyICIi3qA6GYXAQUJOyChySN6MOHviMvGGNcXdy4Tu6e57a0pCFToiVocAjjkPh2VzKxJNRCAGlT5K6JFF0YEKDGd5k3aXGGROM6zvDrHgQQmwLMtvfvP/jbc34WZuzNxaD/cwr5B1feMABJlYVU37xcDaCDCBsJiPfjxe12vMCRUv3o+Gu0ifUaGTAm56mZjKxc3ITbW1Jf2TtdoTshZbCdmWTkhjm4EBhCxKQuaWANq6VjNDVpcLZYTPqU2J+Hg+pUd4kNAujxERy/Pr28fHD0xCSG6GBHvdGECGww52qqTa/raVKsYC+HRtI/dDfHoQ481oVCcBgMjImHMWRLYKd/bp0y0BCaVS4F6HVaLMXNd1zFlE/N1regt/EzKrHI6LR66XaxOd08oqgwQR7hZ/8Zd/HRaXl5d+WMackAm3uuv85COL5Er9MkPu2wEsny4xUVbkurUGgIWShLx9q4Q//vgdITCoh91YmDeDQAQTl9cfApp27Ys+fPHwyz8BpJwTMt3tk5lKiQKhlMKIxCRRhUQLRyx2GGZm085NbE5MIJR9eK2PTI2yAJDpZrCv4yA8d/TUXi0GWf2J+5Ws1YtHmO+7RywUbKQDYdN2fX1GoGqRg8ydIRtATHirChBBQPmbf/LPf/1Hv3x9fjx0OZ+W5w8fX58ev//hwzZG630Me3l9QQgA/ItfffNw1N9+eP34esXMrkyYPjwzRPjtbS0mlRAdusY0Fa7xUwR6ky8fPvvZZ+/enw9f3PWffnpZ2t24voJPzGBI98xCzGb4XrqAgJRYfJXzsiyt98Ac25zr5h7Tc07jdjy9u2+n5fz1+3Y+27bZany4P37xnrRdr4MA1te3t6fHx+9/yDHndrWw9XJ9/PHH6RP6IsgxhqiE58O7z/rpMM14uUei9fXZ1jfMiAzfDOacm2XdvdwCQNsJZAHkua05Nw9AFg+PcOLGwmHl45QxhkhjbjEtA93mXFcV8RhI1JfzcnrYtivA4FLmlaWJz9E6B2Tr0HuEX8+Hdnd/UqRD56XJV3/07f3nX/Tec7xBTCHQxlS8MmbismwoiZAUT1MIEcoesC8BE/fiwWaZAGkeZp4AwlqR+mXpx0M/LE2YVOTt+XK5bL01AoZwG/PQW2vMgARJhMrIAMfeFuUmtDRpKsy0NFElFqqZgJlVm7QOUIaZv7d61sYYoJIy+x1mzxITIwsgxlzrTr5vO3MfnIWLngzETMRMXPfG8nJjdUQyCxEjUQYDpoeyICC4A6IIR9RnBwgZgNycdxwfQIIKF+ZLlaudpR6dAJiJIhKJSWQJpeYi3HCmokSMKJZZGLtMEFEkJWHtS5IEUCYyKyBaZuuNRR0xmZElIYlZRVmEW9flkAEZLkx1LUQUk2qm6601bqwStQciyvAM761rlwoFVfpreFjivt0V5uWgd/eWDgjStEyzxMIi2g/lPCivFzIxCbMQMxKING2dRAihd136woQERpiMqAQcBuaYcDycSJZ+uhNtc13ndmHhw+nIkfPlFWzCNFX09GkhTMJJmevLW1S3j3A/LLGN7fVtjAEOCLyczum5qFIGZzCrRYgoaSNR0Q4ANlcMV1EkUmVqom0hxF5LKhYoqURV24lISDiQ3EGkaztqO2JKeilQgixAisyCKKpABCgBRKS1tgdIEWYVaQuSsKiwtK6iBGWYByJWIiJm1aZVlcxETAHiIdeRI0BEpXXLHOGsLYlLuCJqgAWmZGQt7DwxBUDvp+PhGGHCFB5ddWktE1/eXoaNLmIWYKMAzUItky/Xy2Vsb2NASgRu5jOSmCyCpaV7P521Hy+XFRBf3y4vl9fLdXXU9XJZt7FOm57Yl+Qm2lVorCMqrAmYyCiVkdgoISGkibRe2ZsEGG7Iggj70cWxqnbrsNKl1StVe82EQETk/m7B/+Sv/ySJ3mag7KkU0nY4nWrx5ZGZYAE1ys6w3dvLvfga7lFLSNwbP4iICVBIplWxFUDhUirQw0TE02ckhHsiAVFU/ehuA4EEIJG4PcqK8lc+8pqTiRAZy1fMJMS0d/VSQUxusSUEoATEGyxj927g7r5BxGRpS+73coLdvg8RgERu4dPohjiqbOTuS9tlZ9pd6MXUjxtxoVR02klGCFgh4DoZlwa525g8keqXJyG5OQEeDodPU1dmFe7Zz7/9lpCvlwuUmYpJCnJS3s1POMW9hR0/6VSAkBGIyaw14YiKW0BkV02kYQOIMHMbw80JkQBtujRhkfIfoTD9PejttvpIyAyR/vHDB7ACiNrNOERVA3y7Fvs/6fVUKHE9AZKEo3ZbdZzD3TxVhT2I6B4x7WfffqOql9dXInL3+ks8qi8Cio9aVSNlwdy2GWbVO1vPQoKEJMpMRwD0dK4+h3Io1Q2nzENItwRq4t7QUWEcREYRgdK7IpErjlz5cCyKFiJCln1rP7LSJ9Ud92I7AMDIXSsvm1UtcODvn+aIuHtykKJqDtxUm4V7RDmXCvKdiB+fHy+Xl8Nx2Zf4EFCjZmL1Q5Sylrt2nogQGZgoTQFhbFObIBMAihAJlfnq002EkVUaOMbOzsdC6ScgxA3QTQSZzKoiSfIn/8F/+F/+1//t3/3uD7/7V/8SazBGxKJfK+Ft2AZI4v14gIyMRETTZi3YtnWt6gNAhP0xvb+i+Pfvq/JhlZGh7GacCHuaF/etYCmkmbvLrX429tcLROTy9vL2/FFlqeDE38upsKcqCjBbCKq2HP/Z3/6nx4Paup6OvTH98LvfXS+X7z4+XrZxPCyv21ivqzA14X/065+lx28/vLxcVmZkgjFm3SK2MS1KcMXepdF+JyGEaRtBLIveHfXY6Mv7wwngx4+X0907Wy/oHlnbTMDCJURCJomySrkYPTIhx1zf3l7X6zq3GZDa+3J3wqbJ1E9LuztAb2Z5edv6/f1n3/7y/uE+bICNeXnenp/enp5sG8+PT9eXVwDvS7++vr4+v/TDgQ+n16dHvr2722lxBxKl5RyAOd7serHrtl2v6c4FaSZerxczI2HRJQHNPeawbZ1jtq4IJCJlNY9MUoXIBMa2xF7JxDbWsa4EkGYWfDgcAgcBnM73YcaSLOQ+5lyZszU+nY69H4+tP9w/dEXlfPjseP7svp06AeBYGUKk3HQTiXs/iehOr9n7yMHdIlKYmRurEikSV/UyEmnvqoXcZ9gJ5cXXoNP96e7+dPdwun84NVFC8jnnHEwAmdOt2iBxD5WBEDfmvihTMhETM6OotEWXpbGqahNV1EatAe2s9H0HfasLxJsXtEDr+3u3JCdk8Ilh/5ZLaG+QKZ2sam12QHDVT8Jusd4R2BmYyUyQwMQZQJmqUobMWsRLsVQJCakUZUYULkryPsZnAnFVkWLvXUVql6OqzFp1uQngGUyyLAsiDY/WD9o6yk2xRtG+iLa905OIpQOACvfjEUiAWZaFVGuTQETALL1pXzKDES2cmZqKspYiWNbB1pdEHLOe3azMzMTSRCUBwgGAEtkRmFSlIbM0xaYJiBFMWnG/dBRl7QfSVut+bV20qaqoiigRLkun3ri1fujS2vF8bEsPG5S+LF2Y0mYr0iGAqMpyOt7dYYDPTRh3HsM20YatF2VaTneMejieSIAgY8yYRqraD2bz9enx8vHjer22dmTivhyJ9dDl2HoTRQDVQ2sH6cfWj205EoRNEz1wP2jvrD0qpFvlehmZEGbDB0tHIGAxj21s63DP8MJVR2zjOnwiaRIDCrMyizSSdgjkRE7gAGDWpR1EtfUDqwAzsWjry3JorffjQfWwjjWDan1PIpXpBhSEnBGRySyoDRkCyTw9AplZlHVprQOiaAuAy7x6YgBCjcfMAUFIUtQ+MxY8HxfRJRPq2ACZY/gYW0QiMUkDEhYMSNLGrTuihTtk6120B7cxbSR/eH7JBOJ+ub69rS/mJtoJwTJJmxNdrtu0ObctbYZPZGSi4/kkssfVMn1ZVJrMMRCSkBBIe0ciVmbV/ZNLhMRVmktIos3TI72owCyNpBHQX/zRZ//Ff/Q3/8ff/fibH1/XMbl3XZYkDgsUthG97bP0MCs/TyISH+7efxPp7hsyI1KRRVh6HSEAwTKQpKpp80bvBCRPtAxpy/27z4dPAEji3O80kL4foSt2uJ+fEurjTERzG4X8nTbL+BEJRbwBRCTMTwb1/WQHu/JfhxQiuokatHuYRcsZX04PCKeaRSL2fALv2kVi7luJMtTvvjuOCAB091oGQFZz4n7wLckzb0osfrr75e3gCMXMJyykPZKIzjkYCLL+J0jT59eX63YhYkLKQqAGwp5sqOmIpFTYWx4gdwn/k5MH3AOF7x8exraZzczwdECsgtuob2EXwXawqZvvQxnukjF8OobljjkSEgf0jJvEC7cHWoGkb5Cu3MOvhRVCBCAoYyVy0QZoXy+URQSqpZgAcN3GmCM2I+Q6CmJmeiJiBohqWtZkUgnU9ERAVfUIG7EXcbntiZN0JqhuOAgo8GsglH+ut45ImJWkZACKsHqxaovlGW6TlT4ZbXG39CcCsDCXord7UXDvHgUkYq/UzU2xrkrCSK+5Gm7zT/1WyNC+MLPNWWEXi6hLhwXzScAEZZ3baNxEpLo89+7hCCJKqEU+AwBrO53OY0yMIMY5rB8XkRYWSGRuGQkRvu/+iZggw2uyx6Ky5t4xVCn4iDpTVO9ZIkR9holQD+8+/9n/+b//z8+/+dfTzG3n7kNGOmamuwEgy06rhATedWsQ0YysnFCtbwDiU6Vc4fl3vZN5P+XfDjNCepsPkghpH7H2SxoRzLK/WGVvq8EvklBYmptbWg3RuIc1bgFiwIh9VfXVz3/97//Tf+ZzgNn51F+fnn/67ofnt9efXi/IQESvb1cIy8z3D6d/8IsvX67zh6eLQ56Wlhk+s7VmPjzBPSKh9X5s1WHKCamNVaU3Tbe7hRf2O41Y1+cL3N99fr28hFtYcM1RFp+ST5HgCR4ww+tN5hGZaBWSRQaml8v2+rZ5ErbWHu5Ej9e3cXj38PkffbMs/eWHH56+++7xu+9eH58BsS293suX11cf4WMo4zbW69tbOz0IwNvLcyasY7TDwSpA3RZsx94P4+0J3bd1jHV6eCZo6wWFJKnjIVdD53h+fnv8yNoSoMLpkAgEiVQFNCmdW7tsw82JKRHmiG3a2FZiZxXRo/STNNzmGwIosw9rrUs7ALb7h8/AA8hbI2E835+pKzOmTfBB6EtvqlLSr5BkZtiWMTHL7IdEIqxUvXggVKsGbklIqomCESzErRFzW5r2JiqJ6I7CrE3d83A6t64E2UTDvDXOGULURITwcOinvhx7O/R2PLala+/auh5PSz/23nRZFu2NiVmEm5A2YsE94ls3FMDbjxJsyjBQsv5NrqDMiDlK5MDMsAgARqSk8uAWNwNrZUDCwAwsIAKsxI1EiAVESFVUsQlqoSYZpWurBQYjq8hhOai0rl2li7TejsLCpE37YTmqNmZVbUs7qCxMfDyckUSkL31hLpaM3p/vu3QmVumHfmy9LX2BwOVwXNqh96XpocsizK31zl2liTaWJm0p/ZikKytz035oy4m1KasKI1LT1ltnYkzorR+XziTLYTktR7dg5uWwNGnMom3RdpqWzA1JSBu3ptpYuidGgh5OSA2BVASFkai1RXWRvuiyoDRAaNpZSFRUhAiEuHWV3qT1flj6sjCTNhFVwVSfUo5cnwvjsfdw03Y43p0JYW4rpzEARqyXNd0xwbbL0jtxE22n89G2dV7frs+v2Bop58zx9IpmytT7JaE2GwAAIABJREFU0pej6qH3RUWaUFiYRW/L9HoUxLZe1/Wa7r0fjqd3rSsSAUkCSWtSEiEr1rfUj3o41pvFAD1B2nHf9CbOCGZty0mXE4oiSOlvwt0cAvA65vC5+kbCgESip/ODQ8GTGiBr68ISnoiakNoaiwKRQVqSuRE1ICIRYk0iB0jhJCZt0g/SeiY6ArCg9OmOKsjc+sKiwAzIDngdL0jgEUzUWut9YdEEdEghxMjj4Xy+uwufpMqqDjTdW+9Jao5BlJjTQoWFG7FeHSLcEcacIkogCmgeh+OBtNmcgb56WAAmNGVbrwBhbgmYgHMYEF2vmxBRFq6v2qIAdnJgtUSJW4hKZghLcVaEhblVJdS+twOKTLc4nE4v6/jf/u/ffffmiTzmytIO73+2fPaVuR8XYYjjQUXadWylTao2gIbtqMuyjSszWYIF9N6TxB2Q1d2ACIrNxbJHjQOIOOp8y+yR0wsIhJGAwlihTdwJgmV+LicL4p7htPR3775Yx8pUYSIELKkFP1FzdgdHgfkRYT+QwO65Ji7k0e5bRhCfTgAkXK4jECUVmO7uhJgYXp1nBSQpXXrXGQi8mO4MsFPOSoAv3nnB0twMmTBp12XhNhwkcBGO6BNalMpgvG3XRDA3YcmUDHNzVqUgZIp0DILc3RdEjJCEKMSe5m5MwiRxo/jXcFF+JEAIs8efPlaPQ0BEeRsAwoNukQ7EICRkiohakWVmhuGeSCbAvSK5joBOEA6An8BHGVBVz4gMmFTYdcS96EpE0NHNasVRBvxqLyUUQIE62EYmAQEE4rxu7diW82FsEwETAhIC8+50fLusVYehuhctxw3LH+54K4bYjeeYmE6AGVhvFigZeN9VFD4o6mwKAG4eVKWwFBkkPNb59S9+4eEffvjDnq7e2UKQZSEKcIqIrAx0RO7gGFRGzRyx70nKMgtIIMiZQKo2Z727MjLTAeGwLNvcmDkBAoARopBKAAiUAUmwzY2I9sA9BCRGQkaKihCHl7TnSGTTrpdLTFNlBOiHbtPMNmIMD/AgplrD1bk593EDqktkHwQSI6PcXXVAZyLPgF2ThwAH85/+n3/53/03/xVGpHnYQEbKitewuREjCYWnhyNg5KTkDPDaEAftvmYu7E/5k6NsePXxqQzM9HlbChBgUFKpAu5eQd7MagXOfeBjDo89uZCYNYJ6EJMQePr+sSGCxCo2EG0Rftt8pSBR5rd/9OvDsT3/9LZoC/cffv89UAz363Wc7g5mlnMSopl/dX+P4S+XdR2bMCPW3gshAxOXRcwDUZYmTOnmJKIirbG5ReahH+5P54eFTi0//PTTtllQApEnZYITUGJAGoQgA3O6sTYEBJvCiJnpGBAoqa3JckzmGLOd2sPPvvr6179cDsvTT4+nLx4+//bngvny3Xfz8mbud199rcthOR7HuOK4cF/ffflubDGeX77/7f+7LOyR69vr+e79+tMHe70ckef1cujn6/PrFz874fE8/Gd3v9jW7//169tGkRk5ttVPZ2AJt0xnikxjlZktdVkvP/qPPx3u7xyo9yOCt67TCDXH82WOrd3f8ekI67g8Pd7d3w/ycblAxvX17fzuIcCAUJdDwxRqMNYN3+xy7b2PHJsNWnBc18w8P9yx6ETXHAZB4MyqODOKlQExL4mEpKydWwNE0c6yINXCCzNroBUWRGxj2LQhxNLE0RNoD1MFAHCAI4C2/u7L43qd7bC8e3dnY7w8Pl6vw4alTUTc03tdpQJyAqqsvYk2WbpoYxHp2vrCKkhEIriPtrXYr+7tfcdfS+tP/TkICIyZyOXo60cG820N1dAufelmaTbHdHObbiPC3abHNJ9u5jbCh5unzwjzaekO5jktPNINZ91oAMxjpidWEMU9I4kTafNwdyQu2qd58TvQCnXAAsh7fS6AZ2jvwAwRY1yPywkyzSeyADFRiLaX55e+NESGhNPxbsx1uiFzIT4SAbiR8vAMQkDKnBAu2lRk29bz8YzgPk2bFOROEI7SGAaU0wRJWapiNgIzzNy5nRxYWifCGStWd3mmALlNWXqEM6MwuU8SZlIgUtXwoKYHOiEiZCxdMaPivJUN1raQMmI21d4VmdBJu44xmBiZIH1pp7DMBBsjxqoIRLBdL24+LiupJsK0bb3iuLw1lbEdtreLXS7u2Q/49vScV8/V+6ELSxW8bnMSwuFw6I23sQnKclx42Pr6CjZhXIl4Od4jsdtaBlVgbYs0XeZ6JWyhCpTMwtLcIyUiUTXa+T6wzbc3H6uwgtlpOVqEEypQZIabCAtiXDdmBG3mJuAY7sWsU01XJhLRMW162pzbdj0e7kglzJCEafGqm/LEpdMeK6UxVmYMYkSKgDRIcNUW7hZUUjgTaz8QyrSRbojc+FCQJwj3iN7uSmIEiLfLtQs3pZf1ZUFnlXDY1klsZhOPy7uHL8dcf3j8IMLnw+nUpewdkfT5Z+/Px8W26/XtZb49Lv30BX25+fVl21QoA2CsEKisdp2dwpIGyjomMQfm8Xw6Pryb6zrHvKxXnxMItYkNH+ZjbEzaTwdCMF+Lo29WmqeJNG0NMT1iM0dEBsp0m5twf7wCM3bl89ffDIdv/vgf/tk//qv/8X/4719/83+BW6PFxkBIYcZg7ot02bb19ekPbn5+9wUarNcrLww2hl2EGYPADQEzwGMykyiRtogECMgkJEzzuSKgNs0502+ABYQIp12dpQjOAESHhDmMlO8e7p5en6ppqtJKTAyIhOBEkcFEt1sOZwYkVPFw9Wv5NAAiucH1kaTWA+GBVXIi5GaRWX6gUuxLjYWASGBEJDYzYnACFbUxhCRvVbMF7CfhsEgAUUWoNVkJmEWBpwSMzCwKPxLEfpBEoGnj3fv3f/zrP/lf/5f/ifVQB51C2k+z8jEgUbk8bl2raTaoyc+//va777+PgrZmAIAQ17mwMCkIDLVfp4SCuwewECJFRjJBBtabZU+C0e7EgixIvFeRO1NkJiRyhQ1KsYb6PbetBtGeMNut83WmnBaZAVCp5fLLJEDU6Q4hCpJsGMw7A5QEVUq4ndIZAG2YStNFcb0ysgFEBgTiXtbmmRkQLFx9T1DJDwsggARigKyMbOwej1usxWy6R9O2txNHilBmEnEp1j89/lBoEIj94leqEtwr8wAI9/cPzy+PiAS4O3sSPCtLTQh7bVzUf4pQZqUFMMKY6pCZAHC5vJl5vf+YcC/SAWSioMDE8pG7Z2ZsYyvAn7vbNCZNIrBKZRChEgVMV+aorU44Mhe2s2qYAwICGZlYMsLDATEwKW/qIiIAQ7q5VQEpfVLjbxb9BJhzVWWYZjYjnYjLIEeMSGSJNr0tDfYSjH0HhiRYKPD8JGlmZpp7ZXlL6UiIejfWJIgIhFKYvsyo2i9GysDAuGkEiLS/EoAEmCxtbIN5NydSuX7+ramjLEXMyESItI2JGNXeLKrf/tEvEzw8+t1xbq9PH386Hej56aP5BOhjTsAIdyH68v0DEL1um7sRZJgSpENkkAiZmQAhA3p43R4BAXPdtt707q4rQvh2d3r31WfLD7//IRIt0YAsEgkCIaCYy7iZkTkCTrvuFXETazuPKiySLJZJSYf3Dw/ffPH+F99mxG9/8/uH9+/e/fwXCfDxh58y9fTwvndtyxIBLy8v6/Pz9fWZcd7f3x/u35kk9fbx49PS9eXDD/2wyHKO9eX18en5w8e799+sr8/b85OcT6IKn32V6efVrz/+gXwlonWb/bhEpkh3A6QQUssMPfBy9+Pv/nC/2rufNWnH7e1yf3dKTJbez/j2/GiD23LgdqCAbRtYrdiBmExJ4WO7Pp71rh9P2s5jez2lf/zu+5fnx8PDu2nXHKsgeBCxIiHlSIPWTiRpsWUwMPZ+ZKExBiKJHkS7V+GobWVtL9SOigIRRGZgIZ4tw4Zt2yWQpplNF+b/n6k3+5Ukyc78zmbmHhF3y7WW7qqu7mYPSRGiBHFGggYUoBe9C/qf9aAXAYKWmWFzmk12dVVW5s27RoS7mZ1FD8dvcV4KKOAiM2+EuflZvu/31XmutZbKEJiwm8NU57Frx3Nv6+F6vz6fT0/P4FBLdTMHF0QSBgJCYELkUqrIXIlLlitSCpeCSaLJxTm+qD3jZZO+lf95QUOKJBEoUVmEQCRBNVjVHSsIEpA5jwziQHYp4emUMcupsA5zdTdwdR8+1M3RHUzDHJLanloQg3Ais/B0OgUEsTmMiGGOKIFgFn3oMAcOIgkANecyNdfeBktBQUAqUwXAPlohISbT4Q7TtCcy99jXi67GBJeHw5ubmz7WH2/vDJDrjAEjvNRdIMxIQNhMPQZnEDDgNM2FBGzsdldFcPSOYIQ4SxEfE/NobT/vTMeyjqniME99sjpLmdK1ONEEjA5E5pQpJIRCGBgWhnWXCpewKPPUe98d9sTm6oRRgJiiNSWiOk+lVhAmIYPIcF8PH+uptUUQD5evYUz98XGsw7RN01zcTM8eQFximK2LoO/KrGC1TOqkffF+Xp/v7TRKLVCqj45t6NoKYi1F1THCtV9c7Pb7PRcG9IvdBTPp6IiGOMJHLRXqIYDdxghDTmEomPq6nqx3qXPZXTRtFjS6AaAFOnEIhYc74nwxHw7uCGMYi4eqOTESQOWp9WEAtNsF+GG/NyeQYjp6HxBhANP+Ynd54YiTmY5xfDrN8+QQ6DPJ6KYINMuFBrg1IOraMAhRUKTZqGVHzOFu6AhoYaUWgbIsy3DTUDMo4gb+kk0BVeZlOTGZBy59dVNqwMLBdB4QBUuZmwajrKNhOHGZp8Pa+9nue1tpPhByN6M2dtO02+0FkEn30xyI6+ODthNNzEVy4w/h4L6rZe2tj0HEpdR1bbv9DuusNqZpdzo1JHUdo61SayCZj6FhnhgcKaUGGBDcXH7RlnVtJ7XuZkRVzVPgEhalTIFQSIgtmIcFgjfTq1fv9ofDaV2+/8N/+P6P/3F5+ISIDnBezkw8T7sxBtSpHq57b9Z0tFbKVMo8rFvvHQDCiMHcoU7MV9aefWgAOQAgbxKdQHfrbiJMSObR2tgA3oBOCc8JAPcAbYOZ3RwIqggElqn8/h9/v9tNEaRuyT9Lpa5DRMAmO0eClzTWIMghn6eYiCjLTnPnPCVEBL5BA4EjA03DfYOrBaWIPkUGSIkMSWuIHi6v9oebzx/+9BJ25RCczBhXS3dAmSZwt2ZbefwiGcFAi/H+iy/v7++tG9I2JgcI5vJwf/f/LEeZZmYJLNobSbLyIAc6CJtehiLcIGkyHvF4enQwRt6UwRCBaU7IWXcgOSCG5bwImCkMSLLa821wBLixPhEplTwvRT2BpxojMQ7g274Z4qXVCgNAS4F1xKaYDtisHOGI7KaAZOHoIUmkNoXcaoAPNwpiFsi8U0QAKEK9d0t/bTMqjCRudn9/F8OBp1whJQstEZOB7kCmioGYK7J83vLzz6gEtdj+3pRrJX4NpDALM4F3Q9i6HTcHcAImDdNRuA43gMis3QAKy8m5e9DaVwB4WUtlNwkGigiMTIj2c8g2bgpb94EOtc59DAQIz5hcZOKhgwtHmoPNAJCYICggkqidJhMWKqWO3iPMI8wc3ZGIAogFIpp2QChUEMV0MLEwWQBECIuqplRL3QoxMQEWAM+uiV4cRm4KhCISYRCxfcMRWWDQCwBqWU7J7S9FdGgAsLAHWNcgeP323ePjYyIHfVPy40urnQCe8EDJrwEoCMB9U9kBoCehBiGUeOPUhlmumyMCpRSipsPBhJhImHmMHpHgFgoAYEqd9EQ0dBhvvUAhAcbeRni4GwgAECMRb53cvLt4+/49qO7mghGPdw9MsPR+XLqIRMTQ7h5metgdri/npl09GPAFP4yOqA5uoOrmISxqVkWAsGvMuyIIhHCY6uvD9Kuv3l0WR1+JqM7zcFiHhsdE5BGe3FNzCijEwqymlJSnIhzhBDJPwuJuwLz78tWbb365uzx8/vjJVn379dfvv/ulAz7fPdTd/vrNF7uJWzstzw/H+yew1te1TtPV5XUAfvjhh3mW3et3KPXp44/mNtoCU12fdDfR4+2nmy+fl+UoD3FZIMICef/qvarWqayff7K+npczTwWgRlQhOZ6P0xxC1M3rxSXR/fPdicoDTIfzebgf969ejQguJBOHR+UCwhev+O7TT/M8L+ezri262hjMsRwXmCoxh5TpcDkQDjpOd3fRlnp11ZZhZpkHHRGhCwqwHBCZoBEbkgu6aXPrTLPH0LE6ceEIW8N7OHIElerhSDxGMy7A4+Hp6YefHtyi25Bp14eqGqhBBJdyuLy6urm8vr7Z7Q8egVxIirfRjkuYOvHx+DSWe9egl0WyFGYKYuIiIlznaZonLrXuJtde5j0ykxjuKFFdSC+DKn/ZVOWFj7BF1qQsPZJU5oBgNkZbtK/Rmva19+FjjHW00cdqphYjEsyoTfuwMULVTc1HqLqaqcHwMAt1VwfdXt44MkkkUMMRwQHNIRBHhgMjBaJ7voLIwAOAa3EHD/KM9SMqtRCTPUWucxl4mqubtd5rPRap2vsIHdoJoLXj0N7G+rQugIjtDIjDvJSzFNGAMlUP79qkVlPIXEQLYAiwdXCZmMKHh6lV8AgaBWM5H0frax9FKhG1dk5LHiKZg4WhEDKqbQmpHo6FlRCFapEIc7WJQ8FNoU7MBWKoQBChj0aGhRHCKmEp7K6MZVdKESbX6F3MiAQIC6EFuPZjP4+xVMJa6/PxFGN0YkCAMaaposVYF1U9HF7tpunzj9+TKVEQz4frm/W0xogwl10da3OLeapcYleZyDFPEaq20c5HNwd386AiXGbTgbXs6mUOHdTcdABCKeIxvDfUFYlrndPg3FVNx9ChYWphFiTT2ts8EbLUqU5zGW2ddjOrjz7GsKEdUYICA9e1LcejWncdu3kyG+VwUNV1XTzUAg18nnZSLqq7WjdAHE5Bfaw2GnEJd/dOjK7e22LaCYVKBcJ17e6rqwnLUOu6OmLOnmMYBA41RGdntQg0cwUbxQqRcOXV1RwvdgewMdwKUxCpQremkSku4AgGFABqUYtUYT+d1+f7HZfrMu8Otq+1aUy8W5e1rc0CADFHxoZCUqZ9HTooAAxUdTk+OxgilVrXtUUEi5irBwQRi3Qb6CMA6+7i7esv//DH/wTWp3km3i3rUc1UjZBqKR4WqtM0ZRWZNrLjubXmDsPGOlqrRYzobIMBTV1EaCpAZaxLWxc3YxIEPN1/dLMdGSq0sRYRVSW5vPnqd8+f/nh6vJUqiDH6IMI0K0MACXlYRmsgeb7KVW3TWiOk8zjhkVkCBUKpBcH38y6rZ05JeQAzIlJ+FB4AwzHFBam7j0D3F8lEDhQtIAhSmA3ZhFGCggDRASjgZ8kkbAkXKcvOIaIn2Z2Ql/NxOT8jI27yBwpwS+ZSADK5eV/XFLpksFQW1u4gDBxlbc3dmTkn4Zu8y6KWydSLFAAMt7DQsFIKsRNQRg5msWu2eRWYKRCOj8eS5AT0rYoyS28tASR8kYUAwNQZCAg8fGQxkrKen+f4lMru2HKdAH+eLqUoK7Z4ss1nCeEWwMwIaGYGg4Od4kVFjekejwT0E5QqbrHbz0NNe0MUJhquiBHowJAKnHRVjBGlFPPxi1/98uOHj0mW8AgM5DplPjmVzKIHt/RfEAEahIdldoJ7Ulg9UriU+u/UAUUGE4ebcyEdTqhhkOZtpxiquPFaLYIAcYSl6gTSwuqZR5vbGVyXhYBJKDwdCJnCHFvgpmPW9ylDJ2Qd65v3X+8vLn/44z/UOtuwIN9CFBBqqYTk4OaaKrn0bXvm/6FngENfR1joGFyklJJUKIzNzdF6++KXvybEH77/Qy0TEQOAqnpEqZNgQUA1BYwAGzYYCIP8xQuBgeto716/fXp+8i20mzYc1r8+JPmcoWdGXkCEjz7cHYFe+nBEhIurm+Pp2ROrCpRthLtR8gRzcglmDilDCwfMWQnmOgfdPczT7BFoEEGZzIBpEgHAzQG5/TBt3gTH4MJmVut0dX1xd3sHgFzq5atLN3t6fPYAcmCiwKAtIDAo0xkjHOLdF19fXl2OdZlrJdfHu7si9HTWtVuZJg9Y1xE23OHN6+tpqh8+PR/P50AUITUDcBJOwraNwUSYyy5yIhlr74vvKo6m7XiMCrsJb24unj+e+toBZiACYkMYDhhhQQCY/pvu3noDgioc4X1dwVEmoXWUCWB3uPzyXX399vncP/35gwX88re/ff/r7/rQ09PTzatXu8tDlfr46cfjw31bFlNr52OoPvT1+/Pz1eub/cXFqhzCtD/sr2768enzjx8Or64tFGB6/Hx/enpE5vsPH7gEcHUHCizzle57ddPTXXvs6Qdfl47sw1ZbtFIRosE8X+0fP3xan09T61Tmuw8fSIR3B8CYdxfrqbEDEtJuV+cdAF3evDofT6P383mRmdX5+Hyc93M3rxcg+8s9MEe003OBa5wnW5d11bGekMNHdyY0lVLGNnVa3EXK5JwkOQWK4qUEjDEio6yIBIiCXAcgiYjM8vkPt6fjCLPn89r1qQ9/9fYquj3cP6lb+If5sL/YzVevrt++ff3m7etpt5um2s94Oq9qNu33hPLpx0/r0zFDpllkLmxhda7TVGsth/00H/auPdzdoEw1PEAK4yARj0Dkl/55eypzlrN55CBybe5ZYxBbsKnBGDbaaG2cV+2trW05tbbq6GbqQ1WbqVpr1pqp6tBQDTVPQMlwcwPHGBYWsNUxAeYGRJ4BMQgAmCuCjcHBpJGdOASglBLESOSAQ3sQZ/DnNE1uvqyNmGotchaIsKG1VmQJh65LILBwV1IfS1+BOVfNEQhCBoODAthhILmOFjHm3eQWEYphDqYeu7q7mC+06+itRzOUysgFdfTWljZ6W8EBCB3RtXcEyrRAj0QWIRCFexBWrwOcioAJS0H0PiAIZTdxmffzRffFejeHSkIYY3RGBOvsAuHYvRSp4TzU20qjFWZi8tHa6TnCOOEL2s4PFmsD02BEojDrp6F6eny4p2kGZ0ZZj3p9MR8O01BrT8f1eRHLhMFwA/LORPM8ibj52VpUKYBo52NxQ8aVhkwkVai4kOUGCZEMPLQXIUBytd7X6IuEoxtFaHNv1d1NTbt6ZAgXYdjNxcEskEJDieRwMRMzE0/TfFzW6CAAx4cHCuShO/LhMNxwtPN9q31NnPxUZG3dvI/wUCBGG8NiJSBz4yAgIUQlwMAxTGgYdAwzjT4GMkQgeBSiCAinIDHrGgCAroaAhbn3sYAikC1aGIVKQKh1D2Lkcx/L+vlCauoF0A2l4lDrXc33l16mHYZFRC17e35aI6ifBS4K682hXr456BiMfPd0XgPOtTSAZdV52rfl1Pvi2JO17gFTncpcWpuO6wnAeutYpsKEjNZgEp5iQoI+etbNP/74p1tCCN9PFwEhc10GBcB+f3AdqgbhCVWnwn2oms7zPsAeHh73u0oQDDJJvT8uBMKIJGFm1g0K9aHMDFSQmAja8uThobar81wmiygU2p4+/OP/weDiaOaE4ba5LxEhwME2PzOEbdQWVdwIQehu7iMlvRYpYwI1E9psqQlkZGZKFXe4m6MAuiMCCvjPzliADBPFjDFDBPCtwM2SDZwRC0AAbVxOQgLM2gWByUZq4jPDFcNdSh1qWcMysakDiLumbABe8FRbJm5Oxik3+9t0HQACnJgicF3XWkvSQzcx5wacjER6m5urbiU3JIliJAspNTqZvYoc4YGBBJSc/c1TCi8O7Bc0EDGlXi7Z8EmEBd/svQgvcnmI8JTE5oqGgWhL6cpfLhAczJ0Ik9IACDosXa3mipTybdyYUwmjA0hyMwtrH5NUyLEVwVxrSj+3vMWN2RIA4BGlljYa1SpYTDsEJiVKmEVYWEwNcGNZAKTlgnK5TJjxaegBrp6kGTfz8PzWc3i2WXATkQnoHkMHEAll4CQAEgvZFqlgiEiwFYWQFmLYfMwAwCwpX6FtCJfffFrSNxRsuj/cvUjxgJv3v/j1b//yn//pP8HLxgQARu8p83W17CFT0OLuZraF14ZnG0aUMWTETERsnpik3IoRMp7b6XR6QCQiAUjEryFmmronNT9/HBEz7CJStIeIAbXKYX9Y+8qb6CA/spAi4ImsJUxBD0KZBBDMMtUgAGGL7EZy18fHB3SF4LSY51eBgBEZaZyZDAn7x20CzzJUE3vJxAk2jgBgzJCmdC1Gbqwi3C0cMtzA3HJnlcl6JNjWAeG9DzcDQLcIhD56DIuApHuJFBJJkkIpkkcRkP7mb//db37zq3FeDrsynu7vPvw0zeXT/fPdw7FMZQwbrQFgePzuV794c3n49HC8fzqH2TxVd8MwcGhdAUIAamHZMmgdwqUIkRPYYa6vr+ZdgUPFmfB49/nHP39sOO2uXq3Pj94auYEHJsKYyF/IByQMXBzRIJCCpiqXF6+/+/btd7+aD4foa39+3F+/+uVf/fXbb75mZne6uL4KjPX56c9//GM/HaXUi8vL6bDb7ScSKXV3f/d5rO3p4WE9nVTt1fuv1EnX9fT4MM+7w+X+6f7zVCcWmXaH5eFzhKWD3tV09CLSlxOGX1+9QpTR+nF5NG8GSFy1r9Z19EYYow0itgCe9ncfPrgCSRl9zPPOAoHFCGSaVEGXZdrt5XCh5uCmvTl4742ljDYoQKbqUliYEahUhHAD7aP3hZi2CRMm0NJZhAgImYjDjVmAAnSgJnbLRWrhGjoAIdw1TErxgPOiv//Pf3LPfXTek4xm8ySvXl++fvfq8vqyVOlj3N1+/vjjTx9++HA6nohg2pXWxg9/+vPD3RMCvX57U4SOp9P5vGjX3ns4dNWNqwyBuCV3IiHXZEcSEJMwRGZMJYUC479412wDnQx7T9ed51wsfD3qaG0569rX89Jb6623ZW19tLWvaxuqXceytq7arbcx1tEXbcvoa2/dtbs26800G4Rhdnt1AAAgAElEQVRV1/NYVxuLrqu21dqiy6LrarqMpfsYYAPGqS3d1cBXXc99MYQRemqrg6+jde3d2tLPo7euDSJfMX1dToHmrmtfVVf10UfrY4XwCD2e1u6jjdXRCSnATBUwufzUVQECIUjoiy+/CLexLhAeESwgwlWktxYeQ3WexU1Hb646bPSx9tFUOxJ07WrDw7p3Bx/Wx1hF0GyMsWS0FFKwkLsSIyG6KVNU4Zubt19++Y3q2tsK4ZXJR0cfhChAtTARMAFDcHg/n0lHCRxjMKOvy/np4fJwuau7fn728zn6CNP5sC9VPKIwt+P59PhwPi1v3r/Z7+fRm492c3Vt3SxitCYRBO5Dwf1w2O0mKVUOFxPTENRK4L17WyVGEbKxqquUUiv15Yj9zGhuaz8/gza0FT2zBRUj3IaUxHaYm7XzEbSDB0EwYSnC7DuRAo4+iHyqcz8eXUc/n9bzauoQ3o6PupzWxwfoKye1IEkjACxkw1wVdETGWqmN3kY/qzqoQjiGIYC7E2T0ZESga0Co9oVjG5eBe7iHqVlXHfm/ACEiAG5mgA4e7qaqFjYsmFg1HQbhquqWSKvKMtqqbTUdNgZGEHolIHMK07a202lH8uZiJ9rm0GuhtzN+9Xr37uZwOVHVdiEh4IZ0PDcHr4dLtUCWNtwA5v3FzetXQ0cffehgoN3+MjxkmoY5UDGPupsjOJiaYVflMgH66AsGEE1ucVxWB/QgIs5KTlg8yALUHADV/NXN5eXVVS11mqSti7tVkUnqxVyr8FAjgj5sd3lFpVQh6zpV2e3mti5DDcIjOCJUVc3CLdzBMnTU1TSR9OAeHp7M7oCM+ilMBFiniQB7H4AU+VLbHJnOGSUeERG2hVlFui1zuIEI6gO21oCQUlntBBBuGdbkalvHAS/u0ZRNBjBzxZ+5oQGCkkjk2EiLAQSwKScRibhy4hJiG5mDb9M3IJQkweNLgwMAEcFSa808NkpV0lbr+6a7sFxSJAw8NmF1lk3ChIAsRISu9u033/3tf/3f/tO//KGUmpj2hPsDYETQC3Qo2Q7EW1R6BBLHlj2cA9pE/CK6u2SlzonSBOJNmv9CYaLY+p98f2wFb4onEPDi+srNbfQ0bicH2t1e0mEsNVm4tTfOVNxjf3nxN//N3/75x+9dvY2RbZmFWYQgU2xhvISYa3Qberi6+O//3b/9j//3/5tKkEBDRLBwM0aOgDDbtG5be2lSihC7R3iY5o46q/Sk0TkAEJBnmB0EE/fRgRgR6lQCnZEiQmriuWGbLEcW1MAsCISEnnsSJhYiIvdcXLxYVTb9V0AAA+NLjj0xZfsWYLXWh7tP//Kf/z9h/PXv/sYhTqcn5rIpytwp61ES8xezQuRIzzYfAmJ4MBMAqlnGcsDLyN3BCZC25Qq7KeX2BuDlE9NwYxIGdnekHKMBAiKjm5fCCPT09BweTMU9g6ecSTJwZ6ONRyBvSzA32LYsjiwML2cPA0shInHP6IDIJQMTWBhREFCtOzWPLdEi4wLQwZGoSIlN1LYdy58bj/TTewQLh4Mn5GTr1rYtBTi8mI7QhiJiag3d1IayMBGau5tva8MkbHqkhZ25/Pv/6X++ublua7s+zHc//NDWExF+enhexygirTUdA8Iqy3/1F78Uxj9/fFiWxsxJVZrrjojPLUGQXljMvY0gFCJqbSGmwzy9fXv9y/evv3x1/eb6EMvp/HB/93BUqDJfeD8DuKm6jjT3qJkDmIMDllqRcIRjFbm+vv7Nb9/99rflcNC+9OMRAN9/+92bX3zz6v07Jmqnjkh9tOPTaV2W6XBVa9WIoevTw71bn+f5+bQcDpdPTyc3badzO576qvPlwQGPd7cYdv3mlQ4vIoBBtYJ1b0PbUgqTajs+Mzq5jqXNZU8sNpZ1ORFxIDFVMNPlPFrb7YqpDTV3l8PVWNryvATy2keY1zoxuzuW+cqBz4+3EX755r1hYXQdKyDpMAIS5mhNKIgCkKbdHDxxnQ+HnfZmOhAD3EuZENFMmaKUGm758+lrDxtoI8Cl7Mq8F65jdLce28WbI4GydB9utU6vrq/effHq/Zev3r65ZiI1q8yHi/3hcEDA3gcjdbPjcfnzn3786cPt+bi+efP2+vr67vbzx5/uPn64nXbzL775Giwenx8Rg0pCLSXTHoGQC1ERYmYRQN5SaYUxYcC4zYm26j82Qhd4XgbuDvGysXWgvhx1OWpfTU1HH2u3oerhaf11VXU17+q9j96192ERjjjMR0Q3H6aWF0dgV1WAYOqmDqBu3TUAR8RwBcLu1npPrIRBDFNkytEFl5JPGDESU9fBzMPUPQOALBDef/n1+fTgZvmqz9u+MIMHI3KRCGeGQqXQy3XCaG4iMu1nD9vtpjrN2oeu59FbFd4dpi/evrExnp+exrqUaTpcHC73xXS13udJAKn3Du7MEmapOPZwqVWI1DrTRtnOmBoACnQSqlUALCAYUQoXLqVMIaTryUevzARQEJiQwac67fczVxGKCVEQ9XyG1sAcw6O3pCXUOtdS+vHJljMBcp2ny0sp9fnuc/Q2TmeyUXcTMy1Px7GevDdb1/W8Xl9fF6Z+eo6mjHDYy6HiVGDeSfhKenZdybSfn8d6BHDt6zATqRA21oXBXBcfq2tzHxTqPpjQPWMiQyoXCS4ipZg74Vb/TPPEtTATeg9tNtaxnmIoB+r6rMtzNBV0tMBQsTHOJ9TeluNoi7mqjqygpFQGam2xoW4WThjUe4vwIqLa3SxVCQwweoewsAERlSlcOTIoKTJC3oaaDXdL1Ei3jgCZY52XQA7rcPOml3wbZuOAgK6mqhQOZgCOkFtiaUP7MMZwG67NVfdFZkTRfkEu7fR+x3/52/f768vF4Ob9q+o9np/G0OelrWoyVQ2a95e1zoZ8dfPq+fF+PR/b6Ofl1EdXtcNuFibiAlxkmup+vnr1uvOhXr/pWKnUaaqqvY2GCEyT1AmyL8EgJGYKDzOtUgFMkAoLgDNCwbisgqMvx6fl9IxmlfBimva1rKdlv9/P895z2t5XW5/NWgyNEUwEbrSJmDNmNDmB6O6bry4io0ljaF5ImZhdmBDgYjcj1bWPfGlukPUMJCZMTGTyzPJ7CXDOgtvBQi1tgREvFlAgIgCC8Cyc8h3Owm6O4P8achWQTPpU5lDu+sdQmsovvvn2+fhIwtsaJgcrHplXjIw2PDU/QCjCm9wAt0TOFyXNVsxHhGZXlBZO2IzCnCiQLDO2izvRhCk33nDrgBDgGellBKfzqa0rF8kTmrVXAGBsmNNMQNiIPEgMGbtI2w4kAJlEBMOHjnm/8wjweAG5ADGZ+jTXDCZ70VCkOdOEJOfJiKn5xz6aq4pUgHAPiyilZMwGBDAJbociAtwDRBgDf/Hdt7/5i7/4h3/4D4xo4VlSu7kwMQkQmitm0hlihCGyqn346Ud3EGa1kRY4d2NmCHeEWqraEMqcuU1qEgBhjgjIhJR4XH7RnyFu2nbEgFJLa/3y1au//qu//OGf/4gkiGBmuSDx7D7d8xIRrICkrhDBRCyUdSQSjfGSIbVl6Uj68YCQgoQLZwwW5zp+wzSZGSIUFlPnUkZrbTklYiJbMWQG9wgwM050NqWdOed82WRFjgN/bkMxaweE7ceJENHyASVASAsCBQZicmyJ89S5ZxouMO73e3MbQxkJEIVYTbdnkggwzEcOGRP2DwGElIphYd72Ei8WmIzjEhECMh+uKiSIFMkCwHh5MCPAOIOkAZkk1XDZrViYMGekKCEICxG7e0rfhDmZYlu/B4g5IaU0dcfLPwkhbfBumT8QmH75yE1FIkLDwiwd6ogIh+tX/+Pf/73aqCIS/fj589X1fln7D5/uuw6EUNXRO0BcX+5/9+3XbeiH+6dhTpxXRJQqasPC9vM+3NVibZorKTMglj5GerFtjKf7h7nSDhvauP18HDRNF9c2uplpHwBBzOqbBkzVEGPEgFIu3r3/4t/81etffbf21k+PvixF5NX79++//fXlu7dY2MZY13F5eai7Gqp9OfXl/PTwcPv9Hz/++V8ePt2O8/rxTx9++v6DDfXRZJ7rvAPA9XyOsYaNV+/fSBXowwF4knY+7/e7etgx0XJ6Gn1liv1ufry/tbGCm/V2Pj2Z99HOoZozQSkVXb2t/XRiIeCgwCISzDjND58+L0u7uDgsx9NyPNVJwIKkOAuMZTk/lcNFEFXGMhXrluOHeTdBmI8BYRhqbhev3gSVAEDX0FZLAQhiIQa3QULz7hBgAE6l8MtpRgxg5DoTiY61tSMDTNOOWBARuU7zgWSqtVxcHqa5SKG+jKeHp97bfpbdriJBW1bkOBwOl1f7t+9eHw4TBiyt3d7efb69vTjsri4Op+NpObf7+9PH27u3r6/evnn9/PikaszEjKUIMSKTFGEpCbYVLj+/LJi3hd5GH46XSwPjZblnORjzvIURA8HHGuM0lnM/L33tozfT0dpY13Qx+LqO8zrG0GHWwy2gqzezPszCFGKoDYfuphGOoOEKbgG50Y7EFhMBokHCCNAQkMnCHTfJENedO1ARrlyqDNVczQcAEwojY7S+fP3Vt6fj0ZKLYhZouDGIQYSYCelFZxsOzMDbqG3ez0wkTGM0IuxtCR21UNfl5ubq8nB4fnhAV6KAsNevr3Es58cHt3Z5dUGI5+NJEJjRbSQ1Oy92cHXvEFbLxJiBL8ylciEmqLMgEhCwCIsUEfW+Ls+hgwB1dPZRCDF0muTm5nJ71QYKk4h4X8E6uBbm0MaI035f50nX8/rwwG4kMl8eyjy3pcXoqKM9H22Mur/qy7I8PTKigI91nSszgrXubZ0L7uayn6OKCTkTQHQKDxu9dzATKYAxzIE4jYBSEgK3JS1NFweqRaYpqBgTMvFOdlc3VFmBNJBLkXkHImWeaTdZBBJ7aoYhiMkBe29teWIEAQgbrn2sy3p6GstiFuYW4MMtCEdratq1W7gDFinMEoRJ5RUpGiaFmMUh1NwjWARIijAg9t7AHJECIRW3YZsRMZAiUDPjlgUA1ZSIh5qqEVE67fwF/4II6hteHAN09Mhw2e0RJA1CwrYszLSrRYB2QhPHjumK6SrGl1fy5qtrvLqa372tVzu7/fzwLz+GVGNZI45ttG6IdHw6rutoo42x6mhrX1SNUHI7Tly96+uLeSriKMjl6t3bX/7mV/PllbBQBnSQMBfiUmsFwlKKqqoOV8UgQDLtpppZfx42Ru9t7acFFM7nJkKuzdoQLrqO4+PzxWGO0Oenx9BOYOF9jBbum5Rgm84b5n4dtpLjZxYn/ix82UArCJCOSiCM/+1/+ft//z/82//9//y/kFPGs2UCERGEZx2VhWsO93KGTkge7jn2eKn0CECIMWD4mEqNRGC8KL2zf9vSDFLADMFENQfnHkEJ6SPoYx1r2807T7MLyc2r6zY6GqKwq4IDkURYrl0BEDwIKbY/5MXwC4CcC438xTaVEAK4g0NS/nMX8bM8KJDILWup2PTlAeYhUnpbHx8emDjMVY1ZXP1ndnyuR15wQ5ADUIuQwoDg5gi4yTLTkQ3w7a9+01vrbQ2keOFHMLOUkvPIoZ7ClcjijTgg3AN547UQUvZ924Y5csSbAIog4U2SScn1BiLY7Xf3nz//4fe/FwAAsDGQmZFfNFPobjmqYkTaguKAkK0NqWIRL2XlpusKBI347rvfPTw+YJ5L2cIQPMwjkF8UWZvVYhNIIcTWrjLWaap16tpuP38EREFSNSaG9Ju/sOaT2sk0GZhZC4gwlFLCI7JMzCBMgCxJTQ0hEII5O4oU2ad4BQl/hohi1wEQCHQ+Pre2CBfETM3BjU4KkaGYuCWfbfse/C+xQjm82PRMuD08+QDkfyNSK4YAxMwkHsHb6WSHTP99WZEhBjgLmyoT5UVoYZCauq243vYE+UkSEfjWf2Y7SkSxUX2QhTPvzEzVFJhuXr1rbckHPsIANsWRu3kYeBAhIqkaILq5sGy0U9wa8lz7mfs8zcxs2rO5SesLA6UBGiCjjh2RRORnhcSLchotowZo0+9tcyx3SgcJIgIw8VfffPd3f/d3y+n47RdvH29/Ot3f37y++PDx7oePDw4uVc6ns7kS0lfv3v7mV1/ePj5/enhy9yLU1dy9jb6OdnN1vZ/3T8tT7lhlEydhfoWMfHk4vLo4fPH26ovXFzOMx893D49L1P3hzRfrctLR3DoJ0JaKTCx1vryZ37zZvX9/eP/F5Zu35+Pp849/Pt59ZqJ3X31z8+XXF2/ezYd9b/348OhqCNbPx7sPP/z4hz/c/vDD7Y8/LE/P58f70+l4Pp/b0kbviL62ZXl+HkMD6frVjVmsp+Px8Y6KfPndb9X8+eFh2s+tjXmudZ4CfCrT8e6j6yCh0c7r82NYuNv5+XMfTXsPUy4FPLhMbV299+W8EHOZ5lIreLSuvL8eQx9uHwKhVHm8f5z2B/U4r+fpcCEM1nvZXVKtblqnfd3t+7L25SzCzGJmfVkxPKN2dlc3KBLgfTlOtRBxYCKOjaWWso8IRCeSMB1jrdPMtSIiEodDmDHTbpoRCYgUEEqlOj+f1k+fPj09Lb23h7vHH368vb093t0+3X1+urs//sv3Hz/8dPf58/PDw/GHHz/f3z333t69e/3rX/3isN/dfnr8x9//EzN/86tvj+cV1K2P+7t7U/3ii9fo3nojAi5CIsiEnGDvHMtQbueIiFmAMaN28mCnyz1eFA8eBuEvRGsECCSyoXZ6stbW01mHqmprbW2mFq2PddU2fJg1024xzLtGj5Tyg0Kox3A3cAOwbA/c8m8YZpr8H8yCADIdZPOlQR5yDI9wmna7PqyrlVoNY+iYSnXT1O/qGAQY5J9uP8n2C23jmIwRFCZm0JeFPACqj8BAYTWdamFEMysE2hZ0LYwABoTqLlLbso7liB61sDAISzsf9XQW4eG6nM/gBqEBBmCm3c0sVJjDRoRhRCFWH1K41ImqBJEDcNY+yRYRmWplYlWbhBkZI4QhJ0dTLdNudlc1EJFSJ0ECV++rj4ZhhfhwuKBatC2xLLocWXi+vmLm1rqAwVja45OHa0C5vPTeKWJ32IWHjl4ra+ugerGb95fTxYXs9sIMbo0oiFF7S5umlBpArY+hhjJhKVRL3c3m4eBc53K4kHlfpgkKYym73Q45DALrHtFJWErhaXIgYMlcyLWddSgFEDoRcG7ceqNQUNUR/fy8LvfkPlFlJkeSWmuZ3J0RAIKQWQoVkTJPu7nMBXkTfxSRCAg3gBBhIjazCLcMtEEHSAFPTkgsgDGCoCSVLl4IrPmOzoV5nisHiHBmMssps5l7ICUoRs0gYpoLAA4dzCwI2ke2obt58qGX0/R6P0Vvvpxns/cH+fr1/PrrNyd1ngt7t59uj7fPC8oPd3dni4fz0s3WtrbRgdgozDXcqJSUn0idPDACv3m1/1//u7/68qKubT33mA+XF4fd87G5jnY6VanEu66xmHYP5InLJCJExMxJ2aWIIpxUANdwG+g210KB+8NOMNQ0IAC0tXXaTWtf1z4I0V1Vu7oCIDNjhNnPo1FDcgR0twgn2GA8EN5bZwIWwhciCjMjAjEI0fNpub17+nj3kAPkbBRTAZIjbEy4SMapeoRbRPCGJEQE2siDEUTbc2ceN1c3gbguS8aZp/onYjPb5qCRKDgn6EAM7skHJYCxdgYewwKjlAoBdZp6W5AwIQVAmxg7EZOxZeHB5jOALbo4wFOZjZtfFtIEbO4QgQ4vw9mcqeNWdm1u25RNA6R7FjYuJBDaz7rQl7EPxPZhp7kh4YY/y+h3+4OIjDG2sozTFsGEdPv5J9VWpLpnp5U5DNFb0hsTrUMbUAJexCaEiLxRg7bmAF6G2dlRs7ubW1bgkom8m7QITN3NtakOM9MyzeD/urFw90wuI6RpP+0Ph3VZ8xPBTXROAMBE8BIgR0AA8XD/OcIEGZmFxLdOxbI1SntcIEB4mj2IAJnCgZltuKuauQ0DCyZxtwCocw2gcMPtQ8g7nTDAfDgGYWFBtzD1SCVVDphjs4GEOzJm8Qov7ghESa5rhOdZB0QMzvAdDACCkc9qhp5l2kWGnHs6u3MHle4QhoCglyMBABHMKQzLg5iydooNeERbMwPg5ul0zlgjSwN1ZrphJs3BGCNDu1OnBttKjAJ+bgISTbs5N/zFRh45rXd3d5ayPSbuxLT9a4m++vKb5+NzuHKRraoJhK0Z8Aw65cIIgUxEJEXMEtAaGLlRwIAIjxRGq46tt9sk8dsWLn+vzRSEjADbUAsREQ0yAwEjgBMwlDHIL20CIhMyEv6bv/7b3/zuN8/H58td/fjD9672fFp+/PR0XFYPI4TT+QwBhPibb758++ri4+fnp+eTZg6DASEO1VKm/e7wcDwu64qezicjoVIYEEx9En7/5vovvnv/V7/56usvb+z4dPfp4cOnY5T97u0Xx9ORgObdoe6uZL46XL+T/eV0dT1dXfahYzmf7m+fP/x0fn6c94evvvvtN7/7y4t3b2XenY+nh7snDKsC1k/Pn28//fM///T9P999vj2dT4hILFMVM1Pzu/uHfHGK0DwfRu+tNSn1cHP9cPeZmbSNL7/5ZdnNj7c/VaHdYbecz5PwaG1/sX/69EnbIkQ6xvL4ZKOXadKubR2M0Ne1lEndzKG3pr2v5wZIjsjEZqBDmzNO+6fPj6bBjOfTSiI8leV4KvN+muZxbtPFhdQJQx1q2e1Kwce72zGGvwwX2rJOU4GIqVaSyoWDA2zTzBRBoDrVS+Jq0T1MeFZbIazOewDQ3pAKgxDnAQxzRSYpBWRSh+fTqTdNrZh63D+fbz8/n8coc21qn+8epv2s5s+n5fFpuXt4fng8/fnH208f73obr28uXl1d3t09MuHbN68/fPhkoxNR76MNffv2HRCf1xWRkdMOmvlpmWbLJfUVxMScS73cjf8XXIZ8idg2k086cmyooAAYj7cI0dd1XVYbo6mNPobaGN6Garh5dLV1jO7QhzmhQgwID7AIB3QEgxjmDmCJAHYzCItwhEBKLV26F4By84gGJqWUujN3IAoKYq7zBBaqbmYZBYkBRCDMHILhc62IOalFiNiWvAiIJFzMPKOO3YFYCHkWQcSL3X4iCh1oAyELCCfmeX9RmLQ1CI9wYQoL96AwgnCDutsh4vl0cksnniO4mRPhft6N3lSHECMxMpAw12IIQSClllIpV7LMdZqlVCIhwMIMZgTBCIWoiiCjSJnqLCLzXAXRxtC+ojuFee+11v+fqTdrkiXLrvP2dI67x5B5x+rqanSzibEBSgIBSUaYph8g8YfrTUYzGGUkCHY3umu6U04RPpyzBz1sj6Lq6VbemxkZme5+9vCttcbDqa1t+fxFrIHZcDp3922ehyISvr1c1stMzGUaWSYJvzuMpVaWOh4OtQiTgbf7+3E8lJ38NUWGMrBFbMtShoFL7b07MHHlOtXziQ8HGQeLACzINEwHHsdIW5SgIowIRCa1FhmtXdq2oju4IwUKjuNBSglrod21abvactH5oss11itYQ0DmIWLblgsDuUWoAoJ7CNK2NWsbORRBESpSA5x22UtuxGUYxmGczFREIpBLNbd12xDxNB67ahLIAOAerZu6AaKaRiBQhkUE15J6OaxluH+DIqERgGoGQG7Kt7qVmd3N9nBSsxxluQPAcah/9utfPTw8LtsyDeMowqZvjlOJQOuV7CxxkjgOyJWHQfzzl+ff/vHj4/Jlc5PypP5wWZ4uVwsLRIsYT+egkhM6KXVrDRCb+TSOgxv2ddu2FuxcugGL1KG625fHp63ZdHe/9G7IVOrp1RusdVkaRBRJjKpBhKQylYM9zodxIhkKo/V3r8+DUGuqoV2bQmyqS9e1q0U0M/UIR045oht4yk0D6WaM7BipOUpvTqAgEJEANN2hvqQTIgCJn67rH7//4KaqHXd16T6lsNTzpiQvGeoAJmG6+YoiEKbUmFjELau2QKJ5u3ZtTOmR6Jweu24I+1MxxVIMKEDEwvsANasukggw06wTwmJZ5lQMwF6vZRIbIiBmnAntuUy54EAkJNwhoB1CgABIzzY3399qNrkRhJRbtpxK/7Q2uYW3AyLchMhBTJJ7Bg8pOQ+++fPg3obgT5U5olrvXXG3Ws8AAHTN3DVGkOTjEBF3HS3AriiIW7eU5WJ+JBAYbvGo+7pht9cEYYKAFJwlmI2YB+cttSEBFQBAdHBO/2FAB3dXZkJE1ZvJK0LrTZvtODsTALXWMqUw3+H+c0p+BYiIuylhalwiW7QsrPOigv/2HQAGpaIBILExZ2Yk7q2xsJlPx4PU2rc1V06JmMfOiQQhJ7DkEePhyEUQTJuaOQmlW9R+rSXIBQrMnOkGiX7RTotBIGCwyI4tpX3rPg7fNzxIYYnA/tRwQVAus5A8bB+H477uAL+pAd2FBOGnjiBui7afFL/7H3Nvg3sRTgmVkRAgMjMzBSRLHw6+iwhwb1AACQI9DHBXpKSJ0E8rDvOsEIB4x3UQ4svnjxExDFOqHrOcT9k9STmd7s3MVZFAeweKWgZG6d1Sp5zXPJGkKZD2XTMd4Jg6hlxs7TVRcmAYbvtr4d6tpznJ3ivuv5RbBF7sdzoRMeHf/s//cDofK1C7PH//hz8W5mb244eP8zyziPatbQ0JhlJ+82e/HIr8/ruPl2XN7zV9UPLquS7rsi3gmDQp3hadxPDq7vjrX777y1//7E/eHe4m6Jen5cvD93/49PHppYOMr7+23npvCHSd5/n6vF4v2/L8/Pjx8eOPPs/QtiICw/TVX/zVn/3t37/++ht1v15elsszgoavjx9/+O6//Pbbf/6vn7/97vr03BSoDONYWRAgQhcA762N04ABrn29rhBeCq/L9vj5C5K/evN6Wdep1PnydP/uFSBgb9NhjACBCGtubtvqrVnfQtVaa+tMUgC4rSu4Y7hbJyCudbleohj5SpsAACAASURBVPfdrcYtbbsiYtl0Or/SZX78/FBKcbVudvfqZGvX7oe787ou0/GADIwuUpZtPZynbV3W64zhpiGlbPPiauMwerRSsUyD1OlwOtVara+llFKOiIUrWzQUljKFKyIwVwA306FOmNNEZtMNicZpkjo6F0RMcOz5ujx8fvru+4fvPzzjVN/87A4IP39+ON6dH79cfvzw+PKybr2r6bJtzfxyuX78+PjDD59a76e7u8vL9dX9aRyGp6cnqUzM29Yvy5WlkuyZw4wIYELIjEQuxMJCLMAlRwxpYpzH4g5dQgphboPNBBrVb91CuXz+0K/P4aG9965mYRFb29RdPdrW1VxvRUmA98wDdDAHBVc3R/IAZjYEtwj0lK8BQlZYDpn0cfvWENTMA+7Or8fpEBDN2jSNpYh7CBMGrb1LZnVCVGE3DcAqg3bb9xuIktglESHmeYrE43jKW55EaimFGRD/zZ//a0B/enySIuAGECSZp1Db1gmwMmEoeBpWM/YNzVrbhsPgrW/zIswIYdotjJkI6TAMZurhQ6p3AUoVIEYh5sy0R6HIoN+hDogZPgocGq0xaBWqTEhYh1HGoRQpwgMzhrX5pS3X83Auhdv8wiwB5NtqL8+2zu5+uH+FQGwde1+fXkLNtEfEOAzgJr17b8PxdDodCgTbirocBj6eSi5dgYNrqbUggzkwSQCu8+aOXA8yHcbTWQ7HJCHbZiDCJArIZQhkC8A0O24bQARW1+jrxSybTuttkSKI3NdVl4teXlh7tMW3xVtzXcEDwYmYkV0bgGNA+oVoOCCZqpuCO6ghRikiXIEgEOphQqThdByPdyDMpYSb+r5WSgShDmORoh7g2HpXU4UwpFIGNXPIIQNrWABGYO+OzDQMVKv2vi0rICFLuAlzRiKRUO/qYGW3urBwjAjBcPPWLXMtikjbVuuNwk6DHFjIbSowYMR1wW2t1trnp6fffr9tcIH6sLUN8am1x+vcTHMA11Ufn5fTqzuWcrnO3bZum1kExDSWy3X5stiHF32aGw51PB7ef/Xm7bvX0/G4dTfg919/xTJMp/Pd27dlmoLKdD73rZu2CI3wBCgQKNyE8TQNggAeYRFm83VuTYMIyLeuefalVQcgdPN9buiRWt7ACIycSiMAcuaHuogQikEgYpbmWZv6bv+DkIBJRDfLSNr9uMbdtgcw7Rkx9oliCgEICHS3N3FwQMQgWLZlHKqqO9g+kMwNLwRCSBEkMd2fQ2F7xjCT1DzuzXYrlXyOeha8RBEeP83UhTxdh5BIBILC1cOEhUsxs3R5wRwd8u7+E3vmcQDsSEaAI/FeXSH7npILkeaVGYwVsUdpJSeUf4k5ZU6Dxci0VyRsfTep3MszxL1iz6SqFOi7A2XwEu2tSxL/nlOhvR6NG4IAKUvObczNAj5iT7USomRa9gyvXKlkD5E5C8QIGOEZW+0/IalJdkq+673R6dr+6q//1jzmyxMVISEkRIemmvxhKUKIwzSpJg2YNk9Z6kG451zXwcxsN35RTaoScS+RwSOlFNla5GQ9neN3Zi1ZLAfc85lxWTfTLeOhkh1HoD0eAgmREdEyQQFjW5YAJOF0jEfKWh2HcRQR085cbtNoJLr9dV6lO0R6W1ARAkCVkh8HT+FMJtghESCmycRtAp8x2pQI2096193mNT83GxKAIGAGjl37vn+FiAAHYdkniLf+jwQ89q6Zsisjzg9lf4CQk37MNpToJ8tdRkKESFyhmwrL+Xyn7mqNiN0cAkWEiQMcglwNUrAFCEQiYm69beDOxACZJOJhCojMxJJJ4xjmIoK5DNyjwZCI9xRmhH2tQnzrDW7Lw/2hknFOmVzjjMkHprTkp6UTEkStw9/9u/9VW2fCvl6evzww08t1+fjw+DJfi4hZd1UkHIbhN3/+q2Vdv/vw0JoSCUJ6padWIlQ7hiCVnBlwkptCp+P0+jS+vx/vK7y9rxO07enh07efvvvx6el56QjTq3eIsV6vL4+Py+WpzVfUjuG6tQCcTnf3P/v61a9+/f5f/+nh9X1r29PnD89fPrbLc7tefvz97//rP/6nH/75d4+fPj59eVy3lSu9ef0m3B8///jy+LjN2/Vl/vL5uXfbemOicRiplmVZzucTV3GP6/P1cD69evumiOi2QNi7b77pvUv4WAshcMS6tYLet82saVsAoG3Nw9Uj1KwpQmDuOsZRt1V7V3MgYIBhHEyTr+R69woJr08X832p9OrtG9N+eboczqeuLsLT6bhcL8N47NrcoBCEOZpq68IEANqVGN16uB2P52F6ax4ySoSqeqlT981RmbnUI9Hg3iGCmMNDuEipbs3cmQTRpdRSR9+Jl/bjD5/+yz9994dvH9etjcdxONXj3dC3+ONvf9TuvYUptG5IwCLdvG+2NfW25TP/ZV4+f37qW5+X+edfv394fFqWRZgJULu1nmmyuRvzWqSkagkCCaVWLocgNI+IQGZEwF02n5hExiN6SsZVNTzc86zBIJ6fn69ffuzaIeD6cmmbaiIQEe5gQK1pZvqua0OApta1g4O6a6rkCS0cmZq6hyExZCmW7C2hR0SaOiPleYoZXIek5pu2rSkgnV/d//rPf/Phw8d0cgsIQiiSPbkPVaRWANxa9zBGqEUAwACYmLgCEIvUYQhADxchZhCmUsvpMM3LjGGS4WrMyVQQlyJ0Oo4MFu6VdzWghJZkWADXyyUnbeaR82NETvsLc6OfqCsRZqFSmWvSEUWYiVhEWLgQAHIRISqM2FuYMjITBkIdh2EcyzgBgFmLresyo62HeqCgy9MXEbauy9MT6Qaqrbc6jILgy2Jr2hNhmJpt2htqF4RhKPU4gnZfnsnXaSCpUioCoYyHMlZiIuIw672HQWsRQDyMcjzUw+jMEQHgAV6ng9SxDJX3UXwpY2EugFhq4VqJpbeNIup4ImIELwy2bdA2uzytj5+pdwpHcEQqXAhDKtcyiDCgIsJQj8IVcD90MJwjBiaESOsID2AR7V1qPZzP0/nMhaWUZV1605wAMQsXRswzOsxjGEcZMkVYdgGi57obHQgybZPS/sQFoW1NtzV6K6USCVdxMwB3C/MA5HCnZDt2SjbBYGeSprb1Dh5h6tqHYQTvti3LdeHACiARfdso4HwYri/Ll4dl4en76/bk+LCtj/N1XrpmwcqAlPHwqL3P6zyvCyDX4QDp3oVo7pd1vTQ1Kac3b+cNzm/evaytOwOVpj4dp1/++k+02+n13eH+rrU+DjJfXyAMAiC8MNVBCFB7x7AK8bPzoRJett61I0O4Ln3LvbsAVhbczYXdXPe6NBNFdixwz36FyDIDgBgITNuuS7KdsII9TjGQkIjMHYlqLbQnMqXFfLiH8F4b5z4fARNn2KflsA8oc7L3m7/66+9//K6Wmr8c933KGeHuoWbWO/6kjbyxv+IegUGWAVK7fMotCAEYiVE1AANIyEDVhJCKWKT/udfp9Pard9/+/veZ05j7weSt0ZxurkAGUUsFgLauzMTM+3AmIkwjx+VEAcH5KW63N76PcWPf6OaiAtzjcD6YwrauhMD0Uyhkgp+eFZ9TJirvJokE4EgRHpBkdgazZPAZEgajAGemcQ6h97xlJLz1Afuw2sHBwV3jlvSbvzVABgQiQMo3kt6blnUvIiJApqgkxUE7jE5/+Pa31lopBQDT9hUIwfL5zqqNqWQUFyQYE0icp0tKjNBVWdjQqxACB2e4cmob3F0hkCCVBpirZAQi5pxqwc6lAhASo3UlYgFK3au57gLuW/yap5IFgQiFydWZGCLQMQLcLDcsBGBdiXPtw0gQZsnDO8JPs7psCsLUNABBRJjINQAi9+kVBRDyVbEwAbp5ptpBpEYW0yTQwNIeJw8YyhE3ZkPgSbAhMMJOrUHAngCHwSJmgQYYKV0BBMJwBIpw63HDfXB3At15PRKScGN0JrbMIdvj8wgz+gED0Fvf1LTWUUgWm1M5EEyqFh5lKKnrVTVE7OvGjIwMgu6e/9hdkVIPjWaxK14QgdzVAyEIrOkwjohEkAncFBmLVjAsKH3S92GiY1pIqTnnswkh6SCEW3fFOfAhwNPrN9Px9PzweZD68jIDlh786Xle1gYoVMTWdN2N8+lQS3l8fmmuQciFtqYOaAZuwcwkw75tue1rAPAwTXfTdJ7qxDwUQu3X69OHP3z3+dN8WTsNJTA3pFhExsOYV2LlAkinuzfT/as3799K4efLy+WPv7OtzZf5ermYOgGY9rYumQbIUqRUdPj88fPjwwsDAYYUcoTz+fTLn3/d+3a9XPu2AcDdq1d1KMs2I+C7968ePz9cHq91HL/65pvHD9/PD8/X4/T2m28+/eFfXHUYC7G4eWsaABTy9PjpcBiLlPUyT6fjunXf2jhQV6vDeLms6qwg164HLhE+yLG1i1s3RzC//+rr58/PT0/P03RctjavBiAvDx8eP36czvfL2oeuueecDqdlW6NM0/GMQ/n04+dt7cySuxdXWJ6v6/F6Hl4FqiKWu7cBTw4O5L05DiPRlJlvCOZmSE4sCOHeGDFsQ84Rdlc3Ymlbe3p46V1P53L36vDp8/XL55fT6fT0OL8+nw6HktOZ61weXi7b1hmjnsaxSFu2bVWkIDQM74qfPmzbvBBRawq+DKUQkZtq77VwOJpzb70RFvEwdrPYTysF7WCViGkYnIwjR++5cfLYKf0Umsfu2RdOBDSezKJvzd2Zi/at93Bz7dbahs5Jlqpa6r4IAh0sMlwmIsLNbvR0yuo9ssr3vQkBxAiLQHfj3I4jlcLhvvVmHmUYiJDr+Nf/3b/53e9/v728lJpoorobRhpQE7ojRali2nJiQTmKdChc1BowqG0RkZ5tan2stYp8/+EDgYlQVy0iDhhItVSgoIzzYlEgYBxKXZYO4MTUWtO2hjpRrK0jMwAEEzgQU0BkxW/QPaBWQWImNgAK5Nu5EYBUCpMgIRehcAoEAWuAFHmnEHAEMIqhhxm6FaIIb+uzKjBzreO2NOK4O7/arnNsa7hdL5dYFyEeprGO4wWCGMP8eDiK4Hg4OCJFi+jDSPVYyjBq7xTAFNo7IYLHNm+9qyoECtQBx4mmyTHMApGk1qFWkkHdcdduUCBZWyPNzt3Dzfpawi16nx8wMEy9b+kGjmZjKThIAJp3ogGCWg8AKmVqYBg+0sB8WpbVbQFHDuKIQqSmxKjqAdy8m6/T8Ticz0GgZmaG4AVRzTBpWPMgO03Ttm3XttRah8O0ruur929s6+V6tacHiACQdWvu3RG5CnmEqSD0rrxnbqpqVw2qTIKmBMzhYZnfgmjuBGJdIZyQmHFtawSxsAIwAEuZ13au0kLNuohUl/th7EQ/XNr6xxcHWKx8enn54XK5AIFID6jjEE6X69UDjcENbLkquvfNLIJIHYPk6eUyFr6qGsH59ft504eXZdHrx2ZEuJkDy9PT85/cvV82kzr87Odfz8v25eNjgARKVyhU3DzAOF01ugHi6X76u7/6i8enl//7//2nnOKqqe0BuZTrlUBw11xCZoWIhJnbzYSEhZlVtfWmoZzh9uGBmZDBQE5I7pFjWoBg3FEad3eLfSyRjAClNyUi5qMlAjJ0ncIt4zdQBMMFycGd6f78hplz2muuGf8MGMTFTcEipaFuarGrcSOcWcb8n/QDSR+UiNxIZXm2D1utZ9+DVMRaD4hSxDy2PudzqlQxM6kFEDxfxSOdUpBIakHcZ9UQ+Ry8JajiTrLsss59xrN3I4RYazVNwPEG49/qRggQSesDSHAnP48Q074IAhBQRHLU2pvirk+KbGN+0iEQkZpRumOCI1JKzhKcSqfHnRTZMZjdHp+RWHiHMoFhL2pg54UIciwEe+gr5Xcb+68g8oV0Xc2MuWhXNyPc994MuLbtf/qH//3x6WFbVwMrUjit7kVa6xAokhQNFCmIYOAOXrCwSGs9Y2X8NvVPxwwSFpaUQtx89HMcT8w0nQ/r1iJ24CVJoxtjS+AOxLncAAsWQSKP3RHIbN+HSBUzzYUNUiBJdlM3Xit/AIC7Nh7TctT3EIO9VTK3t1+9A+J1XRjT+4c4RxoRgWHuqbTNzg8hzOEXv/qzZc6Yrb31CwzPeTYQQngoABDLXj27R9a95rHHF+d9B1lFCHNY5tntSEHeGxDgAQjMhBq29+W4W/lYejRBkFDW2aYdcjyY23sGsx3uy0cASZq22Y7t32jBNDLLX0ZanfoubcigjT1ojJl4h7UZEbUbUYZRYK01dudviTQEYExv3IikCFLAj8Tke22OsHt25ZgefvHrP/3zv/kflutVhOanJ+1dIz4/PF3mCyGNpazz7BFB9PP3b37x9duPXx4fXuYAR85RIW+tQSJ/CJnJ6uaIcToe3r+/++r1+Zuf3f3qF2//1S/fvr0vJbbrw5fv/uXj54flurQUog93b7CUtswGyGUcxsN0OMpQUUrf5pfHL5++++7y6fP2/Dg/vbR5RjcKW7f15elRex+GOoy1WaxrU8eu+vTyImVELEuzrau2btrGcSjjyQNdfVm2eVnvzsda+fn55f3P3noYKQrHN7/+ZSHYrlepNB4Py3wJ7egh07RcX7RrOilv68aM87KllubyPCPFfFnLOASidgP3rXXiAo6nuzuHIOG2NjMvh2Pbtvnx+Xg6XpdeishQP396gPBxmqDQsrZxGMxNmI/H+3Vewvs0lXWevXVTRWIQyadBKYJFzBeSgYcDlVGYISIcWSqLMIdrR0QqlZghDIBJKjK791JrQNm3s8Ivz5fLpZeh0lDb1h8/Xb/66v1Q67vX5/fvj199dTgepoeHl4+fHudlE6bzYSxC67apdnNHCHDf2hrubnG9zuu2EabFsktBYRYCYUgZGezenyRMJKWUEow5osykGxbK541DhEdmuriqm7qq627cYDmhZzH3l+//uC3zvF6FSC3WZevd0lZh6xooUsdk/bfWk+jbcYuAbEEoB8ZEThwBqRImZrNI76zILRySlBrgntmf7kSMUonpcDosrf/zb3/f+0qArTcRqSwsYqrhUYocjgcIUnVmnurIJI6RQ0AEJpZhmKSwCJdaLJyZpFb3aFtz1HXbgAi5cilIUgeplWtlDEDX1hYMOx6OguJtC+0QISzoGmFqBpS6j2rRHYICiTlVjywMQbVUKQUAakmVdhK7WGsdSyGSWiqFkXdyZ8bhME2Ho9RhqAMTExXvzXUtiN627D3qMA3TwGVELkWikmzzuj/0mlIEMjnaME59axRwd3c3nU9caz0e2Bu16ziVchhKlQAgAKoFpagaA7Rl7duWpnM0TTgM5Xgo48E9iAsPVerAw2i3Z1QglToho+rS+wYBYW6bhob1FqEEwChh1pYrE0sZQYSHUcaDlMLCVIfpfG/gzgV5pGECFgcyqure+ybjkeuUt0YgSB2IRT0UnJnv7t8Mx9NwOhnA9XolEpZKhUngUA9quq4vp3E6HU/dfFmX1pULR0RhEpbeV/cQqUQYgI60W9MFbM0iApgCQs1MAWi3/mMRAFB1IUTyPUlDbwpdRHDLoZJ5N+3CFO6EcByrYKjrpt08DuMQYR15jfLxZf2y2eetPbf2svZNvRupOTE6gQNet24WhN7aYm5SJ0MGxK2v6+UZwB20qxKxSGl9q4dDc5JKnz5+VN1MO0QPdSI8no7Lsq6bPz89o/XCEb25bqDOAUJQGKexardvf/jx208fZzMD33rvmlUACgkCLtoUXUMZqZRCSABEIu7BhAHh4EwpC+4BCTNTEiKH6Z6IWp+zqg/AxPv2kbY7AJklR5A0PyEiI7fezS3r3r0dSGYkAITdb345ERHx29/+0zAM4K7mSGgpTqCEGzB9MSOCmZl3/WpEcKDgTWiQyPBee2d9m3NRdwQkocPx2NYWt/Kl1Nra5r0zVQTozZB2NfkNldkpZffwrqq6a7OSz07B420bkbYVWVS7IxNK4QhkoTJU6+ZhwAQZ+uvgmgRbZrzk3HF/PSEOz1fnRG6S55O99CGI/1Z9/jS9R0C7OdgwECFbRIQ5BkYKRiMjtQAw12GI5GbE2QBABLgr7CTq/mMlZKFkVLPBCURA4rhB5Pt0OncdKeqm7E6dEBiZx8Pf/f3f/6f//B+jawR4eNbGKbUk4hxQMKN1a9b/l//t/1jWbb5emdnz/VIm7+bwFD0s3eg93LvuFHxqWRDDoW09JRMpJAUPZEZCN0d0pmJmTGRqXDh/euk7uQtSIwLx/vUbYra2AVNbGwAwcjrKZ4UfO/ZDqS12d0beaZ/kTpg9HInWZU5j0xzpIWKq7wFxTwZK0i7rcoLr/BLWGcoejAaRiPztnjTHPWzLzFIPA7twIJgpr5a3b98SsllP9ycAh0AShl2VA/vtgbvn063B2Nd8EQCMGbxBxB4Rtq+AEAA4ArA3TVQ4Lw8idABtuoea5n8RQYloUSoGkxHIzVVeabBX6jkAgAjM7IedxyNGxOEwhVm4pzvT3mgh5Q9HRIgpvUWyH9kXVkiQSRiISPgXf/NvX717r9tSGK5PXwh8bfr4+LQuixBWinmes3T4V7/4+u2r43c/frrOK+4LFQgA7crZIXkghrsWEUYYC9+fDwPGqfK716c35+FQArW9fHn69PHydFnntauHhlE9HO7fRmhverm+eN/aNs/Pjy8Pn+fnl/VyXS7LMq+Xl2trTVURonVd5hkChAUCmxqW+ub9m/vXrw6n06tXd/f3r8o41qkMx6OwM3M+A+5f3UmtrbciZb5cxqkej2fTdjocGHEoyCLn+1O7zl++/65QeNsKQdi2rOv5MCyX6/Pj82EaLs8viAgGva1hoW0N9zADNyRhhvl6JaJaxmVZRdAJj/dvRIZtXmmc6ji+fHkIDCoS4eN0VIOXLw8YdjhPrfWhMIYCyDgdCN1VPTzNjufrHBEoPIyj9h4BpVTtWyljHU/IAxEjhLeVhB39pkLBWg6IYKYshTNSkLAImzmSMEs4Pj28XOZWhmFdt9f3dz//+bvXb8/vf/7u/fu7w+n4+dPlP/7n77/98cEc37y5H4bx4eH6+eFlXpax8DhkChAIU+pPExv0MPcoQoxJSxJjIDggZSElQqVIqdUjTPt+HyZ+ypIbzNgBtshEyTADj0w0c4cAzr2uITx8/93y9LwtW9MOEWo2r21Ti0DVWNe2bb03DcDeNdIw2CyQLLyrApEHuqMDmIeaI3MApv3xzialuB8oj3wm8nAFCwCROtTBNJjJEozrWoTBfRzKUIQQaxH08G6tdQ3FXM1BRKryIBBjrJUATPV8miLcVadhKCyCNNT9fgciloJcuMhhGsk7aAd1NK0UlWiSuq4vDH6YRhEeGObLCzG4K4EXGQpz60vCxQhYRCIbM8QyVGBGpnGa8rEjZZiOx1KqMFLykK6iWhBKkWEaZRB3HMYJI1wVdEN3bN63FczGcTrcvV6XFzc7nu68revluS3XWmRkXucXwpgOEwmGKVmMFY/H0RFlkEJG7cV1Hs+ncjgFkZQyTAcZqpoRoW1dmwoLlTq9ejWez1wHYjZDROJaUQoNo+8PYAdEkRKBrW9gWsuUaAVLFS6ZScfjUIcxwjAMmddmxCxSw7231XoL9TAnouFw50B9U7Wsn4EQt7Y5CAIQdDftvUdEoZGldlOg4FI7AI91mE51PAzjce5bDz+djsfxZKHX5RrqbYvWN/ew7rZu0dr1+cnNIUDKeBv+IkslKhHJUzgXCYykuAkIiRwsZ/zoGOZF0LpHABOrh8Mu6kAPRgYCMw2EMGcqIqKtVyldY9u2oFjmtTtu5g9bX4ifLZ6WNUgsUA1AiprP24ZMFqkHw21ZzNICq46HoxTGwNPx1FpL/9Vt2ZBhnpfheDy9e//zb77yrV2fHh4+/9jmqxCZqgfd350gYL48FYpX4zQJ6rIKYWgnU8RAhLW1pfel97U1VdV0KN8rQw/2ZhoQnHaMAcJjqYM7liLzOpu7W5haOETKXZCJEdwh8DDdAcOyXIWSqgpm2ol2D98fKul9DxHR+hbuLOzgFk6IhBwAaQ6ZHiS+iwWyLtXwGIYJHLqZiEDsJDAGht8o9jSqdA+IkrAGALMMALvX4h6lmIVU3OoPygmpA9N4PLS1k5C5Y4CGEjIimSkQuKaAmJM2xrQ+FP5pzA8Z1SRE/z/LS9ohY+QEngCQb30Iglu4xzZvXGU6TG1rsBdLu0ozlyn7FP8mDY0AR69FIusMIre4dRc30mqXC+OtnAveLeApEwx22CN8n/EXiX1xQW5KLMTikeMczLvIPabzUQrf8msBU55GmBiSsDhEqXWYRtVu5kRExEiAzBmrjjlPin1PJFLd9R//w/8D7rUWVWXi3QrOPfdHew0YezH96eHzPL+AQ+4uEHcQLC2OILW8u+41UTGIHGfvvUiYZz5uxljksB5Ve94TpTBCcJE0uiSkbv0WhIXZnyTAp9rTDQkRmViYsgdF3K3Gd1JLzc1rkbyymdks2apg5LZuCa6mCzX43mMQIYvkVuon+29EwqBww6BIt1ZzIiylMImro/wUr4u32pd3Zo6DYA+UrUXWbVuWmauEZUYPk1CSrWa2B2vlG0CA8LwXMpeAhAnJ3SgFvYiunpU03MSKpoaAzGzmAEGcSVmS+5/bpYyxGwOBRyBBHSogeQSxgAMhllrp1rTcbAZ3dXLsoCF2tb5tiCBSem8sRCzuhgx+8/ZmITMl4rDgIph6nPQsg9Su8F/+7b8bDwfvjcmWlxcRuczb4+PTti5FiBDWbQNEFvnLP/3FUOj7T09NI42lmaWpddXsQ91Tsc1IOIzDWMv5OL15ffr63flQUMC2y/OXHz59/vHx6XlbuzbVZetNezef7t8BwrZuXb0ym7Zt2xAogDZVJpZSpEidBillWdZl2dyCpB7v7sbT4fT67vT6tZou83W+rtu2ffnyeH25hoPUMlZGEm1d21JqqdP49c+/6W0tHNfr0i0Op8P5bipV9JHtDgAAIABJREFUEKgej71fS6E+X/u29GUO91rKvHWh6H3V1tZ1JZFtnrfWl+ul1BLhxNi1AUn3ICmm5ljqdFy7b10BWaaD1CHnOYf7u+vL47q0OhZzlzKU6dAuL9t1Fom+rRQxTpM5DNMI0dQCgkBoHIe+ra1pbzoeKqZ2RqpqE5Y6Het4TFJwe3kIW5EztyQFNpSWc+m1ien9Dw5AdTgE4LJul8tSh3Gayvv3bw6TlCpv3r45no4R8c+//f63f/hRHX72s3tm/PT4/PHLi4Hf3R3evr1Hxnle5nnprSfeRvn43a3KkCVV6U6IxOlywIgkQqVwYSYM1Z4sSop8IQCQgyXXaOlak6GmoQphppEGiQnkAQKyfPnwYfnyadk2XbXpVgTNY1nbtpoauof26M3y3OluTZWIAPe50KoNkAI4pQJxWyDe4J8suNKsjfLQRSQHAEYLY+JhmNzdXIdhgAACLFLqMLW+DULkvm5bFWZmddfomRMUEY4WASwMEES73ixLVoBgDHKvdRTaLSu4cK1D7veIsDALCYSDaz6fxzqY9m1ZCKDWIujeM9RMYzfwQAcozJy3bq0BOaITGQYeBmBiRICQtPepQgCFqNbKiOBG2gRcygjMQEDAEMEEoW2bn/u8+NbbugTB3eu3JOX69CDo4NHnpRIJYJhZX4UoIMbjFMC+boXgeBwUlESmgrG9xHYhRhoPVIpIKVIQsakixDgMvnbMhIvzqU4TILXuASS1sLBMEw8jUEZFlSJDulMgmJkJV+QREJAZpZThKNOBh5Kj0uy9g4illCJu6q6YsaoAqg1YuByDCIUQRTUCFDGKjOEeoQQYXDxsaxuRBGC3RXuLIPMQIQRYlqV35TrU6Whm1vV5vobHYTgDkIVGOAUeqlSRMGUGInHHTZtaA4duSuhunuYWjrbr8QAiNG1z0bGvXVPDgFikIqKnbtAiFS0YQYwQQCwA2HrHIPNQ7SySEMF1W5sD1+Ha7OG6LmbXrXlAqcNwODDL1jZiDiQ116ZEuC4zMzIzUQ2gp6cH7QuaEkfbNkQEZCJsW1+31gN5PHz4/of2Mq8vz8v81NpyPoyv37wvVNZl/vzpw/z02OfLsjxpW1y79l4IwGz/wVpnggBYezN3NVe1lO93s6BAyvWiVKmInIiAatPektvxhFBi91tECFNN06b5+rxulyJFuDBjVwUEc/dkoQl2l+3kim6mrjd7GYhwQs7jPQsI3OVF5DdDM0hdJmCyZwlopyYwjdAAIBCYIKdu7mmwDsxSd64mh5a4P7t2G/As/9SBmQjX6wwO92/ue+uxO3R6XhPMCIjIIFTMDMIJGIlVdf8qCJKkPoJ5ZOp8LhPcff9zzjV3/dbuvZO+NKmPMbXMOoHsbdyJOechbgEIXBkIKNAD3r3/Ktxba9nzFhEiMrMc+yOm0yHH3i7taUpmnZEQyD0p6UjD6YzTImIkqodhW1YuWX0CEXp4HUoW7qn4zul71jpJCwIRMyOAuocbWOak7dajjBThREJB4aFqgEBMvXdhRiAmaX3bv5lbu0OE6dXjDpltwUh9axRIxF37LtmhrANzjpYKgjyiEmWB3T0bIsW2gftYOpnwvFB2AMbNzZGT6ipqKaH2dDq6sSKpTDbMbg2chIjYdk+gJNqBicMtOyVAIiFTK7Xcne/WdYVUhPPeHe+q9LzWU3yEwcy5iAAAShPRgFxD70BOBCPJUNZlRuRhqK112m36ISBSI7WXGsS1lrypmMTMCImAIjSJPDNzC0YMDwLOndkt/3cXF6R5E8bOteXJCpH5X5jKW0RW02EauynzvphLT+JA4FLMNLMOkBkAmdExmAjCOTGDMNMuQggsTNotIoT34U3AXg3tzR9GOBDv8pxwHw9jKbVvLXtg3HPK89d+S/XJ+yT2dZ0Q1+n4m3/7D24uiNqWdr0A0NPz/PjwRdWOh6n1vraGTNNh/Ju/+pWpfvvD565u6qUW8+jmgM5CjOzukYkWQKUWCLe+TQxfvTn+4utXEm15fHx8eL7M28u8Xde+qfUe6m7aqU5O0raWOvTeNNxKGWQo4zCe7s8ihYu0ralZUNRaz/f3p/uzlLKt27Ksy7yulwtEnO9Ox/N5PBzPd6cyFSA6358Op6MDuek6L8Ll/PrV66++qkMJN1N7fnxmDEDYFrsscxG7XF4qSeuNGB8+PQGgqmnftm11i21r4YHgEdibB5XedZxG4ro2Z6HempSReQqMbh2JWUYkyXZknlcZDxHx9OVxXvp0PLau5zdvh4FevjxhRF+3bW3T4bC2jdHQ3YPLMLRu0/mMCOBxvc7DMCBBIA7joK2ZR6m1HE7ElZDb5cvy8IlKKeMhUwmlULdGXFEGQEYqHs7EQAXk4MDMhZlloONhBBQ1Pp5PQPz0fP3H//BPv/vDD+NQf/GLrz788Pl3f/i4bH2o9f27V731Lw9P83VpvZt5tu+EFB69K4OUWvftdYZBEkA4AiIV5jIOMhQBTA0uxc3UDoEiZyEsWArgPn53Dzd37RGgLQdK5AAWQIQkcnl++fLtv7SuGG7dtt5JSFuszSxCNRO+wsx6eO8KRFLlfDqXWj0ggQFCVtdAQEIzR4I8aHKDSkiZthJpwczsAakPJgJkVrMEMt0cAcBDSkXCcCNwBBBmcGciprS92wU6LJxCHUAvzMM4ZWkS5g6aBh+7LUQAAozjVIfJIoiwMkkmAppmZExvi9oiJANLdF0uFyYJ23f6ICg8CI2VB4iQwinim8apHg7D4ZjHG2KkOauUIaXAwyAEUaV6X6EvCFiHqRynaazuUISnw0lY2vWlvbwQxOl0klrKdNiWlV3Je+9mbRPC6Gq6LMv1cL5j4kh36b4epuF0PjjRdD7GesU2B3g93h/v7t3du7qpumcRol3b1kAKlgGPBw1o5lhKnY51GpABiRHJLQgAzLw17+pt874CYR0PJAMQoxSqI5UBubiq9uYRzHU43JfxQKXKMMowBFMZhlInGmuQyHTE4dC5KCEPBx6HWRuK1MMRaPehdiekSpR2qUAUVaSWsbfmZukM4e69WyBLHbtHIJYyljp1a4t2RLy7v7+/m6rg3Wl89+aOiS/zOm8bE9Y6EO7yv5/giyolzXHNNdk58FRXempVmzqW2rRVYQ8nCDfdMRdE4EE1zFxKJUIi6NbDw9TNIpi6x9atRShiEDnisq6XZeUqgJTZBRheCQQc3TCdAoFMdaz1NI3o3bQjgHaFW2d9OBxO93dr94dPD+36PDCRWw071ZECHr58evzyyXunsPX6vM0X6+sgPDJX8DBL962hFEbJukLVANBxZ3UzWEG4uDoRqWuAd93MlG6WJuZxa/Ih3BOsNbO9IIkkVHbdcKSnSPo6pjme3YrMsMLETIFgbhoGyZXBjefZC6UUdkaOTFJ/nOlK6cSdwGGO9cN38/38Zt2DKN1f9qUD37YFmN6i6S6f5VYOwvPL466BdTN3cwJyN9yLnR3nQETTXqdyvnu1LUvWIojAjDmmz7yAUAeiUgsRpC4rEZpE63GvzgJvSUw3SDqr/x1OyDEuc5pT7+83hy4IyMTX+UW1ISazAUMZmMk8zbp26SFBatlzII4O8Obt+3m9MlHkCPwWuGAWZSimrm6nu3PvvZSipm5xi74Kt9BuWeUT4k0xur8pBwiLVL26pSFrfhrkIF+jW9uykwbwtHjLfYW5qxkLByAT7epPDCmFmJHTBpQ8zNyQMCK6KmUmW7Z/Oy6ee6Fd3xpxs2K6oTuIuSHJE4pMbQ8RS+Ux5/VEpZZl2cw93KUIJ4IPDkCxayRAWIg5w+rd0S1JqhyPOUu5O79e++aQjYhnm+jm27ZEgKTFTdxO0d35PqGWnZXK0j9SBwKwm/QSMue5CcJSS1m29d//X/9nN3v4/AWJwo3zPe+kamxtQ6RwT4pM1SOchSICMIpUKhIO7nYTqCCkPVESMx6Rcd+4G13CnqsSsZNgmQQJvgeth4a9ev1uKMO2zDlhzZuzDHI8H/WWOgxuaYIVbqngcHPtev/q9Z/88tefPn1gJrpl73kYBDBLZu4IZ/dyexo4JCiFyKambQPE7Mn3dRggszCQg5n3VOTHzb0KEU7nN7/57//Hdb5OtZi2fp2t22W+XC7P7n48TMuuY8G70+E3f/qLyzx/++EpZ6ClijuoWraEFkFMInw4HljKOMr5OHzz9btffv36zYlZV9BN1/nl8fL50+XpaW7qW9PeGwKjOwAPh2NvTf8/pt6tSZLsutLbt3OOe0Tkraq6GkCDIIEhOBxyjDa0mTFpHqSx0U/Qr5ZJYya9SGYDggRIAH2tS14iwt3P2Rc9bM82dr90W3VnZmSEu++z17fWGmP0LcJKrbd3d20+Zm7Ruq2X82oWSHw4nKhUVXt8/LxczqZOiL2vRbhNB3df1qV3HWoQvg4/v7yY+fH29PDuzTzNY90Y4mc/+/L9Vz+rrRF6AVfVea4o8fnpXBlubw6Xy6VvvdayrR2RzpcLRtQm1+uyrUN7ZwII6KP7bpNGYlqul1AdqqVMy7KyxLb2VmeqU/Jvh5vTsnYnCcDl6bJ2I+HzeX344m2b6vnlhQWXdX1+vDi4uVdmQNpWbXNDKVgOZSqVcb1c8ybqYcebG/Po21anJm12Lg6xPj+eP31fRNpxLnVS7a+OECJmQCx1RiIIGwZYmgMIi6qRiNQaKHdv7lpr2vs//uZ3VMpXX70/TvLHr3/4+LiebuY//7P3x0P9wzffPT+f3QN8gDkztFIkb/sB6MFEyLI3inge9x0gChcRZik1oWQziyAkdSdkFkksEJKEK42Qs5HHI2IMNzVVtWER6uDAeQAA5tHtu9/9Y982M4uAZe1dXZjD4Xq1bpkUAcM1HxiAsG3bf/qf/sv/+r/8l//+f/8/29AEooBRNczGzi9mPcueiAG+G+yyzESACFEQqbamDsQCVIbpGBsSedi6baVWAheKQgxu5sZUpEzunlsyKbWUlt+qSUXO+DgeYxQpuZZyACQgJnUDwSI121Ram9EHhwlE4awvtNGvul5n5iIc2nXrCKbahRiJAiMoHIZZj4A2NQAshUGYa6mHm+1ymUTSUoKItbYizMyFEd2YOWwd64WF5tPNdDyEmw1t08SIMbZ+efb1IkStTcNBSiuMPLZ1WYgLhqGP5eUM4dNU63zwMHcL661AbQVrq/OBwWJ5KeRcCrcpIKyvRcQZuVaWYmpdFblAbXQ4QK1UKrepzjO3ydwiSEqJoTa2GJttq/aNWQAzf0NMTdUQONxUO9gI38IGckUu3KpLdZF6vMUyOxUgKYdjaScH5Da10w22CWqVNoM0LsIiTCxtAqlAoup91b5e3DoDrOuitkBEALapFaljG101gLr17jYdTgO5zId6OAbSoHCUdjje3t4c5nJ3mt++uXvz5pYArtvYzDCIAZD3Ak2PGGptbuu2+YgixTRECCJcDRndLJCyQF4OByAao7sORuT8jEVY5BESRRjCPXri7PvZFKFn0ztSUP6rG4ICXbZhEQaGCOBWi+zhuoCbWnbpGoy5Nghz3cjziW99dCIuJYWXuCzjej1zQQFi52M7FICPj9+fl+fr5SXGGl2tL6g6CU8YBfT+OIfbMOvbJiRA+HK9IuQgChCOr6u9VkrhnKmGh6t2c/VQgvhxKy2y9+REgFtO1ICIFuFuWbfjYaMbIYFn3yikJSxJ+EQhUnH1AAt3B8a9nQqzjgECs2UMwt2ZJSP1skbLwt1tj+F12On4BE92w8drxyftfAcjF9jDPgh3LCQTAxEcSuFam3mCQwGEYWhqLBRqJD9ufJGZiRGJwuJwe3s83Tx9fkTCrNMiTrEorZZAxMhkau5BiPl1PCJ/kt0dCUi8G3J3MiVFkt0MDLgHPgJEmEVWM4Dvx5dUqV5xokCklFljt3bgbnXAnanK7+IUX3751fnlMeyV14+dKSIiTRMA4bouGBAe5rGXNwE6OhGxMAuleJSAitsecBmxM/17DF04EQehkCCGmb3/8qu//tu/++Mffl9KoVdnNOXAKpyLWoQgJMHc9aN5hyDrw1Rjb6DNvS9SFpUEAYCjR3h2KkAqHvk+YPZZxKvNlyAgH1EpgEgREdGhEAZITQSJiHdILDPypYiaZuNw/o0IRYpHYBGAAANCTp1nP3chmdnQPlQZKZm/NNfuTu98X1NRgdcfL/b3PW3EiJx4FgbD3ngQTOSetXwZkgUIIJX/t//2X//Hb3/z8vxCxBBIvHdKvNY1AHEG1Ydl1BIEEbsHCwOFa2RSLFE25gYhEcve9RaR8pFDuCXhlxcbpp6WvVoBr+ZmBCK5Xl76urTS8NW2nqlJZuajM5G7H443ahsTo5AHgEfqFa3NXUffLoiiqsmkvf/iZ9Pp5vn5CQmFiZlTWEsLIgC+wnX7Ryu3XHveMOfuPzLZ6hd/8ddjdO0rvZ5CC/Ob9z/71V//7XY9MwHo2pcrEjw9PS/nCyLMtb5cLupWijw83PzlL7789Pjy/aez7/0VOBw8CDHyY1pqoSyFoLDRp8r3p/lhpgbm27mfn9eX8/lleXxetm4GqK7qoa5qgeDSZmmNAce2qI1S5eHhPTCdzy/LZQUgwKhVSq3b2rdlW5d16BjmwAGIbuHu29bV3MyG6nLdrteVS51aHVt//PR5rNvDF+/u7u+2rV9fztM8//SXvzBE0M23bb1e5+ME0q6PT7ptbZ6Wy8VtEMLoW5vmxx8+RQSJ9G5jWcew+XhQVVMLICqyLhdC6N3M6HR397IsVOpQNCrzzZ05jqHTzcEBPJDr8fr508vzyzzVdRnMeLq/c4cYAwK2rfel97Uz4zSV5bqUIiylHI/UDtKmMLVtAeS+ba0WQNquy3yY62F2ZGkH65fLx+91u/LUZJ4jAtMPgOTgpTaps7tFGNeZygQUY2ip83w8mWtpVWoFhW+/+0C1ffmTd676m9/88eWyvH93+/Bwenp8/u0//el83tAV3cbWQTXMCiEjSvYnpvMJAigICzGnmsaMtRZhEmEi9ICRrYIBAIjC6Y9X2++6UhsymmnmYLiqjeFm2c2bc4UFAhIxm8Mff/MPy3K1MTBQh2/dTJ2ADKIbWE6aiOq5IUBi+u7Dd//yx99flgVR3MPBLcAsiCkFXxF+fTISUglw4YJZ3RqALEGEwKU2YGnzydyQJHN7WSqTTK1xeMNwXSZhLq2rAbFHD8wC4CpCqeaX2gLBwIkks/iFmJFqqT+GXosQMAGEZHMSUyskhSgcIwojuDMiB+hY0/bW+wYYRYpZRiDhsB7oIq3WCRktY4ZZApDUGCPCWISqcGEpgoBMLoJFKrqCD+YyH++kTNpXafV4PLht6+XFlw1VC6MHZouBnp+3p0dkvvviHYPastq6gPvD2/dYGzEej3f3dzd9XLDWdnNDDNBXsq025toCybYBbnVuZToAYIbycT3U4x3Px3q8r9OBiIlLsDggAZVSdJiGcmmlzSiVa0OpjgjAgAS6gm7eR+iaC5LReymHcrgJKo6CpZb5WOcTMAOJOiFXDTZ3aTOWQ8jkXA2ZS7k8v+SnZCgMixEAXALMxqajsxQUdjdmMcA6za027dq3Ps3T/Zs38/FWpskQg4SkgbAyUZ2J6zDT3luVw1ROxxMgXpfuQOGWi2rVoEIk4uinuyNxcYOhpsmoqLMk7g8pdOcuzixiOEEqbvuRGzEXX4YQYSay8xqmqpb8J5taYDihRwzzZVvVABC6jq4d0Leuo3d3l1LMgkXKVAFjWa9uw7bNzW1YBJgbQLTa5sNExKf7hzpPFBY+1vW6bQtirP18Wc6ubn1A31A1xiYQhyozBnsHN7XoQz3Q3FfTdWzDDIksMzv37B/AyAI0J6IUBDITL01FWesrzGOolILE7iC8eyP3QL2cVDGEGHJ8jyAWJEJwFl63RVVbK5r4JhEgMJIwpohJhOaBAcKMTEJsmRbIhBHMvA9N+W3cA4KYaqsB4OE7ZLSPvyl1IEAwgCSnEPGvcstodzESse+lBbt1GQFQOHWC2A3Ju3qQQSLotK3Ly9MnkZJG0t2VBbEzT7s3FvYwdYLsJIq9ng7yv0z3wT6+v56n9sMZvDLcuHuh8lCRL21HWVKUYDDPIPnEq/b6AwiA/ei15+SnRIIAHz98TxjMbBFAudBGRGTmCN/xk32CighA3n/nkRAY4ugjHAnJVJkx3JFo92vSjr9HIqGJgIULMhCtffv0+YdkkPZKt4TKkOXVShER7sPUq1QzdQ9EIBEkihSJiPb7PSICZDv3q480d+0J9RMBC+eZ1VJyyNlUSpFSTO2VXOXINisMCDLzvPARkEnMFIjGtjFLBNBeFBeI2Jf17//jf/7VL3/9T7/9jZQae8fATqSlMXSPe0qH6M6z5VuEGTKQZpLX43SqEwgIFFkJ7NNhbvM81qu7IRIQJ8sYBG7ue0ZQ+T/+z//rer5UaaqdiCDykxkeQIwkomMwy9SahRGAcEFACmIWMzXLKw338mukPLVAgPBetpeSZP5FRFmX8eOBO3+5u193J5kytx8iXHWvZo0A6wopKBL95Ku/uFzOpgqUdxDM7cK2LZeXpz2GA5GFwkJKPV9f1Hp+WST0CFXPQzUS7JcvUESkgA4Q7gnuUmJAGfK9bKvpQlkfgZDmmJ/8/Jc//fkvVMfcyvXlOTWET58+rdsSGK3WZV0iohR+/+b+Fz95+92Hp5fr5hC11jZP2zB1qLUWqUhQS2FCxMBwBjrN88OhPsxyN8lhRhv98fPLhw+Pl8uqBuqggECsti29pwrItUaY60CIWst0vFvHcr1eAlG197H1oRG+XK6utnVVM3UY29iuHUsFcI8Alno4QYANdbM+zMeQyiJiBtrNQW9ub2uhy/Pztm3vv/oZFYjRyWO9nCNiu1779eoG4TbWtbVyfX4iovW6blsvtaZ56/xyKdPsgBGw9lFaXda1zUcsx3XVAFX1CJoOp+FeTwcg2ZatTHNIVQtp8+P33z3+8Cgijrhet5s3dx5kCtOhkqDrGEP7urWpJJlKxPPp6NTqdGrzNK7XcBvbBubuY70urdbp9hRYuU1jvSyfvh/rMh1mmQ+wq1UFiJiL1ANi8VAWIZmR2HQEAHELJmQEFEL6/OmJS7t9uOvr8o//8Ic61fu7Y4T+/l+++e7DyxhEEIUg3DFnTdwfCHtRTgASkpAIA4CrsTATzLVOe/1lWJAHB4AHBhEQeaavQVacAjNLqSRFLacXcBvWRwZtBaBaRJADenKRUv7w299eXp5HH+o2RphBV9+2IcIevg4bDkDYdajvYaLb1j9/fgkNBASmoe6Qd6QAIgtI6MbdpEw3t2+vWWhFlLhiuu4yw4elBoSbi5R8SBemqdUYXTBOld7fNiKlMvWgkf2PCAgsXFJeSAGZqEitFERoiCjErRREFMx3sOWCLR1T4M4Qx1qr0NCVMabC6BpuldCGibBruAUiSmFAcucATmVYRIRKIAHANE3EKIhVUG0wI4swCxDXWknYfNQitbS04hGh1FnK1FphKVJajL6ezzg27xsh03RCBF1e7OXFxybTdDzdRd98W3W7IoRMBwQP620qLefXd+/bYUJX1F5bDYLuyFJAlQqVaeYyBRgAYJlkOvE0RRGu016pSYJSiVM2IS5TmWapNTxMe+hi1ye/fsb1CltHXUEHCpbWZL6B0qJIYA0UqlJK5VIVaPTNVQPBAB3II9SGhqsjt3k63aMUB9O+JmdJpXrAZj5NMxNEGLozcPbvElJrx2G2rtu2jkDkUub5yFQsfLj37K5GUA9AAorWKnC9LoYsQ+1yWcc2UgMhomFhFg6ghhC0bT2C5pujE1gEl+yapa4GQJbNecRjW1GNCITJzH2vwflRqc9ESsDMpw0gZhQZQ0dmahIBc1dL7sPcI/Jg7pySnZupOgBJdsbytm1jbIUZQZCLA6gZArgzI46tT4cTUH15esQYMbRvV9eO4WYDzApxARN0Cg9XdtVtLQSF5enlcl5XD+NSgHmYdncKSsMqEppl5jsQgmcXFkZoMFLhko9yNwPAMDvUBkDb2OJV4fW09iHkLi8j2Gst7nsYCQCAeyFe+vp3v/6rv/7Vv/nHf/7nUhogCHEiD4kN5Q4aA4Q4GO+Oh8BQQPC9HyvJjtyN0Y7/ZMkWm4er7aZWc8yNNeeJAJmkAnIpom4YCDnVOBYRJNShO9KxUzmRzQhmvkMfOZAj5o4c0oiHSCgR4OAAu7chwPedPb7OebTDkekRyDEagSIMsrUX9uKnpEBYZHfuJrGynz4QgVgYKTLLcY82cSAGJGYC2odCAECS/c+ZsoE32Yy9ahmRiRhg70xOCTyPHp6eLthVof0V0X7EiX1jvR9JJFtaImORkjRB2JvEwj3gNRbRTCHCwZE4TMe2VakZ7bSPiQjghrAL3D9WoZVaINDCCYCYRMTMIoKY0/q9q8+59PdsMGdECMzmgGTGMuF298+mt8IdxtrzRJH1kK+/vJSydwkFAtwtwN588YWahtmPAbI7+V7khw/ff/3Nn+bWRFi9p8y0n0nA93EagJBKq+HBzCxi5h7GxMl2ASZAh8IlWYHdLR1ZYhKjr6r69osvA0jHmokl+0AOCBwAUaQg8Lqt+dFKvsvTdhKAEerOexwPYqB5AOPQUUSQ2cH3+TkvRQQ3NzdwR8KMKopXVAkACGV/TjMhUgREmFueyzFtjsiQlh0WCUBEKk1+PJwzEUY8ff4QPoSL7zFegEDgOs3TzelW3fPiYBIEWtar66ilqVqaiSAr3vKkDGEWIuKeCVyURNOe9ISQ+oYjMLFuKwEjiqcbm5AQ//wv//3D2/e2bbXQ5eUMQBrxw/ffjt5bm6ZaLtdLYDDRn//s3U/e3v3huw+LOjG7OhAOU03aEIKIzI2FROjmeHi4O3315d0v/+zdF/f1NPPTx0/f/Onbz58uy2ZdbdPezUdgmW4MYnRTddeOTMTCROvWqci7L3+mYyCCSF23awSZ27btzayQAAAgAElEQVRu7gGErRQkGjoIoTUq08HNR+/bpn0bTDBXao2Hqa2LD+3mUri1WoVfzi8Qighgti3ndjwElxiDQi/LomNT9b5tzJSHDWp1XVYI76t6ODEx87YNICy1qdmyrFTEqQAWkrqtV+FyeHjz9HLhUgmxtlamw9i2vq3z6W7btqEewz588/Hx+bkdDo9Pl/l0qDd3gXWEH++OAAYK26WrDYoQhr5eb+7uNFBKk/mo1q9Pnyri8rIQpJ0BZG51PpoThq6fv788Pk2HVm/vWSohkpTwEJlKO5p7kAlPSAKI7kZSMU1sZQag58cnLOVwe3t+Pv/hn79FonkqAfDb3/3p4+crIAwd4DG2sY2tFpqaIO0m+FfLU3ZsAEZwRO7VWimnqbbKGmOEO1Agv977GSgNS/yqtgMQIhco1TMqATBcLfPT1DzQHHL637NFuX79+395/vjBzIa5mgXLUB9D1Q0gAGWfWBDN3CH6GPlUze4iNVcHT98aZrQ3ZjkiMqrbsHBITlgcoLbiHoAoUlJjVLXSCjCFuyAxgxDVjP7S8eXDcVN9Xk2dPJyImAj2WsZwDMpPWCn5aCTJ23UwA1dmDC4FiJGl1pmRIqxVmaZyPEyHw6x9095RjQAYwMy0j2yedlUCRCaNcIcijREdHQlQ0qlCXEoAlKmWwm5WpJhHrbOUSURKEYaYai1MPpZwbW2abm6ZqQmbd3K3rt43Xy7b5UIi89299wtcLxjh6MRwOT/r9cwIfV2PN0cpEtoLIwsHmrQ6H0+hG/e1j63MsyGVWndrxOEYVIeq2uB6oOkmSlEIBwrEYYbMPE1U6z5nADETE/l60etn6iv2FbYVdcPQ5OHUXS2AK9WTAgILSQHEALdwZEEWQiAmYOY2EXNtx4QpiGnoZlSyKXRuTccADyQpLTFslkoeLlJch44NAvq2WeAwN3MUebm8mA8UUo+uhnUq0+QICqCAwAWIINCAlqGXbb1cB0MI07qsQy0f88MdwIFAmPu1q1lplYiWYa0IE5uFOzhj2vkIMtkVww0CsonKIsboxBkx6Pjjw8QhAizAASy8MAXg1g2JNTAcPKPqHACAmchhJmlFMmxj7WPrAyKEEBnMNScVJEAMydZIdgz723//d3//n//T73//B7cR4Da2UDtMVcArBHlMHLat2jvYQFdmXJarhg1TxtdcHMRhxsiMQBRuluNJLayj565ObZgNcEdARgEIMyMCHWOqhQC7dURwd0LIdHKAIIj8XSBAdoYQgkUWA6cTkkgKC35++nTdeq5rAVF1MKKD5cY5P5aZ4Pe//7f/+nJZvv/0qdQWOYalywD3OB8ASDTZVAEM4RXUQRImN2MSCCcMrtORMxclc9PyzuGBRLkORA7NGFBKAzi6BgKUJoCgtkfq0F6AnJMxeFiGtgMT5pL/NfyRgNrcUunNwAQWEpbwPbNkT18CTGNlctY5X7tDLitxn1uBJfEKrFX26FN8tSMUhsxa9oiAjEePiLBUACAX30EUHsQUkaVOngN+IhnphTHwCNv35gCt1XBI0JwwydCcDB2QmLi2kuBHvDo8wPb5MSB2YD/ZCo9kNDOOBxHdPHbYhXNfk+k3mbET2SC3GzZ2EyojpaUSiVutGV60X5FJy7x6QhJQx/04sodFUV5WxJj1n+Es2UAQuOdLRPYgpB6YJ65c8xNS1+FqtVQLJ6LsZs7cOUyDTGZkaS75nIggwiNf+w7/OAQFBPDO/cB+JslSvVcdiTx8DyvAH3/rnqG8KLz1K/p+1t3//9dGW1MfOpASoku+CxCREbJvpdT2b3/9qz99/adc4msff/Pv/qpI/fjxI5eSslESjYQCrwpESm9qnn2Wfdv2mmp3iChFVDUllH3lR1xqcY8AJ3h1YRcJ9wgnJIdw9YwiJWR4vfrTSIAAEc6cNRRoarGbdrLCOi89wLxcMS/hvd1aSHbdLDKzNVLYSvKCikBacDILmAiYAQCJgQgChOmv/ubvj3f32lcm95GJPP3DDz+Yj3memel8vgACEf36L37+9vb4+28/bmoB1KYpkIircENCi2BiJq7CtzeH929vf/b+9udf3v7k3fGmovfl+nx+/PxyWfr5si3bWLa+mQERlsZS92gpVSZJS/TQbZoPh9PNti2pQqsFsejQ3ruZ99ERkbmISGFGxGVdGB1RLGJdLghg7lm/Ph+mm5sTCY2tuw4pcjge1q6mtl7PGIYEx7vby+W8Xi7b8DI1ROzb6mZmsW0DWZZtENG2bgABzIhyWbYICiRXNx3D7PbNFy9Pz7Og6ti6t9t7NQAqFjA2v3v3Zpg///D5cHuLtfbRnz8/Xp6eL8swj/Oll6lSkdP9yT2mm0NhJIAxLNy36xLuo482N0MqrdbTPbhfHx8L2NOnJ1dLNbW0Bq2VOkfY9vjD8vQ0z3O7u2eZmLmWajqQhOscYYjAKJCBM8xSioNzaUR8vXRAnI6z6/r0+WU+HepcXs7rP/zTN8sW6rqNsSzdHCCiFBIGj9hsqGVkvmVF9J6ZFVFbqyKI0ArMlQFoU82m7DzRJrMYgLlPowjcS80po6NjN+Gg6YgxIpeNgSNemUISROJavvv624/f/MncVK2bBaKFq1kfNixqkaE21CJSJANHjCD3KFLMzcwDeV+yEVk4IkYgM+XUYuFSqu+GK0YRYlGHVqdhTswaUUpDJu2jFjkejmodwpkrMfftet4Cy+SepwxspRKSuQE6EyJRKxUQgFBEWquZbMFCUmRoJxYULq3tsdpMUyuu6zy31ipLsW3D8DBDcFetZS51llbWdR2a7dWvsxcVRDRwqbXOs0MAYTsehUsAlFIBCAmmeeYiEMoEAtikBUS/PmNEa4cyzW2amWBdXkZfKxAMjfW8XJ+JeDrMJcyXtc6HNh9N+/L8PDc53d7JNN/e3pt1Rq9tkqmSUKs1dPXlkcKxze10C4jMyEJUW6knQDZXqnOZ76RNKEzEpU2Q8Z3tQFIiwsYWY0UbMJZYL76dY2xFREoBESoT14bzAepEpdU6VQIcK22XuD7ZckawjIQf4CJFhHCvrUBTRRZmwYxg1l6lhmeQrIFHX/vwATCm+QaDE0Xi0gBxW1ZAsq6AbGG1Smm1tCbSdIy19xA+nG5ZCjAhF5ba3alOfegylm1sZkNYCiBzut9xWdatr6pbEalTS+IgYYbcwQ3dhySpdYwtAFwdXBFCGDKBXt0psy5Vp9rczEyTNWf61wZGD7fDPE3TfL1cAsPUstNS3QBDhItIAbwT/mmTCm4Ig6S24tYBsPfhAYCoahmNARjZa14Avv7jP3/77dfv3n/18MX7y7pty0YAx8NREAvi6NtEiKbWtyrA5IgxzJY+GMHdcktg6pWlFmSKrNlORaK16maewS0IO+yXykVEEp5cyul4OF+vfQyEPU0fEPNJFwBhvqPyO/5C7o6MO44TxlweL5fnl4uwqI0IIIhSmIV02J6UTzkSICD+5g9ffzy/MLKp5qTkgZE5QHt0O0TyOEl9EDBxBCZZA6/aC2AwougYNnw6NI9AxNIqEUO4dUUm3xWGdIjij8JlzrAYkOmZCRBRbpgxnXiwnxZSeIykaCJVWu0G+Mrt5Fzi6WwwQorYyZm9Mzi7eAH2wifPORUwgJnCI2ve9xUpUUIoRGQWu/JL+7k0D/gBTsiBEfEa25IQEWK4MzGA74DRPk9B+qbdQ5jmaR6bqisRBqC5oUP6LIlTa1II9wDbAThJwet1pR8A4BGlVEqoP8mndL0BQACxtNoI2GMHQnYpBVBKQaQxeuzxmgQAu2iwq1UQ4Xu0T74r8cosQVBklXC2kQHiHolkMQKCC1sfecDI3PoAR8BWKgA6uAcICTEDOAVIkW3ZEIiZUtrYfc/gnr9JxK2/vjWIO7QVwIyewiLvVvl0ieQdJD8yexLvfiqFdKIg/AjR+f7KAAipbwsEJCiwqxZ7QAbsgy4SAmHiLPunLiBTnpAd4/nlMSAIGZGpyMdPn14u51JaOPq/6vHOr+Dh+9VApBaIMcbY13KpcTHOx6OpYy7ZGYiFCGspZpa8XPYzmGqCTeHhkZQ/ppEY4Mc7ihMzBjFhAJhH37pZqkvi7sQUCOCACLUURCrZCh6RduqIQAQ3mw4zCbo5pQfAQgqbubvldS3Mvh9i9p8KAYq0v/x3/2E6HjAsTAljWfrWt88ffzC34+FkfVyvV2Ri5L/65Vc3h/a7bz5aABHMbXIDHRtiMAszTq3NTd6+vbu/Oby7P7w91WPxowTbqtfL9WU5n/vnx5fzdV1WG2aqYA7BzGVyG9qHZRoVIiGwSJsP3MRN+1jHNlIYW9Z1qnXTLWNODYIBVbXWilxPp+l4Otw/3B+PkzCJSKr/YZ2YHt4+SBVCuJyfl+t6uj0x2li2vq7r+cW2883ppL1fX86TcBGIPrbtCu46NNfFjDC2FQD7UBKOQAck5t43KXVbVqmzEz0/P7159+75srZpzsSkh7cPy/N13Zbbt+9eHp+X8+V091BbW5+fxvXy4YfPXeO6KhEKwf3bG+16f3/PRUopUqfk4PrWt8Uqo+oKiKf7O3MY61VirOelb2NdFnQ4HCcsPN/dE9L6+H1/fm7H6fDwBU+36AZoasP3MISAPEMSIAvLDESAheVgI4xwvjmQ6/OHZyRZt+Xz5/PX3z6vPdaxPr1cz+fFnByCEITRI/qwdcuDCKmph9VChfdGxVaYwqpgkSACVR9q+SwKSj4BAMHCk2MjSuYNAgjSUglgZixFx+ajh5mbWYQZRNDriyIp9eOHx+//5XfmHh7mNiIsdtZHNYapABHjNgYiWRqPmNU8bT4WgCiQp3c32n2v6B6AILWFASFlXsUO+UyNABF9Osx3D2+Ox9O6XiUb/RBub27cfdtWc7+5OSLisjkAd9NdD89YVNrvqMKCBFJKnVrunWst09wIEYin6SS1mCsRAWERblKJiAmOU9uu1/V6JTfQEa4YUUud6nS9XNTHXl1kgcQOBpxsJCFjmyYSIcJWp1qrqSGCSPEIZhShlICmduA0ciBa32YpUoq5CRFaXC+PMcZcKg89lQrA0lgAcL16OLbDYT7E2gnheHfDU6vTgYhsbPPx2A5Hlqm2imPDfmFwqrWebqmQ9RUBuDTkCgjuAxDb4Y7rBHu42kTM4SalMgu4QV+hd9EOuoZu7gMRWQS5jKRqRHZScj3Heo71BZan8fwBlkc/P8H1My7nuHxGXRAZucVrgjs7QNjow8wBE28LdLueH7dlCTV0Coh1fXHVKicf6+XyNLZFSoWI4SNApEidZikFwt39eLq/vXm7rBeL7gHIBUXUXA2kipoPRyQcprZXWfEYXc1tKLF01fP1aupElUvtqtetj9fTdUTYMB0O6WksghTetTDvPRpIalqKlCq5rHPzRIhz2ZwzcqriRAHpkycIgPv7261rpmZ6hoJgMBAMPVL8z1/e//1P3n1a1k+bmg5LJywQSzHXpIhznezmvXdzryJ9ubw8flivy9gWHysFNKYvH+7/7S/+7Pz4CXRjNEGcRNzGNsa6aSAP7RE7/lqEj1Uao25bkQJEY1i3oaqttGGqrsn0pLDn4ECv87t7Hz0wB1JIsDkXw7nNRNyf7CT5Dx4RpUgViQgWCjMKpGwCeaVIplKQuI/B++41y4wiHMdQd7e8M2cjAEVCvxGRkAcgCnOW2yKCDaXKQpxDtCcggcFEFTz2xiIPtwg3V0ueZyd/8q4PFOApOLqrmYV5aLJA2UmU6WSRmYngAHtaC1Kan14lAmZC5ja3vq0RwEJJfLa53d7dXJYrMQekixUyTBMhstEWkkfx2M27P3p6cU9YzAMGEJdSMXhvbE0QJryU+u79+8v54mav/AkCgmQ4A0BOegj7+JUUN3NJIgUgMHD0AcJ3D/eXy5m4JOTNhRIeS/KGaNco8m3I7furfxkR0XQQ0athI16/VSAiZDRqAICP0SOCANNNJlwY9/IXRMoLKBkreq048OTEEYkkXltXd3YmZY3Xzjl3QCFC7H27ebgHROtDpAYAOkBiXpih4hwQFob7ASayDQcw7bCkifEamJoI4/62BBIFQZZUh2VaU5iZFJkPkxm4pZcPXj3K6e3G17chX2tedTntI+IrWIVZfYWROf20CwgIkCEbuySFkX9qYJjxf0wBGZKRgkKmfDqThO/d3RjAwERobsS7evP62dirIvLnY84auP3cm++/R3Yq7r4HCsxYwoxyI6JSakBkENvrYx14bwMB9/06IqJcNxDmsRRjP7MhEaMUd81XwEQYSMQk5BHqPczdI37MHwdIicYxEl6EyAIEDEigeqeM8qwlwkCQR7L5cPPrv/kPrVV0Xa/rfKjLdVmX5fHxo7nd3txs67qsCwYU5r/+5U8L0z998yEPXDrsfLlct+Xarx4mhVuR49S+eLj56qf3v/jy7idvju9uD5XDlpfPnz5//vj8fF7Pl7WrmoO5d1MPdwQqExKEmerQCDcrRQJjur093dyt29rXdeg4X869b2Nb5/lQuEitLGw2hOn+zb2U0tW262oebtHmVqTkB/m6rO6+rVtXx9B5brWVbd3W6zq11uY2+lgvFww367WUp4+PoQPAwWNsPW8+ZqP3zkx9W3NVAR5IuC1Lm+pyvVYWNR+qp4e3z08vU603Dw821rv72+fnKxMcDnV9uRweHspcv//DH25u79pxPn/6uD4/Pj5eFWjppkNrLe0w+YjDYaZSjjc3l2X74v0dEgnzx49Py9P5UMVCb9+9ASpDlQjOz886rG+2bdamOh+nerglqdfP3y1Pz/Nhmh7e1cMDYuh6jTTAEBMyYUHMLOwZgQGAqFomVQiTjU/ff2JiaogAf/r66ftPl3PfLtfl8eVsgUFIGIju4TrUuidk6aokwBRTq5V5KpUZMaIytiqIOIZ5UCYuQJZf7uFmZO4WQMhMBIQWlIuqcjgiYu+dRbxv1od2DQd3MI8A8kBPmr3W88vlj7/5H0N7fjW1UAcLMHU1Vwv1IUQIpB5maABAaBCvHSx7riiQAHDsdy/wiForEu2mJ4qgDNHb7zxjjGmazut16RsgL+tKCO7W6qRqptaq3Nyd7u5urtd16ADGXI0RkkcEZOyE5I1AqiByIDtEnaowZTZuO5wUgIiZgJGJ0NFF+DAdCiGYhmqhADPtm6uCu4Wer8+MxIFj6767+IwwAxAciFo9OISHIgACFJFpngNAbRBRLbXW2kQKC4KqdggH7Th6YQZ3CAXrYF64+rp8+OM/6dioNR19fXzUdamnG6fgsL5ej6djnU4kNVwvT5+qyOn2NFSRiNH8+iwCdT5m4JHr6talTEQSEObqrlxnLoeAMO8ehFwCHNAZAIaCrqwqe1CyAbHIRKWilIQ4i1QpQmG6LqydmQhRTUstXA8gNcVwUI3Lc1yfwi2Iw8HDt+WS0ZD5pru761iWcxEBQwjyPrb1EjEqF6a6XD+v1xfb1vWyal8jXMqEGCQl601KLUS0XZfnl099aJuOwRyIluIMAnEBEgQQKUXaoTVEGKoKVIusy9J1QCCTAGLkR6NIVzjendpUunZ13Xvr9uVaH8MQwQGzRTuIPAwBxjYyWJFrIRJzRSSP4LTmqx3nw93N6fl8frlcA6OUadtsdGUWd8tUcSEUps1MTRXou3WsAeq+mao5F6HdYQieZGvakkVQyAOBuI++Xs46VnIlGz6ul+fHy8uzj+5jTeMTvraFAnEAIFhOKR7R+xqhSNRqXbte1u7h6p2BBMXNzAcBEnAaETN8JpOChHCMAR5mWdKH+fTs28hMyn2Nh5m1FUn0IwQhZN5gIlNIaJ7lhREW2Ui/Y/F5lyFEYnN3cAr8Vyh8tn1mwRHwvhhIwsoSlHSH6TCLyHJdIlESd0TiwAIYmAH5nibSNIbGTgvkf+7xuqoHItpZ51yxIjCz/zgP4e7Y3OsGXpumXmOPkITH0AiXWlhkt41migsGAIyh2Z+19yQHIFMahd3CzTHSlUi4CxNBu0cV06tRZartUNqxTpMUMdc9wgU5XPvW+9bzvhnm+0zsFgCZzomEWa/rOU5no1myWbGPqsPHu3dvtz4AIAtxj4eDq9vwnOYcXg0GAWbmpq8ZOyXUEQkAM4QnB9idtEnbQ9IzoNneRcBIGRMb4aCuIiUg7erpUoeMnkWAAIvAJJFEKH+KhPsJMqoJLCzfqozZliIePs+Tm7sZInl4+kH204mnUAIQWd2Cgb7D5YD74m1n0Dx7kREoIsBBzQgoAkydkFydGBCJmTGir5359dQEkdGThHuzD2aEdm7HITKZFwKrCALYj+aR2EuUd9IJsroofbM7EpTs06vTA9Pv7uFEDPsxBjFCPQKCJeExQqFhmqdgAt61KgQAzK5A/vGwD4G094OkSEkZ1guRKfi1TX0MBESmlKEQ0c32POC9QgDDDAn3IxEAErk5iZxOdyQyxsYigAiBzETMe+dRpOyDyTyZucOeN4qvNUCJD2KEqpqNcADHXFVCfmIQbVjm/aZBx8xfbc10urn79d/8XRPqyzr6ejjU0fvT0+NyPgfCw93d8/PLtm1YyvEw/c2v/kzdfvfNRzNEosIFiFppp5u7L969++mXb3/65buf//Tdz758+OLNzaFgJUdd18vzy+fHy/P5uvSX83K59q4+1DbNfgRBLkAkpaDpGGOoMpOU4mAPb95P87RcrgBoatfrgsxCJTev0mqbCiGUWu/e3L3/+Zen25vjPBcWZDmdbk438+F0+OKL+4eH+/nQpmly99FHyqa1yOX5bApAyIXdbX25bpclge/rurq6B/auQ32aJhs6+ijTrAEBFEjrpofjYXQlZpKi7sfT6fnpeb69d6DL8/PdF+83HfNplum0jZgP87rYy3l5eP8+xvjwzbdvv3x3WZbHb75dlvGyqqJAhA5nIeGKAfPt8ebufhjUVi3i5u5Wt/H06dmdCf32bgoIA+ZSlpfLel22qy7rQIzDaZ5uTg50/vjD5cNHKdwe3tSbd4Roy4XAdAwppZRqAcRS5lMEQhgGghQSAQrwWJ6fPKDMxW18/fXHP33/ctFxHf79x8dNLX1BREEQfXhkd2SAjm1qZZpKIWEH3frdcSqEhUIqMuI2LIAs8RvYGUjzZERRzQNLWkEQaWQSEFJrTVodYxAKqPkYOiwZIzWPbGUyBK5cyrqM3/1//++2bQHuDr2bOnigWqZ8kHqMXT1H8zDAjMBP43JKE4Fow5Fl18yBAoKQ3LMk0oY7MiDu/TAyNUSwAADSYfPxCAgiJSDtSe5ARWrfbF2WtW+vMeBZ4Zm2LSciB2gigE7IyFhLc9NW5DhPrRQLz4zCWgTUIAYR1FqYwN2q1FYKhI6t61AbBh5b72ZOUgjJzYZq8L5McQhgDMLSWmkHJAo0IipSkDky7YWwCM1VqlRhJga3kfZHNhMI6x3AwwaqgsckcyyX84c/Te0o0xH6Fbf1cPf28PaLGAuNxUPnaRpjIAKHo/XjzezoYSEMaFfXtR1OKDVc1Y1ZpB6oNqCsLCapU52OyJJpFrUeuDAxMHiYoishSBUkBgTkQm2WNpNUKk0kB26MfamHVARKQWlYqhxO3E6Y92SiUo6A5Ns1ro/iQVKRWynsurkORnPtEYZgPjq5IDK4RVjXbV0u4NDa3Pu5X6/enTDGemUpXNroa19XV42AbblgOIJXqfN0aNMcRM5EpXgCGiJIDGEEyFzKXtdZf0RXhMWT12C8riuXGiSZWTHMfv6LP/vVX/zF99//YBHJUIyuhGjhYRaB7v7/M/UmTbZcWXbe7s5x99tE8xp0mQlkAolsyCpWshrSykRRUxlH+iuaSj+Lv0BmpEllNBkHsiqKTGUpqQIyAbwmunuvu5+zGw22xyvOgGfP4kXE9Waftdf6FiFjkrjMUoJD5lzlpZ/cPFJ+YooIS/y6u69da61I7hAYifoIzDIfoXfNf/9wuevaw9beDBLHiG4KEYSwtAVSQkhWDnMQLWtT6x5RpIaDQwd3IdK+qjahYJRu1ntXV8KSUi6Y5UCgqjk3XtbV3QMBPdS7ugsSeJh3iBCUgpIVtYQBHoyIOd5ml+GWtsNMXG5Gc8QcnmIzZgQSMjHkDLL9aWT7AwC6AxMKUq0VAhllM6JsLuIPjgbJIjAPS8uzG0RYuCISOhKh2bZNcHMm7q7alYkJIaVKBGAuAxGx/KMHHcABwS37xTCTWElTSRh7Ljq2YEJqhBux5sMfA0ICPD8wdv5Rqk9wgRRpayMi657MJSIEj9a0kCCgai9V4Jmj75sLKFJTJNxoOvrcJktb6BIZZRgm3l//5i/+4nh9u5wXxljXlZlCc/VB4zi6de2tMBOymjqkmxzTIg8f/O5EOT49p3UzKhtMeHd/7xqSvVrmqqatRwTJZmqBLR4QaYaTWoapMpN5D4BhnAigaQ+IhMQzcnhko0OqzICQ9VI56+LG6sS//Mt/+e2337g7biHPrVE5IMvhMZ0iqWpDuG+tEwwR2T6eg6xIcXNXA6DlMrs7AW8nfCCmLNOlXAziM00mYsueRgpg/3jlRE6tybDdbEfPtqhxHIbdoGo5lWnv5hYBUlm4WCR8EyiIkT0swIUZt7B5IPGWICFkYAU3VWIMB2b+kHCID5HlbSOHqXtv1Krcs2w2d0ZIhv52Y3kAANZSBcm3bRx4XvCOwsxUCCmeVxH4XBTj7nnx+HOshbYGOAwA3BBduc0EDCTBcIxwN8d00AExUV7kOdOnzAmx1czt9sfswIoAT6J//v3N0p+dIATgxKgR4AkVeZYqIli2/H2WwTEJ8nbu3Q7621/FgMgw1HZyQCKKq+uXP/vFnzDzZZkjYpqGMP/huz/O80lKeXXz4v37u2bGpRyn4U9/9UV3/+7+TCTMlVmO18dPP/vo51/95Ne//unPf/rp55++/NnnH796cXV13FVUtqbL08P79+fH09Npfvf+8eHxPK+9qWUxu25MLqRSA8ndtDV1Yy7DOCHxdL2PlwMAACAASURBVH3gwkTcm67NgMR6FyQLa+sSAMfrq6vrq9Z7W3wYp9vXL19/dHu8ub66vfaA3TQRExNe314fd+O0H25ub3e70VQHEcQYdyMBardlXRk9VE17mI7TeFkurm4W2te2trGW7VriCoitdUCf53UcByQyj2G3n5d5Gqd1bWrx8RdfPL573zpMuym0Sym7q2soZXd1vV6WaT8ebq4f336PYYfb23ff//D+zf3qYIHdFM2IuBRWjavr3TANdZqIEblcvXxhALb0x7unflmvD9zWBbhQGfq6xLK2eb6cGxEK+XC1Byrn9++W+/ellv3L17vbT5CnNp98vVhfmUSkIpEDyrD3iHBFLiRDYIDacjkDUqCXSg8P8zff3v3hzeN57fcPl9YasQxjrYWttb52NycOZgKIOshxvyPTHfZXR9lV342Dmo/TqBrNg0RM3dyJJbaYG0EQAAQYAOcSsxQGxNbU1BCJhyqltNaJCEKtNXdzUwDqZo4UQBqIwiTSLP7+7/62tdndA8giuqpbmGky7x3cIDygiJi7WWhSThDUtq09IgSidaANv+v2jBr1CPPgKkEMwYlqyEYft2CpUpiYDocDEYXqUKQMpRQxd4RwMzAfp9E3eFkEhDALCzEhAhO6mQjXYUQkER5LGYcC7qvpMO2kkLVWhcCNmac69t4IsYgQIVhDVejmbc2NeVdjKRTY+4qAHm4B2bpILKVU4sp1QEBGEiESdMQ6TUSCCEIhiIWYhRAitBFEQZSg0N7XVZgHGWy59PkJ2uKnM/R52F0xl/XhHUQcXn8yHK9gubi2MoyuvV/OpG0QGgaWcQrEoRS0Jfoiw0RldNgCarXukAtKLmKolInLRJmRQKhl4sKEGUQlSGA0S9rDgIjqWOoEiGENniU/x+BSSQSYSxmQGZC4VGFW7RFWCqtFN2UqgIphoqbLicLRvS1LW576cuGAygO4umtv1vva9BIMQChYQG2eT+Zd6pGQIALAzKGMO8DoTa2tod7XFl2FkDGGOskwhZQ88LjHWIcPeqK7m3d3yyTupbcAWpuqGpK72s+++PGvfvGL89Le3z9yEVfva7+6vp7n5e7ubu3KxIycxn13S5nPVLfCKXBCDPRu6dCsxBRAqgYAGEEYveu6LgSsG7QQq1CaBdy3oH7v5uo5rlzaupid58UNkLkQlcJJrh9qUTcAco+ulkRBhEB0RNxP+4QNtt7dPMwgwMKnoTLJ0tvSZwLB4N4X9w5uue0HN5G0RSTQ1Lv1LPHN9TsRjVKEmSsDJig7twfg5ixcWACxW3qSwSE0nIE24/pG7wiIYAKAEEFGdk2iV2yG/Dw8ZDopCX6mAFku5OCxKbPguD0DY0PRbN4rB4Lj/ioCzHoGMJMECOmQhIzXhtrWhRUBzDLmRJ4Wbc8BBmND7SMygXoQYqklG8cAnnGcDtts6nkKyZAv5TEgJ6EtoGWeh4l0J+UzzD9wWjB5P1tWNS/bMpVSJMKyTew5U4LCHABp5swD1ib9JvUdsNQyjtPHn3/xv/4v//Przz799//u38/ncy6bsje1lDKfz/UwfvnV1+/e/8AsJGwWOdPmvLW5RwKy9fw5zgLbIST/k0qeQyJ7HwIyJ5r8dbCIlJUhtiY2QoRYl5bhzkgzWEYfICCdS4E9DDZAHm3yNW7uKSJkEYX+9v07BKfN3fSsbaeGvP0+0awnVycIM+2QMXAATKPq9uHkv+3AKWATAYJFADiGI1It+eJ/rtmBTfSGwGm3IxZTTQk8Y7cJlHTM5rn8/8zDBTG2rhnhoUS+JubqOTabHcUB4Gi4GcoC8liQk3veMZhqYN5hSMzhoW4Qlp0Pqb1Fprq3fSELy/Z7yoU4SzYgJsGWIghZCq9tabbWUhFQVZEYnguMIQnElHo5EWNmpiFCqtBWtwEfyk0RtzR3RFjidDACg4G3qAChPxemeAAVLqWE+oYS2pI2AADrfLa2EAps+4yAQCRQtaSCPPud8jt7DoB4Lm3+8RSOuGG9NoAugbDs9zuzNEfxc5Ug5vYpr9sq8uLlpz/9+pcIfp7nWou7zfPl7s0bXefC5fbq8PburmlHltvD9M9+/eXb+6c/vHn46PXrL7740Zdf/eSrn33261/+5MuffvrJq9urXbk6TIfDfihcwCbqI3Vo6/np9Pjw9Pg4P13W1rR79N7VrFnXzdZGKFJqsb6u69qbIuB+fxin3XjY1VLMdF1XXXsVXpcVAUw7M63LatZlqLcvb8fdZKpJ70Lh249e7m6ub19cTdPILMhlGoc8VIiwuzOgtsZEdSh9PffeAWLaj+CwzpfsxwjfQi/aFsYQKZf5IrUS43I+CeLalnGoZRgv58uwn5hRLWqtj3d3L17fHl/cPr69R9dCILUuc3v5ycc4DLtxOj3eX90chfDtH7/Z37xEhLs/vjkt2s2JYT23WmW/r+Ew7ccySJ0mRlSz/e1tp3o47i+PT6eH01R5PZ+4lunqStdGvqLb0/1F1RljnGrZXem6nt+9m6bx8OrVcPURTtcEqO0cbUktB5BK3QVSgGfwAlhCu/cWiKUSQ/Rlvb9b//DH+7krs1wuTYrsd0MpdD4v86XlWzBbOoZSCIB1va3L158Nn7/ataZPc4r6ZVl7xuZUlZie8z+JUQDL5S1RLjJFmESWtZu7SJFhlFqXtUkRDOtbz1cEsjkEgCEZABQmKU70u//0ny6nk5prRDe3gK0dG8Ai1FNsAQAnQiBWt+4GBID57kYLR+b82cpY1Sw2CQQAGRh5qDm7MDIgOQIlk25LQTIVqoVdnYCO+3G3H8NDCA/T4L3nUTyyKiFgNx0Px5cQgBRpEEciDxQWZkLywmThEc6VI4IBC9LaZggfi4zD+Bxp1AJehbzr5XIqhKUM2jsgOJprhwDtrRYZakUiZK51RCYAZwJhKnVAQWIhYTAXYmGCWL03yYMYIUQHawTmuiJ4GcY6DKjtcvc+1hlNzX28vimI6+PbOo67m1cYoedHYiQSCdenuypYmNW17A+1FOgz6oqEdX8EAIvOpRQZmKttYwURiZQaxDmWsTCzAFhETy0RiKnUANryulIwiRrWwnqYIhiBFRH38LZQYG8NwSNCWwtXEcqhRepQpkOE9/WCRCQjhvfTyS4nX06hM1gjM720Nj/09exm5qrau/bd/jjUQwSiUHcvZRcQAbrfHaUMj+cTAXrA4TBhoPV5XU4ENtRh7cqlxFB5nGQou6nWUl07BnAhBDKDiCxbRRIBFAP06EI4SGGid/fvH58eaym9G0SMw/ju3ftvv/mGiSLAI62saVrzRHpwISQKU8RABLUAdybu2s0VAJiIn52aCEDIFu7uOWi6mZvr2piwCJt6SngE6KHmoeCIlAlBxDDtw1Bab611B7BkVGBCFTO5DhFYiDHALG9rEUIEZ+JQU7VlnYmpcBXOaqUt6JiqtKqaQwCqWYDnzFe4ZASmMAtz9o64KUD6NwgQSq1IHO5CHLRhZjY3c2xPzdTBsy0VEN0CIp3PYTllJqkSAXlrCYAcj+m5VtWDhFObRgJ3MFMCSgpiDqipyR72N7otOtDDw0F4c/InjSA17GdMSjDkScJ8qyNNNiOk/ocIAEKbASjATBGey32JmRggtn54+GCKTrBnOguiSGLvHZnyvLZ5+B2YiAgDkkniiXvPziBTlVqXdbHuH4xOEAEeQM9D4abubs1TyTyJCDAtdTCg33/73X/8P/+vp/ffQ1hvywcDDzh4xP766qOPP/njN//AVMwMAgGDApHIPQggApgozeuIaOGZbd9GUEQidvBtr2ObjCpS1DTyQLUpy/Eh4klEAG66HX3Mt7NBdt5D5onREZCZaxkAMr2ZXo4EuxIB9bYw8saX3ULFiIDEjACq3dryV3/93z8+PZ1Pp1JKHl2E0v1O4Un3D1cHSmM5ZOdZHQYppTdlxlx4EJC5RWTr86Y/uYdD1HFo6WjH/BIBgBmVerbkQKZ8IkC79dZz8eQeSB/4k/nxMRHnkJpHUATObVIeTZMgm9aoAAMkISHMs41vkYPna5YpQ58GEJDzNaFI6a2nkS4F+e1yyNQOYhW5nE5//ed//quvv/4vv/1tHaaI7cCb6KYIt7APX6GrbtkGCCZGwG6W88gWF4CULPPeoOfIdW4GzAMh4/mJJ++KjKbhpriNSJv1CSNz5LgBavPBCMjCJAwQLGzqge7gRFtddDgktotYiDfcrVvuVJGYU7FgESI2Neu29d7lBol4q60IKIVfv/7sp1/9ijke3j8IY0CcTue7u7fz5XzY7UqVd3f3Bo7IhyJ//idfL90+/dGn//TXX3711Y9fv3p5dXPcj8P1YXz58vrF7fVulPUy9/OTLU++nNrT4/2bNw/3T8ulXS7LuuraVLu6h1rGr/KXxCzCJEDQ19baau61lHG/2x2PltsYo+VyRgZmcvf5fMEINZvntdZRpELAtBun42E3kIg8PDyCAZiXUq6vr1DksJ8gdJkbIx6PB2REhOUyYzig9tZUbRwqEripexSpvbVIe1W3NN8mk6BI6a2xsCMQIJXS1k5EN7c3HiBM0ftyfvrRV1/ePV5ivoxDQSnmcD6dr17c1HEYx2phx9tXbmrmh+ur093bp9N6mltJRpvZOHIZhv1+z2UYpp0wzpd1Ol5P1zfHm6O3Nj8+9m6Xh6dp4qvXL8ow9mWmiIf70+ncEOzqMO5urudFH9/9IMK725f7l58Mx1dRxmiXWGcAS9FahtGBAqUM+5AREXVdicnBRWhd2uVxfjqv96cLCjnQol4LEfPj4/zwtEBAqYLIZi7MoF7BXt8MtxNp94czzrBXKKvB2qz1RJEEE1siPYkQOQK3WzddbRgILmQA1Lq7epblyTi2pkVEGNrlYmYY8ZziJXf0QJAiZUCW3//fv328e6dmnkvulPAjW8nYHJqZeaibcAEkxzDw9BBaIqIBLEKGAbLLzyN7bBCBs8OsDGmoJAIuNdJ3CAQsdah1rPNl2Y/j2vpurGG2mybVfjk95duttxYRu92Vm+YqPNC1zwhWSq4CCAGllAgNiCqECNNuGkoZBx6Era3a195XRhjHvQiDGyNMw0AYl6cn7Z0gN+rsSCxiGr0rMHERzLGIJRCwCBMRIxKWcQoULEIREb4fxyqMoRQmTEVklIIe6CGA3pqZYalA1OczmZObMAFLmY7cZuzL7uaWStH5aRCcDodwoz6HLtNuV4ZKVYbpCLpCO1OtmLV0GEhUhj1LAeYgJKnCAxUhZJSCLFIqS8nvHwKRBJiBBaUgAIJzOFoHXdAaWGMAIRR0cPe+QltDF8IIVw9jwjJdcRmAKw97kQmoch0RgxilVq4jlIHqnpi8N+2rhBbCQtxO931+it45QFAQ0IEDKMAA2T3aOus6A3iYEZGpMTEIMyKaz+ezaXNLokcsvZVB9lfXwzBaN7MgRColAIlFLbpDFooBiFqDsFqzEw6/+e77+8cH6woBT6fLPK9IMO73COjmZs5IppoWjKRiMSMQWFi4czYEB4hIhFFyKHoHMwgnBKGt0Shfz7ltrrWGe4ZTtWm6oHM3zUS+icSgHgqeycllWVu35tHd19bNzCD0Gbivz3uJplkaIEMRwSDwWqQy97UN4xgBFpFHlJTme7Z2Pj9YIILRIVxYUvCQhCKSBKCwWPbq0GZ2J2G3UFOEuL3auUGuSVJ7Q0REJqFtWk0IvAOlnyyxi2n/h03vy2E4o9iI6dvNAZEQM0OVju709JK7WSq7kVMSXs5PBurWIfJmzVyrZpfUc9o0lVwEBEYe4dmRDNuo80x+T6fhhp/HzSeNG6oZALX3YTdJqW1dGCk9MxHp0yAIoGxDYUIURtoW+ZusuNF31JwQIILoeeCDYKnpo2fKuuXtC+Y3mFOjZ7VtQAAx06aMgm+Tpdv33/7x/vvvrM3LfHa1D4OyCEvh+XL5wx/+v6EMnE/w8FRrXQ0JWSQ8C1bUwywMIdIvnmDKPOGYhbBEADLVWok4EM0sVwGA6RcDMJDC4S4syGTmTJwdXtn1AHk5bDScbSjOyrlSJIFIH46SqkYiqqpmECllxmbpAtCI159+1M3M4/R4z4SBaO45AaoaAhLJpiEHIgEiOHguWNwtEoKLW0IaEbcGndSpA0QknXKqDu6E8ky/z6DA8zIAgtIDtZ18EBkxQDZ0QOS/wgnJCQ93JN4WEfmreIbfizAhhYEIw3M8Jd3t6hphBMKcaxzMpVBs/v50QgGGJ/4FkFMkQASEvPnhg+dLavn23Q/v7++QmIjV9VlMx0jEyPbVIWlUpXCRGj20+zOzKAsxtpgBbes5ECGPgEAhzs2MmWWZsnsQMTNPhz0yWu8ABBvW0MMcCYQFIU/J+YNv5VyEYOp560odXr3+MQSads6MyT+ek50ACYGzlxdxK3J3C4O+rtsaFIK3I28Cr8kcgIyZPvr4p5/+5GfW2zzPx8POzdq6Pr5/e5kvL1++cII/fP/GiUott7vhl1/96ObFza//yS8++vR2mnbX17e3L2+uj/vDfgwLV0XrgjqIC3Rfzuvl1OZ5Xda16by2VdXcu5k7dLf0MtJ2TmQQhghL7UwVEYfdVMZht9ubeVsXCHBzRCDAdV5aU2SUUsJjmAYpEq4P94/DWKf9tNvtWlsvj0/zee7rvFzWNj8Olfb7ulzOl/OFEYahAEKbL9YbBAlBX9dxLGDeljU8WDh6J6KmCoBlHFtrCDFMo3uombCYOSIFy3JpV9e3w7QDwjIMfVkrcz0c9HJnvQfwdBx17TLUYTeUuosQnnavPvns/bu3+6sbjj4/PJ0v+dCCUhIOUHfXV44w7A+AUsqkgNPhuuwOvTWB3lc93Z0OIx9eHMbjTe9OAJfHy+PjzISDgIxVht35/s667m9fHl58Uvc3ICMht/lJlwWIkIXrFCBUdzJdI5e+NGIEIQRw1XZZ1bROQzC27j+8OQVAEXp4nJ+eFjUnQncPh3GQXeVBcKhEtdzP9P0TLDR149M8Zz2nRiBttfEpqBOSx+aBjwy9uwHgYaCxQLdwIDeLCBmqTLvWDQCYoS1r2ogj0C2A2D0CCLiilDLU3//2d+9++GNK/hqZPosOYeEA5EC2mXghAC1L5QGHuieSbgpbWD+pwxQBjOktBELOdbcHmKb9LhVSCQBKj/lQWMS6AqLU8i9+84urw/j99z/s9mNvPS1G6h2BgBi2KIRHGDOUUhlRhBE5l31EzHW8PdAnL8YAQam2rIKAHmtbUpWrUl3X/VgQvK8LE4CH99VaQwyzqMNIgX1pSIjCW21l4a0CnYVJEhJNUiKQpCC6MNZSprojDPQOEMLZ+94xHDR8nZmp7I9ADKaund3InerAZYjLk7APx1vvjdx2+52a6+UJtTHTeLzmsQ77KyoM/QQEZTpwGYEZELgMMo7A5EQslUgcgKRIHZCZqCALsUCykFjSXIoQoA37St7IOriB56fJiOnj8jDbYrXMwChlYjAwLWXA8FBLwlMEkRRmZKSAgkhA4GUn02SACbpp84xE4Kpm3ldoan2JcCLsus7tsqwXIdJltrXldGtdu3XtDahYW/oyg5t2J2IE0r70tg5V9rsDS1HrFoosuXiXUgNpbR1FAIiI53m2AOIJIFpr87JAmoI8qHAZSxDffPQ6kHVZVUFd3R3Si70ZEdAR3QMDVTdPu1rmm40AXE0QkvsUERGOGEzIzF03td5VidDDcreeDmePMLMAsAAnMHcLXLsibpIlIqymFrHF7pCSgxeATRUQzWODuLsTmruaKiMUISbOQdvD3MN8A/YTbfNt/nxDISFys9YVMYRZrUN4YRaRlKGZaIvyAxIiEzNS681Ue9J/MaXKZ7BxzlIAzxMsWM5PSfTbJNDtLyRXgBHSbG5uRJhYMgd7dfsKA3pfKcN+GxeRPthESLhbf/Xi9Vh38zozc45wuTLNvUWCjyIiABm5BgYBJrwpYMNiprnQtw8osmyFCDNNm24eRBz3IzP11j8QeDANTGnnzq7NrSYp3FxKQSIgYHk2N0S4BVdRzRx0gANkoAoQBc08C5ogP/iAOgws4h7MuNFRIOXV56NkwLq2ti7LMq9thVSvAVI0NbccxRA5HLp1AGBkFgZMewdsqxx8XhqAb3EGQCAICya2XIpFRARz7qTQtMN2utuIb4iEQYER6NO0t24kkthPYXr+rJO74tt2KbEsEFtBgQVgVrODb9Z2AADJ7JElHBqAgBHV7ermBTi9+e5bInKLyN5c8DxcxmZKy20SCYt52j8kIvn8gRRE20YowpNEmz9LOBATC23i9nYWRqJtNIfcJaTkSR+2bIBIwkLIaj1pkxn53Y4gCL5ZZD6whjLzRrmLBPTWWh2yxyp/hPAt4EJEVEQAAIkcwsPcHWMT45OoA/C831gbE+d2BogykZOTMiMj8uWyMlJrLcsrmAUgDB3C06b13K+QyBdzh2FXkYkLbTswRMg1D6OrJ7hWqiQWNlc98Ex98q3zGDUUCNLrlfegdkUGBArMIm2StO1mo5y5RyRfUKQQCTD3folwAM5vj4oAgRvaRizBzCh2tQhDQlUDQPcgQTcISGEVADZs0VAqE77+9ItPfvQzJojQcarr0u7evXt8eDMvy/F4BMKnp1PrFgGfvXrxz/7saxHZH483V1dlnF68vBaOkZHCCDGse1/acrLlfDmd+jLrui7L5eH+9HSeL3Nbm65dm+raeuvNAQHIMRAYmJB5W0x3NfVsn9gfj9MwmJmZjrW23s2MmNa1r63lde8RvenuuBt3FajOp8vT08nCbl9cF+anp9O6XIZh7Mty//5+XVpg9La6qWk7HPdqHQPXdeF8+yARUV/XcKeUEN2Zi6pJ4QQBizAw9q4shQjNdDxcXS4ncEViEOwah8PB1+XcYRpICE7neZhGJhQSqvXq9aulE7LU/e744nVTPxz2y7s3T6fZSZZlHYYiRTxo3E3DbjfUUQOpFBKp064M49qsFETrT+8ehPxwNcr+ymB01cf3dw/3JyauhXgoMuxO93fhdvXy5e765bC/gjIFl345S6wIDiRURyp72V3jMCXPjksFiDC3tYUpCy6tL3M8PPRF9XhzvFza49OyNEVGN2OAm+N03BXvq2oPLgrSjaQKIj49Pi7LIqUglyKDgAcYRmaZAJ6fwRl5DwBAZsTb3ThWPq0OXNQMgEodpI7L2pGwcCzLAg5m5gHdIk+2weIgWLgO5dv/+g9vvv2HpJtrZnoCMwfkBun7z3OBheP2oONduSplOPUZELdbJiAiCGmcRsSEaGNYFCnpn61Sh3EEhPztDbV2VTMHj2k3OhAQXV3t371/XNv62WevMGJeey0lyRnd3L2nCpBc8GdmMLIIS5UiIpWE//rXr//Vn/7kfDm/fejWgxFZSgAy89XxCBDrfKkShXmoxdz6vGZzqrq23oGp9+amzKwWIlLrkL7DOgzCDOEEaX9zLlKHqQhB9KnWygzhriuATUOdhrEvs63rerrX+VLKMByvxnEsQyVEWy+6nmXajdMO1ycRhmHn2krBujuAiLcLY9TdWI9HQGARICJ0LCNKSXMtkcg4AbPzhq508CBhGYAZiYE4iOL5xt1AKQHojm5IxDKATFCmGPZYd1B2UCrIRDKQVJSKIsgcJOaQGq25hl7AF+tLa5c0A+TLv68KrhEg49jC67SnUgvx5fK0rnOm+8zdPXpr83xGQidE5gBmFPToS0sLODE5UkRUGa3PEjowDFIloBBO+10RHqRkCtJsDSThQsxm4UA81EAGJic0z4FSgPB8PiX7GJnWphqAzAnuXHuzgNZN3SOo1NK6emiaDCwc0BHIE3bMFAgOGenBCM+WphxP0cPdUrwZhqoInkFiM+CtRheAACJFXDcwgGaWE0SaWAgJwC1cwdP5HxBMiMS9WwA6YPL8HTxnpIQFYZD27VCQamxQ+ta3MlSg6OpJPN9UBSQiDgBVL8KI8OKw//pHnz/Op7V3AgaEporpKmACRAxQ1d1QfvrqxarWNGtAHDlHkWfFMh9bBOnCAQZE1K16a/OKWOpWtNX5RgrE2w4hELmZNW1mWztwXs1IWecZgE4IGHx9db20ZW0LAakpRJh6Hl3iuRIsIjCCg7bN3Wakhy2XANu5KPOpKMz+YbsBwEzmXqpcni69tcLFLLIOenMnp4C/6fMSHoU5DcoO7maEYF0BsI4DAI7jYB5JUHaLDIaTsBTepGBwIs7mVIDIpl6M7TFKQJD513g2PLkhOIDnoioJPPkG2QxtCKnBQ7b8AjBLhGV2wczdPGNq4ADImQcIgG1X4AEEH338el3XNJOFRkC4OTGVIrkLyfYDZupdv/z5VxDwcHeXE15hiYDeFkJKMisCJD+HCD3AIFgo3HJahS1FDYwkUj4cGFgYmba1DRMGnR4eo5twMQ8zI8yCiPTWOwFKpkEgw7X59iAAR/iQLEFESNs1bD0PiRPNdp30uQd4PvQ8e6Udtsh2OopS6YpcYAFiBAX13l589LF2de0I+TRBTP4SETNbmIdDmljCIVCYVHV/fZjqqKpAFA7WO3HWVmNa0dQUt9q1bZcFG6Qqi+0QgOdldrPnmt1IZK8wZyIDCd2y2o3VTLY3TX6D6GYAQIHIzMSlFkJS7W7OlGeh0K7CYJ49C1vqwgG4lLw4wgIg8rE77AeIIA/mDNKguWFEdi3hdrBKZRHSf7ihtHyL6gIF5+ImkAnNbV7Obk7A2cMOWVWWyg1gPt+DKO0xEUHIgdm7Tg4QFuEYyS2JoFBCAHAz/dM/+4vPPv3J6fRwmU/TbgCLt9//8fHxLhBW6+/v3pdahnGc9jvAcnP74pOPX75797AumlwdDB1HxjDwLhxtPi3zaX58apeLrYuu63y5nJ6Wy7k39cuSg3dstIdAyOQ1AJEQM7MQobXWV+3aVLVOu2E3DmVg5rktxLQ7HJbLHLb5VjEAidam1vo4DTJUYWzzup7n8/m8nyoztmV9fLowGAmfzwuAbvPTYAAAIABJREFUEsJyWU6P53XpYxXCYMTeWkHuvbEII61LA9DDYXe5zJzdKG6CvC4zE9ZhbNqHoZRSvK/jOF5dX5dSl8t8PEx39/fXxyOFnmeHvuwnIoK1rcfrHYYyS9kddlfXKHWo43h1E3WHdRyon394sy69qQXENBYpxbQfrq+kVEC8fv3S3UXYHSCo7oah8P0fv/e+3ry84f2N04iMl4enh4ezWRBSYEgpuq5MfLi5ma5vZJiw7GTcAyBFa+fHAKRxT9OBxyuSEbAQExFa694NMIapEPHpaY1grLI7DI+X9ubN+TQvRaQITwNf7ytEXC69d+AyWOBl0bzRrHXTVodKMkTvHx3RHVeL1jsQJ10nvakeBMTmLkQcehywMl/WsEAzJWQSmnbVHVioMK/zGhoaRgjmkW45EHFALLWO5btv//CH//d3OZebbdZ/d2SU3k1NMWsRIYHXSFQQ8dLPs80IgEFJH9r+UipyhFwl439SOMJ3+2MAqCoQZ14sAGqtRFgr73ajeTDT4+O5dYuubj0cnk7nCJvGgZ7rzpiZAJg5U1TMyExMlYUZkWsFjB/dlI9udvO83D8uQx2RuKsCIhOCa621MgiCrWt4FyLtndzAQ9XndbEAtbbF1CihciUwkIULJ+9nEwqJ6lDrOGE4oDNjJQY37yuGMyKzIGJ07fMZVKkMZTcNMjCga4vLGbWNxxexqp7eT4e9jFeCRqAspQwj6gqgUgeuEtYCoNRKIsgF0F1XREYqKDWS64AFU+uTkUsBoiBGIkQmSOcLPQuuBEhYBpJd1B3KCGXkOqFMKIW4EOfXzIeghuYYJlDGeryV8YhcgCqClGEvwx64QIR6Q6a+rB7mZQgajtcvpRQEvcxPDiwyOQgTOpKqhrsbmAJT4TKZGniHMGbuvXk4lwEhyeBOGAZwOFxNguQ+TDvX0LXN82nVRT0IS52mUgeuJQAD2cKAuY5jLYWpBCIJZxoyIRLmqSKChodZX/vDw4mkIrG7Zk4QAUwzVGLMGO4EIIxmlsB0EQqzUA833NzPwVtCESLC1COgN2VCz6ZMQHPP40EipoAgEDeNP0u9mQLCPA14HgiePgSPgKhDtTDzAARTRcwiTCAI0x62LWfM3EO7mkcwSzcz9S2l82wnV+350vUwCMoAXmoB58vlcZmzTKpb91BhrsIe5hZEKMKAsPTeHDyASBADhRE5LUy6cW4gAfEsJRJrERtle5u5AohyyNgcOZktQ89viN0szCAPGIiQOA/C8LTGR/r3ns5Prc2FSzp+kySanwM+e6hTqGSWaXOZP8vnkCMVEeRRBjzU6jggopmhENLWUQuAhAzIbmlC8HR3IAESsjAxSalu/dVHr/Mn3x3267KmtTKjEuNu1K6994zXugdGZL4hpXpXB8QM5GX/rnu4pfpM272MgYzZ+4TPoHQRIkbMxdWzou7uhJT4+M0LtQnMkUha2jiSmJp6GQZiyusm51vPmDTlOIbLMqcXBQJYclmS2jxFLrEwRIQB39+/P58eduO0OdfMAuOzzz57ms+wmdgpZXpmJBYE/PoXX727u1NTEslyX8r4SWDijZN/z0iqFhurFYdhAMauHbcXQ+JccIuaAzFz7qGyGZdFPvr0s9PTYxqKNpUklRIm06xARncoQ63T4BbEoKpp008e06bIE+V2iJlzPWIe2+kUgIA0+mdffC51uH/7hsqQli1EYGYuBSJUe0SIyHNEICVpUtd5XZv2Wiq4k0ieFfMT99h266kH5QGP01uWHjogSH+LSB6bw3MnDZGoV0BmBgJADjMWTsxUgmzzORGQmbHqFm6BlD1EiLzdyWhOzMys5gSoYDIUKQVFIszVkZGE3PNORW0tc+eAaBYsXKRamJll8DFNWBAAmf2n9BVHVjNkyI2e0UzPH65kYszd3TKi7ObhW3lHxHYUJGDmOpRhrOPueHN1dfvi5tXrz378ox99/pPPv/ziq1/+/Nd/8k//5De/+c1f/tXPf/HL26sXiMXAIuDpdHrz9u1lXofp6i/+8q/++Z//889+/JPT6XR6OoH70u13v//DpfmXP/9y2E2np3NAMNr58f7p4WG5nJ/u7s5Pj8vpBNbaupwe7t/fvX94OF9mPV3W83luqyd40cxS7TDLXiaHTF4Ll1LArffuHr13N5uO1w7BLOGAzDnQp2VOEp8cYW6qWphJ0NplGIo2bXNbL+cqxMJqbn1p64IQbVlMe3ovz08Xb4u2mTDh9SlEkAgA+HKZh6GSVDMfh+qmwnkrg5RqAAQw7XdE0lvfH/b72ytV1dZ2u2NfT/uRT6fZ5qeCjiIIWAiPN0cZJ6eCdZj2O/eQOg67I1GRKnZ5ON8/BXHrHZG4ijuN+6nUiiKH2xfa7XjYa19VYzoeta1kM6gNh11Meyq7cT9eTuf3bx+GoZi5qx4OE4Tu9uP+5lbqGMwy7KnuIF0L80MEUJ14OGKZyrBHKRHhvUdfAaOOgwP2tSMVLkKF50v74c2Tur94dby52kVY721ebJ5DRKZpJKamfRikDiyC5kYQqrGD+J/+xYv/4Tev/u737x9XNHOWrbwcn+9u37ytIeAVumpfvawO6hbIXIcyDkmWYCnr0rRvdr7w6BoGCCIGgrUOY3375s1//c//xSDykrMA3chTAJCrgw2pERtlWTRcwQDTshDMgryp8ogR4MFUSlF7flgQyjBQETWTUus0lSKE9OLVNVIMY12Xdr7MVZgYxrF69/NpnucVAMLt5movRGEKGIUo/bsZNhykiAiyALEjAEYVfvu4fPP93du781DG/VQ9wiKGcey99WW+vbpG8PUy1yJ9bSwkjLbO1kzNaqlSnjHtACRSamGhHCszLCsi4cEspQxlqFIqABYRCAMIRiH3aRoIWeoAgBDGZrqcgUsZJrMuaP3poT28sfXUWotY0c4KLtNUyVw1jcIEjQrXwxUzgRnXWuoIiG4a1hGh7q9IKnJBZOYCRMBEUqQMLAVo2+siCebLZjNPMrIQV6QKIpCAOaQ0PyMygWzEEmJi5jISVnBNTSwQgTkX+NYu2hbJiVCVpVIZWMjVylCxVHecLyuhBTLBEI6mgUSlyNrWrkpU3cGsc5lau8zLIxBnaFHNqUxSirm6d4N4+fFnX3z5K+zrw9vvLksLYmRYljMECE9l2EmpdT9mtJBF6liDyMzWdUnjm3lQLWvvGo5cTF1bBksSvI6Y3pYiLLSZ5nNpDJjvE3TnbWkf2ytWFT0wwPOdE56Bsl0ZrnaH87pGRAalEqSoSICo26uQcj9WhAPQzM3dIdI+R5hWWopcSgMyc+8GxNN+UrO29vRb5DnP3Zk204K7M3OAASAXUTUz613TFePuqYdD1uAwqjk8e1zUttLf89qIGBBW7Wpq7pkw124eUIS7+ep+bta6IZJD6FYQpoAR6f97Djemy8IdspIQEJkYE4qcjJacOYgCUNUgHClTGMBEtQzhWfdDAaBm7uoaQJhNAuHOhEKcDSkfbMA5Aedh6zkyALLZZ+K/kYQDo0eI55bqeHMIw2W+pIUAHM00J2Qzy52sgRFR2FaPqt3KIPB87iOEv/qX/939/d1/+N//nRQRIstksAUKn59O7sAMEWDdylS51mVZSLclXQ617tv3aMlAzNAqAEY+a4PAPVehSYiLUHdOkTqBbc8gIgvnrXk3Bf38FzZNIBLyEgCIasHbVYvMaKmnIUIEEQnRfLpUGbZNFqcDBXMiCQ+DtBLBui5ShJyRqJm6OzMxsbqe5zOmXSY43JBRVztc7cxiOT/89v/5+yKFgd2TQr3lQTSNWJTrkQj0dKDmaro1xa0zDZC3tCuk6cctKLpZav8kDB69r999902iVc0NkPN6w+2hGO5Wi2j39Ez23iRYSMyscDWPyGKBLY9LgWGmqcFnrCP/ZQWtZfjt3/3tNE7X17fzuiCie8aLUUiYKEQ8QLh4GLim9MtI0QMNKteuPSJqqQDQzYgp3LNRISy6ah1qHUpXi4AylVBXtbwy0xHnrmFADLnRy1xKeG48wFVx0wkhtiaIJqUUKNkJYKppKHFEwny4RB4sQVjz+yAkYnYMC43ubkwJdA0CUrNwbKr039byEUR4056h8sKEFh9sCCwsRGph5pm1IEAACUS3cHLO4zMCEx5vbg6H/TSO+91+2k37q+O0Owy7abebpmEYhmGahnEYdrtpmqb9NE7jsJtGEWaUYShjLSyMCERSqmi3+9Pp3/7b/+3ucX339s3f/+7v58vJ3bS3tixv3n33i5///F/967/+xS9//nd/+5//5v/4m/n8aFT/5j/8RyD5N//jv2bGx6f13Q+Pj2+/vzpyZe6XCxMQ+DIvj/ePp7v75XKZ5/Wytm7uREAWGMEITuQZsoQI9LDeOhcxYyYq4zjs1O1k5qeHh3fff//q449zX8gMpnY4Hi5wDjgxcwFQcAjHgPv3j8R8dTUg+dXV9Ph4uTzNfVmGaarTaA6X82IBGF4HHqtwgf1+1HUBoGVpADENdSr1Mi+FuA51ucxtcapVbQWUMoyhKxGrem/rOO6W+Qxu++Ph8vT0/ofvPr/5ejzuz/ePKFFJZBivXo5wgXW9mF5qnU6PJwh++ZPd+vgOAqdh4loNoDICyfTR55/+kz87vT8t3/zQbQjE3g2gv397L1KkTu4RwA8Pp92uSOFpfzwNx9uffL7M82p0Ne40QqEeXv3/TL1JrC1Zdp63ur0j4jT3vi5fZmUVK7OarKokVSjKpESRsiiJIkVJlATJMCB5YNieyZ4atuGRBx54ZNieCdZMc3cwYFiQBoZsAxYNml2ZpMkqsqqyedm89t57TkTsvRoPVpxXnOQk33v3njgRO1bz/9//aDo+0eUsRcz7zau7Uvl6fy3jvlvn9Ww6R9sF1Zjuyf7BevO8ra0AALEFCBW1BcOIgZBROCzKbn+cCG5Od2sw8cOH+/tvHF++Wj748Nmnn90EBDqWIrVK7+va2jAWBFxWjW6MUbkeR/raA/n64/Hz57ennttLYICU4RAYUhCGhgexd688SLB1xwHa2ozF0KvGMjdgIndEXtbO4QhAFO5kFu4RPaJmNBhIHXskmC1Pq1zlmLkbRBAlCSzALdDcHFvkyCnYaZs/IIQIpV1KzQLWMAO4qIeR1vMZhZkLuLvZWMeb083hsHv46PrV3SJDNMNmcZyGtvamejjuX724MY9pmADq0m+7tqGIB7BIDpsu6ECyDDQBoAAGpIhPX7RR6OAKbMNYgfB8N49CQWMp9Xw6tdYFfawDaozjYMyn5RYCxt0eS7VViSSIDVHqWIsQcwegcUQEX5daCImGsXLZQjYi+rKc2B3YGaNQMddluZ2mKyBBoiJchIXQrM9qbpbzexl3x8PRZhh2h6vr69OLz2XcI7H3mZnKdOBxJDMYQOpgpgQefSZmkoFlQCkegCwAmbJCm8sCkYhTghrbFnFTNwCndY5g45ds6AnYsB6begGBEHnTfAsR711bepDATFiCmEpV7baeMUAMXBXrwHWoQw/TaSendQW0u5sT0QhlDVdwnk9nZKJSw8IAuEj3CIgy7Ts4QuqhsXfvTaOigZUyaeu3zz5/2nt/+fl+rDeLz/N5mMYqIzQ8v7jDOnVwE/YiOO567xClCq/zLEJqXlisdQAG4d6ZWUwm47UWdG3WzcNFCjDNbZHtdgW1zkgiuIaGA3h0TxQmhRmlACAc0hcCYNbCDJDG3eGNhw8+u3mRBYwIeSpdNXogMQeE5deGEYGCaEiI4GDqGh5jrW6WLQEimBritsN/+eoVQNTC5oaBasZMCGHuFKGqgQAdRHhtJobuwRClpA8Q05YJAAGhFgBo1pFLVuBxGcgjROvGzJRTTLjY+4kxYu2eQbiZnkMsRATuS1tQhBAMOvAGLUKW6EYpXBc2d7z4H4jJVJkkHYthgRCMuDmAI8mpGKDqhpAcF0iGeMi2dyQIQ0PgcHCGMKfLMoFwqw9TqB8AgCRbUZtuT8KNPJp+AhaJAMDWlggrpVi3cCe6lO+5QKGLxZMgE7eQYNoNvdtydyfDSCL/4p//z6ZGgee783aXxMZwhPy0zACRPthpHNd5JsKsN5O8mf7OnLxtOb0OjH5RmwfCVq4BGOUm1rxfFhsIBAieivRNqISwZVGkjRqZJUpucjFF8OSYNFkMWNfXABl38AxukMKA4OaBKCJgwKWkT81AyQF4sy8jEbh1NQBHRM8gW8BXL14SMkuxrklfqhObmnYrZWSgsDDTi8GU3MPRN0MDpCYnc3/J1FPr5OFhgITmaZ+kuAz7E+CZUjlCdMuyWHwLQE5wneerjpDdnQsJEArVkdzdmzFnTJszEzIxRW+6EYO2m2JzleSwZWtSCCLAPCpVcGxtzUne5jTwMO3dLPmZ7uZm4QGUeXBpdw4NBQ8EaG2l5F8CGiIxuCEgSJUMDIB01HRQsy2tI31Mmp57pyAANtxCsgLBXBG26AzPeAEmtY6y4UbB0T0gOhJz4SQJMRdiamuPJEJeAFhpE4wA7Z1x25F4AIBFRKlCVNqyBmYL6kSCFGaRMxEQDs/9yRbja7kHBO6mXU0KoQY6eQAFdm1vvf32P/yH/+Bnf/Y7jx89PB4P+920mzb2/LbPAidKCVxcEgsuWeIQAaFdIyOlEdJi3hZrrX/22fMfPnn6R3/wRx998IGrDkMh4tbVunP03//d73784Yc/9wt//qe/860vffHNf/a//osPf/iDNx8/+PVf//Vw/9t/+y+Tw3R49Omnn/VnT+/tJ0LKCFLtzd3rsOvNVJe1taa2dmvWckii7olDVrMAY6QA16bE0gFFZNxNbV3FjAmff/rksN+x4Kub0/XhUIRvT7coNIx1OTVPfivGOA4YdL47W1uurg9a9Prebj75Mrf1xQ3P672rcrgab++WNndT06XvppqnkANwqcvpLBQsgRQWMdZh3B26AmEL9PNynqZRimzYuK5elUla61LL7t49f/Hs2SefXz1+Q8bKwmjl9tUppkPdjSJ+c3fmytrtfHeWz1/sro+N7s6vXu3uP+ABkXHc729v4Pilr735tSevbs/z+spy7BN2e3Ozm8bd4Xjz4uUw7ddFh0E8IoJp3Pt0HK7vl2OqNWpQdanH+9fLDWhb17WfTu2K9xrkVJtG6Wv0E/SdTFfqB+OdxYu0OmUeFpoBhDD23i0IQPKEZChc2vHIau7sH3zw7NOPb7TD1dV+bWstMkiZlyUIpsPezF+dVw8Qgkl4XjtDfPay/U//15NbEwWJ6MxsgB4KHoF6HIdR+EXTtQUG4lAYOdwpzNzUw4Bb73fnZZxGUINQ7UDCZo0QIDjMQcTcw4zcA6LUIQDTz5NTb4TIB8fBzR2QIskNaaGjdCttpNxg6GYBKJXDUTOdhDN6zzsYERUeIMBMh2EkqRbg4MNxOs/NAplS18bCRCTjvhSG/TQC0ovnL1q3V6fbiDCIpkbCKVwtSR+jXKGigxNLLbWIhK/uujQopVI3tDYNZSrU5nk/VW+L9pXCvUMZ4PbmZbsjCt1P4+157u2M3iOUWIDZHBwcc6s8TtPhHnhT7Qm6EGEAYsSxindTwGGoZura+uLMSEDjsG+tnZcV3WstUsQa2Np8WSG8sIzTbtof5vW0P15FBEs93nvQ2rK8eo7jIOUaMtWe9yQSeg5fGQxpkGGf8kVgoiIeIJmbSZllvy2k055ImOQLo/Sp4abVStkDvK7+t+h5iAhwDETkwhiOhsRUh3Al9/AIZCJBYR6OtpzJta13y3kGZpxqhK43d9UC6jTuJp2Hts4GDSsg1Qq7eVlWtUBKZwWaz/OZSsnk02EaDAKb9r603jvgrrII+7J8+uEPcG1SpqU1RbEOIhxop+Xl+jx28ADGfReWEOeyzCeZxnAnFhKybqVWB9jt9lTK+XZRFq9l6as3a+YQUNCFbKocSIAYvQ/CPdwjxIttcigIBw+zrlVyEObZkwYQRPZW8PR88/yHN0QZF7WJ8cNzKb0Jt8G8qYXZvkaoS+IlPQXxxEgGpq4eyIxSEuFMHqDNELa2fStbwYnIVDe6B2EmeYNxazoMpLhlymOEUHoPgRBrEQAQHi3fO+YoEoDNNNyGMuyGqqbgYG6I1LsVZmsNIJAEwtQ8Dc29AZfKZdC2pmIk0jCg6ulhSCE1btv9iHC3/f5YWJ6/eA5AzJSh4GlUoURDAkKAptre3VICn0miARdMeiaXXcqGLMMiUladPdbFNOsAwQiCSBdlZLxuFlKzEYG9r7p2KWWbj+dMFyN71PwYOTxPtHNAMBFXcc36F8IA3CHSEZWOTEZEICSmzTqwBalRmJ3PZ0TOOj25aTntBADEzUkd2zwmH2LM9QdAbEqJ11gcgsj2Zvu9gy4rELhQS9M9Ex5S6jBUU92wuSIKCozdexHJWfDrnUR2Fa6eg+AENOW0yNUgAok9dfkREWTNiJmYPZOV8nhJ2Q+QWW55IgDCfV3a9sEoLFyztt16tgwk3kBRBJibkSTvcy3C7LA9EUgEm4E4/zwgMXESMAJiW1Bsuw8Ac4NAqdLWvjtcP3j0xquXL/L/I4Aummoo2DzREIhqSQS99E3MkWlWkNaSkCJ4Uavl8CXcAcPcUq3l4QgkhTfnAeXCxtN0Qcws2zZvE57FpuFM3w4iBkCRcrkHATDa0iGQmVwtHLKCz9AEyngtdAIWlrwdIFOBt9C5eJ0u4RAb0icTWSKRvZQFs2dXg8HMoUrMDkBAmYBIl9fPZkAndPS8DsQkwiK8HVjAkcWlSIKBc/WNiGqW1X+q4de+Dle7r379a+99672vf/NrX/iJL7373lff+cq73/jJb733jff+7Hf+zNtvvzFUuXfv6t7xOO0GSTlQirgQtam+FtZEUJ6ZAOGqZuGBSCICANpcTUVkPp2GYfon//S/+9//5b/67MmHEa4RALg25VJqHdraCHk533725Mm0Gx4/fvT+N7/x9PnL588/3+3HH/3wo8dvvfX40T23+NI77/zge3+EulpXb32+PWnv2ntf293d/OLVq3np86q9mwWom7qnHDLSkgDhF1gbECJx085FxmmKsO7W+2JhwzRFhKt5koK0I8C6Lr13i86EtdTQrq45BBjH4XS+q6WIcOsNHNfz2ayXUhCir0uOAEQEooV7mJfKbj3cKou2zqWMtfS2dltEkLiYeak1N93ENOwGVccAtz7tdofj0c3WeZmqeO/7wwjM52VB6/vdMI61t/nB/asA03mpwsNux0UA2B2GoXAVCHISRG83r+5u7k7zXGpxgEDeHw7ETEOpdTRzRm/d6jQuS7O2aGs8VJkOTry/vs5f47gf1My6SiEP3x8PV2881GAEKEJEQnWHXL2tbX4BgDzseTwqEAty9Ogna4sjc+F8BylgqaUM1NflxdObF89PzXy/3wnTVIWZ7u7mboDEa/O7pW/j8zww3EWYkE8LNEeD6OYJpjYHNRCm65ELwqlBNyeIneChAhJ2hzVgDfSIUsUikIsZAhVVJ3AAr4QI2BQAKKQoCg91mobT7ekPf+d3Iiyf64gIRPUtORIAPdDMUj6HxFJLtwTEJSmUA/KVggabSCiCtPt2LDEhCeRsgplFzByYDscrVX3x/NUwlbfffpiP4bos9x7c/+IXHj358JO1rdtRBLAbJkIOcGJCCGGSHCPlHIaImEopzMQQlakID7XKUFCGHoiwAbiiaa3DbjduY1ZXKXU/7ta7u+V8FpYkxxvmHBJ5qKn4RxEUYmJbz2DGhDIMyBLEZRhEBN0xfKqVENGM3UI7c2EZXVc9vbS28DAAk1ljsOXlcwkfx0L7kUUYvVRRtVKlDqNri/V2qLXsjzxMXEYaJiT0dqJ8w3Gt+ysoA1CROhAVJAYSYsmTGoiJBCBREwSUSxsCZCSEHPXhn9pVw4Ym2eoKZIRND4MkQGQOm/YgAKiIVCyDI5Vh10wNsQwDRIC7ruehEhP42sC8FnHX1loZd+P+2kHAfRiPp9NZpLTWg6TWce3NrZt6eKrXxAw0crNU9oc9M0L43e3J3B3JkcpYF4W59bMuN8sJi+yPx7I/BrEDRYRCdHMNR2Z1BwNTr0OtQwXH3nR/PBKhbSAdZGYPB8/wXS61mq5dXc26utSC5mZOjObu5oSpZvFtjgQJ5wYAcjVAMPNwMN3sMw6Z40NIJX8ucoraQQg4jAiB0C/VLFLxiKZpgQsRNrO1KwCa2VbsbQob2PYMxIzo7gkZJUZ3sHCNrmaxhX5C4ikvrh68vGpTjMMskkCRVEQzoXedhkF+TBxJ2TAzc+uJugECyDkgAPSuKb+4hJBmrQH56omLOCdDKLq1pS9MQsiZDUaMEcHEhJwpbPlJU0KS1W3KdgiBkVK6sV2Ei5k3mS6p+cmx+KXcA0DkUgZiqkMxu9ij076Kyd0xJiq1BISudikFIdu7tGls1x0gk7fDnALXtWs3Kcyl9nVNbwAxIaG5OqSxD8wMt2xzSMw9AOHmeU1fQxZMjOlbvSCbEuSKEJH+Xr9otDctPYEDM4MHBEopgWDWEXAzlxBCJtpS/nvZPYSZbQBBYgTUZf6L//ovlTJ+/vGHXOsWZ4yRnFBisqTgZgZXpnZBeGTfs+mu8tdGQBEsRdwVAggje6oMctuAjrDhBRBQimjrcaE9OjhA/voIvnl/CYVLyXtCiIMxzZ1bt4eR5vq8XCwccImSCU8tJJOkoikw0k3iBkUk5/en+SYCmMQthXSA4cioZoyE6Z1Vp/yOiIoUEelNwV0Kbx0WYpq2KfJFRbgpJ9OWids+KiICzJyZ/dKsQoSICIu6QZqj0xeQL73A7foAElHzrtoJiJi3OwdARNwcKCAo3+vwGq6/EfocUt3rcX3vYS3D2pft8zBjxnbApYS/ZPFs3uKMrgvQcDdFotRaZcWf2ilOPhRTAGSrm8gm9+itAwQhea6fCkcAE3Bgaz2QXAEgOMMVmVq3X/5bv/ZP/tv/5t/5t/+tv/93/9Y/+Df/7r/x93+QaWajAAAgAElEQVTt7/2dv/mrv/LLv/Zrv/orv/SXv/H1r7vrj3704ff/+PvPnz9bV/XAUiptyI5AhswVzR2uB2TJZqqRb5wUbzqY2VBKa/3qeP2P/+n/+N//D/8L9jv3jgTuqmoYaS/wUtCiI3Bfl08/+fStt75wfTz85J/55kcffXJ3dx7G+ic/+OBnf/Y7pdJut5Px+L3f/+5h2Chj83y+fXVzd3f38ublsrTeonW3iAAK2LBlXd1Mc8hnDsl9cgchkloxPYjjOEy7w/Eqd5ZErL31dWXG3jV78tYzEZNEJMBZiva+zKubHY7H5XQyVQRHxEphGn1VJh8H6d3AIgiEsYj03t36OIwA3ls/HA7rskhlR2vrTFiGcQxiIDnsBtOuqtM0DruCXIgEIMax8rSjItqUwm2dp+vrev1wmc/eOyAD0jANu8M+AntvETgdD8M0AlO3QC6BRFIsYD3dnl4+n+c13X5cyrAbgXg8XMlQ17Yixt2rO651VYW2nO/ugIDH0QMOVwcpspznoSAG9K6uCm7X96/uvfHYsCIAhSJBnY4gQ/Rup5fWG4+HcnzAMjJH2KzrycJIBhFBAEAmqSwIrvPNra6hajLIfi/jVNemN3erISNx69qbERIxAYZ776ZgSIwMxAzI1NREpK3dIvKs54iC3dRW40ARxlFwP7AQr9qljrOBAXIpxCxS1MGBrDcPRdda2D3UwANCioHwMIxjOZ/m3//t31YzZHLf0jICSRP5wjlxcETywK07JYSMJEwfFGIaigAIL+MPRKBM4M56KICljNPOHDwIidw37p0UuX//OhDVYreflmbzfHe6OxWidV0ookrxACZyMMBgQgLi9LMRB1AOFco0JjeAGVmo1gGZQ/JNAcI03921eRYh104YhLi/Ong49gZd83W+Lk3KaAEeIVJLrQkmESksxBHRFkGQYajjCEJlKJQkUV2tnbA1CfK+6jrbvAxDsbDl9qXevghXkcKF2tokDJYZzcfdRGWkOgrFcOEEhoetZ2x3QYjDjscdcQUCsG7riahiHXjc87BHHrAUJEHiLBdgE/0TwZYHnAd2rvpTxrENLgle/wHMtPvYxj+BGVx6MYBFuq4QmAExzL031+YQ1tfezhAeIDyMkHmLuiIAcV2XBduy3N2a97WtxDsZjjTs2npu1jS8aVAZNUgpulu+mj03WUREoabCzCTgCrwt/xnYfLNHGsKia3Mfd9dX9x8UGZCFygAkS+vIJKW4R7euZtp7N11tVbPT6bSsi7BYqIUzsfZuvTGhqkaCOV3vX11xkaWtgGitQ3gW+F2V02e3vaA3VmFECCETJqwGIogQU+aTtV1c6uJwJgy1zE8YiHaDCJMHEom7N1XtSkgEFBhEhMxNrZtn4DESbTZP2LY2CHAYh5QOQGAdCkD03unycxEwnCKMmYQztggTsaW2Yex9K9KDkwbr1k17+GquAXPvrVuOLjSgW47+KPmAQCxDMTM3zUra3MOCBeNSPEOgZqoVQXggczoCCChVD5Zi1kDw6NaY+d71vd41IN548GBtPWuk7F6R4LWWh4j1ktmMkKZk3Gbnfhmjp2kVgQEkVxHbyB8iC7RMD3ZzZJTCAGjqlLT6130yYgobMvUgr36Kz4nZzYfdsJ4X8E04lXZSIs5vLlX9xLzNhwlja8yAMDNQcXP45vYhAjAIgX7s/QUkzDAuuvgjU2kRW7Qt2gaB2vqDXFvAtunYOrPtVMCLyp850FmQpPzowx+8evF0GCbYEFeAeXN4gFuW/hHA+aSCXVqhhP8UU9u6BgREMt0C5IkJASw8rcTMzIDmARBMWESGWroabcSCwKBAoMj5C24TJg8Lt2WtQ0VETzt8fhdZ6CIiQi0lAEspkKuBcMat2fKE77rm4K3WCgCuxkK9t5yf5Lw/UZWYSrGsHhO/BoSEzOSWN61GBLMgkWe2HgB4wtHwokaDNK7QNnjZvD67/UTIlqTIcBG2nvsyM9VsGrJRIBKiTOigCMeEgVb++ntff/biefK+HIKJkBkRREoCqnJBAJeDfwOHYe5vYF1ntZaO+3htjQ9P5EWGfhNsqQjpHWLErm334MF4PCynG0H+cfEf25ZnyzbLXpyJct+VACNkIjJ1RCoiaspDeffr3/jpP/czv/jX/uqf+4Wf+4u/9Jfe/eZ7dX/Y3394743HP/HlLyPSIGU/VDAbc2EVbqpCcf/+9Vfeeeeb3/rmW4/ffHVz+4e//4dPnnx0d3tbCksp+fGJUEqODQMI3JwQiwhJIkA8AszSw4PH/e7//I3f/S//638M/dTWFYnHcVeKYIQu5+izrqs7lFpVvXe33j77/LNvvv+N6/tX733zvd/4je+a+rJ0c/+Zn/12W/T6wePnr17p3TMEVNX57jzfnU6nuTf1gJR9ddWeeyULN8/g9Z7GzMTCYc5scoqHnpwrDAcn5GY+z2cGYinLumzkKou+NhIWYbdE1MF+P4R7GuMOuylcSXhtjTPHp0hvi7mPw9hb8x7hWgdhpnDoq9Za1DQwiFC9SWH0FE1IHZlq7W0+HHYiZV31eJxkqOPuKKVqW4FlujrKtHcQXZf1PI9X90oVIGnNMdhat4irB4/W1k+nJRCHw56EVZFkUHMgAbD5dBfz6XR707qv3eswEguX3bDfOcB8OhHh3ekcDGa+3N2YdnCapv2422MgSzE1IVTtvXVmctf9fpru3xv2Rwgg6NZWHo88HZlovXtubRkP98ruAdUJtPl6C9EJpQwTEbkjyYDMzNLXxgjDfhx3VaZ6czc/+fTm+fPz2t0j1qbaHZlI2CC6ZpxoIAESa9f8juZVbZsTSTcYqxSwgUID1+5AKEOViF1BDrCuWGR27obMwjJIKdrBI1WZ4aZDIQdfujlykDgVGcowDud5/v3f+q3eGyOqR/I9Utvb1fIdZG65D0xbGROnMw+RAi+7XkcSyeqetyoUEZCZWAiJ0xLIUmod6jhOY6HC59OMSOe75fbmVMfp7u58d145SIg9ovUVAJiLBxqEugExIooUiEhqA1Egs9ShHo6l1iSxMIsayljrOJrZfhq4lMqlovuyEFplCnW3Ng213d5iawRpvldkcpBpd5XTrjxC01ArEBhRh1rKUKaJShlqQUYBCF30fCddXTtjTJVLAgyErLdY5sO0r+M07g6lDIJoy53b6qb1eL1/8LCAEbiwqPfwTv1E0GUa69V9EjFXdGefGYGmo9QdlEJ1olJyigqw4Rkv23FEoG1G+mOM90aogctOPIsZvKg0L0UVXMargJehY4powxwxCJnAwVcEoGEEAJHR3SKMa1XrG+mkVBx3DnG+eabL2RwMcelrMGpbunaQYkpI1RADA0s1jXRUm3Z3VfOmTgDEZKZmKszgMk7D6TTXYZhPqxpQEUPZ33tw/+EbDrDooghRhiBmKcTVHQhF6hgeTbuHJwgiYpOWm+Z/m6mhBQK4OoB1bdfX97/9/k9+/NnTZV3BAxxULb2wnLKqDWWT1y0wHHkzu6bbIkmtjqgJ9N0KOA9zjI3nDu7kIRDupu5JnrQw4Sz7uWlXM0BUM0DLduIiMKZsM8BTOGJdtRTJKTO4F6acFCOSOwgzExKCmr/WUMA2VAbtGoCIG+wbED33/4jqoeZA5AEeqAaahUKhFC8QYlNNgy9ucnq/3GM5bfVsO+NS1wIEpSQ343u3+LMUbgQLIyITBfiyzm4+1sFC13WhVMpsiwRAyLcbJMGStkokNRmY9HuijekEERDBXIbXjBMzZU7oKpBAGWsAhkNfG4tss1eSzfK4jeAvj1VWVYQR7uEsXAqXyjm2JgZVE5GAVNRHYAgxMG2TR3+tidk4r1kv/SnJDb0WvmyYl4saKaf/W3kZ+WTH1gqRbMuEuGRO4cZ/DEzfOVKy/wOBYRMWBZpFmGMk31JMzd2ImYm3v27OGdMGCBClyvHq+jyv28IYt9mtmQECYILh0dUT/wKQZJZtLYQpTwcHCCIOD6nCzB7RWksiFaX5vfXcb5i7uwPGO1/5yrMXzwjJI1NxA8EJ0x5BSNi1m3bTLcV5u+cu0P3I8w4pABg5T//8cs0swDHbuQACKiJpDZ/qYKpJ8EWiLPfDPL+d7W6wSIaoR8QW5ZaOatikaelDcIAIMx/3o4e7WaJ1iDnSebdVzWBuCCgsEZtZBQKQgKUAQA+dl6Wvq5CkB9pymEyovZVaLfN6tiXRdhNeNHIIgRgI5kCZqkn5LKX83yOYgEgoYb2EQMGUDgcEIQi0pSERACSbAwCQJM8PiIAtP4Evz3wmELCZl1IgHIr8hV/8xf/4P/kP/4N/9O/+vV/763/zV37x5/7st//aX/mFX/rFn/8bv/rLP/8LP//WW28+f/Hyd/7f737ve3/86dOXZRzGYQhAEbFuCBBArauU8vDhg69+7SvvvvvVUsonn3z6wQc//Pzzp61bqRURmBgZS0kWBgFg65py51JIJH8rnef25OmL/+g//c/W090wXX3hJ9754pff3R+vpv3x0eO3Hj1+q9a6LifrbVl6qZUYuEhbFhb8yntfeePB9eHe9e/93vf3x/0HH3zy/re+cf/eQVjuP3zrD7/72xW0LX05n5Zlac1MvbW+tLa0FtvU3xDA3M0zm3XrJXPrSkSU4VPm2ntblnVZW1NtLZd4mbfg7sIFEbTrfF7HodRS6zhob137UOTq3tEh5vOszUQoIoZptyyrdgOAaRosjBHqUOfTiZjdtI5FhtqbuZoU0d7NvFYxj8PVNbCspxsInY67yEAoEYxYlix4bX91VPXz6dzauru+Pjx+u+yu19Pp5YsXu/1w/ehhmabeGpOAxbwolYpSM15gPFyZgaZnA4kQzqdTO92ud/PtaUn3KiBTneo4AlNf17tXr9Z1ncax93Z6+Wocynpqw1jDQ1VLqeZQh3q6udN53e2K9rbbj+PxsLu615uyBFrj8UjjlSPNLz/X81053OfdNZeRQ8ObMHOtwNxV00rl6qbGSEBBzG3Vjz98+fmz07JG92iua08TiySQIJ9rTNgHkEVo64w5KTAPYCEkYYSrGgfxlGln0iYxesTAIAilFgR8vvjqAIzALKWqhRmwcJgL4lhQmLsFomCtzkWGUsbalvUPfvO35nl2ADX1BA6aAUIwp+rP3DHzAim3kMGAwoSEbgaBxAIbqCQYc4sBtAEoEUkKl0AYd9MwjrmUvTochnGa56VWQUIRWtZ+Ps+IbKbLvJgpcSFkAvTwoM0+x8RDLRCaKUsZBmxYMOs9wipESAa42+/NtFZiwq4mzNYXCTscdgBhS1tvT7tp9OWMppsOBLeypo6DIwoXkbLoylKIMUIBjIWplHG3kzJKqbUURPTeyVTC2zwTOhOXQm1ZSh0BYBhGJjZ1LpWQamG01s93AF6v7u8O96PNiIBM3lf2RnZGU5p29XDtmIdswz6DFJyuAhnLIDIAJjdx2y9nelxsG2POmBn4U5r/iwoUt5lnSv4322/WbLjZ4bJGy7lDihbczdV7B3DQFn0Bb4gSXIALhEFbh90EpZRaMHA+n3fX9wwryxBqujRk4bGe58W61nECLsgSgInN2F/dtzAuJQjauqp2EuJSW7eIsFBEljourYf1nNmp9sDYHa6m63vl+jjsDlAFiMq442EXSLpZ/cgsmGuO0NxjM4NljcHs5uvaIkLbihBg0VsLIGZ5+erlp09fORIB5PGao3GACO0b+SMgAjKlJoUQuT9A2Byz5uhpq91kI7E98LiRhCCiEpl2YFrVMDnuHgGo5uqOLOoOGAGutvlZwzcuY7rpUofskZp2MI+h1ghPsyReZCIil+lcYFNFQEtbaLhvZQwkRy+5EZAG26QDp1SGICLMnUR+zNbxCMBwDEiMT9ZkW5WESBHhGpD8U6YUCBGxRYRv/EwkIkSPdJ9cTHrM67KkHGheFzVlLHlDq7VIZhKCmfE2m8eAC9UgFd8RmdR60XADAnIZd9l7JafljTffDIj1fDceDvvD/nRzC4GlCgS4Rh1qX9atwsvnxYGImKmUqmr5hs4VmK49IKZxDAhV827EkjRPjC2xNaGfgKm6juywM6cjOa9bJx60WRYv15ku38fWJWx3WULaBfLWTIQoRHp/svmDTf8BrzsnKRx5CVIKlq3E62MdIbFZ7q8D6AHcUQi3rFwCIDU7L2cC4oxU89g04jkQZiql4OtJAnoWvpL5jaUEbg1o+mgxsHfNlzTmuw9JexdmNZPKCcotwsTw6I1Htzd3plZKwoJSkyZZnWvXOg4/9ZPvf/LJEy5lu4opCNtCq6KwgCMihvtWuyPmld2G9EQYWFjA/C9862tfffTgo+evUKr2jrSJWyBZ+2lBBoCAMlRIJAChm9daNj8EXdg7iFuEM2AtZTmfezcpkvKygChcdvtdV/Vc9iEgYC01kzjh9fcYDgGVa1vWQsU90uWctzioedjx+h4Rt7ZeGkIEDOIM1wXaus9MvXCHDAzPdoY8nw5HBHA34ZLPNmx0fbbWdZ6FxD22rLYc+gXmU5evkW3j5O6bMBCy/9Pe3n736//eP/r3//qv/NJhVyuEyJYSpqq2Krm/+eDqp77x1Z/+9vvvfOmL59Ppj77/J3/8wx999unT5bwej/tSiZmW86oaAXA+NXcfh+GNR4++9OV37t2//+Llyw9/9MGTJx+f72bzYBEidjUWxoBahAoxETOFuTAjQh2G//y/+K9evDj91E/9aw8ff0Fq9YhxKBB+d3uD0L/8E+9cPXj87NlTRG/LKpU9YprGDz74+P1vvnd9tf/Gt7750adPP/ngI3dvzf78z3wHMQ6HQ+v27MPvU/i6LufTvC7r0vuyrHNrmmssD4/oqm7mkeN+YCQWKbVyKVIrEblaW9fWVu09nBDIzHprgFBqFUbrFoCMJCK9KxESl2k/ShH3aGsLt+t718zg1nXRiIDQ/TQy0XI+hWotBcCLBAu3ZU3E2zBWLtzbEua73ehu2oyRy1B3h0F1tqZMZXfYkQgIbyIRImH0iMP1QzXqy9zmOUB42svhqu6ue1MHLPuj7I4yjWpuwRZwuP/AzOfTaRh2dbdrakB0Pi+1Fmu9tfV8e/vi5c28dkAYp70GOxEPdT0t2ltb1izC1vOZIm5v7wDs5u5VGUsdpGsT4r7OtjZhJ4hxlOlqP+72DlAZ291LGUbZPzTg9eapznf1+i0arqRUdKUw5kJUVCMwSIoQIwuXQiLDUJGH+dRevpyhFBDuEMHgG3Ajejc3APDtNQfkEdrNXauQCKkFM4/DQKEPRny048rk4ciVUDwMidZuYDYwEpgBvtQ4mQcCsxCKG2iAMEU4gQ8MRUQdDRBlcCxSx3Ealrb+3m/+7rougGQR5p6FooVDZgs6BKC5O2ieGESoZkQsIhszAEk9uAjzZRzDsFF60/JEXGqppTjQF7/4+L133/rs8xcPHt3fXU2ItNuNQy3LeTkcJmQBM0TtvQ8iHEBE5h2QiLbYyg1QCViLTOM4Ha/G3cE9plqFgd3doxZBYWHajaNZVwsPF5ICgdrvnj9nh4Kk8xK9CfHd6bQ7HoF5XRUYDEBKLbUgodRhGkcwS108Mg7TIHVgLkMdhEUQXFeJEDNbZ/Qw7aUKqHG4t7Y7XpFgn2/NVu9tKOjLyfs87abrx28Pw9jmOxIepx1AoM2+3AIx745edzxUQYz5ZYTyeOTxCgiZC5BEABISCW3vd3zNNM8Emq1hwyw48cdyANz0pFv1gXiZIsZl2awQimCbExNpEydAQHgC6GCdqa9mntBzCrPeLZynXXjcPv3cewOuPB7astpy6svNOO1kuFruzh4hw04dah2C0Mx4mCxsbmdXG0rpy9pbQxJEGAq7m5rlF48R0dW6TrvxeH2NhTvReH3v6uGjpa0GKDIAVymlqaJwYHho1xUgmKT3rm11czcNt1DrrSF4yhwSeYAUADAva2Vua+vrGmborqoQIYVySws5j4igcCIIdfKNMgIB4M68RWdq1sfpN3MINwRn2MiXE+GjSkehQLaETEIqFMAAAkGkqEdPbRJswn8PgISTAmY7gADd3HHrDZDALVJdnLrc3AqlEJqR1Cytfd0uAvocIseG3mbmgFS/5F9FQ0heIhA7oFm4qvtm2LNwFmmtZ9gObjNEx7gUhT8OYiJiTifkBp/xyzIKgLMOSU0JISF0VdrEMjmr9gCvdbi+ur+2BQG5MCCoajYb6YTNtdjraX3+a1l8MJKYaqpQAGlZ595XBNFuy/lMyIgAifcBkIEBvAyld8tZ6mYGdUBCa7q1HozgGAChrqraHBGo8GasVM8FQoqr0iENDNupmqEh2bX45g3IDp2ZSTg8Uo+d0xhEKixwmf7nuHUTPKU9NwcnaTTLq511/laOEwW6+6U/yM4pPX+bViePh1yoCEsGPBMjOIQDMmWuM269G1kEEQaGZ3hW2rktylARCVKvljkCF2F5Rk8yczq6fbOJIKRYevPGpVcYH7355ro2Pc/jOK1ze/r5pywsyKnzC08Qfnj3UtgtNPTufDJTBvK4gPMv7RYhMmKtFeGSPJcn3WbJxe2KQDBQN/1LP/PtN+9f/9//3/c2kBEFxTZ9uRgkiCKYiEs1U9WOm72DMJI7xCnaY5ZxP6q7dgcMIqIgQHC1CAff4m67amTJkEr6gKzRmSiNAMySQiwiyb39aztIHvHMPC+zdSNiZvaAHCBWGlPQddle4kaNAEzLMgRwYSK2LXYtHcCJnEqqYE43UEqNbKcAMMDTM6SOr7FSuJnaCZFFLM9Hggh49/2ffv87P/fq5vT0+fP5vHz85LPPP33e1sVdCaKOBRAggon2++kLj9/49k9+672vfYXCnzx58gd/+P0fffCRqx72+2k/7nbjMG4hCqZahzpMdX84vvPuO194662IePbs6Ycff/zq1cvWTYqUImYOGMKCyL2l/MbA4X/7P/7VP/vn//Ktx1/+0Z98/+OPvvf0kx+8/PzJy+dPieRLP/EVovLBD//40aPHX/7q+5988lFEC0cPqEMZ6vDJJ5/8lb/6C22ev/beV3/913973NUnnz17//2v37s+iMj1oze+93u/G+10Oi3z6TSv67Isa1NTV4uuPeUanrMWTs90kSQIVgkEM++tB2wSU8/bJbaODQCklFJLBPZuIiKCZorIrTUU3O3GaX/o6+xmfW218iBMzNq1ax9r5YLEuMwrBjNRX9daRYTa2tONvBsHFvYIBB9rhYQMhiJ4HYcANNUIFebd1W53dZA6MLG7IfH9Bw/H464OVcpIAW593O/vv/1OHSshrquPu2G6f68er5249XV3dX3/rbcM6e721gO4jgZkEWvr69K0tdub25fPb5fW3FGmCXgAGYD55fOXYQDhqqup3b68Od3dLW0ttRDzfr8XQgS3cOudMZbzebcrRLQ/HnnYI9NQ5fzyhYeM974AXJfnH4O13YO3aToyi/UVIQCZqUYwk2R4ELIAortbU+JBBIbDcDhOdRqQeZ799vbUu+VrHInUQlXNnEhMLeFeQ6XCCO6EsCu049izA/jt3IFKIPWuJNxUW49AHoQP03jSeLZCA8YA4cIi5ugZRhke0Yuguc2rGVBwMRQe6jDWrv33fvN3WpvtkrYH24jKCcEMckVmlyzMxEGkV9MgHDDCNYc4RCQkwkhEkgPpdDGhIw7TRKVawPHe4YtvPvrk2Yuvvvs2MX384edDre56e3N33E9NzaOJCLNEhiBhIJNHCAsESppZwJkYI1DIEB08evfeCwZR7A9X3TzddYW3+N6wKJUY3OezzvNye9PmM6f/ksWDiaFZtG1Oz8hs3rOzc+sAPpRKGQw2VGQaxiHdWYwI3lEN1rMvJ2YapglJiNDXhdxkrEgU65nBQ7v2db17Be5lGMv+KjCsLyHEdULv1OZoK0+Hcv2I6likkHdoN1QKj0fkIQJYSmzS0vSWEQS+fhnn9JBeCxQi/b3w+u2QFf+m+MmRJMAm7gRAiHzHhzYIDaCLbj1/QDr7CqLEevL5LtyAiZh0act8ZuYA76eb9e4VBBhz1659ibaYgYz71hZt3Z3Uva1zqSOJNLvYU7d9uauBQQACSSEura2tKWBB9PPtiZFEiAo1cx5HDTJ3KcOw2ymWTBK24ABmqe5gAOa2Lq2vlpG3Ee6O1jshqqm21ltD8wATod5WUBORMlQE6OtiqhgpCaaEnmOKXC0CgjztFRGuW2QqRBFBCrfA2CwWkE5L3NwzgiFI14Xeu3/4wnG6bboGAIGaqYcGEDFgqFlvChGptPVNdBectQf4ReaaMqVcwWJaerLHS5Z9DvUKM2IghjAjpaDbUhi2dgNkYMpkVO3WTVNsZwbqDsBBYAFqGa5jaRd/nS+m2lN8n+yRbWYegKkbydWDX8QzEXzRdkeEWsI2Kb2X1/ceqrbeu229BCNntunWx+T2Y21r5v9kPDPmnnTTwoW7pc45fCM1Zj3DKDVv6Yj0Q26jyotEmTGLQuZSpGnbX+2lSF+VKP2oscE13QAStZLPj2MWt5AMHt/2PJghskmLY7406DnXh2zIs4xN4RJRREQYppmb2DyF+Jh/BymzIXPzAqmAR8CtMcwSASk8iLe8JwTKlKuNg7hZBBAoKMU6ryO1CJNECOBuTkTjfoqIsCTSIEtJaARum4Nw36BhYbntovTipnF7nVemzUXqEWUY7j988OrmFtwy3ijz8SJMCgtRgCNSCvQDI4vbeVmGMgzD2HsHBCk1Atwy58jdLSyC0R25MAIVlnWeqwzugUnNZyEiM0fEMEtpp5lmg5s2aGHOw9AB/CJoE5Hv/vCD/+d7P8BNP2ecSjUi5my0AJHAtuk1eLBsKWm2cb+ICC0sT99E6yAEUK5eU20biLQtwtxzr5fizdim+3m5twYgUpa3GUt8k3e+thxARKAQZV8UAalFQiTGS/Wf4x9GZoTLQlJKASQuhVmEBTGN1A4I4bb9AEifGObKYttWpasFwCHG43F/vJrP/019bHgAACAASURBVD9Tb/ZrW5adeY1uzrnW3ufcNvrIiMjO2TlJy64qnIhCVQiBeET8EzzwfxQSEg8lgXjgtSSeEKKRMAWULGGqXJi0na0z7YzIyOib25xzdrPWmnOOMXgYc9+skCJ048S9cfbZe625RvN9v+8UnaSbc2Izc8DeOuXpOz/4dx88fvNwuDWth5vD3eF8PNTDcf3s82dPn909f3631SqESGMSHv3gowf3v/G1d77+1bcJ8MmXT/7u3fd+8ZO/WZeVUQgoJ0pF3Px8Wrt6KKpLKa+/+dprr72e83w8HX/77rvPnn65rn3eTVMp2k3dAHy3L72bA/5X//S/vbs7/foXP23bAUG16rptddmefvH5Z5998vIrb7719lvv//pnDx+/9NbXf++zzz+2XgG5bnW3K8e7w+uvvfzOW288vL5ea/+7X72r2qdp+v3vfqNrz3k+HpePfvWzbe2t9lb7VlXNmmlvcWGAA4RaLhSEKBjkJgCzZr22uMBa06a9995tANZiA03I4CYsEdLgYJJwJMKYI9M8l6vdHN+nbpWZ0MGs99pcgdBFEMB7U0Ekx9p6KZKK9NZdtavnJNOc1czVkIzCEt86AO2uduret9Vqd1OSNM07YJI0u/n5cHQnKUnyTHnnCHVrXXXaFWAG5F7rtimXOV897F3vThtyvn74Wle6O59qAwNISc7n5XRc1fxwPD5/erMu1RCl7Hi370gG1rd2Pp7N6rqu63k73B3O5xWAmfLu6t5ud793nOYrlORdp8xtXUsRVd3du5/2982BCU7Pn7OU+fGblEo9fJnnK3nwBshOrbt2JEcPC42PKB1kJ3EAdOOUKBdmN/DluN0elqdfnp4+X4AJBZupI6qBuREAJ0FgJhZhJhdw1yaIE1FGKwTEfFhbV8ySlq2auyN0J3XuyOaWEj/f4LYjc3bznDOTRJxX3H1gXQjMXR0BySgZF86lzKW1/jd/9eN1WdS9dwUKEEckzEQTD0Oyi3gJKh1jwYHqIkBEBTdTBBfi3jtzQua4Gp0IiQ0AKSFTre3ZzaEZNPOnT+5aVXd79OieuW61uhoT1lqnlKdp3upmYKbKUhJnBjTvbj1ydplEFUg4iUw5oSmRR1w5SakWPzGJ5PAygIF2B+3Y+nZeTPs874jweDgFiWGpDZHNHNmRiSUzc/gNmFE4ISdiAZJUMgkzDcee9ubW2/nUljMzT7sdpcSSoG99WTgxSIFWs6SQa4ejMOfZOcmUcim7+4+YqS+3UM8iKT94nO8/BM6I5PVsfaV85WnnkdRLCYjHeDR82Hixvv1O4R9pSCHL9Yv6Px5u/m/UCKPqjyN9PDoIx/MbFIh9EOFCDM0oyc1JkvWqpztdDu7dEZuNgKlhURsoWHCRutVEYmttIVNkqaqccK2rOkiZttoIGIjMTM1M3RQdDN1rrxbUHSBDAK2CTkTCtGxra+osvCspZWdxSXnabd2aqkV+pEYtCL13V4dxrRq4b+dFW/fhYXcwa7WRK7qxWRRpgYhsrYdKJjA1TBSJFojAl1khcwzFPP7V1AjQ1MCQ3MPdxYiRHc4A6EaA5JgQTNvS9NTbZgiI6tDNgggfEnYHR77I2QHRINSeQwxygWECubkPpDYMCLiZwZjHhm0GFKB3D9h0rHSGXNvRHC1+SHV1C8y/GZqb6pBhAqL1Piq22FZHawjjF5LEEXvrphaAigjRcgAWDol/7CJi6q2u5mHxJxpBV2SgvW1MAoSIjOhg5qYIThIFjLdemThqRTNLKRFS6/3S0AadnyLfIqreaIrZQdADIwDgHvKh8TsubVXUUEQIhm1r63kTEeKIFUAAII64b6AAMxFIYgcEAlWLGnhEPxsYOAEgULy/TJeu3UPRNTZKl95lyLziFSIAMw1Xj8Fl0j9U1QiOocuOMe1lwhrO1Xh3EJwQenD8Y0MSTzCKDRISIBEjYq+Nht/WAjvjAL33VlvELgNCLtkj8BNfnCaIiKFKixWYuYL7vJ/2V7vlfB7ND+K826k1VQ2Dy0gfC/QAoSRxhL5tA1gzJE1Q5txbT0matlYbMql2M0P6HejA3THx49deQsTz8USIKeVuigSSJUw4jsAoJBTv+uX2Qgej8EXEQC4WLu4Rau3u6GQK7t61M/+Oxxo41HBRmLskQUCzASGNTACM7lyVRO7duz+iABxiK8jCRMwi5BiLlPiEiEiEhvGOyfyywYpeQ21chHFURzEeHxhd3hDEIOuOhMKQCaobqmoH8girx8t3jLaHAEueI3irlMzI2rp2db+EHTgQoiNFwC7A8HfEapiFJUlttbaNACieT27qRoRmmsvua9/7e9PuWnVhgGWry/F0e3t3PJxqaw19a3Za6pdf3H7x5c35vDFzmWXeTfvd3h1ySffvXX/1a2997zvf3k3T7c3zDz/88Cc//dnzm+ciGYmT0DSVUjiXZIDMknKapvL48cM3v/KV119/wx0+/OCDjz/64HQ4OXGRLMxadS7lf/xf/88/+d/+xXI6pTzt7z1y2ZEkIJaUiNh1++yTD67uvfL6m298+N6vvvbNb9178PjjD96T6FTQ0PF4OP6jf/zDw+3xq1//2p/92b8mhtNh+YMffDeTifB8df+XP/7LtpyOp1VV1axrH/F0TIjoNLb5yATMLywutba61qotwhC6aVxBhADk4cEIv0DtG7j33ogwQitFeCqllNTWs7rvp7LbFYrndDciFMGcExPXurpbLiWnjNDN1Q21bUSQc0JEMFrXExFe338AoLVu4DCVbIOM3eer+frqXm1tW1c0Y6aym7nktNvvr+4h5XVdlTBfXd9/6fG83x/Pi2qXnPJuuvfggaSkXVHSfr9Xx0SMIiC5qq6nU13XqeT1fD6f1vW8nI/L+XTaWnMAmXaU95zLVltrW+9ae1vP2+H2dllrbz1nNvf9fp7mybTPU3JCRBd09C6M27Zd3b+frh+qOfR+fP58mve7l17nMoE1vn4J54dI5K17W23belv6ttS22tg4k4dkKzEgtq61VnRikXW189opETCc19q6mTo4hLU+vH9Mht5NFczQLQsmAgar1aoRAJWUW2tdIU6Yqr71boBKcqj+fNMGce9zTokldVPk2I6qu2YRczRDlGQomCbMed5NXdsv/vrH5/Nx7J0Ia2tqGs6KsBDHM9OjVCRGBE4CIM0sROcXa1UQBkblhODoJiIsAjzgFqFJW9aNSNalHg/HRGDeX3r88OVXHt8+u221MqhrN+1MtLUK4Ag+TXtJiQjMek7JEUePQSwpScIkBK6x1CVOlJI6SBJHV23aNYsguqScmLw3dqBw4qGsrZ/WVXJypqaqriiSyuSE5p6SEIaiFYhYUk5lTiUnTiQS6HDrzWrDuhL0SAcATvN+j33bTodU0tXjV00VehUmUM3TJFnKPHHJmFKe91JmZtwOT0BXnhJf3eeyNxJ0476REO/uoxQkEhEkjikrEkeVG4O52E1HPgISAfLIRI3/iC8aBro8si9jf8DLMxjGE8GBPFYBHaJMgotOljiqD9VmvZJWsIbu2o3LVNcVVTkVMEvoumxld10Vrx+/5oqnw+2yHB3dKVj31JtOu3ldl14ruJsqJ+o6+oCr3bSsC0sC5F57q1Vrc9TaapkmpuTG51o5p/lqn+fZSIClATpRynlZFkVvYDCsvW5qEYuOhGggAOflZG7ee7yn67J6a+hhkzU1na/2ueTz+YQa1l7svWlrYCpgQoim7o5q7o7kTKORcg+v3ZBmhF4bCciNMWiNptYBqaEsvd6fp7W1zaCbGZCZIhIx9W7x9A+rBg3apoceKua44UF1i2kwODiR1W2dyihIhsTU1MDNQR1rdyBy9KZm5trGwDHao7g+HAYzUE39Uuq4WihzDEx1eAU8YHVEBgYQCHvE0UGxSDJ37RrrCBqlSlSM7hDkcYxlEhK7mfYNAYVY1eKCdNdhYnFHJDfDaG+GJAfNDMDoIpLC8db7GFqMDtkBgEkKE0T3MOpCRsQIHvAg7Ye6CgjRnJAip8jMzDSyaEMZh5dQXU4y7edaa0SGhcNVaFDPAMZeH8DBFYb0PABSxrGmo4tML0w5hBSmsMsseTzlw+McI9vYhAR+BZAvGvfLfnCEBpR5GoVsyKLMPVjvACONLjhBiGU3Na0IiAaIMmzrF10MEQNS793UhqAq2Kkj9NnQI1OYpnkSSUvdtnVFoGkqamrdHd2a1qUSE5j3HllaF2eSmWp/9bU3u6mZBnGHmZFQ1WttsW9OKblDynmE7xKKSMA9amu9btEINe3hQWu1qvv4dCPrlwjB1Q2HfwGdMDYwwjL8IUjMFJ9HaIS6KQvROAsvV4mHTSJWPyFTo8vgxSNvgSMpIgkx17qGZz/klULiQtt6RkQiUetMLIkRkDkaTmThYGsCYUqMFCC7EWCGgDZ2TogU0Y8x7AccKT/GkqbdTu2yBUMHQHaxSNq7IKfAgEhyLi2XP/yP/9Pz6XC+fe6IakrIYRBDQsfL7GGAdQz8RXoAWHcfpQyauYZDgwhdpUzf/oMfzvtr74uqLmslj7Wmbet6d3u4fX44n9dIRnPD87p9+eTm6Zc3W+1AlDMjoDoQMgC89ebr3/v+dx8+eLSt20cfffyTn/z80w8/Wc5rLhOTuHVm2lo/3a6xhyGEeSovvfTSV958p8y7zz775LcfvHc43uVS5nnemv0X/+U/XZe1zFf7B49IGIWREjhq78SCTML24Ufvv/3Ot66ur+5uvvju975/c/v85skXiCzCxPjs+c13vvONRy89fPmVlz78+POPPnh/q/r2O2984+tfIYS823/80SdffvTb7q5q3SJq0wDJDc1jEY6XIrJvrWrvtbVta60286H1jKCInFkYJUtK0UWixYEDSEjzNLGII05TQcLdlOdp0qau1XqfphIbw96bad/Ne9MOoL136wBuuzmXkmK+S8KcCHkEj7TaOU37XQois5uXUgjJtJmalLK/3kua2lbX07EtGziQpFF1EGn3bdlub256a5KT1boui6v21q4f3JNStm01U2Fp27ItZwPYX90z73d3h3WrrWmtttZ6e3unvRv41s0kU5rSvHeEtjYi6K2djxsRL7Wua81zdrPdfiIhIiizuFvJCcG011wysUxX13x1DcTkut3dpN1+evw65OIy5fuvIee6nq0eqJ+Wm6enmydtPYA2EgRQqw1QhYkDnQGQhKz183k53Jxb17W15zen81m1m7rG0x2ixwo6mrmrClJiQXA02O93SXJVzym7WlPDxMRk4Ev3DmzITX11rA7qRpyISFJizltXJCw5OwColSwG3tVIxFgsTZTSNJVe28//6q8PdzcORkjTvDNwZFTHEfAXW/t4MDEikseTCdgJBtEhjlNEdzUcx5q5qVkggCIugJHMtVftptPVPiWxWok8Id08v7s7HNdlyzmZ9qAGx2qXYrzC2RyQsKtRSmpgAJwTJmFCa1UIkxCLkAgRVqip5Ovr+4QIoEJEhEKUc+Is1puZMuJaKxCjJCABhKpqjrEERsRpnhCi1kEAzyKSJeWSUpmmmZOIZAQK1QeBY19sW4QdAdR9mvcMBtYpZ6UJrE+C1lbr67TblWm3bicgKtePOE+qjRG8nhgs7a6sTC5ZOJM29Mr5isrOWRCRWaKaR6SAMA59Pg4R9UUQyI5D8zk0/zR+6fCC/wkIL1hAoUwZcqHRBZh6X9E6YAIkYnF30669IThBJDj2up6pa9tWQy/zDKa1ru4uWbbjoS0r57Jqr33Z1vO6nrQ3yal3nOc95cmJXCiQhE3NAKVkZOm9MQvlUuargMwu55WI9vsrZGqtu4Mhd1cUvrp3v8x7RcSUKOWAbuQyccmtq5r3pr0rEHZtXTshAJi27k5M1Gpfl4UQItte1Q1QzXqtoaludRVOQeAWEVd1bQaGDsIAflHYA3RVYmfhSGIKXUfUSYSDcC85t9qzsCQJHTYzfeuNVwH5Zq3q1LSho5myEIRYOgbGcBHuknvMvR3BUcdJfFn9g2Mq3//eP3h682XrzaNzD5WJg7qruQEqaNMAAqFDiHycyFmIhC65SdFWGDGpOhGpm2p3AA3wK4BGnjBBRNWoGRGNIBMEJErTDIhNGyACI8DvEPYoNGQrsVkMJKOrjem5X8ThECx1d8t5V6a51gaIJByqWXQwVUaiREOZgMgBmwmJOY5ZRXyGJZZdg3lCgMDM5BcNT8BUSTh+hYyIkXYA7maADJfolDEIR3dvtWvVF+0fXNano5UAQELXgcyRnHIu46GOGFDI2I684KkMZwQAAER6MhF71KYi4AZEGGeWmakPDXdQl+Kl+UWkAWhdR6LWRTMAMBYUCBFzbfce3K9bC90W+FijjXEBIGB4CYCAosAMkQwCRY8FOJqzPBVVBQvsENx/8OBwPKGhg7FQnGKxkRj7CId4aWquZtq7do1tZO/dzMAhFSHC8IuklPKUWgu7OiKhm6GTdgPvAkjCvSsTh9P5RVuFRMLsANp7+KQvT7XxSljEfdhomHi45jnK+/ikB/DUgfxitMhJYt2G4NGxDMvrBdKKSL31WrcQjP3uf+de6+mHf/xvf/LkczJAZgd3VzXrXRkRAbVrmYqNhUP4hByRAcYGBS9csMvON1wMHD1CoModvG0rMV2aYcHh6cGwATAhEQmyqdFc/pP/7D//7KPffvH+38WlSAN47GH7CxbTRW6EGAccoRuqqdDg0MGL74bmQF/99h/u9vfYVZjNIaVkpqFsYaYk5ADbtt7dHk6npbYWUTYAfnt7fPrk2bZVEd7t5nnKxGTq11dXr7/5yne+/c233n6TiL/44otf/Opvf/ub357OSy4lp+QGpWQWqk1DWFzmPJV8/8HDt99+5/HjV54/ffrzX/70tx998PO/efdP//RfTtMekJZ1XQ63dTkS2G6/219fLcuaOAMYkX740Yd//A///c8++0Ty9M43v/ner//WuiEJCfbekPiHf/z3tLdytf/X/+rPOSWk/Ic/+A4RuOOq8N7P/toUtrZ5nNVALVCgyIgUVmDrrj2kbWYKENklpUzzPO/2u/1+nnfzfrfb7XMpU5nneWaWxFJSTkLMPE95N8/7qz2hMwAR5oSERK6m1rsmYRFKwpkTAuccaknsvfe2tVpFpEwTobl6nvO0nzkzE055alXbekwl52lCJutKjDmJcDofj+ZQ9rv9vet5NzELmNtWSZ2ZOCZ/ecplBsKuloRNTbsKybasy2m5efbs9osvz4dlPa/r+XRz86x3XdflfD7WtZ/Oy3LeAMjA1/PWzZuBpcJ5Dufadl7Be2+9bs3Q1602BxZGklQmSsmRp3nXQXNKTLidz2EPkPmqXD8M5cb56ZPp+uH00hsmiaZrhXS6u3n+yW+Pn/72y/d+/eVvftMPN6wr2taWE+MFx6w9zDcWYQJgdV2Icir57nQ6n9dUCiGqN3JEg6DAMToiD9M3oBv07qoq5BLONgdkMnBgUoBmUDF1oO5oHqBgAhQRBkBiAQw2EUlObg7QS46KHIAIUzZOlEuZS+/6sx//5el4iAWU9g5oJKm2FkeJDviSa4zoYqCgigM77UIYXJQXKLrYQcY0ghyAI3XEXBUBADSVnFIhh209J/Sp5OPx1FqLIUJvXYST5JSSCJlBkiSSAdEhkogNiXPJceIw09CcmgYfhkTMrJSp5OzuwaS23lqt05Tn3RzjtOV0YiRkWdYjIWg3JC45b62aeyo5l4klaW+hVOYkKeeB/pgnu2ivgzkihNAbtAVV792731W1tb5twjTfu1/uv9JateWAvfa2pVSIxNpa9vP+4ctI0tuJ0ElrYuY0GaZSZiZ2XRGBZOfhM4kEG0JAxpFKRBiGvbGIjZphOFEvdcS/AQscZUVEKsdXY9v+whXwogUIy4eSLqZmwEhMgKHEsN7QzM2EKYIC2+mkdcOUpUxq7l0B6Xw4rOczCAPB8XAwR+sdFEvezfvrrRoxG3jKkyKrx7MfOCdA0MgOSrIu515XAdfWmEBKih+hlN3a6mk9M6Xd7h6mogiI7ObLshALSdpaM3UibL3X3uKKcTNwr7Vra117EF3a1hKhubt5bbWUCQF6ra5m6wYOQtC11VpLyWau2gPuFJXREOQAcpIIxdGgNl+0nTiIG4bIoNsPHlxpr81RTRmpdb9b11Ntx9bVrXV1QiLWURKAOdnw4ACYDRUxYmjRcSQLwfjswxnguKx3Q/KNaFFQcXiPw4x5kTr4MBjb4BiBjehd6MEGBjf3h7sHTXvTNmo2oGC4B30EiKPOirwJ7eZggGim0WWo9stuJBQhCIQkCQC1dyYWYrVmvcabFSuuuKxNgRBUYxsCoOaufBHIAECUU0ygXVtXYgopWh90oyFWCYkRAyYfxoFRs9KQwGPUfmGtifKGmF5glzAgK+ZEIfwAEe5mw67sY9YL4yyMO/Ty+iInBQwJQpjvaNpqdLdjnAY2Sm0P8gFeiIqGl5t7FOCE5i4i6p5zfjEbCMn80OUAYEjAzUOHHbxRwgEIujgQABzCjXE+nnlgZR3AmfhFmwAXj3IQ3pDIXIMzxpd5QowgAEBbjxYICVnYwMEceYix9LJNC6L+ZZ4+QG+q1d2FUlzuOaX4ScqUEFB7C1W8qsbuKNRHAFBKcbB7jx4hU6tVckKAknPTQb0ZP6u7u8a9SWEWC9FVSHdsCGYwJHVgg4+gDjHHiojioJqaUUTfEsesnYaZInRQoY+Lxs4DnYE4BEhIJEE68p7KfDqdwGk0jJcoEWKOmuzxy6+4+rYsEBgQQBGOjjagnO7OwoTkvSMC8qj04waxrgCecuqqRAT2glt6EfMjoLsZECOnhAh/+X//6d2nH0xEbWstEGlI4AhusfrAoYAFczNzJiQS0x7zfiJS69E8mnd3++p3//5ud923hRyXbQMgddABOHPtfagpyFX7clqe394d7g7L+ewUM0g83h2eP7u9uzn0pvu5SJKl1rq2PKX79+99/atvv/3OV+9d72+eP//Vr371/m/ee/bkWSllmgsS7uaSkjBjq4FINiKapHzlrbffeOMrt89v/49//qfPb8/MqfamfTUzNG91retGzPur69P5lFIm8OV8m9L0zW9/929+8hff/v0/uru7ef7ki5g5pZRunt7+8Q//UFv7yhuv/9n/8//VdTmd2g9+8O2cuDeVsvu7n/10ubttXRHJDLpp3NE+3FoM5t1CG4QiXEpJ5ep6f3V173q/2+/2u1xKygXJtXcDYIlka4xh7VTKPE27/W7aTbuplCknEUkkDKWkLJBSAlPT7m7ExFJ6a62vglQyp4EQpN47C0Yc+LY2BJym7G6tqhQhsG1pTphySSXX1ns3SiWXgojrujQ1zjOXnUsG5LVr77bVvtbNOU/7aylTnmdVOx5P29ag97aet2Xp63a4ubl5+ux0uDveHj/9+OO7ZzfbcrLeQw/Qe787HIlk2Vo3BE4oQxWNQuv55GattqbaAtwNpOYkadrNuUxtbfOU5okZoZRUl3Mc49PuOl09MAerSz8d7r/5VXnpLZyuu3E7Hm7f/9X7f/UXv/zLn//yx+9++N6nd18+XW9v/Hy0uuVp2u0fGoqDE3GcnQ7GgvNu3s2zaT8dlvN5A3dQr2s9nU6qmpNkIgQ37THk69YdPPYzhMpgiChJskjtvXZt5oqpOq4RrsKMlISzUzzJXCQ5ogbIkJOjEWFO4hByT44GgMs07aba6s/+8sfn4xGIDGCttZlGUEaQ+iLZOyqICACHAahgdRtz56EsoVgSxiOeEJMQYsy8OjiwhZ5WE5GZbucTeA/lgptfzTt3TSLae2wLW633HtwL8oRqm6aCSCRorsSMkpgEmVmGk4WFkFJOGZAzpylPpvqCuU5jpU/dhsP1dHOr1VjSUnvtnTgBC0hyFBTinACslIwAgkyIIomYkUlKBM8DsyTOjNi0IkBybYcjeZumHQFbb0WIoGNKOF8h9Ny35E3bkiU5Ql0OUsp8/zHlBNoJzfuCyC4JObMkAAdolCZMM5LE43F8CkPpT0E09kuxEsrPy/hwuAAwGrJIB6OLpGuIb8FplKdRtvjYbsdIE8EddYHtGIIiAADwMHQioapp7w6uvUFvfVlj59OarbfPzGC+utqOB+IECObQIBEyG7RmyKLeQPBwuEMiyaW1tTDXZTNXc2SiulQH6mpEjGDMSc27gYlI2e2udltrgEAkzFN3725ETFyEubv28LxxQiB13VrtZmBADtq6aUeH1rVuG7pl8n0RML26mtTUXLV3QSTv2ltisr7lqcRclTE03KCtOygRMaKMq5ezZFczdXRgZvtdLkNUlvwS+b/zxkvv3x5uu0MsDUTuaj+1ru5M1NQckVjUoKs17SyjJoYxlR8SrlE0jkFtLOaNiQXx7uZpfE3NYs4ZshQ3J37hECEf8ZiOkR8FSEzaX8DQ41hDJH779TeOy7H2Doj9EpAbu5S4lMycIaafFmbrkTMQOmGIfBDyS51FiK5OCEIcVBvTypfaOgV7pquDC4mTIyAzI4CagcXfioAohO4whP7oABwNBgBc+EIXc7aBA3MqMZ1n5hCDRw8dHp0LsQiDXjJmmRe3blz9hBQFnuQcpXD8rvjhRdjdadx7UQBibFODmePRZpsjYQyM/XIHIiINLlIYiIcgCCheC7IIOo04aPVUyn/0H/yHt4fT8ydPWISIwk4MEPMJwEsHNE2TuZn1ywUZQwOM9cLlrgYRVnQAL1NhlrpuSBF0NrwmiBdwUEAwHYhZ4y0EiKkAYoS0DQPSumxggESOAci3iyYLA6h6aZGjoiVCNoeuHcHCA60a1nP1i7Ireo9xJCEAIhNu2/at737veD6djndE4uraVZjBAZncPCLo4laMa5aZ3YyJLn0tOFjMV+KDC/KJuxMgkBOSeiwrOrhfAg6GEQt+Z+UgcCCWJBJZrpe4RWSRsTQyB0Dh9OTpl6QgLD5OZyTilHIo+hD5eLrrP7gmngAAIABJREFUqkIS7VhU2EGJRQQALjkzkfeeUkEkHVmbho4iaADIdH1937QDgJnH1h7BifHFXyzUakD/DHvtW43gBnqxcLhcjRfnD7EQIsUBELQBEGYiVY3eDAEM9JU3vv7qV77V6hEA1m1TBxLkJJIECVW7+8CWuWkonBy8974sy93N8Xg41RaQL2zabm9ub5/dENK9+3tKdDic69ZTkuvr/Rtvvv573/rmG6+/fjjcvffuu7/59d99/ukXRJSnqbUel692zUUQoPfmbqXMr7325j/77/8HdTSEXuu6bV3VXB0crXs3kuxIrVaRYto///TTP/rhP/rwvV8/eunRq2+8+bc/+ykg1U3nXTndHV9/47XHjx+llD785Iv3fv1e6/ba66+89sqj5bRymb747LMnH7/fzVV7rN/MPFJYNYZr2kOhJ1k45zKVsttxSkgUSUs6JiGORDnnADQz4W6e593u+mp/db0TYevdemdGEjAzci8pu7YkzCOrGRA9lyISeGd3hN0uT1MhRLDu4POu5JJJeF0rIO33e5mktr4vEwv31oJZOc8TEp/Oa2+dAMtUEDmoz3ma7z24l/dXwDnvpvuPH9M0q3VKMu92SJhLKdPct/XpZ19+8sGnx7vbuq3rel7P58PhtK3b8Xjc1m1btru7Y48+G+hw3MDZiLohT5MBS84Guq0bmrXerFtt3dwlpd5VUmKSlJL2NgnPcxHCVEpdzpHnQHmerh+6e717Zu384Ovfz4++sjbbTocnv/zx//W//O9/9i9/9f5Hhy9uli+en+9uzv18vNrRvUeP9i+9nu89xnKl4OZtQJkJkERYXO3pZ0+ePzttmy1bOy99XZqT7fdTTrl2XbfmjgQUaTjIsQnSTDQnIaDaupqaExArcHNamql7eIGIOY14dWQm4QQRh0KcJcXsT0TM3AwNGFN2yjyX3X6qTX/2ox8ty2lkFTlIqFuJL/d60B4gYHVRdV7SCQ08ZAeDM+mhRCJypznn119+Zd22boBEcd6VlM1tgKdaRUJEr61STILApmlX5uIv5Ne7ubt5h26WchJmIDB3ZiZkJtrvd+qecyrzHjkjixpoIMtZutXeexbRrmoaJLTYLOj5hL2DqgH3rr0qiyCzgpNIBJmVnEWy9RZURhJJuUjKLCHFScIkBETYtalW2zbfjradtG2mKgRTyWadSMq9x4wKyx331uvmCIQoiVOZZH8d6SSCZO0MBqnMwdUZpQdnoOQISBw+vUAAAQASI45oiEDXhRMg2gPEqBkYiBwodA5wEfm4xzz0Mp3+ndR3DOPiqw4OptAObKvx7MgBsUJC7cYivW2mxogi1NeN0GvtlvZcj/V85OnqXCsRm5o2c8nTvfvu0M3Xup6XowEhixqRJHfX1iFoFIy1qSohTSip1y0QiIRs7rnMBtzaJujzXELbfqorIJFMIAwoAbBzICQC9Np7a7rVZmq9Nm3aW2u1xdLq3q58/bVH3JtWbb3XWllSLqltq9cK1hIjggEhcmlqzGi9gSmCpah2WuNQhHRlcNVNBCPuCR0tIJ7mgCBAjv6LL54+D9erq8XG14GIzK11TVlitF97NzNmFOauvWkPZneAPcYQF8cqOUQn7m5A7hCFkzsQSihs3KJk+11VGyo7EnZ/0ep7yBYcAYiDYeLADvjJs8+rd0RUiyQDil1K/HESIubYDwGTSI54YDNjYXfgnJnFA5Hi4O7M0rs6QJJUe7deEcIcBWbu1hz57//RP/z0i0+b16FvG96kITyGUEEgqXvoI5giyvpFfiZixFhdZEbuzuDy4u0alU1M9s0xrMpD/zSwTTb2aWMazkSu5oyPHj88HE4XWVaI8p05TbvJ1HvtYxUQRStdXv1Y07yQ90RQF7gNu452c3IkgEvziBfJjumwYwHR9f1rMGy9fvLFp+fTIXDAQecEN+LBFY2PW1V7FKwe5l+4iDcI+TKuVgMEG4kOQ2oSepX4vRF0jUBxQF92vhDk18DbI4JkGfVhYru4xENehYjgSvEheaylIWxKMER0jhTmV4t9y2hYR5jxmOHHAeiX/SUEishMRD777NPleChcHMBMAVx7Z5HEPILU4tQDJOZSSillW7dxQ8SehaLBGFHeKKyti4i7RgtoGh8KDx1baFwMwD3C58GNHBxDUYpu5CMp11QdCTWkf4RqSoA5ZUDp2sP9hIjCTMjd1LqCQ8JEka0NBjSMPpc735FIzdM0P3r55ZvbmyB4gsaOJThNjgDH07F3TynDEBBqDJDiViAgGwh/tB65Ur13JURCZuHwwER3w1ncHZkQ0bozIcb1BgMofdkOmBEJ8ys5d1VIO6CchIiht963zdSnXHJOBKE2NDNQVUDicWFCb21dt8Pd8fnzw/Nnd9tWyyQsfHt39+zZLSPeu57B8XReW1dmziU9fPjgm9/45lvvvN16++1v3v3Ne+9++vEngnx1fV1S2u0KM4JbzikJO+D/+6Mf/8k//xcsZTnX5bwEPh/cVTs6aG+1t93VNTFYsyS0rMfdw1ffeeetLz754Nvf+/333nt3O59UrRTuayPi733/OwAAJH/+53/urlfX++9+5xtdjVjO6/qbn/91V1Md+b49IvcAVActl5BAUpKSS2HOwWgHQFVdt01VmSmnLImZuGSZpmk37+/fv3//3v39bp7KJMwISqC9VTNlx15rXRZtrW3NrLsbmVlXU2W0ktOUEhN2bSQ8zSVnSbls24aM824qu8ndlvOSCNFwWxYWymlSs75u2psIp1zArda11RZX3bq0bWvn43ndGjr0vp2XtXVPkrTZcjrXWttaDzfP7p4/vXny9Pbu+fG8PHl2ePL07ovnN4fjsqz95u50PJ7rUrd1O9zeHe4OnLIZVnXJU3dI845SpiStNwJXDfEu1qY4+L4wzZMqau+OdH19ReRueu/B43U5pySIKNNe5p272fk5Ee/f+a6mXdtOH/3sR//Nf/3P/uKnn98eewKD3th9SvjmK/uvf+ONl7/2Nb73ctrfF84IzuSSeABaiJE4lVIyxHJOte1nubqaieB4ON8dF1OHC1fXrCOxBE/UexbfCZnhqrqpVVVKpRnWborol0si5RJsOkRnKcgpFMfCnJIEcVxEVM2BIvfOMcs0lbnUVn/xV3/V6uoD9g+hK7eoeVWB+f69V9ftrKoYdOw4qOPx5cAxDQopKEVly0ikoC9iU9U0Ez26v6vak4RWX7RtSQARQTUhZpHMvLUNCbe2oTsLb+tiXTklFmnbAmhZUhDKQ3VdpolZgFjmnTmgMCWWlIix9c1jHkyEDl0rgAtTZrZt9fOaHfq2mWJrG4GRG6DlwjHEFZGcU5mKuzJTmaaSJ+YEzFyKcEZhd72U4iBIhTi727p6ryHCzUm8KzFNu2urS33+pdWNJJkD2JaE8m7mNLl55sTI3lsqk5Sds9AlTA0pQyyqkZEYAcc/ER1DiHshYRAOj+9Q83HMm5GCNzMEQkPSOxYA8YcvlRRd4G5AAEBgPCafynoGFJAJwpdI6NZ770zKjMv5jJEnZapay9Wj7e7m9PRzB5LdNTJpb71pN03zfj0fD4e73dW93rWtG6I4YZpyr61v672rq946uHHK3VrdVgIldDAdFtTWMjOQ7K+vAHSrG4pIEgDkPEvKCq4AQqzumwb7ikVSM1d1YWnb1raNiLRWItTaddt0OS+HU2Hcup6XZtpJO6sLqIC7KRNuW3M3U9PWGCIXVaZpV3Kp6+JmSMCEAGZdX3npFVfb2gY4xtP4YuzuZCyOqL05MDh37WaOhK1r7S4pNXVz772lxIZOxMik5r1thGSXG/FSwyFcpPR+EYzEeJCQYLhHzYOnB+AKF802mpsZGEIwZdXAwplm4IAGAAaqQ9vsRmaAgCxCAjH4JmI3IEdHiqoAHMycOHJdgZBMzdSQwNSAAl+OTogEhMySemsAevH8MDEF2ebZ7U2tJ3AwG62PmTlY7EIo/MaXhuXCKfEhahhXryMYjmn4ULtkBEiJiVMkuapZKpmYLcrwi7b94pEJPU6sNwEcWDhN07zfHw+3RAL2u7wxB0OEtg6KMIyuJfZ16IHJR3RzCgtkgOiHaxOIwBGvr3cOpubMMnT8oScBcAcCdIBScmvduvXWTd2DLhFrvkiFhfF0MXe+AORtFNoeeptoSIY+nolZfLyZETiAY540BgQAFykhghMJYoRKATFDmEg4SEej3CcmNWNBFoHoP6KFgLAwGxEjkZpFNX8ZTA8Lt4EjeJIceRJA4BCYaoKYl+PlJ0ZUdSZiJAR2BDUl5vFiwRxATcGIiFni1WHrvWkTYXRMOX72izscnYhwDPghhvFBW+rWESm+VbxFsa5BplJygF0gBGU+5mTMEpuwMNaMdV5wF2LdpBrrAQAAV9XYEjnHhffCvIH4u5CIi5ZOhHttL7322re++Y33339XpDiGrwIQQG1EuoTeKUYRCBfJ1hgIja0wjfsOpaTQSYFjThIOBGtqAE5GiQEwgpAd4p6P/wcPpFOMEYiQ6Fto92+e2u2T5fCsmSonTFPOJRcBC2eClDKFkg0RGcm1q0VNAuBu4F21NV22enNzePr89vZwMsBN9dnz58vxTETTnACgdQWAlNI8l4cP73/tG1/79re/JYSffPTBxx/99tOPP1rWzVzMKRSJqiqS/qf/+U9++XfvoqXW29Y2HnFOF44AullPpex2uwjqYvJl2f69f/yPf/Xzn771ta8ejudPP3o/p7StjRhO5/M/+OM/RPA85T//V3+h2g34+9//jqtKkqW1v/3rH/WthsjfTGF4KEPQRiJJcpFc8jSlnIkjS5ANNLjDSZgI1vVct0o4UggibRAiYFuV3ERynudcSkwOhUDdS5k8jNrgTCiSkkhrtfcKrqmkMu84JRZEJuI8TQXc67aqtcScU7JmsaTd1q6IwoRI1mGti6oLMTKHio7LRJKAk4FTTlJyLkVKIZnUwR3WrT798tmTz7989vkXT7988v5Hn3/y5Pjhl8ePnh6/uF2eHbfbU/3y9nys/bz1m7vz3fF83mrd+nreHHSrbXMs8xWnAiwKkcFJANq2ZuatNuFR8ggzohMhC93bp9ZWNL26f+XWUwLXnnez7O8h2Hbz6fz41enVb3XTm0/e/yf/5L/7ycdnEnq8lx/83qtfebx7fH/36EF55eWrV994qcy7TVuva0Jlr+iNwYTMTbU1qyE56UiWhZzxuKxfPjk8eXbats5D8TgEtwQEjsLEAES2E9qVCU0ROzI45abezJ0CQY5EjCwhTYmHPXBiSebezUQopRLnfJIUeY8OSFJMEs/7+WquW/3Zj360LkeNVScJIjpQ7zqUq+Cc5q1tAMAizNytW3i3OLau42E0HiAchzyaQ7cel/XW+r/1ja9PuXzw6Sc5JzcToZjOZEkEniQnSejcegNTU2Mi1Y4ISTiX0lpNjIEUC/BaShyrS0BQACIJRmDZ7fbXD4XM1RJLEoaAayOpdUZisPPhpp7uTrdP120FwG4buoskROBUWMTUkrAwu43IoZTnPGVHdE553qeSHYIjTYnDhA/WVmyrr4sQ5pSsVgBz7YCKwrbe+XpktzwVIEpJyCoLY8qADn0D6O6aco7nGiESC7AgMQbchxmGpufFJCx4wcMTfFnMYziqIn02hK9ATD4eZTgI5RAaj0sZCZdPfJCD4n0boCpA1NXb2VBIpvhGhGSmWhdya+sKoRdB8rY1Q3e19RzQQKfMpbj7ti6p5F63dVmFC+UEFp0LcEqmup3PxKy9nU+nPE3n8wFhsGJMAYCBU0glnejq4X11bM0kT5xK107EOefu1tRRkgKogwGaAyEsa23W3dyajsFHkBDd1vO6bo2t/8G3Xnv91Ydf3BwZEfvG1tF0DAaRuoF2detk5tZNG1jvfVPdtHd0VB+qYEA8r2u37naJvokHIgCiERoCqvaYEPslhCdGQiEzUQQHEKaO8PpXv3/1+LXnTz/D0AuRAIGZAqJDBOsOfpzbBQyDlyHceH7Zi9GpX2zEnCSUXhGjZBFqc/mKI7iNQAlCGHAoAMJYTg0FYDBD0VDNKCUfGgoHYmREHCNgSXnw6JHUIVQV4IbEKfyN2gDR1ZDFgXur0d2u54MQo5ObS5D+Y4YeEBu7lLhqF/nhKKTHVuvixr1oJQCBmPOMCGYgwm2rnMTNSilOrl0B8ALFoVGqqmNkGwAQEbizJA0jEVGUy9HLhJLFusbsQcFGLjTSqOCjFn1x2zkiBVmJSSgaFiGpawUGRrLWQ+Bykdc7IjBL77Zt2/AIQDSLNryqHmqcAPWjjQhhMsTIdXfzWDGa+UWIAqHGiW7BQ4dDw1oa1y3R8JmP100sIoDgbvFNEZkZezN1o9CpuTHxSKAdMjEHhyQJhk4+xFHxop0k2os4zuLgCaQtjO3M0C1xmKFDq880/GZE4Qo3dXPACHwdrx7d3ThJuF5ZSFuPcb+rEaJqJxZw7LUSoRkQsal7tyG4vzCTu3YAEBYiBHMELFNGZG09Pv5We+KEYfoh+P+pepMeS7IsPexM95rZex4eQ07VmV1d1aweSRaakjhAFCEKWogCpIVWXAta6d9oKUALaUcQArnSggBJUAMEsNlVanFoNruLXVVZVTlFZoRHuPt7z8zuPYMW576o1iYzERnh4f7M7No53xjDL40IFOiRFVpEwgyBPnYC9/AwKFLGso4A4FlUN85nwiLiPtYRCKDsghjll/V8evz0pz+eas1MRsqQ9sGRjSc9t/O0Pid4EBHIiIBCFIiE7G5AEAijldAdUsNklq6zBHetX+N9kEYWlg0sMMAZkQk60nfBf8Mcok7AR+3y+Lrdv9wuj0bC01xqqcKt7bo3IZnneSoTESNCBpL11j1Skhwj2wuj7f3t/eM337x5fLy4RWt93VdCWGaZq0RA21W7pf5vWZZf+86v/eZv/fY0T1998dmPf/Qnn/7sp4i4HA5UaiC11v/e3/+H63nfd229BQBLfrBKiNYdGVXdNJ69eNFbt64B8XD/8Dt/+ftv714L47QcP/2zHzHi3joXenx7/o3f/V6YH4+Hf/X//pu3r9/sW/vO975bSnHz7vDpn/zxdjlHWrUAMNA8BThSuEipUgtXYSbTDuHW+75t2ltXi7D0x8/zcrg5Prl9shzmUupca2p7rDfTHfLF181Vw7vpXoQRybQThDBDhKumLKpKdVcIzFCJWkutMs8zUDHbSymISA7eA5EKoWMUFhTODAPzQIRw6BmjGBEWqrHvuu3b1jq4b3t3ta7W9qYWl8t+d/f29TffvPzy5eP9/S8+++ZPfvL156/Ppw6X1ptlrgMDSgSqRwcM4rXrZWvb1h4fz/t2ESapiwEHEkvpHkxF1SDAVc1629dURWI2SgTVaZnqsizzXGbmeri5mZa5irj1Ok/L7XNG19Or209+2w/Pwbb/5X/+B//4938SuKj6iw8+evHsxYunt9/++H1XdW+67djPxXdqF73ce39sp7t9e0Dd0ffQHaNnyK+pPdw//uLzh8++ur8/KQI17buqWgSisBBJruhz4SrA4OEeFh/e0F/7C+/f1nizRws0RGa2GAF1CRLn+42Z0zfnABYgIlNdPLAIFebuDshBDLWGzLwcpsOyXrZ/84Mf9n0bqyORWwBnfhogsYFt+wXdUnpBmYAeTpjbioMlFZmAW1L045BgYUcECCnl7vHN68f7eT5ghtOaEjIBzqUUEmJm5r11Ei51zmChAMooY0JSc0YWYcv0JCQAqEWEMQCl1GByDOAyLYf55sa9UwATMlF6v9wiECrT7fFAbqQWaqFe65EZyZCwsMw5fKNgLSLCQMBEUipAZNAcSSFBRspkbQqgiKkUcOtttfUk0UM7A7kZC4lQqUXKHPsGrS+HA9YKyMs0h+5mWg5HJGztssyViQAZsteFmYvAgB0pSPIH/3ODPg21T0KpAJALLlLmhF7/+2oLyDR/GKbQMRthqnHjz41MCXIGhI/g54T2dbPLnYVHvQEuebHdDdpq2wruQKAWhNK2rZmzTKrW9325fdYcNzVmWU9nJrZU4sq8qbMUJt7OK1NBkQhoTdVhb5buQLdgTiZY9l2JhZH3ba1zBWLAos1dHYPMFZGneUYpUQqXCkiBbB4k7Oa7agC6Z0wLqDsL5xDirkT09Gb+/q//6gcvnv77z1+v2xbaBcOyotFyzLLCVESsNYLA8MISpiyEQe5hEcLETOBoZpbuBRovXxggJ+SZOaZ9zOQZGMnjRB6hbqoagFwogJfnv7LcPn/98gsAR2SPEd2BgJjB9Ejjj2fiyLu5N+1I18DIlH2RIACoRZaZZYsUXH83EaR0Zkiix2II2VEKySwgqqr7WDdSX43CuYkgkLB4jM+5SMkHOe3SVEpi/oEEQEgCQN72dIkgF6mzmiE4s3jGYAcg8gikBEiJ/xjeciq4Gm0JaeTKp5YBruxWqoKuAgcGEI9wtzrPdZ48SYCwvnfJBThntwFsJFWWUDrkaxtGTFG+GQPCa5FUHRETAJQqOay///4Hl21lzNbYuNKnyUsHj7DOgIxW9TT/Ym9apnJzc9i2bSi/MUMYkxZEtzHujyJGgKtMiK4UQV79uIK8mZOTUq28S9k8GRxAGJKc8FSVDBoBI0otpRbtnZivHIo7AAYCgKmGOzOFY6lFalHrnLyrRdb9pjQooWISEmRB7pFCZ0ZAokSPCDwYyDQisr8vmEWkqqmBIVz9ZgFMmBqnBJwAUFUBkIQtN1rMIxo9o6yvMaaD6yB0s1xzCdHzKrsHxvMPPlDNUrpRsFWKEKWpfyRKERBmQAdQWACFm0KAuxGTVNau491MkJlCMNZKBAAmCcDet0HaBlhEanuEWVjc3TO0FDAC3qWAEZGGxWje5Bg3NxKRqTMXYeldTS0lpAjoEMzCLO6W5Q9pzYvx/RAB5VoMAeFmYUiYcvxxlCTCgCOHeHwBRCmFRcKvXeAwIpaEBQGYyYgO7n851Js3Gnd+DZzU6uVtPLxaLw8dIGgu0yREvW+qyiKHZVmWA/Fo2Atz76Zde1OLyMDKcOtdTw/nr1/e3d09vL0/f/nl67dvz6YqjFOVqRb3MAdmmSZ58uT47V/7zl/8nd8tZb57+/Lrz3/+s59++vhwfzwuX331zf/6D/43d9xbhqBbYWm9IeJxud23lYXd3D3KVKXUy3mdq6zrJsfbDz748JsvP3vx/keff/rpvp1711J4X9en770INWb64hdfffHZ5w7x8ScfH4+H0+OFSD776Z+d7l5HoI8ilbEJMNdpWigb7M3atqdGdN02V0tul1kOh8Pt7e3hyc3xcFiWuZSCYUxgpmEmBFMRCN3XvW/rfnkMM8awfbeu1huGIVgRJiIAJQBimErJ16G1nRBN1QO41nkppfDhcFzmpU4TASL6Ms91KgBepRyXGRnBQorMUw2AUgoxz/OcUrfWDRy4VFXf9r5e9of78+P9/Xo5n08Pj4+PX3z99rNXl9PWg0BEDvPEQsQ1IWfIRgSkPBFaQABp+Lbu5D4vlaRynTKMIZABIMDMFMNMtVBBxkgHFqAIEwGDH5capstM81yXQ7V9k1oOT18wmO6X+cPveTl+9fnn/8P/+A8VbrbeX3zy3b/6X/zXv/0f/2fl5ubjX739zd/65HI+P96/Pd3dt/vHy92rt199pg9vYD/59uD9QqEUHSE7RdDN7+8f3z6sp3PbTc+X9bxugcPTxozhRhCVAKGDab50meGTp/Vvff/bC8MffXE+WZgDEqs7EI8RMAIBSinMkwMjEiInKF6kaKgwMbNqCkyZpznKxMvxeDNfLpd/9Qf/QtvqEYRjgrnupJBy+oQ9fFju/JeCkSH4gwFAJ95GiRGiMDMLRGS7JyIxUKbxslARYSEKJmREIOFmvfcmXJfDQd0R8xiMyjwfZiCEcCJG5jJNCVGKoAgBIkthKVKrAU3zdFwWCDXtQgThhQUiujbtbS6CEQQErVFvQsgYDF6E1XrT5mFmO1Kk4nGeF+J86Hg+LFyrEpQqRBzg6qa6e2jaAPrlbJdLUfW2a1tRBFlKFZGp1BtritYCHAiBKjpoWyOiPnnK8wxdJzkMvzFLILAIokAuMGPWZ0Cma6XmoJ4h8/0phgaIclKBRMbGH8+Uk3dD4TUbNBUjA5zCd5rkGNNAzsZXp124749o3esTIMokKAK3dbX95GbA0npr+9rXzT1CCtUFpNy+eKokfDgwy+XNQ2/OtQZgMBtRQllv7l723qiQRoRba6lLxCc3Bx21ObHUeb2crK1mDcGWeVkO83KcWer5fN4ua9sbUUzzxKV4imSANMAR6rwERHfv6k0zDRs37R6xt956Q4R5qub46v7y6devXz9ewlX3DcEEMUG8tnUEkEKpkPGuV+gMSylA1FSRGBCsKzGlvToQAt3dUuONGaUxurFynI0AD6Sht0EMAHdM2WdKZR7uvv76i08nIQhQt/BwCxob3IBQhyEzlzfEnE0T381/jMs8Vvis8R2ofuq+AhEINbP5cyQiiEALc0/5MSR+n3CxX4OkwiMYpBZzd/Xkq9wiG4DwqsWQUoMIpaDICGMvQlysN7cmxFwnKSVCdd/MMpDJPZKeTAAw9SvXwQjBPdR1PA05qUNKfmD0Vo2lgZIJSeKMgSfEIER3773n182VBwhGPBukDiiuQrkBj+Va5OHE5J5bMgDS7fMnQKitDdQaw9WQSaTs2wpI7kYJkEDQ1ZaKkoWLZHaVyEMEBJEAxrquWdgV7ph0Afy5wxfBYrAO/z/Ww92HQzZNupGHwQDvESgtX2BXGckY71JkgiMhJlskHQhLKb1rZsVf/5p0EXj+Sp5QpuamZoZIMEjVUSI4rkNeR0f30FCKcb8GAkvZvbFUBycWd6V3vAehuUE4ITKknSWuNXbBnDJ2JCYzu2aiJebvkUmmEHmLqFl4iDCzjMKL1PSHjyEjXEH7vnO2qOT+N74TSIP19bULTFym4pBWAFe8AAAgAElEQVSxuJGrDFc6HI/uKcKDiFxsCa7ZDXngAtmL9z9s2txtWM4xZZkQHp7kbIxgDaAh0xofYyJwgESDF3a/6sPyw+TRHwEABJQWQPVuMXr2BoEcozqgu3pYKTIeoGt9BIuMjNp0/SVjgKn45yuRBVdTMgATM3MaXdAD6S8hvq+2E3ftFpreJUGckA9my+Ws93f75e2mGlxYKkG47k13JJqnZVnmKgyUGzKYauva97Zvm6qqdyQwt8u2but+Wde7N/d3d/ePbx9O50uALodpmgQIVV3NMzn429/5zu/+xe+74xc//+lXv/gzt/7q7uGf/+BfI1Jz7V3zQZM6ffxrv17npeu2b71URnApwmVqW2OGnJZ+7698/7NPf3z7/L27169Ob1+HIwmul/PN4fDd3/jucpgvp/VP/t2/ZYKbJ0+evXi+b/u0LK++/PLuq5+7g2UyswMgSRGRGgStt96a9mbWetN9bZYmdYBS6+HmeHN7Oy8LIiCGdTXVLHmRdEcSdzNEXOaJ3N07ZtiQmZtBgLY9vEVEIUYCBGeuUqUUqbWUeWYpZaphEeYYJkVEpkAQ4WkuLGwehMwi1lVVGRmQ923L+Mh17928qa5du5oFbPt+WncLlFpxKltr+7o9vH346uvXX7y8f/UwSmlqoXmaMq5FRKSIMBGSOSzLfFwmYu6q66aBEkDr1jBaqcTTMh+OQCUCpUy1FHTHTPwAdDBXLVw8TASlEIPOFa23m4PkDoC+SZF6fBrewXt5+nFg/cEP/vD//Od/WqapLos8fVaffvy3/sv/6nu/+5ce374kfajT9M3rt6eH8+Vx073vp83XvYCSbtE23ddQQwBiJBYk7r2p+d2bx7u7M+DIyggLhABwIRQMJgA3DD8s01QKIzD6m4fTH39xet1rj6shjARJMvY0GYS5Vgu0NLBBOIIIS6kOUYlFSLNWEhnLFGXmZTkc6+Pj5Y9+8AN3TRBKRJK3RBpwPoB5kurpa0iidaRTjJkx+PoOwSFMzKxhDiQgJBKSgJSS5ixKEV5KRYRuu3qvhVXdTedaiADcGFPzjrUWCMsKFIcopXYLJkqf+jSVUiuSBEKQDKWcqWljYQwL6wTIhNNUWeT2yXHPXC/r6H0WitB9W82NywQI3jsz1vmwzAczQ4xSapFCLPPxUG9uUeZ8p7LwMs/5KiAI74q90b7HdvJ9EwoiPNwcuLDrTijojbxBWO97XY7LMoVd5nmS5UA0CSICuisVYSkAACSYStQMGKQs/KN3l2bM+mPiz9c2ExdiSRIAaXRGIeK15PfdOyQAaIz5433w7u0y8H8YGl0YGirt2DcJgPmpkySWZOret2hraINAlMkirO0eIcvx8OJDF7Fuu/nx+bNwICS1bm6m1q3XZV6e3Ko5qkKglAnc99aX4xMi6m0jJgcq9ZCk665a5qmUmUaoHstcnUszm6Z5b3udipTJkILYmabDAaXsvXU3cw/i3ky792bmSiN0xHtrfe9Tla72+ry+uj+1basI6DELe29LnUTEek8OyrVbNwhI3AYJm1k+Ppl4S0QBkVNvbgsIgP5LVU1i2u+wWR8SBzSzCEyNk7sHQURotwgDt6RHfGSrBBLwUJLEdfr1yExOHiteki2YPVE0LioxpmPn+rvxz40XSJmVgh6Ix/nJ82fvP54fMoPfc/hGzNYRBwhICgnUTCOSJHS3AOciy/E5AHool+oeyAW5OjFPM5UpSGpdNFy1ZTwDArT1HK5XIiqV9wTh4JlK6tf8GhgZo/nu/OVNO6bhACTOHxnTeXvVzwAAMCAzMjO5hZshjWzDnPcQkZnCPLU3mbcwAkDz7wrIGYiuo3JWfe17y6wbotSjFwxctwsDE5MPRV3qgcC6P3/v2Qfvffj61UuSkoKteHcpcBRL5aGaj+hVxoQQQTJQgIgxIF3NqAPVBsgIo7jC35zb9hB1xVgMxvNPBODXAX+QEu6Wx31vDQCHQQKAkR3AwWmcMe+kQSEpwumKJB++/+FlW9U0038Crop9InO7AhsMHoSkXW9uDn/tP/xrP/3ZjwdiMXRTkDemkAhJsihXLT5CuFNIqWZGxFlqDQClFkDMjeudZnLQLkTh5jocb3j9VdfRFWBq4EiEQ0mUiltz1bTMXhfFQHXPp8XCciMi5rbaej6VqVgf4rMRvTZ2t+EB6KbPnr+XyC4kMwGD1crSACYuXAmTpbmudpgWjpz7I1sRzIxyDSIACCIaxRdEmCS4g4fFNRABEHMQz7+ua//2r37y/nvvffXN17VMA0xyyHJoNx81k2nzwPE5uoe1zqXUOq+XVYSReMQrAQB4h3jh/lu9NwfD64BAkAGsGV9XABeLeTvj6bWe7/cImG7KfACItu7bthLJPC/zMk3TfL27IUxNre993/d1280UMNregdzB9m1783C6e/tweji/uX9ovSERFz4+OUqtpRZEkFK+851f/+iT7zycHr95+eUvPn/9k59/5W7au5lJYW17Pd7cPn/R+rbvaym1tR0y11jE3Pdtmya5nE+/9x/8ldPbOym87v3VV59HEDNaa7XO3/317z4+POxb/9Gf/qkwlmn6lV/9NiDUabp//fqbn//Eh/yOkPLMwHBT7bo3RB9+J4sI5FKmeZ4O83I8zPMh3Pu2mfW2tzBD5DrVWmopUqsIy1TnCDfvqeeRUvKsNjXEYKIAcIuu3S0QUDMZwzXnNSCY6rRMRYQEQbDUUueppJBuPszz8VCmggBIqVgA8EDJXnfoHvveWusBKGWSOk3znINaUz09Pj7en75++frLV28eznbpEWEYUQgqB4YLcZlKldI9NvOt9a2lu0kJrBYyp21XdQyktu0VfDococzENVCkzsIFwl2764bkCbZl5w4zL9NUiKbKFHCz1Nvb+ebpDfR9Knx8/pH1FUzl6cdc5t//g3/5J//+KxEBKS+/evmTP/vxMpf/6K9+v5/eXF7+5Pb5rfZO7jMZA0ylTMJ929fTOdzmeapzCrgBIrpib/3xYTudNotCRda1b5ctArjUVLRiZqw7IEZhKYjC2EF+du/fbGRZnSocPuQfxJShRlMlS8gzgAoBQgCKVEYBglqYWCIQmYMJywx1KYfleFweHh7+6Ad/EJFZSTzNVaSoqkMwo5nCuzdxRlikoZBG1Ez4eMGMuT5HjQhkIohU3RAAM3uCUEIQwEyECOHuHQEESUgYYhKepwkx/fDhEcTs6ehWQ3Rizo5eBy9CtRQzn+aFSm29A8DhcEAE1R4QpRQwt31nHqx5cuBADADivZ3PGMAs5hDAIjOiF6be9ebmdj7cBAZh0r/MQlQKS0HibAOYp3muC0aYdRrjW6PesO0UFmp1mm5unyNS38+9bWCG0CsRYNTlEERoaymlzEcHpDBm6HbGwlImiCw4EOBrtD8SIcMIXsWBTaUQCHm8xLgQFeAM7CcCHEbOnBEHlE8RARmQk4yAj1fSFfyHqwYAhijENbx7O6N1DgienSsQb+s5QtE7hoapbhuW6jIzUXSX6ejLkaYZEBywa2+9MeG6bVyKdbucTtO0TMfn4bGezrUs7mhqFiBllnnR8DofsEz73vtlDzNgmeYbLqW1luhaqeXw9KlqWNvNWpZOAVeZDvVwICk93IA1gKhse2/bHkChYV0xPLyFu5taVww01963SYQd0osfpsdlzloq06ZqRGhq4cE5IUS29ga4C4H1ToiAYWZjEg0IM0FGDCHyMUlCZgrGyKfH7K31eIfM0QABHQNDrVOAMEW6SgI4kIevezhIB/hNYLnXRLYCIwz5UeQKH9fIgfAYBsQBngcCmhnY8IFn59fp8phwegx1iQ/HGmK20QdAWI7XNEB39AgLt1pn4qLWAxCCglCWZXry9PjiBdUnVJfD8UhDrURhpvsObtnMGu4EUYZ6JADiCkumnn2o08e5RASpZMIYJtqrm9HNB+4M8W6OYqkzRLh5RHAp01x7a6mKjoxyByTBIjVj76/OGQiHIalDMPUcFxJgdvPISrf0VyKGOyENBXpaI8bgHQRIRHvbH05vi1QfUm0AAHxXJZ2PY2bR4JDzDWBmCLGAsgz5+iOOeRPBRjsyIBCNlmN0N7g+4PTL3WgsPoDjQmcwqYem7h+JI1JG6RBRRISFUkuXtAoEk0BKtrNL75pe3/Y1QzYBgzA3y3fUY+LFWe+CpYi6/uyzTwuzUPHsPbhGEsAIl40AU1cEYiZCULOnT198+OGHd29eMVEEuCoEZO6nmnIaqPKzCEijpEfkqhAQAAY5LjMiQkQUEcinI6OuIBUaNggfiAgb5oUEwHJPDMc0rgfM80wsZhoRhCzMmHzduA2ACAvLm7tXCMjZmzEuXRqCPYf9iHCwCKQMHcaRagwIhTksINzds+fL/Z3eD6+oTeIKnqGdRDw26qywYUSADD8FivuHxwQAImxYhNMYzEwUdP1Jwx2ZsqwCiVkIEGutMEwAGDhuCAz6vttRW2Mg9FzYDCBvuWuHniNBQVrc5/0sD2/66fXaLlQmrkcmMt3X8zk8pEy1zqXMuUQRhqlnG8u6bvu2b2u7PF62vRu4mq3bvm77/cPp8by9fftwOa8GXqSOe7gKE8q0/IXf+N1w+Ef/5P96vGzCtG+7mZdCAFGXW6lL3x7Xy1qmCcG191Jl33Valr73WrDt+3sfffz4+LD3nWX65uXnpiZM1jsiv//Rh2/fPpZSP/3Zz8NNyvStX/3E3JZlOd0/fP2zH3czACRiSgjzutsEuJv3psRcyjQv83I8cm4vDto11KXIsszzclyWeZlmN4tQ783UrGtrG7mCabhpa+HjVSeEAZ4+S7PGGW1Yy1TrMpV5qnWeWLhOs5kBwjzl7F4izFrPV8y2XSDMewPrQuDatV3ce0YzuvXku001wi1ck80FBLP1fLp7/fbrb968OZ337i2wqRLiYam3x6Uw1yJPb59OS+3u35z6aW0ICIU/+t5v/+d/9789Pv/g7auXlWLbtCUtGEi614nK4bbOy3gDEEaYR2/rBYbClopwIDNJqbUUEKJ5niaCJ0d58f4zwiAIOTyjMCLHw/sA8sMf/vGPfvwS3e5evaIw2O/vvvqZ3n/90cHicmdhe7On77346NsfH5/cLMtMiL2pqSIglVKmmiEtJEylyrzU5Rgebx7O53VPRoyEI8KtZ6GSWgijB4abECCXrcPFYutqHiTiAOYUyCQpB8fbWb713hMFUmdHqmWCYM9CIkIPr1IDUQ2Q2ZCxLjhP9bgcjtPd3dt/94c/TOkjIrGwWlx1QJEnCCMngRuWKNNVKZJ8YO4GAzGKTLGjd8dZQHLdAMAEPF6CQRBCyAATleO8VOapsqDfHGoppakNH6twKXUgIOHIZObz8TBNCzHVUjysTiVV0QRYGIUQIdDM930inETAnRkBsu9CpZRaJ9au2xr7VpiZybUXIddWpSLivMzqXSYRFvAw3UthKTXcIqKUWosgj3GqW4eM8e2tMPh2Bu3JjtZlyfNqnm8AOUxzLik3tzQvRNkSX7Rv4DtWRiZEllIjCIiJEt3PmT+rfEeaJw0bgGDmziBC1oSJDK8X0JD5pLAbICA7ajAg1+mA1JUOrcCY+vEdC5CAoCuEYbjrbtatP7a+Gy/EBb0Juu0XvVzQfD09bnvDOrOw7q078M1tPd6s50cIlLp0wwDYt66OiPBw/4DE9clTDbucT2ZdCPZtTUF7IHjXCJMqfd8KRe8rIJMIMVzOD1K4FukGZZqtt+3h4bBUVY3AHjgth/lwm3FAzdzCPaD1gftFViGagXlr3bsCoKtdttVdp1KFynq+MNq+XRixFNq3CzN1dfChj8kxxq/C+PxkfdjzriZaGGMdMkCE5VyBV7B+WFivSoHcipMcMDd3AiwsBMCJsrrns4QOTAARqoYAIpRw5DuW3jOOA4eAIhc7AogAIYw+NGCZCAIAqnqYphdPb0/bCQFZCEgCwszNnIATcIzR+Ac2FPVIyOCOGVKECBFqmip0BEg4CyE80AnLXKfleHz/W88++fX3vvXJ848+JJmnWk1b3zdv60Au3bNbjAABHCHAFAddEzhEOBAeQ+kfmKhsDKUF5AsIrmtRXJflxJIRQJK8SS6bWYgLCaciRgp7RGhnlBjlAQgp0wbMSzaao7oBRE5abql0BzN3CBZBQnfrbgP0H9nzmH0A6sE8LKQBGeAD2bEbMaJwzG2k4QRft/j8lwMSerg6CouIu42tcgjMsqkXIP8Gd4h0sgpAmGmO1ULs+fOlQiyuqw5AGORwmBxZ4tbEaAqR8XD5vSSVBCRVTC1T5sCBmSJiaxuLRECSJaUs67rm8UQsgO7groAMljKvIHRC4O4Nc+wUdPNfmhPSGQsEhCwl3EqZ1u3ys1+8ERlW7KypMXXTPrYhpIw4BbqusA6ASEzdsozJGYWJuJRtbTaCVJO9R3WDcEQSKe5m3XAYrXGeJiZet9URIE0qiCiYFpa8S5LmAPLcx3ONzPq8ZTkiQO8KFJDqP6BkOyLMwgIBwgiEQAhJI70HYdH6HpPMRBLgppFTDo42u2BiA0cEi7BwAJ94Yiqt7x4hLIRhboEIHkWm+7cnAhRm1VHjlasaI3IptcjD2/uMy8TCRKBhLCzIpmoeuV9a11JLftVA+jD6h9pXIFVjAmZRCwZKf3mk8dXBPTuLsGIpgDePp3Y5X+5enp99ML33bV6e1MLrvm37Vsq8LMuyHOZp3toKtJmqqYKH7mrs2nG9rJfT+fbFzeGwEHudZW1be92BsExT5UPb989//ou719+cH09vH+6+eXnXuz2eT71bqTXyOAeTUqdptt7cMNLsxzVo80B3QGYps/mO4J999tlxrg/398vN8zof+uWNBQXitq6vXr0GLNN0FKltb+fzdjptEX2ZJiMKJgoKNQew8AhnjPAws9TvylS5sNQ6Lwtnro65O061HI6HUkbBap5MIiRctW+mKkxqpqaUTcIaro3Aw3pgRnvR8XhQ60QYyGpaasnISmaxUPCYphLhe2+9dQ8VplpnRtDeBKBfVtcOQL213nrrzX0ASq27qkeQWfS9tf2iESQSiGGx731rtqv1ZlDmy7kDwLLU4zwtM+8bUOHlMDnA/aa99+iO0zRPsq77X/kb/0n89b/5O9//y//33/+fwuHLu/PWDRDfbm25e3149qZPh8PNreaSQ0XmQz3c6OMjESI6EhZkFuy9ybObXb11awpv7h5+ZdeUDGLaxkm8a7cmLBB+eXjc3z4+eXqcCrz54rMf/LN/8tH2m7/y3oxwFGGQ8sFvfx8Cqe+wPex3X65vXqJvEKD7VuZ6mNgwWt8yPuNQ4aP3Ds1hN9q6ns67mwuz9g4eFKOvCsGZuak6sgM1s0mq5XcJrl2lzikGPj5dyLUrBomnUWkgWQHj8IRuAZG3GXgABSV6t7emZoURUbqbXTYiQuJwcB9auHwreWScGVUpkbn4mV7injWQeagmuZcv4jxEszEXA9wYIRgRw9GhUiWE9yv+1rP5s9PlAcgFBKKUEodiYVvXIhRAlSU7sRmwThXDe99FiKfj4fZJ14ZBvamQ9YbhHSIIKKxrSJkqs7iZcEljNCFp7wx48/RZiOyny75u1vuTJ0+QYt80HYddd9367e17DK4avSuuFynCoVEI5KDqgEFcpFTrHcnMIklgxWDBfT2tJy7z4t3qvKgUwAl0BcC+bdPyhMoRuTlVJiBTpgplAUifZ+5TDklA4wiQvDLIV3/YNfAzrtRAwr4QGUjDBOiIAW5D0z0kuzkbIQAEAfh1rkp1bVyR/wjXAINwgGCuUBZd39j6thzeJ3gCSO382E5vt/v7pcpUpK2tny9G0FqLSqX3MLC9p0sBhbtRnevlvLW2LYeFEM17IN48f3Z68zZVyafH+9taK0uPfno4Py9zKbztK0mJTrZvvZnUOt/czstiiNu2tvUihRGjFDFX3S9726g3IwxiQWww5NUE2F1TIWVmhIBmEYEYUiQ1X+bYVVdbe2sTwr7uONVSJmudJUw1wfpsgnOEcJ3LlLaA6GHqjEAYlv69jEhJR6U7WpJhYGFZr2R+TemM68RqyIDASZ0ZI1syD65mgFnPx5DpkYhUSmWBthrEdSxOFj4cAgnzOAkLp4haphS2bE0xQ34I51Ij4v70FhGYSUTWvXUzxAAgC1NVEgZPQyDmjAphmceV6nWzICZ2klLVDDE8FMKRJ2ZGYDMIIKrH733vu3/nr//OUegf/cGf/vD3/9DcwxRzgEZQVQBIRyhARKh7kDABBqibp0cR4ip6gQE+R4BkQmN45vcQoQPGNc5+yBMQxNTeyUz2bW37JZAKF9MOkXopdoi+rYBchN3jqjjB1HZTLh1IKUUipsjYAgBOMj8GbpKASKoos3Aq15I/t4U7jL7jRDdT2XnVY8MIcXeMYde8MhE5cKa8bXRpQcaIJoTtDkhQhszLxyifX8E8Ah0iF2JEcgAkEjePaztEStFSXzjVGgEY5hBhSgiQCrQIBzS1yCmU0NQww1MxazBSNIX7tiYD4u4WlkmCHj5SycwhDDn7R9ncAnCwk4554uUSJ0Rmrq0jBqL0rQECkKh6mqAiIsBIEAHNHX3k0mOEuxEVKQSA3ZoQ51PCTNqtq0Nc/TIZHhEoTEnKhzs6TmWyUMBw867NhiOZBoiiueQDGrCUbuYUBhqDbRtIuoWlmN4d1eyq60y4Bq/AABKAATo6Q3iCCxzbun38ya/UuX76Zz+dD08AjCipCu7WI2dBETTvvacIF0e4b1fvDBRI73CKQHDXDB5UM2QSogBQ99T9r+vZY6nzIgW7WvjwA2EIWAckU7MIkSKlWAIaJOTwPrgZBQPnQ9wdiUY7GQYSIzKRRVzbhZ0oHAFrwPJ47ut6evPVdvt+f/8TWW6LUNfz9uq+yDQth3mqUy1tT9n5rk1RexoP923/5ouVa7k8f7Zvvqu///4H83L72Rcv/+k//d9ffv7F6f7BXfO7MotSJm17LrrmGgDejKu4tb23vm8E0VsfIRruFCHoSNli2F+9/MJfPDufTjdPni3TdDYDY0Hu+75dzlKX1i5FZFW9rKfHx3vt7enNjXY3B+2aQjaMQEE3V3MgICqlFmSUOtUymXrfdiQqtUyHUqUYuDUncCIREHBv1ne7CBOArVuz1nU90+CL87BxRg+wIjMitdYDTBWYYZ4qBqp66w22XiZu+xkJ5lK4zh6GEW667meEIObWtn3b3TQ1mWGuptu+96771VrUNHR4jACI9nV7XFdzChQi4lKfvbg9bVbYifhmqbc3tXCZpgNVQiF0ViXBQlx7M6J+9+//+B//w7/3d/+7//7Nkyfvvf8UzB621i+qbmezx9Pl2f0rXm7m46GgAJVyLH0NPLZVG7Qt7XelMGcyZWRxI9ZlRvT9cqmTICF5CwiAAtqApyeHwxMpRjCBt4eHeixsYY+P/c03vT47HuZn7z1/9dVr4DrdfrDMM2PA/qY9fm2XN356E+1ee/e2B05pb0H1w1ymtMmHeYAHOJJZhAVxUnlaBGsRizg1q4sAEhcGquYKbkwFCULVHdGj7Y1xOa8dCIAxF0hAdgcPJAqk0FT8BUQAOfCw7MB2vnioBwOOwcEsMMPDMrw8dYWMaIn2oHkEBAZZCoATVI5gIBbE8WIEkYKjqeAqJQfK0AdhEsRJiC1++zD/nY9f/Ouv/F+8fpSnT4oQsQti57k/nlU1vWbTNAO4mrFbmIJ719hIECFcAbEUEUYw3/ueNagFUfe9Y0xSibC3BpUnISKUuVqntuoyFY5D384FQ9cLEc6HZW97b92jF6mMHOHC7B4zCSFZ26KWMEasCAUAGRjJHILA27oSwLwc2J0zWg1Y0VUbzQtVcY06TZfWZNtZxKFNhxsCh8trRkGuGhqYCmxKBe8v1Z+/JF4Arpk+72aEtOyCOY47HBxyhctqoABMsYDju2SQGJLjnPNyGPGhDknw08MTRHJEBirmzKDRziZHMI22khui9956U9t1OoR7EIqaX06PGuxArqbrVo5PTLXU6WmdX/d9mgWZ2ambV1nmSXXd1Hapoq3b+QJAS62Pb+7AXIQcgMW3tslUp/mmHJ7JYfZ28a7oNE0HEtTt8uRwsxkwkWl/2JrMs0tFD3MDB2KB3tw7CsAepk5Mgtz37hDEbArr3rp1M+cgFiJQa2surmBGCX+HR4RTUgDuZhbW9jZ0uNcFayip3L0HUBAwczE1VQUIIhSSpokHhlmP8CuDiW4Q1hnxv/lP//b/8a/+6BevvkQiD4UY+ePCHIHuvrU9pQQBAGGYcR7ZO/qO+cGgQCYyzSQYoEBzr5V768Sybw0wmNj6O9ExRkr6knVQgGydSwAXsGRgkLuHuQYSg9ssE1BxDxhZR1FcKakCCzN37cel/O3vffyt2+XT15cf/uEfUanEApbdwygiboru4RrhARZEaYy8BhZheLpVByoe4JEx9IGMaMTE6N1y1IlsWLu2eUEElzIDZcGBEXGymJHrUmaRXsXhmAm1HkgYVx1SypYwPdIwfMIYTnQd3DPDMpyZE72L8FS8D2rinbE4P2pgAJAiARkENPToVwM/WTqDh/t/nMUsgkTCnDKPdLteiaD41oe/4h5t34gYIMufc90dhJMwYaZUDilIQIC6f+ujDzW87S3pBBxZoqBNkYH5mlYLQMA+BDDg6RYDKKUAhLsJoQWaefLIcG3vIkYh8VxgIwJRhMINM5U3haRjv3sn/IZpmiDQzZgoENWNRzT+FVl/J6SFfHDzSXQiTBFqLloDyQJXU49IM8jY1dzT6JbSH0SIsEyLBwgLd3MRCQDrlmJKi7SPU3ggUq4tRMTEgHh982UPIxNG6tuYmZjTX8ssAIOCHd7xwb+IUPEc0SOYOZVc6tZCt72ZGmEKOoFGHa+Pj85dzSxcuJRSEShPmEHrIEbEcpiJyc2kCCHa+L8MSKqaNQIewCwBzsJIoGquQQhMnPgC0hBWDT0pBuTs+ugAACAASURBVCCn/lQQWigHSGYMQxj4OwwrN4U0aHBedARmyS9YiIvTbH64POjbl9vloSGHLFJnUzudHvZ1C6dSpNaJuXARBDA1Bycayz6TbM2OT2616Q//xR/8y//nD7764ou+79Y1P54sWCWEvbVdw823bROW1nqZJmLeLpdaxR0tDKV4ZHxhUiXGhNpbLXU5HPdtR6K2Xk4PD9nPaeYvPnhPZCq1fvPNq/V8CowPPvpW37abw6Kmd1/83FSTJIIIMzPLNMtS54rCCFhEete2NyZaDkvKstUcgETKVCcmgegITgF5y2O4u7pqkWESSrCWiIWFmW1IEt3MLYkjoFoKQBAJF0ZM+z7iiKC9zgMIEK6q+75v20Vb3y7b+eFxX7f9vGeQ9rbv29bX87ZuurW+7a132zbtquZAzEhc5/n4/nvL7bPT40Prbany/u1UEQ7ztByO0zIXqa3Dl3f3fU9xY6z7vszTZ7/4tPf9sz/+w8dXXwDG3vraxuOBEDNDqdN8fCrTTExlWcCByEGbIGS4npSaFa4Evsxznetc+eZQK/qTZ0+lSCklKKSUcAGeT/f7j/7op5Pg+eFeTetSnz29eT5Nv/q8Pr8RYLy9efLw5nGaj9PNs+Xmtk4LV5blxmgmmbjUIiGFZVoMBIAD+f7+dHe/dpqgTOveds1EP8jMYiScCk/CTa07Uq2BaIBUqlnGqxpzMR0WnuU4s8imYCgQQFwCyQAsryYzC021agyROFChaSnHm/kwHZfppz/+yc9+9MeULChRADBzzi/ETJC2P0SAdOEhEVG2C1Jqu3EoDYLoWlUZQEBMmSbMGcKZXjlmlsJVCrgtUg4OH4kf3LsqA370dPro+eFv/M3f++4nL778+psWhYSbmprOU52nWbUFAHhUoakUhCS8HRHKNJdSkYABhLkgMACDIwanhQ9ZRJgcEQ/LIgjtfCG30K6XswBIwOnxUYpgEUDwrvM8H29u2n6OiMocYSJSuABBrRMJ965mnspxhJAw8s7Re2sIMc1TIAfiVGcLR2Ekir5lsB4QA6N5r4enMh2xnxAAypS4QqAjErNcVVbD6XtFsa+C4OxlhhHojIQjdBJoTBl5Kg9lSEpTho4C3lUC55MNQUOyMnBoBIdQcAViQDTXcGMibZtRBTlYu6xvvhGAwNLbHqoeXqWsj4/rulOtWKetebi23khKmW+Qi+4bEV0eT9rscHNY921bT9u+Qigz3L99o71nChlESGy+bdF6YS7Cbh0JSmGcDijl8c3d5eE+ej893O/auE7TcgiqIpMzK6KaN41uvpt1dUMCpJ5t82q2d1fN0TvlLhCQ3cDMDIYVgcMYOkYad731PeM9ECmQ3cOse3hG8bobEUfmsiJ6gA1lUI57RMLazTxLqdIxFZr+ZOTEQwMggCNgqSws3f0Xr+5eXR6ZxU0DkFmAJABMe7oczSD9pSkryrIpzHbVEdmVVzowyMxT3S0ydHtMqNqRKMDVApHG9kB5izhiIAnmHWsemaQphaUCBQVahOVUSQwR7tbahlmZhMQiHugAUuXJ0ydlPnZe4OZZAPyzf/uzH/3Zp+10H70JETO5dzeNcEYICCI6zAcibtozP0VIMoogRlYpqevt8XaZl8t2hiBkIg7zcLfhbiaUwgQZkZpybyop2EKmgfXiyHxM1c27aXsQam4IRELJ2gz8JAAZmdDMiWjEMqZiewR6BkFO/T5+JVMhI/LxhYRH8vYIKLUgUrYnpsLq/2PqzZotSa7svD25R8Q55w6ZWSPQDYDd6gZIkZRkJpmRJsn0N/SiB/1RPcn4RlJN6wEtoNGFQgE15HTvPfeciHDfgx6236LeMyvrTOG+117rWynyJ71ooGhegDoQgADaWz6imdLXlM95jnAPba0RMrxEIHxAo/JeDUxsERaWtYssHBGC1K2rabhjDKJzPkTcR0kaIfFIIjElMM4MCYmQidxjOR2//MlPPz5+IKB0GCZCqkzcVdN1g4ivP/lE1TIjb+mGGlFugAAgSst91s4UKW6eZ465FyaunGh/Ig4DoZF2TzpZBJhZvs6RKB6VlRCR03GMfhXisJyJYqRVicw0O8OSrgbD7QoJxDH3fF+TzSLMo/gsB5DhoLRwkBTSEQGcAG0EsCACu6plxJbQ3Gk4NgdWb64TiZipQxSSVAczwBrqurdJJnAwd4zw8EEbHKH+QKTIRq4YexQAIOIkVHn47e2NufY9i4rCE2ELQUQZG8lzAenFSNJ62v4DArJULyJjidM8uflYXBCG9+NnPzl++ZdPVM7WLBq6ZY1CvrjcCEMu7XIAfdlI04sTktAFsATNPQ7XCz2+3x/frdo6T2Wa1fX6/LiuVzfPnqNSilSJwN56ftzzvNzc34Pr1//8m6cP71xdezNVU8sXnGmQcDxfLs0RmLfrNipbhGudI0AKWUDrvdZJ1W3fMxWztz7V2baNWQxsva7hYeGXp8dk9ar63et7IJmm+vju3XZ+CsRPP/vCrB2XSYQfvvuj9g0ALSsSAYlISgERB3L1UkoyoqZpIqbIUZyllFKohJm2vVvTtmrfe+97a33b9m31dG6aqfVsqzHT1rX1bu5mZt49WzhowHEdIBB4KqUULpk/lGyo167aVNve92tvTbdd96Z737e+X7fetO19az0VQ7Xo3bqFWtYQ5FczGOF0XD79/NO7V6/uP/m0nu7q4ebpfN4u++1xup1gwri9PYCwIc6nm/PWvnn3cd9bmAECokAgC7z/41fVnmsR0269Pz5vABzgEXEjXAvzdKBSuUzzNOUEZPtGYZyOVyIPY5apIARMc707LctUoT3f3d3Mx+M0T2ZRDyeiYiAO9Df/6W+1b9vlvO97ncqyLKeKb+Z4fc/1IBH+7rv3t69eT6d7YmYGiI7ZVJhp0dDQXS2CqkwL1bpu+3WLb98+v/twebpsgMRccsaybrNIoSQ24QvJwBGRRVRNCi9zdTNkESGPIOGm6MwR4CFSp+7JFAaWQkRSeCp1b855hFOlZamn07KU42H69d/9/Xe//+cRo0N0j7CE03rSLGB4VsctMq8pL1IFJ1uDRlALAZFYAqAUgYhMt4T72HFFMFEtghELy8HxU6Z7guu6uwiJ3Bzr3evbn/7yV6XKP/z2m92JGDUjeWGFRS2914SMwEjMdVkAEIhZmEthQCSYpyKI4IYQ7v1QqjCHBxOBabgW5FkYrZMatAa967aGWzqwHRFLAYiSb7I1ChQpHkaELOjJ6CNUM/RgCO2NIDjAtgvqzgTLPF+fzlxKmSZEZOIInZelANv+DN5lrgEO7uWw0HzQ/Vl1BakkU4C/OAaycYkQ0kw68BP4X7t+CVHGZzQmtfHcBvxRgM61f/4Rz8xvjhVDCnwRqfLvQSaCw8EVXF8ET9e+BwSauypPNy7V14/bx3dqUeeTd+3np763trcI4Crz7Z3JhGU5HOrlegUinkogtv1ZW7+eH67nJwRsTQHIkYSLO5natm0itR5OrXcWCSPrbd/XUmdmPpyOh8MNsbT9ev3wEOamykw3tzd7a1JrM9uaYpl2bVKnADQAKrV7NO35IaO7awNzDPfWTDsqQIxa9HAlQM6qFG3QdwkoTAjuFplosggEDogMnwAQYjbXp9EuECmAzB0RmAZsiYlGKC8wz9BQSNNA3hzMsq0tGPHPf/LpZd1388u+R4R3zVPcAXKuDjP3oWpnDjRVY3hZPGSR60CRDMUcMGuz3CgnyggRfLkU5UyIIjlODlcCOni2ML2Y6Qnx5tVP7j/78+v5obU1TS6EmPK1mSMRs3iMIwBGCQDtzYgnYPnHP779v//hq9//4Yf14XF7em/bFd3B3NquraEHD5RVKVzNreuW4iw4EpOHZbsUOAIGElyTtYPo42zLZECWrIWmpg/oEIAhkYVtzCl+JxSFMJBQNQ6ng5Ty9OGxTDUcUzMmBAzqvSEiCUWAe4TZ6dU9t963FhzM2C39NE6MiAUdc0cSCAD0Y653KNwvMCgID8B9bXmJCwqHIDB0CnQYl8+AwGxEyuorBCDiBAka6BBvMuSKsl33YXwLS+NPzg6ZoCZEU+dK97f3799/cLUIzNKNfds9gJFLkYBo2iBCWKRwt45588VQ3QB0koUJAPwliR3ItByPrz95880ffh+QCSVycyCYptrU3QyZA+J8eep9xxjM2h/tPgGDTkCQew7wMA8DdK6EmFO8RwtzIHNGhAAzMzVGZhFVQBpzFLirGQIysXo4eJZ/MIv3MOsGSmOiyQ0rDbtP5KspHhE59xP72N6k6AIECMJmelwO130FDyZR97RXJZYZsRjoy6M342FIEEwIDgQhUggxVMfPGwICtfdAMNVap4BovYdZnat1JUYizsrbofKaYUHzMeYlnQkYPDR3wDSC5BDB7sYsT0/P2nuuTCKIMXQcDLkzHiAqAMdwLoIuqZFEBFi8WO8CJV7Ar5bpS+JyPN6xyPTm8366f39++/H87rheb9WnKIEQBAwYlACrccGA8S6D0FCdOxgTE5IE3e5+bI+X6/lp/vZy9wndfVqXI3hft8t6eS7zvExzmSqJ1FrcuzvevrmfJvnhT1+77oy49w65pIj0MUKiCiJg21oPTpazgWWQqPdGjObJ6lSMKIy5iFNVcIuIIOh908fW9z4mPyR3Bwx1u6xrAF6XCSBdTr5vq/e2Xp6Zb4HILPekIJzeafaIMGfBMhUPRaa5zuHBwtNUmcjBtHegZPI6MlXk9K2h+osECBC0t83NGAKJIoCRPNxcMz6fM1gVZpZSawSYm7euXafChoFEU13AY7121/Bu23qx1szcNFR737sadPXeO0Ck6U9t5HSmKlkrXrg4k0xSl5u7T95Mx7vjmzeXhk/nbZ6mUuvEeFP55lhujnTuDVAQdpT8oFQBCsyAxbxdt31ZJm1dm5PqLIIEas5Izf3DZT+uq67P+3ViZJ9KrYUPBz3ddlcznyqZe+Ea7ixLAIJTBE3LMfb+8fvvX33yWph701IqYFnP6+3t8vOfffaf/+MPr1/f1EpQp3Bo5mvrgVim2j0ez2vbVqEgtNBd+3OEgu2FveCE5dB9RVDhgDBXnwsvs0zCtZSpVPfezNe9idDhODPR0/WCAPziDQBGAsCu4CrBaIYe00S7OhA/P+1lmgt4EBp4qDoMunJAmHu4m3lXQwqUvD8yMSMheFyezhCekTN8icnVUo193/ds/okfTcw0Co0AMlvMBOxqQ0/CCAQLdzAPxAh0BBRGYGIMI8TKiF0R8HSYX4X9t6+OXx6n33z37nnvWGS/bN9/9f3vHv+vt5ft3NkNdlMiZmHKOlgzBygsjFSYPKzta+FCCNZNalUmikJSCFtvnVCKCJfqtplrAbk53pyfH88PH6xyEenu63VLoBYjCAkhtAgpYhTW2/PHdzKVejhmHzAi9a05GIQXuKE6Q0SQIVqomu66r9Wi1JINGmg9lGCuFl6nGWUy2tQ7aK9+5OUOYBrclHqC3iiCpbh6uKIg5N0Jh+CXqL8RB0gXjwPgoLLkXjfCAZyJB9MRDAN9SIo+5LVxXwwaTUYvIvFLP2mGi9y7a0NkCkEMktr2lbnIfNsdfV9jv5Zau9zugNu2b5dLV2jRuRaYFnJXgzITM5UsNZ/qZW1IfLmcm2o3vZ6fgGq9ewVcrKmGOqAUYRYhqVORKm4XvZxlmQ/Hm4enD23FT25eA9D56RHATB2ED9OhysJsCDRNy6U9W1dFB2lG4iCqHQDBzbT3toV58oujKUAQgrprNwQXzDRfhDsxzNOkfd22HUwAtDCZkYWbmVoLd0FIQqtbf/l1kVnWZoSrEqNhBBAYcN5h2VUHtzswRAgAmMEda+GuBhjd7Xd/fGvhHu4RbdfCQsRmGuAROsiCeTH1DBkPnFyEmfekooMjAMGL4xfAWRADiTmDo2EOhj6MHuCIEA6BZumyx0g7EfFAHoUxEge08/u+PYLuzBwQGGERIozZyoVIhJbqj3Atsru3vpLHev6gX+3l7a2FB8rdcbGpPprubU2S0lSqWt/bykhM8nxdEaMQAyIjBUHuTADQ3AWJQLS5WzBRQrUxMT30/7v1Rkq4aXVEgXF/TqtOzsQQI2nv3dLYHENCxri9O54vayLmuZLuysIk2ROI29OKjiJyOt08PDyYOTKaO1Mk+BMZIdI4AeY6WmwRKRO/uYBLFwyzhqbonL0FwyoxPGXAlIafeGFc0o9JiIwrRvzXHVAE/JgwAcCRqkhiPEK4mVrmSxjFEorkTsiEYWYlCAjDHBDUjQKROMkyXftf/OKXpZZ//PXf1ml2CDTN1pJSyvt377//05/mWiPA0YECAz3guu7etRRBIeva1o2JzSJHVQBA4EzOQOJxBjspAqDvzeGlwDhGo9bY0jCgQz0sf/7lT//pn3/nAVTGIiUtEB5BxCSCjug9AjDpTAx3N6+2fW1bY6YkMo5wC7yYrdwxExpAafd78brk3BwYruZ1mYPw+emck/OgygK4G2UgJOG/xEiB4ZCLWyEI3Nd9PszPz5fpuGB4b14Lq1kat1ICxAiSwQAYvIEAIgQLIobC6ppCUEI7kYnckt8wGmE8LADQqbCwhDsiOQIRMKA5MRAm39M9TXF5LtCPPxVEcyMaPxWIyJXL3vdcFXn+gOdlkuptFRQsJd58qbdvPj69f3x8d7tdj2bFONJpNX6p4zNO+qzluEIEru5G6IwUyAR00+LQLtv1/PThu+v9G7x5vRxvsYSFPjw9AtLx5jgXqdN8OJyQ4N0Pf2zrSkz73nIFmyirF34ARIAFmIObhysxgKOZutuwLam6GTMxhQFgOBgAe3gHcPDorRUqSNi1CwtShAZEOHjfu9ZUjDzt0Pu+gfbL5VJqyVZjM4xwtcTAgpBQ5axtCggR6K5VyrQsYba35m5CpEQETgTChTBcLa2fCBauvWmGtAQ4TM0APJMeCMzamxOzFEFsZqB63TcWQcDChYR230spoda3JzOzrhzovfVt367XbTezcFcAMkezMKKwoAgIcA8WXko5HqblNM/HY6mTHA9lWdYW0+E039xOp9sjT2W5Pp8/e//ube96WJbjXO8O8wnrlZYu9bKfK0mwdHDHEAIz3drad7le+jxNRcRtIwR3Z2FzPO/96Xx+tT75MvfpCONopHI4adtBG6CjweGweJYbYvS971uz3udanx/f9+16uL0j2sN6sDBGIfzVL3/+1W9+9/6j3xwDBR4vqxtO81LnpZa5G2/qakqhlZ39an2NfrV+YXAkin7VtqEiTyeeb8t0PKF8EuXLFT+s7+DJpSCXcv/qs89ev354PH/1xx9QJu8d1GWupZTWu2aa0UxCC5SlwET64KZl3rlb/nwcDKKrIgtFTuLu4URkY+M5nklBGR8HVbs8X4QZc64HL5XNg1hAALS9nCFo4QnhjOxCAadsJxy6FkmdECA5JASxeyfASuxgTIwQwlIYC9KhSAk6In5SeCb/2O0DysXcYHfrnWbdLiDFKa6XdT4eMEKtI7P1HSGEiBEIDIMKi5lT8cQANtUiE4he9528p9EoQsPtMM277ubNbb+/v+fw/fIMbs5S5rI/GAIyMxPlruA4zeX0Sexr3y5mOk0FWJrFaZogtO0hyOiBmlkgkJzYnLAUXZ/7uh9vXkmR9fEB0Ja7W5pmpqLAe5iakbpuvS5AUiiESWh5Ze0Srpk/xPHWDyksedUBP052w+MzDLzoQ5YFALD0gsDwFueBgQCW2s7Ih6bINrIBeTpHAMDgrwaEgSmCI5eUh1tr5uaICmi9G6m2jvMNyS3E5qEIdHl82g3uP/vEHc0xxBFDVStPVRa96mE+nR+fj8tJr9cd1+fnZyqTHG+4zii9mwJYEV4muVzOWBcmdo/D8cA1+7Er1uIIhgJlCWnX63qYptbb5XKus1hXIj7MRyyVQHvblEhxUQJkKlI8OjAzUW+t7Z09CBnJHL2Wsm+XcJNAjJgL69rmSaxIU0UIBO5qEIThOI59hcj/HnhEmgzBEAXBHMEl4TkQ6OHE3RwiiAVJMVDN0nYe7m5gEe4YBsgQI385XHZ1KhiIL0ouYrj6yE/G2NngKBZIM54goScbk9A1Ip08gOHQwXksi3w4vwMyd+ytc8FhoPFA5vzCIXpEou0h1IKj70/RICEZjmGmgwEcMRKlAJWluXNKhaoQUIr79am1lfp1awbED+dJ9921uzfXjoEFgIn+1V/8xTff/enjtgkVtwYIaNGhp79HWNS6MApngxYxJqTeASLZ1piISiLwIAIfNnVAACFm9Ixy5FJxLMDMjJC9GUSICASExXI8/eIX/+Lv/v5vMzqcxbvujsje7fx4FqJAUtWn56dUGQGQgNxGo1O2GJsboM+H+fq8Fi7+8uvOH7o7BgQXJkIzBaTIuBW+iMYAw4JJ6KEBAAQMFBganhYms2Cm3OQiIxJ6ZMY079JISJnkRkASAfCHxwcCCk6bYBqox0S0N01lPK2dowZClZA46I/ffhPiUiQfUJ4WK4QAI4da5957XuUFGRBB1T2YZKQF3IUZkkRDaJZ9n+hmue8gIgC0dOoj5l1z+O0I3ZyRzBIYx8Roqh+fzyxs/UdpnHOxhWgIYW5p5QLChFuYedu3MMsNqzuYDedTWFI9c4gKwoQypLUOkcTzFUMQYJHy7v17YSqljNUqAALlhTFnN0ZEpCBx7x6e8LZUXlV1PhwCiQVMTXUtZQLrbpFX4ojEwZF1DQQGQWSFDljuX98+PZ2Tq53HM6anxi3jE0Umj9i2dZlmIW66uxkARDhKhkYC0ZnZUhh/sTzld4ARMSgdVS/DQIx4MmFub9KH6uCZfReZMBCA3UEIAUCmhV9/obdvns4PT09vj5fn23BxqEkvAmAZBXw/jis5iAaEZTaIQ0iEgp1Ki6Vftuv1PL3dX71pN/fzza3Ms4e3toPZq+PtfDw8PbzXdTV31Z7PSXdLbhoz5bhLQADoYGZQhNN/lXYoIEaHcDczIckQHYxgVc5+KFK07+FYuGRFAqN4NISQDNV5aO+eURKi1luBCPfWmnbv6hhgAATBgiyFSQiotw5IUgoJMmGEr5crQjAhi7CwMEpCxlpT01KQgQIs3MKc8lHoptpt7+YWGgiRhF8AwgANM8tScIqIUBBCJ7DAwlW7W5g163v+jzZP7d/IIJwCQNS8q4++SKFaSBCZYZmm0+lwuj3W01LmZTqeqMxIhHWhunApzlxOpzpPaD/96je/Nd0wgsMw9P7+LnaA8Ilokuq850EYYRAgvJzmsrB7GEZlKkwQSIAUiC1w3bVdzrIsXRa/v2eY6/HUesdSuU6MnWEiLktliEYEy6ESYdvbl29eW7H16fHw+hNHbttKlac6rb1//sWbv/7rn/6n//ybfQ+wViJeHcrr14UXCYSn53XTmJeFOFB39xX71S4f98tHi76rxv7s0alOVG9kMSggInOt6HaYymdv7j4+Xbrqvu1/9//+02Xv87QUxGvrgRgOaoZBCFYKEssiQN7+6rObn93y373d/+bJbTDOPJCCADwYAQsRS3gEujCZGyIaQGKAE17DLNven58euzsz/0iSD9frdgHiFwgCYWRkH3PeBxwtm+MUiXC3VBPdTIQDKIsLlUAgIoxImGvfV5miSMVm5+v1+2X64e1TlHINIOG2q4HWQzHdQjswSyl76ygU5h5ADAheMyYEGBYAkZbG3D4willUEuQkDVDXXZhqnWphKWVX7W0ttZZSdJqWqTD65fI4HapenYmLSK21X67t/Djf3NDxhGHWNndDluV0mo9H3c+IHmiYSBTtEVCIiKmvT64dVMndtkvvTfs+qYBqPc2uNhWIeZLTMa6bbuvl8V05HAj6PBeQKcrBbWfvxALE+SamsAcxDiVASpcq+vD0kI/6F3BPQTiziknkgBENppflQO5bUxZ1GHDyYQJK1TDCCQJc1fa8FwYCaKTJw65P7ePbcnpNcupYpsProHr+9k/b4yOoqZpw6a3jRAE415mAtvXsEev6uKktcWvtUjCSOkbEHna9nk+HE0acDgdrsT6c3VGmct3WZhbghcjVSz2c7ljDAmndu0PdNYAFeNJ+uV4vBgepBaiVWjTUVLlMPcB71zAUAWEARzBwtG7gqmYEoGZuFgRMvGtnZEBoe0ek58ta3KfDot0yTfXCyE4nvaesGqDhJsJCLFzWpq5GBOyRyItACPPugQTkbjZ0Os90AaF3hSAk4PGBgXn2KRdTZ+Zws+4sjJGBTyDkTI8xgA0rObgNzL91z2BhwtnxxSAeAKFhAhSOEYHARCKgFmYmedMft68ACINAZkAIG3U+GW9UTxmePRSJmSnMtJsHsFRA3LZdmDhQ190rSmFBYcK2rwUddmCL3vrTh52Y52nadBcOVEUEU33ats8/efPuq98zc17OLBHlmBB2EwII6k0JIAg9MmH4krz00eMaFhEQWR+VuGIAiZScIygdN0SugZBtTj7EXYpwKHO5bs//5W//HyaaZN7aDpYlXBTmjBQaILn3J+2WrehZoAsOSQ1EYsQwVRE5LgfLIIhDAI47JSSdHbR3txDhtL+njdIG1j8QwEwJB3PNgyJLlgJI+Ob29PHjQzqfsoUiIIf7jChQvBQGMAUxMLIZMhAAuGrihyLMAwkAiDw80wV5ByWmjKE5OzNba9GCScIMmRhQzREiWiaNsn2NItzMEcAjpknUnJiBk+eE1ruI3JwO5+c1xvUaYuRrLe/M6MCcWzRIzowQApIwF6HWLRvTzPztt9/WOtUyddshMNSFKQADEl7UIHBYIgJIgInX85WYmAWAIXo6hkjKPE+qSkBcaO+KGePGccnDUaidpCJHoMqCxNp7WlIhMmtrgRjgTDLCQKYImE/ztLQiy1zr0/MDBfYWiFGEr9tKTNq1lhqBXBgRQv14e5xq/eG7t/M8M4sU8fBujZ2zR46II30lHoAOjo7e0f/yr/76mz98jeFElA54CHB095CBUAkbuwAAIABJREFUrzWAHDYCEfGlisB95Ma4VnxZpUVm4gOQQIgMIiKEKAfaMi0vubM8lELS6YxUX32qt6/W9fn68d1yfbyzvgBTjMcWM0dO4YbZ3xkQxgAe4d690xjfsQBPPU629+3bx4cP19u7682bevOmzlOtMi2ntq/7+Vl7dw/mXIx7qiDgyWlNRpUBIzNH9HBlxMEtNrV9QxQB6uPKj9a1MHd1ACdmZmngI8SDmGmika9BHBsSGHm6sHSWRdO+tyabqoer519EZqQSAM2UHJGolImEwNVMDaDwVGqVSkxpRTU1IICMT+hm3Q2sh2siz8zcw8FsiFW58QNkKRhgKRWgF0BwpxeiuZlq7zs5eWRWYN9a6y1TWWaYFlhtBojMIjOaKxDNdTpUPky8FLp/9fp4WmQWruVwf1+XI0lBgW5Y5nk6HK9d1RVPFT//9Oc//7NvvvraLW7m6XYp4Y1NxeBEVliv6ML5xHInOczlfinHEqu5tz0tzoyEyELuHlftl/PTPE9UT/3y3BhPtczLwffD3p4lcKpzqDFhZSG3uUiJcNMefvP686en9/OH7w+vPkMkMys17k4HCf3v/uVPnt99+5vfXQgnXuyXf3b88stjmXnb96/++ABUT6cTI+p+5X7x7cmvD3B+VN10v1q7ssj9m7mghzZxAKKJ8fX96Ydn+MO75/dPuyP23aUeZtjS2Q+1EBGwIDgLTDwVjBuCO7bY/EvqPzvVX7/FcAAPMxcC91BTKqWUkg4fZKEi01yuezdgJFTAgmyAxMiF1vNlvT4DcQCi5EMxPJseAzhPBoQk7uGL/zcfHWkNzFyjJ7k7nIeXqDiwuduoacdhPy7VCR+ueyWsUhRADQDN0GFr6M7CujUz52kGC6Ro4RISQBBBBEVIhMwDyM0CAZkLQkRY6qgsoG2bRJbpFGY4mfdt21rfexGWMtl+bf6wo5xOM7pZ64SwzMvaVIi0d+2NkHxb18f3hzdvnBEA+6bkvNwUj6AyI4v23dpGFSKwqc61EkoVtkm6YF+7K8tcQau13tdtvultfwaY63SEsKbvUZvvzzQRWdXrmY8gxxvSGWkYMcANGQEi0AlT/cURvcpbZTakYp4mLy2vP1JFIAZDHRDQEgKY/7l0BCQuPD3JAT621ACUxpq+R98d0KkgMpgVKWFtfX63vf2DO+GR920DfIQ6x7YyoFJxmTxEeDq9+VS55JK7tabauU7z4Qgo5XBql4sH3735pL31fV8Z0D00EF14PkVpa+tG2E2Ryul0184fw/u2r3U5ink0ffzwGEAOUKbpOB+z/QQd5zIZkkMg2t73IhOzuKq6QShGiQhtnY0Lc1TuzcKAUIIUMdfMpOGTFNW9isyTPL97hkoR4aFdjQPqVBE9Qiy77gYSlMBCY0dCSTLKYBcCAgSRmyKnEAwRYJAwdLLegcCR8jN0DgIMhoKspmHWzdAAIVRNKkX+e+nUGnC6wUKAnCF8GMxF2CgDPYAxiLKhziVblQDcmYavjBkgkAo0Uw/AAGE09+EbB0IwTK2KyCMwiCncEgvkeei5KUtxcyqFwMCNmBGglPy+GjugdVt93Td37+puTUSAZaZCQM00zKYiX3333URwmI+uphYEnnEUjGTbkrsnNJ2FWu+Um7JAJALzoEBCJtAAiEhvcsBgxognngwj408Q6dogQnCzyCpnjwAwVUIOowjYdM8VHHiQBI7wAIyVnGceYXRrMFFTJcKIMHOUQKBwePvDOykizN0NECC3OoxEEl1NNQIjyLNJziLQ8QWXmY6eYCAeXSup9JNwuD1fzoTILB6e/+5LKmSgnAI8/Tx5i0sRNBdIRBnkAkRMBX7UvgBaGAsnAdC6ZeG4m2W+qKsSpfybtIgISicAEglSdItQB4JSBRnRwt0+//yz7757GxFCjEyt60s3LWUeDTJom14cwvxme8r5hEupzYyFmYDYWuvqQZA3yGh9G4tPREi4ejCMaytgBAmZBjECQl3qvNTL2sgNicFsPGLdvTvMrObWmsxTmigBIT2gHuPNociZGM09XiLARARA488nEMozj8RVSjiZp4SVBj2Gnlyx4AIeEB6n+wMEPp+fPaByOm0Mth0JluMhPCBg3/bed+GSn0B4eNi4dWIQMspg/83Hk4ELoBTxbq42PHDuBlBYgMDUMtAHQ1RLHkS6xwazNQAoEIleqjacnAIciACQEM0NmM16mAW4kGTwNItCGKnUWqfXdnvfzk8/PL09Xp5O2ieHYmAAAkTM5qYwkF+RiSniQAy1cOsBhZlF0ENazKCbvnt7fjrP7+rP/nK5/ULbenl83PeWWCc3GCzLsQCPvMTkv0DuQkSE+9aJmAha36CDal/mGuboCKRmpNqKkKqGKRIip/bjHiFMEQYonnnqYPxxtYoQOnD9vXUMb02Jt/RZAcQwHpj3UCIs0yIsgG7dGIiocIGpTsxZ4tEpAADVLIlibgoRo6E6huYDA3mFnP0sQP4jHNoDIOpUaxVHAGBiCgcPU3NTR7eUWN18Uw8nR4nwLbqpeQCUQiRNFXqXwsCoaKv1CSbg2a1jlIlLISzWi+9zKcvNzfm6BdosUOp0Xb0yyN3hX//bf/XN198+rPZzhMKMLBO2bjoTn5b53cMZ0AOjm0GZl8pTIiRtC+vbphYyVQ6A3mySKaA/XK5SHqLMNE/TUkJ7dpOLLMV2BlJsqnrgIiKEsSzT4bAQxXQ4TjNvz0/Hu1fAzN4Rap35dCrbE/1v/8u/nHh7+PD4+mb55V+9+eSTV6vFx8fzP3398KuffyHzwkSFNHyN9ky+ku3Wdt3WfVuZynW61tuGfSOICAKL06EWxnme717xw9OzgQmSB2omZWsFz9tbplKL7f3TW/z3f/n68dJOtTw5vTNBjjyP83eSz43A8RiYpxkogLE7ILA7OJATF5F8hj88X7b1CghB1D1MjY0CgYBNLR/DEVaE07L84g4HgKElAWWxPOX8D5D1lEEogUGCRQq4AYJiFijFhJgiiztatqBgAMRUSgTurVdJgkUMCy+icCkEyODubjtwYahIzAQQ1pvJvLjaZX+sRQpj9JAyGRigV5G97a7PtchUfWGxXUsF21pTXc/nghC5HgwToet6JeLj8ejrVdelzFOaN4mgbRsRzqdDbxuDhYPtzV0hzJkMo6+rrasQ1WlxNySZbu7B1Ey38yOgdQiuBy4Tlhp99ebRg2fU9YK14nzAOrmqMIOruRK/1Fe8eJTTujOonTh+0DGud5TP7UGgGGlegLyeDTsRDjdwurYh/d5Z1TAGADP1vur2hOEoBVzTaKv7NbZnv173y1O53WF/prZt1ytPU+zX1tq2dSQkYT4d+XhozffeKgMhWTMREi4KYYCb2q5diIlLLVBLCYy6VHVZrw0YtXXtbhqCxfp+e7NYQ+jX674mF9F1P5zuSecAZTKScIBS6bjMmwUfFpon4/Lcozd1gDoVZDbA6+WyXi6LzGD2YpoKd2XA8GBCEZ5ETnO5et+3NZofjsdC7G13hN56KeJu4cEogGQQ3bqGMzITd20IUFgiwR5E+dMhChyAT3QAqmLhrRkhqgMhvEB6R+mSmTkNhy0TmAXXmTANnUCU/tMgQEDUcakLRPIIJvZwyIkeEZERzGKAZJLbEgFMHBjm3tWKcOVU/z1RoRAI6T1OemA4EWaYNSCDtkFBhDZCJAYAIcilTN1B3WCsEAARXLWrCZEhublDy21VeAiJ9ab7SlTrVBPp1netxJE8As2OLCQAQXIAQ9C2CgsKC9O+NUBgJiR2tQBAhuxqS7N0ft3xBXIFAYw8jTangDBgoVJLCu7mo64IRrIG0oSdH80gyeQoMsg16fYApPTajHGplOLutRQcbx+5ByGhMyOZv0itGIhBjKUUGAwfhAiHYGFCNBvWjsAXlPOIkSIOCBpadxaxboicphLzKKUgYPo90s8+KuvGbgACINcr2Q+DxJlPxuEmg2WaiUjVAobdE5GE2MPc/IUABHnHoBhOecxnUUbHRkskTvNs4b11BAyP63pN8wczq2rXDpAdyjDmpbHJiWGpz8Y3CAAnJDBYDsv/+X/87z/5yZ/9+je/jUBrxiPxDQgQFqXUFzBdRAQ4CEtEELEwCbOOjZVz5ba1Hw2X+f6HmwgRYnDc3t+rqWk2d4SHQYSgpNsLETEDnZivHSnQIyD8x05dzOg+UzqRwKCWGsO24+liyvu2Z8UGBIu0fQfPqjVMQZ+Y2t4jgojMLLc69IJ0QCBkHl4t4nyOEDEBfPvN7wtLldpaQ6J5mXIEZuHluDTt+b0dHlFEyjILAAR0MGGB4YFKHTC/RIiUTW2pRECEI8HN7SthyS9qhKdqld5SRBrVxwE8L3jzej/cPSPtruCdLCLAHXO+tYy3J5EioTVMSOgRkVsFAgATEeqo2nfGw6dflMJ9vfR9DXN8KVAcrqwI8HB7sTzD6KDY297NHNPnQ9p3QMohIQK6ttyAuSlCmFpAlFprndt2AXdknpbZuwJA21Ywyxj54XTkWouUy/N5e3pCxuV4Y9qOxwUIrg/vVBsAZiAXEaVInSYmNu25fZqkllqwEBKER1hkkI+RCiMyaO/ojhGEKMjgHhZmakktI/YIVfWxAgHPmJEw0WhoImTttu276uC7IXLv2lTX1pr63vV67dddt2Zbt71bV+9qCEEs0zIflnlZ5vvTYanH5XATvVvaPZkOE0dfGV1KLfOh1kKMy7IULu5ep/nu9m697N/86dvXJz5OWCYqQqYRKMrlT++ftq7NWg8QpJ/elzfHisjbfoGID6s/dQJiAFTtRepSCoOi2yKk2us8A0CR4qq2rRza+xbYl8qFoIosU6kMx0NlsOPNfPvqkzrVfV+lVo9gLsR1Wabf//Y3b27n13flz788/OJnb+7e3LNIb/Zf/vHdd+/7//rv/vUnX346V5HY/fpkl0fbzuvjQ9t2baraEYgLyTzV49HLYkAR8OFh/eHD9brZpnbdNoNQS6kuKZu5uIxCTABMeBL8H39x++/+zZ+VefoP//Dtf3zvf1pj74pSuMyBaABIQgnAROSS5Xt8e5ovm0YgMvG0UJmm0+20TKfD8vVXX//27/9mCEAspdaB8wFARGZEynEyEi/BjKVWJE5SMwmNGTZX2AiI7llzTpIEvYEYyAOYmRBIsj3XLYNELIicvWEWSIyAqB5I7IjEldIMxLGp/fe/+re3x5vvP7xbliMSM0uZZi5CpRKyaUMIRqgkYYrkrrsQ39/eYhiCRzi5FgLQ1q9XMu3nx/X8iBEA1LeNw0ut7lGmCQkjbF6OjODWucp8WIiDuZp53zdhmYTcNiZgYjeMtkZvQgCumcwTIRSohxOLYIQAuzZm5IDQnSJ4OpIgYiAzIZJUAGaRcCUAYo5IaMfQ5n48b3Bs+McMAAgEA0xBMNBvlCpRjNVOSpc/piIBXrJQAAEG7kTg5tY3Wz/29UzoKCUSyqa7blfQ1q9n3fcyny7vv/frc0F5evd2e14Ry7puSFIOx/LqdZTFHJabE1MlgO16JSGZJ3Pv2zM7rNdzb017T6+1Ix3mA0+H53XjCCYKN1UNIClyqLVAxLa163me57tX9xbkpgWs7du+b8xQ61SrkPB0uCnzFICXvQfWINp6p1q5lAhsrWvrprupZk0XmHlXD+N0OKdI2DWsT7WiI5gxIwq/+vwnUQ6qWkTavu5dAclwlGxQjqQ+7ikpaGbS05MAkjOcIUA2Gos7YKAwZaLPXy5fzORJhQbMPr5AmI83gGC90VgrA71wz93dICid0IEWjomjB8BAs3GoG3jEi6tZHX0c5QbAzL33dLa/WL1TLXLg5PnkXDLO47w8vOymAPL6Pa6ZqVIbA2TIBAFMjQiSR4cQCfinEbCM6J2RwhXCmQVcCSFMWRjSeGL9JeMSAdZDv3jzhYP3ri/385S5s5bAsnApACztT+mFAhhgQ0DB5BohMaMH5B91V1BgxuRwpZU/+f1p/RjTsyEQZEPW8NYnPjJrHCMiQiOitVEY/JLPAARzZSlAgECgPlwCjqZufQ8LKuxqxMwk6V8fxhgWBPLMaoxSr3BTKbzM8/P56u6U9458CiQTwC3xUsIMAK4dmQMAMtVhEUiQcS5IiwtAAMZ4aTAEg6QqgZmbuxMWkQBNCTljFoiZhh0UteEUDQODMEAhRmo+QknMPFIakKFSSaFrEEWzBAuQiROKGxDmwZTVbpBO7Gmqn332pTulB52E8gqaX1xmNjN3GwTTCERhqeBq1rsGjCIJZMLtspFnK5XjEEwoIILCwfe9c2lmhsRcpKua9cKVWZx6GOBwpVJAQH7fCDFycMt0hQeCsDDxrrtDBwYgIKcAAxJEdItRJJlELeLnxwsSTLVAWkDDgyIJZET5sHAYIC8wtqXO62WVNAaSePY655PA4zAfzGJre+9amFhYn9eAIEjkjmfsnJCQKdySMMNpg4MSGaq3YQ+E3BpnjwOM8dxcMbBMhTjJjOPI+XFIzowqObMwoTi4IJTbV3a87+vlw9Pb6fGH47bP3bgREiSYfCDUPCxGbwuLQIRBVCbE0s0M8ZmxfvkzmubeNu+7uaf3ZYCVAcwcs4g0dzTmQRCZVWMOXwlw26/TcguAbhmD0uV4S0SFydEjQDMSwKVIHUUJmShnDpFhumVOscAd3IeK4eFoNEaRCHC3ru5ABGbO7KUyCbmauQYEM3GhKOgYGKhqYZ2BpBASJswiVJEALMI03Nx68shfsmChvRdmLjUgVDW/LhHhbgTIyNa9xU7IEUAEambmoeEaTW3Xbhq9q6p3HQ+Wl0WzQ5CHwXUzRbk5IhYgXre1UkeT63UD64J2ul2w79ivU627ealHAag3M62+qs2n5d//z//Dh3c/fP3+/f2RgON4Ot3fLfak/+Lz2/fnL3799fd7pxn4i5v62SGWSnuLKvWytYfmilyJPUykLFOdpkoOu7bL5bwQXT6+RYRSyLfN27XbVbVPtdblWAgxWlhre79eGdWLaK18PB4QglxBCGOL3ety85OffvHhT1+9+fT15VqII/rOHl99/fj3v3v4n/7Nr3713/y8LnWu0R8f14f/j6k3+9Ulu+7D1rR3VX3DOXfqbjUlUqIikSKpGLIyAAGCCDDyECB5zEuA/An5J53YsRPLcpxQ1kRNJMUe73DON1XtvYY8rP1d6YlDd98+p4Zda/3Gt/30tj19WC/nfL6oFkrEXdJsshFzxsVgGEKeRGxu2UmPyGaRo1zNghe1abdUXQn8cuuB8sUVf6nNS+nuxUG7AZIHAgWQeziFoJNh7Au5hjswsyO6Q1BBlgxGfvv115AnDkd6egAgm7wRY0CGpYR5htEEApfqvWfkMSTIESiCAJjJBoTkAN07IjAShCWMo2gMhOyex3wpMFpayQDczcALM3H5SM4lo+bIZj2Lmv/Tz/4/Yd7PC7gH+up9qRKGjIbEyJkYVCNQtak6QZjbejsDGAWEqxQRdGhNr+vT7Ya6CXOtZfXYPxzCukfMXMGMmNisnZ8iI4zNJqHbugFgnXeMi7XmFoLobq4bYjBhAHbtu91EEdv53DuWZSaaiVlNAZ3d2mWrCCKTB4d1N2Ep5ABNiRVkRqpcAHQDi7RcfUwDgYhULo7YlxjwUAQEWAAhmMM97jrpahgADN3xJgi65/344Ap8WIFNN79+iO1cp2ruYEFMRKL9CtipVKy78vgpk2zP7xjFFNv11jajSYBKb4pEvCw81VpEpnp6Pk0IALjeNtkZTpMZEglBvbUzcc18y12ZNt1ut7VtbWahAmwG2wZgAHTt7k/PotfwKMdHb1qqPD8/e98uW/eAYzlMMiHXW9ONztvl3Bw2rDTJeru5hzXi8DAMcyYyGzIacM9ZxZqi8FwnBQtVLLRfHg67+fnb9+vtdLtsy/Hx8fPfrm/8l3/6H9D7sn9Qf3ZXsMCI1KaadncnwnDL24UeBjZiQDMYHpxZAL23rt0Z2XP+wo+qB8iwdhKC/P55MNHtfIrQFBUnR8/Mbm7JkQE36wguLNrDujJzQoKYeRqB3gExHJgw+4Kc7kti61qIhmobQwCzxAuGhlshwAfgGDGMD5i58gABbsgFAdS8uSM4AafXBIPSZmA2chFz02FAgsj22yB3D1MLN4DgCJFhPzT0AGcR750LoYN2r9M0LYeny7OpAYmIJNqacZepxY173O2YYFPKhIm5A3OZMxRBSrGIDIpJAUm+O/n3EeIoUfJIoTlDugABR8IjeeSiFgGOQXkUMqJ5EGHvmsScRxAiMEUEIViGuuafjwD3IpVpPyOidcNE/SMDKBMad/AMs6aMJ4qIDADrbsO2CTA+/xDgQWnO8HQT5y9113g7YGQ1D4VHztZMySkRWDiEmjIgBH5MkUKiIoUJM1uEkVUVU0eWVwCJiJnYB26b1E0ABDBhAHAO9cFIDkaM452J7Ku+OyIQMmw3tadpbECk7DEj4q31P/l/f/qzv/5Zb633Pqb2wBTFphnnjmrnSI5MZGPTvlNBCAEgxEikZoB53o30mxT4MVJkY1JqYTAoNbY08mExMuYZGCksIEFmxKx0r1Qh80fiYxgSQkAmBENGRA9ZWR4DCBGElEw9MXmEuyOhSHE3RJznKQmp8aMSAsJ3Pvv8fL1gALJEeNyx5TwAcvslEi5CgG7haiKSj2imwSMCkeSVUbWc3bMhyPS+NqZuKJwCw52QmChi1FsQYqnz8cVL+Og5G87pJNvgrjvNslJK5WEV4lJo/8IOr26lrLa5bQjhhjkNECOnxhDHCxFBFDhihsM/oF1/7TvH7/wGI6Cbtg6DfxhpAG4G+bLQ8G2MTyRCkkKX67VMh/P5stsf1nUlAA9HgoDMyEJ3v14u2Rhd52nZHRxiPT8DgtRap12+xbfzibKgJ3A5HkWmad49v/t2u16I+fDwSBTLPIXa5fQuLBkn4lHSZ1mnIKWUSYLC3AgJncJ8BP+GqZp1BTMI165926x3U1XNfm5iERZBThv8eDWDEYCQUdXNsXfTbgGEMbSCXbX31pq2rWs31TD1VXtvqmqeuY6RhQFBRLUQF6zC81SnUhGpToUYSuEqdSrC6G493LV1vZ7JtUqUyiSFylznaa4TAM1zefP65V/+7S+8t9f7Wou8ev3JvFv6tu6LXDe9XNunx/m3Xs+vD8UdCMDNvz3ru+ZVZCqTmdUqD7vpuJsKgvUe2nJJNWtVyLerb6ft9oTWmFAAwLoUjX5l9MJ42NX9UkRAqiRjVmohEt2ubdvefP7db7744vb07jCVgthb/PF/+urf/vTrz14e/+f/4b958frFw8O++Lq9/+r2/tvb09N2uVo3LljnWpf58OJhOT7Mx0epO9y94enBgR1Isb6/tFUBSG7bhsSlCDNlvJswW/jWlUvZzVOx/p0X88N+6lj+9OvtCowk22bEpdRkABARiAszJ84lIg+HmYWvW2Qmt8y7uuyX435Zyn6q/+Hf//Hp3dduwQP5S30fCDMQQoSGe2RhuTPxSIHPXH/EnC5YMhV6+H8GyDzOSnZI0SaICIDByCV1ESmcZYIJOFqAIVClGQAs1EKzKnwQ9QkBZhwp8OCqiDyCmC2pSETiSVCIoLdr75sQ1zLR2I2VgjHc+woWrurWhJhrlblSKQBQp3o3zeZn3QDBTcM1MIQlPJZpyQU+wIqQaTPtjMTEFIrhEEZIhcXd7lM7RtxQMj2aIsxN3YxGc0RqV0sOCVwrIFuSj2NEQCK5Ny6MmeFjZHv+P+M/IUNHAnKITAwkiRyEgfjCXdUJEWEQ4a7uPRW2up7t+p4B6u4ITh5Ud/si0q6ny/v34ehITNQv7e0Xv6y7I02H9XbbVtdwN8dSd29e0uGhHo7E3Dfdrht6b9umqmWaZXm4nZ62y+pul/MNgiJAPTRwWva9J0scFoDu29osou728263nT/Yepnn6fn53Nr6/rYFiVl0dyz1sD8AoJnVeXJ3cwyqBtwSDCZUd3folppn79uKYX1r6IrhxFREiGE3zQDh1kP18WH/5vVj3263y7mUyqVubf3w4ev1+W3b1mxu2VQJEnLJmJBRJAqBaoAx6qKIOK93SiXG7QsID8YUC+R4BYgYdq/hRQIaBUo5fwfgqODMr2ui8gnZevv9f/5H/9kP/+Dnf/eXeWsTeAvLAShc/c4iBXqAO4tItoJ6jm1jmDT1YTXHu4DHjIZ9OAiAAIU5U0bypaehNAfP0PBsqQNLYUjGkeW4mNoKQvqoGDwcH7WvkBJuQiG4p3MjaO+q3o3SXURMNOzUT8/v3VW4wP15Tsg596XU9uLAkQVSMZO/HiAEsJRp6L+SPS/FVWFQlYkRwh0qTGlIEGapAQAEMw8XKAAiM5LnnbhPSIhITMuyNzPLqIy8osnd5N+PSUogZk9UACJyZQAMB+AUQuQ/kvRqKiQCOIuesYgAUms99YBj1mXC7PRDZKJUqyOgu3/yyRvtvXfNqqnMgE/RFWLuRylDC2KCpLQSDnIf4cMDngfI4TIcgNMpEhAp/aFMLnAYpz9CAFoKKiAoMv0R3AMoPv/s09u6QiCLEFMGFGchsEVGjGQzMAKiQ6rN0dwAobd+OV1bb8yIwOngzjsV9+aK3ILy3nk4gocP8coguyny9xVhTxtA5OoeAcA4spPirk0CQEJQt3DNpgJCcrfWNnRnFCQIgkEKIhAKBJhrhONdiYaY8ffulqWAEOHC5AEByMLuBoyRrSGjPw6YsFRCQA9vTZN3cvcE/Z9OT4hIyOZGKfPzcAdGVuvdOmKG3oA2zYIDZHBwM6f7xpvWVTDHMXIDBBLiaCohIsi6voAISogeMfn/vKBcyv74OEi3CIAgIEYBIvPkZJIbNbivXuBQSBiBpfjuaIeX12m/hrlt4IGBagEAiMFIQogAlp9gRDdXhq/3y/RbPxBmCN/WNrRHAYyYu2VaXyA30mRqHAaVhgAA19tV6q6bspQiotqQ0FTz1qipbm0EKxnsjnti7uiMAAAgAElEQVTmybTfTidCLvMyTVOeLLfziYXcnAgPx0diFpme3n7VtysRP7x8tG7TVPttW09PecpQupBTqQhYa82cXIAQFqGCkXjPOINdDcEJ06dreegQMRGKMBFbuJqpapIPralDmEfrvfd8VwMiSEhYUp2FAKqWKiP1pubdemveLf0kaONkRCaeatktu/1uWeZ5N89VpBRBgNY2CAMbZtB05t7W5hbX81m3ppczagPvzCiV57nu9wdVfzwur968/vO/+vl2bS8PizDWZVpvt5n9zU5eL/T5sR4Kate2rW769uJfXB2Id8tsFnOtj/vdUmk3lYXZevPe3X1ta/RG6N5WiW7rFSkg9HZ7brf3GFoQC7lb38+yn0sRkcoIxdURUUoNNV1Pu/3+O7/5wz/+N//+iy/e/eLr67/6j1/+3ZfrP/ud3/if/vv/6vjqEcpE0da3X5y+/Pm7X31xfn/qW2ehWosUAUYu1RHLssg003wMnhygrf106++f1w+XNYC6O0DUIkxUBJjZPNxBhElAMD55+bDe9ItvTj9/t37T+dQ1ALae3i1J117asyQTfYCF6OFQHbC7uAewlHlXd4dlvzscZ4D4N//yX16enxCRCyNAaDBTMAGBMAOiBmSBbkr9WUrkdImQprdR9gl5EiChIKYtG5m4lGlUVmEeikCIY6wPz55hAkJwD6sihSYiAYKIhhC7OqVWM5WujJQnfHcLACIRme7aVQpCkhKDv1WwQA8mqIj7Ovd189bcVG9ncl2mCQHDVdXmaRLCZT8TgfZepKQwXrWZ9d3uWGR20FKoaydGN2XmZS7JzHs3yiwg6xCGDIQUgVQqVfEIBCew6+Utc5nnB0SRMhGT9gYAZSqtNwg335igt42IUbK9A4gZ8hDGkfT/cSbLISUgzT+eNn8cLsdICUNEwMCyBkcA9zM58yjCzdXBNWGs3lbo5wKBJK7ab7cyVQS2bb28+2q7nonLul6id8F6evpQdo/T7uXT84nLQlRa61SkPhytTtPxWOdpvTWK2C5n62sALoc9F2mXW/SmvZtrb3q5Pqs3LJWwAgIFVqGm3bqezidEAirOfD096bZyKV3t+elsvBgyMnbrJPzZJ58hwmW79a4k4iQd6XzbkMUhAskiuiWiDW1doSu6hxsQEMTtemNmstiuN9XWbtdKdLucLs8nvW1gvnWXKtfTh+1y7tfrtq5m+WW+50uGY17snJIMTd3NhDCQE4yC+/0zNWt275K9E17mZg4ITJjztLm7BSGpjQIHKcSFLNxHBRDkApcQT90fIvzt1z93RwqULAtzyBnFzfC+JSZWnEkQYz0Izzpw08ix3sPUzB1YGGGw8dkDiwThzswWEA6FmVkCITKadmw4MCTBQ/zrJIIjfTYYU4dkEbYsixDpegMARs+oOvfQrsT5hYa7OtshcpMhQAgPU6NM2Axwt9TDR4CUggCF0dXuE/0YcQHAEdiBUwzvHiLl+Pgq7VBjsR7a7vv9hMiQ4JzeCMlH+gdgoCAjsYUmTzfm/NR/gac+aeDvY3GPkeQeECmdHy8zQID2rt0GqaduZpn+HgDLMu2WvZoPrY7dMew73AsACKk6ylbjiEh5xgAPem9dFQw4S+8dckoAAKJxcCeSnY3W5hajIxeIxjybqs5AqMuUoyozZ9AQpAl6WFmCkAoXTChyZKQADoNshjLBum5964SslnHVmMQmoA/kI48zRBgBQZjHIkRo0+Q3iTmvOA3tEySx4uacYaI0KhMSEWdizqUcHMYzzdNU1fxu7gVEEmEpJfdUtwStge6kV+IvWatkYd/93m9t2rU3KuX+oOetCQQ0MxzRWoTIHpiq7NHDpYGEXMQdkPD161eqpq0P6iTXBRoqN7XU8SVmkEEc438i8rh4icIRMAEDqtsPf/Kjrel6vTLTUAszIjkS11qlsKnevUFpgIH8lxCRCEcEFwHMJN0xMo6VGO4IP4K5S63L4QEH7uVJGw1/uI+laJydo304IFwjdXuBpszMy14PL27zskZXXyl6OLiDDxIm060RgAL9XSX7rd+bDsfMPgrriB/xlMzxjGHwSPFrZO/cUOUxcb4a5gDIHipl0r5maYu7l6mu1xUgiAkikGh3eAzEfrtauxHTcjgSoIWF9na9JRvCLPuHowcyy/O7r1xVhPf7Q9/WZZqt3dbriViSLkAHCCRiqVyLEIKrgSceo24ZfObWrfcG7mnCMTAiIpbIX9Jt7a33rmmbAkhFDxCqmqZ/F4GQLQCQslzWPMyi98YIiOwRvet1va1b6+rqoNa7WrooCIkZmdjRPSwiHCxU+7Zp7+imqt57bz0iVFvrHZkgQpC2td2eL+vp7NeL307FtlJY5mVadlSWhxcvHl+//ouf/f23b58e9qWglzJtTSehh4mqADiEmZt9c2q/PJnJNE2zbo0FXj0cj0vdzXW3zEUYMcBN1bp21w560+26Y9C2LWVCgO1yovC+bmC+1ILulRxc29qy+tZU29YoyZlQ8ZXm42/+9o/+/O++/MXXl+9+5/P/8V/8l3/03/7h8cXLIK7U1m9/ub79VTu9364XxvGNBABiJBZzo8IyTTxPOO1AagSua/v2/XUzBK5Pp9vt1ieujNRaKySJ8S1LLSJmWoow0dOKP3+3XaTeEN6dbgGsAVOdkWszA0AplUWACAmFhZlePNRrd3X2AOB52h9kXpb9vN/V2+X6J//2X6EZCeM4nwOZwhOtSDsapYkra08y6wACMncV7l8FGsVynJpQIaw0pSzirlcHzNL0iAAXCiYEtcLMhBHGEEJVLVa7mffCUkgmqZn/FxaFRSjL4Rwo0l4gXIgJEJ0QmYkEmQKNmKRIqJEHhrr6VGUSCtWJAbUngVgED/v9MhVA31ortS6HPXiobvOym6YJoiPCNO2LZC/VXObKo27eIoIwKtcSbLdVSimlgFCd6rzfAxeDkFqK8FRLrXV3fIUg4MokUhcWSTBD6lSnZdSTAyA6jgsKgByQOoT0ZiTzkiYxiLvgH3I2SjQhPsqQHbMLAEfDVyJCaduDpIAz3n488+7WQK+uFsh9vaptWKT1tp4+PH/9D4S83+8vH96vpxNHXM/PUhftvq2N69J7X6+3dWvl+Hj89JPl8TFiOFvX54twWQ4HLNx687YV5g/vngjJHG7riZgPD2+ASzdTbRHOpViQOtRpcpS6HA7HgyDUyuAgpdYXn2iER7eAUuR4ONy2detN5p0C3bqpowWYh7oCsAOqB7Nst25bi27WN4yAlOQ7iAgRreutb1trDcOs9ef3H4pIAN9uW9ftejphYOZ8Z0GBeVfToXVN+x4TIDCSmyFGTo33LxDsH19O89SsYQaTDxVXjNBXTwcAunkQgkgID00EU6LPEWGqiCgidZrcTd0RUJCevv3qm1/9nUgdCX4wtO8+pHqJd3uGIKa6RDPyJMEwREAkIsdAwu5GSB5ARENFm1MlobsD3GM5UqSRrmULGI+jY84jwKmzJcjCjMFNDF4MIMC27erWIXMF3UwdKOOtgtPqcp83hgDgzjRGBDHnQz1eDQQEEGIDn0pBYkDq2vKv5A+fkwojjUxDRjTXbb3mpJxwKxINe8195hOSnKsdE1HmCEPisRhFpFUahzc/xqphPlI4iMbQBhFjGcckBOm+aaSHNF/+0Q2WGpFIYsiRuVnrvY+YZcAcRzBD/GJchaT/PiouEGk0ugOZO2S6ouf05ZBDVEYABTpoQKRRU01HHhmOyOA7SgxTLdu6/nd/9C9+93d/9Gc//Y8i9T6e5jkVAwcCIMm8iEDMcgPAyA3CEz7PBQzyxx3qKgoMJiQQNyXheZ63vjFLPj9BQPfqymmekEB7y5kSkZBCW5/3cy3FLTDQIH0hnNRB5IMXGBb0cWHJw0KVKEvsB5k9GGEPYoY750pIHsNCkE+yakcpW78BIADm+z6k7zE+lEQoXIjQ3ItwavgQKGt6mcRdVQMwWtusK993Q0RI83F2+ujagdLk4EQMmP0SlEePmfPAieCeiIsatmo31fzxYaj+Ixx669Nci5A2ZSn/+GMjiRQshFnmxyKTAKKqpQRreIwISi0OZGosTIRS5mX/EOnbGPv2OOeAgAcKkUVFABFuniH9akr52HgwOCNiXWz/su1fXBlWbxCGgOYAjsIcAOZ+LfD+0+/On33OEUyoreWQAcN4k1LmcS08Ivfvf9yXcXDthHy+rWV+eH5++/D40mI0aJlBLm9SJD+r07KTqSLy7fSEYUBcph0CMJXttrbtmrdYSpkPh+wXOr/92lSB+fHxhVtflqVtV+8rMGaRj5AwsUySPni3sbfn+c1pCnXIdC/kQBiaXQ/Q1rU3VTd19zw5AQHCwtwjMGmChP0Y0+TGyXdZDLd9drVo79vW1qbmYR9rMQKDAoiYpVSZp0lExmsOQpiyWg4PVSvI6Rhb27ptzT1MY11v2jqSAJF79Nu2fviwvn8bt5PYjdBlv5/3x4fHF9/9re++ffv8F3/1N0J4fNiVIiJonpkx/OHav3jSfzhbQznMy1Lqy/382evdq+PyyasXr168LMy2XhBsIrRuZmaq1luhoDC0DqahPbqyQ2ivzIwgkAMoRaAgWYRwESFAK1VAO8JmeqMy/fj3/4v//Ce/95Pf/d6bz17LvOyXWfR6/eYX6ze/vL1/fzmdtrVJESkE6DzVMi8RhMjLft4/HrEuUPcou6CizU7Xftk8qF6bbt2RuGkXjPTaZLEOAZQiiKKBVwMl2QCfry2AAXPOr0Si4Q6Ut4iYAIil1olfHufTGoHiiFSmuttPu/1uPx+Pu1/96os//ZN/xwQBUKe6PxzzdqciLf+wPP08HJARKP2NgwlEHlwwYoYb5hfAQwkxh3VP03qAEAsLeNylmCCAhcXdA93DKAihKtgGGzIxVQcIh2696w1gKIYFkYmExZOXxHSd5UtWaq3uOk/19ePjiKAwde211t5uFFYZGAyJ3WzdbtO8kzJpbFznsuyBCiCGGyEu+92821NhRGUqvW8AfnzxopTZ3YiEWMzdrVlf9XYhRJIyzTPXykxYigGaea21VAF3Ckjgf1uf+7ZSKTgtXCeLQGLmAhbuMS27nO08DCC4CFIhkkDMFET4R0Us3o+w8c0fg9xHYQiNQy5VGu7h4JimX/fwHvk55oLh1tdwn5aKvXfNnIDKgt6bd9PLxW0rZemX9fndN5UYTc29Nz19+NBMDfx0emrrisy839Xjw7w/tOt6ej656e3pzES74wOVor1ba++/fXe7bkAEwLfbjaUsh5dUSm+bR0h+8VtTVcn+ziL7/a6Ahdrzu/fTUgxiPZ8Ou4VrWepSWLa2No8IQZmdKH3k6t56ywAPs8j/Wkm0bWCe0gbOeY0AEE3NuiGEmZr1xB57a0gwz0UI0WlidlPtLT8lHp5gtluYgzuQoKkCQKmMI7UBRAiIkEWt97ZFgJpjESniHpQRgjlyhGd5UNntkUW3Ne7EfGSghYeHCxOLWCa2IYbnhs5qnpJSB0eEVFXEXW+OCZybMxESjHE6iy3UAlykdLu7ERkzVDTZDncXlgAoIkWmIOy9R0YSRaAj3SE3gGASQnY3gMAwJmRIx4LhULWlaXe4VBjJVXPidXNTJxp9ZFlImrn6ad0cqFmGkBEiZjo8YSBjREQV+N/+1//lp3/1N+frjVmGFZFoBNxAsJQZITLnGAMTfktmjVKeQSlpoUzvCbeu2+/89u854vV6ooxIS5FxbuMBhDl6IYx4n0xSQff7uzss4sCEzAT3Co8xUUEgIDGFOwACfWT1cqQmN8fINmmMoUhHJBiO5fTxxV2YPqKlMH+3HLADAGJou8OCRUgSTQ1CcvMXjy9+8oMffvHNl3mwpHY+RnhQQIRZqtygzNMv/+GXf/O3fykiCNS0E+QtAbPIrCuD1CikO3nwEYhBTKUIIiT4NNgxyoma7ug55K0iphePL9b1muxDXtOcyfKh9nBVBQgawLZ4YKkSHr0196hL+fyzT07nS5qEx1QflixFwplD1ISY6ddIgECRBvMAJGKW3MApoEpFpMCBgkFALfV8eUaIuU49G3wBicjNkzDInSHfonBL+LyWelvbm8/ebG1DQBSGMGbCAEIuk3hWp7HkSunhuRKXUg6HXYSbR63l+HDYti3hASRIUU3cF2JCnMt0u17DY5aa73luaACAgdo6IbmiqQ82aWylCACeBSGeLqZcZiCvlLtLrdO8CzccGWRW52Va9pEeFYhIQzkhIPD9BUmzhIWNZ8IcEQgTtYoMpwWIUaZQJji87MeXZ+GrN8QoEB4cBkb+zfGxfP+HNQOO++auufTGSGOIvGIeRrnYpDpr9NbBoPIgkPh8O9f60LYrApT50NdbRKgaMxchRPbWROqLV6/M3VS36zkigKTudojIItvtoq05eATMu/00zXVZtG+X9986IJWyPx7CfRa5nj6YeVgQApMQE3C2kANaYIAIEyNhIGGgBTgCCAETupq2zXrr3aybale11O991AKP2NnMa4shDvioESrM9yME3Uy1mWnr2rbebXj/kjgB4owS8qx9yZgtoCCsZZqWWZiRUG3QmV3dHDyimSLVWub8IGmLbrBtqn2LCAdvzW6ny/bu7fruV/3pG8YAmXg+fu93flT3+z/9q7//s7/51em6nU7rh4v9/JvTn335/Itne7cx1frqOP/6m4ff+d7n3//eJ5+8fvj0zes3L18UYgTt29nWm4S5NnMSkbZtBIHggtj7BmaCo/kCw13bMtfCWGsR5uTAEAmpFsY61VrKtt622zPYFkSBqN6qdNzO+vz1+atfXL781eX9u8vzqa2NiMN13bZ52QPJuql7TIdpOezLcqC6x+kouxcy7VX1fL1dGzxf+21dA+zlcfrerz1+/3vfWbd2vmxJIghLAG+qt25r0yDezAG5TrM7kRQW0SzPYwkiKZWIPVxIloWP++ncALE4QJ339XBY9odlPx/2uz/76U9//rM/y++Cak8fYkIhSGyAhOwWgBaAxGW4sZAAgoRTBpA52kkNISari/ntRxxl55zFLumlAxemZSowntBQT+CMkTjALIyRw0cGQ8IuwkIESBFhjFBKQSpwJyCQhaQAIyGK8DLPh2VxMFPjIV5lYZxqAesTEXE113Cd6iQIbdtcHQPA+zzRNNVwV+1S67Lb9bZCYNtuEV1EkBHAzZTTnOuB2kC7zDNMRcNKWYgKMqNUitB2LSzz7tjW63Y7JQFMqoBIpfC0OJI7WN/AmhAyVSLhUsa5hIxcSSZECkCmJIM/pq18xHkH9AgAAwmEIIghXU3vb9yFW+5hG/SGlPfObTu1yzNFJ8B2uwYQTzOB6/V8efdt2/pyWMJVt97Op23d5mV/u65mEU5ff/t22h/r7rjdbr3Z4cWL3asXCkilCMZ2uem2QWjXBoxSp/dffQOqfW0QoNa2pkxUS+FSe9vcVJDMnVBua1ePZbdfdrsg7Nq365mplGX3+PIReFovN3PgadodHgDi+Xou86FMOwVYDTogTrMzeaChqILl+MRh3hP5bU0z7oIKcWG17t3CUidsRXiqE4ILAbgvczks8/V84zDztq4rRNbqBYahEAR6mmKGBhoQMbvyzIKIKaj3rfUG97+UQghrCj5o9KziZAII6H113dIjYm7j/hHi2HzNNS0Nd8bHPQl805QSQyKdHo4ZU4nACB7mEcLs5kFgDjB6iqKUMs9z+/jPB7pHKsqTV00oECBDzN3dGO+IGiAhOAyDUHqjhYkRIHAqlZCbbgjIiJkSCSPKxKsIE6jpAFzzq51PdkSA57wcHuCWNhpEzKDkZBZSZ5BbUpEKFH/y539x65sAJsx9H9aSdAEmrgHARe6RM4nzDqGr30t6U3QBACRIxOf1ots2ZouM382R6Z/SowCEnAbtREDv4ciBCJmBSEABmKP6IDAQMIGTu7VggOV5I8eeYJjbCARTlrjlwhBSJOUKCf4SkZD4yEDF8atAenwxQdmhzvdwM0JiICTetJ2uF+09zd8YWNKcBBmPE0Rs5oAIBqGm6uHYtWXKEJKkgQw/Ng8EjIAzBIhxdoWFB9hgo1Ie54TAwMRiGTY5cGh29/P1nJO2u+cVHdMNkvZOxGnkyMFOu5FwmAM4CwdQgKt5a8qBNhzV6ENlRKVwAEGWqTAPpD8owochGIGZIcjcIzSXEEQ0y2DryNCbWioCuccoJ6bBgSASZ+ExDSEaiyCgu9VSqNTf//HvffHFV6ZKJLlcpX281KJqdZpSPJNDMUCIsIj03rVbggYita0dcVA3pU7342CYKCKCiQmwa0b6BlE6IxAQWTgAzKIu07SbzRSZwjHMMb9BIoN388ieybu6lAFhvV08lEnM3Nym3X4+HJLWSPw/ZW4pSsIU/wWkL5CJiQQATBViKNnVtXfNuiGCQA8Cl2mhw4s4vr5QOWsL7RPHe2H9zR8s+x27m3rv2+DgkjIceFheirGB5knhkWEGEep3twSYdQsspa6Xp3l3ZKlhShjauhCpNkTaHx9kmnpXN92u5wCQMi/7PUAEwu10CtOscN8djrVMu/3hdnraLk/mUJbd8bhXs92yXE9PEYAEtVRmDsKUrmAEIkoVZgr0cXYjYoCmqlS9t55IQjiEeUKG6dYxD8t2GBYkdghCJJG7Q6AQU+YtWLf8Q1QtIKx77+qBFtDVVHW4CzI0DoCIS5G5lmmep7lOu6UuU6m1VJnmqU6ViDNlSLVvfV17d0PTcVgaUOuOlHFDZBbnc7tuLYDPp+vzl1+cv/pFnL+dqdO8vP7O93/8h//148s3X377/NdffPjqeXvqxHX69M3r3/3e5z/63q//7m/+2vd/87NPPn25W2qdym6ZCvp6PW3tDN7YQUJ1a9vWQzKfLsK9lAJIAWRhCQ3M01RKBiu7MCngbpmJpbVtKhK6ZUN2KYuq2npGvQngbv/ofTt9+bfPX/3i/O23vd22283dl92ulJI6HO3hQWWZD4/L4fFAdSr7w3R8hdMDyAxUt3Vbt81RLHAq+Nknr18+Hr/58PzXv/zmfDPhkthclQmAVttab4gkZYYR/J6h2CSF1NwDpMiAqwIiiBgfdlJLPa8YQAY4HY6y28/73e4wLcv8f//r//P9N18iIhchArMYMAolziIEGG48UBGCZL6FA0mQIblYZM7UsgRrCIkYIBAMKQADiYUowirzXEvCLMs8W4wSjLmU7GsPDARkrkQFhQzCwBBFmBCBEcGDSZDAIbJDo3ARYXMLwt5b7rdMlMko4WhqCKhqs1AVSrwwHLQ32xpGTIVFEM1vT6elCiFsvZNMgWK9uzcSmaZ9+gV6VxZE8G7mm9Yy2dZYLUANg6UyMSODddONieZpDuuuHZAperRVdXjdwjb0BshSJ0ZAVwIHVdXVfEusB7mQ1MxcwZTXJssyIkApz7TEaf6p5nrMDAO0g4hIGg8dwjV0DVMkMQBtt75d/PLerk9o2j3Moe4P7qrPH9rzc7+dCKJMy+X5vV4voUoijmytqXYpE8g07Y4i07Zubl73u3I8KJVpt2PCy/O5Xdf8dNy21jddn0966+t262aOVOq89Y0YN3UEj7Drum1bL2UhlmYh0wKllrojor6tCLjUEmAuBbgYSpA4EiAEk5RJpDQzDQThIPZwQzKL3jszqzZ3C4iUUIbpvNThyPPQbevrFq4E7qoEqdR26/223ky7uW9N19sZxseFACncAmy03aXLETx15G7BwiM6PzIkI+uS3S14fNe9MPeuCfOm+DkRe05jewRkdpwHE93h3QhPxcUQ9qSpEbMjNSI9e24W7gghIubqNjpnSq0iZdMeAakgSZ2emW29BQYjQLipEgES7JfF3dJuouoO0VtLTD3HMYy75XZgxmksi3kqLOLqlOUDmbHuwckWZsiLAwsyD5EwuGFEKWxqEbFfFmFWVUCQTNBhzqzzgb5mRy6z25Dlu1sEdnV0aNoJA0cnQipiEBA4gFNXM8Q6d8UMIhDyHV2HVNIMoUeAjQvKowEAkXhEzQNBIIRnHVY2b1u+k4B3UcaIJcJM3oKRt4YDvAN0txhD/H2PRyhFGEhEILUb4AhIzMxMnCGeUEp5eHhY11smhgkJo5jbEPxlChiRMIMPtVL6UTPgGZFsxBzBersxsHUFhCIS6ZnEbMBOLRPWWsLduqYoJdUnROzuAZ7gOjFGkJRU549zKmmoCBRh5tT9DyYTHVJFOtRLiXF4EGLmdgBgUNbo4T1X0pFIRAQpIj9dxMLHx0NvLYYLGBFgXVdyqFWIOZdhd89tmrKTIR8mB9fMrQvVzlQQoZsObBoyJCMgQE1zJELCbFbNyo8YVVNJuo44JiHJfFqErHgH7ZZrovb+93/71/M0CUtrWw7ZYTGYja6FGYAyIIiQETCtJVkBmYUVbd1KERHWoQLJ5txIJen4kQJVzSNYiJDvrdJpUAE3BSSu7OHWDQLAnZg9X/JU7nlg1i8TekSqPoQwE10hHecQy34/LTtKdBnu3qfA+3aaHiRkEikFAC/n9+fzu+32vN3OfV3dHYjzDiesnmYFQmDAIpWOD/7wyW2e3+tVX322++w7ZAYRvW3/ZGOGoXCDiCwsg7soDkDNUqCU0QRm6h7uISKn89N+/+Zy/oAI03KIMO89IHpfRWS3f6jz0vompZ6e3rkqAC0Pj3fBblw+vGNGM0ei4+NLFq51fn73tfeNuOwOx1wCK9Pt/CGjEjKtvUhyhSjJNWGoqarmxXO31rrb0Nu7eWRcczgQChMEmObRQSKS1nHtNhhTgHAEyiDgSGJRGPIOhodHWGZaR3TtanlAYACoASEycy1FpHDhWicuNUYbAwxRR5lQKrKUqXBBYZ7nQ60LIJh7UwsQKkRC5rBuG1Kdd7vW9Xq5qVvrfrls2/MHffoi3v+y2FYYP339+kd/8Ic//oM/+MEPfvDjH3z/n//kB//sxz/40Q9/+7vf/c6vffb6zSevHx4f9od5qUJu0dQooZ0AACAASURBVG7b9byen8mU3dg39tZ672bMsDBVgsqovRVksMgXCVxLAVcvpWJAOEzCQowehYLRwjoj7PbH5fCi9w59tXYupUy7B5mXtbk5LFNZlnmqk5tfLyeI4DKRTLuHY11mLMRTWR5ezI9vnKcoOyoHXhYhvJxvX3799O3z7e1p+/uv3v/sF998+2HVjMA2M1dEmXhxwFU3RKxUE7fKqFhECndCaOokjETMRIQOUOvEwq9e7CzgskEAsNR5f5B52e93u92s3f7d//G/a1szKFctANPPj+ZqbohQpSAl5UqADMIohaZpjPiRlFUBRGHJ1A++OwLy85amMkScS63MQLFpd892a8sxZa7TXGYLC3QkYZ5shIAQIgNjBnpkyvgkNZLKyz54Zrdeaq2lEoMQJBWZJVJFSgbx7peZEdyMhQM4U8tKKfM0m3WAcHVwb7erq1LGXkoxXbW13e5ARLataCoAaN63bSpzgiDWb+gdLVwdAOtUg8C3KwO27RquSEBSERBcUTsC8DzTckRhsM2tE9dum2oXqszsqjmBMDK4MzMRmCqOEe0e6IY4ot9gmJ0GuAmYK8GYaCJdvg7haO622XbSdibiIOnXk/ULtVWfvoW+UalQKjARgj6/bR++mbCY6tP7b0udY2vb6bnfrrJ77B7mdnzx6vl6W44vDSDUttsNSLiWq/r88Cjz3Net3bQUDvPttq23m7Uerb1/9841SMpl25bjEYCawZvPfh0cTs9PIpMzuXcPl2k/7WY13baVwFnX64f30bfDbjo8PPTwW1dgrruDuRcqUmcNc0SqZd1ULcw0ALVrtm66q0MmPqZqxcFde5MA3zqZe9e2rkRESCkXnITRw7uFhZuVUtx1QLFpwoxIpPyjFxUhwhyRI9BdibjOlYu01lJqBA7EwDxymubjIUl2vN+3FEpkIqd5Ys3ZNBXpUMJh486ZKuMsQFLMlI6EdDYiIAQxWXcRCQsI54ybc00ggWmIdsABfWhEsr6bAhkxIn7yOz/69M1nP/+HXxCRZ/MgUYZwxFC7JJaYOBjSEK6E5UmWH1xzj+QTEsxNUzIKiSdfey+bSgkCADFRLVW9d+0YmOSGuxOAqaW8Pcthw3JgTN0OuAcypG6BSDBVvndzMgCy1HkIoFIkEwMSJ+JwNzdkYubxfg35FDIRIXfTcSoGssgA4zJKM+7ikdEecBfk3R0Fd9V4DJHOnbgfwmz4KE4eQZ4I6O7aOzK5RURwuhHSzwMA7ojUrd9uVwQkoLAAHD0U939xEiuQo2EaEBKJLbXmakJ3TRgiWzgKBmApBIRtWyG/A5wkQDoNAkkQIQgQiJHy4bB7GW4pMvZKAHcvhRHRLbiQ33/XGN5oJCKPcMwdzn0E3GMuScTD15vFGffHLXEQNDOAmObJw80MIrRrbzYaLfKJzAY29GkuvSncURUYLVH3+4KQDi8AQCKWNPxEslwYd3wZ76FJkfp7JBoaJ0KotSJSprkPFgsQCetU8o7l783EaRERmSBcred9+Oj6inBCNjPrXqq0tUvNNXmQehHhOPqXgcjCM3wmIsu0kJiFOY3CQyvKKFXCXXt307yAI2AunQHdwIe3J1XmGcRnmUgNkEFe5pBhnAjAJHjfdAli2h2macYBszhg5IM1iocxQ52ICqv39+++BKJl/3reP9ZpMbfb9blrLzLlg5AvimMEACNL4TI0oS/l8HL38lW2FdnW1BuOtTHA7R78C0Ax0MZ8aGHIAVm4sBAyERExYL7at95h3u+fP3yVEmGppZS62x9LnaTUbr3Oy+XpqV1PORg9vnid00rfmm5XMDT3Ms2745FFiOjtl78Mdwdc9g9uVufFtpuu1wggxCLCTADkFghRhRHBwbNpPfcTa33YHu7pSUSRkikAcAMPYCZkBgC1bt1Us6Uh/WdZHA8eaA4kGbiFHyV2EZieifQMw9g5MVKgLFSKSC0y1f1uP+8XqRUIpcg0FZEyLzsgTutrVyUM4hKOPTpyBJGjpGXhcDzMuwUEp2UZjn9CkiKVA2NVR2DSfvvqF5df/c329u+oX5bd/vXn33n15tM3n3722W98/vL1qyI8z+XheFyWaZ5I2DG0386389N6PrF2NEPfKMzUzY0AKhMiViEEQZ7M3GPYmIlJpsmBSGqtpd9Opl2ElqnOc2XGUmXeLVH2PB1kKmY3gq2gwvxAZe9MoH29XiBjeZmplrrfHV498CQ8ld3DYfd4qIcjyBxlx9OB6oxUXft6vT5f+odrvP1wezo3bVGkYMDWmlliRaQW3bqBC4hwHTZ4AM+XC7Bk/kYEZKW0CLOUUpDh1eNya9GNLbBMsyy7eb/fHfb7/fz27bv/5//61wGWnbK5JboHJRCHMBISHFmYStGIrh1FSGokX5cjaEY7jG+/x8DZwFMEiUREYcZMFqbaMwRIqAz0mklD3X1Ty0zPIMhYHyROLSgRITEGCRMxuCtisJT0+3OSiCyUeET5/4l6tx9Zsuy8b932jojMrDrndPcMR+SIHMu0YNOQLQkQbL/YgP1uwM/+aw1IggSDb6ZhihwSwyHZM919Tl0yMy57r4sf1s6jHjQG03O6qrIiYse6/L7vm1w9HFiKauu9ad+JsArlcuP0/PTh4zMXFhE1LSJFxAPcemu7SPFwbUd4F8YiEyGY97a+x9EJHFwJo5RKaEhBAH2/mR5VRE2DieoCAN6bWw/vVKdSzx7Wt9XbRkDCpcxzOT0hMbFQKXWaiFjdpFaez6VO3pu33feVvGMohEE8titI8QAWIDRXqTGyWB8v+HBI1jTcwsCdMEh3vX/xtlKZSGZrd93XRcju175doS7l6RuuC1j39X3/6fv19XPgtN6vbp2Brl9e2vV27B3my0NhFPvRy1z37d7227pu3aKeTzSd5qeLO5B5qCPA/XpzdQCm8Nvb675vGs5cS62OfL29q/Uyz6atty7LUmpZ980CvvnuW5SS7sSo5m3VbQv3qZY6zT/+9Pm2dQ3iaW6qLOzIPaKZuUM3RiqQ4mZNbWmYe9I44EFu1nYELEx2dD16qJkqRDBBLQUDOILCC2GMsAZSd209BWw2fPQ9EFMYF3mmI0JGUEGksIcK11J6KvwciISZAuJoruYGylJ763kg58PkEWnJmKVgjvkfhWOkkJIYH8/+6PkSUCMiICRAZiTGeZr+9I//i7f3dwDovROiubl5UviZATVeDwjJ8T5U4w4AyPy7L59/fPmBRj3siOQDDEdi+vrUUwYBQowTBXHsqCgHAoAU4JEGqHnHEgIToadgzSMMmBEzgAzDfD8Oc2ekQFBVJI4hdx8JXY97P2XZBhE4EsgwAJg4VRijK87SFYO5zJmfhwBhQJQkfBCmYfZws0cgU0MEJo5wyzh1AjPP4LNcwackFALoYcT1n+v8yMZkLAseP0okJpO6qNGuQ2Q7QCNWeHR4MYQJGSCQPkLomprX3LcAAjIyIn0FwfO6UuEEnh5fKkaIMAyiXlVNnQBZWFXdcj0DWaxn6Glq25kyex3Cs+Z+tBQxPEkBv2InoxU0G66LRKnWCnO4PJ2med73Ax8FITMzi8WYbCcpTo+tZ2CAPX6RAUhZ/jx+hzBunHTLImIcVx+Y6cHBjUXL8EIxR2RmelCvw7LD1HCQqhEEQ+UGw98VH3V5zkbDQ0pJ9RsiQWBGP+U3swAfCl1ChPSgPF+e1NVUE4gNjLAIigBQTyEsIiKzMOfGyvlhvi6lnE7naZ7CFYYGN3dgBGkExEMYnf9iLpdoNDMIg0XLTTsIc/bfue7PZtZcMzWCkAw8vT0HsJPX9OEbm62bEIuI5y6FMSyBGjs/PZVpTvDOxzUCTI0NIAASpN9Rf/38w+n8QXhubVdtKIXrRCjHetPeuEyq3a1ZGDwyhwKRpVAAgRcpRQghEFz1wAciBSkwf5yJeTZlI+0QhIJEAaCtt33d7/f7druv1/V+29drHpHT9CmiX9+/nM7PXOZSpyDiwkBY6tT3/f3lc+4Ynj79LM35CXm9vpn2HCqcL5f5NEuZdN9vbz8B0TSfTnMlgKen8/r2OcyQU2U1nhzCyPslu0YGNDXt3XsGP6f3DwizMJurmQNGCm8Q0DIfQIdci5F9mJ4CIJBIZn4ziwNYlsDmEWHmrfWj6XGYmRtE72E6hltIVOcyzWWa5zpPIoQI6bON7hFmpl27aScERs6D3xyBsOnRVI/mmTZkXbuaukcEM4vgvJwCoDu0rq2HGexbVzM0O/be13vc3vuXv4Pr7yfu83k+nU9lmpa5LnOdqrhbW2/QW9/bsV6t7+y+MKOr9haB4CkvoULo1kuZhap6aG/JphGiB4EUBBZkCiBXZp6XKY+6aZqW05mXE8xnmc+yLLLMTN7X194a1Xm+PE0zu+7gKrVcns/LecEiUlkEmQEZpRQuE8pUljNwdSxAwixueFv3L/ejOd7Wvu4tkgIDJBbmkuBWvuMjGJHMTdUDBxBYkE+nCoQ9RYdFUFikSJGpyofL8npXD3biejrJfD49XeZTPZ+WX//lX/32138xgFJEyrIfEYk8rEpBRDN1sMA0oxJiRGQM8q5IlJGIgY8qPwFXROJ8zFO354wkwlMpSV0EICFDBDIHIpZJHQ53izRiThs0Hqs6DCYh4gAUTK9CQAwiJOAIB/RJ6GFFkisIcXcIw3BrbSrl6XwiBIaYaw0IRjzPUxFmEdPmGq79tMxuEeZSpXUVKcQ4TQsXvl1fWAQpSilm7ua11uM4pNZ6fsYQVGMHCJiWk7tP81OZCkWOoed5fiZi0MYY7GZHs2N1Ny7MXCDcbCssLFMANGtUTw5ux+rHit6j796PUVRERFpWQ2AM6x4Ae8yYggIeEIq5gyR3YO66+/1Ft7fQTvOCstixtusPDN33Zq1JnWC61MtHZGq3l/byeXv5sZvNp2cwO+6347qtr29hzstSP/7crbV1V0QpZV3XMGt7V4vzNx+hTLzMwVKXC7KAVEOca7Xu+6b9aG62rpu5o5TDugUyidRiiL01IiKRaT5DQJ2X54+fpml5f3/THlIKe9/X9Th2RlC1QxXLUsokdcoou67a3BBFM4+aOQgM4mg9PU9M3VtY78mxZiiiqrr7yL0AyMnvAAEQEFDN0vmSEHe11lstJV/rIxAj4e9sajO7CTDckIOYXKObmhkRebh2t9yrFgBkAslJGZNkIUkEWdqZAzxqJHhMPPM4TyPCHElGgGc2aHiuy3wg7M6IYPbzT9/+6//2z/7T3/y6axsTyFz7Qw7Gh7wzBV7JQ+Z4OL+UhlnKLBFVnUiGKwYxDFGtw/CdyVk3FJafffPNbd0Rh7O8QzCjjHlBDGF6pMUFZFBm2jU+invILNYc9eZw0c2QiEUcAsC+Qj3MBBHEkCDKKKaHD8ijNo9HHQAYCIxc3Q3Sch6JJbGBbOfyo6DqSDIiYVVFIKmsbulrGQZfW4isMhkZCbMHHx8iLdlylPrYluTYNnem+RkezHw6ruX+5JFU9Ji4B7iZY5atkTuLUToHhD2S52jEgUPGwYyLm1cah80UDmNMIkbLdorQh3FNGgen1AvdfLzAUPregoCJ3GJkKgDiIHbGliSDLQjHrUNC3373yV17U8xKE7H15qbajZgzthgCAyFH5oTIKCMaLcUTA/dJtnWIRB6bplE+jdn8aEjCA5BxniYfIXu5mQIkLMIirNqHZAIwPU+Zc3WNuccYFwUgPB2BMsZ+JDJ6GBIVEfdQ1WT9s/tMw34PR874Y0iMPg8abT0N+gefiYjJgw3gKXAAifC12UtKiRkhQLVxKb23LOMSSyJM8Xlo09y/h4dUSVdTbZbU6NcGxi1MlZlSMQARiNRNz5dLYOhhKBwjY5wCwMOYUJgT3Q7IJhKZRhSGZxHBKbOJ5fJhmqbciWfq3+PQwjxx0onr7eVlnk/Xt/fP3//d+vbjdn3Z11sphcvCXPt+JyIp1d3AH5En45TN1hX5QTtab2rJUA5XUnjYl+SqNwFEt2CWduzX68v1+qXtm7sBAgtNdSp1KmVZlouFNvMyPbtt9+tbOLg7MweAd72+vd5eXwQhzOq8nJ8/muc19fvLT6PXQXr68JGnUsv89tMPvW1V6uXp09FbQS/M6/sLUt4e2XFCymwyqif7Aeuev0NmZsYUjzMLIah1BxARZgbMkJVxGZJ64sfoICjHoyzMeUJjSskJCkJAtN6O1nrrPV14A9S9q3oEEpSpyFQKsQiHRqhjpD9ppKEuMRKTmyEAhHrvpUyQ+kh0qXWup1qXVKdcTidAaN16N7PggijldH6iUssyc1k8GIBMm0VQrWqw3rbQzsc13v6h/fib9ae/P95+gO3N2up2AHQOK0TzJMe+knshKsSIer1d93aoGwsTkpDl4ggCCDGsl1SnAWTiHqgRGLouIkyyTFMtFRgQaJrKfD7L6WxAPE88LXx+Yoa23otUmc91kg8fLmC6vr+vt7v3rq3tt/fKUQuCh0idlnM5namegitKtUAitqafX9/ve1y3ft2OdAKOQHWDUX1EKt8Mcj6UNm7wgOigiohgrSRU6jRNcw3g9J27zDJP89tNkUW4yPJUl9P56WleZFnqn/+Hf//59//oagAhTLUKjGGeI8mnjz8/n85t31kkAFxNCudRGUEOnsKhsbke/p4uxPnyTWvOPJCFRJhzlJneaIQohCJFc0sppZsxccZmEzExIUKgMUspkmQpM86Fw0NEGNCsh/VKONfqAQYGj7EKmRVCBiRX8KgixNj7kad8V93u931bISJh6BwYdbWMgSinZf7wDFSoiEgJ98vzc6kLADILF1E3ljIty7pv6s36RuTHvoJHyXhja6M/0x7H7sfd1zc4NgYozOm3nUflvu16rGiOAJxZKcGCAO75JwMLny7l/DH7G2b+GqYG4YTD6CE1QkQMyBqm1gkcwvXY7P7q++1Y35AmLJOG+XrV+w3a7bi/p48cnS4xn7nMFeB4/cnXmwNBmZb5pPv2/vnl2A5w41pOv/jl/M13+/ubmS0fPtbldH9fARgAUaZ6+WhS5qdzXc7P33x7vd0CaD86M633tR3tVOu+71s7WGo9X7Z1PY7GtSJLc2IpBNhcpU4OOC9zkVLLfN92LhN6QFtDtYgc3SxIkZEZKJIaJSmKsTdFKu5OzIF0WCeRCIMAZPZu2hoEIBhCgLuphwZAmHUzBbRkI7z37biXWi/Pl972MI3Q/djKtBDLVMTVeGROIQQCUVjoCBpLXho0LDyIZajMLOzx+Fo4VgIi7Q/VBgfmDNvBI+enw2vbIiOqMBMHACFfuTly5uHHNaYCWTy4AxJ5OLG83a5/+Td/nZ7j9nAzj8jaL8ZiPCDjvAICOUef6B6QgSQWgKgayfCPcgLC1QoTkZhafmeWxJXjaN3UHt7vkeCEMIIHAg8KJYKZkgYkoQD0GPm2pjYmY4O/cIT0QkRhdrNsM4Qo8xNobA4JEcabbOTPZnvsOCaQo15lwpL6JB+4MSGOWiXlwgSAhLUWQCAetpNI9HWEnhjJNFdz83DOH/c/g+40ZsP51uXcFTwqmSwqcTBB8RhWjmtJ4x9QrglrzdomJ7wQwVIIKOt7j/DQyJ4gggoRpnabzNKrOAmH/JXDIDEGthQ5LcfRTMIo6GH0moREzJFJYcRlKufLchwt3Z2G/iHg0QsgE45sVgAWCfee/hJOwJjT9PBg5mmacBifkmffmfaED5Epjrt9wDZjboT4aGGRRipSgvVpL0nD8WSAkmT2AKXGDgCIWYrkPZHdQzbZwozA7qlPHgMoxNRnM9NQEhKQhY9MgwgzxeTTH8geD90wDcv6GL/rjDYb7pmcLSPmfcQp56Kxa4hMax9/DYII3MFi37Z/+a//jXm8vX5Ju9LUfmWHlN1unSSrfHhc5WzpiDDCCwsSTfNEhcOcApGAmZDkw8cPx3ZodxHKX24Af8XHACljimmEMUcgEHGREpGOVSnViOXyPNU5HqZm+YrikS0CGMBM27a56v315fr6BRERCgZ668ftOs0F6lxItvtrXU55shEgYzb3iKm0IRQmDAhrbhoRmEvGh0Q5Pz0+tNcOgUDb+r6t18vTx08fv3t6+nC6PJ/Ol9PpMtellKnWGamUUm63F6CpTGc9buvttW/bsd73+3W/3/VozBiuXOenj986ACEJy/3txY4DmcxsWpbl+cLIQvTy+fvMnH/+9rv/7l/9m59++D76vu1btliZ2snZCROwEABa01CHcIeQwgCkGhQujI5ubphBhIiq1lo3H7viMfyP4QYERCKMLMRk7q4BSO5GTEIAEWq2H6qmWVUSASB6ThwoRxeMIKbuBsKMTMTMpZRaWVLYTa313pup9abufhw9d78iwlgJS1bcSARhQJg25Ufr97Wvt3a7Xi00ByRmfuybqwcUC6pTzaUzCxLAdl9ffv/D8fn37afft5cf2/tn2G7QdrSOptA3CT9uN/ID0YSwcEWgWmqp5flSprkiSkoXaiEMFCl1mtIRipnmZcpHxRyD5XR5cow681QLcOXzBwN2c0SkekIQCiQw5Klpp1qR6b7e+74TwjyVUsCsm/vp+Xl5+oB1dppCTlgXKBMie1jfj3XvHet173s3rlXV1/2wAE0BEYSl5AwoBbdpCp4n1FSnaaofxP70Z9NSgKfz+emyrTsCRfinp3ME3DZlkuAynZ+Wy+X0tCxL8Yg//7f/V9/v4SDySIlVRyZENvdte1+3N0RwJDBEJDAL0/TgJKnI1HtDzCAvCXS3zsIx3kIPdRUgMpnqV38SJMTHpyFkEYFwy5BIAGZB4jGQSmNjIoRgxKfTeZkqpJjPDcN9qAjMM0AXOaFZChdgYTbtzToiOaBDMMu+rpXouN8GNgeOiN7TcsDQIwg+fPsNylLqRBBucTl/QJlQ2CCQuS4nJKq1EDNRmeoCpuAuzNobAfrR2/3m6aGue19foa3YdvdOpdaP35QPn3CaUGZkKVwLkq03W9/dlNz02FwPKZWkAleosywXqLO5E5CamxkDElK4Q6i7Axi4m6mZ6bHqsYfurrveX9r1R99XRAGZeFqsHcf7Z72/Tky97QgyP3+U8xNNSwd2Pfx+vX3+XkiW509NTVvb3t/buhUEKQLTcvrFLwP5ePls3bT3fjT1QAS3Xqa5Xp6ff/bzsoi796ND8HI+39/f99td24Z6HNt67B2oBJYite1r1xYQAAVkToNjDQAuEThNxaOXMjnyaT4d2w3aQY6n86k3K+cnB7qvx+l8QeS9q7qziDp5YCA5eofAIsBlve4YoeZuRkzg5qYQas1CXYR7UwgFcIZAB/QgMEI8nS9FcLu+QyATzVNxJynldFpu1zXfNOpDFmgwsHjI+JtMYeCACDfwGBhzco8GkRo/N2DmDFIelXkyXDho4fxvd08lKw5QHNKeZGA6o54YpWQAII3APe3GBOYGAa1rTlFjeG+OLz7mqJTT8wFluzkSIQF6IAEBETHCYGhzoifMbqFqnDrsAEJgLszQ9lY4vViCEFMrmWWZmRGiCCWcjGMRQQmSPJ8/qGmEP0a9OUjMeXrkdJUQuZBZJyRhNjOHIMiwM8SHcz6N1yA+uHEYvywgJpkZSUpNHCqZgWQbxnQ7IACkUD5cdSop3kbMyIZxadwtNCs/5FLCHLM/SFQLx7A+WS6CR5YW00NcO1Q7jCxcIRKuCw8YDqwRGND78OOPrxTY46oDZmIuAiJxtqTDn5QLP3/8sLcDRnRasuI0+sTUdw6Z1jBUG6l0+cWJEMnN3NNZBLX35HhIKNOt0yQ06JGRlt0kMxOVWsKgdy2l6KFIlMJpInT1nFzGw1gQAVydebQ4Oe6FZKKG7zRnwAmO3y+NbVP+yQh3MIUHAQTgGBHhhoBImZeJgODm7WgRwMhuToxhKc8lV3OIYWqblqYjEJ4DAjjMlISZq3ZNu69slZJmfmSkZdk/yDrCfJ+BFClSsiqO8EcDCARchNMvAxEe2rcSudNNeh0xb0sq8tt//Lt9u4mUNN7Ii0dj0ZUvXXAD1xHEhqN6z2cWIlC7sbCn9C2AmJCktbauV/eYy5SBS5kAAQjEgEjdjITGugPhQQwkd5OeA+PEOp2fa52zu4xBSFIM/D6YOBDatq7vL9v9lsFSI4uBMMyO9bZcnrhMoc3D5+WcF5GFkR5BEwjZaEV01YbD7Cgwswgfi8h86B6Tb2567G37g1/8spZlKGDCzK313lpv/Tjasbetd2WM+/2d5CTTwkzhTqFg6RtkiCjz6fT0YbgoEfW2be9fBusE/Pzpo4gQy3Z/O9armtdatm3903/x3//BP/nlb/7q/0PPfEBCQhFJY1wWJATrWSphQEgRRMxgBxGhwUDkpj9662ZpXUUQqKoeBgEDBM9IWGEP6F3BiYmFiTgKI4Qfx5FmFBCADweh1iz9kcIzkBLzJyy1zMskUynTBEQBbuFhud/NzgyZx2uicMk9pxqsbWtt1a7dw9S31vd9b70DF3cwgHbs29rb0bUfoX2uvCzTVAsShHZCMNXr9QqB5uAKbobuCGHbvd+u69vby0/f399+gh4YPAlp3wmAMiazKxMwxTLXOtf9ODxCu87TfJ4nVy+15F2yzCfhGsSh7WiHuddpwYIfP10+fHxCmWS+SCntWHvbayneDU1JW1meFNzcQCpJLYWqEIR6GNf59PGb06dv5uePITPMJ1k+8nJGPqXG37pe7/vL23FvtjVft74feqh3i1wyQzItEeqORN10POYMBAwIEv6vfvXxf/sf/+uPJ3m79ZB6dOM6CePHp+VlbYhTMHGdl6fn6bycL6eny/L5y5e/+L//fbpr8+PNj0TEggg2hHrDKSHBVUTIhxiFRQSRTA9hREBeFp5OxASuOTMCQMo1xHjt4FCKYxqruIZ72ve5D9o1dwrMpQgijqUHAiFRzo7CDmtHhtxZR4hSijAnAgoOQiUI3B0xmDLPMfqYdxZhZjcOo4CZkAEQwVo/7nczLZXbsbo2FEIpWuMV4QAAIABJREFUMp8AsPe+rrej3d9vbyAERFwmYimlRASylPlk1lFbZMQsgB6t3d59vUFrxMRVcJrr6ZOcP3iZ+XTBeQaZAbHta/SNQ0EDjnW7v5i2PADC3JG6GyI5OmYqFDMEmmuAchZ3EKbdunrbdXtr62u//Wjb+1wIVWNddb+7G88nnJ4cA/sR2xXbOk8cQE29XC7L8ycusxps23vs9/724/XzD4AMXPu+9/Xe183cVRudLvXbP1Di/f3a7rdjvW/bfhy9LJeu1nrTCDldpufnbn1fd5RSptrDW1PdGofvt+u+3vbjaL0f6vNUITwC3F0jaJ6Prsu8qJN6yDR7eJknmWYAMdP7y4/b/c1MuUzlfPYyYSlOMs9Ta92BDMAQAtkRichZoBR1a7uZuvUw7dmftn1DcEECwK5qCRi7YZpZQ4QqhBPKcRzr7coI2o2I6jQ5wrEdyNSOrqoBgcNDnEqRpKGzxo4xVcZU9xJThux6aDpjP15lkJBdztyS1na3UfNaZOxdsgCR7gyUVtwDN8g4TUYIB/QMPsZswiFBT3AEcHciBkIR8khb/YR3Ynz3oTrIWiqJoHwKU3gZMjqMIIb0GinD9wWWaUIm1y4iT8tSiLR1HInGnj0850w5C05GQtBu4cEkWUTk392a+RC3QCTGPDxMCR9rEAAP+z//j//dwn/7/e9yagCUw1hUDwcnJOLsabJCzA8xfn8MKKPXch+T+Mf2BJCQgIlhpCUFGOTeM89JSM8YRGEeVTlTuPNjvjUOwa+GNqPrgEcjgPhAW4bEcvQ54B5fK2AkDIR5ngEhO9cRiPBgmrLjC3CEHGilDtUBRh1MgojU1iM1KzjeKAThMHYiFJDuroEBI1UxEtkCJnRzqfKzn313u98RCYHCg5JEdAyPUXqO/6C5DtobWbWF5SJCMcEgIKJg4X50Lgx5tgF4eF1K5jAw8chiw/HuyJ6JhoHpQ4qKj+6HEwZFDKhTGh/R1wxXYoaBsnNABFgqAkqtIyQJE73PhUeMRmhsGQZKTky99W9//vOf/+zbz18+MxEC5VPUW0uLz9SOExGRwNDnBWVg9aOnV7XczH2V9UBEmuJGQtO5nGKeZA5Ec/26Axj3DWBlRuDcBePogiKrdXQIM0RwdxF6GKWOD4bZ8EcEIRO37ai1BkSmCGOASKH09/3qpsqEGb2D1M3+4Jd/0luzo6UGgwBdw9RGtzsqQTw9fyxc4iHCRQhAovyfiMxsqu9ffjjWe6JQFCkQjbSsRY/e9/n8gaTs69syP6fuerQ7gGkYlv4Y4O6qAPHIq06vOxiqJExnl5GCeLu+nJ8+EEvTZqbWWz9670mmm7u7js4JHIVx26/L6VxOF2Yp08wyIdcyn0/PH+bzJWc1dVqsteuX35k5s3jE6XI5P5+xCALcXj67m2ocR5cC67r9T//L/2rWXn7/DwEhQqUwhhdBZgoLV48AFvaxj8uGEAgJHdRczSDcwcZqKxFLM0+ZICIzi5SkAgDQDSBNgUWQMNwwzNRUdRweEBDeR4CvB3AyoVwKEZVa5mWZl+l0OgUCMZu72siQK1xy6VeScwSAcAwMHfMbpGCCUss0zywFiIRFSi2ZVoumrlNZWjd3a3s7DiulgsPptDAYgk1ScAzNpDW34OPoe7PtsPt9P47DA2otl/PFlfb7zXUXxHVdw1XbUSpNU5nnZVlO5sHCIuV0fkLAVJiaGzNPU5FSIqKQFMRaJ0KcpZym6Wff/OzbTz+bpsVVQVtlZNDejv31vb++tbeX+dt/WpcTCdc61+U8nebz03J5Osm8yLxQnWU+y3zh+URlplKBKsnMUkQ43NZ131q839vbfV+3434cyXxl415rPV+eBnBYJnyQm5BYl+DTzP/zv/zVn/zqjyPit99/+f5139SRZZnq0/P58/sRSFim6em5LMv5+TyfyuW0/OX/8xd//zd/5eYIQ1POTCychWY2mEBAxBl0nuRujieSqEQgpvFPzRQIhUu4ZksMRIwMEJJWUY81HI5zGD1QOJlQFCAkHtI6j4ioIhoQGMjZF0sR6pkYHijCIyEDkAQ9dCDSVMD7kzBFDwhzTOYwF68CAaFCpGqE4GZmNtU5iKfpFBgfP34gZiQ+uvI0d1VXzTS+QtM8n6f5jMhN1T1KnVEKM2nb0Htvh6rXWhBRj21CAFPvGyLPpydFDC4yL+7u2gQCjzXWu283226ZFxtM0/kjcyWSenpyrtNy5jqlQh7AJQeHEOQRbYu2adv1WAmQQu3+0q8vur1yNNvX43otZYIyl9Oz1BmI9uuXfv2C/UAk4GpY56fnen4KmrqGmmIY7FvsK1PhUq9fXvqxodn2fnczWZb5F/+Uz0+31zdbN13v27aXuoDI8vEbLgWJ16NPz89lOR9N932r06QQrSkT3V7e4mj7fe/98IAgxlJLLYAUVKhWOZ1On/5AAdPX7OjtfD6dpmme+Xa/Erpu6/ryo7bdkOr5uVzOSszzuZyeNPzQ1hywTsBS6nS0wzIOEdMPwjES/48I164UQAzWumonZHNgBG+WQiw3DdPwYGJG4PDTsnQLwOiteXMEZBEnBAhilOVZZNI4EndNtfFDejWG9PnOIkEkRKF0sMnNPQkEpLckpMNmxmew5AwrMMAMAXDo8Di9Mh98QUSW5jRc+AAhxQCBOUIc+DlWqYmJ5pKOcQR4DZVglpUezJQxvgRjgo7BapZ5t0CRTG52HcRo7hAeBMOKlGDbVjcTKZDRXAjogRhMI5QmADhAzbM0czNgRERiDotQH/hxYMJVzJiseJoKknARAYLPb++fX1+sKyGZOQIl6pXVEiCEBYabA3gOvh1yrorBzHPKPYHBDUnIwxGolMlMc5XARdIpKdmCVESadWZmGf1DmcrAUSy9h0cO56PyCkgYEigwEfeR1JBrjczwilSVpp0TjWoUAiBQ5pK8TXZhnBalX9mhiNH1ICbd4Wbw1ZXQox+HiBAldeie7uwRyANpSo3uaOyIU2qZLRoCMpFDykoMEcM90koZhrn65emETKpKX8UOGa6WehRGIgrE89MJAdrekAkQpHBdZnvYTgNCJi2Bo5kmdJQEN7NAoIUhRYxFce6C0COL6QfvATgvS0BecMSAZZn346AB2qCPdQMSl1orEKgapX2piEVYGAGJMGKJND1NLQpRKeW23e+3dwoUKmaq7s/PTw9D1YQAEQBU7aHuAALM9iAeIvRcLz1m58M3wC1999LqGhAo0M0VCapMki4fAJgalQgPM3Ucmto8bIKY3T2YSy1Z1gSEVEZAG+EJgQTm8eG7T+YeZsBMiGkWmS3i8KcFIGZmipxbdEUEBrre38M7o+SaIqW0xFinOZvY3LWdLh9YSprsj/1SKvYCUkm+rdf19cU9ApyG0iLFHhARwOy9ofC8PFvfpVQR8XAMyk0CAgKTiCCEm4LmAGdcBxic2eiZRomLGG7HsZ7PH9U6Ah6tqdlwS8UUocTXJxEQCBnBj/1eSiWpVGpdljJP0zQ7hJoy11Lqfn+/vfzQewMqEEqlPH/6gEwEst/evG+IBQk9sNYS1n7+h7/81X/13/zm13/d9zsCMULKRFQ922kgMk81cIr+gxzMM+Y3wy4ydDJnI5jj+mQtiJiZgQly2oEcuXYkzPaGiKSwR2QciZp1dTXvGhb4WLcBMgFSXaZ5qlwLMQFxKTOSABJLkakUKWO9mZIWYmIRqVwoXD2s966mkVNh4siKEalOU11mJKx1Xk7Pzx8+lCqIlnDt/b6/v68/fX5b9723dhxHbr/2dQNE4EosQIQiQaQYIGWaz7Wez5fzfXvd274sT+3Yt73NdWYhYgkoyPT0dPnuu38ChCJS5wVJclJnBogcHgJpyyKn6UQGS1kKlVkuoWj7cfz08v6b39r7tUAUku3L2/W332/X/fTLfx7M4R2RZJqbengsp+fl6RPVyVkcmbAAVg1wAOIq05xnqXbrvd12u23dUBzZAYtUqZWFhQURt+OodQLiroGMIpKKnq69CFeZ/ui5fno+//0Pr3/zw33DkgXf5Tx1i727lKnM53q+TKfl8vEyTTKV8h//7b+7vnzxiFpKjuYDonvmReOYTgwbBiYCEkZGRwIuVCok1OCae3BBxlB3FyIC7MMKGRk4AM01fQ4oMK27PRsEBAjLFyul7S8gAEgt8zRbQDMlBCacqFQpe+9jDJqrkQCP6BosKQoEcPK+/w9/9ItffvPhH3/4HMgZtwIQvfVlmSEoPI6uBFEKH65lmklETa0d8zwTMfIUKF2PaD0rklLPAmHWATKuiN1Mjx7h07QwF8jtJFeKmKbqYWUqdapoXbcNtVm7275yb3Fs3Ha/39r1KuYUiuHACAhluiynb4jQ+uFAQZiiC6Ti6u1YtW2gzdsWx2r7re/Xfqy93dnC1ne9vmJXCfLwbo2Wk0/nkJNM1Y/Vt6u+/4jHxnWC5QPWU1CZlsWCDg0HLoWoH+36Cu5B0lu7X2+1MoDte5s+fIKnT/PHT3Y0u68cdn27eTCfFizl/OGDApgz1QkE0tqbS7EI5qruofr640/Heu/tSKMkoKmeLiSyt3U92nQ603TGaQqQox0OsMyLMC7LpOp781nkeHuFYzd1mZb5/Ey19ABi7sGmJlUcqcxLgFtkfAmv+6EO6QwT5hZhZmYO5sKhrRECeBSi/djSpMRaB4twGwRFGIILca2ivROAW3e18DDX5w8fiLG3+Paf/GlZLi+fv49R91sGuUaOUnKs5wARxNi0Qxp7mAehj7cODTd6Is+5TxZ/iQANY6wAGLSeqRNCwLAEQ0QGzDWCEGaKrBAlLpIzaUScSgEKG34tiClP9GEioWqDH0F2dxiGmgGZ/okECOYGlKS+Z2GUk4Ag1q4+JqgYKfUPIB7qgvQOyS4jkZYiMkpIAGKUKtmZZ18EWT1EMhQAX78jIkDG8noAvb6+t+3Iw5ClpPIZA4CRxiojOGOpYkDZAZEYErNMEB4GLIwAmEAIoWnIJP/sV3/85f2VgMwsHJKrZiCn+MNf/NFtu2cWVbrvRcYxERKSB3z3zc9Mwx6C68d7Fb8yG1mXUAokI3NecYS3wlesAkiGTa02zYGQmSFSEjd5K6RQAYbQ91ENEKUNDiHi4FbDzWSqp9PZTMcUJLLeQUbylJh8XSAQIqC7IVNo7PvGJG4xdJ0RAcFEhOQArTV+sET5/mDmpCVy8hoeZp7qk1yoRIR2jcBEnQAjw5+7deLElHnwaMQZUQmApo44HDgj/OvUERyYOCwiyYpEQCI+ffzYe4/8qSk8nICZi7v3buaKPp6HLBfH1QmMDDIYdizgrgiMDphzdlcHBHcSJGR3AERTO53my9PTtq9Eknw/MjIxpDyfEr+CAEAPQkRkG6P5h73Q8JAF944RTCWvgrt+derMkDRiTNyQMIY3DiERnU4nFt7XLam6OlUkzjScxLwQUMP02AkYHhcl6e+ASIevwrXnLBoeEF4EAYc6A2EmNWa6BoKUMn5207wLz09PzAwOxEjx9UsAMhBRILx//qlte4CPS5ltcpJtMHxjrffl8o0QQmidLuZKY4OFEZA0Cwa69XCFYXM5PG4jIHNzH6IXBMDed3SY5lN6wrk9hMVjW5uNAGY3NQ5KR0HYr29hJiLpjdbNc/wKrvf3H/f3F9VWuLhrKXJ6/lDmCRytHdfPvyeqMi2hx2mazSDt3f/ZP/+zj99+87vf/A1FmBshpoJKMhUbk1cgyDVtgKm6KTIJEQaF5XyIs5YKCMFUThbiEgBuzpSbImAeDwkGFEYPM21hbqbH0fe99a5ugYgR+BAlERHVKqVk751GBpzLuDpNZarm7ul7VwQoTRiLlHIcXXtv++bmkSuLrtrSA8Pd1Lpu+9qOVZiZp6623V/MFFBKLVViWeTpNBWhy+Xy3bffnJYpiJflCVSP3oErEwIoIdZ5UrdpOZnZ1vb9WFF4Oj2XWlX7cRhzKcvJEWWeeaqyXM7P3yLz88dPwdItjnV3ZwFhx5mmAhDuZFCByOGpTkUxdj2+3LZ//Gn/3cv9h7d23RmLHv7y9z++/PYfn/7LfzH98Z8dGaWshyMyl2M/ju4OvKuqhUwnrufgAlyASUoNoHAEIkTe1u3lur287+9rb03BKXJcVwohHkcHLIfF0Twg9qOpgbod2jVgnk+XDx+vHX79u9vffmkrLwpY5nk/9OPz0/1QVReZuU7L5XK+nE+neal1u29//h/+XbgzESCpGRAjkoN7us0AQgRFGpzkkDAg9+EAtc7k7p7JzyP/mwAIHMO7ZpYnQDgNm+V8p+ND9DR8n4UlQmH4DQNnSwAREL13syilMiO6E6T5lWTCzBAFBpuamjPnWy+IiqB/ef3ddX1vHpEpeh5M5K5FxHJ71jsgFKFaKwRIES6lCt/XFessyxMCIKAee0TwXGk+974FhFlEeN7tXTsLkbtpF5KMSbNjjXAWRAg1A/MwO7a1IKFav79zmLfNW/ferR9qxqViWTACPEwVbO3H/dhWirC29+NQcwpg0359aa+f9fpF11e3BjQxVeit367t+uZtA3eeLnz+jpZLSN2PPbT59t7ffuxvX3Rby9PH+unn5fRkasSkDl29zKdpYrZm9/f9/bVKWW9reNSpchHkAmWuz5+W5w+9Hf3thhD3+3rfO8rE0zzNJ4dYD52eP5XTOQK2dd32tpyfDej0/AyMuu1xtHZbj+OAXE0SA0+9a+/dAKhMdTp168yipgRRyxTu1o+pznOter/df/qhEgCKnC/L8xOQSCnTshCV++2qTYMlmCBA1agWB+zqIlPr3dQ8QDMbDty1EaCqISG692NHhjIVMAcLinCzCGPEB4um2pv3bqrLPJVp7maJURzr5t7a+r7dPhMAOeZtj+H8wEkigBwTh7Nwz2+rgYTZaOCYAqNmqgCi41D9R5LM5p4muCIxGIEBmEAEpb4WEdzB48GJgzDndB/HqDjNhbz3noW0u0M4EUUuAEmQKAOA0u/IwhEf07ScZj8iqhAgKMsGyKU9BA6Pv4istsMHiT5ibpP4TlnpYFd8cEqI2jQcBzY9VA6jIEDMvFxMBmQM+xDcLD+phSGLqxEhZszVAw6XlIOOscbjTRiBiOJJ9AIEYJmKm9PYQgAgvq+rm6IIJVfjjkjeHSsul6f48XsIAiSRNA5yzMRMjAh/vX75qs5MIGE0WZGiVmBhKQIQYYEMhA8/ppSM5pUFT4N/RqJKaoqBBGhmSCQkGsmfUXg4WACgp1Ca0uoRGPPbZ8MHhL11IFAzYnZMpYkzFWYJUwfLqKYcAHkAouSVZCp5PcLTBj47U4CIdnQIwDKcQCICgR4rC/hqN6pNs2SJCAJAJFUrRYI5o9MgOXWDP/zDP1jX7acfPkupGZeGhEJkFiKcSHwEMjEg+qPhkSKEkUOpvP0Q4fc//ogAzJwU9ViseBCM8AhgwIwxCIgwxLxaj58nCEeCLQEaITFTT7wBiIm32+GmU60GgMDrum/7EQ4ONiycArrr6EqBRocNDoQi1cDRzB3K0PYhIQeChUeEcBkDSjd41NLIUYAZi4aHq7sBExBBROro3t/fmKVKyZn2sTXK+4HQ3JhLAOq9Uclj5xFBMQbgGhBClVjIu7kRCzz4KLfOIlKKaiDSGA04Yni49dYJMVtZAELkQEWkIItHHAIGUGDr/djXAEtk/2ts2hi/E7gDEEdvbb+eTpdjewMMIo5xgsM4aYAAIx8q8Ej8d+z/cpr40F/npbBM0hh+OZb/l7s9YK+hzRhOU44EGTgk88RH2963GzNTWSBI0xp8WzEyqbRY2Dwv54/fqDsEWT9urz9FdICF50vsN6SIHl3hN3/76x/+4R/+5Fd/+ld/9Ku//0//L4ID5JyVPBwRJb2FNawpYVjafTBGWFN1AwwSLgBg0QMhwwEQQcO86UPUMz6fNbVwCiBBs3QJClfrao83I7qn+z8iMTNJ+l0LByBzrcvMAgDIIlOp5uFqYEAZVizIiIKkvYNbLazd6/ls6moabkQSDm7hflCGb7Cgk3cPbBHe9h2np3m59L51OwoGL9PlwwLAP76+Hltr5kf7XMkRAdc4Tfz8vFzmyVDmU33+9B0S936kAYNZrOvtaN0Ap+n04buP27bJfDFmAwCWj9/9otRFTtet/R7n4/P3P1D4z5+eJxJSs96jiBGc5lq6h273+2qMfD7htKAs2w1ef9jOKq//8NPOz/JHf6ay1LlCn3D9HVGUD99M0/nt9QXBlmlBDCo1idAgBNd+u9KCJB7M6lCn+u3PPm1eXtvnz2+3+97vze9Hd4fMkRfmIOLq03R6Lk8QKEjhJlxRqMzzjxq/vR3npZSF7/cdjm4Gb9etWTCJBxTmUkstpZBMdf7rv/7bth/AfD6dS5GX1zfvzkxfBeQeToEjkD4X94YQPdFO1x08BAkIFTIJxBiZGENdMgcMMFwDVCGEmYgDAsExMMczDI4oyFMauGmMsR4zAaJZADhB9KNVGZYDcz1b7+Cg5h2gogtimar2BoUYxfuBFHeu62pMdPQrl1mmKoVrnUN121YmKCxm0U2Wy3Pb71IKszRTp8LzfIyIcVRXiChekLmD11qrLL0fDsgIdVkw4n57BVN3p4jwNtWKRO5YasUJXc1UORykUBECpKlSuAiGdmvd3GKaTx++tb6FqZk39fr/E/Wmz5Jk53nfu52TS1Xde3tDz2CAAQGQJgmCki3KIYccDkf4L7clR0hhWZaD4YUWSYEEMARmenq591ZVZp7zLv7wZjXmS0d0952uJTPPuzzP7xmOtK2wdUFxDADXc9PlYusVopdhgDpxvRcZom9xeQ4zkoJyiDrEfMRxQuuxnqldObwviy1XOd3z3auYX/QQXLfQZajVaSxDDez9cmmPH9vjOczOz0+9Ow11GEdz39YeqM/v3w2X67Y1bR2FN4fgYkxYRInBbL47lnF8/PS4XhaAGA6HOo7zODrKen6+PH66np+u12sgMBcXtojQbWuGXIQQYFBHQDK16GruTo3CAHUY5PHjM2hjchnG+e7I86lDGKCUIYVqdZrWZQEPVzcAA4num6pa8w20KzIjsmtw5Z3Okxoe65Y0LorQ3rerq9ecWnsQI4ZjgKoDWGutCDPj/ctX+vvvCWMovDx3MFV9RiSK3aHrFkysXQGRRVo3zl0uIVgQ7Unxmb+bHbK677DMCCBI27t1SOKg5yGBHtHdFHwHPAoRhHcNYUxlRwrlEQg11HTvzREyt691DQhiBoDEuEMmzyKau0jV7oTovgPuMXMuboY6BKi1ukPXnrpoADBzMsg6ngDCDRFJOGCHAQA4YU6rc2aIImUPmTe/gdMjApnAgcx8n3Km/VgNJG5bybi1+oCEERGWUkIEB2YkQil1hS1sF9gHokFYGECEZZzUDsqV2zie3EKt5XjRtZdxNLPvf//dIJOZOgIGWgChIzFE/O3f/c2eYqvdg8A1xR+7eAb2+HGCpEmm9xZvME6CXeifFQcE7JECuxQIMqiC/OZezRYim6u9gqScaWcpL0ycumVAZJTPeFQMUDcEJKbEi4KH5pNlN6kjIHTvgRGuWdH/ge+ZVZsDEAZE70aZT0jklklRQAw3F2C6W/JlZBNiefmkrDwJDQnnJWEEYCTwQPB0yZoCEUjlf/ruWwwQqS9fPXz89NR7K6VALqJo3/wSkZRipgGesY69t5xJ1SLubmosTIYsZOaexgAWIgiLvOh3iJBlbpzv42IAd0uxAhJgMKLfIEUOtr893G3riFRAxLUDAHOCatgjmOCWMR1JDhHCVHPkuW65Nkrp/+5zCDMjSJEYB4KrAQWnwSW3JG4kDAgZBIRAWRXv31YAIxNiJvS5o7sFB4tIoa4EQKVi2xLl25kkwHNh5rav8MwNsUPkRQg3VSE4ICGYRSrlcmLvEWiG6XyALOCRE1mKO58yc0ByVxOEvW/W2+f9ZgqDMzRgD8EgzGZsvT4fji/c3TP4kCg8y/5sl2OXUWHE7hYBAIDPoSPpxsl9aoRqG4c5/ygc3Q1wn1Hs7qfdT5FeBs/labh5EEmpXDy8LU+mkbBYYXJHs/AwJuI6umlbt359busCYQh8uXx6+OKnL1794jf/+a+R67I2FPpP/+Hf/fRnf/TP/uV/9+1vfu3rU5ZECGlrBs6Wqitn/Jk7EbrtvpgAJybcswJIBAgJzDO6RXbjZYR5D3V3N0dmwNCmqp0ALTw8cXUOBK6hbg6BmOFf0d21ewGoVaQguPfmgGge69aFRAqTEDJFesw8NmsYThBFCiFBGJJyB3ICDyBUbaY9PJglrIPbum5M4BFCsrXlet0IzfoqjB+flmmqh+M8CTvhUKbxILouQGgkPM5G/O55UV9evnwBz+vx7lAOd8+Pj7XK0/PTsixL8/HuVWv6uOjhcH94eOUuv/v+98/9w8PDWwZB4BcPrw7T3fXafvvbbx6fr8/365vjaSoystyN48wUzQAjtHcKmk+Hh5fn7h6xNeofrsvw4vV/+6/L2x8OtYhUnmbn0OdvbL1EGWW+Y9DKAaquTdsaqpGzn5mqkDNoAPFAYq1dzXSq9asvX792aj166kgNmLCrBdBl3bbmDnRd+/P1ujVl6mrO9CyFMXBrS13npkgMh2ne3Fu3YajMZZhGFqqjSCVi+s0//B1TdPXz87VWcYWwAA4MIt9P+iKSgsOcKKZbJGsLU03GDiCQp//RCBGdIIL3KEkMBAPDAKBSUNJesx8BCMjkSEn19rAEOwCxehTMoGFwgyKVGFrvTG7rFdNlB0gklmbfyEknNXVCmBDAsY5DaB+rANNQixQihDKwdr8/Hk/z/bosob23FcOZAQlqHUSKRVhXQrheLwE+jjXc0a1WpiALrOPo6t63IuQWuXNGBCp1Or5EKQyu6yUiiERqWL8OpUoZu0WtFRmFya3xTORu6yVqURlQCoAJMqFzhF2vEMEV2nWx9Rnb1ZtaNOZq5UhU+7a05dHXLfrBibNHAAAgAElEQVQWUofDSxxGg97b2rdrbJsuF4QOAOZQjsfh4U2MdzgcicS350KxXj7CCAIH7Wt7+nj9/l24A9F2vWIZ6nhsum7XFYL6sl4/fvTZWiCVClx5HEaepIoxbH07HE9cx27qAfcv7p6fz8T7mrlpP3/8hBqmPbdCTVsZ7kLTeRIo4sEd0AwH5ratlVG4FHRdLr4+WXu2x3MPjFpQhuF0LHcPdlmXrTEX9R4QXJiadHUEUHcFUHVVEyyqCgTMuK3NWvMgQhjruJwvvIcsBQWDW2jnnWZqjBiwb0vBjQAsgBAZQJftw7t3Ya2ZgqbQF5kwPMFCSkzajQoGoFoUAkbynM0jukcOuDPACwEsQeSM5umDy0PTw8CTgkOIjGQBGoCWBZd7wM7w2O+4VPLv+TA59QcKxD3H6XZWpszBwxEDkdzRs0526L1rsjVlMN0iwD0YSdUiUAQgooiYQ9eetuEUI8AN9OmeNUNgGh1hXw8ggXUFIkZhYSTS3jB2aoh7uowz+tjz55j2zX3ndGq533zAqf7IWXdGYYaDqTKzQ2xrV1VEYkQNAHe02Ad/WXjHTsGRjCgi4gh38+RgBJC6hgOzmO6jy5zdB+XKHZkkLLr1hLb4TaWEmZ6w2ztvmSW+RxHk7+5wyPwmIDyMUYqQObjtzgHeM1mzznTvCLA7xNOuDBm4xPGLP/+Lf/z1P2zLRshIyEAGPUf3eWADhO/ajrz0HJHyQQzumIp/MN91uhBBcbt8zA09qBSpBTwbygAPcyMmzXC0IgXJHUrhZV2SinO71AIBIbBFvz8cz+sKgenFyHsAAbqaDPJwfzyfl3BlFnfz7uZOyM9P5zA7HA7rdeluP/rRF9+/e2/h82G6nJcsbsI0QFKq7+AIaGY5tE4Sv0MqKrmIWHckVu+5NknBUKqomCXc9pYAwQOIKf+fFABBnuwKqhxo2ZkDJHd2GAt22NaOjITUm6b8T5g8LSuF0rGA4Waap526AoAgxa5T91xtBwYBOuykpoBUGRmAAjoSuTmi7zQqyKvF1TtxGaZhWZfYpV17IIQIBYOMxRboWxeuxAjgRJxkzAjLGO25zE0topv1nZ2JyEThltZoszDvCIAYIqUSt65uVoSQJMLdIvJdR9Dtk8zN275yAUqm8t4Tp4slPk8jHNkpn8MIuq3qGkjuuq87kWHfle0ZcAHgmrKggD8QEnfHxG6hdTA3c89m223PysuFYOqe4PPP76ut/dV7BKCbKotM4wOXVdsWbhEZDoAA7uYEsTx9vIJiECCZqQcISR3K0+Pv/uhP/6d/+vXfhhnXAgG/+80/fvvNb77+yU9++ue//M//x78PNxGpVQJxJ26pEwUxurlHuAL4bqRkESkcYQTISOgB4O6GBMKSZ4G6ZYeQqR0pzEjJnINrM4Cddeu6T2EImaRweocIizALE7p3BQrMHAFmAB7miUvxUFcPcEJyNzcbhpr8ZYDiDiIMdShE27a6OhAONAKAmkaA942ZCYKQCybAwYl5mE4YPo+DFArErXcZCrghFRSx8MPpbj6MZoZDDGXAOr5/fnr3+FHKLMSH0cBVEB/uT9eradfqfjwdn85PtR5Phzv1wzBPDl4Ow+sXr65P648UhvF4/fSx6/LrTx/P6wauwzSZhbXlx/PwP3799Q/vT611zje4bcNQ6Qdvf/jzX4w//nI+jYVZrTMVOryx69P18V2djEqN4K1tuC3L44e+XYY6cB1TXhV5lRKRFCnD4XD6AU5Qt28/fPr0rNfz+vF6ebxu69q1h3t0U2Ixx9aUpeQxbmbM4gGAVGpZlg3IpQ7DWIaBr9dViozTgFzqUIZpGMZShJ8ul3/69a/MPcylSNtUWEC4axcuwhBuESFIAdChQexJ2REOBIUDgN2j2SbEN40gdjWEkCxYAhw+h3XejkJAhEIMmelhZgS2r0aRmTCxGpToD3dGlpzWuxkgIrr3xLZgOKADUWCYBTNqOBAxQxkkPMBdpHhgHQcgLCzX64IoD/Ph5elunAYm3RZHNylFuACiC2uLvnYit3Uz60TMMtfK5/MTuw7D2Hvv3TC4APZmAcHjhDABQYjA8ZRP/Plw1Na0tX69bAZlKuV0jxaq3dA5AJFLraUOh7sXpUjrCmEiUxCbd8egOoqMzMT1Sv05ru9xW5lO4+GOZLo8fYS2hAeX0aWGMI7VtrWfP0gYuKt2YZY6xjBIncrxBHUgKSI1gANhXa/Wtjq69TWWJS6X7XKWWguPdT5EEHq062JbExr62r0DACjx4XQXPPr1GuTzw4tNdTk/0jxPD6+fnx6RwoGchzqdgOrHjx+2Dax1tN5bCwhmMdPLdWEZAEIYkKKbiQiJjNO0bddxKNGaX86jddiuJHgs1Imf1M/LFaW+uX8JLI4GXLkMtq1dL44e4EgopazXazfPstTCmcBCiWCahmbmaBa6b7ccwmLd1qkUjp3SHu7god0MlMKLIAYWZEdDYgQKh7Ztqn3LmS+gIwMEMBGgu3GVplqkkGnOy5ggEJqmlBkDd7ofJD87/QF57HiwUBbthJiiDJECDuCeRxohmgMmoWsfRkZGeRKhO4YrJj0XAiFy/AoQRGSWw1vYdRSEaLgDuSCDJurd8dXj83dmJkWI0LrmRtnct7YmBZQZAD31goTo4Z7MmICAsLipKhJPCJCGYI/Q3lLjvj9ScmGfqAC3PNkZIQA8b3wI4QLQ00OIAYSRea87+zGAEEkIPAikaccgFmGmUFPVNDOk4j27CoxAAMm1Skaa5SQypYreI9ARKIUgeywsYWYoEDAT9d53fWPKm3JWwoiBw1DU1c12DdP+PuEP/0YS2R0SlOYOlptxzOknxY1EHzeNcjr/cvQcHkQgxJv1b7//VrVDClfcAhwZfvDFF9+9fxcG+zx0V9FweJLKIqenySSC3XK6f1cWXktRU0BkSoWxg5G5C7HtuUR493D3/Hw1VUTsvYcDEdShopCrJjApbV7WnZgPp8N5Xd0cbsygZJoSMQGcL8u6boRkfe9WIV0pXQHB3QgZS5Cwmob7NE2tqZpCQAbCMxEyuu6UWSRAFIBQtQQTevj9w927b99rMxZ0C67FtCNnQIcNMkbPejebZgh3QNwxorcFDGAEEToB+E7GiljW1SwI0bobGaWpzkEKWZ7zgm4ewRghUBwhQVYIQES2O3sj7RxmjhlzFeCABOweHh5uuMf2smYXsT9z8trhWgeWQrRFADrsRh9CC/fN+tZulglgYtUuIhCobkQI4EyMzuim4Y4o6VoJJ5SOZn0rpZAU0w4ByEy7X9iRUM04o8chHDwIfXeB3+6f5JYhAYT1lhT/m9cl54wEkJ10GvMRAr1360rMZp158jBE2IvebLPD8u9CUIAj8B9aM0TwxIIHQCSJH5NedWu5AtHNMTDt5gkiunFx4EaoRUsopzWzrY5Thpm7e1tbojwJo4ggkgZ1dWYJV0J0BCJZnj+25emX/82/+r/+47+ZygBE7vYf/8O//8nPf/4Xf/Uvf/frX22P7wJMzSB2VVKKr91cb+iT9PeSMFAkKIJ2KiMAZA4dhnvqXHPJFmbawawHGFAwUlhY9whvmv8WJPQWsRAyCac+SlgkQ20cgHaoaEhxYhYydGvNzBAcmbQ185imKTDMgYlQuPJEYL3rVbuUgQpwjKqKEAONBIE+mnVTLzIQmFnv4GUYuzUEd6buUWV4up6JYRyqaRsKMwkUcRYXfrh/ON3d3x8P33/4/nq9NoOnpX3/4QlMH+4nbVqn6eHVG5nl+PJ+jjIME8pQh+na2vP5aVka8Hz3g/sWJPPx+uG9rWdv2/sPH7999/1F1QMfWzuflz9/eP31q1dqtlwvBkLgwfL2X/yr+NHXGNtYB+29WzgYI8f0UtZn1FYPM4xHXTd1lUOXcRiGEaV21a1pVIcKCASIdZhOJ3y+vj9frr//9uP3T1f1unVH4GmUBp1Q1rZl3M+GEMgawUweJiRAOB8GVbcIEuJCJDuDoEhBpGEc59OhFCGiUsf/92/+n+26moJ2zVZk6+sw1IicuDFS6euFihgSQumqYFEwWCTXZQBIGGYGVBNcgUBBIEQpGM7i67bMA8AAdAgMg92OlYddcqMDEMIiMgAGEXYiCAW4L60djsdaau9behAigpk1ghAMgCKS+DDVOh+GQrhe1/PWj4dx7TaN43yc51pPI51O49uHV6qtQz++OhI+RIB17eHL1sx8aSqFzfp1Wzi8Em+t1WE287ZsYVzG4Za/i25RxqHi6MFUyVlAyBxMuwMYME1zmJZSeDiuiizSVOt0xyIU5mhWhnm+Lyy2XaOvERCEWGqtFSIuy3VZV66HKEMg27AKlQ2IGZwkZCw8sBSwbtHa43u7PpNb6vtomMvd3XB4YcxQBiJSDzS19eLBEiBlYhnqeNR1a8tiW2eiwsVNzQIBH7/97rpcRIqBe1cWKdPx4eGlBuiqy7Job8M8m7n1TkjM4tq1dSa+uz+VeerqTx8eu2q0ZtdVm5u5hkoZmIohgHsAh2OdRhjEwM6ZAsmMTH07D+j3pykAj8c7R7JrW2WQ+aARxOSEPQxQMkENKOWLMg0DhHx6vBBjd8sRuidCt1vvKhxmXkr1rm1bGLCWkikKAIm+1KSSCBXvPQxIyB0AyTzmeZhPJ4j+9KQaFoDhBgFFMkZcs65BRzNHRI2MukMLiDAK6dpzP5Y3jkOgo6VqgzlnVnvOVqLBmZHAUz/ouxsv+wjKXIBdKA+mhh5EUYgswAKIkSgYiIk8doUsIgOY+y7Dp8SR7+WEhOvHT98EGGGxbik0Uved5e174GwEpoKBAIUZmbtZuhr28XU4IgdAasbTWumYiOk8fi089uAoACAwzyF3BERWAQ4GAZGQ1ZwmpJ+IKOh2+CMAAQc1MzAlggDaT/2sDHNBnkO9G5fHwZlKTZOc74uKvQ+AABLBHciCuzIkPmtbUiETnxcce3G4Q3GglKJdc6icFdIOlP+D4gHytM7YlFt4jxPRLRI2IqVDN3F0rg6QKTXKiIiAjHRdzphm4tjBSZnau1yvu+Yir7V87R60M/WztoO8uGL/UPem4M2bN5flkhq17JZSqZLfAGJuNaL3Tkie2ySkMJfKwrT1HrYXaHmFhcPT5QweRWpaM7PQQd47lGwkCBOumpcKIiIROkRvmq/u06dPCMAiT49P7lGrtGUrQx3HYdta3D6ooNiHxA6InO2Wm3s4MU/jcHd/13vPuIasEj2DANL/QLelye4HQETiUlJnnuECeRsh7jHQ2o2JMdKVgsRiakmRAoDeNAtKbUpCADvLahcSYaj529dvWOS6XDi5rUB53icZOyDMdWdyIGZgXsJYU2mTJgFwX67Xm9grgVUICOC5bgFGFCmmtkV/ePHyul3QKYlDOQ8IAHUFRMKS8B5EMuvB8bM//bOPT4/gkL0bIppHWGoZmSL7JQgHJj6eXpRaPu+AUjyU/0XA+elTX6+ZC3jz82CqjPJuij0GjyN8ON1n3rgMY5gl/wQAMLmWEd47RiTpf3fd3O6ZNLTjrj3y1pZSh8CM90lBYVLFdoVdCosiHHcSUEKRPXu9gAC3UoYcVzALSUEkYUZh5IJ1IK5Yh+FwEinWmqm2ZoPIZbv+4l/+97/7zT/6tgKyRZzPz2+//Orrr7/+8P7D+3ffau+Y20jL6j88wjXx4kBIUrgUjlRV57Mi8/YysFloXwwmCS6ia++bmqfFCCGwN2tdu6YP6Ta5SLM/SwB27eaGxIwcQExUa5VaZBzqMAKgQRCGm4cZoUgpRMwiZRwdwANZipSCeNtvM7EI18pSqdRSBxApdQhAIC7jXKaRh4GFeajD4QDBa+tIfLluz4+Xx6erdrtuRmUq42maDw+v3969/ur+7ReHhxc8zs3x3fsPjgMP89b9/Hx9fHp+eLh//fYHp/u7u1cvXn711en12zIdZT7WeZZhPj683kxWjel4mu8fpAzzab579RrLQHUYxsM0zaPUifjlcYbe75m+frj7wcPdOM31eDAPhz789E+mv/jnJFFZ1DwggCjBuBbu1+f29NEB6uGeynQ9n5PgvFzXtvUIABSqk8xHlAFkcPfr9fp8Xs6Ltq4WUaQABGdid0CEE2Me/KWW7tFaR+JSigEAoJB0Mw+oY52H2rcVHUSYqZCU6XicT6fxMI9DlTL/b//r/3L+9N6BkqDPJMxECDUnKTJ99eOf965uLRAdsY4jiQBkTFsg0TjUL17e96bmSCRACIRCzIgENxQ3pd5yB8MhEyCnt4+Jczq7txJ5uQcgJlUiHY23+HZM35dnD5FcY0hkUELPdqMZTtNwOo1FRM0v1+Xu7k5K/eIHL7/+8sVXbw4/env/sx+++fpHb07HOk/yg9cvv3z78nQa5llKkW3rAdi7DmMhwLauUoUQ0bOGI7JAjFLLKBLREZGFPELbGgHDPHOt2jdGLGWgwg1chqFOo/AwHU9O6ABOPN2/no53VAdAoFKJ5+52XS+hHSCQ6zjORBVS4BTKwyxlBGGXaTy+VKQgGKZR6jwcTkQErrSt0J4xtAwHmg4yH8vD63r/GoYZ61xKxXBARqmMzIQULiTAowOvT0/Xp08IxmUspVzPF+tGJNZ7b6u2WLYGETSMMR/mVz+4XLf3330PDqVw793aylLrNIXZ8vhJt17GkiWBdseu0Jtvy+X5eV1bU+1mJFKmkwY1VQ3k6YRSg8nMBxmIWNtlfX6Oto3hP377monffPmFE797/3G4vy/HO6nT2rUDDeNkbuuyrNeLufXel7Zc2nVt29o2j3CkiOgR5u4K29oqs/WuWwtz7c3X1drGSO6N0AEkdUqBjgjZb6Zk1MCaaq2yduXp2NYVHSw83HcZOZKZJ3TK3Lq675S2nHBZz3gXjBSVA+cCIDKbNAKAEYncoLtzYfPQjJ/PmticKSvHnfuRjQBKTtDzAAtMiy0RQJg7J4cQE+SIt623+07YybNxtxvfOBwZ2bsTcyACibOUI8RMCIn9nE5q9z5qNPOs21PRS7d8L0IkojDP3L7DMHlODQLpRklCRu0GyaLwAACCCETM3tIhZ7KYRW0+bAPNHXc1bHgAZTIKEyTkV90Sz0KQGWHIt5E3AgQwU91reKK0GN8E+5RRwzsR/jaQ3mtzN1UjgPQsMO8w0L2AIUo86m4B3dGH9FlGmcfu/iADjG5p2dsJ6Nlv7BV+AhP4VkkjpiB/9/g5Zb8IoObIBBHMFBHXy4WRmXiHTyLsEuyIJA1lReS+5525Z8gcEpG7X67P4FG5pjDAbXeSp+7ZLAipb405heMJTIR0Foabx47tD3dKqwQRBhFJgAtLWPoBiGXvb/Jd59cuhRHp9mlCWDASMd5ymHPWmTCdAMJaKxOqWW4wCLO3snAUQhburRNjkZrSOg3b2naDrmQ4TN4KiEDEJJQpNpztCQEw8d58uyfBM/vmIiXvG2aqQ8nIiVKLdg0IZt5lXwj5/UZE5jDl2Jg592DITFtf27oUqinXytWWxQ782fdMQACQg+nM2CGkjApJUi5RxhHkKjBVadmrBCEF7LMrJmrWvv7pH6+X1VVvMc8IgQEGeQBnXDEGIhBzmgyWy2MhSUYTBEYAc5KHdtstYlqd+HT/KpV1EbZPF9IdAAFIy/lTW694AwhABBJE+pxS2H77kDGiHuYyTq6tjFPsWgAAABYS5giz3iP8ZgTOjycH6bHf6gBI5K6qvdQBAWNPHt3bu2xLYvcAR9odUhPkGR8McNucKUpB4j1MhChVcMMwSx0sgIugiJSRyqh9SZVpGYr2bRgPP/7ZH3/zq/8PIta1j4M8Pz3++S9+eXp4+NXf//1yfmbajQcA3lXdw8yRuIhIYdrFjoGA6fo1j0TQIngkzzRuFLSwsH3f52FdtXfTHub7fOMWOJGtEaUzGAALU8KBiXCcJxEGwlJK38zdSy25NhQpUtgRhJlYiKhkNhQSBNCOjwkPJxLe4yOjdSXGcB/GkQt3VbVUdoabauvaOyB5UASO0zjfv5ChGOKyqQcH8ebw/tLef3qMoKZuIe8/PF5Wezqv4zRM0zAVZgaq08ObL+phVJB69/L5ug7HF5si1WFr4TigDONh7I4aLuOhzqd6OM0Pr3A4QjmwlAgUQoF4eTp8/fLVq/t7EqYyXpfLIvX0V/+aHl4AYKrGUbgOA3FFQmBBAiEEkmE+mXNbnkmvbVsQsIiMQzndn2QcLSiCTDXM+2bXZds2W9dt3VpvLVQPU315Gn/46u7tw+HLl6eHeXiY6+vT9OJwuB/r6TDcn6ZSRJgwXAoTozA+nA5hlvvqQD7dnabTaToeDsdjKcPTeflP/+7f7JakIhGGEJUZwFmII5DodHdy7eHNwnM0UEt1QEAoUoGgtwZhYymWj+ydsUEJzzV3ixBhEQEHQhQpKbNMy/+uVkWKZN/cHmiScXuIGDl+yXsMiUE1FXeBlPanwNS2Abr5UMo8DgQ+VbLWIOB4mL/68s1Pvnr9Zz/78sdfvr4/HV883N8f7+pQSOh4mIfhMIxjGcpYyuFQmcgdtm0TgMo81DKUwc2yf3FgcGMhJDJt5pYTYgJwM2QCIXdytXBQU5AynV5IHakMmm+lsCOXwx2PB5TiQa23ACYZAswDKQwAFDg8zLqZY2BBDCQjBJRSxlomZAwklBoerqu2s5+fmBCIyvEkd695vrc68XCgOhJQaMd+8b4EoEjl0L5d2uWTWw+W5+ertkV741qCRTd/er7WaQQql/P5vKzr2pEYS6n393K67x56va7LKsIOYEjEtR7vTy9fm/nlfAEiHobrpt1DFb31p48fW+8ko9SxtQYMQUUOD07UrIVAnU5lmMzdQ/u6elf0vl6eB5aRsRL03hXIzKkQTpOPB5TSwzOc0M3WbdXec1pTh7Ft6kB5fvGet4NhoerJItTemBEp+taFqTWN8LHgPBXrtq4bEQhnx+1uWdPYltgfoq/++JcPP/z5h9//OqITsisgIjKpWhZUrmEWFs65Gs5jGHe4316EZSVPmIk7KX7ZQYQQSECF8+jH26yWaV+MRxIq4LOiP2vZVHpmwZG60YAAJh5KIUbNdEfIE8ERQphir2oxzAEx0puYtzMERDBjJsPuZUSEmQmRMCMEE6XsynPrT4gAqZvO+OA8U/PhnwIWJrw73Ltb6xvC7e8A0A4yJMrWPz+OvQSICEfanQ/5YtwhUlq8/3luFiFhk+6eebv7X8kmDPYiE3eBATJQyWoRiSEQwEy7cHGLPU84xfPweWa+T9IjgIiYSFWJiZD3Oi2x3oDEKY4MAkDYJyPpdtgHH0ilCO/WhOy7shIhh9xrBjFCQGggYan1lla3D+tTO2VqN1h4BoSlozQ3UJqffr5yxKC0O902MEmASXUTYLY4e64ZBljs3l7PyyqLSmZwL8IkFOZpWU+Me/aEtLdD4G53D3eq1npH3jUgmDZZYtOI0IicVgIEBAXehpfjMGgzd4/MoC+CCOp7MbynSyEwk5SiXZd1yWxasMhtXVI9WbhOdZonM7OEbyG7mjYX4lRNZTmImCmzhIjatNTStGlYqZLNcq53EJmZ950NAAA5ALPsOM3eSx2HYdxaIyQpBRC06d6rAJCQiNRS3MMt+XeewbVqhsh70DciQCClgxwAdlIksaSjX6QQoFlPUVARQULL3RzugQHC4rvZWSGoDJWEmTkJySLl29//jkBLGQKCCJnFEcyMkAFpX63lQwSJCM9Pj4Il/EabDSAS4YKIuWBFZikle+DxcCJmD4ucyt8E9lnZX58/6bIgJYU4/eOZfoD7Ay9bYoSAKMNch9GtDeNsphCY9wUxMnNERNdU5Ow9c9zKkb1VzocQqjbt21CmVLXFXv8H7FbhhF9RQEaPxL5DSDDZrmzEPUVEakqKEJGQIwKJuEjXnuMch+BaERl0IeateRF8/PT9L//qf/jud98s14s7EOP5+fn+4eWf/8UvPn56ev/t76w3MxVC7ZauKCIUkQwTjEx/cItwC1PLoEoAhFSCYobWBbqZdW2argfvqqZqSW0GAiRPzF12PHlaEgsRMyEBl1KHWodqjmpQSvHAInU+HrJ3lVpYKMLqUPOhexsFGKQPmBnd1Xq2F9ab9waBaXAEU+ubawczCY++lQgMC7PDNAy1uHmpXMcKXJZ1Nfeh1vl0HA4TlTFILpczlzrNZZjGl6/faG/aV/ceblzoeDxa+N3dgSmWy7JcrkJxfn7elm2aD9fWTvdHQPHArmpAVGeREetY57t6PNF8OL18Md+/yI3ZQfg0jONYyzgi89bW/sWP7n/xX4/HAxOzSPbeyRcIAJRhHI9yuOf5BQ1H5zqNhaOBG5cyzTMyt27mhCDqoGrMDMjAPM7zNI6lSK31cDo48ofnyz+9u3zz/fk33z1+eG4fzuu7p+V57UtvTlxKqUUK4+v746HW4zydxuHl3WksQwDVYZI6He5P4/FumOc6lPFw/Ou//j9/+1/+tpt5RvzkmRoK4alkQITnp4+trQ66tCtCVCoQ0LsGGISCIZN0s/QaeoQUCSAwIyQuEsQewHvxlQ9qyVNaiDBNSwifobN7WjAzMTPSIFV7p0LEBZC7G2BqdqnUmmc3EzGRe/KFqCAK01Do9atTYdFuX719+NOffvGzn7x99fplKQMwVhEi6m2FpBABmLVcUg+FGfDpfH06X9q2lgKFJQJEyvE4ZeLg3WkqLCjStlbqKKXq1t2Ch9LdLNIhSEU4x6fjcMRAgGBhD3X3UmudZyQRJhISJvBuvYV1ByDt0zBymUz7tj5jOLiDNtUOGEMZGDHa4taIBYFAr3r95MuTaxuO93x6SdMB6wG5lGEsZbB19XYhX3V5DDfkWXvX9drOn7x3B+7G6jTUEYGQZWv+9HRWdxrqdbPrtS3XFlRkPHopOM48HKz19vS4reuyNefKZajjILUaQZgSMZXiXC/X1SFa0+vT87ospVYAMrO2rYFAUqCOSGIYrfdAEj7IMKBG3sgAACAASURBVK7rVZfzcTpWKYJxmAY3W6/XYRxfvnqxbtt16zAcLkHn7QqIQx2u10XNtm3bWpK+nYktCfYRql2EHUJ7zwKptzXRCTk86W0liJQAT4PoshKxmR/GUZD7umBYV82jHwKHysz1zVc/fX78cP30LXi01oTy6gxE7KqFWbVDDqOysLd9yJTk+qzgEAEi7e+5Jt9HtAGOzJ589pwF7T8Ae75AjrQRWPaaEz+nbd68pnBTmiSP4faYd95T9sBu0nSIP6iC3DEDSYnYfDck4N6F4x5q4J/DfyIzBIkxR4H7nBMgPKfMSYhhAMBdtwREhATbstgOWdln5AgZkpDDaojk0OQrSRq7u0jJ6RYEJM8wInZ4ew71b2ttAsi5apJmsuMB4X3WhTdBAACLjBl1QITa+qu3P5iPp/Pzs5Qa7syUg++U5OyC/uxECIqwuxMLAPZUsGSgL+5xSxERGDvOIHJ5Gbvk8dYQZD+RU718YSn8JsxHJTAyIJJwrdVNCZEZA9JMiZTzNkaiVOvka8y4L0DcCY9Z70R+Kol59og9KjhrTWQgQiyV99p0Z4zsfJoA2A0P5gBQxyJM5uDxOb5N8rNOlCoTlaGUKsu67Uokh6TR77G/EIDISOEZ2MiAe/LG/q8HIsPbN2/WTeOWHcdIwuK+50qCg5vfOg8IDxEuRQAgHJCQWXrX1rpbEJA2zRVSyk9vHuCAWypNBgj03g/3x+Pp3hR+9kd/9N1332J+sxHJyt1/hOnzFsVv3bWb9q3lHe+7BMVvBS1mb957DwAmLrWkugM/+2Agv779enC7ycwAAElEAMDdMtQjIO7vXmxtzZvZTW+D9htM99ZW7mvNiJvQKQhIpDAXB9CMlwIMj4y9y1VIXvGYAVIOwpLmfgC/Scgi3D00IhCJiSOcgIBgPjwAAGRgIATfGgoEJ+Dr5VNbltwHwE0RBxAY+5Yn+6X8zTqOUgfXVsc5b/SMRWeiRPCq9tzOfL6fbsihz/0+IIH1ZtaHccolYz4UIb0JO3o4hxH5SXmuJPLWTTHVbtEOZRn3FA7c497ClJmFxcNLqa2tGDBMR2srhgORMIdbqeOf/eW/+Pu/+b8Lk1u4x/ny/F/94pdvv/rhP/zd36ObaduxtkjERIxmpmqW0lSzAA/cMdXg4d7NNC8g1a7mqmp9txMg0d587psOiiA1V9c8jQiRq1RmRACGUmUcpnEaiLibA8I4jrlpkUK9td60ihCGqeVThImY2c11a67pX/DW1Fvr2k019w4AaKa6bW3brDdwC3NtrbVGEMu6AMA4DOrezRygqy7LtilyKSQ8nY73r9/IPCtJOT68/uqr12/fbuv24f3j0/NiqoHYN3Vr4zA8P55//avf+ra2Zfnm19/85h+++fjddwPjh+/f/e4335zPl/k4P51XLiPLVOo4TPN1XT1oPt2V+Vjnu9P9/cObN8N8HKfZl0Uvi3ertQ5D1aHSz//y9MMfHQ4HVQtKCSsghIZ5b3BTcBEL0OAWfb2sH751a+DQuyJzIMl8KtMMJCCltW1drtfr+u7j5dffPv2X33/61e8f/+n787sP149Py9q0a1d3j/32CIBu1gyuWztf1+frWof67ePTed2A5eOn5/cfPlkEMMs4HU53XMZpmupYgOV//7f/83Z+dIcqksmjGKBtI8R5mt3wOE6tNY2+bkuEAQQ5CjGXDNF0opimCQJZJJvenUkXSEJYKhKylJvrxhERgW9SAsxMOmZECCEpyIzAmW5JYKoQUQqzCOwx8CmXVSFBwlJHiDDz3ENGeK0CYNp1nsr9aTqM49tXp7/4kx/+5I++nA9zYejrmeyCvnpfen+Kvli76nrW9ey6YGzR13AoxKkZqKVYU0R48+r+5f00jeX+fn71cJqGcjhOp9NBhkrAbhZMZRgVAomEMJNuqlCtE1j0ft22s1tnFBK23gKoiCBa9GbrBVWFInrf2lagg8fWureVwjOSCmzz8MoC7mTN2mW7PJOHuNr5E/bVzbAWme461FpHBHDdvG+xrdHOsZ0xwByRD4jc12dvV127APVN9zh6bdvleb1e+2Z5n26rtS3UYGsq04mnsR5PwzQvz5e+bMvz04cPH4Zxnk/3yMEFh+Np6w7g0zQ70vXSc41+efzQrwtRIRFzO58v4VaHQlzKeLouq+pqAHWaC4/M8vzpQ/QLYbRLq6UwwadPj6XK1nTb7PH5clm7cdF6kGksdZyPp7X3rj0AVR1S5xPmhk7UenfzgJDp8Ortl8/PTxipU1aCUO3ohg5uKoyhNjJGV+9mrQlwQVzXCwaEGSOHAVJUlir87pt/fH73Wwhr3cDB1JA5Re45pvddKYLE5GFJDM+CKgO0cu5ECFnXEFMGSgEFMYc5GIQFqBGncD7t9/s4kDJZJ9w8S3CG9Iz6Pi7czb/uQBTh3bPqCgoMQA/7nJKEjLsyPqfdRHnqhjnmADCDcTwoTYm3MT8huFuWCrf1AMJOncgzdF/7Zyou0a5CQUD3njhIRLAw4X10BLdZQCAgk7rl0HAXUUCER5qVAdFuGVD7m85ZpQfs88TYX39E3FomyI3+LohBiGCimipEYQnA6Xgcx+Hp8ZMUTnlUrkKS+JgjZgQwsxcvXozT/Pz0TMxAUGs1N4IszPDmOkyFLQEgUCAAiWR/I0RIaCk6z9IHiThRNoiIBKjgUlIrwmFmYXtuBe1ok9z+pGwpO4q4dReYahhEDIJd1gW7ndHMw5glDcc3xyS6AzGZuUfcP9y1pu4hRMkNZ0pZvWd91VW3re+xCfB5Jr8j425ASli2LVtb9+BSiNAtaYO3gjj1dYjMFLeQZBT2RC8iOGBrLZXi6ZGope76Ktxnu0g7gomEwiNrpP2ahFsBHJhAFUTEVOHvYyVEAOGaDCHPGRUzAPRtWy6XDx/fS5GcYGVl6BFDrTfPzJ7Otr9nDMrBLZMnad6dhfZVEua3BgDASBHBVdbzlTidG7frLTCbwAigHC2SOOTWL/UViMBmFggvXr16vjylM2DfP4nstlDrmLDcVNQAgXmSO5OMhAkUumlhstY/HGZAcNN9roy4J0Qz7rsgCkZOjwHkvYq70AYRw93MRGScT0J4iyGHXWvoKS7C9Xpu1ytxuvjTOpw3DGC22IGwB464DLPUEd3qMCcAIaWAXISZwt1VA1Lwsn+v+LmW3391BGq6uXqtY9a++wvKKyTHG+G7ECb2MJV0CgMCBgHdtpgBKExcsqvKIQkRuHsdD922CCdm8ijDGAi9XUsRQNJu1+vlRz/9Y2B6+vCdSNm6aV/H+fDP/9lfPj4+/f63/wjhriqEQZCMtcxgRsKIKIzhbr2rdlftPemdAKauluvKBPoTCiWJyCMQLaCreUpWwRGBkISkDpKTA2IqQ6njyEQJqxzGOo4jIZh6RGh3cEwLsrlLKVxrnmpmapZcsTCz9PpBhLt167uI1lz7tm3NzNRV1VvvuJtDQWoBpAC0iKW13nu+LbVobkjUe5yX3hRa0HndHj9+7K1J4Xmew7Fti7CMI2+XT1VYiNbrdRB3tW+//fju+/eE9MWP3kqpHz4+BZTjw0ss9e7+JHUow5iM7DqOdZyZ5e50P83zw4v7Mh4eXr0pRMu77w7DcDgeiAPefAlf/8lwmgtXR/BwERJhCte+9e1qfbHtsl6fwzqXglSuT5/a87t2fm6XKyHNh3mY5+6gCkjc1Uy7mjf158WfF71s3rpvTcOdmCNIzUjEA1QT4y11mIFycU/3h7FIbQ5IXIfB1Ht3c6A6zscjjeMwz9NU6zh+/+79h9/+w910cjVO2dueeYGljOH+tpY7CiUKdDNlYQZmlHDvahBBjJ4pzwF1HA/zFMQOwFICg4S5/v9MvdezpUlyH5amqj5zzrmub5sxO2Z31gBLYHcJChIRDIVciI965LP+TgXJCCoUoqgAQULwIGZnBzvT/ppjPlNVmamHrNPLfpqI6b73nM9m/mxXalVFcneR++UNiNAIMQQkAkatNQAhYEDPXVMFAzX3OxJxrQ4GKRoQGKO7GK3rulLyuT00BCYO7CqgF7dXTy43H93sfvT5s6fPb7rEddmX0/1yurP1GLTm9bgcHuo6W82WZ10nrRnqCmVJKQ5dFxgTweWYrnfh2RU/f7rZbMJu011d7IYhXFxuLq8urm4uh77jiNx3oU+xS8ABkUiBgEDNpDJRrXNdT6AKoiCV2FSrmaHVejrl6URS6nSs85HMOA1RM9QsefGEfjBiii7YtJrrfFqPd+vhLtjak0A+YJUQ+jhsuItqFkIICLqe5HSHeZZlqiXH4RK6C4wjGqDm9bTXksFYqpY853WteZke7x/fv69Lyet6eNwfHvfTlOelAKERCYbUR45xPi3zaSqlqKIgxaHb7DacIncdxl4wqkGpdV2zGV/sLk7Tcv/+LYFhTJQGo7gWDcyNwVetywymIkCIgbQPcZ1nkjJPUy2FCWvJTHR1c6XV7h8flUIFyDkbhe31dRXMpeSS1+ogDUgtZiBqbn51L3ORwmm4fnL7/u1rA6NIZlpFUEyruqcECUFNSq41j4lvL4a8zqXk4B5JDP5mIgSQCqYOMOV1NVUOsT1WEcAYAAy1SG6KaUIVU2nSZANrb03xUit0k4CZD9KG7jmojlKjWmUGbLJPM3RjsCtq2ojTskKcRqCmxW8hK+cgxKY5AlARMHPUlYnO+FUbpQCgYdWqIObosp3NedRav1wKQ+pCAgRE8mGz0RQGv8Oym+XAmJnPKib/WEhoLTb/LL1GMmIkUEDxxchhcbMQo6tLFcTaZwCyD1i2UvAoGXMUmENgT5xXB+HbZAUu2TVQMEAyMDaM1nYmIuLDw/1x/5hSp2rqi5y1JMQmKwYjAuYwr+s0T0yMQKLy7OmzZS2qwi5qQLefgpmjpwpgxJw4nmcUz/ZX9/WCix9cePzhRBJ99dUPD4djLRI4mKspyN2JrWIMDIDwLAywc666ntUUcF5DAPk8B6JLtwNYs/e2DQGMfJxSJSZyKwYTgknxhYFUNXDTyfg5O6u1PVlcfdshQjM3tBAYuAexpT0CMLf8cmxXCFAIfHYDADTRBhE6GM/B0+VblxwgqqgXNnOzhHiOE6pnzamds4VAVRTMLw4xZeaQgrfBm6cQmfmhEVO16mocl1SpSKBAyE1P3oobwESJSKt6SK//YT5fjohEyMBegeEHB88gfGPsfHOtUlWePHlKblF3RVFbxjz8XT1+D9DOBlo0AGYC8IRPO5wODETAohURnFYDJA9nRC8fpBb9REhAba71003MzStv4kSEqJayqlmI0a+u8zdwZb6TGeb2DznLZhBchdIkNcy83V0BeCzPByi+GWkIeV2mdTp63qS4L+U8sLtuD5o6HQCsG7YcIiHErvMyPgAyRA7enCV6fgeYnVdtlfNKA42lQax5VZEUe/BsTxHzmxXRXb+NO/NN6rwynzlYl975KTRV5Zj8flVRYGwLpALHrqwTU4qxUzNKPdRcliWNoxmASq7ln/yzP/nmb/+KQEqBLsWH+4fPvvzqq5989Rf/+S/KOtVSOECTxgm4MaCqoJlIzWvWWj3RtGkTW9uKD/+eqYxe/u2sLAIjMQCJmasv3JsZYyAmJEZA5sDoXiszppASEqpILeJXNAZOXeCEMTIAiIpUY0RQQRE0aTnYJZe6ECGZlrxKrXnJJee8FpFq5uHRZmBMFGLHgYsKABJxrbVoFWeUgPvNbntztbm8SNvLi+ubp588v33+bHN5QWnYjNuL7UZqNdXQxX6zpUgmUqZlOsxlWV98/OT50+sQEnXp8ubqsy+/fPLpD7Dbba6e3n7yKcd+d3Xz9t29AY/bHXMEYgNn9ogQAseQuhgTx27YXp1ev7T51KWIw8Bf/l54/lE/JOQgJv6i8CR7LaWWSbUSYogJQxe7DXJvYDFIPwROHceIHNZqFIc4bkLsKQYkXHM9HKbTKtNa99O6ZilVAanUGro+po4oppQQEcglMNELNhTg5nL79uEkhjGwKix5jSEAhjRsh91F7PrNxZY5xM3wl//xP95/921dyxioCzT0AzN2XQzEqepPR/7f/8UfPjwevjsciVnBdfnBcwa8qk4BXGJByLnIaZqlKiAGppSiqhCSAQYOCAYOfyLGGIkREN3WEog6okhsamgGXiQAHovnfYgkYCbKAEx+jaOJ5VL7vucQ2MEygBhDl+KQ+o+e3fz4ixdffHz72adPdxcjSIa6n+5fzY9v63xaT4c8n5b9/vRwp8vKWHU5zcfTdNhbXcCWgFVqRi03l/1upCHUFGVIhJoTGaIyWewihZ64B8aQQr/dIpM22TOgiEoRK7WsVkuepwDUp0SgWjN4xjyClKzrKZpRWesyo1UtOXCQ+VHzbFVAVg83SSFgzUEVygT5pOuJpViZZDkt0yOFiN0Qu1FqqfNMda2He1sOJNXMKKTKQ9hcYwhQRddpOR3yssTQI/ZlnvOS1yWXuZwejzULQNwfpmWupZpRTJtNt90qYdpsxj5Np2mdS5ViGACRQry6fjJuxizSjbthc7GuVSSb6rKc5umwnpahu6y1IOaqYBiymII7zWRZ5iJVVWLoYohscjo+1lpysWFzMU3LsBkVaNxscy4hcC7ycFj666v+8qoqzrkMux2EWFXXIqHrpRZAy2tRtSx19T4CQiA0QJH8/u5tpBiIS8mmBtWsitUCBlbU5eSBoOOw68LV5fD2/Z2JBAAwDPGc5wEWiLTWkldCSCFEjuaSGDRCrqJrWQQRwxaggKGp+h1BrfJIVYwcklXPq/CBG87ILdgHtJqMWkSKnaUvCkSmgKYKHqrLDtKDNkEOfBgjW2GUv+sRzjh9YGd72+TvP96HMwRwBLNl7Z/VuC1+tM3DVkVcgosAxC0H86yqUR/PEJC5uSjwA3Lu0RNIgdlRIoIG/DkjImcxvJo2YuKsh15zMVSmKKZqIiJE7ABeiIEZSq4+WwVmQCOkqsptvQFkt6pSisFTYdy6wMgdmLlMSkUQiSioOoTWskLb2GMfPiq6qcBPk89Vx+kktbig2T+/D1/wof0IqJ1H9wcbMLGpJ6Fam3vUiRNANCYWkcM81ZIDsJhyZD8pIsKOmHpP1bmmHQmdG4ImxnLMvp0D/7CO0PuepWeGxUFyImo5KkRlLU5NqAgyMseQgp1/tFRh4r7v1lLaAuOL5nlA5xCIOZeChJ5YdNZPARM5Ou7CrCZvI1atrh5xcxUC2QeZjZdhtSAjUFPnmBiZmGsRBA0c8Nw+41atmKKqVRWPQGpXkzWQUkSIySNT/CLzHf68TwMiiEorjPPtAwm0XcqeRtc25+YQcJm7z8Jgpm1P8mW1AdJ+irj5E2I0U47B1NZ59SVZxQx8Hgopdmom1oLZfM/x016lohliQED13hDXvQCYQtWspilEMqcgAQEQSVViip7X61tWLb+r1yZCDsFMYgrMEZHMgJCrd/5RUNMQgn9ZAxMRNcUW3efTtzEzATGHze4SW7afeICOKyX8hOdS5sO+zfvwYdo/91W3Jbmd77TduTo4pt7MTSmAiByZOKiolmqtb6ztRdZIGbKGSBAClZpFJHW9mol4+68bQFoFWSND20PXVzX/aP6V24VA7n/g1JRKBoRgoo55D/2u1mqqyFxKCSkRBVlmCmnNwgRlma6fPr9+/oNv/u7/o8CIXEtZSvnVL/+oHzd/9xd/QajrkgmgLedga8mqKmK1rOePoUTRvaqqpibokbSuEUQ2VAXdPvv88ulnpRQm4kApcOTQxS4wcYwhhhgTBk4xhRCBCIBCSrGPQFq1qmKXuhgppRhSp6hMTvIoI8TIIAWkoKmUUkouyyI5o4rkuiy5rrXWLKrVAMhi6tOw464bh7Hv+i51qprzPC/Lsq6GzP02bS43Tz7a3H68efbxxfOPN7fPsd9QHC+ur2I/rFkM03h5/eT2SUxp3IzgwRTL8nD3uJzmJze310+fj1eXV8+fffVPfn+8eX7zyQ8++uKLi5sb442GFPo+DWMumgUAu7VWDkFVT8elFI1dKHXxBxchEfNmO4Zx9/j+4d03/wAAevNR/OLHkOIw9MQMaIEDB1YFh8QodsPmot9cc7/lYYvUW4hIWNYTmKZhDMMmjDsIg8aeYoccgWLONRc7zXnKsqxajUPqQurMQJFTl5Cw1up1dERowJ7KEGK82g4h8PvHuYoBEnLwkOjYj5uLizRuht227/uui2uFP/23/8d0PO4fHwlsmaa8roSy6ahHu+l4m+jf//0//vV+gRBUlIiq75VuxyNWREVG9vA2I6RA1LJSpKqIiagKEcQYA5Gb7U3FtdCEnuEdCKkL3IUgWtVMFFwZQYhIbHjGUUxT9EQGJAoGFPrEkThQCIEJOXDXhT7G613348+e/v5Xn1xfX8TOsE7r4+t8eDff362nk4qu67wcj+tpnveTqZz20/27uzwtiBpQ1+VYc8nLbJ7TXKa6nkgq1VyWo9bJ6ursb1EFEDRAwJQ4dhGQStZ1WbTmkletQoEQCURALa+rySp5LtOiaz4djgGBTayUZT4hCMaQ+qHkmucHqRmQGcHqqjXXab/sX6NkLEtdT1gzigYKBiiINI4KKOtSD4+0zlCW5fRYzUJ/id2FhYH7LTLVZS7zyfJaq8S0BexrKfNpKhkBQ865lAoQ5lX2p1xEK2Ac+hC5SDUiDmHo0uk4c0px7MbNbs1ZTS+urqrpKgIhishxntdl7lKnRR4e3s3LZBYVuKzzMmcVW6ukza7mJc/HnFekjrthc3GjNZ+O+1Jld/UkdePF7mJ/OBoCM90+v6nrilJEbPfsGV09Cbc3ELs0bpF5yVnAikDs0jwdGSjnXIpUtbUsDsCqgffLSa5mWnJREwIqS0GtgUyK1FJqyQjChJHj/vFwmmYA7FMi4sf9AZCz5HIuzc1SSi1EYUybELhoqaZMwQEaAAUaP/7sDx7ffUcunwNEQzQgFAATUQAQUTHw/ihEdmGK4zlNcn+Gs1TMgLx5yidPbQsB4LnbyScWaz0AREiu83WYmLC1aKOLC5rExnUELTrEGtzt/aRet+P6ekAAE0/CQQM9M+beRYvnmbD90aYqI2wpNeZPCQRo8SsAyJBSIAMmFJM+dpe767lMouoke1XB1gLmtl5yqXaIMcSUS/ZRsEvdsNks6+xTNLogEAwRVayKALgSCMyMAdxATIhSqytV0ICZOwSP6PngJgBgAgNuwWRtFkFTBWBiT1NqSYOIZsbIoIpM9rv9AMDA42W8VccPqPg3AkDEvutb3CkYIIbI4PnyrtxSI+S6VgIyj0u1cwJz0yycof0PgbINDjdzrLfpGtr0dwafXfOiYBYChRibNdYlJC2886yaAZdusGc71FKdrAVEZEwpmjnBBB/WwKYnQCRmkTOv1dqp7SzMMFU465Z8NAVV8fNlTWd0lti0zdU+aOh9o3VRfRGJXfRWMgA09dAtFVWt56xUMELyw+i/jBBbiiKd++t8STBicnkLqSk1+NsTd1tjjx9sb/Al74MzAzMmBs9xMvTCOSfi8EMi54evio27IUAFXNeVnU7x2w60EWqIxGyqisaut3FWBbwe286ANZ1PExi0j6EmgEjG6mp2VABgCCEmNWVsPmOn7Igwha5J37WqGDGXIhDIwEQKY/DxkRRF9DwTN18vARGT54AwN4IQCMbtjhBVKrq2o91KCEjEXA2mw6MnVjbpjx9Hp/ecUG24hPXbKzOJXRdihLYyeuSRVz+Idwq228J7BH3TaFQHIAAQ15LBIKbeSWhX2Jg2AlTb7dWevf7PfQtFoPMP9w3BwJQ4Erd4A7QW8evpS6kb1nU2N9MD9NuNaS7LOm62JUsIeNgffvzzP3rc3y3TY6lSquR5un5y+4tf/eLrb745PTxKzWACCKpWiodSo0gloECMyCkl350CuWWfiIkChhCJohqkEGI33P7wFx//9Jel6mk5RsYYYwpdShGZEAkwoGEKMYQAxIJKifuup8BVVdRCSIQYQgCiahZjBCQVoMDoW63aMs11zVKLSgUHiyTXXGut1dQQlJhi1w2bfrPlGFNw1xxUM0z9ePX89gc/ffb5z65efBkvby2mfc5Lzao4zcv+YT9PKwHUJS/TGmLPqVtzmY/H4/2+LKfldCwlD8P47JOPv/jJTz//8VeffPnlzaefXD17AXGs0IWUECiv9fFxFtX7+/2aC3B8PJ5Ox9PpeFKw/eH4uD/123GzGdSAQxj6gYgDx6uLHcZwPC6vfv332HXhs5/EJ0/FzPO+RI0jd0OXYiBmZA4xEaUQO+DYan85EoFMD2U65GUpa0Hk0A1qJmpI3MR/iKnvQ9dXqbVKqTZNJVcDxJwrepQSoEiuZ02re+E/++j2floFmAgpBGIOTCHGfhx3V5fc9cNmjDFstttvv/727X/5y1oqEhKGKrmqm0ssV72fyr2kA6YqpdTiz80iyhiIQ4wRg5d4BkbkVurHLagA1VXIjYAW8bxpakVFhG7wUjVFJlKtIMVMq6rzDObsPDEQIrIrYmMKHAkMOAQ1U9Ou74pUr6KXUoYhPX9y9eyy/8knNz/78sX1zY6p5sPdfPf96e5NOR6mwyHPs5rWUtdpebzb393dT8fl8Hh6//6hrBlNCKuL08CqVgXLkqfleF+WeT3s6zoF10a7/R8UQQCUEZipi2noe0RsSQwIqR/HYYcU5um4rmvJK2oFVc2V1DiEruv8uU0hciIzTf2W4wCgzJHjwEwG1kW2soIWRi3LYiKAIQwjdzvh1F/cYIgquZ6OWGbSutbKwy5sn2DaVc+PM5W8lnkp81JrVewwbKSU+3fvjo+nkqUoTNNsQNMqpzkXgTUX7mI3xJxnJLp8cmNqVoS7YbjYmdQYOgoJmGLXrVU3l9eXN7diJuIxErzul8f7+8fjQwZVjPO8pGEYthsNCcdtXlcUWZaFu4FTr0i5rirl8uZ2e3Wd57nkpRpYzZshDH3su4CI6XhF1AAAIABJREFUWXT34oVeXPCwO56KGAPRPK8coyKrgUjlGM1ABMy0lEKBFQiIqlQVqFKrKqDVIiqmtQKIY1hmygQECKIM6sXrBKhqa67VLNdaTZiJiVW93sgTF4IazmVZRNTQTIvUQGxaHx9eEqwA3ksFgQkBmdG7pdRA0DA4Fw+GZuQpFOiDeJPzAtA5egLOeC+c8z+hZX20TYBabCdCU86AelWpyy7M9TzY5Mpnqba/z5y95ugZ8WRgpsBM518GhOg2Ng7saKljbS7cNXIQDBUMDIHJU8sbPWkA2uiBPiYmNhNVMUA7x5VWlbWsDscBoKmfF5ctoZ5zLKsIgpVawedw1XWd/blhpm4DA+9DLSWm4CJ59q/sAneAD1C7I/jMITVtxhmlRi+U+jBmuwECfGPCzW6jUn2s963KnduIdv3kUmotpQASu+TLDBFjDM3G4NVojTvAWkTNhn5QUPeenkcramAyGBFWNTH1DQzOQ5S1v3fOWXLZE/q/AwRmaCuNz5romDrify2HQqKYQq3VnNCgZkX1/83B1SPNQqCiLSAFEIBMdM1FVQIHEPPsP9dvS1UpAmBgGIhaj51fK2etOKih5+SFYOiinXaEHb1ld916TwxCu8KZ3GcL6JcOl7J+/sUXJdeyZk6hlOKiFwdzyVcdQCZ2BZ4nDvbdQESiAgQ+sxMTsaPHyBxUKqg2wR2Yz+ZIIVBQbc4bn+ZDiL6ruP8Vzo5eaOJwgzYBcM05hWDqQVstjBcBUkpEoTlYXK/ta52/cFAZKXD0A+/SII7RK4oRiZgd4AckDuQefmlbGfu7BJkImCmsVsQUyZg6qRUBkCBgZGK30/kPZApSytXTpz/96Y9fv3zZD32RKrWkLiFSK9TweNCGlAIgNku0WZWCiP1m1y5CU5/m2+EAMyQznA6PYEpntZL+biFstyM01gQ2u1uVte9Gb00AAENC8OAzNhWrrSMQGtXjAD7BBzAFAAFzXswsxeRnqg35zs1BC3KARsu2T9Equ+GDKeDME5ghYQiREN3i4us2EUqtoduIlrpWJA5kFFOISeYTMokhIqzryYj+8I//5O//8j9HRFHjgA/7/e/93s8+/ezLP/+z/xQCoikilFo9D8EUW6AuJ3L3M1Mg3m62TEBo27FX76IXFFNk4q4frl9c3n5EXdxsd7e3T7fDrpQMaFWrARJj6vqYkiJUU04cU0IDySqiBIAMMcQQkxnElExBTIjBzGqVPK+yZK1FtCIAooCIVI+1VCSiGLphGDbjdrMZYpSyrssMIV09/fjmky+vP/ni4vZj7sZpnt6+efX65W/3d+/mZQKwFFPgiEQx8HYc+iHtLsbtxYWK1JLX+bTsD8vxRERPP3rxxU9++umPfvzsB59fP32Rxi2FDpjWUqbDJEVfv3r57a+/XY7zupbvvn/5m6+/fbx7TCkSh/fv3j887Mft5W53lauN44BEhKHvBgTKZc157WIygzmX969fpqubcPtid3ERY0hdJKRSiqgG5tjFgMhMKYYYg6kgqgf+mtrx4T4f3rJlRDNRNCulUuDU9YEjGtUij/vjqzf3+8NSxWLksYs3F93NxQZAxCgXHxohcDTArutijFU1mF7shvu5xG5IfWftEW3D2Pebbb/ZYEipi30XQur//N/9G1oPfYq7sYNqRNxv+gYWhMSEopICFikcue+6SC6+AZFqhuph4VJMlM7cmp7HC2xvi+ZdR0QmBIW65uBPIU+kMFOtgcnJcCQOLcIOCNk1G4hcpZgpM4qoAREFI1JV33QZsU/JRK823Y8+vv3yxe7Lj6+vrzda5nJ8Oz+8nu/f58P+uN+v61prrbXkJZ8O07u370+naT0eHh+PeS37/aHktesZ0WqREIKalHkq80GWaZ3X+bDXWjl0MXS1FCJGJMm55qy1EEKMEcGYgJkDEZL3j8aci6loKYjG2AKIcs4hJJFalhmkIqLkWUsup2naP2KZveFc1okQVKqZdf02V1PD0O3iOGKIyoHSkGKvOct8tLJGjpq2EoYwXqTttYlKXkxMc0EVFJWKxUiwW0tdDvv79w85mwJNWda1LkXmooqUFXJZiTn0m5g6SkPYbKRKqbXbXSnA6bCvpSoFZdzsruLQd7tt6DoAmKaJwKbDfj7OqhjCYIQcUt/FwKSGOIzj5eU8TbJMHSNy6Leb8eKizNPFdhi3l2J4eLgr64KAY6KO6fS4NwVFykZht7GYlqUgBkoxDn0xBcJ5XXMuIrLWOs/zsmZnR8HAUBGsrNULwpCRkEwrtA4TdLcSmAYPjEH7YE6VIqIitXpsfxO1owViF1ueFZ8mpgoWkX1sUnVorgASGRFZ9ADx5gMGb50x130TmjsBXMPhe70pnd8y0OZoMzzP0loRiaj9ukABAUXFE+0a5gUYQy9WHC72F9dZzoMICEguAmgabkDkcyMsoTfeND0IGrsDVr2HBNQbq0y5IXDARO4h9Mnrd4pfNAZw3XAgDEiB0RBKEZePSzUDE5U5L4EYW0GnLyAN6RXzFpRqAIYmZl2MQz/UqqIFm4gcnLcABBXbbsYnT65P84kpuhpARZv72PkTPQOmZgwUmvyAXSbjAzOoKRF4kxF8YD3ASs5eRXrWYGFTV6GJWS0VMRCyo+fmWUrU0Eh0yM6a+kpUmEnRs/M/zEdNbW3qzTJNZeDgvmekQnNMons0CcgPfnXfHDjArR/ySVyIBP6Y9u9OAOAlyQKAXhFn1dyN6gB7CMFbsVTENf2eqAWOfgF8uHrEgZ22h5KJIgFxYxu6vt+O47xM1PKb27pFRCLazDM+rp3JFjjLq9Tg7HY2QAheEqO+AwEgEIX39+9yWVJM7AYjQvBkTXeooqPr7K6IRoQBipq211j7UKpgKqJyhofRFx5rLypql74oEQK6WIn8JLvYy9EBxhCIm1zuTI5lLbvddpVKFFqCqe9hiGAmtYjqeckE8gnLV0BVNfOqYz8IjEQedy+GqN6M80FHgx6PpYaIzOxu5vN9rbmW//5/+F9ev3olZWUOCGpAYFitVq3QyDtU1XEYTqfDu/fvCElK/eLLH/7Lf/m//umf/WmDz8FAvIgKAECk+uk4046EIfSbnYvQ3M6DbQlvGyaFNE8HydlPtFuUzteuEULrBACkwP32OpfTuLv6HR8HSEjsVX3i1ebn9DM8kyPQmDCDpteqZTWDlHpt6Qtn2sOvNecQ2s1qBud8AQNXCTZjv31oKkEO8bwk+xjk4QxGRDENZZ2II5Gp1n68BINlPiITx0igp/t3n3zx1e7q9ruv/8bURKGWosZ//Md/fFryt19/bSoKikRrrYjEIQQOSOS4iqj0/ZBSPwybm5sLqEWrICJzKqtSJGVUCNvL51fPP+vG3ZPbTz/94meUetVcy5JSH2PqUhdiMAAFiF0MzI7OBIwpdqGLMREia9XIQaSWWloHylpkLR7jaCZoJnmtudQiUiEXUcLUDd248cVYRDTEi+effvSjnz/7wefFZP94/+btqzff/+PD2zfrOgWmFFLXDTH2AFRKXaZl/7hf1+JJaqWW6XB8eHx8fHggjqnrb58/++rnv//FT37abXeh60uu6zTVvL559frr//Lrb775+uHt3bs3D//4j999881vq2g/jm/f3u0fDqkbL589M+oMwvXNk8ubW0GPyRk8BbvkYiLLvMzzbGAVYDrOh/v3/cUV9mPq4rAZAoc4JiNUA1HzlOBcasmFTEpZpazEFgKrkemSjw8lryH03WaMXYexE/C6AzYjUa2Kj8flcdLX74+/fbO/O65ZLEV+ctH96NPb26vR67yzWqlAxF3fm8FPf/D87eMkajFERhKtIBr822y3wF03DH2fhs3m9Xev//bf/59lrVpkh3abMIjUImEYrNaaq4FW1ayiSEWtKlStQ9ePfcfEqYuGzX3ITE71uacT0cdfJiZmghaEbYxEBD4XIxohoKGIUiAwaXd6w9c8xdvjBVHFELB1jwDF1Fc1DiGlJFIDk0jdDMP1bvji46ufff7sk+dXm4GtnOb7l+vD2+O7N8thP03zw91jVVPD4/F0fJxOh+mwP+T5VAF2L374/vX36zQjk5kQo+uT1yUf79+t01TmUkXyWpiiKgFoERUREVOpLvZQM2ZkBOYYAmtZc7VqKGZVrO+6krNPcnnNRYxDKmJWa2CUZcnTJPOJquXjqUwnrmudTnU51ZK7cachcuqNO6QAoVdgBVtz9kzJZTpiNQAM3QbjRuNIsaPUd90mL8fDYW/FEDEvy3wqCixVFcMyL4fHw+mUMfZF9e5+Wkqdi2joICbqOjMNMRaFYbNLu0seRsnrdJogxONh//j+zf546rcX/cWuG4dhvAh9L4Citr9/0FKWZam1KoVuvBbVaVkCVFEbLq4gjaep1GXBkjdDnBfZ3DyN4+b08LjtUqlyf79fl7VPnZaMIgy4nNZ+ux2ub3AcL2+fYIhrrhQ4bYZsdlorBF7ETI2Yc9V1KaVKCGSgYFpFa22znoKFQFKqlAIiOU8dM4ikEErNfUqImEuuUgNFUXRlTGDmGEuRSEE9Bgf8fHrYneOlyr8zyQGCEmCXOjIAUEbsUgBQr4Vt+68oMiKjqnoqiarTz4aAnihICG7VJYKGuuJZf94mJgWwLg6BudZiHlSJ7jUNY7+V9pO9WwDQ1SUGZwodzdybS9Ist8CBAIEUkNuUaT6WgGPDqNVCi+c2QPRQFmv6CJcLIQB4ZjWfR1VRS4EZoIrWUrihvCDmEwcpgim0DA8ENSf/PReRRKsXE5mCey+ZuNTs2aX2oTUZQEqNzNzxi6fP7+4fAI2QVdWHNY/VRTorBcwAgCl0TZBh8OGN35LLzp/UDamu7zZ1ybt50zn6QACARDWrJ5m5M7Jhj4jYXFPNoqFqhAzkBxU8xIPZ03gwMLcYkg+K5LaWNHDzg227yboZnZ10XxjgBz+4H0DPWgY4exrxPGx5fh+F4BEf3gNATHqmAKSK/xYVYKYUI/qpJ+LAot5xq6IaU7y43C3nYY4QOQanTlShSo4xllKBqEmqHSzyidXgA1WC9MECcz5+fnAba4H04XwbahtAjdmz862U7Gp0l9nhmeUwMOenmQMRE5NUBTBmBjQ0JQruufXR0Znos+XD11nkJrOTGD27wpkQaOmk7Q4FAwyBkciVed72wYBZy3/zR//s/uFxmWeP1/SLkJogqElP6Lxb2IdTTIgGjCSqHsFLzI6/er2S51eGGLy92FqsGCKSasvUQwBVDRw5hl9/8w8I2oVOz9szGApU+682M+/iMUUTA4PA8eF0vHvYz9MBfSUFI2ykiRttz0yce1oAicbNJRH7leYogy8w/muIqNaap4lD8HBbaxUB4CZ483BigDiM3biRvI7bKwU95zcBOeMBYFpFPNfY6LzwNgUlEvgOh4aAtWRAjKk38b6ws/XgDPo7QoCe+eW1WL9zcjv50ER7TtmGmJwcspbd5fglmtY0bnNeEdDbF0PfA3NZZzTIVfq+W6bTPC+/96t//ubVy/X4UEUR6c37tx99/Okvf/WLv/qrv12Ph1JWv845RL9cAVxx5SroQITzfFxLvbl+8uOvfrg/HkopZDhuhpgSh74qp8tnm5vbvt9UwoKQc7Y8I2gI7If9bPSGWqtUATXmEKPHT0AMMUZur1UwUFWpVgRBCaTkJc9LXmpdqqiomSJ0XZdS5wLoVerNi88++ckfPP3k81Lqu9ffv/z218eHe5XKSIFT7DuOyYgMsJS8llyquxjjsL26vr7qx0EkL3NW5avr65ubp/0wXtzc/OBHX6Whn5Zlv98/vH378Pbdd7/+5rvffPv6+9dv37x6vLvb9OP11aVINcKuH2K/oTTEYfvs00/77ZVh6Ifx6UcfiZkR90MfUppOs6ocDofpNHEIeV1TjGsth/d3j+/fpE1fDYigH5KiImHsksvQGIkQpNacF8lZai55BS/nBjZZCFY0M+IQY0gRmJUYMBgwxiSA05qr0rzWIrIozqu+vTu+upt++/748n6a1hxjfHa1eXqzHbrOGOa19gHHMb3ez5GZAAQsr8LMiDRuNtyNFLvNxbYf4mY7/od/+29OD3dinPrupqPfvxl/ej3mKt+fqiEcpwmJDDGXWhXc9ltEliLzmqs4YwbEhMgG0Ao4oekmiQMxE4aYkgG2gUKVvaGq8dSt6IMQDSxwIApVlLnFn6kLYzzgy6lqJEQYh9GHlxiTSE4hbMfxajd+erv96pOLT59fdhHz6f1y/2q6f5MPD8eH+8PDfp2XXEWqlVIPh+MyzSJ1mZb9/v6LP/nffvI//quXv/7rh1ffFREOllJUsWVa9o+Px/3eMIrYsmZTDHGz5jLNi0HMuS7zoqV6iQYzheCtiEgUTKsBADMizHPJpSBS6jqvfcDQUYzLkvuYTEGrlpylTOs8oWEMHagAEqQubcdu9xS7kZCqSF6OThshJWLP7aayrMNma9QVNTWrtaJpYMpLmY+HWoVDN8/TNM1VLK9wOh0P03I8zKfTXARFdJnnaVnC0FHfd9sLIiCm1PVMtOYcxm68uinAZVnm02Fd1pIrUdheX928eF5qVdNuHI1SFZumZToeI3LNeV2PSAGxW6XGvu+6xMPIm4sMfVXQddIymwDEsbu5tRCOD49dl45ryWp9l54/u601h2Aisr3Ybm9u0uWVcFzLuhbJuYrUtcoqijFVozkXNFWparjkbCIOSZRSXQ9uQDlXFUEDrbpM8/XVzdXVdc3LPK9M5NWf8zSB2jBuQkgP+wePPnFdhgLhuXeoKZOZmSgyqVmfUmA20DVnT4Q3UEY29MBt16AaUVAAMZBzBg4iMAWVcxS143SBEEhFQyBRrSKNktYWtoeICgpuAhY7e/zEfFwXHx09VBPNDFWZzneSgYr469VjXKooQkPlVA2RRcRTIfxVToBi4In+jrrFGBQaWouIMbD3wDbxSQvscgmNEbG5ZoHIzWOeKWBMqgBIAl5Bid4FiAYIDE2lY2e5LURn3jzhFanUNQRq423jChDUmIiY94f9q7evU4xePNzYmwYcGwKE4M224CxlAmglwm32Q2hiegcVz3gkeIgpk1cIMTel8pmDgFb0ZeA1t+4pOFMZbexmcvrm7PpuoxF5AwsgEKGiB8c2VBfbBUNnjZBbpM9zylkCBGYxsqMjiOgSEfDd6CwN8tEJvY8df4eIh8iIQIiq/lxrmw8FarAMNVm9VHXZQ6m1nXXPdTLMuYKfRWZEs2Jg5s0I2TuD0WuJz7J4P2TnT4JtdQFH5X0Y0zPgS8hOXqgoAnPww2lqGiM3t66CmRGT/ze1L94c3j5smyoA1CpIJCamGkPkEFwjZx/m8d+ljBIzK1Q/i0wRDCUXbNcEtG/kl6y1lQHbYuCLlxFzDPEfvvlapW7SYNAM0wDaqhXMfOZ3nqZl7CAQE5qlvvcYVl/P3JHOEQlIQVPXiwogxhBUjSObakiJiKsJgGJbQxAQArpahH3bDhy18WsaKDJH9CI2bUIYQ6q1AgEBPrx726deqpoJAplAYAIwQlR0+O6sn1FDovHiht0CDs6X+OECTxT26349PLCbfaSyx+orNG+Trw0E/fbG0JipG3ag6o9OMGMgCoyEWlVLVZUP+cs+nvvRp0a1GCKUdQGAGDpVAWv5Pmcfk+F5BzKTtkWcY3/cieIrBTRJkPleyCEBiJ1NDv7FzEoMkWIUySFEKQVNu2EwtbouktfYdaXKOu05dD//o//2H/76z1BlmVfTejqe/uCXv3jy/MXf/MWfE4GJYMMZ3KnPgOySPlE512nA4Xh48dGzX/7qj+bpeDyehs3IfZ/GHTMN108//uHPb589D/2AIdw+/yiaTqeH43FvBiHEfuhjiP6MIMbQxXimBQKmQAgIJa+mplLrmkGr1aI152XJcy65iIi/MJmpG0ZGFsW4vfroxz//0c9/YRTev3v16rffzoc9KPZpwBCAuCisolVBFEquoha4C/0Qh22/udheXg7DUEqelzV048effPH02dPj8fj65fePj4/bqxsK4bB/ePnb796+fP3tP3z96uX3xBT7cdheGPG4u+jH7W53HTZjt9ltd5dA3cWTJ5dPnuwuLqpCTF3Xd1JVkEIIx+Pj99+/NLUqJedsZmqWukhk82l584+/mU+PXsRBjCGyIVSxGAMieh07AjAThUaFEiATd+MGEWV9lLKKaFkzGKSu4xhCjBwjMtWqIlANjtMyzXnJYhjXnP0KXbNMcymGj0t99Tg/HFcCur7c/OD24kef3K5V+76PTAJWRAWQmDfbYdhsMcTNxXazibvN+P7N/d/9p/+QUlQBVLpM8eOIQ14P0P3mlJ0QRlQiIgwAACAeheT3BCFVdcWEeN1pm0I8aB2IOapqEfdGtbuQHZ1q85K3aTEzIpLTBSLqwtSm923NNkBNTdeqMwAxdilSqKXWIkMXn1yMn95uf/b5zYvbTcelHt8e372c794sx8f58Hh4eFznqZayzkvJZX84nU5TzeV0mtYlc7/5/f/5X021vPqb//fVb35rolc3OzCtwnmp+/t9iBGoW+ZpmpdaYRU9TTMiq5P1tZpWBBSpCOYTZK7ZQMBke7EbNxviIEYYmUNUQ46pG/qYkqwL1hXykqe567p+2K55MoOu3wlHZIq7Sxp3FHjOuS6rlRXMVEte574bxuEKgFU0rxVFVGVdS1GttXq2Rs4yT7OUyhQjxNPxJLmIYSkwTcvxuM5LViCMXHIu66Rmm4uL7fVNP2xR1uV0YEJTGTfj1bPn6fLaADUXAORurIarwO7qetzt1qWEGFbRrCJi6/EUmLQu0+lQpY7jrh/Ht+/fGuBmGJWoKkitrCWRHh8f15qHy+vN7Q3F5JJhjcPu9jYwqpbL2+txMyJid3HZX1++uTtiTNVwrRWQSy7O9hqE43EG5FKzVBFVzVlqURVVsapqkItIVdCWRGmi5OtpySC6zllK1louLrZaDaWgVDItZUZTBECF2toMlSjE1AWOZsbE0QxRU+DEvObVEMZ+8PlbpYp7WwAQgqkFIlepKGGRFnmn1WOu3NvSxj33JMaW04NArGLn0ch85gE8d8sCiZmC+hzPzGhAEBTNxQqIjlITgKInkBo0LbbDcADAdnZo+o5D2qrktWnLmdUkBKRzbxJ45qEBIzFzk0R9UBOBBfRPAoGIEb0zuJSKyKIVAkpR8QB8O/eAu6waWUSsmUAbEuzyOtcXuAzSzFJIl5fXp9PkRk0fIphpWfL/9C/++eX26vtX3zNHs5bqZ2CEEDgAAOHvBObMsf+gJwBQMfGEA2c32hTkHkxrY4WJIdMwjGBaqoXIfd+rip89QjwrZAKeHd2O3ilojFGrEZGIEJ3DHJGsJSGimIGpI78NwzcIrdC4TbQfGABfH1xGBh6O2XLm/cNCS9XBM159rqxx/ZaamkBIIcVUajUABaMP6hSfLM6B9A0iJVaVKuJhn027b1iqJ4u3dQQUzjuLAoCXIouXwtiZ81XkSOfrns80BTCzXxAUWhUakie7kDXziblkj0JAaA1chMjcIHfwlmzwrpk2CnrtLxEa0tnc0Zg0Q6i5cuIUo+PZYNZKndTAbeyIQBhjBABFIyJVQ2ZEDMzu5SdiXwr8PHCzhYKBmUAKiQyrCvjNwB525GuUMRKBD3augnMOABOHZV2GcZjywhh9VWqEpqkq3Dx9UmqRXFwiFFMAwJorMqoIUoiuG2kXhiFSFWnPHTMwBQIy5BACs6iqCBB5ktJ5cUU0CCH5ooXg/bvgDiokQmAOwdWT5LnehONmR6419LhVr3BWxSZkw5jSctqbQIjR1E2nLa5KVfy8I8fdzfOy7MfNJYWICNx2QqSWRQtgolLNfT2e6eOL8QeEH1uGTykzEXOM3lve1mm/RPDsFLDzDmFnTAMAAc874QfFWjtxFAOcH554vqyIWFWGzeUyn4iD1Ioq1CVVQIRa1lpqTJ3KOu0fPv3sh93m8uW3f08IKXX3D3eb3eWv/uk/fTzOr377LRPVUgKjIZJvgYimbSzzgnEiphBev3v3+u2b03RCZK+HcQDGDMYnn7z46JPNMMTYff6Dzy6224e3L60sHEKISVWlCgGFFLouITMYVFHnNERFqjKTqKgokQZGAKm51lJFFBGYMXb05Pq63wzzqv3V9ee/94cfffbF4fDw/W++Pu3vGDBSMghFbC1aQUVVqnFKKSYCiin1Qx/6DmNPIQbmUnIp9ebJ8y9+9JPL3cXbV99/+/Xfvn35vRk8efZ8e3k1Hw7vXr28e39XpV7eXN88e/78k4+un95C6o3o8ub6xccfFQPux2G7VaAqkIYOkAy5CuRa3r1/O82rVpjn5e79+zdv3g2boR+7PnXrUvph6FKSUg7v33/39d9SQE9ISn0HhEBUS0ViYiTGfugANOccmYahH8Z+3I6xH0PqSs3HN99KnkI/pH4AVSlVgZCCmJmSAK2lno5rlpqGUVRO0ymEkLqu70eKoYvJrPZd36e4rnq3n+73kyLcHZZ3pyWEOAxDNwzb3ZVRVMOYupi62Pfb3dh14ebq4v/61/9a8xxTKqX2fXfR8c2u++0p/+V+nvw9A2KO5njSsQogqTv/CD3YlJjPpmUmopYcR+GsnnVrtwExpxRDEFNCH3LAM/sMVM2xfzrHYRg6j+1vPGo3I6ExEwFGCgjAwbVFZqJXm/6T2+2Xz7ZffnTZhzrdfbfcvZ4f3q2n0+mwv3t3/3i/n6dFRExhWtbDNE+nZZrWeV4fHvbx4vaHv/zvXv7N//PX//e/Ox6nEKjvY84yzXU+ncSo64bDaXp4uJuXvOYyTzNy6PpxXmatq6gCeVZGoODuNWtpCqghReKEzDF1gel0OmCt0UTnuRweT/fv1v+fqTf7sSS50vzOYmbufreIjNwqK1lkkUVSXIpkU8SMMBIwUD9JGOgfFQQIwrwJGgkQJEhqaKbVI3Z39UIWi6wlK5dY7uaLmZ1z9HBvD2PHAAAgAElEQVTsJoUqoJaMzIh7r7v5WX7f952O8+mgkmstUm2ZxqqCsaduk9YJ0xq4k7LUvLCpzPl4OC/jOS8jUkTAeZmXaV7mqZZaa1Yj6tapWyGwqpZstdSS8+H+/rg/nc/TnOt5mqcspcBcWlEoVafzmbo+Dptus0l9X8pU8jzn+UKJI3d9rrLs9zKdUkT3XV1tt10XTscjAl4/fryAAaGWMu7vOXRLzrUUolAzzONxmk9dtyI1AqjTOB/3uoxlGmMMpjast+OyHI7HPrGIFgovPv7oeHd7d3f/7MOXYro/zjz03XYzTguHLl+wXAWY85JLKYohdIIqKv4EryUDqM/BpUjVC0ve2E6zUgNinqfz6QBmXSAEi8jjeDS1mkvJS15mNIicTM0gispSZ0UzjIgdmJ6n+cnV9Ytnj/eHh1pqlxIhdiFEhrzMjBhaIBMgQEAkRYoYGItIERVRANVaGQmJlBBDUqkIhoQtmA9QxNgZIaeaL2m+5qURMXM0REUFghBj6oeu6wN3qRuWnH0sxI1aLwbuXNNwWwNUs8DsSJKIeemIAIqXR17zRyGfgnsV6BvuSxomgNusm5oh+2BO/zxbZqQY2uzKEwkccdKLqSmYujZWm6sHhRDAYYe2c2l1a9WqVS5PWAOCUmvOi2NODW4BBQRk/Pbtu7v7uy4FESMiR+vdacTX96LiPo2AwIahFemqgPzi2YfjfPbX335K9OoU29D+whWomRRpNAtT9ZFvmwMF0QvI4yNEBQP4T3/1F9O8TOOZAnuB7nyP0w5M1FxdL5ITb6oA0NTQ0ajGzLjpCrUCxZrYtzUoSAjU2Bl1GTigtYakGTHgRRtuLTOi5IqIRu1bO2oA4Gv/ZhB7WSGAu7B7X+XrEvI0UCf6vR9soBeYNXd8UPWOlBgbog1ool5oioiXVCFw4OBMvI+UTQWATMztJpvSDCnPJRC7fVAIgSjUWmqt6JJcMRHzsROSV+MuPKgujTUTZJKqzlX7kNiJLEJy03TPI4vuOKumJrXW3dV13/fLvBA2Orxq9ffdH5a+NHGG1d9Mj09WtSISUvSu1M2RVCsoMDIhq3qGCdjljQaFXMqnn/7yYX+ouSCSmmoVM0AFNBqncy01cMCLbN3UTJUIVT2EztTcYLeJQ8zc0ZuRULRevHtFobHxiGRt1+T+mN4CWNXaLIN9vYVGBoGDSqPxwIzcGQSwW22pAfZ0wbouJpro27dogONhTzGZgSwZL1svvy2IcdhcY0xlPm0fPQPzzLv2Fwf260FFpBT3wWws33sOCEE97QLUAKpL3EJUdSisuR/7nejMmhM+6sJl8xUaXlTq5mSQufYRzdQopOaBpQ0FBT9kVULsDLGUHGOsVWopBhT7QaXM51Pq+tANy3g6Hvd/8a/+y2+//Wbc31a1vu++/NMfP/74k09/+Yvf/e7z/d1dlRICpRT9lvYPhDkQBz/Nay0+QTiP0zwXQFCEkvOSl76PfQwCafP46c3NxrSuh2599SifD2Xcq1rOOZdMbrOKIB4krEItukXRnd8AVK3mUmuWWqVYreKSsCyyvb5++Z2XoV9V7l7++KdXT5+9efP1qy9/rzn3oVOKS5FpkSwVCClRCiHGkLpEwFWEOcQUUwwc2ETzslSlJ88/+PEnP+pi+PrLP3z1xT8t5wMRbdbbR8+ehNidDqfxcKxVrp48fvrBi8fPP3j89HGKwaMJ1ustE5rWGNM0zefz5DMnKXp7e//69bsuDtNc9vuH8XwspYD6GUuPnz7dbTeohIqrdWeqx4f9N3/459PhjkNE4sA8bNaAxJGIUUwQgJFKrpEjoZU5E0KM1PcJQyqCUkY53+kySjEg9h2C+gfm1papL0t92I9v704Ph6WIRub1aiC0kosJqqgpEAetHvHAq6F/+ujm7riMc85Z3j4cz3PhGFLXUezXm3W/6vvVquvCk93mqy+//Zu/+j9UtFTBGLbrbn88f7mffndaMlGXeJwmILqgwoDo0h0VVY6h2RNffEZctesXHiIpgJoyRWCoPgFFYA4cuKo8vX78dLvdj+cL/OczMjfwNtUKSMzBgDx2Gy+GWh4Co6pdl6TIZWAHqy4+2aZPXmw/erpeJymH1/tvvzrd3z68u5vO4/7+fH+/H89zLqJmpco4l/M4j3MWURU9T3n35Ga7XX32f/6vp/1pypWJmGmaShHYH0+GQQTf3d7Oy6JIhhRSz32vgHOZc6liSERqEEPsONVaGcmAtdRA2q16w9B1vRloLsvpVKdjGY91mmRcNBdARmJRE7AQhiy5GsS0Ses1gAIII4OUMs95nJdxySJSKmIC48Phfn84znNWFQU0tSpqinWelnlezmMe53lcjofj67fvlqxLLhhXc61Trg+HMQuM4/n+7t24ZOMw3DyOu+uY4pxnJAghrq8eba52HJMiGwdmjFohT4DS96uSMzBebdbHh5NR7DZbQ8zTdL59Ox2P3G8AQEoBBVM7n+/nefzg+ctayzSe8zjWZZKa5ywpJSCc5+n+4V7FTOHwcMTYAdL+7n5Yb1PfL0WMQlxvNo92BrRUzaJGYGZiVsyyaOxWooZMaroUqcWWaSHCUqUuImpiWlUYSWqVImaKZiaaS/HFXdF6YRMo12oKaAIq7tqnKrUWa1cjmaGomEEIWGopy+gKs1qLqIlULeIiWDSrqmDKSI5RogdrGYk2sz8vs3KtELtu2FTJAOplHSJKaeYycNkWqF10pYiGxCExhVJn8cvakFPfb65S6kqutWRTabGjAIjKFJqpBiCgSdMbtwLXVb2XfKn3wbpYqjD73NmFyxAIVR00QjNA8rBOf1wDAQSEiOQGWUCEhszYwpmRq4hv9i8woZGBun03IhHnKnNdmDhwUjCHAgxMVVpdaqCAZkpIXv0HCn60qCoAMsdSqjPwqmaAokJkyOwbDTfE0TZhB6bQ0eWPBjBkqjX7bBSajYwPANsW5tIaEfg0FAkM3Fi08WHITa95+ZhNIQRmDnf7h9P50ASprpVs9LFvi3wT4OiVd67gdJQzY4Y+M3EJMFStrf1oTAQiuyG5AaBnj3sDZe6Fa+jjistiAcGMCD0NyrPmfATTyB4msKY9fg83tLmsW/czSvM1ArhYWmnruv48UvXFhS9FwGWuRD4nAkITae2LZ8t4PadqZqmLIlqX+vjp4xB4Pk9NzaAAnohZBRE9RKb5bzpZFrxRAKeCYgjzPGlr++DC1Jl5HgISIHBgBN+0GAGCoQCoCYAyUYodYShakBkplDIvOZtIStHMVOuw2tzcPN4fbi9dFiABqIGi+20ZNksaDmG1WpmIijY4jQMhMgVAKFJ9CO3lMgIychq6r1+90ppjSKqGxD6D8xbKFNqBZRUARRWxXbgxRYd50A1Jybd42HxNEQlJW7RB2yg1M1M/BYgMmyYWGwYDgJ67aWjAjASoCtj0QKgqHmthBsNmR8Sg1ggcry/8WobmLhVSf9zfoUKIHTFqrWqq7riMFlfbYfc4T/vUDV2/QTQX9Zup2xQQEyCaaq3ZTwpoRj7uuQDt5kXwQycvIyHHlC4Rgervtvep0HYk2vZs6IiQNY1KG1pAc1b109L1Fq6FaLN/vCwHAEz61W4ez8y85FKXpR96UUvdIHkuy9KthprL+XQX4vDrf/lf/N3/83+bCSJZLQ/397/59W9unj7/7LN/NslWBanZ6QbiGGJzuELfYKG3Xl1MXYxOUzAyEgQOfdfn6YwhPXvx4fOnO61lnJfzOdfjXZ7GKhWJUkreeqn6YBcQQGqVRbQKiNZSa86mhQFQPQpgqaLr60cvv/t95vDqzR2vNh989NG7b1+/+fJPZLYZNghhzmVasgCGGFOXYoohuZO9+6Rr7GJKsQtBap2maVitP/nBj37440+qlD/96fd3t2/ItO9TStFMKRITSdXAvNntXnzn5dXNTew6PxZMLSauVZYlL3N5+/o252X/cHzz6nVZCiAej6fXb96+u30bQxpWW8Q4z8tquwuxKxW2V1frzYqJx/MUQ5jHaTqfX/3xD9/88Q9VSimahp5DSilyjDGGmEJIARFDCqthtcxLCJS6kAIxGhLFbqAQtJ5iAESQPBNqWvXdamttM4gKVBVETVSXgm/vT2/up7v9vD8tReT6aru9GkJgNCDmq6sthrDksu67cV5OczaRYeiJQxZYigpgv1pt1hsm6oe+S3G7Wf/b//7fHh7uj8fZwGIk1OW8LMdFppw9zMO/OyEXkdY2GyAhs0OIyoEJCZliDARAACFE33b7vjswE3GIHXNQBDNlCoQgUkotogrgmwQf/tlle4yRU9vcuR8QACCKGRKDIREykyEEDpGZDF4+v/rBi90Pnq13A8r49vjtl/s3rw9398fDaRzr/cPpdBqrgBirYV7q4TSdp1yrAobzebo/zgh2/+3r19+8HuflfJ4CkRmGLhWR0/FYFfO0LGXxZygHppDECKyWXBhJDFIIBJylmGKe5/NxPy3z8eHdEDTGpEgxDoZ0eHc33t2d7/bL6ShLNsB+PXDXi1HohzisClBa9WFYhW6oVcs8Syl5zMfbu/F40qxqIIohdimuQ+jH84kxpn5LoVNgEzmfzqfT+Xh4mKb5fDqdj+M8l3ku1XBYXatiLnmcyzgtORdEmE8jckrbVby64vVaOZrmcZnXjx7HfjNsd9wnQU7r7XB1jaZWFpFSgTePbmLfGaAKzEUKhLTZ1Hk6391CXoDDWG2ZJig2nqdpGnPJhCkNG5FlGs+pGyh1gjRXG9ab9Wp1d3s75gXj0HddnqcuRQ7x+snN+tGNmzKEbkjbKyA6jvP+PFdCIzBkcagHXEYSQ0rVdCml1kJaTbXWWqU2J3szApZSxSqCoim2MDIQk1qqSjFTEykiaEIA7H4PZm4yEzAMycUY1bTUklWMCGstAGgG1SyXKgCuEiTiUqVqVdOL1lIERBWkiqeTMYEXwmbAhLUWrYUMRfXCo7YxmYEio1hjHAiNA6OBVLf90RA4BmbCOFz1u+f7u6/n6aClRg6NxlVBtwB9jzyYP6bBx31eSTeqgljUVJzAgNYSNKxECZpHnlvJIJqPmT3tw8TF0GCmRsYURbXlmTqcjQqArvevUts8UA0R5WLP6Jt1Jg4x1pJVtYq4HaW/YDDBRiUYIoYQmaHU6rNdYqru68pcsrSNhRkSiAqCETIYuMSR2Ov90PkkmogAaJ5HNCTgphRGr5PtIgEEQgpdZCRtZYPBparxJ39wiScYtgKfmKHrUs21FvHVAYIRIqh3lnpJQ1NwL9U2+zUVJGYnIgwaOY2ABj7RNGcAmBnYJXq+eoIQ2F+4L1uY2St+9EIUfMiNQGgedwUWU+f5nPAeZrA2729CB6+kSN3KkYiG1cp1LkTggZgxBq8g/eUgYNMtgoqX1y2cAR2UUqkXySkgBQO37nIKHLtVQkJRDSnOyyyqIbDbUcUUN9tVVtHWOyEFDj7SFmWXMou5jxMixtSFFKsIRQZsUhkyjDEisZkhYEAkxFKKggUK4AoiBC/0RMVbNH9bHANrZkoGCpJLUVFGahETCqBAhGhetnpJCIAoqlrEmsYUwAhUSy0K4sRbM8AFx/AAEa1aiEmkRUp7G6rtYGhzcWfQvX3wM5SJzCFcH6kBqor3SKlP6BoUt3kFcEkTmHEIbscamAidI/J9jgvL0RdV7YRo8nEzsGF1tVpd1Vx8UD6styklc3CvUfjYGlsX+4EyB8AwnfYh9dT1MUYAo8AcY7e+6taPCHWZ9o8ev0RCpnameyQh8iUNVFVq8RJfL3ad7W14H1thYAAlL8yBQ1RvMbGNtrHd435D+5TEu0Q/M50pQk+VboQc+kliABhiJIJ2YFzcehFZpaS+r1W0VGCueUHANGyAKMWYp2PJOQ5rq/nd29ef/Oinj548//wf/xYUYuzu7+8opN/8i/9Mid9883Vkk1qb5YKhuu0SmIESUaAUIxMzB1JfISGHwJ6HDop5Oo2n07MPP/7hJz+8vloT0mq1vnv91elwiwrMoeZSSl6WLKIGWmuVqioKoEzGAUGLqaRAkTiXBZlvnr948fEPUuy++N3vjuPyyc8+TV36/J/+UfIyrNeGWFWyFAPkGENKbqphhGooYlLNAFOMhKiSl5w3Vzc/+enPXzz/4O7u9vPPf/9wfx8ocIhVoJZ6HqdaKyExh65fXz159uFHL9ebVV5qXhYOQQzO5zHn5Xg8PRz233z91WF/vL99uLvfl1prravd2pBzsW5YpX4gjuvNFVLYPbqepiWmflh3HMNpnJZxRqTj/d3D229v33xZy1yrmAgBxC51q37oEzGKWd93IXAt1V2hx+kUQDdD6PvYDYMqopV8ui9LJg5ELCWDadcPmHoKbETqtBVBUcilVLVxWg5zOU56nOr9cTqNuR/69TqWXErOV9fbq91msxneHaZakZni0HEI1cCAUt9t1utAnFJMXbi53r55c/tPn/39drvuh64bkojMx+N0Hn0YJmJiGAJb87BCMG8124RM1ZhYpd0xpqbt3Gma/nYi+YBM1QzEkB0IMJiWaSmZMIiYB6VhcFd9BM8QQ+IY/W7ydEunn0MMgMTMIQYiSl3crrtH2/4/+e7NT7/3aLdGme7md1/fvfrm7u3d+TRLheNp2R+mpRQ1KorzUs6nPE25iAFSKXV/nKa5SrXD6Tzn/LA/LkuNXRw2PSIfDuM4Tin2VsqSZzJAghCjASxz1iIe7lJzQcRSZJrKPM/zdBJgjuvz4UHzqKICnNZbYtayTMfjMs6iWmopUkPfVcDVbtet14JoIYUYAblULfMMUqzW6bxMp3OeFwBiZiASgKo154JgzJ0alLqIaM51Op3npdSlnMellFJFS1ZFppSQ4+l4fNgfRPzocNyarp89ufnoO93uEXcDEXSrHvphdf1EEAsYRo7DOm53EOLx9u3x7t2wHp68/AjR9rfv8jyl1N+fJyVmDtPtG5jPoeu7q0dFiUzmaVSt0zIjElGiwKo5xMhdt9rexBSRaJmX82GPBI8/+Gh7/ajME9XSRa5mj18+V+Dju3cAMmzWReF8PE55OS8lpEQWCEOuUh2vQESipRrFhEjjeaoll1x9lFNKuQTtqolKLaaKpm7Cy8Q1FwAwqZ4dcOE0DAyYyUyAwNyd1hAAal5UHVKASKQiuZSqKop64VkMKFBQVLGaKAyhQ6IQAiH7PBCa4z8iQQjsxYVWuSAnaurbfyAEAxUXl3n9DHIhyglATQVaSoAiwLC9efG9n+3vvlymPSKhgplpszT0mgvUDJDdG5KQzTfqPjZjriKEINKGvgbAkapUr/UbqwwQA6sREUV/Hqt4AcGIgX0lYGio5t4KPshE1/45BtLHXsEUHHSn9zS1NXNuEJU5zzEEvZDn4rau/mC/JJghoVQxs5iCNC8WBUQFNVPmyMSXCaB5qoFd4CZEAEVFY6IErYhv074mg/B63nc6FxapaQIVAEFNTBuD76x8uwyA0EwvPu8m6iiF/4qqGbkCob2lzUATAX2g4oooVCeL/G9TaEUYILiI+zKPd95Bm/Njq1oJqZbaAKTWvDgG5P+Ohkb+1dZoE0OTqs5NvKciwECdoiFC9ALRqz1SkZKFoFWoiEj03rapvX5sTqHgCQJggAQcY4hc3GHXmh8TMceQ1KerzgiplZKlVgIqeVYRDqxtgoR5WozMxN5b16tYzdWltEzk54NDHcu8hCFud1fT+eQ/CKihJ2856KHqJd1clg8//A4QTecTUQD/gC+7mBhTDBFUXfulZmLWUplVRQSb2thaNq4TLURmF5APEYFMQaUSeSK1r/3M+7fEbr1N7ec049DMNvX9ZBpA1TVF6PsU38AhGDE3CKjNP8D8HGhpIoiEbiXJAFKteYSJEYKoEEPXDzlnB/ZcqWJqF6t/8G4zBDZsSc3uDOh3SbVSyqxa3cZ0WK85JXBBtTVezWlfbJAOqtmw2ZRlKnUxjN7NAFHsV916G2M87d9utjf9aoNobfNk6rMWZnbRiUiVWhBQTAyMANqpfdG4gzXVfMkTcwgURMVH5n4MNXyprQDo8t/uK2rvt0YGBEgu0UGAS5YdhJAu/T8agLmj6WXjGmI/TUcAEqkAFocVGHR9b1KX00NICZGtzHfv7n7zr/71u3e34/GdmITY/fGPn3/00fd/+Re/enN7f/vmFamI+KxECRkROFCMKcY+Bg6xeY2j50EwhRBSjCEGEzPQAJqnM8ZOgRGAmL/4/Pev/vRPJnMtWkrRksGUyIjdAc4IsAtIqDIvZZlVjQDmeVLE7eMPDcPnn/396Xj4+Ce/fP7ye19/+fndm1dd6kNMpaqAAhKHyDFiCMgeYwXmQy4iIkyBTFRUnzx58eMf/3S72371zZd//OLzspQQU+BQqk5zXnJWFSJarYbAFLvV4+cvnj5/ERnzMkutgXma5ndv3p2Ph+l8vru7i11k4vNpWm13ReDqare52imSYhrWm81mF0LklEKMGCMxI3JIHCItSwYxKRVLfnj77fnwLjAgWiQOTI5fUeSYIocEhmqIBiGGmjMSpkiMMKQ4DCn1A1it5zuUueQFwLqh77qeMTb8kclJ+pzreJ4fHqZcS0rh0dU6dbGKFSUx3J/r2/vxPOVhvUai/cMJkYvY4bRUBaOQVZZiVS3EOAyrzW4dA+82q2Hgq6vdv/t3/8s0TQgYVp0RceCaF5GaUhdi8IlJleILrRgjMUPT3xuaMRCHYK1r96jp4MMaBSNGJiJo4eZgf2b3QRSkoGewqFpLK4chdsxcayUCRhSpgdlhUjMjAOLgVEYICYm6vk8pBKTHV6tnu/TDD7dPbwaZDtPt16d3396+uT/uj0uRUmlcbF6qmIpaLnI6TjkXqWIMCDDN+XieTuclV4ldOp/Px9MUQ+i6eLVZnY7H8bz0fU8UpmlcSgZCCgkhVLFlEckVCGutvgmd5hwCl+moxDc/+JWK3X3zhSxjhTJs1pvdNXCkQCVLVei2a0HmPikH4ICE4zIXqcRhPhyn48kUuxTLMi9LFkVRpb6PfR9S8giVaiZmYJCnPJ4eTqfDPObTYT9PcwoxV4mrFTCpqBEJRyU8n6f9w1EVkNjAOEQ1Cqt+9fimu7rm2NU8J+btk+ePP3yJXcpFgbAb1rHfGMdlmXUeoWQK3XB1c7p72L99K6UahbBap2FV5/Px7athu+ufPoe+X3Kxkpd5VpV+WBFxN6wEZJ5mpUj9RhHmaczTMo3HeV5SSMNmE4jy6ZxSWG233HcxxdP+iLV0XaKUlNKSZ0ELcRW7laoVk3nJRcwMBGyRSjEpwPFwklJVWotqzT2EVFWrllpa2eU2g6YiBUy6FFVEco1Moiql+u8GAGKqtRCSqhQRUDCoqspIxMwYiKBKBgAEFq2+9DaAXGUpi4FGSjHEXBcwLxxd4/4e6QdVBW1L47a1Fm2KOzDiNnlCQG0b+Ut9XMRUg28VAaqoqs7zOO73dTmZCLlq1dTMcSbT5snLABAcmBE1ACYSU2n7ciMk5th3SaRNJ72uZmICUvXi1435NRCrW3e0VZ3Tg/76mibGC7NSRV2GbCYm2+2uqCwlI7LzRGJOqb9PFzZEWnWrwFSlMpKqACJqg48BQUzFMwkAyTDngmiETMhewnapSzGUWrWqi34vr8mNNBxtAObQg1kjIPQSxOuphAheDsBl3Y/gfKQBGCOrKYJ7A2Gbxzmjg4ZwkTNRg2tb9ppX4KLWPObtz1JG70Pc/8gbDUUEkypgSNSWF/7FrShURSAnSp3eZ2r+QC65RA9qataNPqoBl2vjJUQMGAEv84ELoOEADwIQt/nphXvA91NtrbLerD0J2JN0pTaOCC/fwytWU3X5eaPhDUzNrS59feJFmlTHqKENUcEdkoDQ817NzEKIzQIgslNoiIRmIUWpmoa0Xq8osIqYUYjuZMWmcjwe4kWWTa3fchf/5j6LhIYKTKomWpgj/pnDb55UolK1IgAghRCbsgbApS2eLIsuSHDHoZYA4rsa9nffzxfHV/zFmrm+HQlJtIoKh0CAIQZmFn/zFZogBJxMN/JkPrpMqpECMiFWU7xYalpbe5kLP9CQA9e6VJEQgncmGNhb465Pu0fX5/OJPRxDzcxcUOGdqVRxXMiD+gCB29oPyF2QVBECMZopcUpdD3ohnah5KCO2AhnbdYmb7fXxcJvIUt9z7GI/cD8w8Xi8TTFtH3+AaPznmAi/L5E5OHIvtdYqzfATLujZBebxYt3/T8kzc2yPgYbztG1Bk9f4d/CBUDsi2q3ZBGV2EeL4l4ChKXLgEKghe74pU++0S12G9XaZZ5HKMSFYzWWz3ZgIxSR5WZYx9mszmE4P47z85X/9bz777V+T6fm0dJFeff3Np7/69fd+8MM//enLw+3bro++PAWwwDGFGEIkIiAF9EWaG61wYERzDwcKHAwURGXev/3qj9++fptW6+tHN9PpePvqc83TMs+1ZvQrhE1Fai5aK5sCqGax1gdazqXbbKnr371+dXz79fr68W/+9V8+3L75/T/8dhhC360oRgMDopg6ooQciEMIEZHV7xr2yBe/QsLLjz7+2c8/NbPff/G7N29fI2IXe3/e1VpzzaKVOFLsQki1FA7xyYcvnzz/oCzjfD7PeRYp47jcPTyUXLbb1XF/SF1/fX2zLHW3u756dAMYb57clKX2/ermyVNV227X8yLIQayWUmKIMQWVEpikCKrMh4fT/k1ZTjESAnQpokvkpRgIMceUmgFzIGbsEhNZXWpKfLNbbTdDlzozm/fvlsM7wBqjT/uIQkypoxA82R2AVLlUXUSK8cN+PI0LxrTZ9I+uhpzrac4GLAbjIudFAtN2t2GkUmS1Xg/rXpkUgiESx816vdlsu9j1XVqvu5urzZevvv3rf/8f5tN0Pp/QzJ2FumFQBSNSH2qBKUCKwR98njzk0FxLVmmTJQHwU03VfAAJgZvkkf1G8LZbTWtl0ObUQIQAgc4iV/QAACAASURBVAMRMAUAYDcbUHFLAPYZaWB0MJSZUzSA2PVqEPsUQkiML262L2+6F083AfP57VeH1189vLs9Hc95KdM0H6dSlYrIOI0512Upcy5uhmJIJcs01nEsS9XVaoiR56mWrEOfukAmOp6nECiGWKpM41jNQuCuH6Yp55wNWKtScK6SrdZSi5Ylz9Pj7/9K0vXv/+NfPbx5vVr1m/X6+umTblhz6kM3QAgYIoZuEauGRaoBuNFISrEUMa3MRCmWklWghez2feg67noxUCAjqgoc+mma83me/WfKJS9ZEauCAPXrnSAbMTJmhVIkT3MtAkzVar9dx37NQ1rtthRR61KXxUpWItpe99ePS8VcJXW9cbDYUewioy2zlgwx1TCcD4c8nkPquOuNAtR6vnsLgfqnL3n3dK4wTwsCIKMYcOxVyR1uimjYXkvcqEmdxzrPYDYvc99x6tI0jUD8wXeeYdc9fvHcoOZxyfMsiAXQKFQVReXYGYSqel7m0zIxBTAU0FpLLVKX4uPKZZm1ijlZqAimUquqmAgCMDEo1JwJ0UAYhdFYDVWYjYjYn+YEjFhMnj95wURLHkMzxNeqGkJqTwnAotVPV9evh9SpqgIyYYwRjRWsWhXx1TmkwGgkom1Qo8YEZi5PdqDDtw5OiJABiZlb0usFUfdBcPMx8SxQIDVggzzunSClBvGpI1CIYHIRvKmjOGCqnt2RQmrrcKRaCxiI1maxD0YXA79ArGjS5LtGgIEwxQCGUu39TM9Hrq0OBhBRca8QUGR2+m9allxK42Z944GEniXeXMXJBACtaDUxcWDeIBD7NzG0NjcHYGxqBJ9DVslt8q4qIqDaZtN6gWCw+UX6moUJIwIwo5iC+uzVsRyfvLqPYUt6YmQFTV2HSL76RETigAgm+p7cQW4QMRhwILeogssbh8YuqiACNaX/n9snETGRiXoGwUVvSYYQY2zNyXuY2ifvTCEG9ZYXAZFdFoOXtQL6VqN1JwgAhPTndYEz/+6p4m0Pu2zlAn0TutMLXIb9hGgGMRBxAEKR6rkH9n7GffF0b9UYgpkSE4WAhlUEAF0H5q/uUn55hUAxJveCjDEqqPf65ON/AyTshuQPz1prjBHVvKP1oLFSigf4GWgIERG8g2JiVXOVoUN+bbDvXQR5Y8BLnvOyxJBMBQlcwOofnOulvaA0gGHoVMzlM6rmtvTug4SXfktNG2Dv7BOgiAAYB/btASFRe0S2ytYutvqMVKUCWy4zASGyNngKFO2ixyAzE6lNk+07TrBAYUgrNRQVh/S8r4uBp2X+3sff31zt9ve3IUTkVjm6peTpdCS3pfKhHAIRBSZrSBO7GEZVuUmjzCsIq8ZMAM0k1wvkzdUjj1r0k6u1guiWf2iGWh0ZwKvrp+fzPs9nYiaMIPl8eMshPX72kZgHJrYW27d1vgFw3kZq1VoNXNnUQCNC0Ium0D8wU6t5jjER+Q3iM3pfw7YmARF9fdeyTFwg70fMBXAEcA1Rkw6bGjIRR7wogsyXLf75AAJo6vo8TxxTLRnQrq4fLUsmJgrdeHxAAIy9ihwP7za7R7/4zX/+H//6/+q6xBxO59PD4fjLT3/17IMPvvjiD2U8qVoKMcYQAhOzd0GKIoboPi3vG5v2NkNx/UBAMJV5Oty+unvz9fl0NOXpfDedHpZ5KsuCAqpScym5qJTm07NUERGpyzJNuYR+LYLj/kHG88c/++VPf/2bv/mr//28v9vtdkjB4xaROKRIHJADhUAhGpJL0GOMMQURUbOPv/fJz37685KXzz77u9t3t13sYhgMQMTa2soUEGNKIfaIOE3n1Hc/+PFPbm5u3r15M5/H0/kcA8UUpmk2xA8+fI6mOZfnLz9MMZZSn33wVMQ2uy0hTad5d3VdBFSFmB+OZw7heDjEGEL07YQRUBnH+Xgv+ZTzvOqHkFLkkPpeAFPfhRTJhzEhIEcAjDGCVCIMKaQU1n28ebTZXm0pBLMs0345n0yUEGKfOMRGwkakEA0RIZQip/M0TaUCVAOj4Xgu+9OCBM+f7jZDf3+YpgwhxhBDrlpEbh5fTTlz5N31Zr3eLMVEAZlX2/Vms04pbXfrVUfXV5v/8X/6n7WWZc5utWtVy5IVgGLXbzahH9SwqsSUiFBBTCERBWpNfnU3M6YUAhoJtjk0OTHMzMyqJrWgW2UgmBsxX0oAc/tFNUNFJD+2quplTISBgmeu+GzVswiYA4VIjLmUFMP1drVJ/OOXN999vulY9HR7fP3l4e3bh7vDeM5zKafTNGctxofztD8el+w8pgHSUqSKjudlLjJOBQDX667kXCsUkb6PgXCZJ1XjEHIuy7LkWoauH1I0tXmZDIBCD4aG7CTJPJ73D/txfyyY1h99WvJhevOnMpWr7RAYb55dhxgwJMWgQIowTjmk1A2DL1K1KgPmuc7TzICEURGneQQIAkgBYz8ghynXYXPdrfqstZoA8Gl/XOZsYMVEDDml2K9C11nEYkkxQYxVLBfNy1KWZckLdsPm5rGACYZ+NRBon4i1nh/uh9WwefoUNrswbOZlGVar7dXOAoMXp6Xk84kjUxfDsCaEWpZxWVZXO0q9mRYpvH3Eu2sMHQauIsuyKBBRSuthnudclpwLD+t0/ZxSPx8eoMzz4XzRiKfYrwXj9ZPHm+urTMypA7NpzGaWFQzJkMQEmACgmBUzAQTASCGEVGpdctGLNUeuRYuANe2eePsnIrW6Qz4CIXAttT0dpDifbybgjwM1MPWplCj86Ps/HKfzfv8QOHglw8yRo/OEKhqIY6BlWZiQKIgaItSqyBCQkWgpGQEDR49XrVIBUYH8rgIAETA1ZG6/veG4CESqUF0lSIBkpl7CKrJX/wam2ihNQKRaxd3XpYrjN43sMAQ1JN8JoKiZU3uEalC1cgil1DbwJUSiWqXZbaqqaiAmBfC5N4HzIBdfDWMmdzwhQg8dIkJrYbvuAXhxL1VVNcLARKWNEcQf1YjNlx+Q3m8qqtuTAPrs2K3HapPX+vlhQxq2m920jE7Rq8pPPv5Elc7zhIaqFYma44s2fV6jhJyaMOAQB3SDSN9SU3P3N5ULV90qbUd2qpTvfPejec55mS7uit5khL7rLgskQCQQ4BhWq3XO2dBfJ5G/ka3mv4wawVWRbb7iMK+Br2mMgMAa5AP+mx2GupgXmqqKef5UKRUbu9Asgt4bezmiRIiM7OJOJGsskjYDHNcVNCecpgo0D67yPGAfBlu71qW64NqjJrxyNbyQUm0Y6yAFIjdlgqp70bx3p/cqSUw5BFPjQN4PpdRV0SqCDIQcQwA1jmG9WS/L4gWWlAqA/ZCcs2ImKbW1oIZmYgCXhaCBkyHW7hmfwSH5HUjMrEUCB//Yq4jzINagPURrtvfgRL2Bv3xGJKAQWIoCAIfouzNslw264Txx4OAJDM1oqPWhJt6gBWI3hIopIAITz8v03Y++//jJ0zevX6WUXD9CiGrKl4irQO7b3QQ6BmAGDIzAiiom7ttx8ewjVelWQ4rd/e1tiEmlcgwhhtR1KmqITgc6DufdKTGDmoCBKRMikqoxk1ZT8LAPP21aPnm7irQMw85rUJ/D4YUsQ9OL/MA3RgZMq+0jIpIy5eWgWlZXN9c3LwyA0AjRO3AzsKroIeWELj/SWqRWH/kjGnr566345Up0uqfkOaTki11ziyywplBAuOwNmuT5vbcWvBe0gzUitP2xvuQxNET3ScYWhwgIqsCIgKRaV6vtspyhvZNqiKv1aj6PSMQM0/4udH3oejZ9/errn/zi15ur61df/l4NTPD+3ZvYDz//xS+61faL3/9zQEPAFGNjlhRUxcSddC8/JkBbAQHWUszEp2GSs+TKVpfj7Zs//sPbrz8v07yM03g6mVRUNVBEC0xMwaTkZVER1ZoB4/r645//RWA+3t+i1d2L7z358Dt/++//NzRL3aoqEbtrF3FIgQNSCDEiRTE0RSSMKSBAFf3w5Xc//fQXp+PxHz77+9dv3qZu6EIyQ0V3qmNTVAAATCkF5prneTrvHj36yae/RKM//eEPWisTP3p01fep5gLEH370EsAO9/vr65vHT5+9/vZ1QKhqsVt1q/Xbt7dqkE0rRyM7Ho9VdXu1zdP0+OamZKm5RuLzw93p7p0sJ44UY1xvVn0/pL4LXepWfdf3q806xkj+BoWICCG6UpYC85D4+nq17ofYdct4ng9v0DIgmlogRLCYeiYGUDFF8lxnJGI1OJym1+/2p7GIQZb65t3h9bvxNNbIdLNbidhctAqsdpv1anN3GKuF81hOpxxCQObU9/2q313tAocuxVXHT6+3/+9vP/vsb/82RT+xdcmzaWUzrRlUay2l1sAhdHG3vQldpwZd1xFBLiIqHFMVjTG41xMQIwVfuKLbJ3juClzoTzV0hscDGsEYUVvinikgIZuae8ahc3qIFNx5xHPVEZgpBEBab9fr1RCIdpvhux/cvLxZ/eg762ePeh1vl9uvp9s3x/3heDiJQC56nkZRmrKcz9M8zb75zrnkXE3xdB6XnJci85w5cIw0z3NVM7Ohi1rr+XRmJFASkFJL36WhX0ktogtzTGlVBdVsmvI8jmWZ7+4eTg8HqPVHv/6XfP307R//8fDll4wqeSGw7c12tVmFfm3Uc+g3uxUx51JAbR7n0/G05Hme53nJAACCuVZDzCX3Q48xcmDjgCF2q74fhprzMp5qqeP+fNjvSy3VDENCorjadKudmJ3OYymGnKrW02lapjlP51JyljrsrrePnqhoCmw1y3iyZdI5o2nc7YYPPuyubyh0gcNqu4EQKkA1tZKX497Ksl4Px/3xPC7r9XYaFwxh/egKOSJH6Da02WLgqlaNpjlzihSCayYBjTz8Ma5K6CQXqHNiLHnOpXTduhv6MKwsptB3SymUOia6ffPOFMZcNcTY9QIkRIZRgIqpAqtRKUIEpGgWfKq7LLlWURWtBU1NVVXynFWqGYCJm9lFDmagIlqL529bkURUiy8QUEQicc1ZRSjYq2+/XqZTpFhrcdc4Ne1SVDAFCwFiYkzbT37+L477N7WKSKMJrDqZ4o0uEUJgBLAYg+dMEWIVt5lT89krc63WcFlAZBZVT9FU0+Z/2Io5ECdmLo8sbIQtoqlJI6vhMqhVMwLgwI0/an2B/5KnFihhaKYXKgCgVi+gDYAZqAKaaL0MlJuNX63iQIpDVz4edvobLt702n4wBIVA7r7v5opqngJuahdGAImRwP2apAq28aIhYqBgZtXdQVq97Eg5V9V5WfwTVIA553kZ3Sbb0MRARJmcXXQBrTKxU8pgxkjJS2g3/iekWuv7YbmPDr30UDA0YOLT+Vzy5CFKRP7QIx+41VzNLnqBJtb2PV7zEwIAMSVCJjJn8ond3sTeC0De5z607gre80V2yTVwBrktO8CbMa95wa+w9/Unovv4ea4qurIUya4f3eSS3SfU3kP72CxliNgtIf1R7uN8uvDpfqEzs1fTLjMhbJkGMUZrJlPedrQfBQxKyYHYfXKJGS/RY4jNeV5NVSqYuY+qgGdJIojF2KlZkTrPixQJwWEvVzObXggOjkyAzpIBuoaBOTIRMZKqUWBgUhXm4B2eU15e+HnLSMGXTe099ypWRPrUr1bbWbI3sN6q+qUlUrtVjxxyWfp+8CxecJ2Npx4QIpNI5UYA0aUnc5NWqlJjJB8kqIIZEIf7w/3h+BA4AqDTVoHd/pLd4hPNxCymrog6dkbkjlei1sKniQgIRYqKppD2+/vTaT8MKxFBAHezBYRSC3lxTc1Vxk9TFXGjX0Bnc8kMaq0hxRiTaAWXBSF5IiGzLxAUAIbNI5HS7iOHldCgpQUDIzVKX1VV4rDuNrthfb3a3fT9FsE8HKxhYM2x1pyuYfZJBEqt/kKa/gIb4OcnBMBFfQ1W8hJiR8xNpeLHCaFd+B9fhWJDksH8lLlAfY3a8M+sLe3AEAyNOPr2EH2Eg4iA7WADIMSuX83nkZmkFg6UVoNjNqEfyrLk+ZSGtSig1W++/tNf/lf/zbfffjvub8EwJf76qy+fffDyZz/72ZTl1VdfMIOaxRhdggwAHJpE2he8amKqtdRaq+dSidSy5JwzOIhayjKextN+Op2WccLmZYnMQKigWpZcciUkJB6ub65f/ODmu9+fz8d3X/4Bao7bxx989/u/+7v/EGKgOAAgp8AxcTeELgFHCpFDMs9OIiKmyLzkeb29/uUvf12l/Pa3f3N3fxdD6roBEL2N8bbFQBU1ptSv1wHhdDyVPD978Z0f//TTN9988+UXf1gP3Xa3NcJcyuFwqlUfP3uOSK+/ebVeb3ePnp7Op7t3dzGE43ne3jwW1YeHvYFmkbQe0KwulTmtN9s8zn0/jIfT8fa+TPvDw1vEGlPsu2613vSroU/9MKz6rttd7XZX291uE7quW636vlfRmCITrvq0Xvdd5H6IV7vNarWWkmV6kGWPpDGFmJKf5GDg/0Tya4MQUCSXmrPUseC06N1x7DcrJZwXOy16ziAmj66GELAaVqEQ03Gaq9l6ty3V5lw5cD8MqUtuoLle9Y/WCQD/2//uf5hPp/PhxIzDuuv6CGpSSjBNwa09VZdJSqm1lrL444BT7IeVGUhVujzc3SmOgq9EkQwRvfMXVSV0DsEYQzOC9jEAABBXcR8DQkBo8jWjy00FYIEigMUupS5V0e3V9ubR1cvnj4dIT6/Xzx+tn6zD83V8ftN3mOe7b6f71/vb27vbh/M4m/DxdD7P8zLV03k5T2fRSgC1yrIUA8qicxE1Os1lyiV1yVDnrKrs06mlZABKKVSwIsIxhhgBtPx/TL3bzyXZlSe0bntHxLl835eZlVlZF9vlctnlsd3uHhp3m+5WSwO8jEDDA+IB8cZfh0AIhBAjQEICntAIpi9uu9p2l911z9uX3+WcExF777UWD2uf7EmpXvJWJ+NE7Fjrd9Va18JEYLjUspRWmru1+XS6vz24tmmQpx9+d/f48XLzfL29efniJZhdPLh49ORRnkaWQTE5joSCQsf70/F4Ot4dl7WEKsqJ1Um1VVOQvN1fyjCkPPIwgfCyruvpsBxOy/2hlqZFSym1tgghwSEzA6VRXWppBk3GQXLWpmU+revirqH8lczLuiYGsqrrvNvkMq/VffP20+HJO3LxkNII4HlM4zQSS1U43N4sdzftcKd1sWqn40zClKfGebrY5WkyIkgD5O2w3TXCtakjcRokDcOQwdp8uNdS3Fqrmq4eWM5Va04JESlnpLS7vETJOGwrcc4ZwJfTcri5IQeXVJAspWl3MRcttTgnp2QARW2ptVq9m28O89ENHajW0lTj9e3WdC2tNQhWCsjcCZzAEUCYXW1ZT4kY3TkECKoeSSSqAE7nhGczS5IFpdXKzABuBkNOLByAJhO2tu4ePv3pn/7lp5/8W+zTY0Tg+Nl+/EZzAjklYVlrW4sSoZr2UV9Eu/QuoCGILE63KESyEG4zk4W5LOq032DHIQdwP4csQmwKzD0K/qwcQnDVYN7C4xWIe4DX8ax2gNm64hfQzIlivoJzqEzM1WBujEzMABi10H7OywGAMLlajxSPGQp2uw0Q35+O4MEhRAXqOSEEopEI3N3AKca+Lsz3iBGL5YNDrxEZ5d60NWJGpBBRN22Rfu6ggUOE/jiUIB2CPEvaAYGdEgIgcfQ9xzwXPVKBynOsXuGrNkspIyAhOWA8ZgjR6+ZqSlEMw2zujD08DeDMwoQ6KwCVMOUSA3Rhj8O/M4sCIKBwx2JjlEZC71GwTF3rT/1fiBAbXAzogH0w6fth/PGu9oHu1kU8m8z7/y4ObVMFwGHI5gDo0Z2maoQU/hlADJlTkhQfOqyZRGAKDpYkt6oOEGIb7KGmfh6QsC9IAGYtti93FGbVuMX9HCpqwgQAajZtN7UVAHBXYfonzgGcCFUD6w8CDbUbXDpZAehEaOoIbtV4lIcPHx2Ph3BvRAhuWAnxjAO7mzWLfb3nP0XUHbM21drOkrN+xxNRqfU7H3w7p3w4HIiw1Wru4BwUmyMQkjUFi7/QIkCvmUUxHyAx0+7qMnxmsecyEpOAgnDCc0twiLxVTa12bT7i1YOHhFTXVZKoGp1xb0SK6bn/YXREEM5Ich6mOe40ScnN30y2PXCzh2XGuzuYSK1NSXi72y2nGXuuK6JTUFT9cXNAxLqe8rhPaYMYAiFAArUAemNbiBu3i9DCYO3YE7QAQgniXVsXwSPQMXZhjp+11swUsHMUgV10FsDPwQkAZtbqmtKEiOqtDyrhvzgLqM6oP0YWsvfDyc4iPQh3U9wiHewAAHNkZMrBFMVPOnTikABbLfuLy+N8BAdiMdNaTXK2VpBEpqme7lur4/YCmuo6397c/cf/yX/+y7/7q1bmspppff78mw8++PCHP/nxi5evr58/C/CfIsAqpBcKrbVaa21V3ZpWU3dAbbWWZrVF2ljTVsvayrosq7sSAoBqU4uskFZLKaWqmQMRSR6miRK+ePH14dXX5e41Ae7eevzeBx8+/+b3gjCNe0mJhDkNnHKShJxEEnFyQHMkJEmCiM38Bx//6OmTt//uV3/77Nk3Qx4kZeToUIvbhsFRQRFxnDabzWSt3d1dt1p++JM/fPrue7/8xV8v97dP3noIhPe3h9OprGszg7e/9d4wjl9//nld2wcffXxzOLTWtBogofDV4yen43E+nFJO6LS7uITSoKkpsMByOq3L8fbVs8PtNUBVbbvNdrPZDHnY7LdjHjmlPAybabvd7a8uL7e7bRoHTnmz3STmLLzdTlOWBxe7q6vdbrfbXeyHAdfDtc43SQiJQn+XhswkiOJdexZmfUbCpno6LcuyrkXvT3Uu9OLVoQFx4tIaIpUG98dltx33F9vAU05LcQdkcfXDcTGDNAzTOCHYfr/djenb7zz+1//H//3F558TehKOLHZQ24zjmJOrtVYBnAndPbLFwkbvDqoWQANEza1D56tVQQ1MGRABTU1YADAYdiToZZOG7sDBOyOGblOEWZKZsRCCIQADEJMQgdswjIDAQvv9HgDffnT5vW8//uCdB1v2x/vh/bd2Dzf8cJcn0XL37O7Zl7evXl2/vL5+dXM4zdqwNjgu8/2plNXVzQ1VfVmbqjcDdWtqVf14WgFpHBlAzOU0FyCorZbW0pBIxAErQOKBAJf5tCyzO7rhvM7rUph5Xdd1Ph1vD9baowd7Ah23OWW4/vIrNC1Lu3x0+fCdx+Nm6wApD5ynaoLMZq2WuZTW1JASyWBAyCxpIKJVG7JsLi4AMGpnyrqU07GcTuV4WuZjLeZADk7DKCkjE5LkFM5MJiRgc2+1lnI4zYd7R8rTdtpsLi/24zBupjwlKcuSE+aUPef06O0HH35vePSYhjFNmRCmzdBMy1LIkazCcvByWk8HqxWFXbJcXI6XDyAPx9NqJDBkl2HcbGt1HnIzI5bWbF3mtq43r15Zraaatvvd2++laTdudubY0KsWTMPl47cXtWKemNsyt3VBACdwYR02loY0bXjaruZFqzoYgDrUUlXNqtd1BXARbtZ6Dr5qWRZ0A1PwyPzR0HOqVnJnZNXmVrxpRgF1rcVbYXQhJiTzRuDCzATm3rSZeWvN3R2pR2B52FsasZRScpZWT7/+xb8BLSEuoq78DdNgrwJ299ZTs2VZS8hmAN20o3xEaLURmloLlQpjRwcDa+/tp+auDugIga9BsIt9UO7aPOp4cIzq4Gjxe9yjYQM7qKyqGHlHYf2JZEyKOMyu/YjRF+JPAjhEZkaP/cTQ4hsoRHcq+BvgDMACE2Rsqg3MwZuqahSzhR2RemaY4xky7+YBIjRXjDMHUdUR2MEN+pUQ5jdnFBCFuZd6PD8BoQEgkZkSBuqqTMQs7tZhU+wAP6e0jQq0HogThg5GNyAmU4VuzOgbSqggNVpYIy87phlQjGCZcOs6MGGPIu9zFbr3lJgzVh4MiCPiuNlEB7K793n532F5oqqJhePSR61DRKg6eiJhoehkP0/XfYLswvLYBTq4GX8zl1oIiIkjTAeZwTw+VmCeqoZI2qJVgaKJ0c4oLjiaGrgTs4PTeefrkQ/gF1cX5kYCPasTERFM+00CvYvAI/CBiTlxqw07gYF9fgJopT158s73P/r4s9//DhHAiZglqoVVzwItULWYZWONxfMqHSuKuQuRuxNza20pC4dg2t3UEZ2YU0rI2Jq2pkH1iAgQnW3qHmN9KPmYY34lOycypZSfvXh+ONxnSW8KmQlhHAZ15X6nsLBAr1b21iyGYjNHcGaZl0VrC7YECU17o+taqzB51H8ZIGJtNQwb0TuxllWtEUSlNiHhkAeIlTLyN0KZHp+VsLWmcUYYIKKa1lJDB+nWh3Im6R7ruMqEPcGWkRPu97vT4ZSSdGWdGxGJSBR/xGZFDLUu24uH/3RPClNsnqAI0GIt816CGGdmZ12CWwzpUG+jeBOuBYA9NpwQmlZteuZqAIHOrFTsCtGpgupW1zUNQ5ybEfEaQWPYV27wM3f3ZoCHsEx5F7NhnMBBasYqYGCugCicmLmf/tFV8UYB5gokkvM6z8SsVU0bcUpJtFWSQZiX442wSB5V7eb1M8rjn/z5v/jkF/8WwWszrcv161f/7Ec//uiHH//+958dbl8jUFNNOSGxuqm7NWuqxBLRuqZaW42auchKteZm1pq11jvDVWuEQDOzurWmpo7EjlTNkLmZLvOJDIYkgNg4Xz158ur5N6Zt3OyC9QPOnMaUMrEICRH7+eRJWZraZrv76R/94Yvnzz75zSch/jVEZmGhWOriSTc3ZBw322GYVNe721eShz/7i7+sZf3kl3+130wPrh7e3t6cjsdmLiLm/u53PhjHzTdffN7Kutk/fPDo0atXL/eXV8fjYq3kzfbywcPbV69bqdOQW9Xt/uJwe2utnubTWpf1eHt3++J0f5/zsNtuRIbLi8sxD8M05mnKOaeUdBKitwAAIABJREFUp804bqZxM2y3o2TJwyQ5EeFmHMdxuNhtnj55eHEx7fa7cbNlsna6q/Ot1kWbhrSOgjtLI0sKlibykdxca3UEIkHyVisxFcfbw3x/XFuzw/HkAJLl7tjuTjoO+cHlRqJoQkQV1qoAznm42O/yIOOQ99vprf30zfOX/8v/+r8z6rIsKQkwtWZadTnN5n6xvwSSeanr2sy91GoYChw6p3dC1766kVBnw4GIAc1TSqYAZolFzSL7z5v2+hq3TBxNQKqVmDhxylmEARq5E3pmAsfWmgidZ1hPIo8e7Cemdx5uPnz3wQdvX10OeSJ4fDlcbIaBar19dnj++YsvP7999fr29nR7OMxrdePDcX19e7suFaINV7U2q2pO2Joic222Vi21jplT4tNcl7ku8xwEo7oFohQJv50NWSuYI4g1L7VJym56ur8/3B/XtQ5D2u+nYRxfPnvx9e+++PJ3XzX1cRrf/+i7u0ePGBmt5TFLGlEyCiMQo5WiN/fzcVlqU0Bzqx5+F3DOuVlZ5sVU23I63d7pMpMjIh9OB5IBJAERypiGKQ8DpMHVTmWuTYFSqXWZ5/V0Wk5zaetmt59222mUMQsSbrYTIbfWdlf7zdtP0tvvbN/9YPv4HUoDEItBTgmA5qUc13tfl8OL63Y4LKdjq3VeFp4m2T+Qq0e82RmlCsxjblYVvDZ3h2l7YYAIVFWXdTZtpkrI4SdueVhrTVlKLUYkw0BpTMPWyd1dyNnq6f6ec8ZxozIURx6SOTb3VdUNiKSqzqe5qVqz1hoouGMU1al6q9WagjYEg1ZbbTG0uFlthQnJiBCYHFrlHoWooBXRyYAASym1VTfLjISoCqVVA23aABiRVFUIkbDWkkTc0GP4BnJVV2+1AWIzpS54D+KTojtMrQVtH28uBzDQmHibNgaUMzhrZsxo1iFQ5h4hHvUzcGaqvSNNfnav+fkldZ4QALt/ESAyaBCD6w6qxMCdMJRFiD0eJkbqjh6+Ub0CYIiIYjQV6g96yC6wx8SEPc7dQsyCa21IaADN3MANUF3j5Ri7i7mrqyOG5ZGE7ezIjOkoXsYkAkTe1S4e8vLWGp2nkmgNOud9gJkBh4/P4Q2VDyGJAtdwqsIZu3NGTITQWy/1/BkA3CGlFMoS7FIPQBRVDTQXznA2IgRg1tMZ3aBXBZtWQzynuQYIHe+6wMEBMVBqRCR2NYhdBmMCD7o+PlEXFqh5HtK6rDKmkCyQsLnFtwExyITGC6KnhTyskP3v7VqXWLkISb15l+8gk+QhByVQTV2N35hTu6ai7yYxk5k5S764vGjaE7KQkFlUFR2r1pwHVa2lsggThl+Hha1pzik+CDN3BJYovkYGOtdgOACwyHE5fPH7T/M4gaO5EsS24wA9vlESi2QHkMQWW4H3dxj2bq+Y9gzcJbEDujpyB+OJiRxaiLWQI9EoeLou43bDvmUZxiwPjgjb3QQIqg2BwFCIEPi8gQD0dC8sTePpCoHsWgsn6etrN/N6Srmpaa1h/8De4tcfiV5chkASncSKAN6H5lDURCSWUxgUiFKi0gqAEwkgBawuKSMF1WnY1bwI3TMK4eNDRCAHhDDzhVaPhJARAJCJSda53B+OQgyA2iLWCRB61E+rLRpGSFJtS1Xd7q564Ug/pBwgnO6MEA0gPW0W6PwJ7Ewm9tk/Gui6cAKJmNjckMBqM2vgCKCxv4fJAJ0cwc5Pk7lrKyIDRN8zvEHqu9YwmCd7gwQgBpgDZwDg/DB6JwAcAMCgkYjIgATE1GNHg7R7o5oEbGW9fPDgdDoyESDVsgLBMA5grk3zNLnZejrkaarm6O3F159/8N0ffPu7H//6V3+DhKXa/d1NKfP3P/7xt7774WeffVbXU+SxG3gLw1LonaIgomkwy0zgsZIDIPYVsq/H2HqHpbpabAVdol21IUuEBKScJQ+lFhmni8ePDre33hpzhrCBp5TzRJLC5m+A2s36wCK11nff//YH3/vgF3/7Nzc3r/e7feinUk5EqXOx0Dc8ZErDNI1Tbevr2+e7i4d//LM/+82vf/nlF5++9egJ0fD8+fOyzmaeJKnZW2+/9+DR49//w2/WwxGBH7//rdvr61bLMO2ef/P1lIc0bvMwfPOPXwgjANwdTsNmev3yhep88/pV09V1JSSBtN9vt7tdyvniYg9E03YzbsY0DjmP291utx/HMW+3G0lZkozTlCUNKe32m3HMV1f77f5S8tDq2k7X2I6JPQkRorbGLEMeRMRMmVA4OE51xMSMCOtc17Ii4DgMDE4My7ocTutSqpnf3p2KoyNF9CG4OsBuvyGStXmt1gyn7Xa324H5bpO3id968OC//Z/+9evra2stqmBUQZs6IBM0a/OyuNmYE7I4uINCD/xxB0XEDi+pEYIWHYdEQO42TZMQEUBOvN9kJCytRhYzuAtiQsiEWZCsYVAdbtTjNDxkkGHBZxKknsRACCKyG8cP3n/y3qPth08vv/POg8cPLweh7SZf7sfMleZXd998evfNl3fXr9Z5Oc16OJXTqZxO9Xhc57UAUjNfmza15g2ZzvMQLKsXtZBi16rzUmtrge6ZQxJMSQipVi+lAaBWU3WGKMIGAlS19Xg6HuZSKoNOA6u229vj69fHw3E+LUtVe/uD71y+8+4wjnpaoRVmNADOSVJOkpnptOj1/bI2jzdbrWurzVojTkhpPR2bNgRfD4e1FE4DpwHS6OzT/goRa621NVNrqnNpZS3LWlEEgdd5nk+nWlYwJZb91aUMzITNSpqGYbOttZnb9Oit4en78vDpcPlYndeyaq0s6GBIXBuAttP18/vnz3yZ05DAcSltePio5m26ektJ5rWk6L50dwQFlSED5bnU2ioncU5pHIYk7uhEcvHAZEhDcpBmqtouLi+mzf5wPM7He9dGuoK2tbZmAMMEecQhj9uNOi613B1PZlibNVMWnte5lCWGV61FNdge06YQ3QC1rnNpqogOZmDo1gbJ45BLWUAV1ciNEGpZEJHB2YCZzZpaiZxOV2/qNaRvEKg4IToTNLenT78zrycEyjmBe9ToETKxaGeNUSSc7d3phgTCjIxZWESKmpk3VYeenZiZczTJ0Bl9AqzhJHAzBHVvbpGwBeAGEPtqgGUQFht+U0ZJ7irM6BRRmQTIPaQ+YHInCN4AySHkaNrB9y4Ix56R2JEBdOxS2B4PYIYe2Ki5MkV+IjiooHAE2BA4EjoSo6p5jyVEcHOkbrPtunZ0A/WOuJ21uAZIxKQORKyqnDhFo4KQmqUQRRvg2b4cKqVQVpo7aFdou1sHr1XNeq46nCdaJhqjLimmk7PYgYkoAkSREcxlSOoOimnMF7vdvCzBv4O7aYgg++pATsgMfQSMFJ0AfzkiMTFOQaLwIYUUs5XqBill7FsiOfSKgPhHxVTpZnlMyJiy1FrdIJQVborwZqDD0B2FYCygzPMVCnkWQcQy4hvXCQK4mTOzqoboQzhOe4gdi7q2wXuyTQj/Eaxpa8WbE4ErqBo4ipBWLetKodAHAPc0ZkRiEeh7DZy5BbYYRAIbVyMiZGpNEcNhhpIGUwd0Sck8uFK3yIfBKK4EVQtV9Pm/GFs5ZozAtfAMHYfhvdYKUdQFPRwKw6l23tPMcNyMBCREInkpS9iF3dxMmbjVc1cGRpNOVzrFkOoQTde99TmCUPKQW2uEGOm8saxyIAxIXQ+I4UcgJNLWOMnbjx+f5pM3d7BohO0kD0X3lbsBnWVnhF5q3V1cAHIrhXo3MwKCNVPTxBz7UShkLDqhkTUMD12T5xoLBkLIqBwgcoYcYLPZmLnVTishYTzVBBCZ/SxcWmMZ6nI08CEnTon6pzNE1GYIhMwhlTwDwXHxAnJEJCTB3ibWOxkonhriOKGwabNq5zpti5MlTtKe4RvovnkrRdKAb0i5zmWdHxE4py33yM+Y5A2h5+LHAwTnH11FCbC9eORg7r2ZOxYEhPPV9SA5IxxzXOcFWcwUzCXlJKLaDHGYdq0s6+m0u7ystSXEb559+YMf/eE4bp5/9Zlaa1VfvHzhQH/0R3+03V399je/1loRSN0cPXSart5UQ3uDTCknFgmc3hwC9n/z1ji/QfqvArqQiLABRHxnSjJOEws7cR7Gab83dW8151HGIY+ZhSWP1t0O1B9JImZkYa360cc/njbbv/mbv0KkzbRRBRHmlInE4awPiSKJhGncjEMG1+vXL95574OPvv+jv/7//p/j4e7J02/Na7m5eVXKYgZ5mER4s9m++/4Hn/zib+b7u3UtebPbX159+ftPLx++tZTy+vmLJD2C8svff2bWTutc1lXJjvc363xY1nW7Hb35frNNxNvtNo855ZxSyuM4TdMwjsOYJcluO22nTUqy3W4208Qi02YckgxJ9pvx8vJis5nyOIKV9fCq3F2DFrM1DZKyBP/GLCJj6BFC2RcIU4AuBLCudnNzPMxLqa6tPbjYmKoqG1AahlJAkXabYbudytpe38zMQswpi6SR0zCMGybe77f7KT282P6/v/jkr//2b8Fqq5aHTACtRT5vj+8Ah9pWAH/yYDNmMQcREmZT1WYYcczBVKOLZDU3glqVRQBxnou6EcNaC0sKflyYpyQJLLntwJ8IbZmyZBBW1655PQdV5ZRzkpwTI6vpdhweXV689/bVh08v370a332yf/jgYsixZQHDUm6flesvTi++vH3x7P7usKx6OK23d6dl1dpsWWtt1dRPa12bBxnt0W/QoBYo1QgxCZdazVk9hifz5kw0DUmIa7W6NjcNvtPdGREBqnrTti51Oa3LugyJhgTb3dadXr2+PcwLSV7X8uT9d9/96ENOAuuyHo5jInQtbc1DljQiS2t6Wuq8qiG50el0rGXVUBTLwGnbWqOUylyWZYU0DLs95rFoA2KrejjcgZnkgQGWeZ7nQsRpGAmolbnMs7sP47DdX+yvrja7HSABUx43Dx6/JZudCEPK+fHjur3izS4Pk5nVsgjDmBMi1KbanFT1/na9fSXZzRElpYuHcvXIp13ebhXQ3PNmas0Ruag7s+ShGqy1uasiYxocqDVbW8U0ehp4mETyWsrpdEIiYSllrW0t8ynnARznddXmnhJOm0Y0bjZmsNa2lqog6r7MJ1Uz1bqspurm67JaM1Pvlt/WWimuFVrT1kxLYKloHl46IbBaaylubq1FuD2Bv391+Xi7uT4cFCxCwMA9hCpI3DzA3DDqY5jZn77z/jLfl3VJOam1yKYmSTGdxbQWWd6BAlezaNNurSGiNi21qjsQNnUEYELhhGBJeMokzES51tq0RuzIGTNzIUoS2Q9oZzQg3lQxbwK4OQhRJgZ1cJfA1ACYIEIJc0oSn9LdXfEc2k+AYNFMEihbB66Ct0AAPDtXoZeiIsfLI/p2IAquwk0HraerGyKaQu83QAw5Q5+1uoeVour7jfIHzs5RBAAKq7EagJmycPiUHOK7dQBglqApulRZ3sxvZN7nwO7mcziPvtwRPEemlAHIelZrAIh0vj6apvzkyds3r1/HgNdzBgnXdY0hPt6hQf33VJGetwqxRVk0S2NXUuEZ4j8nJYYPMpLp++4VREFMgSHZMIc0pECLrRNhsWyRu3n8wZj+8ZwF0hHoM2p/VkNHzloYwtEB+eyyjLHA7IwKd/6EEM0hFNl21ruDYWTxuoNrCyzZzYiQU45ZydxTEkDUpuEY224nB1iWklJSUzdjipCdiAaCiIUBCaMCE5EIISALu7qCuQMn6l8wAxGc86rAASXiRzmGNcBeKBY3VaeBYhNozVprkd2JHMOxA2DiJCzadfkWanUCbE3bWpq2YZy22+26lrOPpKvGmAklxncH6C1das0AXDWiLohAq7ZWhyFrU0FB6BGrnASReq8sIFNwNjHpxo4kKed1XfrQQBTbhXdaDABRkDEyTxHC3bTfX+wuLu/ubkSkj3rmquZmwJSIvHuGDAmYmZjcLaecUqqtAjqaE1PInyxmbAciZOFpu+nOH0ZVJSbmXpMcgZilVkkJ3Jzzj3767xv64f7atWuBos0qupO7ndcBzMIEepbin3F3iNBfilXK3QBdiAHUHbVWa83cKNwob+Q3cSz4+eGzpq2lNHicP10U1W91fHOUxWnURXTWJ+R4zvHslAFXt2D8tpePnHBdDkzs4AjcK1HOeit3QASmtC7zxeXDuSwxCIYfg5J4ZIkSybiZD3dgMO52WrWtx5evXv3ZX/6Lu/u7u1cva1VVu75+bkY/+9nP8ubi8999GmYSJqlqWj3a6DiRqiIySwYSAzZDUwzBKQueswXOYq2AhpjzkFkSckJhJMkpI1EzIE7DNNSqVpUwOsYGdwJk4qx9w0JgFEksQsyI8uOf/vPj6fjb3/79MEyCSc04JRZm5ECtPE4/AEyUhjFLQmh3d7ff/+EfXF09+MVf/xsiurh6+3A8Hu5umhYHynk7biZk+fjjH/3Dr//+/vZamxnAu9/5zrNvvm51efD46f3h/nDzutQaRPPzb74q9XRzd5fHrKZoZlWZZLe7EOGUxzRmGbIDbi/2eRi3u/242SLBOIyJaZhkGodpHFKSYUg5c84pZd5Ow3az2e224zC4rW25FZ11PYEpoiH4MI4sGZl77QezWXOMHkh0Ny1aq4aH8rSUb57fH1b75sXtaV7futoL+WE1yluQ1NY6DEkQws+qTkvRqqCO02a72WzHQS72wz6zIPw3/93/4GatmWQJNxMx5SxqmpIwO4Mz4HJauM4TtLXWUj2LIII3RwAWFCb1LuRVt8tHV3lIy7q6h/SfWmkUZ4caAwyJN5k3RO8S/pj5Q8JHpqMkyNwwtHkkTNo0sgbNbMwpibTWBpFvPX3wkw+ffvT+w/2GL3bTMEhdi9ti69GX17df/MPdV5/dvXh58/L6/v50OMz3h3VetBme5nI/z7WqOa6KCv8knlxKq1VLcSYeE4ObKRClZS3gKkLW2pASE5mZ1eAiHNC1tZBnLGtZl7qsaylqqoAwDbyZxpRTU1jXiiQi/OSdpx/99KfjbsIy63LPVpMQCwnzZreTvJFhQ5IM/eb2dHd7IGTtSRxMzJzIDK1WRvHaAFzyWM3m+VjLQgbr6dTqkpMgYFnqOq+1BSjsWsrpcN+0TLuLq7ce7R49uHz8CDg58ubqari8GPYXTglEpsvL8dETnC62213mpNoQMac0TpvSWmlVVdGgzrODQ0qWRtpf2nghF4+miwfEKZZ8Q26tqttSW5JxzJu5rMf5aABAiWV0wHk5rWqch+aIIsR8PB3XYoisqqXMx+NJSIC4GpgZpcE4+7hZ1DnltZRlbUZY1OpaamvuWNfaSqWQYjdTbYzsbgTQarXWOL44M7XWVCUgN4NWmmq11iiOdXdJ5AaC/NZuEoIXxztzA3UwF8aUBZhLVSRSQAIMx10iFuIXL75yLVlyqRW9t17Eq8TPWRLI7gjI2aGaupkGgATWm71YpL95HAkxLLffevvBn//hT9s63x+XatpaBPJ4i0gHbQxMyA7QVCOWxN+0gnqQ0uYQr0VgJvDGiEyI4AQwSBKiKQ+A5hZnNiJB5HQxEhNkTuSEroTIDowA4NxLYyMQ3QiQwMIaKef8GHNrIUknauEqCtQVkIkYe4dPvIwDDjCzYNuhv6ANCcmdqSdru7u6Ya9ROrd3xQzLARL28SdmMXToULN5xDqH7gGczoALxOXy/ukICRlwiKh/SggWRVrobpI4pVzKuqynUE84AiG7+3pat9vdMORaKicBQm/gYIDIxEx8Hr57mF3IvxwgjM1m5yYCRGKO/QnPPzhJUD9vxEDBzoiIawi0e3fcWQDmHQrGXgsRl4BCUdOJnRjnMXJdPCI+EaNqylRN7VwhFkCnmRnGrRl7EXS3KDOyIwv3JREBzplFfl4PTHu3MedEgCi02Y7rUlsprTU0JEKO2sLuhQbocHeE1XqEuoSOPHJykSAPOWI3oefrAzgicaC0xIiJXHvUEXQwFsDcLBZQJ+YztAuSEgF5LDweiaji5upNWxNJxBzxT4hkqpLYHIZpIKR5Xscpk1Cs9cjkBIRszbQ1BBKWcAAFRC3CiJSyOKCIjNOwLItGIDEzEtairTUkNDckGvNo4GrK576wpu10OhHFEaCBLL6RxIUqz7QNeVRtkYpAxPN6vL25SSKIZKFL73sdMZgDocVmh6aR3WveKyg6/RLyZYi+kqBQmCIzez4dW22SUlAcMfKCq5sBUVnrMAgCYNr+y//iv/qX/+pffec7H/32V58sxzsiPm/tnkTgrISLkRkQPfrUGB1Cld7cgYlNe5pgt5cSAhgCqkYPQKDYseh2Ny86EXgQIE1VW0nDCIhmamYYAEgcD9YtEf7mNIlVIPREcJZZuruDWfyqAaVpf1XLCU0R2SF6U/4JHDl7seDM2cC038/z6U22F1DEtJKZo6Sch/nuNueMzK210/3d4Xj6+V/+R8+fPT/dv3b3srab16/SZv/zn/8HRf3z330aJrFaG0cpYH8yIedEHBgAE+WobMtD5k42cy9GZKIkLCIiSBwWbJI05MREDpDymKYpNGzMKQ9DB2eIuRPfKCKMKMQi5GbEw49/8odff/3VF199thlHQDaMFFyBXksH8WZFBBBiSTmNput8Ov3BP/9jN/vk7/5qGqf9g6f3x9t6ug+iUmhIKZnb9z76+Pmz5y+ffeVATLzZXe4uL1588wUTTvvLm1cvdF2Ox/thGhT07voFCJSiF1cPAGXMmRyncRqmvNlfNLUkKeU8jJuLq4s85nGacs4iJIAp8TQOeRiGnHPinCglyVlEZBrGaTMlZoLSlsN89xq9ulUkzMOIgCJJUuY8hmqNIk2hV1CTA9faSm1AEOnA69puT3V1vL5bTqey3QzCdDfDcdVxHIfEQKjm5lC1NcfI5ZymiQj3u2lie3x58be/+MXt/eGbb57nJARQS7XWEGEYhBMPmbJwQgBwAf/Oo/z9p3swX5sdTnXYbAEitBvUDIgYuZVQsZZSVzQDdQJDcEKPbw/NBF3MRoS3CP94HP7o6uG7l7tLRliXlehObVGDnlvGQBxvvymnnIWZHl3sPv7WWx+9e/H44XbMKOxtOZ7ub+vp9fH118vrl7fffHn9/NnXXz+7vr5dFru9n+/ndTVYip6WUtUUzICWtS2lqrk6uuNataqpOjG7GwIBp9JUwShy2oEARZtGLop5V0OpeSm1qh2Pc0QYrdWJaRgSEjBjaXp7dzTE2koep/e//wMeNrYu3ObkBu6lNESaxs1uf4FpI3mLxIdTuX51v56qu5d5PtzfOyAT1brOx4OWuZ5OZVkIvVQtAWnXuh5PqIrgBm1Za1krEremEWbdWnVCGaaLR4+2D694mniYUMa0n67efnzx+DFPuwIJifJmozJynjILWJvrKUliEmRe1+rIjl60LaXiMPJ2zxdXuLmoaczTlnM2xFIrEq7Lsq6LozMxYjKEeZmXdcnDRiSp+toqgNVa43iLjqBaWs6DaYW21roiypBSVeU0sCRFgjQoJ0VsbupKTKq+rqVpdTVrVpbZtVEnZQ0J3ZtqWZYTmIGDteaqQGjqro0JQd1VwY0BGbG2RVWFCANtdD8sp+vjfUjMI7hTwWvTbj0jOvPE3mlij5Q3bmoIYYZFd2geTtrgCly9Xb713Q9+8NNnX/8uxHWmVlUDln6DJ8Ubh5FFGNHfeXT1lz//07vbm3989vVcGhEGwBrrgRC7eXPVmHDe6HYdzmCxA6CkgVhKq2YtTL2MqOrB/BGzWgX3rp6NZEuIvx/NFNw5Jj5Ac2MWAIpQAABAwfj9Zj1QVB2QSNEcg+bz0KoE6GBNvRkihj45RO0OqNpiSEuSHcDdAhWMMitH0KbmjkymoRUEUAeMCqmQrjhYVM0HiRAROmfrJwWCH29tMnNhcgA1Q+5h7nG9GIFFRiKEwB/ViCgmCSaspcbyR8hdj+VGTEjooGraqjJzZM0TYJxwfk75cXSCMALTuXk0xnHvdwIEcdHRxQ5dhDU8oGDEqD9ARHNoqhh5hL3YzD3YGgICDvlCWCWw27TxzVVBAOr6KoNIo3NoCrFeiEiSZJ0yeRNg31cBD8k4ICDmcZx2u/k0O0BrlZnOAaJOcb/FQHcmK+paiCmx1KXF5yCi1lrcQBiGDERmZOJu9VAEdBaMNjZtZq2dr5d3cTkiEtfawnVABGlIpmpmOSdEQGIZWFtjQkZg5jMrFHUUThyYnEpOtRSKQqVuQiURzmk4G25iUHJw0FrK0gCwVWPCKKgOE3V8Mc2UAIRT7FoUkheiniPsAODzcaUkjx5dLbUgMwm7uQg5GGL0P0e/RFxIBDMEYuJAzrqjt0PSxlGYwv70vfdev74WkRiowb07Mi381tHaG6cHTrvNMIyH4+ENUu0IkeRhrtaUkVmSRYCaCAKYOhGfAXxgZEKOzi/sdJE7GIs0VSJKiS1N/+l/+V+//fS9f/jkl5/++u9vXr04HQ5tLa22iPlRbz0EigiBDM4r4blpIRAG1WYxXCNEH0Bg2IHoaK2BqTtYaG06HXfed7pZt7U3dbx9gkf4J+//ecZ/Ixnqm7O7A/ScgG4bOP8+983FFYmU+dRqzcMQOx9S+BhCdffGjYxJZFnmywcPl2UFtcSsrYADEkfxM7hLzkI+394M270judrt6xfN7ed//peff/FZXY+t+jofXz1/vts/+JM//dP7eX7+1VeJIFRkrbvNOKckOatqVc1pyjmZaU4sQmboCuZIzJIEEztQxLQjMElOOUmSyChgYQxZoKqIECcEMwNVQ2R3ACJJ0QNrJNhKydPmRz/5g08//Yfrl8/GaePOnJhiwYinOL5LYSBEYWbJKZuutZQ/+fO/uH7x/De/+qtpcznuH9zfvi7zvYcOlNgBAHR/8eDy6uq3v/7VuSqb3nn33dvXr1pdiXDa7F+/fAbgrdarhw9ZaD4chjyN0/5ieymSN5sJVPcXW3UcdhsZzaMIAAAgAElEQVR1yCKbcZw2m3HK02YzbSe3uptGUyWG/X47DnkY0nYc8yjMEkfyMAzC1OqxLQe0onWtywKgxDiOQ0ocSbUpjdwDsJElDpnmao7AOZnZ4X5e14LM6ng4ziD5WPTlzbzU+t6TB019LjbktL/Yqcs4jshYqmltiHz14JKZdlPejvL4av/Xv/z7/+3//L8+/u63nr71+PMvvsyZhiwIQOSINg7ZajveHjbjOAns2D58vNN19Wbf+/aj7ZiK4lpVqyLiuBkkBWkTSuJwjkQIRqgRyFQFfZNlIByJLpC+neWfbTbffuvRxeUFWrsp6/PqN+bKBMiqrmrCnAf21hA8MZLah+8++oPvPX7rImeBjFXn+9P1y/nm1Xrz/PrLz19/8/zu9d3LV69fvLw7HctS/Paw3i+tqC+11VYNqTQr1dbqZp1/LJ0UNIwmMkB3aGoRCt5aDeuXqiEhCbWmbzR75rCsWkpzN0JUd3AijrwjqM2Wpa3q5sQib3/rPSe5fXWN1gQxqNe5Vs5pmqbNfofTBJLV4Pr14frm6A5W2+l4DJlKOa5lnrXU0+3rw/3rtcyExJKX4/18uF/npZZW19URKQ9GKJLNvVSdpiGNOU/jdn+VtrvLp0/y/oLyxlKW7X7z8C2e9jLtVcbVeRilWStARkTkTWcCHPK4rrW2ZgbTuAHk6raY07iFPDQZFZlkAGZVn9dSSmlqZa1umiVtpx06rm1d15ll2G93knKp7XB3762WZS2tYRKQAZHUVBDY3KyaKoZZkxjzMC8LioAMxdEYkbnWYlW16ro0cDVtWlSbAZDW4qbmToDLslzst++8/fbzZ18nTuG5YuyJJ4KkVcEUPWou25DkvUdP7u5v3BxUEby11ppa8/BSYqjbVWPMdwdTY0YikO64DWGnCQkDd1+ZnW2fXeHeCBBTPh2P5fQajUzdAZpbtCQRYmR+OEQHmaM5Ipa1fP3s68+/+vrutJraUhs4CLC7oaOIGGhVBfBIDQE4Z+pC9+l1tArcrIGbe/wkxGRrZjFbt9qY+5wpZ53FZhjAzBwIsWqNl5+GsiKy2sExciA7L2HuxsRA2LN9AnkiNPfwLg95DBRbTUNMou505uZduxC/RrBkGC9DtIvgGgA0E3BKAwRyD+4WhV4BlQIAtNLOugN0NWaO/rLQI0Ugynm2RyR0U2QSTpH0yMyjukK86iJqVCNhBzrRQKRqZ1U5ICIaqEEkCrnHhYWINgdwM+3w5BsYGtGsxdgQAhXiyI/3vsARdf8AkYO7Qg/cJwqdNCGaK1LfwAhDa/5G8o9hFumYN3bzMCAAQWc7ejR7uACoX2gDp659MvCI0gwLRCe1epg9EiMTa9OPfvzjcRpffPMlBZV/nvfBgR2AQVszAOQ3IiZ097qWruz2iIbtrQIxahGCgaOjmSeRs7/3bGJ3YJEhp3lZTTX1Li0kIRaRxK2XLXiA1sxkcZO6QpRXMFmP0AowNu4DaE3dYbOdhDIxmltTI4roLW+tNW0IKIlVLeUUj1OI2AL1ZuazJTTabbptiLqrlbIkYq5NQwQrzIDoBrUu+8uLw+HozVw1YnE12C4AVeum7y4LAyAkCcmQR4eARbYTYhgiP/jwex9//P1f//pXOU9wZsewp3ECAjQ17J2+UKpKZlXlLO+88/RwOmpT6YBePzNEBABVq1alELJEeixgrDIi0S3QIjbMzBGdo6gQEdEp5Z//h//Z1YNHv/v1J5/+/W9efvPVaT5GL5XWtdXi4CxMQu5etTlB5PpjmLIBoqIYmVptbpZyRuwNFwBAwgH5t1pMG/QII3sj7OmHkvdGbdNmbmkY3CGSr7pws0sIDd3DuAQ9P+DNrA9nTSJEGnHU/xHiZndJQK0u5irDhgisNYx7GmLrP0vqosUNwaxtd1en+zvJKQKmiPlNiTSgp3GrrZRlzptdKQ3Jr188S8Pw7/3JX/zj737rWrT56Xh49uLZ5dWjn//Zz1+/vvnmqy8QsWkj4ag6JklgqGZDHnLKZVkcVIRqaa0aEaMwCxOzA4IjE0mWCDF2QDVvtQXQU2tx0zwMDqCtraVoaxxeL0IAV9W2FiKcl2Oetj/4+Ce/+81v7u5v0jA0h5QTSYpooDOPhCyCjCzMOaWUTNt8Ov7sz/7iqy8+++1vfrHfXW73D+9vX63LfRz3sdHnITng977/w99+8ksmRIlgXn741uPnz75OKTvSOG3n4yGLAPHDBw+zpDZXZrm4vGCiaTNO29FazePgRNN2Q4SZZbMZUs7TNA3jkJi9tTwIgIrQ5eXlNE1jTuM05JTO+cvAhG5Ny7HN92DN3cFaTlGKZ3kYOI2IZIAMkfth/d4GMYDa1AwUsdZ6f1wdSIgA4fr6fqlWVLWikCemVVGSOMD9aSHJyKzmTXGaNsM0MNGDi+1+SA7w3/+P//Myz7/8zafk9rOf/vD5y1fHZZ7GtC4rMZsZGDIAWktgg+s0pNtFnfhqP2wvdnfN7w+LmwlTa6rmtbScObSdYe8W4ohrwM6qmyCBGbtvkgxAoK22cns4fnE4fdb0GeLRwQidmVGiB50IGIABhyz7Kf/og0cfvf9gzOT14PP96frZ66++LKfDfHvz7Ouvb18fq+HhuBzn+TjPS7HTaotaGEdVvbZ2XHSpFrBBc2vxEu59mt7MS/NmFg1E6q7uau6ICoACqtW7fINa82XR+DoRQMHAkZmEyNzUvDYr/z9T7/ojSXae+b23cyIiM6uqu7p77pwhRxQpkSIt0fKuoJV2vV7D3xdYfzMM/4drwFisIVgwbMAwDdPWLi3sRUsOOZeenulbdVXlJeKc9+IPb2SL84UzBKoqMyMyznt5nt9jtqiWcfjog3fHaVwOe9Wl1GkYJlNtrXOpl5cPai3DxSjjpo47C3x9e3r54vZwu79//eZ4e+enI2ovoALRj8fj3R0LZt6zA/ZFT4eDeqCweRcZymbnUnpTc99uNhdXU5nq7uHD7dVVVJkeXvFmVy4elN1FubjcXj2QYQThpk5lGKpY73XcpB10qEOtkwUc29xMqVTmCkBmAch1HFHKbJHEaMZqZl3Nwltrtm6SqXe9vb+5vb2BoMKDQxyW5f5wH+aFpWWaEpdaJnPT5QjW+jxXlq6mZsgliLvbfj7NfZ5b78aAfFqWcFdV7ZYCm9aWviymqk1VNShM1bqFebfW5mU5nULBenNzMGcECHNVWHFt4Wbm6mFPHj46nA7uVpkRzLTTqs1zdcvTPLfqvfsKlvE17srDiYAImSQ1DoFnoUZwDgDBI1X03tp8ePP2vFbzDMzzAGEOByZ0s6yMmQsjzb09f3N7mNUcLatBxGkcNaL1hoBmBrBO/1OYgFl6ILgZEnmEhrkb5oQcACIMIAf2wBDm7sCyTgHTmJsSoKFWdV+WvuYOBKQw1yFWsyhC4oLtLTkPMSJaV80zlwhpRWhkjOB7737w6s2b1lsqY9zD3XLCxiJZJvjbQxahyuiJFYXVGopEOe/M50asEa6QV22dyKXwm3L9jgEGmVaSPNC3RKFziAISDbWmlIwAWMqImDtZCI86lG5aRZhkNaauOpcVkQIZibg+AvP/T50vreNKCIJ1MhoeEJHjWAIGPFfssWJTAiA5aH4eKq4OYUbTQIRxrOqWpcxaUJ9RLUlRiLXOiNWvDRDrL0NBPKvNODXrTJyScs+FCJ23EgiujoQEyCiM5JhGf1rBO4S5+ri5ff3m1XPhEn5eYmHaOTAcA+1tyHKcFx5IQCQpwF3FWIjM7AFpsP5ddcW0nZhlXZKdbRKJYiHEc8QDQlD6gSRx8uu1yJI3EgqZ43Nfe8dVZKS+8iVjdSvysixqHQHdfBhqkk9WtyRiYCTOb0Xi+noPmhsiliKMyMxptEdwJGIkc83cNTePjLHANR4rX+e0m+7u7pEoAf/nx0qshhUChOBs72kdYac8KQIKFebi8fbTwaHUV29e/ebXn22HjaeHOzAiSR421lFK6aq5wvSIWmtEWDd3a23Jef+5ZV2XDOeL4sirNQU8RBgjl/l/PzQnImIBCEKgwgHBIhHx3R/88YNH75ge+ny6u7sjolLHYRwDKdxVuy+L9RYRzIKI2rq5sXCSlAgDAdRs7SfUKCUEZ3IMZUgYoGrL8cBKOkizi6/fmKy+CUkT9FbGzEDE9SEIkEEcub+I85YuZZWwtkOx/htC7t1WnFSddg8cQueThVOpIsW0BTgAEXE2aZHPW0RCYqTe5nHcuFmoIZOpEhEgszCtmB4aNhfL6T66jReXYS6E3zz7cthc/Of/8C8/+9V/BO9msJz2L188v7y+/vM//0evbvbfPP2iFHYLBAxzFj5rz1C1BygLeQ9VRyISQUFDtyzHuQzjkOkPQBAAq29n1UppdrzaXdU8UhuGTG69L8f5eDggRV9Oddr+4Ef/2We//rv9/pZZ1ECEcwmWiysIAESRBFWhlIpIwri/P/zsv/iHz589/c1n//5i9+Di6snd7U1fDvm5Zc7uUAdi+uCjj+/vbtvpSFKISa1fXz+e+zIfD8wVSHa7i+V0EGEivHr4gFh06YRcNjUihs04bsbeWl86CV9fPxirEPgwVETc7HalMiEwAxOw0GYYH1xdbMahVKpF6lCZaybGuPZ+uvM+hy5tOQJFgCPSuJnWvStl54M5KlrR3gCATFzM4Xg4teZz997DHCB8Gusyz0uHOgz3d/uCOA1iVEjktNjt4eRpLwKatturB5cEcP1gtxvLw6vL//Ff/dW3L55rt6Hw/eHum1evfvLD3weE5y9fj+Om9R4RoabazX0a6OHFcDwtZTf97GefIsD//svP7+aw3tXUIxClTIOFO7qUkodBwpQggAt7YsRSiaoJksbF/dbxm26fHU6fN/uWYBE8aMxqTkilIotDpFscwXfb4XsfXv/x9z98/HAbNp9eP293r59/+cWrr5+ejsc3r/evb+5ahEK9uz9ZRGv99v5+aQ5UltasuzvM3VuzrqHmzbU1PfUGgGlbappmUTAPQDTzph2IzpFsqRkICHDzXBEgIWIwobm5RnIPS0HXJFq7hddxev/dR9upelsoTEq5uHqIVJraMIwXF1ebi4thKMPFZrx8PGweAsndsb16cX93exdt0XYUMAaLviynk7YmXIbpantxJUXC7LTfq2oZ6rjdMWI47pfW1JEZAC+uduN24GnDtXKtdXvx4N13YBxx3NXNTqaN1DHy9M/Yem/9cBhKkVox7GLaIkjr7W5/74AG0D26aWuKxEjSPQJRIwwQEFvrXc0DQtXNl949Qs3uj/vWG0ktwxiIc++2ZnpSU+0JwAAPtycPH7xz/ej162/76ZCSkmVekJlIurXT0tVxmMaUyBNF673N6s1Mezs1U3WzSMcoYWj3phSkrWtrjBwGbsaMOfd1NzfLZ5mZAoCwuNvLm1ceXlkgjNPW6J4R6t098WUB6OYBUJiLsFknzqRCMI/EUpg3dc04ppwRB6xLAy6FqASyqi1dcaVeICEwIwRw8o+Ruum6+baIAA01U1VX97l3P0/KPcLs7/WpeUilIHMtAAjOAgHEzBcGQERXJU6BqbgHEnuWfIhmKSXC86QSNYNizh44YjH3hEPk5+Ie6qtiuHXNhCxATLihw/oMgCDNcXnA69s3ACZScngNsKZg5YlsDm1VQEgqGi4vHzZvrXd3zFc+twUY3CzjTf9+BXNW6q5pPmtm0FrT0+omzXl4EEChld6Z6nzzMLXsJBiw5vwewlx9d3X53nsfvH75PN76llcpMCEErAdmhi3kBcCzwRjPxt81kmDdyQAyc47LzNXdUlhvkbsMQsQiYu5pCkyFGDJbjzLwdrddloaArk4ZuRJvNQhn9f+6aciX6AgE7kiUAh5EdDvbUyDDFzKMah1sEgASx3ph0lBhEQbrfgkBcNWbBYIZOJi5Q5JtIk2rzOwRBsG0ypvSQBxnSVZKKxAwssZFWPOqMnmOGQBZSFisd3Nz83xEJx5H3SKcgKhwGaqqAnKAJ3qGiHLjtTouI/L2DAgMersgAgQPZylMksLBVC5hLvMQpLCu6C1CQGEyVyY2M+sujICYA5CkuxGimhWh3DqZ2sr6jQgIJsmeIWFgeZlW7yMz4lkFHgAB3S2L2CI1vw/r9ipD4oI8PNCRkJERUM+9SPYGQoWAembi5jz+HAwoacU2FZFVhoSrUYYRW9PMPvYciq0GeqwZQpd53QCMb4cZRikp8IhwxjM90IGYVPM54pvNxcXD916/+FbNb9+80QhkZpH0CaEUAAR3VXVT1Y4ALIUQe+srUjaxNpkTl4I3Vy4l78RcsWWXqGnaS2V+Ftup/DkbhbJVMe1uxlIR17Q7gLc/s1b6SUfN0n8V/ke8xaRGOgUiPBwBpAxlMwVAOx3djFnKOHqodwPPZKvUyEBqH+nsN1DtF9ePbm9eD6VGRKoRUs6+/hGgcdoc7m8BoYyTuQvGN0+/ePj4yU9+9g9+8+tfaZsjcH939/Ll893lwz//yz9//Wb/4punCGhNSXgYKgCpWThIEcQwMzNGZJK8g3LzjMTMtSCX9IVZV+uWd6b23s3DoZupmXsERkqwVJdlOc2H0zy3CI9QEPnhj//kt5/96rC/Q6oWUMYhW7uwyNEQC6cdNqWviFxE3ty8/vFP/+Tl82+++Pw/Xl08fPjo3ZubV6fTnpAx51DMIlUYpZR33/vgy88/E8mzBALgyTvvvXlzAxEaMWy2m832uL8nKQF+cfUQEZfTDERBCB67i8syjKam6iL08OpiGISBiQlJhnEsLLUQU6r/x+12vNxtai3MNIy11sIkbktos2V/uHul8xF9QTRkmcaap0EpVVjCgwm4VDzvSaUI+Gp7K8Po6vNpvt/Py2KnQzue5tCGEK05SUHEi0mmUhzx1ANIRGo2lB6022yKlIeX28tJHj+4+Pm//Xc//8UvTvPSVZl4qHVR/fXTp5989OHVxdUXXz4ba3U1TD2126MHw/tPLvaLvbk7/OgH7292u5//u68jiCi6OSCWQcpYRcq8LG4eELVKEQkAT/RsAAYwEmDkYhOZI/BoNiO/snYXcYo4qikgD4WqqEV3m4ZSq4TZWORyU//gO49++PHjseBy+2r/7Rf7F988f/r0cDi+vrk9LH7suszzYe5zUy6yLP3N3f1x7q3r0hZTP3U/Lv3UzRw0QjW6gweah1p0dbXEuoRDZECkuUIACyV6jiiFpomQi8K4GYsIhkcRIaAiIpxlBwBgYDDzxW5khHY6kBojTputDBs1c7Pd7rLWOgy0u9xsrx5cPHxCw+40n7765vWL529uXr0BN0EH79q7dV2WpVtMu6sybaUUb+10v7c+12EYN1OACUsEA8mw3dbtRd2Mw3bjACQjlcrDdHH9sOx2XKdhs+3mEdD7rNqlVHdbTvN8e7Pc30A4laLmgNRa78vcm5HUQOyqrfdmy6K6qC1tAZQgZhKDuD/cuxuhmIV2RSIL711b64DMJMvSArEZdm3hFu6npQfTMI4itWl/sJmq8MsXz2xZSIa56/4wy1CTMXVaFikCQAG+GYdlacvc5tOsvUcOqdqSytAIwAhT76fm2gmgluruuiyIjgBmJiymurTZzEMjQGFtRVL5H9q7hwGQmS+tZ/xRD9c8V4jd3cmIsBBjxs8DeFiWkswYkcB7wRUalUtxz8dpBjqZe4Z2RgSAFRm6WqCCp/yF3DLh0gEDM6JRLc5p9Ol+7K2Dg0bQOWMsVkwfUkbTnqknAOCmq5QGASIKE4IRgIi4g5qtUI2AtYvAIKJaq5oZGAAwcQQ4eAS4hakjgZmrGREIklrf1MoM3QwA/QxeBFhjjOO8sWUpqgaA6n2tggDOeWIAZ+4FI6ppqBPi3E6uSkARULiQ8NkxtU7yAoOBU9ViZutWM/UcAeHOiMhkARHQ1cI1uy3KCTsCUaYNOOEK6mTiIU96YQGkWed5Pib9QGNNBIbAAF9F+UwJivFwyny+AARM6di5gA8HFxIA+p2WJR5dXz+6frzf77PgXkVFDu7hYFnJZ5GRnQGgH47HMGDhoLUUAXBEgreIkyQInSfua9wrrISeDOI1NS4stbgHMIQHYcp7gJAQKPCsGEMI8ADPpLJEYAGAFAYgy7KJVhH2qjFaifU5HM2t2Vup1CpEAQd3F+HMxfCIIoLE7ibMIpJTARZurbWuIny+SxOUh2q6IpHO7yg73mzWkZGIhBlXcdR5W5IeeUSkcHNAQOYilXLOne8CIQ0bkEM8y9jXYKJSh+yCPHwYBNJimpkJCb0h/vjTP2jq83wkJF+JnJAlNZzhSGu7tba/67cl4ap+Lj2zNxAkYQkGACRECy21vm3XsoDMO9jCmZjPup1A8ABzY2ZAJGbMHyAwM12JKClCAQx0N2JyWNecmV0AacJBSi7X+pjDPNyFmdMnYLHmcxGhEAeghQaGSPFY/8b28hFTnQ/3fVGLdK24modHKSJ5qDLnZtPdtbUwxYAiHGFhllwaRArw7GUcAIkJ0MIJiTl9e6B9BjjbflaJkiMkazQ3LgFAaktESK0eFivdP4cHAe5rl4D0dhm4+l7g7AdYKViBAJC4QGYutQxTW05hFhC1Tsjs2vMhnko/WH30KQcERDZvpQ4e4dZJ2PLcwbQ1sBAEGHGtw7gcbxGwjhfalNC//O2vP/joe3/4459++cWv23Iy8/3d/csX324vr/7yn/zj13f3L559XWpZlr4+aANlEAxvS9Oe9T76OviQKqXUgYQMc0nIiVNEiKAV9Q0BXRXWGwrcdOmzmwFRb31pi5lKIQ/8yc/+7Msvvnjz+iVLCcBhGogYgdwsezHJeRmBQ7AUBKxV9vv7T773/d7ab3/1t5cXDx6/99Hd7d3pcJ/bZ84WQURY1Pt3Pv7022+eJtK+qxHBME0XF5c3r16nYu3R43cC/LTfIyIyX15dBvpybChQh6qL7i62xGSthdsw1KsHl7n5MjUpw2Y3QagIZcV/udtuNuO0GRlRhIuIMLv7cf9qOd724+l099qXA4ZjODHVUso4EVcNJ5RxHJPVQSJ51wAhSYGkzCFzZbNugcH19nb/8vUdEuzGcZ71/u7AIpPgIFinze3RoVQuNQ1pUoftdjsN9WJXt5W/fvHqf/qrvyYA8xiG4uHhlr62z59+e319/b0P3v/tV0+3m5o4bCKKUAO4O/Zj529f3v3q8xd3jZjgOC9AUGuVUtRsWbSrjuNUagl3UMsjDxEBCB3MTZgoQSEBwGQRPaJFKIIGNo9gdkQgJinhfRAeBiaIy+304fXFDz58cP1gA+3+9PLp/fOnx5ubNze3r16/ubmbnYe522lZmgaAL/10+/rN/e3huNiiCiTEw9xtv7RuidgjR2gJqQlQD1U7dW3qGtE9ekR3M4Ce/+lq7kHJlI6AKIWGmgpwSlhFrr7T+9TDKfPrhAHseDy4GiKKFBlHQFLTIlwri1gd+OHjh1eP3pHNlRoeTvOrm2NvRgGSisnw1to0TXWsgDRdXS75PW2n43G/9BMQ12FsbTa17iDb4fq996LUYbORoQbCeHk1XVziMPHuEsaNBhqEdmt9YYZayzBUj2jz8XhzE33xiA4EJA5+PO1bb0iVhy2WwZEDISLu9nvkwrUgEZE44mlup9PJUwqoIFxIinZTbdY1OdE531G1ps1Ml+NCLHUY3NXM+nKab5+/+ubLdpyte3eQMiALMrXup7kBkYEbwDhOgNiaucE8d4TQ1npv6KlfQNVumn2WIiYjxwHBNYVdiuSDFDfrbaEsbyhJ3M7J2QvLva+6d8tJG0aAogMSEruhg1lyLGMlJ6aolCn/yZOGCpfUkAYCoCcW8m2Bi7mtQIYwD3v04MOP3v/usxdfjLXm1AwJGdcfQmTzACBf9RuREWiAa1WICJ42WYQs/1LWn9PGVZgPbu54DgkjwodP3vvk93787ctnpt5Us/bIjtfXGXYaImyxnnQYB1DzLCdIKI19yDSIlCp/+ic/M7M3+726ZkWn+XhfX6onNyQiSkZrd10r6MiKfx1yW+pbAJJg6ZA+W4MVZw2UUadI03QpMiy6pFw8CzVEEmbKsXem076lgyOdI5gRkYIgcuYRvu47Yv0wAYIAGXmAjFxedcfRujIyM+WahDi7QMs5crw1Ya6ao3X4DgTMnJHdDo4OxCWyP4pgIjOnQo5wOB7SrEHCsG6OEt2YhFQAgLDks0IiXgJimkYA6NrXQhAwEmmKhJgBw3+/FMqaBxFQKK93pud6WOa/ppDDMtrYrdZBMDdE50h3JEICDFVbC9lwJGY6r+UTObJ2Zs5IuT1gZAAcp2nVyUCgI7Hg7wSijbVQkGI8efxO63M2jdpzjotc2MzWaGvC8DOTkQCQzD1tamvDQ5GzYMo0ivWGjQRvlVKJcm9NsLZKFOG9N0QQYVpF+dlGn4eKkMnNUErNjk41rweY5QQPYd1m4R/85CfbzfbpV58DcbghUuouSq1La3nTZ+GV4CtJgwwAEsM5nQHf4mEBkcjCUpNqoR++/4mpzu3EKIC8yvtwvaZZ5Uc4EQKubyH5Vvllzn6UkNedDOWlhHO9mdnVZ0P6+k0FJDTzcMjQU3Rg5A7u2VNwCVeRLBKjhz5+8qQM03w6kTCTAMAwbqZpY33p1modiAQJkNblICNxkVqr1EFKTdmSa8/dLSOrWWtLviBiWrdqiOCBeautn50HuGuPsLTzngcymILL/I7mDaS9RUApQz43c6IEqxJo5TVBYCaOr8qd8/GQe5bzti88FBAFhYpsdhdtWbTN7srCpQyIYabrXvBM5VmFQIR5I6u2zeX1/v62SAUs7vm4J0by9ZU4l6HUerx7gxB13Kg6gX/5xWcff+/73/3+H3z52896W3rX+9v7599+O253f/EX/2h/OL349llSxKQWqWJm2pupExNzdQgkSshVLQMgOGRgCmpr4JEVT0RoeNrXmEkqp+alqQUiS+nal94DcNwMrZ1++Ed/cntz8z11VSsAACAASURBVPybr7gU95CabC531QRtZRRL3tQslKP9vswXDx9dXVz+7b/9vy4urh6985397d1hf0vMZsGMnIECVCJs2l5sd9sX33wNyE2VSYjw+tGj3vuyzEIC6O+8+2Gb99qUSylSrq4emFuoUeFSCwVO2w1XAe21cK2y3U0iotaYpA5ltx0hYqwyDKUU3m7GaRzqIEWoiCCRu7b5MO9fL/tbXWbvp7AGbohgamGdRco4cB2JBYWZhFColIS9QgDlBgZJNQCcWY7HpkH702l/6Ij05MHWTfdHbbNeP9hOYzl1fHWyYIkIs+Aybreb3Xa8uJgeTDxNm3/5r//69auXYQbgRSjCVDUDp4Xl629fIMYPv/udp89fSGGOMPNZ4bD47OHIhw6LARW21RJLUkopbAZddRgFAoP43Xc+cNfj6ZDoDTenxEWIWBrhmCICArubOqBwEDiSr9UGiPA4DGNl9A7dnlxuPnln9+kHV9sR9f7V8cWXty++uXl18+rVmxc3t4e5q6MqNFdXW5Zlnuebm9v9od0ejouaB3T3Y+vmAYHIqAmAsYDIIYWjo+dAI5NHwdQsIgIZIgpzzi+6WuK/mYhYIhC5IlJXC8oAjbBwYipFSCjcXYOAh1JrFQcgqRbAGKUUBhsKXz+8evLO493jx2XzEKkejvPt7TwfWx2HjO5Ciu123F1sHUJqCddlVsEA197b0ptDOKEZkFSuIkMpY22qUsr28qoMk+wueLfFcUPjKMNoGeCAgAQXu52QtNba0pa7fZz2gq5diaUOVQjn02wICsjjCCKLmrufTn1ZugxjrRtE7qpLb8vSA6n33rSrW9II23LqvXnE0nrWi7VM7qC9r0SEWkR4mRsEFoDl/s7mxSyGaQxmR2fC7u6OZRiXNls4F+luACxIh/2iCXZLuzZAhNFbM2uaQVHDOyJikDclAmY00zC3bp4jefAwB3DM2s0tB6fpCYhY17vEDJh7/hWNr2sEU47KgSlROcIISWKsUkRShn6utihHhIGMCLhS5tY6Bk/z/el0JwyFOPtzc2cEwLCws8qb1C2rl+yoA8HDAdJo63ROsELIwy8JmutcMeUeSb6DiGb6R3/yZ5/+6Kf/5hf/J6Z3MZIEcxacB+XYt5s5eK6GAcPCEdAxJR4cmAxueHB18d//D//dy5cvf/3l5xZgGdtaZLPZnpamasQc7mkfQgTrdtbhwCreYfRVeoFEkZqC6+sn2l21MSGzBIJ7eDgzhsd2syPmpR0RabX4R4SlR9HUbRXxwYopDQ/EVRAVAEiQnOh1apGM/jWPCxCQqYz0VrXiHgFFKE0YCLTOWHGV8kYOxiEHqJxjPYBQUyZObKaHAQYTC0mOdQEgwFOFfDzsaxnAIXU4q8A7Vg0PBAilYcIyMTIAgNC6mRl4Rg1k17iGYIDHqh5OiQkgEQtz2kgAEtAKGNhaTwUCZleTZSggBGy2u3GajqfD+RecMxRWHRPlB0e09qDua4VtbgFOiMjrJx6eoqKc+PZVxxKGCFIFCUMtFwce8C/++X/71dOnd7c3VEr6b4iIhcFBRMxsjTnLLxkTghNyukCQ0lXJiJiNr5ll45IZHIgY6QcnMI/s4NdewD0DvQHCzCKCcG3v86xK20brXbUzCyN7BPLqA6hVEoUpTL/57Fcvv/l6qhPRmjS89m2AXZUkL3LG9wUCSC259mFapWxMJCSIZGFIaGEJmyImZH5z/6r1U5WKiIi81p/g5+jw1OnE6nUBOLdoiYF1AmCm9UfSzuPOhFILMeejMD83RCTkgEBaFUiAv7OyCF/M/sv/+r/58qsvwDrBuoQhpMC4uNrNp6N3RWR3dbNpmqROvZ/CzfviYZQ3ZuaArd8nJClcipRhtauHRbil95pI+2zW8dxCiYhHYAAzhWG2qBBh2lMRmH0xAqaJON1SkHnAEWYd3VlKxLqvPK+JcPXXEK5RYIFrq7Xaid8OMdAir7JKnUQqAQ7bC2Fa5qOpggdzLXWA9V2sKzAmXmm9CEyAyGE9kGod2zyLVHVnSOJXMAkCBISbAg+11vlwFwAy7AhZ0H77m199/N3f/8GPfvrFb3/ddVbz02H/zdfPyjD9s3/2T5vC1199WQqbWfZ7vXcEKEORUoQlcVtFanYmTCWzFGLlyQq4dwsPRwYSTjVLb11DkUuR4u5qLkWmcWDkdz74uI7Tb/7Tf6h1iHBiymhw0x5uDIgUhHnjGglB5BfUSOqn3//hL//fn+92l+98+Mntzau7+9eEZLnYZQIijxAmIPz9P/jDz3/7mUeYhiNKYRZ68u57L188z8kCibzzzjv3t68RodZBhLcXuwxQK0UCobJQFnBmQ5VShGotpUDANA0iWKsgxDgUJthtN9M01mEY6jAMhYldtZ0O8/62n+68HUBbRDfrmC6FQpiqTkARkVKJKxWJsxiScq+HiADMJYBM3T1at5v7w6LOpTCWy0m2Ey9Kh6NebMda5X6Ge+Pj0swwsFxdXUxTebAbdxXefXj5v/78/zHVaRr3+72HvXX/E0Adht7bZhpu7/Zq+tPvffzs2auU9SVmb2natffmHtS1u8M6C1jNMCGC01jQbLPZfvydj+7ubtoyM8u60MR18pli+gg0CzVHFkNeujqS1MEJiCUc3LQQbIcSbQbrn753/aNPnjx8OJEdDy+e3n779NkXX71+fX+cde69BRlynbaqdpwP87zc3x/N4jAv+6UHECKqR1dnkSByCA3oTQEogMJ8JB6lFpbCUkUYAQIYkYgHkqnUqUyFixCbuyogkUVwLXm2dlMDdwg3b70R8TjUiAg3CkDkKkQMRYSZxmkjwgGOTKXSONZ3339y9ejRsH1cNpfq8Pzl/ubuuD8elt7cQrXvHlw8fvedy6ureT51U/dOgIJhc/NAYK6bUcZN2Ww3j65lHKfNEK5kKhiOzJuL4fpaNhfTxUWplYkEI/ocfcYwd7Nlvrt505YWfd5VKoLetVTGcAcGHup2S7XKVLvpcZ7d/DQvSIxUkDgglt5aVwdwh9611BIAZnCaj93UgaTUXMQBoqmGuned5yOgiRQA6m6lSF8WBkciY7aADu7AyKJAWIoDeIDUCgiOZhEtQy4QwDRMIdzVwqFrGueV8u9pd1VtHc0R8olr4G91muFh6OHmQuI56DY1V4IsBSmAumnGGLqFmxGiMCVdOjl1TCRMEFAQwnyQnGR4YeacvxLnWDABmkko6qqGFhmICQgeA5Pakiz/1KP5ORNaM0mJ2CGcyB0s3C0AycMgKL/XeIbRreXT7/BJcyux1oDAvqrI+ek3X/7tL39RMi01EHE1xeYQO0/4tUBfP5Do2iHWPUauQAzCwqWU1tvPf/GLZ99865Fx75HX7uH1w6X3dfB6PtjVDAPk7BXwiDS4UUqLc2nhzoSn5RgO22nq1lvrqfMAjBzdzsvheLwTKbmFi3BihghmNtVIjGUAM5sFxtuVCpiHW1vLqgAuuXUhIc7lBwYgAJMMCGuGa1Y8iJKlLa5ajVipF0TgsVafDCnSMbMzepvM3dXW8371FzpmFljqRjCFND0n1vnVWn3nSPmx7LY7Zm69IZIjIBCm4nkd9K6P31U3BGvngOfRf5y5huv0cYWRRwJGqXDE2TLheB5S0tLavJwYudQSCFJKeGK/0ycIyZ4PP49FIyKCMJH/tP7ZcEhsZHq33YQ5wsdxTLx8egFz0oJATvA3f/s3y3KsUlvrq9cCkNZRdm5mAVbXIHiE55wX0dRJmJjS4k5ITBKBECGlpLE9HT1mPkwjMqkHQEJ7AAHd15DmdeJPZG4UadMpEGhuyT6SImuIWmZgMUutgdiaggEToqO5ZQZTlqBDrcS0emnNESVTGRwBA9YowJygQyBhIg7TX4qRloxc/RETITAErAHMgJ6dTHq74bxFCMgamiDt9r6O8BNLEpHeI8s0bJbcTNVS29w5+wUWQnK31HgRrWHjuTcQlsA4nE6n056BgChfeb74+/3eW2eWROi4aRk2QANCULK0XLW3cMvjWVYwH0WaoqSUYaAyIJFbd++qPbldAGjWe1sgm0NkwnMcyCp/RFONcxoK45pbvrpbYLXcu3tbjogoMjg4rGIhxPQYnNsnhFRz2nk9auHmbuFqnhD2cFAAGLaXdZi0L+NmU+vQ2qn3BdwhMX51gAjrnQgz1BwJc2FLAAhMhPNyury4nucjAkCQp1SMsrMj67reA1xKkdP+DQDUcePIYPNnv/7VJ9/99Pt/+EfPvvyyLYfwOB0PL198253+q3/6T2QYn331JQKYuWovJCRcSgnCFHcyZypFENdwMFXzICThnHABIWEhKZzQOm0KSFInLjUALQKZ1vVGmT79/R/+8t/8zQpWi4CkTZhxQEZ2W9fezSFICCLcPBBU7Sd//Kf//pf/NxF955Mf3L16dX/7svKaTpCML4/Vn/P48TtDHb799ptMi5BSGXGz2Y6b6ebV68SVTmO9ur6+v70RllILQEzbi67uZsgIbptpWi2KCARQapFxlFIxohZGDClYpGynodZydXlVSim1TMNQSw3Xvhz6cX9/+8bmQ58PhM7CRRiAapWhDtlHrrSERPRRAeK1VAZIogCuX2sBBzNb2nKcu3l5fH1t2geGInSarZtf7EaHeLPg4nyaVWrd7Xbb7bgZ6maAJ1cX/8cvfvmv/+p/uXn1UrV99MF7wnI4Hs2cA1UtIFhoPp12m2l/PN3tD3/8/U9e3+07rMRuc2dkZlb3CNSIHJComdvK5wgPDOzL8uzZU9WlSjEzWCdWkVajJHZbOCEjgyM6OBEBkKq5+jiIR1i3SjBNZVvr1Wb80cfX3/vwUSFrt89vn33+8utvnj17NVvM3d7cHRYLIJE69G6n03F/OrUlwvHu/nRqTlSQWM0DMIi6a1NtrRGya7j7JHUjNWf8lJNMIiYSKpOUsRbBHNgRIVLk4hst37u7uiZBTd09gpELFwww7WhADOHKDIwxjGUaBxI6Dwxis5kePXrw/nfe2z14d/Pw/Tpubm7337w6tG4I6MDu6q5DrYW5tTYf9sgCbr23ZT4t7QQkl4+eXL/3nmwvyuWVbLbDdmLkdjj043GaRmeRq4dy+aCUyiyuve/37f7O531vrY5Ta/rm5eubV6/HcQuguuxRc3qOPYh3OxrGcbsdtpMH3B+WpfvptCzznHabxbSbm0Mg9NZcbeBaytBUu/dlWUhGYsmkh4AwtcP+wMShqtrzscWlgsO8NO2dEQ1o6a4BICUVOLN1QxTmcZxShE5FTq25ZiqNhVpGyqq6iLTeeu+uPbNsMXxZFgwghAglwtAkaRuAZRcL4eEuCOEWZrRCCD0ihAUgjYKQ6wJBYAIASzth9uoiBACMMNRSJE9zYJZB2LwzxMDrjRSA6mHqThFgGh5BkEx84DxPewpePRAlZ26eAhhmAHTM0NsUcgOCd9OPPvi9UmR/fyssWa4QkblbWIQjsmfULAEAeeTiVFpTTx1sDmM896+rIY2QTJ04EUA5FM9KLwmNPk3T1e7y7njI+x8M3L2H7efTsug8z8ICRAhkFofj0dwJYY1HADILi0gadgqVbLX+AjLHuthnyBwFj9baZjOZW5Z4pr5O5M+LEQAw98CkJzmLMJNFWGr3siJKrGX+dk9ZDRYuCBldyRHJuQRY61RI8bjkQgnOhWAeUTnWgNwWIhJQfopEFGAeYAkWzV/IBA4rofAsRNauAIBChEBEYAFEZpbmz4ikqq/LEWLMWt/cm7ZVdpzhygBp8IZz7lqs5HVcgUEAHp4s0az7c5gda08QEUEEQx3SU5kyds/5esBmu9FuCGBmkHdsKmnM8GxofitVSYlEzjJxNTfn28Z1A/U2eM1dRJjlvLMDQnRTCCRCVZMi4ESOnvhLJkbS7lIEINrSU5S1DncReBVa0cXFZaI/s7hDIiI093OscIqVQ4q4BzNjXh0A9zAziChS1d3DUnrNSOYhhdOYSpCkUBIWyMGB2bpASM4kYprG8p62cBJa5eSxemE93MNTi5LEMM4EXyQIIEaEYC7JlHT3MKdEMAISoIeXIoBnz38ajVLk5cHISAyr5X91O6y6HyIiDgh1p3RkI6auHQAQqdZCTMuiGQVC6YMmAvf8THLiDrjSS7iwubnZMAx3r28o6OH1g0Bcll6HOk7CJNYNiXrTzMtEAinTZncVpqtGksiT1NCXnC4QJUY2CTzIRahIGUaWJBR19669Z7POhNq7aac1chsQMflZEW69AQae7dfwO1rBXOvlgMP7QsxMEuGJNIswD/NQtzVS3lTdzUzdzL27acLLPBzWGId8PFPdbMowHff3pVaWMgzDfH/nbuZGxCIDl8GtuykiRXgK/FOxmj4Wd0OEabxsyyFZw0iMiBBG6/M/V37AMgiXNt9FmNRNOOgy//bzX3/nk09/+KOfPv3qC21H6346HZ8/+6qp/+O//Iurh9e/+c2vhcA0HIJLBSI3CAckHqcpmJkEgaxrRtUSs2Ocm8HCXKWIdm2aoI8Ns7jldJ67OUSo6qc/+PHnv/3NfDrl1CcAzJwiZyJ5S+nqTgoHgN6NKOZl/sOf/PG3z766vX310Xd/cHd7e7h5JUyJAeEiRQoQQVAR0vBPf+/7X37+m4hAYi5MhMR4/ei6LfNpvxfhIjiOw3a33d/elCoi7K7jtDFtoMbsRFA4c69jXOn4MI2lFCHzsTC4T+OwGYdxKLvtNIwDE4rAOIwC2Of98fCmnw5t3ns/UlhfZsQQYWYKV+ZSSkFmyVcTGX8T59h5yxV8Jg0SYUSKdYHAl1mXBRhBCKoAAMyzqsfjR5f7Bs/3PnfsAFfXD7e7jSBsBn50OX17c/tXf/2/merpOC/z8fXN61Lqdz/8EADu93fIxETpp/Ju2yr703Js7aff/87XL944MyOwUCIzMLLPlzTBrA8UXCeV6GC5fXc0VyJecRQIxMiFVyw1EjA4QCCePWQJ28FSClEE+nYqF6Nc78YffPzoj77/3oNd8dNNe/nVzbOvXz+/ubk9zM1u7+b9cXYkKcXd9vf742k+Hk/u2JreHuZZNRIOYBFIAeGRYWokzOo2slzWiRARmVnyuY2ARCTIIlK5MEm+37BIfl9AuEYgd/Wmro6zevdAhIpMgNZ7ngQexowYPtZSBTPmM8CQkFEuri7ee/+d6/c/GK7er9uHUuTl7fziZn9/t2+tQwSYeZ91mff3d69efMPIF5ePltN8f39SUyeG7Wb75PGDdz8sDx4CF0cEAOuLCIsUHIbx4eNy9QBIelNrPdo83745vH4ObS5S6zAE4Hx/IIiL3Ubbabm/13kODZ42OO5gGrwwSgksp0W7ulvosrCge5haVwei8GjamzYiEioIdFyOTTuBTMPGzObTofXmFm2xoRbXZZlPgU5MDkjMqs6AFL4cj2qW6OQI8NxRBNRhUl1u794gycX2qjc97A/aG7ind40QmKWfTmYWBkLCHmhO3sHdmzKCm2pvjEFQMDJexnIeTeAr39kAIQjQuxLjypc0R+ZEpNA6Pg8IOxdewauIwtm9MBZBJmQiVEOEQWQjXJmTPBsA6oZIaxYnAiNRMENEWO4omJGBMYJWsDYmdi+HleHu5poM+8SmoUegaVvacib7QTo8VU0E0YOJ1RQBwJPbn4GwWWkEEHqArMSRhOeAm71dgOf4P6sXRkAic1M3IlbNRzet00X3dNTnDNwitJswqnkyhSz9k6tZDjxheeviAnN+mp7hWisiupqZMxGRLMuiyf8hyrQETKiQcMQa5ZnynizuzQwwipQ85okZPK95AkNXpHgOw4cy9LaoambaIEJai4mRsYxndzkCItEqEaLshhBWE+D6v8SF3bLRzI4mJcKrRGUo1SJZ8oArgAX60rPpyOJMSglA75G1NUG6WjUiWAqAg2XiXNoe1vHuKqJCXDNOc6eTqFtIUT8RU1qU3D1sZZWstlkm6x5gIpLmWo9gJqkFidrSUyq/wmHXSgcAIVMte1uIkKkQcyIUKW8dNwCQKvkKRSRpqdNmEwjWLSKN+ezmZarTZnPa36GwFM57BDBKlYgE1yIzRYBnnIKQrNoJB0Dr4R7Tdlhas547GVw7QEIk3u02ItzVzAyZZA1kx6ZdW08vOZ01rhqanx4hIpOrD5vp+urB3f09i3hGXhNZfobp0PDMwllvYiKSUiKAWVKvFhFIFCt3dxXipCKNGOxcr6+i8HUwSO7GOU9lKrV4BIsM45j1aCnCImvbgSmeI8BsFiKFKwiA2Qci4HrQMTMTorp2V+b0BK4aNjf39c5DZIZ17BxuJiwsqwQlPa5rLQAY7iIlwlW79t7nHhHMNM/dLGcYkBMIFBrGXSmbCA2HFYGIuTxFdzVVD0MEJBGRvN2Z2RzKUMswlmGAALPuvZt1hxCiwEiIITGtZUrqzK3H25Dj3HDm3MjUras27YtqJ8jNfrPW1Ny9m2migcI8TN0SZJVW31UFmO76v79k6wVFZKnjNqyHWxlGEgGAthwDwrpJFamFS4lwc8WgyOudHgBCAI4A82W7e7jMp9xUeJjwun/3ACY2CApwiFJHFjne30CE1E3XcD1+8cVvHj1550c//dOnX36xzPtAOB6PL148f3Fz++d/9g++93u/93f/6bPWFiLW1lePP6CUAhl9aqHLghilVmBKCxcSoBAwMhVv5hF1GMoweYB1ze2n+rocunjwaLPZfv3sSyml92Q0IZ75g5YZ4452Hi6ZmrpqXx6//+HVxcXf/Yf/78OPPt3vD7cvnxFjjjbSrvTWBgDuDx4+YISbm5epyMxHDxM9evz4/vY27XQRNm22pY77+zsWEmIEmHZbbU37wkzjNHjTcTtAeCmMREVIaqnMuD4JaTtNwrSZxmkzihCSF5HKFKrL6X6+e326v51PR/SWJ7f2jkhFzjkZzKkiY0ISIi7g7r1RhJuaGhMwMSLkhL2bhnut47z0L79+eX9/YMIHu61Iad3qWBzx+b2dvASXYZwury5K4d1UH+6Gw7H/y3/1P7dl6eruKFyI6DjPL16/2O4uPv7ow7u7/dzmcZi09VQtE+Pt6Xhzf/zxJx988+p2RfliPgLXxMoU8+TmLIUU5UwyTUyckAgSOKxow1R2uSMk1AKAiEshJERuZiw8DNXdapVpkg/fu37v+uLdB9N337/44J0HFfv86qv982dvXr58+er+bn/aH5f9qbWuKBWQltb3h8Ude++t2+HY3xxOp97VvLsBka7I54xngfAw951MAxdiQaCAfOzhimJL2x4BEcUaLpgi3ICICFezVZebcNCISsS5tnKndG4iMol7TKXWWtc1MmEpMgz1yTvXj99/99GH35sevo8yvL47fvn0zcsXN4f9cZ7b/f3d7etXejxSgLXF1YXLfJoPhxP+/0S9R69tWXalN91ae+9zzjXPRkSGSxtpyCRZSaskszwLVVRDaklQSw39KekHCJCgjgBVCZI6BVCQCiiUJFAki0WRacK9iPfimWuO2XutadSY+wRfKxCI++Lec7dZc8wxviHDeHE5XF/z1UW53FotTUF7I4xaGYV2V9c0bXG6iM1F3UyI4m4QCu2YoRREZpLDfr8cDnbaD+zCsezv2t09h0Ed5OqBjxtkceb7/fGw6GnR1vT+9Zt+OAgEqC7z3M0NWdVa67pStEkDjvPJIhgEidXjMB8hYFkaI4Jpby0wiMTUHchMhRjDQE2XRoLgYO7m5g7djHlAKnNfWm8Rfppb7+aq2nt4X43q7tq1t85rDszDw2zBsLNTzdP2A0Ham9vKGlFVgiBAs7xGokrelygiqo4o5qa9MZcUKxAScYaIvB6x0jIGICREFOamPjARQEXaDSJIirE4dAt1NXPis/ETuEhhonADNCBnoLEUoUx+god3UwQGQAePNYGWWTyKcHVHpGU+am/MHOGx5kLRwkuV2Z2LZBpTW1s13wgPZ8FwI04rcEBEelzW80PEeRjz3CdEODo4Re+dqORmUphk/f4Bkh/P4un0DrdYE2Jpb8k3JdKZZZfDCCAQrqb/xKfkijmnD0qCKap6/tQQq6iXK1MWBg8RSXN/HvQAg4Ryd1FryRMQAphbmNdpvNjtlnnJQ5u5u7tqv37w9PLq4WF/wyRrQFgwMwBTnvCz4YXPANF1fspDxWqwwJxdV1V8JbOcXcQBpVYkVlVfBZPccKTiCWeNnAipq4d7HUoGxZvqB++/N07T/e0Nc7XQPHHS1+hoAFy1ds/AAOVxarXlrDVphGimSIxx/oecZCDyZhmG6bvf+d6bmzceISxuZuamzsyJeEvPx+rwTDuoaQ9/+PRdoNDeASBlrTMQ0XUVfZECpXDTBYUhggjUnAtjADK6Wx3HR4+f3N7fEUou3SKT724QkSnr9CCpWQYbmFibSam7i13v5gEilJaPpPxKYe1WqoB7by0BLxllJmIMbF2FGBL0Gqu2lWy48ExxQ44zav14PEopxJxp5TyHuRkTQ5YXwhrqZRFkyLOFW+RDjTIVwrw+PQKRcldgiVuBdRReX5uA2HtPJgAQmnZicndVZcYk+hFSWPY1BwEhBq49wY6Ry5OszeXAsK87twGKcGvt8urRH/3RP/nFr/6GSIRZVSMwkwqMuO73zAIhl48JRc0GjAyXW/fwIMy6rp7OAfdI/pAjIQKX7P9akwSmVodpd3GdPNlE7mdMBQMCKFUI7y3Mcyqm3OqdicUsImVgFs8Fc29qHQIdIFzVVLjEGvgA0+Zmar21Zqah2lp37Z5L5NwFw3q55cWGcS7qSMEivVgQARRrpCIfahDZjpirhQAEsAhGYpHp4nIYhsPta6RCtY6b3Xza997WsKYISam1uEe4rsMaMRNGWluIIDQC6jhpmyEgLaSruTANiywIqwqFXEqZTvdv3LROOwAMa59+8ovx4uHv//QfPn/+5el4rxbLvLx88eLly69+7cc//q3f/smzz7/c729Xv1nAVEckwQRiqBFhKSyFLpVNrgAAIABJREFUNSwtn7lCQqClLQh4efFQyrRqVMiIrI4BICKA9N3v//Bv//ZviLibCeesuNp5VQ0AGDGHeU9LFQS4k5Qf/Pg3/9//698+evxW17j56nOCSE8arFg3cjOCECJ3e++DD774/GMmibNAwBjDOO52u5vXr5LVixAXF5dIdDzuhUSYAWGaNuYNzImJS2Hi3KpN04iA41CLSLhebCdEHGqpVWqR7WYcx6GIVBF0s35a5tt22rfTvfWTqWqbCUmkICK4C5dhM7KUlFo8AAJJJACJJZeK6SM17YgYRBHkQF29zccwmGf/4svX1uxyu3twtRuG0lQvH1y+2i9f3jYn2W63l1cX02bc7TbX25Gl/A//8n97/fq1my5Nx3GIMLVgQia8u7m9ubl56+nTy8uru7s7ZjZX9VBzYT4s83FefvTBO1+8umXhyKwY5nspX2ZZ+QeYXZN0ng/SHu3gEF0tzaNmmnnu9W1JSCxpp4zARftbbz35j373x2/e3N3c3l1sxvfeuX58sXnrcvjGk+uxUt+/ev3ZL2+/evHm9f3L1/eHWbvBcWkaKGWI4Ln31o1kULWl291+vj81D8qXw1CLBWbPY1N3Bw2PwE2dJMt6IMUjQgSCRFcgcbaep8cjE2sRDtaNKM3KgIFZaFmFB8YqgghAhJJLEiKCUQozZqqJmUuV3Wa6vr748JvvvPvt7zx87zt1e304Lp8+e/Pq5nDcHzBcAMzddQEPz3Mt8+k0v7p7PVvfPXl7vH4wXV6NV1fDxa4beJAufRxr3Wx5s/UyBo+8vRivrriIufXW0U2Xpc2nWb0MW6lyf3vnrZEu4d3m+XR/348zMePlA7h86FylVNM4tg7Ex6W31mNZ/LjX07GfDm4WXErdpEZi4D10WTwcT8vMzO6m4fvTMRyWebauhRBde2+YNOfCvTtioFuoM4Lbgggkou7de+sNkBgrYTFTdTULklJLXXqH3gnQuurcIQzCcc3yoWsLywxGRFhYuEHKQHmeYMLCAgRdF6ZEjkXuFREjQpl4Evydb7+7HcvNsaXYgogQWoTzKElAHqCxkjGHwuEG5oQMEYxYiSfhqQzN/GA2dwNCS4fN+r9bE7eQVopwJmSkkUtNqni4hVtY4UJEZm6ZWgDwCCIA5FRZRAQI1Sy9eYCEguDe+/Lw3Y/+4//iv/qzf/unYY6ZSIY4ry88E4Dm7pYclWBeaTGATslNQfTwt6+221qOrUOCNiwAKRw86zIhkFB1Bdq4QQBa+psJzJ2ErKfoucpbsSafeVWUeQ2RBqC7IbGtNW0YECtf2oMIiCmx58RZy7la2xPgS0iRYJhYmZUe0NsCAMLsiX+McPDeW2EBJvcV1MqllDIeDzci8rWej4FMXAFWVX3VVGGV/dafh4UEIw0wgRjIRBEeFOfo8HreM4uubZWDEPP8lMd3oqQZZk1aFEoTB6opMQMClxJubTnBWsi0Tkt4RojmrBEQK11qhW9GQKzPNRLAtdQw4S6wbn081Q6Rot5f37wGN0LO/QwmPYkgr0BhWU/JCQECICYLf/D48eH+XpcGCMwshc1infnyjwciLsfTO++99957H3zx6Se58BAmD9CutZb5NN+8eSPr6mAFqqRnIy+RhFGaWXh2KHkdSu5xhmlorYlIXzoS5nvI1FgkscRmuSgBgBX2lBYm715KAViPsLEitZzXmC2mOZXWyyqES1801gsHUvVPXTzcMu+QR+Td1fWv//pvfv7sEyZyV1orSFarT7rpEFd2GCL23sMyBRBrewIAIJShEmNEMHPeXbmVQ1gN6nnzICEzE5F7gLsIM0vusyBbQhLaQkJCCOEatdQA+OTzT8IWoVKEE6qflz+euWbr5bX6ugDQ01zERQAgATJ5OOjmGdFeO+B4jdzWWlwVMAIpHNR8u72UOkVWlwOlEQ1W+1imahER3bRrR3dExMiaFUYAQhTmOk6lDsiCiLkPsa4kDGbu6gHC3Hs/3t+YJWreYm0xO18Cnn/CLQJXGnF6s9bNHuZ9mZJneocwFxYrRJeJkIgYUUQEVzeeM1diruOmtZPpXMtIyJvtbj7eJ13QzakwEQ9lDA9zxXNnYe5PswfbXcfpYplPES4iuYuElQUc4I7AUlBNAZHKICKn/RszK8MYgBj++Se/BOLf/9k/ur29v7t5GeG9tTc3b375yScffutbP/37f9gWe/Xiy1qLqiVs1yPMHCHqUIFJLdycSZC4FkGk1rojbnYXgbS0zLkysVggIg5VAuC99z64v9/vD/eMzEJSamBIGRCxdwWiKrK6MTGLl7gQauh3fvBrL798Ztpq2bx88Rmu+oi79QAixnBDAEEK13G7FeHbmxtZVYMgwMK8mSZiur+5yWpmItxdXLn5cjoOY2EmCN9Mk1sn4lolCTkiPBQZa8UE2zOOtYzDUAsPVYahTGOdhrHKUEqhsOW0P+1vb29e6nzw5WTakqBkFsRcSjm3FgZLYRYpAxJDAFNJ7hOXiudyvTYviar1cKGKAPM8397d749qMbz95IEU3G4GBW5mx9ZfH/F+jmkzXV9fMPA0DhtBkfLf/o//y8cff+Z9OZ1O41iIQ9VMXTXREWABr1/fWOCH33x/WdrxdAoAInRzYdkvTc2+997bX7y8FWHXnH+BiM7d63n6l9z7nZdgwIgeYOGx7vrYIduQEkjHkVZEBEIaxmGchlLLg+vLRw8uj8fTg4vp/adXD6f6jcdXQ0Gd707PP3/x2cc3r25fvrp79fpubqbO+9NpnheSClx67+pOJKfTfFpOt/tlWTQAWVLVSUwnRqDlSc+jhxViDiSStbMAzqeAswZ6XsK6h52dlRiA2VkcmLCUKCLjUFIjomyuRIBwQqhE48CSWFWmIrSZ6tXF9u23H33w3W89/eZHu4ffCORPvrj5/MtX9zf3p9PRrSevPAxVY5nbfDoFoEME0fbh4+HycUcwdJG6esRBuinVEiKKjGWSacJhQqmuNp8OvZ3CrHfnUjsSloHHzZLWY7R2OIY2DECS2Ozi6mFHCRIkPi3aujf1bsGM1k92OrpqV5Xp0rlqBEBot656nI9mxrjqaABoFkTSWjvs75kpT0i9qwGW7URExFCZ0JwjwhVMwbqqUWDrrfUlOffuZGBN1QCySkiXTuF5NYOlSmXh3roKALgBBAKaWe+m2iM0QtPresZ5J8uKKCDcEwKTv2RV9YiC8Z/8499/8vD6//73f0vE4E7u9DVOPZJkmIerr415lPCMgbEyDkibUrrZyaKpLRYAmO79r6Wk1MdSzEYkBkLwglSQLEXidD6fa0nzRZ9mY4Cwc54qrb+aGJh15+YeUIRP8/Hnf/VnqKc0uTHzSvLO9szkxKxewzgvt1E13+/rIdcstkMFwvu557ACiJnxIyYU0m4A0Hpuo8HMgSjfUnlETOEjq408XBPTsIrkCf2T9YyRflyPUkqi582c1rEEkbnWghmzZTLz9MCuGxUHQDSzTL7mMycsiKgUznEQAV3DzYZa1SPMATE8mKnrcnfzutRyvh5y2wIMyIBIxOmvyYEjLfap34AHELrlmHgGCIanirb6QyIwQ9wRiV8RzkBGQUrKz/k4n9uGQgihanmBFqn7u/vWG0FWG5xLozwQz5W8iEmQXLcKEOmMJ0gWChCyub37zlvb7cXN3S2xQLZGAjATRJAwBGjrDBmLtNVZhanQe/b+nt0/Z99uIBPdvnlFHiIF0N0jeU95hFpN9mdRsHt7+fI5IQFQHqMjMqGQefAcq+hrDwymZyX/QkRXz5jeinsyQ0QzOx6OCCjCQJBRszLUMlRTdwQRCgBPJhTC19MohJdSAH1ZGhAKsUUQI0Fkuctm2sQKw82kAaUJDAgzdQ7gzMTM693sgBTZRzteXn/n29/71S/+mpGRKQJyrUZImenMoRIJA1Y3sLkhIdDKKopzdBsBelNmXr1rq4TmQVBEgtAzYEfk7giBTMwSgKVWJjFXh69R42kPA7MEabm1xijak/eTAU8ADARipOw/X+1shLCWxGWUVbiUiEAMB3ANWDO4DpBfTBCkauixLL0OhYigR5FSxklkQlrl9b+r3PRzwTOe5/Bc6lpfhy5AYlwZ/4FSax0GliJS8wHroQBgqtkPb61DeGDkVieLMiJT4GoRDhhhWdq3nvwDIjNTuRBlISJGEmZBKaUMXKvUoQy11FFKBpSLSE2/nHonpmG7jQCUst1eLoc77YuUUodtnbaH/W2Gz7wbiSDxME4IaL1DfsDrBIbEnHslItHlhCvbCqnU3FCaKYRhulYR3ZXLUOt42r8J8HHauTqFffns48M8/+wf/RMDevX8c0RY5mV/d/fpL3+xu3zwh3//p9ePHn/8y1/21jxgaQsRFRZYlzmOyMmyKCxMrBrDtBunjYPPc4OI3NAgM4qUIiTIzE+ePn322afTMCGnXhvMQsRqQQi1jrwS6zIoTpUIwcft5YOHjz795c8vLx++evnCe887B893AtHqPyeArsvTt77x+quvIDyf7B5WhZFwt7tQs+N+z4x1GBDg4uLC3CJtpATCNI5jqDLRMAh4TONYmcZxYMRhLJupIsJ2M4FbqXJ1sa2FpQohMAW4Lsu+z/en/d3p/pZchzKWgQN5HAYeKgCT8FkXHsowpCJVamFmQC61RrIESiEuHohh1jUyVe5Q6qTd9of57rDUaby+3Kg2ZGZmC3z26nhz9M1us9uM4TFN424s17vdv/zX/+ef/9VfVYbjYYYI7R0iuAoGdNVwyLLzYaitHe/ubr/xztvDON3fH4ahsJCbVpH70zJVfuvh5fM3+zrUSGRhnIN6K3dr9b+mEzmXj0EBQKWUTJUglYweurlGENIw1CoctrY0tKX/6lfPNtPw3W++897bV9/+xqPLTXlwOZLNevPl/sXnzz//4ubN/c3d4f5w7I6n2fanU1OXWt28a1fX1tQiZuunk6Y3mogAwtGBSMPVDGKtKMuOj8oDegBR5A1HCADnJi8IiPSnQUTiJQAxEAgjc31IWIowoTAyZ98TY0R4R4hBeKpUhEQwqxOnqe4upoePrt//3nff/ehHu7e+SXV4fXt49mo/L8syL+69FnboS2un7gYyTds060sZdg+up4tr9Tge7xCdmIHC1FvrTixTnVWDOYhIZGk6N23z0tuSppeuUbcb4KIKpx5QhmE7eW+6dA/AWmFziVePYXPRzJ3L0m1eWjezQBoGJtTWDoeZ6thZoo5Qh669NwsDdWy9I7hFMJfwAGRz12auDt4RiAKtd2Apm80wTss8W2sEARYbO3x4gfNymqEspyU72hyBmANE3U5tNlehChDWuzXF5HSHu3pry7otd4BUBtf4VogM3TwNMITpqFTzSCh27701zQOdpahJZO6FK4r8xc8//ZtffU5UCpO5CQER8HoURCYUZgeniJIhy/DKXAAEYWIcRRDpuPRD605khs0sq6bXTTHkKRoBQpgYeByqAI1VCJADmCVixYLAuY8SUgJdOZjhAPnOTkE51XSEjLR5WJBp2+8JpauzZN7WV48Gp38hODIa6sndBIAIwJSw8xTkcJiXu+NcWFboaazH7dTm86vcgYRyvUGEyCv8xQFNHQwQaWlKWbkVwELpNcAAByPC7krpsEdYd4+UIqCt/jxCVXNLjCmcIZDrqeBsxgEWhrV3i1MYzeHJ3dPinN+zrxZ+JERQJyJEyUDC+eMEYmKWiZlNHdOcnVr71wpl+FrFCgAIIoJIAS4kSJTVRAio5kl9ACJXK4Nst5tuZqqrgQ4htfZ0GGcTjHsWmoKHSSkB0U1TeI5z4YFDsl0T259bcjTVXAOYraVXq4cMApgOx4OHZzA8PZ6xergjuUssHOt/T7G+cTOak0dgPLcCr4FaAhJmCDLvFoGA3j2DXwDAhLnbT/MCJWaEOMI4+32ZAQJldVUFk5khc6zEIE6vEbF45OmfkdAhF2LI/LXNKaNl0E4NCZkhPPrS0HP9YivhI7GbafNiIsTZlt/6zd/+6s2rnEPcHIEC3C0oi+iyw291sMSTJw9Oc0sGVpoC1xwwJikHzZ25Hu7v/7+//otBCgZqN+b8eiQWAPQwPi8RELGrD5tp2kxLb0h8vhIC8XxHMxJjbq7zyEwACJRzTOrSiDlCE2I4RF96pj5UFXM+RApYGyQI1yaJrCSLVeqWfKGf54611YKSlp08gSTeZtDGNNQhIFHxyCn3AQCu4AKPQsxEVQoSzvMCgSI8bXYsNSI7o1cD4XkATpw+pEMxTY/5+7XeAYIS58VCzBmp5yJlGMo0UR0IeLXlWYSbalftGcjGhNf6mvg75/wiMnQiwjLUYajjWMZpHDfDZjNstsO0qcNUpqkMYx2GMgxSC0tlESAiEUQklBxWsoMm3Iklp7fLqyvicri/gXBiGbcX4zQeD3sINwdzYyJAGsYNS1FrKTLlppLXvcoiZWzLgVjKsHXwPu9Du7AQibuZu0jNZoKIQC5lmI77N12XadhYEHG8efXVl8+f/87v/+HlgyfPPvuEwFxjv7//5ONfLao//o3f+OEPf+3Tzz47Hu6ZxbqpuZSsopE04CFSHcSRyjgM46jdrDkAsoiUyqWgECEJU+/6wQcffPnlZ+4uXHBlUhGzqAYwDWWspQIYAqzNScTMZO7f+u5Hn/zyF7vtpvc+Hw+UcLgItRSHnFMxMHdXEr66uHr51RcUZOqBQYSlCEJMm+1y2vfWmKmKmPtuu2vzkREy9D/UMk5j01aYRVgKjcMAENNYRXgaKzMRQq0sQrvNZjttINysuXVrTftR532b92HuqgweYYVZhnEYpIyT1Cosm+1GqgQ4RkgdMCUGkgz4SK05WeWbL7dmbrYsvasisTvd7PthMVUNc+YyjEPrdjvb6/s+bKcnTx7Mi212m91YHl9d/M9/+u/+j3/3Z0VIVUU4l6Uens+8fLVnKELVEcC9v3jxapw2T588uru/Y0aWYubjNL66Ozy8nIah3twdqxRwQ+RYqwlXVXIdBgAjIAukI/W+NAqmFxUJgQGJRGoRESKAHDaE0ZruT6fC9L33n37z7UdvPdyOjJU6L2/2zz99/cWzl1+9Ps56nNup9bnpcV66AwIHcFcPwMV06YEk+/3peGwO6G4OwcQiot1y5xeBIph+5MUMA2p2fqeoFatgFQQRuBqu17ciGOB68iJilrTUIhEhsQghS6ksIowsRIil8DhwrSX/9YPri0ePLt966613v/2t93/044fvf3dzcT03//iLV69e34f3UiTMwZGozF0XUxk3wqStuVlQTNNkHvPdDYNdXGzrWFufe2CwQB3qZgcsSEyFzbx3UwtfmlkDgtbb0rvlrpVLEAFTAC6tgUjd7WB7BdsL2OychxYUxE29u0feeEh9bq13xxIy8Dg2w2bW5gUTDODRW0dcJZ/ucZqPp+PRvZNHb4u2xa2bm4VTrUDUlkVb74t7b//0w/FPfvTOfDr8+Rf3yDlerbO+B2mERQd3Bg7D+XhEN8gNU1qk8nzXzVpz1ey3MrOE+puph0Z4QXEz804AwhUgXHtYtoM5QpqUYXXkux/npmrkDhBCaNrPlFiSQkJUiQhirDIIFaTC6ZuMkXEsrBaLw2zmhE7U3JLoGJAdiwgByOuZihGqMAcSoIUBwFDqKGz5zuIskl0pHfnky/d9BGRSjtPpHak8R74yc9eNRIlpXDcIq8kZI9DSQxOptRIzRWAOzxErcTETNEBIQE0bxJpjivX0Gxk2ICQHCAgLyFUYQQCCRUJlECBYJNtUc8+/Oio8EDAIHl5fq5qqpr6pbqa6Kn7ruJTr+CAgM9tuL8wsKOJsUvD04iY+xT0XkpHHUV9PqoDEwjlXYMqmkHc6IjEKaqJW8umcIY+LqyfM3Ntpxb0C5Ae2fgapU2JkvAsQzDwC6lAJyLqWUsyNBYk4HV9uTsRL69pNCkOEiPhqLoCEmCIiCQMAC0V2GxHlz8jCBBzxdzngr2XdXAgghbmPm6GWmuZlXO3tICzL0sy9kLgb4NrMkjOcSB7eEHi1odC5FgocRTgCqBAhhDoz5eE7VxzJtEFEAmDgwAAEFk6vQvqL1t83AhCqWpxzIaUyIIJF68Yil5eXy9LBPSed1M4R0M2SssoiGYIJQF6zyRiIImW33ebFjkh50yEmwA2zMSD1e0ImiAStMBWDMLd5PkKk/ZogLBPfcZYM1xkvUJuGWevGedwHdMteMMz+5uRNooMwFylunt8oAeeH7RDuCvj1sTby+3I3Uzd1JMzXDEJQqvmMAWBn+l6m5oWZiSL76jGB6IxA7k7IGYgJBFdLh2vurSz8zMRafzmBaGEIgEjCQoie098KBoMAYBHJEAwgImnYUMcEFkX2UvOqC4Yanlkx7kaEpQqGN+3q8fDp02Gsy3xCruP2ws3dLAXgdJplDvtrpSS3FQGBkc8LN+umDZly44FZHrCaDWoZhjJMpdQ0r/V+8jDMomKp63u6VKkjSqmFyjANm8tpu9tsLsZps93uhmkzTtMwjlKLSGFmEiHivODTebcy09zdLNJupF1t8d49zM0C0YFKHaapBMkwTsxyuL8Jc0Satpd13JxOB/eWKRdG9PBx2tU6al/MzTHvSkeA1uZpuABkAHbr8/6lt1mX03K6J6RaBlNVNcwy3hynap2m3en+dVtO0/YigoXweP/6449/9YNf+3vf/t73n33+uWr3bk3ts08+ff7i5Uc/+OFPf/rT+8Px5fMvRGiZF0Sow+Bu4YHCZRDiMmy2VLi1BcwFhUiIhaVyyexUuNu0mcahvPjqxViGAKA8/SOnhW8YpyLVQz2UsIiUoHzT4MMnT0qRm9cvt5vt/e0dQpATIBq4uglBoMdKYzI3vXrwaFnm02Gfb3sCdLdCJETjNB3ub4XQXBGBEKfNqH0uLAQQbsI8bTamfaw1t2iDCIQPU50G2YwDE45DFYJaeChSi1ifj6c7nY/LfFiO966LLkt4lDIOwzAM1bQFEhMkEZWIkKTWodQKWSJ+1s5ZiquGB7FQGlqRT6137YhsZu5gbveH5eWbU9eYFw2Lp28/IsJX98ubo0WRp289JC7TZnO5re88fvBv/uwv/9W//t8Hkbvbu7AgdOYAcgg0szBPySPSDM3phAQR2e/vA+K9d54eDoc0frr6WOur/eGd692i2tWyv3NFRGfggxjC7fyWJsY8rERaZyzWmhxmFnZICAUlSoxYmCTj5sPAP/jm2z/54YdPHuwuJhql6/7F8vqLN88+e/n8xd3+dJz7/th6xNL9/tQ1wO0MYKdybK1ZP53a4TQvzSw8AcH5MTMJAJEgnuWqNFm1UIc1LuXhDufHcA6rhPniyCs2EM7PotRMUM1izQ0gM2oAQKStRYiIYBBm4SJlt5sePX7w9O13P/juR9/40Y8ffvDd7fWjWjfq/OrmuCy9twVM59PxdFqWpr15qcMwVGvHPh83m4EIpZbwaKdDKcIydS5GbMg8bnizLWUTQSIDctE+L33p3d2i1IGluAVmJE/NAdq85OkiEBcDrRsrGy8TSD0pGDGVaqs+yha+LH2Z53QSH5s5Uvd86fSA6L27B9hai6hmrbXeFAIYo59OoatXpZRiwTyMgKS9pb/W5/kdup9s+fNPXz2fBdzNNUNZ7mCA5t7aghGlVEII69k4GK27mbsOjG2+F3cOC2u8OrOdAVw1g13gAEAOpqZ0NrYzc4Sa22rnXHWX9WzHiNabqSZePT0JBYkJwIwAJuFCVIkGSnY7bMeBAjdD1QhF6ABqboRz1+yjkCLg6B7M6dpFRAyzAjgQA6Iwe2A3ZQTmc442wg0QST0zDWFmIgwAFgYedNZATQ0hZD3snQVrOPPxIyCAObR3ZiSWCEcCTABiBAGlZwQQCbAUMY8ISO5I0/41k8bX015kjDfOGqRDlj95qPuKLwxCKCKAkBaDcRxECjiQcEYvVn8BYNdOQDkUQQSRJN0wOY7MlMYnQAiMUur15cO2LKp2dsKnWQfPVT9sbuAGFF93H0FaMIisG8R6PvS/cwCGm3t3Fow0NGEw8KCmaf6C1ZGOaWgJCHfIAAA4gAOXwszuoapqJoVERGotQ51PJyQUoQAsVVJwT3k9xwmHIIJaqrqtS9VVigBiDnMUIuAwczfmFf2eG4bVDRawFikhesQytyKUOcXVaHQepVR1lXJXSD8QgZSCSL11jAjCUMc1NOEAUEoqeUgQK51qlazS5EV5+wBmnQ3l43RV8RkTiprrFfdgoa/dLXo+9QKgW/TWA0AqYzgimhpxLpMyOY1uBnCmT6zJwRDiOtTedVkaM3HB8IyGBAAy4TCMPXlUvl4ieTSEAEa5v7sdauXcpWS6mCDC1Iwo+RU5biELeqxZE+2Wq8OV+ImIgGZrDhgA1DVd7YRYz3jj7JTNqWyduBAEkZB6V67CLLY0RLDwPOnmejoj+YhUKpubCDOxeYgUZE7TW/7NUqupBWbcIcu/1r0hrvb+3OCcPa8Rlt4X99VOkgSmXFsBWbe8i3IzeB5QPce5lQMRwYhMzLgSvvL0nvMbkRgACoabOYzbTRnGnGo4W+cw94uwzuu5CoBMLuS4tzrlwl21m2lYMBMgSh1EBiTGACLcjJth2gzTVsq4vbza7K43uwfbi8tpczVO22Gzq9Nu2l0sx3vtp4uHb5dSSq3MnOV96fIDzz1IJjfU3Uy7aXfTPi/WFtfuaq4t+WeuHgC+Zl9iqJtpuwmAMC/jMG13vffj8c7MAnG7u5y2l/N8CO1meTqi3pc6jeNm5+7WF1zhI4hgXEfkQuF3Ny9qKbXsLNDd22kWQeJiZgCe1dsICGHIMm2v2nycj/fTZodcA8Da/Ktf/Pzx07d+7w/+8NXLN4d5HwHa+1fPn//lX/+H3dWDf/7H//jBo0cff/ypCCJTX1o4APMwDMHswDIM2tW7gRkXdkBgFqlI6N7BrXv/zrc/+PyzjwHJHQiRWXItFEjjVIehgLvaHJ5gHDa5RHY7AAAgAElEQVQ3Qiq1fPT9j371y1+MdTqeTr1l9SMDUwSWUtNR6uatKwJY6IPH73z14nOwMM8qjmBGEfbwYdq244GZ5mVJe+RmM1lvEhjo5spC0ziGqxAR+jjUvOKGWi420zgMEIFoRAiurs36ctjf92UJ6246L0seGrW7mhKC1GHY7ogFwR2w1GEYxzSQiQxcRyC2btabu1N+nwbaFbKklEpQOZ26aVez1nS/n7+6OdyfGrG4+9Xl9mKzPcz985e3KONbbz8exyGQt4M8urr8xbPX/+uf/pvjfr/MXYRRcFlmFkIE92DMIKyemxxsdQJGmHmVMi/zcW7vvv10npcMdbia1HK7P7z/5OHLu+PXd+hqAsrnZEAufSJjVyk3JQ8DMV/DzJiPoFoqsWj3UspQZDNN77//9MP3Hv3OD7/5u7/+0ZOHV3p848eXsX95ePFs//L5iy+ev3r1+rjoYjibH+e+LL6oN7VA4Fo8IKDMTY+nkxqcZu9qak5MZRAIECYukspbagWUdjNgYu5uc+/qvt5mmWgGIADJMgggyKBzvuMgjafuHj262gr/FVlXr0w0CNVax2mqYx2mze7y4tHj67ff/+C97//gybe+Mz14tN1djONQpHIpDrY0Pez3rfem7bjM++Ni5g8ePBQwmw8CPo21lIKFFUmmzbB7gNN2b87jpmy2UkaSQVWbdXV0x3lprbdFO5KwjFm+Bihu1rQvi5q2aSoY0EyBi0FFKYbggUFIpQTQ3JqaZTvb4XRallOf9XScmQuRdOvZ4uduXe1rRioCqunSEgQZujTTFqZ5KGRGRwQWZIYwnRu4CsAXt6c/f3b77FQDydyRwN3CwQBs7ZNyKRLaCQM8GLAtJzIVpN4bhIsHurpZcjy1dwC3tRIozfMYgb4eE1dYYpGaEGLJUdjWbjBCKIUECSMYQBiFaSgF1AeigaRQDIyFkTwGggGxRAjAVJggANkgFremZkAWoO5BAODCIiRmmk6VrkpIQykbLkI492WlSuIqWg+FzByRI8jdAlwtMLkv6f32SIcsETGzuTGhrTUqaUSHM8s7jzbWgB9/6yen06vobfWO5J26dnQFQJg58hmfiJiar+ecHwDgkLbznGGCgGBpM0SIFE1Rg0gEGSmvhKx7CjcgEMbe1M3XLQgnxFOWZc6+przpmAQQqeBmmnpXhGBG7coiGWY4zvOpHVIoTOzWGiCMlYRECMlLTPFTVYkTJJj2HyBOWdc9G6vcw52KQGAZqif3jIkDxVsjynjlmYEBAJnvVUUC12BmEdldXW7HaVlmEnZTZmptFbNdQSqvggISo6iu4FtMsqjjNG3GaXM6HREowgGRJLVlQARTxwiR8vDRg/3d3ZrHzf3MKl5kQi5FdwNEZAqPWkvGfEuV1KPzF46EK9iBz5prKiF5Nk2nFRAAsLCFITIJX1xet3Zi4q4dAIU5/FwAFmfHxpqxdAwgke1mk+DYVJTP42+yJdf4w2qpR4iwHFfinOxOawms+wgowuecBnh3ZiYmMwNHCFfXhFbFenoDBEj1MTc+AZDxAyklaTngPoyDmbWmiEhIZmbuLALhmRf62hCzu9i5GyBkzRlLrtQTyUQEmGjPdWcFf1fDlXYzIlrxZeYQUKogfu07C0Asg0zTZlmWPI+uRiCC3I6tewwA1WweYHOXUiBAVTMhDXhG0qOf+2XXX4kID3XMlf3qAEIQZvdwtEJrF5ubIRI6pEEo2xIAQM0BotTqq/xtac/yCCSoVTzNIgDjuGm945oBd0Ik5tDw1nTpbjaMG5HRtK1ZowDEIIDVvwm+ovmQclVnmQNefQwJB1Dts2tfoRuBUqQUCYsAqKXWYRjHjZSBpBBK3h/JQ8xdZ2hblsN29yiPQqZNtblbb7P1rqrWel8Wa4v1pS+L9W7macbIZyukMpj3YY6zmM9cAOSLyyupZX97F2E8DOM4LaeTLSf37gHb7cW0vZjb7H0xd4iIcG2NWKbd9TBM8+kY3tabUAoUWU63riq8EalqDcKJ0bOREJFF3DQnT895AGWadq7z8f7NUCcq1QwE7dOPf24ef/CH/yACX756ARHL0ubD8W/+6t/f7Q8//ekf/Pbv/eTZl88Px8M4DmamzbEyAkmR3ls/LQjAhYk4iNJbqNbcDQguL3Yi8tXLl0IlCOswJHIHSOoodayM5NYxSETy8IRIQvSN999XXd68eYNAp8NBJD04AQEEWITBEZHUEisZpY7jtHn94gsAVO1M2E2ZeRhG1T5NY5tPEWbmQ6mMOA5jmLn1QDfrY62bzSZCEZwwNtPECOA2Fa61QLjrEmHWW2izeW7zqc2HUEX3zDBkSTVLIQLtzXMMGMZSKuRki1jHochAwhYsdSzDGKbeNEzNFIk8oKsDCUvt5mquSzveH4LkxYu7F6+OHnB3c3d5efHO+2/N3Z99davBj548KMyF+WIzXW43X766/2/++3/FSIOUu5v7i8txGIp6d4sI6vMSAaVIRiAKM58NlvlcMrVaSte2P83fePrYwtoyE6FrD8DDfHz34cNX96ci5AZZie7J7mICzPactZUvIgiCclXMXGtFpHCodXhwvXv3rcffevedn/zGD373t3745NFljf4Hv/6dH337fWF6/vEv9s/+lo6v4vjm9Ref7V+/Ouz394e2P7VmcOq2vz8F0Dz3pp2ZfU3MU+vW3Vu306zdPJE7CFCHUoeSzRngwABSShlKBDisUSKHaN6ba74/mQjcOd8oZ5cvZpdM1tcn68y1a/cwwVwMBpEgsTAzYubdp2k77HbDxdWjd77x8IMPt0/f3m63MN8VX3aboQ4TDyOGnXrrahA4bXaPnzy+un64GScmiHmR7GkCkM0GhorDTi6vYNrQtO3IMozIiDQ2i6W34zLP2lW7Ng8AjQiC7pomGPNwVQQjiEIQ2pelWbgiUSk9c2+MwGIQrfd5ns2UkXu30+mUMZLkFQqhu/W+mGlGMNNPD+GmzT0goC+zt9mtoxmsqPfwcERCllDz1uZlQffwbiT3PYBYtTkEhFuAOTigAThgILqv7SK+tL6c0FUQwmBZFgJgjFDrvSOGp1YL0a0TgIeZOyEWYbcOALLiYwLcVXvqoxjZ7AsALogCMVBUjxI+Mm5qHVgEnMErw26slREsOGI3Ctv88GKaam3mhnyctWkYhAIEokZY5GAlhNzMFCyjoYRUsg+cKRgX7UnswMi4HRURbd0C1KyHCYsCaB7SApbWAqEONfFHqq6qxEwi5p6H1cjMbh6izALDZXjwznf2rz4jX1FEZ+J3Gmdi3fGfg3ieImhfZxJN0mh4uphyodm0ffTNbx3nubsiMeNaXVqHQe2cujQXkdnUekfmzTghRctFFawph8DVoVBKISFt3cOZubecVaiUUms1dQODSODb+j27O/Ea3wHPbHEEAQl7QOQ8CIGYNAvG884kN5Rhnk8AABpqFaF5WdyDiVnKkI5izAIFyudJWv+z+ZXMoZAAxp/8i38OgJ989mmGoSICPPDcM9K7hUVSL/u8SJVHDx/tE/INAIjmNrdTCja4OpkTXRwQaVADqby7uNyf9owryCw8OUrokOb8VeSl9eSUh3tX9Wk3YaD2ng4NZExLToZrYe2XQ5YSbpIveHPOjkSICKvD9J/95//ls2ef3t68JmE+18Hm5o3OoyRk7VUAAWlXgMiPe+XQ55YAzmJrXnNnJFduMMIhDJgR0tPpXljU7frxk2zCBgf3dJ9jd3vy5Mn9fo8IyBkwAIKV5kZILNz6Eh51HGutHs4iKf8TkZRiZrzO1jlHWL5IPJuwck4mqFLnpWWhHQJOmy0gtLlzET//LAhoHmtaGCGrDwCyywxza5G+FSIsuUcyWx1kxG3prTdcY8Drh4uEJCgiUopadwcmzJgEBKpZegHXvXd64HI+h+A1koMAaGFDHQGg9wZn7DWhpBeISZBgddYgpacrZ8txOxGRak8CZzioaybiSCgTCmHuEP/in/3xsy+ez/MJiQFhpdPSugKSfCEjYalcJoAVzIAImEDuM+g3dxLeLTISABCa5qrAswQJAMSYKJ/cZYXHOI7TOGavZdLBIM4J5gjTZtohvC8zgGlbat1on+fTofe5t6W32bu6GZifodQGK7MpL+7VSbkOeudvD+KcvVqhSwZpfrBgYWZRtcP9DbhZV7MORJvdxeX1YzPQPkN4Pgi1LQFex81md40g1lvry2Z3VUo93r5CIJGq4U27OzKAVIow1T5sNuHqqlKY1iVPIPG0vXLU/d1r4TpMGw0cirx68eVXL57/5k9+++Fb7754/iWgh7qZfvbJp3/513/97vsf/uxnPwui5y9eAJirWw6cHH1poRrZpBCRtYFM6G5DEQf83vc/ev7ll0MdkAtLES6AGEClVinCRFmnVGQQkfWIwyyFP/zgg49/9XMMNkvgGCdu0t2yIThxcGoBYG59d/moL8ty2ruBup3DcCREXds4bU6H+9N8Ao9pqOY2jGO4zsvBQ4VwU7fbzUb7whAQhlmJ45o64um0n0/3rspUrM1tmbW1wD4NG0LubTb3QTIODMJUaiUgBOi6CCJmGMw1ibJSCnNpvTFBnhndPTx6727eWmvzDIDmfn97Nx9P7bTc79tXrw5cOKWoJ+88uH5wfXvqpx4PHz/abqZS5OHl9vpi9+bU/+v/7n96/uqmtfniYkdM8+EI6LWWFPGIxM1yBxPuyFSHoa905vRngaozk5re7e/feeupui7LLCzm3h2EcLed7k9LxErKypjOWSXMTCGaOmEMtZRSPNiRHl9f/taPvv3HP/vt//Sf/sGf/IPf/Wd/9Pd+7ze+++E33vrq+Yv/8Bd/9v1vf/gbP/qImT7927/65P/50x3M7Xir891hf3/YH27vDzd3x+Pc526HY1uWloY7zdQUSRDOvZ9O87z0w2lZva65hWCqtUjJWBkOpdShnM27CEgizEIMxEyA0NUIqRLnOJpg4lXCgbXcI3UUJGy9ddf/n6l3+5Usu+/7fre11t5V55y+TM9wSIockqKGESnSViRakWXqYgsKnMhAIhhIEMTwQ5AACYK85s/JY14CBMhDnozEiBVDghSJMjkSySE5HM69p/t0nz6nqvZe63fJw29X0y8DdGO6+1TVrrV+l+/38yVAxhAkDABiKcSIRagVJiAsUuaL6d7DywcP2zzb4XlZnsq4k9B5P3PdaTQwG6anxQJxmlqpUx+6rKdnTz755KP3S2VHCpH54QO+vFKZcb7wNh1GhNS22wPycO9qSx8b29mHaUz1wpnVup6Np65G7uRdl5N1hYC1DyOROlngcAxmx8TxWb7PRIxA69LXMdxsmAESAY2h69K3MbZl9YWIGBiuFmbrsmL4GCtYILgDAbJt48hq5qOvY12yNEQmSzsrYgANN7dcoaJ5jiqJEM0tNaveV1CdMT57NZn1ZVkhzHX4GBjg4aMvyOhnyExy54WSnh2cg38zTCeLByEavIyLzTKE3FQgLqU0wqmW3dQgKZ8RTChVVB0ciLmJTJUN4mb1ux4u3N2HGhZG5q4WwRHomPgpX0ePcGE5i0kQiYZpd41AkcrIhKTqDhZmiDQiuqqIvHLv4bGvp3VBEiAorWVPlkP3LPyCQGrRob+w6BCdx+GOQBXs2fs/ZIxC26VPzOexWk6zXmo+NkMsAibqsDZxSKvSOZLSPU8tZF76qmbpeReRteswU3ULIM5UNdhV+hf/8e+99eOfK4LqyPLDLRBgyxehTQYQlhms1PtIabK7JcEpzHlzHuE26/R4mU1Imw1i4++beZhz/gIDiZHQ1M30s5/9AjMvfam16RhMhExjMTNNTTURpH6xAmTH6CmA2XTvjihEzESclTcRffL0yUcff5jGc4+AsA1YsxEGgMo2Hd5Mw0XGuibhfuMnAvCmqIFAoA1AGpszAdDDX1xf19KYaOgAAqnFVFOfmAVfliiwVW/bsy3EvQ+PSMBlKSKlds2XyqmxcDeLqFKYBfJlB6g6IQz1JF2+9/67z589IQxw3AKHt/k/8pYVkNqwDDTF1HlR7nowAKiVEkBmg4gIGTar81b9nwtXEGGS8+QlLR1Af/zHfzJP+3d/+uNSa5p6AaDW9sYX3nh8/THn8b2Bp5CL5K4qHTHhQMhEoKop7DN1Ip52s6mva8dNG4/pKw/zwNjtd6oGgW2q+8vdso5Iw7sHcXokaL/bqamrbaZyOpsWYPNyRISpA2DunDFSaIRDLZLdS1k/IG6uaEzhUDYM6IiBzGRbLKUxC+QWjjHckYKQ/r0vMQgzMYUHIZt7puNGoOrYjOwZT5lVZ3i6eAN96ACgUmuaAAAT7RZ2TgXPgznMAB3P4celsAjX1g7L6ebFrSBxEXcHIiBydSYCQnXLV0VS5+kCwLf3O8DDNmnZBnN0Hd1DwyzsZd2fGrDILDhAqFIhwNVMh4i0OpGQalpGs6Oz0Vftp74cxnrs60nXk4417bqmC4Co99R7ReqXAT0f4gAI205FeJkTns0rYWynTxqVzkZC83AmdnTVwVxU03Ms63I43j6PiAAefehYw7zM88X9R1Lq2k+hAwHDQcdquhLzvL+a9/dbnWALvLzFoDYXD2u1qUbvyzRVQjqtx9184a7ZYGEK1zJgkrHNFyJ8eP4UIObdlQIi+Olw+5Mf/+jzX3jjW7/xW08fP+n9AAG96+l0+u7/95fHtf/+7//+l7785U8+eXI63jFjyp8AnCiAghiSTpvvAmE4+nx575VXXru+fl7rXj1XFDTUhUudqrsTxlBHIGHx8OQylcIPH77SR3/6+NN5f7GsKxOXzLzNNRai5SzrLHcEs0evff7508dgMSw2eSjgbp4RwUzn6eL5s6fueRPAUJ2mij6W9SgIjNRKa0W8L+BOAExhY6yn4+jdXXUsMTw8XD28A4KapV9lmnalFiA0VSRMzU8ETLs9EyGgavee68vIHcdYVwQUwcR6BOAYmfxFNkaSd92BmPpyCrNnz0+fPD12i9NprF1fe/3Rw1dfeXGn3enBK4+AuIq8+uj+1X56drf8L//7v/rw8RM3H8saYa89evD8xYtMGl5XZWIS9vAcW2ySdoKMF/fYhMLMYu4EQQTPnt985uGjqU2Hu7tWGyLeHZcH9y7XVQ2BefP7nN2TFOcLCykYubX9cHr04Oo/+6Pf/u/+y//kP/3Ob3zrV770+dceNhEiuHnx4i//8q9+8NZ3/943f/XNN7+M5I8/eP//+T/+t6qHiwsZy+Fwc/P44yfrcb25Pb24W7pBd+o54iUaGsOgD8/QkrvTadVYug4DZjYzFhEmYQYP3naD6RwjRko8IrPg+TwBgByXdtMqtZaCG640FWEOgJCDtkhfY5xGDwDmjCZBcAhzYUY3RhCmUuTyYjdd7C4ud42t6dFePPa7m0o4z7vdxS6oULuUUjzg5m49HFdguDsd7g4HJqlc7l1eXF5eybTbP3gwPXhAu0u5uFqQnQREHBCFHWA4nHS4BwaG6dBTIAJWg5JDCpGJRWyserrT48lNy7yX/f6kI0i4ToFiEY6oruqgZqqaC3lTVR19jDE6MfsZOa1mEPGSAyVUNGwMNYPCspxOeZfzptcNg1BVkVbqnBqTc2GPgZRDGgXqfeSKVj1UHQCEJdwJfCydEWCMEkpm0Jd1uVvH2rtFRKHkSKIZVJFw8wAiyUja9Kyaa3JcMRDCABzcUpqo6pTRpvlERDBgYy5I4KHh6uagmrHSRAGbl7cPAyFFOBkcVw+h7roOA8LuoeHm3se2BPGkWoYLFYKNamhhhBiYG7MaSbAEMt8IPGpu6WLGWMZ66kvqPYZaqcWGLqfeao2IPpSQwlzVImHMdHbxQXC6AT3na4zB5hrhEWAWTHx+8amCCwLgBH1GpLmFhc2jj9FqJeKwAAIdjsSl1NvDnalWKR5uHiMrhMStirijVMFADf/g6dOT6UgD9svDCLcqwM0BMMI2re82WMbcOuTtnBoKhByyWa53UhllbhGpGYmU4uP2y633TzkYIwmJgx2X2/RGNymvvvrazYvbgA09BAAWAYgMWFMICABMQkxjjKwOUuk++pBa3JyJDnfHvqxm24mx3VkQm9GCYPMruCKQB/R1BQdJvAvjMMOzZiP/S0jgnmqNzWoKwMyB4TnCYby6vN/76u7bDvNM1k6l0qZFoXR6QASwEICPMdSS9A8v/0dmQqRUkrSpOYS5IsgmHo9gltubG1UFhFyrUDqkNsfmZixN7nOO93BTpOQYFgkoAF11E3UjA4ZleDIxiVA2pO5IUFrJcyc8mCQgfvD2Dz59/FFhUvWsFyPQzD7+9CMmRqSwZNSkZjPDEDDCCJGlAKKOzmkKA8MA9zBzRNCXmRCeaF5wj93Fxf0HD6+fPUcgV+tjuCozlSLuMcYwUzAgwfS/EPEmTopU/yAimmmyZiEgEKRK5JgDADbEz1ZUuhmVfKCBSzFTwg35a2ZMrH1k6Fjg+VzZHtftk0TcMuhoy1vFgAyYg1yZIcIGd8L0bm+BfMLpCw9EgfOEMrdVGNi7RnhO/ghg0wgRZpdMQqMrkqj69dPrnJ4NVRYxM9ySc4Bpe82B2NqutX2YplcpRclZWoBrQDy49+qjR5+F8NPxNlwZKYMscIvg2oK5w11Vw91Vw42Ia6sItBzvjrfP1sPtcjjoehjLknFg4Z4nOROa+3K6a22/jTtskx+93ErB1oXnc73NiFLtChhny8W2YkhBcITm1Vun2XVFpFImLlJKPR3u1uUYkWRVcDVzNdNS6/7q4W5/z3T09eQQpgoRqsN9LbXWtguAwrweDwFRSkMkEVG1sFGnCRFt6DRdmHWEkFIhtmwIAABwRuC23+/2dy9uej/N8x5EzKxQvPvO22vvv/WPfp9Rrq+fAMRYR4S/9/573//eW2+88eU//Cf/mKR88unH4Aa5ZVcNgtqqIA3VoQMiSqGu+urrn3/y6WNdVwBBaVOb0pqc6qy+roRMQMiERFn1tlYd7LOf+/zP33t3t9shi5mXWlsiY5LbkDA4JiYCAEEgpqv7j54+/siDzIOFMRAppmkyG2ZDRO7uXoRHLeKmY4xpmiFD6KRZADOFj9NyqKV6KAaoDlPr6+l0OrmNeZpE6rCBGKWIiBSRhIi1JkSMrhFRW5vmHUsZo7c2td1FsgRMfSwrINTakHD0JcwRg1iYq4evp1XXTmERUUoZrne3Bx16e3t8enNyKVzai5tlvtg/ev0hl2kgv/qZ19pudo/XXr1/uZsB8X/9P//1X//wHSI8LWN3cbksR4hobbq7O+6mqh63h1OtXKqkxBmTEw1QiqjbuZ8FwiBJ8xcx4bMXNxcXF7W2w+lESCSsam9++YvXz2+ZGDF8O343hywAIjhy7U67ef7n//R3/6d/8ce//rWvtMIR1Kbmqk+ur59dP/nRD3/0o7/9/le+/IWvfuVLY+jxePcX//e/evzOjx5etcphOu5uj9fXt6dlfXFYVF0dzWDtw0wRYenj1Me5J4RFvZsvqwKhFCrCrRRkEiYWriLCUkQQMeFFmzUBkQiZuTC7R2qOHQMQWkmuI6Z7J4fTDlsK9bBxtxxSP4wRlYgiRJiIAEMIXQ2Rp3mqpTKGL8v67Em/uRY3AShF6jyVeYdtt7v/mXnarUOfvliGhTsc7o7gziiIeHEx965O1O5djVo7EEwzIClQIHOVQFK1dXTthghhZn2AhrlpQGlzktdLKUDkOnQ9BGBIxf3euDgycQmiPiyCpJahNuxclnmodiGJgL50BCaSBAetfaRuWTIgTX24vz75H3710bIuHz9fAIMZOUNkAwwi3Lqp1EosbkPdHCMC3TABIarmwxFTEQ7rUHMnEmZxizBFMwxnDLSA0TWXZqppbq7C4PDGFV6K3WiGEKuUAqmSt0ilC2yQEqQMuIQcJBNF0JbBujntMsZLCFQHuBE6IhTikgGmSFyqWazmRrSqd0MFMICurh5UxJFOfSCh5tzMkYUoQJgFKRBVNTCIKPla4BtvcNgY5u7OzFmhqYdHmLuaq0M4mFt46GoQIQilYspyEmAYAUwvlcNExCIlRb/JYEnqSJZjgMQkjIj5rEdgOHFlPHvgMOEu4ABDLQJrYSllaCfilANuQgymdCMAUCbr5JSzlmJqW5lB/PTF6WKeS+ElmdcBGJgoPGFRs3BPbH+WNGfPtgNChsEDYAbE5sGFiMKsasyc8/EsTcOTspK4pE0Tvd3dgEi0rqlzI4hYl2UMU9Xkxdv5YCQgJmkAgEgsHB5SNpNrUpwwGyQWV9v+CdrKHNdIil+GoMBZu5y9C6R1g3gDXGedupWeuFVgEdnQZLuMmUq4fXTZ3mFEnNYj+DkeNMeWtL2zTJxvFVqqwYO2dAKCOBvRIZ0xnk+MQzCAmb722ue/+WvffOdnPy6lIqIUiaThA6Xmn4AItkBu5E1R7pBSLjz3MNTmioSpWc/FRNoniGm3n/NgzbtkMwlsQjTAQE+dFjJR4mApvw2m42XagKsXKQCYTxICSSkO4fk0ZSsQqWX3iGBmM3fLyW6ygMI8vTIkXNwdAYmoSFn7ene4JURGxvSDbiCMHGRsl6er6zAmQUIHx81nARGeXYCbsTAgtNakFAtPa1TK9YCBSxFkdSfEvvbw4FwFptuGaL/f1anpsAi38Ew7SIclgiOhe5yzp7cn0cHdzp7dswk8CInFTT0MtjYxzqSADegZiX5CiAiinIKhVH7Z4RGnOyW29D+gTFYwc6QtGQQjJxmQInVmkiIZ8kdItc61zBG2pQKecV3hZm4X+3vmBgQXlxcsdZwOOlZAJpbzuYAAGIRuoKObrswCSOpWp3k93j178tjWk6VgPD9qpg3ZnG8HAgSsy7FNewBw23TA2yoqd8RwrvDPPo6IOK+94KUWMN+oyGc3274A4srMQ5daJpHa2nS4vbGuJMJ18lxyuWnvPoyK1LbfXT0kKX05uaubhYePYTpyWwruBN77isRI7OLHgRUAACAASURBVGGjd2mlsLh1QmzTnIEPTIwbEDaQCCyAAgJY2u7i3nq8XY93rU1cp76MVuX68Ycf/Pxn3/jWr7/59W8+ffIYYLi6mi3H43f/8q9eHJff+yf/+Mtf/ZUn19en4y1RqLuuCpAzDgsIIjAdw/3y8ur22VMm6aoirU0zscz7/TzN6+nEVEwdsQCChlMpu7kF+L17VxF4++Lmwf0Hy7KKcG1VSkmFmhQJx0AS3hQaALC7uACS25vniMRMwoThzFTbNMYqTK3U4+EuwqdW3dXM29SYKEavtQWA2UDEdT0IZam2FOZCvPQTxXY+T/NETNM8T/OuTXOpMrUy73ZSS5n2hcXdrQ9GmqapTC0p5NM0tTaFK0RY7zaGiADFWFY1I6LcrzqSm9va17EGIBOM0U9rf/z4xaJ+PPZwcuTXPvfqfHG5rrC/d09qLSwP71/upun5zS2hTfv9Wz9+r+s2aFnX0+3t4ZWH9168OCynMe+abxEiRILLsjITSWpeHZDQkwuMkLgNBB1GyIxwdzi8/plXri4vnjx7Vks5rWudGwCsy5oCA49A5r6uRFCm6iRr79/+ta/+z//tP/+93/wGEndXdwMK7cvxePfpk6ff+/4Pf/jW37368N5Xv/qGRxwOh3d+8Hd/8a//r/szXV1Ugnj2yZO729Oy6OF4WrsFwDq6BVjgGL4OBa4BaO4kfDz1Zc3jw1qr5xsHaq21FaJgKWrmbpGnnwMhCBELIkHG5gAgIQciEXQdasEkALmrgWBKM9pq2sfSh4KDEJpqhvkUIURiKQjACEyckvLTclwPhxg91u7a5yJN6N79i4t7F/PVRd3faxePuLa70/rJ89vDsS+n0zjpJGVZTlSEm9zcnqLN5f6DaFOZd44SiMZ8Oq7JXx9dVb2PEWZg6hqAYGZlbkGMYcIsRczUPZZVy7wrl1dHQ0UOxO6wahgElcplRuQxLAjcfQxFgvA4nI6ukZOvcB/qqgNTt5kxqzrMfCf4lVfm1eLD6yNEuCkSoHvvIyNKWLCWFgAZVTtMhw2LCHPIPOGwcEcWB1ZXIk7TAUUUJvCwsY715KOH+xhryo8oGaBmfdg3Xpv+4Btv/NnbH1revO5EQICulnKKPNcJSTa0ieG2c6fcZUEYQrQiHMFhJWImuLqYLqc5LHbzVKSoKouMAcM9pBhAt1jUHUndh3mycVJ8FZGZG9tAKSP+ABzdmRHcC3JFIkA3DwyLULeU9SJg4iIA0cA9wNwNQs3cXAgxZ4Bhbu7uUiQgzI2YzDUQWQQBzR088jaBMy6StrE0blbPADfD8O987dEffOuNH394vRiajvwDW5pX5MUJaqP3ntL9iNAYwxXzSnUYGnj2k0YEIWbEOAudASREhMi0jSLBAYAJiDl/JkqW4Abdyn95Y+jXUsPc1bPZyMGlmSOhR4CD6gBEYQokj3ORvMlTAFIaTQgOzJKli22ZE5ljyeBhmx47l4DEwC1fCRMlFdUtiWEbPZOJzJwle4kg5s1ovhkqtoLlTBF7CUZFYgTwnC5AQKrSN01Gcji3CSQi8ZkzszU1lBdh5MiXXnY5ST0LD8cU6JBbyvOJESPtsO6/WH++HAFtw/rkG0aV+uz59aeffkpECGRukIIRwnwr0g6FxER8/nTR0SllKwjIm6ETMKPSsu/irc8hcAViMjcdmscEuLsFbuTOnBRvMz9KTRYCi+SznHlASZvYOibb8qdKqwAQHrW23X43VE2VhXPmTcwvx7ZI5Oa5kBSRaapM3PsABiRwiyKSpAvITxzjZcwy+MuZOubbmw9ulsS5v0qiP24CdKDc2y4dzZEg/94U++tqEVGEbKTtGLPRgoSURQTY6bS6u5SG6AAUkMs7jHDb0itSCJ8Ln7TnOkAkczd93yKcvIs4h84GYOQXCINIICDcd9PewftYmRjOqsoMzeV0RWNsKDwkcC+tMuUO5PxmEMbW5WZyG0QkXJKBgLnUNuehkr6crbENn6bL4+Hm2acfnA43FjDtL0ZXWxe1gShcOMzPB1l+C9zdWIrUAkmiONxuFB1EcPOwTRoMm8UqYmv+tC+1zhaWG8K0rJ2XYoFJTNmWAmdaQp7QaX3evFKb5i4iEnaDAGY27y8drPcFEM18Pd56BFPlUgHCdIQrAY2uCDllq/cfPtpd3FuWxXUFV4uhOnLXqe4QsPYVABPrEYC1NoQY41TbjMJnfB8HOAH5RkmW7fW4k/Dl5cO+nm6eP2Gm3f7Cg2qr2k8/+MFbAPxbv/O75vjs+hPEWBbtY3zw/rt/9dd/ffXglX/4nd998Mprn376pK8H8OhdXe1ltkxXrfPU13U9HihQzWwMIKzTVER0DO1jajs1d49SyjxXgmAEYHj10aNn109206weoy8shWU704gwIe7MLMSIuSC03eUD1WF99Yh5bnnfiMi8vzidjvM8hce6nApLKTx6J8RpNzPzWE9TKwjgZoLs2vP0J4oiJT/bUqS2Nk87gHBTIay17S4uW5uZhQhLqdP+qu12UlthMR1hGuBSS6nV1YioTQ0pMmLD3XI9uyynoY6IDu7ASKWvx7vDyZFJ5O64fvjBs2P3Qu20jDbvXv3sa/dfediV2m4/7aaLi/nh/Yv9vHvv44+Pp8N+qr/02oMf/Pzx7WKqptp5C22x1uqLu2Mat1TdVNvctlM398qR+XjITO5O254cISngRIj46dPnX/rCL0kpz65visjd3RHc19OajAYpta9dhKgUkvKFzzz6H/7rf/Zf/NE/EkKpbb+f5t3Ux/r82fPD3fOb2xc/+NHP3v3JzyaBR689mKYpwo+Hw1/923/75MP3HuyIQV276lDVu6MOtdG9O2rAOrSvdlo6IBvAGMPBPNAAh4II4ba3JwQsIlIoMr8k85IcMhMAAgk3nF0A2MaKCCTikuAizp8gckGfHBW1rrqqRmAT2ZVKCOaajjcACkzSDrlqmKnr6N01QWVeMC7n6eH9i2kq865d7Ofp6nJ3/xW5eLQO//D6+c8f39yelptnz463tzYUkI3QgoYL7PZydelcgMWBuulp6apmHksfOhQjmNDUiFBNu1oAOSGQzHNjZDMd67qcFifqjsAVS2UWNV91G3oNj9PQcHB3NQOgiHDzta9j7RQwxnD1yjU9mrnzz+99mFaCF4t/78PnH9+chNnNVDVrSndv8xQQZiM36ggCKMN84/NlCeYjYW8O1NUD0dIU6oApaundVEMHuINr6NjkEABuAyJabT97dvp3711D2U+V3Y2EEQEskgxJTEQSAcJSOO+8EKKSylTAMGeM7A8L4iTcIj5zNb3xyhVpLxQVsXK5XcZh+DoMRBxgDAUpKaXQTAx1N3C1IJSs2pk5b6EchxGRexSAS2n3RPYkHN5KyXicrHXdtDARJnVjs0Mk6j7vGaSc6QYAqAYEmIeqAYGZh2fKEyGiqaY+HgGQMzvoXDunOdgjVAFg3/Bf/uHXf/3LD7/7s+uPnp8g3YNAGUq4lbKE6JHRaoBhqoDwq19989OnnybaMHF2gBipq2Q2NUIkBGIEAldQt76sNhwBVR0RgNEiuxTP9oCIwGHj2UDkz6vDEmhJjAFoWyLuZtHBrWKMWioRemw88W38n2BHCEKqWR9GvCyBcBvXxrp2Fs7pGRIyE3OZEDAsHN3UWXJpmLrl2JqV1I1wuLur57yTEHHj6edIfOMQ55uEuGlFcrLIuTPLajEXH5HrjCwv6dw2gJ/1/efCN3L0n7+XAATLfGnCPBBjY8FE1jYs3FpTU0yqDiJGEJFnf5EZig5FJAOkEr+5QazzpvWUVpEOy5HStq/w/L5hKjXy5MVA65rDvLx7bBjz1uNCDvmIwi21aEkfykbIAQLRM94ZwDVRMGGayV+GxBE55wZmdgNASJw+M5laRCAEIW7FQ+QdtwmrKICZpZC7u3mquonKL3/ljdubu9EHcuKl8mVv77SZRbiIpJ8YAyIsWxxzE2aAIARKQRVs+5vRTYTNPSxKEQDMvDMEBIcAEKbdxc5TDU/kmzYxsp6GIGGOoMgYafcIYOZ06nrkDCuXajm/j0z+YuSXfWiYR4QOZSRhUR0Z6ccJmwLMK1Hdru7fm8rueDq0udWp5uIlO5kseZlLNqXEaB6liKmxiIioWcRGO80VFiGpjjpVLi2th63Nbbpw06yfkRgI3BSZW9s9f/IeqI7ehUmdai3rejLrSJJcxWxgE/AH4BFQaiUp5kaBZt1MmWn0AeE6xtDVQ20oSY53AxkDQvuptElVXc8gOWSisA2ppBDJFH+5b9yGJ5sDBtKWnBuM2PYCAQiuNpB5nq/W5QDh7t6XIwa2VgGc0Me6IlJrU2lNVQkxl7B1t58vr5CK9RVDzd3G6KP3tQNJa5P1ET42pzx4X45hMV9c+racYSJ0VcBsyzcdZLoYs1Xc769abS+ePxnrodbZjByxCT/+6N333/3pf/CNb/3Kr/79D95/X8eJWPo6bCxv/+CtD97/4Etf/drvfOc7Uqdnzx6Hdc85l5sIlyJzq6MvjGGuEJgsHQQ3XV37NDVAtECRCsSlirtPtczTPLf5+bOn+6uHt7e3EdDmWaSQoI4gEgdP8QYROURSgB88ev3F86eMW4J4jkwQYZ73y3qc2hTg2ldkasK9d2Fq0wTE2tdpms2MCad5ch/uwbIRfYhJhEWk1mne7WsrbZrBFRxFpJa62+9ba4TgAbWUNlUphaW4Dl376J0RaikQTiTCNZLhO+x0WjA8AMbQUA+PYQrhoy+jKyDdHZaPP7m5uVsA6zqszbv7rz6aLi6pTBf37z945cGjh5cP718K81s/fHs53r368L4D7HfTYv43P3rP3SNMmCNC3T/z6OFxWYEQCVUjh0lCoqaVc9oCpRTLbWfWSgAB6IGQEwEHAHj67KaUZmYlszljC5vkUs29Nmn7HbP85//0d/+bP/mjHfvf/fAn6nH/4YUwruvpeHu39ruPHn/83e/+6KP3P9k3KBQ5fAfTT957/8//9P9FW+9fyNyk94VF1On69jjG6h7L0ntXQFrXEYAR2IfmJEndzcnMA1yYPAKdXnqpEACI8oQkwCLExGZKQA5bQYLbqQg5TCMiMAAg98T9DjVVMzO38FJk1+adsBC4x/CBAekljZQbmIOHmQJa7rRFYCslRaapVJHWhFjme1fzw9d5ftABf/707vkpqE3jtPTD4XQ8KtL+/j0TKZd7aBNO0/DoYwTRsvbRl6z2zLq7UkAVMXVVO/UTCWf6sjDPldxMu7qr2Si1AhZgqrWqWV/Vk/YBsehYe8+gVHeNCFd3c+2aaICt9kAMxNTCe0RmcUREqBFYElh7P5kqZNgqeIRKqeBIRIGorh5hGgCiCagPz4UiIbI05LJNPS3CDDFCtQr3ZXW3nBeEeyZaRJCFAaWcKAB4decNNyQQIUjkIBhFmBwYmQBbEYJgt0I0CbM7RxAAugoBI1bCArEXvhR4sKtXOyE8feWzVwL+4c3pTvGudycKxGGKyKduQBQUgKABSLzNUlki0zCzYhnDIlSNiCsXUn+ltXuMFdGXtRJNLGhRt5wOKxknkaOoQCBMXUqq9nNMm9M9BwdmVQWk3Emmxs1U86tNWfDkEsIszrB/iI1pQUwsOBxf3B6f3Y6/+dmTdVi8xEUS4RmRFGE5w80zmZiC4fr5c3NjktZqyvS3ARoBAhThDcQaaaJLny5EeJtrFshpwnkpqE1JcE4/k9iTQsPwmOfJIUydmFOkRwRE7OYenmPi3Hu4O7FsbydEzpOksKmZ29CBni0SIYQOnaep1RIajOeVKGLmmLRNpJ1IQ6HWplLK6CPFANlcWVJ6coyeMEwgz48HMLuFyIyoyKTlSFlQxMZdQQB3T6ERAaEIAPK29Q4Cyp735U/mthGUmOUs6EIwOIMOcgCaOoVt4p/dZ22ViZd1TXBlUtgtY8jSn8lMCGnx1+0By24HmMkDLJyIuWzyjWx8CZjP4qVtCp7xSWltYUojdT5NpRRiTJwfEXoYMalbNmq/+IFzm0SIuMHmRQi2MpeJ2X2rwzDXnZ70GCSkKuIG2ke+QtURAGHb51hE3N1dmUSKmJtaJj2D6bh58SLCpbSXwQGElEpPJDKzzL2t0mwYpNnEN0wTpVHoHIjj5rllC8BpNydLFwlS7NLaVJrkBM7S8eouRSDQ1bkIBKhpYJh7LXIWSDkxv/7qq7fHw+ij1vLym5P94sb2SoRCWKmVkCKpCowAWESmaQZAYEqSlpkikNSaz+fxeFiWQykVgU6nlQJLETUjQSYRKdkEShFkCkTzSPxqILp6RoRlR+puao4M+8s9EJhqBNRpatN+o/tvFhlwdGHp2g8vno7ec55d5gm5hKn2hUshYSIAxDDYBEzgAcFSGQUJWYr2xXXkTJ4ATYfZGjEcQEjCMXK/D977sU178Ag3wlzTursjEwuvx4ObFmkb+wx+QZL9hfj55aIPz1tV3BT4bqO2y1LaWJdUhVlEnZqZQygCIsm03yFz76trN3PKJRJA3V08ePBqBPR1UU8riCGCtImolNpGX11X92Hm0+6CpGUPnu20mW/mFo9N+LpFO0BGUoq0q6sHx8OL4/F2qpNUCcL9/tLG8Sdv/+C46O985w9Km58+/ggpxnAwu75+8r2/+esnz25+49vf/vu/8etLt8PhJjbdJ/Y+aqtFUusI2QqS5EBaCyVrRQMCUWortIWrxdSq6ZDCqnF7+6LVcnlxQbIBo3JYDuAiZG7pPkLEew8fvbi5zoqPkRywSClN6rwfY52m6hBjdDcoGbZY6jTV0qbR11Ylwhljv9uDR6l13u/6GG1qV/cuSpPdbidSWWi33+0vLmpr0zRrXwm8FK6ttV2T1mAoMQiTtNrmmZBHX9fjXWFJj4e0CZAzS+/2eDvWjsAZv659PS4rBiJAH3o4jk8f3yxrANe168W9e/deeVimHXB7+MrDz33utXv3Ly72u9Np/bM//4vD4e7Xvv7m3e2hTdPFPNda/ux7P82Vy+jDTPMgk8LLOmor/Rw5P7VCEYe749SqaRCTMCV/L7YVGGxh6SThljfgcTlFWB6dXISYiGjtoxWm0h4+vPc//ss/+Y1f+cJ77/z0h2//5OOPP/36198koqefXt/ePn/nnffefvtnf/t3P/3pT9+7fzl7P61r31/OQHC8u/3wvff+7ntv7Qs0UmH0AMByd1pvjrfmgFxXjcOpB7CaIaFarNvdj71HMgGIUap4xDos+7qMj48zDLmUNB8ZIrTaHHxorywemrtoC6cAhC0AlVlSNyEkrZYmpdVSaxNmIQKE2/Vo+e0nSuCDMFUGYUIwDChSLi/39y4uWqvZV/Z1JYpXHl7NF/vXvvjFy9e/Ku3i8d3y4Yv1sI7j0g83L2w5AsS0v9zff1Av9lyrIy6WiWVwOK3aeypdh/auHXPVC+gB3XS4AmFpTaSwFIzovZ9OJ1Mb5pnUyMLmqpqsb/EAMBrDuhoJA4KZj9MYfYCD6qY/jwjkVPt5Hx0DmCXFoEikY9gYy3JUU2FiFiYGgst7DwDBbEQ4BkNg1zWdVsyJ+CXTEbpEoqsjiMU93JTcGYNcATSVt9m0jrF96lKbAp5U3TZiu7vm1CaQIQIDKUyQCAIxKDwNdZVJwji8BO4ERDuHhwNurkAPgxng0eW0q/Xpi/X6tJZKn//MK+89P773fBnAGU+W5jp17+Yo2/zYtxkhUn6dzCD32wwKzsybjQ0JAQoRQWTwqoTPhI1h17iR+FamAAKNZRATIEVm7WI4IBGPlLbSVlQyCwKjb/Gfm60ZHAMxArPoDzybE7NESWcs5HIcHX/+9PS9dz9dewBtD8wGU8qsjK28YLdACk9iK5C5MQogzPMcEUM7AoBkpipvgWK+/ZwI28waAKa5YYRqqmhh0w7lzj0cMBNdwNwtnBGdsJSSuUMpHCDGUkoyFefdvC75gFlupdEjPMfBUUoBAmaJjR4ZACk6iXRqmvlpXQJhwxsQZ63OAAXOoz9KGYl5LlapsDCZGQszodsGBt3KYtjMoHSmsOezQQkgiJzM5VgF3KKQ+FkDBcDutlE13RO35GEYwLyNvXQztkOmwUUQIqWvfDMCMCNhrnpLKXGuD9Ss9yHE6evFrZ30/GuzkqFMqwMkpAjIu5iRsvFARI+ghHXGpvNhZiLczDcALBkc4wGYCDbztLsJIptqfkg5T3X3+w8eSKnLcoR/v9HJJ07SD6Qvj/W0sCInXwiBSApLETUlQJbNZHmuicldt6ecMOniZg5MV/fur8uaEQE55HBz3gTiuEnEAlMo42aegmcEQHR0N89uLTACQbgAg2p391oLAGTAWRZgCYo7D0488aCZNGxmbkBI7gYABOEWyIhI6WK7vLwwc9ORd/A01d7Hsi64GWchAij3K8l02v542mW2D9fOWVpE5OF97e7eWhvDPC97YRGJLAR8y8T22HAhRCzM6oaQ3pI05GxfpxSP5WCBhdSDzvN54uw0pa/rsi7CBIEitdQ5XBEjpWJI4DakNDddDi9KEQsLDWmVku3QF0Tm0ggAkfKYyw0fRBAyS0EiJLZ+Gn111w3TY15Km6areXcPw1TXvLbBo/dTrTsP3fi5RLU2lCKlEmFfl/Dg0mDL5d1URQC+mag9xWp5Pua3fMMphAdTuHvbXaKHas8tTUBERK2Fi3hgqRWQVYEQ1tNp7Sc3Q6JSCtepzpfSJht9rAsBWB99XcKtlNLmi93lvcycAzfTgcgQGGqQc6EcxpzzrwMCkDltNmEIEYgXFw+J8Nn1Y3Rrde4WRLUIP3383js//tEXvvilX//N335xc3P74hmEhwZYfPzhB9//d3/jKP/RP/ydN3/168uqx7sb85HKp94Hb2tgQvS6MTgGIJhabNQLh3AmFiBCuNjPXHCep+M67u5OV5cXu3knJK3VMTwAipS+aJFKQuYhxHNrdd7f3lwXEXOrVVgKIuz3eyYBG3ObRMj6ghC7uRVhwpCC+3nGcEZihtp4npoIi9Buavv9Dt1EZN7NpZXLi32ttdRa53lqrbWJS8HwsRwdgkVqm0VIWEoRG46MIiUv6fW0oMcYoy9DalEbLIwAoGZD09Shqgx0Oq5jGY8/uX78+MWquA4L4gePHl4+eAhYpv3lo1df+cIXP3v/wdXU6k/e+fmf/flfXF8//w+/9c15nj59/PTVh/enNnvEd9/+2Wnp6AbgvQ8LX9b1os13pxMR1iqZBBxD21SEaKoTlrKuJ5KM88IcpCXbNvNG8pQgzG0/mI3wTTp/Oi7hxlKLyH//X/2zr3z2/ts/evvJkyc//OFPf+u3v/3FNz737PrZ++998O57H/6bP/2rDz+9fued98Zy+tqXf+mTjz6otezm6XB30LW/885P3/3Jz/YNLifGMCJZe9wejqdTBxTVOJzWVf2w9FVVRAJwqAJAAGkEMhKTuSs4IQWAWxBzH5pY762sRBQiD2+lshSATfOb2gNCQkYSJmQ8I9yyE9iVWrnkQY3MpVSMWMbpuCw5Dsp9ewCQSKulsggRE9Vad/M0z3We58LYGrfKrzy89+j1B5cPX7n/xpvt4RtryI8/vf3g+em0jCfPbk93x373YhLa3bsPpVJtq9uqdnvsp7GYm7r70E2IbwYeWT2OYatqIDqASCMu7ltqfV8W7V3VDIlZxtAAyACzrrr0buoErGZALIRqat1cgTG0dx0DIcydkBzQkoJFAe66rglYDbcwjTCKbRwLgYy0rqfWGgQc7u4ISaSYB4lAQYtBBOiEHqYruEY4IrlD4oHAFN0hQJrMld10rN1sJPU917EarqmcR4FMqAdi4VokB6kYzhFzYbeBbrUwBwriLFCJWsT9Ap/dyS5Ga9UiswIEFHaFdwi7QuZwp9qD+sDrF+OjZ30l0Qg1R+Jw9PDUgPqGRaJt8OlBhBBWRYjIXBHPiXJBnpq8CHdrGHMplbkxNwF0kwAOjKGIwIimVhK6PRQJHSJrMosIQM1aBSACBIUScBQRmXGbVBbL68ADUJjNPeOUzrVA0vRgu7rCkCAokNi3aZSHec7RYZviOyJmnZAqsLRuBsDo2vtKiMC5eE5hV0JWcNPk58zDwyH6uo6uRarFZtGHHHButyQEOCOJiKkRIwGPYa6azyQzE/E8tbvDXR8qRQoXNc8korMOmZCAmIkgrYmwoUw2JTMxllp7H+nVdd/00nkIQARz3RFTaSUAIhDcdZgUZhYzD4TYjLsYASyMm98XCLaSWURcDSKYOeUZsVUMVIogQoQzIUQQ4ze//mvPb2567+fxTDqsU7aeSiZ2dzXdfgMQIQ9piHApDIBAQIRJpndIHTD7uUbJGc+5R9mq8CxcUlNkvkmkmElEMM0Tae62CEQ8l3YAkMP7nNSbWu6tsrZ3yCCKzS8SHkyY35BN3LN5HhCRDqfD0J4I/3xzIMI8kDPrwCmzgzdrA5RW8oEqtSCRW4x101KfzeAkLJDRFGl0ZsRAFiKkodqm+dVXX3vy9DEzYIrps9FLpzWSucO2/9qop+5WahUuGxUpZ8GEJCzE4b72/g9+8x8YwOl05CJqysIAmWkWOjS2BoMsO+KE7RBn2nHi25PbI0UCbAzzCCysYwQgAKXeydXNTEQASCMiItXw5s6YwWmYHQ9szvDILzxt3y6PgMSrO0AprVbpfWQeXuaHbWKwsDy8CElNwyBJnblmj9iWgen9iAAPl1Jz4FxadXBVK1XC3d0IkInMrJSptn1Eps4HYqQeEYnDbT3dMmOEA2CpU/r/+3JiLlzKS/VbipYjPBxYCrLks6Tr0XrfpjKmEN7mvbRZigzro5/OfCYfY2Wpbj7P+/3FZamNS6lTPS0nU0sjFEndKv7NKbNNTcIAwwNfYqzPE46MJQQAIA8NDJl2EKpqaR8OpN3FJZdq4QRoGtLavLvkQqEdTa2fCEmqDNVAvLz/YN5d6lDXcO1uQ8di1s21zfs27TIUKXRYH6nDzOUvbrxrwATPIZkF5QAAIABJREFUQSSBA+AX/iqp87379+4Ot6e7F6VKrW0EzvuZMX7y9g8+efzJN77x9375a9+4vr4+Hp6rqakt6+mdn/zk+2+9RTL/5re//cu//OZQW06HcGUEt8gW18wSbWFh5tZ7N9VUDdUcypqC66NX79Vp8sBTdyaaW4lwKjzvd5tfFjEiainnQ5+maQrmfndXpRIzApVakJCFSimmvVDZzTvrKwHM846JgGg373f7C0aumTEG8uDevXk3MXKrNM1TEXaLUkspMrV5v98heq2tTbVN87SbSxVEtD7cFDHC1TxqbaU27QtTlNryNlDViBjryVS5iKsKEwCs60lHZxZTJ8T1ePz08dO7o67qdbfbXV3Nl/eAG3G79/DBL33xc1/84mevLi9ubm//zZ/+2Vt/+7cQ/o1fffNLX/ylTz55KkKvf+bRtNsXxu//5N2PPnnqliwjw0APnFs5LeuyrPvdBJQbJBLhr735pWc3t8tYt/qYCAF6VxYmFt/IYgAQ/z9Tb/Zj2ZWd+a1p73PuEBE5cEwmxyJZxWINpKpaUquhRjcsQZJh2JDbQwsG/GTAD37zXydDQ6ttA35wC7JVJRWLQ3FO5pyREXHvPWfvNfhhnZvlN07JjHtzn7PX8H2/jwhoYQpEFrwAaBrg0RyIy7//L//tj9546d7db66uLj7/6jsuqw8//AmCf/7ZN7/66NPffPHtvYePp2n/4P6DW8/dONuUe/fuXbt2TXs77Pbu/uknH9/99s5YaLseANEMp7ntdgcz7Gq7aXdxtVMDNUhRTTN1BzMzj3wxAqG7s5SIIIRapasyS76xIAKBKJUYLBZuEXOfcj/dMpaGCZFzjm7mLBIYHp5IemIqInntRvhuPlzNByQoLFXypY0sUgYhTnM+lVqJOQiAUtrplfnsZHvj+vrazevX3vj++tX3Gg2fP7764ny6/+TyYj87IqjWUO8HKHxwn8z2rU1d1XIEA67W29xa61Nvptqzx2EHcDDItg0EsXgAkkdXm2cECKAQDmSDHFrHYWpz6+bmDm2azZRFurauR3tTgLYGamn0ciBVk2Sxu5mqqYmIqXprYJ3c8ppBBA/T1nvr0eY+tyXOkgiQpIxmbqZ5y7uZzh0hy79wIEAhwNDW26QRN55/6drZ6cPHTyJQl4BLQGSN0PBkzAPxYn5DKFJTeh3WGWEQ3hZZkQ8E1zbrgamAj4xnAi+P+FJtL40xCJtTD0BEBiiIm8qjYGtdw7oFMEXIrMi1GtBumppqKjjUXYTV3RwEkRjTaovPdNtEANAX+xaGhyUmDpyYBGKNcCIFAcyVhGezfevuUViGUjhvWAtmRobwtIOimndNQv+yJ6i1IGDT7mEaBoEeybmgRGEHYkSoWhzVLMkLyqo3B3kLLITTFY3HiX1Ct+GZqzVRP2kBzVY860ei4xox1WJL0RFIGOm0JISjDB6W6DFkkVqKZ9GSypMcLnMKybEUdotunrBBM+NCmNEQjL1pap+IwMylsKkHeJGabgGIjGuHZ+Nmg3j1lVuHaXY1wMTnGgQgoVRJqFE4LpZlAnaSVO17QKgTARJ5JBY66JgwkOPto/4mnWoeCOYO4EwiqbRRX67eSCkiLl0UAhJZ2O4wTW1ipDRAQEYagEOEp0vgaJZc9F0pgk5rQHZagO5OzMuPs4i9kFKHRb+VMeff5WT8aAHDhbGamnCPxaaQv2/uCBgQ0QJg0Y9Skn9i0b0sHNUMZEVEBMpsNgDIL+aovMxDk2UkMtOR0wXgAQgBKFJC02vUheviW0dM90kAqSYz1wGXQDTXTMEAxgW+lGV6jsMJ0cyBgIEt2uMnD0st4ahdmWWoNV/0SXZDRFOvIsJsmSa3fOlkXQMwIlPSEJHDnZFRsJtdXV0iQK3VuhHRcSN0/I6IkSjcLXRpUpEAg4jRFyVJCm2TVgcAfZpZJIm2eDRHcuEAUHemTDU4auiIcvCw6NEQFywXgZDkBtA9SBAATFMUl2MeCHMmTpgALcLPSBNvLJZiZC54DHhEBESGo/49wgjSm05q5q4kslqtRETnzhntZIFI47Aahg0sukZHyk+KYQZcD1dPw41IGFlI6jh6t95nZGapuMjx8zdfci5IBCkhb6TTwXTGoIjFIE0iwIiE3rW3lqUMBGifShlx0WWAtqnP87SfhBkdepsDkUvJVWCOSfIgLWcdIZV3kI1jZLGUDwAmqlX7zFLKsPFQMA8AKXXYnBDwfrfT2cbVuDk9pbrebDZ1HLXP3g6Hi/P9xaUIj+Oq1nXdnIzbLRa23MikYa/N7bB3c5Fhc3IqdSRhU+19RliGRenBjsj4U1xWsHFk60K4qQNtT64T8cXTR/NhP5QaTg401DIfLr787NeH/fzBz3/35Vdef/zofu8HtzCzttt/9vFHv/7Vr8b1yR/8q3/11tvvmsG033laUYndPDvNUiSHZYyh5gTITN5nDGOC51+4fnl1NU1zBK5KHQae28yBgV5ErCshiCy95SDMxJuT095mbRMSp6FKhIkJgeowmDYAkyLhjVlKkSxiN5vtOAxjLRheas18sdVqWG3GYRi41HEc032ccSHrzXq7PSWmyLSQ1UAkLCMizNPe1bJ777Mi5JpNiVLjI+lcSgMpIZiqae+9QYSIQMC0O+x3+0cPzh8+fuo01PWG65rLymjYnl17+dUX33jz1edfeG61Xv3qk8/+8i//+u7de6uxvvfOmz/7nR/37t9+e+f0bHvjxvVahlrKLz75/OPffDtPs0UqeggARXBcD/PU5nkeajXzwsPUuro/vbzsy3synSRZP5ZEcbs7A+JymPPVhZHqxwgHCy498N/9yR/+4Y/fenT/ztXVxVff3Pv6zpOf/fyDd9+9/ej8/P/+v/7h8cWTb7+5f3WYHt5/tLu6fO/d18H0/Py8DsPhsJ97t25ffP7Fo4cPt6OgOwOr+2Fuqt4deu+H1j0Ymc2BucytE0lTyxKhmwciCwFiV2tNmUiq5OitKwCgFPaAAOxd060bvtRRmCIGQkSynJ+k9Pzo8veIbi0vYHObtF31w6EfAlGk1iKlFhEutZZapErhnMaCFOHK43qQWpDK2dnpyWZz7Wzz1g/eeP3Df3Hz3Z+tzp67MPrk4eG84aRugcO4IvCCDn12AKMSUhPm0bOAcJjnjh7WLQnkjFKkmru5qmkQ1rIqdUh4GKj6PLsqcgEuNIw9uXfA5uGOGeHi5omlBsTeNa2drmra0dwXWN5R/xDg1vs8EUQRsd7denjn5UbK2hM8wnonBwAnhKMpxSw81QRhRgCu6r2jKWGEa6IzEBjCVaecZKn28/NzdBBic7XuAaFmgBGZbJNDO3B0T1MvIxYM8lgXPi31hODtm+Pt08pm5FbBX9jIS1XfusbPbQbTrkFzyEHdVIV5JWW7GgmoDJXLeJjbPHcL77MGwe7Qm7lholY4JZ26JCQut4CZI0CiMsJDTcPR0bMXzKI5jZFrkmsiW5EA3E/z1LUHeGBerEOpma0JAG6aV15rjZAWUytEgk1T7Zl+gJRjAyxWzCx8l4c4mRxIz6pCRiI5MooCmDjpjmah6sk7juPYNCCWtPrs8TLjCDhgkQYtw2hmc/estVJhT5i7C4QMFAs6RhKm59MRtWfUJhCzdkvxZ0SoKhORLImblpn3id9YxDV5ZtHMAT31CIzy8ou3doe99hZH8goea6Fw76qtz1KqWYf8wypLWFN+fzmsIUQi5mFzkkYgN83VYSxygKCF+OcL7JEIgeG32JD8YhwBgVGEkVF1gc3DUriHu6VePAKYeJomAvScjAIHBB0rrYXhBAsYCBdf85FQiAvE0I5TZ0KE/P/Hb02MKbDKH48BWUqWvGn1SG3Nca/kiLncWRy+LCXZR2HZFix6JIhY2OiEhKhLJg9IOX7UgGfzU3jWY+Ri7OhNFimQgDH3HKV4AAmaWhkEltF1rg+WhBcKNutmCgF8XBTkkqlIIRTV7mAQntqYiMhNxWK0CASkJG9C5Op2mKZ5s12tVquri6siJZPYkKh3JUJiYkbAJes3o4I9wJagTSKgi6uLPs8cNE0zQKj2JZ5sWfUsItvAMAdEZMmsA4sAZkRmAJRBaqmqufQDLqnziTyEeTUjoZsR03o1ZkBGjqwikg1mGMBZ5i/RHiLMoalz5UW4lRoAj/VqBbgE4OSrSqSkJJ2IkdMvBMgstMySAQDwuLRYun1mEXcPt+wfGLDNzU3Dk9a6NGN1GIdxk54zWFCtRABqU63rafckb2PzGFerMq7dTKc9Sy11yEo2d/XZ4AYELiw/QsQ277SnKGUpeIU5IIY6aGvWu+OyO2h9ruMKkVzNtFm3WkrvihgWmvl6ImV5c+cDleuRIwz0eH4XQ2F+vPxH2QlguHuvq3EYtwGgvWf2CzKZq3uvZRxWq4gQpnGzWm1PiEvvc5uv5suL1EgiodRxXG8321OpK4hoUwv3cNfWez+0NhPCsFqtTk4zcKfrnDy+QIzksgZYRoN5nl/0XNBFuFsd1icnZ723q8snhIAswDWICWF/ef7Zxx8Rywc//93N5trFxdPeJlUz1cPu8qNff/LLX31Uxs3Pf//33n//Rzysdvsr08aILKK+ZDJLyT9jDkDwHgkAYLx+dvLg4aPNahNuYMYY1rSUyoTMDObCGHC0oCAhwnp7/XC4sj4bBESMi7x/QIxaBMLCtRQxbQgxDqWW2nSWgrXw5mQ99bkUriJSiBDG1bjertcnp4IklTfbUwh3M3CXUkqthGxmGDaOY7ZUVUrb79rhgIjMGABtf+i9WzdmDgQ65raEWZ+buSY9Yj5MENFbPz9/eu/Bk9kIy7pszzQK1s367PTmC89/7+3XXnnl1sl2fXG5+w9/93/+w9//4+Xl/uxk8/MPfvTTH79Xh/rdnTsecf36dZEyDNXD//Hj33z25T21DEn2iLRCxsl2dZhm9xiHGhH73WEYao5gXE2EiSSniEQktQbwcRaUz2UqZZGQVFVNy1AU6Ozs9H/8r//oX7zzyvnjO4fd5eeff3v3weXU4ofvfQ8QP/rnTz7++POHjx/96ldfesRuf9Xn+c3bL1xePr28vCoi09yQxUy/+vzLxw8fDUyVUd2ZRS3M3QLcQxUIi3l084DcrJBq5OAj8iVIoaYB7ArqERjMTCKQeJNwdwWinP2n/DP74XxOmTkgzNxSvsts7tqNskJiBqCp96nPzTrSguQWKqUyM0mhJJ2PYx3HoVQuIsM4lMKr1TAOw3q1uvXyc7du3bj9xu03f/Z7L/zgZ7w+fTTrZ4/b5w93V03VbVZFgPmwN8+5phjVkKoRTT09xb2ZaZdlzBYQSCwZVphfiwgLCQZNc9Om0Vo/7AkRS1FGR5qaGYCZEzMvMPjwhFAjWq5hg8zUzDkcw1LZEhil1BwvhrUwgwRJtIYRguCuqcm0CEdBoDAvjMyZbRpuhijNjEtR1TAXlvAOquCJWjAMiGWLOYd2VxUWnbq2zghNm/ZOiITR+rxoMCEIgwEIAsHRYRDmsAGjYGwHGpBK29/exKunxQ672tvNqq9s4aUtF9BhtXpyOT8++BT0dO4WwLgo4+e5AYs57A7TrIpMwMQsc7PuQZwzQGSm1AQzJm/bU2eBgL035CU32hcgRmoggokpCACE4EzqitEWHiV4eGtmnrZLMg2IqESFsKuDg4MjkbktFi/wo2pgUXtkyUeBuKSChodly4ARBGnJ80DPzwCLRtbzloQIYsoSIqv3XHZbynKQPBbUeCAGgYMfjxCYBSDEET/NSADIJOHpLEIMF2IIXOgguQcg0t6ECZDcrXdjRmEWKWYOhLXKYZrRIb2UTNlaZhcRKa6OyDKGIwwAPfww7bu2kirrnA8TZlQ8EZkqEYaFuSMi8sIMDc+qJo3BOYFFBiputlpvbr3y6vnjR8AckU0OpdqehNScmVg4uTSLkokCMAiRma27qeb0jpkCIIUoOebM2XuuDo5V8rOfIyAAGIEwPIAylRkxgBcHZKrhfxv7Vutwdna62+0gnn3LyIiZsuSQAEkggtSFM5N7hAUnqzFNkLjM8mFhCi0JKsdxUCodMD0/i7opaaRLOxJSRIhdg6Uwi2sAATOZOzhQRgEAL9YPBCoSy3sJuNbT09NpOiSpw9SEi0FgLAkQOaXz8FLKK6+8fnW4WlQuC0E0NyNobrH4YrIhXjwOhOjmQADhhARIYJE66a56dnZ2stk+efwEhXMfbm5Jz1x6RAjkxS2HwLGwYzgzwogYMuoIoJv+4N33D4dJtR3XbXnIst+TwpWILMzAFv/F8odKhNi7QaRtF0yXHda169fVoLWGAQAohL11MxvHUUTMFZcsM0QiCGdCRMyUvtk6gDHLsg1MCb3HMI699cNhWoQ1SMNqnOcpD4maRg5vcl+z3Do5/V4qy2V1A8cyOEcdTISs5lwYMmcaHJOVVIehbhYtXCSAKhA5XAOwlFHnHQEA8mp7QlLmaQ7rpY5Uan7wZ5WKmkUAsTARMyJwn3Zmms8DhoODsCAis2iftTfOV71bb3OpIxIzIpMEuIWDOzH33t2UEJEEfitghOWLSHT0IvVZnlN81mw9+wHzw4WFOdexjCMRWp/dEv0u47gKiDbPh/0+zACiqxGXk7NrxLW1w7y/nHaX0/7KzVer7frktK5WdVzLuDI108zxjNBu2vs892kmkfV2uz09BZI+t9C2zF2Oq6jsRbUbMhCiuUOEuWpYHdbDajMdrqbD3syEhEhSA3f++P7XX365vXbjw9/53bLaPH167q4WFh67i8vPPv7417/6p2b23o9+8uMPPrh2/bkIO+x3XZu7JZetqxGLmzHCOJQIPz1dV5He+lBkv7uyrm49zEthJFdzQvCIaZ6lcI6rLWy1PtlfPTVXiCDhWkot5ezsDBBqkSocALVwYUTi9TjkwzvUYbUah3FYDavKIoXHOq7S3CmyXm82q5FZyjiuN2tBMlO3RlRqrSzETOpeapGkhkqx+TAfdovmClGbzvNB59nVdW7gRhhz6xYLraG1eZ7mi6vd/XuPn+76oeHm9Hpdn3QoZX1649YLr7326quvv3L92jVA+n9/8cu/+eu/ffTokaoTxJ/+8b/+8MMPw/pvPv3y6cXltbOT7clJ7y5VWmv/z68+++buw1yHmmbp5hggjNM096YBsF6NKcmVwtevnRxa8yV6G929h6ePP4Pk/UgzXpae7tZmqdIj3nz1lf/lL/6L107L/uoxgX575+433z7sQKv1yfZk89FHn3368W/ufHfv4ZOLJ4+vygBt2iPYay8///T8aZ/7ONbdNDGzFLn77TcPHzwi8PVmIIQyDAE8t3nWBg4O1Ho389bU3ZmpqwoLS5m7uQUxdlOzKFXUPSyptyhCpu4OmDOjxZ8mRJiTQ4tQDwvLGAD3YKFlIvXbqiKIRHLfmIMNliIizHUUYSmFi0gtPBQmJiaqjMNQ6lgAsErZroeb109ef+3Wux98+MYHf7B9+R0ct09bfPLo8NX5/HB/mHs3897a3GYEoLoKZEOaNTpgEDmQAaiF9aAIM8vAI0cALgah5gFByLXUANSI1mYGZ+0QxkWgDOo+J6AeyTEATHvLOXNSByArVLWuHQHAPLR7a9p6UuCJ2LuZWZiCm7uBhyfQ0fJ96R6h5iKlCCNEFTTviBAeh6mNmw2N6yDO/QmT9HnWPrul0gQRGTMcY54Q1Lvlw64WDtC19a4EiAjulkl2z5atFMAEq1LXhQeGEX2DuAbbQrt9IrdP8NoYI9rzG35uwycrXA3DfpqvJp2UXdaXPZomW8PyusjIrVm9BwAxLjXpAEg9wsLNIyUq89xS95mXGJGglADLxaQHlKFGhDmoaQ9LLpAgqSmBj0SbwkkWQQALNCQD17AsFhkRPZjRwSfTYFT3nsCvpEtGEAUGpgZkuYAhV1jgiQd8tr/DDL6wgOTSeQ7fUueRhRMXWq/WvrTclArSOI4EIpwCGQmQLDzTpJa7LlHvKS3O8vDZ7RvujHVcuykzWwQgqJtI6a7r9am5MlOuEmodMnRiGCogdFVwwCxhEVSdFndPKlQijshKAGxzi+Ty905AsKQBREBwGuHMRQpgWGbgZsUVRKlrCgwL4OVWR0SAYMQs0Xya92YaKb1LqoY7BrAwpxsJwpoe544BvCgM87AiMniQPKPcY3YYKU4i+v/VVARlgRYfc6cBM24oo/KYlx0KJDSUF71QbtxUdTftIJBw0f3nYQVMT0aKFmiRL2TkwrOlREDqsLkIOFpXJs7ZthR+Jgtbhv1EEJAHm5gBIcmVi5MqtxuZABehprhQ/ZFYFtUELjsmz6h6jaEWItZmrR3CI6faOmlOKWNpF/LlkFkQ0bv1eZ8rCGHOhgg8wN3R8rNlB+Ae+aiZuZT0a5FwjePUG8AReX/YXVxejuMKAQws8dKRya8BBo7AAaFNAXkstbcOYDnXX1ThHszETI5ey3B5dWGuuCQp5EwdRQSRU5vvehQXAS5kL9U8ykiEiyY3yNHdVdW1CzMCMksEmCovkZakTQEyaJWzDg0ARjbXYPzhez++POy0d+QEVUEOH5BQSnEzZmbhwnx12N+6/dphniKcuHoOvnFp3ZmoUFkK33TjLu5xxEglF0qyjwK768sv3XKINk0khTCxocO4PglVBLfIeK08Otjb1bg+Yx6697raDOsTc9BpH+EkRRZYOzw7sgiASFxKNttI3Oe9qQJk8GE3U2QkESJqbfZuuOiDQ61LGYgpsxgjAn1ZppmZa8snPbVPtBgq8gx6bsVhaQRS3JYbwWVPt7ykMl/SupsyiwyjiISHtsnMSWoZx0Cb5711KyKpS5FShtV23GxNVftEgPP+cNhfuNkwjMNmK2W1Pjmpq1V4aO8QYaZwNH5N89x6q8OwOT0d15uwaG1yV8yVBSwrxABMKMci9cszBLQaT1hKn/fzvAd3JGFmEjbtDx/c++rrr67feP6nv/MzpDrtr0wbWAT4frf/+osvf/mLXzw6P3/p5Vd/9JMPb7/+Fpfa+qy9IfoxRNMA3FwB4uz6tcNh3l3tieVqdwCArq3NPfUViDxPc2T6CCAihJq71nEV2jglgmFuKszjerMaxwAVocR5rsZVMiLPtqfDuA6HoUqp4+npSYroIrzUwkUAQh0GgXCEgNUwrDZb4Rphbj0nMyJSSznsJgh3C2FmZu1zaztEyNwTddN50tbbNE/7vZkG0TAM2tW7TYd2frF7dH51NcNqc+3k+nPORVHOXnjh1bdef+3128/duL5arb/6+pu//N/+6h9/8UtiUrUi9Kd/8kfvv/8+on7+my+/+vqbWutLL92QOpZamejJ+cU//vrzO/ceq5k5zHPzMEboqoJg7uZ42O3TCtVa066APncztUUSlm1raqkD0mpJSI45VwsGJ4Sm9tP3v/8//fl/VtvV3W++HCpdnj/97s6ji6uDBl2/fu3e3Xv3v7s7TbuvvvnuMHdtc4TqYSoMt1547vLyQhBLLdOshERE9797cP/+/VqkVq61EFFXm+auFsTSuk9Tc1+eIGJkKd0sO0kLIBF3IOLUOQARAiMAEdsz5QMEoSTAYMkZVLMFhI6wIJsJFtpJTteJgGoppdQAZyFhzhTqIjyuyiiVSYZaauFVLbXWQgTgVXg1Dutx2I7jrZeuv/3W7fd/9rMf/eG/eentH8n25t7g3l6/eKr3rvSy6+yw38/z1FrvzELIUEpXdWQH8aVOwta1N0ULsMQZG9cBmNXdgxLbIVyQq0OouvYO8yH0gAgh0gN7oAWyVAd0cOuzd0VAUyChlDzlUDAlI31u3rrNDTxw6QDQzds8hWlkjK87Aripe7gHETOzCCennwA8oDXr3cb1yiCG9eow9/1un85fa63Ph95bjhrBI9XhFB7aUN1dMYAZKfmE7hFG4YJUuBCxuuX8EQAG4dPVODKe1HqT9PbIN0lfWfOtlb/13PDyjY12c9WxFpHx0Hw/G2BFGbvRRYPJ2FAAKZbFEAfR3PqiKWE2CHVo6iy1Q2QCceKzulqunVXdAoPJ3dJCbm4eYWq9azYrvigpgoB4mda6WVhXU6tcAXHqXTMNloCJ1qUyYe926O2gXT0MwsKd0QKWeADH7iGl1Fp6bwSCACkLSgQIAAgjAnpmBUAggQNC1ozLpD+LdXBz7WpqxOQRZh5Hi2lW20xchzEA/egjxgBhzq34UV9+VMMDIBAhuMOf//l/+5svv2jzXIYxM7XyA33wkw+enF+0ac8sGcnqZujh4aGByVxKkXMKjZZdOyw7oJQtPTPZxkIqZ+Fsokop69WqNwXwoRYPz5E3ABBn+hASLYC8VKbg8XGICCYZswTU1oiWKPjImCdM+ZElmcnVknyylF6RpRvkVBtpmXSbRYpSQiFXkMduAyNdp4ubZhFWEC6mQlrSnZZinonNPUk4sVgWFq3eYn5GYMa0bEIEIhh4BAhyzjp8cd84IiGSm0YsZi9t3S0AkQsjoDWr48DC5sZM7pBsKUi7A1Es8QSQ45JlsguYcqbUbATYEiBAAJ7NDCYBEiKQApFIGJHMDBBy0JZKYhYOjHBnEUAU5lTBEWOfZ+Ga2g9XX6bPyyHJuU6uR1DV6ShxcQv3YGILh7D8flPkVkSAyC3MkqWSq4LcqgNDupwdEIVwvV6ZGxPn3j0H/Ev+M5MQXeyeQvhQVh6BmbmDAJmpoAktTQt8ljhBjBEhpSR6FRKRFcvOq9S6LH5gQaATcyR00l2kuCczcUCgJKYvcDLibgos+/2FECOyLZYLqLUiYBlKxJGojAgA33v7XXPfXV1IPjZHP0COth3AUiC67FUAwgFDuOSRi3BgJCIRvtpfzvOU0ZsBEAhDHcfxxN08ff/LyQXiMaK3+XLcXF9vrg/rNSJZm3ubEEnqSCLHPpmOS6lgJhI5GiqgTXuz5rBo7CCiDgMSEWPvcwqlFj1PqEiN8HBr2rpa1vLC0lWtN2JBlghfHl94tlcLOMr1mcWFAAAgAElEQVQQc3+ICOCBxzEMQIaNLcgzRHLr6I4iVAaRARHbYZqmK2apwxoLgUOb5t5sXBVwn6a51iHALp4+IqpcBwLXeb+/fBoew2q93l6TcbXabMf1Bog80FTTgUcEhGFN+zyHx7heb0+2LGJu2iYAywXnInb2PH4Q6R8KDzckrMMqILQd+jxFAJAACRODzffvfvPg3t2XX7n93vs/HVcnu8NOvaspILW5Pbhz75OP/vmrr78qw/qHP/7gB+/95NpzLyJS75P3mdABoc8diaXWq8vd5eVlLRWAhlp7m6wbhDNALdLm2Vqn9HoiMFGgMxfXFmEIOAzjcvYgxpWMwkIUqu6+GoYihZmHoY51JIIiZRjXm/W61srCZupqCMRFCJHDx9XoYd47C0upRYYA319dtGkKT0w4a+tz21mbkQkApt1Vn/faNTEpEWrWWmtJR/MARO+9P3l69eDx7tHTqYynZzef31w/i3FcX3/+ze+/++pbbz73/M3Varx77/5f/c3f/sf/+H9M08EV2rT/3ltv/Ls//69efuVW1/7Jrz/99NPfEMmtl5+/fvNakWG9Wmlv3959+OmX333x9b25qbk3M3fPW7CWuptmN2fB1nuVauaRBrZI4W/qYQIhktgUbkkDQkyVmg1FAPlqmv/kj/71f//Hv2dP7z69f+fq4iLMHj16+uj88nI3Ua3b09VvPv1CyC8uz7/95qGam87eW2j38OefOzvsdkTkgIdZkVlkuHh6+fD+g8RrIkEttfU+zd2DHGFq3SO4lrl3RPJMCgdU82SM51+klBEAhCWZJojIgkBp1wFExgB3MHBMOzxyUACRmmeg3pJMFZCOLyZiKqUwLvJVJMRSeCg0FBmKMNEoUoWFoDBVYQS+drK9frZ98YXr77z75g8/+On7//Jf33rvw+Ha8yHrRwf98mn76tK/u5gvWp/dm8bFxZW2Hh5jrRihqsSsgbOHA5n7rGYWFEfOTW5ZkYF40XkRSWGkAsTmcdjtYprisBdCJ1EcoIxUSyBZRCk11LS1lOU068ySSuuwRfOmbYbWvFuEF2EU+unbt4fKjy8vtXfXTolHiQUhH5YIZsRMGzfzlsklvZuXwifXT4ZhmKZ5nrqIMKP2fmxCmIiAYGHfIVjr4IZhBMHEAaqtZ+Iyubs3syYkRDz31rRX5MrE3tfC1PQV6b9/e3zzBo8xX1/hzW0pSM1gN9vU+XLvl1PMHZs6gswNzg9xqdRRAiXLCfUwp+4eCBrRfcErzV33h7kU7qpz78KU6RAOntoSQk7JTcrwkFCPIhAkIKbuhstAmpgSgJ5FJ6fehpDNoGsjxMoly53IZEnCSXuuei2W8NpcQ5e6cEXLMAxDmafJwlNgDItkNVOqgtK65kFEkdKghQmTRRK6ew6ac9GNqRYB8MVZuky+s2NUs8UH7M4kz6YIS+WPixEaAF1dWBDjky8+mQ47RJxnS92BcJFa7979bp53Qx1UlYhVlViOD6/XIo5BRMJimhVLIEK4QSCTIARhhAULD6WAQSoBgMjdsizP/ANEONmeHuZJ1YUJgYgXqQ8z5mw9z2GOO9P0zECVIDADkyIt64se4PihIZa1By6imYzF1fC0VkBSMhe1dCoT1+u1Q7hpztHRk0DEJKi2oEqXsmjBngMEpmgp0Eup5kqc+c+LHQSWCb7hEVay8NoX10dO+5GFhYiAljkIEROZ6fPPvzSu1rvdUyIOhON/TKUUQCxSwr1rAwhJKm8suiVY8lWzIs1IeVyfbFprzMKS+wZc0EyOzKQ9FT2BhEyS9bd1IyQ3s4jk1me1mV1PyrlY2JcMDCemJdQuQ7VoqU4hwF2JKdejgORmzIQiXAsXyqCqhBmZaXJ48hcigmNAUFbhpkHCCV585dYru8N+nts4jqkAE+GuPTxK4d76sZUOYkgTZG+a2FMkcvCjBppqKbnfgEBkIsFITRdxWuOJM8c7wxgCk8AtonY0b2Yaw1FWBAHJGHYEIBqkImK3nmzQrJgF5en5kzymapaOHwzkyrEkraF5mDoFscjXX38x7S/HYeXuYZFKB8Jj6jNYKm5T05/HLBAKCRJ6GAvn4Xz2aEGQh+eceRhXtW7MNGMGs0/GIEQUHptdad8Tsam3ebI2uSqLlHFc4B6I+OxejAAMYiEsyOQQ82Fvaouf3BUAkk6LmMIeQ6JlpakqZcwTmwsx95Q/ciZ54lHktuh78hHLJw5SNJAvUqQjaoCeIc/g6FDIawDJtbs7MnOpw7gqMrh1nfd9nsqwGVfbAFNXV3OzaWpz13a4tDaXugkgQCIqgNEOl/uLxzrtV+Nqe3qtrDZl2GxOTmodAdAj2jxbb2aa7aKpdnUudb3dbjYniNKsu7U0IAGEZYLGknqUhRYChLAISwCaNe25QCBkKqX0+XD/zjf3H9zbnl1/5/vvb09vmlmbd9bVTFXt0cMHn/76408+/uTRk/PttWtv/+D91958u4wn5tHaQfuE4Dn1a117bwaeSaK99a4WEXO3TGSMgK4Wsey5icXNTRUJSxmJJLFiwjiMdT2OLDIdZnMtIoCkgZvtyTiOVGpvXmsplVfjehxG9+itoWM4MARg1GEETAozSBmQx7B+dfm0t46Rr4tkofTee5b42tp82Gu3rh0QiClDGAD5MPfLq8PDx1fnO+Px7MYLL51cuwZVynpz69U3Xn39rbNr11jq3e/u/s3f/PVf/dXfPnj4RKT0NgvCH//Rv/mzP/uzzcn24vLq1x9/8vjJo6HKUOut2y8MZRzGkYjv3H/44PGTB48vvvruUVfbHWYAtPA0KhDi1W6PYSLFugEhMbfWMR/aZZaGhIlSSXNZIDMQB1JrEyJSKZuT7f/w3/znf/jTdy7vf1VhenTv3uXTSyn14aOn+7k9udiXsV5cXn337QP39ujxxfnTHRDZ3No8AUC4PXfzWm+diNR9t5+FCzFfXe4efPcdgjOBIHZTV8/K3cPTSUbhiRG0iLkpSQnP9x+YL5AfKVwK56Sn1qK6vFIKFyaEACIKMI9ARKEgxExLqiy5lRWSrK+RGPLejHBNHJ4joAhVkaGWoSxRsmOV0+1qsxq343B2sn3x+evvfO/V77/39rs//en7v/cHL771o1ZO9ljPZ/9uZ3cu+7nRxaz7pkE0a8yq82GigEK0GgYEmKep9z61ngh0YD66cNPCsJASdMEyIzOV1VBqRaS5tXlq8+UV9YNwEGAL8jpEYQNwi1w799a09dRhB0StBSHMbVyPvR/AncG1NzPFMISotbx2+8XHu8OTp1duBqZCBBCqPa+acGfCKiwsoWbupjoMNUdhyVPaH1TV0/Dm5mHW2+RmWa+Em7ojF0AO69ZaEl2CUbtF/iLV9P4hIueuI4y5VClDZQkfIq5h/PwFefMGr1a1DnW9Gqa5X0744Hx6egjn7dWM57s5eKjDygIfXcz7GDrVy8PhME8IWOtoyPvWAdkoZlXzsIDcOAGCFO5NKfUX7rlb0zCzAELgBQOaF0vPWya34Ee5wiKWCYdMy8rhLZgwVq4QbmBFeCMrXrDvMTAThIVykQhQt1lDl6hT5EJmHkHTtJ/nfa3lqMCNrNRTU+7uQMgZD8wBCOYGeByCRVLtQESYJVf0AZZGuzSRIaCZ4oI6zSstEIBQWBgQel9efVmzBh5NgwQJM+2tgYNqHH8hIOJYB1NlXGQ3GTK8UGIgiKiW4ovhNByChSMi6Y7mkNb9ZBcDhnVTswTYqLm60xJajAHhFk2bhyehc0kfAMBMcVqudUjPcVplkYCpjMtO47cK7SCmACQgAGdKwTceB7EmIsDoDkU4BRG4zEhpWWcTrcZ1uKXnAAhrLQScH9jMntlViRgicYjL7gMimOXD9z/49u43EcAZdYhEzJmCGO7LCDI1CmZMlB1CfvJsXMwslTFERICuJrW23lqfs/UQWsRh2pWJPGJu/c233pYy7C+fArEvk0NcvptjOZZKl5PtdrfbLUzNpPp4SBF1a60N4+jhqcLMf8uFpRyzVggzyioiylgA0FOOjNx6ZwQWTtR5aryOZCMgRtcoRRwAAwkQmTKiS6rE8aXj5oSQGVV43PoAEC2wXgSEcB9qHceaD4+6TW0KdySuZYBwDHS35P2VWvgYtkeIIpIQT4isBsDcu/YcPxEiEXY1NRURQDTXCMx0lVxQh3vrHTNAeykxIRw8MfyL+3XZKh1/7GVlgYDqGvlfSj4qSx5AKSVDFHLokiby3CSmUDgsRCgiTH2sVaiqpS+2L819VgoAntsApABzdzmuvSLT0AGYkyiycMLyCHmWGBClDuOwdusOC8w4hxOMFADEJcJ03vU26Twn33tYr5EEPTtdXNwcAIsdFxOcS+HQ2yF0icSz9LkuRN6i8+TmmbsXpgkkNTMIy6smzfUR0U3DlLmiiHskJSn1fRkKBsdNzHHltGDQjsOTZ7tKSESCByCAao/eRYpwCaI6rCGit0Ofdm4+rrbIBKCqylwA2OYDmAYy5oojDS5cCEn7tLt40uZDLePptRtSR5Ja1+txtamrwRzMdJ6mNs2q6q7WrbdmblLryenpuNkAYIT1PoH3cE15dFr0c/Pm5lgIiJd8lGyfIh9PZmLr0/mj+48ePBhX63d+8P7t19+iOuz3V/Ph4Kra29XV1d2vvv7y89/cv3dH1Z9/8dab777/xtvfPzm77t3Du/aZCfbT3C3MtbVu6q11Ep7mnq6FoQ5ZlzCC9k6EjDBPU7gRwThURihCQxFBLFWGYSy19nluqsRUuKgaImy3W2JZDI5Im82GKMMkeu6mzAwAq1Qm1nly7cIFAyFM+xxmEdBNiUh7XxhWjgA8Hfbz1OIov23Ndvv58eOrx0/nyXhzcvPGCy+sz65JHYeT0+dfevnVN9++fvN5N/38i8//w9/973/7t3/3zTd3c+xkevjZT9/793/x3735vXeY6d79+//wD3//5PGT0+12nnW93jx388a4WpdSprl99Nk3xHI4tI8+/bJ7zH0mxnBD9FqKW7TeI0V2yOYmLABH7htm3guYLwDibKIAyQLUvBSe5vbO917/X//nv3j9+ZMvP/mo6A5N73z5NTKXYXzy5OLqoJeHGZm/+PzrpxcXSL673B12MwHYPEcYRjDiS8/dbPPkHtnLDXUYV+N+mu/d+bp1rYJ1qKaeKB1zRyIAMYOuCogoqB7EoupIC/eDiZkpM46EKWM+idndmJiAUsvk4ITH0BvCcFyaHhFCMo9aKqVIAtHMECKT6Xufk9BdGIcqDDQIDbWuatmsVs9d3z537eTVl56//eoL77z9xns//fEPf/77r/7ow9Pb34v1zSuody7bnZ19d6lfP2mPdm0y6OoGjiLT/qCzCVIBXFdp09TarN3DPN8V4R7qvbVQowhaKkUyQIdIwnUs4kecWzvs93aYaNqTzQxmgB2LrDYOZGbmOg7Fzedp790QOSFgEL4/TLXKZn2yu7qIWbWrtR6mCeu0iHvnV0+fXoZaNMOUsbhHOHkuD50gAEjVX7s+/Oytmycj33861dWg2gNQM1IWAIg0LNRDNVTDFJKq7soIwgUh0NTbHGbMmNvUcANTWhLNgyDQofdZXQvJIAXDo/c1y60BfvjieHbt5P7D3dXVLHW1n/3+edspX0y+73wwuupw6LJvsVO46HHRfTdbSyUTIIIcWpv6rAC6pHVHRJiqmpU6dPXVOJBQ711Vg0g9HNHTeQ8LGztnPhHgS4JWWBKjc+SHKJiRqcZIKQqw9DSTOVhBHkQgzK1zRGUaqzByAQz1HDR7RCmSPFZTA8bwKMSWgaZZGGHqUGPZiy/4oPTAGCLjcYh91EhDjgrNTF2Dl8zRhJkiclb/OTjIkRkChDlguOlx1AWAuFSgBAiYHQERhmMaeRPVoaaxkJFyuOMIAQ6qVusCfcEANc1tCUTgkneGXRWXVK8ASFND1gJLk5Vib/AlcTXMcoScLmcgMLWlBghEAgJ0c8R8P2SFsYzLhUksHZwQhBgMmN4KDyAKRydkxK5KmUqJ6J4ZaceJVQAQ9LRLL7IZurh6GuYisnTnIwe4zh0pwJ5ZKnPCCsk6Tc0OE7nbf/rFf0JCIkxfhYO55U+/oFBSi2BuUrhKUXftPXu+JS4Rg6mYurs6AItcXpxHGLNAxPIORsypCSAI0ezWTaWIA1RCQlFzdcsWqFTpTd0X/OHjJ0/KMDBQb91j4WR17Teff+nWrVd++Yt/IJZcnhABEW7Wm8N+OuwPw1DdI2t3RDDLXgxyHP6DH/7kwf3vnjy8y6Ugp+jQccFgAiFhkdYaCxg4BhaiqbVSWHtPryMRllRe4SJbSgWbLzwrzio2AuZ5qmNV7eGAjG2ac5fR2uRqSOwA2VQfpjlBTixkFllVmVophYgAwjwK1UgoEGGbbX1yutlu7937RqjkoxeReGAJCA8nYfAAQGTAxXwP2Wq6L/UvIlhG2KYvgwgRLALDLZYUP8xHKwAlzWpoC7MpFjcFOBJGprAwBXhgIKNDhHciAsJSi6knB73N5qGJQ8lXCmZLBuTWjzNaJhaGQA2iJbkL3TJLGW3ZWSERJjsZM4soAIyQAnAYTqHGNF1iGItwKSSCATnRy+S1lK1kF5jPooAkoTSWVxshkntA/oKcPDxTh8XSmJdawxUCZSyAy3YIYM4RVWRKeQCk4jLfrEBLgDEkQsEz8RvyMX1mUUZfokcAAMM8AFF7uzp/7Cc2rjbNta62tY6H3dPDxcPW9puTG/XkpBRmFO12cbhEQxH6ragyXWdIWf3Mh8N0+EIe1u2157anN4OuT4fd2A7bsxvtcLW72h2urkybta4yc2Eptbc2H4RLXa222+2p9dbafDjs+jw5YFjajrDUgkHdgouUOjgX16k3622WIkEAVFgqE/R5+u6LT+988/nNF1988aVX33rn7ccPHn71m0+fPLjT54MCtHbYXT759Fe/3p6dvHzr9mtvvvHiS6988C/f6O2wu3zy+MF3D+/fv7o8tzar9TBApLmr9t5Nx3EYvOcJcfAg1NaKFCTuOkNrtZTEm0GAml4+vViNq9VmU8uNw+Ggqr0fTAlx1VqrhQhIRKbDgQi3pxugaLvW+1zLRtX2+4P1vllvImK3e1L2V7UMTAzuV5fnchjquNIiBN7bDBERaBaAVSpA+DR3U9s3OzQrdXXt5rVhGMZxTaWutidn12+cnF6LiIfn55/+/d//0z/987ff3kWS9WbLLBr99Vde/tM/+rfff/f7tcjuMP3yl794cP9uHYbrZydIfOPGjdtv3jo9O0VgRPno448vrq5u3rz+3I3T529sP7/zuAibquRM5tiKH1WUZfHfF8b/j6g3+5XkTNP73u2LiMw8a+1FFotkN9lssps9m9oY27DlTRhpBEP2pW/9nxkGdCPYgADDI1gwRrYhGZjR9Ag93VJ7mt1Nssjaq86WmRHxfe/iizeSQ4DggnNOncyMiO9dnuf3BDRVVydzZM79HTOnMhYCzWy92lSz//Q/+dH/+E/+6xLzk6+/mi5fHh2vp/1ut9ue3L67RCOaAjgw7cfJLPb7uh+ru9daVZsUzKZqri09eW1uc23zPM/zXkS461qbm/nctDBGABVmRwfQdPenOR/QPaHJkfwPFoZMJHQ1DwEKB0ew1oQEluB5CAwSMnNhcpY81Be9qIOBl1y3Uqi5u6VRrsYM4UQU4Z0QEw29EOJmNaxXw7ord2+dPnh4+/b5+bvvP16f35Pj80arKKsLlN0UO20XY1yMocyzxc2+TlMbOkUO9eYx7neTWqy7EmZKMU9zrRWQhBEQtbVwCtUAz5lsmFsAMihAcEcETsnQpjrXqTXQCuMO22jWZOiaA3TFiTVANZjZDOZ5bskSDYtwZnYNa7Uivh1f6FgF0LSaG0EQYFg4+PZqKwStGUAIsltDiFCbPYiQkW3hndsPHt3+/ffPL8b21atfvdlls2cQjAyMoslaskYOnAOkTHDPCaguqwFcNMnsEdo0MSrgnghIZPKwCBMitzaHoTdWV4T1gPub6a1004Q3O5cVjjMwD8RFtd00nJpWC2L02iwqIE/a1COQNLy1Vg2mWg0oS7wAaqr5zAWkqtrUWxJLA6TIwYzrQKTNhdBNPQ8GCylSzWBJRKVcq2J2+O4WThEZrScyjNqsjmuKHqUFQDSAYBZA0IhxP81qQdz3BSL2bZfOVyRyV+JsHg5lKQATJ4M1p8u55sWc8qfVKzDChJCILfXPEOHR3CkIEETEQJMMBURhGGYKvlmfjNM2QgFIikCg+pzZqYgOgMiMDtnCI8RCfKSl1GeR5XEEUZgBSBgrJPWfUt6zUHoAAFHDl65kadm/EzaBexD7Yo0Eh3DJQh7CIVyj6wQEPQyXcF4AQveD2B4Mc47pQUS+zPTzsRmmBik1QmDuV7Q4GyGcmCmp+5lLFelxyJEks1ZDCEQKT4dBICMhpnAnmQMRwYsrlbPkSj6Rq+LyIoOQSTi1HW4OuSXMoTuECC/bUfOIIBFC9oOUIrtMWPZrnurwcMMkPiMARJEu9/4izCKuFsueFMLcM6mUcBFnYy68rOuGq8s3u+1Vzz3Rd9JnxMiGB0wNAYgx1YrpNEc8xEQJQcDZ7duf//izX/3qlxxLSJsIm8W4n2udhcRhGZ8iIXhOcHPDRh5erdZp76qEnNP0cCBCYTl0XWFmw2Z9dna+3+9LESTKThFxCcr2sFQ4ZTMGS/hj5JvgEe6WDWXCrYgyZID9kJuTLyrnwAFpaRAzLVICwN2SBZT1qZkzSZpHUqwCCHOrSOLWGOiARcUUUDlYIGR8cIKg3J0YmTllS8vkJ784LLdgjsv4H+IACHCI7145Lcufqi3CUgWWH+0ywWbpu2KuhcR98XDka6z7mscSIkopEc55LScrPMV0ucoJAABehgQQmnYWCDeNgMBskSFgGIa+P8JYDoJcu2T5AYHJ2CUS1ZmZ+36DQonxTQlj/srLRAOzMxISJuIIa/MUaukP8ogwJRQRFpG2bACEiLVVgBDpEYGQwsEjXK21OtfJrCIAk6Q5GFIDvjhdAA8oiu/utYMED5ZMBlwKdjpU7NkGICASh2mbJ4/o+i53jaVbEZLWcdpdmWrpVgC8v7mc5y1Jn/vfFIkdZjbZES5PkgCfdje760tzPz46OTo+ln6N3JfVZthsumEVgK1pnes8z9aa1ebaaq1aZwcg4tVmPazWXVklfiPcpnlyt4AAjRyViHRSOiaJAGE2C2tmARGYSrlpt714+eLV8+elHz7+9LOPP/0Rcb/b7+o8TuO+TeP25ubt6zdf//Y333z529fPn7Z5Pj2//c677z364Hv3Hj66dfte32+SCNxyF+CaOvWMxqvNuiKqDoRSiqpmykoARaBm9pzDNM/uIX3XlSEgO4eYpqmpAlrVxlwQyVybedcXKWWcJzPt+3VrbRr30zwCMEsBj/1+22qTIm6+3W61aW0NAFRjP077/ajWWtPabDu1m7FqWa/Obt26d//o/PbR+a2zu/dv339w/9Gj0/Pz3X769//hP/z5v/p//vzP/+9f/uJXFxc32gyRC8E7D+/9wz/5L//0T//Ruw8furbf/PqLv/iLv3pz8fbo6MTMmur9e3c/+/zTk81x8gi++M2XP/v5r7hfa7OzzerWrbOvv3kZ5nWubgGA6GC2pJXnpSjShYMQFiY1SzcPMiW6NA0tquYA0pVA/Md/8vf/h3/4H9+8fvrq6ZfPv36yv7i+fb6+ePP6zZvr1WZDXC6vx/3cttMMiM9evGpNzaxWnebW1AEMcmJsfnZ2ahl5HqhuzFl+yM311e7mGjwYgomLFAjwAGva1DqhgNBqzZxYzFSIc65MyMykYRHghAsZBIGAgdA8W/NIIjsRAlFJVDQgHXCgqSwC8Bz8c5oBI5hQmApjEVr1pWPqWI5Ww93z0wd3bz169+6H3/vge5/9+MOf/NHDjz/vbz20/uSq4pvZX8/waoKX+/jmer7Y1sljO8+73bTbTeM0jdM0T/M0Tq4LWGWutbU2TVNY5IAsknFvOcELpGWEYIEaiF0H3BHniBSAotVKbr7d6s0lqGa0qfdr3myQqVaFcDBDs3k/5s91DXODdLhhgJlVIyB3s9ZSa5Rz3Kq20JFN84pCAAgzs0XUiJxTPAfY7kdC/Pr19otXWyydL3tnyKRYzejcMPBgQE2zbD7GI8ItdEJVCHM18EitXW65A7J+jkVKkOpEKhhBGIxyOvQfnAzHA+/2TQNQ+qqohsBDyPrtqDfm19O0azqHKtF+bgqgHh5Y1ZtZCq3VFTjlZ4u8oXkLAIeoaoFMiF3fHab7kTpaj1A/lErZ8UQgJzYQACLFugiMhNY8J0mEnNqIALRwDS0oPXVIVHXOX88cZjUFmDxGt2oxmu2aAqG616aASMxIGAQQYB4H2xmF24LuAEi9ftpNA+JAlwyIUNVlPPfdnA4RAQ+mTrQlEhgC4+TsjunUWiNkyBWSuTBB+v9iGb5FpOEOc4K8AIeWMefytQgUHlU1H1ApVs+YrIi4d/dBP6xutpcsJTVVVJgIzdTd00mamg0zzTN1uRRhAYRk7pabI2NEBnshIJgZIRESS1ZTqd2xxBK4+RK2lGJIQgbuw5SFu6GPwMiHBeLJ2TEQtaoIsGDCSm7WgkQy7KY1RcaD4TrFD3nPec4ul8BhwEXHknKMJOvnRtYjIm9UVNM0ZKQiydSYqXTFmqeEN9Vdy0AUFqm0MAOgajp9Mft4NQ2mO3fv7XY3octk1GBRGgkTAUfEUlBHAEYpBSJl65QeMnNHQOZUzwcR5v+Bw4x1+eehHqqtMfF+3P/N3/z1qqwIsWpFWBwqq9UAi5rdF3XaUmIiErkZBAnTfr/XVolLwoNNlYkByDxZxlmvs0NM4x4818RMlAkMFN+VxN9FIy9mj5Q3E8DCGiXOVIKF64oZFpBxauDqXhJVCylbF+nFHS2DdDG78MjDLJtv/E5Ebo6AhWmadoDY2DQAACAASURBVOnkDbdsM3xZ1By2WZlzAQGIDOQQWmdCWlJ9Y+liCNOg6+6QzCZAIKCFRX+oUROO4e7gIMLLGUOYMq1eRMNv37s/zluRAoDAebcGmDFTBik4WJubsLhbrrjyT4sUPcNSlbq5uUGASGEm9QxuAwjMkA8pXd9v3C3T62BxDSFmdgkCIwOQ2QQRXLoICPcDqwJggVfEMhcPIBYhQSI3bW1yU1hMKQAAfdd1Q0/Mrc6mDUUQyKwGGonUeafTTk1Na7imvotQShkCGQ5AH4Il0CSHCIEJpvpOCASpNVx6wuUzPPyaeQnEojfL79A2WqvSdUTsAV3fM3cQMY+78frK1YCIJeONoZQCh5tiaY+XBoCWvp8kINq03169qfPUlf7k5HR1dFL6dRn6zfHJ5viYuz6QrFm4qzZrLdzM1c3qNLs7Egxdf3R8vFoddcMKA9w0rGmr2mr6i4gIkD2IRJCRmCOs1gaBKa4La29fvXz67deXV9e37j/44ec/effd95F4GvfTtGtztVZvrq/evnnz5Kuvv/z1b59+++3uZsdSzm7ffefRew8ef/Du4/fP795bb464dBFZDaiHh3vXd1UVMpCBFgtWXkC11iLUdYWZwyHMA4FZ+vW6iFiAmZYirbVWW/IMDDzMV+uj1bDJ0OjVsFkPQ20ZsxCJ7TVr8zy11jJ4aZ7naR5bq7XOVecWsK8WZbM6uXV8+9753fvrk1tHx2fnd+6d3b7b98Pl9fbnP//ln/2L//Nf/Nm//Mu//NnzZy/NEQjNbbNaffLJR//NP/j7f/qP/uTDx4/B7dtvn/zVX/zll7/9sjqUMrgbAX34/cef/PDjXjY5wP7N7578yz//NyyFuAyr4YP3Hn743rt/84u/vby4yCBVcMfwxHymtiABX24GiFJyFBfqhszCnPQN4UKIm81gQf/R73/+3/3nfzC+fX7x6unVq5fffvnNqufNQG9fvdruK5fePC6udgbe1HbT9PTpC21KKGo2TzVRd1kRuOnJ8RGiN7XSdeNUwUFKYeY21zevXwJAdu9SigfupmoWuVwLAM+WwMLUUABAajMzL4UjQsMhFjBgAhWSHkEMTNHUENBw0eBpRHNLfbZH5FgaPJiwiGRO9tCJEAydrDoe+tKzHG9Wd2+d3r198uH7D3/wyfc++b0/eP/zPzp553tajq8bvdm1F9v6fK+v9v6mxs55r7GdJ0dR96qqraF7mNap5uig60pqRud5nqeaURmRz/D0jQIgUZI9wp1EumFFC3y0F+HwSGV83W9jHHV/Q6ZMDCQzlhhW1A8pn2DiabcDM8oUX3V3N9VEi7dWrVq4WauZ/IVgKa8FCDWFpbMijNBW89MkWmJWM3KGmQjgatR//+zi6zd77jpGUA9TjWU3D5oyUVNXdTX1lvQRIg53dCO3MAXzNOS6toRh5/HpFh7IQuCQidcFufCCRe+BHh51t45WGqxGzfDiptUgIL4Z63ZuO48K5hC2nPMFgIt0VbWZawSxQIQwW4CaaXhtSimDIVR3D+QiIrwSud5NGfoblMPeQKGUkph6oAeimefFbO5AEYEe6aBNrxuLdBHYLH+SIVDP3YYJEgvkVs2n1pJ2VMHGqqO2vYdCNF8+IUQMoKamanAgUuSuoe8Hc83qHw4Qz0MNkmVvnrtORMToEWaBBObuBsnmT8RfVtgAsN9fu7audAQICK02WuTtuVlA8EBEB4MlZDbAczUQcFjYf9eJJEJoqUsdmMECRMjd9vN+nkciShQVAiS66+CbwKUCiACIwoVYrCkxmyYhMofei8r970qFAGSCABbCwNaUOf22kUBN96V+9fT1IQl4YBY0zdpcpVtGuXNt2hQdSMTRVKsp5ALGm7mZcOn6jgibKgKh5ORWzHyBCAIEhLA4xeJ5WvrbBWtARGZKTARkZuEOBLQU3E6Eag0JiZlyRpkiL3QCRsScpIabAzITCzXVrPcwaLM56rrO3IQ4X3PG0C6xDqrMDG6JeEEis8xHplTkJMMULMwVCKgwLE+JZLYhBKblITAIAYEk+z/EP/z9v/e7L78ad7tcYgCiAqw6QhO3isS5IIxwBBIRCyXmXE6AQ+TbQgSMJ5vzm90lQUEkKmiqOTEnR/cg4Da3QJAiWVTn1AQz32uZl4Mv6zEgQodFv44A1EnfD7v9Fpkt0/gozPT99z64ut5dXb/NOK0cXSd9IiLS7R2Lh2ERt3gGdwBEAPEyLC7Sm7nqEgsAKeUnBkcWTsS72TJT90AiLMPKWmUsuQtCxCXqlcCrMVNyd3ODVgprTTEbpMcv+xAiTPOneaBjhsSm8OW//cf//f/6z//Z9ds3SGLWCFCYzSMgpGc3YCkQbK4I6UQ4aODBlvszGU+BtKiVfBmK5/IiIm+u71ZUEZDLtNwl5JY0S2ygIOIFEwSISB5+ECtDavLCLSXN4e4QtFQdh4XPd7BYyq0kLzV0BFJEtmogICvAPvLxtRDSwJenlR9CS3DxVi3VvMNht5j33qIoTGJvvgeeKIE4/L45QENYMgQCA9o8tjd1tTnthyM349Ktyhntt+Puan/zatickqwSJpEttS/JIZCXK1A2cbQ81Ze/fdzejDfXUsr6+Ozo/NbpyYPa2m67K8PRydk87/fTfjdPo2qd5znGkZklY9owiLmUjllK169unUWAtTpOs2qb57HWKdczSILEzMIMpe+5eICH+TTV0gkTCsT24uX/9/plGfqT4/N777z3/g9+XKfx5bNvX3371fbm8ma/K9JNdXpz8fbXf/vr9Wp9duv83v27D955eOfOnXt3H7zzznse0do87vfzfnd5cTHtbto8dYy1zV1XXFVE3FQN+jL03aDq+2ke+oEoSNjd0sw9rIbTkyNVJ8LVeqOtqdncdGAep8lqW21OmHttddyP69WqG9bW2m6cchFLAK1NOs/LgBYLO/ebDQ9lvV4DdavNcdcPzIWZWGRYDeN+/PrJt1/85ne//fLrp98+u77eCnNXukwTs9B7t27/5Mef/fSP/vDxB++Xjsdx/OI3X/zm119cXFyen50cnd2q5ghxdnry6Y8+vX3nFji1OpPI8xcv/9+f/Y2s+vfefzBXP9p02+ub1clJBX827jeblcMSE4NIqDoAWDPQJhyqsxpAdJnV54FRXSgQcb1atVr7vnj4jz7+/j/5L346Xr7cXrx89c3T7eWF1VpkE622aYZUZlNhCjQ3q3XW1hoDR7ipAQRBqNaOOQLnVsd5PpVVnXZdKQigbq3WCB+OjqTrfJ6qOZvadj90PbLM8wxL4iW4xdyaMFNhtTCrgdCVbq4t0JlYAYOAECkk+2MzUAtiQiHz8EC3SKUJkiDCVM1NCYMRRJAATRtGMOY34dDxUAoi9kXOT4/fe3TvwYO7H37yw3c++mw4u7+bY+94NdnVro7NJsCLUefAq3Gc6ghEDkAIu+1sqqHGEempIwePBoUAws1AVVstRG3WKMHdQUid4A/nIEIQkAKIfdeVvlRD96juTB7WqFXdbqHNiNTU+vUJlp66Ts3VLCKm/USIbmpqag6R1J0AolqrVUs9emiF8DBHXpBgHo4QvEwtgjwcLEOQUkQBwO4tLDJjiDyaNigxjV5EWp1VGwIyEYQRADuEWdOKiwMBACgcwyNMUTXMhDB9GgmRhmXGgpiCiogAIwjCIEyqE3iz2WFunQFbwNV+NpDr6qC4wpjVq7oBmhEiuzbnWHVdS30JlbzIcvfCLB7RD4PP1UE9GIgAnJkRXE3nce6P1ierfjRrLf0NmQTMFhEHw0OgBQQphiOSqylGmgTZwdO9DkaMDGgaC8KyIs7uG6AKmOzpZlHdpmqzVic0Ao/wrP0hlhAeiAUvmsIEoCB3DOl7Um1ZRidrBAEimEnNiZYopE6GWmu6hOCgKVj2Fbi4TyPA3YQZgdxzEG1UKGkHGHnrARVR1QAQokNSGRLRQZuSQmVKdBIRadp4CcG9dLRebW5226qKQJAcGBSQyHP0YIMJohzXLnm1EGiuHtH3fd+XfYC5B1UkjAy98ljGdx4Z/uoB0YyJwy3phsQS7h6W3YiZQaYUu8lBH4Gt1q4TNSNijJj2IwMnnpKBqjtn9QypFyK3EAZChsP4M+Uly8AqBQQEucDMNpCRlpk5ZhgwLh7a5LTmVoWyXXAgfP/Roxev3ta5ScdLFEC+3Wl9OKwRMIKEpYi6mxlSMPP2+vrq6qKTDgL1MK9Hj6b1gw+/f319c3nxSqRL0aSpEwKJACLYolaPJA7FstwyNfClmqO/00csvhAzk8JC7EB//NM/dsef//yvEZGEItwtxrHOczs8+ijcU6PusMR/hsWiUA9gprAgLkdnZxc3b5kSH3QAsGfzgORugZH4IAAy1yUSASDXVDk5TeoJC6um8scDwC3MlTLsD42YwRSCkOTi6mquFQ/mlohwN1MlZilEzK3VZamAwFQQwKJZOBHTwuQJIqjNiDlFgUiUb2b6dBFA0QAdFx1ReBjicPv2nVfPnuaNlXz5gASwYV5dBOnIZkxFFiGmC14dMAoxc1FtB13dkv2LCIjQifzP//R/cp+7rmtNhdnUTTVj5Ag50Mbtvgw9MltToRIQKacqpQPL9YYJCwJkrFuYcSZiIKE7AORIIPlTQYdpF6JFCBEuBw+kOX9ZMjgCBhElZnOZs2fWYS4sk2qf9pPIxeri6UgZAgImiwlMiWLRSQFCpIOemqovPxoSiZLYL4Qk3mGEpdxvGTsALJuqfDWAhy4O8ID1yh0NLK3+sg44/I64NIfIbra/uqjTtN6cyFDMYXV6NmzW4/XN/uYC6apfn1K/MQfETOYNC+dgD0BzouzGaZnS5B5XFibw9vLt9uqtdMPR2fnJ6Xl/51ad52ncTfvd9vpqnna77Y3X2cIsFDyfvRY+i2idR0Bk4VVZHR8fuYPacZ2rm0GoNZ/msboRUVeHbrUppUAhZm21uTXWxXNSt9vLcXrz4imXfn1y/uDdxx989Mk0Ta9fPHv1/Juby9dt3iPAOO4ury+/+up3IjIM69Ozs7Nb5+fnZ+e3bp+cnp2d3js5f6cvBOAQ7eryYrfdztPY6jjvxlpnDJD8GJrOMCEQI3U9E0CrKtj6VdcVdnORMgwDWFStzNx3Xat1e7Nd9b0H7eaqbl2R3CqohjmIUL+5XVbI0kkZUIp0xYGRZT0MiFiEAWA/jZeXV988e/7110+ePn3+8uVrM2ciTHkaERJyh9//8IM//KPf/73PP3/nwT0ze3Nx+cVvfv3kyZM61eOT49PzM4e4urlerzaffPrRDz/9pO96dwcPZPvyqyd//YtfB/K670To7Zvr85NNwygRv/fu7frbXxX2cdM3oon4TYXLea4AMzqhH7H0Z0NtWic7Wq0e3j978/bm8u12zbI+6jfH63Gcicvp8el/9dMfd/PFtHs7Xr+9eP0q3EtfvM37/TLXcHciEGGozdWW0ZwvNElOLJijI2bBWafJVv13pCxVq60Rs3TdsD7azvtaldxh6M09mmfqM3EO8FqWO0RpfyJ3r23Os4KJVJWEAxkIiUtqhE1NAx2ZGBjBLTCAkc3c4RBARVgKE6T+Fjrh8AC1YdMVoqNVtxr6W7fPHj689/jD9+8+/ujs3uPaHV/ftNfbaec0Q9lOcbWdlHF2D2YDmKa5qjuCud1sJ28mRBwqYaZK1DfVABOmNk2uxpmNDegWAoKpTMIwhGY+9D0xFxGmWHUSzF7n1hzCap1ht8VxjHkuwgrOm1WIYOJitEVAnaqrEkCd9oxEiGrmWlk4zLw1DAdkV40IMMv7X1P1kbVKGGFCyZ2CUhgZwEk8CI+gcDAIAnAWzhFtVVVtSaYmYreWwczWKpjF8mRM20biKNLQhwmcxwgJBMSmGgFhQCwBCG6IwDmU9rzcvACF21jb5fUEjkjFghvarNbmlE0NnYUGYhEd3cz32ibVYpnsyU1ngwxLr8ylMMNB4ePhBu4WBBxNRWRyL0w2G+Cy3xfmmvFoOd9KvTlBbQrgqnb30R90w/Dki38jWDiNLMusjCjEIQQi3PZT67v+qOtOeqkBpq2Zt5zcM1m4A6rpXBeDqblBxphCIICDERABqgVSXF+9RYgiJTA0hSrLlB4BQJsCormTIySAfiHzZCYVmGt46gIDYZHvMKJ7zt0g33+PQAcWQUJXT4DK3wlg84QjAQwPN4vMd49YtnvJtHDHOjfzm9ZMimhTZASiNDSDJ1wITQ0BgTOJzKkrHZepzu5ktaopNjKLCCfiQELKwSaYOUny2/EQmAbSUYC4GyJ6U+6EkKapAhATL40cIHJ/kksHYrpz7/7L58+0eTf0rppHu6cC24wJAImIrFpGoAmKRwBBAKADZljxoiGAOMyJKdgPVxIsMd3m4MsIHRE8mMmSqSJYShem5r7arKZxH3b4yUG4pNUul0i2IwEU4cAcB1opInBwAFpYQGRd4xGMaOHvPfrQIJ598xWmjmUZ1kI2bYiYoVcIburZOXJhVc+Raj6ziSXC4vAXMwNiLwIk6o4YhLgEj2d/jWhq2QWZW4BhkJuTSIRlG1ZKCQw1x4DC3Ew9jEkQRF2ZSJjUGhKZWa6gmQmR3cMh9aKYll9AUDUgXK16tbCmGVa63E7hZj4M6/CY5klYAtzBKUBK11QBYugGVVVPnm7iN8XMuaQQYsnHZZZw0KjunpyfpUY1Q+TN0VE4XG9vuDATuHmREoCmaq7AxMgBARalSLUWAb30kIwwRHPLcREFwsH3CimjMycRi2BkJGy1IoJwESlzqyluWGaEjKGKxF3XpYxHTRc7QiBCICNEmDlSAHA3dCcnx69eviKiBaWV2HDiag0wGAWRHDxMPfI/kQlVG4DnfO7o5Ozk7L7pvOD+KMISlYthhpxwKp6mbbhJt1nC3xHCl1k7fCetT0UMCUtHzNrm6ebCWg0PKbwAg0vniAgxjVsCMEcPszojQj8cWZhpw+XPyNipTMA+XL5gEIuZJ60VSwGR90bq9A63CSyI0XzSRBrqAiKWS2W5pQ7SocUc4OYi3bDZDOtjBWAhRrZ53t28nad9GVbD5ozLOlu2dIgw0rIPzMULLloqh0hAGR6EbR6eXNRhtTq7dfvs9p0I3G+ny+s324s3GFbnXa0KyG7VvQkiiqR8LHdlQqV0QlIA0S0AvJTigbVqrdO43XvYehhK6ViKmgH4OE5MyEhmJp0IcykC4OHEXb8+Pbt1597pnXuEcPn2zfNvvr25fLW9vgjTyOlPPomFSllt1uvT49Ozs9P1+ujs9unJ8dHp6Ulf+tOzU8CkDdXssVprrU51HlM3QGAIQQCqVkru60JEuqFHRFcvXSnCTAwIGMDMDiAiIgWZmXtiBCqZsVhEkIhLR4iCtJ+meZ6vr3dvLy5evHj95u3FqzcXN7vdPO7z5hKRrisWbmrHJ0fvPX78k5/86O/94R88fu9dRL++vnr+7TdPvvn2xau3EXB6eiwsSKytifBHH3342Y8/PT+/jcCh0XUUVr959uIXv/7qqyevAuj0fL2/3l+8uf7xH3x6796dR5ffPvjy5/TiJajrtBMRCHy7q09nvymrF8HPZn1dVcvqqvrFPh4+uvfBDz+YnE6OTx8/fhDUvVHio/MyHO+/+s1dfQptd/HmzeuXL75+8nzYrIe+DNDWHezH6c3FeHb7Nq+GZy+vdvP86u3VrsLf/uZ3OltXOlVtbU4UUscYEfN8c+v0+NG7D6dpJ6VrAVZ16LrN0RpQXr188fSLX3rEaiib1QoimJgQ1VqRIoza1N2YEZGaByCbNYBA5Nai7yWR0IxkjgCYT9IWHohqgEgi1Jp6YGvWWgt3x+hECGG96gqjBBJSEWAmQdqsyunR0dnJ6t69Wx998sHjH3x25/EPcDjdzX4x6pttvVa6mHTXYr9v1dwQqs4GgUjzaNPcAsMydtMI3KxNXiuhd30ppSQhsE5Tjj/MwR2FmYQSXuIQUiQQV6t1BKw7WQ+FGarGxdVuHCcAtP211JHmGcCl73BYdZtjBZwDkctU57BQU7awZu55wFn4Qs6GQG+NKYt8BavejAnUE5+HYRAYKAhIaMa57DEjRGRejjEz5EBYopWBiCQp2w7uyY+RUsLBasMwa7OFO4Cp0xIq0sC0QwdTm2vPBXQmJEUjpMw6r+rMjEweGgARjoGMHKHoMEh/xPDhRh6tOkbp1qsK9PTNTQ03g8KldOLMry63FdBRZ63qsJ0mwhAu7tDcYukmLCCrG25mas0j1DSTWrPUaToTEuapqmphxBIOKfVpKfAwIBFwD9DAKJt3EUNvnjMJuhFyFrUMCOAQIeHMxBoD0RHgaSEifLEfK5edVjMNjKmlYhmaalbaDpCUFARUqxEZp0ABBIgaCsvsy3PsvezDD1bXRV2GybyEA69ymRvmV6fSHgIW5yQCeGRupqM5oKoxMUQQsjYtXXEAPYitcnkERJ4l3CICOATJBQgRFW5NwR0QgRgRTdXdFy9DBAKSwBIHl6RRB3P93gcf/mc//eN/+s//l3meA4hyKIwHgRFGqovxsC3PI/mwkseSnIC0l6j3q67rV+NunwkobW4OTkSScDEWdoebmxtkLCgeqUhKeRWFezpoASLMgQCRBZmI2tTu371LLM+/fSKFw+JAUyKAZSES6Ont5IMp2zwQmUWsJYgWSoeWgHqiWmcRgsBxu0dEIdYwD8ikAQoCgha2TBqJihQzs9zcLQKGRaR/0HBAwJIRLVy+fvJbQOhLrzlTD49ENB1opK6e8UcZVGuZMBdBQsuajhARiEVriwgR9kBtTaSAqpuJiIO21lwhhJyhzrMU6buOWfb7MYf5XCQQo0XuVlS1dGzu5KAAYEDEGOihlIPVcDdcyq00WxNFhLZahk5KCQ+gqGPlwsQYAGqm5mZecu1AGJ4BeQQYQC5CbsaFI9enoYmLrlUlGb3uy4cZ4W6kQoSMpKAOAGZmGumYyi8J8PSIA8zzhEidlORPEaCZI2XbmyNrtFj8xwxMhSFcm1HhpdyPwEAPZ+TIPRcgZp5zJ+jRqpIjLZmeBiERjhQCTERmHm4kIiy1NQxoasTIkVKW1OZENtYcSEKtzpcXjoCE7GCApK2JSC4if/DRR18+eTKPIwljmmgZ0RwW05gAACWQABwgRT5LG5ND8pxmQNpsD4F4i3oIImmz+dRa4i/yCqVFJxSxtAeR40YSs9BWU+nIVCC8tTHblmzIYVnXLM/4vNoXadcyOcn1KC4CztwRLdP95bXggiU6OFkAYPGcg3t4GMbBFr54aWCRSAfgover47XWaV6dngKWKFyG/rR/iO7b7dXN21dlNWw2t7Bb5dvhB3NHPsJT3AcE6Ojg+aSjfFYjUcG83l4+e/Li+TdDf3R6dgdVu35o407K8O7jh48/eHxzffn0m6c3F5fjOFatZi6lI+Km6uGSsRiIZt7mPbFI10l3enx8DgCbzWbcba+vL0MVwfqCEUEEpXTmoaq11U6ERHyerl+/uHzxlIusjk6Obt959/sfrde/b61try7evn5xffFqvLlq86TjPE/jvL9+9eJZ3/Vcikhh4dUw9P2wPlodb45W6/Vqtd6sN0dnJ6t+WA0nw/F5KR0TDX3pOMFXAeEs4q6IxELEmCFxhZgYk6JGVOLweMwCziKammqztq+17fb765vd9fX24uLy+ma7vdnv9/vaMoMZiTKLOhfsxgxnZyfvf/DBZz/68ec/+vTu/TtEsb2+/nd//VfffPPV29dvUWRYrY9OTud5nuYg0lLiww8eff6jH929czsATF2IIvTXX3x9fXVDfT/VmCfbTfuTs6Nh1R+fnmx38/pf/1/wu7+k49UcoPMkpRAHOQyxe6+z41tM9+9DrXF1DcdDEF9d7y/XRj+8c/y9HxLJ5ej/6qu9Hp9/8PD0q99ePGgvsF5PdXzz6tXNbje3+UiOBdStzfsMjgti1Kqt6TzVvutGtUiUdvLFFzaWW1C4ucVUJzc3cyTrShkBzUA9VOdutcaygrozi2bOgEWo1irMxJwuhb4UC2dEIBynisREbhpJ4GCiWDpjTD00Up70JIBphWRGm9VUtbW0Exk5ksxT5b4DQpHoRLrChcv58ebRu3fu3zt9+OjdRz/44ek7H8NwOjtsLa4bXM9+2WwCenl1fXO9B0dg1rC5ToSMgU2BOw40DCA0y0RVC2JkBAhrc2sTSuHU7SISCSIjF1aLyDEscd/3q/XgrkeroRTe7/c322meZx1nMI06hzZVLUIOHMjIsttXR2SnVjVlRrVpqAujuUUYpBoKglNV48bI1RwsIEItAAOB1TxBa64GaCkJitw3HnInITCQQA3ANcMlgLwRuKMHLntd16YRYObgLcwgjXHuhCzL6qOFm2srQL35bcI7PX072Z5IGSYzDy9CgeBO5pHJ9YiQZBYmL1y0xR7rakCoDYr0TAGdmiILERxthsn8+eW1DB0BQLPvPL7NMv0dIqAdUPCAke9IEuTc3QkjojABcQC2xWifUEtu1iAjXxfREhGjI4F34W2++dbN+jIkgZoQDUJbBYRSxJoFgauF2WSMTIIkhMHsCKqWIiXzSsltZwy3ZNznQBaJwNMsbUhkB8fpYtREkL7YPHNgkg+WPbEfXkGQa8sE7MwHkkyPzWnbUikuxZ+DezMpGaWJIewOYS59Kdzlhw5mSBzhAE6U5m/IzUckSDaCGdmx9J25uQUyIiSY2/thBeFzm/u+Y8Ltfu/Ged4SYqhSVyS6b58/+2d/9r95WNYeiGihLOJxgNzmQj/dlbZYcbPkSMxRq0rMgMiFzfzy4oKZC3KdNdczECC1NiZCJDDbXl5RIQDM2hkxDisPClgaa8+MkZypmxPjxfVbyBw+Rwx0SKZ4pPg+Rd75yzVvZsrMTJzJl8A0rNZ1mhEzq2pBM7l6bmYcoLkiIhMFgLpygECXdJf8MH0xscZBq7C0swBBjBBIKI4OTm6O4YxCQuqx+B9wmSNiqKPJdQAAIABJREFUEGNeUiFcDAI8VHMkQKaA7slUcjcz7aTLGCpiDouhH+pck6ij1jwMkbtewgHCur601ubZhUvKLb6T/XDXA8Y8zYjUIRcJrw5wyCKORN2Bg7FQvg8RsUCPzDNQLDwcvKmKMDLFgmpEbR4BTETIHuFxQGIzTuMUYIVL35UylKY+jRMAptImAOY6SymZcuZgQDisVsfHRy9fvijSATICLg0e5st0dRUsCy8Ao2kj4PA0xRsJA4RF2m8yMYKZunmcpJC5h2KAIVFYZNwPLBwkzs4LlzeOiaDVhkkL+m5bC1RNs3rGHHpGlK5frdZ1ngEUmXgpTzM/xImwKx2yuSERpcAXQ5k5t6OA0Q8DoCFQNPvtV79tWrt+ZaaZIQ8RROjWmNKsDIRIEOApbbOU67kbkABE+oK+k84g5Uj98J94ENJDeovyTlxm6ksLkRV7yqHcMcJUDbSZpZcwiIoM7rqE/yB6BMB3ZNG8l9PVAd/5xA9LQVhkVodZPsCSgp6QivwtFltD4sc9DtP+NBUsfNYIA0SRwiKm7t7Mzaddm+d+vV4fn3brtZoF4fHp7dXm+Obq7dXrZ8Nm06/PSAZHCDeW5XEECO6AEEvbkb3IoqQOSNURMICE+36/e/H0i1L6u/fexU6Q+49++MnxycmDB/d/8vmPtNYnXz57/ub1i2cvb66uWIIAmzbzag25dEMn7jRPdZrHQBQiIR46vnXn1q37d/fjeHN5sbu50rorLA6Z8s0A2JqSxcIjAIAG26vX15evXvDfltKvj07WJ7cevPf+448/hfA2jbvLtzfXlzcXr9u8H/f75jX2johXEMTChMSSaTSEyMLD0Avxar0W6fq+J6SjzRqZNpsNS1kPK0BkllJoYetG5saEWkB4a021mtk0VVMd59nD56lNdZ7GqdXWrOW1SERMBQiZuQQFWKuViIa+3L51751H737yyccff/TxvXv3CGEa96/fvPzlL3728tXrm5srt9gcH62PTkBxnnWcr5lo3Zfvf/z+Z59+8vD+PQTExcXkr968/Ld/9e++ff7q/cePN6fHqi1Aj496cH38/kPu+6M3T+Hf/h/7t5dPzu9wx6ue5QSROigcUq6u9nPs7vX73XQz7aZzHqhjiaq3zk/e+3B9fvb69eX//vMXP9sd/4M/Pvr5r2/6v/3Xw8l4vd3Ved5e34x19AU4EHVqJNjcMAAjaX4eZgTeSRCAmlmkhjuW6iwcEYh5mttuHPu+a027vrdQnxUF8vF8cufB22dftmoY82bduykjMYs2M7e+K4FYp0rIxHmkoBtwIUImwGoWDl3HeXBUrUy5lQxhBg9XAwwwJTB0QyIMt6qlJw4MVSjCJEy46rvz46MHd08ev3f/0QeP3/3BZ3LyYIT17mK6GKed0fUcFXn0Nra5FCEmVbVagRPT4cwc5ja3AMvaBx3YLWPQmzasoc2RKTStUTmYIPNAA7XojgYUFi5dl4mQ3sB323F7eWO1td1k+wqhFAqg4DbPBkFAMvrWA5G4VTULYLfaQDN6kWIxoXl4pB5Nq3O4urU687KudBZW1YBgkgB0yw1zCj6scPFDvDpEZsf64sp0BwhkMNNQA6Q8wrRZOC5U/LQfWCwEljCwRqYcLhAdY2f2eNV9f1VW6t8AXGvkdBXMnLywKJD5gZzhJkRhLRgnJes74HK9H4mZpbfm8zxJ6Xa7qZpt920aJzQ1t6peuMxtyjrIIttEA0QIdI+mLRMkfcFaA6AjUQM3B43MoMaMSxHC5n7gWDpCIIGrmQMTgyEAYohqAASqY0mu4szdehAhM3ec3d2cO5kZXowjI2mqNhgQKMCHji2gquZ01a1BCOax05SBSEgNPNwtgGkZtCMwE0OkG5QQCAiWEVYgQGqDmdNyAaUrphYHUwEBAoa5E0DmQiTREWHx0AMxEYAEEGjTMCfmA1g4AGg5uPM0tTTOkasjMjDtd2MehjmMz0qSCdzBwz1VLUsBg4TAhOZoZhBoarqbhBdOqKoSoFlbFPbmmUrmWWYEMpOHInFKy5gQCR0cF0R4MAkiqFme8vmNklBVVXN36Yq6Jw00lb6LmgcOmjk4VCqpEEAUEmiuEYUkKRbLNwaQYJFuO29FGIAsHN2I6FDM5dbSm6KDW43UvrsbgEPurIkpwnTRNGcYKzADAzkCZZZBbliCWZBy2QMpefcl1AMilJnVlx0QQCASo7tjOqmXcWeYhX/vox+8vXx79fY1UQeZYi0MAISR43azYGZGKqXb73ZMHIalS1kViQgJzlONrFQjaq2lL7TgND0DnPNtVLe+ULiXoe+GfporFbE6BwRhKT2YOqS9RS3CCaGUbh6nAMjgO1g+ISFkVXXTFsbM7gABnFcALgjU1WatqvM001LRIbOoeUSLClqViQJJCiJC5G5BlRAjc+xnQ9Rx3JeuY+IIUNU0IfDSl4eIIDDlBHmZ9URQSvGFmdQdk3lNRAitNWaXrvRDR9zqVAsvujIwFGJCaqCl69xBW4XAUgQJxmkGB2BaCtosq5khwpov8FkKYkancdzXae6G3hePcgR4sqKZydQgMJ/1Gai1CHstArGprrri6q1p3xU160h0bsgAFsmycDfiBeaYRXMACpBCVt4LzChlU9noIx1ETekIOFTTSHmpY+DilVkkMWk8RwRwRGAgDfVaW2vgCYACRKBSUAYWcQif7aAlWmzQCA6UGZeOh9kHOQbQ38H9D1U/IuQaEHDR+SystYA0+WO6USDypx2c/8u/IQZxKWWQrkdEdzdtdZ4j2v/P1Jv92nZdZ36jm2vt7jT3nNuSEhtRNCWr7LIrMQpGqoIyUAkQIECe8y8mQB7yUAlQqrgKjm0lktWYlihKFEWxu/3pdrPWmnM0eRhr07lvJO49Z5+z95pzNN/3+yBsOuymcTgsN+vT81IYEEnK2cWTcDvsttvrF1KkX5+XfhUGyDAHzTAipFkuv1MyY+KbbUUythGQaCHEfb9sBmaGZvvt9gc/+OM21s2qQ7eL+4/eur35z//ph9PeqlYuCySOoAhAx2lSIpLCwYGB6BbmVy+e37x+gaXrVv3y5GRz7zJU6zDsdzfTOLQ2FWQUDjBGjkTcQoQBIHrzqY31MNy+eP4VhCwWZbFYb07W67M3vv3u4ns/wPA6Habdbru/293djcOuTpNrm6YREWrat82EGRCkFA+Q0s1mJIT53kJMCRMzpSGcSNKTnbdsJkTPCs35apqby8g0d5jF0ZlPspDFZrO6vLh48PD+22+//eYbjx8/frRYbTDw7vbu66df/eTHP37+4tludxdhzLxab87Pz0vpIuL66k5rW/T8+I2H3/vgj77/wQfnF/cIMXS+r65evfjxz/7hq2cv1AmwNLLBKhKWIvvd8OXdcLpePljC8tf/sChElw9fvrgdbu8eXJ4smIvg4qQ/PTt96437AA7bq/2L136IGJvdP7t9/4P4wV/Wrv/6q6//5p9e/uff2JsfPLrexrNf/P1/e3pzt6+73ehWD+O4O4zcFTd1d2tekWpTNY+AaRprrYjUphEcmaQ1k0IUZAaeDGUIYQogc98NY784n3QUbYRQrcHImbm7Ob/c3rzwcTDwqurBwmxu6XdUj1ANREdMxlqtjZgkST7uiMxMdWo5saJZHhGB0FRTIsdERRiAsGM1zalWwg+FYFF4teiWfXd5vvn2G/fffevxG999/96b3+XTh7cVbsdxCNg1uN6Pz+7GKQik3N5tARCEp904bA95uHqACyGQjjW13oSkOnA0pKIVQwABkZmYPIIpVXyYGDhDwsLSdywsUg7DOIyNwHE3TNM0bbfiYcNA5hEN3C1asnaQRDysGnfFzJp6rmjCUj0LahoQzOy1ARFg1KmCeYS7Vgi3AFclwmjZlySOwt2MkcPBzZnArCEUM7PwguxhbkaYkQvAiK5uqhFurgIFgyITQxOcEE4ASKlImTvJRenQFQ0wLCxeNVtibEROxmquhWA/tQCxMEKBMEitM5ZgcFe3mJrvmSfuuqAKLNQ58jAemrdxGgjh9upWZUGla9oczMwQWEiAwswMDCF4FsqgNc0yOWfJkAc4k5pFYEYlEroUgSDT0dwtGioSUBEBa+ihrsKUY3lEMggEQwAgCLMIEyntsP/+m08+ePKtv/nl588PNRwy6lPNZ/1KuLuPQyXh9XKB4bvDBIQgyFIisZWQ2dngbqYxqzJi1u9SoKs1UwEITtj2PJ1CwEBQNwRgRIsI866IB4Y5F3bMBggBHbNeNosAEtbWgI5cGSIibpMSIRZJORUAMZXEAFnkJJFICI/0okgHKc0inbxJ88I9DAMxsRTTqFbDoSxn46JFAAERhXuyp/NsB4/Q7N8gIJgJUYhQzea5GwSRCAgX8fA21NmGgWAWCUzIqWRe8O4zkFQ8ImWwJJQ4EiZGpKA4KoQB5rA0nPcAmO86IFGYBwZGNG/uvlqsWqs+i5n9MB5W601AjNNEjGGYWcc5ZwVmDh6HiogsRJHBjZH2Qvdw89JLvhBEmD3nYU1jHv0WDg9KvyVDIJDjDNVNQJLn2PCY8RZp8GXVlusLYkHGcHB1FjbzxXK5GJc3WU8gIsxNQgScrDYBcLfdgoNj1FZPzs52+72bRQs3IyLzFHCCuRMSoPbLHiBUU9GAHmhhjMyEVFDNrHn2Ut50MiNiQgyIjHidc5cYk0JY9UClu7x8+OrV05QCkTBouJmHI2GisvJjB+BuLkXcw01ZONyYuetK1QYBRGxmahFV06pvGZyWxKMIJOp6UTMWiUHDYTqMgUk+imQgFCnuUbUSUrfsPADRQzOWOTVBUUqv1bUqIJSOGzkiqnqYoyB4TIfBPTOPMZV/TGiqwZRIuJxe23ygwWydCQdEd8sHbdaWiTCCujsEM7RWU6/s7uZGQMDJkKWc0TSzUF0sFgEBDGnVSMtr6QsJOwQJs4eFQURZ9O6VhS1MtQkzYSBSxJG8hIh5UM0xWcePEqRz1XNZcaymcxOZWr7I/chch6dQK/d6WZ7nTt2zuSLputSyz2didhKOs8MYI8flORk78lIx0HHmdCfdGHyO/k1TAEImLM4I0KAgR8cU8+CsrktVneuxYXCLI8I0j5ZSFqVbIJOZBgASg3CBhTGHq9UaGuPuto2H5WKzPjvlrp+sEfH64nKhm+Hu7nDzkqUs1qf96gSlQJqfw5hZMmAtF7jxjSnLAwLcEr3rEUDd1KqbIuBPf/KTP3zxxfvvvvdnf/K9+w8v6tXd//6//m+vXz0/OT05vXf/4sHDpujuUhgCrdXhsD8c9jo1N0PAImhaW2vehmEXES+Debla9f3y5OxivXEznaapTZPppFUBAEmI0wYe87vukaMoa7u63+2vXjEhEfXLpXT9erNZ9uuLi8tHT74lpbAUmyZv0zAOZrrb7Wodp+Hg5odxDwBaq6ekjTA8WBBizn4zRaRkABMfP+0ZncOcnnVABBYmoL7rpJRlv1isF2ebs9Pz0weXFw8eXN5/8PDi3tl6uSDE2urtdvvq1asf/d3vXrx4cXd7uz1MrTWRslwsF8uVFOn7BQvd3mWqQHd+evbB9975wQ++993vvLNarSAgjKQj9fb06Vc/+cmPP/zlb1vgo8cPmrZmDTq5PbSvv3xF4B7x/Omzjeyurr/sP/71eydrN72r7fzi7OSNi0Jw++ru+Wevzjfj+qQ/ubdYPH7w8Ozs6ubrL7bQ/fv/fvVv//1wc/j9bz795W9e/PTVZlhcPvn2w49/+duHVx+N0tUIHYdmehim7f6wXp0wsrWmpvWQC3ysVRPEXIrQxBS2XC3vttuYYYCGmPtFdycPCPfdbn9+doqB+93QFYnwaaoJ7TTAk3uPb55+5ok4DCVmhGjhhKTmgI5IhoFgRAwEHtDUHQydMok8XIGJAFlIm+f9ptqImJkwqBMJN+qQPQKgExGEDnG16nrmReH7Z8s3Hp6/8/aTt//og4t3vi+n93YTHtxfH8aXd2NlOVTbjnp1u3NkB5rSfWsVyMNDNdwNmdKTSYjjVCPi/r31mxdnX7683aqDEzExFyJsrUohJLYARA5EYFqtV9wxAQbgOIw2VCHA8FYnSkynW4S2qUF4hBKFITLgVA2K6KTmicoMcONj65/DYGvmDlwSzmbuLSeVEYFuif9RVSmFibU1CAtvIl0YCnhtU79cmzUEVPUjajrNoIqBDpb3mqeriUyCAKLMmUBOyODOREEIZoDeU9KBYIEMHua+M/h02y4EzoS6oIpwQFGRyUHBQ5sIByADInfNzD0cbQK8PYyCODYF8yKL8CAk9cpcoHRTxua6p/EU0qiLEWFmxogNIhA9MmOEwsycEj6hZuhBgR7BlGlehE4BToDoUPKudEcLgchcSgIwbUIIAZDD3wAuwkhusejKd9+8/J//p7/64V//6KaOQQDkVVuy/biIuzVVpMDCSGQYAMCFZ0VZgDA5eqRXNzw8CAgC1c3BCcndmBAYXVM6m5OuY6XqEAFMMl+s7kg8jXWWxLgDYeRFxhSB5tZMITCrdcqhiac0PObBW2LQIcKNMgMQQYSAUVuoWt8VEfln+yIDAap5ZDUIQPHNOgXTXkuI2tRjZgAQolYNCC7szZFLa+ZhicpL6682RUBC4lkLCEGOaUSeJmI6SngAISiQmSEgyJKtyEzpUgAEObqZ0XM8n2phIVBzmydtR/1BCp1wro5mH4UhIiSkjGR5srI712kUFgQMg7N7p/v9MAx76XoPOOKxAgAJyECPc0f0cPS5KEp1XfYorjbXQiSebCuicDd1pDk01jNyKYeW6cwAMkt6Q2bfpgrZjiZSz9X4DGolBsYI6Ev/0a8+JIxF6cwgmasBAYERsD/skoNIxDl9eXjvbGpDGzQbDvcIt0xhQTfADOCwbJoKd4AA5kCMDsgS3lw9tfs2zbdCRmt5hAALS601NKRIkmczZXq7u00UPgSUUlqYtsbMiJHjf48GyXtKxCxSEKg2bSosWtXciZCA+p7NkgnpmauDAcxpFbfMhTDzaaoiRIROge6qbZb8W2BHRCrC2WjZrPqK8OgXRZtBeBEx09V6tdvtzG3WbUQgYx7fEegBpTAlsyyfDeI6VSniZhkKKMg+R2NAmCPT7IZHDEC1ytQxs7mZeyHJCHNgdodoinNoOBpgerhV4/T8bHNy8sXnv1/0K9cjNneeuQczDbVyNr0R7tFagwAmBgfgAICMIcvK+BtSVjb9szQtMJ8sgKNFLfOB066UoZfEucvndOXn5iDmHw1xlmalo8U9FVhzpLbDUaMz/6vsFVI6E/N3TIP8LPwBONIMYl6ez5amXEscx/yI30CCHAlmmLfNfq2jGDoAMCjSoB+A0PUrLt3MJUjTVhbqQswdYa/cTXVEC3edhrtaD4vVyWK9CXTTWrq+XNxHvxz2u93uer+7Xm5OusW5lC5XGZ6EiYxAdv8m/jj7q0CA8KaNCJlIG0TYarF8+tXXv//k0x/9/d9eXl6uVv1ysXjn7XdOzy/feOft5eZkd5iq1vWqdKU0rU11HIab6+12t6+Hw93NzqfBbD9L6hEcwqdxGPa3qkEo0pe+X25WRBudmqqO06B1SrOvcKanzAP4iMh3wR3UrNU9835/dQXplJJCXPrlquu61WrZ98vTk9Pze/cKF5HS9YJzeJ9HmHt28GFNzcxMAYIgKUGQMrtCJIVLKSxdV2SxXPSddN1iuVwuV31fuq4UEYEAVRuncb87bLd3P//y57c3N3d3d7v9bppqQOSSmqUIM0lfFqv1agMIJB2xjOMEYOf3zt57793333//3XfePd2sMDQiPcrdsN/97Kcf/fznP/vy2TMitqA6tsP+sFqvbnfT8+dXQMvtvj55uHn08PS0s3XRs9Wbrxt8aG7Dft/kciHT2Umnduirb8LXq+uxLp9t33Bfrsvd+98Z/vK/gz//121oH//jr7/68uVHL+njW377X96729vw8Y8eL7dX2365XDWzq6vbaj6M2vfmrgw2TpNHIEEzaE1VzcFVNcLA2npRACGBDUjoTYVojtcNiMBpqtM4mYU267vCSJPaNFUuDEz9ySnebHR/56aIyGyW6mQEg1aYcwZgEaaAKK7WcB5uT1N0EqUAhCvOaPKSs0VUIhAi94ZIRUhN+65HAkHkgPWS14tus1pcnG+ePLp4771vv/v9f7G8/5bKappiN9l28gq0rfHqsKvm1Hfcd4ftPlcLrkZo3LPVBhHMMtUaVklIuKTRsDZ9ebvfpcq6FCZBwgjs+650nSN608I9FQ7CftEhwjAOddhPu4FMG5jVZu4L8tDmVhO1FBCIEciBDFzUAdRJMMU66DHvUI9HFyKkJHjmwKi1cSyMmCCfrFo8pYQQaBhNVZmo6zurdZxqM/13//q/+Yef/j+vr6+5LHKyap4SI/Qcj7un8S63kuBKAYzg3twqAIZZcMeIGb9gauDaA5x0ixXDNA7IBAgM8UZHiNaIvF/dql0dhjHiZLlswDvVZjWlHgTpzbXJYTA3wkmNowFw13GzWrU14FHrZDWLIMJwzJwj7EU8wk09PAwsHIkTAWQWgdHcUYqag1ki9SnCwjNiAgIenV8WoJfbV2NzIAyNMAUICI4cugG4VUIMx1TVmsV+N70S/F/+z7/7p08+P2g4GAKrOyF2hR1d3asreQBRc6t7hQgFJ4DCXNW0VTNjQmvOBQFxJu8BMKVPdR5Lg5AbpNoDA5DTiJErdUj69TeBDyyMgW7OABCphMnqNnDm4aT7lTJGN2HU5gAGBpk9RaZJLQqbU7gQEIkIiMZxmtESAIBuMMtUmdjcHKF0HUA4gnoQoCT+q4U2y7yCvHddHQHCDTAoUrsyg3NmiKyj5nAt4eQZ0pxYWUImNFNhVjRTzfFY2gCJyYGSJiRInJgPnIsEdI+oDTOZ1OO40IhEKgKROxDN0t/8tWYtYRbXV9eZTgUQboEET7/+GhEKdxGRzHJ0QJ7Z8oiEHBnm5RRmlqvsCEv1MgFh6ZLOm1hLN09pAhGwiKki8az7iZzbIjKJyGxeTLCSsJtT4WXft1opJDMrHNzUOWY/d3gIdhn+EsfVuhnmjsLMApyJHYxJGPjrL78kAGayDGWghLnh/J6kb8Yd5qQ2Si5SClCsTskZT2MZEwFE5mYgoggTUaSvIuU6APMEG2k67BI+Y+F1asdZcagqERKSBWidlouVq2mACGOaWCEsrHBH4QDRrDLOTCiY6xKfM3WTC5NXIFJ4IJPPGqt881E6MY+xjhiQOdiIkMGrABHoJMKBLDSMk4Y9On9s6rWN6d0k5lA19eyD3ULN5nMcU57oSBT/LDWh+XHKJ444IjdVWdEGszChhxNRKR0CmFtu9lKJ5GHCZJbtHwVE18l2d8elLFbrmd+ZdTkBRIa7EQO6OTBnPxAeq/VKVVs6wxjRMdyy84x5zI8zSh/IIjJBAwjdLFH0RBgJwE8dYlL4Z+FGZMZFKneO6c7EmbURKXuZS/Scu1NkQU9zdkHMS6D81eVWEo7rhhmVdtxJwrEzmef6fpyXzLqk/LezfsnDjsELuY2cX25+fhAhMvRX+oB83DMlGsz0uEEAc0eWrnSKOjuXTHd3t8Nh16/X/WptAcjESKuz8/5kM43DYXu729713WK5Oe8Wq7mBCUgvWPpa5qkEzCYGJhLpAKIvxS3aqAyyOTlhKdc327vtwcO01W0zZbh/eX99em91drFaiqruh+oGq9WpO0fw6sH91QcbC5+m/c2r66vX1+NhZ6pE0JUCgQ4wjZNq2x325ibSFSmbkw2ha9NpGKY6gR9zjbP59VSQMwmBRWsRDpToWJiQiO5ukQhmWSqyMBJ1pTBTVwpT6RddKaUIc9ctuq4rXdd1y+WyFGYiZmFmYUpWKQIew0Zj2B/2t6qqtbVa22EYpmkch2Gog9bMNkJiIhHJHE4CEeFS8msSMzEvV4sUYHWFuyLn5+fvvPPWd//ovXff+tZmtY6ZDtA6Qjf94g+f/eKXv/71J59u9wMxmcK6x64vi+WCCadxqkN99sWrzen5atVDwJ/9yXvtnSe32+32cFDl7fbwJ3/6g5Pz857i4t7y1bOX17/89es/fPF6ufTtFva7j6j7/l/+2/Wf/5vN+nS4u/7lz3/10198Us4ffH0zav/Qlicffvjbf7n7ffRY27Re9MN+vL3d1daaKrO4m2DUaZKew8NN9mOtGWDvlsdjJ5AJ62aWrlwiZCDVIBGbdDiM2/3hZL028+kwAQMgqKpjmg5tc3b/ZjyEm3tMtQkTk0AEMQKiagQGY0GiYRxFJNwzY0cKqbYILEVCvAhn3y+MjAWImZOrgIy8XDBAdCKMIBCbZXe+WZ2frd5958k777395nsfLC7eitXZdvD9oHuju7HdHmq/6jug26uDuRsJlhJ1stp0GpmgX63U3FWZBMzcjCWFzMDEY7V9a4TccQFgRDL1UohLD8JgXs0EAUm4yDiOqq2No1dHnbxVDAu1HCdbqxQRntVVBvMQl94p+XKOOZNTlRQXZfpBUwAEYmb0sKlOFDCToz3p++ymiGEe4BDhtQWAIqADjIep1gEDS1f+9v/9W1Vd9OtqZmGMZGlWDDRVFvLwNANATl0R1CqizNm5CB7OEdaMILCwIAgxQzDCvb5s22Gw1pX+zQX/6ZmUqby82nnoHUuHvgeibrF18Fb32ix1HkwIKMSHpjJiEVHlYapEXLir0zi5V4pmboHuCuDMZG7msJDeA7VWYmLiqi0CwLyFMxGAJr8SkbiUqRmHCyGEEVGgMzA7ncrqwcnq+vZ1GBi653ob3D1shk66H/HlEKEJZQLcV//o9y9FFgJVDc3y4sbWGiDWZpYbLgyzSOumQ7RmCE4syKBaAQswVtP5diHIVXoYBYaZBwBjho1S1n+Z5AAE7pY+DWb2UAhgJlULCwCw9NISQCACOcx66xmSmPchQc6Y3RoSF2Y1NQCHAAJBcTPNgQti6bqsrxhn46BfAAAgAElEQVTYZ5Q55VY2C1YRqmPlrktdB2KAh0WIsBRSBSnUppEzm8idhd1UWKCQNQMk89RlICfx3QMBmDnCW2sRQMwkBOoW3nW9uhKnGD712OQB2jSR++4gWS5kYEGWLBgRSIWl1oaBxPDNn+yiTa0I5wWfyyYEinB0R2LhYjMfsyFKXpDmbjpjs9yNZ939rDACni2kWQNDTl8xEHAaKgkVZjWjOXcRZnRrzBIodWMk/2b2hxCRy6aUmYWLg0FmBAqhuXsz7nLTGgAYjMfSCt0tSwsizi3DHPkUBgiMKS1AVQNAYQHPFD88BlCjRYBrIh3cEqCEAa5tEmJE0NZKVzC4qQIB5m+f0NQz9CpHux5hppChNxGJdOd5T8SpBAEEIjDNp8gROTzc9fLi7PLy4ceffFxk0bMgxmQOEMSUH3HE/IlQzREpez3ESPMSAXr2azj7JtzBTYkwgVHzbijmGjEi2NHMu65DClclEZIy1hYWHA4enZTPP/t94dJ1EojT0KTrnMXdXDNrENycZG54MMU8AO7OwHq0nwYAE3kAE896FKSZOYuUr4iYAEhVCXk+FzCSJnAcqR+H6gHk9Prlc879Usa/A+QyEYKyCQzQSLOvw3g4MHLXL4mrRwgXJnSAUFd3yXWTMMxfgCCFeu7oKQjJjDOaN1U+c46zw5mr6qzCMGf0swUW0MNpLnNp3jjMc/e5m51jD+I4+89tQB5kNLOu5v9FR8FmNiHHZLeYn3M82gfStpDUKgBKrlcqAGfOUWaLZRlMUhal6zycApmJAOfjctaigJo2VbeEVGfmzixIV212dz0d9v1qvVidhjiGE8tyfbLenGsdD9vb3fVzJOyXm+XmHpcOgALNTHE2dAFybgYs1Yaeu2POFCBd8nKzPkXwcRp7WWjppjZ9/ocv//DZH4qUy0ePv/Oddx88uP/2229Z0/1+LNx98N47f/7nf/zo8qI2XaxXn3/+7If/8f/+5JNPpfAwDLc3VwjAAN1iRULebKpTrVNrbRgOESDMy80JAFizcRrM1HUOdxMhLoiEnLeup415jppTMzRnxkRVg4c3rVMjPErE4mjwiHn7lBsgytNstkqnFAgoA/zST4IAEEIEBCKcbmNhIUovgSTJO4KrAUKUIkzSdQvpCpGwYCll0cvp2cnjh4/f/NaTd7717cdvPFr3y4AQJggFCJ3GV8+f/eY3v/7wVx8/fXXTgljk/PwMw4f9sGDRsNVJf3b/fH+3l9IR4vnJYqytoxCIV9evV2dnn/7hiy8/+6rrF5eX9y5PNtrMvfDm4ZN/dfasys9+++m9s7M//au/evzO++XygrvucHv1248++dnPP2m8+Oyr62e7xeLh2evt1H/1y3Xs9tOCheow3N1tW2tTCtnRwZqDqoF4NFUHahZjCydmCSYaWlv2ZSGLZg1V81QniAB0ayJCRKqw3x4WXSF0COxLN9XJwrU1A2ORsl6tzu5vXz/FgGbIRQw8wpelD4dmikhdLxYZTJ4TPTo6Dj2Cmnuu8YnIw9yJhfMN567LNq/vhNCK8LrvOsZNLw8uzh49unjru28//s73l/ffOTi9vtreVH59Ow6BvOgnoN04uoeFX73eBYG7Wa0wTezhrTXGfnlyqNs2HtCDEWleQ+ZYi4hK2sxaawWApZibuZGzmSMxeIyHPSATxjSNPbEQqJmHQ6upX9TaCIMQqyMwk4g1ywmpeyAzAtY6aUDO9JLKnftjFgLEIGyDprwh3CmlQRHWKkQgMoIHuGqbi56AcG/j4NqSNTa2LSAzCQWoKhC5W0CEOcWRzR8mKcAQGadx1fcQqNqK9OY1JX+IEa6J3sKI1pp3xSI6YgJeQ3x7Sd+6v4a22PRsgddT62G1NYCu3Fq4EjsPjigdEGqYhYdwkGgLax5hFt4mawGeU1FiIZxqm6sqxNqaeRBx1/VN09riAJjLFUEMRFUnZm2qWecyqZsbADoALDtGgKdXXz+7cSRaikDBsTYNtVlySce7JplMSOgMGVQdZtZ1YqphHgFqJvMV0AI5yw8idrOIYHIkAgXiXFVbU728uH+1vUVGNPZwJEgK0Cw5iiBMgSPMWho7jjER3NwBGAMCZtJuEUJgn0M9c06EuVCLIODiAASuDQHVWsyXCgZit1q4mqdzIfuewIAMlg11o8BpUCmSiZOIREi1Ks4rBXBXcAyYqyNzBQ8gIE5mSQFt06REPEOFUtwgSMSAqKjoEHNJEO5wLH9yWxbEggDNLJpjoLq9/877Xz798nDYChdgj/xRI1dDKW0JyR8APBLMCODAhAa1ttQ4EibFZVbTEUERFhF3rdpmwboHCy/75WE4wExPpwhIqE5SkAAiAoVZhBGDiKopBIDH4wcPvvve+//pv/ww6c7p4J6lPBSlMCSgBxINmCprIMCq7ckbT25v7sZhQD7GoEIAoDcV4XwQwwDQmUmI1YyRnZ2AAiNAZ1116o4sAElEMno6BbVpgcy/FtnMuSeFgQVNgQDNA4Jm1kFEIJYi5hHHtDlERAYgWK3W33nrO7/67a8o8QngFOjmKbjirqiqmyepio6rJcQI82w/LCKp6LmMJsL0LjIWdwUEJtgd9qt1ZWYPtzYlDcs9kNHdCYFFQCMfKghMcZRHlCIREeEAc0YGEzMLQEx1zOKZMJjmRPq0j+McbpBKrFidnB2Gbcr0IcLMM/2lk4UwT60RgBRBSJ8AazhzYfDq1c3mlF0kMLCwVMulrYSI892i/IhguDsCITIQEGE6cqIFIuVTAm6AIMRpw1CtIgWB3BSJwoMQl/16avXi8nJ72GFuhBDcPDxtd5kiDUJi5O9/8L0XL19WrUhciACgVkPAjPVJxRgEAlEyIXKziDm6iH+etGMwzsfIrDA8dlOzMijmKIM8DRJ7mVKt/1/7lUqcXMykxMgDvimsv3kg8p/M7Toey/us4wMB7Kg6gjhSA2C2EEQuJCBi/sHyy+WeBNE9ATwIUfqOui4gKIA56wQAb6rqmaMHlCJqzr0icqR9wCHAM9zLWz3ctemw7Zbr5WqN/cJqUBHuutP7D9bt3njYDbvb4e62W/TLzWm3PEUSMAh0yLsfwk0x4c3eiMjNAMGjmjGAqSNxHmvdyXpDQhBN63T7+vVPX9/cu7h8/PgBYRyG8d23vv0//g//7lsP71+/un2+u/n0y8/+w3/4jx/+4z8teukXq/Xm5OF73wOS/WE/Toc6TSoNSsHSLxERTK3pqK018JCuO1n1AOAaZqatDuM4DuY2EcyJ5IiYZlwWLtIBhKlmDlTWWQAYs00cEIiYKDzj3+e1XAQiAaIIzSIzTAQEzy7heUGZ8zSMAHWwwObOhExBHEzIIqXrSinSJYyImWS1Wl1cnD969ODxk0dvf+tbbzx5crpe910RTjgzDNNwffXq6dNnv/vdJ5/94auvn77eHqbFak3Ul4LhWoeBkKep6XJ1/ep21drp2VqDqQMEvzxdvb6+OT09ef71s2fPnn334nx/t52m8cGTx+f3LrxNDrFeLvej7ofBhn0p8t4f//Gf/qu/UAtS1Tp8/slnf/O3v2pluT34ixuDzaktz2+fX/+b+oeqavvh/r3u7vZuvz/U1g7jCFwCcDJDCvWk7ZEaCKCqAUKrU60TBDDEZrV8eV0JOVTnQPRIl48TC3HZHg6rk9Wi42YhAdJ1rtrUp0NbLgGQ+pPzw/bOxoMDmEMhIBYGVHeMIIKcGHRFzFJsgAjBjOAcgGbOxGatWywoUhCLSEEEnfBqURCAAFaLvmM6O13dO1ncv7d6eP/yjXffOXvzu75+fNXKrsX1RF/fjV+93G8HbxDLzUq1jnVqNdo0eJI86ghqzMTM034Ig9DKCCx5jLhpIDIyAWGRDjEc0N1VDRCbNw/oAZmkFzYzhDBtAFEQw3QYqo5DfigFcZxav+jAfJpGB4yMoOUSJAagrQoWIE5XqJM3i6NdDACJSjfPcwIgQs1CG0O6nNzDhCU8UqfuAJF4aJy3m5nA2ZoGITKZW7ibG6gRzs8RMSNCeIWjLH2qU1fK5b2Tu91+d2gdduBE4OAeZgjhZuqI5gIwjcPO9IT4hOMi7N5SYLPR3bC5LIe7u1NDOlmUfZvqiEEPiZ24EA8exCyEozaImKbaoZSucGANr6oK4ITp6cR08QVYeLingt1TKOIeGMmjy1GBqpkbAYA5I0+uAKAObuAWUhgjTXMx1VEKaTNC6ZJsFQHhREgBGiYMYHgcvQcRIrpFHOo41qBgMxUmRihEGqAewpmnmy4aRwhzSGknImQSS3V98tbb+999PO52ueS1CFVHTjdtFoJp+zIhAJjP0LTdpTXGZ9ojzIPwQHdjhgDK+amqMTkjpeMRAKQsaztwIW0KLAjg5tlopjJAI9UHOTMlC3MPIkxCFKC0qstVJyLTVHMcFp4NkyFCEJrbN3VsmLfmUoCEogVznuSISK1ZKZKJ1xhZj6KDA5KHhwUlHyPVbW7JYAVAEuhAPv7so0LUlTIbmxBMNQmUkTw9BEnaGeRoiHB+9gCYqeu7qbZw80wi/+ZXgOwegYhMeaFYOHN58uTN33/+qUU+kYTomRahtYkUTGF0OAYQYctQEyJEevn6xXbYla5LWF3aWGcBD+FiuZimKcIgT0MijTCzwszMz149R4sEDQWhh5lFui+RRUimGjA/sAbEEOgQXVf8+D1SsJHkqMT3qdrxIzavHJspM2/Wy2mqqg5HAlFr6uaY4W0BbhbZFxNaTgvUmbkrBQlbaxhY63j/8h5/ytMwzbZNTGEJJn2GCF2zi8W5Xwdzh1ltihABSEIAZjFVFXIinmfMQOpWpIxVP/v8k1L6CDc1kVKIGx7f9lm2RFJKrj6aKxGhw8wF0EZERLOfuDUVwdIVM/cMDbdgAhGpqhl4iwScWAXwd95+76OPP8zPoqFBXpLhgFhNsyNb9n0gtKlyxwV7VeNEmRB5bm/Nq1Vz6xd9U41wZsn1o3tIoXGazu89uLy4/O3vftOzILK7h85ElIAAxnDn3BTDvOOKQDMLMMy2zUM4VfAufS+1DuOucMnlYF96YqytlSJu7mrSdaXrpzoRoKkBz2W9IwgzsaRjMi2+cJzdBxLYNwodOM7a3WfSbhrxA2AOuCJkx8iyNU1dEWmBmgv/NL1lgsUsyoJvOF1zmADEsdeAWWnkEWkxzpXdPCqZrQOzQeG41DnCiXIneIxfmB11MC/M4ojfAQRkIekgYaOcwtOmOpm23AhTcMxnTSZqx/yfiFQyggACEThPCh13t9N+Wxar5eqEocu9MImcnF9uzu5pbePu5u76lb9+sVyddMtNvzxBKprB5EGttnnTEvNKSJiRsFoN5zrcvXr6BRKXbtmfnJ+f3GdeIR1M23gYnn798urVV2b18999+vrVq//qv/6z0PjZz3/19ddf3VzfEMI0jTe319cfvVwul4+evHVx/9HF2dlic9KXTk3HaRrHcZzGOk2tTTrVVmvTMav5AESSsuwWJ6c5OVO1SNtKWLiaNnVP7gQRgaB7hCkLCZem7qZASIFkjoTe2mzoQKS8BnNWNBcuNJ+kWTLlKZewhxzBHVmxLEQ4y3xK6ftlv15vzs5OH9y/eOPJozfffOPNJw8vzs9O1qtF1xNThkW21m5vdk+fPf3dp5988cVXz5+/vNnuJ/XSLYkYWNStKxARq9VqPIxFCpeyHccxYomyOzRrqoaX905O1ut//OiTv/yLP//x3/11aHv98ur11VUAPnn8mEleX78QKU/eWLYWv/vVr69eX7/17lvf/RffB4fDzd5Dm04//fC3t5NH+Oud7hSiW+4b0qsv7uPr24OesdSpbreHqaq61an2Swl3nZqWCHe1tMFHUz0cJqIoAugz3/rNJw+vtoO1wd3TPYnIyWZA4HyYdsPYdacBttuOi80SFXKF22qTIoRy+uDJ9bPP3azW5ohdx1URA4gYkc3SaQQeqZEU10bCQqwtMLxwQTKiYCB0okBhKMKdYF+4EypIJ+vu7HR1ulo+enj27bcenV4+WD9+jzYP7xpf7cYvr4aRZOcxhu91utmNfn0nRQK8lLLuSp1Gneo0jmDORRC5ULFmEIDsGiEo4Xm/FxD28OpzrJUQeljVnCwkd9vcLffqCImk99bquB96plonrXW97M2tViOgbrl096nlAJbN3LQSppOn5dmSeBJECgsEKKXAMX4LPVzDvc1t8nxOukUNAw8XYoT8mihFXJXC4Zg1BBGUVaJbzg7jGD9qHgxB4OoKSAFepPeIm91+miZmcXe1RoQYgATkAACmVhCFgBio0EK6t0+Wj4utThfbUTvE1WLZbm6rWXP31jarVXF+NYznwkICkzZ3IiyABOweTlZIMLCg7NWbagiZqSbRExGCmrZkTjS3cA3H1BI7OgBZmKSRSS2HdOHKiA4WkVzvEEawWBQZtQqhRTgBgLewgGAAErYAtZaTBEY29wAXZggjwJbqhYCOWYgEqe+76vmCInUTPo+rCAVdLXOZAgPciLnj/sc//fteRKj3sBzHm0NEmBlFykgglS0sDABTVWY6qpQtTcRZ7NWqR9Fo/klpbkqJKQDUlMyc+C/+5M9+9osfmSuLJKtDVVNCYwnfPC5SU+qLDgzs5sxERaZhKp0AEDH2i5LJAMe522wUaFaRkIkRw8KYBY7zmXQxRDjSrPxAQmtGs1YkEDDhVsLMIukMdGBITQchuJsGAgkKOHqqvAgdkm08F6tAhIgS7nNWt4GpI89GATc301QTUMqaAwgBAdQ11LkIk3huWoinafzN734tIozctAEDArs6EJSuFC5Vm0OYGTq4AxEhMVCAhza9u75lIgsABxRCDLUQJkDcbXfp/Y0ZWBQ8OzkBnRJuD0gAZgal65AMIhKA5Z6XHs9iAwtkjHBthkwRwSTH7grRHQoBUJgiEyR+HtwQSjcLmYDQLYCgKyW/Ph11vW4REYvVkoIOw149EtaUDBs+4gzM4od//X9JoUKUTYJIQcY6NUCcxtr1JdPgZ6wfhNYgoXRrzAJ7T2FHEAAjAaC5MzECIGZOMPTdwpoZROkKAakaMBGioxNzrdU9BEXbDFDLJcHspuBMFc2EOXdTLF1XulHHsFw8u7lP0wgOpe+YcKo1E8UZ6MN/+knXFQJpaoDfQGqCEMNcmBGw1eZg6s7OTqateqK4gAnB1JgoiPq+IxaLCNcM8U5IaFMj5t3+dn+4K0wY88MJFCIFMJrWFK0TScwxvSmcLWbqEX3fqSogWDh6iJQXz54iYuGOEDQiyYlqoKqJ+UJEM/3Nb37Vd0uMUM80umAWoFnJD+6EEKbpj01SCM1FfIYGHMnACBSz6RZmIxt4JoaBY0ZTYO4BCObxv0MEAWbc/FGuM7t+cW4ov0EP5ffHfBWzPxjAAfOMThEiHNXz+RcgK3w4mp7BA9Ahjs5hjCBAR6BcUmBmgwSyLFjIASPQrLU2RNM0bREyEh/xk5EmGJ+NJEGEoTS3pvOLPHpkw+uwreOudH2/XHeLtXQdlT4CSGR578Hi/KIOw357tX/1BRN2/WaxPu1WZyysHinfRkARCdUILCRu7u7Xz78KbQbuquN0N+1vHzx8l0iIzKxFLIbxMO1vVw+7f/rlR5/87jMhNHVT97AMkScW00a02u+325trZETi5XK5XJ6sNyfL1cn9szMqGa/L+Z6M4zhNUx2HcRyncRin2pq6BVGLAHdNxsQ8bYKYbSQ4r2XUs5cR6nsi7jtBD0uBZ24FgSnQ4dgSznU9FybK7hMZZ2GaMFEnUrqu67rS96vV8uRkfXq6OT05vX957/Ly3oP79+/fv3dxerJaFBaOIDUDt8N+9+L585vr66vXV8+ev3j+7PmLZ8/v9vtmCMSl6wMXLIHCfddLVyxcFcf9fjgoACzXEsjjYbKAqdYXL16frhbf/94fff87b/0f/+UXLsvSdZ9/8eX7773z5ddfv3zxoivd5YOLZm2stQNwj93dzReffw7M3/njD0rXDftxu98S+RdfPn326laWJ68P9vKuDrDoFpvtzc0Hw6cjjIepnW4Waj6MdWpNwUwbhpFbayMaEkVrau4NqUWdpqnrymE4HIZ6dna+Wi5//8ULs9G0cSAEjlNNDma4exgLQsBhe7fuu64IAA77ERkxFAIteb6C/XJ1dv/J9dM/gGMQ5dBaiLKZZ6JmllpBdyUTlpK5uYjqTiTMM3IDi5B7MNKqK33hhcCip1W/eHBx+vjh+YOH5yenZ/feeLM/fwybB96dGKr1NtH07Ha81RibAmHfy3BodzdbAhIe0Bu06h4+VWbRpgAqLMQ8tQlCuo5zEwVYjsyWZmpEjAiG4GosBVAoBIHczKyFOYIHILNAuLcm6JPqk8vLD9799j98+ItaDZARCSJqMwAmFiiiOplGoIcHghChNaVe4sgnsBkcxIBhrYa2yCxLd0p1rmegiLknuC5cFRCIBcyFeKoTCYcDzea8ZILPUjkAz7GRsLgpAELMOSfoNk7VVYiotQoQTAjmpYhVI6ZMSRDs18u+A7XwYZrkfLNa9YeqXz99sSlls6jWxCluD4cBuEiH4RfnJ9PdbvTWE1LhFgAN2liRCZl0mjIiPRKo2TQ1uc0COcxNNZjRcuI9IxVT0YAZ64mCASHMCTMwCA8lmuPWQ9BaBfDtsA+j1WJxaHVyj2hoihZCZC2c0cAIQB04qBAHMoC6KzgllsJnTTxquLnv2zSpIlCzzH1FAkCmAIDcnVgEelo91WPdr81MUx0x76c9q1EHmzWNSODoBh6WwXkZJpWEw7TVqhoAFOEjjDGtpIGIWYM7hLCAA6D+6Kd/u171ojw1g/yNAS4Wi6lOeIRZENIsHDGQrqB7HbzvS7fotbXT05Ptbr/bTkzEwgThmWs0m+q87/rVan119bovXddJm5qb29ikKwCBwIFkZh7R9aJNSxEMalqRAoEpAFAiUGP+KZDZVTOBx8MFMQtIjzC1FGsQhkZKfJJd7uD/H1Nv1mtbdp7nfd0YczW7PU2xqihSbCxTEiUxCh05TmQkga+MBHau8p/yI/wLfGEbQRIgyEUCRAoiWKTVkJTYVrGa0+92NXOO8TW5+MY61EVVncLZ2HuvNeca82ve93lBEhpJAEEQTsNWgCSE1i31FYHgZsycHgKAQCFICpIDcm7/sMjkbhqKiBY5kjZXL1zCB6Mv5anIRCRuzpQ5BGEcvQ+JOUKaPNIMiuEhzKbgbojoivn7BgFAMCAimakUATOAQETrRvJeBR0BkGIPIMxOziNk2IEMkRygsjiPpykQmaffaKwIA1HNl0NjZmKMgDJV6t7mGQBzh4WIEc6ErbcAYKaIwBQlYAShRyTPZyoTQJgps9QiaoonqRBXQWa3jpSbgULoBsZMgNiaMUEuLcx6gBMSF0Ykbwa518nYaEIARAHU/Lbs4KXI+fnZ23fvzJyKkIWqmjkJISFQLkwBmdyDmfDE5SQW95jnRbuySN5zkNrnCDMLQ2YmYV06CxcuKbkWwWzZh46EIq3SWbaaJQXPcAQ0BhAycbO22W52+0dCziUDmDFxJIgTIQAKVwjIgC1C6n0hYmaepqktPWtjAkwKNQwFG0itZsZlWBvfa2ZQEBEKS4pvDDJmzocUP5cxAbl3Wk+b1joAlCpxOgaEWHv3MCYA5yzZcYz0wcMJKQf9p1l6FvUwEgfBT1QqyGVhvHe0ZDUOREN/k2qfnAUQoA/9DL73DsBJxZ83b1bu71snAP/NF6WJFxGziA8YYvJIWf8pFHgYC+IU7RvoGIPUkYsLqVKKObqp9vnEQKrMDEgJScinaR6BeTwgAoSOgI8IgKDclkTas0ZmRwQu89Lmhfi+rtbT5ny13RIXNw+Estk+PTvX3tr+YT483L7+xMI222uSCYi8d0m/W8pgSCKozftwK2VtQWbq7vNxd3//6uryg4gwbW05EKGbLcsitfTeVmcbET4cDn1pTFLqWvtOWBAEaarbTXZffdH5+Pbm7at83BYRLlJrXa02ZbOZpvVmvbl++rRMq1prETYAD1Tvrq6qan1ZtLcl4X2m2rWZje1A7gO7mWv07BTCLQIDmIAQkDElO1ykssiw7IoIlVJXdapTXa3qarVer6fNqp5vt+dnm6uLi4uL7fn52WY1FS6UIFG3rjof5xcvXu33j/cPj48PDw8PD3d3N3e3d/f3D8f9or0H4mo11c0Zby5AbZ7nSlhqMXdVb6AW2lrbbs5Wm01vy2Y7bc/Wu/2hrKQd2nw8Pr9+9ke/++2Pv3L1F3/9d3/xy7v/6X/47758+erh8REQX7540Vq/vro6O98KIXG1wFev3/793//09vbmO9/97pOvPEcEEiD2x93dT3/+yeNumZ5cvL2d73e91RVgOXz+qw/r67vHewN2992hL2bZAKg5uJt1y5Q0NURXj8VRgAkxxT9Prq52h+NPfvarh4f7J+cXt7cWZgCeza0Qd1cAYEI3dteHh8dnT6+JsTUtzEW4q0dA74qIxDhttpsnX1lu3gSgqpVCAZTWNnV3deF0kGEEMEmQIWDCbyGckIgwwlhkYna3VZXNukxM11fbs83mg2fXTz948vHXP95cPecnHxmu7/e27PZ780O3JeLm8fj6YWm9EXpbGqixo6ZK0BS8EXhhToElEDhQmKFbWGgHThlZIisQYdiYU1VIpRQHQOJSJwjwcAJyNNUxomYgYeqGZ1P97j/65tu7+7uHozD31jsqAJlBEPJQ9HEpFJ7UX8uxBHFVcxsQEQkis54zCiQc1gAAU3XrTEjEZpHbsNPGn6vgbz29fHn72IKWZWEuNpxiEBYeDsQAJyCGWwComWfyAFGYq7VJhIDUPCgwfFVX3p0BqKB2E0BzhSIAKFL1+Lg3f31/T8eynqR5LMtyc2jXm3NZrfcPy6PH8WG/2awsPACnaTV3O3Y1BGHoAWUqwsweLLLvYeoOZujqiZQIU/XBYXaCpFoEoA/DkEMknpQylBEA0cLLE8AAACAASURBVE7PGlMDJsyXGcFEizkGzKqtex7+RIAE73O18rK7uTABhjXjQkiSwTjq4QAK4GHeM6xBEwPqw0BCKRwyt/RO5DMmrVBF0JJJDpCIVWKISL9fAmIAAtWCArtZhAICF2ZkZFiWHukViGGQ8iGVpsBQy3EFA0JfOiYlvHspUhmtu6kHhKkhBhU2N0R2dEY6MVHdzIQkm8kygZnvHveI/PD4GB6CBIimBgGpzwEMRtGuUoWEuJygHQgQQYU8XFhSkw0AzNjaoj2kcKG0K7CZgoOIDAESqIeTu48J4RhJEwYKmQWjEGJXyxsfMdQ003IAUSIywDinRQPtDzDkdKNuHqpRAOJhlxmFJg234LDUjHkbZEypQyAICyCp99yZAgB6AIK5mWsYM1PyggDB3YOS6Ip1EkgzSuRLTzpOZlidwEsMMFKdofcOMHp+yuEtjH0uIGSFa6GRSQvCgBg20igRoWtH5Gw5EJAITLV3EykE5BppyAoYvqe2NDc399Vqam0JAAYi5ONxzqeCn/iI4Blp0NPV4WEQ4eZBGGqJcW29E0vO/szSo4JuqgEn6RS66ma73Wy2tzfvcHTMwaWYpV4y7eqRAi0SSbU4AGhrUggRlnkx14iQHE6knISAiE0VwC2ckRgYINDJAax3FmaRTFUDIkyILKE7mCbXxT1QuGbrDQCpJMzjIRuJHCxrNyQytwTCIiEC1lLdHVADMdw6LF378+ffnur67dtXrauFhgMxq/fc/CQgAjyV0Kjguc/SphCRD3ZkFmIM1AwXTJUUIWEBCEBS7UwSZsjpA3oPoc13Mu+0XBMSUDJyUwmKxDS6gzyu3BAgky4gdYLEgQShSBl7DAFBRO6Ug/k0AeftBBDg4DTy6PAkFMIxaIIIYMIIiEGxgHFcplUDc5Ieg2SV5ohRTMOorfEkdoPxI/zEcxpdhuPYS5xaAjjtKSJyDxHj0xTvtw5ZowQFEErvZraAeRADVcSKmIDeAAR1AHACxgxNGPKhQMx80/HeB4z9IASmV2n0b/l3psfHh+W4291P02ozbc7KKlk0IFzo4sn64trV2uFud/92XdfZwqTDINyJEIAQyLSHAdZCEWohJMzQ5se4eAIQ4draYuoRNC9LlZV1n3olkG4xz3MtNQJba9ku5zs4BNnMwhJhaU/pHu3Y5sPxAe59RMYDMxOSlFKrbLfn6+1mvd7Uupo263WRq7PLWrgUqqVM0wpzz+vBjMxCuQEkKkUCXZg5/z+5EOEIQSxELIULCzFJKankLlxFijAKk0eAQ7j1pR2Ox7vb+y8+/3LeHw+H3eF43O/3+/1xvz8u83ycj/O8pKEwc+6Ic+VOjLQ5mx4Py+7u1ZOri9/6+IOHBwCi7cXmzev7h/vDZi3bs7WqPj4+rqY1Me13c2/WVJc2n2833/uD3/vd3/maoP+v/9df/L+f9uuPvvPtr33l7Wc/AYS56YsvXx6PhydXl1VYiN3dzT/75LMf/c3fcpHf/6Pfffb0+rif23I8Pj68fvHqsy9ePy60v1vu7o5zR1jx/nHPt59tP9w/HPfT6kzN5+PSWz8cZ8fo5h7RW/fekLF1qxOZxbSaDMGsX16eQdAP/vbHh3l+/uT59fmlAt7ez107KEphbWrhRKSq4cml4cNxnue2Wq+QaT52rsxCue9qcw8PZtlePg31+f5tEW7qSMHEZmkNIsRISbO65yMnIAQhhN1deGIA5KgFKwkEV6aJaVXl6vLiw48+eP7Bs/Pzi+nqQ7r4EFZXjnKYj6927fXt3kUeD50mlsIPu8V7B/U+z8lfjki+AiaDGQEWNSLUaCITseQ8lZEtAAJTc5w5ReHORYQk11hY0NyHzZJQu+fSTzUslNQx6Hg4/O9/9v+E2eX2XLsv3Vgg41e5sBMhkZsJizmYKxcGxNDQ1pEYmQPAm2YtjsioPUxT4kNuBCYZhBcQYygJCCFCi/Xvf/c7/+N/88f/87/5t48HReRT6UKp/wcAD0UgV0NEZg7XfJIhcgInNCLRBc0aEHIABYvQMh/SjEGAHqRui84cIiFIdgy4b3Z+dT3P836ZHVAXjYa3CkvAhoQDH5vvFA5gO7WWUvUwkgrAVfuW4HGJABGRRTNXD7qqQ5ibh6bELxEPKebwCEJK4A8xW3cg8jFnMgubZH223dw83KTlNGXT5oEAR7UeniePIABG772rbzcbQVFTxYWFQEcT2FQRkQMM0D3lbBYRRBRAQGjhFoaBEK4QaXhPpSuaI4Sn0MUHyRQIkAAwunq4lakgs4V56pLAM8EXuICbqmO4FInujByAWcQDoPWe8GwmAmHIBzACy7DTSkFPSwJia1proUJq5h6tz+cXl6K19yXrH3AokoSn6NryvVTDOgk5qBvWYm6AUEoBy2QADIBaq/b+7u2bwtXcVI0wDSbUextigzQDYUSAIIB564qIlxdXx/l43O9jKAcCEF2VuTAFIan2E4aLzSLMCcnNIDRN3jGivEAtODFT78fkEAEGOS/1UWSkZm/0f0BOKf1Pho8CpooKERBMnYWZqGuOpVKuBchuZoOFBEOi7RgUBBCu7icQTeSmPKXkHhFYiAJA1YRJgBFQKUmpY09OlL06J4szwj2Ck7GYay8cLHZAQ8JQICF3U8vpLiECMaoZxnBRpJJWwyIUsSKgqpGkHyDSRKeqAJgztu3Z2WG/y7tJ1dI5cHKpgJBEGhM9k+Eo0x8zR68dm0ySUT4n+QWJJAcKLaIwIaKrI5JqP+73oR7MMcjxDgCMbOAskHxf8LAOZpExpMzc5p71oTVjZjN3cB4NWYoXuGts19vWlsBk1nqR+uT5h6/fvDIz8Jhqad1SpCCZegdJr0xVmEJ4TvfVLCH6roHMgOiWuQtZMeNIJyVGQFMFQBgLCESkKuVnv/q7ScpqqgExlbrYAh6EREQa4F0HpL+IG6QIHwAAqTeL001r2SQBuCkSY2qu1CK8lgqB1ntGAIZHVyVGkdK7ETIiGVhEkJB7uFuaJnvrSKfbICUzELkcEClAhEDuQIn4AqATYpXGvB2z0qVTJZ6mFEgC70m4cRLwBEJgsHuAAGJ6Fd5/VgMgwGNsDfC9iwBHW57bAnjfHMQ/+MYRI1sYAJKNkXJ0BPD3qKL4B8dM9huYzROCjz1C5OImTNHMAwIq0gTEfuo3MMVNGIMbnW/C+A19LH8hMAzC3y8d3nuY46RvGc0AoXtEn/fLfNjfr1bb9fYcVhNJBQAkIpbN1VfKtOrdcKg0yQHG+j73MfnCEZBoXc6I0NsCFhAaYUGUwT7IpK6VPIGzgQTgBupO5mK6UFBhdnOPdIW+X7wwBGTTlmVVviACoBwxeqhqVz0cj/E6d4QpAQtkEmZmqnWSqU6rTamVi+TDRoiYeapTqVKEJYkZhAiQBrD812muFqaec9wIV1XrZqq9ta46z0tflt6bmWtXO2GCkzEZAIAkI8gMkDADp0qR7AdZRIRevHz97n4PUh73xw8//ErvftjvpVREmJfDqm7MtC3G5MRMAL31w2EvLH/yT/7wO9/+Ztjy4ssv/uwHP/5Pn0Fc/eNvnl1eTPzXn39ey+btm9vbuwdGurhc9z4vx9nUAfXNm9ce8e1vf1NEwGJ3f5j74bB//PWnLz57cdd4I3pQd9WQUh7fvNjuX4vb3J3Ztdt+P7d8teBuYdaXBdFzMIJm6IFhzYGfPH3yyaeff/Hqdany8Vc+RKTWuwafnZ3f3XVz056hS0GYwSMBjkDMAI+7XZ2mpDVps7piqaRN3dFyD1D47OkHFtYf74VkXlQ4wmFFlTg8goQpEEPptHtkoYJs4BRWpbCU9boIEKivKl9dbs82m+snV08//MpXv/ENLltfPbmPenh3WKg8Ku6D3i1w3C13u4MCbjbT7iDH3nVpYQoUXLk1dROkrOkNI10iyEQEQVQBEQXBoZvXqTITBZgZIaJAIU5MHxIWZiQwjXmZwXuEERAjmTbtCl0LRoRxAMt0PDZzkFLVNSiQxVEcURgLlQS+swgidFUiAaLAADPEMGuFRErNqWxbFhZ269YbuVViiOjWfJxHpGoALsJ/99mLf/MfbnZzF5E+NwJHzDUIEbG5p0XMvROI1Jps/BQEuOV4k5o5IZgbh6yn8976iF6NyMFokRUhdNOH1reAZ9vNrHqs5X7pEBNW2R0Or/a3SNLVhKXN8+28WN3ssd8sbTGHwFKFsLiB9vm3n2+erOWHr3dzz9CPjJxEBzU3JAAfOAELMA8sDIBmHQnSio15zuYeOYxQIkCYmjVHd4OT0U6T6B8+oIxhHjk+cAdGZKLBV+OldbAoTGqaO+fmnvMCzm1/zntGugMkMj8gVJ0DAcliQFRTpGo6njV5otr75xcDMiIAqJ/25SE56gbUvGIOKFyE3cFMxwY/HAuHAkAsS2MqiKS9A6KGiQhizvuxFHGA1VQR+bSTcGZ0b6oOHqZKU2HM3gBEGAHNLXmBoYbDSqpDTIaWlBdAJx4cYeSqpgDgblKLWlfrOappbYmclI3HNxIDEqv74+NDzuozl4cJA6Cs1uq9W9tMqwLV0QAz1DhHgx5gz59+8LjfLW0BABZ2CyFEQvEcFlJKmk565CGyAQ9ggsjIMRg2bUgOU5b+cPpTmizh/Zgw0kWaRduQbw0oTlLMI7cKWfvkNU3QKZxog5l8Bh4UuXQApwh3IkrdAwKOHhEIA80j3BKOgacd1RA35z+WCnpEZKRQNyZO5IXafAKzOrqVUpmLobOQO1ChLN0wXRFjXOAA2OZGwpiJVkLXlxf7w8E1IpwQkYSQIkJNx5oDECBEJMLrtFbUARZCzbIy3JkFCY2YIMx8aPsBtamjAZG5MhdidAjrPq24HRqiMLGZE7ONNGQutQRwqHLBpJWNsTlQXhIEDDdCWpXqHsiltaUWhkA1XfqMQiXIQlmKBBO6c3iznBIzCxDkRDwr6WwdkWiMIhyAs6d05JHXx8KmqWcBdUOi9GcToptHQKHCJO7eTSUCEKb1dJgPxEVUlZkICDk9ConeTwTBtFqlanAUrqkaRAiIvMc8gogsLAJQ8vdJqhZiStMkJWMEHki5HjslEXiSZNm0IzGLkCCbwIj2JKYY/ZfZCiiG6BTH4B2GSP8E9ozT7Y+B+X+ZvZIFc/5MoAyCQEzwAgzJEHpYsj2H9GvIdCh/Uxxdcna46B5IYzmQH1g8CRLh9BHOj+fA2SYnL+ESeOpmIidgMWLMhpk4q3sLFJA1YgUiBwQ4JRycjhSIU0OS33rYkwfXiZAhyNHyeuBpC5L6KAiKCI9M/xljoTBdDvft8MhVZNpOm7PVdAYEx+N+nu8uLp4JkSFaGEZJzF0QBMK0OjtMNdHO4QBIDraa1pB3AgtE5qAQAVeeUk0GSSdGlMJVyiF3Px4UkToHcPDM746Rgh2nV512jtGpBo1lKyAgYioqEvAEGO7q0U2X1mmHgPeZ7pmwPNNEWiFlmR5AKRXLRUneJnlt8pp6BAQRuDkRqxvCwMQWLijpq0cHlFKYCJMdCsO2QUJpzQ8aN07vKixSJNFzd487LpPUzTzPL1/drCqvt9u72weZptV6yn53u163tsyHXV+amX//j7/7z//0n3L0X3/26V/96Cc/+tmXd/akb77uHS7W4t5//ekn55v65u07W/TyyWWt9XicRXbqqsvh9eu3zz94+uTJ9ZcvXu8Ph93DMaLNy/zFq7f7hp2c8DAfllmptNYebz+k2Xrv3b3a0nrremydhfqxEbhr9N4wEpzn1uNxf7h+9my/W372yd8dln55cTZJfXjY11Vdbzc+69nZ6mHHYaGmxCwMao6CnDEOxu5wXNrDw2673XBhN+jdqDIgAoU7aFMC4FIuP/joEfF4f1OKuCkgsXcOYgbXEGFO8sxwzSAyEwVK5seQoKwnZsTNqq5rubg4++jrHz//+KPts4+OtnozS/PyZne82e1uHuayqTu1/dx78P6wP7YWEVW4mQmgLi0ChWRuS6krNwRzgCbCtUyqc/eFyYVWEOgEdVUpI71zHMcoxBYewEmsSgCegal1dEMzA0tBQYQxIxKS1yRCWlichIBUCvIk640hUlhfDjnGzm0lIVHyl8z6vDDh6ZMVbT6GakQcj3uMRuEAZBYeeqIpcJhCuJqD25t3Ny+/6FPheWmB6IBEkp+biHCzNFp4BJC33l17YnUQKMtkTHE3kQBz0KqWg81mrZTiydMZjZOEu4MpldkcISyW4+3NGZTzqyfvbvcPrWnM67qeSLSbQbj5vcXRo7kRMoMEQGGu3C8myQV7667gRKSRsiRX0zz9HcKsAxEyq4V5pIApj7u02gbBaaEHHLLMc7ee43+PSApSZRah7roiVvdA1FPGsgM8zkfzEJHcDRKgIJaJZ9UUR4xZVsp+c6I/KCQBkDGjmbQbkEp0GADMLCfHQHTwz1N3Qq7e5pYTrOfPP2yqb9++QKwOjkFSRJuSQGvNEZmQgFgEI1QDAgy8cCEY8cAyla7OgGbuZkyIRKoulRh5f1imVXF3IpZC89xMY5pKKFycXRHzuzevWDgXLMwcGEhCg7GeD6lgZHBjEiJ27+MtwLGmP+nT2tPrZ9/82rd+8Ld/Oeqo3GmkQ5oAR31CqhrhlauFwxDzoPZ2cXn9z//0T/+P//N/C3MkisxnQyhVrBsQNtWmLXn11hUAUQQJBTxntIPwE6eaPrFFMF5FFv+Rmrw4jW9TZZMPn7HeduhJOAIPDyli5qqKECMMmU4y4pQZJMQyE6/SdwgRDg7BTLXycV4ImQkRIXNZAAIDKWdsFAMyHh5OkZFdCBn95b0Rxyl2FkxDiBPBJ0GUvG0zCIro8Q/1D0xjmMqlaTdzImEc3soM0I2TrhwBTU21E7MtfbPegIf3zswOwZBYNHjvJ0itPxJcXV7PxxkQxuxt1F4YGE075BABINV45s5ApRY3R/eLy+v7+3uPoaSQqa4gm4Vo83x2di4Iu/mYzgF3761NtLZQEUnvUHo4iRCJEci6DlVPOKGoeSF21zevXpY6lWlClN77cujTqubvTEgOMa1qLdPdw93QuRB4GIswUXD1vA3NhEswRDjz4JA4eYxGc9xzSJwfHguPE8uMCM0MiVeb7dz70uYihX3Mg93d3Hm8b4hIyCkbHw2lRyBz2u+HjA3g+urquBwPu2Ma+iNgsBeZu1rXlrZRBEzFunsQY7gLJwA3uBYCcDBwRkBkSZd9zi98ZN8GAmZUDTqemsYApEyEyjo4HfmAw6sC2dFgIObI472wZ3zNKM5PKB7MnxNwCu7NtichPslOzTo6Rr+XsJKTSxRgeJURxwQAMb9s9CwjXCDe37Z5YKc4KC9eipwEyxp5QiBLlADDsA0A5C4ZT+uJ8TzO15tpIrn9IcDAoCR6QnYow+0ACITDGzB0fcMk7wG6LEubl/39cTpfbS8iY2GwBESprMqIiMRmBkAYUcrqw4//0ePDu+P8mDF8q7OL7flV6wsxw0iiw8IJOGei4h5BERHCZaobRMZwFgxCYsTTjCMbqxEwEgDo6bHKcUC+60TDDjNmOeNCpBsbiTkgzMHNpQhEcECEC5M5TptJXSM8S4u81pkhCKeTG4ERgIXDAgjd3dVrYSIWsHCHCGJK5h0AcS2VeCxrMOd/mCIi5mKmS7eAIMJSCgFILYQUHta9yNTUQftUZVmWcIYAJ59kdbadhMlc94fDfvdwfXH2T//Z97/33d973D389Cc/+vL1ix/++NMv384wPT34hic5m1bPrtYvX3z+yS8//cff+ebN7Z0IbdYFAazbcbdr8/7161ev37z97W98dDjMtw/7VaVlWQjh/vbhxZvHQ4fFZp99v1+c1zYvtr9fbXVelq6mHs1syc5KQE2FSbVbKQzY1Re1sMY83T7Mv/z00/V6/a2vf/Xtze2iJqW4haqmX2u73t68e5dPqu6U5CYmBgFicrUAfHjclVpFcq3NoOnxRUfsatLV3cq0uvjgowjQ3S1z6abLHKupBEIMvSoEgTDnTDqAaim1cK0lP3XraVpXvjxfbTeb7dn2yfNnV88/xun527v2yc1RoR263x38y9s97g/7uR8eZ66TQ/QW1ntfGgQQkiNrc81oq5MaGwGZijsEYtfFIlAEgoUnMzftYSpIiKzmYY4MKZXMrZ8tS+tdVTkCHQjCvIdpqDkGrVZS130GQAIyhHw6FJTJy0Sr2pcFAgDZfAk38KiyCgC3sLZE7xgGyASCYf146K1TilDNIpSAmFj74rGMsPDUxCIKwrwswFS4tHkRJkCyHBUBBpC7Qzgh56OKECFilKeApp7TzjxsMUCoUMB+vzNvkNAYA/TQcCJsthRAprJ0XZjMdVZ4d/9wVsrU+oP5AZBIKsnBowEcunU9OAtCgfBAPGojJMAghJ/e7JjpEIQSmBoKINWuqkmJi9Mpg4jqwyE88mUiPIOz3j9P3AEwPAIhKUMRkOFJgZkF5GuW33ry7Ndv3y7RIRcLgMTY1RwCAy3SF4FNFYG1W+BJYgxugGNbk8cLOADo6UmJkFNeAAQzBwTN4K10bEYQITGGxWn8hOBBRIHx9t2rkTwNERGbzZqYb483Upin4ouahQjrYiRIQmqR8qcAZEI1M0fIcVZESj/coc0NUFabNS9ttVlfPXn2+tVLQMIgKWBhpZR3t++KyEm1Gnl1GImANFTnVmoB4q5KEcTsZhBAAx4JAxUfwEThwYTzMr+9f8e5XQEBwAAbI/nxzEd3IwQiDoLEP2TZPJVi7n/xg79svQlJb8rEjBxuaX7DwPv7OyQUKeZGzBhobhzE0/rSh6wlB4GRAuV0teY1wDR7wuCIpyo6x02ZJjBcDBGESCSMfNIHxPh7QITMYxtDcD8BBNM4QMm9GSNBjoA61curq/1hn3XliJ6LICBiOmFwskXB1JpTbkqIwz3MCbHkZhByVp0tlP3RH3zv9u5Ge89JeSoBEECkIICw5LA/LALAw0e0b+o2ct1AHOGBA6ToEDQIleDqiMgsOK5ljjPHO5CfTo8IilLr426HZlmPEWdTkW8/IaI1zZ0+QI7gPCC8O0q5vDyf50MWtUysy9zmFg7rzapMNQKYB8c6KUNSKiN6mDAn5FhqzfNOTT2iFEmQf4o6mQk8aq3E0/X1k+M8Y9Ip5VSVAaAQACzzAuDoQEgkEgEAHu7atUhRz1nAyZaVAvfwjA8fzX4q8CFN3pDcZT9ZFLK4J4zD8QgQQpKVJBKaWoSDm1CRxDcFtLllpAIyIUSpFQF9YHxHdGVrLdxUrdbKRMN0GggeSKhukA68kWgBQunnzjvvtKxKWBYgBDBTQDoisi7H1bSaVushoU99O4wzHACCghjdQ/uCmHO+Id7/B29T1nSImGkjREwA0dvi1uFEPIA8SAYAfixM835VNURiKdk2/2afOobwKcTJGQ28VyTBaQ84ToT8m9F5QK6P8f3XQiAWKBuatsgrwAKQ/IfRQo+RP2SsH2K67JiIOOVwQxmICEBDrJsUgsgKZ/xekSkmOXbDkxXaHCDGogEyveg4Hx/dFkEWnqRUi0jvmJshopAQgbqWVdlsz1fri7o+X59fb9dbcyMKopQ/lvl4AAApK1lvWCRQIUJ7Y0aWuizL/uEtcpk2W2FO5xYNhZuDQ/ZNmc2UU4X0uOf1CchKCyLjtvMy59ol2zXzWni/e6iF6lR3xz0TupoDUiljgcCUIOYAIBHmRPswMQmnqpVc593uHoAO8/3huBMpaj3DJRwCgwjg4e7NfvdQpGp6PSzXs+SWQkwspQIRZ4Q2eBn+M99sNsR42O+k8DTV87NtRups1itr7e727vb27e7h4fpy+y/+2//qv/+X/6Iy/eCHP/z5L37+s1999mf/6de/foPHuOh01nFDm4vN2fk/+4MP7j//+x/+4K+unly/e/euFrm6PHv6/Pn2/Ky15e2bmy8+f3Vz/3h1fXFzu7u6vLy+uri7eex9+fzLV//xb77YdTgcu3bLaSVwXe7fff3czvB4/7hbrVZSeLefzRHQlnkRQXdfrSYH7Kpt0fXm/MXtwy8+++zJ9dXZZptzzN4t00uW1od5DmJuDcxTujkaWiA6TSFy1N/bvFqvhBkCuxoVyTNcRNyyuHIPOLt8EkTL7p6YHcBTgxqQkkBmGsRAgtQvr6ayqlKFVqVMlc+39emTi8vL86tnz7767W89/eq3zp999PO3+5c7f3dsn7x4szhirT1oVp8P7f7+8bib3Y2FCJ0wemuuJjISQ0sphBDqEJoXtOsSAbVOJMVzBW5uqZdCRJI0QpSpjDCUjN9RdW3oHupoZqqhiu4QVosQUWvLsizWe+b+AiKtN2VzzqVGWDscGDGDMABiOMsiwgzc3BLyi6odVLVrytPDzPuMA/4eZkuYcgaqRCAEp5ABI+2uhQDACUbbYwAYjuEYAKfmPJN8rDd3Jxquolo43HJBQ0Hh3nTR6AjIKGDOhBig2jLNt4qgQUFcl8kN67TmQjPB43xErkiVpNwvx4OaMhuiIXTV5FVrmoITcMJl17QDGOHcW8fQcAVXtTyiLaKbJvzI/T0YJs1YMdoZd7AIDxaGnPvFCbuQpWme7gSIZGH75dBC8wB+79YaIOkh7Amm3LckkDBddXEa5ROTJNouxsN2JFSmkzuV28IU5hm9GRCYpE/M5RDaiLMNHBEcABHW+2q1zkFX760vMyNK4aQm5J6m987MQdGblyLdTArXabUsRzgJ3RGCeRi0Sq2lsqourXt4by35SF2NRCIyeggQgYmIOU0jRJgObCD4/d/53Zc3b0doVW7v3IlQhDEoIKOuI2dM+Sju3t68e1lLxRRu4cjsyaczE0GEuQkzeERYEnQGtp3YVB/vbiepvXc8VfBZIAVQsj0xMIFWLIyAbhrhcnF+dnN7p12zyCHO5zcCkIchYGRUVapyIE50SMreNFNSRz0QAETComYsHJYZnOmsDUTOeiMcCNNIjma91GrhlsIedwePZsTSZ4mE7wAAIABJREFUlv72zTsCliKqGn7KyhmKWXIwJKbAAHdwdWAWaz3SLglODplsH+hAjAQEKFBevXsDHCIEyNMkECnragxOIQNnK8WjEyCShA94KCCiA2IAZiQEInBXK1VKKcsyuzoKhoNMHBGgyMKuCAjaGzJndUsQYbB7eITwyKxHCz5FYfv4UY5Mpa5YuPeuXXNovFpPreuXL14I50TUmQCAVuvaVVU7Sz3sHqdVZcYhxAJEAibpbVZQTBYtACIDuLkTBNSSlaJU7upuLmMbaLvjPsGvUpgQ02YBCBhOSEUEEFgYEcyckdUxvI+ppht4MAsRqpmbn21XSwvwLNBHNSQkHtbVBysTIMAZaOQtZgxXZKPIZh0DCIuRJloOh4fUEWlaT+vV6nicu6u5Sbh5hLlUbr3XabXebh7v7+uqntVpmY+mKpVFStcOwsRcvKr1zATMYjzb0uwK5zbXWgioLfO03Uit+8ddykgQlBCZZNTR4Yh5TP2mXh6Hr2PY0M3lkiePtFMXHgDsMSzIBMSII8TtdOzmCTwWVkCBfhL8jb44DzYAYCQb1fsY9fuAOI1dQrbdPsr1wEh7BXi8h4lmbw/pYqXTr40OQCVkjbIFLAGIRHlbUUCEAgTI0I5kqHS4E+BoCJERghic0nEWgZaYouzIPSw88DdByXFai1AKZsb+wCL7f/f048ZyWIza/HhPU12dXW/Prsu0Go1C/lAM7xqIAEYCEba4l1KEJ1c1NfOw/KnEFoBuiCGFa5kQSoD05a61trk4Iy4ewBDojogIlL8ppTrHYSzpCMMgUiaKCMBpYAJCpwEcRBjSIQYE5t72l5cX3/jmt64vL5rFn//Z/y1SRSg8LEAEI8Bt9KVuYBCMwUSeCi1gdHv55vPN+nJabe/u36rNtWykiqOzCAIK8uef/lx1ibDjfPytb3yHKPVJEQBcGDx7NORAhGAmArPTyGY/H8s0ffD8+bTZnp9fhHeGePPm3Reff9q1P726/v4ff+9P/vPvna2nn//yl//u3/8vTa1p/OQXn3/2ugVfOlWKKmUClIhActX5Zz/9eSnF1fqiUCd1iACz9ni///WnLx8eHlqzT3/9kkiePr08HA63d4+lwMvXt4dmPcgWBRyuoFj20Y7g0bSBg6n3bktTZAJLHTcOaZknM4Ruj8u7+/unV1eF6+P+eHmxLUW0GSAw8dwtzYhS6OL87KbdIgJIpt0RBrpZHvDECFi0L/vH/cXFJSZ8vikJpqyOa9FFLQsMps3101Lr3esvwQwU3aEwpnrWAzIZGhFJale34HR8A2OpVUrdXmzPzs/qeg1calmfradDt3cP+04YZXV/OAJSD1+WRVZMx5iPCxISVNfOBDKJonk4hAsTmAJY5s2ONSB44UpBGEEI4B0M+LTjQwrhIlKYxAITypdAzVGIh4drqJl1ZgLmqa7ctGfUgLCZA7OiAAoC6HJkMEZSVZ0XQnQAt24ehSe3CO/m4+kPAK0t6fWLcOsdT4tM7Uu4paKtsLi5uQE5RFRm61oYCvPcencloTTypl4bEX1kMng2NJG6bKIM+2mqMoLEQN0A3NEEuSKvixy6ojsAFhESNvVJ6OJiI+4IoYqb7eXZmr94+24GEAJ2Q8cGMKsX4ZzcL67midnASapGN+v9qLVw79YimlnTcERN6kAEcqIOwcLBwB2RgvLIM0cigLBunEiMbskvSicZYN64ruZI4QGmJpmhbi0rt8CIMDRwt+GjMw0AYiQMw3A3QErRfD51slXQcAggSYBG5NgRAJkIKZVZlt/FzaZS5rakhgJPD/hsBiDQfVT/AEEspm7dEyTjGILclu4YwpLxYmU1BSShAXrvjChFzs4vD4fHACQM0xQyufYuFZhLhj9M08rUlz4Ts5ojghBpeDMnQncvIqWUE2WEuCAAGjhLqWkaCYhwCEMiLgJZsOcoK8AcmjtDJKKn8Gpp5nYag9KYCoWn5STGIh6x1mJmc1NmQvSw5DnxcW4ZiJoKnGfPnh0Ou91xJqe8esREjqpKQzIK3IxclSWtskjEml6+01AKEFkk4fcwtAHjT5k8NcaCp6GoQ5hmFk+kXrb3RsPENwaK+X2TXbI929ayasscAAFITFdXV3PrIuJqMTDlqRImRIpAd80aiFIDZA6IkbJ7oszDcw8qlM/IaVXb0pAyU4/ubt9NRdCpWxcRDzPXr331m+rRrWUEVQ6g6zTlRiy7mjE7RShFmilgEKJIcTdCdFMMIqHetHfNQeJIIye4vLxmqWo9IfCMjIwXl2e964jrCjdVERYR68pCDJSzT3U1tRRiEJG5EyIhRwSEEwZRAKKpazfVzsKB4QYyFQgw7b23qYql0IgZM6kvnIjCodbqGaOQX5CVmntAqCqkCA9zwJLnUZzglcA8bPJugQFSCia5VUrEKIk8vExV0oVAdLLGi3YlklqrNkUkyHYLPCIYk/wlGSYNDkjk4eYWEdM0MXC4FxEmDnB3HUskAiZKg3e2duGOACxUyxRhS2uqxkzHw7HU+k++/ycvXn5p5tn6u4WrSWEwZ6ahbCPIomikQmYjylRrRaa2LIWZCBGilAIBblbqajWt3YdeBbP4TzU9ABKwsEdYb5iAv1zznTRCpy1HqsNzDUQkFO59WVw74hjM51Q/POPzUrkzyvvQjoAsYmYYafrIIf4J3/Ne54Nj8D90RDj2ckPfH37Ci2YnT/nhRSpYzkC2gYJcmYW5JCwYiVkKsDAX5IJciIVYiBkAUt7GY5g0WKbpvh9iMKDsmRAJgXMvBSfN0sjri6FWH6Tr5IKNkQ4GEiKbajs8Hvf3x/0DRFSeRCaipFkM2WIGr3ESTXJoGAEkvR0hoqy2zFJLcpJJ1bZn5xTw7s0XHnF+9VGpG4NBCXTvqaNJiSeCQ3gMsj8S4/sNz292LIgcpys2YGWj6Zrn3R9+7z8rUl+8+uyDD77a5nZz+06kBlIRzjUyc67UIlfDkPfLaW5kZg+727PtVXg0nU1jWm9EErXKALAcDvf3N2fby6mumMv5xRUM3EcWtaBmGGBuQw2WwaJqSEJFSi3r1ebq8kIobm/efPrpJ1988VmY/uHv/96//lf/8r/+L/8Lxvjbv/nrP////vLtzV1w/fEvvvyrn754mNdYr4CLI0mpJMUc63p9cXH2Ox/Vn/zHP99OUphvb+42q2l7tvng+dMq/Pr1zWefvtToL16+fvvu5vnzq9VUPfxhtwfTH//ii89f7s29LUs2s66GyMv+9revcIK+LK0WIYDjPEM4QyxtZpLc77XWCHHX7NW7m8vz895t6W3MpMzc3CGE2DyW3tMrJIWXpWnX/ACOz4wFJTcPPHWHrc1ENE2rJEAISWHp1nNFCQAQHqbuPm3PtmfXx/lgrRFiT80AU6LXEjwACMIUbsJYCwnzxcVmu57W69XF1dVqu/3ga9+6fvrxvttf/urtZ28e7/eHbvh4t7u73c+H5XBcEML7AmalIAZ6t94Mwl2t9c5EzEW1WV8QQUgQCMAQAIgMQN2kVKEKI4iXEiHtAVQns+hL78uSn1Jts3dFMzQPU7MebjkUDrO+zOgBkM5UABJabYDZTb0t3rv1br2BOQaGj8re3V07ASb4zX3ErXhvEEZhGEFg6C4EGE4eQjwEje6EvlkVRsBABJwKuVs3B2Qg7GpxEoSkyDL/y8IUmWpPbm4BzEyUfLmRsOHemHhdNqAAyUlxEyFzWHN9tpLfvt6UMDcHxv1xniqb9tlwdnMAd02IaQ90D4XoZhma6+BAKFIDorsuas1c3RXDAdUMGD3j2BEHnhYsK++BX3ALD/MoIgnWoZwjA3nEIPK/VygQ+NACMAGgQ5hzmgeG9zMjhmFVJgbOQVt4pIPR0kAcAWBmwUhAaK6MlCwssxghlJEys3y84dyOq81mvdmaG4toU5GRFkknJ16MiRoSZqZpEJIm0Z+TcQRjUXKyBnKhWiZCMuvjCUagXQ/7R0ICpBzn59pVWIhI525Lz7xR8yBJ66YzETMxST52CYAwWuullIvzcwRalkbITPz5i88ZkZlNzSMAnGHQQ3tvSJhkxVTVMDOM8B8UYRgr6KRRoJkBADERExAQBDFutmtzDwdmjhSlEzsEMkNgYQGAUqZpXXeH/dCvOKSEjBI+E6N3lVxbMDAiOagZcKGz7Xq3m7V1ESIiYbZucGKFDq0yoQUgOjimGD8vU5b14IBMbqFNmTjfYD+Z1pNYkXLz/WEf49MFajat1+vN5ubuFsKkCGS8HyISx/vZIQEYMHOuHpixTJP2notfi3FTf/zRRw/3D7u7ezeudcqdlLmu6hSAzRsx97Ygkvc+bTd13j8+LEVqep4DoWsPgzqV8Bhln2BhbPNyeXn97W9+629+9NdmCujuVsvK2c06FxQuyd0wQ0LKwKmuza0TCuQzNV/K/8/Um/zItmbXfWs33zkRkc1t6rXFYrGXihRJmYCloQF3omABHlkzA9bf5pHhgceCIciGIUuyQBMk5SLFrlhP9V69d9u8mRkZcc737UaDfeLS03vfTbyIPM23117rt4hOx/N8mF+8eH737u7idEICxDRsAB0EFSmbtm04mkKKwoKSBUxuDqSqXArzvF4uFs5ELJxMh6v96bR8BOPWJkckWBCREalSQ4XXFkmIad4BEea0hQeRCAYLyZbSrqNOojbWfV2JICIbMjCh01RjcB+dkOvagSAWbQLaIamow7RJ/ZEBqYsdHumouAVVeLdYNVysAA8LU1W2YcwSkcwgpuPxKUGt6UfLfY062mRdHBFNZXTb7XbDx1c/+wrAJLqOgeyRGZS7ae88xqgDtHhapVJjs3lEgFh5XZdcoNuOKImFWTKz+6BSuMkr+hJ80cDL/lEOfNqU9ItDLID61VKCyHOzAJXML5yXDtd6kF1MloUVQiaE4BdpBBt1BpuVCpvr5KMrCf+/wyg+crVAH8cEyk17rNPkFii9bDdIlPQa7Yq4sUzFQA1fMw0eyKC6LBMOkGjNMCTMsqOMdEcaOQNVyFhxCOLkvORkagyk+uo2CSg32+0WaZBKSFVG0NMLgVOB5yASkQjOoL6c1/P5UV7P835/fXO4up12h5qz0jfXY4ZbJDPtdvskfaIgQFmEab/brevoNh7u337z1Y/H6YlVGfrm53/ZtOluP+0O8+5KuBWMRyrC7X5pPSCgsndEFdOmVGbUhB/BKPtgJqWAA44k0enVd9/9wpc//PSTL9Z1PS5PlVqqe65K8zb8d4B4Q7OXmbfuSQIazet5AS9mQ6fd1BSZFnBYlX9oa8fzE4g+//zLrNaKCPMIIMyYmaYkEmWZ9zthkVooEkZfP7y7e3h4OJ9PQLx8/vL3fvt3f/u3f/Oz77347rtv//iP/vibn3+rjVvbc9v95Os3f/XTb86dnr38os3Xy6ijL4Fqb06gEM67uw8f7u6+/9n37p+ezstaRPPh9nQ6fffq7ev373VHd/ePu/3ucLW/vz9msAHKeHt3XNyIxTIxjBo8WfqJfFWaSqBYvSvYwmQbPuERzLIOT+C4+Ou7+xcvnvkY67Joa4vZNLfr/Z5AyzqosTYZ5mO4gIj55tnt2t9VrxyzsGjxNxDhFlAl4iS9f3wk4t1hb24OElVRNd9Sg2MEByj8dDxO+/2Xv/yjp/v3H958A8/VM7qViXk3t1mbZyoAYg8W3bOijyHzzWr4cDwfPvlyun5xuN7/4Z9/91evjq/ujstyBrfeR+9rzbjnp9Nh3wR5fjqnLyJNtVkPESIGJ2UMUPzoV3/w+t3d+4fzJBPAjkiLJGMh6zZyuJmQtN2coG6RKogY4xzDqwSXWd3Dx+Bwcs+Cw0QaTFh6X9OMhG0DLhNUkzBG54wqq3PvkSHEGUaRAhXOPlai4g4pPMOtmk+p/DoRsIFI8xGZlZIpdSAsMuz5zfXz28O3r98NG3DsdvtJm+U4rYuAObmcWSXV1JwuqgJJSiEefY0kbgLJDMjUVGR0q7a9SZvKztFP61EJTSXA+107MH3x7PDsandE7m9ufv763cg89RMHWXIkTdMEdABMJBRVmZYs9ST3jAxjXykQhsiEUITjUsZTi1lHeGaEh3sy7Q+3p/NTX9dpN4u0vlrJmiRK8C2ZSQxmMhAJK22WP8/MLMtJUQTLasiE9M34ABLiXKwD8LKfJnnmNAshw1wnadNuOZ9LFwmAKKiy4VbPOyoZBwlzA+Xts+dXV8+++fqnTZkPvD8chOnu/sPUGikhKRKcRQP3tt+pZ+8ri1j2pGjaGFLzmtsgECjrQXw+P6VnFZ+DnCEVihZpEebpnKHazFIZ7kkiomX6cGm8uXNFwqOvgwhVVpvpSUiGuXtmHyNLu0PuplmZkRutilgo0H1Fos1KxMQUEWZDprb23pi5KQIEFsrg5PI9g1rTeqUnosTIsPxw/6iqLGw2ahCnhDSN4Q54uqr20d+8PZWw5R6bZBbbGiEDQlSGHblQPVK0hUcx8JigItzU+kj0zYNBtaBObOnOzbIrXKhRRDgxM0lEcJY/NTdLPbyiG1FC5fbDKGNz+DqCRPq6fvvtt8ws3MwHEXt43YeRsfGG69wEBshGry57Zh3jTKy0jQv59s2bPtY2NXMnFRtOgBAF0sws0IQg7JHTfv+Xf/WnnLmbd0WwZBFzI0Y1Crv5ZooWOIiEH5/u//jHf4jMptM61gx3ggplAkyOcPPKLdZm7cPDnRA3nTwCwDS3Puzx8cyAKpv1D+/fEUDOtVpCwuEVBGFSEItu7FFpUqZTZq29GNUcpqKthcfoHVK7h6y7jISX9RwJTuaKODNL2Yjde+8sIlo8BTJ3QVIdwmMrUthuVgDJkzYkIz3CMkmZtprFGISQgh5kbvZIL8mBlMTTtw4PojHMh4dj3jVuzdxK5KUkTmYWRwRFpjNJnVMJJMjI7KMTU6V7rbhPxHV5hEUKKzN4A0oSMoKq8sw8RKW4xOTWVF59+21rBVf0RBY8LKyva3/24nvL+RTWCZJwEUFkoWG6OWsDAskiEjECkhHDnDK3Dsg6ZmOD22bdL9ushI/Halz+cEsGcf33m38wKqh92aRu/qikjR26TRS1JEUiaKv23f7BR9k/QbiENy6Sf00DG+6HP6aU+bLZq2rxrTQMH/e5yGQS3j1Du04SgNK7r4v4km6ZkR7bJ+QE19UjYIEIsTLPYGFpBCXNCIMbS4RZ9UCCgiBbYXHw1kUYm8+/wvfVn0aIqKUfR4RvLiEtB3Vm8WBr55Db/mo5P63n48P719rmad613WGa9jpPrDNBAx4ZYsmaAhJVFjrsJmHZz/L+8a4vj4f9s+n5p+GURH0sdj7307mfn+7tWySEReonTzvVxirSGnjLEBXeITKAi3qyXSGJsARnZiKYQZTzfPWzn33z9Hi6vr5e1/Xh/n63v4rYrq7NPGa+SZDIiCyLIRJU1UhEh6ubsfaInKfr65vbkiEq/3s+n1trn3z25drHvDvs9vu+dmFSFSGoKs1zYyYhFfbMp4fj+fT0dDwOWyJ8nuarq8P3v//9X/3lX/6lX/7hrk3v3r7/87/4D//q1avj8eHm9lmbdg/H5e3d18Pj1Zv3HjxN1+FKQRQjgTQiakgyDxuDOH7+9XdPp9MYz5/OC2kDcxL1MZbz+Zufv314Oo3H9XRaX754iZSn03kdrip5mJ9OvQ/nRuYXlhol3GC9Gr4sso+cLL3MCWCLnIhba2Mdyfr67i6ydmgckefzoq2t69i1nYhG9t6HqLCyO8ycheZpOhx2p+M5t37MSMDM60Ab6SLSMHnYh/sPz0CHq30mfLhniEqEE4lO6sOHubCM8zk8Ds9e3rz45N2rb453bwsPMSw8hs80TS267yZahp/6sMjIuH5uqz3pze0P/u7v3r747Cev7//Fv//69d1xeAzH0/ExzZXg5tPUeh9nM0H6uk5tL5y/cKPns71fJmY5n58aMWCv37/r5hYhXGFQpspocet9LdtgmxWMywNdY9u6pBC72RhnGx2Rbp3MilArXJ4p6t2ZMtMjgpJVdqqzR8ZYCRllUI4iQnrB1BjIzX5aw31m+Oa32zbw1WIW5h2ZQYEL8dIjisH0eD49nI4JUm4jxlM3WMz7+Vd+8OXrdx8eHp9U1DxEeHhpXiSiVbdc/UgsFyQuo6/nxpiUhbgbtTYfnx6Ewtym1iSVCLtp3k/y7buH82nhzGfSHIQmI6yRuvnMbW77CJqbPq6nkXHxhZYTnMMjKVbr5BAiCLzIX0ThbhEJjMhq3WIWAlsMB0hb9DUywp0JsmuZGSM8EUAyB7YGm3BjkiogqvMkEJv3hsjdwrgEwGqyTNTXm54on0JU7NDDwwAeoyK8yDC5wMXcPNy5MtaykeaRYObImHf74/l+mhuTPD2dmNt+v9vtrjPdhtPmfeVEUGaYEaSoneFOoIjcoKXpVEV1QhFh5eASJhYg3bzYLUEYvlrGZ5//4Pb69m/+5sfMLavSiDKFPBJJ6U7M5b81D8rQSUXFPYXa8JXAlvF4PDZp87wzHwDCPRVh9SOo6QTGMPdw8mSB90EMYkFkOVPNHBuqlrikVsZY15yUIJlVeRrSNNMr+h3ulQQLcyAIUsfj4O1wIDIR0oZfTPqEgIVXgqzSShpp4SEi1ze3x8djRgJ8ejxHoqluSbUIJKkKyo9RMtylJjYiKOCRwswsrAJQWn3PEJUyzxT4sv5leBAzKecW7ODiMIO0nC3u6WmRyRQinJbwYKFEMBMLp8MihcDMrOxh5n64vkJkX3tpletpbSoeicg0r2o/YhndaDMupRCLwB073bk7i86znp7OY1j5tHIrQ6RIsKDKEAFSZe/OIC90I6hMbx4QKuN5CdKSmQxEMoE8Y5gdDoerw2HcP2aYZRKRQH1Ux8K26fLEZgkBq2rYxcftQSDzgIWqJHG4h0UdT81MmYlkam2+mZ+ensKCVJBUJdginBnVr8cT2fCIJNpMQQEXEYUg090CHB4FJt90lDKIIxMeOWon00S3sAixSFOhyEx3ER19JLSSABWBKC9NJo1hQiRacnAk0YauKWfGhSJQcFlWcXfmBnh6FSQE00VArTmrvBCb+lr/n0ByZJYNPqpFOEKEocTEfTUWcUunXsGVUj1r5/DJp1+8e/v6/t0r3e0ZwpnDhghTaxxpw7Ad5Ss8RcTsw5ilktQfQ+2UVLoKtowwAObk8shyQXGBrDBARD3O8PGPaTtQsJI5NotQbJjQuHxSrlEaG6l20+kvbM9LGuHiGir868ezPbb172ZxAyE8K1oRgeqyQ2wWfCbe3Wa7BijNop9gK4UHAyQpIjqVQI0Mki28le5kIxOBJxCnNOiOdGaZUhqni3gMy3pKsmcKZwRfEnpUrxtstcQBYji43DckzEyRkfByE21rbg+KUK06mEASSCMiB9yWvpzx4T2BVee2282HqzbvtU1og9OnNk1tbtpGjybx7t23p+OHF88+MQvPZAEj23yL61uizSsQ6T7GelrWvjydHuvZQQRmbm1ibdM0s4pII2JiAVFrjYo5CypYUNkvHWFm+/3N02l5Oq0ADtc36eFpSCTDwiu5mJGBIrBUsIQRCS/sf7Z2aPOemEGS4YTCn5EQ7fd7kKjo7maqOVJUp9bCbV3Osa59Xcbofe3uPZOm1ubd/PL5i08++bXPPv/0889eXl9du/mbd2//8A/+4O3bV0w47A9AQtq37+7evLk73N5+//vf/53f+nv/y//6v/VOEbJhJcIywaRVXprBfVmY6e7tKx/9vKxr77MyESzwdFoe3t+/fvP+fD4NNwbNU7u/f7Dhc8JPY12mx2P3SOs2hjExfEAawih99A63MaxNBSRwhwhXTbgOswC++uZVN7s+HNZlqfqFWIZbAH1py36embgPayKtNffhEWDOsGe3t8uyet/qFM09EATm6lphsDCTEtPD4z0xHXZ7Y4fBuokKSTAxGrmRu4M5lvOjjf31zRe/8mv8iz98++0358e7jDE8qA+wUOaIMNCI3E2833t79/B7/+A///1/8t8/+96nX719+N9//O2ff31/d39PLCNiXTqZkyLJepoS9XNvyk2nzHyp9N/+ykF0+p//zc+Oi7sPIkmiN++Prcl+mhKIclLXpA3AAmkkE4kU4YO1sQi5C4mKira+ns+noxDSLUfnQn87RaSKJhszhGBBl2guh1lk0PCgwgYiKSOqeBBMDI8KroNBFzdd2BCmtBLukykRRrVayo3tEFt7SZCwlRQKOEcAa/fd1FzoF375F7G7+vAffjLK45oZ7tqUhDNjPZ9a5bDTC5GnTGO4tcPhiy/efv2zmZLRSEQax/DdPB92t9aHW384Hn2exMHgHYPGWCMtvCg9TQlOYSPTA2TAasZMIPUMgETZSSwyfQP0uAV5lI939QxmUA63vCy1KADi4/E+01VZiZYxRFsR1SOibOibmydTRCirao0AL+sLACGw6PDNC1filHtQ1jEzWTk9qZWsWodEr5MhkH3pIAhxICPILYgRVbLChUpARhASpJH04f272L7eZBZleJoor2u4uzYRqJsJNyHt57UQ8/M8i1BfevVwVFJGGsUmw8FstDI/R02b9ehtSI9MAQlpeq7LeH57K8zH08PHPtmM2slwhCVRa+qRLJLuoxtPE5G6W2lojnS3GC7KRDy6l4/SM/royhLmhPRwZg6vM2FwPQXjY1Aw04Ka1jlS57mJZIS53d4+7+uKdCQyfPTOLCB496RUKpDmhviLYQl2swp7ELZcvgNlJCrxDJ5aSnIkTqcnd2NQZMH+a17xAvQlbWi8qCxsQqiOVkTl4arRcDtl1OklE9BJMdiGA1mbCNHJY4VQREZEYViQAooKH7Z58jHSQ7bUeZDUYMTY7FhJxOW5SKJID/MyuzNJZelevHj29PRkI4jxtyQd0aYtk9yHXNKMJd54XTHpy2IJ/Ppv/J2vvvqpj05Uux4ulZ1ZtlxnZnkfARaBR2yeqs3vlIXqBoIELu0uAAAgAElEQVSArN4BgJh22jLy4fhYW1FsgHwiosgcYURkGSJKRLmVEyNybBGOCIDcXVjK3mKZIJ6mabiHuXEAcA8mSYBVtgJUSgj1MURo3k1l5zDvNednIuCTynZwZM4UqXqyOhhWvNss6nS/fWAmpUCIMiU8Q2pxepkSRYWQ2lqE18eHp4gm4N1DUfpNKaMECkRFM9ODACXZBPJEfWoWHrGqyHbJ1cGfqfIGAhWWAHy4uyWVqY7SilyTQlKKeKGqRTgDomxurFLnYQtryfO0+8u//nFLzPN+RIRHk7Y7XNVTKUN6dxZ2s3Cf5plFwzOwVrTXCzWyCSpAgmtaqLsiNjG+TugXt31JP5sdP7eVwRYKjs0mVCwHVCx6+wdZHp78WzsRciu/BYGKbFM7NyQYFEhkqe1J5UyJiI8Zn3LwYQtblYsFWyyBiOYbTDdpkbZmP8MNRDzNMk8sFcqohw5UxM2IEUnmXgqQjRFhaWuOlXkynXmag5u2RhjBRmHuGzwJUYJAUDXgJqH6LbceZioL/eUb4u1uQla5HdXM7VuxqXutC2jrIIiNYTD6Otbl/PghmUCsU9vtrnaHQ/KcmaMv//Hbr47Hu8PVzalKPxjMG+6kvhsPD2TTqbXpcH2bm0RSBKwxxhh9ZPjT42OkhW1HFeGiErG0xqwgTqKpTcJC0i6Z8K2CpfcqqZnCkylZuGzQHsblB+NNMaBqpGRqwtx29UtOJENb4csiMkPaNNzS08fqw3ysp/PZbZgPYWLV3W63m/aff/qDl8+ePXt2c7XfTftJhQO0Lsvf/PVPPtzfnU5nFYotaZ8Pj8vb+6c+8vn3nv+jf/z752XcvXv32cvn+/3erdf1a9aLzVxtU8XrGW4R48PbV8QKkI2xn3bFrHj37v67V++Wvq7L6hlEcZh3d+/up90UnG/fvL85XC3D3J2ZEAZiOBMIPMjG+enMrSAnnjYospDhgHQzynxcbenj6rAnpmmamGk3T97dI8awZVmbsKqMMdyDmFR5rAOeSNbGz148f//2XURmuDaxdM/kTCJExcYITEKg+w93cRP7/YHFkYSIcKJGLAKBE5XqLGanx/vel5ub2x/+6O9dzfO7N6/v794uT/djdCWEx3kdbdLbFy/+/t//nf/mH//+3/nRb9lY/82Pv/q/fnL/9b0fT/28DBvncCvNqXuIwvog4sjYqbx8+ezx/rSY/ftv7hfzsxlz2vAOV2kqbdKyTpUnNKhsqIh0BwKyeUiIUpsmwXwt22AfffSORJjFWKVUhPL5RQZRBqUZmozh1CbmyUl8DBu9ICPEFFnE+e1FmhmAe0H/AGSOsUrxwLwq4ZM4w50DTKTUhnVQRKQyCcOi5v/aiGavvpoMbTLP85/86V/evb8TJlX1IorwhTYWIQCyGluLSQ23sIjb518enr3wb35++/zmw7u7+/sn5pzaNLVdiJz9KaLvWZZlpTBZ4wx+MlsDu2rtzhiew5yhk/DwMfoyTRpOAY4gDwNRZIaVdFXPbCTASX34sk1K8ArLllGEthQKgAhf0z0QY7DI5fuL0uyLnY10gMOjMld+cZVSIq3uUyXiMqNHXMzjRJkUSHOn8mmLqOoYAxE6N8pcerdixohoU4tITitaVjLC6x3m6UIcQIIdaLOmeXjE2gv9PDWNqILX6p2zeg9QQpsycTocUdFFt4/mKGpTE/7YMlHgtc3ZVUWXwvzuzTevfOzmnbDe3D47rWdCzSdZRzYIBOzd5usrixzLWhEzZjrsrk7nHgw3G6OzcG6uW2JmVXYEVVVcukoDkoiaKAWcowkhOcMSxBuLCMlUbtnyVA+zIrVEDPMRNsxyt593+/2yLJyF8K2AlmuTqLstAvAii4hQGXxVhdy386QDmSKsGYRMBnyMmh5KBhTlTGSAWcqUGxFcp9LMi2qV4c4qEdVXVJI5RRktIojQu+XGuZerm6u+9JqBLgbmanne4iceISzuhi1xSx/NB1Leq0R4CX+o0Oe2UE8j4nTuY00gLlSs9IBw27oqPMLXnlU8XLqnRxCqv4E9MClzZh/r4+PDNO3OfVWdeuVvUdwD2qCKHki+fXa7nBePUeiDWoF4ellW6rRXdiUAbpbMQuluotjSLQCzgkiVMxAUGclZsAguYRHOWkR/yz7sy1/4ZJi9e3fXuKgEUbwcbCiHIMgwu7u/K+U0jEm2MgESyorngD1MWJg1EipExgQuW30S4FR7xoLb1ZGRwJwWCVLhTAYPH21qiMgkBg93srrRaPTRtIHz6fxUKtpyPk+toa6nJGy/ByKCsNR1WdIOC9e0SShMh6FgTxnCG+uwMuIXsm49BAMJ9ySi/eHqtJyIKSwiUnSjwXpk5IZBUNHkYGaBAoj08GARMNx9Qu1CkgF359bm3fz0uK69o06U29dDGenwdNemhdpNQqTXRB5FTsiqwLjY+gkI4iJuJcqzjq08q4wuF1c3UD0pnhuAEwwqR/k2ReAyF3x0+hTBprLDsG0Xvj3+qzeAKDhpY3pucNcy9SXVjqFkCarX8HYaTZnQrjKD7ezriZC8282H6zYpiEg2RC8hIxwIZgJTY1Zl7GYwEzC6mw1bz766jae0c+o82l7axKpwS+NwQy3YqOAclcsvo5LU7VuDweXb3FA6ScitoSG1zUFW9UAl00cYgRmZ5R9yAgvK4FpPIfdxNjufn+5FWis0NTMY7fH9wxM/EjOY59086aRt0qnV8odBnimE8r/VTMdCrLv9/rpElpq6EjC3cIuwyudF+Fh7xIiwc3q4kwjAWkBJLgAaKLksXaKyjbLbBFg36HY6EpEICDGLxNIR8DBgezGYrdWekZFE5aQTZjnsp2e3V4er66ur68Nhd321n7SZRZuU0m2sb++O47Wtfax99PVcPwOR69pXG4/riBSSRvP18+9/+o/+q3/46z/44p//8395uD5Y2jQpYcm0yLoYS7DNSDcHTxMRwuN0/35u6uHrOp7fXvdh4fn2/cPrtx+SsQ4D8np/iPD3Hx4+/fTFONq7uzvv6RaE8ECJxoHCG5ibPZ3Pe2kZ9XfpBTdgSuKwTND7u4eXL27DM0HhAaSKclOKOJ+9D1v6mKeZhTyCSVRYlXs3phgZh91uvT4cH44ISg9WzWEEIuFwy9L1iZhEeXp4fIjw/dV1IcuYOCyZUkVIhFjSMpHh7mt/7O+Xx+P+5vblp5/96Pf+s0+fX+8mOjQR5pur3S/94ItPPnkxH/Yf3h//xb/8P3529J/j5ZvHvLv74ACzmJ3gpqKZ4d1FlJLC6rRBTORuq9m/+mqlxKTc+ypMueEBPMwyvfch3KSYDCNLWii9AJESAFOMUSG0qc3DR5rZWCdW673VtjczM0QblcHQx7ybu1sSW2RTQiJtZFolfBhqAWRUlr8Uj4DnFlzdZDMEaatADYjFbCkPuEJyk5ij3shxsSXikhkiAgkL0iJotfN6JostHRUwD0IZHwKR1ehdZenpRhnCutvt/f71X//sz29vntlykqKAJfXVWqOn9bz0pTFN87Rj8p7dYyBWzyttL3bzcl5OGZZhZodpLrxaYRaFZRkjo5T0omvUhr2e1sEgW7vz5sr1SEquBw8qPVrvxXBmisiAEdgieVuWb+F+sORGYI3I2CpMiAIc7okQBglRZgW1icgzEynlHc5UkbKJirJ5LOdBzMLi5h+3NyAEsjWWkeGZ6Qna2mQCIlQ0SG3iljqxMqzMRkyb0IgSWAAhT1Qgs86UH+7v0nOeZiIa3QoWUb4g84gYzCxNYkRdtIlAgFKIRMrGIpWapdPTw/F4Tyx1gaQ7s5BQPSuDMWx4UFKZcsnTzmv2Ydq0Om99WPGvuTRfIR+IyC35fmkGWtaVmZhhhggTkdtnz44P9+4uIuUfYebcYD6DARV9enwqAU4IzDrPu+Pjg8rEtDVrXXZiKUyREL5AMuJSMJXwShd7ubyQSM0IocItSviGui+ujnCFYcrM4JUQq19ogsyjMPT76VqEH44fyrWxdRRYsGplDgipk/iw5XRmQgUygKy/9WHUmgiHWXmdR/ebm+vIOD2diZAgIQqq2gsq+ZSA8JiaGupom9VXxiqVOX748LCVJmRubRd1SEpXVVTrRKIUke2HevazJ+Wk7btvvxGReZ7dnDb/FGL7CuuQlUzoS1/XVbgoU9SaAjQWq8AjMVsaXdTMpPjy8y/v7u9zMYZCnLiYdQSkFWMO5BGUKSR99N3V3sxqcSlEbRJpfDw+JjDPU8WSkGCmcGdGgJikTgoi083t9f39fVioKhFyWEUyqsnJzagp0nzEfn+NIJCE92BHkAoh0yFMsG7TNIHIxpYLR3JQCvN59d/49R/dPzy8+u4/7uYDAzkcTKykIsLwwH/3X/7X/+5P/uR8Xts0A15PKG1SVh9kRmCepB4tcCP+ePJF5KVfNwuCIYSSkzuRCGsS5aURo2B5IDj57rB/Oi/ulkhtEki3mjwjw7GNxemZaZ4ZIg1RrFnJjAiv45VnEqG1FuHH430WZka2vAQ4AJiPidUQwszIbq4H4XJbISi2Ao36OJdbb1P3N91/S4tQ1ButdHhG2Vy2IQkl49cxfdO9tw3A1uNVBvm8ZAbKFlXf5UXbv0BjKoyK3HydW/7iMv+XzzOpZJUsIQoktHuWJLE+Yl1YdLq6ng5XEQFOEUYYOsKNhIiVCNJabsVSBN4KueZdva1u+rIsy7KcTjHOaYvbnnXmNku7Sl6ZRzqle2l3NUbXYw7ENQds4gJ5GQU2YvJG2o3glGn2eoumsHK4VdYBRCwb77vsbUnJYGLZCEgBdItSy8CIzsLmVqluPz+dadu5iIrqpNNORNvcmIVEKvBMTFqGqwy4F2xDZWJmmqeacsvGg6yvOd2sNkvIiiVnhNV5a7PGgdzHCMemXXCt9Wv7AWJkr1lHREQYgDBlos0tVQ5Xz1jabrdrrU3TzFRWf2aklHEL4T4+3PW19zJAZua6rm52XtfzudsIc2OCWW/Tjto+5sOqLbhdXd3sbp/fXPNv/OKXP/3p34Svn774Yt8Ukd2cJt5GTISXF9YwLPc7SqH1fDyfnq5upjFG76Nu0z7s7fsP5/Oqk5zXLsq3N7dL749PT89e3PTeH45Pip2FbRm39CSOLAyCR/p5pTg0EHlimFfXaZsmbWsmfffmPRHPTVfYcO9jbamkqkprTxDMY11HEyUSbGw0aq25R5iDaAy7uX2xduvLUmwZkZZulVVzz4xMzQRpU3V6fDwO89tnz6tMBgjrrq2pCDOHbGUP5hhpGTnWtx/ev3v17deff/bpF19+9tnL54fd/PB0evPu7vj4cO79+HDEdLt+8pt+He/vHs7nkRS2nDmTFUQpk/TzYPNa7oLo8TSWfhzLyL4CQcTnkW2aNl8gZYK7GW0KXJRz0WPzVqcQcYukdN9Nu61wJtk8S3sTJNwQ5ScJJJioMVVB3vdePv/d3/67/+5P/my5P4u2BDGnmXk4gRRCnpwcSbyBHwqoYQQQhAIZg8JJ0LtHuILDS9aNjEwpgnmCWIlLVGJpKZU7ZZgHKJkS5NnOp9H7EhmiLSwjimqJ8qoJE6WMEbXbLwxDuBvWBKY2AzKGs7Kv6QyAl+6ZBG5XNzfKFGmrB2d4Yi+83++uDvOHhyfnDBjYmWF9RCGbkZZmPnokl8yqae6+nT7Sg6qp3N3rqk5sTYlVyhThHlE2fhW27exRJpjUeeLI6E5lSa53ROEnkAjUiC5MkZx1PNtWnUjKIrsE4OaJtPTv/+KvffbZl3/24z+QHlszbCIDKpzCa19UxN36mmGZRMwU5pTMlKzSREYflQiu9glzFMU/KXnryKHMrJokyiSRKN02IsKbtnAPEfMUIlUKbMKgpxEpY+Liq9NFMqFkghtIt9doDYRhpkJIDjeR8kqym1t40yb1fJxkXXq5TIdZU+p9FVUh9rIXMWnjsZpZZGRVNaW7sGYmiazLaX/YcyPzPjX1jOW8tGkXdq4Xc4RT5S/rOZ4hrW0L/EhRXc6n9XRUacgNjVE4o/DtrF++nCo48sy02NpJQBtBOLfxVlW1lCOPcv6U4LidBzwqD550sd8IcTiIqwtWiPh0fmRhym3zIcIIZpHSzSOdS+ZlKj96nd1ZiAoKyEEEM98MDJwCWvoixMgLTyYDDpHCapJQlTehfPZmY5p2kWnu5c5HsQW28w7MIreGqc3mXG5zbRoW9ecenkmTske6GxMjaQzbTmlb5DJKog3PendbjKxpSQUg88r+BpGwimrzNVCHPCJOfnh8tNFL2+ZSebmSIluSv7VGW6tTapN53qn203khomThJnBeTmuZEObDpMLLslbxFlW/klQ+F8SwdFKuQq6N6+9BhP08JShig4WBsDwdx4jr2xfPP/nhq+9+ymiJJKSIgog5SUhExmAi8Yh0A0dkO+z2P/mbvyTO/X4XniIcoExEVPCcz2N56p6A22DmLFr23wr8W6qcCGsfoC2mGhXtEkrPBLOwh7OQKFf/8ssXX5zOp2U9NW2+GTeZKD1DW5OUu/u73W6G5DivmXCLCleUh56IpXEEEMHCY6TFIiJ5yeEo8TBjiIcnQkgI2yCYibQQkWnWWAwJJlFtbn0sPacyBCZAgdrzUK1P6+WBAGnp/vUjL2StquK+1KNVBiwv2VdSKq5kJi78n21WuMwQm1eLUHvxGoW4lN+PaygEiDi2Uuv6JRfsgbC9SsrWkqANFnrxBEXqDXSH8yP6mdu8v3nWdjOYlATuOUZBoGWeWptEhEQSUuq7SG3PthRzZKoQH+Y2z4frm/V0Wk9n60v46jZzuxKdSXdhS1p3Lx4FbwUHNTpRRjKYaruS22a7PifXLqCyVjLvoq9pLrKDzrYumQXLYZaKFyJSqryXUU/BiqQQSC+LvIw0EFDkNaJERmS4hYetg0+nUtRrH0CqqtqmqWljVlZhocIsAr1gkRl8+cWQCtcjTZULN0dEVbhbGMPaB/FmuKz3fVz0CzI3SrByk1a21ArJKwuQXBUq/LHCYauVSZB7P69r5Rc8gjPNzUcPR+/9vKzunolhZsNZNSIDnNFVdX7x/f3tp6dlXc1NZ9nvps8+a+j/8Hd+6WrfXr9+ezjsb67311f7aWpVcAL3JN4usIyK8Xk4hVtf+rrmVVuXLiLmnpHnc1+W7oj1qVf+q036cDwFcvRxPq3WffVxyZZFIjwTQUwR7IQYZsHI9DGGKpNIvSla02/f3J/W5cXVTUSwcKy9R1bhmTAzCbOaW3dfbWhTTvZMDyfVadI1PMKTSNmfv3z59vXrcqISU9SblKlGVBgg6ZnEPM2H0dcP799e3Tyf20RErFIbKSEWocq3gslHrjYYxCKnh+PXp+Wbn33dWgPzPMnVfrffT4ebq6tpf/O9H/75qwd5GJEx7XQ5nca6ToVHIw+HKLEKZ/Y0gLyKewHWarAAMYWX/J7ECmIPT09CdW1U8IgSLCwQcUCoaIZk5io74RxjTfetycY6ZYLSIwlQKQ5hqmoqn9YRLDJNCQ63QHjhz+sQz0C15yAzrVYPWk64SsELMdD7evPsxcsXz//6L/50P10zGFStOOlhSSEQJDNnWf/qEERA9+CmTBKZazePEcVZ//iYJC4bKxG0aXgqTUwYvdd6lYnGWImJWNe+8UkZAo/MVERmNJ1b20nj04e3paySqBCNsb5/WC1xvTu4GWuuwxIYGSNgEcHIqsaqTG/lG+oSZ1hZd8paGUaXZfC2dfdRnyMimHiYeyYzE2wMb9Mu3YdbZAqTl8GrqJ3FayFCxcqYiu8DbIBuIAPpHhsBnAgESZqmw/MXn8Jq7wD2qMdNPS25tq3V3MIenk2ABAsyKc2GBwjTYWamZPPuw2M3TU/n8zRpBnkkuG7t1Er9ZXgGg6d5dtdJ29qXbXM0i2xg2YwksIi0ESPcmiolLD1BaQEBcbLqugyU9oFt0RpRnXd0Pi4KmFuCHQmzdEhQIJkl06OKpZuIqpkxl3Qubd67nwuO37aGAWNNZhGh/dVBtVl0s8FtosD59KRtZhVShEFFPJCWyFBmsFBuNUT13OTKKROzANtmA5tNNzK5UnAf5x0HAQiwUAESipotzFsDC1EW+xXOIhletTXYIrCZmcJbQVhJICxcF/1l1+8JEZbgIIJOUmJld6/UaTpKDzN3riNKJAuqtFW4lL1LdxHI1hFMxMzCQuUw4wJ9CEtuq8EA8uUnn//whz/8oz/6w0gqpOvoKSQIqnoeKpxWfny7M5EM6xk5AlU7V0jO1oSYqerPPm7XETUFCnizahEoiIXNPDK0sXuEBxOlZXmTQDD3OuXHZrvLTDoej/USYuGmbTl3AgFumUi01pgKU+Rler6/+9Ba1fORm/kYIgJCUx1up+VM4CRAyogCYjSuTl/v1pe7M5FOCh8R5iIVxy83VLamImIWQemZ2vh0+pAICmWVElHSg4SEaazD2KQ8TsM9YhI1t6YtPAtoEG5gqh7oIqqHx9U8/9v/519PrSnLOta6DNwcFLk1kpX3IqmUossmZxT+lViYM4JFgmK4M3EdreJ8ZCK3CE9h0daGjyw3UBAhgrt1C882aWSg4EJuBdZmkHO8ePbyeD5qZrdMhAgX6t4jpZIZ5cQvrjBTnbqaaEbYMhorGGluNkjA1ci6damX5WZDGNcKaXue1nxQJVAMEGV4XdARyULITE7aHFJbXLeCxKVYJFMd4HFJqheps9aPlwd2plS5PbY9wKXuq8aF/NuC5i00UCagGkpKNMrLyJzcaLrJ9ZTrsU37w/MX2pQoyaOPFeYkotOsrbV5rrQiqK7mKt9MKptqZESk+ahuaWBqqrfXbZ7Op9Py9ET2FDEQ1zLtZXeVQ7CefSt/MUpCWH1EoiTwVktXFhCqL3O71SnClrPOO532hnOMRXe7dpjHsnJkpDGk2nmZqkQMCaBwm1Xj5vWqKHIE4CD2ZLZwAhFBas9JuQ0S4UTk5jSGE620LXnAGzukiYoqSaXlRVqrh1z18xETkxgGi1YcOJGRzMQOMHMwEW9O3AgIRWWHGk9Ip7qamM2NADiNMRJIdwCeo0wF1UdjZsOMMoe7R7oNG+5m5RPKqpejYGkiSoTd1d7qth1DpL34pd/Sm0+PD++Hmzva1W5+/qLt9p/r+C/+wW++e/vheDw21f1h3+bGnOGD0jIj4O6x+QR46DzlWH1Mx/v37qbMa1+nSbr5FdPj4+P5dCai4+MxYkx6nYm7Dw86sZuv6zosl/M6eo/ki/cNGZGIcI/MYe7miYpIYvRhEft5XizeP9xfz/sAtoIDAiLdghRb4k2ZOoXH0vsOYG5boN69aYuW6xgUYSOltU9efu/Nm9dbdnCj5jhJ4dgygxxBDCEhnsz63fs311e3h6sbVo6M0UeVVTaRguy3mcLIIz3ce7qHNGVWIkSyG3voPE//0//4T//tT4//76u/SFt7H3M2eCePBCRzxGCVpuq9lxjfJkpPT2NARBjcu4V7sjdpm56SkW4oMbxaZSKo8HEIBInopJKI0VdVlcbWfT0v8K5IuHEmOMdYmWSaJ2IOz/N5nWZ/8/b9d2/eWQrrlBnw9LBM5xqAOKtPg4kz03wgU0hB4m4RxpThjkhmjH568+3DJCxp7t5EW5vGGHDQ9hCjiAyqNySXbVibeqYKkBzhiBDe+gE9DCDRtsnmkNG9RvFL4Cc2HHJmgxCruYdbFRAxAUI+lowQpocPq6pczVNramMBcRLuT+dHmJKOsN67sKx91da4td7Po2onQAIuF1N+LEinRCaLZHnx0+u5VHVkY7ESg4m3N0UgIt3SE/jBL/zq7YtP/uz/+wOAzZ2ZvYg3sk3jHv7s5nvM/OHutVwO3EQsyu6R5pHJ9TyvEDGRRwrLz37645/95MeNyiqTFQcOqjEsmmhmapO+dghYklKY4MPKB64Tg/h0PBOnNh1mnJmkh6srIQw3WwclVfoxhbNyKSjKXmUpnJnNsyAcvnUjcroTsbC4RySsks0QMDxcmCEszIO9XpCeha10bcrCqqxNWFkhdeQdbsrs6YRkUCQpq07KLEzc1z7tJkfG8NPDQ0ZOc8uA9VHInQTcercQ1vU8wBDW8lapThkR6ZxUxQLC7OyUaKyk7JbDtgb3DWJEVNmcjDFPE4hXH+UJZt5S7Cz1NimTABeqp8bcWn+DoJV8RRRBhbdUK8E5gSJao1oEIkrToC1YHOUviC2bSOnpO23/7H/4p//nv/6//+qnXzmYVctkwARp6hZwQEmYS2KscwuYVcjc0xG0nfyZ2T3GOkrihGz7f+IkUJiLkA/P9M8/+9LhRFzrghI2VDjcti7WOg8RMknbfyLq3X4sza77sN+67O87l6runu6e5mRGvEgUaYaKQAmRHFlAYMQI4IdckPglfg6Q/H/JQxIgSAIHCALbgB0FNgXJFEWKQ86t71V1zvn2Xhc/rH2a88Imp1hdp8539l7rd20BkAtJIKGikVmmhULzkJAmAETUM+EpRCApq2yEA8Ik5rXxElgrpoV54heJClVMNy8kLzNZNIeraI1TY3gGj95FmKTsvsTCxEQGUCMp2/WM75hlUkWJIM29vn8Ju6UAxQRRjCjeCCJQVYbMhM2pMSACwt3MWSo5xJgoyi4htJ1PSxPzkROdBhGJsl266kLE4dlao7SazTNjUUmCfyC8FEAykTSpXq3j4eCWm23aKpMRsiiQYwTLYmEVM0HC2pRAY7gI8X7HzH3rZebIhLAOcxFC9i+//lyYRdQ8Z61pUwszd2WxsHVZws3NWVhVRbWfNyLSRYtRLpXbn/3Jn/2///JfvD1/U6J+okoLcBLVJhlZMDYm/Z8iIqzMbGYRjmAhMbfdfteWdjlv4ZlZHoYKneWKqa6gd7ryG5OwDYsqxZhN7dca3ikZRIl4aoGtPNCcVeFJuMaMFo5T/k/KAt4qxq3qAmrKn2wvMONR87f/66RiPuwCcW0FyA+mAbAegBjnd21dDx891dbgwzfzsapBzsgAACAASURBVEFI1/2y7qQtNCMvwapCVO6G2jvMeqX7TeojEwwmGr0TQ5WPj252+/3p/m5cthjvLS60HJZ2IFb0s/lAKMLBgtIFlHCGiaCYwdlV1RAVgAsiSvFuLK3tduN86tt5PRzX/cH6VhrMzCQWESRzBpCeDiq8PEtIFHOa4IYK3SnNfTWFYroL6uNVZSG1y9UvYoLAlS8+hl3FWrWuyRz6K22CiIVKtjxDekutTRCq2GaqUqgqlagHqfIJKjMxphurPFuoT7qH+/RzTv9HFBuMisFGmSUzCPX9549CTRoTiD1MRLet2xhNmLR9/MM/bo+e37174xFJ2o67/bOPjk+e8bvP/9t/8uc3+93P3r7bts4i2ppIE6ZMvwrxA5EQyhgIULbeR9sj+lZttG5x2O/MRiBHt8v5zE3NnJCHdbdtlz56W/bDvA9DZHj0YeBWT3WUvy+ChIW5j+5eXZkR5gnmzG3El1+9fHxzU4MEERNMVSOz9yG8qnDfugBWJ+ewwbxbWwnR6oWsS0tgjM4Q712X5aOnz169eoWM9KpRQiRE2BlhUcErwU7MQguFPZzuu/Xj8bYtWpiipStBSEaEKi27xatTFySsrWlkUNDN8XjYH7/92Yt/+A//9Cc//vH//Bf/17Iu5mPRaooIQcawyXknzHt6KIsivffwYKYqZCqRmTBr00SCEWOqc1nqi4jBiSI3uKyRwuWm5mGmxP3hlGaUQRE2tgwTIMwKW9y2bX9zY8OTsI1Orm3dL9IgkpF99CvCWI9GRIYkR6bDOJMT1W+dYZnujhi9ie7b/nK65/CF1dwIYebEGOkjnLVmFYHOutTM7OYECuTxsN+vy+s3bzKcGcRc+fcEkDAi3I3BIkJIIepjIKLa3IgJUztY5bNDiISZIjwcnsyl3OeRaRuvawMypH372999+Xc/90qHE7q7nGwb3fyw37tbHwNAgjzgCRZNt8mWEhHIolRcEe6o/PVy0mFKS2tmrzifiRMTBLyNcfvk43V37P3SdFd3U3iUwcLCECTE27hEOjE8naVFbHXM5PynPGQBogk4ZbolAyIsKgqrDpeMWr+4bAzuKRnEvDusY4x+2rS1eQVyOjLdqr6zoA4AfQziGAkfoxDrGkT6CBYCoqkwZIT3y1hau4q9Cw0ZNZGKNg8/n8+iIksjuJszKyiS0yk5/DI6OTAzZiaP4maX00lUCTw2K9q093Hz6NEn3/r4l7/4+axKzagYmLFtpSHatp4eu3VNQBtN01VEY17X1cKmCj0cAKckoVjBApaExc2aaAVZMFXeaZdUd5vnPuXMO1GtpJXwHMOmAZApIs1SmESrVjkAUtYEhFlFuhl4+gSJSM2Ka5uRO2WRcQ9EtmWxiKRapJiQ5RYBwX1MVW4dDkCYC4uH/7N/+S++fveGlSjF3IkoQAS24UQkTbQ1ZGyXzlph3hRe6VCg63uQwIjITGWeGBtg0yY9E7Hco6l+881X/+v/9j8pM7H00UkkIsu3gazJ/AMiCiRGH44Piue6MlKm3XbiiuHJVXCbbsMjVZjSMzzaTs1TVftIFggLZvwRldA54ZXLUxhrDe7CCibi0nhEINNJGh2O+241nRMBw4zJiHl6CslFOCmTke5TRHGFUduyALldhgjPyF4GEhXqSkqRwawoUHnWE3GNdJFRqnQzry0flhBGJglGGoFbk0xEOk2jEIdXimm0dRHhvPI/xFwjuLRW0UbruvMwZeo+QNRHt8q79CoMwdJkWffW78Odkwu4JUwUwc1YS/LObvatT78nKl/+6hdtt2O10v+xB4E9IxKiEp6XyyUiRYVK3JVIiDYQyeVy8YAwhns9+Hqt0Pvf/9n/gcy17Ua4W4cwMzVRB7pZuqs2ZnF3MMJcIJYOeLgRGBks1NYlPLdzdzN4hjuSiDmGMSZv8OHzCUzFP6N0GTD3DJcS3mGyBGXOKr63EmaZOGi6gzMwE7HqmZ3i8LofkquhoD7iV0cAiOYHOCel4CiZ0uyPLRo4PvhssjIbq85Zue36+Z2q3jx5LsrRz2EW5qLa9vv1cFRdJp1YxA1RAhF+teN7+AAHMeWHT6hDWLgSKokoUpVvHj2+6Pn8cJ/9gvRhprtjW48YW4xLTDaNmDPcr97fuVeWyZAwV9qaaBE2tjOt+2V33E5343xZ9se27kKGbRuitvqSMkleSZVK6mNWQoDySrLWrpDMGZxwp3m6TB0XVUhA6SXq7gbw4d/N94OuP3Ah+TA4wQkMGon5VtbyUGzMXN1QJXEVip5X6ow+6Bqv7HDW4QPMGD4qyKXcRiCadRrhEdP4x8qIjNpvBdUrzFQQb4JsdMoQSlpvPv3xn0Xbv797g3RPod1xvXl0fPzRePObf/yTz/70D374+u78xZdfu/tut3/29GmJVD1SanTwQMXEhUMkqmjXbJwuZZ7zyDF8v1u38zidLyPRAp65ajscjw/n07Zt67q6+xgeEVpnfjpIPONqaHeCErANGxZEDCIrb7bq5198ISKNpMMzfdu2plLRd5now1VIVcfWhWgelcOHmFQkArG7i2JdWkS4V9xF3+12T589f/Pym7rlK4Ekog5k9pLIX5OsCcpEw/ztu1e7dX/YH9vSpGl1Vi0qaTbMWZuIMihZPOK43+0P+//gk6dPnjz+0//4j/7kj37y5et3v/jy1ehbprdds75dTg/jMnZLYxJLDosM5yRKH27MEIYQWR/BNPOsGKI0eowenuA6v7jMbTD3OSCJsMoMMQynCLD6NpIyw2DDR6cwKn1ZJpgiKQmWpOsScBubezAYCVggEpSUxqwRxaUPAlhbxJhhX6xulogMF0aGSUH5c3drwz3cWZWR515r5xLMpGvR8TWspnt5V9Lts09ePH90+39/9RuVVswdkghUN2VYwEMWznBzi7pZEarqJY1PAHAbIRFpEqJcYQwF1IUwC7eED7P7010Gvvu973/2ySe//uuf7ttKQZs5wpLSM0emsoQP1IY1PZpRGOg2BhEHEZKv/s2ibml28E4nEcos5FMzDSQpS7fRtP30L/+5DW/LWqBAXlHCtlNRTQ8G9e2SlZdH/OTpp+/efN39XD2QQTkJkKwrAiVogruFc9LlcgGIWSINTOGZYUQ8vBeZZRfvl83ddVlYYFZWoIzhpeANzN2v8uJ9mArPeSycl0aiGWmUn3z79z+6ffzLn/91bGcICq4wM0zyuk6byFK/TRgrdut+iMfozKyibl6PHkkSFwJSk04ys0pDAowkUNP0JIph45e/+mXZTW+ffjS28f7dK7qW+KYIwoQp4WYxarInEM/PS7GLouQIYSEhDkEwABujGGhCipQFMafIM0BcwSd11nvM/oRC+adFmpgCyaTMUq8lLIgTREwlSLm462F3WIFhY4rpE1p3QuVs0IxUyQoBr5qxH/z+D7746sv7d29FWpUEpV3ZfBJHcBIz6yzfob/6d38T02/RmTSnbgbTcVhHI82JXITKb5dFsdOczGuxZREwRbiAIlLA3IiEYlixUOYupIj0CI+zqCIgco0YQkRphZAgocjIsAq1JUSkMLkblQS9is1KlS1FkicylkXdYn974yMu54uuK8/Ks2xN3YKQwpIJN0uRUtIJkYpaVPx8WnapxNvkkggnZ5ILKxuJSL9sJJwIDzAjRwRBlD3iGvE1FT7l+iWS8rMyz4emlMSb9zn0IAQaWZGvnNP9UALsOTSCKCOIOcwSyVn+4+CKzR9eK55F5ugsHOGiqsxepZtmxTYqKdU7SiRLs24ScBu8alQWXgYSLIsouSdTXk5bH344HocNGyaUnhCe/gqIonS6wuu6fPX1r5ZlbU3C3Nx0bRnhYcxT92bDRbg8vu7mGYxKinZppdAgt87rMm8RVR9ORFEZMMSRkeGttQijOuEjCCh1modFuNS9LbKNzkWCClWcmywE0LiMIuBAUrFjTHB3EfYMTqaqp59+IGiTusfI3cPqcS8ZVGQinVgAyhKzTT3IVQ4038w59gHTJFt/CoDL0VtRC5WBOrXs03EBCsrZ81bq/CL7KD4sC3FdkMFtSb8g+u3zT0QQ/eKjJ2jZV3z+jlXdQ1VYtChagDJi9DE7BCKYCJCILICx/nYPyxrZIipPF0SH42Hd7+7fveuXC8J7jLa/bctuMGNsaSPDE0nK8GoJ9to7wCxJ6VXbJyi9Qt2NfdPdsR1u+sP7Mc67/UFEVJexdRtj9h6UUHLapUpUTsRKyHJH1dgMpnQmZm4tIyJGZn7obitnEyaQcTXY0XXojQ9zOAhF2vNVbTgxFWICMmfk8qzESFTOf8XbFKWMKv1Fvdyp9gKVI/6qA6vH2z4oiqiOEiImvoqOQAIkK9q6qEgRH9voVa8uNAVoxxff+fiHPxlJ79++QmaCjZbd7XE9HHF5+MFH/F/+o3/QDa9ev//qi6+Fdb9fbo6HrOpPRIYX/kBzZ830EaEiSpT99NDMKxZ+6+P2eNy2fv/wkJGyLsJorYFwulx6H8PG6DbG8PTqkMlrmXXhyAiKMCRHwBFKAMhtEMkXv/nNui5Pb2/fvj8lYwwDoUErQAVEkTGb3zNReYOZZsl9yH5HcxvMHN4a7dbl/nwJdyLu/bLf7/LZszevXwESmczqbukuzNddUDwtXZpq2Ws4ZYxx5+9FdDkcdutOhCCtHCCkysqietgva1s+fv5EWIXk8aPbH/y97++Ph9988eb13SnD+xjulunb1gkxPOAUUTwSEGHhRKks6RlhIiyTqgIzw0JZkjkcGV7PYCDS03yILiyLR/DIEocV8hcBZUV6jGHnEyg0IzyIklmKWtwf98tueXj/gCQPlkUjwkCqWgJlFo4IJjEPJhZigjMDM5sSQNjoVQoewxjkk1ChXnC4yPz0exDPMGoIhoW0Omd52KhDhqT95d/8tRBr0ynxrppYMAuDiRAikpnVblQlpzSDQyaiApBnMIwK/4wOJMtCyL4NmSHggqmAoLt3b/7iX33JnAANNwsnH8rM2iJIm5rZblnOHdu4eOawkDkvICnMpiA/s1qfMiHmEQkVtvDIq2c03OexTRZRXngQkHTpxhmttSwkitInwZRBYe6qRIBnvnnzpXtnwMyFiD/MbzNyj0Dp4ZQhzJHRh62qhW5yJe0AwtwtHj17uvVznjwG/RaqUkagOsdFZC4ViTLBJJjg2pQ4Qek9CktiYQZ/+tm3/94PfvDv/uovx/Cmq7JkZQBghs7o0tzL8xzMrE3HsIf7EzJFGInReziqQhHgItW1CRG5DWaippUYVjolIqy7NczDQ6WF29279xmglKxmgER6CpSlXh5XIGFMUBlwn6UgQQQPSo9RzBuBhRnEpTGorqowS8t5ic3c6szMGMHKkRmWVGmkiYg47m/3++M3r75kkgrOIiYIA8SJYdtnn/1e7+Pll78SbZmRnsQ1qcpKVeYlnJ5VSSPEIGipTTIulxOC3CteFFmgFFPJwuo6i/wgnC91AokKrk4EVcnrwl4SixLToUifihWb80syETEDSYW7h9OHS638jUCR7cwcXulbWbbd+jMBy7IcjsfRe1R4AXFSsrAIQ6blnITLoELEJfm7Bu3Vc07llSncb+udwaMPGwamq3t4LjN1bxCVz52BrE6+jBSVzOB6jzNEKrozwmJsHYAIM/NutxaYJMwVEjf12Ewy11piAoMTWfXOQKWGMXF6pIpUZuu8BhNuBgST1O+Wrl7RqgBvsggr1eE78WSo1h9YpVJ6Ji8jWukZLWavXG1YEGmV7VBMDlOljrvoUqPOnDYrL5OYy79M0pZFmrpbdRpIa8TMIplTwzHTWpIIKQSAhg8A6VEgcHFzZbmc1BFyaevjm+d9bJUeUDGOu91OVGsGZdGcAEYF3SYzbd1wNQd7eE5ijhmzt4wBbct1b2IRLbk8EXlElugQmZRtXTJybXttS51BlQYPYNntWRsIqgpP957hDGaRuuaoUjZYErPHssQ9Ilq5o+k++pZuBeMXMDXfuZp+rkKepEw3US1erkIAijjOAF1NAdWcUndYbd5ZCqLJGtRbnaytW3/80XNpzcfFzYT1cPtoPd7osgNxJJo2bVKkZ3pkfcyzFvu6j5BRbCILk8x/mKaMhYhIWnkowCLr/sDMfdsoRvpIktZ283dUxgaU8v7qlp73C9WnBR8IxaveKZFt3YFg24W4LesiTZmvpuq6E6ddobZompFKRCR8FfiAUkB1eSaIRBuXKgkVWTRl/9Wvx6qgqe0pa251UHFNg1VJWEFDc0RHEs1et/k9igQgIiapQ67WhA+IPteX1EtG1WALg8vZSMlczUHMjVVFVUVFGosIF+ivqorCfDM9sncbYyBpbRxmtOyf/eCPn3z3x5etP9zf2xgZ8FRa1+Pj26XR4fz1f//f/KNnz5550t/87Od/96vP97vdJ9/6+DuffXr3cPpX//rffPPqDctO2i4BpIMowpHMTAFSVd/uuL95fLO7nC67dbdblnMfp8tpXRohL5fLo5tHTPTm3dvztt0eD7t1eThdTpfzbl3fn8Mj87cZzZi/YErrp8c3S4Yd90cS+fUXv2GWp4+feIRnWu+VptS0FbI6RoUJEhNFpHsSUxLMnARSQbdXNCszlaUqSOtT6B67w0GbXrZTCbJrPpj6GQSVIb48YcyRJKrEUjEn29bHsNmZKlo5JMu6FH0vIjbGNvD0+fO///d/crx5NEb85u3p//n//3Zc+ug9InbruqxrKQ25ULoCbzNYaUoQhwlRASg1zQlReqiog9q6ILNGlSsmyEtbUhqIoEJEFUvDwlE1Ph52uYR1Cqs2oRl4AAJSW0ti7wMVGwp4QkWlqYfHuLZ+EGWmCsc1rDXCoxRs1ufBlhFujTXNy33nHo0rtZ+FhEVZxdy5aSZDpPLv3Xp4NKGMUg8SJSPSJ5pJoKvnyyOr1sKjNHhpZt6p2mMSU2rHMxq5ZkQPA3FTtWERFjR1CkKsrBQR2zYuJ3hmoIdto1sYk4isEVaycmUefaRQMA8bLOUbomQMz8hrey5loBTdYKWsdE7OoEokKb4XV9owZ8NgUGGFYRXM5MTTF7asy7zrC6vNdLN0TIBi3kJUSlSpMbxw1UgBIuOzz759f7r/QE3W21+q5GGjbxtDgOK64ZYsYsOZoasmJal4qcHLdoUSnVK4Vx56lYUXSvPy5Zd/94u/9XFJy6ZKhMv5DCJtdbPPUiZiinQWZqLhsd+vSWQ2as0wDxJCZIIikxurKBGsm1toaxUcX7kIZX4fPSiThJh5u2zhrizlRYgMymxLQ1LvvU7qSGfmKUqv5FSiiBBVEalOtNLoltAzr+Y8VF0XEhWPHoAUMFKVl1K/oIlTZZKIuw8f4SHEedWGTqRpPhY4n+4yfAITJRlhVjAjfosQRjqDPIKVq6/33Zs3XCVcyu7OKlm/4Pwgr8mMnIGbmWDiJFIKz3pVpZkEVQoKl2e56gSIOJKmHO362CaQHgWDMSOTk0HJEUmV86ZS4SeZwTKtdWMYMVPAMzwStlHpZwgEEiFzMvdlWUogTcGzYiwBhqhQamYGLANMLEI5Ip1UtW8DM9gUXElyNdZDQJNpKnZfaoAO6r2zShDBs4YwEAhcpWCViMYqRNS3zsyqe96GkGRAWbmpe6Dy41HK7aSiXCA101QFQgWki7bug5KnpLvCmzIomy7NbLgHScmUvAbrrW+s7WZ/c4qHCM90N3vy9EUg33zzal0PiDRzbZozIDK3S093YiEiMM1+JqH4UHmVTAwb4/d+74ev3719+fLLpa0eQZRubhRyrch1H/2+T4dsZpp7iTdEmMkt6pipLAQgg1DKBSJQZFMNpEeQ1kNTqDNEWpk/VTVJKiF3+LCIdGcmZgnP6yAP0UagpTxMPrWwl77t296HZQmKESwqIglcttOy7oWVJMYY11xcWHcPF2GzQEJVVMXApUxorK0t4ZFUgTbCKuPSw11FmJQY4T2v7zSux3F9wko+geTrBlK/DyR4Qng8RR9Txko0YeOJAyM/1AQDKFVePfg508ZAkjCUVzmKhaCrKFY9+s3to9aa9TM827LuDre6W+svYuGmamaeSREAMcjMMoKYAsQsxBHD5yhbCpfyo3uA4EgGl3jpt8ZwkbY+bevu/ZtXYSO39yND15sgDtrIDCFU6sBIgpRyB8iAEHGkJ0SIQRwwuBkGt9F2x3C389lY27rIsrQM6+wcqGYJqrYUBYuQVBbGfDdSCBwJigAJrqJlYlHdBbIQC0SEJUr8iGDlSSzW7D7DnJSKocM8JYVxpe5rOZiEztWdXP9R3wqR1y+dBxh90JjlFFNyoZXEJLNvZO7gIkwsRMw6kc8kIbCnR8bYhg3rZouIUHTPm09/98l3fjSC3r59HcO24d2jtd3h5kgie+V48+v/6j/7yfe+8+lluLl98fVXRLTs2mG/U9a7d3dFdtXKCSAoqvIpq5o3wvpC3gGyzSJCmG3YGH65bIfdrkqICHk6n8y8MKLKJ40MGzZFd2U3oQQy3Ium9owx/HDcPVzO37x6eTwcheS8bTfHQ156ghHZYUuGlmKc2c2pEQuJcJq5pyoTu4WbDSUlpgqWTyJPX5oiqJsnpUX0vu0PB4DfvnsVntUhnxGszIFKdKWaPTyYJQKsDRTCKpkEmFnfxul0YYaIkOp+v9+v69On7aNnz37w/d/93u99z5z/l//zn//5T/7gr7556BdDhBCZdURT4jG8iYzwdKsHTxgEWESFC7AqM23bUCEi9gQRV1Hm7rA7pcdwJoJTaw0gFgoECxNhDCPAI1gYwhnufXMfzIjhEU4MTgEiInVpGdy3C0shfSCR4qjH5ZKz7UuIItybCBGq/MW6hYUyB/xqFqTMUBJKghCriie1wgEIYK/hOJJ1La+Cipg7ucODK5ciPkDa80UjY2aKJGeE26AEJYlwVFj4rCsiAKVsEWaAh/VAsuxY2INE1D3DfZWlhxncw6ArOTVwpmclW2obmwu3CFgiY5iNh7410ceih8Muer+/PwXDUS2GZGGY0V8ggSdnBkhKyVK6o9KbewZmt0xmzFaJTJcmQjTNAROJIS9gKqoyqsCDipzwzODKakdWG08tgkTVCVVqIGTCwrPaWkT75cxSQGc1RLVG3PsoQKPolBJpz3ucED4C0KQAgYLBARemDNhmZlWYzfBsy2707bA7Arnd31Niv9udz+fbj24TYRHg8q0AyNFdFuVQuFskIkSlLcvd6GAW5YaWmRBEerH25h7DQCmqRCwMd6uwG7cEUVNiaWDkCBFdlrYs7eHufcnmA1EkMDNVpTrT+nB+KBXnbHDPlKZSAQ8xKp6pPH61JIASkJzz2wR6grOkiUzcmoaX14WYyyYOBVm4dxOuSP8r0xqEcGEW1tP7t8xM3DwMQukzDEip6qgoIh3ExJQW0phFxqVzTZRMNjzrS5mZxKpkGOnu1ao+h4yplq2m6cyqTEd4BPM0LoJKdSDMBdZloazEBNCyNPOwGEwl1PGZ+DlFrKAyksqkxh1ByV65i5XkwGUUye30QOCmSnMYznRUnYiZCxMLf+CLOWfma9EY4cFVmiUZZcMXsrQ6MdyciJfdenq4X9c1ynwCVOGmD5uCGVlePP34m6+/YJBUmRH8QxJiSUuTa+qLh7v7aQEVFtUxrH7X1fd5tV5kU4lEmmuTOhPNjEWePH/+zZefL7KYo8IfiUhFhBBuQKhWUAG8YPWa3kH9sll3VmJuy3F/3jrSlkXraqakMkuER0RWsa5TuoUIq3CYB8uwISLCxVZwI/3NV7+6XC77dVeZUd49EemZEkI0E0spzR3XXo9wY26MYt+5Em2bioV1s4LniSfsWzxLJGLS6wWgc7fz5e37dVmZG4isBwNhGeEqUpOUqtZWGsjofV33zPDhFfTetN0cb5d1fz7d29ZVNYNjxiQagdKt3PRuRiLLupZOceV1ePgYItW2TcisRmeCiMjdu5fDL6pr8NC2MnOyDOtKEF256rPn8E+YvhSwcCLmJ6xY3g8UGa7/j7xyAPMEz7yGkMZVIDR39anTzwRRlickQeAiJtMrYGii/wkwImI93O73t317YEDXw/7mEbeWRCSyLkuiqmclczpq3UzaApQ8NUdFLs/ylsio1RQz2UKg4AhwBXkRSlNXT8DNzQ2Lvnv90vvIy90I1/WGl33mGfDK84WW+z5ROGBOwzvmHT/1MpQ5tkvTZT3e9vv3/Xwn+kSbtmXvfmEKMLvZFCCGTZydqfjpSlkmKdpRMJWYjozSVyQziYpwSsAtvZYBdycSZQFYgLKpXPmt4iYCAgKciX/r1WaZGAnIMpSoOKri4WVGSiETUwqHairJTGdQI3EKUWZtpfQRFpES84JFqwBCpkaahme/mLmBiDhX5XDjx0+/8/3/CLvb+7u70S8I7sN6Ei27/ePbdW3kNl5/9Z/88JP/9B/8ycU8Mt+8e//m9bsizW9ujiz8+vXrJk2kjvkod2BpOzOgAGfE2DCspEclhjUPG0bEKvru/i7BJHw+P3iJcFnMDaUdRSLdjUUJCKrnLKqmhgA2z9fv3t6fHj598a3e7f70cDzsi3boZgCFx3bpctgVH281TCWxCEg8jFNE1MJGhKaXn8rDOakGsLaIZ3hApbmP3rf1sHuqH795/So9ERXcXho5cY9wR1BEyCJ1Fh6fPBndlnWtussmzcOJqC3L7XH/4sXzFy8++uTFs299/Kzt9j/7289fvjupLh+/eP75Tz/frQ2J7RzE6mO7v78IkqDho/yvKI1XzLBkTAqQ17XFsLp8RdkyWcQs4MGloGMQV/ungSkT6QGzSCzLAqQQhw23jeFE6UgBwt0TKiysaRlixvH02fNwf//2LnGFddKQKUzmowI6KZNYKCzMwroQJyjc3YaqVgIIM3nG7ePb1tqby+vGaj6SJEHhIBUWdi/PW3q5UJGeHjYYwTUIuBNLRChTQsGcnuE2h96CTSKzJq1aJTOoogGuIfTV/aWMyg4Zsh8uTQAAIABJREFUw4SpMa2q1gM5AAE4CUnw0X2MhZv1DgsVcSZHWkQt26B4c7pbRRNSxkczz0SAPMCaJDzMiWDmfHVneRhTfZSmxhNUNGvl618P/SiGBTNVOgEvaJJImZj6tlFVuF6JdRAixrw6Ij2MhAB2t8kekZQMkRK/+uXPWUSluTlLsfac6UnJDCaO0uIzbIxSpVfWS0QwprqEmDxnOlACqlJIB1HqIgymdQk3Yt62vm19WTTDL6dLBMKcm5aS+NK3Ju14vDWz8+WBEpL0cHd/2B9ZKD3O3USnj0SgAUIgw0DFlmDbNkoIsaeL0GyOGl5qe0YyRcLdsS6r+SCAgq3aBFnc/Wx9WVYmocmhUKCA+Fmv3Zp6OBAV2kCsQHgGwkkkbSSy5B7D/PnzF/en+37ZsrKbkDVhSGXjpBOIqRHlJI4KAIorL05JUAh75GymqTsyoCV5JIAgoKqSgYBnwgiTjWii4JJocz9tolLKiURUt0BZD2v78cgwk9YKfgQIKZkBqfjJZOZSECEQFsVFj2EemUjNqhwWJIV5fbEjcfW38VW9QCiTO8ozEe7MHMIV6V8Al1dFTkygsK1Nm/a+CaEtrW8bTfVVVUTVeJTCAmYR4aZAmpmb07SkIAERNrenzz/d7fbv3r4kKJVPM8CgEckSy7Jm5vu71zXSubnu10rlqJguEUEl/6RneBE/mfT0o4/M/PTwTVvXJJDWFILp8EkJc48Q1vAQmWaR16++0fovlEhM2Q9NEQp0xqZWhhcyFuVUUuFEiFIg29KWtr57/5YplwofRfPw6vrO4ihFgywzA1EbZCmWqzUMTOYOeNNluwymhiCPLq1xE+qoH5CJHdXHnAB2+31Uo8dCgCTSfVgYwNUrQTNPG7hGNUZSieLcnYkCMxWr6v5I2/BIvwiJilQiKZJUNarkgamW1rBgInc3cxJa1mUMpGPAHu5f7Q8rC9sYFXtbdhHhSmEzVlmXRVQQrvvDuts9vH2dDmatwFZfPJHMUlZmkAcGO5iGj2GX+2zLsh5Ysl8u4s6sIrPcula0Gujn5E6UE0NFftDv1IcCsyyHAE6GEBBUOd9Ec8Cv87cEQLMHvvoNa4akmMY2uRJHIOIkJ4BlPexvrV8EtB5ulv2RdGkisiwVQZeekFakQZ04IspEbsYEFWm1yqCWKE+QW5m5U0SSSLhFRsz4uqj4Z09b2sJCh5sjCb9/+dK2nnYemXp4rOsuRo8xIjKpgayKvDICPAmywimrsqM+hezZ+7Y7HGXd+/lh2y7abrW1PWjbhodrZeDNnIERYBIhViL2SRhjJrUn6nWGRzqQQZGZZsXb6ioLIjyHBZzCM70izNIr5Kf8IjJB+Op/LmfOJNxDQJW9onOD+aD8Lx4BUxuImM6eoAwHs7RFWfrYtDXRBTDV5h7DIYrwcB9ERTZJErn7dh4RqczhbuFtf/PZ7/5o/+yzu9Pp7tWr6B1MZj6SUtvN7XHdNQrr92//8LPDP/2v/3NiuX93/+ij2y++/Pp8OrHIYb8/7PcBvHrzRptmPXJ1VXgEnJKDSjIGkUh3rujDREQYxTZ6JBHksvXWmoe7WSDC3TP6qGoPjhrpwotjriUzSOaWK8vb+7tjw4unHwM4jw3E3cxsAFBVjxFO2xht6G5pTWIzWISkEBMzmcMjVAQ5wt3GaIu0akTyYKZIFoE2jT6AVBZ3t76ty+7jF5+8ef26XzZKBvEwa0uJ8iU8arolQnQb27ruD4eb4+3xpqnc3D5S4dbkyaNHjx8dM8N9bBZ/88uv785b72M5HP7gR98Gy99+8QaIvvUqx3FLFl609b6JMPHivsHDqgmPZH/Yc8EfnmMMSpQ2zT0iuo7m49yaILibOSAzqrghkebCGYlqZwo38Ubu5AF3T2cCCcEj4QlmorbocJO2PHv+4vXLlwFibuGew2JYCdMoAyTmBihF+LZR1i/WK1qHmUHk5knQ+nEyuzmvC30ITssaK9gLhBAGwXttcyOs06Q3K+UsOUYFfRZvRkC4VY0mwMXPfJAmgikimCHMnu4eQBaGSATO6G77/RGZYb2HOQYRVl0BNu/u3kDM2eOSm3GCkSMDykUImbm7g5DMytNcUfpVQJLSnJKKZ89lbSD0bZgHuDTVUfwXUS1XaemRWcXsU945g8uQhJy7UfWKVGayxDDmebGGh5RFpdQaiA+KsZJPFXFTGVyqsrY1QVHpw0DBT+7OUxswBdhFbIoQMW1jQ2gGXfFWiEq3hJTlxpgbCuatBKiy2DqdHk4oxDDQWrNuniNZzEb5NIgIkm5VKsZBsawNmaftnIHWJEG73e5wOL786hswhvt+t2zdtamjOkexqAZMSLQ1Gx7mHslNhrkKMfHYRrCty2K9kj2ohPCRwUSR4cMSTtUkE3VQC7MAKLAoZoYrp6cjPd0jGSwgKLnPcbSp9HEZ41IWZRVJV13Y3QEe4eva9m19OJ1qQEWUZ2AwCwSZQUKR6RUEz7UGVt8Qi+qemCaQ6FkYUUYuSxNli6CZLksgrG1Jpo+ePCJmBDxmOiwA4qxV6SpTg9AknImIpKjqvLL/nJEVUpZXnknLRIJMi6uItgjyipFA4WE1AJYErcLvRJnAQcnEzJwMRFL1LF4Vw0WUE0p6g4gUpeoqosogA3lGxXXIogCNPhClTJlZu1IQciQlicjbt28ikrJeRTKV1Sq0qSgTc5j37YKkw80RzOu6IpFuTdkjAyEqMaIg8ASWdRljbP0yxiaiZa+BZ1kTyqVeMoR1t2Ph0Te3FJYyAfBVVkVTcYqZuVGf8kw3A5MyR6aIJmA2LJyEEOQ+xhiFQdYeuG3Gi7qPicfjGmSZky8sALqamNdl52EJaio2jFnNHAgznx9yC1EpcedVo5gIrMvKgsu2KWtlDU3pSoXiTIUDT7IIUypfCB8qq0KEmEUlLEqdHxkIZ5bavplBROYxk1vLZBQOTFdQH4N4GkYTSQFpEhYe3pbGwtJaDRm6SLiz8JQ0IPu2PX767Ef/4R9+/vnfZUCYwbmu+7au9dcF8rLd7w7HJy++sxwerfvbTIx+uTzcZyU/AB7D3Wah3gSgyu1LQlLuNCYKc+uXcAe8IjZrusdv1SEozX1EegxmJeIMS0SxjdfSGCQqAah2pymUp+tIScRzzSbcfPQ03Jhof/Nkd7hhUSYh0eGZmeOybQ8P5/dvT+/enN+/Pr9/3U9vx+XerdswFqUkbYqM1mYbFkClaAaVgpbKO1aK1UlPCNcTXJ/gtq7Lut+2s/ULMsNdlx2xlpp8KmZSpuT1inrUQ5ulkSKuhSfDtWlb1hHmo7NIWxZWFZkdwDx/nVdqdhIoYBEQqpKMJquYoJmPUpEpVa2QkZnlKmZuTXRhVUgtonllBiItMjyqeKQ0nQiqQ1OZmMCkXO5GLqG/ThyfmEhESk4qzCKsIlUaw8LLsgPIYzAakKzlICkxpFCgDysrriV6t94vSBKGmWE5vPj+H372oz8K2b18/fJ89x42zD3AIwWyHG6Ox8PKmdu7V9+7xf/wT/+Lj58//eb120J//u1Pf/ru7fvW1ufPP/r0kxdC/K//v7/oI7748qsgFVkS5TivYIyYEiQmjPOOzoe1hce6rpm4fzizkDZ5f/9w2O0Z2PrIzHMft8ebzLThm42dyt3ZexXME0XJD4gn6xPB0V88e2oRxZ6bORO1ZRURMyu9d6XmljfCy0dJdezwGD0yhbTiV5nARMKa0xOepcGQxswcpZBkQsLdRNvxcIgk95Hl1/SSCCqzcNFTTCptu3Rk9O1y2S7W7f5h84zz5bINe//+dHfa2m59OPff/Pqb9+9Oj58+UpU//+M/+ItffP2Xv3y5nU8+xrJqIq13AZBuNm5vPtrvH18e3oMDyCaNwYsumdEvl3VdgVSlVbQYYW5rIn10muavvPqTyPpwDxZJd55Ii5FIDIvzOW2EOyGlRjCEaCOmiKlNYvC79+/v7t4KN2mKSj5BZnhdauZDd7t12YUP61slaqOQaiIRKaXiNSotEnj80bOaMjfrxAoWlgZmYmlrA2G7XACoqPVLhFFGepQtniuWoEQXSRTJmToX+0IhgqncgmnuSGoVTWFW9UScASqeAZFBlOuyY9bug+DhgwIrlyN6W1gWUribD5roRILZhkckssota4+NbmYGs2BBpltYAeGYlaYR6QTxsvtm6d5qNIpS6sucdGbceo1g14UzEjl/7kwq7a1HY50kaU6REK6xckQEhkrJReugonAXFb4O9BHeu+33a4WPB0V6EE+uj0qRToyIaTjLuHl8G+GjdxYCMwt5eFKsu1aXWIGXEyAhTotwb61MHaHMIgXwebi/+Oz7Lz75nZdff9Hawsrh7lunIOtWqMDodkW+oKyR0W1Y78vadoelrTuPMBuoNCiU4BNM7JE2vMQ6REw+tVL1by/ni6oyU1VUijATUYBEjze3l22briQWVgUgwoFgIlUZZrWwTYAKWdoIHyaiy243+ljXBaDz6U5ECZXE6Fysioiqhttht1/X/cP5vnS+NTgQEzfOzKnYR7XDgokzQkg8k5BCuqtrvtL7mrZAEEetjxYjMstvL0TW7dGTR3/8k5/85osvt8vW2lISg8T1wIga8FAw/YzSrhF5lgpRaVEjquK19n8HT/Bmqhtqhp1KtkxUQOwH39t8KpmZiRGwcFYpk16pNesaTaRQNbHUbEHuEVNPQsu6Ms98UkfmjFqn61KSJFWSN90LwpQ+04oZJKJpviwtMG33NQ9IU4+w7oRqGxWLQcTnh4ewwYSrYzGZeIxBBGHKxBgDCREB2D2q74yJwxKAqJYiXUSqp11UKQkUIlozX6BEUKhTlUBcsfX1XFJ1VtQsP1+l6CyuKhevqtazqG0tkKOk58xag7uoEJGZ3dzcHo+HXjWgrf3OZ9998+YbAok2Fc30qiy4ekyz3BpguXn0aPSRDGlSpUUZs4q2QtsyU0QrjjAiRYTACShrVBk7F4wBkUbKZQ72AEtNQVQigaU1i/CM8m5ledZzrhYsFdEpHxY8JAng5ix0XU1TVTLT+hCVZV0Khy1Nj3uERWvtsp3evHuXNoTJzYiw2x/W9QiQmVNG2DbOD8MuGVgPh+Ojp213ux5u+uV0Od0xQ5ndh3Jj0YnaxxV/KeX2JExt9C3DUYHumNrULELsChInApnmQ7URM3La6PMDZjzDPTHX45mBPSGH+a0YRLQeD9Ias97cPm37A3MTWSAtArad7l9+c37z0t6/5X5pva/e29jUBrZzv38Yp/v7u7fdLsuyZ2mRrqoswkwq1YElJRyqnI1ESBMWJeI6t6ZkXZkJurRlt9u2S4yNMsNTlx01RQYyiymjwqWKzJhENs2YnZmt40jP8N1+L7LGsDDXRWuSniAFqoJe6hGYq9EsWANVDiRNWgHVbENU9U8sUgsByrqR13WXWbSRNohi/kXILNNERERYYU9l4uUS48ZU9NZhyFKy2SldnovaBNymcbXOFmbWSBv9wiyqkmn73dqaqIouGkhR0aYW2bctbBSEit3h8e/8/pPv/riDX7788v3bdzb66KOPkHWHtoQsN49uVHlZxC733z7E//jf/ePvfOc7d6eHly+/fvHi419/8eXP/vpnl8s4HHYfv3j+6Sffuru7/zf/9qeA/PqLL92J2pozZGfSWyBGYWZ+WnDZL4qktlsy8f7+1ESY6OF0Pq67Ysz78L7142ElwD3Pl/MifBmxDWfVLPEOUL66EvLEuBxWKXe5mVdBX2uq2szN/j1T7/J0WZbdB63fWmvvc+79vnxUZlZm9aO6W20skMBIWICQjIKBDJbDEYTDYZgQEEQQYWb8ZUzxFAYM0ASBZYlWt/uhflVlZeXze9x7zl4PBmvfbI8quh7Z33fvOXuv9Xt6EKhSNRjoTUvyQAkWYYIVe0PE+I3xU0V/A5yV+IxYVSqXgipbicjdwHxcj5XTTxFgrSheFpamqk20adPemntV42E/2+l02k7b7el02ndibD5u7u5u705mox3Ww+H4X/zR33/44Op//T/+tRNv53OCiMJsxD5AlcNDgTyfbuFW9RJNOCLchtsQ0ePVYVnadj6x6nL9QPshM8d2rv0yM9OdzDgjh0PYKVnleHUMt20/Xz98uB6ubt+91sjyj1EmFXwzH9tLrycgIjb7ByQzM3zfdpZw92roQoABsy1sp3SiEozG5Rx2wawVCvLCEfZthNvYR1ImoH2trOVyjkVEIigyzDKMKDmDy1UYQUTMycTpwQUbUFAdK055GZpp+uwoPSiJWQgMlY/YgMyqDGrak/h+O3saKJo2KbCWzH1QegyL4VRYXxIxF6Ff2k4nKOuk0CGRYeEZbrWQUCUOZC3z6b6NEtaTJyVDmN0tLhUrJX4rsWVla0amjyBCoQRzgJ0iQgSlqhQCXakqE3CbHmAvUWRSRERv2rTVqDbGzmAfpswMHK7W2lopUe84JskAj+pRiMIfR0RQDjORxqrV2sGK0uO5GS5IVdZzTMRClRBa5QZTdl47ENHpfPv29ctaNc08IpbeCu8S5UgHmJtmUgS1pmPfMx3CHkmMbdsoqakSk0oLyn3fK6vE3ChDVEXLBl0DFBECRNq0rX0UCVPAWaZ7tK7HBw+3/VxS+b70AJmNMkD21ohYVUVkG4OmSicZWNcF4EQlrAaK9Y2yxmXNLRlpbrPwhGjYuL+9baJ1oxcwW1MeCubDHGwv/7QKY5IIInrITGFAmDIzKJH/6X/8H/365Vduo0qhuYQyzBRUQXZPPnnCKu/fv5uFR/Waz5yZ0uBTiYvoIm2hy5WVNDOfSlE3BdOEugYut/fl04wkihrPCsYuaXixuwDIK8Y1+3p89uzTDx8+zCAjnt1/URg5VdwTzYAHZkmczuewEZk6m/8iQUzVnkAXGXotrLMjp46KyywR0sTCS79DzKyc00BJxY2Uz7h6FYRlQlMV9H+ZL2YaPKOJFM9QBGrONFWmTBVllQiXCr2uHMWMKFQmgohEZwBaa1roZIyoPamybmw4AyrSW3erwoFS+AURdVWBaFdWERZWAWMMW/vSRLfzuQTdNsZ8r0Q8fWyjupnf37wlCmGt5dPKy496dQGwtKr9CG1LJlhoH6MoVrNgxvx1iYhmGlXWWY9amrP6LDKz4NfIBNO+nZfj9fHBo/10T4C7Z0bTVukBI0ZSMOqUnrErmTNEighm1nsXlfAo7UWCWpOKeLn4M9nMKqxrDKtDs1SSniGtcfJ23uqEK9n9YblelquqfCiJXA6z/Rw+bNt8P9kYqh26nO5eb9u5L4cKr9TWkzKn3LxACNTzDOaMsH2LcAon+ohQf4RYahEvQ0C6m4iCxc0ugqLLAs1lNa4PYT5pv7EUzP0jeu+H6+vW1wePnnDrxJxgJ5xvP9y9/vV483Id21PQU8TTHI9zPGK79nEVdoxYIULixPvY3775KjiPh6sMZzBytkiKtEgSbUwKAbPMCbg2OFySxAitdwDStPd13zcbG2d4RPEAGRdH/AVLoVneVX8WyppVtuMiHAM4XF1FuI/NI5e+8CUtf97PgMpFRT4hDk/KGfQKlN0/Jw1Glye29N6AzhLnyZRFWCkKWFkXaId2cKumwgyvqSg9wt2GuTlFTZxJVTNENcNJbTVUbCemBgyYsgeIsCgBZlvlRCxLb61npAXt53Heh419jH2/P9/f346xBcnh8bNn3/3tB9/8rZPh3etX281bAe3mIygI2hb0A7X1cDgelhZutt389qftX/y3f/b5dz+3yF/9+gvVdnX14K9/8DdffPHlMH/8yaMXz58/f/b0x3/7tz/92S+ati9evtqdWRaC5HxeGUQVSaLMPk4tT2vvYCy9m/nt7f3xuJr5vu/Xx8MYBvB5H+dtf3B1BEtllSrYku72FGiCszp6MFuJAIRvq6YKC9g8KgsfzK212iiI0n124RWn4tX3mlmCWiuJ3cfbrs7lug7wm+eOWVik4PegZOFwogiP7Gs/Xj8gEvcxF7okIk4SbW0fDlZoH8HuIHBUpwG308nevHm/nc41nWWq9uUf/+k/+JM//A//5Z//4Ae/frefz6fzTkCYj7EzpVY6MSGRboOZtQKAPhLolCqamfvwEH345Onn3/3umzdv921bessw8qiR8+Oa23on5hEZVTUDOixtP59zGxwRMQrXFKRUYXDWiUsBMrd93wpl86CK0WbO8rEzEB4qYtuZxkCFr3jwXLfBROnl4KpY49kAsG+bu1kGEVgXFkFGGR4qud63c9pgSmUU7QZKTI9J5dsHIi6dNlETMwPFZmQ6iCpYv54KFfWkSk5mlsbSRCPC05WbVY6Ep3KDIZM8xrDd3dODwjKpaf0WmRULCwLIqpGFhcBmAwwPC3Li+XFFVHtLiTvSL1Cqu5U4rbc+YjoGiKn6Zd09LvKPGpcoiYhKZUkx29Xrbw/30mTWt1ZSUyqzFvOcZDDl3mau0sJ9KrEpHzw8ePjN3alE8nWA0mUyrC2ZKKtYglU4OTyRFJ7EWXKJAjIoqxdrXn/uycqUSeGiUjqFonjdnAARYW4KyshDP7Ya2bnyD2ZCXnHZmVljN0Ask8IiovIaFX7vXlofevHis90swyb+RvSRPOnaySNBwz1BInK4vs7hGXl8cBRtCbjb7e1N671iOi0sKVVarSKg3M9ns6Gtu3sNSCXhI5rRhZEhRQpX1iJlZCpzb83D84J11YZQfR40TdxgURZyM0JFWxNl8rSEkjBnQoUBCOux3nE3b11Fl32M29PddtqUlaiCy2aceWs909++ex/hNzcfbLdL+FxNVfVmFWDP82mbxlxEJirckufkUmN5XaARySIsbJYXSh8iSEpkfThTxwJiVvZJLCRxJqAq5r7vW4n+gVIP5W5DyumLqXkoBz8ImZTIR48eOeDDalrlqSOEcOmW40LUZmblcMUUUYHBvA+rRTWplvE5DeCSmQXhi9U72tKZoV0jcpaxkRMzQ8cwIvRlIcAjS/wgOtP9M4MqJcGD5aINL9i+FomM6sBKSh9zJkF9wuCZUpeTe692FbeSd3Mtg5PSUtnHqJPQbTx+9vz3f/8Pv/jil0wZFHUEU5B2LaeLDavNUlkpEiUfIitPzww4iYvcJ4IyVfh0uhPh6+PV2HavIQlcWT8xKaCKiqop+9JmScyCcI9Iry1suqSxLMd9O6cPJa6cWmZNojF2AjVpvS05+5FCahC8fJtU2aPFLzcW7YfDVVuWfduJSURVG2gmQLpZa01bq+zwjAAkPIocN3dzAzMgaz9oWygN4AivwOOgaMsVQ2zstp3Ppw/bdhs2GKy6giIjWXQyFeWzKpk/QZqAKNztfI6wmk9Al2qHiyugXro6dsN34VasF+oMpEtWby3ZQTQPSBTzDbq8wpkQXD/65PrBJ+vhQYqSKqvu+3735ovx9suj22dNn3Jcw5ndOKNzCHPjhXHF9BjZtzPGxtS46e3th+28PXr0SYJVNZHuJbjhpa9tbWCp5aXoV9XWWoMwkfZ1aUtTbSUF7uty3jYfG5N7kq4HmnLhya3lNBBjjmpgKv9socI59b7aW+uLjd0tRJu0VgFEHlNHJCoiYGHikiwSVQ9ADRAoGRhQBssCNoQhFWpctA2SOOdFT2R5weMKIe2sXfoqbYE0sM71ywYFRXjY8DF8jHq0fIyKg/D5AxRuw3zJd8zLQJqMfZxVWhHNEbTt4/72tI/hdvZti33bfQS36yffeP7df2959Pztzc2rly/3mxshJ+huZOjB2vuhHa5IWmsdEcLp5w+/843j//zf/Nl3vvMdJ/7669e/+OWvX7x4cXd/96/+9V+//3DDLE+fPn7+6dNHDx79v3/511999Uq1vXz1Ztu8upkmS0ycxBnBVSXp55bbcW1gUdUx/O68Xx+P530Li+Nh3bYhTU+n8xi2HhaGROa+mwjM83Zz8HQUX8adSeJHjAZrXWsVM48kFqlSE952r//ksv5z750So+IUmCuFsHJLKicjMisKJutPJCqrTy2LhZ/UNFghsJSUQcy0LOvx6iGxpg/KBNjDwFrRZG1ZjldX62E9HA9Pnz5ZD31ZOqs8eHB8+uTR0qT15dNnz/7xn/7Rf/Dvfu+nv3rzv/1ff3N7f7q5u6tkp8xAhoBZZ+hTJJBWGdyUM++LM5mpVKq72bJeAfrlyy/H6R4fC6JyngYVNs6qPvMrUDi6j22/u9lP5wq3qQ+cQSJlXJxhv5kZZkTmHiwMEmJhgZshI8OIKCzqdUsblRVjY0y/XSWrTOlvWlj4HP6IyOtdIjA3liqH8RzGIIqksiZzCjLNI4wyGFmWssJOM6KLMPGlDzsxe/pyHhuR9d01lRLhRUQpT8ApFTtbP3z57ShVtGtLyghP+JyxL5irilJmpBNVamJtLOSe7q6tImVnnkHlkboHffyBkzzCgy6xM1Pm5m4Vz11tTlTQ/5y7UbEjBcajNHLhy9LLBnbx5cfcbLMW58RHNV3NoR+xoQgQtb4UYDTcILAyn7AgK+m1LtsZQ5cAi5RFNqcmaF5UGdFX7a3t+15yVFDyxDQoPDOyLzJlY+7Hq0dPnr64uX0H0iRiZWahCBbxiFKdRMSwQK31lgAgyJJyC9fTM9ykHzKsImiE4cOTcl1XyiTiq+ur29tbsnnaT8cVGMRVrQ4mYhLGvg/bbd93IlLlsVsl4Kmo7ac0JyIRgfDYx6XaxSFQFinBxexvZTC5hY1ad+filh41lLpbjeL1ctWgy6XkBWVS1U6Bkelc+drJrTdtbZh5KWC9ZKsV2Joa4ZjYKHuk086Et68/LNqIyhWAIFJWEljYft5F9M3Xb+eWz0hPxrQFUU2lSZkkIhHulTFRtkK+DOb4mOqVmcWqU8nVS8MaHplhUUUBxfXMfMBIQgBVeU9JF/wgh5/GqS/Nh2VEEovq86ePX735unEvl205fT/qX4jIKYUxKlxs5pkyoT4mLMu6b5uwBhAeoIRMSJhYQAllBijQlC/Z3FPAAAAgAElEQVTqQOS0RCcut0UhlOY2HwXzQmEpoWCRkpP62HenjOGsok3BqEBomrJoUhUfUdLUiGAhutx2rEwEkIJm9heBuGnEjAaGaOPe1/V8Orkbq5TBAFCuPngK8gBEu6Y7EWfiydNnxDifT8wAqML8sqxUbixKTBmJtOo5SkIm5/TMVWznPDvmFp0hIpF+Pp0BbUJuQ6SJ6LC9RrapriyxZyQhWDWGe6URUDGAyCS3AHjb7vfT/dLWWYnn4WEgSgoukPuCbUcQ5kKR0tQDFBludAm48hgfbk7MaNIswvbRj+K17TFIeFmPydHcsyL8PJgZjLboticHGDLfDEEkmHnfywpc6TdJwuk1K87gy6hf2srNWLYB5kjPBCCJYKrfOkotOrGjScxi5vqUoKLum+Ihqt8GzHPqLXgbWcB1MXJ1g03gOzFD8bq2B4+fXT96DHSLAEtGnN59fX7z8hjxoumSOXz/muhN6omaEafxDFQLP3A8Ufr2gT/f7t/vt19H43X5cPP2V7/ib37+vWGDZggT9d4shqou6yKCfd8pqWnRjiLC7tCurC3csW1bZuvLk0+fvf7qKz/vtN0NsCzXIq3mjBmAHJ4UiGlGSs70mLpIyXQg7Hx3f/3w4XI4nu9ut/NJe+cm2paINGREoLAvIdEcMsjSQRFG6WmVc9dBSkxMUqyceyYnq4AC05TBoEv0MV1qUUEJSwpiChZRIVHuSzEUVK3J6eGOLADQ6i0KsIEThKpgmXnOpZukEtxFBFXdsm2qOsZWbSFlwYaySrv65Mnx+gkfr+7P9urNW993QvbWE2ypFEKi3NblsGhrwjr2IemMzNPNP/i7n/4P//y/evzosWXe3t7+8Ef/Zl0PTeSnP//5u3dvSwq8rP2wrm/evn391dfkWQb6cOd0cs6okub6TKKCSSjqVeJMt3Qzq4l12zdVjgrCCo8IZtgwYWSwSHVEBspfMSssiGaYBFMmy3re311FZISwUhoRmUdEVO1Ede65pTn24TpG09ZCwy09INJYSnvNlAIp51et/cRSqndgFmiqtt4EhN0sIhnVqVwaWCPIgwcPHz58fL4/3dy+ayGgYOjh4VVkMKeK+Bin2w9hHhSHq+P1Krbtrfc/+L3f/Sf/6E8ePrj62S9f/ss///H9nkS59IUAUGhbUnSc7oYZGOvhMPY9U9JKcM61XidIAHBQ2tJb7PvwSBsNso0taOcLc1IGdBaNgj8TIgnKsD1sCCWoDq1JfwUgRD4okVrvYER4gmdeOXMFoo5q2K2IRRBra2WnCEa6F+dZPQM15EdNhUXmZTKRgCiZRJLIw8IobQCkxGn7Jasn08OJkEwXn1MGeRC3RglPr+p50WrtJEoaYSqFvNZRwqwCEk8bPijQu2ZSQjnNIyCTjyvH4thtzF/bu3QRuTvdgMgjIDwy0kOEhzvAQWV4QwRB4WG2j7EbKmIxMwmVxJdBJUjOqKJHIpqQRJgnXQjckncyZ7goeVTHbcHHqBQNACwUGZVBBCJiK89kZqW3VuGggEzLRpq/EUMSIUH7fvJIimRVbbxvgwnaddv2wifoskUl1dlLSdm6ZpBFhDukNBVsu40YTZSILmnpyEzVRhGRZp6+D8wEhFzXK1z+4/QctguzW2b4ttvYWVpf2mJjL8EzUbrNwilmtmrkJvr+b/3uT378l+GWAjNjZoW6hXko+NWXX7GAVcstTZksUthquGcmQ8M9mESEZ66on7azD7CwNvXdjsfrTJxP9+GRFgzmLpGRHkyUFHe3t9qXZVnu704VH83g3sRtB7gyPFi1L61o/MgKt0hAKGu2nptOvdpTOFOukeT0yEZZHEHWW5yZWcFxmRCSFfNcqMk1CFlmzXCf91dhjEEZoarEZSaQwtm84kcqIyzmaodJs5eAGRcj7pTpEpAZValXu0th6DViAhw2a05xiQwKL+kNsvIxWgPg4VM4nsnCokIgN+tLy0xp+r1vf/7y1VeiKlzqsXkMAIhIZr6/P/mwJlqL+gzWINqHrVfL8fp4uj8lzWphsFw+j6ICuPWWEwBGErMyUXXHxpRYMwtKDDB9PCXcYkKxjRYhUIsgIncH4JlTl+8W5rV2Fvlc+RHaGs1daII0YKhqJtnuteByZYlUr2tEcmVQRRBdloqaiadTov6oskYUeibSbNt+8Dd/zXAhHmb1FJkHlyCFwNpqkeeylTOLaD2Fra2qbLVAA8I8z5C5fyIpvUqCMRVK9b0U8Vj/BrgKyFiXXjsURIQVuMBAkWWCVGlUks+qhKMiHEWkmVlRMxMCLs9k6azK3JPJzMmchAia2eigiqpj5mq9aYd1PRxu3n+odpJahFRBRCQEzACfZekZsa5Xva85GT0HhftORE0XVgGTRwJkZul7IkR6xACztp4EKWi53gkGMwQCkQwb+3kiN3RZZbPsilkHQ32HERFuUmt8ZDpdeLW5PUxImyZflBetEUBJfnz4yaMnL6A9AGjLiLtXX8S7r54IPhGl8C+dfhbtqzyc0S2FGJW7wawO7KTvU79w2UW/oX7tbkFY+vv7e2K5un5UqJC5ZVBEQLktS186swhUmgLcls7MCc7puQw772YDQtKatradz2SWPiBN+yFqfYo6M2aZAKbdZrpO629MziRMmvRlNRvhLsLamooSyn9WtQuMTFFZeodwFatdWPTM9I/0C1QuNGyJBFC+69IfleywXi2wTAq/Cgwr+i0zY6/TgUSkrdyPvBx4OcqyclshjUV5Zq/RpBLMItzGoIwMJyQqMcMGCMoNxboSJaMdrh5+8umn3/j2g6fPT9He3Ny9f/fh7v5DhhOxJzuhKitIlHuXvrD2viy2DaZYuixx+2f/yW/99//0Hy7HK136/Xn/4Y9+9Prdm8+ef5aRP/jhD7/66uthcXU4vHjx/PmnT1++fPWjf/OT83lL5LsP9/fnDdyqoZniwpxUgAlRxuiwq8OSRKq6b7u5H5b+4fb2uKx1JRFwfz4TUW/KVPpdNjNm3JwHoFS+mSKyKMElR+ew+6u1MYgIMY1E1FXB7JW2CCp4smKEelcGFWhYR5GH59yRL98CWCtZNWe6tU3aklkgs9OUJtmBSkXXkmpr076sDx4+Xo6PWLSA8MJ5pWgIJJjQsBwPT58+/v73Pv+T/+z3/vAP/n0V/ukvvvzf/+LHP3t1f96HAEHhYws3RjIozAHW3pMobXRFBlFCRUChDC3/yrweIiKbSGZ4aTAykZ4Z2sQTLIrC46I2zkjzLAfaJNOy9s7WtSLFyiKLRFW1lAmwsh0hzIyxb5fKSCK/3IgxAf1igMvYM2mtMsKBkoJLT5qeHsTS2iGJMixtB4Ije9N0832jrBEaVCDLjB4u5aF8bJOkObtP3e+8+7h81MGEpsJoCXIfmbE2FREfNtW8gBcrPfXFoExPBwWIHj94psz355s5z0ywkqGymxEYQh4UlFE7ktc0ESgEr4mTfxRnRoVpFrElhAR5uPvUyhNN+T4m5FDK+1JdUhLNc6MSoaZelVGsV7H3kZGtacWxfBzcZ6cMkVziuSPS3EpLPYZpE7PIrIg0kmmtnnHTVWhYdRN1HIaF8CTGSnkQnqwYoyIUkHNuIU8SVWnqPlvt9v38+usvRYSiHiDM5qOKye8L5owelClaqnXMbWFitzWOxpv3X2cYgyKIZZ7V4RXECWbJqCslKpDUKUrW7ulg7n2pldGdbFhfGkAeKaooO46NJ8+eHpbj3d17Va2siDK1lIzDPWo4bEsHciL+RUDQ5fEHbLeMmHE7qJG4xHEkMiXcqiKitXJFzuHTM4Mo0t29tqqIYIgol+MPgIoyLmGOtfIysxcoyEDyxJJRvWAIpFuqsrYOSk/n9ARnlVPMTC4A7B5zos7CFC75Gl5ZqhcyBmRW8ygq9Z/miD5n8ZgmPyIKAiuzjQTqzUSEFabv4ZloXfq6ZIS0tm/nv/irv1zXhYndQ1ijHsZ6ahLgWV8KojKJz38o3DqPYV+//lq5Mdhjhs1HTnwCVYdR7dAMt2jL0rp+eHvTWxPRWpuZwEke1aqYKhrh0jQy04LArfXD1WF7f0amKrOqj528AFIKIpnTjyeVbgetq21b7dBFq4TFiFELFWt1MRETOxERIsGgQGYE7JJuDgCkrMzYtxSRmmqoiY29YGWWFKKwcHcGB5EktyZj7EJc1gJlLs1ccjCziIaFZUZa9fGhBFRU3xFV4+buRjFU2EuDw4jhAFUQEwGRLlyRzQTC2PY6KZiEKFk5zGdmGaV7nZJVDzxzjJ2qo3uqtJmZSVQl0vZttKULA02IOHyPcGRYQpsgEBSYSz+7mwhbuu9bulMGQ8EY+ygsJaN6IPdEJpUJOC+JNjTzHYipfpI5ck+bHbi8vkhkxfFdAExiUFxE/QKel2HtxRRUvMbHWo1qtalTDllunJLY1p1UZ0lk8IWRm3+tn2hu46jygAePnj18+g0SNQ9ubWzb+dWv5HTzmGUVeWP5pbUN6xymzEkFKUiEOzIlk0QIPIT/Ntoty+/3m+d3pxTamr756ovrq0fr8cCc63G14Qxxj33fW2u9r9krwc0iqakuyvenU+kjjVI6Z1CkXz14gKQ3X34RZnH+QNxUVszMgxrNQZCsrQ7MhEBGOJhBvbTQp/ttWa7W4/Xp5sN23kQ7LyyCpi2SqNKTqpOFWVt3cxFhrQlgeESkRQRSAWEoi1zEikRWeuGS0YKyrOylDqrnI+qhRtQICSInePggVAIAEzGrcltpuWbwBE4ikpwiShtba/CUHIGTEV5SlgXMkBSBaFsPB0bu+/n+/d3ptJ330bQps0UmXHrX3kkU0okkpC3rui5L+OgLhecRt//jP/2jP/77f+92G1dd933/2c9+/rNf/OLxw0frYXn97u2rV6/3YYC0dbm6OkbmL3718u68GaUStOkkuMLLyJcZpTaIoLr/wGQ+P3CLYJbdwp1YtPLowikdFQKQSebOrJ7ZBJdG54waDYTTL9pPlkjZ9yFrz9LVAU403KU1aUrudSjWUe0e531fWheo1cWlqaHDzMKRyeD0dI7IkKxecE8iTDIjLZJBVfFrHraPcKdkVul9dTfbN0BaU9H1k08/rRyLTx4/WBYe+2hdro+H49WBkS+eP/vmiycedN62//PP/xUlf/X+9Ot7ur3d3F1UzIa7idC+j5KjQLQfDtv5rgruGZlMwlFywsqQZSADjlTJyB2RQsEZWrnb6UncFCJq7ohgEOV+aYbxiEiWrovFXhbJUtSsa1fWse2bbdxFiCnT3JmIhW0ftpswEQUzsoqpICoyxgYEePZtOYFBUWAtJJGcVJ7RKaGBEHyzExFROKPK5XzbjMDH4wO38/l+AFrxu+TO812miuz2S7x1JMUeNc0nOTF86jFYpKk0M/cYTGDt0jQppXNsFhkENgJluo21CSWyiCyLAN7dfj22UwmJVZrnIGQKESUJE5MHjTrlQRG2dC0LokVkciPJTJuwICH8osOp9qAkQjJnpmdlemX1YLilZ7ITZQiXBRYZcK/U3BQWANW+VigVgyrA3bkC8ongwhwUVZZXON6E7UC99/AgJk7u65LgsAEBfMKLVMR0hcxVF0rV52UKZvNPFmOJCjCsfZqnxZHFPcv2PYaDOSjIs0tTVrAkpQ3LiglCZFKl0xGx7zuxiKo02exMgda4bgWe9HCoqrkt2iPDfa8QlAzrbXEp5dUAUJqLShXugCeoMqGB1luV7xZizknn4a238/25LUvvqzZ9++ZNuPW2JKXtXh5NNyv/L0VqUyI6n84ISope5QA5JaThzgJt2nqbPntiyijEplYGJyu0k5gqU7jU9WUUbioMpnB3gyjzx6S9ovRCtF3hoo2pKUHqXyJi0XQrVU+hhyyoXbm1vu/7MGem8GwiHxtdGQJFZLJgXRe7pDpW4lshcxGpokFhtosIJaqWubCTrEz8mX1S10RtjpSVZcQMkFuAYF6IXynbkkUIGOZVsigsU6ZWK0hSFCmrPFdkj9aqd7kAZWLGbEGmqUaLCedXlBNPhWQQSpbOgHASuQ1wibWoXloIk5NHiIiUgJ7SPY7XD549/+zd2zd96RDtS9+3MwPmcXX9oAIHluMqKrV41BTnFeKb2ZpWttTUwFd8UxdRAZG2GWZSZou+djC0qY8gorLJq/ZpGS2rPngaoUS0iY1gncbi4TZ1EKw00RJ4OEph49XKWcR9UYhRAUTFSf1bq1xplmalffnAI7Ma01TUwltvbgFmVimMzS3AkMZuQUR9XeiS7D7DrZgjIsxEZAK/4IlpE4hmwEOlcxDRsK31vh6ux35mVQpP90xqvRFLpE+GdIbucEaGVd6oBIWbX9qFCkFjJnikNA0LCJa1gYiCj1dX2g9hlQxvhHAbRFnRN/UK2rCgcNspSFrPKjvWRkAZFWprmAo9EWaE234+Rzjm2zphbroopsoUk0mZcWnjovhIZhflNvWX9d/H7OKspxN5uHrw+Nm3pC3hQSxu4/T1r4/n20ciyfyrgZd0FbqiIueI0RpYwOo+jo+u9ahOaXtJnDLAJ/SN8H0dtu0bZFe9H/bk8SdtPUB47FWOkhmzxVGYW+9cjdGCxrpt55LeejiDx24ivCy9r6tHjNOZMiMcfWVpGTb9PtPAX3a00gyW2JwmMJxEMVhlXY9hw8y1Na48C7BXbB5+8wgXvA9Ga11bE9WKGmDmSMuwnLVkRXEJc6EcXCpYArHIRPyLjBEmoPyShUqUoYOJicDJ5ElhaZ4+Ypx9bD729JFpZYoh7qwrS1mKe7KSNKAHsxONqI9cFpX70+2b11/dfrgJOzflbz5/cX8aI5PRUoREpHVtS4hYUHJrbaEITm+SYeff+ebxf/nv/tHf+c637na/enDMpC+/fPXXf/ODYfbixYvDuv7s5z//5S++3Le9L4eHjx9887PnBPzVX/3ww4cPmQTw3Wn78P6OpaVUSiEuVqiY8jPfO3zpUjjC6XQGIODztl0d1xoWhvm2bUS59lZsPpgtjQjn3Tz5sv8Xjjit+qX8WDBab7USuweDIShHoA8rMrWY26p+ak1LkE00AwTcMy7nHeaWDhYpi1jkBbTKUvuVLVtYWFiK6ao0CBZmbQTxSDDG+d5jTyfRHp696+FwXBaJyNv7093d+ddfvv7FL796+fX79zf3H27v77F+9eH+dH9m1fDwGNV0EUnMuqxXIBr7CRGt6cwVBoRZWhVQCBES4kHaGkRsmCAls4EW5d6USwBah4KXWtgjRiFk5nuGN+HeegQVcgzhB9dHZMQwCD1+dCVN3777QAVz1MwXafsQ5gyLGeDLUXE3NoBgcOkk04NBJKjQ/5ILMrO2DrBHinZPqwArZBJFxR8DAKN39THMBsAqTBmcYC0f13CLmpOyMBtUWiBmGC+BKBjo2pt2EXgM8+i9gfSf/Jf/8PHjxz/5279t2qQxIBkRZsxowhk5xlBWZkn3StnOBBLTuXYRpxHBImzOnREZhOxNmDHMSCgvhpXSQYTnHPGn8YHcs6q0C77NGat1USDTlFUDKNsSEeLiuJtXxRSOU1IymIlZuYJxcgZ4FG0fdX4lhUc12oYIW3jrAsL5frPdRGg5tG3bS7QxRzj+6MbJmQJDxAzzZJEEsnIFieuaYkGER/rhuGhjMIN5bHvWT8STf1jX9er64Xk7V8thBTkGIjIuxnJyTyC19ySUkAhy+YwKWY6EoELMyy5cwwCVijqy974sPbxUP5GMMKtcr0wqq3pmiLSnz54l5d3tbV+6NO1LLxm5SuUOFW/DIJSKrvwkCbJqnhXNTBHxMYoBS8rwpExVadqKFPDh87YHa+vhThRBoVCiyfSKcHkWWKDCYBwPh6U1d08mlVI0zfkIRBLoBTPGVBRQ7Znps2qMhSNSZHIoRGhNiFDqvwutjvRg5cTE78s7or3z5Bqmi7f49wrUZ8Hv/c7fe/X2lX88OzGNI6rimekBkkmbM2cG8Wz85MZjG/W252xHq18+K22KWzUChteoDlYRlA2JK1M/i1dDdbw5XT28msd3eHjpR2vpKGIEZk7gChxpWgbUUrFmREplFiEjUpUzk1kow81YUNy+9g7hbT/dfHjDYNW+b+fz6Z6CtK3f+ta3375+M/ZdRLXLvo2mjVn2YVzpoSzLukRYFCw9nLVAltRF02m4F5us2uqgEYENKx6vvnd3qxCjZT1WG5ebEaUwg4WqmqiKBQQUpCwKRTlEyypQZ2Rkfdx1ydWpk/4x/ZNUNMEZ4T6EletNA419m+8D8PTpC/dwH31dWbVM+mPfCdR6zyTVVosFM8+It+EMuZjyCESqCuZSwNW6mOVIJ8okFSGQjWmcf/LpZ/s2zve3pZ0ioKmIamkJiKrukSNcm4KIRY7XRzA3VXeHcJgBKF6yVMzLupSkihmHwxruy3Js/UCUyLAIgGKMyGj9wCzIoCoSzAjbiVJK406k2svcWcLPvETfimoSVQ9A2qALJlOJFCDQdPQCpfmJDDdtnZKnRmWKEeLj6197LBUzCaL0vhyefPYd7YecN0eev/7l1enuofY74V9Zv+MrEVGksEQQpCZjkOe3Pv/u9//O9z97/uLuvI/zSHAmVJGQG2iz+xdk6XnP/S58XQ+Hw3FZ1sqnnSdLZHoSU2u9jMJCItpq22fK6r6oO6PmsOPxsO/bdn9iSidIPxCjshSqebBCcubHA2LinHgCZ5aHItqysIiPzTNa78ys2upVzo85S0V+g4mJwa01qSj3yuMXrQUqbJDXRFKCAIAFUh8yUySBCTL3tUye+i6ii5av9GTTy0uYerYp16o7LhBO4WmWtvvYbWzDzr7v7lWhGmG2ja0ck017Ok73Zw/vvUfG3c2HD+/fPnv8yf2eqo3B0hqkpeiwJNauKpS9iTLJuP2v//Pf+Z/++Z821fc3d9cPrg/r+ubN+//vBz98+fL144ePn794dj5tP/zRj9+8eUvAejx88vjhp8+evHnz7ic/+dm2be7uEfen/fbmHiJEOgPtQMWzI4MoyPZFfOkiDGLZtk0YmWljXB3XJELSGGPfB1P2pSnLZlZcl4DPu7nLZbBBSeJqpZzZGHZ/XJcECYt5REJZVFi4XH3BTCWsq7zVzGyt1ThaoWHlFJ7bWsFTDCKSSnUjpDum6pURM7OuNWXWeedXQmwmgdf1QCy9rWajjg4bdnt7+/7d+/v7+7dv37/78P7m5v7ufvPhNvL+7jRGRL/61YftftsqGjHcKosdzE2X1haAyPewXQhSsFoEIhmkzDwj+pioahI5LJQhDDI7dG2ELjiANcPcKQdXp25RZ4wsX0TR+p4eg5IYKYJMuz4uDN63MXzc39/HyHnzzfJj0irbDi+dIpUWISbjWh07xbEUnljneXVIRUxxTuVK2D6QDlx0/RkcyYBv+3Z/m2NnlqVpmDOTu9dAnSVXjsiMGkllhl4SkgQswuGuIgw1G54BFmb01iDx9u72tJ0iiCH7vvfekiLcte5Et1aBQZlEse0bE7vlhdktK04kkRNFkjZ2c8zpHfswG8GQYR4UHlFgKAXlPBJkqlRKLIKKSioBdppngVZ5cQBjBsXUjZ0lZC9e1MOqwoKmItSmCq5uj0iaGagEqmreQlQgDCGOSIoUBjlp5aJE2hhNRJrEiEpbSrsIvIkynaIiShmCtrRSthTKdrw+MCPchaVSL20z2wYRscI9hUWFwyzMM2zsgxJN1MwYEK2M/MnpYOL97BFerAa48qaqoCqipPyTD2lN0wLC0tuIEOYYVpmK+9h7b+4JCBGS4Bnl2Y3M3noknU+3biasPkaMaK3d32/hRkQlpM8gbcIsArSmYR5e5c0Q5sJSuW5hIIO0wogjaz+PcJ4QHmp2rW+2cqNlathKpp9B5D6YeWkLMf/df+d33rx7C4KZh5dnfc7sYBZtVzWzXsDEmqejRNvrcdGmbj6BtDLXldbrIk+epBRhOS6VRXDBRrGdt4r+qQW35LEUiEwmHhkB+nD/HqVqmwzFLPma5gEwVbkdqAzO2rUuU8x7uUTQicu/flmJodJitoNSwUV1madlVAdqzbwV4w20Rc/7FsO4CtOYw1PKOk8sIkXvlgcWjQG4RQJO1W0gLIikMIeU49VBIKZKRmPl5bDaZiAIBASP0qCDGRk5fDfbkVOSuJ826bosq7n3ZfG6tSjd3MOXZSGwHhdWtupRTpaaSQpBz+T5YFFYcv0Ks1kpifDp888PV1dv378CGJC8pCGxyBj7hNAhlKAMmZSlT11gcQEsJUAkLgEigWoeYgYH5Rjj6vrx40+en893LOLhVLFrNPGM3c32LdMB3s47kNJ0SniTkiqyIxhIdw+rUKlw78uibYkwABUg41Ujm6GqDECkUqR7X7W1sQ0iaGu3Nx98nHvrdb0wk2dkwoYRsjR5E1Z3Z56OubFvNoylZWb4TCklYFmXZV0tfOxWoZ8Rae7relBdZ6qXOaW7G4GaNgbX1OLmhPCxFQPgviNJWq9Ptx62aSWn8kJQxLDtTBdTFoGQs9VhBvuWeA+ZkekurRdJgvyI8k8NEk3pcoKiMp6Z5fGL77TlQJROHJH711883D8c+vo25cu9mVyp9Mj0gGXUTs+gzHj6/Om3v/P5lp6BX3/x0oYTOAuHSHNgY3pOvo7hfXnPzSOfPHp0OB5ElcAQiaCMlMY+3MKW1oTZ0lVEWh/7Jsqq7XS6D3eKMLPWteiC/bzZGBFOwm09JlFGmQE4K4x86p6iANuZ6VvYmA/tTXs3GzaGtq4qLAywhU/oIRIM1kmzELJEFFK4CAOAchNdWBpVNkhY2CggrdhMcGFAQgKiQrMqORQEVLQBiBO18DGxUKK05rjEgND8/5sVUh8VrUT1VTBIKqmAiLW3ch1lhCgvh0NbdD9vKjyGLasSyckMIioNzBG0rP1wWAWkgND43vPDv/hnf/IHv/tbX71+9/Xb9w8fPXr86NH5fP6bH/30pz/7RUR847NPH15fvfz69WbMcWwAACAASURBVI9//PP701l7W5b+7PnTxw8e/uSnP3v18usxxj6Gebjl7c0doFU8S5ipVekJRBIhxsKxdBUGCNvYRdTHIMK69EIvzsPcHIzWWlPdzSv7nEHuvg+GaAHeSVNBWv8DrLGf1kUuDUiUMdseRJBEViptqrsJVdgpzCrskRVoU3q8+sYujwKDAdHyc9S8Ws7ZRD0b8z7quog0iAhLtdmLNLBY5rL0iBwWYGrKWnV5wgRWXfrSPSISovzwybO3JvdjgCYyxoU9NSXm8LRxsu1c5oOSele6uoCaqBQaEoQk1a4qVei79saR69I60SOJ3z6Mby87IqCqTYZtREmiFVAWHuBkgnt4mIdHUWoRrTVKur25i6DwGJsxTVxxrlGUoIjwqQX3KDKF3CszHFnHWbljQVko0lQuEaNwkywipZI4auKL2jQoLDOj9r7SHeQwKcGJG4AoDV4QJh9esgXM2AGe41RS8YRu4SDBPLRxe3fz4f2HtfUxRhKUUY2zygxFUh4Px23btu3MzFXUXkrxy62S4QlBeCZffpcMj0iC+eS1qw2eIpkTzJkR4azLZy++9/bd68KwC/6f7gUGEbsFVQYuA5yiUntsDXeRgVK6M13U2hN3reEelWRwYeTAVF0W6Q4mEaashmBtSx/DmDXCMxM8n/qyKlsB1RWeHMnCpdip+t6cJA/AbCNqFEykNo2k/WygCkEkChKCu099IzMjM8pjUPc1ARhjTE5uaiunnENVIMQQ4OIIzxCZoyMzurbqftmHEZFHau8Pnn5yf3fDiSSI8Bh7RrSl93W5vz+xsrSWWaWQpVWOsJGRE0b3qJBJd5qAc3kYzDPhleRoRSoimbhVT1VWCL80YbB7qupljq6oBMSlGVhYVdncLuqPsnhkErGKB+rDWnrz3b/57c//+I//6C/+n/97DKsozaQQqfejGIN2QM16pY+ashsqodPYjSLHsMoLV9VyFBUfQ4ykQFEEChs2mXr3OqAoZ/OZW4gIFd02Xb/ctN18eN9FEROkpI8hv5EZqSqlb64Ird6btHZ1fdz3QTM9WurrrJo6MLe+hFcTJCycIlDtZl5ZbSWC4GnYYXA56zMJMLNwUtHIdJQoF6oMcISV6zcsWTjnnUUVNkSJj2AVmMA8p2TinBRYrd8x9j3qJsFUc4G51jtm2Sd9BjAnCBAA+3bOyIcPH83PBZUQgLAAs1uEe5dGBB8GpfSIilKt36v0fSWCLx1oBAAB9nG+u79RBoGjfOWY4054iMrHgdFs+CxvqDjFmf1aD0xhCaWxuaiPUOQmQDWm79udioJAs8iBMklY3Qxcq1oUy1mW7uJSarQp8qcCd4VBXEk1cliv70+3yjrhY0/5WB9bf878ysFgEfGw1kRYKuQgMkEl7uLMjIjeGiA5Te3s4WCmpH3bRHTyV1NgPzlEM4vhTRnMFKFNyiZ3dfWg9bXKQcwsMzx2ipDWRbSyfMw8023sScnSMxwsrXVcErXoIkiqfZaAdB/7efbtIeutLKZ2GtwvRE1SZrq2nkSF7mDO/jQxgML/yy4CgPHJp99aHzxGUhB5wF6/fHB6u/T1y1jfRHc+TFqZKD2kUPVMZPRl/fz73xdVEX796s2rX31JqLvNyF1AwnlKkbF9mgGVd4RB7erB1dXxKNoILCKR0z4xidFpAqEk6qoJBtAa39/d276zkHmUHzciW+/n+3saHpnQhaVHBqOst5MeLNsPEdVKAAYgNXdmxnI8EmQ/bwQuQkCFqTIO6/MqpGxeoPUXrvyH+bmygNF709a1Na7A7/Bwo7kalsuiloH6gWb8Wq0XRcAimWapw7THFDkw5Q2ECf79/0y9Sa9s2ZUetrq9z4m43WvyvcxkklVFlqwql+RGjWUZ7gR7JE/kkeCR/VcFeGB4ZkBANSwW+2T2r7tNxDl7NR58Ox5FEmAygeR9N+Kcvdf6WkwT2AFEiBXSrkvamogIM7lvxRnpY4y1qwotKsd1Lar0fV2O7087i3mWFLXemqmQjLHf9vh3//M//T//9//p2c3VV9++efP2/fXN9Z/+yU888je/+d3f/8Ov7u8f7+5uvvj8dSX94h9+89XX3xDRuq7runz66Wsh/sUvfn3/8OiR2zaAtt1/eGIWYi3kcSEy7uIFpBxG2ZuqaBENdxU9b3tvzbohCnLfh3sKc1+6WdvGGO5MLCZU9LQls9aED5gvQQigkInCaF/6gsSDWdfA3JoxcWSWIw9ZkFAnKkRlTVg4vDBhzEm2GLcAzU0OD5QQSxZ/pNeEWUUpOSMjioRMrbUV3/hsp0S6ugLf5L60vnQzXZaVBN120kxN7er25ZuN78+7wuAkykTuM060PCidKk0YaAkeP2PuLIvKTW+Ny1iE2EyVa+29Kx+7LUI5/ND7WvSvn43/9Yv6ou8cfqbuRNs2IqlYvMo9skKL5qSIgUERUiHuuW/7GE4UCMUnqaiMrDl70KUviShjCrRkZsxDEs6Y8jJjplTMLM5iEtRlUKHNF2txQf5HnEI6p4ucGRKIOoGE4eKMnPw2onKouDyw8KPXFtEgaoabFtJ1NSOxpLr4FmR47PuWlR7DwwHtNjMgM0+ncxEMzdBH4T9AUYmJYHEBBwLvZyT0PCRMLAAWcfJIVmRWMSf5w+O7isHEYg3RpeAdaxZZEIhNZESKKEBDItSPzTkSJQmMEPBC0GqKKqhjsN+MlLHCJXohECDFYFYmWK2YBStdFT7uWbXLKPS84Lg1o8aZmWZBE0tEXmALZtbztjNSdxVsNROnNGXog4oykimbaSZ2FDazmgfxxRhXVFXYCknIR/hwMyRrAwkg1LELzOlM+x7MTErr2vfz6fy0STGqVBCdpyIROYZbtyIWVd/dmg13OM6xXRgUqioqmlliospVqWpcjHifqIxKEgIfgWjg9AQB5cPpolbyCGExE1S7RWaFqxmWDP7ojBURVajaIYEGVi4zSts+fHj3H//mPwoXF/m+qxkVsj0NQXIqdsB0hUkLXzFSgky1Zh6UCDrYstLr484BGZ9gQReuLES/x0jEbolITeyLRC0LPiTQsjh8dYz0dFasuWlmxBC4YtBMpqkeU1PfMzL200lYlNUjsT+R8kxyJkqPw2Fllcygqr6sL1+8fDo9kWBMv6CfCkUgTpBE7ywQIKK6FNXM5iCM7Eyi0GcLlZc0zSmdmOgrcak1E60iIHz4XWW+Qpzzm8uJ5V1oFFZlVUcJAnNx1cxzTSyp234eYzSz4Y52JNAfGVRePMM0GGxGOlylSVwG+wFQL+GptipWMY+t0gtig0oqTP+J14cVdbt1AQlgxAKMIThPM5IuTlMRSaaA1xtp/JnC6n727VHFquDKSzVWsSyuSiUWNcx5AhUmjIA8idq5KycnkTVB2kAWpFWBbidiVmsRvvRWhE5g8s1RFxgjZqkeMTNHFnCLy01AbExFwqZmlyMedzipNayvqOqoKrOGd6R1y4qqsmZq2DdKSFiMitb1qvUlfTAh9Wwg07hZZ9GkIkbsRrjvVWnWM1NE0KQ2UwsEA6MwqbYmzDGGjzPqxggrAnzQ81HCjQARVCAFCO/EZfqvucfNXIfL3VB0ffPy6u4VGLosPb19c/34ZrH+hzq+c0X5RVva609f3t1ehe85HGd1Zv70L/7x8eoAA8zP//qv+eM1oCw83cuhzak+y2jhW9dTW5q127tn2hpcKUXs4ZmOP19GskhrBgsdpjQmfnx6GGOoYKr1Zg0FJlS0PT1VVgnrcmTRDDDYhIJJfKpgY4mm4xqKP8rdltb7EmP38L6silpxVndHdixcK5hNuQDQlqppa836BeJjJtam1qwvvffeehPwXRkVozI4g5mkpLAMT52sECFFXWG0AqEJMPtSSyB4XHHn1TQ2cF0ytQFh4rZmpopdyo/L0ppVVjPtXZQr3PFn8XBTTVtIeDFrS2NRZeo8/uVffvbv/7d//ec/eT083r6//+bbN8+ePftHP/tpa/b7P/zh73/xy7dvP1DR55+/fvbs7rsf3v/87355/+HxcFyV5fb2+vXrV2/evvvyd394enzy9BhBlUx0f/9UJKSGGlTQxTQrIotydM61m6hQUbiL2um8r8uiBtg+t21kJJO01lpv7jn2QcRNhYhPuxcr6NUpmiiiKeCpSuLxeHXAG1FVpWpM1FpjqixULGDK4QuFwCoqJpmUH6k1qrr4r7Bty9QGXNJWZgJAIe8P20EBqsb5qbbY2tsiLGwqqtaaqahJa723Zk2JNYvU+tXVdbe+3tx9++DvT2dTUmszSKoSEKMp+X4G+0uclEFFTVVYDt0alZE/W9qtyoHpoHpY+9LkqtsqLFlSacJC9LLpv3rhf/lc18YR+c278f7sUZRFI8vnKDsiRvqYbk7mJEKFvO9buCMjeoQz4hxm6wXN1P6qj9EwBvo1LlkVVCJGNKPcRYSgYp+yOc7MouRKYVZhqpDJ/Q7KxMUZmR9hCibq3dYFotlkxvUtwgJfIbGISWuGHNdl7aoNYczI2hXS1g0Z8xBh+h4ZUVyFkS7CtD+7fbZv23nfwqO4mi0VQZlo540IFPqoSWV4ljuK2Cs8kgksShUxJWtVljVZluYewCYTDEcVJcZ+vbt9cd63iEG4N4F5qURGRVVGxtQ1Vc6q0Cx0K4eJEPaEOTDDmjsVsSIcGch9znRTY8UikSg87Us/b/sYw8xKKH1u3HhxoDyCK3f+/anG4cktMFWkCPJUtIijymZHbzIC21jCky8mASxQagbcJRwt3WK9MQONkgzw2iQsME8SFZMKqwGzvwA1+IVVeHgQov+YaEqjpbLMTJRZJS6fP1HB6Rf7yMhu/Xg4VvJ2OlfNamQ1xUaTgeRaLBjsEenhY1uWVVkC70IVurymihCfrDAVwwhRRfCu+D6sKZZ8UVHBWJssYmo+59eayvVIQL146SIzItM9MsfYm7aCSAJXGmtlqPYDzwpMiF3xhQG0ykoimWEuRMki2hQM9xzhJ7g25WKFaVgm90p4uP+I+lLWJbZzSvyQdSHW9BLWQShTBJrskZU5QfGkqGCmH716flj6yQMbLf7/phXYPbPQ6OkeolJVHx7vM0MYDd4F+YoIQ2+kTcQkIHomWChqOh6KoErKBDgB+K+ISlS0NSaFuYd5FvqqcBBVlqk6VDE1p/nWreZ0TciypMQhLjRpCPxcAkJfmapo8eA5zXAxcV+sZpSIIOsahmZCfzuy7gtQFJYYGiMKBQwkEF0QlWdAGoLXaY7ySH1lriQVSXchVtNL0TUOLhCkHJRcpWaXdYkwQ0yAFWcsK5MScVQQlYj0ti59HWPHB1pVRHlcjoIKd0pwusSkLCzS2mKQyE8GRkWM5klDVCxtuXvx+unhHs4cUVuWA/zce3hVqVl4WrMMSnKwHDOsFwWyxYSWJwqkTYuytbasq7CwUmLFqhlXWplUCA8mEd33AY8R3nURWW3VvuR0S8cYA0oMa41FiVKKwjPLY+xEJW3JcGERU2ICW4dFDP3zqsbMEcP3rcovoDRjIrz8JV0uNqrIyDDtXAn/Pd42QNk4CAifHrH15dnrHxUTKxXp9nTu7799rvRVLu9pgc7k6u72H/3sz66Oh+PxYNYfHz54bCX8k5/97PVnr6iqLeuv/v6X9+/eqraoulg2iFgzgljS5GacXxJ7kzdkfTncvnghaE81U1PFQ1iztgznuapiEmutEdXYh287ZUREzTCTJKa2LNu2BeZ1UWsrE1+cmnrZz2m6N/HyMLIHssKZaV0OTDS2jdV6X4BFIS6PuCbdVdwAeGKaIFYxa13VEL5HHzFnYWvdVM1UrfXWVIypmKEO2itcqqg4kwRUgEipkWgKiygswkDd5peK9CjBmI8fA1aBhXFsMikTqXCV763x7c2Rqbpp77q0ZQw/PW2nbXhkZB3XZeNu/bD0LkIvr9u/+MvP/+3/8F/81//kzw+H/vC0vX377rtvfhCRn/3sp3fP7968efO3f/eL7757s484Xl19/vnrYv7Vb37/9R++JqrjcRGh5y+f3xyvf/O7P7x98+Z82ivD3QEKPtyfIyFLkZz2RwIQVRkUW+Pqi6lIEUVEMfnww3EaRXzEvoOJ5b42U/McYzjSBcz06eyeXCLMhgecBHYgbBhSeT4sJijZCUJMeGudifbhirrHwoXGcz3miQ1je45ZvEeT6QUwJKYIgGaBGHQeJkXFhGWYRKgowiM8KyoctDakA4m4gKREh2LStnlRb33JzKvnn7w508N5M2HPaeLLiAgX4UrPMaZ1j4JBYDKZcDdRqlVpYV6LXnH81bP2J9d91ZYeB6nPj/1ISVW9t0XpisYXKzXyD+f85om+fuRzKZnF1O9KFfu+McWkkdFyU1NtklOHKpXzSc0Myksuc02xcE0XZiVqGeFI41JWFYv0rETeJGGuECXOTM+K4mR06VQwFRcElsVI3mWqi8BLGG4uyswxhhAJlZnKJJ8h8yMhSYQhTs9OVZGZFiVkur3ZPImIK1JERIgyVZgihKmxisjT6cRYPCKrKD2G71MvXYRg0KrkaUEpUfHwkVU1E0ihw6Eqr2RmNT3vQwUBG0SzIFaIpDj3bfex8Uc7XhYVZeXSV69RxWpS8+AiT++tCUuE86QNM6sygYIKxjAckUi7J6YptJruQRyeFywYYa8qxOIDegN40ViIVGp2NF2SzaF3jIhPPv2it346PYkIJJqwQFmfXZxVl2hvg983q8rQED8HTJ46BaLI8HAK2BwqKqfnh6fzHU07zJI1G7mZaUJqwsXSFkgfZ78O5kaSGu7pAQ1ZESHpAVP99KyFj4jnL1+fTg/rsmSk7wHTqai23viiX8hLLxYmTyQWgrsWE/dgIugRWu9ZxULapIh7b5UJ/AggJxFHelUJS2/L1fXzfT/XR9EEDlZT9zDFzJYo8I0kFbPWKnNs/qMf/3Rdju/fvxVhJelFJegNyLrQmiT1caKzzHQPVjZTH0PV/ng8zjGFhKDNAHgy9QvEnFScZCIzbYQnJCPMOaNseDmu/+jPfoZ1C5sB8uNxw8E4BS2dibjHP/vLf3w4rL/76puZeq6CgRWyHADoDkEJngNiJoWdiHhaA8H3FXMVlQdUjjW1UKJmyCeerxh0gdB4YyRAxFqEKBd6r5iALUcEVVmzdFdmZg7PLFoOB6BCplYkM/ObGKam1mxq75itaQROASOaccbIESqidMjHkR5Jl8DzqTVC8BG2f2GlLFalYhISUWKEIcDyS4K8gilqweEg2qy1BjoRAlbrDUFjOPyI2ZolCVGIcGsLESUll0APxlWqBnR5jil88YITh+c+9kLp+lRkYADnGA49EiS2IprEHtAEJfhZUSsojiaRKe776fzQRJi4NcU3NYbPGAvhC4KqVYkuQBwWKpMU1N6YxC+F8xEBsu/x6THCzZrvLiyMRq2PhxET7CLCkpM8nVDH4XDV2oJ9OiLK96qqSutddEY8RERShG+VZNazhog2a3CUwMV4GfFErHGV78P3c9IFSyPC8zvFIUSXUNBCtsb8M+Rc1z9evZiKJnLA9eyTz21Z2VTVzrvX++8+ze1N6vd8LG4qWkxXV8fj1XFEnLbteDy+/OTV1e2z15/96PnzOyYya2++f/ubn/+99hbJIpRUuvQf/ejzV69fRdQYezO5TX85Nm/8QzvY4fr66lZZvVJNrOl0UmaC/cZXzix9MehErLXh+9j3RFREfNRxkChZ66eHB8rMTLHO1id19UdVFE8BN1Q2eMRJKAbx6Mtqve3biaqW5QD2jIgj/GL2Zha1ZlQXXq8gpFU1QVclzNkFtlDYVFrrrTcRac1662iSFizcPqq8wuHUxJfKU7ImLEqqYo1V1YyY0UtMk1g3ZpnNICw4A1nMbMGPrhrrYk15O599jMx8PG1VFEWtmaqYye311ZbcjD97cfiv/uKL//Ff/MU//c9/qmKeOfb4/rs3D4+PvbVPXn3y7Nnttm+//s3vf/3bL0/bxiyfvn757O72/f3jb379+3fvP6xLF6Wl91cvP4mk3//+D+fT0z7G2J2ZoX96ejwPL1abAn0MeHMBSA43rrUZXLmZlOnpuR4WaK98uO8jIli097b0Nob77rCaLM3Ow4eTsjHyf6uoBIHpVUUsFd4bdaQwE5J3tTdDQiVmg5xvHaOIiSdmDIpSatoyAbga4ezGtkZEiDqZSKoGE0Bn3Hus0AgRtj4A45kVOTKcJE2EVYhV7XA43LbWW1tevv7064fT034WnlAlCYcPisBREx7hAxWzlclJnMlFwtSEJbxVraor0WcH+28+u/4vP12uKWTf/+Sq/rufXf/5CxunMVyaykop4d/f+1eP9dWTbHLk1tNkzxhUPgJ5fpnOAAV5zm1NtcIpkxFWwRBBzTNKWGQ6jZBePK3QAn+nBxHyfwggMTOsTdPsyKKVQUwmrKI+ZvA3lgmZpwVC/bOCYZXEKE9BmdHEFKff7M+aAjllrQwutiZmVpFcibFeuYwQW5kiEiPLXahUKTJECJasJlyZ237KnIEoPvbIrHQAE3CbQMtEXMe+surme+LTEY5ZQpGVBSUbJQ3w2yIRATifLvJbjGjpAdkJM0H0T1XFeX11tY+9IojKo4SFTeB9IuYIn5aoySAVsURC/6tZWOwErhqPJBWeAyESzSWztm2nLFOJmjbWiU3gSTBR1XDwZDyTUoSJSlQfHu6fnu5NjZLQWEJRUhQjyhMGb0x7bWmRWYm0a/6IdwGvnIi0sBSzKVVqVxx/ERkeSWxqrEZCw72b+RhMoq0RzT1eRVk5IsJTZIYzFJe2BtAWq/zkV4QhS4G4Kz3Op8cXr1+tS//w7j0hs050H26mx+Oyb2cqDSI4NFgEBUWtWzcbsKRXUBLCTx1e4ZpicSoe+8hAuS8zUeQUsGK68xxPpweqUDHUUAhzMUeGXlBkwHtiomxQzQFRfDo9Pjx9UGUVUbJVsFKjbEtYgWKQgavjOY2xmr58+er+4b5oqqmEuKAeK2jy66JqYRydNYsFVE1BXigxniloJzLCRI/Hq//r//j3zPo3P//bpDJ87vg34tILHdpExKr65Xffv324L2YVLUQ40wVfoBS5uO4mDSFgkHHpqNmEeYp9RD/2ZkqUQhKZTAj5mH6JpAmiiyAYbaqlcbHENljk7vnzgVgD4qSsmgIv7C/CzNL60kSVmZ+enlStNc2cjnViUmtz+QrHbSJmwggOqymPEWnrwkzpE/y3pn/8vQVNwNgBSg1wPleVaM2cX2RcEIE/Grv33pt2mGmgxS8ixNxVTMO4mhIhNAABwULCCpVkVQacQJmF+vI5/jK2Owa+z1llIsVclSqQyqE+Ec0MfGGrAtW1eM7xBZCIe6qIdYV+qbysW+sdy5iacTFFwU3DImN4ZZngM6TJmzC11oR1WVrOynfMiqjGMFWJMZbDQdRU7XC1nrcdYgOIMsW0LuUmUiQqogJVKsOnTqUiKsrEy3JltkS4MmXFGM6ckdGsixrmIQ+nivBRBKfEUFa1RtAfA8ZgwuoGa0qGj33Lcp4UAEIkJ19AVHxJB50EbluhqP2jAOEiIAf0SFTXdy8Pty9QpDKKzu/evt7uo/j3cr2LKSuxsdB2fiJONWGy9Xiwpn09mE0aeR/jb//mbykiU4myKI431//4z392czys67Ier05PT2M/P1f6xHfv+q0d2Prts+e9r8w1YzOKTAV0c1UhZiGzTLU1ExYkL22nLQPcppOoGigpuHdiO52pOEWlrfDUgofBSjGPBSYiDrwvokVJcVbTviwR4WNYa2ZNbaoFgOLgHMC/pvIQuJepqjU1VjWVmnZdpkpRJlYV7YoIFmJla9bN1nVZlqX3bsqUgyuIRsVGtVOO8kHpTEkZxCRcgBJYWdRUG6upNTMza6JKKmqNxVh7EkmFSTy/uRm+7/sOFPO8nYd7ZbWlHQ/9sCzHpf/pn3z6z//qz/7ZX/3s05fPluN6f3969/4DUX39zXdv3344HJYvvvjsk5fPI+Orr7/99W+/evvukZmvb65fvfrEzL7+9s3XX3+7nc+H45pVN7c3L1++/O77tz98//0+Yt/3fd9ZGGW05/O+j2RruDuYsoQLIU2VFbtxrd3UJLM8Y3gw0+GwUBFxjX0MjEsi1qz3Fhn7PkDPqllWnfeiWX/Nszu4kPGHDU7KH4+HRplMFEl48U2FqDxCZO6eAumxTNvvx/gEQhjdhd9WVuaZXUvQEwojd36ypSJQYBYRyE1mwYqBzkSiuccpq2iztrblaG0V1Yh48erT70/bD+/eUcY+plA7IwQKbJlkvApxVTOmTGUMW8QZnGHMi8rNoV2L3jR9ubYXR7vu9ckSf/qC/uqnxx+/Wuvx8fT+dGv66tiE9Yf7OPPyONjVkiXYguXhtFNEE54F1VimM/QSElQVVdgNIPorAi0NUQEmWCVFGwn2ciYWqXImUp6dRixsYvOouphwUKx23jdtZtaG75gsgQajnGxmfTILFeKPhCszVLSJIBdNmLJSRQnV78RUpdOqUSoFJbPpLNqcAyATRSG+KgtC5sqIjFh6R3QUcw2PylQxqNWLqxL6KQLHn57WmqfDVAGddAYsyzRJJlC1UswcwBqriBnZAIipTfdmIqLwCleFkKA9bOwbspLqAr9mIIHJK6GcmYLIyYnibmSuRHa5GMqxYe1AhkFNhXhFwZfFLAUdM+Yj5EzMYtbKSIS5zWkJWDFRJasoxCZVJYqAZsKlKkwqHF7CBHtAjgFNI1UlFxWpihR85ZVgllhUCLOK8CSEi5lVMYR4jd40Ka+ur/extWUl5YqCSMVHABvozcQkw8VsfzpjRP34u7NQM8uZs8EVqWrHq8PD08PTw4OqrMdjW82jWMhaXw6H02kzs5rguJipKrs7UUGN3Jd2cdFUutPE48isBYgmFlXtvY8xVAVIP8ssTQM9LaKmBm/3nOGh8Y7LWSNcJT7iIiZPLikqrmqti7HacpzfAjGzlEjsvgAAIABJREFUaIM8h5KqL+1wPGz7lknQaz5tJy5WlnTM2MSwm6kOd8DkUCrVdH3QhYevKtiziUmqitUKezjr8P3/++u//u3vfzv8XCmKDB38I8gKo492Avi6KJKwi338CdA6Q7xFxOl+e3tNk3PhQoyBSuEiVwXNqyZVZGpwYMCtwFwJPw6WQmKa/nf0FOuUXUx1hgiZmuw+Wm+VaSpcFJ59XW/u7k5PJ1FRlXAXOKx5kqFzSRBUTJOYVlLQNAnjUaOkwiTMArpQVJdDj8qxDxYFQ0Iw76J8C+IG5qJqvYGA68ejj6EqaDiKDFUTUR/OSsC5TNR3R4sEQiqZjZK4JoiGUyMzKkIugypYwsPxGO4ihIywgh2RNWJUpqqpIC271uP17bPnp6cHtKOLqPClng/LIjMr455thxWDF1wi4YmAJSHKIDGp6e0k6AWBuDCzdUMNsOL3FMsMziRm95hi3yxVIZKI8D20t5tnz7Zt27fRWwv3dT1AUVaRNI01CnAJCg3sVNabquLWB4NxWK9UW2aaiWf6vjNRVpi1aVMW8giqGGMnotZ6xhBWZKFi/kBQMUMXrkoEz/A2s4+AhuRFCnSB93FmVVXEMFsm104zGu6SyIb/GaL9+ac/Rp1Zkp62883ju5c1fpvywFeqrYKg6DPrLz95eXt715blEkmU4S5cmRmZw/3p8RHKJTH70RefX1+vanzazll82ren09N1jldjPzf9xg7clrtnLw6HA5w8rGCujIUrfQTyneYd06xZM1EW0e18HttOzGM4kUBZC1dPX5bz00OMoGK1hWyGBtLsORae5sEiPKV16RGPjaVaW1l0bGfRiyGWhZk9HPcTLExTMAlDH1/2YlUzE52NEzWtRDTVEKqq1ns30Qu3yn3p67Ksh8PheFiPa+u9NTVmSueKqkG5kW+SW+0bx6jcqYLKq1woVKDiTWViMZZGoqStiiiGclxdrU+np27WW8uMfRtXx7WiTNmans/bp69f/i//5r89rt09nzZntX3fTOXNm3cf3n24url+/frli5fPien+4elXv/3yh7cfIrO19vL53bO726fT9rsvv3r35l1Vtt5M9fbuWT8cfvf7Lx/vHz18+HAfPPUwuQ8/787aGKh8FouBMqmqimFS66oqXMKR5e5m1vts29139wgc0Eu31pp7DA/gxFiBTqfBolWXggX5KPbiqhJpvj8cFiMmxLkhGkGbMTqP4EbOFBLVBvkD5lQSQWOowEfE/JHFAJmp6MKecxVfoqYw/QA7EEz/oqrTH4PLqFu/auvNerjFD/B9sPKL15/98HT/4fH92o3VWhPmjH10ZQgJoKtnKkVWXaXwHGEZfSlEi8pifL30K1Mlfnjczvto7C9u6uWr3m6Wsjzwfivj82v7yavrIv3+3fnJyVkOd7fbiPvTft7dI1QpKdODRGI6TdGUKxja3F1UlAWCproE+hEVGjzwKc0eQ+YiyXC+2AIB6wuJiI4Ys4MP5wmRh/+7f/tvo+Krb79p1icHx4URtySV1cQoWf5IAVDxtIl6FhE3VcHMqprhAlcuY42TpZkI7dvgKqIQU21LZEYUEbNyZqiYjyLiLAeqEjmD7SMTkY4eIxPW/9kdi+fKmokgUKQSg2wVI+6Lsi7NGIoumcxptJ6yNI4q1A5VIR0sI2B85SLCi5kwy4p4Jqswa7hD3GRmwhIjmMVnQBk+dKak1ruKtr4ebm/tcNhHXF2t2+m872M9rMLy9HgSkcOxR9REP2gerHrZ3ojZTKF8UzW6GG0v11NpUxUJd6jvkkjNspKUeXZnC4lmFlDzy5xFKhZZlDU72tSKScU8BhOJWjMjouHjcrETsDhmiuGe+a/+1T9/8/bdvm3pkVEXE39iXGRhU409MYgArVnWZYyIdC5Wk33bqUhECwvPZAuR8VyesY8Qkowxdl/aum+PkC4geiwz4KLNmm2QGcGMIsdS0wEiwjQiY6Q1FWYxi1l9Ja01QbpjU2QCEbEPx0AbHmiloaREbCPGIeTgF0UGF3smMks8nLJUbCWqjMmZIasaOrmr4/Wzu2fvP7wjGHxRCR4fZcS4AivnNsYi2mxmhjLPMJaqAt02BgqAySPVLIl8TyYY4enh/mEfG5fgVYAiXy5lwXqR3RZReBRxUXm4mKro4XiEs1ORgFClKlR8e3uXST68hMIDk/IYjmc+YvZJ+XAMSbY0Iq4IYs6AIAwZWlNLNGWLahTIm08Re3p6AigSlWZ9nAdKqeD73sc2tjMlRboPRxRSRYkwZSHxgFmKUlQLZCBTeKhpooXtIvFltFoSiXLrlpXpU9BCHxcKwYqBbLiZV+UjimpZ+jR7Zy3LataqavioShWZYSw2BS186Y+hKriQpa1/3PdYEEplKqT4uyzWsNogkWvGGZhkTlVDXWqSRGT3kTFURYCdEePtmBEQGGWFmElVYwTlvCcK4TdVLOxjwKgARRBTClMB1xUiZDXPiArzcDGLKMUFidVTlVmyqh8PrffMrIztdNLiihDRyDg/PWV6a60IMo0AFguCE7cQ7G6iOnb3qqJc+rqsh8qBL8b3XbkywqyJNJ5OpHFhAEq1ZQ4VUW0YgmnaMaYQDvKt9DH2M9WkvWmK/qekgufqiEUoKr3ZmpTYXi5DMLBIYqKqvPvks+VwneGZydr84d1n2/1j1pdyIF2pJFmY8+bm7id/+uObmyu0t4iKTFWVELM2s9Zu71625fj48F4y1+ur5y/uRCWGw+b14d3bbey3OT7P/WTyFbd+vH7+/PlhPc6HEDIqnorryijoHWlums1a7/gWYt/OmeE+KBPebUpSUevGoufHx4pIZlsOxSQidJG4XnyYl/nhkswpMTJHW7r1Ps7nylyWDlsCi2QEhOYYJU1N7KNdey5goAesNZl+5Xn8Tg4daZ4qZtbMxOxCxbMI995as6vrq8NxXZblcDi01nq3JtLNZMZ8B2VUDvJRY4/YfTzVOHPsuZ/DtxonjnPuT8bZlW6u1rvbmw/37zC/vPzk+avXz//kJ591s9bUVDnyJz/+9ObudjvHuh4+//Grm+PiY3/z/dvT47YeD69fv3z+4i4ink7nr7/+/qs/fBsRGXFzffXJJ8+t9R9+ePv1V9+dzidiatbXw/rs7u7pdPrm2+/2faSPfdsrUkjcvarc/bwNYp2sPpGIgCnMTE5Xyqu1M6Nj3X3k2puqIHPDhwfCg4h6t957RbkP+NpYuTfdBjBoYiQYTrfjZHVRPMZxXteObROYxrI0Ya6LyygvlDrEb/QxWOYCOTP+iERCMhPHRKDRKkqChcNERKGqZKTMWFczwDGiTdTEVm036+HZcrgtorFvWUlFh6vrTz797Kv3b+4/vOvKYwTaJNI3ww3PhahlFhYTIQkf/J/CRswqLMxGYsRdidPDR2WaslV+8qwdbpreLLk0pvH8iu+uRChH8vtzPHkF5TZi3xwjynlHlFMWfZyuGtKsh+/ClBWUyUWc1Qw5xBD9wplPF9mtI9oYIBpG43nV8oTqaJpTCYSw4JcV/tGPvvjlr361bYNJPFMhEyyPGpy06EHJiDFeJbOoGgpXMoJqotfLYsIkIm1pXCxMymwijSV8HJopqwgBsBte8JJ5JSWaBFIv5WKR7lA+FGWkKKMqKzKpKDOEOMA6ikLjAX3KzJqDnrYg/SNihii/qrLIR07AM4pBVeC1yeSE0bRIkfqC8BYcE6TNRmThKaZiLhUsIyWM8SlqCriRaxTE0noTa9SPP/2X//3rP/+rx/Mj+14joFxBVlIzsSbpTsLD/eLVRJtasaAHCSAbx8yeZlahnJULVWwqhEiYLAjhcHdVlqqaakaxUluWzMwMMxuR+p8wryzcmlUUYbYUoeJ9DDD9OQMDYXTA10/L8fjV19+cH+6FBZIcyjTF/ChVRRnkEHyUmqoyAkArsi0HTIF4idWaMI0RirD1QJ+spyemEYaUQ+Tq5naMs5pMWQrNlnoxxYMBNOGSlGpi1voiqhEjIqHv2vdNTXvvw6MyttNZTZUlhot83LA40usS5U8JgSITzeSx+YAh/ks/VkdTVtp85WjqrhHOFZmq7e27t+/v3xlLEUd5jNJmWVmI7RKigPW6mFh7q8gxBjNlhrDgS2XiZWkqFv5A0M4AP8tUhkCIE6EKqlLFTffzAISCFdq6rcf18XQuDxGgJ5RRvXes1ufzyX0qTWeOcDExf/P9t0zU+xrpZpZJNN2QnFEIfGcqRdKzNlUliqBkYlYmZpXmNQRBmTXqY/a5SiVp7+g1ZKbIaqJMdX17nZVj9+WwVGXs3q3jJgrO+VZQ1UeonsRzFPGf/uyfbPfvv/zyF3ZYsOqwtfJAJkZmFkkVqdnw4Q9Prbe+LggQI6XMUsUfgdK9IDl1GWNAhfD08CA898UsI1H3fWqhRGMM96JF1SwiM6Kp4hjz2NbjzbPnn3/37a8rgqQxX5TXKlXpI8xkbPvheBzb7mPPrOWwENPYneeoWYVvX9XHHnuYamZl7CadmbHQQ87iw8GKCMm+DQbnGEk8I8QoIz3R1M50+cpZmUgbs8i+jz1cq1TMVNxdtH3xk5+9ffPt04f3KlZCVbVt4+bmJoWX9RAxzk8nl7k92LK4R0Roa2oq2kiiRk5oD33DSdrFPdy9WWPEKGEgnNGAOjX6FxZ8Js+g8QPU1qTFGA21OAypqBgRifMYhRRx5v9fqJiazDA0f8QpyD25+AJkDqLClEVKlYmUT+Sq2Xrsx9vKIhY1O5+frvcPLfM3ZKndRIi03G+vr3/8k8/72nEBxba/++GH7fxEleu63tzdWr+iyqp4/foTpvzq978xa82W3pa9PMd4fPtme3hvROqe4aQLbgZY2FtTz4A6pbisSV8PmbFV5cgi4kr3QFS2tbYsvS9reMAED5VXUigzkdw8u3v88OF0f8rtKfqVHq4rHWlmBSXydGYrFdIJo0hDmrr7PnpfW2/7tkVc5H9k2punY8fKohISFUqWj+kuhU5HKMPtcBBVGRuPfVQmAXwhEk5pi6ppFbXmEVlOlVlhqlxlqsv1YiqeyVWZngltALlD7gKooUaMsXuGQ/zFQhEhHMRGtbHX0g8qyqQk6WN8/tkrUd7O+/v7+/v3D9e31y+e377+9JP1eDy+OBInpf/h6++/+/bNtkdr/frmuKz98eFUTOdt+/Kr707bDuHB9c2Vmj2eTt+9ebuP3cObamvae2fRd+/f7GNkhMeMnIJEFdpIjDAFUTDNsAyCuWYav6c6v7KqSpUvukXCX8jsx2AiQnQqgkuAbixN982LjIRYOCOnyyuxAwbbetrub4t41rDguCszSTQDmHlESSW5cJtir0IVEf4Rab0J80giYgXgQgm1i2lnkWJR6awaSQtzFCP4BQEUZl3bKnpgVmZK9n178th7a1V8c3tz/ezuyzffbufzulpGqdS68LPnz37/29+qkmeoGkWODLjFTbA4c8aodFPloohgUyZqZkKyj52o7o7L2nszX9eDqsa+X724WvrdePv+KvjNrz6cHoWV26qne8+MG/G1QqydzE5RI8ZMTSC8eu4VnJnM2JmqEu2hnEl0KeOWP7IlWcVMyuyZUTltP0wkRMGqGpmRgwjBJMXC6RUZS7f/8B/+w7LYzbo8njdlxAYW/ANETElBsdfgTCUSpohxIYGKiNJDRJBPTlwmvFcxc0PxQjGzHLvV/iQsgyJJghS/BacjC8WkEZXHTsJaLaqyopLA6CYh+aeMpUgCPggiosTU4wCwqaB1HTgegEyEc1EicR09S/AtTV8ARToxcxT6BRI6GCJRqiIp9m2QiDSV4sCFAZQzZwIeEyPhFGVGoImppK9NTM6nTQ9XLz7/4pMf//SXP/+bx9NX47xTUYQzQ+fL23YW03VdkYyUSRUFOBw+6soUEVEO31mbiriPysLgnlXb5kwF83jvmiVEab1tj9t529tie6Q12cfITLNmfdHeq/L8dFJha+ojfEQmMWVbOxFnEhw74JAqi02YOXZnkVc/+lEz+9Xf//z2+iorl26A2Id7s+YjItNEgoJUD1eHfdtFVTNjpPaFlKksK9TgCgnK6mtXkxrRujDRvkMRKLNAl6TI1+NxjH1/ehSTIvIsYWm9W28ROca+nc+tGQSKmanafNvxgrTZhpRZxZFOjrBXMa0K37ObEZFXlibBoQ4dCSQJKkQy3M0UAD0XTaUWcQlxMBGpqEo7EEhqIkHzNs5kKmY1tcL1JSYwnQiLUlYpTzKNZ8AIjkFSVli7klBnEL03uNBubq/6suy7L8taMAVlZaQoCiOQHIviG2LDkSEVVFQ+dkxG2KWKSERjBLCZSkgyIBXR9Gi9c0nv3TMz40K/FqzlYviKk4pFeWrp0AdJyvDCX2zp4P0FzkHVrIpIgnJAlImwRJrZGGHNYLUmnsFyYh8jO+D9IxNVMyq23gL2JrN9P5+3B/BZlKhYKEM5WhXT1HWAOjdtFeUjJh7FUjnT04iYS1jZtGUEJFtVmBVh8rUsCg9iyghihdkRY2USctkCF6p7YHrc9y1jB64GLTViBGb2kbbwkRmUPm95Zi72MQQs+yWpCbI/Va1KMwW4C22caofSWkXRPJKR0z9TxSwZyXLxd0yOXVHwPtdfJh8DMBsJN7Up9idSkfuHd/t27maI9Wx9JaK+rEXx/t07FVZVzwAslFXgHFUNlZDuHp5m08LLzPu2malap6JlXazbejgsy+JjX+zQ2jJFoJTuzuWZadbRUKZMHg5RP1WpLplDrKku8zlhZipmFVEmUWvMFT587FOFDDUdT9Uy8kQ+Cm6rIj3VOh7hCxl+0UtRFdPdqx+pLURJpGy2Pfzw6vxwzvyDXpUeRJSZWm8/+dMvDmsnJhH5+ve/+/LXv3p483Z7OJ0ez0/v3r17+4O0th6vmZOZD8er+4eH88PD0+nEbOH+/fffvvn6S2IJkc9ovBj7O9NvZb29e3lzd3t1dTXCMSACs5FLOEShcbGIiIFbWLOldyo6nZ4ycmyb4wlRAB6kKktvYvrw4aFQRdFXpvmqilJF4so1ESbODBT/ZGb6Rpx9WVRtPz2pWl86iwri/4ZPdqUIlpG6LAgz1B9ScWCyzcSQrDgxMixiWYmQIFNt3czUzESkEgXnIWguU+3almVZD6v1tiyHvizr8Xh1fXV9PF7fXN/dPb979uz65ubq6ni8uro6Xi/ruh6vrq+umvXw4T5u7+7E5P7dh8IwkfnDt2/fv/lwd3tNwofDIUd88cXn/bCayhjbN3/49vsfPpzOo4hvX949e36XcKlnfv3V9w/3T8pErFdXxxcv7lj4/f3DN19///T0NPY4grg4HjzizZu3D/ePMbwiqgKhNRkZGVxy2kaW8FTMT+2pIEUuXciPS1PliBgjmagvTYVFdOxxGT6pmJelNTMijggoxSH1UdaH86AkgmE656pQcPUzsxhlSI3eu0fiISfmplbEEaWtQc+O9wshxYzyePpjTIaQmHZhMlVrpmat9WYrIe16hu0BxpqKUpIm7aodb5f1mrUXVeSoGuEjo7R10f7q9av15ubL7/4QMVR4jKQiqQzfInIydVVUhDhXxOOmO0ex8NXx7ub67rTdd2vdpKt2tbVpE2nMjejFYf3RzeFZk+tumgmlmRk9vrv38/b0UL/7dnvz4FG0jzqa/mefXx/Fv3t/3rUND4+IKhHDOAmNLrp05pFPbCJENSKYZV4X0AJgSOeaxEjRRxYOFiVTaEEpc+bWEyqJEDeMYMTk4SH4UVkXEZRKGTF5eVYIRH5gxSmbqvAEo3vTilJQyURKtTSjovJsXEyZ4eG1LF0QyYmUNyGPvapMtLW+jd19V2lJ5JHMPICEphMlRSlTVRBNw54pM7mZQnbGxGB9aRrBqaZwvSZwBKgMWulMIXa/gDZVKhelKzM+KETUMYwZLOEpLOEJqy7PbuUkLoQsY6VNChFZl6uIGDFwpWXEmzff/+oXf/f4/ZcW+3Y+sXBSmrWoSiIxFZVtQ8ccZZBZSyIEcQI+Htu+Xq0iuj1tLCi+LzU9Xh/dK4YXlZkUEZMiqhFoTimudcFdZmqqcn7alKUyq7gvi6oirreZFNWsEodJAu7E1kiEVYmVMpllGx5jNxMWUWvX19fb5rYebp/d7OHC04BrphU5MgM5/DUb3FjURxZxUgK9juFo+Rvbvm+eVMIqzKyGR9o9qfLD+/dUosI+BnyekBtIa9v5jOkLRlxthmXZ3XUmZxcxRYUw0p+Y+WOOIk8DLc11y8SicFeCGCQo1o7XV5lBRcArZ0jkRTtQVAQHpxCLcsBxj5Ua+DdVZgRFFpkQsYZPc15FlhGrVgCNxOPKOXcWVpPyzCpuGuEsnNv2Z1/8xe3ts//7//l/zT19cj/FXCXFNUYQkZqqiXvE7q03VfEt3V0+RgwF/hsKqqlyUtOopCxmDUrAxKLCJuguTjSkCIwOSJW6ZBjlnJugpZs2kioVjkgWXdfD+XwmCjB3ON8104t678kcESQyIiLy9HRqvYlweCaVEGPNKMRloq2QKYZnRW4JLbVwPH54Q0XMkmMXkRRp/bjvTypaWcJSVB5pxjMZCq8gk3sqQPaAwCdULCu30xkiDY9U47nLgB0pcvfD9ZXzoKKsikprSkXJxMpUXF43L14ty9W3f/h1VWZFFaOCIB0WLg53JhOV8CGIZGWuCiqOEUlBs89LMpIgNK8gJrEWm+ceLOwj0OZ2aO0nP/6TX/7ml7vv2m1GCotUkJoWTT9VUHEVq2GuiOC19/ANCi2Ir9SMglU0xjCdS8K+byxGLElRmU1Z1R4eHsy4W0uMmxEqIqLDvZjVjItEJZLE1Ez7Yvt5ZCRJtt6LpsNwPVyvx/Xp/kklfYxYHOrPiGCdCaxT5losfIF9pliEP0YyVxVUVZfgcarCFlPIersUshHlJX+BikkJRSgXZ/C8/1iInIlldsoC/uesOFw/Xw/XaFZL4oenR336cIz8B9bBphkpGmP7/NUXS++QGf3D3/38/t171aWoqpy5ia2V4+tf//bqeLNeHcIHSSO2cN8enr58+E3VSIcmQ/L/Z+rNeiVLruzMPZodd783powhh1KRLHZRgroK0qsEPTT6XX+ggQb6zzZaj9WCoKFYHCuTVA4x3Mn9nGN76IdtHuwkCCTIQERc93PM9rDWtyxuwxDxDOzTblTOCioZHhEDxLAdUJRbHtLNM4b7vCjDLCJaa7317XwWln1smZ4gdd1SA4S8ub25fX66f/+Q+zm3C/UjIUTpE4goGSqNBSgc0zOZSVoQuZmN0VsHZSvBg5lqFepiJbyeiWuU4AnB039dM5OSNAQFSQl+iTdat8sGcJ0EugWSEVGwiAAEi7L62Ea6j2FI7hmgLRAaqfIMSiNCd3cyLqyK0PFwMDu57YgUkevYlOjx6fJ0eWQEESwoRz0Q7pEBX3717vbF6a8PbZj/+Xf/vCy9iT48fGqsY7MwPxwPN89OL1/elmMHIO/unu4eHxISSYjodDoC0NN5/fDx7uHpaR+7ts9WZP50/7huq9leT2hF5EzgWwazUKWnUxJGJhDW0ZUViFVDybLGxVU0D0SZEBkeQQzDUoSgfkFdBUSQHp5uxeRGG3UUIMwE35Ls1RgESG+f1h8Oh44EEcakbgN4YWzbODOAqACCuyEE5TXKNJKu+2rILH48YhPmyLQIADI3Dw4AL48AgeJCpEjapRVwOgHMB8yuPAFxWY6eqW158/bdapfff/s7FrHhZlZdKyCZ+aeP971VF0ZhXosSAi9iBgntPpbj8Zt37+4//QkzWFgAwvd0WA43C8AR7KbpqS+LxN3d5fK4vnZZFAiBPNf7M2cjYEbsos8O/e1z/Te/+vI3/6z/7acfKIMpISwzElCpeToBZGUnEyaQxRzGmzmEA8+xFYHklFkEIWQEzlTQwlVjGWtxxkvhdI4mFs2GW6sbeTeDTJEeMTIDIixrMopcpo5wRCJSgIxKaKqyGgAAA9GBhFFbc3ePFOTSExMTN9m3se1OhLs5ATBk+GAkAMdIQjDboh5p4nAftnsmUr1qdbWX2CPMvOjJtfsAIPccZpgFWcHIMPcEqvYYIJMAIbJ4YLUSDnBPVK66A6juwCzMxpQSuENeL4nMDC+jbRABQG9tDHMbmeAYmEkQjFJMzOe3r1rTbVzQY5hvw5ni8c9/8ED3bU8nRgIYm2+eTBjpzBJZc0OQ3mxfx3AgkkV8xNgu1Hs/LDYGAGiTKwIJzGw9b2aDhUgo3CFh7FsGLbcH99jWQQhpEQGiGh4Roa2pprsjICsjgmeKzKwAxBxmMD2SAAnInEgZDlewOjNu5yeXhoRhVvfsGE6A+8Bt3Za21I9Zi3DbvC9tjD1hJp0JYGKaBXddnzaqqtVGxbcyl0qbLDxjzwBiRhIWSB/S5aB9vTAwxTYgAyBdOCIhoveOQRGxr7t7qqqoeESYlzoLM5Ek3CJDtefwOswRcexjYleAiROn6A9KUm7mkHaSwwYQw6btEIGE3atSxFoxMclSDUM9XFhnJc3tU2ZUL85YSoX0jNkRulUFA3iFY5TfBZKZXzx/uY09zAl5jJHu2pYPn+7+9P2fCYmR3b2SOqtkweJ4Uu0TAAGYWYRkIttKyAt1YjIW1Reo3qesorqsWlNeOvZRUQ5eZVMm5FQC59Vhc637c8qsVYnlGuYMNfIEIu1L/bKMSqUFAFTl8vKN4XP4nFkmUZYpyqardwATkZmIwoMJK/av90MJE6/AY5ymlUwEPB5e/OyX/+bD+z+HD8AkERIm1TJUQCarHG8OwywiqCBL6dobIgbENbgAE0FEmLn6vpIn1kKCiQkYSsFoViv6zIlXL2fBvq8+rC99prB5QAUmJCYGIjLUFRvIlFPlVs5VlsaApL2ZG7Mgo5trF27atLtDwZaqE+utufllvQzbAckt0kFEWAUJWMTdmXhay6m8JZIJUBkazJDgGRXrWMzZ9KhMvpq/wpQBQET2MXoLAAAgAElEQVQgi5cyPsqnNR/kLN4Lcj0ThICM+xgkJK2ZVU3orOKeqrIPcx9PT0//1//5f/z93/2v/89/+k8xBjGrNtEW7lQDnrFXN83amCvXI80dMtxHZrB0t8EsKh0gaboKCGd/QMQCnmbDx1pJiFe6ZVQTgVOrkHMVn5nhpL2ElnC9BWtNiCxffPnXxExM7unuj5f7l4+fWvgfaXEUBE7MQ28//8XPVJlJf/z+h/d//p8ifQReN4TFIUGP0U63N89ukTgBfvz+z7ZuSFSI7wgQBifRHL8cj5D5nbTL6cUXr764vbk9Hg9UvAv3TCxlWjU/RHN0gVjkECxziqi4+bpuYbZtW7X69f+KUFORJszy+PgQZglIy2nCrSPpao2qr+Dz8DIRc+wQQ5r0vrjvbq5tQeYa1CdMVsPnT7JMLjVuhFJpXWlMmMCAqlopQrUnLMk7As0ZTNaQWqqpKGzF3OFmmE8wPAkLCxcBsRwDsyrGksxSLWVZPLLGQJf1DJkvX75s2h7vHzySgL76+t2XX79+/fb5T9//tJ7Xv/vX/9J8P/TWj8fH+4f7+ycPYG2vXj5/8+YlODBRa/3h/vGnD5+2yybCHnm8vbk9HYDw46f7+08PD3ePCKDCXfvhsOxuD4+Xy/lp3VZKKFRradLMRh2J59U8ZvpnEeLriUWADCfMpQlCGqS7E2HvrXI+bXcPK9ohSxMVJuDZqEPELCGbckSOkYBSS0gok2OZX6YuVsN2QV96i8jDsgCgaiOUWj5XNHst4ZhZhAmIlZsIs/TWlt6W3gvv456WEI6RMC2crCSNdJF+4nZiOYK2TDC3tFFow6gkIOS+LK0vx9sXX3/z9f3l4ds//4EJbVgZagGxeF6QwMJS9l+AzCSqt21+brWCvpwf3r///qhKQDFGI2qEnZEyjsTPhCR3sEgLd89hDeGguj2uY7NjWzLbZad1qIMI4rPT6f2nh//8u58egh72sZcsuhjwyIkOGTDpJFzCzKYqoleNFpYM0TMIC5EXNAE15W+ar7SwliWrDFVQ9HTIa/kxTW4eQQR8TQdLSEivKd6MIEC69g/z+ZkJGlcnhrReppxIcANRwfktA11VE3XvM4AwWmSAU87qAgFKfSLIFjZix0zB0rjXAAqiLO/TSYnhXuOYyoUggQR8dfMckdYx5o0MWEujz56BvLJrkWsPUIomhwkzrfo/58FeZhWYVQgypXtGCAtAFlImACZGbKq9AZA9xtP5sQA+pU/I9Cw7s+2EQMwWflwOKmJmJDWqB1ZWYWBICKIJhAgIYiFGEbFtQCWZQqQFEBJzzaWFsSbfgCjKzJiA22UVFjMviIIoIRMRSJO662oUG+GUdO20syJiMiCpPm2YOQCAlXlGmcQMnqTa+1JWrvRK8PWx7oycCFUsgFc0IRBRCULrUctZi4oD9OUIdNUsEFQeN7NGZEBFjyEzB0Q92RG27evYjUWHGTfJzAqmVOWx7eGBhC/ffBGQGUbCbsaCVeWTsA+n1lS628j0vJarIs0ziNHDq3mcVKh6DYgBYbts6UEo5aWtRVB6TGZxEaxFTzCniZiRpX0vw1xBDyqBCMoKFP6Ln/38+fNXH+/eE3NJa6aiIHM2sEgZsI0t3CDnVny6Opki0C3cnSeeFqFc7TT5O4ilDa1LAfdtd/f6s8pqfI3GmKqHaROuVq2WCpmA9SFgOEBCRYDNX5iIE6BOCFlaxgnuwHRPKBFbeZcwEemyXiy8q+6bkdAVB8cE6REYAFhszAqBwTEiHVi5tpSYwETM7IWsJiISYFbRsa8AUYD/aqYYK5IYPe3H998iDoLiYCLRbKUiMgM9ik/s4QWQLhIERQGLarUaiQBMkhluVt95KZqW1szdw2oTWVXLbFnKWJpgY00zJjSLjGCia7s1oy0+OyKgduXFfsaiNTsRkRAJV/lV6Jg6oc9PZ7eoAV6WDykhIi7bmQnds+jLkESEkWCrgQMw5pUPMAHRzOWf5qbztyZA5Mgir0VZ5epTIlFt6haqTIQ+DJH4uhiqdqS6WeYqpgGxQKjJIsvpCIluQ1X7YWEuv6AToSi//3T/61//4+X8KCzbti+tqy4F68hIs4EQ7qGtl/AXAYftkO5jJKRIDx/MytpKYICTn4alsSIWSMyx+9jDvRiFOYFSgEgQUXDe0g6V1kW0T4k6ZCJlOkJm+vNXX+rhxEyqzR022+3p09f75QniezwKL8INMd+9ffvyxfPqC//4+9+6p4MkMmKtPAGyTH7x5V99048HANy38eN3f4KZTlGao8TMQfQl7N/s62j9N8hyun396ou+HG6f3XhAeuw2MhwIMmKMUdsREQag4uHWFayiqi0hxr6OYTY8I4mFiIQRMlpv1Teul219WjM9eeG2lBy3nJzVDyJ9TqBABMocGJsIt+XgHmNfuR2aKDOwSibYMJzaAailAFP1chN2iAhYRI+aLiAJs4iqShG+MREKN1HY3wKMElORaIVE2hy9V25q1OI9ap0j9duJqGjdSZ87DmZWFRuWmdvlYmO8evWShO8f7t12d//FL/7qy6/efPnlux++v7u/e3z1xfMfv/8BkZDavu2XdWNty6F/8epmbMNH9qU9Pj39+OOHp6dzZRC23p89O6nKuu4ffrp7Oq/nyxMziuhyWET46emyXdZ13cwN61II9Iz0dPeEoMR1mFV8POEECuL8EjIc3ZcuzGQepdjuXYvEOsxmAiuQNhXhImxW6Z8J7j4N/8TbbpkMxNWozqgpmO4cAECW7fzpeFgCAROaamQSs+cgwqUvtdae8h5kVjksi6r2dlgOC5IgSgQiKmBDWpAFWFk6t4PoQXRBaknkmRYenswgzHxlLCIKsSyHo7belptnL1589/0ff/jxOxXep8CAEAEL+AtARK0xIpdLuOZ5UJMXBCL2pIxQJkF0s8wUonBbSDpjT3zW+VnXfdi6DwJYlBhCiQm0TGy3t7eAfD7nOuR0e5MA55HffdguCcH4uF4CKAlz5uoQyVTWAVGkIySxAGAN11jZzJk5AZkoA4plhkTEVCM9RGQmISm7i7ZGxF5NO1GNmct3V2M6TqDMtICrW6RcwpGZUEG/Ui5MgKKeR4GCPsO9RaSWTzCNUc6MjUlZ3IftFhlICQlK3Jj2YREOEbPWhIQAEc1IDwt3JhakRNj2HRGTwL1WhxMzjVQS/qignPreCHEbNsxq1l8pB7U8TEARKdcMEiUWz/lzVO/ETNXrVYVazRgKtIXIJZMbbiWtGW4VVaSkgDDR/eXNSETPufYHrLTt+r2FiRHSXZm0yXZZ08Ys9rLINrxtu+2GSO4OAR71KJLtFhFC7PVTYCG5asKL7t76so61uF2QuA8rfM1yOB1Op23bMjwTWDiGubkIQcGwi4GDE+WmKhVowCxUenHkCTCcc2morktZEWGMHQGY5tKRCEVpWFRkFDEi0XI4AMDYBkxobfXqFYubr95++fT46PtgKY0+HI5HUrZ9eFhVp6ItSkAc05onLDZG6/31l2+2dR/7Xlq+V1+8AaJ1H63p2Dff0yMQkLDApo4Aojrn1MPnGBoygXrvyDhsZP3gBbpgQgBmNCsGY4WTZ+QMGQhPwilkrcubuR1pVhG1rKoaGjMAGa69Qg3PODCXfjyeDh8/vp+1d02ssar5woDWfnwqtEm4vHqeMybzyoCHTEgvwgLMzAhE9woTmDcbEUWC8FwL5NwXz78mYt3c0xyJhOFVKZS1rF42gusgKAGYqbz2xJBImcnEOUGEFGYsBSGtZUOJarKKYCSWxhhZouGpxCas9ChmTne3BJ6jo/nzEgEmlVGBMBPMvXX1+P8lqnjMN5KYEN1dCNN2Qs5Avn4L5k6AIlydDuYUqQNizBo6r3wYJKRwK358lYD1iWbZobhC1J2EC7hDSBBRF2FNvzAm6LTcAZnJdcQyzS0kUFU5RXWojBxhgawOiSs4XZjGOhJCuFIJKL1OUmZhKt5/uVaR3SEyEVBUC2DJzBnJImXfgqSC2OO18fUwJLBhND+Sqr4IIEQKloE1qyOeRbD2FhH1F/Ar8SnMBCtvG82noiajrhka+xZjzA+Z6HC8SchyZIrow/3dh4/vheR8fnKzJr21I0QU6tTNKiKcpRXSCyDHGJUJmhnC3X0IK7HW14TXmORZDVQXF7ttO6R/xjThVV9en2CRlnKaKJ1bzwyYvr36x1u/ff7mm0wn4gw0923sfP741dh/JLnHA5PWZPrrr79ZTockGg7/89t/BiBEQcr6YxCA0pnieHvzL375ywRk4h/+9P3T3V1xK8rgBxml7P1bv9zu/vHQv8P2/OUXN6fnvenhcCqpSUbYsOrz3dzMoAgXjHAtu8ss3bo2Yd/3fd+2fYuKyeESH0MJhAARgB7u78MiSUiPQIlINSVKIA+/VoVJXOv0wHFBzNYXRNrWC3PXSvAgAsB9jL+88iIsguW/g6h+FK5kpLn5Q0ACYuYaI7OWcagsDTWuA4Q6DbmspYQsMjeBNVXxGOYwj7gaAyuzMNe/TEcMEVqlzEZcnh63sT9/+QIQ7+/uEElEMmDbLg+f7n/3+39+XC+1Bnz35TvPfHx6PBxOh9Ph9nZhpHXdl9vDbuPjx7vHx7P5QKDel5vjcjwsZn53//hwfz5fzmYDEZel997MYjs/reu+7yPDATDMMsrQWJFtgARj+D6qJiAo71rtAAEzDdNbFxaOcB8mKq21mkwN80LDAaB2ZRYCqIN3DIMKykFEwqYyzIZFkpb0vOqGRJj59QmAnOGxPZ2OJ3MTJrfkJnUk1tRChFSUpTdVZqkgFyCKJCBBVtFj0xPpQq0DaRJHZgJGYGTlD2Ktu0WICz1NNJfPSMtyczgeb5+/fvnq+R//9E+PD+9LmVkMPsSo3SEWkoiBmcPczQGSUab2lbne73BPQCHxufU2QhSCpemx6YLwfGld22oMRMfD6YtnJ8JsTTPZNlPuh75sm28jti1E+whYLUeE2YCZLVbPPgOUbHCuHWsfVdt8QgxzZqogSw+HCBVBuK7fsbAVKMLhzsxVkHiAsARkeFYsQ1YsD5IgMgtEQoYSY0TVKQWsy4wIx6z4oKiaXoS4EnAi6s9l5lKQ6F+WfokJTQULyRnBzJYWCG47YVLW3yGwdviAiJRT5goZgZgYyESWFamYCWjhmdFUCFHK3uMFqIH06Wjaxj6qz+G/OO/K+ptRFBaf495KU67KOz4rQjE9IQOuj3VNX4sgUUqEySFkZCa7ImJKGwAJpaqv+ztp/o9KTJgEnhnEKQmxm6ggwHZZlQWZPserRs41dWbWaG8OmsowCYyMUfKOWttFQlU8nn/9859f1rONkYCl6wNA9+hLX9rh6eGhqt4sOgARM5cHIBOEKSGZhIoDnwlAIhxuFin8OQgHGDHdWfXm9sZ9R/KmipDhFgDaWiZYZESycEYwq5t5hJtHpMzBZTUULizpfn5aiTV81Fx77MbM27ZBhhCVCMfDo5xmpdCtHR1huj09XJCoXEHu8er1u21dfYyxbZClgEXmGk2XxAKwspZjRlC7u0yBA5ajFwGEGAhLEBnuiOilZMaqrQISRVsVzjT/VoSQkcmsh2tTgTS3ZyXPg2oq3CNqi5QhJHcPdx8+fuiqeL3wauqckHS91GpEXM8JIEY9qNPGCoiADDVVwgxEJCIE9AzIQACWmWjgESLCgpmliynnDzDPGXBOUPMcKV138ZgJ4XMLCdfdWI2ciNkrqpSoGP9I6JlMTFINCxFyFLemFO1QLBkiFqnFBU7fc6UAAFCYExVxHvthIebho256HwmY2luV4JkJQSRMiCyKiBEZMzSxPrIkrENqJoBWiG8tFrW1tvScX18Sk6iwSm3WMwLrK84sg/mkMYXXGAUJhYSQqu2tPq3wqZApTUUlzXezZ8+/QOGx7yyMnB5BSMwMAcQ8+6pryzgJ0MIl2QdMbgyIrSlM6E1FQ1DtarF65aaAMbbhHtp1OfThDgGqjYh87OWrJv7ca0BGueFzWXp6gqV79KYiHJHpqSrhqSJEaGYJiUkRqdJEtC293qJt7JhMV79ODaQiKhYEsNDGDJFpZlIsQQRmFGn7GIWl2y5rWM0dwd3cPBFONzeQ0LlpP0BmRrCQu6VbZLTWIlBVM8NjuI85UJkbACHR2mzA3NqVnYWIFSF938e+TYznfCuqtM9anQFcz5wwyFBdMiyjnhYokfWLt9/IciAiEd53z4TL493z9fFV+LfUNjrUwIaY3r39EogSgIjvPn2IfcO5UZ+iUxEIjJ/96lfL6ZQANuLb3/2+3mxiKdcHAhjJTW6/2jZE+QPSR2yvv3j7/PnLflhUNbHKAxg2wgqkYeX/Lrs5Mpc3vWRroiJCw3xfN9vHbmPuYglFBBBaa+V2Pz+dx7ZlJvVDbQk8/PohzUFCzlVyJmSOM2RoUxbZ15WZ29ILGsgsbp4ehIAEU35DeB0uEFxhT5TXgwhmaU4k9WapChNFVlRFQdQQZsY2IqLoHPCLSp3TEYFZSUO1FKrw39k8S21oKRPSwvd99/Cnxycf9vL1KyL+9PGOGSGx9/b48ECEInhze5KmgPnFq5fbGCL6xauXqsLMtoc2TciHh/PDw5OHR2TTfjgsh0MnosfHy93d47Zvl/WCAKq69C5M62W9XM7rtplfy/nwCkONmol6EKKZjy2ACldVIQz1LEG6Q4Z2UiGz8MjWpHct/cQYY14ZiK0pM0ICK0OlpSZWLikhiggirasl8oxJKWUr4Sz85v6n7etDb7wsS2VuEEHvfd8NEnpbALmG7wBoCeYJxGXt9YAKhy4jJlCRJLm+OSJtfVFpgAwATFQzr3QoqBNzP90+O5xOy82LfpB/+s1/WbcHYd72IU2IqNAyWTh6j0onyyh6ZqRbhtVmcm7dcy7YZxcKKURdlsaqJJ2lqzDgebPziAg/NH1+c2iVrjX87mEdhtuwn97fnW5eLKebNejD/fm87dpo6fx0Wb1Gk8RL63vsw0fEROzXQDYszYO1VIVRutjr/UN1qsJkcSISt764+/R8JBKJCocFc7lWomZnwqws4fZNG//qmd6dV9cjz2VmSWcDEmqTUINBFYVMrMAFEUiySAGsME7m0lGHWwiBJNg+yFN5NhAIQJBKSYCMNfBCABw2EtDdAMDcLCzAEXMzs7DaermHjaHEBMiUlFk5xypce6jdrYrkyFo5UyXLXje3CIQxxXOfUxSu0kDCujfxL2UEXtcCJVH0189e3vRl3dbMIERzr9hwqul+lkyFeutIVGICzCQgJc4c63op1c3YRhnKrmIzToRhHgm9d2m6jR0xmREAlsNi7uFTSlRNQoQnBBUzI1OYgqC1hgR3Hz/UFUZMwgxJYYGA5rubde5RXMtyhZXXudo9LqEBubk5lPe+BJO3L9/963/7H777469rsCUqGR6Z0vrc7UQMiygFlbA72Ehmal17a8OtiBpQZQqBaGmb4TrL5tKhLTdHIbSx01S+UZqzsLsXUa6yMpiJmG6fPRORMQlx5Ba3z08ZMMYQ0bu7j2NbhTkzw6MsMQDzY4SrFscjAJOFVCTcmbBMnnn9aYrHYz7MBiEyc29NVNbzKio0KRc5q1b8/DwlILC0Q93mMO9DZOYrcSYhgACQK7wGru88RxTipiiERa0qwM5c+mQmQkxBTw0KIEvUXJdfFkS5hNeAkYEEIhLXe/m6q0eouUFCjboBkmaEH4AHTCwMEGF6Cbamp2D+PITX2WGppAkRiSnLFgeoTetlC6uAVbQx5tYxslKFa4w8xojhNcoiroK0mp1ERG2aAdu6AYBDugUEIFHNDx2ivD6EgMWYGmtd55VIUn75eQpgZoQ2wcR9jJqfUZmKiBLcR5EN0cyqmHGP4vJWp1jCwIA0s8yoQQsCqlbulTFLHcef3RE1HMUicwu/efv1dnl0dwAqVFmpY9x9qo9Kb6ZSiwuRGWeWmTcvn2fC+rTWNzVsJISo4uwQg6ZoJUhQe4MEYhw13CKR1pgIEPtxIaDIQOL6smSaGVKIooSNRCQMADkSCM2NVUsMRICQkB5MIsJmvq+r+Q4JgCX9QgAgUcCy2CYSiWjlmANTQCiTsHgEBACRp2MkM+3b7maI1FRZC/MLS+tCxMhNumorP32pFDwMAUR7JqhQZpobpGVkpjN1DxNSllbaJixFYRWXSCxamcI+RjGroHZcObUNs3PJ+m8tAZy5l/k1EhMAM/rp2bMvvsIEQl7XXYQ9czx+eLlfFshvqbscCYiYl6V9/c1XyOwRLHx7e/vp048xLggBkQRBHLLoX//qX716+652l999+6fzp48JCEyAFAEYToyD8Jd+fruuZ+2/VVlunr17/aafTqWFAiQVZpYsiWJBrsPqiCs7B89Dq+JBuGlDxKfzeV83GxukM3E9oCLam0ihezwujw9pntxYWwl5IypAcI4YsRhThJiZdsH0tiytL76vgNh606aACUQljQWAokdf5/R/OV2IsF7SzHpdC1lGgMCiTVRUWYWlQvGAECM9PXNu52rAL8zMotqVmaksmlWXIGBkCaARsGlTbUKi2qrqHWOPiMeHR/fx9u1bFr67v/Mc++Vyczr+6le/PN3c/PyXP3/77s3z0+m7P/7p3bs3x+Ox974syz6GDUNEhzCz8+NaJD5mPZ6W1rS3tm/j7u5hu6zbvoUbMy99URU3f3h62rZtuGXO/N2x7WFeYqhwj3AmMPdtn6Cw+swm7HBuQL0ps5B7ZEJroqpZkRbDIxwBmLj1Vl4skgqhBUQo0wQRIHNvMkZFyQnJNA7RVIPUFKpmN7xfPp1ujiRlvgImQZh0RWYVXSxiWAKRJ3qAmW+j4O84hrt5EQjLkZwZkUEsCTn2CHcED4DpYq81gPZ+vNXluNw8u7k5/OF3/2VfHwHSzUWl1rBpgTVuYMbSQQIKExHtY3zx+t3rN1/e3f0A83Lmunyp0jAg3IYkdlFlAndw79oQcB377mYwdh9j2xk4AZ4u27rHsLThPhJYPtyf7y3vL6ZLv2zbp7uHp3UFJlHZdzOPLUYACIugMKKnW9Q8mwHShhMihBMlAjRdZjmYtVPFptJaiwxhqoHlVchW8R95PByHbfXmYOYiwml/92L5d1+/fv/09GmbQMkoPyYEQEplbSIQi0jBzedvMOUlreK1ZilZPsiGdGqihYyihIiMXLRJgjACIDJ6TFXBnh6Ro8hWUTOtjARPz8xajNS2CgEyLMOz9NmEz5q+vrl9NAtIG1a+yir0IQsimgmZ5jwvb1DVmSKYULi9qQkteH4VaiSZGWYASSRE1Igv+2XYOKi2pmZOCQBhZgCgLE0bllci3afgJxUxMV89P/3H//0//P6778yhiBGsnAjbeYdC3SahABMjwjZ2KBQIsF0bORby8CRgIdbSCzlEBMCyLETUe3cb9RF5ohCZhdvovYlKYkQ6Cp+Ot8OsiGpAFCVzgFTmOQthAgQRjqsQlnrf99jOnwgZENOdRFs/uputG5IQc/jM8GZRt2BhUdrOFygIrXmEF+G3sq7r4NIuUPrdJFXZHi9QeM3w1ptbuFstYrw2yoBELEJeD4f7Poa7l0JnHysgRsKr169qZFlLHiz+WxlWC8lf/M8a/SRdBSe1589qFFnoKoAscw6ISs3/WkWOAph5HW4x44+KCVv0CmSQTjAdTwUYIaq/0Fx4IVZHXrckIE/sSTUoxDSr+VotlM1u7sOzkjs/CxTmxAwQeb4wAFS/Q2CqyOF0GO5ePT2hipobAsncdU/z0/wnEQBZGBkmcRprXDiXA+UJroXAnOXXul2IhSKrWkYkMneu2jqSEMNDRHrvbrEsPSFjONQMkgiBgNDDw3LWajwDYTKCuIptEuK5CbqeOm5e9Q5AYAARZwJJ3YNCQqVRrgIOmaZDMaFcwrqIModbuFNeVzk4z09EVmEihikvDoC50kGq8yYzofe+7hsCadN0M3cVASCPzEDbZ4pZen78+FP4zqS1emlLm3IjroaHAEgaU4VcMhXgR1QzQRZ1jxI+1kdEzEwMmG5GsxuZUYg1Anfz6lyGWZhhpWBsu9kgwkqMAEhIRAauXJDGc6Y9auKU2kSX5XS6GTbGvgHOQUsSSOsWddlcVW1Aqk2arNtORKJSkrURngTCRCQwGSblmqeAhARVIURlSiztm/GcASNA2rBtW5dlEWmRZrVpCXffIcsDUCOcMDcIL1CXaA/bWZRUSxNe1X/m9aEWgQwf29j3gIC5NUagjEl3mqAhxGqYAzxI2gRGlcAM6Pnbf4HEvfcR14QaG/7w/sW+LZnfcQ9STEJhFnr79i2gIJIK9ra8+/Kd9k5K/bDcvnz5+quvv/rZL47PnxUH9vHu8Y+/+y1AbZg5EiCCMIzxYE9/bysk/Pl4+FHbzc2zl1+8Od2cCuto5sLEZb2IJELIsLFDOiGGJ1R9U3yuTGbUrky8rZdt3cx2M2MmEo6Ew9KXQ2cWcwfIp8dHGwNRUA/EDJjhUVDkTAeoUJ7ICkaJndylaVuWGHtmaO+iCpmqiplj7IgkwgTMWgmYSDXcmztIBMwZQgVIwEBUjFLWihbtTfXqyweZzq0oxG16AmFrWv8R1YpuEdUa0tRW2sIj08LrNFIiIjL3YSPCH+/vMuL1mzci8unDxzozb07t/v7uh+/fPz3ef/v779Lz5atnN7fHxETkfdv2MYBQlVllW/fz+eyezLwsXVSX3tzz8fHp4fHJ07Z1TURhar0z0rptl8vZzSNhmLuHjw0AmDEiw3MfNreFAZfdAAjKTTTtndd/DW+Colzcj4pGzgD3QsoFETFxU6m2jZlZqEB2Hll1dqmjhPm8jfrwATEyuSxaiTDbtUzWCBvrw7PbZ4lAIJG5tGZm27aLsIgii6jOrhoJmSPBbEo2vZbqwpAw3EYYAA4rp+jUmQAiIkMCsQK1fji1w+l48+LZs5t/+vU/7Pujquy2T6Fi3eeYxa6sxJ76waf8g1Da0g+nhzFqYLAAACAASURBVPv3qjpRs587mwo1AEcMz91sYyRFWLSpaiLt7p5mbud1Z0TbByVxa/swYNa2XMy/++H+pwf76fH86fFxG3beR7Ccd7vsO0mLREsjykVbU4n0xCpiItzmJKlytiHLJJMQgcEIIvx5yG1jh4zWlGfquUc4YATEu3dfZ+Ll8ri0tohIZqd4v+//8MOnM8npsBCCY3JBGcOp0JGRiKREtQHQ8tIRsSh9bvJZELDCIiGhMZxUmMUzInMfm7sLsbDsY99L5kvELPvYhhsgmTtiBnhGKmkJkACosTCTuyuRh82gIZw/7L/95c//4//27//v//zfHArHCJnOBaskLHdvUd2AafpPlACwBo55ZfxM0c404HET9SkfgEgQpMu+72NDACUS1vO+lSsvMjEDmTNhG/s+tpylMF+VGaRL+5d/8/N//MO3+7CrL67KhrqCpirRhk3L6IxwLlRMYYLidLo93pzW9VITcaqFS0UnJZwfzwhAjDEV6XH7/Pn/8jd/++P7HwlgmEPt4RF6P1TGX/0OmUEk2nuFdbQmhRYupCwR+Vgf79836UBgZiyd+3HfzmNsogo1SIEsYRhyNXhp7kgkTB4REK2rMJn74Xiz2QYJ2lpCDtuZZTkdmcR2S/e2tLHuZhHuh5tjZBDkclh4UUSK9GqG0y3MPp9URBiRto2wkZBuPoM8EUgIAgiRy+hYPbM7MzNxrb73fS+BSmScbm6W5TD2vb4a1RZRj5YjTUZQdQJzlSTokbUNQKjPPzOTpR2mRgYZElCIiRKRSUqLhoTM1VUAECBRpRCnl3UEIYGoKu5Zg1816/i53q1tIBdbAaZqN2JKYupBiTL/RWJU/35V0la6CECEV+N7nRglItTaocTQJBORM6fagJBEiZkFNiWiikfM6rSQMAEjUqAs8FnzKLqmQ2cCax0ZzqyVHlVG9foDiK4SjKnEmyBft0io4FsorUViWY6vErWEkoaHm0zoIldANExNNEAp9qCkgrWziRq81WAjS8xFZGaQQcL7sLLykHI1ZpUC21sPhLmWFSIkG+Pm+ctXb766u/uJUeeFqiLKYcHEBLMCBoy0UGmEOGx4ITuytHnow4H45bt32pfL00NkivC+bRCBhW+H2a35bHhnAlpEhckhfFafEdbKG7FkC1SAOWSB63edHsKCiZEgrDntXFiJrZhUor1hxsw5BSuUWQKSksnNEEoGQsii37IIZHp6hPfe//rnv/j44YObzX6vJJYJUDiL4nLwTCqoyy8zCcXDINLTluXQdCn+Q7VoMVZEUj2VmYUIbewJFTeAzGo+WJSlX1efpb1BKAykaIZVDgBA0Of0nBp2zU1b9QyTbpQQokvFGVZ1sNy8OL54I0zEGpkenhnbdsHt4aV5D/iTtJFMxCRq4Ten47L0uU6A6L0/e/Hq5au3b7786uW7L9vNbTIFoOhhXPb//l//a9pIZCSKLNRDhJBh/p2f313WtfXfEe+kz5998fL1F0Rsw7AOcGYq/RxQhIuQmddWvezYEV77KcggJhVhVRvj8nTex+rDUVhEkFBUWj+ISHjsw8Zul8dzJiZ3YIWchx/Mz6i8QzR9tjbQNhbV1iB9jL21rioQ2HuDgLHvRfgiZiGuKTbOjQ3BfLhhMtEKOJJINZ0FYmYVYVZtysqfhyNYs8d5VQMAslLvrfdFtLEIEqnI9AMT5ueoCh/T0AWACObu7g/3D272+s0rUf74/lNZT1+/fr5u24f3dx8+vD+fL8uh39ze3Nyc3OFy3qgoAkBN276Pp6dzJDDz8XhAYlVm4nXdHu+f9jGGDfNEQNUmzNvYL0+PY7MMNJtTNncrBhdEJXtDwGejv82SAqnAynV8QiamMRfJJwCw5oKlQfWIiGAiVVHVGusQI5PUpogZ3KxAwMjUmo7dt1FFE2U5OGuWUjnYFQxMi20r5n48nuotMneR5hGlahBt2jqykHSLcEfVcvIyIEWgJ7gFTFcWeEBkjQCViBIpK9KPtPVjOxyPtzfL8fTy9Rff/vEfnx5/goQx7OpcSo8kJIh09ysHGXFCDSHSEXAfl08ffuhNs1yldQcDkjtAIrogK7fKmDtqP2g/9b6PsZuP3ZTYLUSksSwsh6UB8cPm590+PlwuBmfPc9LT8Pv1aTNP4Yd9HYABYBgOGT4EqLGoFqCf5oojoQ78cIPSBdX2JhwAiLh4xkQyrKD1EwFoUXwbE5bM4oERJLx6dnPTG4x9IUZAEV1kaSJINDyqniIAJkjEyBRCQW4yszOVmYGUGTLNDYkyw2001S6NEKQIkhlm5u5MKCRKHBDb2BMhMsxs3zdIOh6OvbXHyznAx/Db5eabd+/uHu63sRPQ0puZb/uOhB5Tvp8O5tFa++n+7v/97e8uE+pfNf1kN4Vn8eiQGWYgRlYrV+v3snldi7apsK4aouzGhJQEgMmi4ZE4MUTbsAQgZk/HgkYleKaXhaw0IKW+Dhdtl93+4b//BgAowcI9AjwykamYDpMvIkQ8y9DPrA6cE8DIw/FUND8VrejSWoSEmTbFqgBrKsmkzEjyy7/52z99/+cqHAFJRLd9F5Xl8MzdWKBcTIDIKDCHLRXRwSwsJOFJrJmMCB4h/XA43oZt6XsxVTyzOJ/p2ZowU9WrdVZDZKRzPR7unvjNL365Xs62rdyElcuO4fswj750VR5jn/JnzGVZWuvrZfPdD8fFxyAEtyAIgLRIINBJ4qmmi2YoBHLrGmUVQkaoBfhUmc7QY8xlOSSgKEUGMYuw74aAAXF5OgMiE/XlMDafstZIJCJAN78SKSETgMp6kAXmqOkxIx+IsBi6pSgCyPSc1HFCEoJppUVAEBH3BAgmYiTWWgDB1AvNhHuckrNMmJ80zLsxPac9F0tgFNdcpTLiCBMAsggrR1zTrBHq9E+ASIx0KoPzXIpN/w0WHDqnYpKQoARSAYiVtFBLWijpZM7JUzUZhe6qzggRc4zKabIihwxbkVBIzQIAIr1kOxEZFnVylcgoIjOcWYgp6u8Y6R4kUhcdJF6r4oqebF6x4lMHlgUNL/lHFXXhycruHnPbCIXHrg+vaEsOjgVMBCQhH3GtCfHZq5f72HwYM0OUCoulH063zx7uPrAoQtnoMyPDApmiuHaJIkrI+74TQqYTEIkySXiICsykpIxhiAzlfgbY9yGsCTG1ZpDpDgDMUhVqeQZsL6hR1kQwMkrMTYiejkxJVEdPFU/upfMiQLYCsFIdilGCvPAITwK6xuFeW94IpOLXzSAIBPQIICxXTULFrlFAVOw2IbrHFKolVCHKSIBSSodZs2UmJomUt6Tkbod+YmnFg4kIFRZews3diEX7MswzKtnHIlzlYLkTCYnWoVznSzUwgCTMGe77DAKrNhJzCv+ru6y3ofayZUtD6ZGlNA8EeP72r0SbqkTmuq0lNN/2C21Pz3ZbML/DNlCECRLNYhv7YVlEyhPBCFcHH3N5ugCIUO8/3v/21/9jv1wSkUUSyT0YnTk3gK/98e8vTyPk+0P7E+DN6fbt199UaJRnTKsfISup1pWNNVL3YaUGYkafNrupeCWipuru6+WyrquHIwIzMatK631hZgx6enrMiMvlAhHJHXmJcJyvjEGpTyKLupARkCPHRkIsggBmQ7SzECMJUybs+5YxVXrMBMVPoPmWVWOJpdYnTsQSdE4qYh0EgEykqq313jsRXZFnOemBABZR+5De2uFwXFqT1piZCkWS9VbBFRMFCMjCCbCtm0c+PD262auXL4Tl4f7BzGwfL148e/369ceP5368+fKrd2/evXl6eDydnnkkIrXex3CWDgAPj+dhlXfbqpAVVR9+f//4dHnyCitAUpHexCPOj49jHwg49n1dL4/np7Gu+3betnXsq0W0puZjjL2Kmc2s0ByJWKlGMJMuAMOVUVTcDZGW3pi4ikvzukmxNRURj8CZekNENA0unuFlnGNiao0fLxskZRJy5QbUpQ+QmAAkHEDEbX+8U6blcAImRNr3ob3XBgky3JyYRZvqItKwBl5ARBxIGQEYtf3xmOgLpPJflWOla+vH001bbvpyUO39sPzxD//jw/s/R+RwK20PQCIUSLpHmA1jIkgoAWgN74pX4RHKUvReIu79NHzYGDzJuSgojRgBBOko/SSCEJfzNnwARrghyaEfMfLQ9Ob2YEjff3r4cL7cXbZAeP7sJEt/eLxc9h2ZHTAIPXNEnu0c7k30oIsy+diUMBK3fTCBitS1K8rpDoSWFlkJ7gyEbjb2TaXXNJRIItLCMz0g69xnprLHdKZbFQ1Ps4NqY6kPfXiMjLHvlA7pjUiZIbKJ3rRFEM1WhEQEZk7wcu+5JyKGD0ybtY2nCptbQu7mTKjENfdMQIMc7sMNAEYkIkUki5zXnZhb6+u2391/GOECpEJFV4xIcwMABBIUQMyAYWOPfLxcim1QUu8yelqWxDE/T0r9c3bBBDcE4vS3VMWQMAHmVaVBhrRGgF65BwTTUQDJSNUPeAYizTV1zIZ7Qn8y0wMQzSMzldnGvpvVJY5AkCEqVdHVe8rCImQeNU8DDCBqS4OI8DSzy+W8tB4xIUg49cdUlZl7hqUIMUspqH/3+98Uu8kjlTQClCkpWbT3k9moPK86tQ+n43K6cTNAVFGP8Egkkd4jAtB1ORHx5ekubAirR7hnoRNUW0ZEpo/Y952JHdKHQySTeGSYiaqw/PTDd5QhqkAYnr6ZX1N1iTAzWDjcAIAYwjwsVBjCwy3dM2Df7f9j6k16LcmyK73dnmP33vee9xEekS0ziwWITTFFgQQlDQgI0O/QUANNCvpDgqb6BwKIKrCqgAI0kCCJogrJJpmtezTeveZes3N2o8G2F9TQI9wjnl+za7bP2mt9q+BFkMmiabvNIRNFeQybHsgFPEgAtDkyUrTSxVwrNHNDKPyU29iIyM1m/c7WSjDDaipEnHMjYSJy88PptPRlVFCB9mMYUlUmQylYZZJn5AUBim6573g8kBkz9zxw7tuaUlur6aCiBu7Bj1EJZN5dyDXKl05GdWAr1Z1gF3wLHImEfDpd1Tmhpm9mqvIsSKL9P1hiGiYiI0UtnnYD0j97XOBxFq49adaOmWnONXKqtKAysWXZYUoyq7MX7hoqViYfuQIMAHslLRHSnNsf/sEf9Hb16dMHbb3YFVA+Uto15kcuO0DRJEUCHumZSECcEZB7oQHu6gcDYHoEJGuLzJ1nRUhU1VfVRQCizCqZyMpuAfv5rQBbeznujHz9+ffmtpWzIvk7ljyvYysY/24eT2h9Gdvl7uO7rksUYIr++ZgXEY9pBMzALIQrJSADIFU0GfHm2Qtp7XJ379N8RiYEhJvXHRbpFWwwd+RasUDR4WvX/fiPgFXrKIWBj96nkt33+6Q82KUoVPSYW7PwXWMrAzYjJKBK7d2BucwPkUFMKDuqiFigfgxGABRin5EIVfQdkYz08HCvouFYpYOPE2kNMBCJewwa95IKFSFRn1YlxEjUpLHoo/csww0RETVirpd7YiASQPRh6YUBbe6GJNJ6HY/31SpAYaBI2M3Dh40NMgJiLy943HbVYa/+yH4FAUhahBNgprXD9bNX33OzzFjXLWFnKK3rBde7qzlOaR9UH6A1JGINh23Yp/tPxLr0g7LWLJt76oAp6XJ3/s1v3r797W99m7W4IJaMoHBgMoJnfv6LuUrQhy6/hDBpLz//4tnzF31ZzCMiqMB5FkIsqkjUW+N9s4ZZ/QAIsFM4UVjKI9G7svDYLufzOsYGiCKNqAbTBkTudlnPGbnOaeuWSNROdeojLHAhZEakYybU2tEdfEOi6um1ubEIccsMJhLWAs4gAhCKCiN5+c4rpABlkKUqGs5ia2GRo6FkCMgKzEhTVeXWVZrWCmB/Eu7sgWonRxFZlr4sXZuKKJejudirYbvxIwOz/i6ZkXe3n2yOp8+eivDd7R2As9DxdDgdr16//vzP/uwPf/LTH1+fDr/6p19//vlrUmSARPCEplpUCoTsyuYhTIelI8D5fHl4uHc3AoxwYtTWkHCOYeYZcfdwhySfffG9P/qjP/zZn/7sT372r/7Vn/zxn//Zn378cPvm7Rtlzf1WJbd0j6yFZzXUPEowkE4I1RLKzNo0Acw9A6ZZiQt96STkHpBZYJ1iS9JjN3kZZipRRgiXzYAYSfeSPCTiXWgtBQdREOhy//F4XFpjEi5tp5L6FX3zaQjBKsvS23JAlOlpWJsgEVUmAkJhxR1rSkAATCxNtLMurfVE7Ierz15//vXXv/r67T804YRsTXYtLDPCmbUvB/MBj3EY1T3DyY8doViRcQBIaKqtLWMMhKieqDLLMqIit7Z01YOKJw7LSuJNN0hWbRG5tOYRZ4t35+1+XADoeuk3gpe78+aI0pJwmzYdAJsFbD4SQ0kEicjdZoYJMrNipgAuqo3i+rDYjICCeoDsKzEu63zrHQB8WsVdqh9AhAhJCIW1GDUKQDYpYyFgBp8TiT39ss45RmFzELKxYKYgd9ZFtFgOlZT1sN67iNaMyCQAhR20hATaGR6eGRlMjAAWNsM3m8WrBSSPnO6bz+F2+3BXdo5D7w/n+3ArIT0yxrTSK5Gp3BFZE9NOwIxdgkaKct8n7KFP3OOcGFlzSC2oWBipmhB350+BVXDf98Bj7qsWblGO8AjPYqAjHpYeAOaOQFnuCQAgEqKmDQLcoubzAuEn7itMESnUfZgTS0WtS1cqMopPy8jIZOHr65sxp/ss2QUSILCgJhXMCPPMbK0Ti5khloBLAGkziq0SAdPq+7hT1AQ5zADw+ubZZTuLiPaOhE+ePv3s9ffmWAFxOS4eYZYizIQJuZyul+Vw/+lbwgCULAc9izYNj8vDpWtzz0hHBCeKDARiURK9bFvCXjJDSIg81s3d9ji6cMWIzZwJwyMQElKEIrIt/enzJ+u6ekQEtMOCSECwS7oRQlwkSc/oS2Ph4+kY7utlLYf4oysECWgbo1T0ZBQid59z1LCETNr685dfYuLczsScAZ5uYyDh4XjEGsIJqz4sA9KToGgxGh7lgymFBRNY2rHWsV7lO/Vy3/smdtRSaVwAdW3SzETa9fWNp88xYTe67EbkvWoHIhNEBKLemFWgWEYF5JpcMYm5UhGPZnYCgghIyAiHvREpPQ12vg0VgDD36Qf3nxeQWDITgaD6jZC2MX78499/+erzd+++btKpcDREVazMRFCsqMdaOUQELkJWZaoqGVR1M/PFqy+Z9cP7b5kV95c7gANQ7hgjosfbl1j1cFh8BiASPDp2MhEJhfGxaSz3+j8IyJunr4Tb2O4Rq612P+RoU2Z5fLchMe2mBSTYexQe9wkQl/VSnN9yukcmAomq29x/4355CRIIUrUloKdDIgE+9ukRyR6prCK8ej3vEH+myHRzZplzG9ulThmAPM1KkctwltpwFpSjwCnV6YNFRjQLZdZl2dcUBODJzNKbJTAiJiXsOElGFhHIUisX1qZNd9mE2D2atvTwhOPxBITpWYYQJGAS3gs4A4mRuXZd35m/d4cGohdJCVK1iRSdZjcs1e4CECMAIakLk4zNS5dl5rkNaUjSS/Nv7UB1n+yTzW7hkrb0fpzr/fpwmzFt2zy8pE0kYVHRhlhlEBVjI8xEZhHO8DQb2xYZuDcFZ+xZ4XobZvU8Y+6FDMSSCSUu3zz7UtoCbu7mYcoCQJA5tzXW+6uIHgYi32DbySnMAOnTH+7vP336+HB/Pl8u5/M4X9a7h8vHDx/fvvnq7e/enu/vGMC8ovEQbpiWTJPxmd//xfZwMvik/KbLB8TrZy9evP68HY6ttQIJAEZGIqBXnL0mP1EVKdXNw91mrcOy6u4reiYiKtu6rufzuk0AEBFiEeHj8QSIl8vD5XIGyBk5LisigBwRKT0qfpsZVE93CCj9IwxsMKO0xiJmGxGLdkpYjksCzLHt4gFhE90lS5T64EuNr5vcHwcAQXpc/yJAFUYmIDKhsECkSEVp2/5lftxQhFcCKJlJRVRb712VCajIJPhoeNxLKyIqP3V7+8ndrp88EdX721sSRUAV/sU//vru46fr68OHdx/u7x5abzc3N25TVTYbcwbEjiSHPdavp+OCSNs2zud1Hat7YCISsTAi2DQ3P989vH/37c3Vzf/4r//1y2cvLuvD7ccPf/vzn//N//OffvnLXzLBh/eflAURbAYR2IxphixFH67QRNYeL4IItUmd+3urdH54hFekV7h3fWy6RkTQtps7hdk9S8jMTGZBwq66jQoUEDKlRe1cK08EAYSJRCg9Mc93n07HQ/EB04AZVRUQCbk2Bu5mc2YA69JPJxZF4b1DhIVZmjaWTu1AKiTC2lkXpAYkmYDcT1eHD+9/+82bf2iKZhU0TCgfIGbTlkhjbGEjIwt+zkQQseNBcu9OYUIIqEsw5zrHVv12JbsBkhIJFSiWr06ndRakhR4d5ZABV4elC7r77WXbEpR5gbwW1DDz0KYOjNoM8DLG8Xjdl8NlXsodWmQ5YXp2Oh1aM/NG3JlPi1x1ZYgIymRMOLS2LD096oavmzYyiJVFRGTaZERGFBQREuQMp/SF4CTAGZzp7p5hdcINz0gmmNMQg4EEWYgUCSCHDcDyrSYxm9dFmxiJYQiBmW5TRQkJMwihEacnQJi7QWxjWJgDJFKBlTebXjyCDEIYl5UylB/9pZGQIULCPG3WWjO9Er5eihsTpScyW4XVMCExI8tBWncsJTJx7KECEGGIjIhHu8R+eQlo1zof5VaqDTmW/rMrkeERmesYAJQIxDuMr15FglLfdmIJL4NWPX4et+ZVjAtIRJZmHnt7A1JE1L+IiCdPn0yf67qmBRPG43KFd5hl9Q6UPxYc0tyYkJNK8WVGVom92YKECYGFEZkyEJHDZ1sOT5693B4eiFlbE12urm4u6zkyIGr2KmgeLKdrlX774RvCnZcFgFzvUyQiLokEpJ+ePY8YACWToYcTU7n6mGWO6Y7ceqYXhAAymdUfjeWJlAg2TVr36WEQkdvlsl5WSCCmMc28DDW7WANMV0+usUyqots6fFpmqDSADPPvbPTEXD5AEknPCEtIYtauhDjWSaxM/P6r31XOzc33WGyJ9x4JMLcNE1prPqsolph5zPl408De+UDAJIc9toM7pQcfYer1lPluANqHx5oMIh1yzlES9Z5EQt6tPlQKYRnukYmy4JT7ogv3vyzTNEPmR4AXhgftnhcgLuskJcCTp6dnT55/ur9nEqLcwT97UgABICB2dCYhFjcKKTFRac6xXdYikT1S4JAIRdp39omoYw4iRH3TYJ/REyBpmJ+Oh6+//er9h29677FXABAiIySLIGAloaJMb/uSmM28pKBqwkJEZt3/p8DwaH5FkQScNj1GepA0eOymLW07EoA49+tDhJxlG6N6HRAgRiSjpIOqIvIwZxRpCjspFR/D2VRGmEoJR1mh6uHAj3dF7ckz3ZOIK9xQENXSvMobxiJZWp5IhbBQEBFZGPbTDTChmSPT46WH4jAS0TQDZjOD/dPkGovK0crAtYArAjSVRoiUu9sBx5zatMSOpo2Beu/S+vXTZ4Q4tlHLofoEkSUitIm2TruhEDBThKBoyJnoWR3OLFJ3S3gIMyAyyQ4RZ47Ifjgsx6sE9GoIVlVRt3zy/GU/nLbLBQCWw1FUd1wPQKVnACLAkYioE8m+36jqWm0lCu+ffpGtyuQPRCL1/PJpNsd+5+DeBgSAj4DZrK0NQFmuk6RnOkJwW47Pvph22caomrzD4VDmugSfl7sbgjbtBuID8wN3coP0XXRECs+H+/vb2/Onj58+fPh0d3e+3D/YNqo4cc6JyESEPpHSWTzi8/nxL9b7p463CG+7vAHX0/Xr7/94OVyzqqhaZqabTTNjlsyiowITta71FqqDmfkOQs7MzGAmiyAibX3McT6fx1yhYL2tNdG+NIS8u7tbz5fSS9fzQ3gGN2lLlXXyLrM7/v/0rQyDGLTjONXmhsTai16FzBy2j/VAKMKYtLcC+Vi3B5tzjC1i2lzX7WJzFk1i+ja20ZoyKxJ4PSxgZ1hVHZuoimgREQoxVD7g+sEKA6VSU93ONqht2a7cwW4Ht4i7+zuzePb8xWFZbm/v3QECnz45Xc4XUf72w/vf/OqtqgJRb331SUjrOutl5e4WztJU2+GwZMCcfjmvHja2uY0BiK03AiZmt3n76e7u7lyNFr/4x7//j//xP/zmn/7x/bfffvP119t5tfP67tv3ew8gi9ssb+MYE0jguzjOo38qM4igN0lMImpNIcA93aaFE1BreliauWNiaUmqTVgwSRiReV8vRHAhHxGX3h7WkbEnmjKT9mGnzswIScCEesjwh7uPx+Ox6ZKUADjNmJSVd+hnQrpHxJwbQLQmvfV+OGjr2npbDq0d2+Gk7UiySOt9ObbWEVn6dV+uWudvvvr7j+9+w8Rzupk9roj2vWwttMOMdr9DAkLR3giywI71Ki7MQ2lqTCTELIyIJAoBIqIqQpKIrXOXtm2D96IVKg8DAV4f+sLkczuv90x8c+gL+PPTclra9c0pMR7OY3iAcEICRkm5pYwBAiEfpD05NlVdt9Ebn5YFwzFzWzdi9nACOHRRqsotJhFE2mwUMg5zbyBlZgRgxmL5Y3hnuFlUM8oV45AGeBm2eZhXq1EgZiVthEgIhYgIp80ywWZC0+4eBKDECJBusH/foQtnlC1gYuxwGIudWBuZ7jbNA7LgMALESBAB7kL86snVwjy2AQGLquwNOjFnue2xfom7R7PqvKCKLMLdo6KGWI2PidVXV8m/3C3RiY+IJCov6CMpC3bXOFFGlhRQ93HxrItlEgnLchDVfWcQSVTLtGzaxhxlxUCEzBBhqEEhMDLcrL6wCDhtUOs/+envv3v37f7WiWRmIoqAYWPMTZC5DA4AZlEI6736o7rLmTKTpP3BH/3swzdfFxYEApBwDmeCpkLFn3SDmicJW28stchwEwAAIABJREFUuo5tWZYnz59HhookYgC4b/X+80wWAqQnL15dnU63779pRLD35Zm7YyYTzW1AlkfLqS9PX//eN29+c1wUiMKdEQCCiITF3Jarq+OTJ3sbagQhFxrIh4sqchUMRG9NhZuU/xDborUBEhViKTc4wu4oWZaOLHcf74RpnkcAPHnx/P7uVkTrVCvCdc+4e0aotsiY29aUWSQzdwi1SGMGCFFGoMjwcCJS5YRMpEwrGYmbjjETQVSxgP7D966qNCIpfz6THuq8LMxQiybiSJA9+oHCTKSAlFRF0NT7gsRhtqdTiGv7H5F7QxMhsQSmsJobImdF1XIHwtReAUkygalIsVF+TiTay3ZUelNMmmbXVyeHmNMePfsAyfW8/C5fW/e9qu5nEWImmWM9n89dl8yiOMpjJ7hEZCS01ncskCgAIjCyVLshIDZpLAKJ2hoTs1QrGwEysQiLtMbSSoOAEuVKYQJQ7VfXNx4prMfrKxaN4ESU3rQvwgpALCzaWBpLT0/VrtI9svDHRCTaASiBe1tYlaUBUAao9NYaMQFLfYwiwty0LUiEUsY70bYgCasAUlsW0Va9C1XmKO0g0jJTtLMqIYmoaCOkKqoEZFYhZBRWbXutDTKJkAjs0dUgFkJikEe2CYowcfnTtHDMSBwesFeiUQbq8fjy88/Xy5qZIi0TWmtYcxYJIlkmsxDt8RLf0cEU1cziIKxjOkESo3uICqle1jXMlTkRocoIY3eVa1Npy8tXX7LQ2C68l7Y6VYEFUes9kdqyMMmwiQS9H1j0O1eSKCNAWEQAZbbWCHEOm2YsKrJERpgBeF8WIYGdz7WvdIk5IMKnuxEzMgOrti6iuDPLy+/GlVMsV0m9IWkHQM2xDYTd/FMJh4TvgtT/nMSPsluxZmak9cNTXU7hBoAsshyOh2XBTA8DgMu2UgxJvPJ4lvAOaFWFDE5HCvMIxKxDUTX2EZUWxwgZjtUyjjkRHeE4H/7Qbv9knpvnmfjrRX8DDsvpsy++r8sCgH3prS/a2pzD5hhzFCWQBREpw2sDkIjFzIzcgzUVK0xIBEFEVZ3TLw/nOQZCEpK2rq2ptunzcnmY21bq8Hq+hFlyJ10AgvaSxtjNJ75DCSIcciKAiGrTCGPAfjhkhCojoFcqAZKpugkxMrfxwEw3T549f/Hi1Wevnj17/uzF8+fPX754+dmrV6+ePrv5wZff//KL7/32qzda39+qj9sboSAyRLX3pk177yyy40DKcxWBAO6ZWK9TLAcmiVY2BgH2dWCAp7nn+Xx2m8+ePe/L8unTp/PlctnG9fXxyfXVj37vB59//tmLly9fv3r5i3/8xedffG+6rZc55iz2VHjUs1NFkfH+/v7j7acPd5/CbRube2hrhd4jovu7h9uPdzUx2ZiXhy3Mw/3u/vzuw0fIQKS7hzOzNBWzWaooJV3GrD0nEpeySTs52pGyKUe4KKvW4SosPByY6LD0Mv5GJEKqCDE2bSVQsVBZxTISMlk5IJemhPlwHoBC0sKdAJAbwr5wqSMWMpEs7vZw+3E5LofDARCkLwCkItplP7UV94kxYoZP91lV7qKNuDtgQLobIjftwDwsQjoRP9y9+fbtz8POhDLNcafm1eETaktXfUxAUEa+er0mgHatk0CFTWr7HeGRIcjMUsLtXnaruvRFuQFR78tnL54DxBwDwSO8SSOh4VtjOSjjHMdGR2UJPwo8vz6A+TYsAVi1nU73l+085/S4jBnpRNhaYyYGAhQGIKyMBhDCsqh7RjggegQy2hyAYdNa75kZEeYBhJGBmV3VPWzuUEX4zs+YIIwHaYLkQNN8RK6WW0A1BXqEoCgrE3vE0ntrus7pETMcIUUYATx3yZKJMDzDhHDRxoCE4OaEqUxfPH06xziPYTtOyvwR4gQJHlZsH0WGSEYUkbCR7tfHKwzLNAQ+n88i/F0WK/ZIfz0yo2AcBfOtcDSSj3FRIi+FbjfmFx4DyvFFxG47GB52CgUAZpXA456vLJZ3nTcImcICEUTYws0MKT2iXhbCDICkBACiLSLK1Mc7MRuw8tyATORmkNHbYul397dYyiAAc1USOdXJ1LOSBvXeISIREZGIsnJgJGSGMM85P354p0wZEfXT5h6mqlQPMwFgQT+pin+ZgJAETlc3z16+mmYA2LoeTofWlatYhfnmyQ1kfvv2t5Ap0ipViKx7eRSANC71rDUJn9NcRXNutm4l+THLnD43s+lJxIj3n+6urk9E9HB/z0g2N9g1XJzb9uTm+rKuiPTk5lk/HMYc6zYg0cxbF0Jq7TB9+vQEZOZxGRmBlKerg7tb+g9/+i/PD2efg5lFCRDdotYFVNYbwC9/8JN3778hRCT26tXODDOkRCYPB4Ji62REP9z85Kd/8PXbXzEzMEKmmZXaDZlpiYSeKSLXp+t6BSEA83KNSMgKiBnA2kR7AjLLXnFTEHRE0UbEgHshNzFlsvQWniQC1f5KgoyEHA6k8oMf/2cPl1tIIBZiBqwCJWYRZAYiYUXASMcavFgAkUVFu6q6BRIdDgfPvL1/WJaDSOPyg2gj0QK0ibblsCAps5a4KK0lEqu0dlBdAphbV+1l9uqtMytLY22AKNJZWkUz++Eo2hAESZouxI21t+XQlyWSRbu2g7arfjiRLtoPIgdARWokXVtv7bgsJ2Yl0tPpRnRB5OPpSvWQyUjajkdAJV6IlbVpPxIrS0Nuy/G09BO3jiIsTdvSD0uTLrpI61WrxKRCXGw0ACJS0UW0CTdtSwRq60nELId+4NYJBJmX5Sh1iwEJcu8LirR+gAQERtGMurgVsUcSbcuJW0cgRJa2kGokc+vE0lo/HA6AJNIISXvLSIKqd86mrfUFoBi+wqrSlFiImJCVG7OwNGA5HE+AEHMwakIW9wYA0hMyi51km3G5e3d3IIooAYl2Yk43AtEmquoRyGwjMDFmtKUBUWY27SSsvWtrCdiP13/x5//VtPnu6zdIgjX1sIowEgKLR1Yawed0iwpgjKKjPoKEw5xJCHG9rEmkx6NHEOG2Xua2AaSHaRH9Ya8ugrKvVcNlYhF+IrJ4f4DIQLXYz914h0hUmC2oMlEW94g5zcsg+Nivvnvn+J8joYgA4hAAINIRAxAP1y+mT+FW+wphrqYSRiDmdQyztSPF8BeQn6HdZpyZHeuOwB1pX4elzIRAd4rY8TUoluQZR7/8y/nxz/3+9TonwH3X36r8mtH64dUXPzpeX80ZLELC2psIM5H79DnK6w8JjIRQcd5KRqKoIBZPIR+nBIhMAuhNgXC9PIx1iwwRZWFtjZm3bTzc3bsZETPJtq22bsBMciACjMS03Ub92KgCGZCGPgjrjNTTJxJq7wW72LaBCG4zPEUZM1nVbJzPty9fvPoXv//T09Xx5ukTEX3y7MmLVy9ubq6vr0+H4+HZs+frOt58/bvGvdgDWCXcRPu6ElC1NeXWVLU11coIihY0rT4e39//4SpKiCykJHsYiGXOSSyIeL5/mHN78vQJEz3c3deKv6uq0vnuTIg25zdffw2Er1+/Np/bOlUYEM19mgFA74IQvcvpsHzx+vVPfviDH//w+19+8UVvfRvj/v5emTHz/fsPl8saCAXiTMjzetnGitVthjjm2MaKJKparUPuTszbNAAt4+VOiYBESMwgDBUmStWmoh4e7hYOCcp6WBYkAE8PB0QWFpHeuohm1OuZMsoMFXXzRMKhq7nPWSVckp4Aydpwt2ztXEUUJVnC8f72Awufrk7V/oNIrTVRQSRCCaidriTg3osyfdrcxjB3n7PGj4ma3IFwO7/79O4X6/23GZFJkaC9kqbx6OeuHwOqfnu61WpOpFJ+CADmyczMVPMUAOwcjioOxz0thyz1LBvmrP14dd1F7j9+orAx1vRUWQgS0ZsKuPkcxyan3mxM28bpeHhYNw8i6bf393fnixENgE/nNTABUUSUWAikvIWQqHh7+0BEfZGxrsPG6ep6G2ZmKBKAIhSBJBxINjyQWCQzGmNrHRMPhyOx1t6jMi4CxABc86nbMEvEsTkAjZjmExCVWuNezqjCbgJgQGQW8cWIiAiEGaYTBOUUQGWWoiqFQwYlAORx6edpny5l4PZtPvLxAaxim8UUARQs6qBl5LSoBwIJexRBrppZc5tOQMLi5lQex4DarRNxuguThb/+6c/G3MI2d8dqSea9T0pYoETfx2RhuYXz8VhYh8cEqEcDPm4TdyM0IhNu27Y/4bIKiJiJE3KM6SV5AFQ0GPbCMs6604irgWt/4HikBUEVXUfx0JjQ9yhDrRiIKutNZHuZbpSXo4wKe8OVOwJGZMEPWISEIqowOjyiREhidEhgUu0qTVTWOY7H08tXny9LZ+FXr14ej6ewPB1PLz77jAneffPWwgFhukWC9qUMS6qaYR5WhysmdjNbHwDwcH0VAKIytkmErTc309YxIOZMt+38UEQ4mxs8Nj7ulpaE5cmr//ov/9tf/P3fPdx9FNVt3erNhRCMYBnPXrzwMGIsq2qE69K2MQCQIL9+87smLEUOJHJ3QmLhyCRiRthsO149hQypfidEyHAzZaoUHyH13iFL7wvz87sPXzdVSp42q+oHAgBSRKZ5lcyYWfh3NwBKPzyZY0tIFuEAIPDa5QSUI4KEsqrwEIkFmTyizIVIkRikjMKYkZHMWGwPJkrOb95/lQXpBUYEFsIsNyZkJCE/2tWbmU2vVRGW5oeiTRoAMBG3TnIFEEXyzkAPJ0JReTTSoXCdkHZzkZkxYQn57IGMmHuVZql9xFp5sXTfEd6ExOzmyxHNd/S4e1aHxYtXiwhdLhc3kKVf1hWSIAIQkCDcgDg9hSkT57TldBLRw7Xb2FRkOcGYvm4rSKiIFu/MaoQjgBQWZVrHpUlj5ICiWkRvLcPNo6DHkFmhMUSMxMq5QwZEUusiDIlzrBlJDKebp2Nu28OZRFg1ACjSzRkFkblVTFb3rwcSAkS6Z5CwR7Aq7l1jBJi96ZgDiSJISOd0Jg1IEQKIpr1gBW6GKEQEGRGBkChMicw5x0AAVrUxL/dnZGiyzDRlRuQ5Z2HyPRyIWmtbrDWhBgyuahaiOe3p88+fPH/xd//p/xShdjhJYw9wm4TUmk5wjxSVBAxLEmmtb2Omw3a+++v/8G8x5rKcLpcBYZUCAcKoHSjmHJfaZlBmQChyX5bqPptjCNPx6QuSlpHa+tX10cwvD/eZqcieQUxciFHAAm7l/hVNDMA6GnGmOzaCMoshwp4AI6wimAqzlIARWc4oKv1hfzQDAUcGVv9IZCaT7C49CMD6s0ThyXJIJEFuvSGLu3vCZd0OS2ORuW7L8XR7ub3TSZ2+GvlqjL9U+0WOf+R+ix2EHJLSiDFzEmtiJqFlToyM5LRXYd/3y499vY7cku6V75u+JXgbcbh+/sVnr0kWSBLB3oQAfQwhbqLKyiIYMGeMbUKeAQ8eDpglB2Tk1fWVNPmEkPc5xga5l40Mm711FRViN0OEhEcafIT7zEKeIXDThAS3BKPkxCjQVkVnAWt7HrsEmQlF3NypCAWodLfJ7bBfTqLS+iKAuT2cH375618qt0hcDn3Mw7pNL53J/W//5v+dc1wdjmHTMiPy0DszjbEiApNc4gKUp8OxqTRVJe6tr9t5Wzczd5vTzDcfYzscD6fjyc3rIIaYJBQgmLAsR4TctoGQYX5oh6vT9e/yd5mxLB2ZH86X88P5q2+/SaTTYXn2/Ont3Z1lBLm05emTJ8vSr64OT66unz65ZsjWuvYGSUTKTea6/ekf/8FyOv3ff/vzv/7rf/f+4/vWCTMy3cZEpuPpFDHMfGnKSoA01nVjUmFEBjBGsN2CjpFeILfdlVxfgvK9IZR1IMELz1pGEeKy3CdQgu98TK7eNCRsOKeJ8HKo3cpm5i0iCBLp+dOjvXtY5wRkZI4It1n0WYCERC/bIjU+Ps0pb77+dH8er7/8/Pp4uKzz7n7t/cC8cGdCcA8HEG3uCVVkaQnkjDIAERbSAwJcPv52Xr4VBCGezOElBGSBDH1W5ydwwV0A0i2xyHKOKHWewUhilkbhgRkBWdRHQAEsOvwewtpN2yAJxEoJebm/2z6OU7UEuIkqoi+9mwemJ2JQfLi7u72NgypGfP3pfln69MyI0IUbtID17iMhDZuoQOkQ8aPvfXF1OvzN3/9qm3G5TFYZbmx8PJ1OAJcxqVrGA1Tbcuj38DDGXGMeD8dOCoTrliIQYary7Nnz8+UMMSBDCBUx0iBseHAVAkOMzSGQCCkqDRsOvs4V0TIDUTKtFOr0evRCpHMiuBNxuDNpUs7IET7nJCYAskxI/M37T9NDRMcc1csYuXebVqrHIgkSfGMSN6ubkJlsJgD4sOrqjAhh7K0h+jqrK4IKXVLNkhV+SCwQJ6s0InY3ZqREM3ewsoy6Ge5VwY/nh5r+9wNzVP8LAjhEoSmmB0SSg0eIkLmpSB0fq8ksMdyjLONMbOlpgQwE5B7AJCIB2asq0atmFsO97ATuAemY6TZsmogWp5GFMzAsAMHMSKrX1nayZYVtEiOCVZuKe1TxSwCa77ihCM/dCBgIjICCqqKRSY/rkGHr6frzH/3o++7z5uZqbPPm+k4Yb+/v3331ph+WSBxjKzjaNrdtGzWuR0Ix8kl03UYkHg9qZqzC/SgYY7PW2Kab+3I4+LBIE+VEPl4dH+7PSBzgiJgRrE0Qx7DTcvzmw7cPl09H1XVsrYl7SPUXjWkx7HSY030OFhZlAEJin+bDlLE3hbBt9Wm2nBZEZARkAlA3M49G9OaXf3c4HhlxzsmABKitYWZQACUguJt7hBsTRCCmA4mH77ydmioSEkOEMtPBEaDEkUKxiFkgMRLsgVrM9FCVSstlhFsgArHsS8oMJIqMtKgKxogkJ2IGijkmFmkeKCzOn25L8PcqUsvMRE4CwDlmbwhJ06aokGj5/vdlXcKczkLh5hANpYiKw02EmQECPQCrQKpKvirJkGA2FZuKlPkiA4kZhWN6elRwUlUKMaqNh3tZ490DICpOjrnXWkXG5e6ehU+nw83Tpyz8/sMtRiRhWhBhhqcD1cIuPCxEFZpGhIdjgHuIYGs9YF2k25iZQITuEGmMVCvCdEsURAi3ShQNn9Vz55nCmO4JKczb3KrrxofP2FRqhvUwi82QgdLCjVhvbo7ffnuXPpPQajrfUxKw81iJwx0ymRHSpxkKttaa6PlyJgIVmsMhoYliokC1Yj1uLCkFwaqkJzIwpdKaELnTUSgjyFOY15yvv/zhWO/effyoouHOxEk19CIACGJYiEpmCgkCLUsr9audjkxk0wSxSbv98NVluz9eXXXt27ZxEgIcWkfCRBBGz7TzQGIkrOfH8XQ6339Km/PhjpnNDDFItb6uDKS9jTGLhsWFY09ABDcDIowEwsOhjzmXq5O2w6eP78tyadts2oVw20bvy9xWAGDWEl9oP9yXc7YOvAkAHonIu8cfdykQviv2TYKKPNeIsLuBkPZCtJ0psQv+WeRgLBjMvoUmxqgOgOx9QcC2tNbbtECEYXNpGpnl8VfVfv38/Ydvczl1GtuwlyN/j+dPaNza+ob069buSDaSBAG0ltggTmA3OV77fGrbk0B0dKQ74VvV90pvHIbo8+cvP3v9ejmcLuuEZG0qitucCzcR7tqmjct6yZzE4G7mZNPO53VpS1NGFsycBidhCBDkT3c5trF7oqfjgtr6bnxKSI8CVM9RaduC0GZjRYD0CRHAAvsSxqFaeCEDvpv2AfaMddY+OitkQTuMJfZfQ5mLALbq5jw/rOPycV1tOXYSqifNYTk8ffLs/u6u65IoQZFjZIa7VHzPYpoZTKhK4KV3ZFaVw6Grcu+HiFjPl22McEvIsLxcNsqsNpMwK0e4zQnpiLiObbOLoT2sd3eXW1Y43hybyOm4HPoTQZSmx+vTzdVp6a21fjyenj69ub45HZZDpVm5YloYEaB9IcCf//0//Oo3v3v18uXN1dXz589+8Pqz/+G//+/+6q/+/f/6V/+m9caYYeYeCdlVOzNimluBRxaVrkLlbs9acAMSgee+gdlvbchkQIfH751U1zhA9VgwoooQoT/ym8v8xsjCKizIDkgJCQsAYiCul3UbthyOFWF8+fTwzfvz6kzcCrtpHlLGCJb0gEQUYuLkZ8jH+8vdL37x6xfPnz1/fnO4OgI2EslEw0TUjLAQUdn1poTEHu2GSOa82N1XsH3AnISQxF6psSQANMtwY1UmDgC3QM6MYK5ADSoVnFRIyliXiNhUJhgBkcgYG+5Vsp5hgMjYhduALdKG8eF4zQI5DSIwwiCFaOlLokeO1q7aBNu200FbcCOzdVttMDcmOp+3pnqeU4jO53UmSutgDwigwqK6bvPd3d03Hz54Zm/t7rwWpXHdwmJrvX28P29mojTdA2kaWcAf/+y/gPD/4//63083bZuuojYnoovy5fLgNpRprFMay6MzTxABc4wxh+9lDg4KjLTMNPeJ8CiFMSLQnKMGf+LCECe4zzmZGwCw6DQzGxFFXAKPNJtIwKSRmOnITA6WhfkOTADmesgnhFdY26M4T+YOwOA1CnlignACmvsYY05nFhEu2lTVddVy1zMAQIh+9/P/LSKb6JgTmKha0GqKiWTCNCOhOobEngJOAgxPIi9tnhnrxBIZkJRYENIKBWRipicxeuG4a5GBVECyyMA9LgEYKELbGIWeDkCAZOYIKxpkhCMiIBXGzAo2mphQuM9E4MzYKd27/hXpuwuHmRNijFmH4OnJSDUWO8zCM7JIAnhEIiNSOiMRKiWAtKXpEpE311c/+v4XT6+vZvj9w+XXv37zu7dfOQSQmF/cARE9wTL2o0WZnlnCPBmkWuE8MvL20+3l4dJU0+NymRBxWDoAVJkPgGPAuFxsbISApBHhHus2iYkBvn37T9++/cXVYVkv2+7AQ2GVMBvTmPnTx9sYrqIImAjusZ1HufsK+1FFDYfTQZQfbreR3pelqJDVdNwap6dlQBbUca8LCYvKBM4RkcBEBaFgkkQCNBVBQs/AiDC34QAY4EXGR8R4dCZL2oYYmWRumCTAnGGFZMrC8UAiMEOEp4UDcqC0tm1bIvbWCGKMjZeWNqEcfp5lrSaAMNuDEYV5TJg2Fbg1AfAIq1KqOh9n9UUSIrPH9C0ZKQnntiagRwIlSEsHNzMLWzMzW5NEqH7u6kscPqtvD4DMAzJb59oVoChCupMQ2bR1O9c2zT0Ph2VuluGAaBHMDDZsTgI2y9/+6v7br96Gx3Sv51NY5dCwuHVQzuDIh7M7xtPrF+/ef2ykgLBeqC6ACK/rxc1605hWpj6RFh6YDoUfklzXewAq7tHqt5HGFYdEMiJP32awtjqRTcEMZ6TIeioBQiDwmPNXv/ynua4qzefmMd1TgAkRCYjIMwgZIqeN1loiZXga2OYDLwGABNuDW3jr/TzMbRyaAtC4XJglIcFLgYoEHjGnPRz0wJQWXuudiBRVxHQ3t/m9z1+/fWPo7wA43NMnTGLlmAaAe53nmG4miGNbmYC4ewYnMenl8gAqnRtl2P0DMII2M1vfPahIMkW4uZcaBggiIK3NzXx4hnkJNulzzvCQpplOwG1pvg0fM8fkpQV4xIyERH5MYqVHUgYwI/Ldu/faNceAaef3BpRMcFkHCydVeN8FESnQqw4SwxIFgDExMoABK8hGxAGxn12j4toVcqlcGuTONa+RCA2ACAMIPAn3Dsc9XvOYo9x9Q+Wbj4Ck5Xgty1GazhnbNsK2tgikAABL651VRYAo4vb+A6sclC9u77Z4EfHE7Gc4aFycyYAcMAAZQQEUQCAwcAZM4nWRW5FPIl8jrCTtdPrJD37w5fd+QMSAcjIPCJ/uacdFhAXBMWPpx8NyPt97uj2eARwu26WdSYlZlt6Z0WxeX18XNv4B78eciVklYtza7octTmt6uHnM9CAof0QQITBgeNhElMzE3D9h2KN3Vc4Bj0xPhNhDipDJwszoSCVWMYO7E2VCETxjzNmWJRGkCUv1DVuk06TtcskI7Y2YCYBVYceWEUAQcF9asYPC/Jxb1KVPnL5hBgJuc1ZycY6x5qX2dBEWGWWhCUxIEAZhbqr/4qc/bdKJoSn1H/+gL0dhEsKm2pWWpUnTptx6O/SltY7ExU/CR2IVEal2JHJPYPrp7/3oze/e/tt/89evPnv5ox/+8MWL509urv+bv/wv//Of/eH/9D//L2/evn3+7OmHT7dz2rIs63ljhnUd27ikT9GFuVkEUX2Aj3DbvZylVM2d2lEoJir2Vx2K91wLImJrWiDeeiVVAExUEXbWeOyQj8qNZHiG+9jGsrRp3kRe3rRv7uYWXCOKCJlNcaxKosyAJESiztQX6ge0h/e350+3n47HZTndHI5Xh+XYehfpimwzmNuWlnrE9gR5gXE/7389z+/h/yPqXX41y9Izr/e21tp7f+cSkRGRWRdXlau6yq7utrstC9lyQ7dsCSYNgwZ1gxgwYoBazPmDEGKGhAQSA8AI1IBk0Y3ktq2qcrmozMpL5SUu5/J9e++13guDd5/szEmGInUizvn2Xuu9PM/vQSulqKIDhIV7ECOiu4UgWwS6MUkRxghkwEhdBGI4AWdmU5inHiDMHZRymoVUpJhHBq0xUZVSZWFu+96Hay3i0a0HDg0K1u4IIjK3qY8gxr2vNLQwNOBTmV7dzPf3d/eXHaRCmbf9YbVNkFvjy9AecBk6tDPTGEPVgOWzr+720WtpAF0D1EYEMtnd24dpWSKgiNTagGjde1cDho8++bhynZdnalZrCUNwKFXmVtdtRRgYPlUmC4guyX4DUvc+LBAcwnQEKAVh0BFWhC5IxJgs7esqzPKwbsxJ3A6zbqaZVruuHRHBHRDdPBHbTOyh5sMi0D111fm7X4+lDIGTO24mVBUNEQJimLl2EkF3wHBHBNhMDxV7YQAIDFUzd6Yj6MKG5Vvf6ZTVAAAgAElEQVSmEYjC5H3sy/XzMdztAZEhMNX2TwV7ROYsIaT+y9wxPOKIp8RAz7C7DNghAI2hChkuRshMeVDgMfVINmQUJBCCQBbxAFVNPpypl1KEyR0JwTwM9MBzMrn7UMUDO0GAGAquikRFohCbOTKEIUOa9o6XNyFKQCBIGJAJ32qho6dAmIgCwRzmqdU6qaq5t9bm+cRFALmUenNz++K927/329/77gfvA/inb949PDy+eP5sXS/3d3fTtDDtvXcWYCJnFylEcH68RySiEJRgVxsjnGspdapTXd/dO1gVcbM+el93kaxOwd0vlwuY81zbsmx7732ttaiq7kOKBMTbN/e1FqaEdHv+3AOPYPir59d97/vWy1RMu/sopcjE6qYjktyaTYqIjAEeoaoRbk6A7u5U2BVMcynlOYiMJ26P5eo/IcuYmVqeow1OC0vifdylElhi+g6tQWJpmWoLHRAJrlXLIVm4mwVYRijmmsGHIXnWIgBGGMBxe3sDAYSwbytBBBhk0vCxG1bACPdDxxoWqWR1c7PMT41DfxYQMSyhohgQboq50DcNNzMP0KEjzLTvOjpiuA5EGPuuY3g4RP4Rqt4zjw3Dre8AEdpde+7xPRzcxr67Dh/DrB8nzL6FdgCzMHcd+659d+3me7iF2tg37RugI6iPDrpj9PDurhCjr9u+XsD6vp5vrq5+/+/+vZ//9V+Gqo7dtLturiNiXO7vwc36pn3TvgPq1en0+Hi/rRfwCBvb+X6aJxt92x4oyGz40LDuqg4+xp6hDKY2+pBCzLStK0EgxhjDfAAiChAiqCPi0LRO+UEmTENlJL8pPx8DCNVBGAjU+06MGKG9FxYC63395vvf/Of/2X/+Z//qz8bYhSRCISzzELKERU/v2vGhu7sTupmHdx3mxkwffvg358c74aIpH0yhxUFAt4Bcvqa0wvjQEBkxg0cMg6fAVERElkBU1ZRv5ZoTATgXwBgiDOChRoAUKbY5NN9EQIAZGz1GL6XkaBcRzAZApCgoAE0HiaT9NDFICCBCfdtUFYHVeoRHGCBOteyj294ZQUrL8HF3y0lnCjbyqMWIlEmntu/YOAOEw4FBMk+LIiWDTDIYwa3v2vtBAcE43GMR4B65tc2PwV1joDsRteVmunrOtRATEUbv4N221U3xcNQnmJ4ZGbHsY/SIzvQg8IboTSn3yI9UdpRMywBnBBogF5I7qm+4fTW3X8/lo6l+Wtvb1ujq2bd+47s/+vGP33/1wc3z59c3t3WqUktrrU5NRKZ5giy2iBBIbez7vu8HYVO71lpaLSwEBCwsnJhFLiJZJh44IOIi4m6PD3dqAxFFShJF9m3t2xoRLIyEEbBdVncPaSQT4lNcTi7f8uNAgBhgRgxSW2nF3TCsTBMhQKCqsvC2nxP0mXleaqpjiJRpnk2HqrtHKYVZXK0WKa2+e/t6mmZkGftOhJkHjhBDR+/r0HFZz48P95fL+fzw8Phwt66PfV+39aymQ/s2VtWOgEwIYEJYmOa53Vydbq6vbm+ubm9vXrz3/Pnt7QcvX37w/vs3N6erq+W9Z7fPbq7bVOepzktb5mmep9ba1dVymk+l1FbbNE2lFBaeapHsVc1y0ADmEBBmY3Tdt9/8zm/84Ae/8bOf/fzDTz5d1/36+jTGEJY//uN/UGr7yU9/Pk0TAHTzTW1k5W0dIOZ6xVTdNRHT2ncEMEc1J2IIh8wCyycxjMBrEeG8g9HCM+a8VDmdToh0sFYApfBU52lecs9GSO7uZsQiUlgk8kDxhLqhhddWpiLr3h0E4gjsNTcAwMIA6DmwJKJSoVTgRvWEWIb65fHh8f7dw8Pd4/nh4fHdw+Pjed/fnLdRruT22/Xq9vHLn+6vf1ZwB8zJu0cqu5OwxowIri5Mpcrzl9+o8+w6ksZ2sMLiaHgAwdzheFAYIYQZCcwM8XAlU0B5CkNNc4KlzoEJHcMU3EwHwiBwIRQkBA6HQjg3AvR9PSOF23DEYb72bgEsMtQA4HS1BOFQ2PvoadA8SDQIiA40fOxjX/sYphZRSyUmtZC0VPowQEO2cCF6fLh7e/f2xfsvgZAZVS3M51ZG76Y7aA/VgsgIRIhh+YKPEQFkuek49nLubogJv0IEIABXr8JzKUyePlEg0j6+3ish0NAUAMQYqhk6RAeZTl0RSa1ruPkIxAAHJBZWH5mQuly9KvVkugmhhwNiH26A6Uc3gGH+RBiH4ywm8KN0B3WTwinLnqc5lRQe7uaIeHX7/u3zl2+++pyT8Q1PUJ+nAGjIn31gfK3TAIgkhKaeDI5ZRxp+cocChGkPVvcMQExOo4Mj4lSmVpu5E5OZQaBbALgwza3Oc1OzRKOZ+eE8znWqmzmkhSx/godLwgMJNLmRiVhDzM8CMN3dgAS3L18wy7atKdNtS1MdCCBVAo8sSFUnRDOrrZzmU2tTae29F+998MGrH33/2z/+3jdfPXu2tNpVv3h7fnt/vnt7N3T3odrVw9R0bgui7PsAcPdQNWJy8yCYvvnD3/m3/72H17+eKqLrdtkgUhsRieNzN7XBpUqV0ffwQCA3J6QMZXc1M2dhEUZAFk6qdV7DEFiKpCOcKGOPgaVaqKlmdqFb7jko3FyNIkptpUi4D+vCnCUDMxNhmRoQZlbGGD35j5SxgBAQmJpGiBiqCEZEKfryDFBDJD7A4oA5UoTcmCOCYOjhKAc67tVjHhOpkM0DCMKY2RMwrgqMYfr+N9//r/7Lf/7f/vf/47/8f/9lEXJzRtAxSLI1zGvOkXKTnvn1EBgO5G4HIpQowMICDzqp+7CkGno2Oh5YCoaCA6iqKyEFxNh6hJfgA/oZkauoCCTBiBibI6FbQFhqoQiJmc00Al3T23zkNDEyJGjBwnMwFWCZAGsKmb2CAhHRRxxIUSDGCAzoCIjA6bhnlrdfffW//e//q4Or9aQz1Hly7WPryZwyc84tewSiO1hgBAEAmMOz25fLvPzFX/4rgvoE+Yw0L5VaTJUZbKipYrBp6BgYABqOwCxB0LeOCdRBytBTRPaIQ0QikunWAa6q2fl5BBKHa4Tf3j7XoXd3bxwMiAvh67dv/sX/82ceIUS5gA8zU0cu4a6mhVt4BDhCOn/SYUHm7gYIDhZVKh4QwOOgQzckIOL8cRIDAKiOAISgPAu8KyFF6PFhUgREYfQj4J0pLFPAOPFbAYWJmPZ9Y8KpNlcHQgMcikiMAOaK4TzVuRV3WNdOEJKG2QBHokSEs1SmEU4UyGzDA9DUPRxYvvW9Hz3cv75/++VBASHkAU6YbJAACLOAg9YAWY2YE0C4OZikZwAkAW8RAG6eRHQCtQDwtBGoGhJEHhvunvKfJ7VqPOVABUBYJkt6mKbrqS03gIRApq6XxxgrmDKTjv1iY1ultrYsV0Q0Laf5NF9fn969e+PW3ftwe2d2D8SINagA5M2Y344GBYMHOTPMtSzXt1fXr168fO+9F3Od2jwFBDju20DGUkq4zdR6EQ/HNrkqEZn61OZLOQOEqhESBIK7uxOLcDF1C5VaHaBO0y29AODw2LcLRCYJYLrPIiMzIdxVxxZhRJK2wIRzadc0/8GTnfZJ8W+5KPg3P84MPQxI3kUYiAgiRVga8pK/m568lFuambsjBgu4W1gIkjDT8QQEgEsRM3e1tV/AtdZWSwmzqTVqWEvD5P8yzstUqpiBDlPryzQVoaM8crfQCKi1VKlE4BgOwYi11CJcSoOAIqUUyXVfba21yghCLCX5XSRMTIyRyScIGEUk6KkVh0CgWoXdXJq7f/c73/6n/+F/8Kf/x//1s7/5Zdf99373d7/Z6i8+/Pgf/OG/9ePf/uF//d/8d7/+4tfzfEUo9/eP03TK2oxYhnf0QEYiSLO6MEMMyiY4d1aU6l8CIwjIOFhABDvSi6o0FmbidWgWVcwiTIV5H7qNvZXW2nSxs9qo1KZa4HohpvWyjqHuxIxdvbbyrffmL+51HRwWgIilmju4s1TkvH+8mMnUsE0AHPFeInsogAQYAYiNSNrCUJZlsru/uby+Z12lsjokqRZRIqdxCogpAQIWdHdyGjrGvm/b3qoA8dDNR3ZEcOD5MngbkxJbptZUByK12ixQR2+tDrUAMHCD3kcXnud2YsHtshYRg8GBTVqDCDd39WBBAXBGMqDucXdZzxd/dvtsjXh3uUwAz66uaq1CaGBTkz6ieJuYx+jMDEAW2Iehe7hBoDt2VRYWLojUfSMuhng+X7woc51P81i3KuXm+sZ6120VYXJlMNURPsi9chUGV1cfSGksAe3DIyyga2K5KcISAZeDIWQE4kNPC/jl/QMhtNpGV48IByYUKoFh5kLkCNvoGuZBDGHqAag2PNyhX928/8G3vvdXf/EvGCXl9T0s5cBCbZmv176pOjKoR5qsEuNFR247RTiEx1OqbvJdTS0dshF2tJdR0waSzzkEvPnyV25WCuc0xz0Oe4wfvTHmVfmUGYyIEEdQq5kjorlmjCk4EEeOPI5TB1JoBw7BdGS1RHi3zsGqYwyQKrWVse/h4VT2MdQ8kQDMQAeZGsKesI+c5AmwbtmaHBY1RCGIFGhCWDgeBh2KUAhAlL71y+VRikSQuokzAQMhCWNgStVHd5lYKiOi+QhFYTLz8+Pl8XF797At9SEwvnhz9+vXb97d3fXRw0NNu+6AUGqtbcIx1LXvKxBx5aTEnrft1YtXn3z0y3dffdYQEXCZpj5Glj3qvUjLn90Yfe/OhDRxghNQbQyVJlWwELt1QGqNI2Ls3XrP7yI/dKp139bRB7EgUD9fHExYKHmyWBxVRycMYfFw8GEawwdgMEqqd021b77cFEQgiITi5Geqaszp5gALYybzSEEHi0SxTH6jHPC6uzpKpqHTIXYNAASmOpfSEq9BCOkJPxY3EAyUtjgmTtEhJQBfsJaym0otn3726dt3d6ZGYYFPEzr3NK14eI6T3Z0OuKyn7zx9+mnyogzHyFs34ADoQqCHiOy2DR8ZjZ6ItwiHyOskcmTrHohwRLX68eoABB/vWg5/PTm/CHH4z/IiRzDz/B4hLE+Y1CI9Na8OEKkGOUr/nJNljKFafI1gBECAwsVtSBECBIyu2nsPd8RohfMDYCkkNPaxXS5pdQ1wJi6lvLt/ff/wOjkpCSDIQHVwgAjVEa6ZucaExFQ4gSrmKcqL0OEI5AfZENLUQakudDvOpqGMSIgZMMrEgJR4kX3be98QwNTMgqkw0S9+8ddLK+HofWDG7VpgACMwRhEWIkRnRDd1C87NIzjTk3kpzw0MQhBEjhCEpO6TB0YCVokYC6IggFkhRMRGuDQxHwQuzAkMEffGMBERmABMIqFREAuTALC7UCxFquBUUCLQbRKchQRcECsTuVfgiuFjnKYiCIwZLQmEIEAVqRCCDgr2YRBIYUWwSJLlXPtqYw1V8sgFHhMEeJ1mIkzQgefDn4MQz4S3UDdMVmkcEXmY4XfZpntkZ5qHPjMHgJvZ2McYmBVybvxSoAmQcxiPQHcARDdGvnr17fnmNjv5fnl026xv7ppLF4gwG27uYcQgLIgkhU/z6Ug9s3AAQ3bkDthFVGQn3lF6qT6doi315tnp+YuXL189u37+/Pr5PC0ANMZ4eHh3d3/3+HjuOvoY5oYBgN6KIJKIsMjhsHU3G6PvNjS1jA4xL8vV6SqC3r798rNffbRe1larcE5WMvMUVbuIIJf1ct/3TsKALEXc4XJ+tDEQhSQvK9y2bewdpZG0gMCwlM8EBJjjQRA51Kh1qiJipu7BpSSYLK/Vvu9SChfJFFhXG6OzyDTPAA4O7mo6ABwxahFm7vs6zyc366ZgcXf39v7uizBTtavl+tnz5/NpCYSb29vrm2tEAgQWIREd+tUXX3362SfM9I0PXj27vnLzWuT6+mqqjZlKra3x0uo8TadlWpbpelmu5/nqNC+nZVnm5bSclmWe2zy1aSqt1SJSW5tqExEiqlVEhImZkKUQIzMj5cSaI6IIMxKLjG5M9Ld/+4e3z28//PCXf/4XP2XiH/zge2/f3Z2uT3/yx/8wCD788FfTvGCAjZE4pqNfSu5+HCRyIu7qyAUg8KDyQx6f4daKTLWIUHiouXtg4NVpXpYpMPq+53BxmtrpdGJhTXUykzCLVIfwMKKE5nC+hq4WkGZ6qELLhADRkyREWbzmc5UM1AJASQYHktZmqhNNJ56vUBYo1843dV7It2avcfsU1reFIgBz/CzC4RFuRIwIIpLBOGk8MPXaKgJu6ybERGRuR0glHpcwIzJRqS1hcAxBGOCYofJDzfOaT/k2oJsRBzIhHVMoJiTwgnRTl0oEFhCBAJV5KsQIQ/MKjUAagdvYN+vEpQhLES6t1IkLE8PjuucFs+0KgBZ23tcxukN65TB5j5XFILq5WQiVZSrLMkMAorsNN2USdw9T7SNDacHUbVQkCUr1yMgB/VNtDURq5g65BEwva46iCQ98eIpvIjwToc11DE0fVILj3FzNRLhI3fpuHoj59T0izD2vzNKWyxiX+zcpGUq1PRAJCbg/nL/q+7s4pAie0TqA6EkPUAdAA2u1jRh5KOemnRgVsqGGzMHd+xoAbW5mcHB+MoMLCCgbbwAMorQMYMqB8GiI40mn55BL9yO+8wBq4VMFRYQQx+oanizIHIcvTJDDPXlBeTfrMAxwLGb9j374rQ/f3AEKRFAO88DdI9Fxh0vtEE9GJtClCe2w8ga4uxRJ13JELisIiaqUdb2EO1MJQNVAgDAQEjU1DQ90C0lTj1BKnixrOYJ5OV3f3KxdP397/+FnX3z46esv3tx9/Oknd3dv1m3fx1AfbpnDNvZ9zSLTw82UmPrehfjhi4+3rz5eah3DkLiwjL6PXWupIlWK6OhS2M0AQogTxLxvOxMnHJMIwSzcbCg6MFBYpBDf1RG5tclUbagwWkBgiKCZnpZ59VAkRmAp4S5AADjUkXAfPcBqaXNdAsB9gFObq3dTNRFxs0wGtIjTVZLlXQR9WEQwJooRcmeFASQMFEiZxJUjLyc6AmuzQeTl9PL997+zbWsf6/GREz11mDkdTyY5iDAz5TuD6c0y/8uf/PR8OSOAmwFJBlqkJpmYIsfASBgAnrM6BPAwRyQiVA8/Nk1AQBYWEZhHN0CCr8MNIf6Lf/af/s1HvzpvKxPFkd6KcFjVMZ80SMDSEWSWU1w6OmhwxMPhxxkFH097ZwDEp1Rgj+yxAnP1QVltHKj4I7iDjiTfgAOVhSEslMYsc3QgRhI81Ci54nUTIaRwVXgCjyBQKlKSn+PmzOmaBTMjZHB39PwD6amTD/f02GCAh4++84ExiVSSEObwg4QgwhkBATjXP26EAGGMSBFMiPA1gDnQoY+9CDcp+7pl0ywijESIUxUbgwCKcCHMYp0hpsJNBNGFojBRAAEwggBimCBUQgoXhILA7k2oCheKyliFBZ0pCmfDGVW4EAgGeSBGIWb0QnCqjcgJvSJzhBBymCBOhVrBylRZpsKtFcFg8EIxNxHEWvBUuRYWiiZcCSYhoWBwdKuMp1avT3NlqkJhLoyFoyCBG7qxGRMyIwEVRCFEt8pQEDE0fCAEmWO4HEwOR8BWF5EkWWYuOxADH1guSL0jMed/J6k3qyB66sIPrzY4IRFzBBKEDQ1XhyA85NC56z3+PfQGOVWNMl/dvPxORCBA3y/W1zC1OLJ3kiDExG4aYTp2c49wRvGAOk8317fzciVSa11Km6Q2KY1LK2Vuy9Lm0+n6+vr69uq01Cqqevd4//jw8Pj48Pbt24fz3d3du4e7+4eH+/Xxcdsuex9pvailZtGfS1IRsVAI6Pve9z3cM+CuFK5tQuK3X3z2+tNP7t7e3T/cB0BtjXL1CdBHzzpvXddtPRMwixChmu7rxdQQkYWRiQL2fRv7BtxIJgLLfim7/XDP1h9cwZ2YS6uliI4REVKriEC4sAwdo+/MLLUltS3cRh8ipbbmqllOWOq5EUutEbatuzCvY7dd13V7uH8XavNyW2q7u//q/uHhxXsvvvPd70kVJHz2/Op0PUsRRJna8uz5rZB89umnP//rn7epfvtb38AgIGy13NxeTbUuc52muszTPE3LNM/TUovUWmqt09RSTFVra1KEuZRSS22tshRiqaUVKYdJLtWYSQFzcAgWdgOznMMcZ51FvP/i1Q//1ve37fIXf/mXb7784ub6VApP0/RHf/D7v/m97/zVX/38crlMU13Xx1JLFloEnFpgdzU3RN66IjLg1+djZNY9hFXmqQkhO6Ka50715vpUWnH3vQ9zF+F5WpZlioBUE3ly20gklQlPyPVaBIXdw9XdD8UdYVzNPBUZ5sOT6QnphMhFKGDmzAgiZUodAEhpKK21ueo7Ov+y2mvwizAF8PBj98sZFARgahC5LoNMdMr9JiG0WojLMp2mqVLBMUZkKjAiMRdm8zTFeUTo6L2vNnoca6mkhSJlwUtYSJhYKGkq7q6ChOBFmBAqEwKoGgBU4dPUqpRhfl43xIiw4a4RPcyyey5109ED3zxsSkjSHpOcIqJmOWY4r7uGO8SuI1Nkicg1LFGsDmPsV61Nbelj9D7UzGxEOAYurQqzmXo4mDFACUKPcFMfQ5WOixUijmitQMsLOqeWuSWvVQIcMZgkAiwMMSx8jPSCJz8sEfiw61AdIjU105ClQMAhxoBQj31/fHz3JSFEsJoGPAXIOLiZxzB3szA7/jLuDohB2X0xuLOUH/7gx59/+YWaHYvw3Occ5Qkioj9JNsPA3Q6lT/6PEB5OuZtMGwyAZ+kM6PDEE8XDenuoi3KmRpzf8PEXI6AjPiWYKdkYABm5CURcSgkIM0OmyCYceWrNzH74jef/zt/9wV98+GUqwY5qECIMAMDM00d6rKshKJ/33HC7A9Hpauk6/CkvxT1sWL7pwVCriJSuikjLzXx9ez1GB087E5RSRPIcQCBKWOU81Qhlkt/47ncfz5ef//KjN+8efvXZl7/41efn8/p4vr+/f7tv2+iDEMNBzdzdtOeqVkcnQO9D1VxNRBD5cllVnaX20TEVtknGIlJTVSUgYcZAHZYvJomYWe/DfBRpmZlQikDwuu11aql3yBi+fNnr1IYOdxApVWTf1xff/v5/9B//J3/2Z/+3IAgXQGTmBKqYKRKl8GHfz5mx66450nJTYGIRIk490rZtrvrEMYN8QCgICPN9fxJT+5HQ66kiOSyHEQCI7AwP5zszZRSwQCARQkRTxwS0MKd1pIgw8eiKgSRESKYGgABYazvUT3B0lIhQSoEs7T01mpio57yYwyFjKQCACKSUtLwQQrJ66CkOUZiJ8WcffXh/flelgR+bCnAnAsTUMh1dKSIcTE/AnCiDuXvwU6dbmFM+kU1zfoVSkIGQIPm3ebTKU+6ucM5uggkEiQgZkQBybJYbbSEgRAHIXCpCcDVXc9PCRGCEIQw5MUiXW5gzQ84zwK0IFyJG4HBESEEYIjACBc5SamUMFyZwZ8RWShMpRIfSAKKyVBEKa8yNWQhEiCCyFmcEIZhrmUQYYio4lzLl1yQoABy4NL6aa2FozE2kMjQE5pDwRkgYFDYJFMK58tyYIRi9gDO6gLFbJS6MU+G5koQ1prlQQ1+EpkIVYhKs4DV8YiwQNaBgNKLGsExy1WpBJx+CsFS5KqWSF/STMJlR2CS0CJ2YT8KN4VRLpRDwSniqfD3XhfG61etWrya5qnyztFc310uhmybPT9NJ6GYqV4VPlU8Fl4o3c1mEZiYJZbDGRO6C0JgaIYczOaNV4lPlwsweU6G5MIOT21LLJCwOs8hURSCqEAJcXV0VYgKQpMsSUmBS2Ury9ymEiIgLZ1oiinCCZpIBVZizcWgiRFSKEITpYVHI5R9BRoQhAQod7x4BCaEDvvru32EpY39cz/dgI8ARBVBaa4hAFEgUnpskKoy679p3JiyltTrX1ublaj5dlzafTs9vn786Xb/37Pbl7bMX7716/3R1O8+n69NpXpbT9el0dQKk0XfE6Nuqqja6pc7hct4vj+v5vJ7P+7Z1HRiAnGRhqKUkrqF33dat993CssRp0xwY7778fDs/rOt5PV/u7+72dS1TK7UAkvvwCCLqo18eHzAgey413c4XU2XCTBsAwH3f+7ojFZKGCGgGYAnkB3cCADPwERAsSVMH1c5IpZZWxMyJsffd+uDCrbbChEhuZtZFpJY2xlAdeQjWIkjYWhtD1+0MAeu+jr276ro9RsQ8XxNxLRMjf/7l5+fz9urV+7c3t9voEDjPy7JMoAoYL16+fPb8OQB88ulnP/nJ39y+ePaNDz6oRYRwmlspVURqra3WmvJ5ZilSWytFqtT8h5m4lCpFpAhndCwDQQCaJ+YqAtBSRIVk5tveVbWPsa37Zbs8PJy3fV239eGyMpbf+vGP//AP/uDl++/f3z962G9+/zvE/O1vfuuP/+Ef/vTnv/jks89abfvWWdgdkIJzDOM2dDDytg8iSRYd5F6QyT0AjBGnVopQBKhaBMzzvCyzMKuOvmu411qvTstpWYaZmRMWQvGwCEfA2iZKgSUgiZRSiQ+TQAASgpo7xNTo5tQCYTdL8SeGkwiQIHFpE0ktbXIidQKuUhrbY1l/VfTXGJtwRTgGhE8w32RPROpOCTEgWithYaYYyCy5wu3r6q6E3vdBiNk6MnOqPWqt3/zOD1+//owChJlypJW5SkSl1gydBAxhbrUioJBYEAglawDcShVwCB9qigQMsUxzZTb3YWrh6t5V9zG6qqMHQGUx0xFuEevet2GXvo+gXfW8X4h5aotI3U1zbK72dYgGIVJW3gCG4WPsW9/2fU/ETLgSeCWsRIww+gizwoiOCGAxzFVdEZAycNBTw5BqlohIKbtRAB+C9wACIgbOPTSau7oBHUYxZPIID2DG5MqkpTjhaQ6+js3BpNRIwI7HVAoBmakfrUaW1HbEFCJhAMG/EUtHzuBz3AigMX79xceAUR8MfF4AACAASURBVFDiaU7n7sSESGF2yAkglRiAQAkvzk1RArLikNDD1569LNTAc7Cf/oBDFpRDnDxIj5BETEz0E74MDiNMyhMQD69JaodS0A/hBKA6gPDm9vqr+/X//KtfkshUGCO69lILBEYOazITGzLgMqQWcwvzYECiSHAtcR9ay5FjWGohwlKLqoa7qwMQpFoqYj1fWinbNmTi1to+BgnneTWGc6FapAgS0vvf+Mblsn700UfrZTufH9++vf/s8y/u3769Ot1AxMP924y5JCCPyLkzM4++FxYhDIcMJPYIYkLCIowBW3J+Aoq0cN32jZiYJNSI+HR7A0Q6BjHr6JFUepJCuPdNPZbTEoDzMgOTAzDxvm0RviwnZuojF56IiK5Wa3179/pXH/+KTMF93zfhXItZYBChUA2zAJWSmbNBRW5fvFAztAAE1xxGo5uFGwZ5OBzuR04gVUq7j1o/9e9HwwjHbwFA8iUjRLD4CGIExGBKyE1AtKkh4J7EsRwijoNNC/maYxzrS4jcTcRwIAYwIoxAVTUziAjMYp3SAsBCBJzJvlwkc5eOuWS2QgyJy0p7ljqIlIe7x1baUE3XFIIzMRVOHgZ8nXEOQCTpO04ZaRYTgOjuqgEBRYQC7PBnOSHkgIs4xhgIVLgQAoYBAsJhyCAEEUGgzNXLdT8eOTLeSnV3txBBRAxCJg6HCKsEXIq65QAKUNL5WouwsJoLSwQVOa4o9UiarAsEUBFhRO0aAAJGQPM8eUTKB8EDmACBSwX3XYcwpW0gP3+RI02XiCKcJY8NJEImj2NfglJSemtImZthlYgJIoKIwIMLITlQjUBTFwoA76IAJExhVjiJHKym7kaAXjAvHhQU5nAESSiBEiIEDnVmKqUSQaBjACOq4xjEhZtUJMTgAC8sGLibkaAgEtDUqgPk446EglyEpBAhZdRVmIvIMi9FpBCWgtM8betl2zpEPJ7XYRoRXNrlcbusG1yXvkNXk6tlmJqFsAxTdxvuTMIiqhAnJiIHZ2qOsI5BWGSZ+74DOF+fhtra7WY+pToMkYYmh/B4CCPccxJRBCIQ6PBHIRlbji0PxidR7vKEGRGDmQcrFascZgdM7BgMeXj6KZmARl/r1atSqo1VwJapEgtgHFzMcAxGKkjkDolNMrc2NwjvfVfXoEA6BSBQKRW3vm7rWpCAGJh9t9Jm11DHq9NcW6vzdPX81b4+fP7pp+GeDAciQg4fpjk5Xx+3y/26Pp6vb26fPT9dXS3zjIit1r7vUqTWsu3spvu2tVohvPce4UPHtl24VnsYn/d9jP7qm9+aprnUpucLcBQpAIFfb+oCDjDt0z495WepwM3TDOjrJXbe/xFgx0maW/fUFn6t8IXDghSYZiVE4pQwpSYxBa8TMwpTgBB1UwAO2JmKqro6I3VXAGAWs+4wmFjqdHPz7O2br/70T//n3/qt3/693/v7xHR//8AEH3zjhQMQwbPn1y/ff3k+P3zyySd//ud/9ef/+id/8o/+6Le//+11X9s8ESIlOU+YhAsxEpVSagaqMadsmJgzXtMREChHRsnvHTq2fdWh+75rLkcDkUm4tqmdbq6W5Wpe5mWer6+W2iaRwshAKHW6u388b9tpKqb61Vevhes/+Sf//s9/8UszExEdg4AOc0+eQpi4H4AwDPmab45pOUTSdOUiY1gEMPM0lVJEaoltz4ln4TLV0iqft3APphARB+5jJwaLfnWapdW+djVvU1uWeT+tl8v2eL5EeEFR1z46k97OfLPUi+Lj6u7UpjnaUtoJuaGUQAn3mbHSBR5/WewdxIAyIbcnpLIQcS5wwyMcjslVxqZn4BGzR7BQ6i6YKCjCx/3DDsFtyoMuMs7FI5Ti7u0bxhA5PBkp5GAhFtr7QBFiFpIq1V372kupMs1SkEa3vgF5qHqEQmBYjoMQQE3P25o15dj3rGlVhwS1VkPwsncLZ1LhikiXy34Ze7e+LBNhHRrDd4to07LtHSk8DMKABJm6WoQSpu4qet8BkQELsJEwBplp381yTo8BmNQOPCprZGRi3LZdGCNsGEghzJwjVWFJmo36sAAJZgodYR6IgRFMZD66GiEl3DcNWLXwPsYI9fAiIrXcr/vf/v0/ebz74uNf/OtpuhrdQCMwOBnQBKlTTqNVFkwMkr4HiHAwAMrTIDw8nCLn8AwG6prrm+wMw8Nc0SH1EUwUjkmzyFo/wg/lBQAQZOl+VOoECEGAluFwudrCIMDEFwhTEv6feoVDSpZaUyYKQA9jksztwhQcQa5I0kZMHoaAqvZ4uejwVqrtPQojca3z2IeNLkk2j0AIYqEAInKzY2j51HG4wXbZQ80pfU+u3UQ4QpmQRdzcxyAhxEw5NISoU6lLm2rb3ikRkxw0IQQ0HW7l+z/60eP58eNPflWkrvu2j51QzpezW4fwIo24uq2m7oGqAxDAopUm3ADc1AhAwZCChXSMOk3oum+bMCCKgBCiUUI0gISkFBIAgL73UHcEFvZAUHMzYyShyjC2PswBaVra2LuZJeLi/uEdAmjXbIpy+23hN6dZH+7nqV5UWZiEwlz7YOJ5XhDo4jrGqMQotF/2uc53797ul3VqEyO7DldnIVcrUjRp5eGATMhBYaaHJADyIWJKVBQm/gRzAZB1CCGKAwLlYDrADZ92SUwsUrZ9A3dkQkA/sqjSonNUKMjY3X3b0vgZaW0+SHZASEgHTy8icseRcxHiKK1tvSMAeBiSjUHHTiCIyR0YML0uZlpLSUockaTWOccCacINCDdlEUQwVcbMRSBkzOmEaRzXvQNlVQAGEQQeQYS+93Ga5g9evPfZl189KezRDSIUIAOOs3jwMANM8SQQMwYOTd6yqWspEhEphkOAHHigQ2ZbI1J4RFBwHPp4BjgCnMLdmFg4k1A5nC0C3GsttYl5UC3ggUB2lC4mIuERAJUoAphFhADQPBChMI1hdaoMh0/f3QFdas1PwdSWqSIgYhb6jkRYagrcC6N7qBkz18LAJb04g4YQMaK3QocrJbtJoez1EFXtqMUiCEmEw0IEARyhIiM4eJgIp9wym0pCFGkRYRZEGBHMWKQIYyll671rryKFyjzP5j7USqUkChciCHgqe5gFmWWelsKlzfXFi5vl5rSt6+Prt+t5O5/n+8dHByKpF5FzRRYBxH3bAWCoE1NA6FAgGF09CIiQmUg2HbmI76M/myaPwGArJfMXTPzUsNWarY6am/DhLk1YbTiWjKLEyNlhQP7CkTLBK8gRycLdI6faabXyUrpHgKUizA/DLDtHHI5KjwjhWW7f6+sDhhWpwVRY3LqPbuQJaKcANGAiEWQWwoYiiDB6V9vv716PZb++fq+W+frmyuPZ4+O7h3dvL4/3h65GJiYmxMt2uTott/BMWnnx6v1lufrsk4/ffvUl9GEeUpgrmw1X1aE2uu57Xy/r4+X2vZfPnz+DgGkqdIDgiAlNPcz76ObapoVELMACUA0o9u3y7ssvdOiL9z+o04x0pMkULmEeOSnV43h4UtQmDwEpNf8AXw/hkgJ0SA4OVR+xMEQQIDigHNUMYBYDhoFHgDLicHfPfDdM9UWtkyTx0VzddYyUgtgwBjBTGz3UsVEEuKqhqru7t2k+na4//ujjX3/+xe/+/d/5nb/z433bL49nQgKgcOvrIC/f/+7fen778mc/+9n/8D/9Lz/94ff/8b/7j4qIMM2t5VvG6VYWhgBhZmFCyrjCYdZHzwV3AHgYQaReAIhqaafT7fXts9Nymk+nuU2lTYAUQO7eu+5jXM7nT764v3v4dF33bd+3y3Zez6/fvHnz+s12voywx/PjdtlfvHz+wx/85s9+8lOMYJahWvyp9wqAYKTM+cpSOLWHkQl5TyatAExdB9Za52maWs2iKsGF0zxNy8wyBe5Z9DgRSylEOtQszutWpZRWW1A3Q5RluWVZpC3bZe02uGPkrNc0oJ/quH02O9JjfxhGLC+4zEhOetHtC/G7ArvpKNM8TDLVGANIKsDTbXSs3NNXBmoeAaXyGIoHjsU9oIgcUPc87qoQBopEBq0CASEaPj68nduSMyYhSu6FMLs5BaRUa3PgKxpq7fq6lnJZByGhwxij1nJ7++ztm6+I6GlPj32MjrCPkegtVc2xcAQ5QZix4uPWw73WwD64y3BT0H2MxU7tNK19vfS1a5+4IXPl6n1PgcgYaG5IEQCG4G4OyiESIZGbCRdCM9WhBJT1gLmDhZvXJgK0jZ0ACtHL9957d3/fHy99uKmSIBqUJLgzpuuDgcbugJCqcQ9jwDT5G8Hoo0oJc7c4ylyzQFBXVDBdP//s/9vXB0TWMcxMfdi2CzAxV5RhxscqIqGO4hkwCOborh5ZRxMGIDgGg5khoPrIiWJW4bnp5MCceoPH1zIkyuwRAA8npAS5ZdzlUwuAmRKU0ugjKCAMEYWBAJtMxDjGCPdDzZzF31HPxWHEjEOBd9gNiA4f49EpHMMmRtrPG5cSEMMNNXRspZRSJCCI0BGIAZFDHQDUFKscZVg6LT3MlQBFioeOPorUNE9yoBCbDnOfWiMp67aZWalt3fbSpv0ytsediLXvug/IEDQPI/7Gt168e/Pm3ZvXItC3zdZ9u6zTdFLtfaz7+ugRQLW0q217nftEYbi/vwubAdhdw7UeobEG7jrMddQirgMBCkkADNvUOhK7mSDZsLHbtr0TljLPZkPVEFFEkuaRto0xDJCBcFs3yCJOk3HoqUEkBDcjEhBwM3M3s3fvLqVKOPTeibAUMYB93zBAx0CkMboUKlJS39+kmVpup1ONEhD69f3mAOgWw8GS1wr0ZCN0AGQICzA4HstIjF5KiOWpQaQwR2CgUDUCWrczImc4bo7JiA4WYfpjkMADLCJtFkRIRKpKfqANPTz1zda1tmlqpY/Rtw7l/yfqTX61y7L0rmc1+5zzvvfer4kuu3I5y1DlKmqAbOSmlDb2BAmJmYceMmfMXwQDpkjICARCAhsJG5tSQWFcWZmRGZHRfM3t3uacvVfDYJ2bFQopQhHfF3Hfe8/ZezXP83sQ7tra7/z4R3/x6y/hyUQsRKn1WwqNU6alMvKEW3fTctryi0149zQQ0b7my0hVsRgyaUJEJSIiIi0jcp4aKaUDhNGtNdFZug1EJPG0zH346boqt+FDeY9fjiQR9ohIFLlQuZFQhEd6Bph4EiJgOcwe6oV89jAPEa745YhcxyZETasgISS5uzC11gIQ0anJ1rek1DZJsQIRLSkimCBTk9poN0oDZR4Pi3lnMIMsvAzWZU2oNwfIpnqcqVjIyzKBaGydkGOEuS9zwzSLMIE8bJ4aZSgLsbj3pktr2nt3j1mbiGYOYRZmz0a78YWI2XwkUdM2NXUzerFbV/5PTYK1BgUs+3KToMIFsmTiQMLteHNUZh9uNlREWov0yLi9uVOR3jfzmSiEmVmneZEdPJDCYMqSaoi28KCmoqKqtzevp3k6vr77/Pd+7+2Pf3o9328fvlu///ZXP//1F/bJ82k1z0/f3F2vd713IvKAZ3brkwoR97H68MjQ5WDmAUqIRZCoR55P5zYtyYgBB4ho9GFpgUyeCDScrCqaHUaYblG7XA8G9iFyIluAid2LflMTZLgXW41EhCjDfRKhqQHq7sVaeGGPFZtu99Pq4UaVw7Zpmtwsug2AI5hSmbhJAm4R4VS64gieFQ6dp+nuzuNujDV8PD59ePP6k+UwsbTXbz+/vX19/+G76/lkYwsfTNymeVysX6+X0/XTLz5ZWnvz9s2ru9uvfnXz7ddf921FBIQnViciDzcbY0Sc3cbWr6NvkZ64VeXbm5vT45OyDKIMj+HWx2GB6h5+7AAjzcblcvJwEL365JN6erVxm+d+vdYVGOERRRJDeLzwX6tNdUJ6giKws1l2PzR8R2tQJU9yEiWLsDKBlHmMkZ5MVMu3JMra8iQyPHyY9TWjadvvd0ogr+vq3WsiZ1bxZHUqJRKsjMToq4fFcrMcbsH4P//V//WLv/zy7/+9/+inv/vXHh6e1mufJ/zkx5+VLOAnP/nij//wD+4f7v/Nn/7pv/vlr/7xP/w75F7z+hK4J0WEReS2bcXWyTphpmU+3rxeDofDsizH+XCcpnmeZmKpPrJ3e75cnx6ffvPrd/ePj49P56fn8+ny/Hy6rNfrdl23dRu9b32MYTl8mEFoUunXy9PHx7u3dwks07z1OC5LNfQ1DwChwoWIahOcqmxOJHuCSrmrsmz22JEQJKKJ5TDd3ByWeb5uHUHEPM/TcjxomxIVAQBugt2yziQt4eY1EpJJRdsMYJrnthwXv11v+7auYxtuPTLNemQQZWZv7J8u8LSxXuwSyB42GpxVgxrLYVhGlPQDeFEZgSJRmEWIcBLSgolq3ENl9H/xg5U8WUBBCXASPCEBr7/jbKqU1CbljApEUKXMZG4i1G0QUqSFB8Ojbz76zfJm2OiXZxrKbpT56ZvPF9V7twiZtAmIkNdtQ+ao9s8tSzGeydpGt26cIcMykeO6BVKYI52VG7fR/Spni7FMt/Okz9dThFFCQMMDyaKYBUzaI4cbpRGgDA8vQIUAAZ7mCUHhvlrP9IyctBEozHlqTDzPk5l99e67YS7EJb9B6KxNWLdYx7BMNNGAc+SOx3FmIOo9YPK6EAEDprlNquvlsm2DGmDZhwnxx6//Eggm7darCGaWeguEi+C8IwqYOPbqPTw9mfOldM6qsbgcG1H+O5CjMhkT7gX6SwQnSpQeyGQRcFKkW0QQTSgPoWdmOKr4QGYiPAqIXGm7pbP2DB8uIoV5KQMwFSmk1srM5fGWAv9F7EGuxAjbjcVMTOI7oREFhQFKaKYZIaVsK3VbhHnl/ma8YGHffPrp+el56+eJpgQckZwiwgDLnFboYrLeaUKYR8ZwUxIpgQJ09MikuHRiVkEmDbBITsweHhSffvbD9x/e9XWbWpNZODhZpknDxrquHiNsrNsq7ebu9tX5fB7rlRnD8bf/wX/6zVe/fP/rv5gOSzj10b38TCpTk9671QclWLi7Z4yImNoErW98tmUu00WWFypMZZqbDhvdRhWoyRAmbTqsu/epNRDCjJu0aep9iwxSloK1EXc38my8w4/DjETCw9OZhYWX1oI44W6xv58RQY66FokncILco/xAwkRSEByvPi0Ru0YOTIxCV1HRBfexQyZTZlKp1inDdyhpFWRU53ZEcmOUIX/vJBPCKDVSEJAqWnsoIZ6n+ZohRCRsaZEkTCI8z5Mo9d5LipaBpm3btr/88heROfE0rPMW2rSxEpHZqGiJciGnZ21T684V5gSouCijbCekL5YXBqvqsFEyrxLQlfk4kCo8qpZnYi5yKISlwo36sIf7p8M8L6pBWdqpaVKGID1tMImWLKb4C8HEaTHCMS9NmlBkP682qBixmdmHm2fpCjJidGNpxapvu7YTIAr4cETCwoNzoWbp1dPvoSVjI2JhwLLJxIw2KQddz1f3qNXwtXfEjgYSkUxsvWeGsDobjBg0bFR+5qSahDD3yML5bsOYEB7TRMTcve+AfsTwXpAsYZm1eRpICGm2N28iWMcGpgjPxNxaEWw8i/eO3kejCkECAAhKETjPWlVC7WKyPmRU7nVGJLMMq1dVvPAOzCIyzJJYVetKK5CIm08aIo2ZrtaPM/etM1Ga2XVNN0S4jRhh5usa67Vz08t57X0jhgdFQlpD2Dq21mYQDzfLUJYetm3GEoGkSHMky3ndMmlZlm2rH0Rbu3umzhmRw9wjPdLLQhUvlnrAIgjEiZ0BBFBavoApAKFaE6N8LCXjo8rLqFe91Cd/9UdhKSAgo3Zcryd33y4bITcbw6xOfOLd8l7bM2EWptYkUnWefBjzQaXN8x0TnS/Xh6eHzfqbt5/czncD+uaTz1qbH+8/xtjG6GOMaVp0nsY4vf+2p9s0za/fvvqDP/qDV69fffnLL6+n5zG6Z1kXmXOHUve+RsT7Prb1Mn7ww7dvX0/zcvvqbtuu4bZ1H9ZP59PtzU2bZm2tcs1QG0hEX6/nx3sRWm5u53lilnmZxrqBKx3dS94DykAW95p2FEdmJgshGWEVp1u8pUxngIUBqNbDRswirG7ODHMvY1aZOsptXyzjboNN5raoSIW5qbSJydz6ZnUHewkQCUXepOJfFpk7w0eP8JWnZTm+unuzXvo/++/+xz/8o9//R//wZz/54fJ8OR8O7bjMzJzIGA7/4md/7z+cF6aM88l6X4lYdBaRadJlOdzc3ByWw1J/Hm+atgTMfQw/b9vpdPr6N+8+3j8+PDx+vH98Pj8/Pp3Pp/Pz+XK9rjYshptXeEsiHe5BucM/KhI5YW4tG5QeH9/3YW/nz24O88OHh0M/Pl233keS7IiGCgWnUuBTIkXYzOu5z6p2qGy3mhYeDhRDhw/LYZkWgEYfmd6Uj4dlmaZCzBGBS3VF7OFAijDJHOYR7t0j+0JzmyYQtUkx6G5qd3evbJiNQcLrutlYQYV8zXJB99MZVfkRU2uRMLd5OSjLul1eDPrwNCbZV3mUtScHgUjmNifYc2Q4E3s6pyCjwPSxXz1IoE2SAXiAmYUquwBW7BSZJ3ZPILptCgGcVDE2ZCqTjw4b54/3HilAwpkhyIf335ht6a7TsXKXfIxexOfwysnCLj7BC461QljJo+i6lecIH9lINvTr80pEx0UjbetXBuZpZp6atkSOYbWTZCby/c3wSOLoviGTRLOkKUxuYW7FtLHiz5uPDAavfd1GbMOaiIVHeBl2EjGiJ8ewQWgWwUBmqCrCI4hZqvNnksJyekVWRSl7iZmRaWFCHJZNtFuMESwQUNNGQuu2ldcZL6rpHfUTRgAzwkGZTBQVJBjp7hT84sE1ZYlk2W3Gu72gErjKJVkdYzVgtBu3MvNlOLv7XwvpVhpj/qt/TCwMTwvLHQwNIiJPCGfNTRk0wkWUdvY/PCNriarEQY4MZMXnUMkhgneDcqRnML2oi5HIGJu7x7xMBSUp/6SopMX9N98yMFOzzQnIMFFJj9VGayKs6T6KxwLydBZu1EQ1dlJMAtTmJixj62CxNCYVYmYE6NPPf+AZjw+PS5vOY6WNm4qIbkyU8vT0yEwqpET9cn4a29Sm2+Nh9PXDx49QTXJQ9OsGkKpGRoabReOJWSMdSZZZSc2qEyfMOhHf3txshOFj7+4i2qTRY7iRsbtXKCgIs7ZthG0dbgyMMYRpPjSk3Nze8JlOp/MytUwUiExYPWK5vRlbRwS3yWOActLJbcBSdcp0YiZLMO7ubs/nS7UuEM2MbZiKsnCEU0Zm2ZDK2VrPCEU6EUcYlea7hk172nSWEqxuSE336mFrCMYFvEeyMIhUZfRRb07EvjQCc9ZwoohUpYZXdNsS6Qn2IOb0ErAkQBGx9W1qc2taWCeVRoQqCLXJ2FwiEzl81MRoZ3gV7LAE/l7OeyJWD6v/OFE4iJJL32I2lmV5/frTb99/6x11mBKImNzCq6sRJqJhHhmEjKj0tGAQqwwfJa3IPactPW3rAxXGHFYSegJJ4yx8fhNHPp/OKqKtjeF785XpGW6Wu/61FPBplcWwN9ZerprSaQVA8EEJsCOEuLJCqG4PMFGOdfOIyzYqiiMp+xjrIPcA0ySsoOs2kBnpBEhDeqLvfivKUKHK9E5CxUmICkZSJBOwdi96AdV3MLU4xEgQ2s62k7RwD6JkJRUZwxKXEtjNS6v8y0J/AKAoSC5nBouoqKdHeFOu6CphJr42lSZs5pkuTC/uKJpmVdWxdQ+bD8dJWx+bJOZlVtWq6jKCiI7zYZixtGAQctHp7uZ4c5xff/ntZz//xejru2/eUeD+8fz4eHl+Puk0n6/XdfQ2L0S89bUwWX0MYdm2be1Owk2vazfLAFEBFtwjSNyQmdN0cdgwYxaL6InDYRbhYaO+RRnhmVzkhAwiLvwc13jwtxCF6ix31rNUEyjMBUjJiHVbRx+Vs1ZSauzSgnqfObNbIkfrRiV7CTf3uaB66Vki4/AAYpeYUiqF0hBszGOepDWdD8dpPi6Hm5vbm6fL6f2H92C6ubkFEQtP0/z09DjW1XxLt775PM9b96++/vp8vfz1n/708y8+/Z2/9pPbu7svf/mrhw/v18vZrAuDRZSl4rJsdIQ/fvCxbdZ/+PrtG20ijbTxNtjGWC/X7qa7112iEksISDhiPZ9laqBKSFGWRvKCCkmvsh4VrAYq2M/LsDn2vgAZETWQyz17qG5ciFA15CT7/QzidGRCVFiYhetuJ2LV2cMu53WVrlzWw2KTeWTWAN733CLOsMJ2YM9xdiTXGNk9w7ezj0g7Hm9v725//hd/+dWvv/6TP/k7f//v/u3MsN4JuJ7XuU3zNFPCR0xT++GP3t7c3h2PN4flGJGj926+9fF8Wb/69ruHx6f70+nx6fT0/Hxer9drv27b2HpYeFpYDRjSI2NfT1gZWzPNdhIIibLseSWBCCgJK4sq69gu3/7ql/Ph7nx+++rVrSgd5+X9+482TFpRnsiHNZVMIL0cFo11y8HEAQfqoBBGJMrQmUyS5JO2wzJJ04zMLJImH2+O0zSrajgyKEABYpCKotY7qq1JmFsfZnG2q/QxTdOSWA6H3oc2KZbU1r1N8zS3BJ5Pp4fLMxEyPQDRavxYCEEk4KY8T8u2XWt0WKv36t9otzJUgE2d7WQ2PAYReYROenP79vHxnRQSpn4ncQa21ZApWqW/JEFL/oiKJoSK9rGF58iQxpyWhMaCRB9XAkeMaZJAZrh5aCA9KJ3AZp1ZrtFpB4SxhZUn0D2FKBBuJixEbDZeNmLYs6iIVNUSNraiVI/zQya5m4ja6G1ayO20XpF5nA+bV/oYBEQpu2zOkyqumdmGuzlVIA0zgFGLzkwFevnHmBpTplW2YQLCmUzrdhERZtnjOQhMtPaNmF6//vTD/XcAeYQQSsI3bLQ2nbe11MsCsuGCyu0ACvPNUKKwEeAMhBevmXNHWiEQwAAAIABJREFU7RAzue3A1QzsN7JwhlWboUSWiUAtu3j/0ceL8nB/LDLTkVLPBzhK1ZNMUsrEWlaiJL47AqjSymnfEr9A4TSDnYpivBODKl6DVSPcK3V7WGGL4WFmn3zy2Ref//BP//xfH483FFKLKCFxe9kKBAfK4knu1e1wJhBJlNqkliHpwUSOcI8iYBZ/jggeRoxMbN7/5h/+8Ve/+nK9nnSej/NhG1t6Ho4zmMLSMtyBqOFz3N4cp3l59933xa8GhXmPjNeffPH49DC2TZnH8KDMMIo2qMyU2LaNwaY7fGVsZ6Qcv/isTdPz48O//F/+27nx3GYP9GG1co+kaWIC3R5fDe+X04mIzSBTE25hlnAi3sYwM3cTlrBIYIxeLV0gSFVFh2/b+XR7c6cybWNjIhZJcw/TZHO/nE4e2ZqMbWttQsZynC/Xc5vmH/30b/Tn89e/+HnIjul0GwwUp7h+ZJwUmefnUw1A2zQNHwmwCAjEYBQNhFIwhrEwJe8kqIpC4pL6cFQSVHJirxWSi9bJWl7eknDFy8w8CSIITzPPiJK8Ihz7lo0zIMpuRizEREzuRsQ1ynFPbgVV44y0bq3JvMxeKT0Z4cHgqS2t6cPzEzG1eRJmIbbwCAJFWqmsACZ3g3CmZ9I6gtiJqCIwSprrw3YFJiEIn376+fcf3iOJmCq5p+rXGJaCYSak06RmJRikfTwQNMySUsBC7AQz7FoqIhYOIBFEFIQw14zMCAIhwtKGD45p0h4DwewGUJ2wVITQDLMsxzH2JAHKdBFB7VReBF2eEeYkHBxESM708HAMcB394N6DBCzow5gZlJwcidNYhUWAQBQM2NZBpTUaptqIEcMroweUtnUhTqpobxk2pkmJKGmfNUfGXO7nrLyhUFWFu0W4I9Iv9c1nEUrQshzWLbdtbTIRp7tTlUoJBjWVEWutHwFvqkxUbLXlcIitS1JGlGlQJLqZqE49I67mcWgT9ytjrdnM1DlREfUmynObMje3YBbnROZxnm6m83Ge3jxuf/n1R3OPyMvlcjpdI71388u2rr2bB1Ztk0VXpQBt14HEcDMgiZTM3QzJoh51FwBJRGIesklSyfItIkfm4I1ZLMYLaD4CWaanuhVqskrEL4sUlKTHw2vkgxwBpKOINO6Wmds23LfwiGKfV+NQbT3KojLG9Dn4rYsRw9bT6J6RSgRUx5cgTiixEEmdBhvhSox05MC163nVpwflj8s8HY6vXr95Jarv3318fjq/eftGdWqvJpZ2Oj1v62Ws1zGGjavMExE/fPzgbkz0ox//4PMvPpuW6TdfHd99993Tw8fK5CaRRuKO8BhhGjg/xXfIbqPNc6EkVKSH997HGNKaTMrMYdUsszJnxoh+PT2LSLjPNwfZHTqlx7F6L3fLc2YyBWKv2PYuIXYGaO6BrQjf//uTZIW5sAhL6fw8092ZqbIqiTMq7SKdkKiWPtLDKhCixHj76ARBvHsOMiMjmAW0GxBKDBIl0WXKiMv12d1aW24ONxn+z//5//6Lv/zyZ//g7/7HP/tbb1+/npfjzeHuuBxG+PVyHqO/+/79L7/65vt3H969f7i/f3p/f3++rNtmfdvM9tNGm+6xhUS7Z3yXWpYyqrDOIxJMYCZzDwsmKgOre+UzgAESQab5iIQe5vsP78/rU7TJwh/u70/X62ZbAvMy16qVBA6wsBKNDFb28UJ8YBJuGb3iISEKeIDMnJJV+HA4LscjCY9uHsnaRPl4PEzzvMzz+bIGKEE28rDofDhc1i0TfbCIL22KQHhY70nBHtfLdetDm163q4imh7utffRt22xct14mUXeQUAFPWuPKmyGivq5j67zHV5JVDZbJImkWXDI/JvAI8x6xcxqFEQi3sdYdVwqxEmqW26puoP35AMy9sRDQ+0ZERb4usjbCh3tGorXKrycmgYhImI9t5SxXG1pr5l4tRGYoExFG2TgZWZya3A3ZBG4TE2UfoxRONeTKJNbZfFi3eZrKjxdJk4gI2xh9vUYkEzfViGRGhFOVFElZQU7Aok2JNZGUnsGZWmEmGRnh7gmScjogi+ReeUxM5OHDC7nB5T+q/BxiSYQn3t59ery9+eZ9n3Wi377jL6+57WKnHN2YhQVm7hnomQkhIB3l5M1EpLIg4YU7TxBpRFTgn8HDk0lvb26fLmezrVQ8srsuCWGWEY5yIRPve8cMLyF+1jyozh+QsFqYeYiU96syG1GzigrccjfaD60yYJojdp5QpuwkH2fW7v7FZ1+Qyrff/oZZasINYJrm++eP5/V0OCyUyD0ChZB7hAKVGinQpBERpY0+dF4A8jQEEed27Sykyj5CmtRmpg6KjJoaa4kzKPjj/cd1vbI0N6cb5cj19KStIWDDi83a2pQezPRwf56WgZqSMQmxD7/75E0f4/J8f3dzt1n0MSobobuzzm6dKBhR8WeWMcZgQoS9/+57EekWr+5euWcfYwxT5vW66SzCnIHLdpkOd40WHw+qTUQ5sI1O4dW6960DTkhCHG+W9bKVeQ8gs8EqlOA2/fHf+Vu//os/9+FtVkTA3TNExCo6oG/M4uaZYezz3Bhxe3O7rddf/bv/V0BMNcHLAgVWg2E2wn1fPYM8fJonG+Z7rGpyJY1aqkwebuHlnwMKUJ+1yWlNt2EiMvqq2spCkJFE+1uWSMrU3TYikuFC4rCquj0pPJhTtYWbpxFwc7jxzO26ERPKUZKgZHcn2tOIEvvWt8KiHQZhT2BUuDzoxWx6Xi/SmYndnbI291yuR0+KhACkAkoPhIcQsbDvZGgGUpVBksOwT6yTWK59/dd/9m/m1ph1mDN223udzuvl/LOf/ePT6fJnf/4v23TYpXaIJCF5uQkRyQ1BZhZgVRGqyfjatO2/hMu8UG7O5KQ2a7p7OL2YL8wSTbGr+riIL+nBqnsMCfZ4c86X7V/xOojrXjb3UvXXZZKZSB7u7qnaWlML6+5CcDPGTp81MxUp138TQWFLRZA4jU4AOMNSW8m/oyl5iVlRI0CKrBKTOZm1MUtGbNaHO4EmcaJ0T2ERoggSFU6MwAhv02tRebj/xTILUbr1moE0oQRapmUyCzItgr0Ls7C45+l0cR/wFFEWKdbBOoxkEG1CkhFvXy1j2LLMPjoQ0skM3YY2EUeeLmCa5sm2bYQpy8XwvPoyj8cR26UaaIzRl2UOz+d1M49he6ZNP5/mw/LTH//023fvvv3uq9ubG1a99t235MzmFsMsoDKpUrc+tjEtS4huvVtE1dmWGX0QeYaB0jMjQEzDM8wIIClBCOrFRYlGg8LDzEiYKNIyQUJiFmWJtohtWA4LBGVS4e1ALyE/SYhIyZsf1j3S++q9RwTAHokYtc2kmvsHMSkgFQEYxNwm4iUDTmwA4tr782l9fnh8OCyHV28/VW2n5+vheFiW+fXb123Wvi5927bt2rfVPJqyqo6x/eLnP0/kj3/yo9ev7tpf/91lmb+f28OH+8v1lO4iosAAuXk3a0Tn0xOQrz/9jGWOePbwehO36/V4c6dtUlU3hCdxeoCYM9xsXC8XEMlUZHROULn0I1OYsvp33m/PUj3st2tWnKcTApnxskSRVgE8iAyRJqpuUVOpTOciMUuZKNz7wF4SeWZAaBdlEQtYRIgqqjP2mTooi89FJQWKyGDInshUviciDljfrHfEUaS9enV4eHz47//Z//SzP/lbRPxn//f/9+HDx+en0/P5/PRwenp6evfx6eH5spkDOzIFxTguYo5UQGRmVtByyZ2ZhZVAlAhERDqMqby57gZ31vZiaXME9rEFgzOJOUAArtvlB1/8+Ha5vbl75SlmnVgocTmfy1dWXVMJbHL/34rDWRTC6YH6KoiJOZgomEQ8o2kLSlWpJLLaeony7WFpKss0zcvhfO1e+7QCVCQOyxKiT+c1Iealr6S2TOvak/ju7jaAy7YleD09XS6XYZ2FqwaNZFEew8aw5TAzo7QkYwyVljXlpQJbF0KxXmsiJIQzUScACZHvSlMmpFuyhsXz80MTTYqM5KZEhWKCiIDIvUBteyBmMlGQp0cYeaJyKoMDYElmHcNtDGRRpy0HhISI3DxQc27UVaIMTp5UTpfL8PB9bIjEDiUT4ZpSOGCRSY4kZpDwGAODzQNgITnM87pdL90irASKvY8EUNyy/RqiirFyc5YsNxsTbFtvbpd5Xro92zZKP5PF2CH2Mk0GMmHDwSDiTE93cFW50aYps9SkLZCjb0KYpD2f7h8ev1umBkBBXCxIpGdyeGlg3AJEls4Jq+TOF5W/Nq6XMytU2F21mtUkkcZEE4/hmWmZQhLAZbuAXyY1NXnJIBBxi/DSCGR6bf7jRWHFQlme4dxn7eBUtOBR1vGK96olbSH8WQXJSN+bmkDSbu4srBmLhnvl2V2289/8/b/xwx/88L/6b/7rw3JLyRG1bU4hGr03aTuuqmBKtsdCJRJJk4gjBALGNE82RsV+EZO2KWikeUmL68dNQFKSMEBgTrdts+Uw3SzLh2++0UlreXH//t3tm0+m48GG1YRblSOJhZJoatP50onpcHvTt9Xc3eXm1aeX0yl8TNOyVTIcglWohBqZz0+Pc2uzth6h2tyxdWMGELlhOS7MrVuKyHI79fvHRMxTq6psu16F9XJ+IOLDcSmTmKj69eo+yoxkYSoUmekQx3xYLteLiIA4zBCOIE+6v39c16sQV/yIAZxORG4hguPNzeW0tnkyG8Jy2q4MUqZJ27quxFxJWREZnmCGeyDAICUQh2cCEa4oL24m2D3ckoimubmDZY+0qzGBuXNTQhKy996t/82f/tH3337z8PBxmo/SdNuu+/6bqhhN4XYkQprnyJdd9/5C0+5Ex0tdWkaYYJCjaNGoKCvRdnN7tOHh3pa5ll/p6aUvqhMCxbwqQ1gdQIhMrSVrCWqFzF1YyztSN+gu2+V9Y/iihUsQCrTmxa0Dqj0opVwGiOuA290LUbkezN384/07pANMjqQs5zQQgPzOj373dL54OJhFmJUIPLqx0GE57rJsKeFdWW0raI1q7zuGl8GiLrtaaAIcnkkU+1avEmAzKxvBI5N3NwDv6tKooyPJPfcTtuZJddyAPKP3YQCxeFTf6RlRsTVFUa5tprQWwPkyUsgqCgRMlUrDkpTDkklk0giw6nUbEaj+K5OGhyeGe63aVRUsHm6ZCU6RYGbVETkiuuXT5XS+nJK5W1iEEwIEEgiT6OYZJMEyEiOxefSRluSgEbEl/+in/8G1Wx+boa2DnCSFI6nNh234SHJ984/+k//sw8Ppq+++4flWptlZe0UwcQvwCAKrJ3fP1uYkOV3WS3eDXC2e1+2yjSC5WHw8b6fuV4tg8qTTtZ/G+PC03Z+vljCiS/fVcgNdR6wj2nI0yMV8db9272b1y9bhI/LSx4g0d8/UNidzjaxLK2LuJfb3iHpQQRV+V0IUAjCs7Kme4SIcZgkWldxnaTn6FrVqQ1kFKGpJCyFCpMfyecyfwze37r1nePUYHAkEAcQiAOceHQm8rLoJLw8GAUTaWI/WXsfyidOxWzw/PFyeHnrfGDRPs5m3SohTrU0IEWWWD43d/XI+iejN7c3N7eHm9kjSIincfYwo0nCxqUvKnQh3G6M1yXQ3S8+IaE3vXt1dL9fr85OPEeFcvqd9tFZngIqossYY4eYR22W1sTFXdqGISmas6zrWK+nMMlNGIii94h6BCHcCCXK+maepwbNQcdq0MsLHuoWPNk3zYZ50isgxLDyQUQuHl5HjfkCVgvG3C/wKLDH3cIuweV6YBb89Cl9mlvsIMAOEANxHQXFevX5Nrr/+1Tf/w//8z//X/+3/ePf+4/3D6fE8vnt/6s6bkwXaNNXwgBhMQgSu9EYCy27HEuEmaEJaKVwlDS5BRSn+S3hQ4v+oUz+jyIKlYSIqO9YLmSrMSafbDH4+P43Rg+KzN2/ef/+99b4NM8/6pPriBQbBI4V13Xoyt+mYe0S9srasHMawT24Oqnq8vZ2XBYnRt3XrN8fDPM+HZVlujqTz07mfrlcQgeV4vJFpOhyP0pYEydQ8fOt9mQ8yzdNypDZtHo/ny4ePH0+n8/WyDjcmMrOIdHduqvNknsJCoAyXPcpRyhxVhssKoPRyLvA+iXV3FSUSVQ7fEVNERC9CvRqoV29ZzqqXv+xFooXbGPvViXR3cx++z+0iHQlmKtep7/vI3GvF8s3YgMfeBxNlRKsoo1I1eQDkmYksSm/W64pkFgIHwqKSOYMKZxRZ9CEPQ4YwW9g2tj7M091tVy0KjYjR95YgIvZNV8UyZCpRLdWZsPZtG4ZK8+UCHBGSAUJyt+Ee5vZb/Ym/SGSTAEozd/eSk9XCQbgCHGqZSsd5AXK4Dzdiioxh/lKj07ABpj2kK+Cxi/UC6Z4klAHBXoypKJKstMJeAtgk1gStfd0tWChrImWGEFfYXJHFcneJVNru3u1kpqjsgwmQm9WgDUi3Ej9z1db1vkXsO+EaHtS7w/RSbRDCvQKeHNF0+uXXX/0///bPD/NccqYCjhfwkLiipjBNU3hkuKiWNr1+3JVB9U//yT/59vt3T0+P5dgjokqN9IIg+Yufq+4p3y8OACSgTFUmhrbmEd0HExPlZz/+CVN6pYMRi7BtQ5gjo8xR+0cZlimv335BTNfTvTCvvZtZDUfMfWpT39y6sRRyZqR7fRNKwjgJhQ3fxrLMh2m+PD/39RxhQjQ12YZRa22aMpOQ6/mSHm5eWiu3Ua5oEUEaIln0sy9+cLlcx9jGMGlSR7xoy0Rjevj+6yaMIOteit8mrU0antoaGD6GELWmCTfHf/5f/Jdf/sW/vV6eWAREJGJjvADsXVqrAyEzM3JeFqSryujdzUV4mmYfkWnpwawvK9yIiEL6FKiqHnsgm8iH+/dju87zITKAsF6W72RWAkAp0m4IKJQ1KomI92C3PV2UKnAWxJLhlDRGb9P0e7/77324/x6lfMrgxj5CuWbZL88vABC/ADGAfbC93yaFN671VmSEf/bJm5u729P5sgvHibyspESgUuxGaTfrnq2c8N8eo0S04yOAii/Y8cr15SASqW06PT9ct6uKuLmyFqnGI5DkGZd19RyF0mBR86rGxJGfffrFelkLopf4K6M1s/gwq19WmjphBpWRnIg8jV5IjlwuVi4mFwMZtaEgqY9BhDqbSr9cLz5KV1CfjmmPIqFiBElSinJYVFvJQhHJk4AwhkHII72bNKlqlKUdlmO3npGeKaKinEk2jF4yj4mIWYOqeO0MOiy3Ud6I2nIQi8jqwxPdPdyIKWO/Elmaxy5tYVazdCBAFvDkzSwzd7GElBKSzHyQHu7ePj1/2LaLQ3m+/eyHP3k6ndfLejgurELCT+fH795983h+BDGxbsMg8ny+RhBpu7ptHtSaQ66js6h5XLdx7THCN/Nr7z1x3cbz2i/DNqeRtLld107chuHS1z46iVz76BYOMvc+PIhZWrKc1qtFVPsXTMO9mxG3IEJ6qdKn+VDa4cJ77tVq7o50YandO3aVZiSBsR/uKHAYIQAQs2hyWfTS7BruxEV+KATu/o4R3JPs+NfgnDbg4T7qaN5JEbt/tSSwCZSFpJ64XU1Um/+yaYJZVVMmzLexvMX0eqScnp7v79+fnp9YpqbqmURy+/r2cLMsy6KqpW4oNPX1emXm2+Ph9uZ2WQ7c1Mzd3PqaGSTlLNoDBCMS4VXd2xgWUS398fa2j3E5PVvVNy+2UuIqNUhEc48DG5HpEdt6NRtMYNESDUTier3aOlgOKhNladwL6YtdJQQQ4eZuDzYOj3k5QBiM9Ox9JebW9HA4svAw62NQrQ48Ku75RcUje62LTOSeZ5RwDxtjJ58sSx0fxBwv9SAzZVHPfts7EGeGI5dpIdZf/vorsP74d3/qpF9//Ztr9+PxuI1t+BbhZjaGlbc+9+u6soSQpUXOPYY8It3C08NjmHnE8GQRaoo9oLoYNsy/tSvUccDVrXChj+rZ9vR1vVgaitEj/Pknb9+/+370vo7hyEnnqSleVsNJsG5MbBZBrNNNZmRBzJiQkpQ+tk/f3Ly6OS6HQ12TY3hrrS1Tk/bm7et5WrbEaR3mqU3meSLRJq3Nh17K9flAJJ40Mp+v18enx48PHy7rJSq4JhKy3y+i1REnXlCMLxdKLWPgOxsjmRIl8RYCSJvumwsiYqg0IM17AEJEIrvQDPjtmYosxwmQKIpu/YoIr1bxZXsMQlEy6yup1p2AtHC3PfrHis/x8g67hTAJ5/5oEU2ThId7blu3iED2MeoL2OmPSUCISCbZvgdLAlQbk7ibKgMY1kXF3HrfEruAAHueg0S89L0kHmY5LKMYo6W8JyLKIEIfNiLr2+4+qgGOjG7Wh+3eaAIBNgrptKP0o2CDAQKOhyV+y8CRasZqvEZNp7vb2+t1HT7W7kJUuLDMrO9kHy5CkcHgSp0o5WvV7OaxK9NqW8fF9s19KMfw3TiUVMNEotr/I6lcRMvhoKpjdCrZcI1Uef/RA8FcplLsO4C6zRGe+dknn7ubvWzM9rY7EgTWqhZeCvIdjVi8uHowKDzNQogo2MbesDGhzAaiUndNhYF4eGDvrJhZhGKPeKLH8/Xp6R5AKQgAeMC6ibKWlqKE4h4AhEiIC+cqlCUkf9F57xeTED8/PJweHhhS4U6Uqa2JEImUJI+Ieu/TfDgc706nx+36NLWJVN2c6vby8HAufzdwuD0eb25OT08Qsj6Kuh7uzBARYrSmxJlu6S65b3WS6NMf/jgDl6fHugIqTFtU+zrcXRgi2q2z6HLzyt372Nx6U836Ksyr8lYVZhJt7pFEKsqilGkVcU0a4RGWSFYBgSHm9s1Xv76//xYVGJKUEUhoE2laj9/u5yNKcBMdvadbXQYi4hFhLkyRcTwexzCzmKaJmTOCmJQZvPu5ymqICJbm4eF73NhymKe5hVVMIQSyYC+fK8GkFtUlUqzOmxAQ2ek7ALFODrteL7W/ruLBhqWnI9rUhg28DDz2EqXqZaJdOwTCPpnYR2T1b7p5H1vUaLxssUVSLdfDTp/YN6/VRwiJtspvr9+Dl2uLCv5d5UjR1muZ0VojIhvepIEJxKqVfhAiauZVGdGOnUZGsopnPJ2fIqxNU43FuOIYk1GDACpiC5fMSoW7jU8+/dHv//t//OWvf646V+pKyWn2a4R4nw/Vd4hL1BH7HSCMilhkSlAkiVJhifcBKlfsK4tKvvijS4K5FxDAGK7TLKIqO88U9biIlKwtK8kICPPWtG4cZqYkbS08wNUccyZHRM2ljje3Y0RkmgWIIgqfkuExTQ0Ii53jVGi2oBzunu4BFslMUWXiaoiyWvCIpvPHj99n9qktCSLJ483NZbW3X/yYRB8e7z1cRM+n03ALpCGeL2eLcFCS7KgzQu/dM0fY2vvWtwEEcO1j9biMcekjQMPdKQM0EpawhGdmskxa4fQjy80uxGIgEhnma+8eLqXhBirGS0hJNPfGFJG5LAd60QrUjI/29hdExKgLKfeRme1c1AI3EyFq8Bf7SHjX9qWP7RLhtQPab91iz2UC7vMPcvokx1qwo7LyMZARsu+o/mpeUyTdzEQKkYKVSEmEK7CChcoMK8LCYCGdc3mDw1vwcnk6v3//7en5UXSa5iWJmk7a9LgcpIm2RrIDTc7nC4GWZRaVaZnm+WievY8M+6udeNUOzCCYO7Gi+IkAmOZ5FtH1fOrXa1QKeO4K8igQLZG7J6d5cflju67hxlxxECIi7rFerjEG2kG4ssDLrJs1pEQEUbZJDzeH8LQxWHQ+Hmr8Zr2bmQgvy2Fe5vTcerfhu7u76nZiMPF+8NULnTslkghEWSsajwTm+bDXGUzArhjELqnE/u7mXi8zaJqnaV6eTs+vX7/58OHDv/oX/+I3X3757pvvdJracrher6PHqMyB+lgVbc9UgkkQwnf6aGTCa7CSFeqXYJ2atGZmmZinqWlTYSauJqdMSgzKehpL/Euybwf2YAQyj/BojT958+bbb35jY2xj7wpamwoikAAFYvdByjb6tNwmUyKlTVxAMUhab0qfv301LYdpWnrvxCxNVaeb2+Pru9fclqvhfLF5XoRIRSJdp6aqLNrHeHj6+P7ju8fHD48PD6Nv9aqpqhWaIp1epsJIcjMAEWDmVikQTAB5oPxjwruNqcLmMhBA0Ydry9e0Ze7T+tqLV2m5L7Ar5DURHokdBiOV/Lg/gVFz4rIWU0Z4Ae5AleWDcmDu+Tv75qE+QFWZkSwyqeie+1by1AwgPCzS0tYxfFe6VdPP9bCpttKcFGeufqDYs37SPBNBoAxQUGstiNx2p7t5eCDgpYyNSGbmJCYIiYCJ+eWrzkxnkT56ZphXqpJ3G8PMI0WViLt1M5uWxlkFN5BwSxFGgImmqY1hFk5lxKkaPCDMFnHdrqPkPshIr9Kj+E51mdbByoQ9rIgT3EBBnEjeM0Frj0GZO5Gnyr/acKSgaDxUXPlJFUTmHpnH4yHC+xhlznL3SrwR5vytZKFoKqAoH1LFhYZPy9ytosYK0Vjle4DgHmUSK8VZvtjqWCpeAJkkVMeYOyIAVaWsA790E5GewyKRPqper2gyIuZM8trWE737/p27Z2QfgyqamFD0xTJFZAIZIpQeTCkl1s2sbWuYW/cwJ6Z5acykrU3LrKJEnJmqKk1KLB3hZk4EEc0UERljjXElot4HsyRBkGZWTuMwZ6FMr2Nz2/o8ibtRYl+YexCnWd+2bYwe5k0ETESw3n2MMYb9/0y9WbMkyXUm9p3FPXK5t6q6u7oaaIDAAKQ4oskoG1EjmczmSW/6/08aUhyQAHuv/d6bGRF+Fj0cz0vC+gVV3bVkRrif863brgwVJcpS3ucsqNUEHQ+Hffj55ZdfvH7z8f3PcNem4V7HMxOT0HbdhSUzbDgRRIWIt+uWMELKcvzN737/+dM7Ck9m2yMifMTdeXn48H5Zlm9+9zdQYpyBAAAgAElEQVTbduVMZhHhfd1FZZinYzku6a6tf/n119enJ8az0w/u5Z5HYlrIIoMSTYVAw4Z5tK7FnBeAmxngSqIgIioy2C0Ks/AIjxRtdzQhjRrE58xAxczfYKopKWQUR8nEY5hCEhkZKkLM4UnMb77+ZttGePGn9XTOHJ4CNuh2h4cnCzfm2tGZJYB9t4pProDEyslMTPtigpgkKeadmwCzdp17Sy3uxElwT9C0rBFXeVlq7yJtjF2bng4ndwuQRxAwhhFImFE5n1MUmAliYbfSHhBmAisyp1LfLQ7HpfWDTSkSzz9/hLb2+fHTjz/+ZVk6QJViycyRVSrBSekV90kEquzOmL8pMREV5lGuDq47kKUWqMg89ENTHT5AGe63b72gNrJhAPWlCQvArbV9N1FqvYenu7kZCytLZtL0H3By2PC5oSV5GBBVr1vy0VdfvrbA/f2LbZS+HCxcpRCVnFoAQQVfq0gC0qT803V5qWjBriBEgEjmmMPKqsgUFg9i4Yj89PH9tl3vX72MzIfHh6S6H5GldqUacZxZ7l6+6Evf9muxUu6521a/vkeSSBAHcli6V28olWSKRcEy3BNIRoVxQqRarPvSeekJqIiZDdtrqIxMVD7VvOSQVaXBQky9LaVtifApdclE0tTDEdkw+vcHLRjMTMoiJLXCuY0C7OmWKRcePraYw0rOiWS+XIgUnH9fuVbuXnTZc3LjzHQDsjixKO5KwULcwEJVEFMJ98wszafemUDUlImgwq0v6Hd09zX0uF+uHz+8+/TpM0hF5HrdLpdLldMdlkNrPTL70rZtX9eNQYfez6fT4XDczbZ1DzNmEMp/UltAuQ8reWPUB9X6cjgcnp6e1suTu1VyIpPUXFUzU+35RBTuYbFv1zSjEmaKMrO5r9eLm3M/A8II95gxeqjb1Dj9dHdqy1J5O8th0aZlhF3XNYHW2/F8FpYxxtj22r5ynq40RX0V9jOlAaj3iCE0p5AoylJbn4dpfSOoBQHTMDwP4BJqgolbPyTy8vR0d/fiX//0L9ftuvSjan9ary9evVova5hbZEUR3mZWKVSy0KMmWi9mJpWpt+C9AFprSWQeKn1dx3ff/fjddz/+8MPb67q/ePHCERYuNIfFUlfiNnSCylEwB11EMOfL+/vvvvvL2K1UMsx8PCxdm/kMXCuZFFgv22U5vyRt4QZS1iatM0lkjH399s3rw3HR1jIx3JL4dL47HU8ietnHw2raT6fjUVndw5Ketv3thw8//vTj+/dvP354T26lPmzaAEKB2cOYSEgQodqksiMTUq67xo21NrZIv0m1M8stOr+kAkADxJXqW5BPNQETlcy1Ek01iSJcSJbDkag+LMqSdJdMpvawCelMJo5mQyqU6/mB+YSSpwswMksYXVl58KxRluakmgn3JKYkGmN4hrsP9/ojEGJS7KUYq+uDWUWEdK6KWcxAoCbdCJ57TQZhuBHIMq20MZTDHICwCDFDKSDMpSmzYZGRz7SUJ8CllUkkkoWZSUB4Wi+/+/bb/+mPf/ynf/mT9k4VF5sxU8AjMjPMK4W9UgAjgpgDGYlA7GNEuAciggpDj/BIBlhLnhBFg3pAmC/Xx//9H/7b+XT64ft/ab0VS1VfS+HvdUaXrT8wI7OFQcRmXhQjVcx35hi2XlcRotlgRK218KiLEnmTB804OBC4uBoWvq5P1dgTEbXqEKhmqkyIVL9nVK4SMkUUyKnDyWkiwo2LrCEgzOvkKSgRwERkc+aGCjEyRYVJPDzcWcRGDY2FwnCh3VQqk/o9lFkUAItUZheS3C2RomrmxBxuYDUbYOrLAlAitm1wueJyymIL9mrLKT329UJpM/YUWI6dKVUkI1Q4kW5DRN3t8fPD2Na0EKGSxJCIlgf7picNBCXPRBM386FN3awkjvu6alMi3oebWdTMVH4Nj/Xy+Pn9T0rEUDNLTxbpfbF9tEPrh2NkMrEPi4RMIUsUCkQMJG3Xp96rMZB6X5ClKe3X3d58+1f74+N+uSBzyvWIkpKZRbjMuvtYx9iaFlbFNYTX+sGqQEnlmZkjIsJV+9dvXpvZ5eFRewMTqp3NqaJyylhEBNtdmty9ONdHIe14nxkUZUMuFDknOkVg1rzBzcSYSYKE0n/UapFVOxchqkz5dH3yahabLEdSUmn6ac4gpTietDIJW81e5SrmmYOYUyALZFb7WSXPlQEXMyOXSldcuDjRbV+gqiOrX2ICfQBevHzFytfHp94Of/PH//zL+7fug5iaqLDUWhmB8sxhRjoQiwhxRedGHcQyT/k6q5krrhSUYOLMUJGSNgipMiPJR4hwRZVKP3zx+jeXp08sNHkRZsyxbAqk5lyRmEdupQNEWnhm8CRP0+FjWOEuhaUW33gbSZII+76PsQPwMYhomCFLKQpEiHBSns93qovZTjy/IAaZe6ZXjVedWcRpY/fw69Pnsa9N293LOyZxj3ArwMCfiZdIc5OmRGI2ABbmamuOUr5HqrbaDA+HY/GGEUHgymmo4HpWevj0yfadVT0ikaoq2j2Q7sQiwsyyHE4k/f3HD5l0d3e/7ltU0CVSpYG5LTo83FMXHUWJF8nDU/4kwhHpOYX1FZVMosjY9l1YTseziJg7McJnGmyZ6t29MlUZAULTXrk04RURmPVoYr7vdbaWei8zsqvO0V+IibWrmVGme/SmU4ucMcaacZOwUtLcQAjI6F+bvMyx1UBDlU1N847BDS2sK4yokOqpTCCmZAJJElWyet7IYSrXVz0Rmc/Sdhzu6PQV5LBenj5/eP+0bmAdwz58fP/p06f1so6xWySEwmO9Xj8/PB6P5/P5vCydtZlHmHk4ODMm3VyaEnPn5yKeBBOW03mMcX16chuod7xsQDk1UEyirYlIRu778H3NKMuJqkjBJ9fLmpHS70CY+T8RGU5cIIax8vnuDCDMPHE8ndxdRWz4GINZTsfTsiwA9n33MCQynW4czfMaUEN/aXyBfBb0WFhGIgKZqkupY28C4pnXVs2vtzOSswJoWI+nc7iv+/bq5Vc//PC9pvR2UOVh/sWXb4bZbe0oTJMKsjb3rhLmb3/65Ycff/r47iNS7073u7sKZ+kLiGtvaNr++Z/+9c9/+m69WmwIw8Ony6dPn9989SoyasvCnMFyekj52WA1p5oIV5HT8fBv3/1b+Dz+IlyUVdTdHQHAM0FQOWxj7ctJ2nkdBhHWI4my9swY6wrOb9+8DrckEPPhcDifT61183zazIKH2ePl88dPH96+f/f+88enp8v1et23rbjsjHRz7erhhYfv66h2SERJFVOaEJGZL10Ph4WZbPi6De0iolkQRsSEl26C0nobae7GAsDTPb3IZ5JK8Zp5NJOdZvhMtSzpHzKokmDBWWBH1NSZUawyCZBZChEAwk1urtMJKBQ2iOeoa9SRMH29RJ65rdtWJoeSb9a1yBVaDyoPYkYW1FQMaqlcmEGzTHpYqHLpc3aP8gTPbz2Tic0NXCdhlsw3YlBE1VJFYNJSkUTEyU3YAxYjMhikzBYRVAwHU+LT00PTZp4e2ZpGJtMUwda1kIhnLLICoxFe0D6BzQ1VNlxf06TUa06umweldOxL++ntd+/ff9/bUutEcRUglEK1PlGASsd5K+cyzkpT4K+63h+Wh+t26N2GJYFB5gYklx/PoywBNYSAeQbKzPULwLNEjGqtrkME1YsjyiSF4aRHKQRvusEaF2rOmdpIFqq451JV0k0wWRqBzNTewIg5VdeGWfFEYJGJxJTqgBkZVL81MLaBSn9yxzzfJuTAwpn56vXrviy276KyLAuYx2rI3Ld9X4c0UVEu6WZFrQIM0tZP57t9v7qNBMr2wtWIHVXLEcQ0zIgBSs/43X/6m/Qc2zXcEYjEvm7aWl1zopqZyupllI+MCBJKon2z1nqRUXi+oJ9D8YXHugmRcgXzqLkzbh9++D62vnRtfXt8CvOb/C6JSJgMTklj3S+PT621YW7uTNyPh7DBQiwsiZ+/+4ttV2GywOHuFIF93ZgFXgmBBGTcsnFzJgnQ3f2L+tJF2cyBLNeWqpTnU4RE1cakLJq08/HAJBXlLPNgSe0aGdfL1cwoQ6gdMVlimtnGydVSXeIZ3BBlZGUf0vTslukaNwCslHpR+OL82Tnv1KPONYxNTnzSATmtsAWos/D9/d26brWQ8X9YRYouD6cwr9uSpjOgvgKAGHlTWzLPzHzC7WeJCJeni+2jVrdf3v2SqHbRzAxi2PDSFOfc/pMJLNxU6FbGQcwiSvMwApBNRFvbtxEe0jjcVbXSVpkIMt0PqBpn4QwcT/eytPX6GVXuSyIiAQzbC/EtOIHLv5kAJYsQSWZEGBGrap33nk4EZsrZLiSg+XyUXI7AkWAWJES03Gx0Ux1JFR6LHo/np8uj+05g0iL+xDNK6l+SjOqbMLOuLd2VeewDgIeP3UpCXenCxOwxBaphmcHFxrIIgdPJRuHofJO9ZWTacBC1RZMzA9KaqLobAyKsvdVNzMR1LdUSIcq12W/7PtzPdy9UZVu34hBJmFgS5B7Dfezu6chg5gQHOBL7cBuDmVR7gErAWwXGrJpZkpXITBKyiKpXU9ai1wlZxusynGam7XY4npgICI9SamFO7RF1TU7lVd2RICHVJhZu5u5Wvhqv6020qPlA2tjCjTJLTkS38B+DeP91ApmjfqOpQqmFimbOINVCVc8YS70ZSXCARMBKrOCWJKWtI+VprxNhlQS5ef0KAsjSYjnx6ctMevr0/vL0wNLbctz37bo+Xp4u27rt22pjK+Z9u2yJlCai3JaDB/Z1T5uQTwGDNQ8zuNpDI4OY+tIDcX34bMOJMr0+Fp542nSmimpz921stu4e3poycyuB6bB9fcpg0oM8K7EzkFV+5xm+HA7L4ZiAjU2Il+NS88p6XQkpTU/nu9Z1jDH2USJLUDKRsKhIjVa1H2Umgwq0K14xEJW4H4H08gCU6q/WhaTbIF0X+e2YBJGw8Ol0Nttt+IsXL4Xx6eNbgg3bfvO7PyzHwxgbZt1KHVJEyPBsqj99/+6f//ufHj5et6tfnta3v7y9rNvr12/GGBlpUcnPvLT+j//v//fx7afWOpIjMzya6DAH5Rdf3LuP2rtkCqTnEnbzYifm+Eq96/nQf/75lwSWpalwOJaltaZJZUykBBxQ1hFGTbm/9HBunVpPbq0v3A4Z43p9etzHi7vzi7sTJ7elJennNX74+PjLx4ef37778OGXy/Vp29bCBYhIRINo2Ox9YCXObCpNxYYnIEyZUXi+9jY285qJiTxi20ZZZXpfgjLdpmwP8PkXnqmdKqpNuequatrjCbwwC92U4sQ8i3iqXSuhVSJXx7tw8TPVQRuUlaOIOZIHixAoSyEnHDEbtsqDnFN6n6UpVdV5vTKbu2d4uPmNXkMqy1wV6vplQqanMyrslUDwcM9yeNMYA4hhw9yENZHuMHfM62/CagSgABFAAAHV+6w1pmc1mt36EZLKGxDAtm1TnxaZiH23pvp0vb57/37pnZnc3GwIU0Zcr9vxsBBTNYjVglUieyKIwD0rOafmy4KwJ/OGdA+C1NEakQWKAFO3hQJVEASea/Qk9MBcPA8yoqiecgUkkrmZ2f/993/bGH/+8OnQ1InGNmaMShISbk7IZESJ6ICMKPVcvT8F4tYZWBXjlSmS5Q0kTHgxs8mzYLjEm0QkZQInoqJGkzCFZ/h3QXJ10RcyWN91xswdhycRuXkSCU1LkqgSE8KJaX5cpR/OaEtXbZ7Ooknwm6WlHrttW58eHptqejii6LViHGSy2aRNfQwI5mEF6trNhtugqbwmEglPMDlgwwlZc35Zwy3si9dfP3z+ZGOtj0hEiDg9wkdFitdz10RumosqyXCVdjgdli5VSBmemcEsSJcKYGESouQsfAkJISISdyckBca2p42q+paaDMPDRi1+ROhNWWXs+02JnT4GZr9nIEDJZWL28Iwcu1GitV4XyjM7X21wNOXDycK2bRnhFnUtImfhXHio6sPnz9u2apMwJ1BEvLi/e3p6QkV9Z+WMz5c/E1oFQ9IPc0TPFJlanwolFhLKZJZnhroG4oxaCBmZTNMYUqO8lCaXb2m8ieXQI+e4HznHCSqEXyg8iOl4OA4rvTP24TTR18IBQYRicstmUfFZlEim2ydFYM6wvBV5MoSo8tEA5tmXByaS1lomtGmW6eGGpxATVVQ1iHma+SpdLjNtDMd8Vpal1d59S2adOsVqCQbIs8DgKW2qN3Bm+DABEr5/+vDL0rqIPn8ls16+KNoEsRTBR7cc00iAMimKLqjzV0VLzM3/fjAV3kBCk0qYts/npQv11w8hSmCyw2OjRJNWFwDdRsV61Ig4wlQlkMqsKklZ/loL79qYuKrkRISpyqClNJUE6stSBZk2nEnu7l8O24lBJWVzKxlna63CGJ91MgyqylXtfTksEdj3nYkoycJBOXZTFWFFkjRer6tos820tcPd0cOHuYi4e18W8zqnkB4qLSJBIq1Hhgi3pYtoMFkJ/1USDJbD8ZhEHt57I+LKzhNR7b2YO2FJpiAqgW+hfoflWGQ8FZo0t+EESFQw02cn/QBQVtSteewjMvphcbewwcSVEshC4T72a8SoAa8UVZUD5P2rXL6g2HFjq2clUY2WLKSdtc1wSFYQosoflIk1RUlaGW7KRS7awDM9thbxJCpV/WTJA4QURhBjudfjS7ft6eOPlOjLPasyhY8xtnVsY71ePCIQ6/U6djueTvf3d8e7s0Wsl0uYsRS+UJJHxMzKoPAJMbTWr5dH85GZ5bRmuukSK82QIE0zsV9Xsx0JaaLSKvt+3/d9vYIaSS8tduHDQK3nzkynF3cqMvY93E/nu3oJhpntAyKH4+lwPGTGvm1mo/Q9PAEBxTxUi0aeaMoNPSn9IqxuvPAkar3fQMm6QOP2jAAo5SJ4WmtIVY93d9u6AaRt+fbb33z11au7F/e//d0f715++fT0WChKzFEARJzIru27P3/3459/adJwy3dT7o8Pn7Xxi5cvK7ExI5Zl+emHn3/64aeu3QLPD7G7qYrb+Or1F5E+Z7g5YtKci5FT7lSxbqAX9+fe5Jef31by59LV3SlEm5YPPQLJnEhmldY2837/FSlDGnTh5ZC60OHM/YRxeXp6evuw/vJwWYN/+vD43btPP3++fPj0sK672yBGHYaWFavCXrpYUWJvIsIYw9OthtWl9YIsieARlZFFNNPg86asY6aUvFyujKrqjiCwMKsiKpMPlfxn7ggXLegdlcsBJBUuQxCReejOIDsUf5tVqllocjjfBAh5S7CYQo6J3RCBI8LDQGUQMCo+D8WAKRMp8xxpEMOsruAxvP4d1K2biUyLSk2leQdGUgH8GVnJFsxV+6Va+eJq4ZkY4aJcduFDbyc9rLZOLi1CiRvxtBsV9eiRmUJ0e6KpgJLhOdxKVgQkAWZhBRhlJMjdh2dGVJ61KEfii5evIvy6XYvunj69cFFCYh87S/kQoiBtUMrUSBgBvelp6ciIou9KNpAlRmW7VfvSfwAN6/WdJudIVbnNu1kaLRb+Hz/98t2nT8QMj2Gj/hOePYGBTOJ0j4hoKkCWNL8UGlQ5P+7ziZKbKxKECGJ4BLJWx+ytZe35GShfYz5rPCMq5XBiDHM1quyhunoEVIitm5dVz72efEyyOOEeE1xKZMI9asoEEO4CzpIJkdiwmryI65IvEgbk2VQzQSLDnSBM5D76sSNxfVqr1FZZVFREVMV8NxuTJwpwsQmZ+7aeXr38n//+f/3zv/7zcjy13pOISJD0+f378K23TsQ29rFtTJThiUDSm1/9+nR3//njB2HKdHdXFaSrMIEyMmxs2waklg8nAhlCSYTeF/fBhYJmUGTvjUUCQRFEqaxC1VCKpkJCY+yUXpB30ybKs6IqkoVLJl6VsumY6RQ6bfoReXd3Lypj2xJBCVUBQVhU1YeBCRAVqdSvkrO2pXEFeN1oKSLOpG9+/evj8fR0eRBRZA6zfVtRmTTCqDT5yFkiRkQEQTvi5jh55p0qmqD0xTw58npEGFTkIEXETdDz765hboKZbTJfnZKEP5d24RbJP3E7FRbSrhEpTerRFJYb/D+HpnoW52GnDKK4meWkSR0xIpLIcttMi2NgHsiFhhJl5On+RMQiNGyvzZuIWARTT5Bu1npjkXKdI6OsWkA27eWTSzMRnukERJ7RRCDITGIQSe0G4QlGW1qgDA+kqtXsq9pyavECoOneq8s/Y5iptiYy3Ct3JwFCAEG3/EYPZ5EK9mEiJnGLalPRLm5WA6uZa2ul9slAb8vwIbcykoKoD4clZ5llOoJSCGCiGj1BtO8bgLv7F6333ayeSw8TbcfTMcHDrTZmZg6kihYJI61xWQTnDcBg6n1JZi1TEZcahbQpi4KpNpDSdQFo0pIQkdd1VZHinVvre1ggWZTAZpYIMIu0viyZSYhhDqqaSajo0vu+Dw9XkeNxSY89nJVba6W5j4BI2/c9mVWk9cNuLstxOZ5uMD5j6j5bV6kIdyJJcIm/wkdEgCAqdTale9mM+AbKlLQz5ylfiEAS09iv4aZtKe8aa08zt12YK3hOGmem2Rq1KhcvnQlY8tGP34btGI/YPmL9SOsn7J9o/4TxWeIieaXcw7d6x4PZUdp5TW7JAlIQa1Mq8All/1WwiLaspVgFt+dBSLQ1n3AzhBJ9odOXutxdPr719an3Q+tLmcMY6WbrdR37Zu4JOp1Oh8NyWHpf+rBcL1cbg7iyUJJuM1qALSrnlvtyvFyefF9zyg+m6TwdzIgAMau2iFy3zcdO5TYTLlv8tm5jW0mOJI2i+gg9woinUqQdl9PpnBFj31RbOxwKe1iv10T23o/nkyrbsLHt5Za7xXkpmJEQZSKKfDZb34LP5Pa2TWW2g6BtyZudM2+jNKY/ambw1HkpJKLtcDzt+0oBaW2M7XC8O91/YW4PD490O04nBVEvlPCHdx+//5efVVt1lc0VlEiYLo+fv/32V6VSKIPXP/33fyJIJMCtlCAMzgpOoHz9+iUonh/hkkqCQUCV2gEJphJdvLg/MfD99981EVVZr+s+RqQfDgdRmaHQSeHRelsOx+t+Pb54DWlO1A5nPZ4Mgn48vPoqMrF+WpZlDOzuY4yylJmV8go6a2FuQ7NwZKjycTnu+0aMEiiXybUQMJuKf6kIbb5JQioSnpmUmJW1NxtWE3YNaoTboRmhrRHDh1GmtmnJFYIyDm3SrGkVg0JVMV2qqRrLyitWy5OoVohQQeplBCLKYdYaU9I+xsTUajKf43aW86ruWhHlhPlARi0hygj3zPScQZQeXupnynz2s5l7U6k0zJxkshRLaTaOxw6Sdd0A2mzcnEJTRK6qQrr5PsfFRGNpypWqRYCHE1BPf9eWwHArbdswqyAd4ptMvzRkMwo5I9Ba+TSYuPwMuG6XdR81UyHq+8xCl8cwmtr9AGasYQ3uEcFMSTi0hYHIHD7mV4osh0NtAsD0wiHx3F+JjBuSm035Nk7TTUzkNSvFbh4xrUjTKpkVQNwPi3v0vhyPS4Vu1bhGTB4VGgNKrjLA3Ub1BzBzAUPzF6Qs1lFu0k0mLmC49oEEhLnCd2qQmw52ZlEpgTEReSQRNWnuYeY02aFCqpOl5L40PzQQQKo69sqiKYVS6KJ7jUnE27oVtJ/hypxE121LgJsuSwt3Mw/gcFy0dxtj6Q1Mtu+IIFJkXq9XgLQ1Et22IarcRJhEZTczj31du7ZhdrmsDCytkdDYdxsGoiTKiMg839+F+74P8zHGVkuOLj09w81tLyt4eDhi7LuoNpWMEJ4y0Ah3GzZchM2MmW0f5WM5HI/p0bq0Ra/r6hatydhGcfXa+rIch3t6NQh7k0bMtrkoMkIPPQLuSEBZEti3XWQiR4WCtq6iOtz3fbfqCyr4L7HHkN4zrRB2USZg7Fbrogi7eT8eIuLt27fVVdVUze14OtSgwEyRFEmsvPTGXAbFFNKzEIc7CdlwYtwih6UezUquFwAJc1MRbVIr50wNKgdMEBFlRtm6ixMg5Sl2K1aRaznW2o6LrUrLbdsqUmD6lROewc+kQ4JAInqjVBD+H7TIBB/liamqZxBTsWtMN+8BVeYXgLR9H/uOuUCVzJ+ANDcRISAC8CyiAIiKLy7col7LL7768vr0VIVf9U70phH26ze/+a//5R/+5c9/LkkwKreLkojhKcTEPIbXVj2NvHNBAROxtvrcmgpAh8MClvBo2rS1GWSEes15rnSlurVoym6u2qXJcKt1bDkcE2ThHgGP8q2e718dj3fXywNAIsIqLNSaZGKYZe0SzKKcWbSOq2idKZFZte1ldwi3grgiY9u2iFDVio8AsI/RWl+Wg9nYtw0ElVYwxuPDQ4aL6BijbicVJZCVf8tMbodcJV5VmnElGLoPZZlJ8JFyiynArVl5Wy91C2zXjSqzPKMJr9veD+18Pm37lYmX03Ei7rO/nUCQJsTVelMfzkIk23q1Sefx2IcIRQRFXUuBknunu3nrnUVrIFUWrZDNoqjngFfwKfgW7IDJTInvewaaNrMRGazNfUeEsFQPKRM83LYtbCAnLThJNb0P2+jpe14/wp6IvS9yOLblqH0hklByxaXjyvHI4xOuP+D6i9hnjit8r2ILcFXoCEmrbhdVLd0kEaPK5qc2iHN6OLm2XCEwwzy8nZf7r+16WT/9wsyAeITbToAK7+s2tnVf923bW2+ibWltOR48ctu2fd8KnCz/exIq3awwy8rjH+tTmNVX8KykAiU8aeb957ZuYQNE2loZ6dx9WzcfQ/oJoEQQIs0IwYQMB+F8dy/MYW5jHM5nYSHhse02NhE5ne6WpYVj7FsB5yiliIiwMBcewT6pdgYYFLhVxhKxDQtkeJqbELfen9mBCkrA9ETdnHZFD5RJSvVwOo1tBbgfDkl53dfL5WnfBzJnTjrFNA3XJxL40z/+hWCP0t8AACAASURBVKA+R3MqtRIQTDrG9uqLL0oM2lv/8P7Du5/fMbcyNeVMh5m4LTO+/PoV0axuKFKxuN/5TMdURpf14Xx39H179+4dKy/LITJ76y9e3rfeej9ExMPjExMqoel0PJknL2fokiJtOerhFLLwcuTDSc+v3a7Nt6Uf6l6ovx2JlO5xJqZXvgoVRu4qmsC2beFVaMsJuNnUqAZEGFMJOe28WQDmLecuzMCy9IOoROnxPAn5/ORPnWCECIcH2WiCDhwlD4wlSUG99SLxzayInaKG8hmMjyjKVJmZiqaenlxS/ru//6+fP78fY82cLGgi5iCKRA3WiIxo2ooE82E18IpQUw6kjzqps/JLUWVVUZxweK0lpSAUCoQSR8yxQ1giwnyEg4WLGSizHhEl0obtY5Tql4iUSWj2kBLg7oxUVUoyDxKOqVrhyHD32nOYp5KIQOZTUKwslAR3IhpmRLLtW05ejcIzHU3YE1V3k0nV5lTyJCTSIjJEubY7EcmIl61/vl49nZA3dhw1tNR+zjdYZpJ2z895jU7IsCBAROYhDor6r+p/rM9SRmFWlm1sBFKVwvEos4Y2EWElStgYUsHGXCNT1O8tJEJTTSEshaXGxOPZq8Ysg3maOWR+jj4/paTK766iipIrN1UQBwWDI1NYQfUkz0iieqfcap8Gz76CyJhEfEGRepDz+bxvKybXIXXKjW0vpO83f/yDmdt2pcrmPxxqK/N9RHjJHL/6zW+fnp760irBpR0ObuFuotq7urmP0aQR5ce3b7uoNkYi3IlCmMzGtu5UPeXuUl5KkEV0Vdu3fb0iEwwzJ5J99y/e/Ob1N7/98P5naeph5QUqAc2+jaZS605rwirn+1O42bBSrDGTD7PdSwJ9mzGhqhm+9AMz77ZH3DQGjDA/Ho9JUNW+LCyikDBX1dqXVYWIwnOse0X23RA9uDsLUyYru5kI7fv6D//w3x4fHsZ2ySwhLnGp/uoLnyXynp5MM762NfXMjIQnE2sTZq4t2YaFl4rpcIeI6QwUqQdxyoS1Ij5raWfiZBCrRMYwK/ljHW2o9LuZaQ26pSWUurFStGqDrMU7Ip4Tx4vMYnApnqsXkwW1D2Bq5fhmKqC5kLDUDVkhAPX9e3gmIuLbX3/727/6/fc//EWl3XrIatKnzFTVOvpJiVhQXaFcCZvEwq231nVd1+IEmIVISOZcso99QjJEVNUvTADtbu8/fd7G1oX3fcxDvw6jSGJOz9L8SRNhEZGYFTvwQOuKOeLXR5Q2RsFCMqfSBJhVwi3cy/OQgNSU0JoHsUjckCcb5m6ijWZoHxPhsl/MB0DCVP6DygIXrZZ6MEnZIkBUDXOqWqoczwyzuqIKBKUkjyiJZOu8basKlwQ0E633okFLamNjzF8YuDEhJXbiTIDJI4izJPslGKxPQ3Up4iiiSrOnLr+oRtzkW0Xla5vdMiwUWe5+9K6279LVzMysaaPWLte1vlFW8amw9yRillL4sC5l7KvDgpmFyd3qEtbWAQRSWCnBoqfzi9a7R0TYYVnm90pcmFnF3s54BymohqSUfCxuxszS+r5tANphCRvp1dQoNXO42dgv6X57sDIInsmZdv0FmcuL1y9/9Vf3X31zfvHl+f5+OZ1kObXl3I7n5fTqeP/V6e6LtpyPL1/2uy97U/bH3B94/0T7R2yPFHuCkgXSkiUQRExVijQFLqhQnTmgl8gsEdUJR8QxzF3PX8ly/vj2ByHr7ZiRPvZwLyOJR1yu16fHKxLH0/F0Ponqtm1j22oDLNCLuQLpS2ocoiIs6+XBzQhsFcLLVUBaUVTE0gCMbXM35lRVBgXSI7brJYJYeqmnwjzSuOC+8H7ox9MhEbbvIno4HFk5PK7bCsLSl8PpKMxj7GMflTYgLKIqIvycq1KN4FNkNfF4gOJGpVMiPXwMCDftORfX2ywSU0QO3NhZAgAVabosfdm3vZzupR5RUZQUuKp/M5lmQYpQe//u4+ePTzOPsYKd6jUpxVTm/av747mbRdP23b99V7cpnpUq5V8CMxE3fvPNy4o6nTvszF0q6wLfZAhTYXh/Ou3X3YafjucScWprjeV6vez7CII0OZ/Ou+1gOp2PCXZS12NA2vEoy5mXu2RFW/juq/Pp6J9/rIAD80FEooLbvZM3HcWzerjMoG5GxPMHmd28zE4594EIL8PGJKIB6HN4tNdk7lGJWjURTzlIgEmmzyM4kjIp7cB0Uu6cd0u7Ww53i9wvemqti6py9S1EhfLcKlSLt2EKSkSEj1EI1ZyQmN58+1efP7wb26gYIkokkXvsw0QkqbQlVNXv7j6R70pwRo6xZ7iZMxVZkqQ07/nSi3ICIOWwJOFywVXAkYgkAhYkU98R5mAyr9IYhEeYKYnMpL9oVfZGyMzhXox1+TiHhzQ5HJbLumXCgWXp4SPLwAOMMUFiMFWvsyhlOBAeIdKQ5Aig3MlBgDCVXrS0CczoTYd5oZYV68dSGSlFquMPr7/8229+9T/evg3KiGRwZmZU1ODEMZlAxBWMnRQTSS8jM0DEHgmCFwfFxMJIqExp07zbEuHJRJtvX3/1de/98+NnIolh4SGsLGJjmEVryjIbzVrr8xusV59zpiCCM6KS30BEVQpZxonMucGAApWdXscPF2oiJCoaiBpMKw7BzGukORwP3HRbd6pbX5hLQyECYQDaZhwzsyAzIupnCXh8eJhRkgWBuacnCYWnCA+3p4fP5UhHDemQse6EZCF3C6bf/f4P79+/qzBoERGRfZ3LUpiHhw3TKSeXse/pEWNk5tJ7xdOzcGuNywtrmRTDMnzUo1XEez8cfJiPXVggbezXfXusiBEGlTmv91ZOsspCla7EfH263EILWUQy0z1FGxW4eKvPIWaAt31LpIdZZpNOzLVRSlOQeNg+bL2shR1kBlCXl7i7l7xPmUkivSgtqbr1yldEAuiH/ufv/2R2URJisuEgqAo3Ke5yWXq4l82jGhwzU5THbmM3Zim9R3pkxczF3C+F27FiAYqLrO5eYbVh7aBuEZG3ZOuJOmOe9/R8Yc3Pqv6tCi6o/xvFJ1Q23ky6KLUoSVFvNVokMUdEk6qefk4Upqy0zcIViMKiHPGlmmbVuvNqg2YWIlLhbewZeV2f0utm5dZaRkj1enbZ90FErXdhjoSZMVhEWYVA7mbDmioRMfO+GYQJ5GZN29h3ArWlzQWReYxhGR7++fNHZdl3Y5LaWCZRUVsh002NlOnJQE4PCtUPxwglqTG/dKfMElOmPJk6G6bt8OLVmzHWpOQKhCaOiMigejppyqdKj4RpFql8QQAuKiIcXhkJFJEi4hbFyXqmuVWFRF1UxStjZv2qh5ddKTwPy6H1BWHE8n/8n//Pdb1e14fWGjObWa1nlcfE07ZNrMIyi4EtsnIzI8MzMLPo9TapuIiINuZGAAtEFIkIb61LW0Q1iXtbEpkRZqba3aLyJZooScl7Q7SNMTIDkWZj2/2wHFS6jZ2Iwp3AZXdW7cuyeGB3F9HeF2Yaw5u05PJbp7Tu5pXnUPL41jqz2Bi2b+l2Ph0ZHFmNAYTJ+JQ4LZluVHKd9iIxRmZoaxlGBF16jBFmzKxLR0aZ29w2jzGhV54tA5mD++HVb//21Ztfa29IqFACxW9EzDSrCI+0AJ3uvjwfD4+ffumH05u/+uvjy1ci3MSwfqL1A60faVwBh3RuC7GoCgtV+Gkx5CJc91ZNsfNUKB4mI8OyLcv9m/Xh4375fDyeVdV8H2buDndkjrGt++4eSCyH1g/L8LGt680anVPjR1w2azCaLtv1ycYAERJcUOJE3IFEX5ZM7PuW6aWiLjPeGGNbVyIlaQAQmbYTgoUinJjOL+5RLevDTuf73nogxtht7KpyOJ1a0wwf+14pDULMvYkwTb0EzVOIk6gSYGZ+YKZHafM9Imr+NxWR1hOeU/U3j1EmyvTnSaKiToR5OSzaj9u6Mms/HCZMXCGIJRQo8JVqdGRm/fH7n8aofAVGBM/nhSquM8LvXpzP51NGwPP7v3yfESV3kQmmzNAfAMsiX7/5IslmOQvd4qzyJmShWaNVIvovv3yxXtcff/jxerk8Pl2u16dt28a+jX08Pjy6jWH2n37/x7/54x+f9uGeIrqO0PPLbSTakQ4vsJyhraXTh7/YL//MdmVpJYGtLC3PKMvpDRGfgTA1vJaQn2+hBASIVHsxqjiprLQTNsLcMZtIeUoy47aiTwAUEVoz/1y5fKbJuDfCy66NEoXzIEXkm2++/Lu//eMffvONxibh5pHCmU7z+MBU81BWZOC8Q0vIWzsM4bt//Ve20Vt394oNJSAsiBJMEekjapGwcCEiZEZQeiUrpyUJV3pYeXkqYajqKZOrV57mRp7hEUvrS+/bmBajnNdUGZk4PFCkOgA35fKPVK5nikz+vyAbpBdzXpPHcmyJKQ1gwdJbV2HGGKNoZiKCIBKe5catXzYoSYSbKqotEclIIYrwSI+sTLyiPVKYe2/Drcb1EtcysShHpMI/Pj5cMwCqban+gkRcv9NEJ8vOQDHj84mZstT19S/MfZvqRZOYHaI8bORN/FRnj3v857/+m6eny2W9KmvUjsCUVC4FtINmYgwjxov7F8Kyb2tN26UVzEzhKcFAJdKW2E1l2/cmjTjdTKVOIZ2mo5kEMHvQPXyODhHV41sIbGVk+bDaezPKNQFUN0gmg2yMOuI9vJ97ydOZJRLCOjWEVQMixKp1ntu6i0hTTYCY3MzdiCBdVRsxM9FPP/ygzKp6vW77vof7s4+oqvpUJBMWOcauvffDAnBUc++wzBBmFfWIzBBgmP32D3+r0q+Xz6yC5JmOKBwWrbf16ZONq1JjbVmWzIyqzhXl1ltE0NR7hIfxraapdv+ICHdQcpPwAGUlKZnZzDytEZnEfZhbV7UxMLs0ahYDqyZnovzhpQZ0mW8pIZ2JpJLZa+mcCVopJJSQFI90d20qKjasNY0MG1ZPiM/de5ZiFQlW+oHbfRQiXGKwGsmltVNhORmRTP/L3/1dBPaxTwcuksDaFQSrSu2YszgBCMqpuEsmMve29KX3mHHImNL51opmrRggyue0zuTS+wrDcTz0F/cvnq6XSYVXnVsiw5kpwrRXdAmkSUlV6p6trB9mEZbIYJo76NJaqa+FZV936u3NN99WbrFIpUNqZBTJiwQLR+WnV9BYBguJNHfvTQNp5klBJLNBmqaVua6DqZvyKCsx5oSXU795O+iIEFSBZaXwYtGptCjVO801iqQpUbp7iUdZKkiKdVlaX67XJwYVml51dMWQTkEMkZD0tojKGKOeTarIf5mveoL/PcMrkGHVriqkZfyvypI6j1iEiJv21lpUwDSLDwOzuYlKgMz988PbSC9RqTC7WT0YxceV5ngOkU1YtIQslZXXpBRvM04OhACRyHVbwy0y6lmeLqLWZ6K5mczSN07w4XDaxoh0gJkkI9d9HWM0be7OmaTFrvLpdNdUy9JUa6b2zhCA9hHVJMDawFq4FDOx0PF0HqWeA473xzEsbdi+MdP1+uhj7wetjCCuJAc8qxQwKfckES6uuAgxJrKxIp20AcEirR3cRoYLi7RSCiI8bax1HdXhkIkqbHv5q78+nO6aAGHpAeQws2GZaNoW0TpJtC1vvvk1Yjx9+PF8f3r969+9+PKLu/v717/+1Vdvvnn19Zv7ly8XpVw/0OUtLr/QuICX4ANEiamO7JqrLW6AEyEqR6x8I3WahAXL4e61Jz99frcot7aAMtLdItwjbF+v+7YlcDweT6cTkq9PT/u20W3VL2cZKBmISGUZY7dtzZueryotWYSJqsnFw8c+6nAql06Ctm3d143bItyRmT4yjcp2nH44HPthiQjfrfV2PB4hZGPs2w7Qcjwth4UJ+6jaeWIiUhUVYqr09FKBRZZ01t1s+EBdZZFAhe4HVftAehOV1jHZK6ICOCKo8NSaoKg6XaHclsOxLYd1XVV7W3qd5cUtZDgoBVwTHjOIKRM/ff/Wg2jCm7NkCgSQAPCwFy/uzvcnIMc6fvzh58K458NYA+MtZfV46l99+WKOEXNZuQHwGaCUiUEmARHx4uX9w8Pn9+/ejmFNNTKOh0N6EkkyaVcRWa+X6/Z0/+LLb775dmQGUTu/2F1JDyzK1/d498/45R/p83fsO6AEqCgzO5KZLTOQwpKVLUYAYO5UsvBb9lvp5CqTjZhy3jwOKmit/gpZ9tkiXSmJhVTF067bqiLKFY4C3DrrCqhnohZ5p+IRVxu7OZIoOZAfn64PT6tbAPj9m9d3DZ8eryORGQyJyIhRZERtcSI81VVIkCAQgcaS4GG7R8VPzBT9Z+5jEjQVgois5t1Eeiaj4P1M5PTtZWamMHlxzsK3zbRkX/PKAPEYxiXMJ0QV0pfwBpi5pJ7K5IiaNW4AB2X1XhGowkJ41iqL6nB7uq6F3Jv7tq61r43hEJo5QR6jjIYCBGqiKuNEUpqnudcpWvCWec25wUSVQaQkETAbU9hTW9nwzMiM6xhP+0BgN/MIZBFj8598FgIVqs4oWcXEyOqHs6R5mRkMZGW6pBNTxbvOzBKg4B5m+f7H76/bZdGetRtR0ZWlzKGCA5hIRa7bxd0Ofckbk1MfRo0CUzw2RcUeTP/Xf/nfHp+etm2tOXWKynxmANQMU3/qcKtBa0qCmJTZR5hHIoX1cOxA7tuuKomswYafXWu3hUGJt22URklIKlmIphWK9mHSmJTLDBmO2YFTBGdZtpnNjFgi0jyYkaB926keVSADjKT5FylmgkC0nI4AWZjtlreCSKsSJy/bGIOwje26PioBCZ9G8DpMUbCLitpmFq6tqbA0ocS+GSJrqfRwL26HkTMOOrU3bc3TGdm6CtG0BU2xW2rTysgiYnhVBBIYqmK73Qw2oa2uDGNQVmZAOoFUpBp8S21VJ8EYxglhlSZlAc3Ks7rVPRVmPbaRObMmChPBTG+ZpzQR4cbQZgVTxZQgIhMBkX5G/v9UveuzZNd1H/Zbj31Od9/X3BkMAFIEAUqCyJIsRWacVFwlx3EcV7nK+bPjSiVfnIcrMiNSJEgIz8HMfXafc/Z65MPaPazwC1jkHUzf7tN7r/V7FhnCAP76r37Bwt98/W1mWreKdqj5L7qRZImiSgzKDFKWplnCyqzLH+42zA0MFv3w1Uen5RTuxCNnt2QrlftZvG2CPGzZlihIrw5x4ooRmBo7cPvipTQ9Ho9N1boVgFF1cYhBuA9YKkvFpEAyUbXgTm3ytPt3b1QkAtYjSzsZyRCSOj/rAIO7n33GyaJjIpXqvCgDFhHxcOWKnLML5bA7nIFJjN1xJLaPN7m+0mPuPfN8Zr67vLw8XJ6OR2J2DxHRNkK+6nSOHJqZiH48PjQR1MtHMlAGu+GdSCIhhpi7eQeVGoes9/Bg1UIjmcisJ0hFmDVHPjVURZRrMHX3ioEKD21t3daMEBHztK3v9ju3MqoTUzw/vM1woik9hGTwa17bbVCRu4AHtDEFltPKysxia698AwYIg5GI0lqIZpKqDs8tKDOlcvRZiNl9TU8C5t1BpXVbk7CbZ4/MCAZVFqRqiwyEMzFInHKz7Xh6ArG2ZpUdVlIwFZDI3JLlcHllkYmY5rlpSxG3SJm4SWZEDwJra8zCxPNuX6ED6VtY3+0OxVyN5riC7QsxrQborIMmCdS3JSLaNCOcgnQ/b+saVgIAEZUC891OGQ4g4AyqPqzrjz7dX94QOgeWdfXwYb9TbcKUYb7qPL98/dHV9VX66enu+/mw/9EnP0Ob593+5sXlft7P07SbdxeX1ze3t68+/Pj65a1w+uM3uP9drvcOhe4ColrspRBxZiSSSgZDqIO7GLwkpG9mTvOV6vRw9yY8dvsDna/AAtqW07KclhJKVtV539ZtWwsQzRxV7XU7iCgRLadjIhGpXBlWXtnrJaGJhPWtUjS1cg2Qy/E5LFl3mQg3uFU+oIcz6+HqkBHhEekXF5famnts6xrurU2Hw4UwhYdvPTNJlSuYOwlIYWKIm/e++dn+lYVBZgX/jVuUqLo2I8JElEUL7B/ZOWOsicHtYKgea/acd3vRtiyned5XiV4dHhXjV/xinquFhDksfvju7uxxGlhMndsgKoP9zcvr/eEA5LbYD99/TywjdW7c6RQJIIjy9Ucv9odmXkJ2VGj8eXMhPmsW8gwL3d5ePz89eu+sqqr73W7eNWb1yNWtdxdtYDw+PL754Ydp0n/xy7+ddod/evMIZt4e4v4LefqKtkdGqs5JYhFtmg6HHapJNzne99UEKlRPWCJqioPXjJAQoXMtGoo7yLoHc7BGmSVyKlogwwEGiDjhmX/5V798uL8bOfmDVB9f3swUiutJu/vJrUJa6iWZhXXfuj8/H+8fHlnpsx+9vp717eNp6V5X/nBz1qUClKtKiEE8DDCll/Oo3yijckHB7/Mva77L8GKWKuau5CQxngeUSBR5DgyjGgmLzbbAkJxIqWq5QkOrWKMyZayM6kCMDDqEB6uwsEeKjNtWhIil6MCRSsm1EqA8w5U9wvgjhriZmXskmYf3wgspk7Ze3kcMUTxLuJuX/P2smorKsxhvgnD9qQDB04vp8gwisnJLjxTmumEGWVe/GNPYF5NQlXl1khDOhEmZxVHD81gwC3sBgEytIeD8kmOk5md6FrtVWqO63AhJkVSIRmF8I+kcJcgmkK1dVFgUGSIw8zLiZI70DxXu7v/NX/8z69v3b76vQobMzDJGFuONZC0Kq1KeggmimoTVHYQ2KSUBIUzzPJVRSpsWx1VG0MLUaoLa7SYRXZeVmcOdeezEUpIkIhJqTQByt4LwLGxUfBLco6JpS5vVVLZtm/bTfppLT8o6pv0YX6Vixgpi4Mxcj0shkaxj7QexW9em9YMqsi0LhTNLNxdiJjAP0i89cU5iUBFE2ObaWu/OoHk3L8sa4dM0ExHSq7WChcsJQ8RVexxbJ+JAqc1DRKfdXJujhyOhJXumkIoSLk8GEw+NfamznEneJ7aVkNbWjUlYNX2UwElTVQrzTHpvTyoxToHNNUGKCEaUXIH1ItoGi1ZkVwRh4MM5ZEJjp2UiCZ6BlNJ2SPviyy+/+/Z7FWHmTK8kdWZCJBHv9ns/O3XerxQghEWhnokMq6owApJI0vP5dCSkVojVYF0zktKTwNrEutUXPgNaH1hQiYIIGKkLpMfTcVmPTKTKqEKucgKg+DqU4AQlCGYmgnXvZkS1BXbvi2rLqP9hfNWZkkBBMXwwpJVOwzURZqCeBirhe20+Fc9cwEAQRlyGsGrT7la6o3Nk4rAjM4/shYptrks5z8fD1rubU5YJkEBp3cz8j7h+nDcbGg7nOjTPKEGWYEBEK+8BI1QkBaKq7kZJLMqqlFTti0X/qWoGiPHi5uW6nUAcI/G9jImirWXVsREEWJftb3/5dy9fvf6nr343z/M0TQR2M2atEInGutvN4b5tnnlGIKK40doxJjC5hTYtdVaxkMxcx7Q2BVG4M3B9c2NeJ9KAe1mUmk7Tzno366wi2lhFJrUwEtFp17ul27TfCwsTeThVL5Hq1jvLAG7ry1Na12metr61w0Hn/f7y+uLqmrWxcvdkFkvMh4PINO0P29a34xrh09wSeVpO0zzvDrvltPTlVErB/f4ig0YrFzACXov853F3slD5XKNv7xcA82htsm2rAjgmItGaGtyWTBu6dyYhQPX6gx8zgwJb30SYlYhZJy0saje1ebe/vL6ZVR/evQnfXr7+mHTvmaA0szA3s7JWN2Em0nm6vH5xdfPy9tVHos2evsuH39NyD9Fsh0DLTGXKQFR1D5GUuyjdY7hTvPeMjgjH3PYvltNxOT4e9ofC6esLw5Tb1o/Pz95N2zSpWthyOrkZzhBGLQaRUGVmXZZj+mDsQbAwYaEkj/FMh/Wy/VXRgVlfj0eQsM5Ahm/jtEjPyMPFQVUyEN7btNvtdwnZ1rX3lYX2+4NODQGzDVHN7SQiJIxMBtx929a+rmZWY07puyurDlSu05LGxMhjDhdtrA0RpUPNHBmg9P8bq8fcQiTTft/avK2nadpJa3VUVi7DkLDTyIM8U2T59oe3OVLLay4d8c6JgTy9evVit69Ss/7Ddz/QsPwW0A2AkZXG5p9++qNA2gg9nIREpKG4//euAKKMwtzz5e3N3du33ba5NZZRRrK5k4BZ9tN8OOzmeW6tzfNEQRcXl//h3/2bn336k//9f/2PtD0qOREF1MEAm0VltFiYd9uW7XDY69zMjJOZgkWIgoI8zr/iAFhKeedErKwU6Xam42qo9bHGMIbkBecKq0oZNut9fa7ZnziTU1QFQoQI2wuUcOwdY7GiSrDkcT5X4E+cTutm8cmHr31ZHpa++bnCkgpxI64rAMQkpegrtwyzZJaCvxInh5Y0wnCeH2uPPv/SCPcqDc0oeqTkNDSKwoBEphBluA9hAtHIEkSmMBMgNFRe5UYoQskSDqdIIJrUo5IUQEKJOGHuGVm5XAQiIXs/amDM2zXDlGZjrBlndNkzRWgMAMqZ7OExXnu91KDx+ZTlp3RbIGR6TtP8809/9vWb77h+smCy8b5BiIRpP7eRQaTiqA4B8BDk1A2MjD+q7wCKrHwYeDiVgDcpSlSAEeChqt3K+j9EeSXSSSAzwUPznVlxzVFPFxIeXiEnlT5TNsNhuBWuX6CMdyAGyxAVon4D/T//y6/e3r1V1Qp7ZaaKRaoNvW52ZKoyiDPAwkzyeHz+d//6P1xe3Pzhi9/MbYqIRGzLFukMeGR6lCS48huFhYD0eH5+nndzUWqVWCraeliFZWXm1FpYrE+npq1w+qubi2XZhi60vMrKf/k3v3zzzdfh1qaJE305uaeq2FaZS1FRK+WwishurvNExH1ZynxWSDkJlVhARMIhqlRxFCLhJbwIrsaPKFGWMEMAUZImGbBuRa2oUlTyHlMVRmSCosoQqlwuw6IYXREOoM37w81N790rot08/wAAIABJREFU2sE8izqgaqoN7+4WvXsdu+bGTJlOwj/5yWf3d++yAiJLVFg1i8gk7C8utqj7i5nJzTLKk1OhOyJVO5C4ffVy3u2en5/qZZd7tNS5RBndIpLOFpHzQj76PQqFrxRX0fmSyzUSSUQxiiEsB3FMYYmxfZKqLqdjEQI4ewDSg0H1ykbKJ4KYqsq1cYv02pNzMJ1ZOyIRJ4UoVa8AFT0BjPJFJkRwY1Et0NyrnHy0K9F7hgOoqXnsF7Wkm3lRe+czKClrHcxIT0SZ46p4NRGs7bOf/bO7d9/x+30Cgy8unQOPCpxxg8R5gBMZgVxEbB6lQcwYHQPA+MKDEF77QhApC9fpwMxUbmkiIRk9ZiSiGh5cAiEMrJiEidj8LADJM9I5/obaLlBChTp5wVyLdz0J4+TMSuhHHXPlQ0uSq6vrp9Mp3Ot5YhYkZxk5qpkmfZ52EdHa7u7ue/d17F0DY3Mk5nkys5KdAZAmJIXoDgyxuOuCJaxbBknTRJKcPyxklA3L4eYs0levxy8jayTeeheWUj5Vsn4AZn1zF57qMZtmtd4zUprUribSqmpLWJpMAKZ57raeLebY7w9JzDqtW1y+eGE9usd8OJQXeJqnhLA2FqUIbTW+B4EyfNs6DYZOMrfI5GpkRXBRKnV+EzHzGYNC/XHrW5mACfBu0iZzy1IisiYI4Ajv/VQccQLVL3H58uP5cGlmbjbvmipb7+HuHm7OqhfX1xdXV+vydP/2+3m33x2uu8XT3bvl+GzbtqzL8fn5+PR0WtZ1WTKcVd1HxNM0TfvLi8uXr0WoP31P777I49vUHdqFJ1SgjYfNIIOQQuRpbiOkHB5hHbEFmKdDej4/PbWmU1MPT9tKFOe9Px9P63KS1kRatx5uRZVGJBhMXCsiS+vLMbqBwFKZ12PKzQwWAdBtYyYm4XLSb4utG+sMEe890lmAtEifD4c2NZwTwA6HS23a1822LTL3u/1+fyAit56exKSqrKIiFRpifd223rfFw0rBPQBcMBKeXj0vkSUfdUIiEFkMgHjYmMprUaeh0C+1HpdvIyGt7XZ7lbYsp/3+gvW9kX7gxUOGlWXR4iSk4+3379KJuMRRACLrnyCkg/mjj1+LKoB0fP/9GwYnmCuuhCQDymzWP3z94vbVTfcu3Cj5/t3Dd99+f3d3z6QXh0v3Pp7kGqMZFvby5vr+7m45ntxdlE6nxdxVeDfPh8PFYb8n4mnavfrg1aef/uyX//yXv/j8z3747ruvv/vmiy+/nLR187PztBZzmudWkmUGSVMgzHq6N2mqauZ1Q+nZvuARqFTWSglj2tZNRQpqq9pwZGa4iFRhUAmneRAvBCIVOj7fC/HUWla1eVJ69eRChC5VNu+bR61rflbrgsCVnuZWKnYAy3J6fXN1WrbHbu4hKii+ZUiP/P3kimrSjXQzAkWJegtzJcpwQkkpnJDm5yqJ80RctWNEkBHWGeMeK+a+Ysmijv0sQ0upC5iIVUfwTYnqATCEFaAaj5SVRksEyBOZUoU7ngxSSa5dpg5lQIUznIK6eYQzSQQ8/L3JvWBLgLuNBCBufNjP3XqP+Pxnf8Hc3t2/Y5aSOQ0YfnABY+sCME/yeDxtvRPIIs6ya6BUS0AT2e3mboYzJ0cAM8JjXMQxjBjn06bIBi57zyh3CESec+cAAKo872Z3z6E0QTFQNZoIMQuXC4WIRtZUMislIi0HAIf3jr30biB29xFa5UGq4QmMms/RR+qpw6wYYIKfzVjIM31IXoILD6/QCCTArek/ffOHb779w37e18XNIpFQFarAHOaqnGMQC8fIQqWrm8M0T8uyMCuAvlp4aNPLy8ttWylrtgkEMeHi5uBhbdKIKLtqLRJlVz0+3RG4FETb1hGYpklbI+ZRh5fwDNXS9+Pi5kqUbe0ipFrhGdWiQ6AsY1kiS2xMTEA05YzSw6CvJtUr4B7uorDNrJswMUGUM7L3zswq7Gu/vLna7+buhoxMLmYMyKZaf2V4LNtKRL6ZioyMJarj9/xIM1QEiaurq0gblxfLti3Pz4+coqzA6DBJoNpd3wPx5kbl1wfCfAg9MksBXp/ytm3LemRAIGBC8iA6WYqOEEImpLKGIqOY+UBhxiMuHxBpOwAkpczOEaR1RthqrKSxUMa6LPuLy5sXt6fjkVUjXbjR4NcCdIZ4g6S11x98eDwtGV4Wz6LGhv6JoJMSUdQ0nkM6V4/dPO8ACPFmRgwhAbNnpHu+r74oRxOGrr6OHBUupoKIYsRZ0FmQN6bkCoQelZ3nY4hYMuPpeM/nYo0S8BRAjsIXR2Z4Mmh3mHn0izHeVw2M6RoqyiKj0nuoWiCigaxcnfo+lgSzCo+meYpIr1rCSK+UZa77uDqdcDb/ZaS3Nono+ZirYAlOQiZ5ZmtaG1tm1HJcBHZRbFyipabW3ye5k7YJlA8PD9PUKnN3ak1ZPYpW9tbmyrrJIJ2mt2+/XZZHgPq21exRh9FgIYl6NxAiUY2/FXI17XaV35Ie7tXCw7v9rG1alkVbQyVEEalIZgB0cbGfdnOJqVfftE3mWynY2tTk/PZmkZeJDG9tKmNGm3XsnJnUFJ6VGDtNyqz7w2XTvVJVubEnIqCtgRgy83xol4fjZtTmq9tb1TnB3fPh4f7Fyxeicnw+hVul94zgRIAIorz2jcHWV8RGCdE2kq7o/RZExAmcbwUSs05E024ONyZm0Qz3vhGT6MQ8HOO2ncpAVtnBzHzxwU8qA65NykTbutXK1JruLy8OF5eMfHj39nQ87S8uD1dXD3d3y+Pb7fS8Lqe+Lr0vmd2207Yc19Pp+PRwfDyeTsfeN8CFY5rafp5ubm8vbz4Asz1/l3df5vIM2WebQSnKzOgj1znCMtMyLMwKUoYbYkUyzQeW+enhTqjvpzlB5hbuzBTuvW99W6Xpbpq2dbW+1Sc6OPRIRqq2vq3WV2RVVGK4LAYrSgmkm4qew8rzdDyFBbcpgbDOSEGGG6tcXOxLRhIRh8PlNE8euW6buU3TdLi8lGp78CCGqrKysHikm23LZmZuPTJUxvCZJSNI9rAoombgGln+uwgL76oTy+Rh53OvDtli9M7/ZSzxPLXdvD8w87I+73YHZin1Q77X3mQmqgG9usNSRB7un73HONgH6pLvu5O10Y9+/HGioiT0zfdvBkKRVJGX5VHRlp/96Y/NTXW6v3/87a+/eHz3bD2Op+3+7X0Qbq6uPSwq9WGgzXj96vbd3du5TW3SWdvlxeH6+vr65vr2xQcffvj6ow8/+slPP/38zz//+OOPuvmvf/Ob//R//R9//9tfP6148/bRPRxZcv+a9uZZ2tTcPNyIOakidZKo6natTa1QSyYqTKSObq1hIcGx/tufffTD8Xnxc4AyyAveGhnRZ/iMSVWIyd2rPqWAZJJhoa2py9wmpozew7Mk4hV+934ozQqfdFUtL+Didn15cWj6/cPxZJ1ARFK9gXnuBasrrQa4EeFOiYAyshRAVpHIQwsameEhA8DCIJASKiMUkgjCkhEsXHRuXYVls094cdMRWf0qQ95SmAYqILXiGyIJJKTSwPCIvm3KrSxdPFRFQOlhAQKUqBWyBRr9XgDA5m5wgAU6HERCnukBFiLhMN+sC4t5fzw+LcsxyzTINboUp5H5R0Y8khARp2Vp0s6WzVpSYsh9gAjfuvUeRNTN3HyI1rL8RXhfaTSiZiOSME0NVeCa5w8IkEqMGFWzOCdZ4zyDl3KReBSBu46ac9QbzjyyQDwKBksiyhL4iBTqnJks1Fo7p9zmwIOLFCFOinRP0KDgxktHplfL79BmVqklstp8S+gFTyRnRA8nZgRUhJUqrLa0zcJsXiGxZ4chYt22cGgbJq9SDTw9PRdxxErcRt6GNhWR3vvWbSregKEqnPRw905VPLLsWSDRJjo1627dq9OgHub6GJnItvX0dGxthH+4jUbCSEeJtgnhkZGqEmYRUY70qGOC2YsuK4sUODMygkXMvPeuKhnpUXkbexBOy0qJaTeRSFnkhQt4dQDS2mE39bUyCf6oBVIVM/exclcnQ0UAkm+WQFgoKxGxcLW18vDPRJiJiLIsS2WJEoBhBydqOmEQZFQot4iGuRALFRpVjpaByA/iWJTH0MGE1MbE4h5ScSxnLFJ0uhAmVs0YsxcRUOcvM4swyDNHPStJUs67/bKcCnIPr2YKAuU5OBbC5MWL2Jo1i/+R0K9XJGVCJ7wfxVGtY4ns7t6dVesarKyMopgrAIrP5QCVbVzjfakFAlAtbqEeD3DFFjJzNVwkqGp6c4A/RKic1LSuohnpXik3JcAQM0uCMqm03i0JTTgD3qtPsSLQUJkITeseGp/igPTKLRJZVOYg0ViZhEmy/Cd17gJgELLqTkqKO6r2QIQscVPTRkTd+wBECIOaHBMxKrEuyxQW1dA83mkPr5YCjwAzEzcVSzcPVm4i67al5zw1bW0zAzJjxKFeXF0m4GbEWW30BGlNIwbAEB7CICbvrvpeApgZqdpYEB7burU2tTZ5RliUwNEtImzYLmpTYo6gadqd1qNtRkjz/K//xb+6v3vbbWnz1LtZt2meS7pQrdLaJmJSUU+YeUR2CxYpGrScOm2ezB1MYX1Z1nk3szYATRpIbdtE5PLlyxcf/1gvXuyubtq8v7y91nnu3dtuWk6n0+PjpKJMSPe1UzozMty2dVvXJsyAtP2ffv6Lw9XV/f07IUSVWCMDqcRJlLVAAgmUu5dbgwcnsar3GhZFuJUtL9LDlzDLsWnmfHV7dfthZhBLArZ1j9Amu8PF5fW1kizPj0/3d0BeXV1Tm8zDrfflROEI920zs76c+rKsx6ft+eH09LA832/L4+nh7v7u3en5cTk9hfdKfdX5Yjpcu6/+8BU/fhnrkrILaZldmTKz904lKjaDG8IIyUB0D1uJM4JUd8txWbenw24nIp6OTBYKj75t67IUHGm9F6BWAosSMtbX1tY1Ueq8DPMS62VUK1xkhDCfZfG+LceEgjXMKEKEMjuY9xcXwpyRbjbtD4fDIYF13WxdRflwdTVNrayXNU2qCjObm/XNti2ihMlBVXqdsL52W5GZ6ebm5pXfSkjmkQompKoTjSyEMbQVKMA04pbHMsBls6c273b7Cyas27LbXzETAQUKcs1cZScf6YfEzKoNRHd3jyUHEpZIrytRBGbbxx9/eHN1Ocz0qhl2d/9OtSKSaiYzkP/5X3xawNzbN3e//+0fKJmIzYJFtU0P908vbq9VpXjmMqo11Rc3N7PK69cffvzjH71+/eGf/OSTzz//iz/9s89fv/5wnnfrun311Ze/+vWv/uEf/+Gbb756Pj0Tt4vLF6z7L7/6Tqp2OtLcMqHMNfm6W1hiKLPrXI10D/jUmrkh4UNrUem69S6CwI3x0+v918fjkkpJJXuIKDYmAKgqAeaulcJkzpTlnI4ICwdKNl5jd2TazGRmvZs53k9gNdAqKYGq0k6LsieAeOv2Yje9ez4de2Z5ajGqNCsngjKZxnAbmemlKAsGckTZIBElDRnyxYHSJY1Z9r0lo9oAFMC6OThpxCKnB5ILFRmxs8xETCgvZWJAeZTjHaxRK+IXn33+b/7bf/mff/X39UELho1RuARxAU9kCJEKN6lvVil4szYNECwtk1QaEW3u3a2sAsQVihDFhG99S2R6uI+M6QjPsZp4McjnqBtUiD2T1KlYVCTKI47BY1eAKDCm9kE8VAtBUHgwnwFUoD4IZIIQ7gMQrFVobLl0BvwQXvhS5aCg9HuDfA8H0Scf/snT09GzdNi1JRCx1LqOjAL2a+9HRnhlJQkTV4pbYWr1okusUV7CIefwKDk2IoC82F8T2LwXP8AMaSOkTVXDvYLIbawrgxWslafemnqRlCz1ucawdYWNgPnM4peGAIGZa3m23gnY7ebjw/O2GRMLiVkpDJIyw5OZe1hlRjVVVfEMW7fMQCI8SsbDQIanhw7xs6uIA8QctrXWMj1tcK4iGm7KUjmYSIQbMywCFVQamHaThxczFmNyCYCltXJugGiaZ4AsPNaNAhEe1gsw3u13FqFNpnnyraxcQRg9CaVcYBqrxVklkojYerdtSKlZJQkiZGY53tj6MieA1nQc4CJFZJhHpAspCBm1tRbNE9adChMcrwQ6z6LiZuGuTPVVAsjL7B8xfOfuRfoNZWiE6O6iFqqRI1voBHMC5mXZIR6KxrHdPj3cETC1Vp/AiM0RHQG6EcSCRO+bYAjWMWwBRGfxQ10bNYcPPCsH6hMRxBgccEl3zow4j+y2YuaiiOfy44aXIbYO7jxjahjwMCq40FmoDl4VLh9pZjBRZKhORTQWflBQDIvK3F598MHz83PmENywcGQeLnfFe6hOxHCHqFSfwPh6v4fymMJCtKLRiJnNfTcfWMS8n6EXEuIqq1YWRLpFmT6GDTyDiGSSiiyspy0zRXVYqpsksjpriKX2KnevBmJzNzMWJhZmKojg5vZ227bSWFv4PE/1ypNQMJibqarWxZwg4b6tbp2k8AKZpom1yHOqvPwRw6wq2rbNRBgs9T7EiD1VZpJJp3kut9Ruv4tyLo/Pi1h03u9V2ul0rNOhtQaKr7/7svtpbm3rI4BFp+ny+rKvfdrNRGKRnkEIKS5TWgZ2+10lh0Ykq7g7QYhyq7QW4go+ywTImSQyIe1oubu9PdxcL5ay3y1rzPPu9Hycmk5NTk+PfTkJkfUtfUN9SW0jIhJo2/2P//5//pv/6p//2V98/vVXX93fvanbmlmJaqPGODqRIPi2RpqQME8evQT64R1E1fpGRJ62Lcdz+A8DcfPRT+f5AGSvZDTRaZ7btE+ip4d3d2+/i20T5r5tp9OzbYsqrm5urq9vE7RtS6ZzpdNbR1rflvCt95Otp76dtvV4fHx4un+8f/fu+fFhOT3atoJp2l+2w2XYKR6/zue3ERxtHwSEUWT0Bd04A2FhFuEIH7pj6wwnZm57Mz8+P8/zJMI1iRVRG27LcgIgou+v/9K9AFn93H1baBwnsG6sSlTZC1JTg5baI7Gup75Zspaqgak285j2u6nNpcyZWrs4XBLLtm7btgXl/nBxsd8ByPDhAxQJoPe+bZv3LT3OeAuGlDHicHW52x9YJmLZ7/e76WKe96qTttZ0ktaYqLAo691GawwRuMJcUOq9cUjWJ84Apnk37Q8AtnXd7S5ZGMQVAQOEu0dGEgVGPoEKE3B1OLx5+657DEMkkJkFsO4P86c//YlX32Gmu7+4uTa3x8c7AID12Hb79otf/OluP6Xn4/3TF7/9gxR/xZzMmYTkyDhcTBeHfRmRg5ISU5Npap988pObmxfm6ZHLtj0+PH/51R/+y6/+/ndf/v7b7759fj5lJktTnUUnpFxd36yOh6dHFRGWPMvikYBnJFRalhisNBlDsAoRUZUY8fZ5ZkQhKgXDMwGi/+8Pz510Una3eB+kA4CyNMeFBLOS+1D6vvdI1armpcqlzBydUOZmo5plWE4jAogBYlUkCJNFEMEtg+gwydbtyTKJgZFlCUpmqjKmErIWq50ZzNREEujrRqCypycCmVyhT0RE7GF1dvFQfkKYcvBOUfdKwWGW6WUzQHCx5SMXFlXuibOaaJDNgYgEZxPZrH/5zdfrtuhwpIILYouaSiuLVojGDG3dRgQ2I88hnpFgaRFpWQpdJFMiw5KIRMgjzC0B686iolUiVNoEK9yvvBA1dzMwTQ2AZ5BwiZq4AOIswBQ4c65ZBEilcJaeA0NTDs4RjEpJqJrR0TOsJDhjdoMcAZUBeSiQQAPlKx6SOCnDk1gceVxOmxlGf9Fgyjw8PcbqAAoEiNwqmaNU/RkRVW+Mwg2rRaXIPCpCPWlEgxSCCjB137pvUdJiZiCFqZsNKjKjQp3LgVruuFqGS1sL4lFdX3OHG4B5nljFzVFpfYXPB4hSWICov3+82gI4I0EUSIoor4W7CUsIffD6IzNfjycQT7tWTgdiYiXSQUC4bSCqRr+MUJVlW0F88+I2vFuvAO6Y5lmnOTYfjgVVFjJPIuKmIJibUI0iHJnetzz/bmBE4OblC5W2rasq9+5uBeczCNVoWp1r3BREbkYJ20yV53mu2Z0ZteEUJDEGa0SdIKDSjjZmTkSGZyYTxwh1jdakKQtxpieSJDORNpYuGSOcVXgAzikB4BwFlMjqOsmIvvV5N03a+rbNh0Mk3F2U3YNRDYaUiWluymLnYBJhPSBzKGneE5juyJz2O9EW3rme+PHJEzGLNDD3bWUhouIJCF4YAogIAdExxfPYinHWvAlXgEAlH4FG0RwChCRUM54w5zCecv081bNVepvMygoSlfEdoUKp6XzEU82s5ykclYYGJmla5oDM2LbepsaqNU9khFkMuy7TuXBjIFLFHNVRuiynAF9c3zw/PqByTRNM5BFEVHF79T3MEQ2OqU0JHpmYScxi3t2NiANBCdXGxBFRQqzxVauraij46Sz+Hycqs877g7R5XbdieMFZHSjw8y8PirNkoDgeEHkPbZNMvK2bTq34lojwbufBlCkhKtM0iejaO4m4lVfGd/vLzz77i21dTssxE+6pTTIizKufS0Xm3awylxBZ2zT2ZoIqW7cIv7i6rNanrXdiEmEP924sEGmqQhmWXsRPRE5t6n2d59kNIBLhBGembeZuiIRwu7j66Z/9/O7tD+5OLPvLQz0Zytz71uaptSkjWcTS3V1bK/etNA13nbTt9iFzO1zIvLt4ccvzPrQdXlzPFxdXN9fb8Znhp+cn21aRAl5NKOEOGBFURFV++d/9q93u4unp7ocffnjz/Zt+OoV7GUdYSs8T773XlEEJW1ffFiSVi3/4QgKsreRl6W52yggwE7LNF9cf/gRVPh652+12+x2I1uPz890P2RdlBmjb1m1dwgxutq22Liw0H64urm502nGZEGJIcQggkHdzM/dK+e3buvRtWZ+ft+Vo69FtU2HWHTfN/hgPX2F5dEwkMwECh23WO0XUchHeUV+KCHivR5dlBvT5/rFN89yaV3RsBKGiXUsMUrNZ5vgSoE6fvq3n/wsRSTImaOYKinZtw/Z9fH5OB2kbg016wnWad7tddTOJyOFwoW3uvS/LGhHzfn95dcEsGVF3BzEH0NfN+ta9V7N2nWfl69vWJZAXl9e7y8PU5gDmeZ+Um3X3beurW9+2zd0qihs4B7uEOVyImDTPyua6TbkoS+J5v5/3hwLH9odLnFNoKv9FiCPy+en5dNomnfb7Q6QVSfri5uabb78lHk2fBO++Hi6mzz//vGpsKxBjmrRHvHz18ub6RpQur/Y//pMfffbTn0LIPZj4N7/+bb15AWKpRNYafeL66nB5eRExWopAaKKH/eHXv/7Vb//xd7/5zT98+eWXf/jit7///W9/+8U/Xl+/mKeLwjICfFYeKgndvrh98/C0rEsGeXqWWSvgHsOcE5lnYxZDaoojFgTCPc1HPGNCSJgr9T8rASYipQy5iaSRGlktljRA7nHt1ZBUitJEYji6RykCM5e5U4ko3N2EtWJchtcbySQRBqQkTdMclO5WSYw5XIn5sJqPwZoy8gxIhZs3VRX1s7KfMnt3Ufn5z39+9/DgVkmsY/6t+zoGTlWJnMRDbZsiXPQCBIE0CyKqJH5CEo862zpapdLmM+p2AZGIUFJk1umdiXVd7h8eJlYEqIJlQMqEilSKyMLpIoqO8LNCp1KLc0wCArDBIi08IDR09iORFO5WAygItZ2CYVahgoP/Cc9qQY4MLc+jp5c+xN0zpjZfX10ftyUjS19PVEL+PKfu4X34NMYdXyhhHTcD+1emsDB3Kj11OYWZkOklxamfpkwkC5+jN6uefYiQzUyFAYrz/FYLDRMquTgBd6dEaSMSefZoyphhCHV2ohSVNJaZPKtJ82ywK74FlAmWxtPU3Nwjhhgqk0XcSpwxutKiFMxU21hWvtm2bplordHQSYWfw0hq7azztlDF8BAtjTJXJaqZ164ODyDmw0zMFp5IJC6vriy8904iBOrmBdpmhmUwqtAkmdmztJ/1bBCLWPcoHU65aLwAH593c0ZQVdQVZZSRGQww8W43R2Z4F5FpbgBFhDAD5BZuHrbJWLyGpjLK0VBfN5Lee5ljw0xVq1itm6XHAAqK6VWtD4RJlPmP2G4mADdDpJAQc2SYdZH6ZsDc0xNCSKoWORmlbMWFOCGR40ZAJaxmPdEhKvV/aL2HmwXxzcvbzRbbtlqHAWLlQjFURIR9MGBUMaB1uFaUc1LpEpiktYwIi5G7PUZQElZt55LOcpGWIDFSVFRbwR8Fwuf4qcoTKPpKQFFkREWc1DvIzJ4jMUeFh6/gDMlnJI/7Z3TWlCGjAIYS2dXfQkl8huFHqmdtAgBV/GI1TyEYGAVYwlGPsgynJp9fsKhmpK29+hoKWiCmNk0X19fuPW0DSEoeCLSpVWYcVxhsfYBhhewVM6SqbZoi/BxxWLlPJCW/s54ZqsokHi7MlfhSNEUdamU7ES1ax8xdtbXW6jIuzVEGsmKLkpBgJmF18yJhdvvd1rf1tJo5ixAy3OukqJBKFQFBRFh4c3MLlZJgJBG27iD1MHfTecqAMJdmDsIZ4RHzbu9W6R1dm5KInzVmLEOfZmbWzbqLcJiJtk8/+/nj852bmQXyXD3PpKpmudsddoeLMJ9aI1ZtjYiX9bQ/7ESbmW+939y+6lVVBtrvd713pKe0D/7ks+PzfV+WRGqbykzb2pREqs26c5GzMpHqfHl98eLldLi4enX713/16X//Nz87XE53d6edUKzr6eE+bG3KytzX1ftWZxZTAH5xcfPq9cfv3nx///bNF//4m74tzKoyufXSrI6HurhxZrOOM5UZffHoINY2lUZQRVCNB96trxiRi3l48dF8ceV9I0AmnZtsx+Px7u50fIdIadN6Oi6nxa2X8S7D3Xpfl+PxaTk9genqxe3LDz68uLxmaRY93Stj9AywOSISwQz7kpI9AAAgAElEQVRKj3S3Htajb305RmwqytpUNNd3ePzW3aldJAmlUfToHt0oo2Q7bsYZpdkjhBCDJpLpdHwC5X5qiaihn4nN7KzmPd9zFQyXQKb3DeMpLcp4yNyFGRF1ICewbbYtK0uriRlmyGhTm/f7TIQ5iHaH3bw/mNu6LN36NO8ury4nbcOLz6MWcF3XbquZhXtm1lBahJEyu3tGma7j7t2bdVn3u104ltMT5Yj8ey+YBIWIiDSQlIPcvCe8ycQk9UiUXqJkQ9N+tz8c3LpH7HaXBY1ERHo2ke+//e6ffveHh3f3Tw/Pb354a1u/vbkNwM338/zyg9t3d297X0mcm/7ox68//fQT0brlCoKQ0gxtW59386tXt7cvXzTVzcy8Tzp//+33j/cPROyVqumOzAIOAb95cXnYTwW7ln5hnmei/M//9386PT9vazePddm2devhtzevwBJnwrdNjQBpjYWvrq+/fvPDeupImLtnCGvJLJpKRdg0bQC8W5Y+5wyLlI8WidFbP9jt9FE7xZVc6eeMJkKZxWuUrDzBdKtKo7rvGUhLiwxhFeaS+RJTaeWRoUxZyYbRu22TiKqYVfFQCkO5og+yhwHciBNlzI/HNcyChLnIfYy8xYKpMisqFJkQpb755eW1THp/f0csZh1DTFLPH2WCWTOhXLx0AJxDneIFilml1BManz86qoAQLvFIqZGYSLVMyZGeMdKBUEG3HmWLROViZkSGU4LCeSwgoEweWRnh9e+oqLLikz1G73HvAhTAVzcqZTLDw5AZlt4dXAl/ySJ9s8Hjc9lSU5o0FWSam0d4GFCiuJo3Yl2X3reid8aQXpquM9KJ8xVZ+tp6w2jk0b/HDVFDGIFqYEKho8gR6V9qhXoKRSDnJypRlEh4pduVjOZsya70xPozqqUF5dFLQZHjcmdmVo0Y6UwF0PD44HPofIscqWxroKaiAZVGwjM96g8JVw4LPBKgaoMKjAG7yXgwSptEPJKOvL6NXng1Vwptm7XN6lZwbwoLgSIC6UQoOk5FK/4rk93DrPoNSZjvHx77eqpCIWQsp42ZmRFI75HhXGlp4+jPZIBSWErClAmd1HovuzAztdZA2DYrMQwJSRO3qASwyAxEmttmwgpgXTf48NQyU7eF2yTcKFNb62svIWIpisf4URW0lXATMcwVmSJVGRDmLiLFKTFz7eoASKUC5VU5I9NGuysr0ZBFoLvX41R6vLoCqr4JhCyhJreBOfEfP34irsaPAhgyMzPm3QTC8fgUYSUvr9Cw8q97fQ/dKKmaDQRyUVpxGtPIcKUzyLv13pWlqLoSr52/smGbR7joFB4sSmeKTUQsRjN5nTLMCPdd233yk589PD3ECFWuUDamswleiMLjLLRLz7i+etGm3bKctFrlaBQNDDh8XAJ1EhIGeHZGo5i0tbNVF+QZOVwgEZaUn3z6sxe3H9w/3k/S3Pz8lUqqcaH26jPXVUBUZCaixnidpuPzcT0dSVodCDm+++UAgwqXdTgRSWCS9/xKwRd9W7PS/kgYdG6Xqhw1mqZp3u8rx4qGNusszRue2gFY1Z7cmrLwum6UBCqzPFWsaWE2DHZ3ME/7GSQi4h7EJKw0Hm0SkaurFy9uXz8/PyoRmLZu1q1Ns4gmPEegkIrw8/N995Obp4OZrXt9JBmDt0mira8kpK3VlJ8l2ZuakKZHgt2MRKqrE4TNN5W5r8fa3Ys7dgtVacpmfri8mOfd6Xhkgeh8eXW9npaSMm7rNu92wnz3w/fmfnl9/fz4XPeDCF+9/vEnn/35d//0WxVmbWNjTArPJqVW6k0biLqltHm+uobM5vjgxx/+27/9s3//p69uXlz9P3948+67Hx7f3R0fH7N3cks3t/JmFVISIFzf3C5PT893b+7evDHzyCQIi2rTbTsRofqy3DaUiBIUUY0wzUHhm9sSfWNSYs1z9px7z4i6mgl6/fqnwqwi1GbOOD7eb08PbpuHzYeL3cWL09O9snDT8Oi9m1UnTlIG3Gw9rcspzFtrl9c3F9cvpsONTruMijoZlsQMeAX1FbLSu5u5mdvmo5WMSZXC6fhDPL8BKdrl2fhr6V42ACKHW7qhDIbZM4NYiadlOSJiN7WioscNGlFRfpWUhXNob4LcOqxiOKNM7VUQW97HktNat+fnU2Yx2pHWgWiz7nY7quwp5P6w3+8OkXk8HrfepzYfri73u91Q4ZAg0W3b1tWtl4kXYJUzWwgQc0a496nNGTRNFzeXN8/HJ1tP0mjeX0xTA5H7Bqr5obqmWEiqW5vKlhkGSgIz6tudoMpToGneTfu99Q2J3cVVfYIApjZ98Y+/+/6bNyKK5AQx6PHp+PR8+vDV6/qxNk0/+vjj29sXt69e/vhPfnR9dYmh49NMLlRvnicZ4RsZGb33bevrsggrJX7/+9+DqBpCkSDECB1CRsaHr1+2piOWMQlM87yLzId3P3jSajFPOxVx9908v3z5OqWKk4Yni5i1qYje3Lz4+s3dtm5EBKYYjZg0ik/BEGx96WbzPNnWqfajWhES5xI0iiG+JYxzlQhUHs02tauL/YurayWxbsu6EFG1B2QGZfJoAyiVOGVW4ATIyztRVYkZDqQrsW3bYtuf/9VfO/jh7du5TSXoEkEizGModGtKECZAGAF+3DzAtQ8ycaRn5tQmFV17L8kBCB6hwtNumtr8zTdfU1BGmDkxMoZWCOXaBNdRmUhRyWT3kocCVGUTw8E1tZrbSJtWpWiBRef4lMIWCB4V+/PHlI0YAl6pyvmo8DoI5dxGlU9mRsaItU8a2Ys6WojtPZA74FkQlSjXIpwFlnZ5uFndCDy+FQn38O6iUn+AKBnEqqLYzbO7M/FpWZgkMObm4mssvAiePHdWnD9fJGUhnchhpIjhda44EBqYeiWBIud5Gv/CoTAjIMFcapwYmqSM8oMX5Z5DqkEV0DnCWut5Hf+gs9a+knYqSa0iZOujLL19ZFIMYnDIfvIsn5aiaN7nTwypMA2odVygRdckQ4lBQcJ5TlOskh+igVTWycIiQWRuDJrmefymlUcqrE0z0dduniVURD1qQ5SUgZi1QcgzM7y1Nkg2ZiREJM2ZOD28GwuXhhJ/tE8E+OzvQlZP1DmJPevU8rKplAYmw0o7FVm5Q6C0cAbP8zym0DKGqQxgB0hGJd1HhnX75NOfv/rgR19/+cVICuOh/it+KNxUapZFU47hqrccmq6iR0vgNn7VypFv005U3bLQVSJilXk/k8At3KI8HxQC4SomqwSm7tZUIwLuUsFALBgUcRZ9EfBKasmkqgEBxpUIoIoXhxYm3+vnqyUcLGw9mImERXdXxTHl0OtTcQtMAmRlotWsWe8JGAzqsf3VX/71aVkqsbvA6broMzPMefxHrDszC4tF3D8/RHQWRQEJPIIPAkHnqIDy84IyApa9V6Sgsmh1WA6pD4YgqLYWjEGKxs1c2zOYeu9Dr8gAoX6Emczif/jX/9Pf/cu/+4//2//yXmcjMiKTiFBtR3U9FB5Qy/aQEgS01JNVHVCGXVAm1alCxK01cFGPY36vtfbs8iPViVlEWr228CwQAmfVT/V2nb+cYAaREOqSKckvRCUTzBThTDxN08AumD1GgXzVVFUUD3GKtjC3dWNlVQbBuvl7kYbwsi62rgW7Z4awVFt8KRQSTKIJIg4ArU3EsjvsskiuegCQ+4srd9v6xsTdjc/JU1nUvvf6GyMRFv8fU2/SK1m2pQmtbu/TmN3Gr3vE6/M1lUVmUlkJRYGUiEExQSgligmICT+VCUIgBAyQCoFE5qt8nUfr4c1tzOycvVfDYG3z4o1eRLj8Xjt2zj5rfS0RuVs++C/PnxBASHTEZYxzM0fD1rXtO0Coamu7dVVVFkmsSNXdvBZ28zKVZNUAEEV637/+/d9XAgTeW2NEJCwsgDEv67Su4d61AzGVItNS6ky11GXBWmmZqNLff//0f/5f//j0w3vfLvv5ObwTs4P7fmGmtrdwT9O9W7R9s74DOJdpXW6RsLcNw+d1bvsW7syFCFV7WtAgwl25MBFzncLdtKntCKmGEkRS664t3MJ9Wm5vHn7EwsJTb9v58YPt5+S0M0vn7s2PuSCEx5AfECOxcFJuyfmFe9+288vLy8uTqZV5ubl9dXv3ej3ec51FCjKbIyUEkJE7TGNY9AQr3bUhAOYaaRc4/aC643QHLKg7RM/yEcrDHQaswwwRqZgkYtn3bn1fppo2RyaBJLsyy3kAzAEeSNmUkO/jSGsXZeQCRErEPWLb955itghwwwipUucJiLRZeMzzvKwrMF1O57Z3lnI4HtbDQtdBRbu2vrd9S11BRACSiORoAAjMAkjqvbeGxIDUrU3r9Pr1j0otHz+8O788HdbD7e19nSfAqKWICBCkvqhrt3BiFp6EKxKaqYMxcqbyIwsS1mma56XtG7HU5XgdQuTpw8dvv3rLJNn54QHqIESX845MtzfHrW1ukVQkMwM4IhAwE//w4dO//f2fvvn2/fsPj+9++Lht21KXaa4AyCTbtgPQ4bC+nF7evXvHKMPHlVhYnmkQRPTlj74ATD42c9NiXVbT/f27d+7AUqYiAI7gRcrtw2tThVQnY0p2CyGVIjd3r79590MGq0MEEQqTMKdQhIku7fJ3/+l//PDq1e+++qpwzQKjlKaYDWa4uwOGZLg1kbCkQXyu5bjM6zS5egAwy/3h9pc//bGwPL68iBCOsyzPeiBiRB6zP+SunpaScAtAEEJ0ZyCAuGzn8+W0zpMk5xwJgJijuVuRqdB0JSro/uawW5xHJkF+aQE+yhfytZvXEykbNsBN27Yty+zgTTsij4qvwbkE0XUxdsvFLEOfM53nqhKBGMmJ3u2KzY1xNTMBMzkn3AKvQvOhA/XUAWatTYpJAyIoiDCEvBCaecbJEVCge2h3TTZlpEOCm191fNdqYUQa8ZqA5nZzuPuXf/Mf/P0//gOPImq8/v7BZUi1UrHW2v53//m/+u/+63/9v/yv/4ddb5rEBFN101SlcKQVGxOcyXprHH8cIs3zuafkIJG3NzNDTp/m+SKDESAZgGNAz2wXM0tTZI4HaenMKW2sUh6AIEJwJXsHaoAQACNhzC2uv34Cr5GQd/YkWBCQZyDp5/jfIRFEgFHPlstS7hOZw5eanjQI3d/eiExt3/PHjG+GMkIQSx5K6K23QCDgyLZESMkA9q6QZOHIn4RwCEvLB6bbIUcmIMjaAdUupfyX/8Xfff3dt/u+kzAR2zjPk8pNdQamvbDvPQw4LfBJRdEwpwvn0zbuZGIiJnPjFCPkpJrBVpCRSo6AwkU9lmXlIk2VhLIJr7fOzCJl33dmGeAVl/fvv//w4eu5CBCVIkTsEdr6MDxkgArRVIpkOl+W7WEIF8rpPA8IQBZSN+DUs4T2cFNh9jAc6LNp19w/k9hMhDrdZNpVW5uniiIJaoyyQwAdVwGZyEOn9eaf/fP/5O3bfyTgwOBcQ1PCgzRuqbw1Mw6T0+zhUiRydyEgQJZ6yIc/STbkGNxCDv3C1/1h8E0AVEotUlnK6fyslox2hsHnnRlZZDBNs0hJZiK1bm7jz7jpWJYjXxzDgMzMhDQ2XWIhsN5LqXlmAKB2GyVxxFlhSIjEAhEDe7ER8BQYhDlc8tU4gDEURFSZ337z1b/5v/+N7meAtHdgnjtJDbNkzkEgoiS1akNdgOFFmJCIc7mi9Ex/ZiEzKjiX4+H5JU5Nau5QecRDoLl5aAS4avoocgfFZHbchCUzwU27ECNQ21tEECIFcuHkFMICEFkoADMv47N+SaQkxnDlsijMGTA0kOFqwAISqlMJA7dmauvhRuaa+ZjDhiGYIcm5cqg1AOCAdT1qD8t62gBOrB754eE1YCRRPrbkPMSF0QORS6nrukqp7ubuzCzMAMTCBKSaUyOmEjHciIBL0WZSBFJ0FcAiZZrrWlQtAB1QpsJSAGnvPh0OCCBlIi4RRkEitZsTkaojgppJkZHGZ46EwATEbkBc5uMRRVTt4+n8/7z98Ls//bA/Pdl+as9Ptr+0ffvyp7/4y3/+L/7wu79HCGICxFzq52mpqY9MqbflmgRNmzadl2W7XNw6i1Aht269Zy5UhIIbUSFmIAk3bRf3ngBeNzXbw4MQD69/PB3uAKPt2+X5o27n5K4ttU8Ry+Hm7tVrKZWIpnmq01ynqdbKPPbJpimD94Dw3rTv+/l02V4Igku5f3h9vHu13N4djrfTsk7TzFx8BEuKA4DnqIAQYa4YhgjIjAC0f7LLI8oKZcZQRoPwoZCDALdcJhnp+tEQidXctU+14KDjyXz49MCDmXO6IiJzc/MsBwizFGd7BEEQUbip6b5r9jmCO4Jz5TpXALSm7rEeDuthBcTtfMmXweF4WOYFI5Jv1957b33fBxEBmXHMCBQRhUVqSYzPejfLGLhJanFrzy9P8zS9+eJLpPr+h3et7XWeSYo1JR6oCxEHkYUDApNIqQCUXwiAI2apnYiIzPO8HPe2lTLVaRm2TqCv//invqsBIlMitVkvJ8LPz89ffPkmJXD4+c10xUf+8Xdvv/rqezBmlDAy89PL5bt333eLh1evIhAJUHCq5fHDh8vpRFQCIjKgdJRmOSLPy/zFF68sOl4brMLt5njc2/bhwzt1F6RpKt6b9V6nery9zeRTBBx0aAaa1en+4eHtN9/ve6u1FCldLSfUfAUBgRM8b2dzfTmdmSWT5j+DMQP2cWfGX/7o1cvp7IF939epLtNsGC+X87ntrffe9bTtz6fn87Yf5+nh5vjx+bkUucJQwClKJQ6zAL+6OtPol9hNqnrd1RlJ267bniXy2i29BREjWJJhQkINbdZb16lMn142ZyIizwV6BD1SmKXDIYX4gwaGECGz1LY7ZUXW6P2JQU7nay1RLoZIMHs4HiICGCks/XIxhtOB9yFCMrKpTI8AyHLfSBwqItQK04DpAsCD8ygGZMSp8MoCEeqWc0kG4Y5cwiwwxzwSwi3n3EhAvKt6Kulp7NJq/R/+8NtSCwVaGBKZa5omI8DDmal1FWFBvL09/u7tN999+HYk/IQTcFx/NCHUeZZSem95l1lSmnStbQkMdMjMPAQAZyB3C8fczdw9MK64HnX1FHiYG6Tl1x0+z1swGkhzUs8IRPCxUaTA3VQx4xfBPYkmyEWOGNEzP5Ug74cUoRMSBib0i9fOk+Q6R6JKvrCSlBh/Y0T2PSXQhpDtQX3fcnJMkFpIIlxVk4jrvX3WTggX5lGNhgChnnVFQGhZNF6od8PheQiC7EcagYkA5O61TArx9XffXdpFGFvTcA1zRCQZth8zLaV2NeuGAPn3ZDTOWIUjMJPrR2c15cejJOcQmchNCYCFhQgi1Bokb4IIiG3bws3VMu2tiKj6tExNeylTneq+7UgY2T8ExFwtd6Zxk2R2IlEqUyIQQtUiIMwRA3KK4IT8XIrgaNoCYgy7QmYAtaR5UpJl065SSsIozBKI87zsrUUEE45kXXfNgLuUVyWFdM0mICIude+9X54ZZSQIBA5vdyFEujpJEJA8fMyVSVFkAMlYJ6YFPfjadJeqULiacpDI1YE4o+4CHYle3d174PfffQMYmAtb9g+mdH5QbkxM+74D5XiPw5gfMZbYCGQe9FEAoOP1l4sILgXGGDxqwtKEkdYMTFEODdouwtGRAFW7MBOz56uDMAMWLDfE/E2GeI56204vL+FQShFkv/pqzJ2pAIKbBgSxcN6yqgDAhVnYI/Y9G4+TXMjL7QREQ/xG3bbuygQBrGYIUEoRqRbd3bOvNS3wdSqmjjzWj4SPMhSFhEop+UVefWNOLGUqgeDhps5FRnI24LbviBhuIjVF1G4mIg+vX18u52RjiNjNmysXIZKmnYQQEVnAg4UBhIsAhPbsnfn8bId51HkuQl3buhyLLMSk3tveUpiUKAlA7Huz3oEQLCc3hAiMYBZI+MeHswciAlyIAcDNiQSZMlwiwlUNhZEZA7VrEHGtzNw2LaVQSWEVtL1rt2metatazOuhruvPf/3Ly2U7P5/Wm0MA1Fq4SkTorlnR4u4kpXXtfceADM5zA0Reb9bu8PL8XJgZ4uvfv90+Pdr2YpfTp3c/oLsgnJ4/fv/tWzBllkgzmYaHz9MsUggDgsLV7aK9LctRpgUQW+vLul62i24bCZe5ZrCXZ/gsgmlnZioVsDCzW3Pb1DoEmhkjEPHxzS+QxPp+ef6g+2YBearmyQnhrbUyTevN3byso6+OhaXWeSYqDszMmXbhGIQoLASIYe59u5wRHcDXw3p7+2qe12k9rDe30+FQphm4EHEG8mabRU4XKQMFIgAmb37+EEA430FEmI7nKbGFYftDIhyWngAibuqufZnkOqZQhuIlB+ThQEBMZpqHY4CrGSEFEmX0MoC7b/uexRGplubCUitm1hPENC3ruiLRdtn2fZNS13Vd14VGQxS0vbe2d+254KS7U5Cy6LrUUkT4qnlQ7a4mpWa8BgKa96fnp/2y1To/vPlSSulNWZiF+761piIl+7MrTyJVhICwVKl1WealSsl+BmGYplXmaZ6WbTtP04G4psvJ1L99+7XnRp+qyADINFhEc1vW9XhY3TS1RlKyk5z+37///ePjqXIBoLhWqhAgIT89fgLi169fqSmCC/Onjx/PpwtzuRLdnkEogGjhP/3pF9MyZd7ldVr3dTls++n9+/fuKEKFS4Crapmmw+E2wIvwyFFARBwA5LTe/unbb5loaEsQUdhGZQr0rix8Pu/vPz1NXMwcMHIqTeAshZApNemteWBF+/Wb24vqy645ZacYIhwRMVMK3j89RsSf//IX37x7R4hqlsI8h1QPY5EpPyldichc8jPFLqNgEfNdG93MQZlQiAUKYSHMYpYcJx0CTY3rvHXVbonPqRuMHA9I8S1c9fRE7I6JQn/WjMBnmYrFMDePoJ1ko2OQYAmY5r4NCOkWu5Z4XaWtQeOzRPomU0KQg6YkVZj/PARHiBGMSBCEwIiCQIjNQsP5Kh3wkfqDnHUw4wON5KUIZyEPtAjgzwZFNAdTT59M75YS1hS0I6FaIGCpRVVba4H09ttvf//HP7iDato1Y1QpZFoO4t6aqaYWIAUzmbmYtDMCMvKAND0IGQiyco3GmyoICSKx54QhAmnUpGYu6kj7zJkOhgYBEJgp7IoHmeUmhjkkjVYFGEGRifQj4Oc8TgzK0t8xV1wnc0Kz0QofHsSjxYDG6guQxsdx82TUjwReszU9mMXUSNLXBBGhPUHSDBLFbu243Ki1cDXwQpwf3COksMzFLUiwlBIR01QtncRI4wYHGG7oAFNnpPP5FBbWddzhEG7Owhm9AMRAmAqRWoswOQSzYOqWEUY7OkCoSylmVucJMQNhQ5iEOBkwGHVaFoRSikX03oU5tVwYQEzuBhhmzlVKnUxt3zsis5SsarQAoEBEVU+XbYrtiVBK5tEFMXbVtJ0njq7dl+OyHo6tdcRQUwfPPmkzJ+R5naUQEjXteVxxlUCSUrhkqFQQy7xObW9pCoiUyLkjIRdh5qZ6hZ/S1wlErNpePr1nqtdnPSAHaUC3zMLOkoHBzxCgZvrAKCyMcCBCBqmASEJEVzO8g6XTPxAicn8KCBq0YfTWVFv2bgJEKoY9QJgZ6QrOpVrJMw/zGh9LQwomiDgChHOGxqRZ8pAjJOErVzl4PeY8FCArNhBITTmNgNcQKEDwcBIRIgjQ3iNACkMMbiJ1u595bGYegaGEasZFylxw6Bczy5lKEeHSW0urcoYwSZHebbyrMEVylgENFjHVqr0f1tu//qu/efvNW0JCyKw/9tA0BhCiuSYouq4HkRoIVzcFSCnIGOApm+nqSJhUkZSCGfcwsNEgImste0RMjUVY+HK+iDACBHgppZZJVT2MRNx8mqdlXnLI8mzminDtybuFu5m2bScEZtKuRBIRzDRPU7tckmhbl0Pv+nR6QqJCJcyLlED14UnirW9EWKcpzIfOtYoFuCZ+4Hu7mFka/nrviDKvy96MELs2Tr+jORKEk6uXWgHBmxISQAgzAfR9B4gqEwKYW621LPPN/d2+baZWl/X29rbO0+Vle3l6qcIZi2aqwoRI01Staa1TQGZKcq0VEagUhFiXYttFzxv0Pdpu2/nl0yOHadtcO6idPn3M97YmVYpIhOtykHwJX8OlEbW1C2GZpgURtu2yrKubte2SV4aFrDdTze9CVSGCCYkLc4UA1c1NhRDAy3yc776wvu8vT2DdIVIt7Tbev6EWYL1thHy8vbt/9Xpej6VOVIVKLdO6Ho/Lus7LvKzrvCyH9bAclvXmZr25//InP3348ifHu/vDzd3N8XZZp5ub4/F4WA7rq4fX9w+v7h5eretxWhZkyZmJIzVs7pnFhBgZ0dKevG883SBP0ffMncTRaZkuICKibGcLBCZSc+19nktEhvwi5DszQcisFroeYRDhPdXzUZhzCOra+q5pm8ZMiixClKrNyA+LGJfLue0bl2lel8PxkC2O7rZvu/Z9rFIDAE7QvpQinP18REzknvZ+TaNeCgjDwXSMLtrby/NjqWWZZlWd5+XLL3/sSL1r7633PY1FDhYjrWKZl/Vwc39z93D/+rWGm+k0ryL1fH5Z1yOlMR/Bdv3w7n1EEHKMoOQ83ByQA1yE7+/vu3VTJ5EILCy//e2fHp/OhYtDdg7gNfghpdv4/PTy4y+TuDNGPJ9Op5eXFBaEB8BIzHTAZam/+PlPbODidFU4xLKuz8+fXp4f0zXFRGrhYaXOr169DgiWQiyD0CcW4lKmaT38/u1bDEy/NLMgU2YQZaBxqDHiJEXdLIVk5mFAQiwSEaEmRADculnQsfLtUv/08ZQgdFowzXVE9BAzITO5m7sW5PPlTBmCiOhhAC4kydebK0a+w8DDIQyHnhQCAinCwRGzDIeIGJipWoBhBNrQpCeEVsrh9ublfMkXUHrhaIyb6AAemQwLTJQAUKDft1cAACAASURBVLZKC490mHyhJ47HeFXeOow79SpAyZSZ5OIzaIcRAcktCAZcN17fbshD4p/zYoxofwwLurZK5ZYJERSp0HZGwABVtZSaeKQKnoHybhwVR2bD/eoehBHgFmohjESQ9KNIMc2m+chcb7NU5nvuPUjIzPM6t6YIaJokCrfWx5/zHFUdMJApDGCktSJk9lgigIBEDAhmXYRTZJtfOhGnjUHdIjxjAwjDTTFrbcwziipVOsONhKPDwQPSD+o22LI0toaHUFZDYwB0VQjEnC+IIj77JOFaEjn6WEUEmbXrWJ+uOuY8DpnpM26ajAexwNAYBRFlUlauW4CcCGrO6ImjpyQ9g0ZolCVP/+TXv/706ZO2fvX5QCQwvkxmps0R0XYLd0I0UxJ2S3hvpCETUalsPqhOV+UhIWEkFCnM3HbV3vNuNPPhYjbNC4ogFoCjr8kJ0M2YpUyVIPa9AcQ6zen8Nu9CrK3nx6JEAmI4NRLCNuvr4fjm4c3pcgZE3XuWhYGPmCPrBogMkJA/hGfci2onQuaseQkpUqRY9HwllSr5jBHT5XTSvXEpv/7NX3z6+NHdiBNSDWQI1d57LdVM06qdm561lt++u23nSxK1MVw4qX7L0vGCCODDhJud9DAsyOIjwzUTMVNwgTSc3KimRBQYJXMywnPFAso7LpCIf/pnfzVP8/PLY4JJMLTW2VIBaUzJYSb9AGPDGOsekPDQOCK5DsdeXiMPZ2YYQA2M/HmEYfAjcMsl8voywuy5Dgj0cLBU9CJlCZdg186ExDhKwZjDw8Lv7u48oreG49DMZrhR4TE4tbEnIVxrRIYRm9DdzZyJ3RUC3MzUITnWFAKa+qj1Qe3eWkcCd7wqf3D80rnTEKt2Edl6e//xhwhDEhgiRnd3N8twCYRIi1g3M9cIz05rAMwzMcwiwtTC9crmDzF16w0G9hGQDKxI4ojMtHf9D/+jv72cXvb9QizW9XR6YRYulCmfgAEs22Vzzyr7MUlIKVwqEZVSkDmjphARCF+9eWPRTS3GS7ogs4Op6rwsy3EJCPVep+XNFz87X16yn4aIprLUeepqAIHIai6lMnNc0ZMUMjEiAoqUAG9tS0CJWQIDg9xciAPBTXMLWo+HpHyJCQKysVgKBWI3h4DCcnk5mVm9vTMgsP1wWPZ9305bYEzLTCJFRHs3gHm5mebFzKVMFnDZ9nmZwlUIzi8nN52ncnr85K09vf8Q2lx7v5yT65HCgNBaR4BShIkmqZITJ6aZU9JSu29nRJQ6TctyupxECCH2bTPrpUidpvQ8Sp2SdM/XTy0FuYJTYDrCod6+LtOq2xm8B6KrXl0xnPInzMsbqHu7XE7qtizHm/uHm7v7ZTnWZSlSylTmaZ7LsqyHhzdvHt68+fJHPzvc3EaAajudTvu+7W3b98t22VRVm6bMNcPU5mW+ffXqeHdb5hmvjjeEfKh7hAEBF2bfbXsJrlwXh4wXCQIiGV63z+62YZch0q692TwXA0NI32HgqPYFJnIfsY+qyQAgEafnvvVtb5roA2IwIxchJFNFwnle1/UQFKeXZ+1dSp3XZVmX7Nc2s7a33i2SB756+kREpJZSiAWHRSkiwtxNzUzDg7PFEyIPMc+qSwIAOL08t3bZtpePH96fzi/Hm7tf/PJXy3q4ubt7eHh9/+rNmy9/8k/+/C9/8+/95Y9/+rP7hy8Ox8O83Ny9ejifXs6nl+PNvYhctvPhcMvCGROjqh/evY9Mg0yVAyZKm9K4QMSbu/tuXUoFABH56qt3P7z7WKQ4MI2g7gTiPfPWhoEM4c3rV107IFDQ+4/vhaRrJy6pPABCd/2nf/7LvMfcr1gRkkMcDoenpw/PT09pNyFiMzD3aZ7uX70W4SSK1XxIJwnX4yrz8qe3Xye2XZjNo7d+Pa4DwRkCr9HEibABACHnDAYebk5MqWkRprPa42ZJ2WS9Oo68SQDG5ArMOkDsvTEKEDfrHlnAhJkXlAwPEQoRADl8ridDHjR6SjlhPOUIiYWam3q30GumBiNSYbpc9r3ZEPeYJ9R8RZGukveIhF1cXZgZMAPxwrMvFyOCEc0jfQnjc8FojAGIoXdNXTjF0Ip7YOLZGGYGI1PVAqDwqHQBuGZ2I0NAcmuJTI9IbqDCJKn9Rkgu6NpdADAsdjBssfkGzXICQiBQjQiwDNFC8IAMPDXV8CBJKUEGtHuKxVN/R8xddW8twoQQIbPpONKkAI45j4cjEwQGOMFwEQAjgKcwC2nUkdwcb1rvqUSgISkeilxizApOc787HG6Ox5eXE2QBAebUDhDZ6z4qSpN9kVpERLXDsGR4CsEQ0bPVZWQhIAIJJ8yY8P9wj3giRoiAxMwQntlT+e9HrmtA3gtEGUhqgNcIj3DPuQUCIrpprice7ua5MSJSWp/T5woI6qamRWqEff3dVwhRuZiZBUiR7C6w3q2bsCCAO7CI9iZF7u5vsrItdxN3ZQb5nBYEiERFxNxglGCO5hGWkrLq5JQ8Ip1pZqHqGYGIEEzEQhnh5THiHwGo7d0J/9lf/83Tp0/WuiW3lSI1tXFNcMhdRHjbLqfzE7inGhszDonosypFCiEgE5n7ukzzMpk6AJgHk/Ruw+YRHhB54EegakdiUwOHqZbW90+P7wEciZPQM7eM/tSupRYkJ2ILI8TRXwn5vCMRCjNAWDhd1fgyYsCj1tq1F+GczzPvibOdJuKKjTkLkdCICmC+vb3tSTsEmikxz+ts5j072liS9pDnx0/dFYEQ8ohFYhqlAQQjv5+SzRy3OxJdrS/ZK57/kK9ypMJt72m2zRJtREjLPyAQoANFGAzHHmasQUaMjU0BESJySM5hTtU8LKWWIqzgEFhKMTQ3kKlia5zZeUlSBxKS1Azdd2QKjTQ9DDWbBxB27QRXm3wAE5sqAhKGiLga18m9OzoxB2K4AWGRWurM7KFGw/s9mkEs0RcfpSLaduHKIl015QREVEpSCQDJA0O4KkRIKQhRpLa2BwtaFCnqPYkjQCRgNQNMIt7G6kUOAEzcrRGQQAmEaZqoIDGmfcItE39Dt55Ei3WP6Jj7mZC7j6wvZnPb2z7PC4tYOARw4a59a80s3G2aZjf1wLY3dyUQt+BaSY0B7l//7OHN6w8fvnNTDGDHtu8kDGFcJkAk4SSdhQSZs9x7v5zmeQ3H/bIFp2ypYETvnUXMjFhyRQgDRDBTh9j2nUffGVvvHsilIlLf2wXPRaZS+HK+/PT2gQj/8O1Xum2lVgPPLKNwOG8XDEMUB1+m9cMP78T8eHM83Nyb6fll308XLuXldG7n58v5guFJQvZ9ywMUMMx67zYts2k3G7JcyPYTHS40IHQjLnw5P/J+mdbjzfF+u5ylEAS0fT89P5dpKqVo6x59miYPs0669c1aYZFp6psCdiKZ1qP1HcwAURNWAiSkkkIXM49OSOZhrXU37X0/n2/vH453r47HY5mkt9baFqrkUee6zquZP3768O7dt5fTY9v2BNkjohTJRHxmQeJpLssy16VOc2GpOk/zetzv7i6n0+X8cnl63C8X681Mw8LMpdYK2l7e6nTPy2tCcmvhWdJAGaaWm3SkK8A6krTeH58ut7dThA3XW6BFNmo4RHD6ncEBI88LN1ftrXXtfhWVChOBh3qTWpdpqfNs1s/nU7iXOk/rMk0lOya0W+/NLDKLMD1HiFxkkiJSBIiygDXVpleEafwOAzIbYXymugeXQswFCwgEVCrr3bHUaTs/PT+Wn/ziVz//2U854vHp0/fffvvdt29Pp+fT6WnbzhkOFq3fvf6ylgIRYZlaHWbKRAjOiMgcqmmdQoAAG+qgJHEdmUiDEJCZnz6dvv7qO+Zqjkjo1hPdyYHDR0UaCNO77959+eVDLVWt39wdD+txO5+rLOHOIq3vCPAXf/Hn0zJpKroCMUAtRCDSlQRRuRCSTEW7We9MdDgciDA8NcdapJKgOyCBMPd9J4xSiqpmYRDwEKxm0SkChEWQYSBYXKdu+AxPpCg+FR0ITpwGlegxJO+UMZCEAJjIiptzUCXurjeHtbXNMvbSR2YroqdWyTwAbfD1xODo4ETkahmQQhSYGW3p3cqwGuIsAR75N8rEBYmWKo9PT1IqQHA2qwACOrgLokNIIKoXAI4MoU8ZPu+55wDmj7lGvCAgOFKYIyOSQNaEWQiTxzXrPoAY3O2w3KyH5d377wBKt/jR6y/21p+ePpYonjIK5khsntABI2yYLD0i+4sQAMWsp0TDE86DfMGHqZvHVIupyegiVddARiB0BXAwDMdMz0Qb1ucMyQ3O52rEs2ImDk21dHdGhPCeUY8RruRuo/GKKcARSoClDBgZvI/62RyaYXD+xRzu7u63fQtzQBqtCxHhnQCHK9g9wltvbsbEECkMC7C8xXKjGpm2woRSssgcPAA5BuGQuvbMQwfLDhxM1s9MfUCZkCgiQioDCDFAW8/FMIXaHkGRK0IAUpi7ZFIOMKSvIZAJk5oPyJaG62oRjEhI3ZzIrnnKw+CcNg1XBUBGYS5IxOEAcbw5nM/ntmluLYmJOHp+77230/mcSj4zp5Spjc3a1ZylBoGq0jVADojcwyAIw9zclIBSP4pJpaUehHAu3Fpoa1CYmLp2ImeRjHCQUhTs6++/RxYuCZtGQN42wSKDno2rlQOJAFioq0MEcIaze9cR4ZomGUJo2352nX3S3lgYsstM2E0xfNf+k5/8LAK+++pPBYBEAgggmrZICWIAAQeSuweBBVCAM5SpmptbuCsikIADEGMW7UZSQfkUWQAHIyNmVGaE22U/A4R7+mwBCDBAzbPsIJsD09mSInoRBoTT+SXVOaWwOUAAEUO0qRYWai2Ja2ANDlNijqsXFz4jB0MwCB5pwUix28CbRijHIAryDsiW32GepeFQyeiMvE+HLZmJhAQJtGsu3CP+B4kT6sOIQC5i3QZZhkhIZpFK9Ai3q9TpfDq7KpGY6dAihgMAkVjPxOjxbvCAFL1JKWm0SFYiXRdcOCAQ08mV+cqp68EiHCn0x8+gAfR9S9V4/jtmdvB0twW4m7JIBB5vbv3awkuQ+Wlhqji6EhwiRIQw325KLIA2CBPKWj4qLCzsgEhQWAT5+uYZfn9ELFK6aXrbf/e737b9IjJlRde1Jyey5pcFezcu4pnMFY7MtdRAcjMw4MJmCgjmIcyB2NpOgXUu2j2QwxzBkajOEwCqae8+TdPjxw/vvv+TMAjX+1cP7mymTRsPlZElqQfguag0VSa28FLqtMweAYwsIixpWqrTVKfZwaWKlNrUkAQCWts9lWoIie6USZiy/8+QMQLm4ypVpqmi6355QcBt2xAhuoZD2zftbSoipWrrl9OJiTEyM7P1btEVwBipt/1yPlGY9SaMps3VmMB6s6FHAimEiN7V3dZpwfyYMbS5kZV2Dixkqq2dPGJaVpLCpSJguLo2cBBmt66qwlyKBHBcq9nMDNy4TMvNa23NrXu4agME5sJUmAtCAHrSAVdtIGRGfbtczueX8+nlcrkA0WFZSy3kgOBF6Ifvv/7jH36rl7P3fn45aWuqXfvF2hbe3XqAYWjbt+enp+fH58vpcj69WO+IUKZ5Wg7z4XC4ua3LnAtxhIWbWQRhYQxr1jeZDsgVQCPSZUemHRCZB0435L9JJ7rNc71KkCnAMY8lc0BwDzMLM0bCANXe993NPJCu1vWICNCpzsty4CK9tfPpBYCmZZkOyzLPhGQpyNHulu1jkT5dKaXWWkoVKalZGoUrOCx2EflYdwhnZiqSA6aaaWtFmPjqiQpX9ePxdpoPqmauj8+Pf/zj7//tb//hf//f/udv3r799OH758dPve0EnGP6PB2W+egRt3evALH1fV1vhnQzgomfHk9704ggShMYBGb0m0f4uq6vX78axS4Ov/3tHyAGgJQkEiaUM878K/kMFACny+XnP/2yWweANw8PHz580t6Q0cBfvbr51a9/Mc+ThgGgq2ZHddo0I+K4rE8fP4CFqlnfSxEPN7VXDw/zzU1rPbPhkjRDxLmW128ezpf+9XfvMAfNsIRmM28KAJg5MHIGA8x+b6EieTisx8Pee4QDjMwWGcAYAKIDRBbSJTIMEYieHnTOEgTctc9T9fTwmCNReDCiEBMmyaxIJMwBOY2n3oCyfdkT7kxwFzlFIQRYUpZBaBjmlmukMN/f3ABggI1IjIBMSZCrsF4AOGIRrEyzEAMIYXiYOgEQgRBB+DItZpZfXzeDcKlchN2ha8sbLxzdbSRrAAZgnSph7PuWIrzWe2tnynSbwRYME2YhIYZEjDklTgBuSoCFORNdHDwH6DFkAUBAEalESbMnDZDLUxtRoJ6WYwvo3RJFTCYpXdaW+gKivC+RcD3Mgz+3wBjmSw8IN2JOOYC5RXaBuxMj0MANHIYxOg9hQkSETx/fQzhlFjOECIfrMEB7PiJpK4htb8I8ojAIzTsiQzgQlSruST8SIPbWMPCay+7IiYdmRWlkQFAmgrg7Elo4EUCg5y+MSCIB0Hu7Pp5g+WukWX5oROIayQoJdA6lTl779G0OSioT28PMmKlOEzGSiKpJ4bwelMW7Awn/7BuB1jsAWethkWkcAy4YlEUwcl7qRIhydRlrW5BmwRGEu9EwM6TJixydsy/aXaqkWIWIzZ2IS9pGspU53NxFirmZm3DuFp6kEgM+Pz4xOiFqV8AUf6XwENyGIyIMEttPs6W5X33zRECBedYLALhqmDGXFLQmGwlIoysbh/7lfDlv24UCrvA9uCHA4F0BA5Cu7gjM97Bw2iTy7oNSCwR6OpPwOmBD5p4VUx0u1oBU9yHRiMk3jMwLCo98uPyzCSUVYhzhaUeOCFNFYHSXqRDgtnfv5h7p7sn9kwi5LHc5XsegnzLnMzWOQ4t0HfzHKSfCQOjdM1EEEBP5yuhlGBRrJMafuFQ6VnGsuVebMcA8HzRboyJQZEgIAljqv/stBqSKTAKjBGAIDjI31d0//2wYHmFgkbw1KXcXTMN95ugLSLoUIPmypM4RMQCZOMzDXUjCo1snuH7ygfCFqwYC1cmyqQqG8CkGWZRoYEJz2FpT7cO2A8l+ekb6IAyfR5hLreFW6/Kbf/rv99ZOL0/E4uCp+gpEdSdGRwpEKQyEXVt+5DwibFiXgIKKFEDJ0L06zQDgXfGa5MVM2WVITEKDDkSitOTXUgExLc4sxMJIWGrpzboO/kgKuxmQy1QcSIQJJeVP81S9A0md19VcuzVI4yexCDdtmfqS4bW99XBdlqWrz8usqm3fp2liqfu+i1CEFxEP0KaInEM/EyGiA9dpcvdUQnTtZv7w5g0Q996mudY6u8PldP7h228KprUaSylSpNZKRIFOmBkRGOgBoX3XpkRcqxBF33c3BYtCUJm9ddfGSBCm+w6pQSIMt26NiQkJCKYypY0eEcf/IUqHPiBCOlja1vczE5cyozAggpq1MyAy14DovRERBRELM7p714bh0/GuzDe9bUzkYWZKXKZpkTKnsyL7JALQHca1yrAoN+u9971d9u183i5nc5uWeT0sx5ubu7u7ZV4CcG+GVHDcmKTq2k279r3nvOsR2ltvm/W2nc/b6Xw+nVrb87CTUtfDjcyzqqn2sCEiZioUqvuOXEhqALpqPlgRkQOKewzroTshqjkBFGFzZ8IUyAJ6AiERob3lRfbwpruqQdrt8rUIRhLTvM7LkQj27dQuZyl1WY/rutZaIkLb3rVpt/CkBZFFap3mOkspxCxcEImFClOeAwER5lmBFzYkQFJL7iHIuO3NwwFsezn31k3zCIU6V2bp2qZpISLdOweeTs+ItPc+mpcBU4FIItNcA+B4excRpn2eD0m1EiKSuMfjp2fKsOf0MiHlMNSt//jLnyyH2cyE6I9/+OZyViI2RwgnAoSErmDoTvN6pcyD6XLeivDD/W03J5Yvv/iyVrm/v/vZz370+s2DhyEGM6tZ8m9Zb5Yny+v7+0+P78MhmF89vEZEd/OIw80NMblrvgaZOSIyVvX+7v7x5fzNu++FJJs1IbU3ifNnWw4hUcnYRmECQmEmJDNVy66J3LRhvBwImYuqZ6o4DI3IGFUxEAALSQBg4O79L3/1i/vbm7fffT9+MRiNUPkaRhyJeXFVgA/Xh3C2+UZKXoZO3gkJIa4tt5lJOmpZ97a/nF4mLoUTRMdk3gWhCAtGCZqZZoSFicyWIhQ5hSMjiCCSCxEirct6uWzIiEzhTiXLHNzDf/2zP7tsuzYjQh8FWJAYxLZdzpdz4UJ5JiOEBWPa6jKKEShAiqRdz9wISYgYGdyFiBjMw9xGPvb4WyDjuIWJkSyim/aRpJREAVjkig82HDxJtFhe7rEpZ1gkJKWTIfcY5qNgyxwwJ/Mx0+f4kd9L6nNyfvCeLUMjQSRXifzuQtPBCeHRVQnR3IqUCCfhYT5GLMLTNKkZ4HXwAQzPNijM2cY8MvYoUcLUTVyrhjETe4a2H0ZvA4ySWkyNACIBZfCDZ7xbXg8ft/OQd4wrmM9Y6iUt0gZ4DT5KfRsgpp0KciKsUgCginj43jTl1ym+zE9lFhE+DNtjevbxYz3KVIhoJCCZJfR7NfBnWBCoh2kvzBYAHll3EwBmJlzysyCBpmN4fGkBSMIFIPreU12T32eM9CmVIiWD/BFxLO2Yb7MwR0BmRCBVhQBGAlekzDvOHBdKZ2kt5XBcem+ZJs2c4THZw6M0kt/NTdMEHB7mCkRJemVGedhn8gXCjJFN09qOhTOmnzIRNSsViGGeprzlOBPeKUczAIiwYOHc/wMhC4kyb5cQssA2DTAi7K5SZjNNneF1bwAmBozwKFWkCLEMwySgWQ73HG5I2JtmymJcqR+LEBHEcAeejvcwzCd5/+BYJq9rH+J1dA3IeH4fN1CqEMf9yZxKHwTKh2BYYWJoKdM3k9aYfMkHkszrqr0B5VsbiYiEALDOs6n3vaV8ExERKNRQSAqrKRMTk3ZNIJFZsqWSiPKBVM3sUK5TVdUAYMl8JUCE3vTK7kH+Jw90AwQKMyzy6uHL0+n5+qhz5LHABGNWQWR+ePOjl+fHa4dICubHjYkIeI2MyF2U0xaV8Q5XAg5GCgp1tYCQWs6X0/PLc6q7iIlI8r2FAQTY9/2v/8Xf/jf/7X//P/2P/8P/L6fh34lO4IrtFZlYBAHV3FwTuUm7UrLTiMwY3Q2BhZhrGbR4LciMlMZ5JGSzdFFRoFcpMWzmuVpF18xGYyTU7nWuFqHNkeTp+eO2nbyb1EmtE/G0rCxFauVa1cyHAI7coxZpZmknJy69K6GZ6sOPfm7u+8uJWbS1MlUSkVLneSERj+htF5EAVneU1DOkPR2ePj1Py+StFSRr7fnx0VRdfV3ny+WccbxcOF3diN63C2JSItHNrfcRLmG+HuYwDTNhYqbtfM6pCSJYhuiREFtrELFOK4xzObWj48nwMErUMbsZwtt+0b6XMpVpQhYm7n037SKcytnck2stZh5hGFaOD8SVIttAgkqdp0MpCwmPckFCHknAV80pOeJIag93Vwuz3tq+bZfzuTVlodvjzcObNw9ffPnq4dXh5rYua5nnw/F4c/dqmtcyrXWagVmkIBJimHq4u6m7We9mXdt+uWxmHgB1rseb2zLNERBJ27kDIqNb24IqSY1rXV0iW1cnAABgEtsIqL1DmAg6eDrmPSJxoNRWJvraVcfjnypPAKTgKtNyrGUya9vlxdym+bAeDnWaiMhM+966asKP2VtUpMo0TWXmUtI9jCzMlAEf5poenq5dTd3M3c0NHYWZpWRuWu/qmlvS7gFbO2WzZp2nMuqi0u8QiHB6frJEDQhzx/CwcGfmWqfAONzcuaqp1emQxEcCfssyf/jwmCCguROyOyBYhInIr37zZw7ORB9+eP7++4+FOcVCkNN/WhGHoBOGPhpGOiITfvz08urVqyJiZg5+PB6mZXIENU2xrHbNHYIIIsXTSMLMCGrtiy+/uLm7Ww/rd9+/67ZH+OH2noBqLaUWQCTi1k1E6jz9/Kc/uXT949tvp2mS8RMxneKAGCOXMsIsMt+PWC0DEVNDn5uhE2Lq1jKAphTxDE6RoW5PDiez0wuXNH1FxLb3/+pf/WffvXv/9fv3VSpAYKRsZqSD5Is8a6pz8kHCVJ64RsYk5v8YkAiF2DE9rMxSCklh0aapnybAScTde+8Dm/KoQoVQwm9KOTBOAJWpCoUGBLimigRIkAmTvo+AdZ65cqa4wLgNMMUVrbVkm4EwIAOp2T0IB76jV9lGyqm8Gw27nMNwGIOZYb56EDCAUw0QkJ2+I6yGyRSGNeIaNJneeECUq1IfmboaIFpojr82JHQOEFlAGwleAwCSAURAVwMLM7Poqp1Y3DEy1yWciIEwjSupiHLTVKsg57QEo0GKRwMUZNLiVdKdIoWu+rf/8m8fn0+n8zOXkjN0FdGI8/kkdSSN5gkTGU6MqGruQdcMeGKOfKQzOQCGFDnFP3kopZo/6ZikFps1ALwaLSCjGuP6eOLQwSGNctLrshUYlHzCSP8nwVEIBfGZAzB3qYKIrbcUxCBhEVbVhCrcxtQnyJbOzgghdnNkStQvIva9D9fl51UohslBzY63dz/+yc+++far4/Hu4fWbT4+POa4gALN0U2LMTSAJsqQmTD0ZnqwYEiIWbN0QKZ0TKaDtu+IVdQEAwEy+Su1ffqFozaRyYq7modaT3ABIiUqYORiMa0ijUomYpEiCaF01Qc1cDoiziSL7rBB9rJeEZG6MI48RMR3zhCNgJtyNEQJCWCJTh8wQUEqpc+1qbkZM6aixlPPRsEBk0HSZJnU3d+aR/Gphv/rNX10uW2tnYslvPEUPCGGWlk5MNxpkFXdGUbm7Q5Z3XN+xhjhGZbOROMs8Ha31EQt63Qtz3c3X0lgKAiDLWQOSsGK+sk8RgNlZcK3zwrheFRSp7gaEV4xgVGMTUoTtbQMPHg6v/4+pN+uRLcvOw9a0odNk3gAAIABJREFU9zkRmXnnoaq7eiS7KcqmJZsmZJKW3gwINiDYD/oD/o+G9SIY8gTCRoMWafmhKXZXs4didU03bw4R5+w1+OHbcZuvjerMvBHn7L3WNxI0PCAJsFxDspY1MZnj9bGvh2075UwEgSZRGJZiml8fMTVr1u38sLOKh18yJTKzeD4toob7ENuvqChxCuuyHL/z3R/+9re/UTWeJYuE/SgzEE4yYjzc34KvIYKGDA6imSfKTOkBJ4OomFpWUFHFDO8m4Rev3py3LatU1cz2fRgbkYeHqhYK5KgQryoqzXQL/+zz39zdftFsCRS7EV1IDL1wrAT8ct+3oqwAQsDWW2SoWFQI14jx4tV3vvfDf/T3n/8KrIVe0sKJpRIZAFpFrbfICUSImppcOsYF+JaP6NbGvve1q7XMsa4rYIhlvdLWhbki932omnsA2i8vaw2wWkQR8zbczK5urp69eYOe9z/9b/5V0/6bX/9MzfARLH09nc7b+WxLp6rWzEcIYi5V0j0i02ucdzGpGjH8dDoRhTEJm3tQVXr4vrfetvOpYoYKhDuJWmvbdkb1uQlvp1OOM0n5PjDyjn1UpZmoSjGe0xzbIKqmVkxdG7gx4FxygbmhyM1JSSeTdGtcdT49Zmbvndqi2qvc/VwZKibatLXM8jEyozgP16+YNdNLhVsXW4/HaxYLLjFV7a11aw2P7lw78atjcsJI4q9Krhjbdj5v58fT6XzOyuvrq5cvnj97/vzFyxdPnz9f18Px+vr5i5evXr96+frVy9evnz57frx50g/XrS8smkT78Ajft61iVIyxbWPbkGik1p88e7YcjuE5xokS2dtVfiZm1iZsAkvW5FKwEgB8SE5i4bFtcmmgFJFE6opURSA8xMeIGFPAIERZbNqWtS+LFO3b2bezWTser5fDas2IKYYnPs+qqmJVM2vLofdFramZqXZrCgMmEREeRg8f6E7ICuAiY+xVJNYm504Vwz1ci5oagDtVU7VlvWp9iXLMVSrkmXd3d6roaza5ZG+4e7PWlzUrbp68GGOrYltW2Dsx5Glr19dXX37xpXAxKt9nFmv8+A9+vK6NiPbNP/30Nyq9GIflTAvFPIMVALuXkBYWC2YiIeLb2/tvffx6Kkx8EH0gVnjCQ/Q7dBO3s5E8uTr+9psv7m7fv39/+/WXX9++v6NMUfvoW58svVGxalNTMW6tL0sfw7/3yce/+OzLd+/u1qU/efrstO2/EzRnMXNk/S4SUbWA9SLmFUsCFVGZ4hoRUYH/5NKuitsv0S+TWULJLIlseqZu+je//NXff/mlWavAgAmgtYomEUFVSgLxKnDY4Q4rUesLF7xUQkwyoycrKFklY4RHM6tMAfmXGZExHNUWQmUkxrRUHoWPwovNzG5TrUxMGCwTEwZ+ak0jhggVUexRsykcQnkeYxMSZSlKMc4ElsQZISLWrKjcMQKQiKhQZalyZc0dkxzJmfNyLTIhpUKpThZ5OOQUyPdXZrEZmx8TH5ro5oYu9KIRERSI5kn8qjmXQOU3Wz6pKCpFZvKNMiXHs2evnr94/f72G1VFcimGvKyMdIwbGHCZuOSivAT/oIzUDUJzF3StTU0sK4mVpb745ovH0123RlkemVHuLiw/+sEP393dIQoJlzp/wHMQTkY1UXM4Qy9RPQgsRs4m5IsJu6AIC3m6iLS+Dt8n6jFj2WsKE4B4AoklWC4v/mwSylC0slXggRAwpPPlngPcGI6yOazHTAw3MDNiYSWrzBCvUFn049//w/fv32c4wgaY1UeEh7ISlwk2F+JkjFvNrKiePX2uwnf375Z+yBi774LlRwRRS3B3gN2NdDXjqcViYuas1k27VvKyNGaJnGWp4amzbPhCO+B8SqoMzMeqyPK4kC1UlYF4AUD2GU5VGTMqDTr5MRwHJthcAOp4g7DgRERRKQKcqKw1FYkoMxPFPJ0zyIQpKhDvghkR37+PERGtt4wae1hv7tGa4saJSqKUGf1euBGsSVQy6fHJFbAlVSPmd7dfVfnawEfNDfGDLoaF3RNdV8IM91REAXHDLKoslDkpI1QWAKsXUVuv0wdRwhEvIv/gxUS2wdwJ5lOIuKvKy74wp3Cen34KS1HhAQ2fwQV5yWvGEFCECluEvUrC11VFhaVqlhAn1DWsVGm9M/O+b/t2Qo5gVlmzIh67M1PvDXotj+yteyRVqTFV9qWhDSGLAOAT6FnhKvIRM2/tgidl+me//XVvRihSFxE1IrRFEjNVcm9NxUBcQDKo+JcXRZHBow3GD+4wlnkQCl/8yuZE+zg1bWIqqj6iKkU0wkUlIt0HjMuQPpi2sT38/a8/7drDQ4SQyQV9lLLhLylG80p5uIke1sNyOCC/bUeKtjILm3Wxdnv3LmsTURE1U7+kNiOCXUT74SjaioKZlU3E1uOBiJjYM4+HAzHvm0vr0C+2ZpJ5Pm9XT54erm+W9Xh3d78szcNF6fXbb50eTmPfAIGAQPNIJurH9bD00/37bbiIpA81/vRvf/r+9qtDb5nEpugH5SRR7odDjjg9PvbDKnBJ7gkbrpot60G1Rnhrbd9HVfW2mrGJ+NjFFFQbJVJPL6Hqwr03ylzWNdzHeTNtOCkqk4m2fYvYVQ1JUBmuxCwc4aACEX2gMK7gCNc5LVUVkVDBxZgVjklu7Uv6GNuuym3p2hazJXzs58fWTLQLs8coclVdrl5O3fzSSY3IhMUjRLTpYl0VW8CyNOssM7GeCUBGUYK8r0zPSmXlynA/nU6n+9O27z4GMx3W5fmzq5cvX9zcPO19EVG1pfXe+nK8unn56tXrt29evX378s3bly9fP3n2Yr26actKyruHT2Tct+0UY/S1Xz29WY+HGAPbL1emh3ARmbRGDA8fFwpxJoRGmOeJK9N7b8RFCfAjhdndt20Ln63AH6Axbb31RYTDxzhvUrSux+VwaL1DehvuGe6ZUBhb78u6tL62ZqbW0BVpxiI5FT45cvjY5uRfVZRS0wrkvhFaFFSySkX2sbnvzSxiEBGLNG0suh6vWlvCXZgNjRPFD/fvVQ3RXlRESRFJLEtbWuvEfHPzbNs3ZmnretFsJDNF7od1efb82f393Rjn4sx0a/bjP/jRk2c3m2/K+h//5pcZQpclZtqgmGrGDs5oByU8lQmoloiFdQyvqlevno0MRegJA7CueSlMyYFMtFJIrXqXX/36l6e7Rx8uTBEV4U+fv3rz9rUys8jwjCgkqnLx1eF4OBz/4id/hTdsO589fKpriT7UCCLMDpoauP7DEy49tKcxzX4JFq5Zm4M/klgABzKK4Viorwsp+fCaJWKMOIFCUPKF5s3Jrc7zsveeWRVTalJVapyV4RBjEGZWnaE8BLXRfOcnPD91GibCwgsWzKImbJnXpte9VcU+gkT2fS9U6+jMmiOVfQSLJCPRnpIYsWxCqVzIacGeLEweAy2TTKyiFBQV0MFA7dFETRj7dlYgzlhUq0oV8hRcy/HyeHUwexwbyBCPKEKIdhYCaoLDB0R0OC15BoQks5KKRy69HdbDw+lENXuNPEOnfzopabjD4ZGQlQmZCgasZVmo6P7xnlE3TMQ8K8mpgplMdIaHVNEMFsQ1f8lVDJrbIGOJpYwslOyy7PvGLD4iLsocU93drZmHj33HC1BRU3MYwQiax88qLiJB6gkEPHCGVEJkxSrIg62ZZiNJ6b4RpbEUsU6gFYg+QbXJLESMnNdJjUz9DD5bsHrFIlwJN3UR8dTXlfUuyujZZFIikH1lH3RuKMzOqTUfHuftEQeBEItJZcWI9dCEYQtM7H00iW1W0dvb2/fvvl76MsY4nU7MbKq2NOYCJsGXk+fJk6etLw8Ptzz9CRIxhHhU/vk/+2ff++R7P//F3yHomKaEn6x3qkyvvpiPNOMM8uEY9pC/0tflcDje3z0QoaJYUJ8c6XjfpYkyt9YRJ1VErFNCdul5wIRFMTwBd0YokZllEUqsodEU07j0OFSRKdoCKilgOsNXw8QezmIQmppZW3tB3DlBlmIh2JkiMqnMhJh8zOTACBdhpNcQ6qJB0FRySSEmi2lZDyI29g2Ne0UU0AxA3XjZ+YFyR83OTfiYskKY1KkdDsdnz988nu8vRxZdwoYx1OPHEc0DdQLyH+Qn8+rCGUczFExYKsq6ibWIbM3wzJlKaw1g8iQR8UbOzbpUtYh9c7j3GVdAogkrhWX2bcP/zMLKEcETVM0kUtNnz19s58d9H4w0STOaak5k1s3ek+mpEFZFHmipMrrZpYQ/GFmwPRfISiYqFW5NKcndC0u3zPjUqJxI2QdfDTJXq2aBQU3bHVf5vs0M18r04LluMNLowCaomTalKtXZ8CykCXQZPFBWa72q9t2tiVl3n/VJ6dH6gr9n3zffo1hUlGGUYQnf/Pxo1qhIWZfDqlPRQiSsZmrdrBVJpPd+FO2I/k5iVrVuJGL98OLjjw43T8LDT6fw0VqPrGVZt/MYYysk4jH3po/bafN89vxFEY3zSUQyKjy46Xo4nE8Px+ev/8V/969/+h/+aj+ffWQT9m1jaUV8Pp+0mXucz9vTV88PT2/u3t9RJBGriYoJs61mvalpjvHy5bPzaaeqqhCiDN/P53CPCvAzcE4CVais1tREfNuV+XzeKvL65irC99MmylVRkcwZsV+EbwUpjKpqs0y4fnNtCzSUF3UsnvG8yNMvCaczStKjclkWZotwXJ9EbG0xa9v5zv0kYkSZuWflcv2SEC/XzD2kMsYYYygLph5tKqoi1vtqraH/CwQXTwRqtm1gRffwTBdKj3F+PN/d39/fPZ62UyYrq2o/Hg5XV9eH68NyWHtf1GyCbaLNzPqyrofnL168fvv2xZs3r16/vnn6ZD0clqUf1u4ZTMzM67L2q7Uifd8YcvUK4vKkZp25uKY2WPAuFV7ywFnFVGpaWVwEQMnHGNs5kAqCaVyltdVUK0eMnYKs92Vd27rwdNFR+swEZ2Hrra9r74thGW0NzhAE9Hrm7rv78HRER+c8NyYMLqKZucdeSSoKbzqzjLFXVWPdx+6RKgLJdVvX1nqEK1NvvVQrct9PSNJUtWbKQixKTE2t94WYnz55sZ1Potr7WlxSmDpSVdzHelzfvn17fXM8HJc3b998/3vfWQ/9dHo89OVvf/ar+7tdRadkYU4qH4RhOJUmA0qohRLBR0NUqu3u/v7585tl7SQXxA5zDfMlku+CDVUyyeFwWBf97eefJ9G2DzXJIjH9+Fvfur663vfRWmdWa+3Z02fXx6vDsn709s3/+zc/e39/Do+oiiyAoCwsJGxQLUkRgUfD8spVoqqtQV2asyuLK5OLLwQLi4KkyfQkxMe5s4i2RkUxM/KJkjgJqhjii3V1rg9kYshjMBEuaiqqCnh4hiTPKz0yQy5qUBVpYsa8mF0frjyQIFWVIUxdtalQpFRJ5EHkILJAViSSzD5tPJSMW5IvMgMiFd93nFvCnBXpbiIE3bMwUzXTiiy6IOpEkKqj8ZgrhUqJDdKmiESESBUIL4XffXLe1FSWZg/nbY/IIofxWDkjA9+UaGSg3y0rs4qZMkuEivEF0TYGSVXmiGAQkvhKJ78yb0oYliIyIBGq8khVOZ0fTw93JnZhUFERwlXw/uKnMLJf8HNgU54NssRC9UFaU5kZKSKqsjTLKCJ85iXKwlLhKM+6vbvNgPqcL8PKvHZp2nNRjpFIfs+o6aisYnQJQ0MmM8uYkpgTYpjKkpru3iIWkawLYkhEGDmEuWruPIRApsSsAlY/q7ANTm1pkapQsTUtj4qahtdEm/L8w2GHhR5chSOLmR/v3jdrquzuYno4LhmJggofe7cG/EOVxZSriup4XElIIHNSEVW0fTFRZPoIUQHOwkRtadLM911VizkrRPRwXCLGn/3pn/3g+9//f/76r6tq7ANwtVlb14WJhw8UkFkzIJV97e7YsmrbzsM3Fj0cVnc3tapikZubJ3AnQbAJ4+DYXZC9QuWZiupHJp3pVqoX9o+owIWqqntMrL4oCmXtTJUzWzYcw7IAVlcT6MCFK7OvC1Get23mwzKJMMBEKqpChTAzc3iwQhk8kFibmUxcASAZiLbiab488lWTVEMbxiQGZsCAFBcflgNd3hpRYSb3fYYmEKn2a2nLuh4fH+/xIOLniRlGfqKqRIcXQXiD63Y6SgnuMXAihlFywnTF/bAUVXpMoriYWaoKrbq9zbYQFp1FsIWhHy8Xzp+sKjVlVWxF2JQLgs6iTBdh1alcAW60bRsacIsrszzSRyBiC1IwvmQVEwz+cz9hTO16+U+JZk1pVuDOMxG8rxmV7irSWqMZyUV0IUkLgXRKwgoaFQyRqMCM0ntLKtVLCDoXZbVmM7aDCUQVFZqhkZwwoRMRMbML7iVIBU3Vb3//Rw+nu7Hvy7pkESpyVPm87z68LwuLMhHYBkTtElFfVhzSEe7ukZkjSJRMWRQnfng8f/PmcH3Tj4fzvrOK2UKiPmqM7Icjqz6+f0c+IB+0tUN1HhE+hvsY+w4cQk0j8+bp876uD4/3mY4RvKjcXYilLUu33/7606vjcURmUV97WxoRq+lyWMDWeYwoJuHjYUU1dyaNrNY7VZ0eHiqcic+Pp+106r0NR/Bz1QTfXYiY+NXbj5b1sG07EWd4ekY4iz5//TzCrYmPeP7qxfH68P72FirA4ll9lJFMpSrCOsIzMzIj4tBXVZCPU5I511V8r8KZlZlqygiMct/HjqGnta6qGZ6ZLF2lhW94/cN3097Xm30/q6mP4du5xjn3vcqFiTL3fZvzcYR7ikpb1+VwWNaD9o6eb77400F8EVd47Ps+Rgwf2z5Op8f7+8f37+/f3d7d3d9t27mq1OywHp48vXn2/OnTp0+vb66vrq/XZTkeDmqG66Spdluvr67Wdb26uVGbRxsVHa/X6ydP2rKI8Ng32IJkxvDBNlnKWpF46bBDE02DpccwhUydIj3ct+2cPoSh5VOzbmxUFLFLldrSl6Wvi/YmSlyMPZOY1aS3tixrX5bWWmu9t8Vs7r2VuY99jBH7yPRKysy45BKCGgUfTUVR5T6qSMyA2anoPjaWAI/n7sS09J5c6/HYequKLDFrIm3ftn17ENMZCJFUyZXlEUvv2rsYXz95tm2Pqs16z4o5dTMBZPExMn1Zl6vrK2ualfs4Xx2uf/nL3375xbtmDZznHNVpwpsM+GD+lPlOgPuV+b8p+I3T4+Pbt68ynas8i4iiPiCAEBvXVIgWHQ9dOP/+t1+Ej2VZ0O7Zen/54tXxeLCmT2+uP/nWx3/4hz/6kz/+z/7zf/KHb16//nd/8ZNffvaFqjj6QS/A5JRYUESmMqOTq2ou1aJTFBEeNPWP81VjlNEqsaB6mlQsK9SElGaBdNTYd0qsDFmU1lREouZeU1POMW/1oorwMQaMb0XUzEBOg4WgKtRTimC3VxGqDKpaWtv2EVC9wtYD9J2Us5SqEfUL1F2iUXTeh2dpM+apywr3nLMnRaSJlVBSRdTU8TO13sITqeTQJqlo0SVekGdGSgHakWpq4AAhzRXciIAeWJS1qGImn/JpH56JNcOrimqgkNWkmDOzskyghvyQ/I8GsNojo5KIPX1EKitBNUGQG9VwoNkTuY/wzOAJlJQou2cTMWlZLIYMcamI4rJZH0ARnpWiLCQiE24fvhOlkGRNNZeoMEtkqqkIZ9S+7cu6QOA+r37+gNhkWzqTQMSfMd8+mdsHI5Y3p7qTLug+5tLLEERMcx7IqSbkqYYw1YuUfD5qVIGxkJnZoPuvDw/Ysq4i4jGQd6Iq2JmhC78ECU76RVUqyTHvFkMNhec2IsQED0BVtaWP3YkKHCkLhydEdGPfCTE7CLxKxM9zRRCpR5jZGXF8hD+JiRl3KKwpl1ezVOTh9Hg+PwLzxtcRmWOMvhx++ZvP//Lf/5UyEWVG4rKMCN9HVhLpvg2IIHCHZqYjRDPLZrMHFVVkZKaoZpX7Xh7Mgpq2Cc6KwPhLCPLyQrMjsUbUPkKXzlyn8/ZHf/RPh/vD/Z3+ThhNOa+kWeilwqZGFwm5Dx/hQmKmmQn2mIg9AvEGh6ujb/vcrAtMEatoRiZSKKsEgZiI4ooSFVaFqL6qTMDeTJYUpb/MnIQ+OAXLhOwEUel98eGBwgOZx4EQSpRJinQ5Psvw+/tbYRIxZnBKqqKRQTXrtFgvfQ0AGQJIEHBvIaEKUhZsSL03syVjZBbGINzmjL/+cohHVWUQzX2iLjXFoO7Umgqj5E9bW/qC1h2aTC9oAYrwiauCISmaLdDMM+JXJkCgovi9XJN9EFDhzCri7sqCTxOed+DyDK8Ns5L0ZpkBq5lMvAWkc0HSQxMXLKoiFYV7eO71kZVztSAWlUiMrRXhE0tAwUpVerKIsSQ0/cUCzLTmFDntASJmjURVLSlFNTNMYTEJIVGz2UEtWpmeDmkpF4GzYyz4WVTc+pKBzgfW1lrrmSRqy3pkldaPI2ofe0RVxLIszLouXUy1t8e7+xz7utjwAK2KShIRsd6WdXHfmCsz1sNRMu/efflw//Ds7beX4/V2em+m2rqombX7228++7ufXR0OidMxS5Uj4u7dXXj03rft3NRi+NidojjidDpfPXt28/KjdVnubr8Wlso0lQgfu4twM8UELcLwrl4iMDIifPjYz3imaKZLR1XV2E8PpzE8c1Dx491dayaiOAqJEh+1XF5FlvmMHfqiojVjMqb5H2gBfgmuGRyawqImFOijG7FvRSXE1izD2XRZDmPfs6KqmnW1I1Nkpu8n5eL0GHv6yLGHO+Wo9DH28LgUnSSwDBFrS7e+SDNlBQNZNBVJUCvA+Eg4KIrG2D1i37fTdt53P22P523bzieQ6cfj8XB1ePLk6YuXT588e/r24zfPXzzPqpevX6i1m5tnb968/eS7n1w9eTI8fYzz+SRUx6urTKgwIwegDhc1Lqp0EcoMLqQdQ6BORFTuXNVbTwpsN/t2JiLV1qzPKusYFWna27Jo69Kspix+BgBba63Zsi5LX1trrbfWzFiFKd3dw8N33z2cCEFDU3YqMLzy744ZTCcZPtwpyayZGTxIp+2kqr13GCybWe9LCh2OV6qtED6NlMM4391/021BwwkzDAhKLNpMmMXa1dXT83Zq1rV1hoJhJnmjq7FwLw5sm1SL9c8+++qz33zZWo+caJMwM1dNvSbwJ2ZCQg7QRog4L6wvERSi5/N28+TY1x7TwDjdRiwys6GpKktIInJZlCu/+vprZWmNMysyn1zfvHj67LD273z74x/93vc++ej1j3//+//JP/r91y9efP7F1//z//J/aG/v7h9EDPwPdD5VlTnW9fC97/3+V19/qSJ0yS2SKTvlqTP/sA59EBZXMlN44LsvoJ2KoDgYAuAHZtYp5iGgqh8yiDJofs70wfuL4WYfY4zRTIpg08SHmZUFCywcFspoCKpuBuNgU81MFS7PJrI2laK1mRr7yMgK4vMYWxQxl3AxuWdTYxbk52TVvHtmtBhCjVRZ5rBVFVGAyIRFGHmIH7CxKZKD3zYy4QgRuVD5gSoJaWpwCaLss2LypEWVEHfPYG4i4jGSEahJM+kDH2ASsfDwYubi8koSFhLH+4hqAb5A8wRREpLUiZCeWaUiesm2ouLhbqrQ4DA0SJd3Ef9krDSI3xkxXr56e/Pk+d3dOxW9fACFyEE8MwiiIOZ936G54aqMrEqo8iYAiUsfIHzNAT8iVaeE5vKlE7Gsy2Hpyxg7izC8qvPfOLf8GU+cRYI+OLp8oWC5mGbbwuRBGXIMJhHxEYH/S6ZYA6Oralhr8b9HJkvhkUBpuQpDUI05iZuo6uGwkiirjOGqQsJVkVXTnUJzyVFlERWSSzsbU6WaZfJ6ta5r991xIIjw0huKGqmKVPvSgZng8RMWw/OcoaZEykRRCVXJadvGvvsYkbPdBOlPopqcVWzNgLL6HmADIgMKtPAspn3bzRqL4NJLr94bhGpUlTE8IiJNNSJjy752IMenx52FrPexj48++Xbry/3j/f39+4eHW1URlnQXTOxcTNx1YeLIiHQo/1kkMtrSv/3t7z083NF0hjgD3635tiK/CBohNWHWaeOuEmXkW8jlIhbM2gr7eM6fSYntDocSlHgQ9tIU7lPMpFehKmu2bRvm9vqQDwh4WkiEVfuRPNHYjDUWrEgGHM30Ae3nCyNAhVOEVJHPPBM7RSCryrauwpy+83QSyAWBwplFoK6qSgjHEdXvhG4MmgOdYRDXRcbwyEg1HFZMMwArMZzjG6+sEiqCA5uI2MxMLLKIUrF1hBMUADSnsZpXZ12M0ZMvx0WYSQiMpro0oGXJhUuLqqisDBZVnf8oQkNN0YcvzKwJK86UzGLOefII+sVArADkL0qkA5UAF2Ked18VikUyk7iGDxFhs8jMcGF+uL2tDGZ2H3TxQfE/SPkkIimmpNh9UssqmZRUqo14rvHLYfWRWSxmbVn6YdW+Sj94pLsfr5/ZcsAW3JY+9r23dn1z9H0kGFmSpfXWV+vdd1/X4/MXz8tp2zYRGdtGScfD4rEfbp5aX+9vv05M8wz4oY7X19LXfRvb6bzvezOhYrMmKlW17+cK34Yvx5VZYh8levPspY/z/Te/LffDcY3MjMrIHLGs67r283kb5x36wt47CWxzEWOPHL47kmNHOFEiqSk9iEpIWGTfNmjFY+yUySS9NUZlDMEzRN2mJ6SpKk9X/ZS3zTW6ZDZ3FBEJ+iypmMWsAfmsCt+3ytTWMqkomaSCqjJiY+nL8YbIxxhcUZUeI3NiZpmR5RGe+z4BnPM5fB/7XpHF1awt6/GwLq0t1pqaATw3MzVVa2KIX+usMtU967G1xszWmjBnlnts530/b48Pj+dtdx8ZJcZXV4feeDm0ffdPf/53v/jZp1988fnt3S2zvn375nC83vd4PD9u5x11qxmR7lQ57X/aiHD0FXFNsW5dEHeiyn1ZelWh3YqxAAAgAElEQVTGPvZtqyoVY1HKynIqUrXeF21GyHorfLCmor33ZVlb68uyWmuqIqKsXJER4eFZxXThaJhNtdk0UhORiZgJT3PmVP+DLcwMqmzWkRtPpPu+M5OI7r4j8Lf3tZgOxyci6jlwXRJVVhzW4/XV9c3TJ8erK1sOh+vrZb0yM0BZarasV/t+bn3V1gBXYJQA7FhTfimqkkTN2vv3509//iuVBrlIIZgE4iSgmwUsBtg2ZucZwFR5EbQw0UWmyJTPXzwNHzj564MbD1W4SVmJ6+jJ1ZX7+Yuvv7k+Hm+urt+8fv297373hz/47sdv37x88fyjty97s/fv3n/3u5+8efnq6nj4i5/89V/85K+33UnMmtFExgROeRHR1h8f78M3pBdBuVRZRMnzzbqIY5iFWIWzBlUC4gJ6nVWwDZTDICQMtyv28smHcSYIPVrWXlUsyjOuJPD65vywyExZZ/8SAPilN2byffJRzMj8lSZalFmBaHzKAtBlJnLZpZIqipxprzqPSEbVHO0RaBcyMbDAe4zC21IJOJOKRKeQKxCmjZ57Qvo+lLM1MQj8K7KQAIeRBGwqnkVlVdOqKi74TESlsLQUhXuijJjQTUtEjBCKtWkTZqJMguh/ZDjsrEwl7BkQo3gW0HNgKGDF/8E+TcjbisxEsxC8Vzj+pt6AAJdWxZSaOIQ/E3QX0mJS4qJqzdz37fx4kQwRUaVnCSlrZsBmsCydiMdwLgJgjLcsZ9lANTMi6r33tniOKY9iMW1m5jkwTrGo+1gOx6UtY9upioUBVHNWJSEXUZBsVckXXQeoEKBB6AuuoohkImutadtjYCSj6bEkmsRe+awsSBaJMUSZqJgVcgsuKEOKmWJEZlbxtm3/8s//5H/8H/7b/+0nf3k6D8wWGQ5nI74QLButa2sGjFeNpxGaJLKASbl7RUUl+kAi8v7usTVjlkIOyoUVh+1tPS5jOEa4GAnIzd0z8/F0iiCzaa3gi2IEaTpAaauoIpF2WFUI1ZkiKyRwMmXh72HmivAMV0C0MoNetCEZMvuhK4IQ4OjNIJH7+7txPnNdog4n2lKXaikG5UxUnk4XsBzDPTHtvvm2Tc6VochqkcnGKlaZN09umNl3L6aMFPhJavY0qSqxDA9mIhaeCFZxZUS8+fbvmS33D+9xjhexiur0yQApRjTW/JOzMsJVxVD2ivMKsncgkERWmSSVRHM3qUpnwCFkVkV+CbGqQpxyQDE1X0OslUUzPI2Imcd2zgiukimcwiTKSSwzxIOF2VrLYh9DYexm8F24uAHwEBWTClUpM4mqUJIioXIuHaqTZJk7BtYghtpuUsOcCRkPqFSmrAAdUURJ2aWxaLqrWXoVLDPFBMo7ilDtFVg9JkhGyC2hLBUUHYAkYmaQIROvF4C90q0PH8RBPHPrqMrUCB3mSGAILEKCNzmJgAW6z9AoZgofVNxb54K0yKuqvERNRNEOg/NLRdvSqXjsTlNKzVfHdWxbP3aOZNXzwwn+NhIR0WD25GC9OhxEdRs+gkk1IkUbSXJbv/3JdyPHF7/4231/kL54uuw1RmTVerwSkuPVwUVJVK2dH+6/+WaLCCIFLm5r2zyE7ZvPPzMzCbLecY+pyuHqcHxyzKAmfFbKzH17TK/1+lpZt/NJGPmM2Zr4Hu24NJL7269P9++vjksWPdzdswj80GKUPrZTqUg7Hk3lvG/E6DMfxNSaVbEsi0dpl6vlMPZzBrIhq5LUuDKIKivP24BAlphV9fHhofVmIqMc7LAybT6qepaihCGyBAaepKQ0bZGb7ztxstrSD9ZaRooJjyiqDD2fHiijEhJS9nAxiUFEpK0V0b4NjBhjP+MiEUYCCldEpotajW04qajHmcXG/thtlesbFlKz1rs1Y5H0ICTYEmUVQhWIyVpb+rr03nrPdBz9p9PGVACNGE0FYNSY1sP6/d/7zsdvXr6/e/jVLz9bF1PJb7762n9zzqpu/XA89uNh6etXd1/nvhHT8XhQqdNpr8jab4uZuINNBA3MkDqmJ6EFvPZ9U+ERG1U2NZoqWGrcSJW4glNxwoXIJbJBZoFwctG+78yMuSeLiUiVJnJJwiwqpETMxczKrGVVs2OSmIs0IihohCfvJCUiGQmdZHIxBVMyaXpm7BFOqlXZGlzCMclQIqJkaU+ePWMSotzHJpFjP23bGH427Zi0EVWMVOu51BNlEqOhVkmYI9JElc13/8XPfi1kkA4QuHRIQfELhapmPsnlX80YRS4hrHgRcZYXsdzdP6LeBNcgQBOqYr1Y6ADaZ14/uWnt6vrm+snV9bouy/GwLP24LuG1Htfr66vT6UwsH3305nC1rK1/+c27vrR9DhBCVZ4REcCrRCTG2H00XaMCRBZWTRX1PSZMI6WqsQezbGMcro5q9nD7tYpNYpaphPADWKWEEdkBGQYxggCKPFi49QZvaMYA0Y9kwKgUpiQR5Szaxs5VFUzCqjz2gUgfIo4IKT4cVx9VXNsYlSk0rDWhFGZbWlVsvptpUvkIx87LksIjQjLNWIQ90314LhMjm0m5RZQqlsVRiQyTrIiiDNJuKsqRwFGJODKZgkFHVxHXiGw8FcoMSqTKVKFH3WJQElOaWETiQfHhU/8GkpAJj2VUCVVnVpGH/eyeS++iEiVekXDeBmdREnNURZKiTgFPpGZFZSmLKsNCBbSd8JAzFwUw0ajovbsPjC9FAp+6qEZwEQHiLqkqDkopvbt9776tyzEi6bIsgxwBpKrEvdvYR+bkWKByLrhQL/V2mHEys7UeAZkTCXG4VyVl4lDd9926PT7ePWI2YBIxKSTKcmWSMMakrLqk9qARabaJJ3MF8rWThYm4WxfTs2+cRFSZ1RbFaFPhWfHq+dsf//AP/s//+39VRsYlCtNnmDUhWD4pZ/IPEXGX9W9/9dnX/+bfetb1uj6cHhL9WmDck3wf1hs+rfDa9t1UluM6Tme9gBe89kzazsNMpynbRJj72rAAE9G+7Wq6rMs4b4LtR1mVqfiwrg/++Oz5MyJ6f3vHIutyoEpG+kukkooZbCAYvpwI8ZowoUWEyCxaY2YzoWIgccIc6XKpE+e5WpGZVFJ6ZFQT3k/n2N2WRkxjuAgxG0PTIhgyaXiqCGgNAClVufmJSKQEY7tHTLQ+83x3Z2qRMBartC4iw4fCtMt8Op/2bS8q1EzxxC6KNTlYReCDQtMIXWhJZausr778VYabKouEO1EFY1adJC7EswB5mMta890dvGRiWL0g3ODXqUyslXsGIrSgZS9msaVVTCncJQgY1gie+d2TAa3K5IsFH7cNIeUTIdky+R9V4/jwrBO8tzWyUCMMSnpakCsppaGiuaAQzQwVmflcCFlMCiKSQmKqqSUj5RNqR3Z4qSggoQMEUpADiDCRV7558/G27e/ffa1NkVg6ASEPqGUMoyQVQjZZVZU8QlnEZIxdTZkK0VdcbGJqyiXDd3ySRBXplfVhKi1GMAVlZuUQsXQke8x8ACpuYiySYyeaMcZBiZYzQHCmSyYFnoEL8mRmGc5UcbEieSRUPsntxUcf3d++P297M0Mn8Pa4CWuxsnAE9UNTteF19eR6uCtpOx6SpB8OVMUlL54+iWJb+8vrl5/9/GcvP/7BP/8Xf/5v/83/tN29v3nyNDKLKiKc+x/9yZ8e1uX/+t//nfm4++artffWu2+7GDYqst55H7GfiWkfebg+3H71ng+NmGKTu9tHjlqvlwFljWVf+uPp1NWY0rN0OfjIcTqprbJ033ehCsfzVt3aoLFvuwpFOYU8efpEmB/uH9L97Glmw/2w9tPuyiom66GPsSlR7O5jqJmqljALj92Jqyh9H60pB7EKUbPWzRSNv4CwPABWzXZDYuji8MqVifZlUbvat8fT6YEyHu9vVawvvaQlmF8mLhFm97Dew50m+4zIlvKIqGymue2QC3LN6GJmcie0AVSWmpFqZaV7+qBIFqoKu75qS1ddKoutVRUaQ1jQAShQDj2eTg8PD1xZFRljeKTPGAj0QJN8mKSTiN9989XVn/9X9w8nFdmrbOlF6kWV/vi4nR7uRGS5Oj59enN3yw/v3yvV8XiMjP3slJnbLfdr5gX6yEJ8KlFBZ8gUKfu+VXkMF5bIYriFhIKUI1B0MAGLmipSIDYkwtvGCEkGW8dEoOSQflIsIlwsMJ6KCMvM6r/8hxVFLCocFFJMKcLK5JCiUkTxB4mJLG3JMVh3IP1aZmqVOYPP0BlYvJ/Htp1Oj+9nyGyluwf5k5sXl3D0iZAyC5JcaQIjTJLIa8dzo8yf/vqL3cFf0UQamYrJWJIJQxVl0fzXUyVfBiMQogzR6tQqVxGVj/F4OrXOXFSCbA98IJxUJBUXofKLZ89evrx+9+7WWK2LmJm1zGqtKYtv8fj4+OzpC0r2fdf1+NW722BVqzqPPUuJZaqjwXEyETVbiKXCK0vFuFFmRGQJUc4ouXIsK4XGU5joiVjViosyywtRSExcAfMgEVIjhlTm0jStmEnNzqfHiprNuReRj3AVzSY4BilFpPh+RGKftmMT6aoemZERA6VAokzE+74bI2GdqDgyx/CE9ynhUeYgqpISzqSgQmIea4SXkrb5+5KCTa04YgQzlEVGmX3V03beiw/LQYtGBqtKilAJq8esLQYd0tTCGQ3xcokmcJSXMzFz5KAQUolIEWPIYmvWeMG0ZgyEAo3f1FpLriL3qiKG82HaZ0Nypq9WQc6okhnzMuMqluJMHK1FRGgCqEseKxHzk5uXdw/vttPGzDV36amknOVEJOHEnADdhNmkJ2RMWcmzDSCiEGUemfseSTV2b70BTAFaB7k5l7GGB1wM6MFU4LIsVUTuzjRP2h/9+B///Bd/QxljDBMlMWKtdCGuWcowtRQVosqiOk5nDKhwpwmB+CCaWzE9nO7mPFf8AYFG+4qpCtvd/e2//w9/2UyFNSJUNCKrcrg/e/ryvJ3DT6UqsB4TocbgP/7y84jfLKZUu6nExQ02cwgVLReWSQWfQ9Z+3oXEI7UIKnrEqxSRaQ/3sfvxej0cj2PfYVw3UxFR4T2Rp1j3707IkDw9nMIzxp7M2zauro9X18v93X3lTCFMCkqBQpyoiB2cHnYp3FBAjBEhpZ2ZOJKU1dMBv6MbawRMHVxZ+7YzCzFB1w+HGeAmDMfWGxM9PNwvh0XMaBQV1OugrckrioKTzHqkFOcU6GdlhplFMRgqM61k5urWSWrb/UJx4+fp8Xh1e/uei1pXbE2VRZdtjGQuW1zpQcxCHoQxMoKgSapy90k3MKHOjyEFVHA+hPsMEfFTJEQT8ypm1eW6CCNKiVxim+DzrRJiFmUWMS0qVD/SdKBfco+mBn/uBzVzSAyswJS84+MuzhmTjI8oqmrWCVMxCUTV0Fe9efXxd77zg88+/42KVkYhnEfw4WZrjSYiXsxs2kRbJe5koUtAfsy0Cgj3SJDwRnTR95D72PeN+JKvVR8SgRKfgprB54elPDJRZHA4Xh2OV/t+umh0iC7wGXQ7kJ5eQlcmrcgiBFM8S2V5OJE0WyCcJJGJ9oG+SzSkc2bBv8vMiL+FO2iEew5hVjWevCAY7nkeFjafuboJc8ZwyhA135xJibn1Lq0XkZqItCy23p+9fVNEh6ur3o/DqfdjkRbR1bMXe/D93cP93R2LHNZjin7x+We+h7aeVdZbX/rV02f/5Z/98x/98Ac//elPH+/v9m1X1cokosNhGSN825Rp37blsCzXV8R07HbRQfLYNg70XPPheFUZTPLw8NDbYs0yo7R//8f/uJLev/tKWgfc0lr3ghhXq4iyfN8xzezDhTgiHh4eicqWxoLVrG6ePPvX//2/+vkvPt3OyJTMcFdlhP15jAqvzKWv3VqWL61lZjNhlaubJ6fHR0jCkBOHLX/tB/Sdc1JmzJNfdWz32+m9j6Hae19FlCL2cSr4WKiA0IbveKtUDesuTvyMXdsh2Yi8ggKlqlJEgijJnOmDQkXa13a4FrRwADgW8t2r2FrDMOgR29jHvnvmiBju+7Zv23k7nR7v70/3d6eH9/d3796/++b9+3en+/vz4/12Oo/zw34+79tp7Ns4n06PdxnRjIn17ccf7bsT6e3t3em0byM8I0aoae82xvZ4f9rOp3Vdb5483bYxxqlZq8ykyrERFVGH6gbh1ETBlRTJsHj5OXJ80O8V1wzOmgAW5G4zLIu4CuF/OaPDKYkoQcdAuRsVmaAyMxMLeSZVOdSSRZTuDl8E/P9ETMQ5rY9QA7taIyoRY5JtOyMEmauWZTFtkBEerq5wg+E8xPnz2a9//s03X4x9gFHZx4ZfYf3Aotb68XCzbSc06PGEYwjANtS5cxojpsxf/OIzEQOKIVygqufJwDwdvswkdQGJpsVwXiDzIOY5cRXENvHq1VPILZgJ5QnQTuL/DZFJFX3n22+PhyUjzHRdurZeRb0v67KsS9+2bUT88X/xT7/1yceqKmJ//f/99Be//Czxe3BY/c5uV7PnEN9CuYnWlNsy02S9iiAPZ2iTTPXx4XHfTl2XqksdZUy9+gyAoDIm4lKVYkEdD9GEtDwyI0waExenXMRCRYQqsrkqTYEUEVVFyiRruZktvTOXj31GYVSaKVeFZ7e+LD0jiolVkqqE95iVNsQUBT+uoGEKIuxAwkEVi0QkE6PwO4k8J3fHwioVMT75/o//03/yx5/+/G966yLMSUqkkLsRcrdYqriYiyqqqSgzHMiUhalaWJBoBGE/E4tyZjnUq8BcsXEhEaMS8llhcuTyYjJjmq7NKkqaSzcIpMkxzdxOmgUpuOVoyrOgQEb6PFcRP57uhm8qDSto1QUVmZ2VMhsFLiyViIjY0ld8WQUdASGun0U1k5CTKMoJxyAXEVqwKKtUNCsiQ1XVkJ/IlaVNwb6bKjCCvh7+6z/9s1/96jdj2yC0rqSIsN5QJwdb2eWEnx9vOnLV5xsXjgLji16rUllVxVixDWWmENKdpkeFK7fzqVtHXQCCjvCePn/5mpLOpztmK6aITE+kQmPS290xh0ApTKAppq6hGMnps+Y7zZSZInx+h1VMbE3HGH2xzPA9rfF2cvyonMqR8uEe1Q/Lsqw+0Nc7h7Lh7ijbgkHQ8YZNDdKkmKbuHMY5jiwkK1CR2NQiJuQjkZlYcwptBqZNTCqDWYhZTUSkL7317jELnaoc8zZD7ydC4SyMEheGdQUhEFRJiYxfZVWxi1WjgiIjWdXUWDhiF2ZW1d62/5+oN32W5Mruw852b2ZW1Vv79QJgZtAYzALOaEhJJE1LsihZsk1b4Q8Of/JfazlCITMcIk1LlEhJnAVDDDBoNLr7bVWVmfcs/nBuNSdiEMAMuvu9epn3nvNbdTVdhJiI/RQKj4Sqzcy5Ry5GYlUQAWEE1DdsCE5zPr2vNEfMKAxMcwkgoDClZyBDaHsQFgt6lMrComvDbDnovy7yGEAABhkxgIvkVJrgUn8DA8y8lhJuSOTmhFRq6TB2nN7d0/TbNZencs8O32WWrb3HZRAJIjudCfMnjT1UKt+3HGt4bsuyrl2PkS4f6jMwMLJIRi20tiARBGe3US7Jaf8V4QgQopNeCCOJmBSZISGQu5tayvcJKCuaM+UQELvmST3DpxB7qFqRura2LAcEPPXOBiJuxk1rjghNNZcqRsrJpEUTqeYqzJ2OQQBkRErHZSL4xOSBCMGEZl5q4cJuvRiFoGf6YQq7mFzbMExVqrmvrYWbuYkU72EDkTv69vxcW2vLESFKEcTIxxUAy1AhJ+ZAM6jjWMZNsxi3OwhYV2QZeZzKdlt35zSMzWCz3ZTCQymH/eOrr76oUsZpYwFtbWFeBwnAu/36N7/41bvXr+aHB5YiQtqaMC3HIzEn/GjqZZzOLy8O9w+Hxwd3yxs30/qQorWVmIllOR5FilQKAzOPiP3jw3o81qE+ffFif9i7aWFuczMzQlrmGSFKqcM09BZDQWbysMBTr4dqIQ6WMoxv3n7bo9+IU2xAwqs2TsgKLdwTyGyZ+0mkTVMErNoYKZOu8lUopQzSLUr5XjBzOKzLg7UGEdoaIHOp2tawFhFSKvShK0xbigdZBDuyFeFmunCZqFTTlv/bSeqMxBTEYZbyEmLhcUsymClBT0pMyFukEHFbm66rassWBDdd12U5zuv+sBz3x/2hzce2HJfjvC6LttbWVc3cIqsOMmQAiLhUkjpOIwRe3jxbjuu3r98+eX5zfnlBRKXSbruBiPm4NtNxqnn9zPPB3XZnZ1JEddW1ZSRCrCsghRQESDSuo18Q4E7QzDNPlnppFnqCAP1MRQhAzy4oTlchMzMRZ91E99JQiscp/9qtL8mc5rIMmLtopDs+p4mTYiYAeqMfpS3STF1qSVcXMa7zghFNF23ZKydmzkU2m23v9cNIyNK1Pdy/IWTzaG1dzcAxhdab7ZlIqcMwDFNbl3Hc5AD/niPNfRP+7iaW+/vD228fKSsXGRnRIUtCCIkDANOvjgEnXKDbTgDTxtVZ6hT+R0AYgDHB8xdP88tOOa/1ueyk2ifMUuqPv/dBLQUiNpuRmc0CCac6bKaNCL15+3YYx7//9392cXlBQevSPvnei3/yR/9gt929fv1233QzVXddllkkc/QYkMwjyLOxpsthkT3xKkBAECFtDuBhkd8CEZmdFOZ5p0BIyVOacpExdWRKkz6m3sQzR78rpw1OQ25fjjAQuOeXZzV72jghwnNrcQd1m5cZshkGIvHv5ObypTFtP/zwA296r2uucllo4LmnRIbyQGTch3doL7MmLWxVd3RiOi5qESlGTFl/hi9sdmfa9O7bV4OUcOOAbEBDCHQ7IUSJfgUFTsPALIQp6O0VPXGaQSMBTEL3sHD1NCDmzz1vc+iZUGk6Jlw1bZHo3jQdA4HR40PAEdQsIKw7A7uGIFn3/Gw9IruIOkrYh4mTVzgo8oCOgACikzEeoLvjiPPzz+vaw1XbOIxtXREzYtVSYpYUlwdIEc61uSfDOETeQTgOE6S3ChyJCcnNEKnUEhiuacp2BFp1+Y9//ZdmWriY960sIqbNFiCaKuJpBz8NeswktQrxsi6JFwUEETVVRk6hBZIziakPQ4o2EQhWbekgy2Qsi3xbExzogjoGfny8W+b9WMdsUWzNAJx6nGOYesJGlBL5gOgd5BIYaRhg4QjwcBEZ6oiEpv13gAxaxVibPX32hICAbJzGeV6GaXBTs8gDpdQK5uN2qmM9Ho/uQQzhwcLmFuBMFBbr0oQLc+al0nt7d6ZVJLKTpHqOP0RQJI+CTkmmVks4rUkgLObq4YjknhM2Qm4LDNkXmgAyMYqImpcizFgrx+mjDPWEunNSdcumJiGkCFVVBPSe+ASIaObpukemwvJ4f/+Dn/7s4+//4G9/9fNhs01yBpHGaQgHd5u2U2sKSOCBSKk7YmQiUg8Ih+xZ5y4lQ0++jvLgss7h5sNi+UXWUjLMpBNklNxmQcJsJn6vlkcmRtkSQQaipX49AhKJ8L7zBDOv64LERORquQAgEHI+yan7yexbYWa3CNeIrPtNOhW6g9aie9HypusAT2BW6XlAoEGiHTYf90Jy0i311z7BknB3tyD84Y9+NwDm+dHUMt0z79dwzy69VMMDILFgxsQ5EEOES5FpmtTfQztd1xSn7MLuRCFEZvDIwL5hnIDITcGdUwRKmBBi8gaAYOjulv77REiI6o9/9JOvf/sl5QpDLKWGA3KoRiJfrknWIQGwkCOWUqVKbhSAaRWHMlQgVFUET9CxlkHD0gmUpYNZvMbEzVTqiIThRp2xNQBkIapCXAKgrYooUisyo4xLAyrjME3mKOM0nu3qdnt2c3Pz0XeQx93l1Wa7M2sQgeDjMB6P63w8bs5267w+3D5IIVv19ttvXn/5qwIGpsfDXoQYGbQBxe58x4NgQKarL8cjmIebhYY7BRTJRPyeVMzEwNntHcf9YajVs15vPabCb3/30D0a2nqSH9I01fuHdzJsducX7m7aDvtDmI/j6M10XcGdURD9888/ZwCEeLh/xNNyuLaFEDfTBICqrdnSpajNRIQAW7MIz0CV0zUAtQweUViEKXXGec0HBKDpekTErJzWZpkI2JYjErKwOxIToGtTAKBSiAgdqItTzdoidQqubT1m9Fmq5bgUpKymNwQkKTxsuY7h7m11nd0VCUlkHKdahxwfGcO0tWWZ94f9/nHdP86Hx/W413XRdYkw1QbYm0KHOtRSRSSHRRaRUqfN9uzy/PL6are7uLy5+dnv/e6bb1893L11gHGcntxcg4OurZTCRfLoICFmYqLluBweH0stw1il1LZqBwStISKy5H1OhBEG4egtfE00Ow8AQiBgYRGuTNKdoBjASJK6mMIsKcljZsg8DBbiIsgkwkUYM1iaiBgQWHLPp+hWNOjXaoDn+x3uGT2OzFz6pGTOhFJKgBMjRnh340Hm6hIjS9lst2YGECLcmgKhtTYf9qniIIaMiQREYip1SyzDOJQ6tDaP05b4PVp0AjFPnisgKMxvXt8dDwt2Iqprezpc16WayVbnBdLJ26RT4CQKPZ3/CaQhI45Tff7i6doWN0NCYRqHQmY2L/lZ5eKDEJ9+8l3CIIBxqBkVPwx1M427sy1g3N7dvXz5vZff/Q6zVGFk+uqrrwvT73z68f/6P/53N1dXX/72zazeVmMCVYgMuOicCyUj2rfBZEAcepYaQJa4p1q1MxcR72Of3ZyJAXGe52Go69oQiZkivIfuYccX3T0Ig9zDCdnMmfGk/KGUqCc2lxfNCQxH1wiKyP3k5MftyG6naKAgN9Pfe/nptNn8/OuvRAoioeCq5tiBM8egU0t0pO40Iz4IAQmIAUMtIsDAT1hWOIS7FeaHu9s3X3+xHTdtbQie1VPp90YAwWwnoP76ECJEymsTJLCI8BARfB/RQmjmfvLmMzNANgoREQageVhGhqUOEtDBzXUq9cX1ze1hD/2UgvyFec0fp4MAACAASURBVD6nkyVfr/4BJgeeXvwI7FbXSD6P0bvwHbIQySifC+/bGwBk7W5/hSmVbZn5467aY2QA0wpjFtDrI07wIERramEiRU2RIXEOXTXCIZCAw13VSEhNTS0HkRw2CLCgQEBryd9mbV6oNc10MhFhWte11oJE7mbuZp5SQkLxCEb0MAQshYWlSDF3U8uHGRCWeRXp0THdAkPMSEgUHQoiQkqeKsc478oPptQv5sqaqhBm05bQqndmMUnC3EQQkWSoSMhMeUV7dH1UQilc6MmTy9t39/v9PntRMosWCYglraQZabiu8/FwhMChSipUy1BNNfc8QnBTKYxEra05MPZAKHDLhg0AdQVAIWFCXVtKF9OClcIKADfNNh5kYlcL84yJHqehrRpqiOjNkuggpgweBcwoFGotM7mckJnIzYiiCy8CAKMXOVAXFyKQkKQ0hhC1aeo1w52BAtwgbt/dtmUG5+5bwFy1HBHXdXVz4b7b5MSJgMxiqsxUakUAZs54XwBIyi7l4OAQ4RjA2UOGHhEs1SNMmxBZeHSHFRBT70+EvjwjBJfpout+Ok2e3GummwAjlspHnf+nP/5HQHR799gTZRgBMpMnLTMJ1GEib7kBJzJHIuM0qVmaXLMuJDzUPC8qIgKHrmwnREY4UQhMVKT0Gy8NNIAiPW2NEN30ey9/eDwe7u/eAqYQmvqeDcHM/XjG95kiEGn9QwAAEXIMa0rI6YExdymcqWbgjhEoWatEAWGRKfBpmTfhDBdL5UAv5pBSMi5XpCAQZ4YrCxG8efMNkheRfrplZw1hOOQOah5cxNw8FAkDwM20tW4bIhpqDezJ26kxZakO6GBqa5GBuVgYEiUrZKoi4hHrOoN3upyYmQiF2toCUOpATKXUutkAsiNePr2u45jQuwwD1yqb7ZMXH0znF9vz6+sXT5elnV+eTZvhsD9aawGwOZvOzreH/T4s6lhSVcKIAVprcTVdlvVwUF3HKubW1hUAdVVmttYgAWAEAswpMxAMQkgAsGlb51VqAQSpEpgOLa+1uuv+cS/Z0qiKiMTERYYic2vf/eFPzq+efP23nw+VWmtEjIBlEA93dSkS5sMwDLVaa6oNCUS6rX4YKouIlLY2a2spAgGmRiws5KrMKEUAycOYKb2V2VEtCEIFwjBNwEgBEK7RlgC0vmHnYx2tpQyUIpALm6dHwplLRtwgSa677splpDKqzkyZDRWAGXIcbooBKAOPOyoDQNg623oMX5FJhnEYN1KH5HPBdZnn5Xhc5qPqGm5Jj2VBBNfCpQzjWOoodailiBQmFinDNNVxKMPEMpRxs9nups325cvv/PTvfcZMv/qbXzzc3t3d7efjHBFXV+c3N9fDMMApW8PM17Tuoetqh8Pe3IZhYhFkVDUAB3dEye6ziDTwBPgMJ613b+voCbupqQFkZkJiFmHqBCOc2oy6ViBPmPcHRKZC5CQsnNn3PSk8AbwcsLLnAaB3JkSXgPehueuE3M1MhJvqZhqHYYC0FToAuLBIqZvdzt3Cgog9XEppy7ocH4mISh6EKIlSAJ2dXarbNE5FRtV12GyzAjUJip4kGJk9kpABffvmdj6294muOYX0IRW6uDmxF8ggF8ROWWVkRk5DKSMggt4QtD59dr3ZjB4hIqjr4+279XB///bNN1/+KiCePHue0wkzffbDjwFdRERqKaWUstmM41hKHZbjUof6089+dHl1aatvd8PxePzX/9efLsfl5unV06dPrrebf/GP/+HF1dl/+eUXXCu4qbZAkFoSmvGs1UMIcBGBwMj+R0wi2zECuQda5neOAOY+jnUoxcy3Z1sqOE1TclkAfWbiTn4EBLj62flOSlnmpTNKfZTrZh4hqVLiFK9PnYWHiBinKpzO1IRfTgImcyJUNWEeh+m/fvXlL779WkrJfmUuvDZVx1RcUP/Z9T85pRQJzNkJyVL3YMxr1DxWs5vrqxdPrt/d3tVSmKWtrRZJcpnpRNcBM2ElIQI1TSdnOp5ZyFOBDsEsgLisMzNaQA8DDUhFTTaFmVmChuZu0b1tUiQA1F2zmZtoNT20JWE4xMxfdkTsJFV0txR4ZNwQIXZIERFShZ9v6yk433osjBOgEOd063ASJRGG5fRcMimyewgIECEh3l7okZTfSRfkFuG2rOtnn/54szt/8/abUsecry3xCCIiDsgAQEpFfoQTUCZrpiIxC9EgwUeMCM9k2DxxicAhhBkBW1sjIDsEUj7dEvQRzoIgh1ibIkIG4GQCpTXLGSb3+fw2CLlIidN0k0qP1FMgAQmragQyclubCHc/aEalc6dfels8Ye+1QJAslp/GVd3B1mXN6rQko5BACgfEOq8BYa1JKRn1JCKpqoJ0Kaeyg1N0hETY1LWZSFnnRkgiEhBAaRjoJzMzI6KwuFve2oDgYeEw1prDEkSoKSFpOBIzC+W23ElwghT4ZZW40DBWU+uq8fQSMDOxhZt50k+FRdXAHSgbuaJTw73TkPLmZmHijPkOkVJlYJGmambERIIQkIm9Qx3n/eP8+FhlyILCJAbdjCm74IyFx3GAyJrqcOhTcf7RqgYUEF3lRCfiNkIJutQ0ozrdgYQ3Z2fzfMwXrSeQOwD3zYSRoW/LcILLygZP6zucRv/cCFLK1VY9P9v8H//7n3z56pvf/Oa3gBR52uJJxtfZ5ATQPcI5bQMnZRsimWp+R51qfl/J1BGeIKJOTxJBr9nJMJCkclGIvcf95raa9gT68svPTVsKATpn6tkFj5CfDKJqK1KiE5apGACE7AZSRGbm7pF3OCVnIRKBQw8U9MiIS0TOzKZkHuNUmZzvj4dbuLYGACXjZtMJKgIBqq1g8ZNo19QwfZ+dkgkAKEMZxgkB3U6EhyMxRbgQRU+ocOgJbpz/l3nT1jbTdnt2ZuZmIXVwt0LMVaTUdV2HYQzqmcoIyFzUDDH9IhTAINIMh2najBsIlFrmVRGFyzDuzi9uPthd3zx/dnNxviWWUgYLaKs97vfz/lCEp1GIQNfVbNWmZRyPjw+uuuyP6zpvpqmUVMM6ALVm6zIj+lALU1jY+zsb4KQDNMh0S6Rs20msjr21NL6YWb6NAM6Q7B6g0LQZEcE8Xv7gx6++/gp0Ae8vpDVNTQR6ZJo8Fzoej+a23+8DQFgQE11A8DguR3AfhwkCHSzV1U0NkmyJUFMEIOJUteadIaVIqfkYpRsDkcIUCKkUVT0cDoxYRIiwzTNhgpi1c1DewIOkAjJG/gXMVK0BAJUNoglzhhODAwBk5wbJINMZl4IRthx03ruuQEzDppQRgWxd1vlxPR7W+djWWc1SSJGvWLfoARH25pEurARglu1ue3F98fTZs7OLi+1mtzs/u35y9ez5zdMnl0+fPBmK3N3dvf32zdo0Sfh1ObZlHYbh+snVZrvhOuRIyizWGiIDgFm42jzPZai1FtXWR/qASFtLL16xsNnh/TuNp1u8zwaY2AV45wGIikiRKlykZvp/rbWWUoZaqrAIS+FSeBCuRYRJhISZEQggV/5CQpTrf09S73Ib6IBJR9+xSyC0KVIIkVoQC0mN7GqKcPRhHLe7iyyigqQAkSDs7u2bkwIes4QkYc3t9pwYx3EjZTCdp82OmDFF7RGIgZS+NUQgDxCid28e5mXtI9IJ+IcIJISs+D0lWVIGriNgR/7iJBjEPB4wsi3AS8WPX36o3tZ5ef31b4+HR2HkUofNbtxuiGV7caVuRUSEfvLZ991UWKbtxCJDrZtxZIC16ePD/smTpz/4wSe11vlwFOFf/OqLf/tv/h0Lb3fl7vYBMNziD373R//yn/3h16/e/erXX19cnnn2jbBkADQXGqeNu6sZJoAMGSvpqpqSEvOTOC5ZIARTgwhz254N4zgsxzWJdUSg023iYeZRRTx8tXVdlgKdFArIzIIAB21NmBFItZ3GQuqkA8I0VIRYVxOhFNn3shrIQ68/12uEumeFWdOm7gHSPNXAjicRGiEjk510uxZgSStApnmjWgPiQASM1lZIcVZEeIxSc0XEiBFlx4UBBYCARMhPcF83CCIGuEWKdAMBLeD3P/t7d4/3B10DehUPAhJhuIVpWOL06G6ZHZQrZXMDJI0AAgPfL4twAUdA9ID335qlDRjgvbUtpT8pBk7Pb+qbTjHLXVCc6ChH9ioGMPX0cID8rDGjexzMlIjII696D0Og7NAl5r7Fp3gD0TEJDZh13u8fax2GOrr1z16Y88NJGDjR6+inT2ZrY2C2B2TfrqcsKdOmAIC5J4CFB6Swp5cYePRvHTCAhMN672FblXqbMuekmooYZvJueOnkXQREuEWm4nBqkkTyC0tBAWUEDUGQgJQSHq4GEbkZhntrihmyiKCqbpFbBJMEutvKyd8yovdyCFUvhQm7tc/c0+1uYQFwSud0Eu6ic6HkxfK7yE4mIa5VdFEm9IBlUTNlYVs9oof5AIS540n0ScyIsS5LOjT6douASB6m2sZh6Ft02lcKBYCuTVtL/ZK7IgILpd05X6hSS/qNC6NFuBkhJR0kXCOMUzPWB03wU2t46hLNmrsCYAKF8J6ozaVMSmtrBJIgI4dbOhOkCCEHhKtF9zT36T9he2ZO532k8TqjTAFN1+wqIRbMKZQQMOo4nu/OHx9uhQtRsqOJmgR1dIuyoyZdTYjIVDYEPTE6+zIiKy0Iw6GInJ1Npvhv//zff/PqbS0lupQ/3it0I6WDcdLz5WoRll5uQrR8dCBT8CK56ZQQExFQnF5hPEkuo+uQMloth/XwnIPyvuywjIewDHXIGb2b3N7320Qs8/zJpz++unr65u3XxCVnhfeI/vtL3M0JgYlS4Orvud0eowapKezeQsAiRUpGknVH4onWREngMQACLBsNI5dXB0CL5FuhlkosiXxE7wwPEda2LvMswsu8IFJgMHM+o8KcVCyScK/qBOgTIAiXhCHn43Hanj3/8MP721tVbU13V5dEggHM3OaVAT3i8voyU8yYRcrYIlRjd37uSIhS6jBOUwCQDNNuN+7Od5fXv/P9j/7bn3z48bOzs7Ozx4Md9m1+PIItEDENw+HxYT48zo8HbeupFMmEYL/fF0Ji1HXpDF32u3mMU1V1Ci0ij4+PnHBsOLO4Wli4Wx0KiZBIEWnzbK0Rk7AQ8bJqHYqUss6zhalaUjvr2igozL/69S9t3guX4/FIiCKSAlhrrqpMSAzqtswL9LMAENFdwbwtrYi4aR6j5uZmyfAgAjOZubp15g0yN5+0GSIMtTBKhHebS/Rzx3TtwAzgOIzABOGhqX5B4Zr2Hjd3t1QIJD7raUd2BQyuE4YBZDRARh0bEjHXsjnDUsPUlmObH9yUai3DuVCxttjxcZkfbV0QCYmRi5TCwuGOAUwdK0zTyDRt6jjWYdhMmzpOZZy4iJr1EoDWAL0MrM0eHg8Pj/vffPXq61ffHJcFkJu6NVVtyzI/3B0O88JSps02Cxny9AcHGYoIhZmprsuSU7mZ65qZqiUHNXDDWAA73EsnlCBTElLHTx1wheztDXBzVdMs8M5zGE5zgggJUxUeCtUiRSjjnMZahsJFsBauefBz/kFABMxIPT+UoWtsTj6ovoKgNbWmDJhizDqMw7QZalVf6zBIHcx0HEqeLBa+zvsAq2Xanp2N44bHWofp8vLp1ZNnwmVp82Z7zkTalmGzSx4zNa9EqX6BzoiAI9LD3eN8bBFGzKnpz3kuCelwj3AKDLO8MCLDFV2RqEfDeGpLkQjcPdA//eQ7jLF/eLh/+44Iz86351dnwDIflwBiknHaMnMpIkw//eyTCB/rkDLxWso01iLl7v5+bu3Z02fX11fTMLh5Ger/+xf/8ec//yUL/fbLb3/5i69+9JOP5uN8drF7enXx05ffe3F9/ttv3+4PKyOorrpaAA7DAAD7/bHWMgwDZDBzaJ+EDNwDIQNje5ZFBCa/X5gP++Pxca8WQxavmb9/Lqbd5O6mSkhhjgHCnOj46YpI2CSkUOqDp2m0MDeApPKbzsfmZqkdAo9NlbPtuKwK6R8QcneHaE0dPFev5t7Cax0cQPojBYDY3IEAPCP/uzbjxHKhRY93BcimyICAZVkoFbaIwgIQ7oYeA9DAwm6S+Xymieu7BhEio6eoNyLBMiZprsK03z9AcF95IbfT/sCn1CTSCuXNTDMkvjWNU5CUuRNkMWhm8Tn4yU4D6YXMaEHoc0TuWmqR6n/wNNf1WBhEy5+pBwBxZmxEpDgnVUSpd+qzApwyCXuFERJnk+Zpm+gFThktDuFBhK2ty7Ik16StSYq/PNQi5XfZrpWzPQIQofWsEMiuoQRpc1BIXX6OQ+6e+j7vMotUUqZ8CxCy74nCXbWdAksxoMv5EDGbsIECESW55tRAZXdqpE+CusofEBHMNVMS1DzCRUjXFuBM7A7CBcDNLIFiJspo1HzSkHAYKjFdXr/Y7s6X+TjW2tZFWHKVCg9kyj6jVN0QkZSSgTqpwxtqcXNtkZHWbidQKacYDFNVNSQU4UCMCC6SXuQsg7q4viKmta21Vg/3Fp1egIjmGfwQHuS+rMePP/nkyfXTV69+y1wyohgzsA6RkSHcIggjm7WYJVX44TGMdVX/x//4n15dPPn1F58jEue0gMCIzVYqkpnXAeQW6oYBQpTTvwhlTi4xuacW2fvGzIwI+aNjJiZOoDv1LqWWvmthuBshelja4QH6TzYbnfMEitTeM6S4i0i0B27lo4JN1/3hgQndwMPwpOrqkeKE69pyPctgXID3KUAexJg6oYzRcDMCYOFSyzxrW9wt1MzMuHCPZkICxG6ZhU4p40nc0IVHwpalzfnQE0T0ApdkUU+T/N+dDgjJZwAxm2l4epQJibiIRydkoTuHAxhVTZeWEtoASANDLhjzurS1tXVG5CwfjAgWcQtAdPDUCybkYB4sjN3FBcTMyLnq5VMESTYyD8Mmj97U/3RAiNgjMKCU6hjvqRJEdId0rni2MBCZKYRBvsgEaTzzcEIiwFQvnwDxzrCUIlJqv7kIVC391GHOzBnZjMRh+nh/t67LzbOnXAqhazNtKwRIESls7iIl+ggABixlPL/YGZYffPaz//lf/vHnX75Scy5VgXYX508/+OD7n37yj37ng3/wfPPp022t/GB4bL6/uxMCMxWBtq66LHmv7s62RMxZFmFtqMO6zNaUa0FmEgbXs83YnP7gj//k4fZ2PhyY+wWZu1mAE4uwRB67gW4WYepWpEgpboqIm+22rWuYggMgllIAIcwz+09YMHBZl6xJz5obbxk9GwkeMEmR4q7JxpxoLcSkx6SoawAkWyLETKhqhJK5tBGRLd9qXqQAgocXFmLJBsee2kIYEMt8IORSS6lDkSIsEWHaADEAuZZcjMM8wllqBg8SZWBUFn65DFO4h+Y/NjcXIpYq07kMU5jZ4cHmhwCUYSp1a9qW453r0R2Ii4xjSXTUfF3XVZWINpvdNIzjULfnu1KHYdruzna787M6Ddvddnd+Nm02QEwkRMQiu912Mw11qIS9WXNeFtNgZnNgLh7e2jrPS1uXx8fHx8eDmQ51yCNvWbQtbV0aMw9ViNDMdW2IJMJm6k0h3zsIhIax5MuF1EMFAOi9zLUrcgiRIMsmiTihOguPsPyPqpurmTZVM22mCfFlfQe/FxtQD9jh9JMxZI8mMRBSr3wJz5sj+kDR/yYHuNRMkwdicJEi4uEUWOrk1ggzyFIDghnPz6+ur65355fbi8uzi+vL66fDMAbo4XAHgdP2QkRMl2Hc5t0c0CMOwf9uLvT+6MLrb9+J1BNaAZ1ajD6kmpu77i43L55fPfvgyc3N2fnFdns2EUGzNe1e+Qk0b+NGPvvRJx7L8fgAHheXOxI47g/bzRBq337zlsN3Z9vd+UUGGExD+ewH3wezIoxEQ62bzbCZJiZ5/frNMGyeP39+dX35/NkTER7G8qd/+u/u7u6BcVlWKlRr/NVf/mKzvVjXdvv28V/889//w9/78Z//+X99/e5OhFRXQBqHomrWWqbWmFmOp+6W6vte0HYqfaL+3Qd18yICMCIG4rKs/bpFDABGamszVWZJgWjvloKASCA2kZz0ngUEmmVGoiGQm5XK3/nui/vHvRBjBswTENO8KDGVykRkAZ799VKykjEpMWJ2j1VXCOs3PWIgWDfv53TLp18Cnuw04Oqe/IO7CmdHEjMiBpib9w7jMFUzLYxNmwMG4qrWQ15P6F320uZkTATvbt8REAVZGEK2+qJ3l23y6sCI6vbk6sXz5x+9efcakXLs7v3KSXgQnF6N/Fk4dEccA6TR0yNDXIAA8h5l70F33VsJCNHTmBCod9sZYED2PWH/ICEiglCYOT07AEiE/U7JDuWTVj73Ykp03IMZ88cagB5o2qPBEuLMqpPeesTcJ+A+lSEXPu0mkXhNlyCmpJUJHPpx5NnABwjdbuQRod49CJDWfLy+vGGWVVc4QcldYpGTQmS3Xbdi51eVH0CcrAIZNoDI0feQQDwRq8RMtC7tfbkrS9cp+elDQ+7Y7HE+/vR3/+if/rM/+Ys/+7/buhBJapyIsQw9eLCIkJCZEkl/PAHyVTJ1FKxDyS+ViGstxOjWw/7T1giZXBOO2K2uKeNc1kaEaqarcm5LESLcm4aJA5GQvdewciAdDnswhUAIZ8pOm56DApDRV8ndQv4osvuYhYuwAd7f37X5UEsx9bAwdwyfm/74s99Tj/39LZGkTi/FY4UFEFl6qpGpCSLy+965TFgCC2ckFsqgrUx3RCY3d486Ds+evXh4uM9Yp44neeby98E4b6mUPud9Q5HNux3jyd0AIq3k2P2HiNBtThiQWjxAImtqqRECZCpbTAw567jMA9DBLnYbx1iOqupmSkKR7ljicEvy3VRT/5LvYa48hCeWPJdwyhAD7BTgieLL6tMuAALnvhRlQkdAvlpS87eqVYCgNadTmiRir68shVkSDncMP3H1WS0WREXbcjw+1qF6thsSIlJag+Ikvslkqhzm8pRCgK4e7NA+dEtKIAGoqYdbakmJAaPvMdF7fJklM11ziUzUQKQQsIMLk3uYJh+CwozM6bM53eiRmxVkxCQz5krWuWAFwu12B8TErE09PKWQ7vmNp9AsuJSm9vDmrnBxd2YuQyWR1kw1RSOlDANRqWPZnZ2xjD/56c9++PK7/+XXXwXEoibDuDu/GLfnz5/f/O53rl9MPDIa8uujfv367t3bu/nw6LqCrYfHB20LM7sbY8zHdRwGs2CSCOumjhzcwwkgzKCO//CP/vsvv/zl8eGtn0CajNVnpugIMLpCP0HBTz5F82Zu3lbrZo8Aot5zl0kOxMTC6XjM3/O9NDqfQDcj4lzeUt+92W7SbwBCzz788LB/tGb5hgkRAzGhR9ShAoJqJroQApZaJQP1IyKCmccyulmGyvX0mDCiPJ3QTZsqCRGBtRUQAIhLgZ6j5W7OpWIGCtB7ZCg8jLmaWdiSNCUhIhcZz2Tcuen6eK/zYxBKHYlknR9NFxLhOpU6MpNblu86ILKUadpsNjtENvcy1Hld3MMQgamU0g39gRaxOdvePL/Z7c62283106dPnlx/+OLFB8+ff++jD773vY9ePL+5vr64vLh88uT64uJ8e3ZWstwtYF3XZT4uh8PD48NxWQApl1uMaPNi5sMwIpM313XhIoDY1oWQI8kPXwAM30suOhXcmTfi7mFNEWd/nRFJmKnbd6ADjWHuEejuqm4Oat5UV7Wm2jT/q6bmBu5gYGHuAZbeq7TSRf87RGAM6NIDRwBh8vDCnELIlGxZa27qHrVWqUM+q+a+qjHLbne+mcZAUtPjMj883t/dvnm8f3d8fBAeROow7hAhXKfNWYDzadLJhKN89tJCZ6rTWO7uH9c170gNOMnPwtXdwS6fXLx8+eGL5082u6kOUodSh7LdDRfn25uby7PdMIw8bGSzqx98cPO9D58e5wdvizAHGBIc5/bNV99ymLtra2fbcXt+XsfNsiozT2P50acv17YWKXWo01CliAjfPe6/+u2rJzfPnj17+vTp1dluOu7nd3f3/+e//je3t4ff/Pqb66c7Fvzib798PNh/+qsvzi/HFx9cT2O52Gx+59OX9/P89uF+O5Z5XrR5Wxui513rqojAjFmfQoiAFGERkIUWeRVwjsyA0W2vGagGDoDMeU5qWwkJgSIssfnk7zOMoVuJzd0TuooI8HBiBovCSIERDkzHx5kQCXAcytJ0aXoikjPkBywr4jOZyyH5LPfYL8erqyebze5wfCTIZMmUEBITITMAmIeCqWcaZ4q1+gOZelshEeFCBB4cCRVnnj0w4a5IEVk9moMlLd1HVjQ7MUnh4dHMC3OKHtObl6l6DhCBXLoRJRDN/er6xs1v79+KVHNLJdnJ0dg1M9hPXQfqipfT+NtvQABAAvde/ZFZKAmcpSchutanB/GlBTMBfn4fbgtICHWoFr7M8zCUvrGcQHfqImsL6ItJZp/kSZLaVARk4VokIojRwgnw1FeckgkGRAsnDEBm4kxfyTMIsZsZI7M4EqwUcVVmdg8hLCKAmPRkdOaFU8ZNKX0NV13NrVdz9dAyfP8FYMZOnMrNiIhLSchb0tuRqwlRwk/9QXFgkUR7WQiJpTCd8JPkJ4hY0strYW7jOP326y/++q/+A4EVlmbKLKltIsBlbcMgaRwHQFMFDHOTIk+fPL3fPxCSVHG31swdwBwRXXt3g0eXbED2FqcnB7pFMyAIWFuz1oqIq5l6frMZA8qcRITlQcfEh8eHZf/IJCmV8+YBXschzJfDLCcDdBIC6ashRuT06uDbN28PD/eMqOaJIqWEnAhfv3nVlkMpAkm0ZGc1hBQByOQfBEPOPV8d06xo0daVhQkxVHuhgXuoI1G2MyJC03VZWpqVu6AXAk/XXI7CkKAXZXanMwmSBDgxAZG7c7e7hWS/rQdx7xoPCJaTGS6VP5EkRGAEy3COPWsBPIJFDAewNgAAIABJREFUMDAQnj17+rg/hOMpLRoRsKfAYjbzZMY/ABKxQPf1Egnr2sKj1JELZoJ50rG9bxkDHRgZ+uabt3Ovcsbug3aILMsgjNCmJIVF3KyUVITnvkOmZmZNW4rEkkfoj3+ahNCRWZty19Anp5l4InR1HCAittWIO8oHPVScHPB9ji9mxW9SKoBIyJ0bTkUknLT86ODe7QEZBpCnFUSEqQkzAaopcd7lCS3lBMPMpKqbzSZdIyneCs/PtiQ3xEgeHkilSoQWYkIex4lFAMDAien88mLVJsQYyEwkvC5aq3gzV3e3IgUFx3FYl1VG2Z3vmPnzv/3N//MX/0EY3G2eF5YCJMjD7uz8kw+fPDurBv752/U/fX777u7h7t279bg/3D9YW0zbfFwIsFTxtc2HA2LMx0OY1iJtVZIybib3AI/jfERkRPjFz//zfP+GgeZ5Ju7u3nxYtSkCmhkTZSBr7lHhYbYCBLMg4jRNuaERsHskdQhueWJmKIi1lhR2bu6mykgihAiHwzwMw/Wzm3me1a0wm+kwDNNm9/hwC+4oYmbabJwmU1vWRZiS1OJSUuJjaixipn3LKoXTwARpJEKksKZtXblIuFpbTJWHGga6LJihJCzhDpDAgHEd8wWhzBXRFqAZ00ZEYSsRFhYALttLGc/Mmu5vY30MAJJi6ut8RESuA5WBEFzbui5qwVLLuB2nbSm1SCDoxdXFH/7R7/+rf/U//OKXv1xW++jlJ598/+WLZ88uzi+ePX/+5Mnl5dUlAR4O63yYD8f5/mH/+tvXj4d5//AAGLXUzThO03RzdX7z5Or6+urJ9dXl1dXF9eVmd0ZclnWdD/vDw8PxcX887N09I8xISFc9ruswjMRkbW2tEZe2zp2pAyUwwBQsdqEPZcwnAGRZbxp+89kIjJRHpNhUiLgUKUUKkSAzEAUynJy7bhlA5WbeTFVtbaoauRuoalNTSxIhkRcH8EzwNY9sNOq5Oh0kjkDqtlVV7pYiGMaRWVjKOE4aPs/HdZkPj/v7h9vbd29vb98eD3tbVyFmqkiFWIJgc3YRpu46bLYdScXoIgPoc2rm2KTC/MWzm/u7++PxKMxpn3DXQLi83L38+KObm0vs10RYuDBjgKqCmwjXyufn2/OzabcZAPT+4R2LDKU+3t/fvbs1jd1uOx/XcRBhng8zE47TFsuoZsJ0vtv+8NOP5/lYh2EzjSIyDAMiv/rmVfP44MPnYxnqUFzbPLe/+fzXv/zlr6QOGn75ZPvLn/921aib4Zs3ty9/+OHXX3z75s29Bzx/fv2//S//5PC4/Nm//8/EKEIijBCqRgAiNT1X4UHImNGnHTTNDjehREAREKEOA1N6IlMVFuBO3fUhXRQP6BbvL95TgEZ6wAMAmPHE/HRAO/NFien2br/djFdn02F/TFxH3QHR3CFQ1ZlFLXPaE7klo763klC6to7rPnPuo+91nnOwegQ6ZpsFds7YOyoeTDiWWiJ24WDKVISoIDEgBxSiwsXMHWENzyZbxMhFFxE9oNsvo6feRmAafHPZzSTQzktAZHx+UuT3+3dvb19Pw2Qn0iSnSYeOVXb0I7Gp3q7T/YHuRl1gFUnqJdOdShvsAwt0jfxJdn+SVkMQZNIoAPmpT9mtIct/8wd/9Ldf/gYxZ8quS8jlw8O5D9T5IwzIKsMAYQDCcRqRaFkWTttDPk6ntKhUdGQSR4QTomlK+CFF5ydFQN770CUvvYQRAHCzmdy9tdYTRugkDvIIhEJsJ1FoH9/SnsuZDxEAYd6rj6cpS47dLTozdKoHSQoDk4jo+Hd3DJhb6kk8In9otRQEkFJM3dxLLQk4hxtFrMc9dc2VJ5GePlEk/uCjF6uu+4cD86kjGOF8e/G977z88uvfUhcLOQZnmxiejA2QZBFgKbIsK+cjAadhEDrqmst3RHhEEam1dGdpxwaREZ2AGMKBAbkMbTESHochozMpWT/kImI5yCYXhJgPeYYmtdUQAAjNLRQBoY61mZmqsEBWPwOmh+HkN0VXN1VwR8DWbNqMm+24zEvq0yCijlUYh8JSCiO6Knb1PDo4IkMAo7S2Mku4I0Rv5Yj+KSBiinHopMAz6NRUywqwkw0uAqjT1X1hxa6vQWbquU2nwufoNhpgLptIn05K5jBys3+4f0jlEGIk93Dq2gZkiixoSG3kycZCRFyLlGJuLBJgrsnNQqqfmCXR+yo1AJppfpVMDPheeg8OUMeNlLIuzc0iIC0gag7mhL2gO0UB7kCEmF7+BN/yrcsEHkY1hwgKxkwugABENyUkd2CicDR1ShSWTu6BbL2MSD1hAm9FStpSpWQjbaQJ4/QjSNogkLMVOJOjGXoMEUWWL4UTcGbw50jjeSF5/i5BhMyl1AGQ1mU5UXuSN1QEsJRwb6sSAyEQ12VtYxnqOATGfJwdPCxIWFdd57UMFYW3Z9t11TDLVyrRlTB8uH8MR6nDuqzLYQYPXRsizG0dplR++/XN9fX1lZMol3uFn7+6/+LVbVuOh8e7Zb9/uH0XvgrxdhzM1KwRSQKhmRo/jUNEDNNEzNM0zscjI6taIVyPjxRw97BHBCYOQCFu2mQo2YrQ1lZrQQA1k1K13zNGyAiMhOu6QgQ4uJm6bbeb7ApN8Vj0VJlE7PKsQQuACJbSmkotxHE8HnXRpo0ghAsBfvv6myI8jiNgcOGErYdh9Agz1zQSkeSrZuZlKCIFEBHIIwpVRM8rNQWg5gGuQmUYd7VuRAYAVLO2LkSEJJhACFJEqJvUIdV0ROhmZi3CIwwIuVS3lhcY1u1wfmNt1cOdLXuA4FrcIkzHzVjHDRG39ehtAaSy2U27CyYyWw4Pt/e3b9bWpAwBeHd//M6HL24fDm/evpVS17WVUszMsuQHotay2+4uLy4uL86fPb05P9ttpxHc94f5/v7x1Zt3d/cPx3V1CDMFAEHaTuN2t724ury8vhpqNbf1eFjXZT4c9g+PzRQCa60AuMxrESHm1pSZMcDaChAQlks19FhA8IC8s0spWXBEQJjioHx7ue/zecz1hOuUtrP0Bk6mfrcg9MGiH34ImNHX4eYabgF68hGY+2qmEeDoJ2kyJylBFACM3GPfibN8AgBTkb8cj/v9wzwfbm/fPN6+nY+PurTUriCSiJRSREYSCWISTo/g5uzCXcO9jlsAJ0CPHB9zz8nku7BEBMwd/cMPn5+fnxk4V5k2m2dPr777nWdPrs8xIbfMPcqJIxwJhVjXWUoBJHc7zvvD4z2YokMVEsRv37x2beix3U5cZBAiFhIeag2qw2ZbiCP8ydXZ9z/+aFnbWCuzMJEQm/k3b1/dPL15+fI7t7f3r169PhyP4zT92Z//f/vDw9nZ9vxqs87rl1+8vXn+xLVd3+wO+/mv//Lz4Uy++/LZNNVlv3z36fNvb/dfv3njpm1ZglJCwJQaXGsZ1BSWER1dqpOxWjkjc/L1pXjAuiyJ2aQN9zT2Jmr2XkwBiMjMgF2c8HduV+zQa60lHEstgbgsDRCZmchrldbMAZurWi/1tAjwKEU0zLKlsTeH5KAbgjgfD/Pxocrw/ss56VmxqVqchs4uCjiFwYUnWxABI+gff/wRAr1+eBTMJoU+vQbiUW3fWjBbThFBSacSY7h6pN0m4XDq2kXuSp78TDvDnYN9ym09xyFazdVzvur/WvQ+IIxAh66SjU7Oo1ui846AEaFmVUoQdl1l/qupDXYwTStdMPchGgIIcNX1Rz/82XFZ53lPf0cO0Oq22e72+/vIFqekS8Cxx0hEXvM5IkXf9JJKMnOD8CrVI9zN3bvamQiiT15dhpEGXxEqfFpJEAAzQZfzwAfPlp9pGklkWVcEbG1NiJqwU7ypx4j3BCYLl5KmlD57APcwaOwBZ6mTHcZps9keD49EBASMqe0GAFxVCbBIYQx3k1oz1FJGyR8uE/v751NVVZnZrCEhEVoA4f9P1Js0WXJl6WFnutf9DRGRM5AJFNCFqkYVqq1FasWFKFELipTRrHtBM2mthUwbaiPTT9Bv0VYbLaSNTBRNalNT3Wyyhxq6BgyJRCZyisiIeO+5+z2DFud6VsFqAwMS8V6433vON2KqP9xT1ugYpGHuzoRciIjeXl3lu0Yi3a7tcJqnb589HYYCAQS9+0xNSy1pRUqQug5DxraZOwaUoRvSMjsDCRM6W7d1T7KiNc1QBlUHwnG71aZhEe49xShTDgmaLoy0LHN4IFEdiru3DMIPL4Oodv6FejgKBkSRAgDEMO42ef0xExdusyZvs4bYr2M4WKlltz8zNW1La2qqZahEDB6O+MM//OLjT//g5cvnnS0OZxYuJYjcLQFNZJIq42aYe3UppjaPEEutWaHNIpgm0jQ3U3pn1z6NgAjMrB1mjPd9YEQ9SMcdCDlRUXi/ThNL3a37cKxSPczHrO/kac1/n1STKp9AhJ6sksglM2GyMx2UCQw0iB4bCoAIlmRZZw6iI9xZOYwARO4pWuxlhOEKneDrUvu0qiTsnvmvOXgn5VGHGkiYBAqs0ANC5Yo9hgojohA7BAtH4uvM7l7GWpjUnBnVHB07ZwT9MmBkIcoLGxHM3FQjIu0mXbLiQYjEjIBFJEPKkstj5ggjogzgxSxsRQzzgEBid+DazRnhME+zufVrBZGYIcDCkBmZkYCZapW3b6//m//2X13ce/CrX/xdgKsuaTJJOgkD3bUMtY7DuB3MnIlPh5PUSoVLESRg4c3Zzj10buEhhQHRsrLCQ2SAgCLEpR5bPHt7/OrFuy+fvf7+xfftcH26vtXTbWHe77fHm+vD9Q0RP/70EwS4ent9/vDR/t59nefL12/LMEqt7968jQiuddxvtDkznqYpwEVKFenbFGIEbDZbDCQWZmJmbU1YIoACrS3CIiJptYlmhCvh5Y5I2tRaS0zWIzJcJU+WIsKEqdlbloULQ1hrzZNBYjLTTGdiIQSysPRJL9NibXYPbabR6QVhzqhyJpJap9OEgchMCLVUcIP4fUAWkWhbTqfrpnNhCWRibktzb0hBSEwlj2N3d7dSKyBSIFPmTy/heQi6h0AohjmV8exReOjhjS1Hd6PC4EgBMgxI0OalTRMglWFf6oBmenp3vL101w+ePHnyyQ8ffvgxEhUpy2IPH94nxK+/+qbUMQDaNN/eHF++ejdP0+H2dDweb4+n4/F0PJ2m09yWRZuP40ak1nEk7umP4HA8HA63t/M8LfNMACJMQLWWcbMpdWiLtWVWXZZpXk6ncMuo39Y0U+qWlH7qDP2CXtGiBCm6ZjAiAok4rVXSgy4yNok6Dpxh19gjVwkhrVOIvRqMuJQiadggQWKSIlyJS9psc8PMOPBASpllWgqx6/AjPNRzTXL1cHe1HvxkTSO64/Z0uNV5XuYjAXkAUWUuuS/kkUBUiDCwrxaZKLvZnLkqQNRxm/cNdeU/QPRBMVdEgMhsn+ZtM9b79y7u3T2/d2c3jiXQA6OHBvThFlPWAoEeMS/HOmzC4/bmcjmdMitCStltq7dlPt7eu3tx98Hdi4vz1y/ftON8fnH28NE9VZe6GXajIKjpkw8fPnn8QWvLOI5DLUMtxHJzc/vmzeWDBw/d7dXLV+F+7/7dOxfn/+FvfnH55h0XJEK0oDJMx2k+HR/cv/j7X36z2dbHH937q7/4NQA9eHBPmP75P/1H3726/OVvvjZty7wIpU3LwgMiJMncwJS7pGQiwU5iCTMSNHN3B3X3KMxJ6q5BbsmUd6SUMFgovHsN3a2HuhCqpSKfmDgQrVl4mBkQJlYH6qfT1Hmi6H/PVxvYUCsTajMW6mutUCo+CDEMmMg9pf85jztExsUA9ACnTP3GnlsKxh1QJyFGgOvT6bho3poIvd2mRSwYDcAIFXFZWgpDiDlDkLqdJQKpo7iIYO7uxsK5A6RmOn2uAIQQhSWd5RGwJihQ1s/luMB9aLZV4p5TLxli9MFlfZ8RN/tzD4Nwd4geKZO3qwvRGr2TCJ8HZgQnNWvT6TYf5pT3IEAp8uL5d+HG6a+wBhGE6XJOMiIgsp8n3tOJPdbPAyKsNWvGQqvHMP94WBU5YKrINGyGDPR0tehwO2Rrp/WYnrzmY7vZqmfrLfUI0fRkh7sFBTJTgh0RYO7aGq3IYr64mSdGhKmeRwBEnOeptRmRwsNScYCYo3ApAiJumr0B8zxnWx8guHpYYG9MJ+JULTkLEXGtjAxChAjmUYTdvRRGZKAQFhZqU0vQxBfD9c6OiDoOD+/fPx1PQx1aa+6ZmQ4iwkLDMCBSSv+XRYU5IpZ5zrj2bKHI/ABm2m23y7KEBSMTQoRl2qyaMRNw4rV4tt9b01IqUS+p0GZIuCytLY0YWcTVI9x01fpGEPTUDinFtOd8ZJkV9+ivmI6npWlHWCzcc/QHRIze9kUQLiKI2JbJ3bNn0c0AwczHoSym/+JP/+Xjx0/+v3/7ZxCo2tJeARCm7maJN3hoz90P6HjV2tW4YgF93HUw6vcRYOrgbdXQCQFAKWKmGTocPdwtnyFe0yyTEKPc3ZnqNnm/CCLmoEgrjhSO9LVQ38bdIe0OFuuYS0zCK9+OSWEQEafxJRuWu16ngwNdLZeUHycQnt1s/aCRUkstqg2xAznQl8jfY3YpGwwIJCEhpDRKgwgDhhsQokXASgiwSC1VXVNJkmP6/uIcIlQ1f6aU04W/h3JBmyeaKCxEaG6aUMSaBiC1pJ3A30uZEAgx09jqUExVan3y5ON3N1dAJMLeQRRwXzcMRCmllurQEzoznzw3jWEoJHQ4HjyslELMp9OU34OHC3EdNr/76uunX/9OCiAxRKSoL5cXpCAWbapNb66uyd20SZE6DBA+T0vNYGAzEoGAksEsmWND0madjsuwHctQwiwgnn/3+vtXb6fTUafj6+cv3r16RegIXgq9e3sJ5qfTMYimm0Nr8/7u3e3ZXpeptWUcK6Bfv32LBPs7F5vt7jQddrthXuYIKMRS2MxUW6p3lqW1ZQFyYVmWGdN1p40IpbAUIaJ8PEUQAIK6qEO1QQACklAyvsQoWVjELKVe7AdzlaEi0uk0582aRVHvK1fyITezngTiAR7M4q4AwFKqFCJKAaJ3W0JXlLo7EdUyAAQhZBMHE0JgyoTAzcOJqNQBIFwXCGAuzAIQKW/NBSAXZyYydzeNTHP3oFJ9WTxiOH8oZbMcXrf52iJkGERKWKRVzgGAqwxbQGzTtd5ehZ7G3e6Dx588+OCj+48+ZGFAOp4miCCijz95cnG+/9Xf/ya7utx0aTMKTctxOp3mZZ5P03Q8nI6nm+vr63fXl5eXV+8uL6/eXl1fqaoFMgmzVCnZ8MVCwlSKFGEkHId6cff8zt07+T2oNWu2zHNEIHNKApjZmmaBJ0An77FX2+T4mjAseDh0UjwQkaQQoxSRUnraWRcoohAkpi4i2QpG2Q2z1gRnqFfvCxahwsQsJMIsVKQIcSESQCaqiBSA1hlHQmIn8sDkcNKpR935F7wC7eDBSIE4jFtiYUQpqfjKsnBe0eUutkwR435/YTYR0jDuEHsPQCCE9zSDjtZ2lWGWVrKaNlcL03TLQXAmvXIXnSNghDFDv87aqYybcJgO72qt2/0WEZbZiuA8na6vD8J8dr7HiDa3ew8uzra7aZ5urqezu/eGzYiA2toPP/3o0cN7bdH9bjtuxkJcx+Hy7dtl0Yuzi7P9bqjD55//6MnjR++ub//dv/ub84tzN3j6u5fLottdBVg+/PD+8XSam3788b3ry5tXr29//JOPbm9vpZTz3eaDe/f+7C//VtEh3DwIwSwx/5SsruQ3YvSWrn5DUmFKWXAAMTCTQyaE4O/B3bSSJyiMkEtanus5KuScG6v6J4/99OZhAtYRpQM1nPLvjD3vrDB4IJzmKUvfUx/Qr3szkczHy263fpnA+6k/o7/zD0onQ0qJKLh7ZCl5ikHK7NAcASPbXidTQzCmycwgNEBT8ZLTG4BljEAEdEkdREDy8tbDfMIh+8iiK0ai6+bzgIFMkEqw3x2pn3iEudT4GnOzTl8QAEhMTAipqAAvdTxO03w8ZgqzdTksJMApIkScEpQUUmftKyLOpyMGoGNEZJYVALlqkYJOSDAMwzJNGJ5U/OqUc0bE7P5jaqa1DgGgTdMdwMwpxo0Ad2/WmAiCltaGsY5jXUxF2AOsOSFFF/gCEjBzhNc6mHtWiyPiYTpCD02B7kfp3CP1qJZ+8gcBlVLcV79i9pEwBDgypurVTfvz0NNHuNOcqcgADDc3KIx/+l/8p0+fPz+clh5fAGDqKaVT1WEzfvDwg6t3VxGeuaG6tIwyNY+m5hFMVAdxD2FW1TqIuZlqKULMudqqaT5PQy2b3fZwewAEImQmwIydRWaa50WbZrZTxuFIkWxEyfycFBppW1LWkqroLrHgwixzmxEBiTFZUPfT8bgsbajVPOZpSpx7jXhCTmgkPUBEyeV1URml1Fbz5OzREn329u7ljt5IEBAl7xMHFiZBQDALolSDhjYVEiRIvCD5kAjfjOOvfvnzv/7rf1sQMcisRURScDmnFilroDFas8xuyIbQUgTAkydPEXh2yzIKEappEq1mjkz7872GmmqHOwHzJ1c3Ful4GUBan9bxORCJSTYRQMQsJfoREKnHSbNRl7FDDzWJ7N+GdMpHKUVKSRkEZDlwRLaBZ6cOrJoudyCm1S4bSUKxCPYg4R5uISIeoKacnulwKSVH5ZywouN4Hc7K58YzbzvCzd281JIavfRSxNoXqObExMgBmHwNpTsb1/yXCMBo2oowAlcpieEnIxoeKO+5BcAs3XDPZOHUa4dBUBByRKSte1kWa9oNqJHfKjCXnCzNHAGEOFlpREr3SU81EZxO03/8n/zJvQ8/fv7Nr4dxRCYuAgDEdPf+/WGz0TYt88nN5qnVWpK8SUtyJoVkzklGwyIBhM+nuWx2EOEWxDxP8zAMASDCbcmWHIgwYhrGeu/euflyuLlB93Y6tONE2ubjzdWrl+8u3+hyPB1u2zTpfJqnYxlqKXx79W5T6vW7t/Phph1u2zIv8+JuRYgJ5/n07vLdUPj66h1mblxqNSDUgpCA0ExzhEvRTu5NlNCdBSJMpxNyNspARoIgAlgg0zCUiKDUcREmg6JLY2Jr0//0P/x3/+w//8f/2//xrx0kPIuu84LGgGCkIsTCdajuJsRmGhEZINq0sWCfCdxba0SEkHnVyiIRmHFVQx1SetSX2IA8VUQE0L2ptsW8AYa5RoCUgZgBHIVT6SdSMVVryOHmronSqRkCA0Ydz7Z3HszHd358px7Iham01gBAhh2Wisjhi56ufb4FX0iqbC/O7z4at/vD8bbNx2Vp2+2Zh799eyki+/P9kyePfvWLX83LdDjc2tKm6bjM83w6atNlmadpnpZ5nmeHYEKWNKLE0hb1dpqn128vF41SeByr1DLUIUE3CGKGkkn8Q2UudahSB2tmaqF9uFI3DwcHM9WlpcgTUn3bI/67PDQ6wgs9JjA0ieOEhUikliHRfUCwVTYAvReJRIgJRVjSIMAsUopIAhyRzicmYiEk6GEabm7NTdP/gQV5yOo9ZIEUXBAiJ3CTZK+6K0s2HlimbkgdEDp8g0RMq/WJAAIDPLceJiKm7fastSlb2fI6hARb8gBFyCpI7MdscrirVTELUQEoeqdDzsqrH4mJU2IN1uZSRyTUed5shuN0mo/L6eDbfT0/2x1uJ3coUq1BHYbtMF6+vb1+d4ygi/v3kBkxtOlPf/Kji/PzcN/tdrtxExFmtrT2wcNHjx9/8Pjxo7Pz87sX5yLlN7/9+umzF2fnG3cE5+35RljGsb58cTUv/uCDu6+evfnu2ZtPf/Th5dt3f/UXX/7wDz86Hk7nZ2dffPGjf/Pnf9UWBXcpxXPQzFiY1Z6NmZqVY70HC4uUZV4gggUhEkSgBKrySIYI8KAktRFWscr7By0ZIMLcngBKqcTc2pJoK+eAAkDIFuphkc6frglFCPR1+iulMLFmuKcFQjBTYnyRypL8AyPv2WxyzRs5U2d6yCNXbm1mIRJeVBmzm4jCQ1U123khFKCBzxHqYYDWL3Q0DzV3AM9HAiCVI5mhCwCWGp1sLUTc7e+oaTIKsM4RK1YJlpSXWwrlupM3BXxu76Wxq5oxgCA84c/+npShQta59uSlxLKMiCgIM68JggBXvL5ba4pIGKgb/X6BCYfOaOSymF6+JM48N6ycqbsawhXiyaMn87KophccuugPQ7WVUj779IdX1+8y6oME3dNZQ26azafJPGfqNzERYx2H6TTlLNfne5Zwy6mFiJJ7omwzEu7PG4AUKaX2soeuHfXV7f3eYICd48J1WYwggtQjWjgxbmq9ON//o3/4Hz39/uXVu+sMnMkwU0IKAHNHhOPpGNn+FmDuUiU8spGescucMnklsz7NDZFKZQBo5kgc4XmKMVFry7vbGwJmSfmcp/vC1QGg9I4wDAQmlu7QQDXt0HdCwEyE5Bauti5JQIhIEhCYnbjpAcm8RCZAOLt7b5pORKRmBMHMImyqECFFiKX/4gJLZQxgEfdAQBZaF06K1X+y6prITEUIgdScMMzM3ffn+yIyT0sRxr6q5vvrQLTuM24aFBhuuqiqmRmz9OSyiL7dJVQXjok8MiNhuBEBAqubufUimhQJcA2PoGxlDspqe2YPXaZJkksBB0BTCwgRGYcNIWaFUeJNmDbX1Jbx5gyJpBQAXOYlfyzHVPkhIoZF8gWRkT7MKyLRoRPLlt+VXob+KGMm62V8P2RhZaLk0aF9jbYsC1G6iiLCCcjVAUiYwK0IA/TU7XUn7uV5iZQRkZkPQ611M2zG0zRLZRYOj7CeQ+qejGSKcWE1LnSCop84kL47zhXH1TPDMp+n9aRIWhNTWRr5/STBwpwfLdvdiDjBYIBwUzdL+Wl4uEc+srmMcmERCbM09SMBIOUNnegRIpvZ1eXr67ffMQUiA9Juu1nagsDztJwOJwcanzArAAAgAElEQVQbx1HN00cP4R6Wj6SqAXEpYyAgQVNlEQCaF7v34aNxO7Rl4VKY2SwljqBmTNKaubsUWqbZwQoSRNxe3xTCsOn2+ur28u10POh8NG2menN1hWDaZmaajhNjtPnU5gXBcyvNVVttAYT0kTGxzo0IBSHVMlIqCWfTXPI3SORuWWOUHF/nT2JV+jG7uwyDNXNzZhIRVYvo/unUcqdkEjFE+LdPn/7873/95vpg6t6UBZFQUq/lnu2DqkutAwIuUwuA1JbLWCIAGc3Mm9VaU2OCEcjoHqneqUMlyLrQTqwnRO0RxFnhUIiZSyERIdFlibAyjCkcJ4SMcMqYrMjKGLfWlgBPRSQLigybi0euSztcOQCQlLqJCCQp4x6JdDro6Z23EyOWuq/nD7YXD7mMSACuqst0nNQ9pTu3h0Ooylh/8PHjn//8F9oWd8sd1RyGYcBclEVESh2GcTPWKgEMgSKl1jqUsdZhHLaPHt5/9PDOdjuO43h+vtvvRk4hPMI8t7YsYSbCm+243W1LrUQpazI3zxTPcHB1twY9AvH9C9vliZHXHgKiQzqC8uqwyP0wwtQs6zVKFn1lzq6ph6u1HkycvD8QMQes7nPEIAwA03BvqrrorKbmACiMpZSh1kFkYKIU+/a4j05iQ+bVhqtbr0QFJGtZAk9Z79AtBwCRA0Snc3ENH8gBnbdnF9N8YJJSh9x41D2D/bo0EnoAW29Hy3WXKKOBMKXU/P7LSyY3t4sUe0CE6zKVcRNI0+F2GCoz11JcY7+txLjbXewv7jAXKcNut2OiwzQP27I/29fNxrJdZJ5+9tMfn59tEXCz2ZQqiMhC+93ugw/u3717vtluzvc7iHjz+u3XT18cpuXRg/tCXIfy8aePnz9/zVym03J2sXn48O6rV1cfffqgNX3+/O3Hnz46vxhE5M7dOz949ODLZ6+/+ua56exmqxCq7z8BIMwZ0d1nSQRTMzUPz+DqsF4bnd9fjvh5awUCC2W6YmIBeQinLkaEmrVlmcfNwCQQGv4+g5IyRBKJmmoqMSDpv34h5uEeKd0mZg8wCwjPIpBkBPIBIkARIuFEChMs6rtICmsBmei4nD569ISJj9MRkcG7hj/CzVwBEKlFaLgBWHQnjUW6oaJ/7BW36m0DERn4oRberZZd6q/WTBfsZhm3zOwOivxknLS2vwehc8QMSMkJMnF+wl7NHes8i+TuAZC7Q5JbkP8+Q+Gi1pKcUW0RHdVKyU2PG4xU/Pb/RGdoApgIMGEaIyJhNHXPKPj8GBF9IEZCgnfXlxHGxAmWdaaxR4XAojYtJ07rtKlpUAIQ7oCRkeUpxMrFBgHbvNRxvDg/Ox5viQmpDw0JnnZDR1cD4Ht6JwN5WmsRGVuHpYg2A8+tKCPH+pPBTKlyhO4OhdQ1pdiVCZfF/+wv/v08nYQl0unu7gFm5uDEQgzaFiLJ3EMEoLVQNiDcTYTDAwnMwsyBgImJUdVayyIqwPyV5EuH/XMRYtOE6tapEGCzqT08NW1U4YCo2nLmTE9CPmIU6BbcD6jsWQ9IYeT6uvSIJHcmWpZFW2PJgMqEgajfGYgR0FRTzdXrYxBzYMiSzZV/oPC0YlJKTnJtzTzQcbs5O9+fTjMAtmVprYEDhLWWwF8yB07MSOhqsbK1Gt5UI4KxCzRgzV0y0/fKw1wdARA8zM17IGSu0YEIYeHhRGhmbppCTSSw1jV8WV1sFil5xQARzs9OhK4JR3aoCPpDA4x1k2/VCoGnJK/LncBTF8iIiIIRnq4FgP6PJaH2/m5+fxfF2n4I3ezCKbRM9pDWI/LDH3xxOl5lz3uHrAmZ2VkefPBxa1PfEVuDcCbu7R158ECsVzYubSm1mjtYpzE8OpqemwC+L/7KMgVCIMy82M6+YYRFirdy7jA3gEitWGIdIrxmh1JPVuqaIktayCP6N+sJBRAEsAgQmmflliB10zIS1aGWWsx8XTAwD9J8acLDHYRK6GTzqcpmaeqmGWRRZFym2XUBgs12u93sltPMFJRu2vXAZS4sMo5jBKgujCTMpYpH6Nzm41SGsRkwolAwU6mDQ6i2YbPxMGQWwtPt7TJNtzfXbu329tZ0mQ438+F4th1c2/mds7HKdDoCwOn2pE3HsZouiFFHWZYlAKbDBAi1DO4NAkJdtUlhCKIylCJuioQQtFizpQFikTIMo5ojcSEipmVRAECmUC9VIMDNu0xujX9iKcu8YGAprGokwkiqCoBtaSLl5dubb5+/ogBrbdjUiCBmYWnLAgjUO5j7qieSkokspRcg9PUJKJVzuV0W25+d1WFn3tQNkaQIeW6ued/1LH+AYEJTUzVkrlIhSL0BApeRCFN9lzpXoiLMqZXTMNMGYZCsTUTZ3pE6Hq9fhTVHJiosBZmlFNNZT1c2HzyA6348f7S7++G4uZBavZ2GQoA4zyfMZ5KYpV5dvXX3cTP+8R99/vVXT1XVgUTKMA61DkwkpdRhMwybYRirCAIwy1DHYazDMOw22zoOw7B5/MHDH3z08O7F2WYzbMYqRMfT9OrN5cuXb96+vXr16vX3L16+fv325uagap7IFnMgusWyLKaWOEGSQW5GnTv5/ahLHT9LHTGut2cerWtcZ0b/eXiEuSV2KySllAzgSqjVtTcEmLuaqlrzMAcza0u2eHvkBSGD8FDLkINFhgTnH5IBzMm6ZcsfAqyJip4/KAFlezcSlVLzHRdiyPkv+W7op2cSSkkObHbny3IsZeBSw8PcMq0dIVMzMHluBGdi6IIBSho278eu6s4Ex/zyIAXr3SHjHtpmKiMRTcejm50Ox4u7++1uDNdUSgy1amu6tNN0OBwOTW0ca5Eyz3MdCiOB+x//0U9rYS5lHEcRcdPNZrx3/14A1DKMmy2Cn6blu+9e/Pqbb//n/+V//ea7FwD40UePa6mm/uDhHRFZ5vb1775/8vGDs/PN3/2HLy/unH345M7f/fvfvXx+uduNIvWPf/r5//lnfzkvU2gw97rR97fVCqcFYIgIIkNOuIAZ651IYofcIJIaSkjZM9saMXrkZbLB/VLTpbGUf/HP/uTps6fH0602De9Az6rZiyR2utAd3xtFUpAQFAgRzT2T2cI8AZ68l/J3AYBIDBRduoVg2pOt82qOJEKRDvP0xz/7B8L88tWLVMH2hoIAQDJwDTR7H3CJSCnmAQPL2nXob5bnTU1E0DMlSN3TmBII3XNuiisSkWKC/rVmSiJQpljQCkwDhLsFBuGa7dihssxC8ITgIQKyy8wi1TgIwCJqTUR++OSHl9fvHJy6jITyfelbMxKk5JgZU22S2qR1EgFEB4tADwuE5t71MX05AWLInRCdmCl1RKlY6m+J9+n8NB2EuFcCe+Rr5B7J/Pjvd0XoEmgi1wiCwtKWGd8XmkKnqlZcAD3WnSZ5zgiIMM2gQmBGLgIQIgU7idEfjNSCWURvewAkJO9gCWOEarY3QARMp6UOA2fKfnippQ5V81cZuc85kwCmziqzRtxVI3KW8Axp937Rolv6IgASjTVIhjbCmShzF7xnx6CHMZMDLE0tC4sC1B0BzE1qMYhZtQgzc0Z6ECIRdvo0wctMo/RAQFsPt/SFEGS2/bL+0gN73GwvQ4Bu3O8csqkBhgwFmYZxaHNz86Rhw4wRHUKEA1BVUy6PEGYa4B5QUqzugZmjvR1z96FVWWNNpZRwFxYRAvdSCiFCBCeAjkRUMvol00jz8SCkpi0wN71AQi4SASylFOlQYs83IxYRTmjAmCnMzDKjqaxQTxBL7wlNgiVNTbqu2alYK+MZruJlEsZVrN+ZCgAWKSJmaQTPaXl13PcHNYfNZCrfA0vxfiXAjv6v1h/qlLVBAFCbD0mQpiC+MEXYZnfxX/7Jf/3117873d5QFwxCpNEhATBiREo9kpmrtvDsTEa3IOHz84t5XjJXMd5bfwCyKypHCTNjxjQ6E0CblQJRBAG8P4VMmfmI4RbMTEkSMeW307kAQET0gLyhAUDNWDgNVZ5MKJB71GFAiHlp2HcMb61pa50TxP41UZcLMrF0nQuSA2B41n45wGc/+cnx9tbazMzTaVqWZWmzCLumRhYDMbuLdNHIj5SBwkDM0k6TaUs54p1798B1WZq7j5utcG1qieFBuM5LmxsS6dK0LYfb27bMburLJELE5Lq8e3MVtmRgaykcYcJcKjOCZi2XmwgxsamBah1qLWJmiPzwyQ+a6jwdA7CZhhkLgRMgcWGIUNXIzl2AYTMSspsSoHkw5cirOXgFuKsjBCJ4WpsgENDcRIiIzTJXqpOnEUHE5hbeW6sREAlS4RMOppah1LSmRSWex4yIFO6bcZMS1eubG6n17OI8NWNDqdCDpHoaaZ7vEZBC+TCbTjfLcrBQpkGkEFKsAEm4MyGxJHcF4NaWNdwwzHyzv+c6x3KUsqFapQ7hYbrYdBPzLWDI5s7m3pO6u0vDAIDuuszz4eaytXkYxnmexmEkIiTe7c6mZSGAcRz++Gc//e75y6t373jY7rbbBP7LMGx2u812V2qptW53u/Oz/W672WzG/dn+fL/fbbebcfPw7sUnHz18ePd8KDQv7eb29OL71998893Tp89efv/y8vXLy7eXl5dvr99dv7u6ub2+vb09qqowIfdEF1vSkBPEpMtirkCpGMSevZC/tcRvqUM1SISYEfkU6dfIzb5DathPTbMc6NIBTCRB5NZb4yxcO7NMnvnvUoWLiAhXBE7wIAMG1ojvBOuZkBMy8Axxop7h2Ot4GAPQLFtBsMiQ8Ex674DyL1qPUUpiwSOYZbM9m+dDLRtkMc/Sxw5bZpI8dnKcusoi6VcLJER5r5fq00f/4NiP3zwSMnCp1CEQ5tNtYdlsB4TYbDbT6YTEy7Qsy9zafJpmZmLhMgzjduPuLLLdDWoNCb/4/LPCPA5FmBHCzHe7zWYchct2u6tVrOmz59+/ffPm73791Z/91d9eXR9++/Tbn//yN9+/ufzs0x/cPT87Ho4X9y8u7py56ZvX78bdeP/+/ne/eXo46o8/f3z3/u7O3fPz3TYg/u43X4c7CweimRFySpxNFZEi3DHunN0xs2WakXAFp4OQATlW0ADzHmFKHRkRuwYBRsJIkHWrGdwsyPT67eur69e11FgNaSnFShUaQDBzOgx7nw0grQRgztIZUzQUEaSmmqJZFvLkHYDMDRyklrnNEDCUwd0zjb6PCeEYuB03v/7qN2/evNgMY16zbk4AzIQkLcc4BOqQGXig9RaVnEMh8e/EVgkl4WwLzwh/ZMg/M94n6PcEWUdiJF4Tk5JDAV/FLQjUUTkgjD6lEdG6nXQSAyh39DyBk2+BtJll1tJi7dXbV4jOKO7eHatpgc0xNhcaBujyUbCm+Up2+Awisml0FXRhV+mvvzYIDAfmBC0hOvaXC1N6efMQYZbEVml13PTTBdKQHQgYHpHqawjTIGQ3m+Y5zQFZ6ZD6goCe4Qo9dzElZP2gImDsrCEFwjzNZlZqiQBtlqgsMguzr7h7H60ihkGQ0NRSf2/uFpbsdPIVmXxFTK01UxMp1DVw3RnkmrbUQMhsLQSEzW4XCObBJOuZkQoQRAxhUVXEHr/GwthF6zn9p4Snp6inDCw/P6QMy12k/Mmf/ldffvXbpg2J81fXvD24+0i1mfWLOTLTGzEBu4DIYLT8u3UoLDIvikDRIeDcY3wYh7k1dE8uKAKQQIq0pZk6AQoXByjCUouZinD+6qPb4oGQ3XxZ1Frk3JhbyqJWh9pa02XJiY4ydxwCIqRSQJi5iABAzxVASP7JVB0iYxKT0m6u9x88gIimSyl13Q0jfYwAaN0angxWWES4AXTWN8yRGMDXqZsz75VZUvLUx/L0JkFn4RjLLifPSK18bxLrb1Iuo+7rLbKCVNCb25C5/H6hpRyeUi+fiAwik5llCUhXuybsjiAk83QgJCLJ4TQCDGKog1n71a/++nS8kiz1zEyFQMI0/mUyA0EEFQ71UkpunZSBoarJsEQgZ3cYAkny/VnX3EGgRBPdnTJwJ2f8npOF7gpIy7Lkzfn+uyMmqSW/zawgIuSkCBK9AKLu9I/MouzCO7cgpDBPCC95rv4/ofAOaCZLmamqzJjFXkgEQJvdmA8BeMzzIXsfVM1MhYWQkz7OtF1CMvVwZwRTr7WqujvUTc1MMWTRphBmDh9+9rMnn3z+/bdf5uxLgrXU6XhCcGbK03Q+HocqEAZmGOFNT4fD4fZ0uj3tzwZTW6ZTrbIsM7r60tq8eNMsWydA8GhNSy1JXHrTiHa4vVGdOlMY4e5VBu50alvaUouEYymDmhJguPfWt36aBFgYODMOw2jNSuWICIw//Pzz6+vbcC9FVN3de+BA9jm4t5Z3MLXWimSFiuetn723ak1KBQiMhOgC+iuYrALM80xIqs1MPYzA86mrpWYwc64Z8P7fxbx0RMpYZMMyVBkLFcpv2LOrEtyNRBAlIy7d3XzpyExEQMiwmQ7XxEPd7LKbz+aTTQcMG3cXm/ufjBePShmLcGFBwJxuzWbEOD+/30y9S13p3v2Hh5sbiBiKfPGzz1+8evXy5evNZr/db3fb7W633+y3UkZArMOw2272u+1ut7tzcf7wwZ379+4+vHfn4YOLhw/ufPThvfP92LS9fH353fevnz1/+fTZs1cvX15dXt7evjvdXh+Ph9am1maz5qGm6k3NsuGlGyVUF20KEKrNVbMxlHjNsOns/HpzdhU9MTGzJMKTVl7sjeZ5zBF0Izd4RHakp2YjTXV5JyNSIAeIIxEzIAVFbhB5r6e/CgOgz3yevoUMI3Z3DAdy7I1jHlk9QRiRtbUAgGUY1r66BE+QsJ/gCL2RBBAS+Bk3m3k5jXUjpSDAPE9JKlooi2TaNK+3SnRhY+B7KbUH5Q/cj13APK8QcirNaJllOQ3bvXswwjydmMp8are3R/AeNd1cgwty5WEctvthv6vj6OsNWUodavnJjz8za7VWKWLmTHR+cTGUYRhqHSsino6n33z55TLrn//V3zx98RqBWPg4z19/++K3X3+jS3vy8MFnP/z46u27cLy4N17st1/+7tt5tk/+4MNS4hd/88242Y9j/cmPPv3X//df3BwPhNTLI5kIoIvWe8hptDbbooySCXJ9v4rIox4IhBiBOM8miBSJpZM4PDq/kotpUkvux8NN4ZJS94T8ifqg4Zmo2Sspo58RiBFOAAgZUwaAkG4SVSOMkrAxgucmioEI23E8Le2Ln3xRh+3N4SZ1pNx3PCBIpwcVEiRRX1X3qeFAYmJH9MAUorl7609++iBTgxD9cQFw8FLE1M2yTBTSs46pPeimJjZTM0WESGgpu9UiYtXM5CdO8iQ5t753rh86oXkLQ4x0WCZLnxAheEA2iEWEZ/YLYUaImnVlnVnfAjJIpUfpRbhTpOcw8XFMRTuAp9E/sb91au3qLyIUliTBqO8JFmutZBEGoADLAHsRQQoMYMrPwoTA0kG73LJzr85kIUIQwRSvdooHV90BrL/EdACHUwfXnZAcktbAJD3cgZEA8zZ0YbEIcGDmHlnRmRV0j91uR8xtWTj/Q54rGjJjhAlTwq9JGmQqKBJKKR4BEWEG1CuDcmtCotaWx48//eSTHz979pXUmjgHYWS/TmpmAEmKmGqSn9nYhZCjoK0Id5BQZJ8EABXOFo6hDEB49e7du5u3FODm0odi/vDDjw7Ho5v2DluIhGDSQuWh/RlO0s/MI0wtIog7xpE71e7s/M7FnePxgETWlJgjC8SyFCJDRZuGOheOwLU60QlX+54HC0kpqR8kRGLsLaKQnwmEJJco8CxoxYjQpvBeMo64LC16MpITAjIjSh7WzGxu42YIAFsaAJsDqCOztRZmSCRSMwKBKaEuYyFCVkvhExGn5t0yEi26+gZTFO1hhCvF3ilHYBnOwKI7cD1YhJg0VEqi9kyS41ZkQhJA77wFCOJ++xCmVITUGnWJNiFS+oYdHbNKBXLxzeuP1EyKMImZZzxFv6rVI1zn2ZqnZcfXrkJXz2inlYxCIg4MFupvMmFCGG6GyCIU3aAAjBQWqgreNRlE7B6IlNIjSOVQnoMARETCqV8CpAwsgpUhYS6QpxIgEjLzdtwsoT/9/AsiOh6PjJL3dCSPiuAepRY1zRU+dWZFiraGuR3FmluMJKVEhGZCc/QcXkIkIQg0g9vrd2HBREEYYYBUyxgYiMhFMHpXRliUIuFuAfcefcBlkHHQ8NN0cnMSHjaVqbRpqpv9/uLO1esXROQY3vR0moRw3FRmOs1LCmprEU8Vmunh+jCOddwOwyCn29swi/BwLUwRsJxmaxpmdSi6tDCPgDv37lnA0mye5zQ/ujVhJuQ2L0wkMkhhD4Ns9YSoRYL4waMP3GyZF0DoEVVZ26wrQp8VAd71f9Pc5ra4NsrLICWYnPsbL3PDNRgxxaQi4l1sAm663d/Z7vbzdOzkYDLIRL3EJO/i3MbTUAiBiGZhFsK4qUMOBiscle9N340h579wJiKS6At5pOc1IMKNqSAxZteJu9qSVEYmEwMKiwzbMzPXZYI26XLiMuwePKnnD4gruAtRts2rGQcxYliL0HHcqTYkStnUdrdb5hMhstBPfvKH82n5/tXrew8fbXfb3X6z223HoW632wcP7z+4e+fO3fPtdjjf7+7e3d+5ONttx0xAK7WY+5urm2+evX72/OWbt5dvXr+9fPv2cLhuywThy7xoawAY4arNdVFt2d6DzHNrkf4Ktza38EzW1DR4dQoswXHM3vecNjD64ZN7NAsLi7CIcJUiCXmLCDMRSf6f88jirF3M1DIuwlxEmHvERAT00APoAC5Ehp4RMaxSfcBk3nNRAHfwMO85DOHqic0hoy7JHnApFaADbpCwMCKSrLB8D/YJAKl1GMd5njbjjpimaXp47/7nn//oH/6DP3r86OFvv/xyHAeM9JvCqrfMKYvycCREYvEVuwEAz5s7dZCB4YBEbTluNxfuVhmn07GZIrNalGGkOvBmrNuzstltdnupkvPo6XhY2uzuZxdnCMCCP/7hZ4Ax1CoiCLHdbs/OzrbjKKUQ4dzat9+9eP7ixX539n/9+V++u54iiIBUNSDmpr/9+tmzly8v9meF5M6Dcwj83a+foZT9+fb2+va7715ao5/87Ad37t5hi2+ev/n1757GGqgABlllQ9gTKxPvZKLI+yZfq4Dcr4S46exuQy3IrJq57LFKucJUuYPWwEgQGG4egYRNbTOOUjIbwCMcCX3VChGihYVbl7R6AK87CXI2nUPvIo595f1uc3uaIHkGd+yMELrbP/8n/3jW9vTbbxCCsfNCsCJtlrb3LKhCEuJ8xt1BIRbrC4z3HxFSSIOIBMhIzKDe5ZTMDIHRA0zQ3frXmJJpTg9osOToSl0DmSNjql/eP3nxXg0AffGMLrdBImK2psycI757JgRFBn4yM2QxcwCyhKcG1tICGhF1qLv92bLMHUENYEQpNeM/sAecAxJ1dgKAkSKcIls7Icy7ODaMkPLV0OZds5zBjpjve2a+vbfXx9n+HALneU5qqKeXRseyuwCVySxYBAnMDIit6xExz6jkJN+7IhE7WUK9fBQSLkxFfB8a89JhIOl5iYkAZUE19g0r1YiwzHM0Tc1CyjWYkIg0dLMZMkMGInNWXNUieoVWQhXmziQR6QPPMOoopby+evP9q+8Gqe5u5j2GBsHdwwmRMDydDYDoSSEQI4KIdNk1gJQUgUORMreGmXfsDkTgeHn5WohNg5AAO3n/+vJ7s5mAMXI3RkwDa7iHm3kaMlN1kkrMWgQphEUqZ8sTETVbjodDLSWNEyxi6qbBQsjoAabGiEw90bsDoETMaOF1HFJRCZj7CeqysJSMoorwUoubNW08lHHctKWlHA+j81GuLt0VHSwiIimb72JXwlrqMFQ3Px4PZk1I8j3wNOMAcBEPr0NFIlWTwmb5XLG7maqkvoI5Q/JTwJJRYPm1JTi2vpTR/wEmLuM+VTzEaBb5cwzj7uGDB1dX7yKACwGSqSIm5Y2dxegGCzNTYgRbxVodLos+44QhEUEm6PdXPZEncwOkwB7dQEDhIEUwZTZ5u5JABAqk1ytv3wRdiggCmWq/BpIjyDURMSHVZtan6ghHA3cpQrQaIJgRqY4lB3vviYKAjNmiKSxppmai7AJdb1Js8yJCXQnJCIiCuLT2P/6r/x4A/uYXPxcRTnOSBwImaXDv7t15nlvTUkqqGCLCwpGQgSCAmQFJuJZS1PIlNERIExtAmHn6OYoUQnLMGFJkLsMwYMB0mswAicxMWJAoIoZxQGQIPV5fI4Rpg65hijoM87SE+3K6vXz5TAimeXYLYQkMcDNrTHg6TmG+2w66LK5KgoVoOc27s6GdTmZtuj26LgyhS9vuh+1uN01Tr20mLLVGhGorwhldUggUeuNjZqvUWodhu7RlaQuxRESKfJCklIqI83wS5AjLPR4jT9CgbDNxlyLb3fbm5qYwC3NvTMzNUFgqedaIJjhnVsZKEFKkltqPmEgNGwV406W1hbojAyMi3BFQWJilF5JLlxh2/SgmwINDrZC4hwcCZWoGRGRefTK5KWZDhPz5o9dXOKRZnIlZUlUZEbbM/dINQ6Jhc1HHMzefTzeks5kOu7vDnQ+4btVUlxnc1FR1meel6ZwvvulkdtrvLpbWILCwIMB+d5ZK8AD40Y8+EaKvv3q6v7iQUgHILIZhuDjb37k4Oz/fbcY61FKEp6U9f/H62XfPb2/nYRgg8OWbd89fvL28ur69vT0cbo/Hk7WGCIJERCJcawLEpRTJGVutqWoAMKG6ClO4aWttmcJMTXOoWj2ZkK2ZRChpgeIMHs3vjyQN3YlasHRiDbmjFoGY0ePRDWRExCidOiAET4UGFUZwzwOeuh4zAiiw++1SSg8Q7lmXYRotzN21KwzAA0Nbw3AkJCZXzVNOSoE1iAMynieBQYRVk4ZEAgilllLGpdw9rMwAACAASURBVC2llKXp/Tt3mp6ePn/69OnTT37w8eef/fCXv/j1ZhwzrqQT+TlfvD/xAd9nB6XkIhHbzMKDtBUinE43tW6YmBmHzWazPx+2Z2d372ItZRyRJcC8Tcvpdj7dnI7X2hohjJvNvXv3L/Z7bW2s9fMf/4FaG4aBEIXk/Pxst9sOY82Z8PLy8um33y06E8j//m/+X0Bxd2FkFjfQZtvtOLflb3/5m08+efLRk4eXl1ef/eEPzs43v/7VV8+/e/XFF589+cF9oNiMm8cfPHj85MH/8xd/rbq4GiJ39/eqM0wxCRKqWv62wHtdDmAQwGLt3r0Hjx4+evPmJa9Tcv+1QoRbFcnBrLWlpzQFMrObe2bsmre59asO+9bFXdXtZknZr/MwoUYAuGsEhpsl/m2mx2kxw/BIWWn/9QEOUv76l798+u3T7Thay0g9BAB3QKLEdgKc0xfT1W1oHovZouruqSkz690VfYs2RcQiDAFmCgge6OqaoT/gQBCQWg5A7Lh4RlSkH9RzOOo69Iy1i/XaTUqhK1rcLVkCQAg3wJhNnzx6fJqnPhX7ys5lzHlEIU7/IvxeN0UBjkRhUYfRwpelYdorwQOwp7XmD+AO2OtmKS947LppImyq++3ZoksOHthzgldPiEdm7KY7uHPsAB7hrkw0tyUR7vefMyAiHB0DPBAg5WWFETCs2yo8PamdNMkof4gA7joKJE4BAXrKPH7/zna4FLAzKe4GkSgH9lyd8AjgwuNmiIgyFAJoLUuCO84lkv6W+Kf/5D+7vT29ef0GGUW4NQOAWmUcN9osAAJBWEjY3dGDmEWKmYEFk3CQueuiTBQOpk6Mw2bI/Y+ErfV8ejcjWXc8sDUeu4+Etdbzi/08zQFIyMLsHm6pTUgDGCIieHJxAsHmHeuN1HcCOgVEgmaBgVIlJRXugQwQqKqApKqmVmrRWcFNmC0CEU0NAXrBhSfjEkxglvERrdRq+v8z9SbNtm3nmdZXjTHnKnZxilvJShW2hZRp0mCcnYwgaFF1CFoZQYMGEfyC/AnZpU2bFvwBGhAQkASETZhMnErLiW35WtKtz7n3VLtcc84xvoLGN9axb4Q6V9LZ+6w15xhf8b7Pm/GvYB67w16bmlnvXYSfPrvcmppaeDBJQEqzUFJkTOgWl9cXXTOaOsJjbLNCRUqRkm+fhSExArBI31prGxMlxse6I0SAZ34CsRCTde29mzZw2O+PRGyugJAVS4BrV2LqfYRNhWuOgFKShIDu4RpjDTXGCchY9tl2J0jMzQKxbcuyLgTIXHo3D0OSrGzOK6/3y/gx/QAEKvVwcdnaCuFEEkPylau24m6OLiQsDHFGUXAaLPys/ki3Xx5ZQCyA6K5nRRKwSAw3FAgzIdlZeZfrMDj3nxHndTciAViCcQD2+30gpjYLiYnRDcI8Iph5mEsg52fASIOcOfhp+d5GuvSkCCEFAiNr72ZRp/LP//iP/vLTX14cDrmzMzMWmeZqFm52f/9AwnnuuGl2mofjxdXV5enxIQ34xEV7d1cIT0CIcBGpw4JzRkfhSEQGYAYgFlJtQFHKNNVdKbX1Vgu3rZMwS2EpoYYxBuuZD+KDehCHw1Gkmql7tNaJhITNVLWHOzIRU29NGAl83k1XT66WZbO+ufWH+3sfCb1Df99bM2vL8ljmuc5TROzm+XRagRHCe2uJKoBMjQFkojJP3VyILNR6Z2YpBUhKqV23vi3bturap3lm5mVbS6ngabrIsx4QcdrXOk29t7AwcxKiwq21nu5hwsh3ICJ1ilIkzXCtqau/P95TNmatETDlwUzvIxixdwUAEdnt94fjcVmS8TyG04UYEeY6DTsiIhLlEZs3/FgiIY4hWYrucEC1YOzn09xGQzPnodoGLCMcWabDE/Pel1vtqyNMlx/UyyceoW3r6xLa3Zr1pr1HdEA3VXdFBPd+PFyeC00Mj+PFJTG1toqUH//o75Vaf/lXn3KZdrv98XiUWooQEAbhaWk3N3eP96eX33374uWLu4eHeZo/fP5sbe3125s3b29O69p7X5ZV1QCgiOzn+fLyWKZpmqbdbjdNu2meplJLLVKYAM3d1LqbmQVAFXaPbVm8b1m0Io7BHAz9LfrQ0SLn4DyQmVnKKPrPUSvnkWdu8jJsnpipFBYiQq5VWKicdfG5IU+uGyMWQSYSIeE0ISVd2926u/a+mfZwtd7NO4UjOVPqps1V3TSdKuk5MFVM6dc0wchhGmPA89wRHBwRBpMYgsok09R7F5L98fDq1csvv/hs25p1//rli+fPnn/73StASinmUJdnfi1hpIQjl7xM2R9QGobHOoVIhJjNfFkfpt2RSMzyV9em27YufVuW5U7XU/QVwoT5uD8+efLs6dPnzz/48Pr6CUJY19NyP03lpz/5XQivtTDKfjcfLw7zNCNzALS2ff75V2/e3hwP+67xv/3Rv0BAyqhwcEBiLkwAYYD43bt3lcpvffzh8rj+6tMvW9Mf/+iT5fT4cFp+9VcvPvrwww8/uL487n/+bz59d3tnHrkZyhso1+6mimc2EhBmILGplpLJNdy1H45HVV2WByEeHyBFQYRwEa5C3//gqVsPLr11QsyhLTHkKRBmgV5LMVN3zYdOtXuElBkJVJuDITOdQTfaDTN+GkEwHCGCIuA9tSlxnBDQe8/hVBEZBgDGVG9DMp1TrQQIECNUyA3GjRfv5V7D/j6usCxnk+4T7q4+5KwJA4iUn3LaKdhMc9Lsdg65yQ82FecMee0Lj11TTgXPEqKUuORU8dzZeqjb7/z4J1314fEOSbIEiaSXAGhzohH6ez7Pkz0Yya01U+0bIQFRVj35555X8nhePMCYPcfI40PCsCCm3/+3f//Fy29S2AVw7g8CzCwdHUMeBhRprkXMwBYm8rFUQSR6L87O9m/MT4GQyNUg3QWUCggYTlkmyjVy6kRyTpHt1rAQY4b/ZDeRx8IoafJ2SBk25U+OcE8xMxHUUpZl9cS/5LdF6TwHcysizPzXv/6bZX2Yd7uIQa93MyBEoK6K4MxMnHo5Y8xoRRxS8JRg5Ly4lhzAllpRaGvdfcQvBAQSRIAURh7LTc+d1XDUA7htXfNhf6/KIsHItCWECGcEAE+1krmnMliknJ2nMZZokCQVJCYb+yoIgCKSRY6bMotHhDuLIJGbhXtYJMHlfRGL+QfiCKcrpXBhMy1zcYe+NVNjZgZW7VtvphmWNe4EZogAIlLVdd26Wo47t9aYUzkSAJARsFtvZsZELJLKq7SoiJz/DSKkXScAMUqVddvCXYTPHm8yVc1AITuzsTwQsZScCeSUAYkwkAaXAkY1kpo+8/GSMZX98BAMR2tOoThxSQGRTEkiZJIIiEwvy453/LbjTXbvABTuqk6cngMXESbpqhEG568vtc5M5N0ggPj8xZ51OKmRc7cktEOuVLJudqUs0SByqIWU1m8sUintOEn5GkklOE1TStUQc7Nmkcxcxkwa58KQlnwEFsqZB6XbDyAoRb2Ry9Bs4tPDl0oSCycWC4sAAkKghJwk+0iIai29KQJlIDwgBToRT7W6a2vr8A8KUillmtwUIHBMHIHLDIhm3cFY+NyLpFgYMUiETbt3zwd5XZYAv76+Dgs1ICQ1d/PWtjoVIgaMUmstBcITvXI4XABh27ZAn6eZkKQyYkRXYnQzbQZhTBhqD3d35Nb79uTZ1XparSlCgn45Nx6m6mbCJRzaumzbCu4AOE+l980BIuLsjHGCULUEqLW2halDCHG4I8ZpeXjy0d8Ld/COhIhsqrntAsJ5t8MkbBJJmR7u7iICHF2NmM20dyulYAC/X3Z7IIEQ21hlByGCOSOTJLsqhAA9EKkUyUWJdkurVCAFwm4/I8LWNkTU3ikVYjlERCCiwiXHX0Nzl1Po8842iTXZSuN7sWzguPdAUnLCeCaFhHdtnoHZkHgFadu9a3PA+erD+eIJuGvbdFvDFGk0DOMfTw4AMDKQ7/YX7sZMU61Nbbc/7vbz48ODkHz08bP9bvfLT//m4vrpfr+fp4qEwqTutzf33758ffv23bvbm7vbh1qnjz/6aJrm07q+eXfz+Lhophu0Xkrd7+fDYb64OB53+3maD7vdBx88+/iTj59/+OzZsyfH43G/P5RpMsDeLeWnkW8zABGbWtuWs1I2hq/rDHxM8nqeOZRKnMF8A2IcCV/EpQghsSQEmjL+RsrIg0OEsU4oJMyFSZgKITEWTvc1hKu5hhu4bW01a+w+WGvhmMh2gAR5hrl1TZAwYvAQi2ZxgmEOwYjCXDwMgIh4wHhiiGTHbURESIogZa7T3Lc27XZd9cUXn1kzpHpxeXVaTsvSUpNHLHlj0Ij2RIhBLMD3rgIEYSamXFYagiXjtHc3xXA3P7WH5fRopm4d0RFjqtP+cDgcL3fHq+vrZ0+ffXQ8XuzmXVi7u7u9vXt3e/8uzK6vLv/h7/3s6ZMrJixFkPjq6ni8OJZSWNi6fvfqzddfv1TVp9fXX3797Z/8/Bfj+/NQUwrwcCmMhOa2Lu31q5uf/M6Pbt/dfvyDj374g49//Zsvf/35i6vL/Y9/+MOLw7y1Xmj69Fef/9WvP7duhFhqQQRT026JxEQMzjLYfUwxC+fwyt2Z6OHhfnl4mEqx7JI8GAmzKw78+z/86J/+1//Vk3n6xS9/lfmcKQca9Ev1pi2H5Fzk6snVsiweBkQff/zRw+N9a/3jj77HXJd1ZaIICE2eOiHSNNE018e1pVjFEYBC3amUw/FoEe6ADA7WuqkjITtm6hwOi/MQXmBWe0h4JopEvgnhLoUxE7V8bNIJ0SLdDmjgecL4+H9BKrMdHAI271PdO467NWLkmWTNhGfrSIYBpM/kveogBk0PwJI6gjDISFFFvn751ak9FC75M3M1nxJcGmQ8GG4YGLa31Gfmq5qyAmSMGNmgZzEdptUOhvgHA84a6AwJZSLCL7/5goUZxcJi7GbzBgXC858M4WYsEoCAyeLMmsGJOTcPCDC4iDT+k4XNezfO2d6T0tDsiSIxxxBnBKKPBxSGaQUAwQ1yYZ77Ycryf5TKGOE0sGg5VOaslNbTKlJKra03ynjKCCGupbiNTGXtVqiqWW+W33WSwXrvdSqcVkCIMIcYW3PtmteVj9QHyjqQmIa5xLIy5MhKy32AevK3Bs0IRJEhQ0BAFtGuWT7h0LLnaj2VseD5AtB5LQODLJT1obtHZLAPC1NEplmPT4mFIqJ3RUQqtdYZ0FmEmQFCm4pIGUEHOJThgADAUgADCRP81nun1JaffzHmzHLRWqtazPtZzXIQnmNBeC/cBJAiEa7qlNkXgQ6BmZkAEGZj8Jftjkfush0gB8bvu+J8st2TNZes0kETxvN1FyNeauBZI8ubCAQotY5lVEIux5t0Thj01B2gZK9GjBYAnuCwyGlBmI9lMgz3f6BrODoHorlSyvswzQMcHm15ZOZaCxKah2moKgsGGAYOk0JmIrhzreeXYVhokNHDPZyRk9OGf6tzcwTR3iM8B7SIaG4J6GAizCXmmbEa6ChELG6e1Ft0iwjrKlXMNMVjAMAD9QjRDBkZBQRSnRww1kBj9I4AhJka4RYYPfHiEORgeUKZqrnn3A8gpYS+Lkv+Hco0BvluJlMKah0Bu3ZEYilt6whIQrZ5fqNjx+sBiFXq+eOCCKpVAnBdGhISEhRMHoXkLMsUEKQyIJTC7gBG3RIVC+7rVKewjJilh4cHMy9CDFiLmEYbi/4pENa2IdJUJu8NgBhxeXg0s3ettd4RhxXrcDw+3D0CmHpjlHkqvXV0Kw6uCh7aQbuxMCWt340AiNkEkLkE923zQebRgaBlev7R99fd7pvf/BKZuzXvWlge7x/qPAVG21pEIJL2tcoU6taMGPfHyRwe7x9dVQR7N1VjwVKlVum9e29MxdSESi1s7uwJlbJwoNSmRaSsk+eCIoi4rhvmBM3dWlvDUhSUZnfVBrmjnSCJFe65rUyNdh4WlnGEZxHdeMzOkDUCAkTGhP66IVIa9PHsJXYP0xXNAWV/+Wx3vCQMta5tC9cI1558SkQkCARXcwfyKJRi6QAAT+9KcTMYjtXoTY+HXa7/Za4G8Hj/oFtr27asm4fN81Sm+ep4fPbsiYjc3t323ntXD2dEDDoc5nmqVeiwm+a5HOaZGada5qkCopq2ZV3X5eF0urt/nKYdszze3a/L0k3DXB1cfdrPbZ3b4wkJx+okx24WgKAYPFKcIrJRA8DcvbtHoKOzEJgycSBKihLzcHMYhlAiyzvXEMApSYx5JZzL8IjgDCOOCKE0IGZdlXllw1YOMMxkAIAjrCd3dITcrYN2CGBC0947iMiwn9AQ9p21H6PhzyzO/EFZ5j0+3gOD1DodD/vj/uHbEwK5mRALAgI5JZUhM4mQOfubhM8iZByJqmlX6+qGBumoIxHhQgyMpe4PRMhFUqeVcKJ0dmpf3z7cbm3ZVXn29PpHzz4+Hi+eP316fXmx382H3bT1rcwzeBx208XFYZqmAHKzh4eHF1+92LaNCz+5un719s+IiJmSzM3MquGgZsTMvbXCsvXtX/7ZX/7H/8E/UrMvPv8Kif/gD3768cfP372+6Xr1Oz/95IMnH/7hv/uzP/rTf32K1d1Vu3eNCBI+HHbuttyfVDsJA7wvNMEtDJNm54KCBK07YtCQxVoERhBF/NbT52j+5u7OkiznAYhhEeQQIEM6Rq21/fGAWLpDZYmwZV166xh4c/suoW1Z4SMBOgCAua4NmrkHOiAyqTs4AGGEbW1Ts4RsxvvTAGF0CQEWiggMxFLMTE2J0umRYncw8xTRaI43gLhwncqybKqKCEDQBy4PEN3cgDhnbw5BMSbpx4uLm5u36bHIqzVs5B7EqLazyNcYUJ18ckcI0QCiZvU0QFzh5sLsDgY+3JNp2nVP6EIuc9rWRRK6BZkbBQAOQeSAlJEfDkgaiSh9r8gZawiAQHDTXFy7B4S7QjAxljDoyUGM4Y8npqThIrqb73b7q+fX33z7JUnNOX4SUIgoYhRphJy11Jh8hxHx+EiyTtUAGvoCMDKw4TFkzDk9Ipl3AUEWU/MR2Dl++VQdBlha1bt6Wsk5sTxEoLk9CBQkxAhgRpmYlUfXFIiMWa5nBhUibar0XssagWcAkBQ+HI6vv3s19jcOFiM0PBJHkcQOVyLaVpN6/qTjzEMGoIzDQOBKqh0ikY2kZqZqw3zPHkFM2jUSkOhhZufAu7EjCACMsU0aYll3IFLVpBu5R0BPFKh266F5ViNGQAiRmT55/uGPfvjDP/1//8SszfOcfzMqzIVVw7KhBsLhNdHuXpm4SD5hQKhbS78NnykOSINCZHmVmBGwu+uYgwdgZHya9nCIWsVzVEQodd7aypYjP8q7LBJi6T56AYtzVx8oBAYQ3rtmZovnJHwAnxwRidjNiYKJEbmrRjQIKrWY9ryGAIAZ8hhxT0kMIQYwh2kASOrpIQ3cPNpZHNimEbebCw4zRSaZZ2vt3KUGnhdgCbMnRosIc5KwrsjsAG4dwok4O1mWiuxSJMyAqZTSrTMQYJgaEWfhrltLSQ9k78icHFMAPAPNEn2dZ5GnvT3ttswcRAHQVSPANVnAwSK5QmNAR/ARaR7eI8cMzGzmqpZqn6Q055jQzAHzmUlQgJW6P15evn39khkjkIQzM6LWGiPzHQA9H7YIiCEhzmUMtN4KCUvBQSiD1rqZ+9r2h501Cw9iyrfLBwaZzBWQLi6v7x/uV7XnT5873jFCkd1p3TiT2Al6b/4Iu93OeyMSbT2ApBTXTmf1ieUyh1AYU53v4BfPv99PJ7CTbV3DS5XAQA2kaLqFGxcilq6ra5j78fLoqstpIYTeu7sihnCd91N4qPfd7gBQIVSXBVN1hpmZNGy13YxokJ65FIHae/MIEVGzKvXTX/wxgU/zfusGatn+78qx1NK2DQFEJJNiMqiBCgO4maVFBILLbhZhUJt387ZtJHJ9PNz4OymsANu2zlNh8HAnzuWtI0ALxUBCFmKusixrzs80om+NRaTWbNnVDMM9VETOE5Rh5wsMSj9MeORVDwMNnq8jI3iWf1l9nufcgANsn/+aiHxstIgwQjcA3F0+lf0FIWlr67ZZ76klcTPEHGhlomMC0dOxApQKSHUzTd3y1eXh1XeZex9XF8epTkzw7s1b76Z9czMPZyJhEanHi6uLi72aPdzdZTfJzPtpzxillIvjfp7Kvpar68N+nuZaCyEQ9tbfvLt7fHh8XNbT6eH+7v7xcWnbSkRSK/YNNCLNAOCIsD9c9OVEQz2LkCy2s64lHFAQAcwDwSFIQQkYkTwx5z2C0QPQczwAmQoYgYTc3ZI6Qshu3QPpjBRIMVAyhTEtaeAYwYiGYWGMJIUJwJ0it40eKBwWHV1NEQhJPJQJGDlJ6HnhRLi3ZmHIM5WC4QGeXLEhJ8+Z1zAbDUCNO6ynxdVqmXR5/OqLZX+8mKb54fG+lEpAFk5EiJSda16lrTUzs75Y1xwQkFC4E/IkQpOUwqVWkSpSkShcR0aCa29t2bZQ672HdwLYH+Z5t//xD373+7/1yQfPrhDAI3Z1LrUwIWIwoauVUubdjll66+Hdwr7+5uW723fIcrE/XByP33z7Ojx6mEOYKxFPRXogEwI4kSBTMH7x4uW7m/vPf/3V4fLws5/99v/3F3/9F7/4zfWTq2fPnv7Fn//6+5+0H3zv448/evbZ59+EhZs5BlCEx+m0AIZBIJOb5X3h5h49/bOYfJQwRmShFEIkGMPdCSMAf/6Xf/PZi+++enXjgAA2kllSV557WoeuCojraTk9PpYMgTG4fXuXJNB13YiYSRLQQYGOAGGINMImkpAYKZhBj/DuzbdkDSDn3DoH9Hi2LPkYjYOZoecZGkEAnE5ZDGYERANXtZxuNTULG0HZNDwhqQtmlpL5AFkQjyFsMNCrV18xFSExM8eMKyaIbDKHqWa0B1lYADBm5PzYc1o6o2HYZMeQNnPYzgX7kIVkdpTHyA2wSBmcY8YjA1JaHiEiLM1RSI4euRHNqTOOYcpgtWGgECWngYqpgofB0MjkbGRUnOd+vRB7Zied9UzZ2KfyPsDDggiY5O8YzYGyYDRgJm0dCRgLUIwhuuaWclhFwsM95nmq8/H+7juACKPRIuWZz0iRLsvQ8Ohukn9WioQgADKnQi0QIsVpWee0u5zHk6tKKc36am03VVOEgIwiQERhCbNsBQkZwNfHta0rMwmyudNEBBg6WrukjKAHAY0duAMLunuiZnIFwkgRqGqUqBQgGJFGGfIJqWgCtcIcIuYdPLiUNPX52fxMRG5D9TV2LAbmIblMdfTzLG3sQyCVTlk65+vqu3m+fff6X756QQSTTH1tRMhE3vW0NbMQIvBADsSzPMnBKRhZXQNCGESKQ7hZ93Thi4OpWRhupzWTKIjI3Xe73dq2tIx7apYQB8fCnQAL1ydPPvj2uy8xiCVhm9lbGgACJCwERrJblrgWbjbNU4Xa1VKATUQxiJwOjiBjwexnQRylESkcgXvXbJ4pO4YA4txPZ8ZJEidRcMwePWVpOAT2ua/EtIvFsP0DFz4cn9y8eQngQ/M1VoMAkCCfzASJsICIwhQYPYs2QnOLoFrq1rZ13dK4z0WYuG2dCyETBiCwauY5IOA4KgIC3AuL1LIsJ0AHcCJOx8xYgDoykYZr75UlQ55TtAORwbDgEOjIJHiOL47BA0W3zBQkH9Iqh0ALFy7MEqFddXy7CESy9tXuPJMXEgvo+awIm7urph4m0XKZX2sRBEwRFiHIkJ8zDDwzADBjksukiA/fMSbiM1AAwRW4chCKlHA/LY/aVvWQiwuAABQibn1l4gA4PZ5a06m4JJTGggKJkVC6G6h5eOEyXrymPO//i3/yX/5f/+f/8Yt/9ccslG4Nb+Z9qG5IJAK3ZR0SXtd1WYYRMmJ5eAw3JDBt1rlrJ5anH3yk3d68/q5MIsIsFOG9dVM9b1rBEvEGRETzXJo2EgFAdxeRiSdk8GAprNsmwq035tJOw6CsvY+Z+YAre1t739o0zVILOGzbVnbVELZt27beTZfTybWHG0ZkRCIziBBRVCFCWtaNREYXHNpXRTcCRMEUippZevLSCBoGwsJc3E1bH5j2vLUQCdFHxnNQEmg85zrDUOoxJByefUE+sQGD6JIDG4MIdHdiBIQy7cv+AgBCrS2rex+RoIDIdYj9mAIxLC0QI7ETiTHYMVpXQnbV1KGa+d39KTwYcb0/qYYURvQ6ScqfpzpdXOxrLdu69q2FW61lkjJN9fr6uCtlV/l42F0edpkPZeFudvO43N493Nzcf/fqzd39g6ltrS0Pj62njiI8vE4TuK/rpk3TISdT5VqtbaNjDMjiA866N8y5XFItU4J4HrcQEpAHnDfwaoSBhQkp0MM0HQJAFOR5nRsgj/IIXQNiwNEDgoGyp3s/anAOsMQt05h0JlIFkaa5q5kpA5lncYUiAt4tgKV4BLg3PUHHUquwAGBQMHCc2SoJyGaicAMA96gi5LEtpzrtnjx5+sknn9zfPYpMREkoByLrfVVtubmlkWQEzFynnRQptSILMREyUhLRPMVXy/rQ+2a9ad9aa9ZaTikQsdR6vDw+ffLsybPr/W7/9OnV9cV+qqLdmGCeORC69dhUu0mpu9102BVC7E2B483b25cvvutql7vDB8+eOcCLV69JBAI9UCozQAAUZ8xxDJI79qZbf3j57Zvf+/2fcMFXr97s53r129/70Y9/8NGHzx8f1jrJ966fP7k8/krVw9BRewcIFmmthytCYDAQmfVENyJSU6UiFOQJ+R1lyhjEJV/FyYzo1ePy6tTUTbXHGDCnzsQCwsJVI3ykwhNyQGQ4I6CE2ntWvHYdm/dzNE64cRHPQibNx4DmERDn+XogIjEAjXX3GCsPTB1gYu48V8I5hM6HH8y71NmTxkhnVXyEaXoDRu8MjsTs6LlLiPOmWQAAIABJREFURAAHS8X2wBIACRUIPivKQLvTyM8DppxaoAYgOJ55goGRJxUADQdl1kHJwYYgZARkpqHBHcKZpCWHuSXcnYt4RKoPkDEMkoSXEafMfzsTRKCR8JD/KoH4EZCypwx348wLA5L8RfPX4pFgNLbpiJQ60nJ/d39z+7aWGQKHf3zIWiAQIlCKuFq+qZ5LCEDEaLo9f/ZB6+3h4S7Lqvw4EYGYzPycSYBbX3ooECX5nIVtzORziRGQOWKRfwlM5JCZD0uzDydJdiEUlDIzNxvRo0jLuv72j3/8k9/9yf/8v/5P+/0eKc+WERBkHhn41JvmF+UKwtxVI7m1HOouSIFQp6mWent7S8BjUZMzJgeEszk9wG10Aq7GxCTk4Waai4KcYUE4Mjq4uz97+tzMb969KmUGlIwqRCIh7mMaPbY56bEOAuGSvQECXT65vr+/S0ALFbo+Xtzc3oWDh2Nwbx3ytbRofROWbDKJKNQRkIVznJsvRd4aCJQlOyJYV0F2c0aKJDRBgBOgMxEhcsFtae6Ogh98+MHnX3xOTuNPdERGYXHrCAhMra3fvPiNkKRTaHhvwN2C+G/B34gkUsKsew9HCOhdHcO7cQgiYeayQSCQQc6JgphMzbQTUaAjCwJDeKHSdWOgQCQmMEdM8UfuzYKHzzpFfTCa0Bi+H2KG93SCLE+ZSfv27s03gkSYJKNhV0/zPCCoWnaaTAg2xplnsr4TAhTo20pIPADbqK3lhCPUgdAt8neuRQLczNPLzMx965BzBU/DFwxccer5GFjIzctUfvqT3/urX/45aI6WLTVV+dg6jCytHHrlMeoeiBIRvalBMAkQuCMLWQsA6GZuZyryCBZADtBtrVMl5PCWc6KA0NYSJuQQLPm1kfaOjMzMIB5AQcw0Tr5AwtQ7pmMmHm8eswIQIUA0z0kI1loQMDAe726FmACs5RSf7h9OgSDspUym3dxYcH9x2Hm0tWnvUsu0mx7u7lxBitR5btsqUsLCTKXIdNg5xH//P/x3fb2/vjw+Lqe2rcIlwmjgVTy5bMfjQa1tywbmRLScFgYnRu1bmQ5XH354ur+ztuxq2dbt1bdfWW997fN+lyugvrWIEGbTXufZO7i7IAJi09Y2hwAWCY/d/pi9QuXCjPNuf68NAOpudzhevP7m692879oH5AqTFe1UuE4VKYN8KCKQAiPA3An3u1nNQr3I7N6QqBIQuGBczGXm2AlS4UfGTvKw6da2jAlK14ERhlpelnDOu8YISwRkFvBMhiGp2oS/c++M5U8g5AoKsrwb+eA+HqBcZ+J4wwcFL7t0IEeDhHiVwyUiRWDrm5kOJREiZbIUESAbgruy1POgA9W7ecKSySP3ZoBMdZ7WpS3rYm7EtJxOKHVXZ1VFEkTZHw+H48wQ6+Ojepj5JDLVevXk8tn1xcVhf3mYrw7zPAshuOOb28eXr968fXd7e3d3d/uwnB5N7bSs6UrorZlpjhwQybsTc628LApumcHExD1cEo+SbXIqUoYaGSAxdohpnAWiIa3NrwXD3TAsAJ0AmtuY8YMCACgOjXyc6cPpJkJEICALzRy9yPH8KHcAAcDCzDFSbBw5AiNGR1B38Ay6RzdHjBSCIY5qHrM6Iwq3tqwmUKed0OQRARQw4lRxqA4AEdz0eLwM21Tt4uLy6dMPteuy3iPGurhayykjIdc6I1Kpk9TCzIkiISAPL8yIuG5L9+buD4/3Xde+NdUMmY4ziQgJUES4lKmU/eFwcXG5P1zUUqcqc5V5N9VSEGi/mxCxqYfG5lan+Xg8Xl5czLu9eQTY3e3y2Wdf3j8+SCmXV5dX11f3j4+vb26FKQLDXbUhl64bBAgXdyekUlLpwLcPdwzw2adfTzP98Afff/Pm7b/+07/8zcX1f/Sf/GOF+PJXX968e4AwIVLTNFiEBxoICRfaWs/KTwqjO7MQsYcl0jrcDMi9C3MObgIgCDTAuro6FUbC7tkKDlOrRRBijoEYOTAiDAjzEZBa5nn38HgHAfmzAiDCMq0kxSREnDNRMxPEvPvHWiIrSQIINwt0RCeKcI6B2At4zxnLcRaclUL5k4B53u0eTw9hIz3XXUXEMwqGSTOHNRWB6MikbuPBxUT7AxFZknRCI9DNihQECDcgSk0xQLh7qk0yPQ8jBzijYkNiRE5GVkY+nVegGWI5fHoZyGJmQlSYay1NNTyY0QPdnUHclJmHANCUZXLXAWBBUAeHkCF0PGcTIOVEw91hhLiD2xmZQecY03RWxLhzAyFcAbHIZOpZ86QeZ2B5cFCBciKK2R1lagQCIdV5UrOs2HPejx5BoQZJkWaUtBpoayLFk3aIRERhgDwexDyDiJmYBFlDgcKN0k+BGBgGDkIZb5I9BoaTFAYEFkSGr779+mF53B1mBApLonGkloYRRoIFgNRSivSuOfMkYjc7hzJHeCzLI43Uu6GwMjM6G6lT0yCEFjC8IpHyfUcMDKhTJcS19QAgYUioA0YpUy3wUEoqxsDCw9FDB+EVYICtcuSa8WM5sEWI6NuWZWfuS0stRdgjhIo19cC5VJindVmFBRHU1NwihZojqBGJKTJeHUJoJK4Co5tjAEjkVEIKMYk7QGhqRkmozjOiRDdz//LLLxhImC3J0RhEKIX7FuaJcGQMpkA1DYzEfqSY0CPD4xECTE3IM5KcmJjIIcCCWMItMfQ5bWSRPMQQQbsRI0thomU9/cG/84++/uabb779ml0gfeQOAWEehRnJCTEsHNwCJEDylspdQm7rxlQBEMGZ0cf+DswSLItuFGhjTonhcA7EdhQWGNIaqrNYeFhkZko6ZMNDiDMEwaILoqe6mQZ9eCCK0APPEC+3UgoyciXwcNUqBQi3deVCnPZzSUc9JDflyxdfAoZQOact50gATW13PO4Pl6+/e1kRHTENhblMRCEzy4UkBvStRyEiLvPUtg4ETAIerpbHRcoF2tYRPYViKd/PByjVXIDgEa33dFprVxQmYkwgKUtrHZpSKXkrFRYkIAGRIlWWhxMy9daiClKsixKj9Zh3MzhsrZl1zDTcroBYE8RNe3OzADd3M3fnyoGRWaRMbGFVdn4KCweE4/Vl6p+itYe3LwXREXvr7t6tCSMShEdXI2Z3FwIWYdZwc9NpLt4bIux2M3IB0209Wd88T5FmAcFStVvverasARMHDsR28nXrtOcAQI2ttdPCpUJ0VQ137Ybdc2TU+4ZCEDbt5t6bj0lJNmgQCOZQK6laa809iEVK6U276jwVpKDA1g0Z6iRuHmZJsECLJwf+5Ai10KuK3z7yGttmDgBMEkQ9TDeLoNwVQgRhKbMI87IszNx0hDqDOxYEO0t4HAjJ03yZpjsAjMh1unuMiVkA5OUFEcmnRgjIvQFkbiayRwQSAxU1JyTTDugAlAF5icdkEs9BMhQRDrUIzWvLTSFcVae5ukGEEWGdJ1dglt081zqBQPdQc2Sed/vdfr/f7/q6nNYFECsziFwdD5eXh6fXx8vD8dmT49XFToTXdfn23e3bm8f7h9PNzf16Om1tbcuybRsRI+F6aqkBbmbWWt6yHiFcIIBZdTMLzVc+IEwdmBCAhSBiyHZpWBTHyhCBCQk53V0EPDqhXHVi7lkh7z2I4TiCiKFjTSVGEkQRmTnF9+d7LyI1zpnnk9+Sk+ci1R2lBBgOLosXgYiIv0N6TsZLurgQCQyYzrI/19PyILzWaU9cstFjGl5L96jzHkE09Pr598JNW393+y48E3yYWC73z0opyIw0cKLEBODmCuB9W7X35bQ8Pt6beWun5fF+ng+Hy+t1e6AhgEdiJmHMMw4Rg4SoTnXez4fj/jBXZp7rtNvtpjqZWmUigLa2AGAikXo47I/H/X6/B4etra33b77+9ubtnQPs9/V43O/m+a9//cXN7T0DKYBHSClC4hFqm7sFRGEqtWxNw/2rL19+cvW0tQ5Ev/nV5wb2wYdPnl5f7o5yeajxyYfPnl5/+teqmShG4WFohoiAPE3VI7Z1zWP5fQomIW7aBfm9mzaAkiM5zbW17oGBEYxjwJnlCqN5hJmrUUnwVKTIcJom92iqEBAU23Yys3EXJJ2P8hAGT7BgCs7N8gGN97t1hO4OHpmD6j0YBZGCzs2nRzI606wbFkGDmAmJgCIKiNPyGGbJR473UhyAQGBh0wDMW9gL05Prq2/fvBr6GSJTy0c0Mk4nKDCIOf8ukZ+Ye6AjMiERY/igZaQoOcahFpCqIh8a7uGjTX9/qp/C0/ULRkQYgG7WuppZVzNPniKp9yJFU2AAQES9N8AkxYeH56FvAATIYxeRDVJkG85Ioy8ACnegoADL1AUARGQhNSfKpULSSzPoY4DOkTAZ6CKCTBZu77GnOBYOEShcXrz4BsKEqvsY5yNnG+ZA5Bac8kuMSAQFAAAhcACjIApB74KOhKGGXBCgq07zfm33gMBc1JQRI5A4aikesLXmKQjJeSJA65tIQfO3b94w09Y3JkEGTIcxICBqN0Ik4fxekjeOSKVKmuWIENyECIO3bWWmgAhN3woNJXO62HKYJJEgD8ydt0FEdDOkftgfddnSidu6VUFmfvHNl8RYuSCzuQ7rG4CDSy05tCVCRAogUwc3EVa1UoqbPz4uSBEZiWPw+rvXiMjCrW0ASMDrtpUqguxuVIicAzJCyyDINNVfYN4jxqbKABDI1Fi4ltpNWQBRzAwgunYCLFXUDQPvbx+JYr/bxao5slNTFiYsPXTrzUFysna29mESz8JG3z5s5IABaOYpbGOWpj3AIaBIwQhtxozIgkTm5mARIYiFWTWt7g6BSdCsdf75n/8rCN2Vqudtf7rdMzdCrYX5PO0w0NxMTXJ0FOFmRk7MCEyh2d8ji0DPZCwnoOyXAxPjhJgZK5ENMSSNGwDNPdTQjYuoKjGnpSB76pwRhBsB2Tmb6dw6Z0RcuHnmvAqhO7ipO5h5Zr5r72WeHICRuvUkeW9rAymIRBr3b98ICwj0TVPEl4re/AjevvlWUrloDsIkHOg2Fk3DXuMB+8sL9wi3vm5uXmp1tQiYpoIEqmpNURjPp1yKOhApcvYYwalPCJQiairIh/3+tCyOLMDeHcGtGxJxEYSwxVvXdJgR0+540boi8m5/2GyDSB1eRPR13ZhFikglt2ApZDbtdoHYAJiw0NSXU9u6eStlFi6999P9ozBnw7WeTlIqM7bWTf3m3c3l9eW2bQigFIwsTDpiEYggWu8swqX4ui6nhzLvCcHMt8eHw/V1MD7c3QnhdrpZTjcAmJEr1tVNacQo57ZRSy299zyCe1MMZ2Yk3s27u9ubIcIM8L4BJs2d1dRM9dSYpJYSvb97/Tr9bwlLRRT3Nu3meTc9PqyQEye3fDWDMSJKEXfY1i3bXIjwoLTnmRkj7me53sV/9p//h//ev/+f/rf/zT978de3QjAJea7pMRwIiFTN1UQ4gICYeagDh6k8hxVhlHuH7GLRCYMzGm9IfzEA1EyYk1vt4JlBRUhI6ON/GRhpRRl+cAJKZKl70MgNS61RNiosUkspeeiwwwg9nYqZQoDb5ta5FGiRiFt3702FsFRk5v1+qvN0+/Z22l9cXl3PuzJPEwJsp8e2rFJknqqwXF0dP3h+fdzvLg7zk4vDVEvvevPu7suXr9/dvNOuLFwE5HJftxLuRLisa+FyPBy3bXXV1sLcRkftoRTMNM+7DWJ5PGlYZIwDoYezY9jAtEU4GuB5TiGEA5uckqpUXBOBOxEDA438eM4RFg7VMkbkF3a+yYaIFACApVAm3ZgDAqViGNzijGwa3LJMJnEPsK45OAgI05ZsohRxISFESAAUGcPDMIcYQe5QQu3Ub4mpTIdaphi65owkpv1uv21r95jKVOeZk2zEhVByQqLet22BCDNr69L7tq3rupzAnQh72yyAkDOXI1R7a1XKukImzQkNbN/IXA4UoamW3X5/eTxOpazbupvq1eX+6eXetg0RoE4PD0u47w47QCKu07ybdnsDWpfFXN+8vn39+k23zlyePLme5upun372hZnyNNOoFVCtRxiBmBlgILJ1gwAWnPb14mp6vjsejnNXq3O9uJi/+M2r//1/+Rfv/vDxw48/KlVyHgimEE5nPaepPj60gMhJ77asP/v7P9vN85/8/M+maeIUlY4rC9Q6RggxBDCygRFK3qcOwJzTHMbc0BY8Yz3DEZhltzs+nh4jggBcTSMYOSUixKkawfAotXRTOEsOxq49DP+OzJUCPRWqZ/1fagbDg/LIBiImH2CMs6gIkJBczYVS1MGZZAfpMgYIYxEAjggmUrOUGpvZm3dvmIiBVTXcimStQI4ejoOvT2RhEErC0zRv65LXeNcmIy+WiED7+4m7AZ75OYBIlE1CQPp3cCh1hrgGiGAzFzSWmpUWEgAFEZi7kJjFDz66+On3n//ff/nF/akxUc7pz70PDmtHpIgkwg1B6jSpdggey5HhBoCUXWb1mkSs1LoToZphAGNuGxyAEdDM0YE4waBOFG4GHsiUIk+SAjGmyIREyHbuvdw9l3iEVFg6WiKCoXJ+Do6ERFwqYEWp83HXl8XXR9ctWVVqrfX2k3/wh99+89nN6xcAHG7qwAKo4Vlb+jiggKL3DgHMEqZJNTazvCRrrRy6npqHlalSotgBWvOIzcyZCRx6a/l4Yo5ew1PjimP/OsBOiGyt5ZzaDNrWqBAEZomIiISo5oRYp6remVFbr5MUqWHdDAhFiB2wLRslvBgznwFLlQB5vLkvU8kjWgqbQ/5XEGFhRJjZXPkPQQDx1raf/Vu/++K71/e390iorYfFUFTm8jibaXdEyMxI3wwoA+IBHAOhSEnNi6qhW63slrN2ggjrCpnvF4hA22kzcxIxdwg3dZEKKfrKehIpyUIYkfc8AyOB2ojo4JEEkTJDdHdhUgMk3LaWdWBuQNQVBomJ0cBMCYGE3YJYTA0lwgAskCinBEO2AYP509rp2ZOPnj/74Jef/pvClZGJUDibX878PHLEcAceHW6KGgbODgEiQRgcHsAxZIg4TCpjmeMGGO5BqXIaelLIPb1bai0tMspvyCCC31++nkzAGFSw9MQgqhsJDxC79e4qU3327Nl3L184BhOXUrlI3xSLVJ61NwskBtf8xd0MSSh6UHKKEbhIGiJSHcTMSc2DCAs/zHU5Ldu61ql6uHUFBPPh19FmLAKIVDnMAoKEMdC6esBUCg35viGihXzyve8fD8fffPYZcdHeylRM3bxP8xxh2sy8Zz0ZZghsXe9ubty9iKT4KHFQvdlU69hBpAqCENyuLvY3p9MPf+8f/+wf/MP/55//j7o8lGmybSNiZjLztrWpiEy1r81d0VwmKdNMtahprdVaK0IyVc9BTGipBYC0qUOIlDrP+cO0GzKuWwvV3XGnrUECPdxyYcpCda6mhhi9BTN7OAIxYjdDxDpV92hLA4x8AMPj3duX3hVqiQAWxgiAqGUGSJoOprF17GOD3scjq3pqebfWNGxZNkESGdTNbG6LsJnHyPpFAsRA8FDzjOAqIluz28f+7TffTDJN09zaq66QGmFHaE0DAFhIOFyBKMxUtbWFmYoIRLBIhlAFoprlrTOUu+CEQWPdRIG5bkpdAQxxOY5dbWQ2AEK2l3l8JajGYXC2kYSQQnta1QKBpUqZmCR/DEZepcRAgzQRln3//nhUVfeY5j0jA2Gps///TL3Jk2XXeSf2Tefc+4YcC4UCQGLgPImS2IPcIcuy3erokNoKt92OXihshyO899IL/x3+B+xd77zzotvhsGRZQ6vZbEocQWIGCkChUFlZmfneu+d8gxffeUVywQBAIitf5r3nfN9v1CwSjXme6lTvP7i8vLxwtZun16lkLlPdbNeraTrfbi7Ot6tp2q6ml+6fT1VubvfvfPDws8+v9suh7XaqBhkKGSBED1687KrXN3f7/bK7O4SrEaxiNu3de1eNcWhQYRGR9NMfdc4jTc89AB0hQ9M5nxpKkeJQEuUpGjSciQRh4eGEghGZDQBAQFIFB7o7CMcY2YYREceU6uExxBiRhgHklt2dKcJASFshYGbvYGBgmHspkqkyGb8wZorEJwks1V6gAZFjH3ChEA/d7267tGmeU/47r9Z5D9d5mlFEONdWVTscdr31w3Lbl0Nb9q5qvatZKXNbbls7EAoQztNU6tR2+/l0Pa2m26fXTLw9OQmAUmp6DpkEMShrk4k8UITm1Xqz3ogUtS5E80pqEe2WedU3t/upyjSX/W5fp7mupNRCLHf7AzHc3OwfP3lyaAcE2Jyszy9OhIuZ/fyd9z0i1HPMi/De1NyFZcQ6EXpEV93Mqxcvty/cO3v3vU/e+sXDg9nn7zy8f+/sm1//8m//vW994ZWX337nk4cPH6u6CAYCWGKuI1/XbEg1CGOapp+++w4hr9bzUJ4g5S9CkM0bEqm59papNVIktzuEbLpnVUPB3NsgE2kg4+D82bOrcJdMpwF3g0yVgCwNLRKBXEqdZz/shocMKAAcgmGIhlNhEoOpQghLY6wPq2kMkPJ4InhAJr46AhM7uIFWrECQj6mqPX82HcJMPYIz0MbBwggZgqw7EVJFjBxnzdSIsy80XyJAiIySCrfeF/MsLwdCSg+tefdsxhttBjlfH/WIEZ7aAM49GM3sKNEhFjbV7SR//5tf/bMf/ES4AkQWdkT+BlkA9PJ087UvvvQ3b37ETEIEUntXiGBGAjZ3JgYIMwNwZkZmcI9uRDT2whGBkoNMEABm0BAhmIWjhQ1FeJ4DaWfEnNmBAMPdCSiIkJwTF8gx2VKdmYd0IFLua7nGjSgwwuzuCqdk9wgxkIlkqnV96vOFzmfT6Yk/fSx3j9v1Y/Pubhg01ennP/5rEZSpIIAQOQ4aVDVPfWJKqSg5GFJaU6gUCQB1CEOIUO1qCoDTPAW4qTGTg6dMFQER2EFTa5ZqiuwmgAhJoVeueuAjRBACR4szuiM4AAETq/XedbVa1VpcXd0P+12d5m996ysffPiBWkbdUKayUIQIazfmYCb1Hk69NbegIpnERkD589WuTOQRwqxuSc+NORMJIdzj40ePe2+J7UT+tEff3BiyIdLtQpjZABBgWVQtqbh1dwgHDYQQKWMqjRhB+cOREciZyooCqWgJCwgPtQ6BJHQUmTkCMA8A2jwEgTjxDgRM+w0hjXch65kxvyuPoPSwjN5GH0smBbppJ6DMqFNV0xS9AQkSslqPkSI7aBqHQKSb22cBwTJCQyNALAwCMCto0nc4XKmBlH4ApDGBWXgwCEsNdHfLHTEbdsIdGQIcEbI5ysHyKLm8d0+IP3r4UZkKInqEIJBQSpwJKMiOZ1+AGSIKwQgrzGkpRnCBuoMFVw53c3382SNEEhJTQ8LeNRCyQNQ9QA2ZpUAcpx8IBgxmth5ZJT2UlJA1TIltaDIGN9dXhDyVmkYB8xAhoGitM6EUgTHkASLYMN6NfHckwj4438JlWQ7f/dZ37r/44pu/+DlTQZIA4MIQYOrqhgQZCEwAyNLViNC7shQH8N5ICIK05WFHrr3O1czMlQA0giimUlfzfFgO+/3tjBiMhkgoi3YmEuFUTJOgdWRh074cFhKapkLsvTcBsY77m12txRfbH3R7dl42K0A93O6fPb3Znm1rnfty66ZDbBDuumh3FulLz6xxc1t2OzMvmTFsHQxYQNW7djt45rIAAjO7IQIULu4qtfzqHgQIG5I4CKXc2kkCzS0SFRCgnBK99VqFazHzKpJPZgCISFebipi6mYMbEXKtEKBN3ZwQqVCmYey73un8r//0b3/w4//l06u71bzt0RSsdbPRSsUY0HsTFvdwM2YG4Yz0VHN041VtS5srcF2FG0LC+gHHKTOBfUQM5hhIfrLnY8BAJPR8tSlzXWMo3jFo7ORIWaoW2ptFittLmVZDsIuZazBcPd3NopkrAzELIE7zprXOLNYD2AuV7ZZvn96EY52m9Wqep1rrdNgdbp/dhvt6NddJNtvV+cnJeq7b1UqKlEIvvLC9vDx5/OTp+x9/+uT62c3t7XJYDvu9mzOTV8EIqWWqq/Vqmqfp5u6uFFLtd7oI8WZa39ptiHQLNzPTcGfiWqfDYR8jgBktggABwwwBLRtzjDDRjhy7KNORMADRIYQoD1Li7DUFcO/uRCndTkLQiaOMHikiTiVwnstHh+AxAT4yayID3HIuc054bPABmdYKqcCJiHKUawcnuexh7ubd4/iuO/rItMhU8Izo6Ps7Y+b9zbNSZ2bp3qKD2d76srRdWxZTDdWuLcmTVCKoKgtvTi93u2tXU/R5tS1TrWVazJhkmqfd7W241TqVIu51eL8ACJmFmcQDauHT7WZeraSWtjSpfHqyOduuCxFCzCs5HKxWmddTqE21bjbr8/PTeTX1tpjrfr98/MmjZ89uVHWaVi+9eHmy3Qb4Yvbho8+Zp/3SS7YQDrMZEeGAkJMWDGx7vb06tAb37l9utqvb/X6axVTf//DjOk8QvD90LphipwxVy1U/ELMCPAKR0dWHLMw9pxNmPpJs0LtipsqnboAkAQUfoLWpDyQrLOfLMUMAY1ggUpgS0egYGks85aCZQ0cpJSx673FcETPjHIaBKAAoEFPZk58hn6aumg/mGGDTeqma5JXUUuq0O+y7Wy1lFra2ZGwyYBAjEoKlFBcyszYyGRbSaW3ZCkEES2sACBh0DPUY+TcBI1klR0tzbUqABAQWCENJnALaLB3GVBgCjGCfxOgp5bzj0yW8BogecbZd7273pv1n733Iwkmhp6APEBkx3IjpR+89+sFbD4WZYXTxRYCjoyOSRIBqR8YRn4uBfRReRsCwHuQch5CkK0QQCY5shmFiHFhkugzTMIuRHsJMYhq9m3TkY4Ug0NyJWJDNHI45SnBUCLk7AnmEqQ4zCQ3BJxEAUpG5bs70/LXf/YP/9Pf/4bf/93/1f370/T+lUsgYAwwMDIRLWPrFM7s82ciDtncOAAAgAElEQVRgZvAgTGgz3DWPv8zMSfF1Zv1hhEHUUhcbkKx71qcOYJyIIUcgjIjIKB4IdLVwCKbMSeBCWf3mEUUKIrl28wAYITwkxMGyLrUUIn623HmzCILA9TwDhKmWKu6BzmGh4RghgkxYp5KPEQSYmQjnSQvorWdYUlZagFT2vc+ryT3a0gjR3QJwqvPNs1tCEC5pViRELvIrnf3RhQcQh+VQShEuBkoMTHjo3R1qlciwKSILNzVA5JQIR/r5cuELxuwFOvYkjC6LKCLI2FvHo10nrW4BHqYtgtwBIBMvpUgG9CQrnZ10kO8eEQSOb55yRsXxSx1hpeARnIbuEoTAgmpu6EjiTcOBC+cKbhZSCrg+ffKolsnVLAwCJeEsIkSmCELyrtnUBDxSipIsRcLiYcysZhBZgsOe8DmEqnG+Gh7HwM7o2rjIze31apoRaC6TFF6W3qNb61Od3dxCOZOGI0d/dBwvZGYhwWg344Tnsl0r3BklswLCzTXj0iFlumFO2TScbyQROIgIIC3LQg4EmF8HIKwrIGXasQhXZiLqzdKMYxYWxiwpBhaB8MjoQ7cARRDgksUSYe6Uxyqig2dsuYGuN+v/68/+lAhOttvedDyEGSLDKCTdNIAk6z1YDB0JhCURFwuMAJbKjJv16tnTayQO5O3Z+tnTm7SgmgcJvffT77/5gz+vhPvBSSmk9ClgKlVKORz2KWyQWoDS4gH73R4QpQgymg7dRSkFASJM3USYGOepMuHts7uMGAczQHj27Nl6s9WWXa7GsiqlaPfWOwCQcriZakqPAlPOHWo2TUWIICzT3afNmhZelr25MlKopwsqIJb9jhKndOzawzwAighw9NabunCWakc7LIiZe71P1QcJs8Fht0itjMSTOBgXxgBzY6SE2VpXYZ5qvVG9vcH3nz0VBCzo+eIxDP1JADCUEAew7nCUawMlZkZEMU31Zjn01tYbdAtEJ+IIiwi3PIR+LW8jwYW0kwJkZlV6byDoiEdnC2TAgCjyWkt4MKefLI8qBJI5bR6R2hfP7FF2bRbuhEIovS2hzszTXHqLUmR/ONT1Chkj4HBYALC3dn11VQkhYJ5X25PN+fn2ZLtiIle/udv33l+83BJe7u72H3/6+PFnV8t+WZou5lwLaQu33rTUurSmptM01Wk62W42mxUzf/SRdm9IWETCDIL12JiQLQkYlDGDA4GLTFAd2CoMaIM9HAw45aIJ56e0ksctzD5C6ChfWIS8YNLuqx5BI7htVAfnxDX+mgGBCAo6jtJitzCUPMPRAzwryQmOCONgIjxc3TJ70NMqGO5hgxEG98wIylkwD1zCCESWdFfdPru6vn7CRJn1H0d6NLIKNf814rSNuzpzyRERAogIR0EPHg4H63rnt7e3N0jYzQBQCmtDg2PZHBFLJSRh2m42m9WESL0tzLLdbB7cvzw92bBwnUo7tP3S1tPU9svu7rA9PUPkWbjtD3f7DoQPHz66vr5uvYPD5dnp/RfueUQh+ezx1Ucff0IZe+IGiJBS78AIZ2HEDHWlaeazzforX3v900dP60p++cuPnl7dfPd7X68IDx9++uab70uZDcnciQHh2GQbmaaHqSZFHqYNNzN3ROzdOP3HMaYlMMeRD+CQ0SXNW9O04LCIW2T4dc79QqgB6+2aiG6eXpeCJOKuKT8T4hTy0fFpdPNFD4RsXQEdg4YZJYYeNiAAEuAYg6OHZzO1a4wHHjBRyzhmggKSO+yXxdURwnoHBNUBhLsHEuf14mpRMUOWzUe0znDtQr5DKUE2ZkqJ+DFoHwgoCDK3PqN2jpGJnhLKeD7pDutvTGUCoNaX/CKAYD7Idgg00yN8mtFZcHNz21pn4sdXt1WEZ94vLRxykKBKrVsooocg9tat2zRPhKzaEyNU7VkbRSGAmC1bFrFZrSDgbndHIKN2iSlBocimquMbGGnLGRgNACAjG7q7j5ojQCBg5PQ/RBBYIFM4JvQADqqKTEhg3RLiHI6IIY0Oyxw2JB/pM5HasIiAoPXp6e997zv/7e9+/f/9ix+9/28xdYxufUjqEcw0HIg5l0aPIAjIxH8HA+RMKiDI6rcAVHRrSgKZlMhMXXvvNq3XXIrd7swtpctEQMSq3RO4PXKfAZDkKyJKFVdIUC1dImpW5ymAwDNukgBgOXQWxMDr62e1ChMXKkjk4X/7458QAQEsh0bjnI4kUtK/ezgsCXa5ORERUVd1My6M7qlPDPVAXPZLBOqyDD1n3g2EzMRMZtp6Ixhf1lXzjCXhoeAgggBhyd9t2vOW3i4uLr/wyqs/+tEPROpoe7bAo7eCkSwyZhUDwMEdgBxbV4AQZswueUQWAYRDNPKRicvE7lkeAylpjgjidJ5YBOSrwUyBTkiYofP56udNR0gOjKKoWQr9PKLas/0DEJna0utcA0BVc7UgHm8xUgC4mTOyqpln2i0wlFW+wmMLRNDWMVMlIAksDAAmZOYMy3a38GAuI4aJuNQaAIjAI681hJGJMc1Z3dphAcT1al6vytXV9dnZ+mtf+vLDzx4VLhmRgUgIzpSUDXrWmBx3cyQeKBuzFA53N2cenbjmkaVRI+7KPfW3SBnYFjAsWRQB6gYRmaQVkPt/HqrDzRLhbjZOyeEWBGEhJHfzMCRIhAiRRibA+P8hYQY7oGYBbTJQGBEhIujo4Q5QWfIsT34mIqF0EKqjNg9gmmp3P+x301SKVCAsXKypew/E9fbUDLy7CMcIRoLebJorE+0PaurMVEsxs1LncAOIpfWAIBZCDozl0BLzGRLKwAjo3ebNukzT7va2lKKtHXYH7Y0wWu+IMa9mM1uWvYeJlNX2lFlYOMJFmDjIsdYpAFJlmGADkbg7QDAjl5qeM3NNiDrlpNp7eBzBI0RAd0NERwgDysJIIsQs702xmCEAZXhGRFu6hW826wzcQAc1pXApor2xcBLu6TFCByJJAk+EHaIvHVkC8dCtGSwWu6V3dyTplp7u0YdSSvHwrEqJkW0dIhRD8EPuXqRgEI6otBjIX0b6QMba4HjHEznOYIbAxBoRcaRsIabWCGKw6xhOXGQ6wUDznqpLAB5dlQGc6KgwZmoeBAJWqYhi3gN0sz1FgmmaShU1Xa3nF+5fXl/flFp+69tf++DjRw8/+cwCVqvVarV5+eUH9y8uTk43bnHz7Pbq+na325vD+cX2lQfn62lKZxmLALGwZJ5C71279qb7pUdA2o4RcDXX89NNqbIsh9b60ntgxjIAEqpq/pjMtC17yKkekIAQwVO/kcqqTNfGoQ7y8ETrLUulPcws0w/c3CzUTCNbAT3rPPNnixA+pELhPuJZw908SVc4ltIAAjECIjMik8gQ0NOo4M3vdfhS0GF8AwEQHuZopp4Aroe7mw1iB+IoSctW93Q2UIY6U7ZgUsoGiIgyzJQIkTlrKIlIIhwxaq3TvN7f3WAEMXu4tmVZDhhe51lVsxX5/oMHtU5taQgotSBSrbUIS5HNer1ezYy0LAe32KxXL7147/x0izEu1+XQ2+0+Hn+6un48ez+7vLA6g4i1DhCPPn/y6NPHpl3VNyfrV7/48tnZ9u52f7I5+fEv3/t//uLfDv0bgLsl/8DMY3FjQrDtduXEr5xv/uRf/uHl/VMkn1fzal3ef+/DTz998pu/9c3f+t63Niebn7359l9//4dLO+TPIVHhXH6TxM6jA4EiQAq7ZfMlHaWsiZsSxMj5CY8j2ZaB5JjfYEb3jtcw3d1hpn38QZliG54h7fkYQEqNwbBIEAJYZn6mjJiOoH46RcdpkKIyDGQaY3+CUkcSKQCRkyLkAW4fu58zYQYz5NohG58zOgwJRQZIBx45ig+J97GZAvIKiohcYfPdonFu5L/hWbA5DDhAmd9wTH3BGHnqyBDuEZ5B1nmDZp0l5C1PAIgeTjhCVQGIhQAxO7yXgzJimLfWzy9OXnrw4tWTZ4DkAGFBQtm7R5gQKZsapaMgcCQkJWqVamiPzCWH59tWQAoWRjD+2GHyg4w+UMzAwFHVi4jZo5q/DcbskQ3UcMI0rjogbE7WLNJ7RxhtIjlN0bHORUQyugARiYmYU+YHMi1Qr4y//9aTv/mrv1kevYd60LYkHTy6XgGYOWNqYmwXibWGgxOjiOQ9Czaa2TCcidOHFCMUFufV5Gat9RRZIaa6KcKdKeX7Q/iNCLWwuRGihpdJIiLbhPJDsXDep5m4EM/PaITsxhFi8+DCedZh7qaR9bhAgO6e22i2gGULsrsP/o3GJS8pqkrShQsxuWm+Y0xs5g5WRFLFjURuQUJZ/pwiHKmSDRgpp2SWXGBNNWcPV48IFtnvd9oOqzqbJyaQMcVBxHospU0OK9wwMm065xU/SnSjt25mxExZGakZOOlHHh9pWM4pa/tyyUzyKIYnliGDm475NMKc5fKRb2g+6UgkgnBMsoAAhHkzS5V2WPK3QTJOL8qM2MyuzWOQgImY5i0f5yfrnYiEOHVASJAUZSpkAsDVHQwBKb8YAiEWKUwS6CLEwIv187N5s5LbQ2ciNcUAYiGiprrs94g4rVb3Li4ffvKJSE2yD8EdspYL8j5LLf7RmYfHdALKo2pY+gAgg9IRkdNJTojB2RUyxJjAIu6hTR08++qSG8ovkNY3ABiFTMn1C+fchoScqwahmeVPGxEZOSvogYBH3rgDPWcBI60hAZH1h9mcZnZ0IAgDkkwCgYEwrVbCMhgJA8Do/bBab/7gD/7w3ffeFZFpmohKt6WrsZR5vdGu2varzcrd26JSKnFxi1R+lMLgykJlqoAgUyWi1lqZJpmnIWIAKqVEoiKeZuWaxKg2HfdDBDOzkEwVEKUUUzvs7jIKoPe+mle73a4fFhGGCO3q4dM8kXAEeHaO5POXuA5mzQ3mXIvgIgxBh0Mb3XXuVTiRVPfItksmllqQULVzqWfnF6ot76DwjGMKCxeppYqZm2u4N9OXX35t0cX6YRjB8g6NAEshviMo8VATphYQSboFS9GAfdcAiiC3AEQWqtMUGXM+ykdwePrGKBCqHRzcYiqVibIICrIgc0wRgEkTpX3GB/+MQ3mXp3DqVhADScjDjkBmXnBOxGU+RYIwS6ULRIzgmIxDAjUz8CBkwUJU8rQH8PC2PT3HAEJYmqraVKdprk8+vyKir3351UePnnz62dX5xeW9F1442WyZ8fZuf3V19fnnVzc3t9paECQXfLFdP7h3fnqy2a6nk+3q4uzkdLuuRZjSdEtmbl1ba9r6svSb29vdbs/ChagWgYDWExRXU6WkVAMgYGm9H3bMwowsY9VPnD5f/BwaAZFxoD+j6GS81fF8X8rn28zN3UItzNTNTYcix0yzcgP9eS/QkP+Emqd+0CMsR0LEIywANEZ3ylA5RDqm56VyKH+nY94McwiPZNPhiDjmNoNI49Ngho0OuCODfXiArqmvwIwOIR4mBCRCsnDEIOFa593dUzDrrtvt5vz0XMrsgfdfvL89Ob272Ynw2cUlM6sri3CRWksRIaL1PM/zJCKtNQtYr1Yvv/TCvfNTIeEiyKC9988e+U9/+Mbu0e+8dv9rr95/9XKzmgqsT3YhT66uHn7w0eFwAApheemVBw9evJeVlC/cu/d//Os/fevd99yi9WG5SdCLKOO3TRgICEjONvMf/+e/W1EefXb95s/eeeft937zt752dnry8OGTq6fX+0ULlbfe+fAX77zrZjTm2fxhwnGqw2zPzemWK+f/mgxSUimIEOMVTngI8/dLnOzzEHDRr83CEEOVp2Zl5N3Z8IJAgB0rnzyQsLXlwSuvf/Wr3/zg3bcYy3EghET0x9Q/jP2ZZPv8pguwEQuaeG8uf2P4ywAD91zw/Fipm/ZhSHkhU2/tOFVkuGRO3wOQzkOJmDKQP1VP+fjiuN0pJ5ZExJAIMd01A2waqwBmWj4T0XBUJeU41PWOCJLG96FZoBy0M70yFy0AyLHPPPKj5J9+6If9sh+CJA8SRqRQDfAyiXUzD3p+dGYD7piRwT3cQrhkOBL487CvEcvAzEMGCHE0VwzpM45960jowSD0sp1jUSWGwqLuEJ4JsBHW1XrXMCeS/HGnzyEjQRGQhBHAA4hJWNxd3RFpWq+I+PEHH/zyhz/ojz/C9tSWW0S3NHIgQARTOjICMgh/KEIQMFVwkEGfuXwCBRFb/taRzi8ul7a4h3swoWnoofORgRqkByFmmylyquCI0QHMTYRHIlIOr4xHwR1qIvRC3TSHmvRQ4dH7pD27BcGaSpUyVQ+DTFgyj7wEIxUbxxEWgih9dpToGEQ40P3t6jff+MKj6xuNAZLkvpE4ca4Mm828LIt2lyKI6GYkXHLMczC3wOyERAR0s3FzEOd+1Xvb3dwUkcQCIL+znOuOQRHmOh5bprytclFMHSUzquY2jh6hanl6QMYJuAOgMKt6nUudSmvNIUX/6WQf27mpElMRMdcjpkAImPK3o24dEEm7YT6dKUwiMDXr6hopsvauqo6ArmZmUni4NDNOA4GpbmhAroHEGVruYWM1A0ZEolzBLSmOtLAl5crERNTasrRWq/TWPfo//6PfB8APHj6udfX8SU2GvJsVKYe2vP/Bh6tpBoDee8Jw283JZru92+2OHxgAcVShZnE3IRCNQBmHcE8gbri1ABEwqY089ViGppMw3RIw0KYYmUVhWZgejAwI4Q7hzJKgXQItcVxCzDQnt6Q783FNFIcYEcgBhEf2B4mMVT1fYCbios1Sga3hGo6jYQGZBbG0pmqduHARiJjmGli4rB5/9nG4a3cPCzAPEJmSPSRCdzB3FlltNtuz7e5ul+burCFbloZErac+x8NVajVDa0sh5DJQIu2dhZC5lEJEkOGe09S9u6sU8fAs4m6t4fBng0gNwFJqRrdJrVzEzEXEzZb9Ps9SN19Nc6aUgoeqZoOEqYLMr375W48ffUyEUqurEhEXBgztdnwthr4XcKTg1qnUaX569RmldZyAJW1aYd0yqtnUWKj1wxff+Mr29PzxJw9JiqdKFcItikiA16l846uv75e9ayCxe6i6du+W0X6J9BaW6hCeLgKkbKmTwkSZ+QABntDUat6UUk2dWCz0fDN3CyGKMBwYb46EkAceQmSsPSKCB/76jADBMCKrIXNjwhOgMzdgqdtzJnbvo9EyLDK8w5qpunUIAze0xCzNopstrhbaz07PiLH3nnihmopMvS2llO9+6ytPn92+++5H2/MLAPvss0effvro6dXVk6undzd3y7KYZk5LZZbtenV+tp7nWqc6iZxuVi/eO33h3sX9Fy4vLs7m9YoYgWiEviOaWluWw+GAGOt5Ws0lANOekdzdaEWBQMC27BOdTUveOAFykwY8uniT4B+EO3B6ngkQgYiIh/qHZCR4HperGPh+KvU8HHJBcHfzXKPcXccskFgwABExcM4pDMAJwg90MEeZsMg6Gc8FON1K5ppCFQs//sYzZTSR3jF6jeUmd7/8c4GOGi8c01HiNcke5dMC5KYYIFLLvNrfPs2EmdXmdL3dSqmBdDgc7m5uD8teCl3cuy9EvXciFhGmgkTrzWqepyLSeneHaZofvHh5eXoiROu5kISZ3r3zdvz1//e1dvs7v/2d+68/oMcf1ffe4Z/9AB++exXzWzd2+/TxJCKlnt87feWVlyaZAXm1mrDI//q//avr25upTkiUDzMzMoKZQjgTbTabYF4L/1f/9Pf+2R/+J9e7u4cfPT473yLFj37yzpMnd2+88coXX3/5+untp589eev9926e3ZoaIqv7+CliDPkTAAnleTlSmvLADoPjWA1j2MyknVHrlvB8jHgLAEQZQBIkn56P4kDNESGQJU2fRDwaOziLx4hv7q4/efTxapqYCTyHzuFORoD0sQf8ipcYXznwV07iDJHM3cBT/4M5GxEMjX6iXQDhGThhTmOBBMLcGAczhQCA/nxFYslmUMinKcngXF5hTDYE4OCZ0R2pAHLzMYziOKwIWaSEp67Ac69JMUcWknlaqBAAQIQJ0VPHRmGWOvtjZCiluDFLXkm7Y6p3PMFBz09iaoOXoJEMNl6XIZVMH05mI0ZEpPAUBwCEhFhr1d7cTIrAOH+HvsrDf/1VTMENIhCAdvsv/uiff3715O7ulokRABkJMQIKF3SopQ5xRQR4MGX6BQagB2QBCwYSc+BYBvrSYFlgdx2H6+X2837YZVNveIRB3kqZOgiAgUmnD7UjhIuImSM4ZtRiFp6PNI6Qwlzo0A6ISMwoz3lEzjsIEYhQu6cVRV1HJk9E3n69dZbiDnbomYYUbsSMEFLF3TEAgL/1tW89u7kd7whTzl2cv7jcojN0wwwciyQCTQMEJGIiYXJ34vwOWc3QgYUioDJ+5/Uv9GX/yc0NOFjvyQtnvZowAQQxXt47AwdLiZcpIZmamYWrWzBz5tvmn/xchudq4/qIIOIefnyDks13DCCkdKBkaA+CC1O4YgQLJ6bsEZxvWYKjOIhaYszoEWIEICmMiO7WlsYir7/+xs3NDUTUIlJk2S3q9sqLD26WXVKUCJFrhrunSH74fAYXRIARuT6kNd+jMMfx3XTHlFeklrVOZaqTdovBfQfztIUx7KbQLbXJuFrPhNRbTw4pV2tCBggLLyyZA5uKDUAU4gBgEmB564OPP/zksWB53tqcccLwK7Izt3UuVcyzQpPVVXuLDLnN0/AYdBNwdNOPw3ls7QGR4kXrRkSllnxpU54hUsw8xkHgzFxrYWI/SkgoWEQ8Gf7IIx6ZmZBMHfNeJ8yLPO95BySkLOuNxAvNTI2QtStmQW+AmQdCLTxaULL8CXGaJuYycqwcEVB7YynrzalDOOBUpyQZRKp7fPjBu9v1XGVqph7mYQiEQNotOduuNq9XzHJ3t1utN4lEplTX3DBgmmq4Wze1vt2stOtLX3zDwNr+jphbtzBjpioTOKv21jsglFpUu6lCgJQqUtyDWdrSmICFkGhez0Sy3++ZqBRhGfmtOV2ZWRYeAFCtU++tdyWiwEDCqVRAXG9OX/zCG33pUnhZ9oBARFLYPaOIKd/J5KZ768TMzNrbfn9XSwUPKuzhGdmR6l4SZi6ZizPN8ycfvf/s6ePVNOclnoUJHj5NQiJT4UPrT69vARgDu6VfbtQ2I3Egmh3vswBhscjmNWTiQMw4AgKUUrJ3KSDyoDe1F0/XjNgGDOe5K8axhBSOfecDnxpsF+IRhkISAspXzEzjmKGdh/O0OUfEMHUEosSyDJ5rztwi3FXNumkzb24HsyZUAmxer4i4L41JzC0C1tttNwX0b3z19d2u/fTnb3dtt9dXu5ub25tnd3e727u7/X7XD/vd7u7u9m5Zlq6+1zZVXk0TIZJwfh4R3qxWZ2enlxdnL9y7vDjfspCZm6XwxU07ImZc2DTNambh1i2zKTDC1AChtwXCnwcejv0fmViIcLByBEemPhAZKPWiY/4f0h1KKDeP54HY87hEgUZmdwwnJgYCUgxkOT9RujEZuUgVFuZUEWAAZCOjDbpA1cJG0pJpV7MwV9XR1HTUImDKYIYBFAY4PJDIQSvkPTiClZGTaBoSIB5eIU5iF5EzbkKk1Lq+u31KQUBEIjfPntzeXGs7IPGyLNM0VSn3H7wECH3pUqROUwRsNqt5nplIVdFxWs8v3Ds/28yzlPV6EqHlsNy8/fbur/7y9f3ue//gN09fOH36H370N//mr/7i++/8h7/74IN/90P76B194+tXDqhtXq1f/eIrm9UagOd5vn56c33zzA0OS98tfVm6mUfYVEt6c5HJHeZp+vqrr/zP/9P/8NUvv/bzn799cr59952HFvad3/jqhw8f//KXD8skr732ysnJ5unt7vs//Lv9bhcALGKmx1scCbMkF2opkNg+k3lAmjZgcM0J7NIQPKebAiIsA0BzViWAdIO7uQyjOOZAA4h+VO45xEjcQ4iI7NIJCASupVpXZvbhLI2IyH00NwqPMTDpUfWXnwhoxMeNJxsw0Xpi7P3g7ozsbpFBk4ltEwaEFGFmVSWiyJq6GPjCcfOFADQfqgF3z7bdHI/DA4UiwMIyTnRQKITCjBimlpG6BJB/evJseeTBICEoPXiIlAhtgnGEFOZSGAl2+/3rX3iJudze7lj4SG4ApSBvIHQjmSNlYymZG5L81AI8V0jjgAndPVlOLpimEDhqZnLff46wjF0CqdZqoZn2C5gK3mDiX/3o8tAAJCQg+vzpk+tnjwloCPR/jdiNACRwD5lFiCMZDaapTt16srMiBQHdNVNwPHWGaG1/Z3aw1twsPSCIwFIAkIsIUW/KNLDUlBLln02EwjKvVkiolj6OgPH8k7n3tkQEI0eYe2jPIvtRIwEEEWAeZZLVejJ1AAwNiIQBU3w/GgkzhfbBSy8G4m63R+KkrwDh0ZNPzTpDApo57CFlMAYhIDqEqXHhNBmSoKlHQJlqQGZN2tiQzd0dEN1BhCAgkN59/PmjmxsiQXeujNl9BsBMRMAiqvbs9lZNCdlUAZOjBvc4OdmqWbgBcoQf22NzgBqoESCEg4MBALOIsLsPvDxAWJxhmtYAKki99Vzy8/EI9wi0pkEw7CVmCMBcEJEIVA2JU4bkw0mRijq/2++0qYh0UwhgxlrK9vT0+vYp5Zww0gEG1UMpF/Jh1L5//0GA7Q/7zK3G49Mew00YQJyyEq5kFmbdLNwskp9GZJ43iWCNy5KRGd2iTMVcHXxezRrGVADBuua9VEtFkBREDupnHFWAQH1RUAxHy/LNIbxwJBSWjFNjolJGyhIzh0WWfDEVEgKCdFUylVzoi0hqysfCgZDgBGDkQuxu2jqE57QaBmEJ/6eOMzkSz+2lWYM0vwyC0gmAGEVK+jRMNYOfEr8fUKNHYiLgwULuFuBjSZ1qmSoieoAdc27DA9IVTiCCWSPAZYqjJAsx5tVETCQ1CeUAAmT1KGXqra9WK2YJGu4pA3TzaSqEttpsEMhARYSIpnla9pejY8QAACAASURBVLubJ8/qNJ9enHfVWktXFWEPEJF8KpbDIkWQ5ebpFZKo9qnWZTk01dVqjgizjhHdmrYuTMIl3MJ7W/pcZw9DigBUVWYydW2dGF2dEAHZrFeRvGxaWxCgSEl9rpsFhIi4ORcppfa2e/sXPwzr9+7d64clkY9xaSBAgAh3tTRk5rl8hMuxN5XKpRYzDUuTaJQqiHDsfgrTEBJCXq1WSzvUeeY8oJlUtQq5w93dLnN1NEZiA0SkpzM8MtvDmnoYAQczRJZZwlCGuBMQBkmp5tat9bYgIjOjiLX+7S9su6kGA2Tj2OjVTt4g5bCDic35MD2diS4SAuTuHZp1rel4AUDAMm0GnZdDZBxRgRQKWCbcphbFHYwiQU+KsFqLiAgQAHZtECHCGMGE3/7m10zjb3/0Y1fb396C67I/dO2upr31ZXc47Hs73Nze3O12V0/vPn92G0jb7XqeKmAcFlsWbeZZ0LSa5+1mde/exeXFGSIclmW/b21prfWmGpH2OAfEpoYQ4Z5t84DQloP25oAwrBAD5M0UM0oWlofmmbI/Fo+oOiIGECcyOzgDQsgOo+cVX8d9X55/CUJOXLxIJSYWEuIiLCxSqrAkDKbpN4BQc3Xvqr21ptZ766ZqanaM28jVM3UKOdkk2zPEB/mwY+DziKhcOYajYPwHmTjViBnxQoSETLkuIqGaIkKZZpF6c/0EIkQQcWhMW7MHL32RkHvvm/X63gv33W2/O8yryQKK1PV6JpbeFIHmebo4P13P9WS9OTldz3NVbdfvvPfpX/756dX1b3/l1de//MWf/MW///O//MnfPWm/vNk/WvpB1nD1qETTV7+5XpfXvvjg/Px8muo8T21pn376mQD90T/5/f/+X/6z/+x3f4dAWOSNN17ertZzXX3p9Zdfe/mlf/S97/6Pf/LH//g//p39rnHFjz769JOPP6dCb775wU9++ta9+/fOzrfbk/WP/vbN6+vbjx999u4HHwJkfEAc78hEfwcfb+FumlM3E4IjRCb3eq6AEJHtY8KMTIiZSpRT93Md/lC6C9cAMHWLTBeFiEBmiwAMTnNnBIuk9ItL4eEZSwuKpb4hf/eQ3ZwRA9SPLOAcIvWgwUIMjisvH0TEaNZefvm1k/N7T68+IxLASCugaTaBDJmBq8VxdsBf/WzCw5NAyEpjf66bev6J8jXDo5PFLQBKCmitp5wDxw3MebDkmTVItXBESUdtrQIj6gwhvcNuHi6CSKjuS2uHZc/AjDxW4yP9BQ7ICAjEpG4BHhBMaB5MZGZA4ggibGZgnoJRyKXhqApKLdKYSfK/gEQKZF8B5koIHm5mYUaZyZbSD4bjRJ8PAaaQsIrc3TyjIYw2JBrSzgCArEEYgwYMLsKFy8nJSWtttLNDgIcUqespIsD9mNMSPC55AATrnQgxXJsRIRG3Zc8saTv058hRNlIg2XMQAkKEjw9bZFh40oRDi5J6dBiZyDKUE0BEh9ZMbZqK9s6FpYhHSBVTC4tSiQW7+qHtW+/ohFn5mveyAyARc+82BBQ2klxwkGVDokTMKdXO6SjH/d/9+/9II66fXolwHvNwLFKANKmTUJCbm8c0FTMT4mXR9E/21rKQirGkR8EB3YOZuJBUgQBAMjciYuHRShXBRMntoqAUcQsRDk+DDRzTNw0ialn91//iv/vFL39y2O+YeZg/Ae2oJCPkWkvmxoanSwu15ypS1Xo3LVUgveMA4MBMrTVGLhObmjsQohB9/uQxIwuXAMBwJMr4PoIklFJ2AoCwW27UVIiRhiwQgVwdAlAoMhbYI+mgxHBNlZ6/L0xMdQX57TKG07Sq2+320Lu2Zl3n9bxeb/aHQww+ArJTDxEzYSZ3dDxmbHP+bUSpJfD5oQdE41kMiDwtRIpMZVkW7QbggyMa6Wlh5m6ATGkowdT1HfOSA3wI9DG4VI8YzzdFCuwCwj0oa1afcwgEzEQsy7IAyWtf+sbu5mk7LESUl2p6iFtbwqMWMXAgECoYNOYpBCkCAQgkIkft/GDvWzMSWp9sQvN9ZiSqtZKQaRyj2hFIVtvtarW52+0RqK5m17i72wcilVLnmVBqkWmeL+9dHJaltaZt0W7IAiDbk1VvPZBrKcTcmmpTcHOMcJ9WE0kppdw9u23apdQyCQFJEfDQpmWqbTksd3dp4pkKm7ZXv/Stb//m77z95o/nqQxwOvJeZELMZDtCUFWZ5kDouhCJNTNTGmp1c4jTyxfWm83TJ08SmBYRxNQrRusLIhVhMyNi99EFUaUQ8v5w11tDADPrzQcJD1AqE5OpTauKiL1buHMRZgTECNOuy9Ke++ES9ElvOpMAYm+NSzk5PVHth90+ZZ0RYeZIDEd/lY3bjwbExBLhyf8REzKLSAJ1JIRE5sZEFkrEXAoLqymhD5YMIcwJ6ebQIPSbD07MzImPapJxIQKC25jm8+5JdWE6AdLug0dqW63n1u6heZjKasvEkeJwMO89c2aej5uIlBHHA41BRiKi4t7W81SnOdwJySOQYJrn3hURv/yl1+o0/+jHP2Mppt3cEUmKUOaERVqvrau2ttzd3F0/ffrhJ59f3dytN+vtesVIKXY5iiWsFJ5qXc/TxcXpC5cXU609ySW3FIxlfIFHqGrGREMaUXprrdHRLpnal3QBASIiCYvIEQandNYxMzFj/qMiMiZmQs5hn4ZzFhkLUTJ+IlxLnUSklCJSq5SMiJPCwlVkUNgQGt66drWu3ntflt5VW2tdezNVtWEZGDKLPLmOOl0AzgEqhtkJj04P4CTjIeswc07MOzMQjnuOECJSiieyJho8PGPlTTtC1GklpVxff5bCji++9qXLe/dXm1Oienp6enP3bNnfSq0XFxdm2roKl1LK6enJejNbNwKc5+nkZLUq9eJsc3a2kSJd9eqDj97/8z+LR1ffODv77pe/+PZPf/nvf/zuNdR5W+6drmupm/MtI9snH5399t+7/NJrm6muV6vzi/PlcPjgg08vLra18HsffFxWsir1weUL/+T3/uG/+KPf/wff/fZ3vvLl/+aP//F/9L3vXmxPvvGN165vbv7vf/PXPNGDly7/3V/9+N69dV3VX771yeefX52dbS4vz/d3u6b645/9DMLDjUTCAcLLJACh2qkUIDDLKC2KCIcg4kxgLaVA5jJgTuKIhMQcbtmijQFDx5/7YvIDgGkPx+OlM6TOEVI4QhGMhT1Iw1LtTYymWmsFjPSk55gc6Dj6vfLCAhJBRDUFHI3FZnbUJwy8K03jkW0+uvS2mClR6jkwfGT1ZDoFoI+1AcADCksAmMdIuWVEpOF6TO/dEXwIR2B0CBuJGjjMugSmkZOWHyF1M52mabvZ7peFmc0NMViKWgAiCbr60hQRak08zpEp6XdTLygBEQrEdHxnBgVGTM/34LBQs9/4xlevb+8gIh1aOVLUIixZdMXDwpeLzvgLxFylMHPxYZjp0/adToEhJQgiOb+4NPVRScsI4aNCi4my1zkAmcy0VrEIVyMZ4e5uCaskhBrDQ+y5zqO73t7eYgQSD7bEAQin1axNxz/wkJq/yJxchsnCzN0CI4hgmiZIO8LIgx+sjtQSEdqUYPDPtRYiUjOMHAFTtRGEyJQupEBGqdW0mzlhuvWSgSECIuE6VXN39fDMsUZOSsNz60ARCQ8+HozEhMDuToRulvWaTJhAVmrMWLKJInGpgX2ICLPs+vL05nMhROQyFTV1jzqxh4MHFYoIFgkEd3RPOtxZkJnmqWISYhFEGMhjE0qsHGB/e3APKYyAUkSKtKUDQhHp3QA8KEqmhbozo3cLAK61N81vlJkD/Bfv/MJ0J1RSajUgeUT3mDJEobJ7avxwqAQDGNDDtqenb3z5K48ff8pYkGCE1iQkhZSJFZ4sGoAwQ4bZYox0QM94fY9st4QRjBQxjD7adZj0fdiEEMF/LXMLgJjJPQiQZMglEJCpbunIZZgFYHRTV0NiROrddoc9ejALQGSbR0ZBJUAPY64PINSuHkGYNQ3DfPT8LhxpJ7meHxuJUgIJiEgckAZWVk+V1lDYp8I7PDIODyCIeSQyHD+GqwYC8xiehv1xyIYZjxpB93AHkQIQNzdXpkstNY3CR4DEzQyZ6lQ90MM5e/6Y791/kLtBMjijpAjQI15+6UXNzSECApqqmUktiBwYvVsRkVIBSKZyODTAIORAvnjhvnMxNQgsU0HizLWtVfa3u1KKqi+Hg5PP83qeZxLuvb/4+m/80//yT9786Y8O+xtErvMUAMjs6iTcDu3Z02fzemISN2+Hw6D0APrSyiREqF1FxMJZOM+Z1nV/96RIcQcASpu1cDkcDuFuYUykatuz84vLF3c3N0IMSFmGYNqFuS1tv78FD6axHQGBq6lprssQUGqNiGmetff/n6o3fbLsuO7EzpZ3eUvtjQYBboAIiqKkGS0jyzMeh2PCDkc4/MHLXzD+U+0PDlsx8kjiIhIkQCyN3qu63n5vZp5z/OHka9lkBNkE0Y2qV/dmnvNb42Ctqkxcaw30nUUQXaLM0iEsVqHbExattetTqbWUAghhpUKEmPuavLupx5wIAUFS6lL/7v5etYJHSDaZOyADQLUWEaiBFDfpH9tZh2oAtdYgmR18zlMn3c313TxN7nBuowJAj/TSs+cHwcG1CsPbY0lMP/twTeC1JQE4IVo7ISJ+KkTK0MTgcXVA9Eg0Zk+1hrvXHQCMCdOw5NRbFBXWbFYjVShuvxiWz1YaJ2RESalPqVctLDws10DoyEhoZ9uTlvrh07vr66tf/fI3TDwuh8v1moU7SYjnJmQUSRJ6ZYBac5mOh7f3D98+f60O1xfroe+ZKOdynE7H45QjvwichVfjcHW1Xq/XTjjNZZ6mqhXMIxcysNKwhBKSaZ1PR8BzQkLz3rTJKO57RmAiSiRMwizCwoHfc5IkzCluGGYmEWFm7iQlEQl3R6DrwomlYwm3MRBwVDw3nS24ezHNteRSc9Vca665WK1aw8z33uPYuIaAKc4ajmbjgrB0hGb4TOyGhuksY4YA/omIqOW0YfipmQjCnMfEkcoW1AAxIXIIErpxyZyO23dEgiJ9P07H43Q6HA/bUmat2dyXi/Hp976f54mJU9ctluP6YqlFTV2Ylqtx0fVX16v1ejn03W533D1uvvo//693X371hNJ//6efTofj3/3zs3fOl6N8+uTyakhelVTzNNN0+OhnP1n9/F/ZNF2sl10vz5+/+vqrF9/7/s3yov/qqxeHU9k8Pj5//Zo7NJ2//fr524fN5c14mqf/9H//crffbXa7l282v/yn3x6n8rDZPnvxuqjmWdMgtdpXf3j+5IPrV/cPX3/zLWLT84dMYVyOwlJK7oaOhVULE5qqmRO0CA5CRG4ES9weCNA8Yw6hoWo/OoxQ10CVEAHDbxZ+vDM9CSRkWn7w2V99/yd/9uKb30qzgZObazWrGm4kMxMRDPkKoamdoeUQtbbMbOYu9YOauSpHdXp0aDUdSyAzybXk+TSkRbNita+oqVACcI2kkrPoqAniY9hoxt2GymFQ5ecTCyIqNyAHs3Crn8WJDKbhj2cHMIDEzMxTngGwml6u15eri+1+w8KuFuGhiASqqobtyj7TEQ1KDK1UaN2wAXZqTd/rhoAKLsL73b46MKJCJeJwWAYgEtBPJA43tdV53IiPOHi4yP6otcTNEhi9SIreFWIutXjxuPpZqKoScVizzd8bhsEijJWb5jJebGFBIm/9Hi1toY1VLX1KiEjdkEkSu3ktmnMWkZj0KXKx6rlrIvDvM3KhWpnJq1XVWFAZWqRSCw5DeC9ZMo9OFYVYYKCxoHEROLgTEGItlbq0WCzmWkRYa8Sh4jxVIED0aSpD37mH7U1jQnNwEvKIUUNcLJbqWqshsbcqX++7njl0ac5EWpVFmEgSOzioh4zR2+mGImm32ZhWRC5VTTWlFCBKLcrE6i0ZxVoaP/RDAgA3T10XDuBcchJRg1A6AAIhhQ4ZAJmolBLMmxUFBQcAbjB0jM41VyFxDwq6CXxQBJpWnvPxhEBuHuHOiGSxQ5oyk7rO08RnfApCSYIAAJJ4HBfXN7dv374QSqGHidaR4InOB02UX7gjxMYSK7HDOWEEnONegCi4MBHxtu2CMAMCmHISB5AkoSVFBHfkMCqYIZJh2O0YERnTIsBBACdirRoVBm5GQgAIGpIMj4emVXeZs4RYATxCg4lC4FHV0AE9QpTO7H1kagE4QEodRnDbOYv0/S4eItdQQDe7Bp6FdqHPBQh9hTsiCSCZwVmRC6YtkglMhcNC4MJMKBb9G94WQQLyqkwczcSBBMXpE8nYHsb/c2qYo1ctlqupO/Hl7WUtlQjMIusAj8dDvPi15Kvb67/4y79+9vU3iNQPAzhG+Lf0nQO6Q0oR7O3TVGSxWq4ujsdpXC2qKrFIkumU49FAiKPY+67rh46QFovFaZqePfvSpg0RA0kaOlVPw7LmkucqIqXmy+s1C8ejXHJBC5+lEVPOJdzPpl5LBudapse3Lzrp5qkYGJiG8QMjiJOJMPyOOJ8Ou+1j4mhWbXZ+ESolE3LfSQTkIWJUizs4OpAIszhYzdmqBd5dQwfZfBbkjsxUSyViNe37xCTT8QQAVnU+TrVWrYoNUrOmQAUAd2YJ6bU7DGNXqgZ6hAhIlIYUUgxhwajHaeSkA4KaA0fjBjQ3SJCDIogULvFIyFXTJIlZ1C3PEwCYOrLUGvuCEpIDmVsgvyLJrPZd/2ozMfofP73oU9PaxZdK0HJKoAFxDuTv02BCU9cUCQ5uNWolImLC3blfSDdoKaY1TMbhdEdC5kREgByitZS6Lg2cepSOULRMnXA3Lt003kpG7DoOidqHH37ww48//MWvf/vkyc311WXf96nrlhfr9eV6GBcRLUdMXd8H2g6IoKZaDofD198+f/PwuFwulkMf99Fpnjeb/f5w2J+m/W6aSgXioZfVenV1ddl13TxlNwPHXOYkDIhlnkspgG6q0+nk0OISYzjz1sfzL/mJ1gyTINx0MTHwd8IpsQgLsYh0IgHTCKEE9C2UmLuuE6bEHMQ/I0e1ppqVUnIutZaSI+VDQ9sTgULg52QniCgwRMRodQokLXhhRADDWDUC2UPkGP5JguOhyISNfkYOyRI1egKZhCKRjFrUJbSbM+YTRASEWgoRD4uVo+8e7yUlYdluHo6HXZ5OFrgJSRIaF4ub26chTEGi1WJgwjplrb5ejetlf321XC7HxdA/vtttNtv7L754/g//yIX/9un6J3eX/8/vnz0/FTH/eD1cIpXHbW92vRwcTBzWtxeLf/VvOPVXV6vjVH7xi9988/zl/nDa7o4v32z+6R+/zF72+9Mv/vE33OOz717/9tdfc4JpLt98+/Kbb57vjsfFevji98/2+2M3Jpb04sW70+n08ffvUif3bzcK9qtf/xa85lyQOEnzaZlqnnPkddSS0VuZFyH5ebmK2LdaasA9Z6AYwYHiauRQrUP4O0OOTE3X2kDeakqIEYCoqkJkgCXP8/YNILu7Vg2exgFca1A9MVEQNW3GWWnDGPNulG26q2rrGwk1aOTOGiDB+ScNBi7CObBJbzBzTGbQRo9YDJBb7IwGEtpkD+YteckjigocIAkDRTFq85ieQ1DgvGAEYk6CnCTQVqy15pwRKDQn1XSz31DkcbQbPC5ScG/S/HOOcyDlfIY/3n8hDRtmZmA0MxZKxNvtLkQX/9Xf/vXX3z0LvyZCaJWD8kTkUM1xqK3iCA3xeiMWmqwnJnQGB0ndNB0ZkBDzPJkaMTCSaW3hS/GxRsg4hli/aUSbwTfCZyHalwsyu7tac1THTMeMDsiJOHVVC7ozMziwMBPXok3XECogREcyM5GgLWNn8ihCNHUAD3i4CYy0uiEzmrmjBdnY4DY4e3nNSJpOveukmGIk7jp2fSdDn+eprZAUEAQzo/SdVsOIciJkJoiM1zaStYBvR4jikbg2Q/2VUkLCqhakMxNp0cjzcFVHZBZvbLUhgKshYwgp4w0kolIqAhAHne7mTV0CAEyAYVw2ULV5zjdXFz/43kcPjw8UUYoBzZMHNhiUHbdAWER0Igz0MwmzyHF7kJQaGY7hXXYHIyY1i03L1c2p1vDqRDCAezVJzCxWVdVTEkIsuTTj1tlmQ8SH4+nl82/61De1HqCBm9lHH32PiI/HHacErWvOAEEkLZfLaJ4JR8p5SgIPnTiCW+z2EKFEai4YtGSqNVaUsxbNG24IUdftSkAAhoAswxrcz/0U2HV9rA5mngZpUh8kdHSL/gsl5qjOpiCoOdLbOElyADNLKcX5SEiB0YbCxs+VmyEwxPe4BQXAh0QsLADtg0BCa/HE6H7eCiIsVkFSasCgO2OLPG/sGLGbG+LlzQfHwyHWnZD9xsYVSqSwL8QXp1WJiEMISOgRMRa/iIIVrRIhxMIppTxPSRIgXl1dqvo8Tyzs5uM4Hk/54eGtgwt1ZlBrCfqPkAAl3ItznolYhONsmuayvr1TRyYBQHdbXqyqVtUWOyXCOefjcepTBzqddveLYTCnOWc0qlUTSzf0y4s1AIxjb1o3DxvidHG5sqiiBCAmLRYCLSS3SMFzJw8TAhVVbBVvQIS5ZGYZh07DPlFNWvoVqFkt1awiU+okUE0Hr6oeGfCq0qeobURGSVKqLtdXXdc7WCBhUQME7oRADN0wEpNVDVyoVJVOLq4vajEW5o6HxeBupWRi6vsBMehXUDAA7/oE4EiUui6C80XY3I6HY2CqochNnXAS8PAPYer6yAQJZipCwQAsjJvM7IBNOxgNdO45Z26mQAjMmJt+zOmc9hX5jYic8yyJX+9mVfvkdrkeKAQlWmu1MOt7Q+viDD1X2IYu770xwNzAFJqsDhGA+yENy8iyQIozy5mRWYijUJlZWLqh63pJCYBMzTRr2RP4Yn2V8yTMkshdU+prqQjw5IPbn33248+/+Orq5vrJzc3N9c1y2Y/D0KU0LsbVenF5dTH24ziOQz+kruuHAZljIKh5eve4/ea755S6H3z0vcUwptQzs6oxkaNNU3HzlGSxWHR9N479YrEwxzmXXCoCCrK6llKi3K7kKWAtgJZECIjgaK1I7Ryv3MAvwNbz0j5/cCfEYAaCD0zCLAGfAxEJMzblsZspOJp7qXUuteRS1cJDrYHnttv4vUCEkJggGhe47W1xUCNB43IQAfH/O/hR++sh7EHiSIyOpxHAGVssULgTzl4zbHiIx6LnjSRyD1mKakHEcbmuWvabtwQgSb7/45903Ujd+ONPP7u8uX77+nWt+fLy+urmyXTam8P6at13XZmzql9fXdxcX1xcLMbFwMy73eH1w+O0effwi18eH3cfdvzvP7p58ebhP714NPSP1sPHq3VX84ffe/rTf/3HH/3o6eFw2mxOJsif/ZlyZ7V++92L+XQsWv7zP/zWzZbr/ssvnl1fD33P/8f//g99L271qz+8qDV//s9fXd9eHE7HX//qd4R+OB0Xq+H16/v7h83V1aW5v319Dw43t7d/+ObZ/f19++EhalFEUld3B9PYBMDa3QvtaTlTxU30DQE3tbUAuaq1lrkm5Q4pR6j/8UwH0Hnu9PhD4vcDYD5udu9eMHeATExRFIMUOYOERJEL6I6qSsLMpG4xGDXxPSJ4VDiFh9hb5ZY2qYCCh2ccERz9o49+eDqdSq3hDmhqihjskNzhff61A4CTtYRAYKZOWK1NSMQtX12Ek6RqFYEwCFLwNn76WeSOCE3gT6oaJCQihthJmMGbOy66bkIec5YNQ3uJQ4oYHC2FsL4Njk0RDg4thjQ6W1oXT0xzr96+dTcCiT8ysiOBY8WAkJbAOQAl+IT3ql2Ac7YjgIF3zFOe/ubf/M1qffH6zUsWDjGCA5iFD5/iQ0QKI747NAMXerDF2KI3Ec0cCSUJIJkaUfAPrUapad1VY0Fz1YBCJbFqiU/EIcpJybwSRedGyBIMW2+GNaTIKRRuSA0vdQUHa4LRqKSEhg7E+RAtVBC08xlYAndTPR726BHs501tiKBmZZ5DExeVCZLIzBnDMoxEYYKniKkKb1ZAWqFwrVrb4ogGjimlUkoYlym8HMzNqWYmEnIPI8QuJQQwU2HEQJCjOYEoDDPhILVqxByEa3DkN1c3m90m3MQhmgr+w9RUq5AwibaH7Jyag5RPU8kldSk+Ey1KCKZu4bI1U3NmoRZS6iIhE2gJWq17GqAl9sTWhhgVrpGaimEKdey6vpRi6iji0ODGueR5nhkpmLfQ66eUwFwb3+HcWrCitApa4m9khVmT2SQR1wjTAiRQDZ4NrUZkE1AgUg5nYQFE8xOnYQ0N4QcEmnPuh67rB1XXqla92eUcHCGlFJbT5tINKzOiNaUR1viJUqLWsOjRSYTMgfGHFKTU6urSdd6ShuNNQSIBwKjNazsPIgHHr+N/N9k0EUSWvDuCtWbVM/eJDsyc+q4fxum0Z4h3Bd2QkYE8pIDxOMZ7kzoJx4mfOcQgX9ChnQ6IcYAw03SYCcCqTseTg6tVrw6GVpVJatWSa98Pqm5gERyBzV+YkJOpiwgAEqeSc51zJ8x99/0f/Xg+ZRG5uL0s0SKunsbejJAQDKqDpKGUYo5qkZFKKJJYjrsDOK9vb4/7o5b5tD/0fcedpJTKPAcmUbIGAZKGTqu5aRMsunPiKGMH96aOSBTmmNR38WKIpOhFd4sd1Jv0wczU1QzQu34gZmIGqxTnJ6M7aqkGMKwuiHC/34RA31vJqwIAC0uX8lysKGB4aMDNorndTNW07wdzy6fJHLqxL7mWnLuhJyIRkSRlrmUuzFzVCFGSWHtYGiDjDsQcEC6CsySRrkaikhlgswMCuLsRIYkEmIBNiQONaCBCDOcFuPv6YmUAUVMfrwS4ESIQR9yPCL9+PL7bnz68WFyv+sQk5/MlouGj1Q9aqXjA/o0xQyRoybwWnVfgGLoC7kb3Gm9BqAWFq9BafAAAIABJREFUO6QEoUWQJNyRsDu5g9YpTzsrxzhFxsVltdJ1QoRlzmFkAbfVevmzn3zyn3/xG3P/8MOnn/7oo/ViuFwvb28vry6XN9fr9Wq1Xq9Xq+XVxcVqvRiXi+VqsVqvF+MQUSFgfv/ucZrLR09uVqvx8motwmp1tzseTsfNbn88zdvH/fF0dLNhGIha/wsCMFGN3bJWdc81gzmjRBsrxg1Aba54j92GC9zP1Vp+lm4DgjtaC1Nvl5Nb+/804HyznGupWlVzrVU1l1qrull1UzB3sEBLEEmo9XMxxhoRFgM/SwXMXKtWLVpKKaXUyWu4PR3xfYMShIix7QERGE7tkCKSdgC1yw2iUSHG1/D/vh+JwCGuUtUqIsuLq5Kn025DJF3f//iTT+dpmqfT8XiopeTppLVc3dxd39xNxx0gLhfDdJxr1dVivLxcLJcDsxDRbne8f9jt93u9f/v2d7/Lufzp5eLjZfePLzbPql30aZWGfJpVy+WHtx98+nF3uXbAy5vrYUzjz/5UL2+++OKrX//y85vr5Wq1+OqbFzfX64uL4Xg6bh82l+vx7f2703xCsoftw/X1+vMvvk0DnabT6zcbRy9ml5fL7e6w2xxvP7hZrRevvnvdS9ruD19+9WVKUtUkJTgnnRNH1LdHigBg60wNcJ0iB8L8X6rX3JEg6uGDv21ZkHGlIZ31Px7jVHPR+dnwGvgzBFpkccepAUqE/pFXc9WYz8CBiNS0E0SkNgWaE0A9RwwwkbUYMIoBMc5GMDAwJonnGQnc3dQOp6NZ6ZhDK2MaX3YD64NobxdtlNh5nNUBgkKtGpblCAIKaUUEvkHbkJov4P0ShQTegrGbuCgsf0jxWZKFRkVN+BxyQAjxeRtgi/NuIk2JJ9zaVwBwNvbEihWgILSWc2a2yCUF0VIExN0j+BXQQiNw/q3GRB4eDbSmibFokDzPx4jI1M4IhOvrJ9vdZjoeWLr4arClB2OcsSFGam7pmCEsgNgW9UQkcfB2fSqlWrWz7AJjDol9E4P1jr8IgEi1qNYaSaAQ/wj3995+Byg5x4nHiWNZMjUi5mgRhbNR3SDEqAhITOitINXUIhSy2R7On5JIapnZHpliBOcIOiQECG+vp14oSm89KBCwYm7GEUvKJEKRgEYIzZrgwUFTA9TAOkn/y//4P79883qzfcciZ0kdEdM49KH9SEx4Bmu61JW5IgWnYQhR1d3u7vCgxxZHREBo6gZOTFnrm/vX1M7hc9BC7HzmRCxJmDiX+EiJzjI0YTb327u77X4bGkgSjsgYYiJgwtYMG/E72FRqHiyBasRwtTZDq5ZLZRF3MDXmM0LvCNQW4gjtbToy5nnOIWTyBqlTgGXVbJ6zMMdgG77hkIrGmvceUoo9mRDMvZS6WAzSJXBgIVNDbHoWwCDS/2UXj5ebKY3RoUcOcU4AQM1zyTUlCf4iQjypbdStbFlY2unhToTQ0lGMMYQBYF7dgRGFxb2ZPwICA8SosFWtUXfpbozxW7FqgVaQ0/6tqoggwsLk4RBg8TBxNzdJO9sJKb6FYRzMdLd5HPrB3AyUAAjIXBGgnSjRemZBODgR1bBIR34IOAJKSmqmVj3iYLtERFpLSinX2qUeiKLkj0Ru7u4wBBJD31RT6N3QE6XF6qJUFxEHSt3gRJJ6R5Cu7/quG4dcTQ20WK2eFiOlgYnBkJhLqUPfE0vqxMCZpWmeAMxxHAYR1Hker64X68vt/T0z9X2nCqXUMufDdpsYu37I8zyMPQCqWUpS5hr9FyGdrHlGa6eyu8VMhIDT6RQGc0Ksqgggct4KPVYTcnTXCkAiydy15NgrzKwbe1cVFnCfpwO4ogKCExMhqtZOkrpZraaRrqLCZO7CAgb5dEpdQkCvVubCnAAxJfGWdOag5hUAYDqdEicmVjCrKkxuKilRknApMRJ6A6XcPZzp5lprDbFQu3jixAsczFoofRKutaYkiBhScq0a+gwkUjetajUI9DivwRxCDBzZIOi2mfX5Zrrs0weXY8fQJ5EA5Ruv7IyNvo+54XxjxC6kZhpy+LaAkUi3iNBIrdUBU+pTGpEJGJkTc4oTvtYp50M97UyzAwB34GW5vEQwcmDkwGZEpGgR4T/70z/5/IsvHx83q4vVaujGvpPEF8vFxcXyg7vru+uru5vLu+uLp0+uv/fh3Ycf3NzdXt9crS8vLtbL1TCOjNyl9PDwDsA//fQHq8XCSi2l/OGr7757/vK77149++7lm/u3z569PuyPh+NUpjnimsGh1ojVsXnOpjBPRzAI/SKFLRoaYt9qcyniOP18FYJGqW+kr7Q4NIieoaZsBmt2q4iArxbTYevnPWt7MBwAQO91tERhqkYmZCDm1q3o6OaeSyn5mA/7ko9lmso01XyynDVPOp00TzXnwOFEJDQlkWzaZF5BkiITIFAcHdjiGqDhL0Qhgzyb3KgJYMC8VkXEi6vb4+kw7ff90BPis2++3D6+NdOc5+3jdrVaAfjNkw+Wq/Xj9t24GGvVkvNyMV5cLsahJyYW3u2ndw/77X5Plk9f/G7/9s2K6C/uLqas/7SbD0CLvtvV8s2bh7fHuTrujmU6lj51qrbfbunjHxyWV7/45eef/+6rw+E05Xm7nx8eNtNpOp3qL37x+8PhIEN6/t3reS5Vy35/qgoPD4+n00wpLdbL7757U6uLJBbZbLcE/OHTu9fvHn/1+W+6xFUtXuFaSwiwkBAtUh9aGA01YUlAPADgagrw/vEJCK2Rv5IIInnWjUKXAmdtV9MSk4gggAcF54BwDhE3C54mgmim0xwWo1A1mJkkUeI//8t/S0jHww4dSymhMJpL+fnP/6LrxjevX4yLZXXTWhEc0Sncf+5MFCMjMUfuf+gNzkJFj7XYwYg51ITnGDXg0IebRVYYenTEttZq4GaoYaKzVQ+hAbkhasO4KFt1CYLFgwnnZFVADWllolDwx4YUyxI6GLSqRERuXgYECpG6nwPC3WOojdmOEN4zLWG+jHDh6OqIK9naoNzGGNMoa2sfCGhIucDd3ZCEzndaM0kCYvyDmPnlq+/2u22fulors2Cc/Y11BW/e1kAS4D1VWGq+vXsyjON2t43rPshDbK6MENIAQnNhNiiGCBmjq8HOgxALx5QVAIG7MlGkNAZggUjuQOBgGriTSOqHwWqNLLOm+jIAd63GEYdYFZmW61UuM4ARSyxRcfPVahGIYm7nIqwmGce4s8HBPRpgY9SkhqNhMJ6B1Dh4ZBMAxTwdIbbMIu7W94MhbPb7x809M9dqSIhAZjVmg9N8EmThZG4lFzcEs25Ii7HPOa9Wy1Jr09UQqtbEgoiRNxv3pGNrho7nKniZYPvRAaB1rgKhqWo1IiQWAEACZG6yJaFh7EPbY+1l8XDjVc0cDRLBKDq4Vzcwc3d0NYolHx0c1bSoIpAwac7eyuYCJndJ4u6m4V8NtBTjTe/6Ti1aq5sgZhj7WO6Q2cEjg/ZsOwn8gYjRzBEpklI5sZtTkh/94KMXL19aMSQSYUBX85YTaODoBGc0EwAAWPplg6/MkbDrh2ExmKvWSsyNmI5HHAEQVEs/jh99/0cPj6+ZpOs6A8NWftF0/wCuZm4WgTyIUGt1A2IUkvjpkFBKbKbNBUcRVmBqlYWFJcCx2HUxZv025lsrjIgBDsDB4uAT5jT0Vc0BzFSLdUlq1ZBVtf9w55QC/yNEkVRdzRQBRcSqMiORBHEc8kpV6/o+IAEwDTmgAS7W6+u7m91uN08zMZvzxfXVZrstOUPwAKWC42IcEaRWq17VMxCury6RQkZG43ptiMvra5QBHBSAREjS6vJu87BxxG7sbz+4OR4ODkhErnUYx3GxUC1uRsI5FwBbXV9dPbkrNXfseZ72x9PV1SWgI3I/LoAojJXD0JWczawf+jyXyMxmbgQ3Y0tSUnOtFQCiKIiItVZzZ8bA0UspccfEsofuXd+Pi+F4PLlVB1is1pe3T3LJOecgFhyBQ2MnxMR5ztxGH5fEtZoIEXHXdXPO4TJyhH65AIBasrmpadcnM7dqtZTUJasuwqfjlLq0WI9uWk2HZZ86KXMxMxIJOxsjmUHJlRjT0HF0JapFFGCSlCKJNWB4R2YGQBE5N9+Fqjg6VriWGnyRSOeueS7UlFrSdb1qCxCLUkzT8AMYAmTHbx92WsrTy8VCKBEuhhSXhIV3n87dgAxM0sYRd/Vq7Y8FcyMHJOoXFx4DKwJT6mTEVgorhALgWueaj3k6WZlbGzFxP6xM53GxJEJ0Bcda6/st2hH//E9+9odvv3v1+pXIUGpRrRqacdf4GhZDvxqH5XK4Wo4f3F5/eHd1fbm6WS1ury9vri+Wq8XFenl7swbzp09uyjQj+MV6macyDp2a7nbbPE+7w3632x2Pp+PpVE2rOyep1Y6nSVVrrVVtmg6hzQudVSQLcTP3B6gC770SIZR5H/4dwH/UIaiG3ypgfQCHGsZna4H/Z+0Ohyc44Pdo+WqzPjezCkUcD3Hg+gZQSj0ej/m49XkCUzJPAMm9J+yRutB/IHhV0GI1mymiYJIYF+gcdg6tHACpEUfQkEek8/SBGBLdmDtaZJCbe60ZCVdXV/vt5njcAtA4Li9ubpnGxeX1H/3xTwFkf9iC2+0HTxfL5XTcM3IpOo7j9fXF0HeIOAzD8TDvdofHx4O6w263/+J3XuyDLv1oMX59mH97mJE9G7w8Hh80H7A7orya8qO6XV0+pOFNsdNifFvs1du3BvX+9WZ1uai1/ua3X6WhR+Z377Y8MItsd4fUpVKLqu/3x9SlcTFsN5uU0nZ/WoyDdKnr5HjIy+X4sN1+/uWXfWIz06oUoGuIASyCvyqexVzB7AZixRLJ/RD2OmwK0ng8msGLA4MMCQMCgkeQFzioRZgEa81N/AME6IFyq+sZtnerFSDCK0lE3I1TKJWwH8b/9r/570Twyy8+j+YHR49gp3ebx9NxI5KGxSI4fxb2VvgdozxG2oZ5K+tFAHdDpqiICut/SMVaJyFBy23jRn0gU+sxAK6u585MjKZegBDit6HXz6rDCCNQtwDFA1APnJ6IIwcDz0FJ5lBLjUjARg9D61Znoi4lU4dzvAE4amT0BaiGCIBmFRGZhSja+iJh3c0ahq7mqUsBtAfoHC+HtEhgNrckAggsLYyFhPquwyaii72eQhaI3oQl7lCLSfNLNOsAYNM8xPQSnY81GtwQiHiaj9N0TNKFRYQAVS3ymjkU860vOWqkmIhMK0UoY2wUzIRYSgX3qhUiPgickGvVttgFBgTkZqHzzqXUUp8++eA0T6FNjXuShd3ArHKXHDxQisVyYaZEVKsSh4wk/AlI4XArptUCczA1QtQahceIAN2Yao7QqtjiUFgiX1bnCu6hFmuS17PenITNFJFqVXC4f3gbJeoArYaVGYcuHU6Hf/tXf2mAD48bZiEms5A1mlY7Hud+7EVSLQURws3PiSl+fEQhCI/zUoiCBGuLmjc/ajzRTSEatJWwu7FQ6lMt2vB7gO12G/kKZ/kZljxd3z756U//7NtnfxARDESfkIhdnYnCMkRR5acO0aVNEIpTaJubm5bzPonm1sIaQ0/yftuKfch97PthGHMuecrd0Ku3ADFEjHQTh/crKgCiGSAzCwejA0Be9XHzjomFU9VycXEpkuZpjgcpiKmmbmhV48Q8rJmwucqRVHWeTojOZztvXFLIgRy4BJxJqc4TRq+gOiLFo5a6HhFKLcQUNmdEiMQoPAekiKRpmkIl6QYdp6LKGM5hRYAkCQC1FmxlFRast5oKUy0R8kh2vtQlpTjZRRKzmBO6E6G2bnfEM+YLjMLcpeQIpeQQgRoqIAoREZMIMufTMaWEjXl3RxuHBRLVUlUrheiM0AwOu4O7MSdE8FoPux0AEEmphoQiLEAiHbBM88kBJQ2EoNWreeoXTGzgRYFIkLjUykySOpYOWW6e3nVDfzoe1DylcRjHPOU5l3FxwSSn0/E0TyklJsm5chre3d8/vHzR96RFa7W+J3J79+7xgx99cnt39+b5d2jmXvp+QITplIPnwrB1MyOJpKRaQn7D0bpVCxqypDMI7bVUZgYkrTWJqNb4m2vV1KXqSoAMqLWUMtd8Sty5v6/GEKs1doBIAg3cLvoi8lzUNIlwl5oWEeEHn3yy325qySl1xBSKSREh4VpqraXrZX2xLqbgEbmhzKi5IKCkTkt1sy6lUgqLpLEn5jzPasrIiCApBRyFCLnmJiAFUrPQ8xlCVVOvKUlVbbiMyO3dTc4l5zlkTMRUa43BMdfqFjy+C7YgThZRVQI195fb6c3udL3obpapk0ihd8Goe4QmaA6hCKFqUyCoFnivlHUHchnWiOCITClAELWiWjvpwcHKVOej1slrdQdARk7DsEzDcp52Q9+LCKJ1wzCXHHxxyaWW+ud//vPD8fCbX/8qVwDHarrbnx7e7d48PO4O02Ga1HTKmQQBXLWgehJaDP3VxeL66uLu9uryarkcFtPhuF70lxfjajn0PS8X49XlelwOw2JUg1rUanXT4/GwPxxzruBubnnKeS4xwB8Pe9NC5ygAbo8rC8dKELrBkA++t88CNna81ffEvRLMFrYBMWbHUCJYc3Rhcy62QZ8oquKFmQAb6RVyH/dqqq6OMJ2m7eM9zMdefXRfIo7gS/QefcHYE/bgPcJCpCMkMwSo82xldnBOHRC4GzETSUtIo3NquSPi+eA+V5lSPBNBlSJ6HHTuppWI19d3m8e3lrObXd/efvLZZ8fdfru5zznP03Tcb/vUf/SDH65W68N2yyTLcbEYh2HoGLHr+2kq2+1huz+UWgBM37ycXz0Hx6eDLJl+sz28dlXid6VsS7UkKsNb1Zfj0v7oT+Vf/+3F3/z767/6d08/+fEwdI/bzXZ/ePN2++NPni7G/t399mI91lyffvxkv9k/vtsvFwMJHk9lXHTDOJwOkzm4QdG6WiyXi/7+zf3YLy+vr/7hV//87Pl3vbCqTblKzIhmIREMtXabUAil46j9YkTTqqoibAYEFLeGA3CU48TY5B4lkq0YKxIY0ZgkpGPhKYrYMbczgRj/irCmRja1tIsI8QQ3RtJIFrLyq1/+w6uXL+isyo0/ijBpzuyITqVkO8PijIgQyZ4NII9kIWYCR4R4kqO1oCUIeeAl0MolzIEZrWq8HgYtpsNcQ18kFIhi5GTYGYuH6J8LrCRyimNyRo8FoBWsIKKrE8HZpRTqXgwZdNSigTlLisHAo9qwetTiUnuu/V8mmxYTF+Jy9H9JDwRwkJB4oUf9nYMGzxA7CTogStXa9QnChlAjtyQ0CxiOhTBuBogKZxA0HA6cOA4FbDlsrOEyxPN3Hd/3eemMUZEAAaiaBrcRT2Xwdd5ci+5qQsnB1Vw1vGHUJlODrktIxAzRm8aMggLufd+JSM41pUDM7Cz6gLsnt5/++Mef/+7z8LgwsoJLkhh5g78CcGICh+PpYNqiMoInRYSG1nvU1UF4pUIUJMxBmAoLIqYu1axuLsLx56iqsS8Wg+YqndTa+rPdgBndDGMyRmQRM7daKfRI4EzMzNbyId3MV+vLV2/fRkhTVU1JWFCLgfswjjmXeZ7jCSECBFTzWiqEgSQS5wOiDf90BLgBlKJBAqo2zJrAidjcSEjVrDoYVa3kFFQhRns3geZmn2GRXOfdbo+gBBzs0XkfRkNkCd1KnAktvCe0RlqyJK7V0yDjYllLYRHTEOfHhtE2T3eNqRPBXR0ASikWuYjtGIk8LKDmDw7hPwA0QzsRmFqMxGfOmDAEw+DzfKqlnv0MEL4HNCdGYo5nlbFbBgRv528mlk6Nny6TuxOgFQ24hYBc/XjYJkqIFOQ5M6dOqhkSgbZoEQdPXR9Me9E6LhbDOORSvfl0yQ1EiEWq1ugZaUndwgBeqzZwLwrYHQg5dR1S4ASsapzI3QSZOZWq4UytpTBC6iSUoNRImgb0EfM8z2YaYj94v2oTzXkGocvr26oVmQC8aGGh6JhQq1YLsZAIOJqhFQ0msV0H0ZkXDdDMxBxJoDXoYLeUltIN/TiCw8XtTXFXrdJ1w2KJqUdJtWrfj8PFmkRYZHGx3mx2eS5d6gHQVWvN/WJxe3sbdqWuT2M/IhCybLbbjqDvO1WbpxkQuz4hszvMedo/vCXQ1HWIUOY8n2YWEUn9ojer4DjPmYSfPv1wv9961UgzdjNC4CQAmPOMrbwsktoi6B1I2AFE2AHzPGlVd+skmZnlGqds+LvjzU2pM7dSipm7W6RHI0RogEe0oarWnBGx5vL47kFrIWAAUtOSs2Vlwjy3vq2qlRKd9idrARpUc6lZASAlrqrkLoncvJpzIjO36uTgYJzYHbUqOKgrIRE6MxNL3H3MPM35j/745z/96Z98+fvfjMMi1k40AMLTNDEDOJFwHDVB4ybmSFk19XEcQvMW1jjmhATEeMz69euNmj69XAw9MmAnJBwNylKbdb696UxJtZqW92rOEDF044qlb9n/Dg7VHPpuJIJaT7WcrObgB5CoHxfSL0k6BLZ6Gvq+H0a3ysK16DxnaoChffLjHwz98Hd/93cl62Z/OO4Pb169fXjcHA6nw+nw8Lh5uN/c32/fPm5fv71/+erh/nH3uNvvjsfjaSpWEovX8vrV/WLZff/ju9TxcX8ws/CdDX1/d3d3sV6GLjaXoqY1l+NxVlNCqrWUkk2rO5T5VEpBbBdbnHkO3mhD5rOjFgLYCkg3XvTzrHL+FQQf1pSMdCZcz+aHgDcjIS2ujdZ/6W3CgXC8ILTPH5CO2/1x824wvRBegHVogtBS4wFzVTM3RFM3q0l8TDwIJRZX0zqjK6WEwu5AJHFDU+T7hK/8HAv7/mQ/D5/Nxxrnjhu4mSS5vL7bPLzxWhbjUou+evFst3kXLr08l+VyQKTvff+Hwrzf7RaLpRP2XUopIfE0zQ/vttv93gNeKjm/fJZ3jwn5rmcA/MMxzyzVYFYHppQ67GUrXK8/1Jvv8foim6F0P/zkB//FX//Zf/1v/7ZL/auXr1++eK05f/j0qu/l7dvNat29e7c/ncqnn33s5l999er2g6txSA/vdqZ+++TarD48vLu8uBiXq6+fPf/imz/Mp2kx9EUVKDKnIFa+mB8lsZpVq5xSiIznaY7qxtDIkrAqVK2OYKYMTCJVNQRlbbA+h9AhARPZWQBIQClxeMCC0MezhhY5mnPcPQL4CEJ6ZIbNoowR4B/wZJ4yAIBrPLIA5OH1EQLAUoqjI0IkwwBx2Bui86mp7c3BjZiF2AHU1c0YiJiDf2/DX4SouN3e3jriNE1EYlbDixraZjNvdsrwp8U61JrXKUKqYkQkaOxYE7fEGkxgDpJkuVpO8xw8eWhyYiSiuOCJDdv3H28NNTCuwbNqwEhB6rfNyhzP9E78fYAQ3gkAAMdScvw5GiIkR5bIVa9//Nlnx2k6no4i7GosTCKm4UluR4ObWiMh/AxHSqCzDSeO/3KPn3h84wDALNjkBxCPAMXVg9B2djOtFpukqkniMCR0XafRuBzVB+dcdgQX6aSTkmdCTH0PgKVUIEBGtRZQomrEmBIDRhkw7U/HaiWCOiLH2Mw8SjAIzV3NkOJ4QCKO1oKQsYTKiSV+qsCEKARmSCEpARIMT6YD5jk7oEiiFCp8YEmcvObq5pHfgYzRT98SHZEgXgf3Vu7EQM3nHn4RKrMy0TCO3718ZVq7FIaQWExax9n5D6QobyVi9xB7BztqoOF58wbnIEjieN2hsbfITGhAjBrN3yH/bumSECqaeMBChV6rmjqzhEMAHMp8ZJRca2w44fEFQDdIfecOVZWZwKHrurY0OmDjoICYWpMpReaPt9U32sLBHEiYg3GKb9lMWRAhvtfoH2I9G8Gh3VaN/wpGJXw52H7kTswGoKoOyMRajZiGoff4lIMi4ci2BkRnTIvz8g1gIBLNuCrESFy9tiS7uEoJHZERU9dXVTXnLhGCJHYAjdSiUJOok+DF1eU0T2F464bBAbTOiZiE47BGgjnnDz/+5PL6evP4kJKAuapG+k0kM6B79KKPi1FVzYzOPKkjKNHy4rqWmZmqags3JXQErcbM8dAE2+LmfI6ojRQYopDPGRok6VzteNiDAyGGzyxcMqE3ZZZ2fpl3XdIAAxgdEQxT1zvYsFzkOcfZkTohljCwMjGgLC+vhuXqeKz9+sKASq7jatmNS+46IOY0cDf0y7U7nHJFEmYe+z6AzuBra1ZJvSr0y9W4uu6XF0i4XI11Oo5DMrUyz0ig0VCvysRasqsSUS656QqZADGXmUXMsJRZJCH64+O76JyLik0Uaq+CWS1KSGHh7zqJsQMiOtbVVS3qjZrDEiC6QzDCc5yJ3eLxsECxLSB24JYgEM4zCqOPgTfLDBMLcqmqVpFxvbpyUBIOgx1CMAneXmyIpZ8AgEMFY4ZMro7IWoqf00vfx7QHxdks5kgehemNE0BEksSPjw8vXn4TAZIOQERJZJ5msNZOEjhFVQWAOhdAZ06hEgiRSZ4zhOMZlFOyYqbmKC9204t3h5tlulsPiNYlIYdalBGLKTQjQFiOyazEERPcgoOxjNKNoYj0iCoiIUQrpzzttcxgBogk0vUL6npASSkJsWnRMo+LtWr2aLpwJ8ZS1EwvL1c/+uH3//7v/x4BtJaa53mejvvDYbN78+bN2zdvv/v2+avXrx/fbV+/un/56s3zF6+fv3775Vff/uHr57/57ZfffPvqy6+e/e73X+dSdofDL/75y3/8p99/++zF4+PmcDoNQ79eLYauW/SyXi0A8XTKBnA6TnmaY/YyNQA3tXmec57f63vBEQjaHoqIjkISuToxLAcKAn5enwK3AQiJdkgLHCBSFJr4h8K0xNxSv0M5DQAQqi1oNa12nloi/8pO+/20eVwCrJnRDON6K1aVphpqf1YwQ6jmpcb0iFY0ESZCcK+lalFKnROCeoskIoqOhRhg2z+1jR1PAKnuAAAgAElEQVSxA3is4g5NzRzh8SJpfXm9eXitcy6lri8uru/uRMbLJx/89GefPb7b7nabbug//OhjNz0e9ySJBFMn7jBPZbM9bI8HRB66oZrPh93x1bc2lQHpe6vxVODbWY24qldTRHKCSm7jSi5vFaTk/PbV/ePjjhgOx9Pm8fDRhx/8r//T//DZTz/96utvDpt3hN39/WY+zpc3l/vdzkxT4uMxD/0ADnc3169evUmIF6s1UjpNp99+8cX9/b0ggZtpBYwAumBoHABqqWEsu7n94Cd/9JM3b95g689y4tbfCYDRrSRCprVjCSefuxNL2+wQ3MzdOFF8qiyhaTUANPdc5jgNTEOcA2H/RUe1yk3EhaYeCu/QbatZFM6Ye1FViOxtaoqEyJ8wh/jxISA4AxKzuwV8pFWTJCSqtSJAKCtaGUZk+TFHzp5DbTbOQGXM1eEnP/l0LvVw2J9xegMAamV+Gss0mLWk0UjBbk5fV6sxh0U6UgDfIuxAtVRHd3Uz1aql1rCxuLsbNCN0bN4OtSpQBDiGQRmjt8QB7u7uSqhYqY0XAKHrRmgIIjYlZXwRjADOGLl58F7pfd7S4X5zX2ruqAtnDkBrIhIhh1aq0H5XKB3bpB+8TT0rNaAJkBAQiRzVLIINwntASCkiejhmL/RW5hj4KplZJEAgnZ0PEJGE8VE2ZRAAgPk+H4dhGQpktZZFZaaqmoSRCcCAsBWRMedStNQhdfreqB3HVQSgN2kJJBJEbqSnQaTSYoTWxBlq7a8gohuoGiFVrf3YS0r5VJgIm6vES66xA5e5iIhWE07vb2xoRYcBnYeay6zW9hNnMjV4Xw3JgogytOgzB8ylUhsWKD730Mhxew2ViL3RpAR0tuf//7gLD9YlIMVQ5UUcg5qb6nKxXI3LUkt4kzGoO4FamxGlgoFFRR4nEUKO4x6iAIERInPcEZzMwLXRj1qVmIeuq6UAgCsQkwO4OxJrtWmaGDkS/RGQhDWKksHcgUmI2c2rW8v9Don1+dfBg52bMYIWbgle4Ge+hd5P/+/Z7QZgBUvVKraqBj/YyKwI1UTifnXVHv3w0IEDwjguc5kk5t1YFgDxrNNyc7Uan2XIBy3KP5te3xoYQzzPk9Ua32oteT5NGEZka+dARCOfpuM8Z62ZAGMddQNyImJvccJxF4KWGik0BkqAx9P07/7L/9D1/Xdff9l3XcD87X4A5PCrqFdVPFOl4E4cAfmALVuX1ExYVDW0Bn3XmVkpszvECuUAEdin7m5gVZdX677vahgOwIFQOgGUvhtiFwpYLkKa+pS6YcFIVb1bLMerm4vbO2Iel0s15NQ5JpL+8snTYXWJnLKhA6euAwNzzdPMScZxdIfUjyRpWHQV7JOf/vw//m//8eWLV19/8TsikMSEVmsOgYRXN9NaSskVCafTqRZFEmIqeVJzQGJAMy+1MJOpnqErLHPuht7UqmpL6mR6T4YkSXMpQdOaVXQ0cLdwqzSZjrprbclfiGjVAMExXiRwc2FmISE2U/PKSSQlP+eoUESSCVWtBh5FE0T89MPv7fYH16ItSw7O2JdH6hRiYITEiUODn7oUWbTcBixQrYEBR7cenVnSkELGeJ26pFGeYChEp+P0R59+drlav3n7qut6kRSQMBKqWkiIqZVGoHArnEdEQjKtYJ6E7f9l6k2aLUmu9LAzuUfce9+QY81VqEYBKHQ1GkOzKUGUNVtUa9Myo3qjnTZa0fi7tNSOZjTTRguZyWQmGdVqNltEE0ChUENWVuX08r13h4hw93MOF8fjFYANhsysfPdGuJ/zjdZtB2HJS0KIfqr25dWxNH3jfHM+CiEkYXOXzK00B3QwRkTOTYuqhpQ5vFycRxnPwLS1hkQi2d21zFbnWuewMogkyRvkBGE4H7Ia1Dq1st+dX9ZWiWICUjeorUaAyScf//Df/b9/fzgcW2mOXqal1mLgsZm3Wt20lHmej8f98fmzF8+eP7++ur568eqLLz5//fL1zfUNCx4Op9/9/utvnr366snTJ0+//eyLJ//pt198+sXTz796+uLFKyS8f3l+7959I1BVRzqdTmVegppHQHeb52meJoBO1gc0912Me2j2oWPmjIBAwqF+pljwe4RZqCR6KBCAK6ATgKPCKqtcdwTElXyxLguAfnY4mEHkw5bTUvbXO4QNIhOqKmdpVWszQCAOfy84WuRsBX5SaxXJrbacaDtkBNfWmhnnsQvPe8JIjCXwXU5iTEVB4jIxcR9REIkZ3GsteRg3u7Or5187OKLsLna73dnpuL+5ffXkyycxK+Wc333/QwC7vdnnYROhe8tc6twKWNWaJbvpaT7odNQX30LVUfjBMFzP7Vk1ZJqbVnADV/DFseWNycaISOTe5UXO8vL1fn+qXz558e3z6/fef+Onf/LDH370R9ev5h/+4MNE6bMvnkgSQ2Tm8/ONNru9PjDjvXtn+/1hGDYvX19//uUXX3/9FNSGnFpTU0Difmm6uyslQQzRrbvrdre9uno1TQeOyVAgjN3xiACYMAPBm4/eAsSmLXZyq+qmEQ7j7sRUW/nlT//s4z/6wW8/+4ziw2asrVJPS1YKcCR6PKyfG0E13KW4BHhtpvG9mzl3TTlHQ9Yqao+5FiGCN9BzHsKDGNbjRvD2O+/Oy4mjk4dW8scdVyIimr3DrOkITDyOG86pqTHC02fftmVJHBYmjx459y7YYWJ0i1CQztfHewKx5HSCzPoIoh4/nRsgreAJmHlOqZsT3SGaYcDBwdRCURQ53RHqzbxe6G5q2lrjNf/H7I7Q6gknfZUIzmDNEw+Thq2K4jj4I8YVHBhIrcUrE6wyIwCju0Hote+2L8SQdajpdrdFZjdlWVPgYk4OQzYhIjkRAhByyBYAwMwpDDkW5ZLATJF6KZIicIAZtSncyZBXH0lA1OCoZv/lL//ixbNv27Igc1TvMkuUWK9qTzJ17p4NV1vbEN0tAg1Mg3SKvYVImNm0qbaoPwliCgBZmCIchgiA1oxXAAARAqRStC4tMPIohYjRj4jQyS1mDFCL8oqu5kKOZRnjF4SvgJgjRL/zyhHV4ApA7t5a1WpBuERSRUg3HcnNHYGFEMNQHrI6EOG+h8f+Fni0hbMdgyqnwHUAIvRGSJhps9k2q7UURIpwKGJABzUlYYt5/e7t8hD+ga13DK95JyJcSu21IOjEmCQxM0uajycilsytGXIMlkahXnJQU3eHHr7Uh3vq0VrQtCI5d6gUmmmQm12fZxoL8TrsAIBr85jXQ23mESoURCYAQezqHjdkRChyYhFuTaFHb/UgIabhLB4zThzt1kD48NFbx+PeVxlSf0hC4mIdPyYgR6OuxgN3BSQgZEkQMTuA4EGKQdBM/Y516AkWEuMbgnud5yTJI9CaiCCEj9GcJ9HLHaE0KSWN04Qw5/TV08+eP/vqYndeSnPXuLuZ0FXdfDOOBjbPc84ppczEkdeuLRw5nVUmoTD89jWUyAlVDbm/ABBueSczzTnlnMJrX5YmxHEbIaErTLdTGoY0JHdERkdHEgIiFnU0IGRxEiJpi+ZhqyBAmfMZpPHs/uPt/UfD7uzijcc8DG2pajrkkXPk2R/GzebNd96epuNh/3ocsjmjpN/+5ld1utVal+mEpMKwzAV7iQgC8LAZNpuhhfiKkBFRCBFyEjdoLVLkzb2zBilsv5mRue91pHEoMHMrzZoBYErS+Z7INwzQPZAk03Gz251fluWYcgpmNewTm82GhENVGVm26j30k0ig1yZAl78gaWuAvfWUEr969UK1Mkpr6gg5R0NtvFcUwlCArqNoTd3Q1LpuJyJrLcBVh9Xy1Ud5ADCPBqX1FnfoLn8UTsfpdH39CgHMvFkzNxRuTWntI8NuaIPIfC6luBtFPRXF7OIR/R64Y9ewmwLC81P9+vXpYjO8c2/M7OCQmESw1iA7HZCsqVlDt/WEa8Qsm3MztWYBZGtZtJwiU4lIUho4D0iDU8p5SJJaq9qatWU6vh7Gs1DKmuqyFOIEgOatafvZz37yzTfPXzz9pmozNUaIeuac2dRLKbUu+8NhnietpZbSrKo2BCttUVMHW+b5cDy9urqe5qLaquppnuelvL45fvXk288+f/Lp7798fXMLADmxEZXWSiklwrA8UrutLssyzfGdhuynzxfaJTt9aIlEDMSQcHBUlGG4A0O6j0LhyYxZuht54hA0j1URVlAN71xTjrFwWPTExQjaqk63NxvTHQfNY4CgWmtTFjb0ClbRF7ei3qBTOcyYiL2jbp4QMgKat9oaIuYBOgCMgH2+CTgDVs3rCo4SehQNxAOEqqatpiGncfPq5TciebfbLMv88tnT4+H28t6Dcdwd9ochy3a7fevd97Uu82k6uzhDgHmayZFzXkqNgJZ5mcEdl6m8eC4GG6aNw1WprxEMadbWwB2ggankJkNxnNusCmeb7XYclkXdKY+b/akBwaurV+fn2yTy0599/Od//qf/y//6b29OR3VfWtsfjjeHaX84TfP8xZMnL1/ffPvy2bfPXzDRkMTcqpkDppy6ut1iMISYCRzAFFjk5vp6WUoWiQ8ykjaDK/BIRXRg4n/6s1+8uHp1OOwjl7Hnu3S/NxIACx+m6ZsXz2stBNRqxT5mROagRhgsOFAivIurDnYo0P0YUO/E8W4e4STRFBIolK0BjnFFRwsK8cXFZalLW2q83PfuP/jkjz95+s23bVn68YIcrD0CsrDFkxtPaaw0odtRq7W6QxKmkFYShQULCIW4NiUklp5IG1J8IDBXd2DEUMAR9oRJinY7pPiBgngH08B6oyxJmyJRlsQirVXu5r1YrsBN45NZFfDOSLU2RCcgdwyr8TpoAqCtCUK9vxMRzS2mmTvqNtBr6JyfAaKBx97hHXfqaHG8cdGzDR0lBwQkRiRKeQzHUYxoANARROz0Q0yCzGLgpS1IzCS11ji8HQAJzY2TcEQhucdOGGxDf4gCt2aMXoKwlzDzV19+5l6EUy2NIu7Jg6tBC52aOwsiInzHVGMcSpIo5ZglKWBj5hRV6sETo3niZKqAwEKuHZUk4e7YVkBExqjERuoYGbprgGlx/FgzZGTB1vFcMrd+28ZnS8TCDkaIJJyGhMiuju6EfdJbRZqoakkYGMGjdI8CmlcNBVlAcODNCdG0L4XdFqLugMQUQW7R0QEAuhYnu7upRqGXOzLTNM/zPHO3aCCnEAY4EedBtERxZ1fXuPVGLDcTEQDgfrnAMIwM5GDCaBB9b1BrNbOonOzPSRJr7mp/UH7tJNJqg1j84A8yqcEQHKx/UBr65NVmhH9w44WJxWN59V4XCN3GEzAoEkYAoTNjPy0h9Nfo6qEqo3VZivuPMW2/m/ERw0Bzu79NHCI275tWJG64h2hScgpnd/PmBkkEOwvfizvSkMD68t0d98jdK42IcVp5f7dDVmHuRJTHET26tdHMkAmdwqIOYbVhdvdaF0JEx0Fy5jzNNfZFcAA3SYRIJGy9F9qFk7uXpUrmzdnO3DoNF5+dGQIQIyIFHmlmgOToXSICCIDNLIkggjZtzYil1Ug6slhMWZIMaRiTA1RVFmJmjdRGSjJmFATi2LvLtGwuz7f37mMeLx8/3j18TMP5/UdvPnjj8aO33kTKQDQw5yxmejqeyI3BD4f5cHMjCJssZT79+t//3fHmKgudjodlWWqt2hwMRNI0z6U0FhrHrK3VpSC4dW7XWwSjNF1zCENxQ8zkALW1PisTWbieHNvS0pDCHengOQ8h1B7GsdYWJ6a5qpqBDdvzlPN82mOIW8GDawZCc/OmCND3B4g4rh7YjCyOLYw+4CASHmLvBw3AGhKBRAQWYY8aJzsRmRv0tB6NeFmILPBwvQSfHeyBr+5w6yZgTqljSh5dySA9tTfIYlPVEJMGuJekF5LHn9rlhw5u3TAK/d2xkC07GlFyCw7ckZyEAEhry4lOVX//8nAq9b375xdjTCeMCLU2wMARobbiPZjZHZAZZHMPur0VXavWU2Bg5pDGDaeBaeQ0sjAzg5m2aTreupm1eRzHlMdal8TczNMg7tFya++88+aQN//w939vqq7KgEtZjqfbeToeT7e1LK010+ZaW11UGzOCa6vNHWqttZZay7wsALAsZZmLalvmMk9LKVVbq7VNZX7x4uqrL5+8eHnFIsRUii7LUkohplKKg9dSpmlikcBK7040vMPksetiVt4+drqQhzmuMUFdukzBPPfZv4/YQGC4xupjLH5upt12FTRezBNu4OY+Hw40TzsCRCi1O3zcAQgXt6O12bwANcdmXpEbQAWo5gAgBGDaShPiMUsCQIfaGm42kW5IRB2IjS2xw4YozN4/hf6+Ru2AA7RWaq1pGPNmfP3imTZr1t7/4IO33n4fePjox39y/+HDZ98801Yu7t1788135ulUa+HES6nEnLMs86lqVFg4AUge2s318uIZESf3EfHgsAdqbtVVgZxAgTANOGyBpYFXL8s8qXoxvD1Ot8d5mpdvn7/61a++PB3n6TS769NvX/yb/+1/X0q9urp+fXN7uz++fHlVW1mW+XB7NGvbzRjuh6VWwNX9Cd4pnxCCRalCxLwQPX7wIEauKP4DiGEX3Rw9jhSNiJgvv3myLNPAOSJBARzYrSe/oKq5+zzPyzRRUDoi0aDkYGZ6/+Ihs8zLEUniaXMzZorguzvLSaCJPcs/EHEEV7OmXWEfaAtgYJ+A8S26tlpVodd1DdPp9NtPf41mOYl1W92K13foZC2ojc8GqdaCEZMeRwwiM4tQPMKw/kqOOEVfC886JNjhfiZm4k6WgyME8uqRpBfnWkihuiVX46NwMBfh0tpmM85tEeIuJ4qHOObKvrOgu/XuPABTT0nWRSSCu3orUPzRfdgn7scmUk8HcYjCrRiLKfZ2RMIILOkzU9QHenMHyEmCgg2sJmaPWoq2Erb/rhzDXv3VM3kdwRzAm7WPf/zj/f42wCwAQHAW3p2d1VZ7U9VadwUdaA2ZlhJxgAzubuqSRNWSCDnGcAJg3eHZqRToEomQKANFMmKHCUzdXZgdMRATs7Vu2Q3YWykixJiWUtyB+8qqQMwSmhADp0DQEVGbJUnuLkwhjIvYNSInkighNjNXQMSUcyyQqtrPUVq3tdBlmbXaEJCFAIAS213+gqOqcwqxk8XJ7RZKJyfsj0XTCgiEvQMqiCMmrFEwTOy9CwIRDJhhdWN61w8zEmq9a5vt+w8SA4QS2d29RnRVv0bCKQ1MXWkTpEqHFxFP09xpZED1HnHrDu69/KGW1mM69Q9Gc2QmUlNCFiZVpR6l6KG8Z2RiYGQWhk4Q9FElXvV4ceKo6WmuneWIHy1AakDzOzmQaYBVwcBhhGdYf4UxrLxxB7KM56G1iJePopEeiUL/1DEQ8c6NrBIic1CvWt94531EWqaj984OUFUiEGYz43ULRyJOTIgWqvrwOBIigq6RwBHZySIOHvGMFvo195RzJHVYpBG6MUtKQkS6xlC5ViHRSLMyA8CUc+CmEf7l4No0ZwHyOhdATEPOY67aZI36dvfWmllLLETkCmCWUxq2Y86ipUUILCCM27EftWDEbG7ChAiRO1aXVkuRFIA7D+NoCHkcSjPJwjmZguScz7aYRpftvTfeuf/mew8fv/mDj97/wR+9ff9ip8DDsJ2mwgxlXo77g2prtaW8cbf5NB1ub4eU3PR4OB2OR7AWbaVDSjmBtcrCOUtdCqFNh2NOydwsWFcwySMYAPowpJCNppxiuV/mBR1aa+CQEtelpiQGCix52JR5seizcR+GHNC8tYpAPbOVgIhaKcf9bZKMwFWLmwkxI2tTby2OtpQFkBi51vLJT/58uzl7+eJpStmht2CCdygYyMFUzVNK7gBEKUsriohmzR1YJPARFm6tmbsIx8MTbB0QdibOnVO82F0G3qGadY63prxS+cCEDqbdw8/AIhIdxkQ9f8bCjxTbsSkHIHenhXUw1WG7/fEP//ibZ9/CnU7X0VxV+41o6og+pvzypF9eHS42+b17G3JLwoiwlOYOiVnDBgBdzejeZHPOLOjm2lqdvDUAB0RJYxo3yCmNW2IxgFamOh/qcrBamUhbM63DdudWOY7YCGYqDdQc4c9+9pO//du/c6/Wink1NQNMMhIPKY1JhiGNWXKilDghiVDKeRzymNK4GTZJcuacOTNTFiFCQkbsfUxAqOrTaXKzeZpfPH9hakzcWm1lNrOmzUFrqWWa4t2EruFZoVOIRDV3AI9saOqYB9zh5H0FCwQHfZWpxhKHkVoScMwfBBqGmsNXeCDOc1NzQFUrZSmH2w0YIzY1ICQCNa9mi9kpfANIRJErJh0kRmgIxczdt30ZQ3cjs4QADhMgDxthZpLgr/1uQ4nkIQToBDeGW07dkNxMa6ve2u7snEVur55zGrLky4v7BFhbe/7s6y9+9ykQZqH79x88fPOt/c3raZ5U0cyZqcxLqQpA4zAkYQIiSuX65fzyRaRQned043CtUMEN3ZCcyJFIMsmAzIBg0ADAGk6Lvt4fnz5/cXX1+vLy7Nnz16r2wQeP2rz8n//H//0ffvXby/u7pSzaMCVh9CQcV0HOWasR8MXFORC0CKn07qIJMZeZm5kw55zcXBiFSc3amnYC60QIPQ3DmalpdYCmDRQsZucu/47Wd+gNAB3861dmrxlDZGZHyMOmlMnNwKJbN6JhkBA1XE14JyOPBlbEPv17SJOFcBWgcKjCmKmvc0h39ZeA6GqMBEZIXFvtKElMDOgOaBq5Qx7jFyM1a2+98fai1VrrODeAqZk2CuTOjUkQe31s0xq/OxZic2UkiMJjhKYWvGO8KeDoZuEOjvShvo+b16bx7UQZzjxP/+Kf/2VTf/nyBUnqwD/2jbvjiSGaMnd3kRQdqDE59apacERi5HiZ3buKqIt7vY82pl1uEWCQg3dnoHcwuztuAaCXCIlwQmY3Y+YYRlk48McYwSGG2fhQ1s8dAEQosu9O82meT0I5NFMBD5k10/jPMQ4iM4ABqDFLtZbHUb0B9F4zFpaUIp9aLVYkh2gYpHBU9yasqKAiidaGgEzjgOkIhqlF1WYSiVuJhRH5X/zz//44TdPpFFQ7YcjSItu/1xWv7gsAMGFxczUNxSMzIqKpEnFUrwJCLE7C1Gp1cyF2C9ohUNFGxBjcvvW90hGjI097oigEqhtIITkC4xoEH64JIAqenEyV42zptoqOVPdM5jDcM0YRUzwbqgaOKadw8cVxwMxlKYiAxNoarXCQoTOSpBRjNhEiQRLRpgBG630Rf2cidMOz84sWkvyIutUWYgOz0KwikHfBXgg4u1vHZJBghfruDiHPcELpijP1EOXDd9wV9pRLZuxN0D3LJsofI83M3agX5GCIG0KnDV0YRYhuCmYeeiVTYxFaczMYh00wRyEoijLvjsd3jS11QjwyZJnUkAmYGEmqtnk6IDjnoUtOvM/bqo4IKYmqAmDrRn7HSNhm6W02SJIFAYUEEFup0DEGpNT3PyYBgNpKVL1ISqYQI1hVba2KUKKBmb3H8oJZrKGVkAzcVQMhcPe6lKBQkTGnHAH/2jSyoqJuKaUUhcwx0wPAaX87jON2s1FXN1TT2pSZU5KUk8dhjFSWtj7HEIXeiXNKY6QRpDxudzttpECby/tp3FHe5fNH4+Wjt959509/+N5P37v4+FF+83KQ3e72UM2BCebTodQF3RDAXZd5tmaS2N1ub/etNTBlFgdnwiFnZdmcPWjLaRyGViszgzmxL9PCTCToBtq6tTqe0lIqE7s5IbV4goUp0dn52TIXVT07v9hsztWbaTHzcTOq6jB0s8R0mna7XfzUsG72BMjEjsaSKE5pIfNm0A2OLAzRPZzSi6vnh/0VenSRRS9KKH/QHC7uXZ6dnU+nmUmIOAzE4fERETBMKZVlQaaUsrYWvzOCrVgYVkEuiyAiEwkndQt8hRA70AIeqz8S9laRqGm0QH4tfFyIKMwpSW3NIRYGVjPVuETR3FWVeis7AnIp05PnT1NK4hgAJBOranDSLORuIuni8p612gw+f3nYT+W9h+e7kRE8JYm0nC5Dj0QuNwSTzUUaNtZqq9WtmCsScRpIBkTJeUvMWltdjq0erC4e+0yo+bTszs7BnAEPh1PVNm5SDIVLXX740UfPn724ubkZ8gZpYM4IBOreai1TWQ7ldFjmYymnZZ6W+TBPx2k6TNOpLEup87LM0bgMjsJCmJJkCpcVobmCKRHVsjBhq+3Vy6vSymYzttZqXSLxuNU2n04xeSDxqilYARRGXKXhd0yOOzTV7gbGHt1DROHgR8C7aM2OfFJQfyvWEZW8wUz2xszQyqKBq9t0OGCZBu4HKIYEwn1SX0B7TyMxAEfUcqQPdDYdQAEIYAgvpoKjJyICWNwwb8KJHG8AIq5RCSuCGuL/DgMjYH+WVNXVzi4uzXR/c8UpI8Lx9vXVi2+XcjzfblpzM0yMDx48vPfg0etXr0opcenWUmNrHzdDdDmrupsfXz5rr68AIBNeDOl11SOKoVc1Yum0CzMwogwGKEyDpMTZHOZWpvmA1qyVeZ4eP7r/T37x/S8+/eIf//E3Xz1/aQC1tVIKi7CIo9emLBFGrnlIwzDOS4l6PnePCwgRIjdYiMEdkRxsmcu0LOamTREjUTAELN4ZeXcWAaCmkXKoklJ4ugA9tIimbh3/IxEJLURHCB24i+/xOB2CTCAKZhgjOTf2fmIxNzcbt5tx3M7TCbu2mLxHzoT5GEJlYYC0xgZEq24QTXFFmlrMxwZ6NzeHYj/U+eC+8kCxzAAgPrj/8HZ/HUBJoLchhYiNEYEkpeiNwa4E6P9vPGRmgcMCkxACMoIDukfaQxTGwp3/JmZCYmYSSR3DA0ThX//uN8fjIaUNAngomAl8NRR0CQ6BNRPmPOTe4G1OglHQjqvgi2Il6CAwUicB4r9TfEUIYTMwBwwNa0wv7g4OFN8fEhMqeK1GLdYAACAASURBVG01mIJogEZGJHT1tTiszy8BDMVh0hML3cCBUOZ5FkwAHua/UJ1G3mtKqZsTKJzBSMQIVlV/+NHHp+OpLEufaJupafwTqrYwrxGiuysYAjmEZD864J2ZSy0pCQK0ZkQkPUzKa2l5HCJ5KZ5FQjaEn//8l188+fx0usX19YlXCZyg23/hu3+5pyFVs9351gG0qa1NlAAUFYoxBYXOAkPjT2iqrSkAijAxu1lrLr27N2glVzXGcNX3OTV25nBVxLho6kRYa7t/cflf/Pznn331pZozC7PwqkOO4Tqe2Oh47L0Z4ASoCl3ghE4c0ZkYX0DV9uEHH4LjUmdmAbeQbGFXjzkRao0XzUSkqbIIETXtvtiAiIQFCB00KOFYaskdHLbjZmlR/kWMABCuLw9YgRhZknlvs/UOta+3kLl7aAG8NUXqNvSYjYNC8cgTCxtMpGC53hl44ujD3icDzKHi83B/B8lj7hHpGbYeU+3bEaVdcDGm2pd9wPA0xZPTauuU5WrvQQeW4MtMS4kV++HjN5vpMs8SdYxu7i6czIyR3dHMRBjAIosNnUKcE5wLi9QaLw3mNKADZ3EPg4sAIJgzszZbnzwDR9VYWFRICJmSqHvVZuCJkwMQACdmQnPb7LYpD+7eagsJk5vXZS5LSSkhUhrETEOvnxK5Qxpkt9vNpZzde/Tgzbdvbl4TUouzgLHWWAC4VnVASYmEEFFSKqWikCpwGjcX90o1Ijm/uOC8yePZ5vwyjUMxunzw+P4b7/D28vzRo5/88Yf/7KOLT97gS7a3LzPktF9sUTsdjrUsZZ68lXHMOQuBJgGA1mohhPuXZ/PpBO7nF2fDIMfj6b3v/8lf/fX/8PmnvzvsrxBhmSZzjVc059RqBM1azpKGHMtxiGS0NTfbnZ95x4VsnmZTizawm+vXtYRVw91BVRPTfn/7+K1333nvg6tXL+L5u//wocjQ5kKIzSoiLcssKQN4a+1uvQ1mv1btFCK4lUrIan16CzeqJHEEN53mWVWbahK21kw1wJLY4Jv5ZjMs8wIAEG7KngWF4E6Iqk1C1das1QoIRGJN46/jbhilZvGyxSUHaK2Zf6dSc9feERj1WBoeYtmMg6kKS8pJVe9u8kgBA3eOLUTRwKyFOs+RQJKYxRVLKSXJeZ5OrRQiejnZl6+P2yxvXwybGI8Mzby0FrUJDoBuknecN1oma1W1IWPKI4AQ5ZxHSmy1zdOtLQfXGo1egBTs2XI6pJRac3MLaw0haGutlv3NTantvfc/+I//4e+1lfl4KGUq5TQve22z1tm1mVYPYWGcYjEsm5rWZs201rbUMi/1tCzHab5d6lFrJeJEstls87BB8LnWUpYwiSzzZK0lTtAvIbOmZZmgj9Kx1kU94Vr7hH06XoFXCEVspBwAxPThDjEfrBAr3OmAff2FkbwWgUuwzutrJgjFpWXaWp0Pg1lCCucfgKvbDDi7IhFxBDtA2OR8hViDX0VEQqiGQD4ghiecATKTuhcZkEU6XQGMfd+Mn5lC8g/RegDqkTkDCAhm7nZ+cW867Q+3rxhluz279/iRpM0wnn3vBz++fPD4+upVbfOjx29cXF5evX6FYIRs5iycckrjsNuOQ0pRpVFr2z9/Csc9AW6YLge5qj5hinR5DrsZADB0c73klHJKWUQQBR2ITNwI/eXLK2z+8Q/e+/qrr99+59H9R/d/98VTB6ylAIREBxAin1uRUbWdpklLkyTmURRFEeESIi4iLqaSU7fHEUY0VsBUkZVGhFrL6k2NhA0gpJwTAaq1WiogMkY+WIdeueOOkRXpZhpdC+AA5oSEju5oYBHfk4YhCKPu0O7uEql1sdZyzsSsvZXSAlMw85ggANEd3S2HOBggMC/sSpjoiQqVY482wtC7xAPrvooMgYQcgBFfv74KXQRG44EbAERvj0Z7kbuauuuqhFzt8f20A4juWwRzSCwacWwAHtn7EKwoYrc5EK1NnaratAEgqA9pgDjSYjGHUNR496iiS+KUklYjglIKqEliV+0yBlx1b/0NBEQAJl0bwYL7NFNclSfYHw50dQRgkXiNQ58RYoqQFVAYBIKhRTLokqkV34zTIxToMcBSFMY7YtDChAxmToCrTdO7C2AVgBGFFJk5SsdYkjx/9dSsJcq1VldnFMJ+hKNDEkZHilByjSDMPn07gogM44BheIiflkBYSq0kvN2duVtZSvhetJkDJOFf/eO/n443iURVQRXvvmqzrk9CD2c24Zq8B+5grWhiCRFtZIGv2Ai6e6kNI7cPodUWO6AkDtV0QCjx50SBYk5pGEczjXOVhREjFQpSShC6FOjS2SGlouXZq5eISEyqps0wylu5Ex7E5CHzQ/DwxICrNjdjljDcRaNb/ysRN9PHj94mwuubK0AAp54eDsTxiTUjYmQOXgJWk4OwaJesOxMawDzPAFGme2e5JiZ549GD02lyN3SAtbeHEzOLmoGj1hYOIlUj4eAMAe+sSsDMIbBhRm1G4AFx3o3duPqazna7UoqaAig4MqeQybEENAA9JSMuOkKKSBhcs86Iter5vcuch9M0sYxn8ZYGMx5EiKMLR5uaxfAdzbvAiOCcGCzsyYaOiOwA8zLXUnq+qQMzojD2fgpqtaIwMzaPKDSXPHISGbKZM4uIRELkZre7ePBoXqYwpzbHPGR3r7WMZ9uUBzMVYkpibnFgiWThtJSl1AUZASglie+mttpzzJCQYDqd4onVDoD1jx6YUs61FASPmH9k0mbxcUxzGc8vfvTxj588+TzaWMBcXZkiAlVKUwTY7rbzfELAYTOEOtkMzi7u/eDHH0+ljduR89knP/nTn//kk2evj3ncNjWSDeXt3PK9R4/eeLD7o3vy9hmXarfFfn/Vvnh5uL49Pfny68PNdZmPXutpv2e2RDYd9mVeWqsiOA5JW50OEyNmIa16e/3i7/7d/9WWYxa+fn0TwafaTLUJU60tb4bmPby1BnNHbGCqSkSRfVGrElC4ZRDcmgoiImoLeSV2bpF5KUurZZlPEi2G4K0uZS4iEuoFJHS1lDKAa1NkAndh1mAY0d0tZUHCZpYSE/VnuZly4taslgpuxJREIl7AVJmIJanp5b1LdSeBJKmDsqqRKdeF4kxEjB2TBUBmYXVVtZWPCzgHzCwGDUQyNVzLcbokj7qEDhCioKf7vUw5SUAs5q7eNabEhIEJcwRoQEyu4CG/k1jKHYxJatN5OgIAMasrs1fzz57vb07Lm/d397e5tWYk5lCadojFjfMmby/rfDJrpi3lASmZ4bDdkYjO03K6tuVkoRgASjlzaNbNTWutZbM9A3BwnQ77Os/LdDrt927teJo//vhHT558c3v1KnKygztBFCIhziyZJCEJsiAn4sQps2TJo6RBOEsa4n8hEgQytdrqPB1Pp/00H0opRDyMI7KoqpkywGk+saSU81JmBJ+XeQ4WO5YLj/yEdUCPocu9Y6L9I4kBKbRCd5QBrAAkdrtwAFLQt4cuuvQVkLljEyKkIKSrpnWZbJ42BBHybaaAWAFnN0NMkgQ5Rn9wEolp3hmROQKjPWKdmnkmpNCKE47C7rpwku2WsWeFYO887tqDPvh0B2bIIyPJ3sKfevHg4fFwPZ8OCHT56OGPfvSjs/MLZn727Jvff/oZJxCit959Z7Pd3dy8Cv/jZjPkYZAhc+KcUxYGwFJabeXm2ddwOmSWkfhiM+wbHBSiQcsNzdxAjRCQJY8oREkAsGqrZgQ+JGD0JFRqsdpsab//7dNPfvLR3/zL/26e7Hdffj0MuZa5lMopuSkQknD4G7ttkiNaWlmYe+CjE+FSlvffff/y3sXLZ89zyqqNuVeEAjohakfaBADCu009B7GPaaoRe4mB3zMRgLGwmmoNvqivlathzggZOx4aghABAGsKAAatg+zurtjqQu7EHAy4NosREAElDe66wucI2J9b9C5xjr9eyIdiraPQwJOHJnHdl0LEho5gGuETRojC7G4RnMJhEegaBo8jMDx4iKGy9qAT4uWCLglwQNDApL9busT6hBDmRHPsUm0zqKVyShEFSMwsEkrCJKHUd3CM7BekwJKNGVpVDAtWWHMZw3chWUJ0QUIe/W3EfYUPHJ/EXYNSiX+cdY1orAxATJHz0af8qP+l3kKw6vaBurAe7+QWQVH3Y74nU3sPcMLYTbwDy9Rfxb5EQQ+Sj3qcEOHH2RO/xM3JMVFSU0AUDPIMWxdT4TCODtBiBYpFnynumlBrlLlEyjAgkhAahDwGiXYXu9aqqknmODIQ0RsISWKptaVExGjuwgm6x8AR71I4eshxGAwQ0WrwSbDKJyEiqljETdOQU04oKdqLYz8HcDOPdrnoq0eIREtQg5RkKXMnjswtlPeAwrGRGiETcyQxIMBSZ0I2beCeEzOhoxNRR+swSujo3sW5JGnNhiG7u1mNTTMuOndnZiCo5jml5y+/ORxuc86rCBREouCxm07SkMwsdDKhh40eKuiRDP0BI0KOZ2cdsZlJTa/2r5hYmM2dIjmG484CVUWEqK50Cx869vwo/I53UtUAiSQlME/DQEStFrgTahESsSskYUco82kYN2DYTKHH+2JdKguzEKKnlGprQWl1T3hf5MDBJac0pFoXluE8Xq/1HwNg3sv8enlBRA8EDOFxiUUsDxIrBJ8CAbFgvHJIROxuETg1joMjMHNKWSPGU52FkaCVFgq/UhXMmakuNQiElHIzyznlcRg3GxFyQFVFQ0ns5qUUdB/S4EBAuNSZKORoxEJu1lwfvfE2sdSyxHDASDkPao0lS06A5ADEXErtwm5HRGzeRGSeS/BkkmSeDr/79NdZOIvcRfD2/Ck3c8g5N9XH7370+O33n379ubCwJEQG89v97Wlazs7P8u78X/9Pf/Ov/se//I9fXX397KqZ5+0mjdv9sZCk8/PzzTBuNsyZXiz+d18cf/PF8+vrm+P19bS/tmUaMiH4fDx5q9pqkmSmblqW+XQ8AOg4jkspjkTkdZ6E07Isbo2JhmHLhLW0xCwp5e1AzHWazRQRqReJq4NxkmjEQHAwiJ5wFq61EjEAssi4GWpTNzdTYXG10zTllGNK1tb6mMUAHs18wSgQMllrTIxIwsJE1mFaB6SmDUIVAcGqc+z33K+piH6xgMxFkrmzUC3VTFspbVlSSm49tI4ipEICEgjfivb5vj/bEAlfEMb1DoKt4H9XXfRhU9WRCLQXxzJh5LIBgogEC+wOTVvfMESQAB1NNTSlcZg0rYTUiy/XWXPFyIJEDy0yaVM0yMJXU/3y5SELfe/hhbdiSM2hqIUdDynxsGvlBK5EjCRAadidMSddpnJ4rWVp2qDz1VGDAZ1tc5+PN8OwXeapzMeyLNEUYYAiWYTnWj/55JPfffrrnMQBiRMxAzkzOxAxAzEKR481EgsLp0QsJAklsSSWQVJadfjEnAEIgUx1mQ6n02GZZqTw9qdI2y61JB5iYJ+Op1KWyFcNKI88jsR1Ouv09oqNxb9jqbKO/Pe9AFbpUGB2DmEqiBHEuxE9gNYOX+p63FnofFXLMmNZBiSKpklAAJzMmoeskdxcwQkxS045Y8j3gbTFMxMUKxggA+aQN0KPhJ9FcNhh3A3hte89BtSf/e4zCToKwwiurTZryHT/wePbq1fWah53iPDi2TfffPWklYNbW4oxy5CH9z/4EABurl8nGWRInLJIjr06swhxqaW1Ni3L/uW3flp2eWCHXc6z+qE2QEMPLADMdRiGMY9OZASIuNmMSAnAc6LMEbKomfAXv/jRT//0B6X5vQeX42bzT3/xizfffPAP//ibUhqxJxFg4WBUWiEUs9YfU+j3JYC5GiDEPHSa91evXm42ozV1MCEhZgMjJkZqazRZeOMprnk3dO8RvCs2BtCltaHUDbAbHHgNbwE3bS3Cyw3uyEID7Y9ZSE8+/PDjaZ5qLesFGOSc16Ypi7ulJKG0RBQ1i7qlkL130Tv0DDFdWX732OsAAUMVFvGPqhoCcACIZHohBldc80zNDJ1CiS7C3ssG4rUOK3v3EIZOIToF74ZZ77NruBWckBzCwBnhY5Eih6quZokZRcy9as05C5KpG/S6A4vDsPMVxN3Gg0hUq7Gwh66JMShZBBqHgZBrK0yCRCJisOaZhDAHEbrlp1fqppTuxlBcwZoAOAhRw5PdbdDGLG5wZxTF/k1Dh8djx4vXHtyA+/pxh1EjubWYjwmpRxbhui6Yk3AABkAcHrC+ACAadJE3C6ODJI47yR2FEQibtfgxwaIShKwZEMXIHj97UyUISToLkzWdT1PIY1JOptaaM1L4xICRkWpVQjJ1QModbwXsym4MX2kSYhJ3aGqyKr7DVhGntru12mqrQx4cwcyWeRpy1t6jF6AaAUGUxCERGMTvwh6EhY4dZwOAyBoxa9E31Vt9nJopCddS45sOQ5VGEh1F+JVHBe8oDAilFXRcas05R2q5RKgok3tPD8Lo20Jo4RCQFAS8JFGtxBTBTyzcBwDTkOp1ZLBP8sHjQVBJKBwMal9Nsf/5sWb3ACWO6DAkImExtRgy1RXAQ+1MhGaKTBGohYFPS4r3P3Jw4+YiJFV1t2mevvfeW//tX/43v//yCTDFJ9y1gRSKB3WDVlVyOttsWzSCd3rRwICZl3mepsndmfMu5o9VT/hdX1hH2fC7oocwHITO2LwnKsZWkbMQgq7ESryophaN4hg9Z9pVgN2iHAG+FlYrj2x+azUsUywCUbrGvL/ZExMJt2LLPEcsCXHkMAymrq0SAQkjUKvF3cGNkIbdZjqetA+v5uZlqSw5vrx5WZA5GAZJcna2m6cZkR688XC7O1Pze/fuLaUu84JAOWc3X0qN5JiugSRMQ2LhnPL+cPtPfvmXu+3u6We/yXnXmrlqSgJArrbZbGW4KDR+e7P8f7/6ar+/Rcaz87PNxbmqbcbh4aP7k8HNQl+8Kt8c/Our/fF0unn16vWLb71NoE0YCaGWxVtbptkRtbZWm6pqK5LoeNgTJzOd53meZ0cn5M04IPI8l2E7EPQSlP3tXojJjWPGcAhOzcxrK8iSs8QZ5x4gEzEjMxNimEhqVTXtcAj0mKbaWtxkAN4r21YgfNhsailOIERJxLT/3rh4mVhrjZBpAGhNux8Meup1eKfCRBNMYtyIYahSVQJkIm21trbdbFtbiNA7RAzaDNw5sWoLjMbBIybS14ziO+I50Dtw6EnGEBi/B94aG0EkaUSxeWDH2pSEO3rJHA+IqZp7pLq7OzK21oK6dwPiwJuRmFy1w9VxExOC0zq7NnV4eru82M9vXO7ORllaK6tLFEXSeFmXU7BhlAYZtsxJl2M93GiZWpjSUmZJKaUuMW5F52M5nVSLaWHkOi+ApISc0u78PESK8zI/fvTo5dWr4/Foa34xEUd5YixusSsRchh1UupZ2pISAokwEZFgSqnHbIt0JMHAzWpd5tOttpqHMedNU2ulhkeotXq4vWm19FS+GHGi6q1n3xFCoIfd1wXoq4gHOjeP8SAhOLqqAlj8kyNSpIu9Iqwwrlrv+0NM6rFxmgG4mtXlmGpNzGYxYUAxWxyCzHWE1gwcmIVYajMcxnuP395cnLtCrYUiF5wQgBFwwK5PIAYhXkh8c5bCIozQn0ron1bfVQz6RBtqEEQ11VaJ070Hj14+e9JKdcCccx6G47G+/+GHH3z/+yL5+vWrIef33vtAre1vbyXl3cXZOAxjHhIzEkkSAKhaT6fTNC/7q1c6Hcac3dpGpGrd10prBQGAbTbD/d323ji+9713/+u/+otHbz1WxGUpdakX28HNDfT586v5WP/sZx+fn2+Hcbx3/+L69fTGGw/+qz//6fnu/G//4bc5J9WyLDXlRI5IDAjCTNyzmBAj0NninYqwATdDh6ampgwE5qGRXQXxHeyHgGz78BbGSlC1qJeBVT4bB0VkB8UvJQq/gfebDDEABCYGQKuKBL2QCgkITqd9rRP1Li0XiQbZLtXQ1rrPqi4PHr376I33Xjx/EiE5ptb5fYSY8mPhXJuMHTGk+CH8jbmdKOJACQHRVK01IvKQIyKa2jAOaRgisszMOkXWaYP489BCCuyAQXGChdey7xYY2rMoNrKmdr7bDmNelqWpwlqjmJj3x/mv/+Jn//Pf/NX/8w//SV0oSW3V4ycxw3D+x5ehjkTDNgORN43vrR+7GMoaqLVqaE6872Cttq6BCKtDnKYR1xUMHvXj3QMz8K5FXLV8IMQUGpKwniGHGDCcDuDRGuarIbZvA8BhSrF+23tsXRi2YsReDbQqhTwyZIiJkd19FR6u5ccBXXv/K6mZQ0DUvRXHwAD6JRveJFM3c0SPsCkkNPWcJdqHALAXwwFgX2TAmnURIyJxx6eCoxjywISAsJyOOWcE0OapJ7Y7uJdSkcjAGZkJmpkwm1rriBlhaCXQ59P07lvvvv/Oey9ePkt57PaCHiPuSIQGnMJsysKShpSYy1J8HUODMQPXsE2GakAkrtT+zVKsr2bmmofh/v3Hx9MeEN2NSBCwaT0ui9b60bvv/PU/++X//7vP+1+S+qcH/c3i2F1NjRhEZEgybjfH40mtgbsDdQe8g2sDB1/jZTv/AYhIgQnFWbwOABFZCkziZk0jozCsmqBN7+xqQBBtcSwJV2mXmgHjbrdzQLfmZnnIgBh6B23tbusMqDDgVyJMOSvg997//u+/+nKaJgC4s7D1RwmdmMkZAWutUWoRYemd5kZc6w2QeTiLZC3rBDUCGAFFgwkiBJhhESlkoUQkyam3ISK6Rbm0q/bAtdDpNlUzFZH4KpopIKQhp5RDiuTg6t57R0LypU4iDlBKy0PKOWeRNYUJiaCpDsPAREudkTGlQVJW0NCDMbMBnl1cdos9+HF/iw5JEpgSgLBwym7eWjyvRkSShcCn0+yOsSlGBak3R2BTr9VIhNZ6r1AZEiNEvBdiUzPzcRw///1vnn756eXZBaZUaxUhAwOE88uLaWnbs7P9or/69KurVy+wTQ6tx8iol2Umhpvb6Xo/f/rF89e3h2U6zofb5XB1uHqGWqxVa8XbctrvwWwzJlcVBCa0VschLfNi5oxeayPGcbMJpiYinYbdZjOmw+EQ4FfK7AC1FADUOIWRhjSknKopEzH0VCh1H8eNCJVpcXcLhMc8+NNxMwinPI49/POuR8lMiEOLFlN+JGpBoDYISfLpdILQ74IjsghHNxOx9C3CLA95GIbWFHoxO/VTvrMGwKv0s5MEDgr+6MFbjDJPR6TY0XvphUNcdzHA9FmPhIWlv7x34W2hKHBfb8PABgI2YATySH93gLi2owYl4seYzTSuKHeQqKFBBCd3Y6IQa5LQKlJnQIh8MSYG85RFgtoGjzsB3ARhX+2rV/sx86NNNtXawFzdnPKZe0FwwCSbC5GhTvtyuLa2qDsLk2Rmdo/qzmU57rUc2zwBoHCe52kYt5TysE05pzqXKHsXotbaMpeHDx8+ffpV4rTqYqzPyNBFAm6OaBQ6DDfAqChCBKeeUebWk5HQNGJR3AF6QYp7XZbpdBJJm+1ZawWsApHWOk2HIFtj38MOvkVSdo/1RkTkXhlEdyrGVbfliCshD74yPJ2qh/iTuy5nvTDigIY7aXCYL8NqbPNJtDGAmjGjuRewCu7E8X0jYkqJCZtjOrt3+fjt7cV9GbYoom2udYkmOPrPTL3Zz2TJdSd2toh7M/Nb6qu9qheyF4qkJEq2R7BkUzOjGQ9GhhfIhjEPfjL8ZvjR/9bAhgXLGHg84wH8ZFiGJVOidorkkGx2d3VVfVtm3htxFj+cyKIINMAuVH9LZt6Ic34rE5hPjIwYBsyIAB3BNmeSbfP5CkfG6uW8xwPmGTHlgQBMHOFhVqRud+evfv4T9zDwhw8fffqNb+w227asX3z28+u3r820Sn3vww9aO6r2yweX292WkOZpAsSMXepd7273y3Ftzff7+3V/OxGBBxMysefFF0QIGHg2TS920+5s8x/9s3/2u7/3n37n177z8uVLdde2Xp7v5jqdXZ7tb44X5xfM/Ld//TMUunp68ebV7dMXj6cqv/TxR9/45Gv/z/f+vLXWtRNSKuYhkoEOcxveEghmQqCAYCJ3TfftAOlhdDzmjOsB5j3jjD3rZxDcNGUGmaBCTB4D14bIBPG8lgEyL8UGUM1Eqc3AActD5WJuVAoxpVEXAL03AgIYyRkI6OC1FuR8dzwwCJiJ7u7fHJf7YeQOJ+EcEXDoTHKigGTTTtAEjKOJCYFwzBKRIOugcDETXLOiGMpUmXlZUpg2LCh58gwReD4NaeUGOMmEID9RQASOQ8SSQ6sHEnZt2rpwXoaAALvtLAWvzjdr17/80U/BIf3LeJrrA4AHtTlmEMCwrrnE5NsRBPx3Hj487WEsTFJcVaTkk59LAQ1skrIlnpAzkj9ThIaSCiGzWYgoSvnwk2+547oe/OQhzgfIM3oFTqd7boUp+wmHcdETIbnpLxICRuobJEqaL2xiR4gRvyjlzYsV0YOL5AuQgeNZCxE26tKAU0OR1IpzISkyyn3TRpQRmUTIJCStdRyiQMwKNcSMPEq5IAxwJj+NiIC5QkAp9enTl/v9PQCrmp+eoMwUYmFihEywYKpT9YjsAEZw4gIEQgSZYkR8e3tDhGZAEOPypBHZkt+VCgZE125m2eSTN6EwpyAeU4eZzYmAEEHMSYgnSwAYEMFFdueXd/d3ghRIZkqMIjKYc4BHD65++NnP/HSs55solSWTNghZGJCQJByW1iw0PDIRJMKRGQHGxEtpQsdTx0bK4k6fTCbwE1RtVjImnGSuxbSnci/ceOBRNF7ZcdIgIro6CQ84B0mtW+9IBEQJNgGNmHPKoIPxMkXuSG5ehI7H5ft/8Rc0Dis7VXT44JaF3h2b2nveGen3HwwHnMg+BJbNOREGDrYinzNKmx2nIypQEEVGedOA+0Yi2LBIRoS5mj9/+V5XTXJnBwAAIABJREFUXZc20D6iWmtGJpBngDu5mVuUjN9iZmZVQ4TCQ7ifcPI0zVxmZFl6nzfzg4dnh/uDrooYaprPaUT0rm4mXGrNX9u3Z2cR0I73wiJMFNh7TzgPiabNVs0tv8LIAovQqFUgrEwViNbjCt0horW23WzqpiCilCGdJEw9QkI1EsjupL2XItkjvaw913E4dT5jLeuqBHC/389z8XZQXRHh/u5wd31nanUSxHj96g2GXV9fqx7X5fD5T37Sbt+u9zfW+vHuzvralwUjBPx+OZxfXqFbW46lcJlqa1ZFrLds1KvTRBHLupj243ERpt6WdemEZNZFuAj13hFHkGWYRYQ7tLXjYDERmQDg/Pzcw3RdJJMuIOBdxC2G9u5mGEAsMbALRxxFgEFRSiGiUDe1J0/e+6f/8e/94K//srU121uSiSfC7rbZbLsu2XQKkPn6qOba1FUxzyYNQBAhh8jTOIFcRgp0BBTi2/vr1g4iEgiuJqd+R2Y+yUD8VM46RBZmlvo8CBiB4vk2W1YHntKSGRhQ1WzUk1CeVcjENbOJUusdtU5E3K0XKcgUPnz5mfgxXHqWQeBZ6DGSrTOELgDdzSKAHAmTY2GiIPzs9rB0e3h2xuiqCswoWwhDoLq9IN709b4f3mhfkUlqzUijgHBXPezb4ca1RQSVglwiwKxT4e3ZhZm2w5JRufNmBvB1OQbG5cXlV1+9tmw7x8BMcYrULDoxsCATs/A0z9vNdqrTNG/mzWYzzfNci7AUEWEAZMYE0yWLEfILYgbv+LociLjKfFz3LGK9L8cDDjCeIDUdA9iH1O/lFpecwNDcIuEI/wgaXsXEcQmRAQljGN8CKMYoMKC9oXFMtuF0SI8/w+ju0A+Smy4gERlES1YqV3kSJmZE2cyyvXr6/kcIZZp32+3GgHpbtR0p8R4kiJiSYQ/Kz8xK5NtLwpG8GJByAQIkYabIfoAYVxFiLVWYW1ezNs1TkfL61WdSikjVtnz+05+19W453N/d3M/TFATn5xcv33//eLgT5s12GxmKC9C1L+vS1rYe27J2M2ut9db7crthLFwwcBLa1LKbq1uvhR5fnj8921zs6rPv/Opv/u7vlloQaynzB++//Ht/79e/enXzs5+/Wtfl8nx3sdvs980MXr161Xv74z/8G7X+a//uNyDi0w/ee/Ls6R99/6+QIHrvqpC48anCBhBSjZWaPXQwD4CQwkNVwgQekBm+hECoYcTIkv6cVNI7ZbWCj0ywDIE5yWAgdYxZ8zQuOIBkOwEhMjqdM+xFE5VFxgwGy0NMRBDysYi8ii3jRBK5ENmdnaWjsbCARwYxA+ZWnN/znRtyrKAO79wICGM/QVNNNHaU0vnfkaQDWVdmBKTeWmsLM52KFJIVwaw5z2Hb4yS7iLFKDb3KCUfP0AhTJRJCVlVNfyTTZq7rquvamcADf/z56+/9+Y9qEbBcPwHxnW8qUiHMCeBFYKB1jTHnRwS86wwb3rITwW6mSeyd/D8+rBmAeAr4Mk2gOpABMVv28u7IAscgwstHT/+7//5/+MEP/+bLz39KwiNTOLV5p37SAfXko58RkxEIIGOFs3HMC6WfhCCt+HhyRQASsSCMrzn4O2bGCGAk4iEm8Uhxn8dgGtIUhMBEKIWJJSBUHSObpHAwCAEBqK137UUkf0iAKKWycOrEAZzLyTABgT6YWWTW1tXDIH7r3//uZ59/rv3IQoTARdy0MAsLnPguABIR8PQHpieDECU8etdSZF3Xt9dvaq3EIoTb7ewZb4aYH8nsGguNEf/kXqfKLKn4ihgUUwLcxEABZhYQmNUNuV8NyJpN9eb2bSEhSd08ZM5SZsoflvX7f/vDqZbCklQujtfD3Vy7SxUg1G7MbKbpqo8B8CUzE4mnSOEUaAEMXWhuLGZRRcosScuMTR0iwq1rWzshMotlxURW0DO6h6sTkGPGSo/FdcjqwrPlLZLU84FTjXbx04KZOFuSPCMZ1i0iqggSeVhqHCDGmgEw7P75G0GeHqPULzd5RsxGJkBAhrKhfLlPUAEgeA9AYEFMfTRlpnKGJQcRu5m1joBSSnjwsPHw0pbeOgJN8wSIYU7BFnY8HpgRPJu6vYgEgDV1iDA31cIFMZ0ZJcvt3Qxr/Q///nefPX95e/O2HQ+mnh9R1Z6BTYhoobpqLpfhjgaHwz1hJHUgpUZALUW1FZl6U0ubFAQLE4+MtqxFPx4bFpQyDeqoiJkjeWFWNTMtxBjooSl6IETXExohVCo7wHFZXaMWnmqVWhI9aouWUt3teDy69+P9YV1WYlGDw3LcbKdpM5kHYuhy2N9cL/v7mzdvXn/+8/vrrwrCppb97a3b2o4Lk2tvUjff/fv/8MsvPrt7+8bDtfdSipm7m3AWVodbb+uSBVKmIUzM7DECZJa1A0ApAoDumUtmtU7b7dnalryOmMm7ru2gvVepDpGf2LTDpLNKRw400Wjjg3Rli3A3BQDrFhClSCkUGE3t+vqVjIUzuBRmcncn+PjTb93f3Y6QCg/m1Iq8S1bkkuTAsEJiBIBlNAQNntxHSy5zxkgjImRzXHhIodT9Q5yeQzdENLXx0CZ0TJgJoVOp5nYCGT1jqCNOT05qHxMMQgCgLGZPMmSz2SFTYs0GGX6fXrVU0yV6ONZwEiKE8AG9AJL2DnHCJCNGpgyCtS6AR4uvbu5KrQ8vzo5NeToLhFK3dXPe1vv1/is3BWSpxdSJCxLYsqz7t7YeLYJJREraVyKCmbUdEGSqM4LTuBk93MPCLa6vb1pvrR0TcMvrQaTWaVunbSm11s08TXOda51qkc1cS+HNXOepnu22Z7vdbrtNrXnAYJbXZSXI3AVwhxPHar0tUqe8IPqyatcYruu8ok/5fvni5KjB6O8OMMqZgt6594aIBocOCCip0nxTcbAUCCdq93Rs5iKR/wTkShYI3lc2cwQKHGmDiQEKhUOpxU2bAs27x+9/9PKD9x8+espCVMv1zR0grft7ip5iFQLYCgkyAqQYoXGBiyumtAEjAEL2WFA+EBERRCilSCkszEDApL279c1m5x5fffkzrtO0mQPQIp48e/nxt77twZ9/8SpCHz95+vzZ85vba0TkUnprAKHmh6Uty6LqrVu2pvQMztcm4RRRkTC8Mu/micJmosvtZgNWXr74nf/mv63bLSHP291mOyNSneR/+p//4Mc/+fF+f/zww8eBgSi/+d1fvXq4++LL6/3aZa6f//TL9957ttlufv1bnz55/vj//sP/T72FGUtK1CB5HEYc6XcWXDjCESJt9BQkxEVKDBZpuGiQEr5A1RYBJLSbd+qKhMwlM7wHmDpwX+esCAzQ1vPOFWIA1Mi0n5FSbx7mjhR4UhWKMGIQwTgVMQ/FjLio8zz1nitNZNi8mSfeYB5pRchzDBFP/UInQB7AVBFPsdQndVAOtwSYNnMgSsMUWKQYDjDCnBCIGGKIeU0diRkpkiX1nmKJGJADnLS/Q26AlI6ZVCETQDBAAPDw17p2DQDh4uG9KyNOc2mtdY9MPci9ZeyXqZPGYcgYkidO88vpO2aWfGBCCzFSiiGjWvvapaSHcuyFJ1YxwiMsSGizmTyckNK7iVkLRcQiEf69P/3jz3/2I0E4EcEBgczDSZTK6ZT2cKYy+AkZ8GDiVCWlQ+CdFQJPWDMEEDGNxOGBqYdHAhQjgdo0HJLlHrtPHkuIXChgYECqqUpgRBThLBYY+U9CTMKc3tEcy2Mg9BDujuBuUIQzvQchO04gLF9RQCRm+cHf/kB1KSxrV4RAAnBgJvNIlbn18Igi4t1rnfI/DR8fNMoMn4Baq9tQgJfCEbiufZArAREhjBFxKocNRDAzUxMW05Hhk1ZvOpEVhAQ0LkcmNLWT2wWYRUpN7u7Ufweb7Wa325q5sJiFe2azEiJknn1i/xFgarmbp5uVWUTY/RdHf07dPrqA0sqSnzJEIYQkr9C6JqKUUEJEMCMjAMI01XeopeswQocBFx4YYkD+cKqKOUaB5z2l3UoRBHJ3ZoGTvnR4imA8mwinzSTMMoDMMmj4VKmGKXQMiCCi8CCGk8giH8jhpAHIINRgqWdjx3gnkMh+FMGU0afkQt1Lqduz3bqqMGKkoo2EWcN7W4mo1FqYW1sBApDCXHtHBPX4x//kP/ni5z9z69M8QUSSXwEgIqmPRwAWLnNVC3NnoXk7MfGbtzfW17ubm/u7/bosI8NqBHESIpWpIpNMs7kVFs/oT5betXeLcBGethtTV7XTKUY5l2d8QQIGUlg2E8t0OB5y33Y3mQoBEpfeOiGXeeOuESZVpnnKZ9MD6lTN3IECkEslpFqrpjQTydSLyDTXdenTPC37/bI/TBP31lnEPea5msGLl89ePH+6HA6vvvji/u7W+2LrUimEYqqSQxiTT5W19yL013/558f7t5XJHd3UtLd1KbU8fPx4OS6tLQOAYSzTpm53ra/LuiZaEBGqvRTJyKh8TUnQLNzC3OtmRoSMD0ICIDq7PPeI1tYx/BP58NSFVFHToVRjAcDsTcoPpbsxS77463r8/LMfMbKrtQwAjTB34YIBX736PNL/R+TumniVOwoBEAkx590ZXFjdwZyJSQgRDBwAHHPRDiJWVYgIwt57Vkxkx21WeMnoLScu4u6nb5pHcUCK3bm657+Ni9k1k3wy4GLQaXmG5EIyuL/Ars10zWc+TRRjLWF0txi+Pzzl2mXVUY4OZZqntq6p7wxwG52mEOHMrK0TAla+PSyL+jTNXCYHKNPOzdry1vsaRICCyMyVKNr9rR5uww1FWKpUSfDeVSElChG97WvdEJE2XXtr++NyPPS+LstxXVckFCm1zoU30zxnApJZD2+qh7be93V/PO6Py/3tzZvj8f6wv72/u76/v727vT4e75dl6V0za9EjspoeAAKcmXMoy8qbFDhM86a1436/zzqtsWCeRvgYUml39FGJjIn3p797ABrJYSZAiqc1IC8nH0rhvNZy14G0WQaEgVuAeVhq/0e/CpiDLkdQI5KByGIYEiTIVop5ADPw2dP3P1hWffb0CRKZ2etXb87Pz8x9ub+3vk9ZBweejTisTPuBIxfYXDKBZVRLbh1pZQ1nIC6S2ksSZGIibr23dgj3i/MHpnr99st5t7t6dPXo6tFutzke9q+/+Pzm+hoQIuzZ8xfnFw/297fqTiQkYubL2taldbfIlN6gyBJA8ADpvZv1UD3bzkV4nmVTRApfThXONt/5L/+rj775S5VLb7o7351tNxDxh3/4R//bv/zfu9va7MGj85vrw89+8vo3fvOXLy8u/s2//t7t3T7Af/qjL589v/ro4w/2t4dPP3j5489e/dlf/ECtWVdEGsdOauDHWjfuJ2b2CO9m4ZgeyqTvUorjnmw3uDGye4jI1dXD43oMdakCI5WcIAwwJX4YERjBQpCoakA2bLn3fMAD4hQWG5k+mydJ4pFZEpLmXTpxo+auahnKGe69a04zwuTu6eEOCApEolBzc2EOy3jQMRuScFIfY04PyAiPcSgREmMAJCmbrb/I0rUnj4hIo0nTw8FZyMzrJA8fPLrd34kInKD3MV4MoULkFZnAR4qakoch4svLy9ZW03Q6AXFqXJPTGjNynDCanNsCU56QwEm4p5Qcx2Q5hixAJBuw5SmmiAaTQ6OlCyCJPhjTExKykA/BvWvXXLSGTM4BCczMzW6v33o39yDifM+H5AtP85NFRFAOFYBh/k4OivTO/w3gyDR0KeP7xIlIGmWOiEjEkhBT7im5ujGT51XiCO982Ih1njxjHBlThQIAyfc6BvjIVilF3Dy/SJocUnUUAZlmNNWJEFnIssYnECA95ZhqizrV5y/fo6D1ePQAQRYW7fa1Dz55+ODxF19+Pm/mkYPEo6JumoqqDhSZcjmked4AMRG7qQf0pq0pEbtDqaUUBsBSi2eqByU8ygNsJ7QIZtntzta25lqVCAchAWMCXQSUeo2LizM1R0B3dzBiMYuMSMCIearTvImAbl1bF+a04McJLhpSggysYIaIOpUcVDIpBD2YmHhc/blhAuUbAckUZcowEgZ4vo9qGkFUkjAJA2Ci3tXMk5fxCC683WzNRplJWhsYiSubdmHJ6YFF8u9PtU5TNbUiojmy08ilHWcUDJ08IiAxQAwuMcnAQVYDAkbKnhm7GrPkp4veJVwFhrudrB0sm4tBgCGCBWKazIgyEbkbMqAwAau2ZVmFKAxSzewRKbS4fPRISl2P+yx2yFMpIriKlNKs3dy81b66Rq1F1TN6VoRY2MNrrWtbzTwQjocjEzJRWxsh3t3fLfu7ti4ENM3VXMGds19byni4kvV3cDNwZyZzzz6G8AiMHPdJOFVyrbec8NxG9kJASCkB7O7aTISF2dUQQWotIsfjQc3Oz7c8fDPQmgHxtJ1rLQkLq2pbu5Sy2W5ZymY3X9/sS51KnZkp1Ano8vIMQjE8XNelUxFmnkUQ5enzJ8z1+qs37f7tcX+LaHY4Vo71cH9/exOqCIBmy+FoqmCqbWGktrbWllpkGLYieuuHw2GaKyN2s93Z+eWjB70dc+TDiDTrJOMcHqVOahaBnCMdeGFhJFdz1URjVHvvnXC4PrJXPLWaRFCEIUCKuHYmKaUeW0ubImURNjJgMLE2FymWBWoiuQBkNUEhRiAKUB0i6VzZI1yYB+BhBhYAUYtEpHjvZJMnLFNFx1BPLMHDclcZziTEHKADwFRhKOPCA1wH4JVnVC7/CNCtQfrqUr+eszrTKAIZjYwY4SM/JtdLGFc2BZqFu6OQSOEBDRZ3jyARllIywj2B55ThQoSZM6Ew20AuB6SUFj7mAiOEVLrbsbft7pLKzDytxxtfbgEYSbhUkeLa1ts3ejwgIHAhLoiQrWEJiqSEjwiZYH9/u+yPfTlYX9W6I07T2XZ3UUsdXZzuvS+ui+rRvTOjMJUyT/Nmnrab7cV2d3bx4OH5xdXFxdXZ+eU0zywlkPaH4/393XK819YgOtgQnxIyMgjne5STubvHZrNZjoe29gB0QEaEFCUSvRPlpA4ogxHyI33SzEPav/MPkg1Odocz8X0sdAnoRR73Qz0aYBBZUaLmDg6pSHF0i+6h7RhuOTpoKBAahAaYA1KRzdlH3/rW2eXjZy9eiPCPfvC3jx4/2mznZVlSgrW/u7X13s0JcAKYKQhgKuxmHrDszmneZgIuIWKkthiYkYhLLVIkL9FwUOtp2W/L4uBXV4/v72/297fMQua3b99SaGudSpFpIwC18JNnL+d5e3PzJl8PN2utuaq7MXHvGgDpFDQzd4XAbnjsazOrwoLEgRDetdtm8yu/91/8+m//B7t5dvXzi7Oz3dRU376+/ef/4+9//sXnHnh7dwRConJ+ufv04+cfffhed3/85GwuXiY+u9we7w5Pnz46P9t997d+4//6o++/vb4N0wxmT4uOqTFyjLCUsIzn18DI0ztlNXZ1ddXd4jT4wSBNkIgh/O7uxtWFWLtFjC8FQ/ORE3UQoogARrZ8IoC7MpeUUCNDgDNREvHpDUDKGB/0zG0Hx5OuAQIQCN3fdf1k51ymR6i6mdU6ZTuNu23SCBiWKC0QQQQzR+T5F5B5oPCLPWBQVamVOOVbqSqY56GXpFnKJrlwqTImXICnj57d3t3mwD8aSzBHUorwXCoSPYVfPGoARNZ1WRYIAMys0r8rGoARegOAMLCMfJUibQcwxExDI5X9bjlGE+UVbD6AEgJQMxaGgOV+RToNYYD5xEEgM9VahSVHEbW/i9SMiZwk9dsAqfDmdzhCjF8NQIgRwfInZMx8EkzjEARl3/DQZ+JJUg/MjCNPNpfQRMpovGsQgCHIWScHAZkw42ql1DRDInOdJxibUmTgj0i6IXyMfR5c5JQkDWrqided4ouIiDhfZsj/07tdXT09P7+4vbmudWLmXD/ydFuWo/UOgMQEhATEpby9fX19+6aU4obWe+7f5ubqAb7dnqczbaAUFgDBhKEuLMRo7oULirgDI6hZ3rajmw/GUugnch4RiZN/gXzjxnodQxKEhOBQMzsO0hZM3XoqeLXpUOoDtK43NzdqGo5IYB4jWzbz6hHcPRyIMOtQ1ZSZTS3CEMEt4eCUEjEJa1ZSRHjW0mXcI0EphQut65qU2hCajc0kwtEjLGGiZBaFWKT1ltoFcyA+1TlbsEgGIXrkJOEiEu69tTTFpgIUB6g4BBBjjRDKOARG0tZZhAANgplxrJ94ipFAEXYHRCAIMydMCfQvKkSYiHHaxkDNGZEy48HVslwAIIjI3EODWSJQJMtNgphKkfW4gJTHT568ef0VIUaAuSEgS7amhRsI8LK/D4ta5wDsSwekaS4og5Yw18RHE7hzBCkSELuLs4ePH97f3a+HxUIvH14ggPUWDlLEwtvaXBUBtHcCnGpBAhBmIg23CMRIb0oSr5gNFggRwXUqtaY9IDA/PRQW+XRhDIFfeKgqFS61RIR2l2k7bc4ceZqKmrfjar0BQjq6Sq211JvrGzNjLkS8diUIEamzeLitra+ruXOdShWhuH1z6xCb3UZbf/3zz453r9fjvi1H1wXCmOD69dtUBK7L8cmTRxF+2N9mVI6bM0GYIWWiLWhvRCjMm90mANfjeri7WfZH1yAkN6ulhgcgZhOw1IJEjIyIHp6km9moryKWvIcIqa3KIkisXYHCemcWAMpcVCmlbs67NiSGvEGlAAQxm3YmGTiPIJ6Ck83fXbdGgsSSSCSkXh+RmUtu536KUWNO6UVKu1XVIUgYkCgw1MGjCAIBMydck+SXYUxlm1pSxMwKQNM0BSJjOuHx70bD534iUpCASU438Ak5TLYhhuo8ADkBObWI/JFS7o+ENM1TDHFQBKCHl1pLke42YAOi9FW7u4cjkEMEeGrrAMk9MoI4b2iCrNxytz7vLkhmANP1DiNQCiCVadMOh/X+TW8LilCpgOihrt2tj04ZCJYUnINpQICHAzHLpm7OpWw8bF2Px+XQ1nvra7jXWsu02WwvdpePzi8fnz14fH71aHf58OLR46snj58+f/H+Bx+8eP/F1z7+2je++cnHH3/07V/+5q9/55e/851vv3zx4urBVSlyv9/f3F4vy0JIiVs6eCZduCkATJtNRBz2d6VUSNxECAIsPCviB17EgmN2CRhFqkngcoIbyMlzDKPYCIN/N7QQZkw/IfO4DznZBgBGFGbmDJFFylBrdWdCW5dwlyLJS6wa89nZ2un51z7eXjx79PjJ+dX5q1dfXTy8XI/relyePH/qHq++/Kq3NVytteg6E2/JK1EtBQHQSQn77lLmyjG62BGRiYVRJIn/k7wYYNBNTK31JOUurh6+ff3FuizCZVnWUqdPvv1LL97/+oMnT778/NXt3Zt5mp+//wEz3h/uWCQC1mVdlmNrLTkGCCxFkFFNtaVYxlGo7s5dJmXu5ivEPgAfPfvlf/q7v/bd37rcbcBid7a7uNoF4Bdfvn5zffu//MG/QDciXlVrmc7Pz5jxL//khzdvj1/76L2f//TzH/71Z5uzcnt99+d/+pMnz6+++e1PNlN9//nzf/Gv/k939fCx4yXZn50VYcycwl0az54PEAegzpO6Wdd3sooYFNs7dihnkmFmRaQIKKWYdveMMIWuRoShTjKUfnOZnz99eXt3jTBM54k1+KhqAjNNSj2VthnvSjQE34OPx7FgBIVH6oM5ic3Tz0d1KqcK2wx/1PTz4aAehgf6hFcM3UqEWzghAlFel6eKcQJwP33QTS0ipnlqrSWO8Or151OpTKlqSOQQEFGYkGiUWDi4A5ifJJcZjQ8ISIKAIzQnwWZmSdt0YiIQkPhz4oAjaPVE5ABF4m4AECnrHzq7gDzEc3PLGTdV+OMjPyiKrPJCJIhY1pVOduZcJHzciRyJvxNAADJmsGwGPuaKQjjOBGaBIdn4hb8XAYRlmiYbufYBAMLsEOZK4NmZlsO4ewDBmHkCUp6QNCPhUIAgU+SmIXh2edlbQwOE0G7MFI7EmM080zyrGwBGoEgSmOHgjJyUBeIY4IAHTUzM5urm7qbeVRUgSpHM786XHyK0d3UTpoBhp2GikZISuSMJDp4UpDAAOFjrPQMchUe8lYf13ksRRDQPYDLrDpiWpbD86yHC46shDoIJRvNADscIYx4DIkTObMA6VQwEgd77ujZAdjcWKeWdBB8Hoo6IwMTiHiRZBgKlcm5Vw4MLQEwsPE1ls9m03s2UKUNLiZimeVK11Fy5WWqDE2LLQNXNZqvdeluQBU5xNKfNJNeonJMRYBw97s6EXTuMxQYg3ePZQMKkGm49QbBIVVuS33S6hIlOah8HyguKIrxMFXGU82ZmGhfJ2OH8HzOBoJqZKlGKkUBEkmbJ7RHGo4oAyDyf44AfI3+ddB8xEfLpjwGAEWnIp4ERCc2dhRnFtO/3t+FeazF1ZkYhZs4RJV8jyqDnIrvz8wAKV0QyN+1GkG9wwiW5ozsguPpxXcyjLSsAWNd1XYnI3ZiZOB3luZfmzpx7pmdKbm79pRSIMSoBAAlp1/xvelcH3+62y9pqEWZC4UAoRba7rbmrKrMQU1bFB6L1rgqPnj6bzza319dmpq0J5pIdYblxxrSZvNtyXAjRwaapbjbTsqy9d+/WlwZBdTMhyXJcwDUAdueb+5ubf/s3P0JdhOK436t2BtN16WvTvnZtIlGZI7Qdj2Hm1hGgFgmA9Xhwszw3w22u0te2Lkci1GWtdULitKdIqRn94BYiQkhqptoIsZAMAA3C3TOrP68bT3cXYJlYm0qtH3z909vrWzrJZpiCZf6df/Kff/7ZZ8txjwAZYpBmqb4oCQ3yDrGtioTaLW8XAKhTgVPsnanlkp36CyI20wAYWblE5vFOHYhZ3+voFuiOECKMRHmqMlL6IgAAAn7p01+5v7vrfUUkQILIvTdj4CiRrhgL4jt7DZ/U+inrpPSNJZ6HqeEBPx2wEOZ5PhMLIph2IgqF/KG2AAAgAElEQVR3S2gRIosCmFmte+YtEAMOPsHdM+sjMNSbmVE23rtjICUdiSOVi0QyROLs7CHXja77djwQCRBJ3dp6ONx+1fuKUonEIVxb+IhwGscAU0S4QZgCIUlhmcs8E3Nri+lBWyOmUqd5c7bbPZi3l5vdRdme0byReSO1IgkVKdM0bzbn55ePHz98cHlxtttenJ+dbc8eXV09e3J1uTt7+ODi6sHZBx++9+LFs5cvn2/Pz2/v7vfHezcFlHzmzZURPWCqc+t7MGAqnr6qQOQMQvZMmsh7y2MgpgScSgaPMNU45QEmQMacBDRltxQRUiZKpaYiBRmZtEfEUtLfk3ICkmIeAQTEKCUzTdCDuKiFmi9OD977+qe/8itlc/boyaO/+asfbrb14vLBvD0X5utXr7razc3N/v5WmFRX7Afs/bzwVgiDBBL5jSNLnF8lsot5uTEXkawGzh81D+VBjEVAQFu7tsbCm+3Z6y9/DhHnDx6cn50dD4f93f1XX3x5d/P67ZvXhXi7O3vv/Q/N+rIuANSaruuqiQpQIeapTFLYI1pX11NsFyCI4DTjdCYPruLy4fmHH//aP/wH3/p3vnN5tm1HZZEHD8+R6PXrtz/68c/c7F/9H/+GIBjp8mye61SZnzy8vHm9f+9rz//BP/qNn/349Wc/ff3ig6vD3aFrTFva7bbrUT/52gc3d4c//pPvm3YmJOSEuIerBzMZCSJGKMpQaVoQ0bo2NytU8hp4t3UjgYdnWJLZ6L5LwwZAAIKUcnZ2Bn6C1sPHZAmAQOb9sNwHeFdLQa2DA+J7Lz9c11WtpaaFcXz2cGiQhjc9seGIIAoapvQIALChU3L3CGDEtixhlvWFFsFSRiTlacElIGKKGOZoSEQQAAGKMBFt5o2qpjHppOcfZiOM0zLlQQBhkGKSnGuH9D1ynDq5gt7BnMgRcMr1Dzplw6eEkQldc1PNkIOIcOJUEeciAEPgQ2NKdxuq69xvAXOrzc/zQFNSVOnhYaODNiV6+dSfcnvSu0tJUONJWuPDIpK7Of1CvwWpGo8UUo8fB9HcYmRlnsqSmJEgQ6UjwtzBgpBKKRGABGr28affaq23tpSpJPw/HhUmyLXNgxgBoohgIBFPu226TSJCqky1rsclAYnMhAkAIjK17n2724lM7iOpNeeZjITCcfEkmIZS2G143N1H/xIitLYWFjXrLTE7HEgVJ8YxlHUQmYNAgWgOzCfrO+F4D5EACDxEBAOlCCENSpSIAM0il8OsarEIhDxXkQjTCJtkbLqWh9E7shJ4ZCLXqZ6+JxHRPM3rukaMBHAk8EwHMg/3rH6LCMIEwjEfZxaeajZzg48+6czpghz8MiaxlGk5HkuVxBBVrbcunGYbpyEZhYg04QAB73Zb8+5udJKQQvrGwyUz/izpqRS4WqoCIIBJUNLbdkowR4SMPkcbTzIiUWYSZI1F+hSi1JrOfx9u40BAcwh3611Y3EFEiKmtDQCYGAmFeQB7CQ1EJPGfLggiidERHg4Zbw7M8y7PmdTpIUZ4MCWsO4RmVHhEDRARkKfML2Kaa2IuzBgWTZUxUQRUNe0dEUupLOQQvXdmWQ+rdp+382F/HONjeEQ23qFqz1ba3lrvVuvUltaXIwAgoTD1bn3R3hoEegRBEHGZKyKbu4WnRaO1lU7kYDJ2DlBqmWrVbiktDHcWOr98kP061noiRQ54drZpqyYGzCwJfOQzIzJN2839zVvXlHVy3ixSSyk1IIggdVdcmJgnEdCuzXvzzOxT0yA8v7rc7jZuRoyqfjwu6/7QlwWtLft9a4upUpibhupmLtq7tb4ux9c/f8XoRGFdp81mnucqQiR9bYCQgWiQDWHm83aTgT4ZP7Y73+a1stts17YKi3UlIWZ20zxnKcPbkRDJw9q6QkRqvikjXAAJ4PrmrZteXJxFgHWbau3af/A3f76u91k+X0txNx/xtxQnVsEzIyhvJcyCI8/OpeW4MBGJEGXUo4fDR1//+LgcTZVqBuyMKgAiGhife0SUIjHSpiCbPpE4EC2tJsxMdHN/2/qROc3BAxe0Uz4PCjHxuAATAhFhJjONiMTs8ibNCT8GRTYEb0Ts75Id8KTczyM7sXwkNfvGp78KEfe310SCJ9IzZ4+RwEAACKr9+ZPnF5dX9/trASYZwnczZxbP6zGr6xDqvJ225+14F6aOAVTc++HulfWFuDKKh4L2CMh0jKTCEcndstNDSinTLFQjQHUNVxGe5t1md1Hm8zpv67wtZSrzJHNlkTpva51qnabNfLY7v7h88Pjxo0cPL68enF9dnp2dbaZSLi7OXr589PL54wcX28uLHRIf9yshrcsKgBcPrrbzbr+/cdUiQohunQiLyPFw6OuRnBhRhAKgr61KSvJQpCQkjMQZT5mqRWIhocgcw3EIgpnlGRoOGKhm5oHp8RpbAroBIFjqf9TdDYjAQ80I0czdQVVTp2WtG/Dm/OK4aHN88uLp7vGLHnz18EFbjlL5G9/65M2rm91uN03l5s3bm+vXy6HN8xTeQ9vhzVfSDrP5hqIwRvdSBAE1/Li7xM2mkpAk9oTMRMn05L5Go0cHwtXUzLtpb6vpOs3bMk1vX32GSO4YHuuyuMdhvz59+rTWbW+6O9s9ff5iv79blqNaRkzlY0KlCBdJWZSqrq0llC5cgvKzTZt5c/n42eWjx09evPj6Ry+/9v7Tuc51nh4+ukKi69u77/3Zn33rG598+dXr//UP/uVx30shKXV/v+7vlpcfPNltNt/81ofPnj4yR3V7+vTizfXd2dXm4mr76rPXH37t/UePLr/9zY9//w/+9XFZ27KGO5hHOBd2d+s2BB4nZm4g/QQ5sbCIWQca2HpmdLgHiiQJGSelqJkRBSNZtzpN0zTvD3cEZCdHIyCZacKWvalI/fD9D2/vbvO7EoFIWZaDmWNyS6fanNQsJTKb7aoYp8c73Qxxmq8Bx6iBQyWRw2VC8pLoePpTErPOWzkcfJiG08voRMt6HNfK2jwcCNzydnYmNjPAwHSre+YqgsVw0jPRyYObWIYPCD9bbweoGaeJArJf6d1AjYNtgNZVJtnsNq11jCzhMmQeOn9ISTcgQrgTUcowEJwAhzolp7QM3EyRav7rAKqBkFJx8AvxFtHIjGeIyPj8E9yaw226g5K7GCve4DswU9ECEFGIE95kkRO3AgmWeYSpmToViYj8y0h0v79z7YXII2NYBwCLmAAQWPgYAj0snITqPB/v90OqrKraCoqUgkJj48ch9ZjLtKxr732aphyApQgSDmiVTkthfqryGznAcKZJRAA4CqftIE6/SOpgx2qbuDsMZXwM1bgzY4xPNVoAEkNWUAdyYWIxHUGREDC6vQJSGMhckKn38f5GDFd7QGauIWaJdSQpg1I4F1CHwIDMICYYmfqpAUOAjHGL05ZFhBGY0t8UtyAihOdonsNk7pmI7Kbmgae0kozQefbsmYcDYFfjjIQCnHdzssThnlVr+RKzCAQcj/t8pRNjJspym/E13Y0L1yJmo2lECqf1i4UGoudDMJBbaM4tiJhzEafaGWK43GJIT1LdmizP6OFKIGT0/o5NODzS3pCfPW02RAowjgpKJQUJIPS+AqJHchGACExl5x6ExCVRFqdRM+nMgkTJR7h52JDaUk7D7tpVVZESZ80JBkhKV5XcJQGJkUW6Wlr/tSmCT3MJD6kFiMw9DfsxEkVBSnV3Ed6e7yJiXZZs2UwO+OGTx56NOAlaMEGwQ3TtLIxwevwgSi2qhiRnDx/OZeqt9abzPGeOU4ZIrod9b/3y8up4PNapggF4dNXWOyJ6dg8jlzpFwOZsuzu/XJZ2uL8HzGZ1EOFSCwT0ruZByEtb16Z1mjDg2NRISHC3KUtrjohMIjLNc1/a/u7QmhYRZnDrYHp//ZYIpmnCjPZVJfDeFu1ahLebLSNCdNW1TlOAr/f3rR3XZXW1AEMiYVIPEZnmevHo0XK/gLlnlHV4b+t6PCzrQkRgHm5S5OrqoVosy3GYqIAQODKu3bPIVrKKK58iBAgdkI8262o5MZ86xZwAtfd5O3Nh90DJai2X1LMTjrvnXRwPEwQxcyklANSUmCXr1fZ3rS8DB/AICIyxUaSaE/k0zudSQBlHRm5h6pD9rBEkpK0jMQLpeLQQsmalyCDDAxNWSQMJIYI6i1ycXa19xcw/p19UY4fHsMulegpHE3sSerl4jAeWsZYJiTe73d3dNbiXWjP7Pw0SeT8h5200eqBWbevaRo6nBxJNc+VS035dJI82c7XzB0+9Lx49gJBlOdzocsdYmSu4mi6jdIXJT1iQRQBArfNm3gCi9dZ6C4Bps53mXZ13IpMUQcreSBAWkYIDf8zkOWeh7EHOo/T29kZde7Pb2ztkRLeri7NHlw+ePn64225YUIT3+6WtfX/Yt9Z227mtx/3hmPI/7X0zTQbw6Omz/aplqnWugFTLlJ5LVwMwIiYAYg5zM+dkriLy6WOp7kFcfCj8Mx0YNbJ/50SBEBqEqakbEpt5VwtwKkW7ttZISC3C3COI2FoDMBbZH9onv/Lt5x99/Wa/fP3Tjx8+f/7ZT7/cbqeLi8svv3zz8r1nRPTH/+8fh7fD/b27teP+bLe5v7493rwpbV/XZSdJj7qIMFCEH0qFyydVpLAwFwRMc8QIwYywcDVNjl/dcyk1d9UVAnZnlxFx8+aVG669MeHXvvHJR59+Ms/b65u7m+trqbA52z64ury/uzXLoSEVF1xKSeUxYmSkXcTJ+Z56CMZpmh5cPbi8fFCKPHvy6Jufvrw8vzge+7yZAfH65u573/8+I/2j3/7tf/77f/Cnf/oXxMJC69Kv7w6lljpLGB7v7d/++ItPP/36tJG/+pMffvn59e5i1sV+/Ddffvjxi6urs0r11au3f/YXf0UQ5kYM5rGZNqfMBgofo2cEICEyUIBqmr5M1Uot82b2rB4nBIisrU3jdyrIAYOGuxot9P7+VlhkQDaFWTK+GcYyTg7GyL31E7qPyXBCahdTUzuGS0DAbPgKGKE+gJQFqLmBZOyYVKnzrGbmBqOKeLRipeifYJRswmkcz8EOxq0OKUiHsH/4G//ez7/8clm1TlXNYES/A6ZdhpCY53lOFJFRRtC358FLA37HX0Dk+TrTWG4C8kEbiAqpKwJh4KlWGGDg0Z7bI4zigpNBOw/M8eIQMhJhOHAhAErTdlYnMGfuQopGcltKThbGqeWBEJrJkIQ5omx222ma12XJESUZDYs4MUiAjPlzjpN5QC6BgMTsmX8BmBOLG2QBNSIjRpijCBEXkYGhIhGiro2QEdlMg9A9TctIgG4hLOkYSek8C0WAmTKVfMGZRskDZVZtT1YEEZwAADkchCXCTBWIste4VMkKQ6STXHEkmjIiUBFMtzJhKZK9s6f0Y0p5a+pxaPh5AWlsXBABGFM2Hbnn24uJrzjkHZcuuIBMTkdEZCbhwml3RoQAkpKEPAEk1QYQxBiAJJTOeplqkjkQOIxgAYghRBAhU6lS1nUVJiJ5/ux9dAwbXZ8Z85DhpvkxE6YwO0nwwM2Y+fziTFXHGpiK0WRmUFjg7vYewruancQpUlnVluWIgREAlHZnz49temTe0SfjbncYVv0Yptl8bAOcSEQkQ8YTQ89PNeCoBsuCulFUzNK7JqhBiFKKQwgLMbmbmWfxea5nCAktJFzaiVmKuBoJJfJLgifP/TgjMgQpDzTVzsJPHz87HPYn8DNJ5bojJOZ3tfP503CZxcxt0HDjaSJmACcmAg8zQqxVmCkMaGgzM4M1VPs0TdNU0lVj3fPcIYBprgHeu3XLksKBQ6RmnwrXOnVVRlwOa37eiwgAgnpb1+35WZnm+7s7BGBh4mk9LmCOQ9eQRw1ljiEGIYT2thwPDDDiItTzXQBHYXTtzOXs6sojjodjKSUiAolLyUiEWmXebMxcWzTDAKilgtDlw8u2dIhgLq5GhHWa3DwQRbgwqbbN5ZPf+c/+65/8+IeH2zelzmUurubhodYOh976NNUiFNYFwVTNTXigQaE2T1WEb29uXI2R5t1G+2ptQaJpnrVrPx4Sg8IxTBOxuJl1a63fXt/qegAIKQIQ4RimGVaWsFJWk7bW5nmr3aSIiISjane1zMYZjjwgOPm63D110WYBCPkrqJq78oghw1LEESO8LWu6DBHR3DfbbYbHUZKCGXtLHIDqyiQI0LrqqrVOANj6gvaOGkYzBwBhwUEz5p2ObumFQ7esnAQ8+bEQRrOPW4ZIoJml1SnhCsywi8zixaHbhchAGieWzWZ7XI8+SFiEk2I0YqB86VsqhZGodx0WEhw20yFhrJOpfvX6Z2691hmyfDEgff5mCpHIFLg5I62taVsL15w2wiIQp6lu5s3N7U1S/9q9dwPws7Or3q2tey4VAtb7NxDAPEd4b0u8s/SBIwtxSUhmnmdCWpfFrXOZpt35tNmVMrHwCOkfURwiUkotJMTCtU5TLcQw1+RIKNntuU7zdhbmwswiEHF/f9ea3tzfLMvKTB5u7tdvb/aHxSDubq7p/2fqTX9tSZL7sNgyq+osd3/3vV6mpzkLSS22ZFgGDNuSYJgyZUmQKBDWH2kb8ALYMmSJJgwTIGhxuA0pajgz7O6Znu633eVstWRGhD9Enha/9+177jtVmRG/lYGQ9rtjEIZ1Ke7Gqd9ebZZpGYau6/s3X7998erVtMzbi4vbFy93u+ePP/klQjge9heXlyRBUlfhxJTUon0PXG216kVYS+2GfllK7kRSInSrBhha1YLoXc5mVstydX0BDo+Pu5RSznI6HFmk7/txmlTt5sVtMf/429+6ur0ztdu76/3+tH/a3b96CaDLOH7/+9959/Bw3O8A4O1Xv5in5cX9rVmdpglN5/2z7x/WUHtKImQOkiRKbReE+eoFDX3CULc0G4qfH7jARNsM6RCvACFWK1aKO1zf3pVpPO2eKMnmYiuEZZ72T4/7p3e/+PkvHL3L+fbF/dD1p+MplnQERqbcdUm4mSfMS/QjWrPhBEI49P1mter7nhBu765/9Vc+ubu9Puym9cWm6/J+v/+zv/gJGPzTX/8H+/3hX/3WbwvyvBQDmMeyXvUXF6vb64vxtDy8P3706Yf/0X/y/dVm9dlPfnb76vLj775484uH/X42Kze3t4S4vbj4P/7Vby3LrKpdzlnSUms915U4AKJjqzpC10imRo74DwQiXpZFqwqRg8Z9oIELagRdhF8ETJWR3FyE3aFoiYPOqgb1H02f5u5gh+MB3BNL0YqKIVPnJClx7AAxCxAgCrl7Q8JCt0YEEQBoEAJ3AFSzWouqBgcoIoAU4STxl7KQncU4cUy6GyLTmc49c49+sd1OZXazYeiqavvEIXCMAH1AczVVPPtH4+lixG9cMYQBvVvDdOPDnBM5z8ilkTA6nbeRgElDSgOuXmoJVQZhBLHHIH5OSwOP1DV3V63DapCUlmVB4hA0Np7krHkICK+JhLxFfcR7wMQYcjBDVV2W+Sz0dWKSLO7YGtDan4OhYA5vQ/zPw24BAUAjMFNKYpEM5kbIwbkN6xUAllqICbypUhuv27D4uJU0JUm5lyRFl9Ql4lRLIWoWEa0e8cchc2FBItZSHYCayQICc2qwaXRiJvaz4O8c7wgxX0bBVLPQ0TkaKUqKRAgZnBqzjdh+yrCZ1+O3RKyqN/J76AYnVI0dG5vsMAZfaeXEURZ+fmIopVTNq6mbIQVUFEg6IJM38Q+EkLW5XwwjZyk+eWSatgua2Goszi3SdylFdamlfPPPwkIQKqhzLn7kd8bf4g4KZmalaKDJ0EKhgYlDTYpNFOAc3R01bvxoAQOIXkV3cg+r4ZlyCVrD3SAxV6tG8XcFDRKsSGvlKKW4OTaEPVT0TbNARIiRnN5M5MEhIrjkPKwvxtPRzBuoCOHLdwQnFGRShbP/kFubvSoJI+B6u661aoncXmzKN2pLfcCu1WrR0iTWbWtD5m4TKAYA1FoDHDJTIvaqRNRymoJ6xZA3VG6KtwBaoq+EalUmKXMhxJxz6JtVDQjmeVqvVq6WMrn7cT8BBp8RgmoMQj6CjqdpIfDErFW3VxfXt7dlicxKB+SqxilpVUJ09dx3VpUZU04h1gRoWciShIXNwKtHA0JomgCco/felEWY+fD8XFU3V5eRfFzN+tUgKQGEbxIMKIksxV99+yPpu9PhdHtzYW7TOHd9p2p1XroukyTpe1WrS3GAdd+Px8cvPv9LIeyYgwNVVQ9zFQIg9n13OhzrXHIvzITupnUpk9VSl4Jg8zyDVUBcr1eroWO04/4Um1pZirsRRiQecHgOakWLMgjbrC8CJ1hK4SSI0WImnEjCoUsIQKfT0QnCiIkA1TVM4QQUC2X0PaE7S+KImGhcIpibW/QwuFrLriqlAIJqcfXwlguLmQPgixevqqmqtvMitGcW4ZAWNyInDvSiao3fxZLCHhKPbguvBOfU59xXLUAUVKCbArdqnMgBtGoIllIiZgCIRvoA0gQZCF2VSc4EX5zw4CE25aSqp/kIgMIJwJsVDSOnsFHMhGS1xpYvzO0h9OiBq5EQ6GBWKzEjS130nKrGjtZwNGjpbkgRtgDcXPwYYzgYjOPR0VJKsTAAIhEhqJoP68tlPPX9ylR1PsUVX+tkVYO4JwKW5Ihgrmrp3DjDqRvW25RXLAnwvNKAEDNLkiRE5EjhFGWWADITZyQ+71B0fXHZdfnFzdX1dntzc3F/d3t5ufrutz+63m6vLzbDkK360+P+NE1q8PC4O+3HaRrLstRap6mY1qUsQ59zllp1OkzL6YhmzN4NKeXudNq72XZ9+fbd61cffYuZlnF88eqD4n736hUzj8v8vV/51Xkazeun3/k+ITzvHq9fvEpdTln2hxMJffzJp7vdcTwdPvj4W8Pm4uuf/3y9vfrwk0/fvX86neabF7dFcS56eX15c3//7v1jHtZ/+z/7O8/Pe07y1//jv8Gcv/ryzdXVtZofd6fNxcWyzCnxus8P794fn/ancf/w9q1XdStutS4zOc6HeXp+oPG5N+2II9E8YDk1W0BP6yu5uEmEgOAelW1xtquDV6uROdXiwMPDAMhI6gpeWGRzcfv48HYaj5LT1e3tPC/mSJKu7u6YEwJl4U9+6TtW6uFwCB+6sAxDF/ASCSNArWVZKpiDOwsjkQh3fbcahn7oibDL+f7+9vpqezyUfhj6Lj88Pf/pn/94npff/Kf/8GKz+Zf/5289vH34J//w1//bX/uvP/7wI0Lph/z4/mkYOkrcr/r7Vzdf/Pjr7Wq12nSvv373+ou3X372/uJqffvi6nia7+/v7u5u/q/f/n+fHp9EOFwzBqZakahV5WGoFADADSLSF89ZKwjavKHE57cUHNyZxcFDk0GAMcUCgYMzoaFb1ZhL0DwqHmLojGGeHIgo5+wGDiY5qVWtVQRr0TDpUaSyIMb1HUpeQjRXa947CMdwOBlCgUNhESYGdz3j98QYEsokSaMmwxwBmZhayxWe7ez8xS++KnNNWeZ5/g96dzwLhxp8qKEvcbfm5HUID174KOJmDwUlIhJCi1s9OwXjtgqClc7jb0Rg0tlL09QGFOQBgqNIim8M3IDimfeYrYvWWmZqNWZwNmGFkAbtnKaPAJHL05yWTbtPAC7CDZREckAzJ+a4LNQ0pwwEqoqBW2ODNj1mbGh7SAxY7s7Ctdq8LN//5V8+Ho9WYs8gcC+lhJof2njNAMELtqpgRjKwlJKIVK1a7IMPP0bAcZqH1RC3GwEIh7UUicA09KEk4YqjNmdKYq0uQvGuI6FHRDWTgzPy2XSKaNBmeSR3BPOQB50fMItgboTWy0sRJ+/E8fmrkTA2PShGPTkg1AYmQjxqSMQsyHw2UHg1E2ZEiPZuczA3kUQkMTdqm8EQHYkolEiMBAaleK3aZTFwNyVBLYpI1zd3tdYIeTMzjXkZodZZTUMU4O7oZwUyRYWLU3N+MxgiERgARNZt523wxfgPrbnaPUpbcu7NKiGSBAUSPQ8YxD46UQTYVMPYn4sKM4GrmbkX00+//Z15mtsjBB4fuqn2NZqmzm+OOxFWVaQI+jNCkpQksanyWdNV1eoyAUa5u39D5cXRz3zOgyYGBzVnoTiotWqZlpRTKQoerE78Uo5sQkeL3mUmKiXIKwhptAMwDxtqymxMKRmYK3AEPKlK4ubjb2Z2J27IQfx8yIfKUoQJkbqhC9AzFnEtBQhefvTh1dX1Yb+rVZvsp1ru+mHVl2UmJK81GqkIgDh0XuDoVp2E3etpf6ilXr24SSnP81xrCUYMDGpRBMhZKIWLoAIiuKWUpqmikPRds3CZEhOz+Nml0m9WRGhBpAlJzlpLLQYO3aqvtc7jzCl9/Eu/uj8cy1yk61KXT8fT7v2zFh0Ph9wlEQHzWtQR5qWst6soc5Oc6lLR3cbDetWnnJZ5zH1n6tM8snDKCQFyzuCeu5Q7GQ9jLUoIqiWxzPNSanWwvuNI7Nnvnud5WkoV4evbWyIaj0dAFOHG4HrEu1ckBJKcu3k+ImFKaal1mSet1vd9W6WKOkLfDf2w2l5czdNcyqxm4SNDBGI0b8kTwXExoZrGXB7GgHjUtFQ6T9VwNuhgIw24agF3YiHE3fFpnuYkQhwxVWrtd/iwWt3cvnh+fGisMmJZFgBEEBaCSGoK5AmBCGstN3f33/30ez/78jMRCXLt/I4zGKhqYnHz3ElK4u7b7Sq6gYO2Y8ZaakpZq7o5ocel5YYkFNHVHlhSbPnQtD2m7uc0oWhDgPPliQhtvQFwd0lJUsazKyD87QC+Xq2JuWoNHZJ7BIkiCRGQIUZOa+SEhRM6CsxSyncvXu6e90kSEqoqM2k5rbe36ojuVrUsp2b8aIn7xoSUkhm5Gph3fZdyT5TzMERvVFi7wIEImbMjxmgvxOHEGvphWA3R+Jtz7odBctpeXFxfX19erF/cXn304YvNplqE0PQAACAASURBVH/54nqVEwAl5ruri81muNysLq+2CHhxdVGhuqkjnsbTNC3T6dT1qahOx1FLBYClLCnni4vt6TQtc3HwxHTYH82sT2maZy2164eynLxWyd3zbnd1eb3M0zKPn/zSdw67JzO7efFBKctx9/ji/qPcd7Xq7f19Euk3l0xsddpcXG6vbon1+voqD8OwXnVdSim/+uQDItJaXn7wcppL33fX9zfjaXz/+s31zY2ZjqfRwe5f3S1Vrarqcnje7Xe7pZ6Op/mwPyH69dVlzl2tRbifDkcbH9P4LI6diAg3AUuEMZNPqw1c3DEBAYX/HPGsR428DfdG3CNLbko8FpaUqqrXKnlYrbeP717XWiQLApWpXt+/2F5ev/zg5elwXJaZme/uX0zjOM2jOYjknBMAKHhOAoDLspSlht6PJSExCSeRruuGVS+Jifj+5c3HH70i4mGz6odut9/95LMvmPGf/eNfv7u5/uGf/umPf/KT16/fLfPyyacf/62/+St//+/95//w1/7eyxcvVpvV0/Nhmpa+k/FU/trf/KW/9bd/+Xd/50+WufRr+ejT29V2/eb18dWHL66utr/7ez/4/PMvgPCbYBYGRg5dkmOUjEakuoN7DItOQKFPJEZgahU/1uD4VgXo5g5M6A6Spe+GqvUsqmH3VmzPRPpXokKHviMiEgSHakosKaeAA1kIHIDI1ENnGPz5WdXj4TQJGUEsFcxkBrnPSNgyws1dG0geg5qqqjpS5OlFnowhYTizNBpnmFk4OjIcwFStGjQ+EQLeN42TKojc+MHWghR/C4CfO7YhTm9AcwYiqYEAesurR0B0MA0rIQU7BYAIEQIR/cqhrTFw4MQ18FFw05pSZgqk20nE3SNqHBqD2kxhdtZRmbe2tcA3SAgMvXFAMcDDGVBHRzfXyDGNjkYz6Ieu7/pxPiXJCOTm6IRALe8XzrRtsG2EiJhJiPBw3GutzaFB6GCq8bypqxGzkLTkSmZ0YOIW0uJepoWFmGl3eB6n41m2jKlLbUV1JCFEjtBRIjQCYiBij3oTpGqYsnCSqgYR/dx2mNCro8WDh4xIQOwNRI3yhJi8m34v1rOAe1NOxBxPmGno8rmZMDCefwvFX1jEzqJ1QsKApUTIHZAjYAVfvfjWWGdzJUbhRC1kxtQ1nliWFI3FxFTKkrvUDT2SIMOyFOQwrSZEBIRlWQhcQ34S0RQtsxujhyVC2SKjDhHqEi3R4I6q6gYpCxFyYkQc+h7Atdao6C5F42JFQlcglm9//OnT7kG9aepKVYgnzhyj48UBCSSJqXVdFkmISIkCnhei3f7JfEkkwZ5ySjF6MfJqvWampZT27iBRVJ2eTfBEwonVSvMFY/sCw3nS4EVokHtzP0d6IYC5J0lAAO4kTIxMLCKqnoSIWUt1bCu/tRzTeHBAVREJHYiRmCIUmymv4pkhAl0spSQpR1x6raWdXUhturIms3MANSeWLNlUS6ks3PW5mpopIGm1ajXl7Fp2T3sAXOYxumyC4zIwIAR1YVrmBQmEpFE8SOq0uVjnLh93e13mcG3XWpd5mscZPRZ4lRyaJw/mRdXOJncAREXMfae1lmmWFII3dPDcdQBQxllLXRbNXR8JLeM41aKSxQGTMAu70/Xdqw+//cnnP/3J/au7YbN+/Ys3oAUBkBuocNodzIqBby8vAHyZpmVatNS4xGvRLmcH2D08RRNeLYukFKcpEYzjuF4PtS5Wa5kWBEwp9ethnjXl4fJya1q01GVaVqtByzKdxm7Igr4sY1kKQgvgj9smLpR+lctSbu5e9H33/s3XOWVv/XihLKhEMJ3Grh+Qycoyn07zMuWcIyWGECDkgH5G7hH6rgtyLxK+QpJA4CIkyKqWcorMjb4f5nkCxGE1OMCyVBLp14Opu6ogezVErEVVLaVUXQM0z/3KXEuZwsESaFAWsUg/Ro+MUGICBATKOU3T8c37r7MIC7tbUIU5p0CwhAnRRWi7XXlVd+v7PE9L3+VSa+4SWJx4bO5dl0ILVLTmbzLXHdyVmKKX3sxiNYks0eDjWbjdoISlFBZxiExsB7cU8GopAQxQQwKRJTGBFo2yGziXJkJMBudDH1tqL0SiBZOUWnb7R0BAIq1qNbIF8XQ8bC9eLPNCZLVMZmq1InEAYCLijq5VWLr1RlIX0ZeSxLTqUhnRDABJRMKHI8KRXc4iIinS+pmwy3m1GkRo6LqUKIt0uataa7V5rk+Pz+aU+syJVB0A+r7LjEBorstUDvuxdVcz7Xc7QlP1h4dHZlmth93z3tT79fppt5ecV6vh6XE39D2AzkupdR6Gfjodnh8fhvWWUz48Pc7j7LVqmaTL++eneZru7j+YxuPpsPvwW5+O4zweDvf3L06n0/Nu9yt/41dFYDyectej2ePbx/3ucH21ff/m/Xg4XVys3n39djyMKQsRPb97r4ZEJOgscn13Y1Yf378HR63l6198uXt4t9l0p8PheDpcXm5XOS/zVBetQKe52HiC4/tcjhkhN51Ke6rdfSYf15dwcc8tklCQz3mLkSYWoj5ApkRNLwwIQMLMBMi1LFbLsFp3/erx/dfgmEWmcQYzRHt48/bNV189Pz0JQ+7y9e3d8XSy6iRpWA/CDAjCBODzvCxTsRDXAiEQJ+n7lHPqu44QSym5625urlKSlBMR7Xb7L7786vJy+9//839yd3v1B3/8w5989tl+f/zq6zdLqfv989Ph+fMvfnY6TTnlrus+++yreS7r7UrNlnnePZ4uLtaU4P27x1LqX/zZV1e3tzd3myEP//q3fudnP/sy8mgkCxOFlV9rdIM0R28g6OGZA8Kw5CK1RidEUPWoFf0PFrp4xRAdIEaTZVnCPujg0uUQDQZaFDxk7MN1UTVVVWIx9zLP7gYGwfUnOcf+RJBLhBwARdMQEYmIq8aHD2k1IblZm5cakhYjKTBQRHEjUa1aVTmWE2tZRRZmKW4bu7qzcKwuxAzkLfsc2B1DBM5C1RTMc0oiqFUBPbYLIYlh22OPML29fvnBqw/fvvs6oEn/RojfOrajAd0DcQ8fuTfc0yLpJMBFJpbEYBqlnBSaEACzSEkWj5gbd/eWY+MaChAnwpYTXSpzAofgBByj7hSQsGoNf2kItJtri1qYTK3LMs9Jck55qYu7Ajoxe2M/0MFyyoGXh5GDEJhSrRUBhKUuNdCacwKvB0uLDggoKXmtkpLbN8x5C6Y0A4LWVGRmZt51fRhISBqwhYgsqG7ojkQRX5864SQppWUpjoCR4I7NJ4pESJSHHPqls6ykrUihWmWi2HURgZmJkoPF9eRuHsJYAmEGiiYHatA6ohMxCRMxMxggUWTshjYkMgajlrFqGYbLv/nX/vbPfv5TrQUsTB1CwtUMELNIPCRqJs1nggEll1pDFxdyr1hZxulEiCTJzSXl6HGSYA+AANFUCRGZnRrK2WY891h9zI0QiDElqYuVUszVHZiFmdyMhBBRo7fK9en5EcHC2/CNvDDmbVeFcylbLPEiCQCXWgzd3M6RU05A5uAYnyGkUUCMtSoiLGWJrZiwlV4jAgDkPpvBMi8A7gpEGLHCABgVzqYt/BDAoVVTNikRIjmAsMRi33KKCNVctUaXkSMmyVWVmUI5HZ1uwWgGNeGRM+4K7kzDFgElNTqJcyrLMs9zAMAQ+G+TDEVHmjkgM5IkO+cEEwMnMYBlKVA9fhIFw1JharUuIT2bpjleGAco44zgSOnlt7+/vrh6fP9G1Qzh1ccflmKIQAzLPAVVtiy1Vs25i5ivyJ4n5tynUpbQ5UnKwlJLAXfJwjm7A6pyrM9CwlzrN7ouQAQRki6VWhsQJMzEDHDYHQhRcn887F5/+TO3KsTLMk/HkZlYYHu9WZY5jrOUc7t+DOqyoLnXwkI5pebMIeyGHsyrlWhgVjVCNAdOUk2n06xzAQB3Va/mJiwkxARallpmSclctapbi3o4PO5rLWXRfkgANJ1GSQLu0a0NQOZadRH6BvZQay23jgickiNwmCvckXgYeq1VVVmEExGxmS21OjohrjdbIFxqaSwZNJLW1EtRdb28ueKUx8OpdetwpBC4Gaw265TTbvfESEAeepsIognNiVeTlKZpPB52TEJMROzqKUnIBM1a+A8LEbFjK8bi9kRjNZUwV7knETcDt0Rs5qtV7pKcjseLi4uy1O3FhphOpzllqVUlpVqVhdarXs2rlnhVAFwXrbWKMJJHBVcoMgGQOIJuQ60YOigDCAKeknCtlQkswlABADyI0QA1Q3a8lBk8aqsAA90Bb2sMUYMFIuPW24ahpuHIBgctpZ2g7m5Qlmk87fvNpTsAap3nWiu4SWJENncw5ZyHzbUTNXCU0NWsGkaRTE7EknIXyeJI5IAsnFMKENFUKazRWokJiUJkqW5qftgfyrIcj8fDcff+/du3b99+/dVXr79+8/bt2zfv3u+P4/NuNAdkJKLd836325lGhobvdjtJgtzclpvLLRAIU87d6TiCCCCmrqu1unnOcjqOebUaT2NdSs6yWmWr9Xg4jacDEzy8f1ym07Qs6FSn4+PDO0KyMi/LnHN++4vX7968215fj6fTonb3wT0iowgAXN3f537l4Jvrq83FhQJWhbv7u1rmw/E0l/n58fHx7ft5nnIWIjyNu2GzGvp1mQs49H1nqoiJJenhPe3fDL5IGFZZGDFiCRewU+7K5T1urhLF4x5wQ0CgjTUmQqIknJrEnUiEIwwXHUrVZToBWL/aqtvDm68Q6eLyYru9+vR73/3ur3yvVnh82DGhmV5fX1/d3J6OJ0kpdSml1NTJBPNcpqmYq8dxhJK7PAw5JUkiiFjVct/dvrheb9ZdEkR8fHp+eHr87nc+/Wf/6NdWQ/f7f/zDP/v3f6EGP/jBn37++dfH0+zkr98+/P7/96c/+vHnP/3p54fDaVl0uBiQ4P27p/3z9LPPX//yr36yf95/9uOv7+5fEPMn3/nw7v5y1fX/0//2L0/Ho6FHR2TECDZZCbZxJYQ9FAn0MRmf1bqR/AZI37yh4XiCsyc3AGbVqrUGbFm0AngeBnevtQKgo0tO0eNb5iLCZyFvcxOxsFfFb74wi3JrjNUuEnsCLSUmiwxAdyRUNVMFNasa5VwAIInPKnc0dUEqqgGIE2LEeobbIOwGwZhGeDky9l02BTzf7sTEQixpnmcFYwqXDpCjuSNidQsNffyHMZQ3ezTzNJ/evftauLkPGSki2jDKaLH1H4ccJ+UALIN/bgA+hSwYMHV5e3U1zsfEeaklLFpIjMJV1S1WOCeAKFnzFo3CMa+oazf01QyRHSzyUMJNAa1ijdvehQHoIzR/MxFS+MWrVnP7/ne/9/T82Nge4pYpkhIgFC0huA5KmYWFue1kEcIjjITmETjCzJyElfD+7oO5jNgiQB2iShMQiGKCjHw4hNbURhwxmugOyFFQgMjYolbcUxYkXKal6V9DURV6dxamVgsBhu7GJCzh6/KmDGSODSeeGQB69eFfS9Idx6d2kjPHMAcAWlRSFHEGvMtRTRXqT7AwvGI8bWHdZkkElCQzs1r97Oc/SUJCCYgkMSDOpQJ4yqJmgiCpVe/FbQYEqla1ADhQywMVpqIuwt4OPmBCMGBCYo7AkZQ45xSJ1VGkICLxhZOwpKhyUiNA5GUpZi4s1thCt2oYWisRM69mIZ6hluUJZkqEhOwOxICMTAiMzYElHLXftSpxYwkAgZAdrba4sdgJ2Q3M3FTNPXJcEAkIlmWOZSBsNmYWRxS1sdqbFDOcGe0kCIV+a0+giLVqPWcNCiVkBFarDbAIh4GDmWmtER51FjSbezRwOyMxc60WJdtMee1qHCptaLYFJAJy0xqvJlOj22IhFKFgAVyhVuUc0mqI8ytCQhDRHcJDHIFeHm1OAMwJA0MA7PtuqQunNI2jawmqBQnG/UmXokslIkN0a6aNlFOQpBHCaqqmlRzBwapprdHwxIm0GhHXuRBQyuzgVl2rmkF4wAmdGA1CYkEkEl/YPE65z9Kvb159lBOPh32XkqRcapnmhYk4MZGXWus4t8IsInSaTyO4oRNLinw6q+rNI+YAvszFoB0koR4v82wt7Z6IXM0AnZnn4+Tg4Ho6HLucIovE6qJmzDSPJeUE4DknZuROgM4aRwfOyc1SSqZlHk+u4B7LJecspVRTcwp2uGpVB2chR1jOH8bczUy1RigNMSNQqYuZe1XmyFPHgBXAnZmJuJZlmmYmigBDd5/HmROT43g6qpbEDBR16AAEy1IocSOmCV01d51QMkMEZxFVQ26BZ1E4f07cQasWB26SrGrVLPc5wrC6LnUpT/PSpZQTu9rV9cUyL6qw3WyYcLtdPT8dOVHuOjMlJBG5u7lStXGarGUuuptFKwZEQm9AKLEctL+hCfuYU3gGgBGQwoiETatIbi2TnDCcT4jnCurgaSEqTgNCCAVhFOsEJhGInlqYk5vKE1seKBGIMBGpBnZWHfTq5qWZqy7g7qZEAuZqRbphe3WvoQn2GJ7cDZCAc2RUECBGZWbs/ILIHI2oAADCIeNCByf35bg7PT8+vP3q68//8vUXP/368x998aMffv3ZX/zln//Jz370o8/+/N/9+Ic//Mm/+7N/94d/9MMf/OEf/eAPfvBvf/+Pf/+PvvrFz54eHpmlaHWAaTyGIsjNh81mOU3zaSRCRtZSa1k2Vxfr9Wq/P63Ww3q1AuR+WCNQHvrLq4vjfpe7HgjKUnPXg5uprzebZZ6ypHk81TJ3KUlKh8Nu//Rci9ZS1P3y9prApnGM72V7dTGNx/E4IXFZTsf9cb/fl2V6ePP1Mo1lmb7+8ufEDO4I1nUZAB1Jq0vq18M2XvO+65ZpquPJD++78XkVW2OUpyCb6ez1xDytL/3iTvohuVO4qpBU2xIJLXBQhHNixrA8oiO6ao33BcxKrbVOLLLeXi3Taf/8KCmrwuPDo/l8eHp++/PXiC5JEOHu/oPVsD6NJyLu+y6nFI/LeFrGaQYDp3jweOiG1dCnnARRDcxdUhpWQ5cTuWu1p+fdaZz+7n/xn/6Dv/9futvv/t4f/MVf/my1Xu33h88/+yJ32d3fvn1AxGpobqv1UKsio6s/PD7pYte3W9eFBfph9fg0Xt5dDH2uFRjop5/9/N/83/8Po6s5EamGntmiyJMQkEmrIlI/dM2x2aQVbfoKsaKrIZJ5xD6BMAOiVY/hKGQ5jWqPUDsWrVVrZWSrNQ/dzeX1NE/Yhm6PBTxiplnIqkZwb8jyTZ2EmVmr5S6zsMVngMgrrEzsMTmgt80+2veCuQA0cK2VCYUTJTnnLjg4UDTbEZkqMjGxmhECE5m5m9VaIwrZEUwVgDgn1cIp317fHE+n0HCaOZ4hCCZyg0CYrIULhaICEIlRiERrJQkrZyDHRMQAGM+gOyCCJFJV0Cb3PE/YxMxu+vLlh7/5m//iB3/wb8EBueXJBg4a/U/hdgAINBrD2mlukR8vQi/uX+z3+0BNwqcRmadxrcQByU0bc/6eGtfdSsoAiRmf909ELWfIwRGcOLmpVgVDpLCCIYALJwBUcxKOoxVJonyDmUOfbWDM+Z//49/86Wc/jsiHNsqdp/bWa8XJI36DSFhIuKqG/iclASJvNgpkpNaWBs2wG3hyhJgzkalGUouXGBUYzuqR4IuCgGgJP7EAYYDEM6IRs0No4SJ1AyJBOe6TuFVj0QawWmoSiZTIFCGh3kJXHTB1Xdd1tRai0OahmrkaIYXOdi717/7d3/jog0/+8rM/ZxaITk9HaOhVrBwcii0mAoh/KACkxAIAtWo3DJTEirGgVSMWQNRIPwBAQlVPklPOuROtGvtqPPzEXK0ioZzBzZDABzMG573OwbU6tBpQgfDtACJysEBE0rzp7akKD2JIACL2KViV1jUWNp6oOIhETreWLAdmAGTqSSQEz0EtmrmDhiI9IlnNFJmlkZxWaxGRCOE4O3GaigMQ411AQgf7hhLRYk7YD72DuzoygEGMGsBBhII31TsCAEO/zl3P3C3zZFWbwis4PwNmIkBhNoPmogirvrb0YyQQpjJXVXXAgPdaDxyRuedO2mbpjkjdMPT9quu7aV4AAFkkpTKP8+mUJCGLqi3j1HVpGPJ4OkHLw0ZOKeCPQFv9XF+iRQPfR4eURE27ITPLPM2cYkt2Igo1uTukLiGH0hYpkVazWoGwVguvt6mnrru4ultKncedlVKtAnKZrYxjvOJgOo0lvDIAPnQdiZRldHBOvL3cEOI0jl4dwIzQDeZpscZYYdxSoY93j4JYBQAtFclzTg4wH8dgr8zrMi1elQBVa0Adkgkc1IoplGVBptgRkPDi6mIcRytVIsm4nSwA5Czk4ClnjsBgi+UQkKksxc2F2QLQMThLIREBE4uB6jwRUpCejR5GiHxONXXHUmpsJu6wlJKEw5ISMa+BDDV/QjyuEHBbPLowDL27xT3RD31Kue/742Efgyn/lar5qIJGxCRi4Mxysd24uWkduo6YTO36ct0lcdPrq8vnp33fd9fXm4v1sBR9ejpsLjbPD89d7oDo5cubvu/3p2OZS+JQFgACZElmroFSGzQ1djBrTW3qnHjoO3dY5lkkR+YVQBzHANB2YGtBqcBIiF7N+qHvh3XVGvL/M+hzZohbQWI8Jv4NyRsTQcg1mSkWcgfwag7Q9WkZD6r19v4jM1rG3dlB6LkbVpf3RSuYEsZcYgDOTBL63faYUMo5C8dJGTtHVIOiqddpPu5Ou8fDu68evvr8+d0vnt//4vj0/nR4mk5PUJY6j1ZnNBd2AQArpAtY1WWsZZpPx6f3r7/68suf/Ojff/HZT3ePT13fIaXDcXrz1Tszvby+NHfm5A5LmZmkH3IEDDw/PbNBTnlaTuCec7ZaLi43VjRJXm9XZa6AdHl9gY7by8txWij1F5cX1ZY8rG9fvJhLUcXL62vOmHJapuXp3cN8Gufx4ADj/vjmF1/sd0+uuJyen5/erVbr6XCoZdpuNm6ktXJK26ub1Xo1L3PK+ebmxgCsVFAr9eR1nscj6tKj+nggdEdUhAI2A44EU+p1c02Xt3nYJBYhkpCutZJyDzY/itxjEAlosai6aVV1cDNQLVrrUopZEUmb7dVu/zSejohSS0W0zarX6uM4X95cqhZmfHH/wbKUUkvfD+GeLEs9HU7jtMTI5uoppaEb+mEIv2NYj7u+6/o89H1icvNxml+9vPsXv/Hf/a1f/d7rN2//9W//zk+/+LJWLdX+5A//ZDyeNptVFhkPCyGp6sV2dTgeD8cFCQ7HKaWEDOiVyF6/flTDi5vNx9++3a7X01w+/ODV//C//O9v374mCh0whFicuY07nDhlcQcEzzmZu9bi7lE5gsTREQsIDbMP2s09fKj8jQCP8OzcJWQuVc/sHVDUIVTTWuuygJsboBA6Vo1CIrAWOJNYpNQa31G8qy3mRRjMYvlnob8CzoTP1WIaj0FEA2EFAIfUdznnZVkwEkJC5R0ZZUzqtVlyDZhJqxlAcCBm5uhX11f1XMKqxd3MXIPoCLdSwM9gJsLgLWrdoqvFMXxK1CrJHSlU3Q6OzDTrrLYgIFMyqBQxl2Bazc0hrOSNEnRwz6nbHXc//LMfap3RyVRJCKLD8XzKRS1A12VvLGYAK0BCBFgW2+93pp5TCmlWTilkIX4mhLH5zrydg82AHAw/xa9gZlUPFq6qsrS0GatNXtF1XStrwlBJiSPWWpNIJDHF5BikkoMzC6L9/h/9W0DrRPzMhgdhA4CAykwi+ZzwZtJ1fZfVXISZUbJAzAIOjCiRRBtpvMDRVx2kq4MJR48cMrG5SxIicauExBRJQVHlEMUOEK0LLFKXk+kilEyNWlxOC6YMbDhw9CZ6QGR0Sd3dzUdzORFRa7J24JQQKVZDd6+lRGO3N9IHHVGCUkRKzFMpj4+v5/kQHXlxiYSWjFiYhSjFtB29lma4WW+G1WqZZ+k7YFG1MhV0Y2ZJXEokF1u4fcKJoWalVDONN7eqozAAgZBqZeJo5jEHFFHTANGIkBiirivGcSSK9Cciqs3igk1ea04RO+RO0cUR0kyzUPcRCSIHjuaN548VmNw8SA86F1wQU9911RRDe+mO5IgssQdHopE35NHDJ24xYeE0j40yiixNRiSs1Qh4GBJEpVqM7YJImDoGxLpUpLDphpGjzU6xhIVonKnbrDaX28vr07gLMtPMvolBIBZzsGrRZBS/Oxwwre6BoeszEkZ5TSSeIboIh0gHMDosCIlrqX3fL0upqqqq5kDoaoB0tncGfKMR60TR1eeQclqmIolqra09tpmrkFkaEB0ST5alVFUTlqrVVEO2ziJqZlZZqFRLQxdnaS0K6CziEJ4fZ2FweHz3bj7sE6NWdYDc9V4LE4FVdGNiYkG0ahURksQprIBO8YaoSUopJXMlYubA8tqqkpMQsqq1/mOHc/+gM0stOs9LymwAIlS1CpO7mVso2FKXkXA+HYXIqgmnaRzBI8WuuFld1LSaqYOnlFLO0Z1UVRMndV/mmYkcSE0RKRSWagpItSqdFSlIiExu5laBZL2+XOpCSAYWJHATNQNuLy7CDePm5hqiFhLSUh1MhOdlCYwzSscckCXFaMup4RyqWkttBzj6Yb8XJgRKOYX4PnKDg65JklRruJ+7lC62q9NprKXe315lYWZ4dX9zPJ6GPq9Wq6enwyff+mC77vvMr796lpyqVVdbr4fLy4tXt1fvHx5Pp0mYtpsVArhWIY7Lo+uycPKwC1Bck8qhwwYws3legrIMv07uUupSKIABkTg5uEahacuCiBsQSi3BFdBfaSoBbGte9JiehUNxChkyuQYhEv8YrjUC/YNbRALQcpqXaXtxDyDzuGMyQFzffACUTAsA5C4vtSJY6Epiq0Ck6L3OSdw9ytSIHEyX4+709Pb08GZ8enPavy+nvS6zaRHCzJQJhyzboVtlvhzytpPLIV+t+8tVvhrSR6V51QAAIABJREFUzZo/vFndbvr7y+Hl7fZ203fMnYhbfXx4//bt18DSD8N+v59OYy01GrVVy3rVz6dxmQunfhxHTnJ9dbXMy37/GP1Nu6eHeRqFZZ4mtWpmj89Pq1UHbm/fvF1fXlxdXj48vBGSlPqHhwcry2qzeXp8mscRHB4f3ktOq+36dDogElMaT8/Xtzfri6taxsPhdHH7glNOQu8fnm/vX66vLg+7JwJE5OPpICxe9bR/msdjWYrWEspnTB3kQftt7bdzXi95M6e1rba+uuLVthtWWYhb3kRMgqZuRCQs3Gok4qYxCx5OTbWlE5pGVoyCg5sRetetUt89vP1Ki602q5zTqw8+uLy5NscXr+7ev3672z33/frlqw+m8QRIKXdEPM7z6Xia5xkIAt3MKecudzkL01JrsYpE4flGx5wEEfqu+3v/1d/5jX/0a1eb1e/94Z/89u/83vunvRrO8/L48P7H//5HkS8+nuaiNk7z4Xi8vbt6eHzs+2673Tw8PFxdb/e7w9Pj03qzefd29+7d83a7mvbj1z9/d3f/4jCN/+rf/BYTqJtbmx1awCcAuDmCVdXFAKhqrWURiaaaQiyhj4wyUSQspYpQN/QWfYOlBsAahUoisiwLuEtkjJhKYrUaedsIUEol4uvrW4geU8RaVFgiHDcO5NzlmKvC/0dEQgQAZa7mra4+EARwV3dmNFMiCagV3FmEhEObG6TcUpeo3yYkJ2jeVvfIaTidjkhRwkGmRi1W35gxMOd5mUM7DgDsoZdIgA0ONzUDkCxlKZH0oN66xlMLl2QCiPrGcFvGjK1Wh37z/e9876s3r88pJaHKhEiVibugqiFAxGxUrUyi84LIpVSgMCa2KLfWn9Bag73prdtEGrlwTogE7A5dlxBBCGctbkaMiFzaIhGxk43PQWi6ZWAehh6jcQzbBwTmWgq4ETGhI1F0qfarngwQqe/7slR1v7q50Vq/4XwRkSMGzYCJtSgRJU7oFAXv4Wk+AzhRyxrzGhlAdJEv82JuErLYWtGdiYQplGBI4KboaO4QVVMQHgCkxMQctzkgSISBIbIEBAfCzCJnBziwiFCI1pCIzDEGbzj351BEzdKZNoscJ3BE7IbLjz/63tv3XzIRi4BFbi6yMKATUFWN6Co3Z2Z0MIjCLHfzqgoEx8O78fjMmIpq6OwhmHCmlBIYai1ILEncPKfOqnNit3o6nEIRW6v3fa5WzZ2ZHDwldqLcrWOpyEMuVRFAXd1cEpPwMPTxqXKXrZqrxoVNANbm9XaNujkzJUlhNgwZGHMCRzM1cEQ2CM0MALqwACBLQoBSlSXMRYRItSwsnLOUGl5BDRmNttvc47SBliJitVZ0QHImUoePX1x3KS/Fq5s3yQOesf5w97ETKBg1ZULLQG0JmkIkbckkoNgoXL0sxTH4/ajCCMM9Nkwp4pAREZFJBi11Ou1qXRAlZg5kTpJanBNhbVlUMZYQJjZHq2qggKSlRN+KKbiaqoZUDgEdVLW6AyeJmrdSFyt1HkcSJpbcdyJSSmUWdyTmWpSbE13MraohOAKVUgCRUM79shRVgzGphvbaAGqx2IetVgMjlkA7gjkNLjgNHQDWRcPawswWSwKSlkpMLExM/TDUUoOCqbVqqSwU27lbVIWohNpyWlQ1SqhqLakbLm5fPj8+iDAAWjHHMG9hBEkxkpupupaqprnriERLaUn2ZmC2Gnph0rKYmtZi1cAtKDyrCmYeaeaE8SwmJgd1MzCIXOGq6mYpZ0Yap0kNcsoArtUwwrya9ZCsmqqlJLnPJM29FFRFfBgH49Tdvvjg+fl9lGOEFhI8gAUqVbWaFuUoa2xqVUAEFiGWWkMVE/EUGqRzWK+I6FyyA6UqMgK5qTOR1RoomlrcN05Ew9BHT0fKwiwEvlmvGGmZptXQ391cmulqyFeX693u+NFHr6oaIn3yyYu+S+50OJ6GbbfM82azzkk+/db9aujfv38ioouLIQsfj5OpMcHQZ8m5qFbTWiqYBdMeGkRruaVkYOFSqKU6uLmT0LJUdyAmjhhNc6HWsNLMb2ZW1ZuAldwdotgyrFcIyBhuuUY6QTtx7FzhFEM7NLsAc9QbGYDjdHyeTruLy7uu387TnlPu13daRkJKXaeqIZ9AZEY085BIIocU0l1Ny6in57J7N+7eLYdHrxOBImJmHjrpc+4SDcLbLq87zgQr4c1AN9vVJtHlursY8u1F9+pu++r+8sP7y5d3F/e3q2+9vPr4w8uPXmzvL/tXtxeXm8EN9scT51617nZ7r1amaRpHNNc6+7luhRDNdBjWkrjasr643V7d7p6fhtX24vJ6fzwoQNd1ZanDam3mx+Nhu1mfpnm/e0Tk9bAdj/txHm9vbuZpTCIX68uljLlf3by4r7Vwyje3d/M8uuH2+obAwbFfbdbrdeAlfc6qqlaFkFHMl2U8zuMJUJklch0AGVkUXc2RGZhRMnLmlEWSEBIBg0NznqGQICEyBlgVZDw4WGSMIBi4aoXzue3auiFDWFLNwLxfryXL0/vXTHx5dWXq02n68osvnx8ewHWcFkQY1tu7u7tpHlM3ONA8T+PpqFWREYkAMHPKXcpdZqaqpgApp5wTEUa8Rtenv/7Lv/Qb//i/+evf/87X797+69/+3T/+s5/MtUY3Tk75T//4T8bjhEwk6fH5OfWSUjqMx+1m44arVW+mz8/P6z5Pcwkv6WkcEbzrEzNfbDcA+D/+z/+ru0K0kBECUEoSWtF44t08kHsLtYeDg3OW9WpznI6MorUgB5QDLBG77FqrR6nn+UhC92q62Wxub252+yfmwPDsjHk0lxRJWq/Wp3HUpYSCAsgJAdwQ2VvPTBP9t+HP3SOzkslVza0WJUZKbDGLx0xmatXOcxVZVa/OxLXWFr0CGHNncAtEeJrHUksgkWUpZ+cwADoBAqCqa/3/iXqzXsu28zzv68aYc65mN7WrOf0hdSjSamzSlGXJsRNJjuwIMIQAuc1dkF+R/5BfECAXuTBymZskQHxhBLCSKJJMSRQVUjqk2Bw2p6lTtfdezZxzfE0uvrGOCIIdilW115pzjK953+c1uOgW874PhM5YjiglWfh4fXu9npuHU09polKLhpVamra0lXo4BprnoYSIpN5evvqMe7Ia0sUfnJaHlNq4Gwn1xHgkW1eu0tepkUlSucC8SI6yGcjcCYJOrOn6foIkgIanqWxZ5t12+8//6T/5wQ9/DIjM5EltRsh/yy8vWwFEyEorV50R/RKpYy0s7lFLMfUiFYhsbW1thCi1tEXNY6gFkhTbdxVARBR9mN2dJ/kHMSJFN2sgYRALp22jT5JJmDB1wpIu4B5lhrnZJiJL3ydKgsvTE5JWN8ihKhCkkhSRmYhlt5nMw8OJmVjcIRxZco5D7kAonVBERATMjJDRY4hIBJztNVLONFJYxNqWjz/5iRTOFOHURHShEKJHTzFLIb4wuTkVzu0WszBjnlCMJRCEC2RsBgIR5gInk9E8jGWYxt2qKxK1ZcGIaZy8TxTxC7CeFEbAdZkB+I13PnD3w8PryAVaYIQnxZ8Iz8dzzrwJ0TW/dCZCYuzIXXPIZwzILdX7YW5VSikj5A8omI/KpVlwDGDGcMh2kIQyMQwJIUBKh/Nmn5+tsDBFn1jmI4PuYapp0Li0cvD09uq/+2//67v9/k+++zcZNJwL91w6QPR2wN1FpJSS5NnIqowQAVXXdV0jQBLTDl/sw9IkQUTZk0RyfTwc+lCxZ4Bw3Vxj/mbI0CNMIPV2xOSqnkm9AKUKAs3zMkwDS7G2ikgKNohYW9r580WgnAEEGBKQiKqmcyfCRUgNNvt9ECW8dl1VmJk5B7qIIcxtVcvXLDUh40hMzFBrba3lr8kTyNyJyNwiPC2YZtYfzQjEaK2VsRLTMmevQvk75Dg5D7JxGJLHDNBHbIGhqgSxzo2R6yBh5mFSxM2Y2JY13K25rVY31R0Babvd8ni122/Ph4dO7HUL076CbK2tGgDcY6dASt3s924GYBDQVq1FUkam66rNSpE6SLf2OhDg+TgjUinsamYGBMzcrLXVhipdMemWHlu+iErSA5S8/XyyAjzvB/4CuVNqFlt9v5e1VwQTOdhnH3+0GSdGDkAPF5K2rm6aje3tkyfrOqfDphtSMPpGySypApl0ChAM7G6IGBa2NkkzA4urJbVAzYjIHdSMhUSECV29CtdSPOzqauvqiDHV4dndbWuttfbi2d3TJ9en0/ntt58/e3q7ruvTpzeHx9OLF8/efuvp4eE81IrCZZDT4/n29vbFsyfvvf3GJx9/ep6Xm+vtbhpfvnxYmm4mub3de8Dr+4ObAXifzfz9P9AhwgAZE3BBPXxaAhwtkDjfsHVZSimMEuHmLc0DOeXqclGWDHvs0zboErzLV4AQ6O6ROUAe4MGIQBBZKaY+B9POq0TUTKXUwnE8vAwzZBo2N9P+2nRND5OquplwLUWIiUSkVCIBgGhLO3x+vv+4HT6P9ehhblqZh1K2wzhV2o5lqMIQgrCppTBS2FR4O8hYyygyVn7x9LoKXu3GaSgvnt4IxPXVNhvaq900DbLfDtNQ3nh+e7ObHPiz16d51dPp4OZqVoS5SkDXH7quYA3dlvPB2hx5ztpqbREpTLTMax0q92hKCQgRCqP9fh/hjFxEzJtIYRQRJhJKKTfwuras6+bTCRAIydRUV5G6rst8PrS2MMKynNo8h7a2nA+HB9X2hTfFLmcudlIzMKe9LMCcIJIHhQREhZg9ixekiL7LxJQzRoRrJ6KkS9UU3AGw/8gBiJE/JYm4NkIad1fz+fz46pUjRUQtVWdNguKyrqa+maa7p892m83j8cgk83Kaz3Pui8wDgOpQ6zAM0wCIbdWmWorEJTFqGOpXPnjvD//gd//Fb30zQv/jX/5/f/Ktv7p/PJ0Os6puN9P+anc8Hj/68UciEkDDMJRap2mahrouDXu8wDJM07gdlqWZ+zDWtOouy3I8HM10Mw3//v/6o9f398KkFkycg4cUpVkWjAGujpIyaUAAEYyIzbT5pS9/+eOPPyak9Cxhcjg9EEBTIJoVKIB7bhbQw99+593XD6+X07mUipjJu9hjojErWLg/Ppo2Bsqv9bIVJ3M3cxJyd2T8QrPbxeiQ1OBIgYoIpRxc1zWt3hftNZo5Y89VTN9qjo2JKIvvi8MhXXZWRdLYwExAac8NZAyIlKuXWiDCQ7sfl9HcMXpqEiGa2nI6MwOxAGAzFyZTM7UPPvjALc6nAyJlBEMvDRkhqJCEwVAGgB6pkPtezIQGR+pAT27rUoqIcEC4dU8konwhkOkVegR24T1CWmMT8x/9P6bogllSeMnEHvZ4OHrEWEoClDN+NGVLCTjPsctlY5TvVQjzUGqEX93s0eN0nMtUPRwQCpd0cpYqLAWR9lc7Mz+dz0OtLAKX5I2OEcxDu+8E+t/eAwgo42sy5RcBpHD6H8M9CJDBOvw/K//eU2aPkb+zqQPAOG1SZ9I7CLwAJwCpq4FIkMCh1vLFnoA4/Vmp+QYpHMiSCKMkyEknJokUJOrsmx5Klp1Yn+tlRkayqgAw55gZv8ssLExIwtxWc0/0ECCmQyY/S0QCBo4INcvAnEhmq/XlEXDZ72+kyHx+7CAjRsdYmxIhiWSTSEz5f2EZiOjh4eXaDkOtACRU8m0jkoioQwVAqYOUYp7IWWDh/Ej7mUGQ5mOPIIxSBBG0WSk8bXcevurMLBmzk6ZMzLm6hUds9ns1Jbw4ToBMFZGSio5EeWwSUmTsQD7AxGaeHTMSJm8jncqBgFy+9eEPXj08Xt6m4AypDMAelgyqhgFuAQkTy1iYjGMKKCUpKbnMiMBgIQxIcZR7vHjyYjtuH8+HRPkzfVFkAAAwDXuIGKax65YiANBTb9oxRAlDUCBkZg+v4xDNwgw8KJMMHM281pJcKSaOAFXN4YFrTJsti6zLAhTIPExTbt+Oj8c6lGkswrCe58JYqxBzRkrVoUKESBlqWdzf/+qvT1e3D69eFpZ8HMHTMU6B1NqaDqc6DqVKjhAgwFSJYNiMxCVX3gigSyIgkKiHVNehuuq02wagmafEyAJTyjnUktmAEeEeUiUNtcRsanWQabMJd3O8e/781ef3Dy8/ESILS3l7xiiy8Lo0EQmHDKIFgHEa5nXRdSZE6FYtQoR1WT0i01f6OQPR5iUQa61p8wo3NycCZoT0D1pYgFRBRGH2MA9a2zkce0cbJiyCgsxrWwhRzZhQahGiIqJNbV2T3ZQFJ6TnJKJQQaSlaf5MRMiMFp7q/FybqK3g3Yqe3lcACPdSJCASApdGY2IahpI7PmFZ2ppQakS0CLS4MD2rcFE1JlTz7XaaNmNb1v1+uy5tHOp+O949uVnmBRGfPrmZxhGR3nv3jd12XFfd1IGY33nn2W671bM+fXFrYfNpcYvnT29/6UtvjUN59ephs51urzbH03I8zdvt8Mbz2+O8vnz9ANZrck8ALnXIgpkBUM8TAAgFFCTKTWsCBLJPCMT8H72Z3j19vqxruCGgh6VoFBCDQC2RXjmlc7jgySgzxZLp3dWHkKYtxCSdO6VgzoMT1QCUuS6EsMwHc93unyKL2orE7m6W2krpSwYuAaDLcX34pB1e+npyXYrgOI7jUMZSt0MdByqMjFBFBLEwbga52m8QfBK+2k53T66HIgyxGcrTZ9ebqRQmCNxM4zRVItjt9+vS1hbadLMfhmEgls1mGEr5/HF9PKyn01lVw8Gxiywjk8IpC2YmwIAQFl3Oy/GRAOfz6XR6DbHqOi+nI4PPp+Ph4RUjCPHDw/28nEzX+XzWsAA8z3OEatPT6RG8WdO2LgiuTZf5bNbc7fRwr21xVXBz1dZW1+ZmZqt7ZHQOAhEydMdjshSYkIiIMWcaqfoklsLCpQiL5PWdOWv0xaw5Jy59nOuAYGYppUAAIgb7+5u/FKl1HFJFuc7EPG22x+PhdHjwXBE0a6s+f+vZ/u4KsbiuUujpizcQ4XxezHVd1qzswgNZps04DNNQazNtSzPzcaw5C5jG4Zc/eP/f/Ovf+f3/7Lemofz19z78v//kWz/66OfheDyc53V59uLJOAyF5Lt//b3j+UxcTsfZbB1rXeeWaHYPUPXVrNTh/vW9mh1P83yamaAUns+LMH/26v7Pv/Pd83kRwnluzJwnDmJqr3Op1YXYzGnCCTf3ACZZ1+WnH38kXBjZL/dRJ9aLdNdQloqA5i2HYRD4+eefmTYh0WbRFXQeFhBRisTlOE26DlchgAjo9GpExIwxSR9UB+xwrQDo6v3yiUDAsAAADbt78vR4fGQkUyOSlCKUUvIqJkoRZvQgIe+I4tz6uzpQmiI4azbPXANPwAx6pwyZul5d75p5mBNLeOTh7O6ZP4rwhV65z+xLkUD69NOP2zoXKgAZw5AbqcuYPxwADcy7dJAuixpMEGFHI3hqHjDjdBAj2dyMCUjFjtPsFwQAEASUmrV7CoFSCw3ZQRGTG+Zmm7m8vn9Mh2viXBA6leXvhfjmkFKFAA/IseJlSkLn0xkcmuq02b351tun41lbq0PNx2PV5h6eW/rE4ERkER4IhD3pFhFZ2AOQULhkRNslOin370jCqY9nFvMMfAy4BIERci5ve4dFwEwQhIDJ6MwOOeEmebHkkkSYBSUVVEQMQOaWjGYEDPB+VCBFpFMuVSS5PCBiAWK87Cb6n53o0nQCELp1MxIjSRGH6PDrnOqqIlARGbdjVoPI6bvNp4HNnZiL1KTHpO8RzEst5kFS9zdP1Z0B1zavywkx/SbIIq1ZdKcyCzEgQ4Cq1ml09Vw7AZBZUCAzERXMgDMkoADkzATBZKdW4loycSGJ+8QIIuYhtdSh6KqIQcipPTZbGSX5WmFWWAoLEXo4RFAtZZjWdc2MNRLupnfAPDqS1dSfYYhaZF3Xp89e1DocD49ShAXNvdTqntUcqPq3/+ZvP/vsHiC0WRHJEWPuQL1Tn5CJd7t9a4tasgR7/Y4ACJT2jxTfRwAWhoAEcBcpAVFKJebj4dDJU/lruwMbGGQKjKYG7gkxyD+Di0S4EHT12FTrOLR5FeY2L7q2aTfVIYGjnE2VCAV4qAMBS9oLh6EOADQOg5vl0BIDIHw+rwA4TJOpgoMFvHjvK468Hg/m3pqXWnMKFeGlyKL+z37vX73/pS//1bf+NNzCg4nyDJSSuiAtpRCRqQ3DkJqZiFakIqG2Np/mXPxFGrERtbVxGJiFANzNW3O3NLkSkrB4GLqbGyJq03Veh2lMjvd5nqXUcbtJIOk6zwQUHm1ZQtehirbWWgPvqSYsGdHsadB275JWAFiOJ1BPDX0WzNJXLoWE27yC95B2rjJOIzBFrGZaa00EBCSaEwMhqRKZjuHDsPvN3/79jz76QfJlEcC0SanazMEcPAWdjAwIob7aPE1Xy7r2QAbCUphFwq1nc+Z2ta39pe1TsWDEw+GRSx3q4Gbp7mIueRF6S89b5lSl1x6/CLfb7rdqqk3DwsxJGDq9O/rsjrGtjZEAfKp1HGpb21ArE+/325v9dL3f3j88DmV4+61nheju9ub9d18I4TJrEbm9uXr37efhPpTh6Ysnrz+/16XtpulXvvre86fXDw8HbfrWm08w8Gc//2zajF9+97kF/Ozjl7qqe/eQ5JimKzUCHTA9ZBkHkUQQB9emCISZG5/ghUwysQjwzWY3L2fT+KLsS1dRWowZGAEdIMyyhMwZiLkTC4DlSoX44gqgHO9FUiTNDalLhlLvaM0ynmd/81zN27oQoKqKEJH0KypC50N7+MxOr01XZhDhYRh3m2msIohTLdNYhCLCCtNQRRA3Q9lNw3Ycheh6v52Gut0Om3EM8yqC5NtNmYaqq+bofRirmw5DLUTrsuSsutYybnellKHK5/fz0txDOxYlZcw5UgTwJHtgH0sDknBB4NxQExUmIYSh1CLCzBTEpXtJhjLYOrspmEdo0jURQ1vzLLZV3VYAz0e5634hPFxNs/iGAAjCDGNFIuYuOKDu3YGEcFNCw3NOl/0AUMdTAgBYGADkEDci1BP9Y57bHE+8QQrleuoqESe7s9ZBWIjF3Zdlbm0RGWUcX738OMxFhtsnV6UyhD99frPdbY8PB3cNj9unz5q2w/GUhihAIOZax+1mqlIRsKmuy4LYi9HdNH3tl7/8h3/wO7/7z39zqvI3P/jhH//ZX374/R/P56VZPNwfm9qLN5/me/2Tn/78L//i25vNlpDdYL/bQMTr1w+73aYO5f7+4fpmS0jzeXGPzWZ8uD+cT8s4DY/H4+vHx09fvfzk5WcYRoGtNWZB6HgSJswY7EufBCTATK4WlmY7MDNhQmcMbLpCX9p7QIhwJC0vLvN1AASoVTw8xdwQOdCxnL92JjLhuJ3A86VGJELGCNC1hTmm+QsS0I7uni9xZ1kCubqbMyECJLWEhddlHsftr/+DX/nJT3+SpYoU6YydAFNzsAhH4ucv3jqfTj2MFDMWE8ycuGcRJpQwzbkEFBiZZRURYBmWFdNmMtUeiZCTdEAh0rAs4yzCUq4jxEJmBh6VKwa5h7siEhfOnwsAwAORgMAA3HJ0ntLTPuZgROR8aCHcINAiyihqhtDzbs0thQa9BQkEcOpTxfBmlCKIACJyCIAYN3WcNm1uROR50bDk/gAJhSSNgkBIzMNY3TzAMafSmAwgAgBtxsxqTghFuI7jvC6Ph3tIqU4Oh7P2zJ8FsZRiDuqaWwYmSolyfi1Z5RFxGSTPB7OeWUup02HCzG5DSpGfQ+Q8HgKYukKjLzEQAEmqZNG2akuxjUHsdneQsWkQpRSLtq5tGCsiq7WU8xNz3k1MyNRl2szMlZgx3N2cC1Ofz3eVFXNv4XKAISIpaQIAYZbOuggPZMJay7KuwsRSwmMcCgIs58XUp82AxCQyTVOGpiESuPWtDlK+QVJKGaY67pBgOT5eyHqAhO7ORUoRB0IWvERGMBEQ1lKlVA8k5gxHD8M6SGg4+DCNCfXxCDfvBjnPLxHUzJp2BW0uUXMgEADh2rTvYSKAMPUm5pFlpKtmvw2QZlk6HB6pPxgGABQX20pyIJlUDSCw++ABkc3teDqkSAkcRKSpalMijnCIKCy5fkRihHxHEmwFGD0Qg1koUT8AkMaO1AZRDju8C/wD+mYigAKIWF2F+bwcz+dj5YEYOi0sk+swKJCnq6cI4KapWMqPMN9wMwMAZlSPUsUh1nmFSACZl2lAxOPjQUrdbDeZ95YPEwSqmgwDAJYiAHA6nsI9SfkRQYIpwNrd7IoUCDDkX/tnv8NFfvrjv93fXLGwtjbPS7kASba77fc//N7ffu+vtpURorWWq2ozdzckEK5ARMiIrubrum6vr5ilLWcgMTdhksJuHR1QprrdXiHLMi9JcZJawWFd1kCoVZjZWjPVHGOXoaLIOI5NVwQHJKlDqpu0KREBgUgxb8M0UKHWVimczVqEt6ZuOgwDIrMIC6kmQQyEe1RENgaUaACCMhQpnDQeqWXVlRjCbG2rayNEbWpuTERAFh5ggFhrAUQ3Q4Rm7Re/+Aliw6AIR44qY6kDojdbCDl7pyxVkXBe1w++8qvEcv/wMmnFiJkd64wExG4uIiIyDFnoh5sn8KTUKsLr2nReckwSHg5h5sAJKEijmBFzALAQEjV1U3XzXKMjUh2KhzNAIsMgwCHcTVjGTd3uxpxfXF9vCfHp3fXt9W6/2z88Hna77Zfff2u7mZ49u33/vTe307gstt1tnjy5efrstnLZbTe7/XQ8zrXIs7ubD770zna7e3h9vLra3T7Zv3p9aM2+9O4LRPzwhz+bZ40E5UAGDrBDzyIlRJaewsmVTRWRAx0BqWPKI9VTl5lKpqPD4fQQASIFwtL4C2lwIWAWxrQW2KU9AHdwDCK+vblty+JuqVIzNRbiItApeLSuax2H9957X5udTrMIq7asjgFxs7+LQLMlPGlMwsTupufD+vhXzMtvAAAgAElEQVSpne4RDJmmaZjqMBbeTIMQmRohTMNQigAGEY5DLVJqlWEgkRxS+nYzImMtAmDR1lrEWpuGKkLTZpyXlTGKyPXNrelSB5HCACgyhEWiNcZK5vTqmDPDlLx3bIRfZiB5q/U9uHBk1U10mYhghrMiQIpoIQIhhjoA4DCMw1BZOMJO54O2GcOHOkoZpBRCgRQchwWkszDLZMo4jFz9ZzUeHeoNOee7kAhS05Vnr6fUJOXLqTG1iEy8tpyUdmpEQADjF9vYzpbNfTgCSiml1lKLVCFiczU3CGymyzybrlLrOAyP9y+JZXd19da7b7R5Xpf1cDj99Ce/OB5PQ5Fh2tw+fbbMc+vuplKGYZw2tUq4t3VZ12bWgKBUeXJ38/Vf/9rv/8v/5J9+8x+C+5//9ff+9Fvf/vD7P5nPCxdZVE/nhavc3d0QMjJ+8xvf+F/+13/3vb/97v3r+/vXr07zGQmZ67wsb754sd3uXn5+f72/8ohPP7snpsfj4fPXrw+Hh1cPrz/+7NPzPOfAuC/9kHP2DJDJUJgAq4gggq66jtDVLnbGzsISEc3AjejtAl1G8gjAQjkqsiR5M0GmhwJABHNyv4mEM/0meSPNFDttg4jRwxE41RoAEQZ5L0SKu5C+ELjiRdIFAB0RiMRS1jb/4Mffr1yKSGDUsZJgay16cxuMHBDn5RyuqWlJdSskDigtWxDRE4tzaZBPTZJvwiNQkIBP55NfwnaSGAgROYQgoT4pRGYkXd27SsGY0fIB7sCCrCagO0S7xzlNin34mWt87JzxlDrn5jZn54x5SkKkEhv6J5lfEtQqpUprhg5cBLs4IT92cA8WnJflshh2ImS5IMXddVUkSimFueULV4YKCBE4jEN2Yq5ah5oCzpQZuwMFFi5Mgj3VkaRUujxAQJBMfQ/rFh0mSD0tABBkzQwIUiQimHkotWlLFSgjUZIdAjpOifIxYLhcfIgZSABU+Pr6SdfaXnzQw1iZyAOvb9/wWJf5xMyq6zjs//V//oc/+OGHyFDGIT///DqxOyExASW5MSUi4ZKLFCLK6XitY9bTkQI1xNxX9l+Uh212UUSIIEKO+Nvf/G3VdW0Nmd28rQokdSwAsM7NLZgkAGupnqh3RDNDos1mBERTIOHj8bW1cylDEkJRiIhT2B4JAB2GOk7hkb1RuiMiYBhGLqzqJMJFehRASgS1ZQ+VQ35ARAJOcn5m3+ao8rJjEqQwD/Dcc8Tl4JVSIyLlFaWQFAKkVRt0XBXXUiNCrWWhJkWK5L0PLMzMqaonwghjolJK0wbhzKW7IpOIUwggoKNvATkvF4x88bqWNCf6jsittVXXDBpKdSFjJsGh9Xc1a4kgInPN6WpenZYAWSk5ce47BeyfeHiImYUbMwdYhIOHAwmzuSMQIZqBLbo4cEn5tUcAspxPMxKUoUbA6XymnmcBZql4kfAM71yFBcGlSACERa3s4cyi4ct5WZZ1O44V4Vt/9O/Q25Ob2/m0uBsxCRMPoud1nReqNa1fJ2u6LBHRWiNhQYkwRCaWtS0aFgCZYjRtr6uUX5w+LCJgEA6nwyzDoE0BQDyAULUFGECmDVh4sPShCSNCYCk1BNxhns8QuBKw1Pl8rIVt0XVZoCfsQWDM67mLZiC/ywjIJSYQBwGE2zyv4Sa1ZAHTVu1TCtMsKj1gOZxTQzlO2/BQU6QeKGOmCeiCDHBJolPy+x2YoDVNrIt7ELHpLEgWAAFoFOCLn5staRoax0FK1aUBAITvNuOH3/+2Na2lmEVYqLUEgTXVvA7MWqlF0xxCANTlz6bqHuhYhpr8KiAIvQDvCUGNWCTEQxESs2WSyfCd5gYkAOGFCZlsNWT08ACow1BrIaEnNzfzvDDS7fXV4TDf3dw+f3Y1H5eh1jdf3D19sqtluLu7fXp3czycXryY3fHu6dXTp7eHV4/DOGjoi7sn11fbm6v9izeezeflrbee7a6m0+ks+Mmv/uqXb3fbP/7Wd9q6gqtUWecVwJkLE4KxmnmzYBZOlDKj4HxuhRGQs+FJwTfknI06KzUiPKBy6XCv1DxSNNcIC+fUkyNEuCFwXrduBkju+vDwCgIIGBG0BQSBk2sncAuzFGGmw+l8PJ8IItl/ecuEe2vrtL229RSEeUy7ntfHz2w5YjiXjP+WqVZ0HaQAQltURDbjsNkMWSmKUMYjXF3thXGdT7VIOLo1bU0Iq2AZRAoL8jKvwlinIfWaD68emctYoS0nHiZkrkNh5vOiY6lI4wdvX728P//NspiaM5t2/E24h4F6SzVhzkJAgzAopy6YIx9LvVVAQIqrIjuohkmwDiCiadqN4yYsTsvxON+7GwDXMpVhIBhBvP9OYenJDgminPdCoYvrEXrEbBq5MioCkqYeTol5RMy9M14MbZ3xRT2DMBWpKfrDgIzCYBQuTCwellCgNL67pZHGI6y5NVVtKxLWUtu6IgISHx8PP//hT3VpQoQiwgIETHJ1fV2kJmWBRZgLM4W2syq4Bwaz7Pbb995799f+wQfvvPmiSPns81d/+Z3vfvrZ5+elFS7DWNT84TibulTeXW8YZSj1t3/r6+++9yUnLKWej+eFMPDw8vVLQVH3Tz//rIxlPuvPP/7F3JamQYgQLXcr6CwgkdvgTHYEy2uPkADDtVOoIBzTTYeUrRMn1N86mE7VidQjXE1KxUzVQUPsX5Bd5LmQOjxwRObcoUUw4bwqAeSgmphdY1UlRHNHJ7cVCodHOELq4v0S3cr1yZMnP//4I8Pc6xgjl1LCyFQhvNbiDuM4aNMwkVIi2f/hy3lG8ELsGesTqBEirEsT4XxCILFKnIFcmCcwE7KIR7D0aF4I0AwS6RVOMHHugQGCK0NAmEH3CyMEAZoQBYSDSUg6lVsGFwhrJ4cDEWdiMXC25BHddplae8p6IT/zFOMkY8UcCMmaMWMzJaYgcIu0MGWYMQSGYwYmEAsGrLrudtuWoenIVcTXSIBJQijNPDcBmVYJDITcLGmDaTFLigZAxLKs6SHdb66W9UgkagYB6pDQRWEBzPrfkRmYome+gEeoG5JIKUKcO/zkwwhLCsYgAgMSt1eYLUxq/frXv/md7/x5HhFf1Fk5HOxebdSsaLMiBaRSx6U1bWvm2f+98ZqgAr969bMIHcYtUkgRZPjz7/wZVRKpEBgO7msCSnMTjZEbIUAEMEZHDUcgcAp0QqbCm/2Nm1tbVNdMhAAEpEyX81zlpCvNvUeCEdF7777z05//KNBFxJ2IqHl4ABOhgJRBhiIebsb5OTrWS3Y5gqieuXDhAt3gTt3iysgO6XqK8AhLS0RbFhLOGZaquq7q3lfb4GoNPdzc1T2AC7kGEkEguCGhq2XmRhAHhHlkPBsjujsLkYiZtbVlfSLMazMiWlR/77/4L7/6q1//n/6H/359uNeAQljHITzUW0IpuxjYwSnMHCGaOpCGghRmFmIPiwgjQnfOvLBc/SUgSlfLzVK+Mm313v/mXYBBSO5QuLp5mjUyJx40iKhpSq4AIXGxmUyiHkZIxIk5ZnBzpADwTP1NyGk+KCkhJuBhd4OpbSXODAgATn0hAiTLLJNBtRkJqRsSj1MND1Mj5HAIN22KSO557+b8AwtzGmGDABFNXQqnCTkQMKg11+alVlf1NtuyJv+hLSsRgLs2T4+jup/OJ8i8clXOHYZ31opqNFUPQ6bCBTxqqa9efn46viqlRqC5p/O9jmIBpYi3mI8HjMghhlkiXtM+4uZqauZxIfMBQGw39Xw8P3/rq//oN37npz/5MM3CCOBmSe0DD6ZiKQ4BbNpUDQG5EEKEep6gUmoAWlMwN71MoSIQgQqBY3jUcQSItqqbl1HUYrvd7/ZXD/eviTgw3PzS4kspxdK2lkBPTakVJS5aVyXK640IUd3cVaQyUmttnlcRUm0dfBtJ+YIkcjIxMrmZaX8zU6Hh7tZaLYWITQ0CzL0II1GEq/mF6wo5cXrjzS9tps3x9etUTNKFBcFMFuEeTBmZipF7YeixWYwY4dM4jHUI87ffeLEurRZ57503GOnZs+u72yszO5/mD7781psv7nab7fOnt2MdwCMNrm8+f3Z7exUau+2EyN7Wq93m+fOnV1dXGF6Ebna71jQifum9Nz/+9NPvffjjZs0RmrquWkVSluceZpDAHQBv2twivReEPdGGAJmRRTKn09xSe5ruNi4Vuqo2/6VLOS8OfXPwjC/ZTtsyjPP51HOXvccjmDmEC2Nir1OpZWYE5B6nxwNRXi2ZD4LhBuHDOA3TzbycSxFX1fOr9viprWcsXMdpHOtQGAMJQpiEyJsj4TSN+82GEdVUGLebQYi3m831fgvmp/m0nWoAMmEtxdrKDIWxrUstMk2lrW3aTaVyYWbC03E+H85DHYBiXZuI1CEP9yCSYZCxlseTrto/G6mFSZgESbALqkPd1D1NgQjUcy078gWxEwZTrowe4A5IaADZRUdns9IwbLbb3TjuSikROp/uj6f7+XywtiBAKWMpY6kDkuROHfrb2bW00DW0zJeBGfZ6MlfeEECXqVzikrMbo8DIGVX+MzOeiYhFSilSCmD6iREgzDJGOixxxuEWEebmlma6m7vnx8PD+fHBAtzaOI4AuNltb+5ub26fTLvN6fCwvboJgOPhkO0SAVhbdV0BYH+zf//9d3/rn3zjd//Fb331gy+tS/ve3/7gT7/17b/58O8++fTVPK+pRgLC1lTNp+344tntk7vrqdZv/uNf+epX3vco//u//w+/+Ohn7kiEpdROvUQ6zcvDw8GazuvalsZMyc5gklx4eKIqEjceABcoZCoyzAwRzG3aDLkAzF18FlXNLIEnkUsVCGIopRIRcQIn8v1CFMTUnefGDROwSA7urjnwTCldgCMTpE7WvYggQjJJiCkCw5KPRxGGASLUdF3WGQhykIeAGRSUywcCdABVdVU1czdmUWsRlrNWdQtHXZWFWTork4AcIN0I+Rhg2oujF9epL0s9DHjieuGidcH8ZLuYJZcnSG6hiyV10XPxBJ36MEyDtpZz51S5kQhAJE8e7GJpDoQLrge6NC1vxTBT76pOck9ANkEAMiMYBC6rfvVrX/Pw48NDEUYEJi61qLmqZ8WNDuY+jIO6hyU3XAByklgsApkihTddAIQAxEWySkF0qSWnp30hkrREjO32+hu//o//7kffR0QSEpEIMIiEECKmHzQJREltAOz2HRaRUmrhouYkVHlw9yJcihBROntFWFhcDRCIMTzaYmZaa0mDRARQJogBQA8pQ2KudXAPc5QytmXmFBZSBsCgDCWi78wZRUoFiAQKnZdjETFzQgHCuBwgRIQQedhGgLBQqrKQqCTyE4lFqCChe/OwUjcRWktR85yf59NFwuGAxKWU3F8g01/89XcWXWodLnFc0oMRkKTWhMhl182ArSkiB2DSgaD/mgLUbzpC9gCwdLsRAiKzlELMAFrq9t2vfNORwNY0/EiSNxFMvSRoBKEOw2Z37RERniQY6j8DAeSvT2s0BwSyxAXGnX99wE65zAslN6/M8OzF21/52tf/6i//4/HhPpmNHNjWVaSQUFp0CAnMAzMCnAJ6ZDJcQvcyBTkQ0xGOyN3sDh7eufOR+OB84pCEycyiM+ubWVe+JWO0a2KDJEGL2LGBDpAWoOgRRBmVFZS2bERCNjcAEqYsy0T6Dg8RuYx7c4/w7WYnMtZxCnA3l8I5DWPJOMpUs0DqN4RJm/VlAgQJ1nEIiAT5swgxe19lXjYaAcLceZ09/VTqZpJat/vtq5evmBmAluWMgON+9+ytd0/nI4QNYwVAaw7uRFikIHjikzEdMw5cSJtxZmYDhioGEnEtg5mbKSKWUt1MzZpaBlvmkRoOLMXMCVGE8oCDrNTSo8/S8+cBifH+8dXLlx/7eswrnzqfzhFRmIjZwpgLJK0JIgKEOK0kCYwbtiOX0lqDiGGQru5CVF27Rco8XJHJVIGQiEwbAJCIWwxjNVOA4E5Bg0BQcyYM03R3YQQzlVJza8TCy7oGhocHBvdoAr5UoylzD2bq/9VT94IQoM0Qc/CW1wYEGCKUUiGz8SjzzDEQ1nklolKke+49hJmJ5nU+nw7ZEVgG6ErhUhDQVFOdxyLgzsStqVTZ7bamrRSBABHejoMwv/PGc2G+vd49uboaa3nnjbv9tiJgLeX9d54/u3sylvrk9noYBgba7TZjlZsnVwPLWMtQSy1CEFdXu6fP7/a7Tahtp3p1tVtO893TGyT/ux/97BefvAyi4+EcAaVwLZxLc20uiZ6FdLIEApppLiIzTz3v/ggXEkRM/Hbqj3Ot7wbmliZ/iH5l/b12DzF7ieZrayskSdo8R57JEJDUIEcwMRClXz8/WJYcwWT+SdqjANBJhMrOdQlb7PTa59foXuo4TdvtZqyFIaAQTUMRYXAHhGkcttPo4af5XIVLkcoUEbvthiBOp1PKxpbzqVQchuHh/tHddtspVAWgVLHV2rJOk7Q2395cl8LLfD6fF07kKJK7iVQiZuIyjoVhWdvjsRmAubsFIDNzKoI6VDmDlExVWyYtBHTkGQACBnRNfsoSIGvE1PUDIiYIyz0wzFq+s6WOm831NO2HcRsB2pb5/Hg6Pazt5Lbmu0nEffhE0nEbRIiM/bjIXkBYCrEgS06TiRER7FLJQQB0vEMni6d5OB0FAZ0pz3l7QS9FUrVJCGZurpCZEuEsTGW4f/kLbe36yfN3339vf32FUrdX++fPn2522/v71+fj4dnzt+flbKoixcKY6cndk6/98ge/+Zvf+I3f+MYvvf9eQHz/+z/8f//s23/xV9/72c8+WeY1AoCJRcap1kHaYuG432/ffefFbrfRZfn1X/nKV3/5SwPXJeD//OP/+NEPf+QOCQd0SLgkMiWBpEcfhloCW/KLAiCRDKCI8CB3d0fI/s0xAAiZxFTffOON3Wb78vXnIrUfqATI1FG8nVAXECDEZgFhlNPQHq4Hnjk93qfITNC0Xe2u33zx5qtXr2qpCa4AJPCMzUKpsttvXd3dai3d1p+yRkuHXm7oASIISVvrgoQ0bl4CPeIiPE49Q4ADwRtvvH2aTykC0Y5jBuoJZQSZnpNZhJSbw7jcR53NFHlcXwQzeV3lUVJqCQwA1FWzpHGIOg69vqBuAcoFAQluNxt3NPWc6QOghzGwaeYiKaJI4TDrqrycfUJ2b9hUb548udpfv76/pwwEyDInRUFd4sGvHl4dj4ciQ+YhUiYkmGe3a+6UidnM86yQwCWMgCDhCCuDDOOwzmtGEUeEMBtEGSsAODizgEc4mHkA5jicEMdxOsyHH/3kh+M4YFxk04iJrUntXq2VWSxh/53BAF/8sotyiR0METbTlDd47hzKWJa2IEQdR/NAiNPpREhDrbv9tjXNvwmnRiswTxAklEziZR7GMVud3v8Sk+Q6l1OEg5AEPE4RZoAzpxJKpMhQhyIFMVluxIgl9ftMSAXzTxcGAkAYxnF/8xQAlvXktgTwv/mv/ptPP/7ocHwll0I/gLgU6NMNTmyNWeSfx8TNvBRhKVyERBIkSlyaKiJac1sbiyBRGSoyU5H8cYZxgsDCEgDCwtw1PLnQCwQmJimplTLXMl2H6vnhnkRKKaoKEUwFgItQZp4i8TBu8j2stVikc6Z/0XBJsvPAUoqnlyZVTUgQIFLTjUWI1gwRw7FI+ejHP/iLP/1/xI0iIowRchQuLJnewszMrK55BVOueAJY2NXScuAOxARm+edlHAcR9tOm19+9KQSIDGLPMZ+rlnHz3jvvH44HiKhTbUvLJFzuaYfOXUdd3BpiQj376o8YhSkQGKDPriE4lYrZygdkwlkESFs1zJhxXhcp4/H44BYeABo5dzNt4ajtLKUkfT4s5lU5N5W5twWAiHVugMGEGJiB7aVUbSp1am3VNiMSADazHNsTUSlFhMP96u4mIsIMwcPMWlzf3n32yc+X06nU6maUpm8I1YWYTNUVdre7CDgfD2aUtn3oQcHBBMIIHGHh5sw8ToOZevg4DpHTWchSgQBju5/WeUk7FDAn8IGZHVwCgCE0EldayI+f/WIYBikcrm1plGmVYflxTdPUVs2zG8IZ0c0t13OEbr4cz1TK5SDtUHhEjFR/MEGFnJNjodbaMi8Y2JZ5OR1ZynLOmUv2Dd3J6KHueH31LDxOx9e1lKZN19kdZCjraSUEa0oXH5Kjzed5HAcmausqTAGkprXUHOoHYk5Mu9YuvphOYtpiylCJ8Hg6EqJaY5E0HmAvbCPMESCr4eV0BKAq3PIucbAwCOVygT93PBgyJPoGNtvN6XgSJsbiza/2OyC4vdlvNmU7jbfbDRd+88WTUsum1t1Q7m6upnEYpNQitZZBJMKmQaZhJMJtHRSiaMO7KyC+ut4TQFzvhUOb3T25CfCPfn5srW2mcT2eI0gK7zaDhz68PiVtKeszNQeIIkVNCUumeVNe1xGqKsKAuQcPhHSxYmeEEUBIpGAEe2q7qQICBQdGEmBCHRkY2D0ycY+IWTilttYcENHDdE0TWLhlJ4aOgE7Erg4IXEiw6rIQeGFcHh5ifUQkHss4DqUUIbamjFQrCaFbRMBQSxJO5mUVLtM4QahqY0YAn+dVm222ky0zs7iG61ILu7qpjtOEZsMgwvR4fxxH2W6GdVl211eF8XRa1rmFmzBz3SBl1F0AxJPb/T/6mpRx++FPXr58/fBwPOpqnibOKhik5mgU7l9wSUybakOiRixciBkvym8ARKYAJ2CIyPzj6IittOODuSFDHtkOiIHb6Sqm617tka/z2XRtfj6bMiJSRUApFYiRmVDQu6Eu3Rx5EIJfqt5wTP42ZtGbNSTlKAF7rZSd8heVVTRTt0gDaSTpLeUrFkGR9WVrbRg3RDHUMpRxu93vrq5Op+O6nufT4+nxvi22rsvzZ2+VUYDHZ0+f3D19+uYbz672+2EaTsf5k09f/vX3vv/69efL3LRZADCXcay1DoFxPi9JwqbwUsowji9e3CHQfDr9w1/72gdffqcQzvNyf47DSiRSgMINETLTNu2PqkmgBkTEIjmVDwspBQnVnFnUlRgz5jyHKZAyKwsnG4fx7370Y5SY6piyBuIwC2Juq5muRS7fKri7IZNIXdaFkc0tEzQcwEIF0QAwUwEcT/Pp+PMjMLa2dvIngTkwsXuA2+F41NbS3IlEmRjTY8IuBicCzAajlJKw+aZKiMjY3ZC9hTNgJkJvASwW4OC2KhILEzhk5Bsxm2r6noiliDRbAz1VAZdZj7MwkjS1pJMgU/KJzRwl1/0YZoSMREzUTjMiEnNrKyVZ17tvRRd/tb5mKsKIRJdA4fwbRRG+2m8eHw6a9MrUsvoXy8vcjvPj4yMxl0EAkUjc1N3rUGw1ouBaUKOpVhwSkENIqrqapv3DU1AEiIRuJkyQ2MHoaXlgoGDWzt3AGQSAWGSq1doaGt3WT2gKIpL9DxMjYVt94BFrzvkBKIiKJ8qGkriGyGJqpi5VejEQmCESOUk10QD63f/0D95+++1/+z//jyKka0Pkwnxazv/q9/6lAP+HP/6jzXZjbSUmNwXA8+lEiHUYcEn+I/WdFCGn4hsBg9wUTGvhjEqFPl/LHRQjkEXSfkKgBiTVmSRNXAEMgZKrTkekUmuEYwAye+RIqBBFs2atqVpbVnNnYi6Vmf6P/+3fYuhuf9UdS+bujkwEJESZQEhIIuLhQY6AVQr2JwCE2TwiYF2blELEUx2bKhINwqfT0Q2kltYW1VZ8XWYV4UCsZVzXFZGkDB6WTFQmUANXAGbh+Pzn3/Xm07SJyKhEQQoiCQ4UKthNQY+H12BQhdSUMqYb0cCZCByRUnCIQSTJ0gXPuY+bLaczYtRaHDwCpfz/RL3JjmVZlp632r3Pufda5xYeTXpGRnZVWZkCBREQOBBATSRAM04IDfQCegEJfA09hgQI0ISCRgSlCQWhILGkYrEqlSpWVTIru2jd3Zp7z9mr0WBtiwRi4AhEmJtdO2c3//r/72e3GFG5kfNmuG9nYQILMyMmH7sNC0CqzlnC8mYScnWthSdy1f6AKpUhZSrHL41+4QkzQM+E6RF150ee4RsVSRT3+P1Xv9/3Z0y5PF/a0iviZPtIA0hv3EgUGYdVCAQqeRSQgmweRXp/qS3HuvzzvEIX4ywhUxJQpJHgdnne9gEZGSjSMp2IMidTWZi1sVuYJTIJT+rsftmQKi5FvXFlYhAoLSFh2/bw7er+409fv/n5n/8rmJQFMhvgnGE+tqd3W5jdfnT3+PDkIw69jbSx7b/48z+LsLUvYd6XJQqwkzn2QUDLQQ1zP+9IyEkA6DCV2cwkYbOBzlxbBHN6nJ/Oto9IUJKoUuxIaQIOl/PmHuGOiW3t+zCvGSsmM41xBiDzIBISCfPKX+67uXsRezJSWDxnNzVEUqZUJAeRCBZatsvFPAgpInPbkZAb23BkRAjzJKEsTj+yjcHMwyw8gFGbgmdCIHhCrsc1IS7nM8wHCxr38JTWt+0Jwm0AIo5teKYwV5MFsrhZX5ZEiDAkWg5rhPm+QfmfHBxdeztvF21aNPMKkiJS+MDMgChZ+nw+E1FaAEsGYABE2UbBfZScnZARPrIMpbS7IU52XN3NIYOYJ9XeDRATGZHCEyOvrk7jsi2HHu7IsK7Lq1fXDw/44QevPnl9v122dVlOp8Px0Nbejoe1t3ZYlrr5L12RFJlEpTcFtybLdgFYel8XVfV9HA9dRB/eP97d37ptv/yVl1nNdj8dD8uhHw7tm6/fRgZVo3dNaB2w+kETIdMpVRSyjiZTnIgokDNDgX0gMiFGiiglOABU8BE8wD1cqNG0moCZEQMQQfHCXkb206wZkA4s6BUXJizNnxF8jOL2EoAICcJx7QwwhqkwGY64DMjWDq23ek8LFSKNicDMw0GEWdQDxthU29KbWYx9OxyWxuhjjMvemrDQ08N+WA/ECYhEaZb7ZTsdj7wLz/sAACAASURBVNv5/Py0XV2tS5dxGd5kxG6HOF4fuWkmuo/L+dL0kNtYjr038cBEeX1/O4LPm1uEaHv/8DC2HVHdA4CEA4nMI8OqJCEx0iMK5eNWirqwzIF3fTowSx1xlihUyjExvUq4IME9WYq2kgk+RhKRNmltJTrVbRkJxzZqk8Qw2wwRX7J0xFWoB1BjZGIBABGGcIAqES31OybJKAsf8zLDyDmZjrSMxKpjm0sQJNTKQ0zglkkZxMy6PT0pqyf+5jf//svP/z7dxnBRvbm9FVYW8rA/+ZOffvThB5n5zddf//7Lb37x13/z9u3758ulFGLmQtRTZC7aiPh82aAMFQnMtB4PvfdlWb755u1xWf+j//BnP/3JHzUhRnSEIcLXd5XALvB1WCKhhaGXqlnDGSgudUKGmzABMqaZuS4LWBVbgEdUHGvK3h4J1HRBQnczu7RlQs0zKihP0pWFx9kyYXicDuunb773V//fX+WkmNeGmPhyB8tMEQGKWqAYZTr3GJOAX/yfmTS2HYiZyMNLUawjcIRHoAgBAYAXKqOAKoDAQuHOKAXv2PddVCt968MBiDJ+99tfsZDM9rEMJCaBzLSoCAsS2RggAAFuydNUlojkI0cOUeQ53sNvx4YOUdNUsGolAzc3H8zilkQoxObOwpggnSEQwoB4Hk8xqcxLU0TlfYyA+kCMietZ9XAMKMYVIoooAFwu59PV1TCzfRQvZ+yeESyybZuyEGIiEKFbtq7mYe6kNdoDIvLhadSaRL6QzgkA0D0SiFESs7eSykBYx+5IaQYAqNrLSgE0vzEzY6yq5Qn82M1rKlCOM6qpNLGHEzIQtg41/MesIA9Vhyshtt62fT8cVwdkZQJCJULs2sbmn336/V//5teZfuwHI97GLixIuO+jtb5vu2d2bWWbzaLbYU1IyumR02KDwDQftPBAUiZ0t8ltBWplXhIhTMxSjdPD6+RKWNsHhCUBeCZGAlQJV4oQsBJigq29m1JkNBVAMscEiRzMHOgCjEmVkQnH3qaRLKNyhmBWYC1HAPcXJg2nCCZyRniY6nr96oME3reLMENCkx6RvYkIZxKTgObwgYAYhJVfgSSI1hdA2vaNeGFCYAqPGf0iHG4qzcZevkrEQCDugoUOMGcWhJzdZBaQxMqZVK7j8ieSEBRqtuqQhX0PYpo+KEYfsY2zjwEADSWBtPcIB08i4lKH3YpIpn3JgHBvXcY+3NPMIZPLp1sQFEAHq/qOokQIA2HWbxIyHQLKE06As4M1L08XRmHVfR+SPvahXZjZwzHJ3IlxbJbzKk7IBAGMeFj723ePJAoIkF6eRi/zTmSEI1FtTADA3K8AZhGf9kVVw6MwWllHQgQmqLB4mb/r4u7D6miYUF/WPAPp5TAbGAmYKNreP7+/nB+EAJHcA+b25stxZT0s6zHDIPPxcQvPH/30x9r708M7SIeXQisAuJwvrUnvbQzPzL42Qrqcd5oDFycu92TZFcHTiQSZxjbcXXqrYIuomEede3j6uedlqOZBlayPACGGTGS0EcREZbGIACKfkkySUG9KXNAVZNWMiIBhAwmFpy7sFiKSEdIViEXVfYiKiAzz6dus7kEkAAyLcCtQ4z4MKioOEG5IBISBISz7tgNgITbrkP7w8PW+PzI1yMpOEGRWD+m6Htyr4yuQ8Hi6am25nC+2XwBQmDKBVWctzqih8PRLICKVZRmxAhhIXAzTCqAzUaGjKtue+W2EH2a8CAF1roIv+lkmpgojIwRINXx5eIb0piKn4+HqeAiPptqYb6+vX93d/Oj7byDj4/u7Tz66x8zDYTkc+tIU0q+vr07HAzMp0rp2AGRGJGxdmxBB9mUp8Fxrqq0DOCAwq6r2rpbj17/+4veffw2MmQnJn3zymgm+/PItAOk0AqVnlEMjPHprHsEs9x/cP1/OmcEqNE8DiECTcDeT94nwotHDS4X1nCDOKQvXySKjLhiAiFkBgDK1R2a4mwrzxNxV9A+EeE6zMFVo6Xp/fbg7LJ/erT/68OrjV+sWy7vHpxxPIktflkwigEUl3FVQFdw9PVu1QSOZu7S2LI0Azs/Pvelxadu5Zk/1W6OwPJ2OEEHokEAsrfHxdNyHjX30xiI43E+HhSGquGlZGzGfrq6BGZJVe0RK0wRIICAC8Lfvn3//xcPzeYuq9YYMiNq9qbS9OuDQzGNgmU/L3VwVgGmF6CGi8Jmoq86dnGOXiktiImSCx6i9ueSc5JojOkBEmIcnBBIDKbEuy2HpR2md+9r7EWeRDkWYm4Fbuo394rbb2PftEvuw/WL7ZtswG7Zv+37xMWzsJZdWdshtQAYkzF9sTtAKYkIAJtDMHM8xd1va0/tvzB1EWmvX11e3N3ekC7a+Hg+tqZsH5jD/+f/785//5V/98m///Zeff/H4/mFsFbKk6jQAJGBeelMhYSBGJjmth5u7m2VdtvMlIsPiuKz/wU9/8tM/+cHN6USAx8Ny8fgKT3/xqy/+7v/+07CodgtiDgAPB0SEktwmFwkQA7xpq16XRVVUL5fLyyR80twjYk4YEZJmN6e5A4B2hayKMCgaIxF6wL5vDMzEHvbF269LDKvgdb4kQggYMCGSWGv1L2Z5hkORJ184oRXQKQPnREtNXCMyY3GdiNhsAKAIZlLdM2I4s3ruw0yZExGJP/jwo/PTEybSBOeXP6YQiGXyAkJ0cwSglxJ6N5/mIUScwACKcKiIH0LteoSl0OWU6BPmZBEBEPvad7NlbUC4X3YkTEgoCxPTvo2YenNFzBMw8eXlQkQfiZFNJAMQE5A8Q1QQgISIMTym+59k2D4/aSiNpNw7WHqnWxFFmIg86gebRtPJgDIUwiSsdDshC3OFSWj6o7JiY9X+6eZXt9e9qZsVzQYQiYWZWxcPUxEkjgBukokRSSyVyycWImRWSCSWGUWRGpiUbEAJVMZjJErA3pZf/Lu//Otf/MVxPQCUk4cB6bCuf/Zv/+zv/u7fLUt3i4Li129NVUUIEESaiESECCtzuYCIMCFbayxcJsYiqBKCtsYsRFJCWd3cCIlZAGq5owkQIgYmBG66iEgyqChWMyULC4u0spMhsvalrS1s1DrW2pKAlUlkFhEpexWzskhbuzYFQmL1TCEhlsqcIVJ5YIQFkbxMKRlM09Su2jz86fFJajSYwaKQadWETawsHrHbLqpMrNoAKUYUisg9uXXi5m6JKK1loptVvA4IWdtcuoFOpytksZdkXgISIgmxcGaEOSKUZR+RPcKsskPMorW1fluVWkhDQKgMHiCmZ2tNWx97ANEYOwJwVXB4VHIJkQ6naw93GxGl4FdZOBAxAmakRxkakaofjQQBzK22H6q/K2ZHGBK7e4SVQ8jdM7Oepcj0iPk/AHiURT0JJgqv8PaiE3BQd4+CiUNGGSMjyltYNyAAAG6nu4iIDGbYz9vp+rYv6/n5oTyUpT1W6t8tahOd4w/z8ABO0WbDoD5liwI4SBMogywyuOO3+gFJRjBRWxpxA+5vvvdm2zcHvn/9OhJaa1998bnbVp+MDU+PhGQVIvASO1l8mJtpb8LsGR7FvycVxheyrJkX1bWumBmJxBYRmcScHhnBilXrm0Tr8WAeBBgRMWwytgBb00Nf6/eDCMOGWxACE8UYYwzbBzVel8WschiJXBRMQ+J0iPKCM2uTfRsJbsOK0Pvisck5K88ZjKvVwS1Iyodn8LIhpbtdrKaI5RC1YYxEhZ5EAS+ElCN+a5ZNItxtAKGq2m5mtp/PPnZCKg6amxf1bt8ukS51zYsUlgg3t4ohTV9dADMfr44s7G4IIEza2D0goApEiLCq4JmonLthhSqdJgxiJOHwtGEEeDqd9u2CIKfjEuZd5c13PjQfGXF9dbw+HT+4vfnB975DmbdX69XpuC797uaKCRdhYTmuS1Op0uzWFSAJqdphMUGZmQQhVYhZGAvu52WORQwb9vDu6eu374Hz8f3WdPnRj77z8O7x/bsnVhSmfRtl2iB+wXTAjJ09X57CDYIivJSnKiAsHy0TMxEkqkoUgZsoIxinHQXnmSnDHCKKgBzukPlSOoSIaeEfffDxh68//Pyrz2lGzKBcg7UqNKWD8PWin76+/sGH1z/65PTHn95/fH/68NgY/MunwcJLP7A0ADysnSCIsCtDpJmzsDbJCBsuyofeBOnp+UmYrk/L5Xx2y6XpbqOrNtbOoo2384YRCNh6O51WjxBmEcJwYYAMUbg+LYho2y5Mtcf39VjpdSLYh5W1mYlZRLU/Pu/fvH98eP/g4ZFJE54wIW/VMz0TXwkJICR1kgDiOiOa725uwwpIlfmHBAvNyO58OsIDkCCRkeubqaAqJhETBkcEk9bB1N3c92FjckGRmWVZFlVd+qH3dVmPvR+WtR+OJ1FdlkVERUVYtXfRjqpY+6cqk4oKv9D3iElUVHtrvfW+HA7Hm5vr29vT7d3N/Qf3rz+8f/3J3esPX91/pCqX5+f3798BqfbD1fXN/f2r9bBahFm8e/vu+fGhbMyPj08QqSyAYJEjklSIpfelLy8NuJGQqUTEcjgcbu9utfF2OT8+Pp+uTqfT1WFdPvved376Jz/87psP983drff2N1+8/2a5/9svvvzL/+1fpCcgCHNWor+GHVHqO5d2AODM3KR9/Or0n/8n/xD27f3TpQJaRMXjLyY3SJvoxWoPFSVCIqb0sGGFZC1CbEa4u7CIiEcgwNhMScwcMEuwqMci6zQnXBs5EFUvSpHsX3wXGWmQqKqHZQUA4lIWrZw/9XeKCkylqcJf4e6VEUGI1tfvvPns3ftvasyzbZcYISRelPKyfeYf0j7fBvdIi46BTGLDSlKRmaaLSrPU1m4W7q7MkVWyXj8QeRhUQpdxEvktIDPMy4qIMBPXdVummUTP+S/ryokF3whmYmYr0BxSZjCiNpojq3D4th4RuRAa1WSYxSctujkzZJT1pTY4j7IRUUbUibtM9dI4Ae/uP1jW5enpkatYMREJx+4z1wZARMKqTUXasFGlDyxSH2aFPbS30+lkngAznF2yOjFXFDITgIhFiavkIRG5nC0VLyEtsQ9VlBHHGCIs0hMKkEAAXnXaXZpwG6NGlESzMViK6yjMrI2EEkCIKlGpTRmpBg7VwMWztiS0PpBa85OUpYkSIDMxITNL60WaFtWy2iORtoYzJCDMmhWDYBFVanw83Vxf329jBwAVFW2HdRUVi6xPoKkufSGk1npbDzA59kTMkaDSqmUChbmpaENmEk0iFjncXIlIJnrh0YiBxSO6MBFv214JxShub5FtIbRp1UyXW4ZnSKADJjGv6wKRIiWsIEDwCyyfRdxMVJe+iigA7ttOTTI9Mpr2CdwEiERtzYtY2TqSDndmVxEkgUiiib1Mj8oN1yJQfg0Wbr0TttP1tflwG6wcGZnYWwuPgBQRANq3i+1nJp7oTiwnDxGhMNXBr45tTSQgL5eLMiNWMV9RerNGV6IMSO5WqJ6AZNZa3IaNSg1UqlSYsRjEs6Fi3iIjEhC386WEMphx1kQECCzT1ORmxwzEMLYrcK/0NM5hNcQ+AGiYaRPbrS+NkLdRIOHitICIsBCrQuY+ytHFtZoRc2XcxjAE6OsCiLbtMFUAMs+mOsyenx7dL0/vH2zEBx99BJDv377bL89NhBubxbyREwjL+enZfMfpQkcAcM9928pAz0za1M3CQruo6u4hNAsIZykMJBOJ6rL2KolhFndLQF3Xw/XVsJFuqop1o0KUpfs2qiLycnkmqRkeiRTFqggwlWeDfdsr9Z8RQHg8vtrHBRJIGBnHGOHpu8ELZLd6CqEcnFi/ERph27Y1aYC5XbbWlJHDnBBU1N2oikZq6JMJmRNmUTVbxQNOKEkDMs18v5wrb5414/6DTTmrnGge9CF9DARARFZGZmltmHkMBJSmIjKzq4SAYO5j7DEiXzgtUIZaoQRglkh3C2RKSB8Omcw0NSTCgGRRqC2B8HhYRNR9FP38dDp+/PG9m2Hid9+8vrk6EuL3P/1EmxwXvbu+aiqHtatKRKiINibiLkqFjC/aXwYLNeLpk8MgAiFBAsgACBIkISE8Pz9vl81hCMnXXz1997sffXB/ev/28fm8tYXMY7s4CwEzMkVMdXkeviMRGV7QHEhQ9XCIINoKsrybIVDWjHkmT5AYw90t6n2NdGKeO1ZtyBWcpJkp9BzbZYMMpWqcQlUtyf9qacdF7w7y0e36yf3xduX747K2JoyMeHdSassl2DPdsmsTTspkgsgwc2buTYu02Jo05QTftz0j1lVi7O6xroulRcS6Lo20ZNsxdiJIDCa5urnOSA8/HA5NJWyYpWpbutzc3V4uW2aKkkfUEl+NuKwKxAVLIGAS2c0fzvb0fD7vuw83sxI8Ymamk7FeoCpJKeI1To4jC5OUmyoBIoa5eQyPqONV1XNViArmUJ4q4AVMbq6iSODpmAVaFmQxM0yojvOMAKD03C+XjBi2j7FHuqebGyAyl9ZY7yWrdumNRduySmttWfu6rIfj1fXN1fXt8XR1PF1dX99c3d7d3b26e/Xq5vbu5u72dHU6HI7aOiCH+7Ztz+fH949vP//8t2G7nS+tLXf3r/bNnp8ez88P7795+/juPVTsngmRIrEtB2FBFi8NgKm1vvalFN/KU6rKsi7H0+nq6iozHh7fff3ubWv900/fHNY1LF7d3vzspz/+7LsfI+DYRiIo0f/zu0f6+LtfvD//m3/xv1TmlQgjQibSKop1ivMQ7UVsW5v8w5/94J/9N/8t2vizP/+LPaHaZrJklwhmbE2Zyczdoi4SVT7lw5he6KlYS+8MHBW4IiGVtVD3c6wbqV0qU/7q/l5ELpfnpj2nH5smv7LukTizGURY0OrtcpnvHgIzEsv8ojWfqDbQupwSMKJ7sIiZXS5PzIJQ44La8sasgY0JJ5lqAiLP43uJB1BQtULK1D2nANA14zX38hOLEgIA07r2fR8IKMoZAADFdfHdiGSKizM8PMXBfAlfzh8ZMTPrZZoJ5hkwroW5VlMEAAh0d5r7b91bGWo6MSeaABkFJ335BeVMt5STO8AtqHTIgpHMNwUu22Ch3dzHIEIqZylC68rEfe2X8zMyZ2ASPV/ObqHaW+/FPCCeGnZmRuTlsqkqEhOxSvl8lqJyAaawhFMAEOGyrnW1QFZWnpciJJn3KGLCgJSaHDAR1mwfmF4IYNX5xVTDdoDCbDARiXCElxyurQFxZXkzosQq/ANbgFS4vg+aGj6LEFbzjioyTS6jannusfK/JISkrRedWpSZRJtWKWTTJcOH7cK89J4kLDX90KUvTCKijCzStC3IUsMZFi5xGet6wtL6isLwotL0dU0iwBz7ECFmwgQR3fddSYgYKJmpbAFEWANaRGRSgGrIIRYWbevpCKz7GKXreHqE93Vlloy59E/PljAyskgigqfvJqraNMIEGUnnZT5gvp6IIqr90NYDEZhttm9d1RO2bXsJagFA2ohEKBfc2AciX1/dPb5/f356527MHDChl8TFnvba/adCNw+kdXMqh1e1vuQc36WHGQn/5Cc/+/zL3xNKeGBmMTb/kPaqHsyXIQIkNJHzZRvbhsI4/66a3BaApAQxWfoS6eHx8shN0bnOY5UpL0pejU9qjIxYGAvmDDdzZtnO55z11yHSbm5uHvAR0mtayEqRwYweSWk2XJsgcZOGTOkeLwCEsc82U6Zk5ZLiwrOVhMx8OV9EpXd9//U7JrJx/uI3v97O2+uP7s8Nzk9PdbMpS2aO8OI8VFU6FhjHEUlUAwITbBgTe6RnKCEiLtr2/ZIBtGgGYYKquich+T6wQGsIYYCUsfuXv/19Uyai83nrS4MIAordmWi/bNxEZSIvCcm2vTWtqoVAJKSoJVCYiwrM7f6jT59/+Qjz2/PJVaCXHSti7Dsg9t5EdOy7MLTW9ot999PvPbx/l2GqTEgkYA7CPMvzGDJzhGHg2EcZQipJnFmTBGCh9LRhrLKsazXVeFWBZo0FoChRlV8tG5IgeXrRkMc+zF1bb6w7JBOFh6Nl5BhDVBFp33YVFin/HEUkq4wRZpazwycqUoxEIpRWnT7p4YRow5EGEfXWIuJ8OV+fTsLglv0gRHDsbfn4w9/97sve9NXdjTD33g5rO3YVEaKoxbf3jhn1Xub0rQIipLlIjd6j5u6QQS9nw4gQJhKNxCDoy3L/+m7zy+V5fPrJBz/+2Wdj2yPicBBQPT+NLD8qpLsrixf6jSABDKCcKiKCFTri2dMB4dWVxgiZjgWUAQKuc3DU2QKgwueKkFZbEyYkzXE+hHs0kbB4vjw21dLrICMdRIUhmXIVZkoE3M/7HpirQIyr66v9stkYdwq/bc0dGA3TipKMADayntvSNVsTwAhPBA53YbycN8o8nQ6kNM5wWI4kdB5bnfAc87AuaUEkHqlNL8+7qjYhPei79+8v53FpLe9oPbC7jR3WU7/soy2Hst0hhDQhJhEdluD24d3x9f3t559/s499YB0FY3hS2e2JCDheshGIEDg7DsvEjIilm9aldIRBwPBhNnAvdawRoKhEIb0RoDCVGcuyACQlkkgkcYBVazaCRXTtGBbp2tbIzGEs4p6QEVa0mHCzYWwWQlyES0QEpBfqEyZgQDBRRCrNUwYieiYVASwLCVWeZHAIiIqTYaTvlw2PK1L1yCSCQ3pYhhkSnk4rsY6xQxq3pfVGTIlQzrTWu5JU2s8hVfSwrsxCjA+PD59/9fllv9ycrv7oj3786vbV09Pj0/Z0d3f7gx+++eSjD2wPFQChRpSZf7/Ln6zy6vVr1jbsDN+e5BBlphLDPTANEgpwmUDD8ze//eJ//O//h7/8+S+SiNKF2dyx6BEBAHh+2tzGsvYUxOqyKchG0+LpRgR6ichARMOMoy5dEenpCQ6sMtIycngQUpK/f/9NZDTWojZDJksjpIudw1xFgQgzwjPcv/7mm9PpqprjS0Uz84Kj14EmK8rlcwAXiQEBiGPbtvNz0+b1+CEKATdUYC9qpweLEKFnMqEDBGD5OfbLhQgAibUyFckzsReJmNVYlkDM5rFtRoThMNCqNZqQrYYiGcJo+RI3r7hRUjFyiYtfDVP1n/7foovU+Z4rFZ1Q1cvpFqyCdcNhrhq7hEIROkGqSBWpVh43Ms1NRNytNTGPCvUq8zaGMAUkMVbdUA3zInJtfWybe/a2sFBFpVvr0nRs+/P58uFHn+5mz+dHYYZZZMvDYnggYtee4SQSI9yzr6uKIPD5shVBgbX3VcZ+QWbk1EbDQqqGk7IQn5AJhIfDul02NABwomRWnnXgFpaixMQFUo+5gJMQAjLS5M2XMBRhENHnnz0xlBUgVQVUCLliAcKc7hkowg5ZB/oaUmYCZzKzRTKLMMHc3RgyheqOVg9kzXOAgSexiXjGRMIPx6M5AgJlIokotWmI2vNbTj4RQACxNGFRz+RZRJI1qMKEvmh4JCCES2u2X9a2ZOYYO5Ajwbp2QT7vO0QQcbF5q9wgw4EyR5JIJiiju+3u42lber++uhnb5bLvkY6EblbdG9oUcy6e7kHE5WAsWr6IujsmlUeu5hgjB2szN1XKBHMb+znDPvnhP/oH/+i/+Jf/038H/kgiiFXplolJMV6ux9X4h+8evkFyBk4kJKrwSQLs244VhGRAqp1CzUdJWoU0nK0wEx+HNgZRXX5TRWvaoNIivFazCEcgM2NhAnY3JMoI8DT0ZVl2IaLKqBVj1KjEX0h32H0nxkjkpnPwWnQ1mpXV5paJVZmHLyzasjKzrNcRziRApF3L4R3pmNjXdd+2y9MzIh9Oh0hPd0/naVTyyssToudEBBMmQLalMYqbA0C6j22U/tCabGOPqMICbl09YuxbQqyH47I2u1wA0m3fz+dwD4uKG2VmsSOpapRECpzYlk40odEAySoqUpeqfbP6WFlEiMd+SRvKkgH7PhBhXVVUAGl4HI4HYLB9L556vVSQ4LZfns4qigweiUhu0XpfWhvDfFhtCCSSWG4HRSY3J0KA+PrL30IYIVUMoOwHVHZ5gBoMkZAunRndk5UrBtB7e/vVlwXeKtozILTeiXkb+yTfATQVRIxqy3PPnIJ0UY+YsKoo+rIAc4SnT6RPug0bUSmIsg4Ve5vQKjUChVQDrH60ijVDFngbCVEYASGiAMSZUAmz4nMvV4eitXCTqD5pwvreCBmZvHgszETgYRGhKkx8dbUel/58vry6u2qqH35wc3N1yOGHZbl/dXM6ra9ur5jh+rSuIgCprEWWIARhCZ/PJCNU90yNYyETIVkYchBMMg+Cy8yMYtmoWtOM+Przx3WRzz77BCG+efseGS/7+PL3D0S0Hvtl23xkxYBqoDKn+ERlya0pwARbwNxmkbA1LW5gzXwykzA9vNjmNXzkKiasO1lRhwAyIUbN6DjMkTi8jlaJRI1FBAngaumHpa9Cd6t8+vr0o09fv/no7vbqIAT72N4/Xr5+zkcX80j3Gj6Guw0vgrKw2O6ISbM5BPZtqxEpIR2Oh8OhZyQGnI4HoXh6fkIkbcKQh6VhwNVpUYqrY9cmp8O6PT/d3HSi7KpjfwbwQ+d17TWgVeF0O6xr68tuZm6i2rsiIZJCxvun/Zv354jY9zGGR3h4mnvUOQxLcUYs+6cQEQnXJB+j4qdFqCteQY2cAADQ3c2srGUwY7hUzAyYvSoQkCxMKNXiq1zeaBARxPRyIXoCorKWQ9rMmYiJa7Q4K6sAEBkTMxIzqMIIWeivdCu1K9MjLBLSql07PKBQ7DiLjhMJqwyWiCjTh8W27dtl7MNZuC2LQyTk8XRAQh9jDDvd3IqqMnokEogIEopIbQLrcmhL84SHx3fffPPlebscj4c//vEff/+zH4i2p+enbb8svX//009++sc/OCzr4Xg4HPvzeT+ofPnu+U/H+ubD27PT//E///Px9FR4xAgrGwYmEM8ZKSACVI4DkPjhcfuLJ2mi4gAAIABJREFUX/zNr794e9mHmQGC/+Eyl8hUM7rD1XJ+fkIgUYHIioeWxTwzX9ivwSIJWZ4+r7aECEYSkVq+pPRrwIxAKjBxDU7nACBjxsG/XfeZiavnE9GGoXDlcJDm34oTiQllO47ZOQpEFXOE4bO2ExIm1dZyTq/yxVsbYbZ//J3v/+N//J/91V/9efmdphOhFPM5Zy1oLJfnBBPr4l6ltgCAEMKULxt/X5qHTVhgwW+FZ6IPplseAfIFL4UvGQgIKL2mPEFIcxiSxSwDRMaXIG19GgBAUMFlBCQ2323syo1YEEFEkeBwOPbWbDMiHDb60qsDS5h7a5npCRHOMptsAZGFzSf75fr25nh99Xx+woAf/fiPh9nz0xMRR0RfOgCVzsJYPqBKfAgXoj5zDGNp6+kKiYfbbpf1cPNf/tP/+u/+7q+3/am3IsZpgNcDzCiTqUCJkPIyZ8yCmEdmhqqUnD0pnzSjEyIiJMwkQklYPQJESAAkggQiKtICTKSK/pBZVer2x6pKJADU20Ii5eSvITxJhwTtCyEBEosAoqguSyMiEWm9EbG0RsiAEAksrL0TcknEKLIejtc3t7p0RwxkESUiIFTtrLKHc+sgSCxtOSIriix97a0jMhAkADEqS0SOMfbt0lpHnI9HjbIiXURYVVikL4CcCZnIKq31BABMadrWjggqGhGirfceZaQzB0oRFmG3+ULNWQoTEZpFEwWoHsASzlJUlRUAiNgtog45MRmJvS3Vwi6EbkOPt++/+pXtZwRkFqwNtkRrJPcgRmTGiqBkzn7fBBKpGCdmNm0ACBlAYEWOgJwhF6RC8ld6pY6Hylwcy8z83e9+s6wLI7kbI2W8lNkgImLrXUVtWJ3l0hMgtCm+JAArJw4473tTyGdurQGBbXsGMNXNBmtC9a2VoN5lnDii+VYzyoEIJ0EsZ0NYZnpgho+xMSExLWsf+yBAUa6FqGol9333DC7IMGBERuSLB96JUFq/uX8VCV35Mvw//k//ydXtR199/sv1sFRrDCGerq+E+OnhgZkifL9sWUSqbyNTNSzMRODWpE7JpCoiYZbhAKgiCbHvwz2GOTMxk7sJkrl9+PGb21efnLcnBLa0Gleez5dy2CPjsqxudU8iyLplw/Hqqq0rVAlzQlUilPNzmCMhE2e1MERGBAAUDFGEfQQThlcRBLx4/aHeT20CCJ45TyQRrDrMxz7SY4yLcEPEYV6hKki0se8+8mUjgZhq/4R11lrOnPPwQYBYs3Mbu5unZ7VrEZCw1o0FAUQlcTJib2/vldXMWCW8bPIWGSpKTIlElA4hKpAJ1YyoUlXtxNSbbJc9MlXF9h0T3QIhkSlnX2OGe1ZcQ7jyA+4JSEvrROBjfOeT1xBxPK5N5OZ6vX91I8LXp8Oq7dWrq/tX141FiHtXcCMmEc40yFlBJ+WS4mrjDcJvzbvOLBkjM4g50xGhmPqVpA23CMfMsY37++vj1dXl+TxsbLs9Po6Hd8/Hq4UZt21DEqhEL1O8ZASZ55YT7glRFlsGzHSsOTGAF3WYKQomQi+04KJ6hkdGPevTkRCBlExIDMxCCMlURithVuFeuOjMq0N/dbXcHeS79/2Hn1x9+uHp1fXCCB7+7t3T22+ezjsar+fkyzBGhAx3jzESkwhFqH5T2kgEI3LfdshoKoR0WNr17QmBt21flsO6yOVy8d2vr2+bCKUhoKjeXJ8u56e2rrosy9KfH9+7+3pYM+H+7pqpj81YRVqDzNZ6pjsES0NpyBLujNjboS1dhAzoy7eXh4dz5U+GeSn6iOkRE8eOMOt1X1R8noFqrCApAQQEIWIVFPH8pwRTj4wwdx9uGWHT1pz1FajSc5XYoyLPEL4s2eEOkE102zdiJmE3V9UAsLBCZZtXkVThnqDMtVanMpaCDFZDChLXNeFbrAazkDAAFUuHmaajjxAhzfx0us4YCRCAN7fXh2U5HA5mIyLHbsO99b4ej3X6FG2EVI3PQgwBgXkZl6enh8v5mZnXw+nNx2/evHlzfXNtZg+Pj2PsLPLxR6/+wU9//OHr+6b99u70/Hjehr86Hf/3v/3q8skPP7oWY/3X//J/3b/+CojKUAJZcbV5j/WMqMZXANZWdUsjchvD3ZHJXpBO8zSagEhmI3wATBojIBYhrbhhM1JPQEgRXv4vKFDJHHpXhC5LWMmMhMo9Y3jWo5OZyNMND0juVbVTF3nIxG3bbFidxRFnaOSlQnOenCFmiBABmAAhS9yJMCZW5uL8pUcZjqot6IWNBKr68PTNr379SwBX1tLUMmPygbGwRZxBzGhuyJzpRExC4WA2ZkaZsexWmdm6llJXiTUiqslwTpxsQlWmlhGRGDLrQ38BkgMSrsdeUY5ECM9qqvj2Cj2/FGBFDJEIE9zt1d39D3/0k9/97jeqWoB/gFyXZbNRSQ8R2X0IcXlsLvuFWRBJmJvWus4eWa0QddGJyIeHR0xglt999funh4fjerAa/ZSxM6HMPwiorUUiq76UoRVtqXq2FRCVefj297/51dgfhTU9MzHcLEJUkCaeX1WIpw1KVIlJhIQYAUSIqjCOhaiKDoiZEWsvYiKMchrVYHciMbBWCWZSVeKi/ggiETMqSRPRxiysSqLfqhrSFIWJVLQzcxlwsCw+qsSsdZkQZRVEJlFSwcaHwykcEGk5rNJVWue2rMsaiAbJ0hEJKVXberwiadyb9iURpa2J4uXMLJ8sYT8cSZSF921DhN4aIs7G1IqcMNddQ1unRLNxvLo53dwN25kQiAoDJa0TayYScgISC5CQ6LYPQGSd4VLVFoAVKYaqBAVKRFYlEgeQ3pElK0aIDAmeDtxEZVkXItrGnmXTnRVZoKIxnn758z9lJqYWZUbwqEl4vdTMzE3LwoA44a1eOZ9qxtj3QvF6NfGCzf5WFphrObk7IArJrFNgsgjzLKUSkQjg6fGcSMRYMP2IAkaT7SPCKkc39i0JhHWYVcgTIkoSQOLKspVBuLW+7bsNK+dVxdDrZ4eC3lUNDsnwPWyothc6OTD3K2EWkcJ4iWhYFCMXIoBSVSHycr7Ytlc8/3LZIEFEwwMcuKAVJXHN1xLCjJQjwsK1aV1fEnzbt/35aX96m16haYSEvixE+PTweLg+iopbsHANGSOCErUpIEAkIRJLRGaa7/6t0wqLpFeNLTO1DABZDAGCvL57jUxff/k7RMLqbY2szd7M7LK5eXWNiWoChnuYi4i575czvuzESJgRlSQj5kLFhTshMRcxM4koMxCARSIAEWpNgYwye7EIk3jO0t2MLDVxbEOEEZAFpWl4IkEVns8ORw9EUtWEmukj5Fyma8GLiPSq0ogEnwJVAmRS1ssQiMDCienu5dGMdMwApMt2DhsqZDarAXNelrDeTBERFR+RETHG4XjVl/XtV9+wKEZERjow0LhsWqLTfPEpMwgApz0fRMS9aneoonGisvSGhB+9vjseF0h48+bD0+FwdTx00dvbY1e9Ph1vb46FVqq5Q0ZI04wErxh+1AtW2XeGmOoUIGEwCeTAdCaGOaKrnTiruVtUIFwIWlPWRhiX5+35ebtswYKqsO1bBGbCGF4pnPoy+OJNL0XzD9kbLKUSmdiqsSshHWp+XYCwcsqWtXjedmsOnSDMxY5wd6sJWCFUCbvIYdVD41On17frm/vr735wur+iu6OcujLSZd/ePzydz9vT0zYCifX9Bu/O5omZEO5j24myzsv1VCytddGMtN0SUYXXvjDR6bQQ8eU8Ml07J+R+HuuyLq1pa+h2OZ9FuC0tI7QtqsJo47xVEHFduiCsS9sve/EGAJC0y9KThWRN5GEjIYkkictRp8tCog/P27t3DzUqnb+niW2ZTM+Ml1BhOYah7pUzJVwnrfp0EZKoTncFW6EpK6EAcnnQ3SPChpnXMuyORKwv/A2u2d0LxYSKVxNElB7m8WLerPMiujslsXC5LCY8cWo9XF0l87+nAj4ERHl9prv9xSM9czsA4O6X/dJ7++x736/p0/Xt6fuffWdd+rv3j4Dcl0NfD6331ns95MKNSZAo3ce4nJ+fdt+HbQC5LOvtzavT6fp0urp7dXNzdSSlh8fHuprc3Fz97Cff//6n37k+HZeu4fn+3RMSKck///vzmx9/b0XcmP71v/o/3/7Nzwu0mlGjjIAX1Ti+vYcjY0KdIxPB3AHTPUs/A5ikTgQMc8iXcG7MYt0qBKw7QF3xsvzpVCoehDshJmFCICFEIhRpDIgIq62z4jhIdTgLc08v6kNZsWleYTACRASIRBlmZ3FhzRKgCr9y4nESXsqh5tWizu6MrKQz4ovTz4Gz2rx+XMBAAtq3jaseEedOXcSM+nmr38ZtHA7XH9x/9PXbr5mkwlaE9cRBRrpNjcmHl6mnoq2ZWQIZvpT2zNIlIuDS6aLmCjAbx9DdmKASa8ScAdIYGaLIJcX6mb4hhFnHRhG5HA5PT4/ny7OwBmQliR8fnn702ff+q3/6T/6vf/Nvh0VksigS2vDr25ubq+unp8f6cMxiHiagEqeNkIklI7lANJC9L0xCpFXtFAmTSYJ1H0QkYtFMEmEiSYDA8vC0zAAgEdouj8WCfQksJ4Cv/Xj36nUkAgRxvuQPWUUAq7EVGElVgAARmBAJREVEpVxB8/t4WV2w5PoKIYiKpM/dkEowIyJifTH0ExIxs6pII50YH1IVUWYlRGmirWlTViUWUiWmJGYRFpXWSHU9re2wEoC2fjhdqXZujVvTZZ2RgH5kFRZmxmVdWJS5qneImJflwNI8YFnWF04VggqpurkQQ50fGMzMzLKc5YhQVMnMsV/2fUcAVPEkN1PtokJSjbol7ROrJhKLMguLMDNJwSHhdH0jKoHIUjFEQSQQ1t5ZdbexHA5tPZQZgaVq1JLbcv/xjxDg/PiuFvxKiLmVYZw8HYH7ugC23nrpCUhoPpHvNRHLQCpPlyoiR9bgVGD2sr2k9QBvPrgP83JbVPUmIEQ6IgEy4zwEktQfSLSaBEKkadfIkjAgIrMaVBDDDBCF+bKf/+iHPxrm+37R1iadGKCGNqXUJ0RxCCDra5Qnt7LWUMssRM5nDTHMbm/uPvvu97748nNmrZAUUz9mVN41maDExuPpilX2sVEJHywRcLq5qg52r3w9lgmVMoHwZaRYp3CPWmMRETMAcd/2MBfip3dfnR/e9tZqIxdRQr48P9u+IXG4b+ez7yaVsa0MNRExh3vFQWrX9/T1dOu+EWKUyRax3DvEE5oJhaNAYKKvvvn88d1Xa1vdPOpoFiBKCakV3EEQlr52Yvr/mXqzXtuS60pvdhGx1t6nv9mRqaSUZDHVFM0qPggG/GIYhuH6G/Y/8N8poF79YgOGoQcbNuCCAcGArTJKLktFiqREFntmc/Pe0+y9VsRs/DBjXzlBgEAyeW6evVczY44xvhHhE7wV4WaCki8H7TrFAUh+RDpG3T1aYTNzMyE0VYBIpFjyy8CcEqpPmK0uTDz2PecJRCgihPkGDRRKusXoPat5bTrK8pAqqW7p0Ey6ZeOMELFImIsQRAAFhBNTBLk7S2EhnHms+cnMNyOjD8+Hl+WaM8DMhViEISIdXwAYSWUEiHApTEhIMcxT/IHEPuDUnmKSbQARibO/KZd5ANk0DAAARQQA03/5/nsPvY/b68M3Pnylu97f393eHq4PR1d79XBTEJZFDutCGIx5+A3VziQRpmMgRL7LSSTxmUQYoTQRy54UXgSHLHeGCLcshAcHIZayAmC2WR3vb633Lz5/zaUAo45Bgrv6dh77Poim6GHmgDjrhRDSBUs5tUHknAqBeSVHALMQw7oebGhbqqkVEUQIM8SpPs2DrzskX9XML9ORqoF7Wl2WwodGVwuvrQhzH+N87nuPrnA+j5enk1uMEUgVSXanR6UXLepgar3vAF6EzczCkFwEhcjUtKtBEOK6NiQ8rK3Uct4VwEuRUmRsW7gd1qo6libjfN5PL4dDbYUl/Ont27UQg1YIJrJuTHw41GEdwRDw6njQoX3b3V0IPayWhkwWkHDiAGCGoIJIFvR82k6n875vkZFrT6P9ZH6kEpa9JkRIfBnQ8o2W/5UkGJzwlRS+ACdWEwiyOkC45n4hc5/mHgHmw0zjMkcCQknU67w7ECGj+NO+kDPqxYTpGQEAcIgc61IKkDQoXWb9RDoyQmQE3N0oG+MoB62AwAgAZEIQJgzQcABcl4W4nM/98ekUiLd3N7VVCGAAVcWc18zO+0vvz2NsIrysx1Kq1GVdD1fHo5RSqrz/3sN7D/fE8PT0cj5tDnBY2mff+cPv/el3Xj3c1lLevH1Wi+5xtbZffvH4f427b39y50M3t3/7V3/7xb/7N1gKupv2fPBPF1ye+YGQGKZIB+GumqfZ1N8wC/NmHjWCskaU0MyTBDJM59kPAngemgH/cX/vbpxDF5DF9Lm+O4nNLiEA0/TOQrY15Z4Y0r/BHOYQkXINIpZaMIAILzhjBE+XTsZxESAx+g4BfGnxhNzBBLiZhUZ4KRUAACYFBSZJmQMxUgIG8lzWxTtCAEIyVQCDU26grufn02NWTKd7EzlJdwYBUhmyVMvJTLmwh2biJF8cOa1HQGJEc/EUlsrNBC5dlAnIBR8m/iWVCJ27jLmxyOhK4PQRIRap23k7nV/WZd32IcwpmJdaNWzr+uWbryvLMA+I7JC6Oh7c7OXlVKSqqbrWWokE3FkogQRcSlmaVAmUV+9/dN43szDP4CLUpZFIEgGkCAhzKZm8LKXN4xoh1wKEtZZai5oxcwC2uhKzFK4iE/vh3scL+BApTdLUkFqRVWbE/EIQIuO/wIyS3Na0bBIxY849Qkx88a/wHPeZy7Ks+XcKS5FSlsLMiCylFCksktJfoo64FOLCwkxUWpNaS62A5ADLcii1EhHXUkojLmVdhUsinqW1thzv7u7VHZlrXbpauK9tqcvSh0Lkw7zV0vbRHcICSympQHPlIpL+NllaaWuESxEKG/tufdO0P2MwkXmYDgdobUkMESNJba5j6wMjhycM5Fpb1iXNeHQpRVrfu+qQWtu6MNLYfVkPxGU/9ypt7F2EuVTI8izgyoyAfd/DotUWiFJqIAEIEu3bcxEGAp+HPS61mUW4ceEcQqrI6eUZwLUPBHAzRGKRiGASG1pqmVyCHCkBIoKFbWgOw310AO99cweC3EMGZCPT9BuiDWPGcBx7lyLmNsZYjtff+tanLy/PvQ+4HDuQGQMyDpDXEgtbePrcxrYTsZnWpQKh9cGU8TYgxgAXFst2qYiLRxFzxx0WSQ+bbtlAd+s6xtgxMG3KTO1IOMXT8DB1KQ0Rxr5ZH1wqEkmtCIFEptb74Llgg9KaqZmbFE5PLhBY7htbVdMxRmm11Iog+7ZHriWI+zBzQ8QqQohj3wMjyalqAwGFqRbJt4WHh5mpZYl4GpwA6A8+/ezNV5+bW4pxmIschFYb8FQqIX9/YXQkKur5ZnZiZqLh3REFqUjJ418uxLfTlol+dBhmfEnpZ5t0LhvoHa4LkAEkG8dy/UPEQtOvnDZKDwyydM0Aqo6I+Xml0BLmSIwEUoow68yPT5XTzCiQMFgYkcw11BBRCqd3v++a0oSbpUac/md3eFd4nKS5iDQsOTFF9rwT52Yxwgk5ws08z6aZvnd3V6+t1qXp0HevMebiEdp7LTXPmmGOBAm7trC0+SARclJsMGgao8MTo4GAkCUJtcrV8chIV4flk48/WFsztQ/fe3j1cCsIQliLHJeW7Y1p3UVCAEcEtwh1mGBAkEkP81xuAwRzxiUnVAMBAxE8EFESWZDbAJZQ176vx1aXtW+ncL26WX/7my8xaL06fP7l12+fzoFzeMyXdL6Pk8UEE909ex9houh97vjN3eP25oqpBCGCF677fk5PABKCg5rl+BpuOb0iEngEkUUQYS1lqTV3wr37eeC5w/M+Hk99GCChd5XwQ+W1FCIy993iPODsfDbch5sOcBNBDFdVYcrq4tGHJfGQ8XBcS6nMVIr0Xd39sC4RpnuHiFbFdARYK6VvO0DUpbkZhp2fXg6r2NaJwd0JKdSWQ1muriCcubCUw6F1te3c9973MVgqcUWWdFDoGOYe2LazfvHV25fzMPNAVDViIkFCcg81S25M5NceNqkqWfEChFmwky9nFqY6FQCexXa58uEJEAyc7aPJ2GIUzkknGevuoG5uYelDgWysE6LCUolYpKIwCRZZEiSaiE+g4Dzc5x+ICARuA8HhYiUy9+QQ5jYLZro8Ae35DJHpO8lVBPO29X3vfXgA6ggz7X17eXx8fn56enyj1pO4ZeYeJlJbO1xd3dZlJWRD4FLSrby05aMPXz3c33rEmzdPj48vw2Kp9Q8//vAH3//sww/eOx7WL18//fY3X9zeXUvhm3X5ix/+Hr712fsHHuqO/tOf/uZ3f/WXJOw2wo0ZL/HS+UD2gAsrJXdVKcgAIQ03SGtgwIURDB4eBJbbHIgghMTyZBIp5bv04ecWDDNXEamwIk9AVgJwiAgAU8zBy1EhjxZzL+/OiBBZv520zSz8cmYcQ3ESNCJPFO4R+WyBJKimVQ8uNpvpk85yVUAoraYpiJiJKSAoafEwvZNuWqoUZs3c8GT54zu5ASLCYR47gsxG6iWI5GH50o+ZCJ9X0f3D7VAjRLdIrZLSfRCABK5eWwEgzf4c9/z/XazVnF+Px0T5pCiJxPOgm9GEgPBgokTPzYoAmtGLUiTZ8EN1jPEPP/t5nnSRuDBLqVXK8/NLV8vyaUocVSmmnkj2CAxgLBQRfR+A/P4H39jOe9dBIh7AJHk/JTKSLo0c2jXZmuvhADizKOlEgLAkVSztsNZmNoYpYhCJuZl3RixcK0lmw3KYAiC5XFREREDz5mFJFE9iawlRRJAJHCf7V1BEmLjWHO6xtSYsSJRkYESspZX5vxKzlFZZmLlIWQjTTs+llJK8IEImqVXu7h6Oh7UUWZdlWRYW1mFVmJjrsrx676PD8SZNo0WEiAijlIpIvZ/d7XA8RPjoIyyIIDBqW5CEmMvSVPd92xiTm41oZmOj0HF6GftGBCwCKMerq3A7HA7CVKr0vi+1prM/v47bu/u7h/uXlxdzD6BWGxpAXiqIc49MeH13d333cHp8IuL1eNy2PdnramNdl7a287aXtjDXTG2lzbwtzQy2vS9Xt+1whQD7+bEwSSlDNdXg8OBWLKItCyD1oeaGzF0HANZ1DSCpMsYo66G0xixqJsJANIZBGoMiHFyKmJo51vWQaWO3CDMuQsKuXphMNe9QDwP0lJulMAlFSowsxPjy8kg8g9HIhBGuCvnpC6WfHFBeTk9mQ0pN07IwV+FAdIts4UgesZkjUFuquaccQZdGu7Y0CMjuo4yoqeq2naRkkjsAgLkeppMPCREyRQtm2ncubVmXvnXdOxOO3sE8G1EBwN10KBJdXV8Jl5eXZ04AODEgpakwK2BGV4B8CzIXTnQ9E6CDq8W0RiR9di533Q3Cbbh5MBMSugMQSpXkfgDBV1/+RgiQUlkDmFVnGddCcy9Spycv26wSSoVeag1TRHQsf/6f/OdPb98+PX7NIqN3cIAIQs5Z0c0RwdxMlUvBIEoND9HdDIJZahE3dzXmTEEAIrm7qdFUCRQMPPx4dWVhZkrMaWoKdyC+ubqdbwhE04GAZiMdoJBtDOHpIvc8vRCnszPpOkWqmtVaSMRn07Dnw3a+kS5PcDA3t9yFw9wOOvhIdhNiQtyQMAAzuWaISIwQwZczUu5Bcz+Kga6RJgUEwBlZTGmJCTE8TBUiCDhDHYSQTGEWTpNuSZEb4XhYP3z14DZe3d++urtBgLvr49XxUIQYoTC3JjZGNsO4a/pswoOAxuhgTpgbd2cCMIUIEYQYOf1DALhlnbq7Q1i6Mj0MIMHh4LpDsjiJBWFdCgD87vdvjseqbr/67es+RiAO0+w2goAwSzU8cuufYt308kcyyEkw3XhEZMN38x/84J+j1Ldvviai8+lEInjxJKWTlImYcdfhw5nZwQiREQthhp8S2EfE4Wo21sLXTT64Xl4dyt1Rrg/1dDoP7UC4D9t6vBgOpa13N2UGCHMbjNxqBYzeh3vUIqVKaXVZFwhCCAZ091qIEZ4fnzFcCL2belzdHkH76encCurYwZUhCgqEnp6flib9vBUhpiCk5Xh1XJqI1Fp678yMTPumAXw6n7sOjCSgICDs+0CqBvDF149/95NfvHnzNQAxlyBQNcKsKp8Tsl885GZmZhnHRiQHCLcAvLTnIMtcxKUJJGkbmErBTP1kuDM8sjxemAtTCSQgzqImcIBAB3C3d3lid0PIFjuPS+4HkTKikKvApPtx9v+RFClELJKgZ5FphpYU5YmYgJgBuVACvxGJUKQUkcyf5GCo+76dXvbz2SHa0uqyXF3dXF3d1HqIIJJaSiutliosaQwBRhLEUur18fjRR+/d39+Ex9dv3rw8vah5LfLJxx9+/3ufffIHH65LfX46//Dvfras7f7+epFy2vf/7ufx7T/9BNQCYKn8i9+++dVf/m+OjmYYAT4TsQAADkhAWZsbWYQZMqn/aZkNVQuAIpJ+cxYGwJjgy2w/DGKcdtBUetUgq2JzOM1npYODi3C+ASjVOEAbhggeIVzyue04TUFJICVGsKTdT4Ri3qrMlF8l0wRLmFnm7jKiZ6oAIIyA096IGIxUhAEwQ2LEBObhZmqcfUNT55hP5ovpB5Ktkn2rNCGUWSHEYZGvgHnqgak4eZhHtNaKiLnOLT8gAZzPm45eSvWL+Tgl6Mw9AwCLTJ8qc7pSiUg90WARBhkgJqRwS2vNJf7gjAiZzQAoVZhIpKCgqWZlm3BWLMNMvDmwCCJPAQFoP2/MBECllHRbrcs666IDay0ABEBciKhAAAYFwsvzUziko9gjSm0iEh4ImNVOHkAIUkpbD8lRE5HD1ZWqMmchTDJYS5iBW5jmyEEwudj5dIDInbgHuBDkQwFEAAAgAElEQVQKM05IQ0oNxDSRnfkkSQkgS2gAqTCVwoWZRQpTrVJL/qeRMACUwiRcaimlkkhZGhELFRYBJCAsUkUKS2FCKbW2moKmlIWZ2rrc3r9CIha5uXvIA7dIaW1xUyK+u35Q0/PzG9UeaqaDiBPXY7bPgl6fcF7VLcwKsXCG3TV0+NjAeuwvdnruL2/68yMMMx2ZKx1jlFIP1zfSjjf37+8vT6Y9n2A+BrNc3dyojr5tRdg9RMpxvdLRCZFIhioS12UxV2HpXQkRHPp2fhdcyQXbGD0Qg9GG6jAgCkAkrushywSkLm1dzi8vYGPseyRhRrWUAgE8Cb1oNkwtN90XC0appbl5rQVw2uVz/zWs65h3OnMaOsCG1tLqsli4j2EWPFPrUWrTrkUks7cB6OZFyLM1FOBSfkej709Pj7MYNdJBg6FOwiKUtOL0b7unNSC5kYRA2+kMBKauaoVJakmXSvZoLEtz17B/9CTPlxnA4bgi4ejDIohx7ivzRI/I7fo+wpkLSVFVkbJvu0eUWkColrLv59aqEKlaJp3d/HJkILUwN3UlJmYklOx1Ss2oZCediA1FApYZQHZ3yW65ZDLSBOExYa01YQ5SayByqQYBYcyMhfPiu5hk04DkbsmcTs7ZFGRhOkw1I1xSShFxN7TcUIeQsPDT85vn568FycxLIqXyvAwBASICnOTTktNtst4QkjTA9G59DkGIZo54UYUgMWwImOEiqGvLqbC0osMAHYOO63p7c3x+efRh5p7HXEZmorQ+s/C7RzYija4ISJcyeUSkIgFWi2CaTKQMVY85GDFmfDCPVe4elNCyZL3l+TYbXOY7AhL2f3HxZrMMuVnvHQIIycMCIMKZsYhMqBGhxUybAYZIJmIv7pVALjyTcxCZcDKz/Hdgokq1Fvngvft1qdfH5e7m6rC0m6tDW6QwhClCCBMGemiOv4ABquGW+C3XMR14MQiDErsJkDAHt8GX/DYCMACCT3dZWLZxp2WCkiAjRdBYoEg7bVsR/OWvfv/5l68NwiN61wS6QIS7sXBS5hEBWXLlmR/Eu9gfIhKyuxdmIPgX/+V/8aef/ZO//ut/5xDIOfiiuSMRhI2hAAEww3zTPh7AjEN9H2pmRViaMEITumrywf3Vtz64u2lcCFign7etdxESqR7SHU7KJw21iLA8OGVIJjBGV7NotbTWIMV0s77vRThCx74H2P6y6eitZidASOFCfn581tO2rgRmhAFq+/m8FCkFUifUfbs6LuTgHpUHoq5LzbFmPVZVfX45hXvfRw4XXQ1SvqcagC/7eHwcv//q9evXXw+3IrKUlk5tKYW5TLRhuIUjRJibGWB4+IQbcralWlzs9tMQMXN5iCiImWLDwMhTcFqn0+LAF6sqCyOlt3jS7eEShJxG2JyvJ4AlPLfY4OamqurD3A3UzFMMyhJgSHNcrhzeWTPcLIapq44xdtOh3m2o6j72vm/nfTuPMTCAmUpth+vjzc3Nuh6A4OHhvW3fIyIiSGgWtkguI2aFQm319vrm/Q8e7u6uzeLLr96cXk5dOxF98P6r7//ZP/nOH31yXNdtHz/66c9ff/X4nW9/fFjbw/H4P/3NL/7D7acfPNTzWdsqh7X+/a+++vH/8hcABub5seQmaKiGGzGDQ7prpgAyU9FIiI7BM1uKOcLjJBtePFtwcS2CI2JtZeaEMSKCAjPSkgcBnDVwgThJcXkLQgQDJw7VQsEDkdf1QESWKjlkDjAbr0JdSyn58AaElAuWZc0TXa7/0xuDgEDoMDdQSLguh/N2zlAAZ+UmEjKiY+B0Ofkl5puiECGWUsw9HEqVdBmlgGipaRKyICEFACE7XGw94YhByAGhbpB3dmbCMEd8kFrqUrbzPj+KtPFEmFpSBlSVUtGG6Rdyn/dH+noBgZlbbWaOGATkgYk0SZ4QMfWuqqNI9qRaLjgjewzT/4VUakWgvBhUh1RBpqGW53ggsQCzAZA6HiESkaCwJAyfiYhqWywAMGqpIhLIpVZkLrUFBGLUVtaru+PtA0So9vTH6hgihZml1na8Mh1I4KYEQcgJWGdJDxQxEUIQRyK3stWQZ0BYWCgN4swCGJhH7FISRIZIlYWEmLgIJ2SolSIJImMSLlKLLHVd13W5ktZQJA/qrZVaKzOXVpd2YBEHbcu61EZVShGpZVmPh+N1XkLn7eX+7uFPPvuzffTXn/+eIMC11lqlYMT5+e2+PQE6S1nqEmbW9/PL476dXNX33vcz+DAdRbiWpZW2b6d+fuwvj3Y+x35C6zG6jx3c0AMArfeIWA+1tuajn87nm/c++vS7f/L0+Nh73/e990HMpbGbmSp4uMW+9wgLN9MRYcfbm+A5vez7XkTcfTufiEKENGuIwk1HhNvoSFikaC5W0+tVa/7LIASY9n2bZ9RMjGTRRlBygt1Ubdi+4zz0ImSRFtf9fFLdLQwRVQfls5giIpgYmSOBZoQYQAwEtG+7j4EJ4eG0vnvfNsbcuGJty1CbZrzLX+6RRgDi9OKRmqbKk2kfJMoGxbyzc8ed7UnZ1+FqRSRgxnncQ4r03s2NmdRCRw8z4pLbAQdMf+UwCwyzXFUwUu7KYkpZgOy8uFmth9uH98/nU6ATUbhjKfvW3cas954mhyxAjYgwCASOALMEqaM5unn2HZIkqjIQHCBUHQjNI3AWu6RiiohUKDlNxBTmCBkpABt99LHe3Nzfv/f0+CYzFubZfpiLelLTBCCk226SkhCQZSbqCIhIh+d72LMajuaDmAie33zdagEHRqqlTnQyo5tP7y2z2cBLT022ZiZ2gAhtqJpBOObll4DOucVJoATmnhIx+jZMjYlNzcyImFB09Oe3b92jtmWYe9ItIog4zJBwqAGAmabhOCwCHALBQ83TrkcAYztn+0NeQsSEEbWIDi3ZWQZh+cKYJdXTEAOITBTZXJzC9fyC0xOFiDjFkAw20DwA5FCLFDp0mn0R4hLPTTvDzJBM6RkjwNxERIcSgvn08i5Lq1Vc/dXD1Yfvv7pa1nVdllrWJkTI6BGR4gEhmo0M+2YBLURYeBKlPN/iEEwAYTlXIAQTuw5K0do146DCs+Ul3CEQiYhLlk0lliI8CouFb+e+bfvPfvG7L778ephv25hOn5wDCHKbCZdsSdJdCBIyDMRk7tPmHFGXttT2wx//+Ef//kcQWEs5n09pzyWk+dPcSUS4xGVy9YBQh4jMqxCxq+tQDCgEIog+wAaqV+FDLYXg4ebq+ngDgUNtsxgh3VEzBxhgqu4KYDbM3Zm4NkGiUpiZ+rYRRFh/eTm7Wj5thWn0c7jVtYZ172M/nVuVWtGGmmnfNlNd1+VqWcJ0PTTGOF5fr8fjy9NTrVzrokC1NBuxdz3e3gwLCxzq59OZmN1hWEgp6rj1sY04dX962d4+vqiO7byNMQoXqZJ2GZFKLFMa1vAA9zC1CWeNfFy6R7iNyVxzQOLIJzFCEOPcFM24AOQiJ1eY4RFGadOXmSmAyJ49yvETMpGcVxVecqbCjIVJMhBGQESS/TeIhMD5jWNgpqLdIiCLYEBNwx2RIeDl8UsmORxv8pTDUoRraa2th3U9ltrq0qQUKQWQtn4+rEtt7bydEBiZmWfXMALOtiTitrSb65tXr+5ubq/d4ssvX2/b1sdwx/v7ux9877M//s63rg+refz4Z7/42c9/8+H799/46L2bdf36fP6X//eXH3/vzxqEOqwLNaGf/Px3P/6f/8d85YaDdcvMY9pKCeZ0jxdNLI00aUgx89xi5HO9HZfSZN93AgqECaNEnAlhB3cLcx3GRdLB2oe+9/DezfXN269eS60RkTwIAPTL+iEd6xHhNpCIUQgx5RvIJ61H5nlytU8BOB8LkwSCCDq66YCJjM0DxzvRjonIzV7dv/cH3/z417/7NUtGlg2R0MPN//99WtOomw6mxEIBpuJKwghsahaetb0BExUB+WxJ92ZayWiajt0thdBMtsxZn9Hdu41sr2Nih8joOREHQCpjEWlSRfR8oM0mIwTM3hmkPLM5uDNTOyzDDNIoB6lqilomrGIGIeCisbgjIZPkuz4sspgiw6wOAEB1WQFI3QOBOKndye1lD4gs+iUOBHVjkWVdXO1wuFoP6z4Gk3hALULMpTYgvr17tW/7vr+kdTtNgFKXdrh9/8NPrq5vXx6/ZopaJAc5wkjigkPIBBoiY97DlGBxvugA2dHFJEyYSv7h+vbq+uZ0OglzqVJrEebasjaztNYYJc8RUkopRYQRSUTW9VbdA7Esy9XxqpbiEK3Vm5uHm5ubukiEraUty1JqBQQCLoWW2hjDRl8Z+v6879v2cvKxtyI2tsrEGIKmfRt9g3AfHYf66OP8JODuFr1zeGNk8rCBSVLRLfQ89icKw4Axtn56MVW1vZbCRVwtoWqQNs3tvBTeT09f/OoXMc5kw83CTRj3bbO+iTADnM4nQoYYZiMTNbWs27aBR61SKjGhWhBCuI2ubSm5XJ3ZeiIRscCwGT/sQ5EQzEvJxI2ZWh60pDYiGjpMNVXBtjRVk0IIKKUCURB4gJtLq2pDSiNiHcZSkBmYMtqPLBDpdAKPsAieAhpy0mbzbGBZ9BKIpGamOtQQqUx5DQEgPNfVRIjuUWoF16W2fCnJLOzFafzJZwRdZiuknHohg7YQEZl7BnACSM4LehgyEjEyQUznXgCkDHoZb+YPD3PCRAqlO7pdc+EwP50eXTUTG2YOFlltmH8sTM3RU+YAmAbGCOBCtVbmMvaee0UmzshUmM1nHYBbrmpobnoQidkB1DzUZ/wIZyjbHQixFDEffd8BorZimsIkhTsKu01ZORc/QiDCMwURAMk2BjS3hDXEhVqAkK3vuUdh1Vx7U2nVw03NzNMS5R51WYgoy35ZWErxcISsBxciDDcmZiY3R0I3g7kLIAJMj2ugEzN4lFKIyTSAAMw50M0+uDvmoksjgLDmOgFBp7eEI7CUYjZcHRFrraW1YepmtWb2Tv0C3gj3JAqzCIQx0t47z51KfhEebtMahACz6xHNdPp0zRlndBwyDBOQz/T8zSbTjtLWEm5OwmnupWn3nSbVmFJ9mtLAzYXk+uYaIgGpgUSllHWttQoH3t/e3N8db6+Ph7XlOnCplRIj6GZjAGFy0gkRAcwtsSAeEO7aO0VAWGGEcITgzILYAPBsAQtXwsT0AhBQXk7olDQed0qDpkimIPp5N9eX8/7Tv//N51+9BeSuHoEMFJDHYKREwcaMpWJEKsm5f8jGxpTVPUIKa99N9fT8wuSn7SVmeJqyzgoDgDEpHWo+PcFEiT7MRWphFoFDlZvDUoQl/H6t798cPni4vj2UteD1WlsRMz/v/c3z47nvCqUDn/YREbMVCzNfE7WUslQmCnAmOj+fRh8Yej733jUQWLAw6ejuXlrFiKfHFwYIC4hBiL0PItbdiLGWLM7x5CkBcVsbS4ne18ORWNbDsbW2bztBINkYLq2YOXo4xOm0CclyvB4Wn3/9/Ovfv346ax85T6Kp994DorVapQZ4rvYCcpiOS4RafYZOkVkA0bSPvo0xVM3M1JwgMHvUZzM3MzES59UtIjEPebPrAQmy81KksMjMt0zc0MWUDhegJeaL4Z0zPLMrqZsyTEd3+iIFmZP9SShEQlkryhwRqv3qeEelBAQhl1ooA1ecC4rLKno6P+GbH37j5XTSfF4VYU7qZA6FOMM211evHh6ub45u/sWXr7fzuevQETc3V9//3nf/6Wffvru5Noe/+/uf/+gnP7s6rn/0yTfvb2+Orf23/8ff/ofr73z26asiHAhM6AE//Jt/+If/9S/yRUdzyR2jd+uKQOaW8m5WY8+VANIst758VnkUG6YxnUKA6OloMXeYcR6PmNFeYsJkXSOf99PL6TFXZdJkXdc+dkgOhgdkfTTODC4iCZFH7kryeUXhToB5BANEN03Df8q3kfnlC3/o0kM0qdlSGBHCAonO/fzl6y+qEM3vNxVPn3m0dBpkpRSlBoUT6uxBBCQEgeHGIncPD33fZtwpPA0gZu6mIpKGUKQUtWCetYiYKSwg4WOAEJieqGx+zB1k/joIiW8PQBSpeSIKAA9DJgwoIjmHwLQdpeEFWcQ8Jk3cHBCXtU2HqgVl+iIcZgKciSiT8TF/yuTlmYcNA0LhQsT7viExcUViuKyNiESWwihqXoQPx2Op69XVDZL0sVP2bDDWVktp5h5IkM4y6+FWa8srrdb60cefnF6ent58fn5+C67pmwpwRiSc4LA83RNC4fmXiJQs9cLJZKutIWKKAEBYSy2VEaIVrrUw4VKESqmtMhViLrWSlNpaWUptCwkzF2KUUq5v7tvaAqMUuToeW6utlGU53Nzc10K970IsJBHR907EN1fXlXHsp/PLM+xnCS+h+vLsfSyFde9FCN366azbqe9ndPd9eN/G+ZnDGY0xMLQiFgQGi9HNBgOM8/n88gg+Qg3dh/ZwqK0iM4ZXlgCnVPUdh5ruw3S4GZriGGx6fnlBirH3vvUqiIRjHy8vzwjRpFYRAHAf+3be9nF1PIL1UHUzt9j3rVCRklUJqL0zoSCFR2u11cYsuXCptaV9UPsAt9y9zrAXyXbecz9bKucyItzHTKjSyGKj3Mk6cGnMRWotbTHz/CMgXCgzioYAtdV8Vcws+CUnb26ukf7N3O4l+LvWKqWCh1Qcvc/Q1twVYsZ9LUZtq9lYpJpq7qUJAJmAMDzJjhYTxw858uWPwmkpASKaaSoIJM6sXeZdzQwBOQMJAJy2BzcIMDNGjvTcIF7IkctN+mbCg7lksI6RpTIJAYC5kVDi5wk5HYrunr9axmK094xUmmomY4gYMYZaW5ZSq5oCosjk6DFyFclnKOTpCjBH0vAg4gAHDy5iQ80VLzIKCWeBLwWiRyaZTA0iVI2RCbmPkQ7cpS05kwmxuocbl0IMiaJJnDTlIoTAzdUCAE2dmXNzRYSuhkEsZKG1teP19egDEYV57N3DCAkwkMnB8m1hZkSCF7mF8liCKbYioQCShRNCKcKESxOF2HrHVKIj3Fx9hFuRQqnopjFlmpvTaRulFtU+xvAcySW5+26m3/z40//sP/0Xf/+zn277GWlWA2anJk7nAgaEur+7PCNiLrXdMyZCCOae4aSIMA8kjEsGDgOJeV0bUr4jnZHCcyLJOwanII0QMM2SiKijq2mpNd2w5lEL31wdWytLLQ/3x2Nr14e1Vba9MyO65mfi5u5K5hGODkxoNmwozM0qWd+ZAN0QghHdhzAxC7gWZtNOkwiSLeU2s8mAAT6Xue6SuCTh3P+dX55HH59/8fonP/31ae8kvPWhfXDe+RGllvBwNSDOGqkIV9Xj9VFKtTECwoZJLSkIaFdTNR0ePlSHDgAAoJjY0GAWt9krHRFAkYhpCojsDweEMImoTNfHer2WV9ftm/dXH9y2haNSHNbKhKp23vvz+axGJCtK61h6kMbMPKOHqopIEWYkHR0h9tM29kHg2b+V6PjCbL3rGCSMbtoHB4Sbjn5Yl7F3IRImG+NqKRheCK7WghhXV8dacOzndZFGIMztsOjYj8e1iWznvTWx0fdN3Sfp3N2GuqEE8ttT//kvv/jVr3//cjqbAvMSSMnh3bctIGRG3DDRe5dtxcyHJqYt18BSCgCZDRt9jO5ubsOHQl5aGVwjRiYUnknzfN7nRgYuaCbPsR+ZWIQzekiMqcxMF1G+KXITHdNJFxDZpwNAgeB5vc2HaioT4QmwmwAxUN0BbDlcpfaIiAFhbnOlD0SItdRaas6arbVXD69ev3mDgMTCkjG+fHtglcJMx6v17u7+eH3t5q9fv0nkf+96c3X1z7732ff++NO722s3/MnPfvn//O2PifDTb3384QfvHev6iy+//ld//fb7//Gff3i3bg59dwa3wH/zv/+fn//Vv2Yhn+uegHDLLhuevqPMDkVGAQIspVifEk2Eu2fyCkJDqmjXS3ppmu7p8qnmhwCZUMrjtmUXBKUysPeerSOR/2ze4LPkC2ZMKFPXhB7mF7YPUuazPV9DqbMB5O0GeX4x17nKh/lSzrWcqeKsrgcMnAb4fP3kz4m5+c+bGgMTVRC55X4XnI4gYPURkEDVtPvD5WnglMypsNQoEAkBuBS5gAdyiQOZaScEAFXLhEzAxbcGF5vw/OFESBYW7iSUXnnIA95EnaKIRIBpqFrKuRB5J5BH2PC0RM4zrlCSmLly/sLCHIClSABgoq6GZ7gliGorSFRKTT4MZgcWEQlLqfnpUaGlNVU/791cuTAAgIMHHa+ur29vztt2WA9LW/e+AXgtJQectOGGeT89oXuVkvqnmeEFtEqUdi1Av8CCM4gzBzMsU5nI0E4pZZFaWqmIGNZDdxtDpAJAa5VZRCqK1Na41FrLclgL10QUt7WVWtf1SExquiztsB4YfYyNmWtt234+bc9uo0qrUpCB0BtCCY/95GODsdm++37GsNCenY5hA3ygRxFCH32cBbkVxrCCGN6t7xBOARTQt40Q+thwSlLgEZk2geR3RTBheBCij6H7HubqA8MLI4QhuOpOEKpj7KNv2xhDMnfsI9eoAMEQHNhqHdqZ+XhcEWKp/Pz2zb7tuZpBB+17KaUwcVn+6Nt//HJ+Gts5gsxDSjEIYlmON4fruwjHiOG6NCGiPgYSllr3YWaRdeBMFBGqJkxMMsZAYAAUmRnRdWml1qGKhGPfCZEL512pOkiywIHcwdRY3u1BBVDStQ6EgC6FEciGRThCiLQgGGOYaY6FuRkkIscAd2YYjv/Vf/3f/OqXv3j9+vdAlEuqJMCmWJrOEXh348+eAUqpFDz3S6k+0uQ0MgWAqeVDInm0TJw3etLmAbGIRIRZAAEiBSETMC03GIEexDwbDYmKyHpYVLupYTKVAxgQgPyCssjpFhBbE0CMMBHJTExr9bSdSy3XV8c0T23nM7HAZTPMiKWIR7hq9lzBxTOFczOCnDjLACJWNRsGCOBmZpnQVPW6NuLMoQIhMDOEl9Zu7t7bz+ckhyIil5LtDIRsnj0yQMwRnnpj7vd8sncyiZWiCed+SKqEg5uqjtE7XspgiFGYzHO5UjA8DcKpJmMEMSCRW0CkUIzh0U09PGUUR9j6eD7vHgTIl6nPzYZQWZejR/S951w+qaAWpubuuTOGyLx5GlIjIgrLtm+//eJ32/lRmM0yWgcQWKu4Gub8kLs0gIA0zmGurkkmGEctcYSAhKp5qglK0wICIAXOQLqqEkw2UlpZiMgvVyoS52adiMIizAGwlCqFi3BYLKVe366hfnM8vP/qdmmlFuZJm8BwVx1g4G6eLNg8o2NA1gfmigojxgi3qT4woLswCJJZF6YkuKQMRpnVSLcbIaelNdtBEyLDJS/IHHN/85vPf/nbL/dhb59e+rDwSGMnBDCRqeXEObvOLpAQ7cOGTWdfjqTDIJAYpQoSQTZbZ2wA0rgFEQHpGCXOASWP3GhOhEsrRej6UB7uDjfHFd1pjLtWPrxrxya10OF4rFUwoqud910tgIoBD4CTwckoxwQbw6wLsmRc33qYmo0wn9T4DLNiFAbbh6tlRyNEaFeAIImSXdQadRFBEMZlqVWIiI7Xx0zQLoe1CKAaIwJKXZa7h5sAA4giYkNrK8T1+aU/nU8RwLWiNGlHdfzdl29/+/s3ezcHP+/DA5ArMkewOfR97/spo7GcAdpWLmpMerLCI2Y4BIJZlnag7GE1hzBTc5vJ3d7VXXMWFJa0/xJLSnD50EQAS8NZpNeRiBkuZ4V0d1xMHgDvJlbMuwAxNz35oAfGRLHPLFSumy9xEUAAVB0UfjhcFy6EVFoFwFJKDhmExEVK5QAMCI94eLhX1+enFyKRIklMi0lFLMy0LOvt3e31zZWrvf7qzePT89h2NVvXw5989w//+fe+e3d36xE//dkv/u3/+8OA+Mb773340fuv7u4PTf7lv/73/dMffPeT+wH81ePGTLWQIv3lf/8/PP7D3+RBTFUxH6EAwJB7AYiYtFPmPJphCoKA79bDKf9y0iECLKIQJ++DANFB3ZhpehYjPJxkOmEAUlCBi7Ensz0EEblyAAdIKNBcOc0pOC6mWy4sIqYjAdaXSZpyX56Aiqld56IdwS0Ap3yEmDh6cg9mnCMzUuZok3Bhbow8v2rC2U6YBwC86OF+SeYw2/A89uTDwD3clJAkk2zzF5zbGzcTKYCgY4JFc8RP2hJn4hMJJ6oBL9P/fOHOFx+gFBk6wr3UqqqqxklnnzLA/IbiUtNACABkGu4uVUqpphEWrZUEYeYvKCL5zxJL2rEcMC0WESFFEJC5iNRA8nkoZhLJUtMs2CUpgCSl6dgrC2ItpZDM6Wzft9DN3HR0prKsCyLv+1ZqY6neuw5lQmYqrZIU0xFujAWJIJwwLeMhk+I/PTucOH4mKkKSMh2SsLsDRpXiZgheawv1+1evvvHxH/T9xFJKrevh0A4HJKyt5vKrtpYU/1IqE4NbxuEgLMxara1JmC1LE4RW6yqNAMd+0tOT2IB9A+0+9rHvfDlp6xhrq62WIlylrGu7PhzG6O56WBohaO+jb2lCq6UgIIQSggi3WpipCtVaEIE8CJzAhRkjwrz3zXVABGIUkVAFCN3PvnchYEJE16FmigS5UWSccAYCClcz8xjqNsyERYft28bZChXhEdv5BBHC2FZxVVP7s3/256OP11/+Lq/QGSFg+oNP/+m3vvu9l6evz6cnItIxsgrGHNrhAEgkRZYlzCOsHh6+9dl/9PL4tbtKKR4Gs+U9daVKiCzFw3rvCKjmUkurLW99HYZAqbwBkA8XKTcPr/pQ1Q2QAF1Hz1VfDtZIZGbqfeqt6AiYkKiAwEAHAyBm+dGPf/j27ee1lKGaiyYCDrDEfrGwe1a7ZgwZU0yziLCMsCVCB8DDwKhwQBAGgSAmRHiaX4bqZQCjMCNi8yDC7/zRJ2/ePuoYRMz1cA2zxgCKzEEtl0QeRLQAACAASURBVH9ZVkxEAZ5Jqbzp8+0EAdlSlQwcV01N1iyAPGmPGnY+nWNoKXW6uBAJUS1TqhYORQQoHwnAJG5pegiw7PEWIjLVgCBByX6N7OecS4sLixiCGfehKGxhup/mH/aPaYQZMAcIJgKPrJsGhzEMESc7M9+a4JmY8Eg/cSTSx9Tz9g4MNUPkQHAzIrKwP/z0T+tyOJ2eEDkXS4iE4fl6gmmmDyCAgFLEdGRWTIiQ2CEpzTH/dAAI2LWbGyHXpWUeq+9dsryD55aJKYOLBlOtRgh/fvuGCJPuEh5pKY6YudsMMIVH1k/mrJKYCyRS0xRsgdOfauFJYgAHK1IDMlKMYcmOm6bPWU9B2VM2td9pmXNLtC0LAbG5LrUQYJGyHsr9/fXaCjhcHdbrmwMGMlO+zgEjbLhHQPQ+wh0hxr7BTON57st5ytB9khMReJLgMaIjUHi3MZgIIBFAPNdpEEjiruhGDFOtoJLUEWIcffzu86/ePJ/ePJ/ePp0AYsrlZpdgiTshFwkIJkk6r470G3BgALhHiAjnsbNScsTSSpsBSMpQHkqGPSBMVTPAMIUsRjdn8CJ4aLwSXlV5/3r542+9+uxb733zo5vrYzusrVUZY5iO87abhzkNx818G2NT2J2BwMawocwkJc+hdtljDtPugTqSto2VkRHBgRiZITx0GCKsS0UED9r3LkJ3d1dEVATXw4GlEONyXAh59F1KOaytra2KhMV23gjjeKxM3EohIRsGyBb++HTeNVCqOQYVbvXc/avXT1+/fQ4ipqIeag5AgBwhQewe+3nT0YlYpOSQwUUum9kAgAgINzf1cMAQrqWtOD/VUBs2b3BwNdPhpkQoxAjMlMigDM37NGxkzD0noQQL0eXsi4AYiYOdox5MlzFekvVxsQN5AOaMlHMo5ZEQ6eIcUj21trRl+f+YerPey7Izzeud1tp7n3P+Q0RkZEY6007P7SobdzVCpeKiPwEfAiFxyy3fhItGQi01Ugu4a9EgJBCoUTUGSgxV5aHKY9nOyZkZw3845+y91jtw8a6TJi4sKzId/scZ1n7X8z7P7wG4GM+RmBjHNTHy5u8jmETvvnjn9f2dmosIce79PEFPhFzn+fr2+nA4hNnr13ePDw9b21R9mZd/9J2v/+MffPv29hABP//lb/6vv/7p8bh98+vvvXj72Yt33rraLz/6yW/+hy/23/mzHxbCu01Pm97czER0f46/+pf/3O4+yxhzggEijS6pv49JM3sCPV1Lae9HyuZEBM/HyiV9lDJXYARIFRIOcGS6eXJ7Wk+R5dngOKp5RgGveaRhEiLDfJRws+HKG+NvOmPyljamYSJKXdDVmAVxCBwBEeGISQxDYkpA0bAtJSUTLm7bzIFfanfzLSXCYcqHIKIqU7eew7e5JaQo7TrMhMARX5p983ExPAQZLctLbQbBwIeNVYi6m0zVzBAoctIf3KWkFQ3Gd7Jt008IjKmS5kcOIpCwiDTtP/x3fviP/8mf/eoffgMjc4yeeiGO+2mYj/1JANfBxpBSAIGFL9LPaC26nMqpgzIAeqqchFwYCFkKcZZDMQBpWK0VmQCToZOYfEKWCOaS0OpYlmWal7WdSQqMCzOwVK5Luo+Tx0VE+/1NLZUY6lTDFXK5booRc60IzoWJiAUZU85jFhbiUiphMNGlJgjHhYAG326ZpmmemXGuMwLv9su8W6Z5fz4epcjusK/LIlIBcZrnQfuqBcZ7kxAYr4XRgyJz3MHEtdZlWQoJ9abb0U6Pth3ZWujGGBCm2jCcIgrXfHX28xLWtW1MWIUeHu/N1Lrul722DgDCFYimadKuRKjWmHGZ51KqlOoWAdTbZtoQwF3Dsvgc0moY4QGWF0JhdFcmyNSOu6t2c4OwUqsgnh+OVQqxhBpE5PWs9021M1JvJkxuptrCI8JYCB3CTbc11CP6r3/5s/PjHYWbmbYOkSktAq7d2t3rT7fTQwK1I5wC0MJa39Ztf/tkf32b6gzXXcj0eP8SwtSCqSCTZbMEFUJWj+P5SJJFb6StCRHBKPfMaldA4FK4cK6GHOO8PlLCySI1jHAIYjJ1wGHmyc9fcsHMbLjwCRHRXXfL4r0XpvO5jaE0M3kAgeihSbnHzBZh/q/Gdx8BiQRopDcJsfftgw++s9tdv371qdQJ4o/a1wgOEULmDwNrLVxEze4fH9y91ro/7NhlgoBSy/iCpx0E2LQLsZsHDq9MAkB51FQlyYcujdcxbvbh2lumebR3VxcUGK7cbAcTs6R4pVd+5CMyvWpuSChMQpRImVKLcAHATN6YWT6q26bILCzaFfMUJyAp4GBuum2Y+V9AD81ErxC5eeRC1iP3+2UqgKxdiahWYSH3AOaEdEA+LphxPHs5t/pSBZHVNB8hXCgdqH/yg7+wiJeffVKksoi7cTaiEWeuIPHeSEEE2f1QCnuAVAmE3nu4AwSBE3JmDQOg1pJrHTPzZDSMrAOGuZtPtXh4a02oIBAA9Na5SG/q7rWU8bHsfdnvb548ezweI7wUjvBctwA4Xtg1SGTas6raLT3NJIxbbz/8sz83g/v717VO+S8P2LYgwZBIv1wwwxi/IsKllEIS4Nmclb/2y7LbLcnn2i/1nWdPwKOI3NxeJ5oNwre1EWL2QeTI7W6RBDcfWftuhhAALoxZiTm8/oCIIUQQStm2o5uwADiYJqsB0VPvD1cIG0sH4mwaBwRCOB4fP/v05bnpR5++vHs4IeLWdOw9EFnYzanI87dfrOuxt5aOcTcjoYBI91pqgX1reW9zd20KCMijrhyHoY6zexwpC+mytweJgJkIcL8kM5KqyM1E71xP33j/2dtPr4TI3bT30+m8ru10PJ/X3hXXZqfuj1vbuhtX50UtrHcALzwmYybsrbuq9p7kDghgJBGa6oBozlNh5q5GCPPEwqTqZrBbpqvDvFsm1Y7hhTCiH67meanLVNTWRYQJb58euMC0WyKwCHvXUuvpfJ7nKqXUyr3346qnLRTYkO4ez4/H7bH149be3J8//+Le3BnFgc0dHIIQgAIZuZhZW48RykWYBZC4SC01hZN0e4engUHdLcBLqfO8ZxbPT5VamiYRwcO09946QAAMLwAyAaXuxu4Go8ebNLG8w0LMEQBBmNtfyKn2osfS8PIlFQXzpo+Q0Y7BW6dh5k+KV+/bbtlnV52apXrdrcNQgzBrCtwckfaH/eGw/+Lla+bRwugQwlLqRMTTNF1dHfb7XXi8evnm4f6+92Zm87R88LWv/OD733r+/Kl2/dnPf/3//vjvz+f+4p2nX3vvnZvb27dur18/nv6z/+kXb/2Tf/r06Xzu3t2lyG4vDvEPv/vsx//Vfx7WM5NgqomFoFGEidlNnz4XEUlj61gej8I8SiI0BJpZILKwFDI1NZ8OMxC4Gka0viHQXIuqEg+TFY4aBxjtJUxEw2gFAXllu6wNBthgNy+tbxER7qm3Dcw/kg+8MV52qulZzdsvqrubZ+9TDC0MEYPpj1UScRkNIC7uR/cAqHWaprlbQ4TwkCx2wCBABNTxIfW8Z+RaNkcZTInNPD3piMlvgNQO3ByFvvbeV1/fvU4pB2lwNEgoYOw9MEdYGjldJs6k37ChEUUAI6nZe1/72n7Z/+LXv8SBJC759mWjaG4kRHheZiBuvVv2LSZS0iGvwSxS5x0A9e1cRAycWeZ5CUAPW+ZdXgaJMD/bTFikOgETTtMsUokIAlkEgQKxlEp1Xva7WiuxiFQWPm1rkhBrLRGxO9w+efbutp5NFRGEcJpm9+7ap6n2tob7PNd0yRZCAMtblghTIDMKETIRUi2l1IIYSWTGUec15pVayjzVUqqkv0cKi8zLkgu++XCYd0vd7dTg+uZ2t0xEgOAEzsApsVXhm+sDgvet3Vxf3VxfI0Wp036/xzBdT74++vqgx3vTrRBMpbh2cHfTqfLVbjcv8zxNtZawkFLCYttWN+/aVNtuvzABEwXaPNXdbimlmOo0SZWi3iJwXVdiicDH43lbz90aM851CiC17mZ5ZCICBBALALhaqXMRjgCLyGZoJqp1Agc3K3W2gN1ufz4dp6nudvveAyAQIYMozNJ6P60n1V5ZSpEssstts1nfto2RXFW1td6ZyR2mWhlwPd6//vyjdj4y8bQsHpYAbgAgQjUr86xta+eVEU8Pb7bjm6mIA5rFNE15Pmdg3bQbdHcTKYRSpwkhmEhdl/1+f3WzbluS2igdYI7ubn3Nz4GpR2qhMXgfHpnCh2lehIq7oaBks0f2f+c+87L7zKRrLVP6pN3jcPXscLh5OL4mHG0bgPglF26gDFiIeUDGIRColPLm4c3p+HoqE8TFZugDfJ+HIOHg1Ua4mRLx4OZn3w2XfWbhI1CbYdbBgs/zjoVUOwIAOMYwtWdcAJnzxu/urXURMXdAdAjKZlO37OYmRjXNb09EMLOrJSbSHNKKbd25MGCOSojAtU7ulovHrgqEw+Q02OsIyZ10826Yz5AI2zQwP6xZK508b7zkn4OyUmlEIKLUimkT9KDLIW7diHmaFre0DdCQTxBdNWd6V+tqpUjOoGlyF5aPPv7t/evPRBJw6QhIACmQGzgx1loBsBZhpMDIXee2NVXPfHq6ZhGGK2mep9Y7EW7nVplTKgszRC6D++lEWEopdSIcWjIzQZqxiN29JmM+wjFEyt3dGyaHQHcHYiHuqlJKKTV3eR5OufI1ZxFT9zApwkwvX33RtmNlHlfNyBhlFjeC9p43pZQ0Y5BunSBjtZzeKhi0bHG3w2G5PewZUYBvb/bTxIVxqkWYvCsimBmYjZHL3U3deqgxwrqtCMAI7laIIJSZwQNcGR3BS6GwVka1MxKA65nHVl5z0QvJ1ycObyl5RFyEyYBcaB4fT3dv7r54df/b33++tl5qObUsTxjaPiC56+nxsbfGo5eOEgSJeUC4R0BWpKYcmKzYuLxSuSPKISMAChMxhRliCON+LjeH5clhvp6n693yZDc/v9l98ytPv/GVm6+8fcUE29rWc1uP63Y+a9Nt03Xta9Nza8dtO61tbVlpixriDm5KBIwQ1gnRejdTcA8IyUc40VTLNFUmAvf8/G9rc/PKVIXNDAJvbq+vDwuCAca2KSKJ0H6/3x+Wrr0WenJ9vVtm3VTm6XBz7R5SZVnm1ltu0ppanefdbk8igfx4bq/ePNw9nDeF1/enz754ePXmvjVTjbW11gwCA5ITiemACCCUisxtW9t6cvea9XZEUorIIKMNS3mQexL8OyFJSRQFZ7u2mXZVhMibuqmptTRxskiVkvEASmv5ONklEmKWVwVOFPQADgXEcEUnzwEQCMAvQRxMKwgQYkSO/ilShyXV0WPZX+eOMwIymSPMVcrILDMHYBAQ44u339627bSey6C7BDNPpSLSPJXdYb877CD89evXjw8Patq71mn++tfe+/6ffPvZ05uu+uO/+9X//dc/u79fX7x4/q1vvH/75Pb5k9u5lH/2r3702fMfvvjW15D42DoTHfYFMTrQ3/ybf/vyL/97JNK+pj5OyUBg8jTcu6enEyKKSO5j0lTDwqkvZIQuH1aJT9DWS2UCNFNdNwYkZNAwNS7sfdT15lspUjwc3IsUYnI3bZpSQmJtmMjDRcRNZao3t89Op2Nm6QZnIzI6GwDAnCJAun5zxMfM3Ua4GwxpIsNsPBb+kIQvBwQUptx6AgBRFrlAALW+WVceOyFyBGaJvCpm8wBRVoNBDgVp1s1Gi3DAIKLM115cPJjYzbu71xTBOFy/+VMTU6jnGsZjgGcRMwGcGyYgllz/gkcg1jJ99MlHv/jl3+3Kklm45GOZOecdAtPdloZRcgsRDjMMEBbMO3JWsqVsNC357kipy7yoK7NM05Jfn8IVEAKQWRwdmZjFHdQdeMzijljKxHV2hwS9zXXq7YRhAVHqLDIJp8ynZqHahNOwI0jY24qhTMyIjIHRrfVCyBgAKpShSCCIMmz/kAyDktMRYi6BpUoRYaJaqNYqzEiQnJ8MRosUkbLs56fPn0/Lft7fUOHr62vC0HUjwMqEESI8TXWa9xBhprtld3O1r0WE4DCXfn708+N2/0VsJ0FIRudU5/BYpjrPu0qCQBFQuOyf3O5vny3LzlyJ8XB9vbs+XN1eP3v+3AOv9vveGpLUad7WTUjm3TyXcnvzhJlrXd56+/nucKVBQILhtQghFilBKVNwIBaZCC/kU0pJxbt2BBJkIMq2aWGp867ubpb9FRcBYuQJiY7n1QOvr26meX+4uj6dHomoWw9wRvDe85zMiZXQU9/LXEprW7gxE5iZdwzTtkbfKBAttG+mTdUAggsDepHS2radTxXI+hampfDWNiCQOrFUZFxPDYh3h51GkFAp82F3g8hmTcMQ0N1JqoXrei7TJFJ6U2u9bZsUUdPkkDHx7nDVeytINAolk7MD07S4qZupjlag8Z/EzIUIAeJ0PDMxAuatIzXfTU/r9pgJGB9SQi4PdDCnh8QAkVifuKhKEIzFNXLb4OZEHBh5jBGJjPZYNx9NCMnCMbPenefDE4S49ILlKRgIUSp7eFt7nSoXbmsDQsnCuaWmRgWYLS1MjAjkSPvDXgq3rTGlZQjdXIQivqSDIQ3ClnhEXqwDQEpxCO1a56mW0tqaLVQ5lBMhOLgaEaIQjJwcYDgwsxDmFMWINAxS+XaWIQh5ZNJLhJEtnISHZ0u1t07ELJxnOmSCxAMdpfDQkBwRU5aL5P6aZZs9BVEyKGH4b9jc3CwydI7IIp471qmoWu+bq7LwKDI1F+IIkCKIZGqUWSHmVAETYZ47fe3uCT8CCATrihGAuG1NSgHEvq3pISDENMYIc4Cl0/365tbD1/OpSL6DeZqje+LPeFTZAUKAFA73UioQTHMNJDAEMyGy3KWF/1HGu5DsWFiqBLhnWX1qqkAB3rVnGoGF00MPALu5Xu+muVZhvj7s5kkYkJGXqVxCF6Pe2C0gHDB636wrhptpqBHxAP5IghuKti3CI7QwIjhn9U0EMbtt+dNCOAuxCIAlTM+sEzEijYADjw5Ys3a8u9vW/vkXdx9//ibvog+ns2sgomU5W96zLbdE3EzNVUTGwj0gLKM5f7QXe/xRmUuV5csADBIUKclmLcylMCMIobZm3W4O01fevvnaO1fPbueKoGrn83pJ4QNGqNq2bmauHm3TrZs6KoK5N4vmZAAIlrmxiMjmXWLJCSOVkrnWWhnAt97cw8J6s3Df7ZbdXEthZpn3kzCB9WkqRHI6rUWoFJ6mabc/RIQQ3dxecy3b+QQoKGzu8zI/efaEKHrfxmrQILnZeQG+O65/ePXw+d364Sf3d2d/OLaH0zmS1T4MeTCGrjRbcsY5BLC6U++ttzMSCtU04dQLRyLGuAljA9O3cCcmmaZaZ8A0k3hGTcLTwoGurfWWPFZmFOYB9sQRiCfOkKgXkQzAX6IAuddNL0SmhBExBjIILuZ/REgfS+TvAwF5hFljorrsImNLyVtgrFKHz5MoAtUNkWot77545+XLVxGQLm0kqmmbFtkf9vv9DiFev3pzPh6bbr13KfXdd9/+wfe+/dZbt6373/7k53/7k1909WdPbj547+23nz97ent9czj8q//5r/7N3dMXP/x3rw6igV1jt5Ol8tr8sdHf/Nf//Py7v4OR+MG0EAAhAfXeIwALsQgGqBplt0kAZJ0Ck/ZxmiU+YXjz3UMt1y3uuSQIH/TnYYFNkZwA02jp5kQECGqGgpfNMhKRe2jY0NqZrPXT6YSEQty1ezYJAzLTbrf/0jWb03za3vMydskcX76v2QIC4Rrx/wNkC1GpNYu+sh6+907EiVHOnwnTPwnwnW/96Xo+r9t5QIEyJ2Qe5nhprwPI4RyRkUku7aQQF2tbkfxNJiDtHTj/AqMIJtur8ucGgIy3xOV1zMeiR6S3JXHA87y0TUU4nwhhHj6YoIjEIvkczE1JrrAShoXjhYecitR92V9RlWSJ9tbcDQBVtZshcXp50bHUykWI6Or2mdSdQ8zzglSQqZSy7K8IGRA9bKqzWYfkmsuEXPLVTB+5uy3TvOz34J5zSLhWJiIswm6bq3IEIyJ4KcJEHhBuQGPNX7MhO2OJgExcipSa3bxcmUmIhXJlkR8xkVLnmQmJZXfYaVdz3+0WCNN1de0CMBcSJDOb5+n66nDYH6y3OsmTmysC1/Opn970+9f6+Aa15/Z7mqf9Mu32C5Hs9rvnbz+/fvIEiKnWq6dP56tDqdK3dr67a8dXteAyTWZemB4fjndv7vp2Wk/rzZNnT5+/2N88KbXev37d1pVIzptN8/5w+7RePdld3/CyiNTDzRUhB0IAqwMwMxeRbCGbAEi1mxkQTtNSygTogFjmabc7APC87K9vnzzcvbm/e8ml7K+uA9zCCMG8b+dT1+10eszKW87aRUiLpoKbasu9DQtFeBgIk/eu2s00wvq29rZixCwCEb2fz6dH68qAAe7u63llETBDDICYpqX1DhhZ8BkBh5trKpNDxgbMzYRnizBXgCDi1rurqel6Pibw95IbYSF2SB53MJNrn3dLeISag7n28GxSQuu9Na3zFIRhBgAo8uTp2+6+Ho8ijATCEuBJQAIIy2KytFDAEG6QUlowAChSCSkgAvxLj0V+0yIMEaVw4vUpLTboQoCIqoZMYZDq+ZfnADEHAGEgI9N0wBFFQuDRbRQB3pWJRUr6sJfdwkz7/bKeGwKYBwODg2MQYm+a0ku4M/B63kbwyEFEkrxi5hCeB4WZmhoguVkiWAw8TzxwDHTbevbrQYypKAMJuWRIX2ZKsIBoGmZGjK4QGKZGCFIoFcLcWwxDiXmMWxkgs8MofkqCUmLx09kJ4VIKce3aCGj8SYy5x/DItdb4bY8otXjOL8Kuqf0TMY10BYS7F2FX0255ZOfWl1kQMjbjhBCW9jKotZYirl2EsrkJEMI8bw7j+QROzMmrMVU3BcAiombgwEyJ5iVmIupdzdRNq9RcEKUqqZqbFlftal6KTPO8rlu+/r11FNrt921t2pWLdFULGJepXEURpdt/TDRAYUqE7oGU5ulAGCJ3KVJKSXQ/Ak9V5nm6uTpc73cIMJWa/XEIwIgOEWbWeyQ8xxwRwSzc0k1tqhfbsRVhcCfhgABTQgd3IZLCxANwGbYyOAGAdSLhMn3JanHrBDTQRcIInLKxmq3rZmEf/+H1R5+92i3T42l9c79iRuoyZ4ecNZcA1q2//+L973zzWx9+8pGQJMt1XNXDCSkM3Awlb/sCEIyjCCwA02Y6rv6Irh4W29a7WiHcVbnaTwTd2rad2unUjmdbj+cwBbDee9v6eW1mrhbr2s+9N/Wm4c4WoE5QZ5SChBGG4WEGAw1OEUHjDeKpSHhoa5lKdDcAY8KrZZmnCh7Wzc089PZ6F+7ttEngk9sFwSL86vpQRFy3qSCzEzkiTZMguqkFUK0FwhCx1gqUrngOJIBYe7w+9rtj+/zV4xd351dvjl3j8fGkagCUFDNMf00q6wEQyQfmIAEq5tjWs7aNiYkkEEWo1EpIBukXd0IkQuumukU4c6nTJFLyoxIOZqrdM5FJgGmvwktCJD02POhAkMN5rhPHwZUPnvzhMAJgYOAvTJcvXT84SLn5ERgkTY/Qvi3LXkrJzul0hOb/b05fQRyByMgMz549q6W+vnuTTmtiERIgEpH9ftntdxF+/+b+fDp31d51KvNX3n3nT//kW289vW1mf/vTv//5L39zOm1Pb2+++70P3nnn+eH66snV1f/+41/8N//Pq5sf/tMn79xQKdtmTDhXZoxHlT98/Nlv//V/ud29yaYFZjlcXwGi9kbMqQ4gwcjkEGOybvIcjuBR3BMEWS/oXEZ++OKBiQAjHiI9EiaxmAgDw1QRgySdcSil9N6JkRBD01DqpYi5l1rff+/9u8fHUENiwBCR3vu0W95/74PXdy8jQgpLKVtKV+EAY+3DUlpveTHJJ9Fl/54/1OWW6APPkQt6j0goR96nSylh+eBCv+DUiOCzzz9W24QLjEYTp/ExwNw8BwCzEFMkrSEgO30igIuYe3KK1CM8uGBk1JooEMw8j538RCFAMlIo97dmXCom1zwGwTVVrQsPFGzUD2f7C12us5CJiELZXX3pIoigcQhixB9rYawpGAgXCCThSMIA4DTNxJmJQkASYanzzc1zmefj8XFadkR5B6FSJqo7qQXBIVXh5Cyne9w7RczTjIhgDRmtW7gxQoRKVvaoohuaEVgtRBhEIBdhaKplKiJFEEGYKbMMjAiR1v0iQoiFiBiZeSpTKZPUUmstVaoUKQUA5/08zYu77+bivfXTGawVsKTPCRFXefrkltmtna2dvK3UNz0+nN68ou2IfSPwKrVOdaozultXIQyiJ8/fmffXUqfem4USan94ffzi0/PLT/T4BtpZ1/P6+GjddssM7rsq0yQizMQyzfPuqlY2bVWmANwd9vvrG5Ty/te/EUKBXKa5mR9un8m0n29ul6vbuuyQJ0JxdSKCgUtGR4BAQtZmAQCOHtFVvTdtm3DUWnvbzvf3phbRXTuEM0lrTYQhkJghwNXNghm0K6SwMwoRvVsPV3d37e72JVqbEK1rb1vrm3lT70wZhE6er09Tsb7m+OcQarb1tUoxdSToWzO3MhU3Hx2nyF2bgweAqjEic8k0EDEjo3dloXFqRfTeEn2Lhtu2YlhfV0N8/u7Xt3VFdISwCFcvUwEEMyu1anck6LoSxpCQw9x9OHY4iyc9D3gNN7MAJxzBVSRi5vE6pNl9NMlc7NUIZubqmF3dDKYGMWqaIkJYhDnruWBQj9O2gBjAVPae/bXMaVTKR34CYvIf9WZlKm3ra1uLVKnsNk5xREJOUQNEWLee+mXCYRKuKKWqGgBwIRbq3cAgYDTDUyAQ+OjYQjcDCxFGAHNLJikzBzgTApFbJIl5iBo5hAZInQLhAqhBxsvcDIhC6Uh39zpVlmqedlNg1ZAp+wAAIABJREFUHG4XJJSa7S3BwqWyuwHhbn8AyEsFpYGVkNSNCEuRME+WPHJRC2YMRG2ap/ZI/SIKs3clwhi2s+FDYKJprtM0Zw8OAJDwNE+73XK8O+YaoRTWrgmdzmjslwbX1IIiQUBIAdlm4m3rgFCERNgBe+tungAis3TueIpRzBzuSKOtl4hrrSisvaXCBIBu2s8t/+7mmkGG8e8jpA6a00kulMONMGERzpTdcB7jNgaqXkSmqTKzuR9289V+Xqaym+ebqwUgBKnOEmn7yZ/VFNzMw1RhNLqpmxEkr9enKuCWaFQphYmtr2CWzF8hFEkNlqydMbQU6dsKCCwF3DGcACyULhObsAyLdliy/E31dx9+8fGnL29vr988Hl/dPSYMO8dQHfU3Ee5Cohhd9fT4kN9Aphzpgy494Vg4CUKuNvBNgRBgbgmMMbX8krtbLTLX6bCfD3NZJmIBV4sAZsr96dWuXB0mwlC1pkMrXVdde2saXb0HmmOP6IAh1VhMnVJMd0cAYlDVRL66h3lr29bXjQKZGCJqlbmUeS7CsG3remoMMM+1CkLEejxhxDzVm5s95XcAkUh2y455LO+2c2OE66sdMm5rl1LqXIg50mfsBixcipufT9snn90fNRzh1GxtybgtSenNWSanMAhAHE2x2X4KyBGEVACLmrft5NbrpbQ7+f05EA0cLAAEeFc1BYQy1VKXUiZEcI/wBLZqnqeENCIo4UyjLQKZIpueMjFA4/54KW/OFFFg2JgXERF4gCQRkgofEdkrBANrg+Zqve2vrvMnoZRmcGw9gQYnKgKEkAnfffHO3cP9tm7hkLBCgGDmZTfPy4wRD6/vT+eTmm2tCde3X7z1j7779Xfeerr19rc//sWvfv076zbP03e/+7Xnbz292h+u98tvfv/pv/hffmbf+POb99/bHZbjcdPWr/ZlqaIBH9/b17dPf/ej//H8+JiKLwuVwv28abeE1o6nQKTbFM3CzYgv4zRQt37Y77iIuRYp6hoaQxcOJ2IMzHdJ+Es2ayDSurXvfPeHiPTmzecylamUrqq9Sy3WNINJdSqA4N0D7eHx0boSkpqKiGrP2t+tt23dhMi6JRNinmt4mHa3WJa5zlV7o8u9hQgzLo+QWa0LhwjHSBqjNNORyC5EsjDX8FQTA/AymjMjhSMEqSnkFyVGJUggqnl4JJEl48jgUeey2+97b9kbGpG6ZBCzFL7Q4HA8BIXTlB8WYcEiXyITEKnOEwEGwNYb5iMY8vJFeKkiTo8+ETqiIzCTIxbJxmXHsW7KhByVeQpHgwCAUgtzybUMOpJwCiWA2awtMs2J+im1esQ0z4gCImvbALDUGQmKEPFUluXZ87fatp0e7pZKeVZGuAgDAgaIcJGaBOZ5ngJgnpdwLYhz4XAPVwwvwpgeCYBCzIQQvtQyFzkscxHIUWkwdjH/WBESGbBhyudjEM3LvOzm3W4ndZJa52U3LXVeplKm3VwZQc9nApsYz+fTNM273ZKwcQrTx/v+eB9tK9bYWn+87+eHSlQLTkutRSACQsHNtnOZZJ7nwtTX4+uPPzy9/MP5iz8cP/kIzw/QT7ZtHkFS67Lf7w5ZP7CIgPbz8aFtmzU9Pz4gxP2rl9EbE5/PKwofbq+m/VKlqvVnb92IEBLvD0+m/W53uNodrut+OTx5cvX0yfXTZ4ZsyCRFSkGUFEprlVKnDLCpdylUuEZE6xsRL3Xvaut6QoRpmpgkkJFwzhYFRC7CXKapitC6dUBSs7F/zVxjU8w8Sxgk1BYwIFRbgOUIRFnfQlhFPLuwvUXE2s6u2toaZrv9ngQJsa+9tT7PU9u0TBPL5G7btu53u/3N7XY6A0Qpos1ubq+ze4qQzLqquSe70BNHNRyi4ZnZK3W3nh+ZIAYznTBi2za8lKXqumabJNFo1sqjPvHxiGBulgIBAhIVTvejeXLKwnGgXXLF6sMjmvL3QPgEc76GIExhzogOVqYpQ81pSiROULvl1AwAXHfXiIQMKbKWWokkIkphs5ySkVisq6tLKQiAAJcoZ/YqgAibursntF6KVBbrKkVKldwcpvXZ1LMwK+FCSSzIhWKW1Ka5BVwjYn/9dH91u56PKX9FNh1CjD3qsHIEAHERJPIANU3XpgeAA3hwYe0+WB0IRJSqdlo8I8zNAFFqqbVkrxRcdqzaW74jfVsxG9ZoRIHDgoSBIAjdOrMIF0BPAYYQmcnQgrHMEwIwsWfgskiZSqaL3GOaZiRsrXlYii158QgLYgwIYiJhHy02IMIshVkAfITAABBJVRkpe62JMMIS4RqBHkEwRMpEVOQWKcuVc1echtII6trbemZgJE5nGAKPJjAYalJumIdJLTDF1Bh7DpcqWdE3TVNuDJI4kReM9M2DwzzVBDAsU7293pVCu6kK8em0VhGC6JuGe27oTLupIWU+SSP7MwHQDdw5ZUBE006CgFEIXTsi1lJcuwhDGEtFd/BOKO6KSDItEejeIEkdCNkXLaWOT7k7MfbWtm179erx8bRykd9+9PJ42nwEdMB8UPLyQs5EvW1v3rycyhya5ctxgR4yXgw/43qTqC/MikUgIhFx1dSSEaEWRs8OZtCm2mzbtHczC+tGbvuJdhOhhatqN/QIh6371ro5dvVuYY4KpB4G3JEAJJk2cPExA4BFVBEA7Nvm7hCKTFwZEObKUy2MFOCt923ttdY6USlkXXuzWrJmSOeplDIREIS5GZJMUz0ejzfX11TqdjydT8frm2sm7OuKYdNUEAUGL4tLqfNcifnx1D95vZ6bOkm3OK09hVa30VM6Po0wTrGLwz6jmRSIQIIkQVXVtvUEHsIMTCxcirDwGP3zM5zjTOu9N2Yq01zLnKNPjKo70zHzBQO6uZoyCYkQMhEHhEPiUpAk7T15yDHlZoey3GpI2JdLzNhhZF80DvcQAGBvKxDuDtc54RGPDUAEggcRMTAyWhgTzstye3P92eefhyOz1FJyz7ss0zxNAHB8eDyfzh7R2lbL9O6773z7O19//vTJ2tqPf/rzX/zyN+u27feHDz549/b6sNvt56k8PJ7/i//u/3x49qeHb39vOuxM43w87fbl+noB0/tOjy9f/qf/3u2//T/+6nf/8DtGQCDrup4eEbEIq6mrJcAxC3eTjRvggcA8UGzb1r///T9Zdsunn3zEUsKSp0XqKlLrVCnXgA4BQIHDQQQAiA+n+9PpTpAxYt3asixEEm4YQYQsnHBecGBkbcaZwciuq4ust53PIjK8ZIjqbto9QopkFPjx8SEBx6GGI+CUeO9sCsjTLMkMkJW32XuACXdjUdOMkSBE2mzyiMbLlTHlJ4SEgQzWFGVnxMXLmpFfAFRXFsmzPe9dycxMR2vv2Znjl5uGZp2ZSKK648tvCyCZaW8bMUnWWGT6IfvLc6IHCIJwz/OfkDhXGUlTzf0Coggjs0fm85BpsPoAyAGFhAv7kJwYSZizTxNECiAjUZ1LnXdIxRHqCPtO59a++s0ffPWr3/jwd7/u51Ma6LWtNALQQkQIIFLHzA7ASNt6nvfL9e2ttQamGK69MZNQIFitZZ6mUCtCFFEIC/rNfvcf/Yf/MWN8+OHviST5CsQ4lSKCyFCKiBSuXGpBLrtln1lP5kIi035/dXu7W2bvjcMEwdeNwqa5MGItcn21Q+/9fCxu/fHe1zO7gm6zBFrXtolIIQoP9Gjrmn0sHDbPYn3183b/xcfrqy/Orz7dHl5LOBcyBzWQaWEp10+e7ZZdmLrp3avPtsdH2/R0PK7nszCUMD2d3nz2h3Y+R5gIMaJ2m+bp9PB4fDjquj7e37sjInTw3W4vVa5ubp689axpM5AW4ITIpZS6O1xLKTKVIA7AeV7qNKm7E6GIGQBhKbWU2rybK4J5NwYikXDTthWWiBx7+P7hcehsgEn5E6pmpmZZIGdmzHR5FLsPVjoDIFioapGJmbdtc4Cvvv+tbTuaOgI7OGDUMpc616yi2poInR4fzRyBelcp5XB1sGCar1pbo2/au7shkge4dULsqkQErgDAQFOZiMhMzXreTgjweP8S3QoX81DVxJQhURpO0sjnFuaGYyNIHg6BRQYnF7I4fvgJsAghYQIuUzrM54SP/5JbGLj85ug2CUSpEqkpjR4x/PY3vtt7f3x4I1wAMXyU8CKMOY6h7My81kpctNmynwBgW1upBdJ0PcSAYfkLR1WzS7Qr3zfMKCQMYLybqmrvRoQk1FpX1SGWwlhSenjaWnFgnROox3lOCVGacJq23ldESLstBJAQ5tp8SKqATFliYNpxBKHGxyo/PXn1wcjdhyOS5D17uCUxQfXu4ZoeIcT02wLmAFqnSoUjQkQCwA1yfdFbf/vtD1585YNXX3ySFoIAYMbcwgOClEG3RST3yJM2XyAEKtPUW29tTZGPiBOy1rcNEKQwC1u4NsXBfgOpFQDaurkZjuXL8AawiHuEGgQOcB3k6zwkN2EZKa60HqBD/tPUE4kBAAMIgIjymAeArKYCIoDsr7mYm2l0BIxl05f1CeM1TwFd3QKZB3xpLNEJAA77ZZ6FIgTp9vp62c9kwyXlBiIc1m1g/t3UehLBiDE83LsqBRJT37qbihBf2n9z567aKKwUJnDCbOcVDHNLAJkzgZQJAMA3DA8YzQwAIZKUDAMMZl7Pq6neP5xP2xZAv/z9J21TH7EcAA/mRIvm09oIkIB7VySapuIX4LjrgH4zsciEAOaOmACSnAkwPDddeT/z0MAIYUrhipmksCDd7MrTXXm6r/uJShbNZdQPojdrauqw2VgVOEIzVwdDDKw07Yk5vLv1cIMwbR3Dwc22bSplqSVrtcKNMArDxWPmCFgyJFcJAfpm8yxVqK8NAUQwAshjEp4Km+rVfhYGMJvmWpDAERGkOIejGgIQsqu5q4Uj1VpnFl6b/urD1x9+endeLW/8ps5cAMdxOT7QlyVgQicv94HRex7EgAJcA7hta29nJCpSEJBFSq2jh8U9LR8e4abWuvZOQqVOPE0kCd/L3LAOcRcJIrSphzON7Aln2Cu/MpzWCLpQVpAutRij92ksMAAxJdsBQ8MRKPJtPU3zMs/zxUREwwAz7N7MhdydEYjw+bNn6vb4eGTmbGYIgGkuUy2BeHx4WM+bhvXWmMuzt55++5sfPH3y5LxuP/nJ3//q179XNeby3rtvPX/rdr/fH5ZFNf7Fv/7R5/Xr5b3vlKurbulIwcP1bqncun/2YH++O/0HH8x/+Td/99O//ikEmKkghI/++AEAKEgRpgZZHJvWagTIYkegZZ4//sOnr+9eTqUCoUEISXiAOyGdtnV/dePhhKi9AWTNMCYxK6lNwmLmhNi1u9llsRLgOKAbCfhBAMYk9pZSs/khP1FqhogZi4mslkcyM2ueShAiqBoxA1A+00U4d1EQl3LOyyY6PNLrP3b87gCjamasXn1Y59PVkJR5gMChMI1fY3OYu+KAbBbPJsd12zCQgHLktmzYcIAYxs5cyoc5RAy4ODMgmeffYihANE5rZmbrDvkdyKUuIAYKZw8ajTMeGBEvNQt8eaWRGD0uLwFTVmcAoEjFvOoRIjFiARZkEilSJ0ABYkDiUkud1KObAeLucMjzyy2Q6A8f/UONNs0zApxPJ/AghJI6K5JIkamMUlQHEUbAImzqfT1G7+GK7kUAq3ztG9/r29G1oUfJSi+g3SSFDYFef/7Jtp5FCmGUbPqWiizTMpepSi11nmtdiMv+6rAcDiyFi8g0zfPktqF2Ox99O+t2Nu11rstUC3MlQNtiO3NrsJ4nwcowVy5CbAaqu93+cHU1TyWs1yLLXKdS9vsdQ/TTg65nzAjsuiGyVF6WylwDSaZ5nue6WwqJYNx9/pn2c29b16aGZZmneba2Pdzd9bb21npfrfdwv391r60Lk2sL19efvTrd3/fz+Xh8nKZ5uTrUqZ7P535aw73Me66MSLWUeZ5ub2+llnPvCjRfXZUyB4DUheskRWqtZdobkFl06wAewEjs4do1WiNwYdov88P9g5tKlozWyT1wsHTFTMcXFgGJgMg9iMSHo5AslJCurq9zTHOLKth1+87XP0BdP3/5BXMVkUBgjO18jvDj4zEnKFNlAiIojNpXADgdj3WZay3r4yO4qjYp5SsffPP4eK+9CUtOXhEgXFOHaO1MzN41f2ZhYuTeemICELEQu2UDOWVvEiHw8HiilFIKm3netMN8nGhEmquGSH9jsm0ye58FMhmzAY0eESTlUqCS93MEoASmYVqHiP7w+UdN10nq4OtgmH8ZUwMgZqyHjA/WOiOxaeutT1NlYeuKKXVzzMskXGoprXVmAgrK3AwgDOovigiMSQtLEUAYjfcQ7iCFU2BFHGNgXo7y2MT8o/IZ7gDgTLytm+lWpWBggIM7IROSuee2JS1lQwVPFgcSDlo38hiMJVf/2nsqcA6hpmaD0CTMZl5qVbPhgghHwmz7ISJ3BSQpdWttWAlEHIAIWSQQTbW3YwR6AAAjJiMfEBE9fxLCgXPiXNb03mudAqGtp7wVERftPS+I4IEZjVBzB21aa81VuLuBB+arDZBbZoIvhx/PIx4SZxHDiIwQTKJuSXgcKnT2vmEMXpBpRjDyuZbdQsTDlCpF3NwtrXLDOR8BEJac6XRjUyGIMDWKvLBQEUFAv8jkpZbCCAAsdJim/VIJqRDf3FxR5LiZm0AD97DeuoI7RriZmfGFRWfq4UYQGKFtk0xmIqYVgZmEkMIwXITNlQilFgiP3nAYclBkDrDQlUfT97CUMFEgjWu0h3mgwBcv78tcH1f98d//rjUNxG4OgwkTgxsUPih8HkOVGma98bBkISY2dbdOhBflL5VmCA9hIQrtGuOXCWERBgxhWmq52U9vX8/vP9u/uF2u9nzYT7VyFpkBgJk306ah5k3NHAyieXRzjXAqOC1cFwA3U9MO4GFuo4XESuWpShpIMtu3lAIR1pWJp6nkdxfA50ruvizzbpl82wBo2U3TXFrr2nVeppvbg5tOc91dHepUpv1CXKQuPAlg9LWXUohoWnam3d2BpZQqUkopCHF30k9fn+5Pq5mXIoSorWeHaHokKBHrOUnF8D2MhpI/eoUAAYOESjWDtp2tbcKFC1tEqTXvAzm3jW2Am2u3puHAIqVOLII0ou5mlguBxNx7N7MOhNnwgEQA7uYQURKbxRdOVMpcNJyfyYAiHsyvYWVEQgQ3M3ezdn1zm+nXcCDKBDkgAjGyjE0aIhSRt99554svXo4Kc+SAqFOZphoRp+OptS0AWtOp1hcv3v7mNz64vbk6Hte/+cnPPvzwk9Z0WeZvffP9Fy+e3dxcHXazO/3L//Z/+935mt/9Ht0+XR3nwzwtE4pME6HbqxX0eP+ffH96OskvPv7sf/3LH2VG9xL5RyDUpoms8ezOyuM4LVFfdiBn2iww+7Va13GCURqlwCH+4i/+/d/+9jfo4wkZDuHJto9Lh3eMikyLOpX0v5ap2qZElLgMNUPG3X52cy4ln6JS/j+i3mXXsmQ7zxu3iJhzrrX3zqysqnNlkRRJWDQN2ZIahiFDgAF33fITuGNAL+BXUsewDdMXwgQswBLUcMMwLciUSB5R4jlV59QtM/dtrTkjxsWNEavcrKydmXvnnCtiXP7/+yVPVCZCRC6SelcmDoRlaYiY3NIfWrgs3IlIzRGAOZdXMYM7LaNjfL57NBeKs2e5jfdueREIqV52R0K3uG0EIlEGkRSg261IRKFGgMgMASyMiDp6bVVqLaXo0BlbBsBIphY3b+7ECs03MB/SBBkhYcJDuRQICKRSa7rNwJwY5RYpkLO7HEYSzw48h2ezQ7j5YAAAkKqIYOr7EYiBmJC7Wq1cytrahkCWFn5kqdUDpHBdTnW7H8fRlvbJ5z+utfXrcyHJD1GrAhCFKX1rhSWAWcTMGSIN+kvhwmR62H4NHYJ4akUwTncP/9F/8p89ffjm+vReSgN3JMg8oVbkqy9/+fp6KW3rx6hVZtyv1CKtLo0Za2vCwszrtq7nu7pUEi5FQjtYbxhwXGPsHBZuRWRZGoGN/ZV1H9eXOPbKTIjLUpfCvh/osbR22k7remZm1Ssxlrpu66kIo+2hvfedIRV9XJdyOm2n8yYE67LUdZUihHQ6nZGBwh7uz8SSTG0PS5BmmDJLbS3CXW3vO0SsWw2zl49PL09Prvb68ixkwrG/PiPI6NrHKyGqKgCu2xlJVD0XlITsjg4gpZoHEN7ff7IuZx0WAOZKdSERFpJaIRINEAGOzAAOAEM1Ah2s98Pdhmq+Vkw0Rnc1RCRGQHJ3NbNh5sYsqYIm8GFDIWpd+ti7HggQbhD6N3/z16AHIQ/VAKgihLG/XiszINVWImwcA8LHsSO7EOrRw0zHYeaJiy1M+7GbaT92hlDVUHUIIhqq7r2Piw0VZgyQKqbjRr+1nNYXERbS3id5LrKiwCJFx5Ai1303dSrp1XSkzOsgZiYgt2AGQAwzkYo3EE7MqFYYfXzx89++P99/fPwgnAngQDiVcXlYpUiOcBJo8wBSVURKNEta/iCMS7sXocDwsHXbdPQ8nlQVMWqtZimYwT4UiMYxSmWRxOOgmacHL2efTDQFKgQ5Hk34A1GOF4CLEGOkZ3dWPYCEARjmAFFKcw8pzMw5WcnkKmESLpnUkflZRJPfD4Bgk9YM4UwkwghkruZurskSdtdErKRhgoBY+OZrwrYt6VvlytmCZJHtYUicGVvrenJ3V4c86AOZWPv1uL5IabU2xyAqy9IA0TSSQoeMyOgR4Z4hIhBOsgSg9iNy0OJBSJ6bCgKIGGMgZix3OMayNADsfQCGB4hIEHlYmDMxs6iOPgYR1yJFik6cxVx5Pzy8WdbT8+vTLDswn05kb6Q68tnlu5jrnVIKQASFB4BFQHhEkgc1c47zuRG5OxGZJQ2DIgIDRMSnLBty7eARhLitS62iQ9P2/tm7t62wEHNgK8XdciEUEOFKmIlU6ml5NsvCPeO0xujhxkQRSkRcqAglVJEFRYow2dhr4QhDiLasiOjWM9sp3LhUBALb53wydNJDpMT0AnqiZAPou28/Esv3H1//+m++66rH0HFzgUc4EbkZMgFmw+MsFCkNiQjXcEBCRnCzADift1JrP3bCSSkFcCECjznpZy7Ca62lMiMK8t1a32zl07vl8/t2v0kRKqUiC7ibqnuo2vXox7Chvqv1BAGpdXVzCEDnErKgVEQIM1clAHC/da4kQkSgOvL1YyRAVlUSWqogoapC4LqV87YiYhXp+24abWlFyno6AXqVUotsW1MzBGytIMb5fDYf4X5/vlvWqv0wHVzq3cMbLIRcSm2eQABkNf/wfHz1/vrh+Xq57L1rQjdNLQDnPBwpFQizyUJMKvxtNAuEMNedhBmGS8hmduyvEVBbTf1Vlvi5sEo85dQF6nB1YqptYW7M4kluNc+Mmtz1eSTOwZml8Jy+p19ruuQxSV2ce9T8fphyU/WDNCh/+VYn6gCk7XznERn7ykKBcEPLE2L+ZwDG24e3tbT3Hz8UKYAIAbUWqQUAXl9f+rG7wRijlPL27Zuff/Gzd2/ffvz4+C//5Z+///a9mZHIF7/9kzcPd+fTqUgZBn/yz/6ff/0twye/I5/+aEdaH86nN9s+NAK2Jnv3r1/tv3g3/vPfWnvQt4/P//3/+CcZq8ySIQzANC0QkZkAnByGqRV3DwKYFxuAhSNEwvUQgnmmhRBKqfL+w/t+fY10PQPCrdjMTX2OxiCxrYRtaXWtfe8RwYXWbbUxkrVBgoGZmIbXy7XVQkzH0d1nBo67Z0fp7iLl5z/92VNGJUyXTjo5gCiF+hAArZacvwAy/OBMya8NMLP78z3yvBaJWM0yGhAAbim/c9jv4YnfS+dssjGIOGOGADAcCpNFEGHKjQCACQOBiRHgOHYWQULwyMh59xnwmLIlBI+50KDwKKUmBi1DJOa7h8ClpRYppzzIZJbvZzrlQpgIyVRz71VI5mVJxMK37UYUKsMNkUtrpYh5lgGSaYmRYgiW0prU2pZFSKStv/u3/86n73708cN3gCGlLG29Xi7mRgwiyMIJaSi15dse6dthiiy8mEc/rO8UiuAQVgsJAQWBj1//u7/Q/WlrDTxYZGkLT9QycamBPNTbtkopyCi1IjIytlqXZVm3lVna0s4Pb9dtIyYfR3953QpWAhy77rsIr61VkbvzVpmh7wKGphiwbuu2LqUQotkYRNCWbdnOZV2kEBKWIqf1LCz9+gLWbRxmVsvS1pMU9oBaVwciqW1Zr9ceCB7cjzEcxtD92M3i6bJf925uvQ8gAiJzgKDr9brvh4df9x6B7jDGSJ/L6+urqo79GMf12I/L61XH0S9XkcpC63bej+5mPob3/vL0wXQgBiEty4pF6rIgAIHbGEVaEDjI0YeB19ZaXZDJAsKjtdV1RMQw70PVbCoFXJO3RYh9HISpo0NEtAgRKa2ZpVM3csWHzMSoXcdQ7YdpNzUBrlJcx+jHUEUP68MsZH7wfajORVHOvvogRDdlYUDo+07EtbB52Bj79RoJZvHEQzukrNl6eGzrljZ/ABxdU8I3T7nwMTTcpVZ1i5wDYlhXmgFfQMwZIu9JJ0OCBMa4ja4iPI1AyBDh4JmvEZ655gwAFz1er0/pwIEbtgYRAkKqoDAAuHlAwo1vA/oirgYIKfhPHRFzPSGEaUB43/fQDLV1JCJmT54M8VDNZNDE69oYOgH8MyqFCTGQpUBkJoilmTo1rPmAkUmqMOFx1ZQbukLuErOgFMnRQuJAIJemcBMgAsBIwzOEqyOhCDsEAkiZQOU5VSU0NyD+3d/9o+en700HxIxbM0vjAd/Ev1GKEOA4johYT5sPm7cxTE9CFrAEVEoBz1AFzoFx6qKEagBGYG3NALZtjQgbum4LUMIyEcIZuVYZo6/r3f0nnz59/J4ghIvbMHeWysxuGhGItJ7uP/nRTy4vr0gZgkYesGylX97oAAAgAElEQVTrtGannW5WDbkfiWRdh/sYSoQi6ZIHQlTTPo78icA9Qw8gIIl5FpGoQQAId85/xAB3cw9Oz0NEmAFRLUWHhc9nNGtGJHBHppghVjDNkRBuzkTMqdwKD19aOW9ryqmF5bSt21aYEMyY0MPdBrgDOESEu42RlNWAcNVwr6XMNYGpuwlimApjqzXcCxEhiFAR8nFwRGIfkuHmPhIlgRDCFOFuV4JgzszmVJQIE+f3o8OAGRBfXw8S/s03j//ml98+v7x2NZwZTKncnQFtZuHhOYlEBHOjFEflC4eQn6+2VAS8PD+LCCMHhqdOHfK9CiaqlYVoFblb6udvTl98fv/FZ6effLJ++rCuVZatFqYwTdyYqR1H3/tQ9W6hZsOiDxsWFuAICugoVLfSFkIMVQoPV1clAiYsQkUw1G0ogOVjB4eCvFSOcOvGTOfzui517D0sIsK6AsbS2vWyn7b1flu3dUHXyr62UoV9HBLgEEJgvR/7zqABtp0fpFRiUfdSGpE4BBK5k9R66fGrX7//7um1m2LA6P0mJMiRP2StnDVXzoxTMw2z5UwBdY7Jp30fkIMLAPf9on1P72AEIHFdFmLO/ensBDxc1bWDG5cmrRKnv8vzoDdVnytEilwLMOdoluCHkjcIpvofiTz7ksgFHdHsYaYXJG8nhxj7ddm2ZVnM1D1XcIQ4aTk5RfZwhBDhH//4xx+fHrUrC3t4bbWWAuH75bLvByKNMZalffbpu5/+7Cfn8/bdd+//4i/+8v2HD8cx1nX7+W/9+LwulcuyLgD0v/zTP/tXvzqWH/179vAZ393TupweNgM8uq1rg7DHHj/Zv/tHf7iUxk70fLn+8Z/87wiRqfBqBqamAxlZKKkXAEABOEc8lPpIJEAGqZS3ZwqwiHGYZsIJADDy08fH3NJMGSelJ3iSu2443RmhMEbXFPil28DMPQOHEdxdLT1kKbSzCCAgZpiBwU6UnSIR0fvv37tpImQoX57bxhMckECI46ZznL93FsyUpQAg1lp772ZKyOAhJJyuLIi8oCM8h1CmlpuBm8IXSCQAulrkbMgVIkREpCDE6JqDdgQ8rjsREAkkjCgTCQBmQxw4rReAAOkrAwQsVbRbTFxIuEfio1U1AkiIEN0B80YGFBFiEqZAIgrkNMyKmiITkuRCXYQxw3jzcyk13YLEtK1nAEKSYcGyJB27tialIpc8LoXLx++/AR9DNbTbsaN7EV5qDR06DgTf1u10d+eIpba2rRCufbgpQ2AY+9DrC9ggM7lxfUNNCGAoI42hbamn06m2FqYiXGoBJg9c1mU9ncxdakVirvV0vmtr83CS2pZWWqu1kakdLzAO0r5I2H4lD6HYWiF0AWsMenkhs8okhOfz+eH+XtDHsZuOwrxuG5cFEVz7OK7ad9TQYz8uT9eXRwgLQpFS6uLqYI5AGsalRtA4jtHHcYxw5CIAbtq5FJAGZZF24iIkTFTq0tp6AiYpBZBIuNSSkSIM1mryMuh02o7rxfpRSxm9M+paC4U/Pz73o6+n+sm7NzA6mLalpGZYanl9viLzsV8fP7xHgt7HGN62RQGllfV8P9Qv+yFlaeeHWhd3qyLBKGXhIhnkWKQsy0lKs/yoJjEskGgK84goAgNDtUM4MeU00rra0JQSWihhCImNYb27WhF6eNhaLaNbW+t+vZrpcT0ISZjMOiKkqjY8zDXM0/Zy7FcdHSJKQgzCtA8pwghmSpHx8O6m4X463WfUz81CSaaaXTYmEp1l8noiIix9WWrq6oCYg4+pZwQwy8y1WNa2LNXMUlBjQ/O4dHdi6sdRaxvaQw2DJ9Vy/hl5I+YEyt1jirUTmwY/bKET1puCTGKpZ1VFiNTJzHCzXFdC3Ba7uYXkACcKz5hoz2sp/zRgohEAmPjnAAcuJUEaU91MpN3cMjkLmJGIIYKEUyKdu3hLGqaGmaFn2i+nyCh/VjfnGyOZhGPqfiACbKhDZMQWIZvp88tjeC8sP8grE2hWSnGAYSq1RIAOExF3D1XtGuHm7hptaVKLulNk1W1vP//x5fLCKT8sPBOJpCARAJbWpDUIMB1mwSUBo3DjhkZ4lHa6f/vuw3ff2BiIZHqA8E+/+L3Xy+vo1xRxDh3IdHl91HEgopvZ0AiQIn3vALdFDiDkAgFjaM/w9AwzTlu2maZyQC37t1T1pAQrdZ1k6g7OlFY3RGAgMAoLZ+TSSh89rxLk24p/SkjDcapdTRUQf7hec6AehMz8w3U0C7aAyryd2iIiKELCQHfnxX0Quam5I0S4DVfFqVNyCw23lGynE6AKaVhq04WnMqq1gowsydjxpbVM5SBQLlQ4sY0eNrImZGlIGOMF0VgKAnhA0jmRKoCDWwRhqWq272oR//ZXX//6m4/7GNddHeeuKAKCZhKQ517vJukODABKrBASgUP2Wvt+xWn+4UM7Iv78xz8+b9vr9VkKZzzC3VbenZafvLv7rXfrzz67+9m707v79c1pLZxViYepu4epDh3d+rAxfJgdXQ/13nWEO4RqRKABBjfeTiLVho5xmPVcAmQ2MWLoCBuOhKUwc0oSoIogIwDVIssiRdDU+rAkggvT3XkToXDbViklhAiDzvdb7x0A27oggjkREzC5xTwOhGtt+9EnAJSotCUAPRwAA/nD8/XpatcjZZEe6lNxzAQzP2vyZ3PyioTwQ0p7Vj6EeEtEnD8McnAhXszsuLxGeKsNEM28Vim10C3kNWsHMNMxVNMVUIkZiG/tXpipmQUEEyGRm3lMhBQielgEsIgwQ0yRq0961Oxa5oYip9vJWjHtx3F+eMCpFUnAVG7RMBNdASNFI6e7093dm++//56QIlCkFKEAv16vx3EAgKoWkTcPDz/92U9Od3fffP3tL37xb54en92jtPbuk7fbsrS2nM4nJPqn/9df/PlXWj/5bbh7Z8sJW62nJRCvR1dHERqO+8vlH/0BfHFf9oDeD3P4n/+3f3K8XjGbJhs57kHCcPTwdEBnb5yUCwAEdGTMEbMNI4KUcUuTyB5hioggr3zAkJIpy27miIBMlKkCbqVUpJl/CUBIZOp57aZYzN1u/WJCnGM6aHF+FROqWrZ+DsDCk9kw96KUEzN3n24bmFmBqho5VQFI7j5gxsA5IOoY7iEi7iZFkFGHWQYPE8MkAyAisVCaqygbhB/mX3Dz2uX6P8CH5W9KsxwBEpKIRMQYioA0N+eAk1yVcluYd18qZpEQSc3CQYTMbm0Zp7ch1m0lkkwec9dSqnowM9A0eEQgEANTANZW67pFODORFMSZT7ecT+10BxDCTCLIEoTIvJ3uiaitKwnWtgDEcRy1lHDt+4vpcVpXBAxTDC3MLOSu4QboQtzq0pYVee6Q+r7XjJvWHfqrHYeAF8puMRd6zpyiLwYIFt7WWkpBcHKojZm51Ca11KUBUFvadreJtLadTvdnZPLw07ZGmI1ekWjsen0F660QmDMBYTQGsO6jCyiMLgitUhFutZbKYObjEIpa63Y6L8sW4dAvYAeYUgCGATgi1rKUtkB4gKsONIPwutaMZFTTMa6FiIvsfT8uL8f+rL2baypGPAwxWFhqHeMwGzY0q8NcnY++b+s6xhhqwpgqLzRLVi8zh+vYL4J2Wuv+8rpfXsH811/++vnxpbbqwebRtgde2rosr88fj/1lP/ZLPxAIWZwJkNp2J21t5zO2bbt/83q5eMB6OnMpex8erqZI5I6nuzfq8PT0UV0tfOoiiXNrZKajdx3DbgoFDwjLDRVlsEua5VUVIqTknJnu7++6x8fHZ02BcmCRhYhsZPRHSuGT+w2jHzkK6L2b9rTFuPVSGIBukfCBjMKl1KKmEcBczGL0IyA4gZkwzaPpeCRGNZvMKsjbKiI1fjKNk6mYJGYPhTnqhgQ5Zh2OxEnXTYBPbSUBLDgVeZHRgT6PNYIATA02U55FmTtKDGYGiS2GcMeIWwMwb6OcrCVGM/Fdc/+Y3xgBA2KkUpkQuWQIJZpHstHKdvq93/lb33z/dZUCc/QdODPb8w9Pyd+kKNtN2LSdT0lPQ56KnLzUU8qLgKYGuepIgUwKN4MgwhVy/DYvGkZESiqfsLhr5VQ3TsSCMKekMs90TnslISC4Jh2cpTWMBNdjBGg3IlzWFki/9Tu/H26999T5AFBdmplLFUpMW10gTLuRCDLnqIeIicBU27Kc798+vv9GCInEwqgwcnPC/frxJmhACnRztKhSU0GcvOfsf2bIJAB4uFmOseeCPCAiXIdbUJW2bl134RoYxHQLe2BzRcQINJ9RVSlDj3AE6KO/+eSzTz79/P23X/Ntp5LjL4DQ1Pp4JNHfzRHZ3fLrYM5mcc6zY+p0c/uc2LfEhr55uCvMa60YKIS1FqEw8zEUEGn6KJKoEZGhaDH9DwDOTEykOgjwBogYlanUAgjr2lyHiCBx6Mj8rbauJFNeNztOrkQUuguVmz2OggiAkCtgqA5EZimA7EgW/q/+8le/+eZjd3u99EDyrmm+Q6SkTlF+qhndwdUSyJW+O3Ujkpw7CksyUkSEAJAc3PfLMwmXBGUwbVXuTkshLKVAwHGMY9fXvY+9m4arAoSZ96Nfrsfo2rt1831YVx+aiXEx1D3AiZyE6lrambCY9YhgBHRHgsxjSiUz0y2xOEKHYgSXWUcQQ2tNhx3XPS340morUqsI8fm0cSEkhmDiWoqsp2UMA/A3n7y9vF7dx7IUQCaGtjYzZymlrMESCEEk3IiFhCxgGLx/ev3y2+euifgvhBTmmSMOAEAImPZnArjh9WFCPiFuMQ1ZKEEgUL6a0zNAFage+3Hs11qKVFFzIOFaEwmQY+aI8MhMgMPda1mk1UTcggcjjqSu+hRx5tAkIkSqEOON7BazrKWY9C2KCOAp66EfBjgWfb+yyN39ndpMgAWcVGiM2aRnngkxf/7555f9+vzySiIkXEXCdYze950J1b2W+u7d289+9LkU/vWXX3355ZfXy370vm7rz7746d3dJix3d6e61H/yf/75//vl0T75bV/fjLY6l3JaoRQ137uKMBE+D/iHdy//5R+sr+oOWAoF0X/3P/3p+2++w4TTZShsmSKPRBtDAN4unqREZDUfjqCOkXotCoAwR8xDgyD5S5H6fpuMylSxz7iO8Akwy3+5I/31iDlOQwB0SKWNRbhIvW2Cgul2LYWDzZiFfBzpBp42sGnBjgBwy1D5vJymsSPft3TLMBHXeQG7h8xcuchGLs+yVEvm+zBZhmHgUGoxA3VNoVTSmSMNxMRI5JFtY1pjIZCy7Y1wIDJLFsdsNi3mHT7lpszqOlSLSK3LHOHQND8A5j85zdyB8BQY5aYdWe7f/rzrhVhyNJitqDCnxCubGELyABGOoIjY2uYQ928eWNp1vyBQaytJAQApsp3vmEVq2e4///Tnf0v1IoS11mXdCJml1lp7V3d17yzc+1XtGMNabUtrRDT6ruPACB9dKHzs3q9oB4ZjGCEy02ysIwqTMNUqrZRc8jBMZkBblmVpQVTqAkiOuJ3Od2/umciB19O5taUtRQjINI5jq9SIQHfT67q0WkT72LalUHB46GgElaAQblsrBS164uEZsbZaWytSihTdr+P64nogspSFpUgtZWltPdW6AiQSmduyEpGZD/ORQGKN/Fy8vO469j6OxI0f1+O47sd+sf768vR4fb1cr6/gvr9c+rUf+6Gqh6oHJkxcGIbGZT9UXXX00Y8+ujoSSZWlyfPjy+vzq/XjenkOVXAHD9UxtPd+EKLrHurHy2tlASQLH6Mf/bJt52W943bSiOGwPbzdj4NYVH2oJtn28npxd3Vz8Ofnlz40I0QtjEk8wMwmpRlhVoaAkWx/nTmnCKAZwhdurmaeezOPcOT3jy/HMC5VTS1+2MzRfn1lojGUGJE4LAgJ3AkQKMZxCJF7gJvpyIA57YMJAGIfOxIQ4NEPRNLe3bUuCxOEq5kyYyni5jRrfgQHSVp3/lI4IHpAeO6FIVO6ZqwuAjN7WM6jkTDcpwU4iCsfRy+1zOo4h/gpzptC9jwS0jCGE5YTiEBhAwg4F5CQjKB09iBTOROhFPEwVQMkQqZJMpgOrZjnRLZbNCXdEEiQg0g3ExHzPtxce7LaKQM7krw7WQcIk+g0G405RBQyNUYopfaj38bFfpvH0tBBTMR8oxxAasKzVSBBzAD6GXUGAUhz6p+RBwlaQ0hXGoSqeuq6InJG4mbT1kxYasU0YswTPFESiEjffvctRAZzSlu3AArH/DZrrR7IUpALJup1UoepFE4RVinby9MHHZ2Jjq7u3pYWatfLMyMycOTBLRLuLKXrgSIAISxcJBD76FIIAYhJRDJAIMLyOM4fsdZibqW0zz7/yXff/2YSUCPcg3OnljTz2zszMRRAAJixOn30pw/vW76FMNPM8DbGl8r5fAJxdLuxWSHPpumcc09QbhFikf9/XQ6xLg2BGPH+vN2dFyFyVZHSmphZmIUaISV7JfshNzc3hKBAdUVIMwmZu6u7WymTDlRqcbdlEcpkiypgxhBCgAC1FWQK1cDIMRWAhx2FCzE6OGZ0FBBxC1d0BZDIWABiD/x3//bXX3378XIcL9ceHpbq+gB3jUhUUqrWImBGcrAQIfahzPwHv//733/8oKpmUWo59m5DZ+i1qid01TG3NxZ4qF0ux9Ht5XqMftRC6LZUrhyFIocg/egWcXTfh14P3fs4hmm4e2QgNXIGqHNghVIzKhzDUheR3Z8IyBQCe7hCJlCHl0bMlIHMrTIFjusBAKettLUVYYKw3gujlAIAtZ1S+NQavfvkDjC203lZN0J7fXqupXGV43KtrdYqAVjXcxB3HYEgdWnLfamNWIb7+8fLt8/75RjqkTb9UiXA3HXKcFJ6OesYyiEv3JIBUgdEmHjXKRZKOTVkR4qMUsNgvz5HeFsXRITA1oqIpF03pjoOIMBUzVVKq8tCLIDodmsSzH1Gg7OwpAYsOSGA4KpEnHG/OXlAypyVrLw4sZUZ07FfX0/nU60ti8wbLx4QktNIBp6ywGVpbx/efvfdN/mhKyLhfhzHfr2mYlC43N3dvXn7toh89ctfffXVb67Xw93Wbf3080/v706MvCwtgP75n/3VX3ztsP3E212XFbjU00q1qvlQI4a1ERQ5j8f/5u+0hn4ZsWx1XTdh+m//+E9//eVXCFNCk9PxHNaneZqJwB0CwLyUgoSlyejdh+Jt3zKTcSK4kOtMzKEbACPJSJDjfYCIMNdpPM3ZfiSQmvgHzibOfgwTGZlRmhjZuCJRsre384lYzMYNjp8Vh2dCMBHfciFh6i2JwuctjgjEFAhFqodxKQh4HEd67EpJf6oKMWBuuSMTVyYRwiPcuUg222b25s0bYh69I6KZQSDf5vcw250JXS6lqDpmWHgRQKi1pF55ogCzKDdnpnAl4T/8w7/38fFD3y/CnEc6c8GMZ0NKkaKHcy0/uA4QYT29/bt/7x/+4q/+hRADM7O4OxLmVNLUl7akORuBPaC2ioFqDkBuoWbMvC3n0lZHVDAilrrmFu3+s5/9wR/+/ef331xfPoos7z79jKgQETP2/SjMtcwUg8nZYp5yjNFrKRSmxxV0+L6j28QoRtRlwcK5xmHCjFmU3I4BBzAxL9tWttaWhkDdbD3dt21xgvv7+23bsNTtfHe+u2MKGEd/vaAeW+G1Fu8HY2xLWWploPPdqRWpEJWoIDDAttZta1w4PJhoacu2npftTEQISG7hAwC41PP9m3Z3btvGtS3rqbaFbpjIWpsU5ul+NnNHYkcOJGQppXqGxBJTbaUuzKzuZhYRTIUC9+NYa2MphZBTc0EkS3v35m0AUmGuC2Ldj6HWj0Od0AAB67HvYwwHHGM8PT4/PX0Y10uSi84P59rK9enx9fH99fkRwoXZHSFkPw61I2zUshyHHsdBXIZa0o0f7s9dh5maZmAtMJGHmyoCPdzfe3hyEdPqY9ozeDsCcvg7T/JAdQWcdJQ8dqdwEpCI1HRYemRKeve6Dkx1iWlyAs0VEYqIqYMFM0HA0CMsiLnVGhFqXZiPvWsGmeVTUEUwHermzJjAlFqX3g/TkacLBQCB6g6e1uS0EDtNPAUmAiSNS7WyhwO4TQAJIUEEuKduLwAiu/MxRsIVzHToiElRQAdAjwBgzn0yIEaq9DGAKO1KtwsRMpUlMN1QEIzEVE9T2zgXo5AvLgbcXIweBClcpLlZhxxcWR5hEx4MEPHy+PH+7gGRIAxn4Q1za4o4huEU70wpL0Kk33wcCoDM7JGVGUAA3fi+gMHItVRATJgm4MxgQQBGRuK8qlPriEy5Zs2FcQqBc3hBgiQM8zTH3FRkgyNEiDjUI4KL9D7MvQqzyE1ejBE+0xWlnO8f1u3B3Qg54QmJ5cqMxswQnzU3hNR13d5cnr5HCCRKASgJIWJoPpXp8YqYwCbVAVx/+/f+9svjRxvd3CGCMmKZEBHHSGDWrH5i+uFyuE39uL68fCxSIsDSPXMrgpg5t1G5hPLIbQclExFSQoHkjjOMAoCImRkAOBXJTDqMiIHmnjqfajKSMAeckbtmNI8gEsYEUghTrrDC4v5hO281m9FcNZlZOIQZpAjPNNdl5oYBQhJukVxeTrwSWh8BXguHaQKimbEKhzsLFmF0FWJCD4Ral7CBQLXVcCdUH1eRwsweg6lwKdMH7H3uiZDTNA4Rv/ybr//mV99200C6vB5T/BNGyLk0sghwyCebhNDcCyJAKfTx6VF9NGl1aV07IhPgRAADlCJUeCl8XuTTt+c353rf+NNz+/xh/dGb9cf3y7tzPa90t0kVZAS1oRoR1Hu87n3vY+/jUEuYrTumgtgBzDCQsSylrQntznwciCiSVwTEcDdDDkZJumJd6t3dWYSZ6um8COJx9DF8Wdq6tbZUBDquRyFGgowuVvPttLRFKgYXKbUx8+X1uXBcXq/Xa3dARhxd21qlLiiV24osyFxKzcRQB9i7/fqbj3/9y/ev1+ERMZ3Wk63klrCzrNJTGI8Yqab3eb7iNGTeXq6phsQfUi2QIgC4ktRx7P16aRPya1IrSyWRG3g5bVagw0yHCNe2cJGcmCIA3HLDEBGQi6RhuiMiCwMGU/oyA5HmWiGPr0kIA7yFA47RH968dYjQcABhySoXp6QDPICJAeHzd5/13j88PpVSC5cIP47rcb3UVs2BiN++ffvm7ZtxjK++/NXj4+N1P3rX+4e7z3/0KRGNQ9vaitR/9n//1S++MTz9iLe3tJw1cDmduDZzOPrgQmsjFDgO+69/1//DHy2Pr70UaYtc97G0+sd/+n98++23klo9dUI0AJhYpQktHd65CCD2PjyiLqXUOi19GQhDwTmqzZI+ABG5EDGZhQiZR0Ln0saXl0j4LYUwgas0RwVIQAxC4gBUS74aRNSPkUQMpAyAh/u7t32MuSoPIEYijsiDkQQ5TRqUjM6kDHNq3IOYdNiybL/zxe/+5usvp4EoUn0CN6InR4S5Rc4J5lQ6INNGCaYbghEcLdTMXI0zSyafO4epJ10fABiZGKVwWAQ4iwAQgFsm2ITTpAhHUByjlyJEoqqvx2s/XoSrWQBRWALMiJHdPZCJiRhZyAyYGYFLqWNc/+ov/8W6NIz8GwNZUoiGwABELECiQ9t6QuF1WVMQ0LbVzJG4SA0kDz36ddm2u4dP5pVOdFyfvvvNL92OUhsXQSS1MY7u1tdW3z7cj+NQ7ct62tazuRK69q7HTkRC2C+ver2gKUSkk5AghKWtjbgAeMmJYLgQ1yZLa0Vku7+vrbR1YRJA9rDltH7y2Y+I2IZKbRHoHszCCGx9vLyAHktBxsCI8/3dshCqh1lb6raW6Nc4ruRehbetLUsJN1dl5m07rdu5thZubgeCE1Npbb17WO8flnURISQqQgjuZsdxcR0ImFINc8ttNJHUWgGZpCKhmUpd27ZJLVyamQeSFKHCBoFcTZW4pDxRSkHmWgtAXF5e+n7JqwFL47ocQ4tIXTePqFJPp7vj2HOxrG53d5s7NCLX/f50Pp1Pp7vT5ePTcXlplZ+en55eXhHRA93VXWtdTvefXq/Pl5dHGxo6fHQbqvvR9x2I7t++MT2GjrvTGYECYF1WqfX5+RV8bpnVjBiF+VAFyNIFOKtdcI8BgIjICAFkERERkHHt4A5DnaQggXY1VzBDwBxkDtXAjPMDVWunrS6bubFMI02YB/jtIkmb1wAIIWptzam7mSOj9gE6LLRIaeuiY7g7MxHxUAUq/8G//x8/Pz92vSL9QJqBZEMDAQBN5Src4veYTQOZAIAALDwgMlKDmJMMxzzhwuEhxJRUNDDM95xQx8jKeowOASQUHu6WuRyei0pmdQOApIczL3fZafmcjM3hwe0Mj5gsz/QCRG7PkAggr2SUwoQIGK6RnzEPM1VAMvNcyfsP3BimWajCXMgLc3gIcwaeM4mrTQsfwZz9IDCxWyYpo5kjEwUQorshATkHRHjkzMncwm+0stwb598JcesUHXL65JDW2NQTZ1RCWnsBITUkYwwzq6367a9gkVKKGq7b3bJtDi6lEkldltPdnZRCxKVWhLlAqOvderp7eXwPboQMkOQ4SKLI5LUhJo88HMA8wgkYCa4vL2O8Fiq5LEKIvGVLobD5807PVxb+hCnoaUWIJBvu+TUQ5k6EtZaE8fPNDcL0QwpMkjYAEc18BrpPaTUA5ErOCZGYSbhImZ9BoIQdzcmzz69HRAsL9VJlaQsxCFJrvNQCgZnUu2wLEenQrj2peu6Wqj6/HQHg4RY56nP3VBfUKoQY4ePorXKAhw1GXJdaa0mVW1sqRgAYIEopRBVMiUNKCwgIAx0kgiIQLlKEayASt2QHuTtxYSpq4Wbvv/v41XePh1kgPD13LgQIYemrNpx7f0ytQQoAAMBUI612EULFzIDQeqA7EQJNfzBkflkYAmQ5aKolB9imTWBrshRKefkYth9DVa+X42EM4A8AACAASURBVPlyXI5xDB8OOQ3xQHMPIAfwCHUEEq5NljMwqUeWDEQA6L13V/NwYuCbJ6cWOW0rkYxDGQnMxzAmKU3WbV3Wamr7vruO02lzg0CstR17X7dFMkSDmEthiuvLM2CUUobafh0IjsQsZb2742VNYQsEIAug+DTJysvr8ddffvz2w+ve1dQYiaUU4VpqKQQApiOzLObrPRettwFDBNw2grn6nCusLD8SUQcIhIGC0txgv75WESLq/QCmUgsVnuBGtxR9+EiOB0ltpZZUT2OmLEW4Wr7zVAoGqg4RqaVYcvGJc1gFNxImC089t3kEHpdXLnw+37tn10yUMiFMxGIijgMwWOTNm0+++/5bRJQiRND7se9XFspd1Pl8d9q24+hf//qrp8ePRx8ecD6f7+/vhBCQW9s84J//2S9+9US0fYbtIcpmTmVZsRRksSAolI7Aq9F/en79r/7+Jx+eRtvWba3ffP/RTGur//h/+F+/+83X09EAkLE0KelhxBSan+9O7bw+Pz8zMBMf+xUBdeTUPcKRhBHA1V0n1TUlL8Myc73mZeThBEkUJSKB8HDnkkNrMLcwiwAmzkPycrn8g3/wD3/+sy/+8hf/mrmk6H+eo0QE/Hp56ceVabbEeTtMfxtQQHg4EiXJAlKKmUbkmCrHYf37778RYUaJsB/eBFPzYSUhlYQRCfGgm4gosSFgFjckW37/wZRim8hsnVYrIoW7mdIcpYGpqxlxukEsYRv5gxMhAB3X66ef/eynP/+tb37ztbBgwHHswgyQFze6A2ICPAJzRXzTgiJwWi8CiADXpWV2AVEaDPJlZCpCLEwMzHXdzvdvx7GP/ZqKx5RNElOtDUv+aUFAIiWnOYwiJJIS34x2D7OcZ4SN49pqce3MVKtoP1R3gmAExCiEqN32K4YCmLCUDOsSEUaA8D4wgDEIsdZSWytS3YGknB/uiLCUUksFDxFZT6vUar23utRau3YptRXE4zX2Vx3XpQoCA8aySKnNjoER56VgaIwdx85mrZVShBiFCQFYSl1abQsTmXeEUUpdtvNyd99Om9TCXPHGDBXm7Ejbura21FZRSFoj4Vbbum61LSSF68JtQcIIXU8nlnLsrxpOQstyf7p/GxD79Zr6mW5+2V+OfhyKh1rvIwP1dN+J2C36cR3HJfO5a1vb0o79GDq285mk3r99U1vr18GIp7VUwcv1uF5ePr7/+uXxQ7+8Qkb0IO7Hce2X6+WFkI9jvFxewzoGWB9h4+njx/356bhcT3dngDB1VXdzIjr6MKBjP8J9Oa3raVWz18vellZrJabETmb9VosEhNoIpLefftH7of1AZJKEyd6GI+aJiUvzRx5KhMwigLT3HokcUoOg5XQy9+vTY7izSG7hIlR7N7OU9bilkNYxwlzBjYldjTIRCcHUfLhqR+K2LcTkPQDi/eO35lekjL6JWX55jGGllR+kPgkMwEBwKCLhk6GSFOB0uEUAE9RaMfNt3HNRlFUXEoUlSthSzYGIYJEhZBGGSExsbrM+cUSaxExEZOZ15hPw1P57bgMwHQxToJragAx5yX1oZHYS4k1+mxcvXfZj78fUWN4cxA5OTMxERKaGnAV8/v+5zgiLo3fhYqYIwIyYoTEJMABIUx0xZY2TwsrSmpR12AG5wqXbSC6lvh4YwYh5dhAzMw3VcGCim/wqaq0QOPrwABbK8osACpdDjz/6o79bartcXnjCAUog1daYyzA9n+/evPuUpZTapJS2nrbzuUhBJI8AiO3u4ZNPPn/5+N76Dih5ziawCNyIctwCEca31bC7swgxEGI/LpwipwBVJ+JwZ0AIsBTJhROycEECERbm0Q8EYOFsVUNDOImdmPtxNTVL7Qdn3DQhWP7F6qWJqZs6EQSEEGeShQMAhaq7GiFZ4NDurhgEgJG2X7i1B4Q3fBNO1iEgF9laK4JoIUTbMmdlhFhKQdfs92aqWPgYI4AhINxSmZanGxCqGSEIUy0C4WEGEJL8O7NWpbZCxG5el1aqULiPg4FkKeAG4CzFwikC3QCCRRCJqRCLQ2BKgCDdAlJbUw0PC7PffPPx/eMeSM+v11YZMdQS9gluQUgW4RaJ9UQkRwizUhIPCnWpE1ljAR7CyJmdQwIBrUgrhTLdDvF+W85tPS/17bm+OS/ntTZBcFPXvusYermOyz72PoaHOqi5emiqZAAD2COGBzEDC8kSZQlEdDDTPJy0DwgTRvAAigg7xpUZlqXa8HGMIoQQIsiZJ83kpn0/EmKxrUsG6zpoWxbX3mopwmur18u1LRWhu6lZrNupH0PHqJWPfhDKsq3rdmeuMQ8VRGFP809pe7dffv347ccXCKi1ZJPKUoQJifJZhw/PVyLrQpjG3zwFUs8BEzIGkapwhHk0IUceo+4EBFKJ676/lkLbeVMd+3VnklIWLiXlgGCOEO6mNhCpLAtLYaSMRw2MmKmGAQCl1qxKSZhxjn0gqaCTrT7F8cnLMtV9f33z8BaF1QxvSo5cViByDtmBAIk+efN22Hh+ecn8geN63a9XFnZzInl4eDid19fX12+/+fp6uag5Mr95+/Dw5txqRaK2rOrw/zH1Nj+XZVl61/rc+5xz7/sZERmZlVVd5Wp3t3B322ohEKJbDRhLlmwZS2bCxIyYw8ATBvwzzJARIIyAAYKR1dhCqGWB2t0uqro6qzIrvyLi/bj3nrP3XmsxWOfN9igHkfFGxL3n7L0+nuf3/NEf/+Trc+HDm6hXUmeUKrXqPLNWRDSkuQh6N6A34/1/9bc+ZmJgvb05PD6dv/nw4dO3Hz1dLv/1f/M/PHzzznqrGcfezN1Z0NymeUbibd0AY1svLxpOBMPsiDi/B6BU4jJR7w78XRAesGpYtHXLwhYBEINYUqpG33nJEIRYRGCXIFIgEoKovHt4//mvfkERSpJjhGRi5CNB+yLId128RyTELDAA+hhmnUlzuJ43Z+7mmZCIergw5e0HkF4zyBned3G8aVXZtTYI363pAWCXGu054CDM+RIMM0Sglz3tGB4Ih8OS00ISGcMJg4j5L8X3jkjZCOVHemnPT88fECBxogBosfO/A0NZWQncVdW6I5KbCUtuLhzyKUPAAGbb5XCOQjmA5AR1E6dLA0nCwawhUa2TzovWKYAD2AC5lAgQ0ePxRmrZ5QYszKUsC5dlDJuXJZCmMh8P83p6Cu/kzgwRtm2XPk7prQ8b6B36ZtuFERJdICqMxEU5wbvhRFyLptFKpTCrRwDL1d19PV717cLohOTudSrIAkhaZDkcM+TkMCm0C/RLWEMMJJ4Px8NxiggmPlQp5BAttm1CEIRl1nkqIjLNVVhYRLWUWgEQCYi5zof5eFWXQ6mzqlRVlsq0K3uJUEupdS5aSxWpokIQIFyKFnTQUkY414lEIVeNgQEkxB40xnrpfesegSQKCKSKtebn4A7MEtYTq+8+Apgp2li3y0lZe7PtsuYdHKVev/3edLz2upDOXJcA6q2L0OV0gYDrq+OhVmUKj+fnFdCH9WEjzMLRYvSxQjgAmRuChY2iZDYyw+uy9d47CTvp/Q9+fPPm7bqe1u2C7swCAN1AhHsf+Zj1rUUA7RlCEOAoRQ/HYdtoDQDNghAogJmsW7plUu0NbokpcYje24iegnBiwQBh3taNIJhTfJuyohFm+wRgn/nskNsIWE/PieGKHJgDgDkT9dGzKd62DsOZkJnGtmFQBIYFI5kFZKg5eELI8j3NY4SRw01EejdVTik1E5q5iABGxon03so07fWSMBKOPsIj5QZFCxHXqYpUBydmG4P2iFIkko/efHI+X8JNVHPuDIAs9ZDWT2IJd9yltEGCECmjJtoliWkj2C9U2PUqkJvcQDIPJvY9bQT3haenWyADYhHcd14nM+wQlT2CJ5f1dZmFeYyezJxkrqU2N6+A1AgSIQMG4HS8Qoze1hzq5L2aMvecBAoLQDh6hCEyq+CLeJeIUIREuYi7ubmWioisdY8UAgiAt598+vT0cD4/p6AlUSHDoWhhkXmeXr/6+ObmHhDKlLngd8yMCCK6XN3eXN8/vvvKxkovPE1I4Y3vw0t36GMARLKNzQwQSSW3xgiUaktK4QEla9LCwzP2y8I9tKYGdN8QIaCFm3tqCuNf80ymhc18YBATE5G7J/s/B6laSp1K7z2dFSqyc64yugGQCBT5tJ7/8Pf/nXcPD9tl06oeETunHyDCI4QJkT2vFBIMBPfDMh+XCdyVeTnUwzL7iMx4FmZ3D8DR+kvD7KMZM0YYUZ53w4ZB9m4GzPwC97Qcm2kRogiLOk1lLuHItdaiiBCjE6GWShjeGoukDYfyFhGlNMCohANxCXCwzvmOirqjjS7MHz6cvvr66eb28O7xsq1NCo9mzARMscPdQaXMc91lVkxFhEX2JENCGxERTHQ8zKkCExEELCpLLUVoFn17d/32dnl9M7+9nT+6md/cTtcHngoxgptva9u2tjbfNmvdu0Uzb2bdo5tlu2WAw6wNT/1SIIHUoIKcMaIWMWwMMBMmCwsfwuw+ImIuddjw7nWal0PBcEJcLxcIIOH1vEbywQKYsZv1EcLMFNfXx8RZTFXfv/sw3IoQIgVpAG59lDodjsc6T8iCxIEAJFomJIWdzQLEKGUZHl988/TZr963bpiBpcQWgRHMpKqlFmUJsAgLN0QPIsikVaB0SO0Bqan/c/hL/EsKMggx6Du3bwCj6Pm8tfW0LFOttY9mo7tjEdUigD7MIoAC3Boil2khEWJxj9jHRdn+AQlLKWn+LKov85qXFmGvxgAiEo7UtxUgrq+vuxtYIDHt8Yi50kAL3/F5Wm5vb7999w0CsYhZ39YLIrp7KXU5LiJyfj5/ePft5XwZo4vq9d0NsyBQnSaV+u7h+Y//5OenuPJ6h/UIrMMJVblUVCUtfYCokHcHwsvzf/k33/zG29sOclgmG+Nnn/3y00/evL27/9kXX/7j//afjN4xnAjXdRNmQJBSpE6l6LZd0NMA97L0TjdrJCmLzHyMEcOFJSkGMgsr97Yz9XIMVqoiwRiDkDJ40M1SCwsYwrJul9a3aZ5E1CG2tZs7M2+XdWwrOLzIXjGpRBB7Rk0e8pw6eExQZhrg3BM4pjUzHhPIk2wCZcm9vu0xPZ4qSEKG8B02R4RAmw8IBwRR7WtL9WxiggjJhgOGCBsEEMYIQhDV3ajyIkwS1ePV4XS+9G4inNvpRIx45H/SDAE2BgAQMhH5cCIxt323n3KyRI8pa6lai8cQrua2qypyHcwce/4p5C6GidNmISxEbBGEnKI4UjEzRlEm0VLrTKVmgKtoJZHjzW2ZljJNh6ub6XBo2wWZA4hrrdNMzMer6+v711IXZCD3tp6KMoT56KNvZr2WhZOX3VZKFFQEsxKzElfRl4z6iAgCYCFVLlIIORyW42E5zMtxefvpD2/v34726K25OdcqWoi5LoswE4W1bVIsFO35VBJvIHI8HK5vb4iikMzzUnB4X2n06L1OWqdCpbBqqWXPRyJgZRHVWso0z4drmRYWJRYSRlZiASJh1lq1zFwmZmEtJJKcMa6zlBmIiRgYM7N83db1dIIxYHh4kLJqlVJbPwexBbAIBF+2bRttawEOwgJEpc6pKuFSmTiC3IcWCPfKhUm7tdbbdLjVq/vVRaf56tXr6XC4vr+Zrm98OFO4D+ZSZbm9uWOh59PpaWvd3QHrfCXlyKyn83MiuAHY3NZ1hTCzIaxCfD6dzuvl7v6q1Ho2u7r7KACeHt5NVRF1W7e1rSl8whi5qLMAFs10alUFFHc7PXzj1uu0OJAWGZaJ954vRaIH3R0IECntxb23eEkLYURCIMIcoYG7Ww83IgoPMBfh0Tem3dL1UjF7JsAOs61vNnyXSTByBnQAuTsEWu8ZqJ33MJMQUWC4W85yAMH3OO0sVbEPm5ZKJN2tqATQGIOZE2KWyPII72O8fv3q6urq/ft3TERE38EttTAjXy6nv/0f/K3rq+uf/flPRTUyqF4kAs3HNjbzjZEzmj1VlMzLMTEaIprwIEKwyHwlQAdECHfEfLz2MScyIr2oHAFJBYnCYoSFBxMzsdnIaUmSznofEb7X1YiQW0jCF+2Kp0vYbbgNM2MWYgrwfLUjgkWJaTRDgnDgfCq3rbWzsiJxQOpzeM8uyREgk5mzTh9/+umHhw8+PIkKpWTcKZk5hKX8Y5omYBq9BwCrKDGTfP7FLy7nk2oJA2JCEEAmVq2TlFpKKbXe3N2/evNmXpZX93evXt0qq2h9/dHHN1f333z9xbY+RoA7tNbNjQKsd7eASMwkvQjUv3N6EQbYMBbxPijVOAgQFuGEMMZgJlI8nS5aimpZtzUyqdRGVjl5MeVaYI8whSDgAI8ALQUQ9s1vuEcwYimVmXtvfbTw2HkatN9zuBM4MCBU1Cm21p+fnoqWgIBhqcNjEdy/ZMnVELwwENEhzOciV4eFwH3EtHvOglhG6zk6jYgxeioBHML3bgdyVero4JHz37AhxEUZ9yCEoRzzUq2PolKqMmEtExPWqUTfYAxmkqIRgwBINEYHGMyMIioTQKBIIBIXjIi+IpLolNcnkngYAX397nm5ql99+3S5NFW5XNo01WWZz5eLskxT2dY+1cKEbdsQ4DBPhHi6bAjgYIiksgtLprnOVe+W+XYpH99fvbmZP747fP9+eXtf317L25vpo9v55ooPihhmvfU++mZj2HDYmiXzZ0svsftwx2BEsoDh7gFcGBHMYAQGFSy1TlPqHMBHuGVaVaTdBSljDgGgbX2a5sOhEPgYO3q8FB3DwEILbet6WXud6tYGs6owQhwOk7fe21qriGjvbbs0Yt3GuL059t5PTxcSnK+vEbnOM0k5rxsRaVFmSb8yIks5mMPnXz18/tXTh6fntrW9gqRdHohIhMTCqgoIEGajgY/ICiunuECxJ+amMmK3eL54YfIHAaa5NHtnJJYyAi/PJyG8ublG4T7WbV3dQmtFwT5GhpGEu0HUeWGtKc+3/SraT3YWEhEKR0hL4j6gBdojY7+ThwbE+fx0OF6VWnsfxCTMmLAZwETIme9ji1d3r1vfLucTswyzy+mcrpuquiyTijw/Pn14/37btjFMp3o8HkVKWEjRUqdfffX+X/x/Xwy5w+kWy6w6WYCWKnUCLcildSNEjl6UR9v+s9+b/vbf+HQDKVXC/F/97OdV9a/+8AfK8v/+2c/+8X/3P0dr4SZMKhIjF5PUtjWh2vtePvaPf9/SIBERmKPg9d1VH+b2wgwid7PowDuRw9NGFYBjDGTMeTS+6LmIqbd+e3/3B//u7//Jv/wTppIhLXlYubuwxHcThdyDv4AtAB0g0nggInsEcbxMXgCUFSjCnZBeslY0L44dDuFACJnvCLjDJPZJP8Bo4/7u/m/8zu9+/vkvWm9EEgHAgIDCzCKI6WPfJaw2hgewiLlDNqcYIjJsPD89E6GKppZDhMz8/v7+sFw9Pz5KUcR9pc5MQMBMgOjuKVnd85hTn8M4Rr+7f/2f/if/8J/+sz/KlDoiYCkiwqqIkBcT7zmPSAichlISrcosnKk4yqzMxCosysJELKVoa51VtaoWLnWiIiTS+1CupUxmQSQ7SS/g/vWbq5tXtdbt6T1up0WgnZ+sNQ4wa0tdpnKg8L6d2DqBhxsCF50oaRNuTDyVSog+uggK5cvGTLocDvPNMi/L5Xw+HGbwGJcnj5iXw+H6qlSdluO8HMMG9gtsK44uhMx0WGYmqqUcjgsTeWsFSRDG+hBtJYiidDwujqB1KpMyJlNEtBYpFVnKvJR50ToTK5eqqsRKnKYUSvRGLvEh5Z4+cp8SDjCGDQ9CEtW6BNX0qCuSKAeAubv72keEA8nTw7u2Xc7ram599G04mPcxYHeCOoYPR0aeaoWI+XB49ert6H1dz81dSx1AenWNXE7nc5kO87zYgMvwMQzcRflwOFi/nE4PsKf0goWrTKwHd1SVdbsgYO9jWIthyXkc7TLaOsZgFmLo27qeVm99ez6d37/zvvZ1A4gwa9tqo3tYUfUwB5BS0nm4tQYQo3cGBrc8vfvozAwB4BYYmHkau/CYb+9elzKtl7ONASi5cwOMMRoReuDWBhJGOIQTogcM29FD6fYEH0RAxPlbioi5u43ROwJVFevdbYzWwz3NPHle74R1yN8yIlxUwAMIMFCYiRgIrCfbhhJhNHq3YREAAfm3ReYUJrmbEGkpj8+Pjw8flBUchps7UMqCLKOZ6LPPf/mLL35RtGDAbhdGCgsi7m0T1pw/JwYTEThkSobPXOcIsNHdDRByA5BnoXualGGMiOT1SRbujhkngCk4Dnq5avPe4ozLhlx8pzKEsjTPsEzY+6Q8TynzucwcXsShFBQApSox5/Y2Fbwe5ntUBDLq8Bw0gw/HNArnHBAIGVm0j/b48IFpxy0DQF1KAI5mhJCBcEmY9NQrOO4eYo861SKTewARi0aQ1lqXeUcwa0Hhskw//MGv/eaPf/TRm/vvffzm6vrmo7dvr6/vvv7mq+fndzliT1scvci7I5yEtSoSJSHObSSqmZiye4MAEU37V7i3re3yrHzqAf/w9//wq2++Sts4IYY7IiJShhDtQ8dcDSO4hcM+9JrqhAit9R2Iki5D4mFmNrKzdY90+ueWACCQoHVbjsvbtx89Pjw/Pj0LKxNezhsjsVIEuO3rPEDofRDBcBcWRmJmAXSzwnh1tTBrLSqC3S0cmbD37jH2RsgzlcnTmOKGECGMCJFQQFFOiyYCaNEIcxsBsEwTITCTKjFLOsZKrRAOPvJjz3eASNxaWE8MnKiScNAO1w7wsIaApDXtm1rULBjj6elMKq376byR8PPjGQJevbo5nzYAn6oGgDW7e3VzOV/c3Xx87+M3T6dTLtndzUZPqiMyDvfehzIUkZvj/Pb+8Onr64+u5/urenWoRUEwZRFo1ntvZtCHny/tdNm2YVuz7pktghlMMRy6ucVfDjKbRwAFqUwHKRXCrHcI+w6jK4SMMXpzcxa04XOd5rlSuPvorduwWnSq1c1KIcgMAvPUKAPAYZkpHG30rRXhqZY61zGS5xvbZirAFNu2gjsgWB/zfEBmc2cVVi3TQiwkBYhFl230n/3iq5/+xTdt+DDrI0/CXDVFROREdu/dVBlhjB7WEG0/QDyQCfxle5jqn50H9mKb8RQHEVISvSGAgARIL2vb2uXq+nh1vEZRj2jbxsJTFXPzsftcHaLUuZSCzBlOh3tNGcyiRSPQw4vKXvViIKF7AjGQhc2hb23b1rv7+4Su7afkLnrJwxACgxGnUo+Hq/fv3wWCh2/rJRdutZZlOQTA04eHp8fH0cc2+vF4OB4OCOAB07KUUn/+2a9+8sUDL2+xXIMUpMRlMGtBUcfSDZCpcIhAb/0/+mvlH/77v96Ba62E+IsvfnU5n37r1390mKfW+9fvH/7H/+V/t20LGwgQ5ggwHxZzs9Z4z1vE7079BHLsV4s7BHYfXGRbVwQKByYeI8Agy6l4MdNC7Ky5Uguy7AIe4pwQ5Szj8fm0Xk6SdmoMEcnl4+4RRwjwVNFnRHQem8yczUTO5Gy4h2spEckdAnNzs3me8jz9+KO3l3XtrZPQSAeqZLcJmNVIYhTCIlBEtu3y888+m+bDzfVNa9sO68gCzgwo2xJPkQ0AETFJar9SW5vNBKUpmRhSbkaMAPh0eh7WCAmBzC0gmFmUAwwZE+mQ+qMkkwUEEblZLfXD08M/+7//+VQLcx2joWC4k3BE2BgAwcTEO4lJa0VmUrVEhyEFsZRCzO48VwWCNjqLApAwM2udDqVOWmeRAoi9d/fOCKKTih5vb0SVVabD4XC48vDzh2/O3/7Kz4/t9GzbNikj2FwXIfZ26ZensZ3QAyIIg0lyNokQqlxUmNF6J3QIYC3zMqtIEF+/up9vbh2EfER7Xk+P0TshLdc38+E4TXMpdbSznZ9o9LxAuUzLPIMP8FGqKolt5/78XqILhW9nxZhqWY6LlFLmZT4sREgEoqVMU5mqatV5KfMioomkkiQ7IpCPsA7Wol1GO9t28e3s28XbObYt2hp9tfPj+vDtOL1vj++204fT04fhXcs0eh9jW8+Pbdu6GZWJdGKR9bKO3olzvVBEyzBHiEDsAe7DzJh0dOzbaYwO4A74ySc/uDoe33/4ttvofTgAS5kORykKhM8PzzYMgGGM1i6tr0UVvD1+eFCdRXS0IcKjDyr18fxh204JEkwFb9hIgUPvfW2X3Iuu6+beCWEuxXoXBFbtw1rbIiyN/NGHSqm1rr27OwAnXMFHQ4jemgi9nK58eT5Za+mtSsV1vs69b5fz89bOCBgOdaoAaKNX5b41YvDhIpKdrRDaGBHOigiQ4Z4IFk7DhyW71EZABr8MYUmNrmWpnBCNsDGMEZP9XIRi5+3YsPQ27cOF1J6Lqgjn0R2R/mPiF5cPEvRujBju7iN5Ne4e5pmDE4lNtkiNjrnHcESyYYTcemujqyg45U5aVLKqAgJ3SxVqADDpkpLB3ruNTsyZVh+RJxi8nEG7tibFLSkBMoN9iwHAQUS7tD0DYIUlzMfYqah7WCfi/i8JYM1bGSTpm7kf30eSAI5MbO6YYT4W3s3DdqBbeukAkrIcRGPsgRcijBRmjswQSW8IxuSz72r1zImx7hCWoiBAMAsbIzJqnQlfqt4I9ABilqqEBKxlroRSp2WZD+VwOBwPN9c3b97c/85v/ujf/p0f/85vfP/HP3hb6/T5V99+eHi3tZZ3WGvdhkE4uo3Rk2JFSEVLaw0SYEyYBjJKa5gFIgzL+BgEABTOLS0RE8vbt9/74lef2xiero+0cdC+cQ/PyRuYm7vvae+I4Th6Sx92TkBhX79YipjDkwqRTg8Yw9LFlWspRHh8fsQIJd1JH4j7Msdy054quSgsiCismfigwqqUgDYlqaWYu4ggxDAHAyQcSapKCRkiEozh4YiM7uZh+fqPKLvoHQAAIABJREFU4YQkzEQ4hhchyofBggmKClgQ4bTMRWsEiBZWYSbvPZdKTEJ1goAYTUohLUHApAFMJCQVgSBGACBrIAUysYCIEIQ7Eo8xvvzmCQCAsHU/LnVeptYdAEQEkOdaDsucx+tc5O3rN19+/W6eJ062MQJJWrExkwS2Prrb8/nS1jZsjNEoAN0JLdoYw9d1u2zbeW3P5+182bY+tuGXPiw8i/4xotvow8yDKCHRYBmGQogyyXQU1cz6Tad1tsoqBOA+BqsQCyJrrUQUFsjsBqIyz7VtTVQOx+JjRIADsFKt1cxrlQy72FpXKcgwL4t5PD09liIR0S6nUjVIPELLVJdDoNA8eey2z2laPEDLRFocuI3xxTdPn3318OHptG8iLV/I9C9mHfci6w9kSUtJGs3Gd7EgyAwBCZ0ATH1nWjxf+oG9zgZEypy8CHQg4tJ7nJ8eWbCUKlOZprm34eZM4m4Q/qLmpDLNREJE381QeN+xSmrfAV7EFbsLNMFrjMjhfj4/TVOd5sXGQIc90ezFghU5kUZEguvrm62v5/OZmXrvPowQa9VSSh/9+enx+enULw0Ij8eDqJo7i9QyuftPfv6rL94NnN8EL8AamORfRS5IYsHdnVQmCaZoY/zhj+I//zu/yVpFCkR8/uVXX3779W//1m/eXh0dfGvt7vbmn/7zP/72q29sjD3VklmKuA18cdsCUlLzADEcdhUkAIQzCwG21pQEEQOSsBwIwQT5je1bgZfliUdEZu7kjQTg4Srax3h6eFApYxgABObcCiPCLMUsacIHFslGJHzkGAABbdgwS4cuEh2PV7ZLNHdboYdnnsDz5RnTZwxh7i/DZurD93xhBGR2BxIOM2H2EdNcS6mX8ykdD3mB4m5agwDf/4EvAWcQDoDDTJR9BBGm4MkjQRQc5uCYoV/CJRW9u2gVCYBGt4jcq2d0D3jegAQB6O7ZOzNw6yM3MoAJrOJAoJxTpgDaQ4QR2cwokJhZFZi1Sllu/uA//I+fn9+PdjYI4pTzSZ2W1g2RWDQx7CV17vMx5WHOOh+vpuWIXBCxt/Pp/ddwORUc1ptwOiFdtYD37fLoYzMfRKSMSkIpFCREBGVm5jBzs1JEmJUKsagIFX31ySeH29eH21eMMc6P4QMAD1fHw81NsBIijLY9vvN+QUQRPhwOTCgx0MfxcJxqDVt9O1eE4zJBAPmYZ63TpGWa5iutlZkosGgtc9WirKpay1RFSo7zmJkCKAx8hHcEj3y6PBDTqWi4V8COXEirlirM1kdfz9vTk11OgB7IUucxxrZt63pp29ZHjzH62pkUCVumNxNn6gISbeaAgSTuBITDNkec5qVtl4fHd/1yYmIVIRFADvf1fFaiqkUCBAKsP7378nx63FrLdAsiOZ8ubfTn80VU1ta20UgrUiEufRggEjEEMnNvvfcxrCPBGC0FmOu6DgtkDvA+/LL1UisDMeEwYy7hPny00ROxkAnQtUhARg16RNjo/F0Ckggy5Wp3mKcMDHGPYEq1IUSM0Yk4PJII9AIb6S/ReXvkiAhnoslf/zf/5un8fDk/FtXUpQREOCgrA7gPDM82ICJSm40emJoFCIQwGy/LQ08CTx8DEDJpPtxHG7IncPh3NdQYI1dbwuwRIphtBgB8+vH319EgwwsTYZFQiAhm3mOdAsw9h/Q5PGHhF7BRBABnvU1p5ikHJkbYBX+Uy1bbrxukPW490QfIgIFIONxZyPrQIkUlHFpvOasID6eAVNsTm1kG2WSkV158RAgQO/UUM8t2bxsiQlhEmJCkiGOI8D4mzGCTXAZnW0IYQO6pTkRCqlXyAMxMOYD92HOL5M3tlSWkRMBhdxV8BxEHAiKRXGMAorD6cAdk5lIqFWWdtM4sOs/LNM/L4ebNq49evXr9vbdvfuPXPvq93/r07vrw5u54Oq/v3j9lE4vIRTXXR2Y9wFW5lCmpQ8IM7owU4WN4ToOYsLeWR7BZ9xhMzMJZN6baDCN+8tN/mS4080hbc7wMk0SYWZGQeaeOZrFDhOFeahWRtrX0IOa41CIggBBKrUULQPTRE0SCzIFgw5g4zFpryJTtlRZJaWyqhnL5NczrNDn66L1o0VKG5XrOGWWeKxIqE0D4yGuYI1MxkMwGImXGagbs2OhuJoLZCBVVJLLeAVyV3EaMUSsn1wI9pqKEYe7TdJimorIn16eudR+ngpMUYhnbCZFJq5SZVX2MiGAtSBTWEQNJgQhRs9YHMLRYL01LeTq3r759Kkqn83o8HD793n3fWhuQ6MCwEOaliJl9eHj6/tv7V3dXHx6ej8tSRGoRRFLGq2W+Oy7Xk76+Pby9O7y5nu4O9fZYbuZyrKwMwkFE27ZubfRul62ta9u6t+6b2Ygw961b7zZ85y8KaZ593WxYfjHk2fCzZvxQyoWlSKoqrI8subJOUhUSmebJejePZa61qAdOs7pbb6ONQEAWTNz4PE+pwty2DRAgYF4mCD89PUseisPqNAHAGFbnRYpKUSmFSyXRUqdap2EdkJiFtD6fzp/94tsvvnl4/7yez2ue6ubm3cxyqWb+l10sIZAosyohhI0YPQWIQPySQksQyQfNSTwScuwPbFblgMAvwkQcFkQKKJfnEyKoCBDWec6IMeEMLYadnsJyOBzzM0/H3T42IdR8liJEmIjhLxsOAAALH307n0739/eIGBbuO9s49U6pbAwPxCh1qrV++PAOmcKtrxsBiLIWHcMeHx9OT6fWRpnqPM+I4IFayjzVy2X90z//8rnNvLwyrKg1YanCBYkBBUi7uapMBZjC+vi3PrF/9Pd/e5lmRCaSx6enz7/45Y9/9MNf+97b3se2tTHs+ub45bfv/+j//L9G2wAIiCLCbGRQsQeEASO8mLzCUoAZjky78MGcaNcrpiMiC6ZcStpwSoKzZEvkSGDbEBZLJ03kPQJCDEBuBogikpRowhwoGGXuMAEACmnm5qTzOCk0AcHCL50abK2NthHxd8GYEY5E+NKAwsuiJrfEaVWA2E2fSTQUYnP3GAjkYc+nkw1nzJkMBGERSfctIUOAgydPL3y3Mt/e3inLer6UWuKlgckFZUolkwzo4CIikvFq+TFm2oADArPEjtyDl7uPgSitQmPENM9a68iWPkKYPb3RlD1zSpooAJEYiYCRSpWiYFGm5Q/+vb/39Zefvf/mCy1TmedSplQvAHOZ5/lwnVE8pUxlmiKj2ktdjsf7+7u2DQP45JPvKfL54WvfnlWg95ZC5D6sjc36Bm5pYihSaiksTOAYBuiqnBYIwmDGUlS1ZI7Hzd3VPC/TUomlHg7rw6NfThBDSp2mmbQO6749+uUENpi5zsvVzataF7ZBOKZaDjf3DGGnx9guRQUQvbepllILi06Hg5S6J1Gqai3MSsTChVVYk0yDwpSjvb1GESYW5CJatc5SKylLqZGSbkZRAVGdjlIXEAlEG71dVrQNcKAeZLmywMvT43Z5Hq2DO6IS69b72jdA2ANGARx5+M6Kba21PiDhpzZUFICezxcbQ4iRGFi6WW8tPPrl+enDl9vl0drK0QuzqAIg9NH7OvoWAG3Y1kZEtDHqdBQ5AFEfo/XRRxu9F2Efg1JC501IX330w9a259ODTjOomkWZZxY269E3Id/aloX4+fwcCPkiWc9kkBSgBzEDkUcMGzkzCAgbnge49fHCx8+QUwiIsEFpy0Hq3RDAemcmz2TxwAjcWvNslhAFxcIeHt5tlw8YOyGMcrsUCGGBNnoDRGayMQL2UZJHRvBC3zoSBQSiUDr1lZDJh5HsSSB7Wlf4vs/M4wl2zpYK995VmJndIlmIAbi11WIAACdgFKCb7WE3gFk6p8Y+wrPEBQzrBpCLUlLV8PCka+p8RICkkjnEsJG57bQLJSnAX+ZmuZuIxMeXWkQldccBMc3TXpnnCggwxxiRlJ+IneKAe3onOIQ7Me8mLwSEYE715L70zN/S2ghwEbZhkXQC3kl/32WmI5Iy59S8tx4prgCAQM7t576Hht2OTHuvYnl0I6f0JjxYCCLMg1nu714zy7BOTCIkRd2ht2E9wZ3efajQfDweD1e3N9dvX9/84M2tMIbZL758/8WXD9++e39Z1/Pl8vz8uK6n8+W5b82s2bA+ettWjOjbpWXNhJgZmanacUTOryosxa6EOHy4B6uEuWRPgpq/Ri/pcoSQSickyiAEs0G4w1MQCSLmZSbW8/mUvpn88eAB4N+hVHvvEZDBXknanuaaLVNEACIjFVEbHhb+EghNBMikzGHt5tXbv/P3/sFPf/aTtq3COTnS0QyBVRkJ53kiDPPsEsPMLUYmfyGg2QBwJkQmtwERQmzmgDjXihSZvMsEeVUpK5MQGEIXJggsRaZJSy352UotbuYxqhYADG9alwhHDNaCLFqnHNAhMSK5dQIilQDWUiHArCezaF0bMwLCn3/2TZ0LiXof9zeH46zEcnper67mN69vHh+fX90el0KFxRF+9P23t9fLaI2Zr5bp9d3x9d3hzc3h/rq+vV3e3h3f3i2vj+X+qPc39dVNrQpCMfrWe8NACzyf2+nShsFwMIfhaA7NvI0dawmAROKAFrZX/wE5GiEuZVqQJL2owzoTCIH1EWaIxow2WjjUqrUqQfTWbbgSF6GwWJaJBS/ndQwDRyYQRuu+LHWeytPz0zIVG4YRuXNc5nm9XKry1fWBIrZmwGgWSFSXshwXJi51nurcfYgyqpQyowiXxQz+/Jdf/+TnX7dhgDDMMjVhb3Aj0kSzp8FE5hISM2fTiOhgLWLk+UL4HUiGkPZRMzAjRFAqxAGRAxP1yEiMLO6ZrzpdtgYxRGi9nAmJkTzyT408aokUGOfDnD3AGOOlFkMSUa3uToKcoXIOEZZPeHicnh+L1qvrmz4s3IFTKhmI6Jb+ZXQPFjkeDs+n57Y1G3Y5XeglcKpt29PDh/WymflyXEqpmR1Tp1pK/fbbdz//1cPgW6pXzows2SWqKIk6sgEFMhUpEqLgw377VftH/+B37+9uA6QUfXo+/cXnn3368cc//sEPVPh8WRGh1FJLMcJ/8r/+Hz56eKiweyZphUMkyIEEAdN5lMhPxIRH574cgph9WEAQo5tT1sSQ0lUiIrdBiKObTno8HG3YsMasebfliPr69liKbq2JMOUoHRGJbPS0HMB+txD4jhbrrZei7hBhuSHy8FRMI4A7JooUKf2AFPGyuYsdfgOQOw/O4zGXSAD76tXMOJBFkqzgBkzoCbgjDAcMHDBINMAReR/h57adqLXe+jpGI5DUN7xow5AzFjNv5XRCBwTgMCOmMtcIS8UsMWspQOh7M7xvaxGIVTNouc51nhYfwUKke65PCpnTlgNIJJJHNAIRsQMDoHABHH/2p/9itKepTEDMyKSFi6JIPRxvXr+dj7eIsG1nFZEyBcDV7W2ZigqDgwHMs/po29PjeH6nsG1Pzzast0u3JqqMGNbCLf0LtRQkcLO8w938xdQ9pmkSESJAojJNpZbj1bGUuj4+eDttl1M7nWcFa71ozSDMqVYaq69nQlCt11f3Uy0E1taTEJTlUOoU27OtT94bYkxTmUtRIZnm483tNB+JiSBUWFWYJWPjuYgUTSGX5LWHhJK2XxFVYmUtrJVFiFWkoCiS7tKW3tw6oUo5LFe3y/GopbAqYURGIOuE0wEAGAOR1vUyzGOPGsyOF7o5IgAJMntyCyifG2l9FOGixYat29rGxqTutI122Z4t+lSny/q8refWG3KRsnCty82d74yzwSKAvMxHBHk8PRHhGKDLtYh066Ji4SM3YsOAeIzu1knLzfWbdlmDwxFG8zFGQtXRYz2fwj0s2tiSlSxMJGWMUQtR7srCLYPtPfc9qakmYnJ0Zn6h7lJYmtrBrGMOXdxzZjEfFzML9DwgREoqBs0GBjDhGCPFzzE268Md3c3HAAQh8mHh5pHbQkiGcQBYGAaaRx9jl/IEBoSmlIIQkUYfSGRjJw7nftLTLEzEzO4GgSwU7hg5TWuYpGQkYb6sZw/HPf4rMmgot+MpYgSEFLn7yP3gHv1LvMNjkHAHDCd+guvBzXJMHeH4UqAjwl4dvzCYsvxHQLMYbile8s0CMAiub296a2MYYlbxkZN2RoSMC2BNZWQKoRBAhAMdE8ltjgCiZMOYafSU4oSNsQ/v8vPOMX3+EXm7RgAAp6k47b2eCDh0c3Bj+svLJ38KJ3w0XlLJgGhPkAlIqDaiD2OtZSqX9cnMWNXNSCSDsUQ1aYDCJKKAZA6llk/fvPr4/qiID8/n/+fPfvGv/vyXv/zyq2/eff389PD89OH56am3xgQYaK376Jn7luundK+bhQ0DDGZCpjHMzWGXBBML+Uv4vJuxkhSJcPCUUaElyIJ2+jsgeIbaMJmbikD6egN6W9etff+HP1zP50yJH71ndCJhxmQOQGBhEdrJYxF1qsOttY7ZcCAiQm9mZswUmEZhSuOvMAdRIH/z9eeMPNwFSJRVFQJUNSJEJSNv3PfOse+vH7oNJBpjQAAjOsToPTWG3QYxzqWEe9hAhFIqEwkTgAuBMomIWReSUqvOVerkbtlhIrhKqXW2sYFovohAotPMqkScLxexJow0z01CoBR5jyHMEcAIh7k8Pq2bmSgJy6u7q+9//GouOoaXop9+75UwY8TbN1efvr1f5vnd+8dPXl/9Gz98e6xymOTVcX5ztXz/zdUP3ly9uVmulI4U17PeHMtSmdwJEhkWGLBu4/npfLl0dxgOfdhm3vro3fsIImTJ1D00C/dwBPc9jWl31oqSTlyXBJdEOIJj+GiDOaF/sbWNhVVEpLRtADoQ1SmjLQQR2tojQIpaZFoqeQQLMNHldKmMzCRSplrRTRQJYypyOFRiMgckPm8NSFCmw9VtXa67ORMPHxYopXCdpFSWupn/9C++/LOffPF8uiAhZx5KxA4CQwLccT7hBu7D9jjZzDRiZhYJ7zFaqkgCMCWOgYgoOYfNkQ8mZ5P3RILI5DsiEo0gIEEprQUz3dzcrOfnrbWqRZQt8XGIo/eExNU6BYDbfp54ZGqHZmWnKaGECMvJTPgYl/Pz9c0dJa05gHPXuQNwkBBztjVPFRDW8xkieuvCKCKksp4vT0+P7bIh8eF4IKLWWql1mib3+OUXv/rmsUe9J1lQlETcIy8cYGFmQA1CmYpiiKCP8Vdv23/x93/3kzevUZSFPzw+/errr+/vbv7K979fRLtZICzzhEg2em/23/9P/1tbV0IUogwkdY/8Cggpwcbp/toHRB4IMIZrLftFlL4zzbBktD02I/nRCBiZTkOIp6cTF746Hp6enw/XV3Uq58ua6hjPx94iwonJPdzsX/NTEGYmMXjv2+s3n/yVH/3651/+QkThxR0LL8MXlDTJ4Y6gTl+wBTInvQeRwmIMQwjRkoF8aU3fRU4BNgYJBQADsWSE8e47do8dqCf66Q9+9OHdt6njz1Fb5joyMgQQMhNmiI8wM+fPeZm25ZwLaXeJRGT850tzQqUUdzA3QkrfU/6jiJlEgJAB3MbWNrMgYbeRWQEATCSwa4GISAHQg0TUEZG56IxIxCwUh+VY6oKIwAzIgFrnmcvEUpp1jGDiCBDRaTnOxyOLAmDbNiVenx/XD1/D5QHXx/782NYLI4zeiZQJ3LoPEyJWoZ1Z1zNBFgJFChKq8lxLwrKZkVjm43G6uUatKtK3M4Et89WsJOR93ZQVEYVpUoq2UsS8LFMp01TAmm3P3ludq9YpRlsf3wm4sJRpOR6vVFin6erublmOjIhhxKSqrDWbLdEiosxJn1cSIRISTrwPZitJ+xfBrKUUVpGqWgop5/Ue1rfz4+jr7r8mWPvwgK2108Pjdn5ugagH5uLuYwwHciLPrCsgVI0gjwh3t9jOKwsDgdkAAFIiEiAcHogkxKVM5tF6a2bCiohIRcscPMvVjYnq8Vbn42UgkXSIbb1ctjNAnC/rua1r357W83AHUiklEKx37xHgwBiAFsYRY7SH91/17cxM22WFgGleluOxt+38/OC9m3URyU5XGbdhf/0P/u7Nq48//4s/q9M0wiIAiSHxlxmU7oichxl5lqVm4ZHm3XTIpj0mx/MIKIWBQIgsXdYiATByxQQACFOtrZkUIcbehrmJkqqAO2F6e8b+ggGIiBC10cMMXuC/CZ9A8NTRpMMTLG8nAARmZiLrnRBfMjcwLDwiUYy/+9d+zxw+PH6LLOnRgj0taschUL7zuTvd9aGx62Qtpesv8lF4Wb8iAiHk5/CyGmDSJWlreQ6/RBbn/x8Zj0Uvo7P8hPbnlykH08kevqyXFL7yjjENCGckYslKNOdk5qbMRByAJGn+diFkhMNUr44VU+YIQARhA4D2eUnkknX/a8SLQRlfkBIO4W5MzCKElDkBSICMiSuGgDRovVD4IvWRAMGIGAAZtYvIBKwSY2zrJdxVS+udURAlPDKOCBKPgKylFq3C5e1Hb97c333z4emzr77905/+/zy9ya8lWZbutbq9t9lp7nUPd48mm8quKqtHj0KICRJTBoinJwaMYAQDBoh/gwFj/hJAiIeQEAyLUlW+aqgqsuplRkZmRHh4uN97zzlmtvdqGCy7OYtQRHi432PH9l7f+r7f9/W7D7dv3z98/c3by9Pjer2N3m1o2kvAzdSeP1E0Mw+zMTLbkPQJH7YzJdKukGuU8FI5wxwJ9TdzN1uWNVNo2xgRwSx56ObiTCQFCFE3RDJT8GBmd1XtY4yxbnWaAAEBx+hqWqTkjp4Q3cNUSRiB+pbBvoAIAnQPQBTag+DujmkZ9QhwQrahv/rlz7MbLutLiajVUoq0WlgkPCUlcg9zQwDPKGFuaNSR2dQRPFt08gcSAK7KBE3Ywk2tNK61lUIEAR5E2CYWJoh0vEGZGgGUWlgEAyK8TRMgmJqUCgDg0Q4HkoI7r9YifcruAM5SfX9kOQ0AlQUJj3NFgK37uo6PX9+9PB1OVX70gzdEYsNbwR/9zpvl6VaZv//p/Y++/xoNvvj8q4/f3P/J7//wBx+fX57aJy8Pd01e300f302v7qdPP5rfvDqdT3Wu/NwQqX3dbrf1dlv7qhY21G5rvw1d+uimEZABawBU925pEwC1sHyb0vOKBATLJPPJ00rsihhuBh4iGO5mPlSzPdQ8ELzUau5EzFLclFl6H1KEi2zriiQeMdSq5ARKLBzMbTpOhzkLLo7HGcCJiFjMvLSi5mv3UgtJa/ORiAGRREgYqEiZhQS4PDw9/eKLb7746v1t7c8yP2QIINsUHXLFuBtqknQRkBvI3eyYJ19YDxtAEMiQCxBGz6k6a6UQAwmQY1d8C2T3MxdkMUcQEZnW1VTH+e4OXNflKiwkREA2NJdmVKqUWkoxg/CEkwIgsJT01OU6PjwyWK/m63Ihlrv7+67qHr+9+ycRi5BzAmxtKlWul+u29W1dkSBvrk9PD9fLRYdJa/M05Tuh1KnWer1df/3VN6tPWF4GFiACRDNnLklQysK4TKQVNISwMX78sv+3//JffPfN6xGo7l99/e6rt2/Pp+NPf/jD42F2D2IqTKbmYIxYa/mf/vX//ZtffVGEmfN2mVf9gIAxOpfS5nnrqxmwsI+0EcYen4NQVYD9Eh5mTAIQpTYCUvfpUA/zvN5WtxAWHcaFznfndetTnQFch9ZSdPjoI9/qefMJByIszFkVhLwDFPJJnaZDadPDh7fCgkRgmg9NJuqIODvFMvmG+9Gewlh4wsJT5CJiwYRPJLlOuwKAMDlAQLpyPbtCn+EbmLYiDICwd+++aqUIlchZlDDZMPC8U/B9sZ5YZhqmDu4RuEfV0lkCnvjRDDs7MEk4MJcA0zGIKyJmkCyvnwFAyLnWgExqEGdpOyCaWSmVWRIPYeZcpEhpUwMArpWQSinz4RARgeCqgJQQrUCej6dS53o4c2mliHswUzscynTc1O/Od4I4livbhuvtANt4+ub64VvtHdLGCFxKQTcIYwRigQASDvQIFcTCBWLPFmZNkvrwMJFyPJ2n81mmg/axrtfDNL18+aqvYyxPrluph8P5HK6uaxUIGxQwzVOdSiEOV/De2nQ8v6il+raEboepitTT+YQRLHJ4+WI6nBAwvAMGl5IsUZYqpVAthIxSpAhLWnA598n5Ee63KMirKew3fmAEzHUei4hMAAGhTuyEgBKAt0WBaFsWsOHu9XRPbXKEProCUJVSm3mq50zEY5hC4mY5IMwtAJgpArcxDCiIkAuzIEKrZVmvzDWQCUNoOpw/rqeXh/uX2I48nza162pduwfetnXbNnUEaOfzi+Gg5kQyeh/q6KbbSD9c7yPCINS7IoLZQEAmNvNpKmPtY1uFY7tdOGnBHunfa60B+bKN27rodtu62l6CZMJMkc+qEgJ4+FAIALNQz1AsECS53j0ib6UIADFsRIQH9WWL/KfhAGGmRCwsbuo6tm2IkIeHOTPousluscDMbwhJysjCyCy9dwKE/A7G8zvCzcGzjCjp68yUhcaUjQSEDha+lx6iMECiC+BwuLvc3ptrWj/cPdwAAXln7xTmHROfaiUEZsKKcr2cLXwAkHTjfbFIgOEGz9leImTgmRC4cABA8oLz1wRw3KO2iBQBQLjDm1GISVjcPUMI4RkOZodgQaGdPsYshGTx3KaGTiQvTi+QcNtWJmQgCiCCu8OxEXzn9fn+dERiAxhjZFRZiD0CPF2dkCSNtHblBvY5IeH7GYLo7oGARPH8qgWAfJ0zcq4/mAhJzB3cw4ELYzYnR9LcUt0UQBqmUiohqjoSSSWk3afEUmptpfD9y5evX795eHz4xedfvvtw/c0333717sP1tty228OHb5flOrKFzt098yQaWWCdBhdmT8Um9zBpPGVKATc7L90DISDIzCM8882p5O4nG8H+9KcXFYgjpNQgX28LMlDIGD1FdIAQLtfrpU2tTXNtEm5969Pp8PrNq4eHD0Va+qSeLa4ZU8uCqLFWAAAgAElEQVRsbhBmlIOHDipsDhCOnPNoXrtFzT2CuPQ+3INIEMg9hLGIENE0NURMvSoCwjQs/R3u5sL0nNYOU/OAInvvb/rdzK0Umdpk7uFeCEopUgqh2VCAmA+FiCCQpYhIGmOlNWYJC3MrtXiYSOMiESGlIBWSikSZq2apuXdEJuKSVrH0s42htdVaRAjdYjicqnzvs5dTkY9fn1+ep6m0Jvzmzen1y/PtqU8i3/vk/N03x1d396OP909Pk+D3P7n//vffvDi1F+fp1f3p/v5wnIoULEkvQuh9G32M4evat67dfem69L526wMs9X0CJHaIbj529Y/MUyxHJAqCYe6Apc7IjWoF4nAN6xgebgxBjKEaKR0Q5ItYhAFC3Y7zXCfZli2f4Oy1iohWy9b7cluYZfcOIBBTKxwIx/NhW9b50AhxnmqAB1ApjbioR211N+inIEVcy+SAQFLbCZF//dXbv/un33z1zdO7D49DjTCJyM8Y92Q3Aj63tHq+0CHlFoj8IjBLZooizJ6xaADsv736J0cNKH9dloLEqQMAYQAiCzGrhiOIlLX7uj7dvbgvItuyFKmIYG5mRkCAIKWKVKlldDUzwsxIsNQCmAVSEI5ciplbH9enp/uXHxEzhEVEThThtseSITxMirQ2bdt6u920dxJppaqOy+VhvS6INM/H1sRdAblOMwG+ffvNuw9XKy9AjkCCxMCcl0bhsqeoiAGABRmdINz0hy/Gf/2f/IvvfPJqOHS1L796++7bD22afvL9794dT0w4NgWIy239+v2Hy+0ytenli/v/52f/8Fd/+bNWaIyBOzQTs1vcw6bjoc1tXRcIqK2liGNqKLGtGyDVyhHBKKNv8zQv23q+P3n42LoU0aGmru6MKEIA5BGPD08eqH1s65q4HNyJEVk/COY78gmAMpPtHqZepLgDMV+Xy9uvfiUiaAj77hiIOPYmFghAZsEsvUHkNBBbz51xRLDwPsLsdlU0dSQk5iTAejgkcNlD3fMWEgFZ0B6uBFhKRSAENjPY4QkAzw1oDnv/IuaZ55HQC4ec5oiQwl2HtlIQHCLbJwE8uFQppY+eBXqU1kyiQMzz+hlhQh4B0hAsEAGwSMmJg5n2BCAgE9bcDrMAUKaKipRaJh0DidexRWApzYPa4WCB7Xg63n10fvGyMLpuubjgaa7TDG5jvSbohvuKfX385mvTQRjmQXXi2kyVwgES0+fmIYSNGcNrNp65CUut1YYxEREGxmGa52nuw2qbT8cDhE/TXFnG8qDbhYUPd/dtniKgCFGYay+lzPOhiJh2AmytSZ3n4xltI104HBmZeZoaER3uztPhjEhhHcBEqpSJREiES4XcFTNTbraBGNOMjLuwGrA3pz6bKvLZpd2q4QEYZgAcEaAKCKWdSIQLMaOOka7Lsa3BVOej1+J7vguIOQiJSyBSleEexMhiYSlWBpCb87NtTEpBIgjz0DdvXnNoBHOtamOzoDZNx3M5nC/rsnZr82E+n9ZtLOsSajo2HWqqRDTGGKM/x0VKgK+3Gwkz4Ta2CKCA0Tsxqpub9j40EzgAfekiBGF93TzdJgCAsPUeAdvt6fLwDRNJKYRIDFRns4Do6DHGqEwkYMPAXaSoZycVmLu5YwARqWtAmI78eTNi7hkQca8cBdOhTVA1fvLTP9zGdrvdiGFZFkYUAFdLC/myXMMUnhFA1oebD1VibK14eJhhwgyIPPzj15964Bhb1mllQgc8+x9JCqlqtlYS77pqBAjL1+9+vfUVIIZaruBS6MLYW7VS5jLbwf3pbHSL1qas2MplZ1Jc8pHMjerz6mIPHLBMJ9yNPpBLOiRyM9iPV8zYYxrQPbLV3N0NU0wijGy5RzJPU0GYBRFnYsPBU9gAcCaqVDcd21jyp4/gRDi3WiH+8Cff+S//839l/fZvP/9qqPWkIMVe36BmxKkvJwYzNwI72S/vx2mAdg+3bJlhi/A95JEeXwjEAEuVDSJVor26Smrz2NPWbhYIv/0FIVCqlImz7dbcLEJqm6Zm1muZX3/82ePjw1dfff30eL2tt6+/+earr99eb7fl1pfLpY9lbJv2juGumuYWArA+zLyUto7NfCCA6tjXNmmk3Zcn6VANjKzyTeEMRDIkmElZwr2rMn/Du7CTSbx/9Z/+Z3/zd39buOSVDgBYEvDML199dLler5cb7uEPOp9Oj08Pwvyc/nBicgMiYqHeOz4HywCiHdt8mEwNEYU48jzEfU+ebxoulZDTSZYoqFrY1Jl4nlqOl8Rk+SFmmMcj3AtTmlUo0+RhQhymEVqkgEcfXQjnKvmRiTATtiLMBB4UUZukcai0Wqpk80EtzSPALbLOxr20SnvmEklqatLWB4TlWj4hu0yMwsnWSB/HfJillMMkVepyWz55fffJm/tG9Oknd9/55L4hksWPf/DxqxdHXceple9//OI7r06fvTp9/Ob+6d07W5dCUTmOlcPHXBgxYIzRtS/L7Xa1od79du3LordNl3WsXbfhQzHPYGJAIo3Yhg1zQIrANKoBIhI77OY2ZgYgC3QSLoWemxPQLTfSYW42AKNwQaLaKiF31flwLFXWZTUDZg4MZo6gIoUE122FCBESwiJipnfnaZ7Ker0cp4ahDDgfKoLfnU/TPJnrpqZO9XDi2lhE3VorXApgKW0CKoHULf767//tX/7dF9fLmlWvqVNm8W2aAYiFswqOkYSToJhPkHuCwiDZUEgspRCC6gregTLUSMSCQIicVlJADiYkgbRMSl6aA0iABVCCmLm5x+1yub+/n+d2vTzgbm4JN8NAZJ5aIxGEGGO4aTIPuBRhQoBcUUaEm18vj1TK8XzeevfwXAmCBSbZyM3dmaVNrW/r9fKQsL9aeNmW69PD2HqbptZmAHMzklJq2263r7/5dhkE9QXw5IgI5ADoFHkKBQagA9DeAzKEANx+8tr+i//4T1+/uLt1uy3rr3795VdfvzPXQ6vn82nt2+V6+c03737+yy9+/otf/fMvv3CH16/uahED/4u//Gtw71vP4kWw3dDPyNu23q5PU5sQKBlsALCN8d3f+YSFt3URZh0WEVKZELv67/70dy+327oswuJDI4AJA0LViXbTf0bp0lC0v/oTwx0gzCmJYHogATBfhwjPreURAUyy90YwpkxIeSZFZIZO0i5FqacEMUa4iADwUE0R1wPMPM09uRk43d0N7W75luAisl/KCcwtVXxLgQP33hffe+73ISeXXftrJ4GgGCmNwG6Cxf04i/TtRJvmMfozkQ1JZJrn1tronbhkQ7G5MVEpFZCBAIXLNFkY1emTH/7x7ekBw+n5bpRM5EThSRZU1QrSprmJFEcqbaqt7pIhsUghoqy7Otzd18Ph+PL18cVHCLzdrhF+Op0QcT6/ePHxJ4VpeXgPy8VuTz4u4/o0xmq+IUKt8zSdWMhN+9YZkJnDYa4V3IVQgBjRXYGh1gYATOjIwNTaVFurdWrHQ51aIdJtIzdfH3W5tMLnu4+IYCw3YSxS9XarkuxHnA9HgiD0WpiYCwuMxcdNdSBJq0WaTId5Pt2X2sIVQ5lLrU2kETPmJQsACRN5nY4tJCZkQAzYUyjPMU+E3aO9exoQktgIptr76j587TEMSGQ+kEiROh8P27Ku27Ysm0gdQcaVSzHD6201J/MIZGDsbihMUnsfHDS2YaPv3/wI2E3ChlJfnM99bMvlShFmcL2tFrGqqochKxWZD9M0b8u6LEvvg5nRdYxt64uZmlt+H8fYwgZLM3UMMjOzTgBTa9qHEKzLkmGsAPQwsyFSjsfT4+Vp9C3JNrUUdUdmDV/WnvYKN3SzMRZz/+g7f/Ddn/zprz//B+8bITh4hBESMCZ7xwIIGdDdNEt5w5KrwxFGiKrW10GESODqCYAoxDYGy/zi9ZvL4/taJNUZcBehUgUACpc+1gzGCrOpJYc6XNNZYjkbMOVQF0iA0bdbhlTzm45uLEXNnj9ry4q9NLPvAVT1PCCImEkqs7vXWpPz22obZub2vIVIzT7R5czCfXvuNQOHnXFDEVClDFO3mOZGSGlG5Xq4Szcwccr6WXcSiLHfrREgAhkBMcCTCIDIqiMd9Bj5IgtMuClzvhBF0ogCxIiIoZ69s2P0yE03ptOQGfHY5N/7sz/9r/6b/+43X37553/1s+u67/yz7JAIEx5Ae207Rp7rvIeikIEKgwfkKgAAmERY3dMQEmlnodziIIlATheUMgoiMUCoeoYHRAqXfVdAJNZd0ksQwEQQTCwZC5PS7l++fnz49v27t330Zd3WsTxeLw/vHy/Xh2VZpZTr02PfrrqNvq2uamZJUU+9R3WobZyzFKKkfwkiEfi/na80slESmVmzA4Gpb0ZEIjuUMDcYiJnjCgwnotvoSx9Pl4d06OY+BCKA0DxG72NYhuQESVW/+ebt3A6ImDGAdCrXKtPpoKrEDAHEnJldEjK3xHhjxt8AAIJ2kjUhZOMd5LZj12yJap1SRcN9GsuvAIY7hKWO6xG1Fsv6M6IcU0tlj7Cure7Vj7XKPFUM195JqLVSCucEVWsTYTfL/7AdpzDAXOaF59o1zCicS5GaP0ZMSxLlUhIMPXCHbmWlToAbRrg6EqHINMndaTrNrRX85M2L03E6Hw4v7tt3Pr5/dXc+VHrz6vDxR3eo49NPXry4a5Xto/P0J3/4g9cf3cXoEON8qBgQYeQw+rZcruty61tfrrcPj9eny7J0XVdblr4N38YzshDBATf1Ptz2W0bsrAQEQLQsnHh+7buFB8h0LPWQt5lwQ4AE7aqOgBDmnPuFZaiV2liKDu2911qZCTjfcUFIbn29rcwMgVK41GYRp/NRau19iMjp7jzU6jQh4uF016bZAG6bPjzduBQulRDcYj6epuPRgeb5YEQReNvs737+m7/4N//f7bZqRpkddqRcer134w8jEzFR8g+IiUu+856LrQFgrx7PtTy4+tgys+mAO/8uAJCCEIiBBEWACIBRBFmAKUiASIhRmEUA6XZ9bPNxPhyW9YIAIuLh5kZEpdXWZkTqOlQ1N6okXIukaxqJ3KFv2+Pj+xcvX8K+vwRizqZCIjD3cCNiqZOOcbs8DdUiExM9Pj7ebjcIOB5PQKimXIpIAcD379+/f7w5n6idHZnSkJre2dwocPqdQoowAYQyAPr2e5/Jv/wPf3p3Pj1t+vR0/fyLL9+9e7jdlsv1dr0tv/nq3T99/ut//uWvf/5vP//l57/58PREhD/+0fc+e/NahGut/+u//j8fH548FJEipW8PYlJzDhSWcFQ1HZpTWWG+Xq997TujJkCEXQcSFZYvv/7CbEy1Rdie/UgDLUKtTUSS9pPUA0RkpoDdNpPBaNgPidQlk4+w10Ek7zLMiJCQMxWcbtTnczqLLzOkRMzFI9zMTDlFdAh3z41X2v2RMM/QAFyXLTyLfcncex95M3T3IOBnOC8xgkcAlFoAINCRkEkCIMLcQphTpwPIwwuJydyZiVgQ85EDRDieziTskX8i4sIYuC3LGAMA3YJF6tQAiYuYhZojorQJmUwNMa6Xx+yqN08bEpMQZtqGRZjN9eX3/vijz370zW9+Xmtt8wF38ycdTofpcAwMAGit1amVUk93Z+KahTYEwYg6NkCYz/dQ6vr4YXn36wMOXS+hm+sIt7AgRGbJAmAdGyIejwcABIbT6Sj5ITsAADGVVhDBTOvU8vJyOBzb4fDys08//v73ytTGsrKbb9ftdnHXOh3bfCJAsm6jxxgc3lqRXIpljICIiEQKgHu/uPYIn+ZDm9o0zae7s5SGCOBKTFImooo5TREgBjOxMFch4cxP7+GizLbsjgWCnFZ3K1B+wmFhgBFuOzKtL7fL43p7WtYVa5V6YMS+be5dNx1qy7oZAEuzCNXhDsRlh7uQeJia6dBtWdw81PMioTq6KxIDt6CQUivzeru6OTFcku6A2K0jBbDIdAj32+VpbBtzcbOxbqi6XC4A6BFmbm7qAOBjdB3hNrZ1cdXCFG59ubmNBN8SMiIjegTUIqY6zLZlIYg2z2oAAMP2NVgpJbe0YZ6TFbheLh/effVL8k7PkxQAZJ9HkaJmJJRRXR2bCLu5g3OqvBBuLsK7+t6HPjerbtv28aefOeA//+PfMUbvCwuaJagXEfx2uyVPhRjNTbVzqZ9+8pmImA9TQybzYMLSqqqlxt+3DQGF2feFjyeJLrGVzCgsgRjg7sBCJBgekv1GhADUijiEmQ3dsimxlgoI5opIVWoW47DIbrsf9pwMwvyA0vSerCdmQsZWJzV1t1IKA7VwR0D1MHckVFVApDw8EDA9sfs5yvicNMole/41IUfk37pbwn8wIL2XUUQiMajIO5GEeffhIybR8nyebPQPD+/+/M//4osv363d9kqj9FQhEpGqZYsWImZJZIYTAnwMFZkyKb4XQqTFEUJgnxDSMCXEhGLPvRGEmMFyD2ASJmDmrNxEZlPLE9PN81tKARFkiefXIaV99tn3tvXy+PBtX7dhdr3dtr7pGNu6rZfL7fZ0vW2n4/l2fRpjCwc3S7EnBX4UVNOktaeUmQtocLNIFgMTIRdS81qktHZ68eLp8Sn5UOHBwgw0tOejypLNa0ABAeGB0zR99eUXc5tco4+BAOio7lIYeV8IICFEpMFXpCBi7/rpdz/ziG3tDEgs4NbXzpQ4XkPmWop2ZSRwpGfAOSIycRqu0qQdDug5YWJGCzBQmHaCMu35OgQI98xsY4QDuJmFClGGmQDAIRipFQEEHwP3Ar9REKZWCWjrKzO2ubXW3CHMCaG1GmaAUFtjLgHOIuDDzaQ0ABh9C0BJF3PsJ0xuukrh/H8HooWLSFoqmcjNzMMBp8M8ze00t0mKmX78yata2vk0v3hxOp/PBNiavLw7HqqAbq9fn+7vZ0eep3o8n+5e3L14cRbhVmuEqqqNEWYesW19WfpQHw7dog/oFiPl8BRELdRhGKhFBCJncbIbIER+o8N9R6/vNyAuZTqV6QgIEeaqCEAEZmY6mHAMNVWWHaJSavXw3nspbT7O5t5qkyKqRki9a4boh5oI1VKBcJ4mkaIxSpvm+QDMEN6mUoRrmzKK8HjZHLDUMh9qOCDXMs+AHEEO9PB4/dVX3/7i19/+8ou3l+sy1EYfgcC0P2Oxt9yFg0eWi4QjESCnypDxRETK7A9mRApIipTSENzGhm6B6IHIQnvnEaMUQHJA5AKUbeechcPMEpkQRgEqSHi9Pk3zYZ7qersw8v4tiGDi0qbEzEWm9AJKLSJVWFjY1Nzj6fGDtHY8nsIsJYp8PTKhO2QcSEpTH9enD2Yu0sbYHj+8Vx1F2jzNau4AbZqF+Ha9ffvuw2ZM7R6oAVIg4A4FyCqoNE9hhm2SGYzubMuf/vj0H/3ZD+tUHi/rw+PTr798+/7Dg7ler7dlW9d1e/vN+3fvP1yuVzMT5vu74x/87g9/70ffP59Pvdvo+j//b//H55//JpHQuWonIkKGvOUieuoyCEwY7qUU2zwMW5UxLA0nrdUxBnhqBuRmewEJYKAzEyG52w72zt5bzEqAXR0nRHwOm6UUjox5swQAZErmRh55eSpksS4iBO5mIsdg4mSaja4pcALCHsJz2Hsedlc3IgLSnllmZrc9/JfuISYuUrIZE/cFtWUQfA8NZ14hT3GLCIsIZCBmLgQAe/kKYiZe0pWraswUOwMPr9cbBkppfRtSM1oNLIKAnrtiBDcXEssGgFJHH+7OwkVwbGurM1ENAGIKICbyCIRUcCglgfV2KWwiVYchoXCtc+MiJNWBpnk63h2n00k92jQD4lAlpAiFUGFyVQButY7LQ/WV+k3Xq+sG4a0VJjmfX5rqsG5urbbkEyPRPJ+rsNuKbkQIbrVWcgjAWqsULlKk1iK1HeZX3/leO50YcDx9wPWq69N2exIkKm0+fqRjQ+2MNM1Tm6S0JqXJVEsV8gEOzIWF0XX0CwGUUqbpMB8Oh9OpHY/ElQgJgrLYljDAgQMIiYVFuAiyEBVkYS65ogXk/XlF3x+XnARyDNhDIVg478cBw6J3Qh/baq46HEtxt4dvvvIxHr79VkdwlYBYugEJEQEQFlGzCOibuhki+zB8XhnZGGaGAOoKIaVMW79BeCFuhETQt74tIxse+nDAcKAIYpTRO4lInXT0bbkhGsTQPlhkWW5mY+joOrJuRljS0Khmbh5uhOzhgMxSI3zduhSp82wB6av0wOHBpSBm4oMyI+Me27aNvgEYQJgZe9dlSXgxoqf1Y/ThYYBontIqMEKqQVkOsPdgpMEbTFURQaSYqZnVaSqlShEAizHcw3UHGTNydjRHeJ0KI259/Ph3f5+xzvOEGF/+5otpqjZ2jKEOB4IwMN9LTpAoSXUR4aFSpEgBCB0DANtUIXDv22bSoYzoHkyMRNsYEeZ7JJIIUbggUu89wgmptAIQzDwfTtvWESDw2SKb4eA9FJR1Uu4YLHK7XlPwcnPmdiTITB2AJ66HXN3Na5W9dyfAwgkwpw0kJEJmocDhZmCEQECuxsJuJpxYSXzz6vU6enI53MPdNPfyTOmj2qV8JkR8vG7/5m///tdffrupD981TgQmhlyXq7kwJTm0VlHNopYAx/l0UjPdOhPF7liirAlg3ClA+eZlZHXbiQyAz6B5RqTASOthKYxI2zaYWAQxolSpTYSLmXkgMzIhAp/vXy+3y+XxnYer+dANIrEet21Zx9ZH73291iovXr5+enrSviBA7/05Tw3MZNaZyT2EiBiHahKKiHhqE0I4hGnmd61vfZ5aZdbeex+IWKoARmktb/L8bJuJPUMGrlZL2ZZBzO0wsVBk+XEpgJB9MXmqcOGspXQ3Zrbo69ZDvba63hYWqpX61rHI8Xx3u14g0N3oGXSVayAEyPpuAIz87kEQESIIMRPXUndvGYkw74sdd/PsIUDhnDOTluEBUaQQc05F4ZYFHIQ7ssrMiKgKzq2IcLiL0OEwtVaHmY+BhKUQBEopdZ50dGEsTSDCzWvhCA9T1zFNDTAQObgAcbLmmSD2dH/eFwIDSfauUjdHkjpNh0M7TLUVuTvPbWo6jJlrK8fj8TC3+dDu7g7n89FHF5b7ly+QgHF3ItlYw22s6/Xp6qq992XZ1mWM4WPY1sfSdem6DjMgx+jd1MwDzTDfVcQUEeZgFgGYaTB336Fc+5yHRCJ1pjojgOkwNUIMD+0bhoZb1w2JWtnZ4YWLh3Phwzz3oe5QpznFeABMJ8MYNkaf2jRP0xgrCe4MniKtiSDPczueqtlgpgzn9A7XZWXEea6lNaCiQMw1HLvaL3711c/+/lfXtX/78Lism3kgkaul7o9MTCzZhQf7xm/3dBIGokhWfksttZRSaiURFmJhAATCWqswu/Uw3S93LMgFhAIZED2QuCAToOTyhzh/dgWZA4JqBaoReH369jAdp3la1qurIxAghUWdatLc8kXsFszYWhPh9HDrGLfb5cX9y7Q2uUW2HO6OZzVErKUOG5fLhwgUKevtcrs8IfJ8OJYmZsZc6jxpH+++/XC9bi4n4NlR8gDIenWkHX8EQO6A6BjGGIQRZqfS//0/fPXHP/6UhJ8u/cPD5d23H54u11xmbtsmUrKCkgjmeXr58u4H3//0j376o5/84Pt352OWjrx+9fL//cd/+tlf/k2tOWn/NqIF4ECMwGS631UhnAgCDAJJUG2MoYjZhQkeMIam0z0QwWG3gSJlxEhVmchsZxKmyo+Zx4U93uaQeucOy/f8xkbSBfbFL+xB68D0YlMiGOO3MG4AHMNydorYp4QUHRPcQXv7yn6JY6I0CGWqDPdph0sRYuraw5zyJQL7SZ0zbH5M8IzugQAmLFw9PFGCaWSCAHertaTbydyYhYrswdIgQRpmAXh4caR9fSfmQESBEB45P2PGChCBuNQCHkAQIe1wSGhsX9dAPByOiKiqeVLVOtu4kXWmAoBlmpiLOUCR491HZTokuFHaxPVAUoEImMs0T9M0ttt6uRD6JBKq7Co4YnvaHt9v6xU8B21wKkxtG2vXlYhYGiEQeGtzqQ1Ct+US5oCQfX0iVaRwrSgciNM8t8qvPn7z6Xd+B4W++fwX1y9/FeMWNsD9cDjdv3x9evmCMbTfmKlOrU6FkCLweD7PhyO7FWFEsLGiK7pN06HWWqfpcDwezvdSGrHQHtUWpOwsTfadMBfKFjIpyCVBAkQFk2P1WxwV7sbqZ/PPHlyELBZUH32A9XVbhWm5LeRWasPSzFRH/+bt26dv329bl9rU1JyoiPqA8KAICqlNVfs2BNndE589bLgDIRSuHjEikJpaByQG0DFUzQc54jquXBi4OgIQl+lAzH0oshjg0G5u6L0KLbcFgBCFEG/L2rUPHQgYoQFmEWPrRJK4ZAtTU0Ahpsgq9ACzACJVFyHk+tGrV8P0er0d5pkZgcAcR+9qS94UR1/NEILVTUencNP9No8YJYnvquEmvMMI1fZ6PgB089QO3IIAh45wz3RZv64PH96Dax/q7rUU3pkoam4Rbnt+Gkwj3J4ePzw+vO9jY0S1NKs7s3BhhGcaSliCTNJB5O7hTkEABGa5CA2LoWMH2mbRiLl7mmzNMkxFrGrMDPt1wwKx1IoAOoaZg/tQBQAuYm7EFAEQO2Mm2cWQERGLCE/lIsADgLkc0rGdr6e0waT4T4zaB7OkeLCXUxISZ3cJqdl8OHz25pPr7ZqAobx5Zz4JCFubrrcrBaajHp4DuynhJzLSzHfjDaBaXLfRVR1g7R0i1XdDgtraMD8cj6WW3nueqVTQIohpOh5UB+4rB0dEfrbRYLpohACQWCKtuoh54wcEpDTWw1D7d/7d/+D3/+hP/vmf/xERmQU8wB0RzLxO1YG22yiFARWwvnr92XK7XZ7eR8AwW5dVdRDC2MZ1uSHCui5jjCqsfb1t/XA8al9N1xxtEyQKpoDQpsYsY+tEmH0IkQR6FPUxdJAwqAJwKdK3ZSXQ4i4AACAASURBVLmurTZkAgAdau7zPEHA6BsQS5GsNKc9t4sWfjjOkIzOZxHVzM0MgDKJlH2KeXAzEwBs6wAPJp4PDRJIaRaA5/sXr1+9fvfN21JKzpFDDRHL3Jh3c3M8Gx0hnBK+iege6iFFhLjWKiLqtrNYMdMKvlu9ZXcrQ0A27bAwS2oDuMOzwpN1zSRu5jaYYp6nymJqRFznkqUxNkYenKMPQiQAs8HCUppDEGiAAoIwuZnUCYg8qzhETAcjgGnoEBHHbAXKpjmC5OABMDEyZw+VD61VSpVwZ6IiVFiIcGqNiKapZve46+q2rcttLOvYlmW5WdehcbvcLpd17bqtuqx9Wbd1GdsYw0EDNHxd1cwhyAE0IggBUc3NIkPAuw0LARApq6UCI2NiUpGZ52OSbfMLHW5gA8DGGO4xtYlIuitzFWlMNB9m8xhD2zQDwrpsiKihZsYs29aJeZ7n2ioST3OTUms7HOaptmIRbW73L16YGUkhZmQh4cfHW1cQIa7NgQGlHY/qdN3Gz/7m87/5h18+Pl37sMttc8vGMQEEw2y5YBZBzhhAEZLMtwiLJIu81SpVhKUWYqmliNRSSm1VSmFiqbXUGjZMV/Tuu7uu5iKWiA0QWUAISLJZGxGAiaV6hKoFMCIDye3ycJharXXra6pt7kHMIgUYI0BV3ZSQa2mlSg5dDx/eHg53dapqmpv01JLBY4zuHiI8dNyuT4jMSJfHD31ZapumaTZwcJBaCfHp4fHD49VAQE4hNVAQMLLmgAT3TXmY79Z2SqwKUej26gx/9tNPPn7zAohvt+3h/dPltt1ut2Vb+1BkqnPLXpnT6fDx65e/+8Pv/ckf/OQPfu9HP/qd797fnc3RIQ6H6dDm/+V//7/+8q/+VpjCHXfaWngqRs9nDyAwQR4B6gEIUrjW6uBZGxyAuR4HRCnFwWmfXNPGBRAhLEho4Rh55w4Ix4jsfQcC9zgcjiLFbEAAJK4n0MEhaegAacNIFTbSxYNAxB45IWJkVo9IiqS5P//9NGVCAMNvNVyK7G4nyuPst/GDFLiGDrXBJLkQLaX683Y01TtA8r3Mcv9NEaABpPleh+afC4lzvlHzUgoXQYCRMzw9myiFgMXde+/MYrprQgGAzEgUYeGRQPrDcV63EQCtTQ5QmEfvTAzEUurhePSIYV6nJqUAFwQqbVIHRGQpwoWrtNP5eP9SSjP1MjVEJiltmqfDgUtppRITmLouaL0S+ujRL+vlAa1v10c0a8Kjj3Av3BDC+hquYS6EtTC4B1iomnYETw7gNE0ilViQGUVIyjQfWKow1VZPH72kiO392+3DW9cNkQ5tOt2fD+e7Ns9gm25Xt22q09Ta6Nv5/v7+1RsqdXv8gADzofVtJQJBmtqhFCbBw/lU2pzmKCSAcCAk4pzdiFNgKMCFa+PSSAqiEAkwRTY84O6nBsysNUEuZfOQ81Dttl51W7k0bgUAluW6PD5q78yC9VDnYyA+fvgA5k+Xp3XdCJnrTHUyh64jsf3cZjUzcx1DtUdkaWiCcTTMHYFrFW5SpC83HZsPB5DNbFhaYEtt92tXRKxlNg9A3FTVBjMRjOuHD329bWs3dQqIwNvtll+3ImQ6hikRmZlaIpjDfSBLm4599LFt4HvoxtWnw0xCvfdNfTq9nE73my7r1ufzPTHfrrc8ssODkDyxyK7pN0YEtQ7urdXhvqyPrRZC7mMAUgAMHZDb3wh1k1IAibGczycNc7NSpYi4Wa65ErRJDvM0EWcRUBACMpmZDy1MmVgQlnXrgIiBbp6h/zTAIwDjM4Qbs4NGPJyQmdndhxlCpGnCXCPlgLQJISKTA7gDMxFjkWZuEME5OwkRIROqZlMqAgHYbw3jmE4JylTb8/sTEQn2nDEzqVmKvgzcdjwZ8vE4Dws3k5JJIA0CB8hsACQScVdVslSEh46lb2OMHNHSxJ2Ku5lfHh+yZyogsqEjuX35pktbJ+zYPepDk6O0bWOY7TBkz1QNlioQ0Mc2bLiHD0fC+XggLH3pY11T8drRQAAAaB5Si4MzM9diEUmHC4IqBYksnIiy90qIaynXbVu39XZ9REgOPSKBCLsHIbt5qZKEpzafwWx7ekBEhd0GqqqmNtQC4uNPvmu63R4/EIibPn54d7tdz3cvzL1vC+4Cd3iW3YggwbZtYY7IQ7fp+NLMwJULI2OpTUqxUAAe66i1ofC29QAQJgpQV9udZ3mLTjoQiLCqIcDHn7xZt77cLhaZi8iibGKRsIBUyGBvvgFHjx2tYOoBYBGjD2YupT49Pn377du5TgzZjIn03A/XVzOz4+nATKMPRiaEZ6wUEQlkQBmhFBZJgigmXw8B0uKVPa+I2V5BBElKdcntbDarM0thFhISCqhFdjMl4tyECFSdpExTq0VIyDXfOBwOzIEIOkYuFhCdCWx0QhKRMbS0CSAwjBN66i5SzSz7erhwDsxprWHJbldiJnBjplIKuGGmnlXDHcHcVEePMDDd2arbut2ufVn6strQvq3rui3XdV3HUFuW7Xpdl2Vbu3cDDcxk/NrdAQNQw7ah6upBbqDqGgCwN4PuaCgAd3QDSEtBKcSMVIIrSoMANUMMAouwcNOhxNTqlImCbFdoU4vwZVlLqUJp/sE6VbOE0Nq2bMRYC6l2KeV0OmDhQ5vrlK4hI8KpVSYRluNhrrV4gAGua5fK9TC7I7UZqDjgNx9uf/33v/zlr95u22CRIAyAQoyczBLOonBgyKhmYnwwHWZEUqoQZ0fFfp/Kz4yJmUqptdaSA0Fr8zQDwuirawe3AAyuyCWAqOxeIHpu5UORzOWKVCAKD2BGbIR8fXp3OhwRYfRbBDAmCbAwEiCOrbuZEJdWEqi6rBczP5xOaX02210v7jGGRrhUGTaW5UbIY9PHhw9MeDicuRQLL6USy3q7ffvt0zICyhFlDi5I6IC754mS4bwDJMOD0Sl/XB4Qyw8/nX7/h2+meQLkddsu19v1uqzrpuZE2KZ2PLTDfEjOzw++99kf/cGPf/rj3/md73z26uWLeT6YwVArpajadV3/+//hf3x8fEref9bWPLduQyLwfhvkzs8l1BFpW0a6TD0gL/i489EJ3DF/yLtcDTtHmDOLhQDAJOnM3PutdjgESC1mrqaICYdJVQj2xve8UGT/CrgDpEOKmAIcCc312fCDuRBFQqG6x8YCGCkCkWnYULMiRCyqijlpBWSdCrO4//9MvcuPZFmW7rVee+9zzMw9IvLZ9ejOenVXdXX1iwHNBSSYIYHuf8SEMRISQ/4BJlwGIMS9QnBhwB0gBNIF9aDVgqruqurKyspHhLuZnbP3Xg8G63g0OUpleoS7uR3bj2993+9LEigekwdELgIOmZJAOiLJ6k5Hf2cEpG8c29ocwMyBgFgOUy9EwrCOdoUcI0YAkLSGlO03QUiMmBXoScNLLh5gQj2OLASVen649G5SqrnPafljq9roHUi4VmZUd2YptZVasoNbSEotpZ24ngJx3zoB1tJQmLPfu64IGIRSGoEW4oKsY5/96uMaYy8YFWH0Lfu9WQqRuM059uzBq6XUIhguCIThNjyMgghYiiDiPncppS5tWSoztdpevX7FjLfr8/Wrr/B+i7mHzloas7z64CMuZfZ9jju6EwMhL+0kTMtpaedHKUshyzEQIRQRjOBaiKEs0paF035QC4QF2AtnDACZmUkKsFCpWSj5Iv/n6Sy3gnSwHqOhY0T2Eu0O99n7uH7lc9blUcpKzL1vt6e39+fnp3dvg6Wt6951zhlmz7e7BRKglwJSFCC7nIjYVJ/fviVAdx9TPSAb6EJ9jJ5QgezMmb2HGgMBwdQxRkbxy+nyQR+27bc5+9ChFryuZT0FooDP+13vtwTv3Lfn+/1KlMArT+OJJ24IwF3NFCKdTpQIGu1DJGXymGoGwYWlVjUDpPXyKLX1viNRBN2eb2GzcGFicDs+gKAYlm78dPALc99uH3/3h//2v/sf/F//+n9vpeauAUgsBUuJgFBFhKnellNty+12R3Q3DXcwQwJinGO6qTCZ6rZvcw5LNDOTmSeINpOuxDTnBIKjPofw+EyqujpFlrdGsircfc6RGoZZIHq2dyGCqn3w5kMH9DCSknbJ7FXNRRuBRu/LsiyndQ4VJg8LcwCOI4YUAcDIpZSI9OAE5rzCc3KZU0o0j1ZrgDk4YSKNgbmdXx7TmOaASXGPgKil/uQHP/zym7dujkRhkaEpgOz4SnkR1IYQIxy8hQMfFChS1vNp9hk5GcjfkB5XkqPDDRAQ0tyi5qo25zhK3AGJ0AMcgYD2bc+E1jFCeAnvqhr4YXz39LIDEHAqOuvDJQL6rZMw5MsCZOKATHX5yw8B5gARc7t/+cXnGJg2TYQ4wElB5pZ1lQ+Pr1+9/nC/3/p+8wBVE6Z920UozE1nuEE4S7lf3+p+L9KI2HTa2FV7XRYAH30TSrOBA2C46xhuUZeG6L2PH/3pv3Xbb7fnd1JK37cf/tG/8ed/+U/++v/+P1utXDjbi4gp1Jg5ixcQgITz/oWE7lCqlFLScHV9vlrSh16sqxHAwomey50TAR0cHJa1Ur6hRHWp0sTfT5ADaimMQszZe38QagOQCT04se5Z2hKOAMiISEgEiEwMAYUJAWut2S0VQOEAYLknJ6TDDpQrMmZEwjwpFpnoCWTCIrwuraYTTkoOfIrAsqxIpHt397aU0+kSuQUnWCl0WVcitKkQDqEiLEQ2BgAQ0Oh7XUqkmS2x4oFC7KYQhhDpW8oaDjOnTImEMwILCVOEgk4GQnd3BZ82p43uNnRsY++29xhddfjQqTpGH33u27533XteCnqfNhW72TZ07wf/J3JlVxvTNQBQLHCqeUAQOnjOEAMihVGbzgceTpjYzU01AJFT4TCMoJxGjTndCIG4QgAXlsqeYzpPBhQHkrqVWoqUOdXC9zH2bRcuSxMSbst6vjyW2q7bJrU+XC5ALKUgB5C0ttZWl8tDIHIp19smLJfHV209E9Xrffzmq3e//uLtP/zmy+t9m9MgQD0pXMCFmaWUWrJWh3LoknsZHiVKSY8KTzyY49Gjm2YPPtYNJMrOApYqy3qSUmMOnx11QAQgUWlSG7JgRk0xY1sEAIySR6ck6CALlRVJrk9fP5waANjsEF5rwRdSkdr0qRmWRRJ3fX5+++rVhx5hamaRwIWAmDoDXJjdtfce7tt9n6O3pbWyGESmMmefb98+bfcRsoCcHQsQ53kCEyiOGJSIkYC8TofTgU6Ntc6ffO/NJx+/QiZk2se4Pm/3+z7HAIhlqQ+vLq3Vta0fffDqO9/+5E9+/P0/+fEPv/8H3/3ko48fLw+1tqk+9iEi6qpD/8X/8r/+V//1f1OlYMKLw3P+BO7CUmpJLt5LISNkpQ4hwyGDJZsVUggwc3T36eFAgi+e0whzOGJmmvgrJs7JZPoAI9GfhGo6Zy8smeZPHBkGper64okNBiQ5xi4AiBFmvi6njz/45Pl6BUCiXFotIhGa7y8kgART58Pjm5/+8Z//3a9/QfxSf4mRR4K0AaQud2yVeT83RUrI1Mt5H45Vj1NGAWARVUVEcwPEpVUIcPOMAmfgOLlknlNSc0ZC4nSRsEgygI/8FbN7HGTwRAYSs5RAAqBwmNvIdjyAcNdas72WkMlcw22tbW3N1SLLUCQXfwmk2s61NSmnclr8gD+wBSzrhdvSLg+Xx0fGMFVw93mf/TlmL1i8bzGHzdFaIURAyugrAgoLIWf0LgAJHcFTW8FAoUIkwcJtaW1trXLW7y5rW88s7NrFdWGMvhETCddlbadHLmLaCaEQa+8iQk4FoRYqy4VLtf2dzV2QSmFXJYLMpdRlqbVJYv65IKFIlvAen/BSCpXKkuW+BTizxHS8t+lTdIcwwgy4YhaagHu458Zkcx/PX83txu1U2gIRNvrTl19dn96B2fn167qepCwsZez36/VKzBaOrdX1bMDX2zUckIqbmToAmdk2p6VrVs0t3DQiCDjydD6t1Qok7rNV6WNMj+mhobf+dh934tLaBbkQFQQc223erzAGmprpmMMTpIZonmZdgMA8gLqpuzMJIs45iFDd3T1zHUGQpngkYqksZA7hMEffb/fZ7xSIEHN2ISRmnZqzOx2DwiNcZw9zkeMj1tb29unrL7/8LaNLaUf2VW3sUwqDqYWJZEMvAnq/XpNLyEiuUBvvfeTcKW1LqlaytBSwHPIivTACHA+/C7wnbswxjpQVHGIGEUFQeHLCDAEZxVXxkMHT3UdtXc7n8zdv36W+hQARBoC11CS8E2Y3cMy9B6CbZVQpG3s9s0/ESGiW6dwX8g9mQRi82Av9tJ4ul4fb7ZppXgxgqqdcN1lKWARE9gcstfWpX3zzJSDkE3OoyxipHMPxdDsTQQAR11ogQNWYMSKW87K2dd92YSaiwkJA0yYxMZN5OneTAe/miTNzz+kJ5hUAzZwQl3UxdQ/Lq0GCbiLzHmpSxd0PQDukezQQIQD62DG8FHFLt2WmxAJeWsSBEZKUKmKuqgpEpk4kAIeon8cKFvHQ2taPPv3W07u399tzlTLNpUpZKmIQEziYa7i72fO7r/ftGRTMxtCehjP30fdbXU9Far9v6cVxz7SmEZO5UoCIfPnbX+q4t9oAkKV+/vmvfvHzvymFwSAV/jFmHqjTr5+O0iPxCcejSYyquo1eWQBAVbOTJSBzbAfXlRMTnqK3WUTUViOzNTlWChj7dIiw5EGRmkZqUFmYkD0G7qnD9W2XUtqyjDFEcvQcESiMCW4ULhjJuCq5p9lx6zxQHhGIlkngIILCGc89PGhFWKoEeCL/zmtblooQl3VBCjBDpvO6tlYwYnSVWutS21KRyMNMjRBaa0RoZtb3tDsihk7LejjXYAR3ExYUjuQ3HwSzQGSPw/YTHmFGGNp3M03KIcQMt4j04Y9wd9Wx37T3MNW532+b9m5z9jH6fb/ft/v1vt37/T7u29j72PfRp927Xbe5z1D3aWGB6tjVeqa9Ai05DIFIBOCpz8ELHjbZAihkAckaUwsmNDeSVpZzJkEjAtRVB7gjk3BlEalVw9y8lIWEMv0CiMgoTEw8+wik+3bbt1sttbVW2kJclvO6rKfeR/bhIJXz+Rzp3a8SGK2dAmHo7H1O9+V8aesZS/vV59/89f/z6y++enr3fH2+7SQ0hgIlzBTgUJMz9YmIwciEgseJLACRmBE4UTBJHcg4CiIlDR3xSHEAESHmlWJd12VZ3M2tgw3X4cTAjahiXnuA9IWgnIZsQmQuAQQAXBhpcR19++rx8jDncFdEYJbslwCgMTYhbnWRWr755ovL5TUg57aceVB3Ux1mnuDF7baNfdd9IMG6riIFiJlpjv78dLveN4US9Ry05AsBoANQhtlEi4BgL112GMGIBBGuHz3gDz/76HRec/Pe936/9T6mmwXgsrTLq8vD5eGjN2++9/vf/smPPvuTP/zeH/3g97/9yUePl8dlWUstYWCmKGjht+t9ePzH/8l/+vabd+ERCHaUxL8wbcwcSROambKn59JEOu30eGahvg0mQUoMMLwflEdmUREiwikeLq/2sWXle17hji44zxg4snBG0umovUMi0GngWITcNQ0kadKlpOYdOO1IuymL7H3f5pbXxCyUOB4weBmrEmCi+4m7jut2MxtgkMdqcEdhfE/vCai1IpEDEGHAkYMyVUZuS0NGs2CmDGfnJQEgucNHyUXkNcn9xfIEidFLHDjnPJ0O1PUx8i311YcfcCmjTyniDqVIrTW9r0AcCBGYCSsiLnVZ1ot71MKUXTTH5CSEpYhEIBGySCntfLkYUmmtLZeM48uyLOtyPq+AHOBSyuPjK5JyenjgLP7EGPe79itjFKRTWyjCRsZ7gJgsMTWAXBiyExkxIEqtOiehs0hrDYEsAGsjEZSCQixYa3NwoCh1OT++biIxt/35nc2xrCdkOV0uTnh9fkfMp3aqBEstiad4eDi56XJeSl11v86+M3E4Bhz43aW1rBIptSVn7KWZNAiRgFkYuSAzSmU+rv14YKeOsDe4Qyi4x3GDDIikLR6E8lD1sc3bc983bKfAuF6fte+3t9/c3j2dH89lOTsJ1zUMwu3p6br3MdXK+cx1NaRtu48+ChcACFeNOU2zFkwQrQ+dM5I56zFd3VSEAdGcGPlVa25WlrOh9P025yiyVG5lWdRU57g/Xxcp434zHT7n8/1qEcBorgHe5wgPBG51ue13QGSp5oYoRcq+b0hUWsvEvdp8TyNkrgC47+N+uy3rcjldXOftdk3DDEGkm2hODTdGDjBwC3dXizCHzO65h4TO/fZUpIWF2iy1uDpiSJGUnA+8iimYliJzdsSYc5r7ujYzIwgRyVbHiChFmEh1AgazuBsA+suFCondIs9RLJxpUkCYOinbuHI0gGCugVi5EKIDmOVFKU3RsG332+12uTxIkTE1jtMPlqUmklhKmTogvLaa5vqsFhbOOufDiZCOMn//BXBIHYcfBgkRt7GpzoT35HLMICshIByHxZSW84+Rp1Ry4GQgJV44rjk5u0oBPw2fIgIBiMFFAqBv+75tRFxr02lzTsBAQBFiPsRaPtRcAApCDo9CCIDqToeHnQpzAALBgfY7jiHHD8nEsggBhEZgBOXXcjrOwyLpmgBhGkTkYSScWWEWxoBaq3tAeBFBBgistQKCmQWElMLyIh1yQeKnd2/HvjHxGD1/jyTIhTCi3/ZMs1EgZbUMhJm5hZkzI4aHmfaOwCwlxwVcmAiZMZ2wboEsGEDAUqrOOcesIgwADjY1e5QPU/IBaz1iahGBlPUJBy4VAcI8y3Pd8ztEvst5zTrGUoR59Kf0BzuoWo7h8n5CGaqnrIMIN0DGI4SXdy4PD0/gtpTiZn3rae2FOEB7BECMjNhqy7GTh9NB8UMMT0BY0rozYZufN7WJRIKCmDJGsn1Kqw0jwpyISq1qWtuynE4iEq4Rvq6nWpuOCeGE1ta2tDXCwA3c0j3uaj4nAnIRZNI5coImzGDm7hkpBchq2XLECiNdzceN9BB6TCEssVvglsV7btN1+Bw+5+h7v93nGKqufd9v23bft/u+bfuctm3jdu33fWz73Hfd9rkNnQEGsU8d0yxcDaaFQSCiI+ZFGjlv0a7mx1gt0D2Jt2SJAwayaelMNHOWUsrCRUw1Z1ZhyUZIYTQ1/sEiRbhvXdVz9In5Vrl7EIts19ucvQi3trS2BMD54YKE6r4s1cwR6HS+FC4ALIKqzlyklNzuv3p7NeTzw2NbL7/67dd//Td/9/bdbetjz0lxpo/wGCrlKcxcPebxwJmrqoWGububTXB3cHA1tXBP0QuOZ/OwRUWOvZj4fbcdS2sLAbgOn1vo3bMnvi0oTCyYKVQkNWPmQHAPFjFPMwA6Vncf+7vzupgOhCillVIC0Ex19CK1ruvz9W2ri5RFbYJ5vp5ETHoEkegY2/U2esdAqUVaTYqxjv70dLvf+4QScglekQoSYtpRXpSNI+4G2fmSpv/kIHsl/e4nl2//3uvEmEbEvu33+w6IS62lLI+vHj75vQ+/9enHP/jsu3/2xz/4iz/5wz/6wR986/c+ffVwEWkpW+uwOWcgDNP77R7I/+0//5f/3X//P4H5GNPNEPz/l8oNCJxzZvTVzRJGkwIVEtVGETD3CUSJDc3hOEC4B6Z3FMPdT6fHTz/59Msvf0fEkAPLQzk6EmuMBID5a3z550BWMFGKHQcLCjzZO/klXDjhQpknR6RQFSlukWKKlINil04/YTouzQFMtN9vQiVbjTkRqJG0nyw551ILhOt0JqYIItYwAxNhIIKAOScR21Rp7fUHb/oYEE4sbsk74ohILEdmpcLj/V0UEdbTGpQNjCEiXAWRpJbW2uhj2/r58ijrYnNCEpdJAjCScBCxrifiyssqhG6DCWYfAOiAjMQiHkZEy/nh/PjKAGqpVKi29vD6IwC87/vD45t2uvR9Y+Ha1mQGEcvp1QevPngjzPu2u5lu1+h7Q5IInXf07jpGV4Cg9EkzebiFiVCprTCbaWm1MBSWQ+VkBuZSVxCJCAwvJWnv2FpZWguk7fa8v/t6f35bkGotEXB+fL2ez8j80ad/sJzO4/bWbCDz+bKcLo/ugwHMFHSGDoR4eQWcM+qsUCutUXL6EOEoboMAIBZiipdHGpHixSKRtjcEw7DwSAtQan5pACIACIOIOcb96av+/A2J8PrQ2tL7Nrbb299+0e83YMSygJSu9vXvfnt/fpoWSaUELkNjGISre5jODLwPncyLB8w5llJdQ3WkOupHho5UDbjUdnY1HZsTQTt5yMcffaLDmHA9t27uXJb15Oityux38jn2fR87Ilm49q5jEBAj6xyqXepSaxMqc46ukwJba0XWdX300DE7eXiAuiKhm2WGu66LId63HQnUJriO+z3ChbnvOzFczhcAuD59AxHE5BBxQOAgR9mmsZRmHqMPN9dhec1QHXPfEkxhZmYKEW4KiJ/96KdT++j73LubC7Oqca21lL4PZrH0CEXMMVNjA4jsb+DjCJqOfCICnVpqe7i80jntMPVBrsLoAYGn08ndi4iUksuaWxQ5QJX1OOiHML0/0NvUTM6amapxLQGUyUlIzTfTUamNEoZ5bmro78NNR/bELVg4PLH9R1iAZXnIuEJq7UQQbtnwmzoZIPiRvHjZW8zzRdERWMpnHceYfrg/w82FmIjT2mFJvzy2omNcS8yehW2ELBLHlJMcwh3Sq5Iflr7vZr60JRyOupzEAUcEeKa0w4GE33zy6b5vriqVAQ7DqaoTEQJKYRI280B8DxBEiDk0BaFER6dDL/l5+R0Dgrh43l/HLlXG1LSjh5q7zTnHNsMDKGvhc5OyyHSGByGaK0C4BkaM7WoBp8dX4aqqCanUaeYGTEyZ43QgyBebZWoeIUUSW4LHs5iZDHA3egHS0XEmcIdA4cMeACDMRAcvFjCLqXOnKPOhZgAAIABJREFUtMM/T5iTBHNHRuIsCyMWRoB0ueTDyiJyVG/iIY5ljC0pTI4pryJnAU3gSwyqtooOUwdz/sWS9t2jdCzH5y/X12ydy1S0qgY6AiUOKAAqF5G8TwoSCVMRCY8Ir4XWtdalERGCt6WWUufoNsaytmVdkz4aZkwsQojgOmMOYiEpEG46mJCZITz1S4Dc2xFJEACJ1Ga4Y4TbdJvpMDAdNqdrn2OM2W1q6Bjb1rdNx7CpanP2vu99v9/v27bvvQ8dQ+9bv173ber0GNOm+fRQIAXcpql5+hot3YWA5nE4fwDy6G/5HgB5RMoMJEm0REL2aQARBBHIzELkEVnbjETgEyGzzQ6IpRRVD4dWq6mpu9QmUiK8iDhgeBi4Tt2en90VmdfzWUpRj/N5AZSMEzCLlMKFa60B3GpJZ6QIOyJVud+HQzldzqWtv/r8q7//1e+er3dAVHXwVB8AAvN1uoeHWpi5hkX2SppNm9PUdJqbupqbqqZlz7KuUtUSUjFV55yqOcLWPqbNaTYzuVWWlvgFn3vMW8yhjsClrgtLyaZxYvbsG0Ewc2kFEdNLGljn2GPc1rZYGBJzqYSkNt3sdDpfr0/MtLTz6Hu8oOHMNIM3bt63+367WoSUWlpDIjO73bfbdb/vatGwnEIW5AKMjAyY520AhIwWBkRmT4kCKShN8aGvzvzZt19fLguKELFN2+67uQvLeloe3zz+3qcff/973/3JH37/Zz/5wU9//IMffPfbn3z4weV0LlLgpTLZ3adqgO+9P1+vX799/vvf/O4/+8//C1cd0wIAzAQRwuww1QCERWBdCovoVAwQllw33GK778wkRdTmIUkB6NTjg4YpNAWR9LF/9fXvJLHFmOXux/J+LCCE4XaQQfMkduhEIFUQ0c2CorS2LKepOyBnqSYiqeWE7FjMpAogqCkA1ioE9H7uL7k+RUgywSKkyBzKwjOSn8vEMnXAwao+eHzvww8AjgQ//fEffv323XbbCKkQQQQQcaG9b7PPTDvkS8uIQ5qOwL2U0urCXKgWywgdEwSMqaU0c2cRBEHA69MTAS3riery8Ob1UDO10po5uodIOZ3OUtv5ciGROcbo99RckIi55H3yZU/hdnnk0vLzPKYFEbcVuaja5fWb5XJBKa2dItDdLGy9PCznR6rlfDktpxUIYna9PqEqep/zpr3TcT0TJj6fT+bBIojcWk3/xlLq6fywMMdUO6blxkWIhYUxDnMzordSz6cLIZZS1rqgDd9vPrawaa5gVmst7bye34CQ6+ZjW5bVTc+v3hSp2vcwDVPCkFILFwAVygkhs2R8SRICljevDLtnnUi66lO7hZdZPIDnbC+STRmG4RGGL0PXHD6Buc/Z7/d+/WZut7o8PHz47bI+MvN+e7q9+wqS61ZPdV3n1q9P72z2bduRaY7p1AzIIkbfzKapAlGAaLg69rHr7O4TAKeGO1ApQMUB1vWi0998/DGy3K7Pc27Y1h343XU7nS8BuOvuyKcPPq3nD/rQrQ81FYR9v/V9ANCcahFgBgaIoHPX0Zk5As196swQcHYjTA1zzbMZAk4zEmZZSm2OsJwvKLL1vi6llrLd7mO75wEwN4s5p6n3vrlZWSoIWhhFgINrZjUP+NtBE0gpE8HD0SN79HIwmF/AhOr29O7r2/WJkPNkJVw8QofWWoEPLeIggB2mGsijEhGKsJnaEfw1cEthiaUkfIkk142DH8CIGdNjYVMNcykMCOYqxBG+77trTimP6NJ7tACCB+WElXTMw1UG79nEx3MIgEFAL2dyoPf4YHd3LsTZp+iemBAAYCprnrcyxZtjK+KcCgATgxkiSQ5VD0ftMVGAACDyLFLPMyuiMLkFM9OLLOEeBxj0MPyDhwPhw+MrFJlzIKFrJlPZX1LLZhaeJYyEiFyYReBIfHF6XPL1BwJlMW2omblaHumQySLAIwPEU2epZVnqHDMChAoGhh7CLmL2bgYkPL4gAYYFgqvZ6w8/fvX69fPzu8wPqGr6oJDIzH06slAgFwoMcw8kgDCbHiGI/iITHtaccGbxUDevdckOL5LkLgdn8iHcNHuaIotdiTnjsRFHZxEzpTECXuCquYOZOhFyKQee9ViPEgUIchjW03sFcCihR6guPWyIyMzgkHckU2NmRE6niR3FOSlgwRHsPt5cCnP3EEF3h/ePlTvlACwCiYQZCRyw1krIRy9XBksoX5DFMbjxgEhPanqr4ogRs7vlxQkIapFauRaptQGhTjMHFjmdTywcgMDlfDp5wBwDwNp6Ku0ESFmuUUolTpzROMIMzIg4VR1eLl2urmru9HLpPLwbrpSAJB1u7mHu5mbZ3mFTbQwzdZ06577tc++36+126/t93+777XZ/vt6fnrfn27hvo6ve97EP3Ydvw3a1MUw9zGJO2+ccZsPczM2OQEMEmGfqCD3AHcwDkXKgAYgIqNMgiShp2GNyD5s7hnmWBBvk5MgikAmJ1YKFhYumDskCEGba6kIkffYA6Pu+b1eRurTTerkwS6u1tgbMQ22qltZKO5GwI4xptRZiLkUCgEtDbgF032ddzudXr//257/6+199kRcbJIqAo8gMjl5sNZ1zmimoH3l7nS+usbwHgx8n64RWebh7mk/zRqCqajamHq5Y1akZ9oqwCAeCUqu7h3a2zfoNqBoQcC2l5AEFXpJ9aQsllLw4RQRx2W9PDE4sQFDbkiO3JNwKy7KcVKeFmRlEqBkCmNvY9+32rDZLrVKaI+x93G79fp9TMWgFOYO0IIkjTnq4QXKMlwWI+LK8AgLmrd6tSXz304ePPngUEUByj33b51QmXpblzZs33/nOp3/4w89+9ic/+rOf/vAnP/rss+9864M3r8/ni3BxP4xVhQUwxphdx/2+ffXV27//zW+R+P/413/9z/+H/xkQ930kFT3Hy6YOGQkMPzyLZjanEE81qnxU6zJHxOgzC51TYkLIImbGo30Pw6OIQDASRzi/jLkTBGwvW294YkYPu1i8FELn/peJ+MfLq+9/70df/O63cuCSIbUJEsoEbf5Oj5qaLBxwV8tmzSPInKKaOQBRmCGGm3370+/82U//9Oe//AW+dKpjuryTPZowWQIk8vAvvvwdRJzqqmZp9CFkALLphaXWwkI2FROhyhQemX9gRCSZZkA8pzKTiIQ5BHrEcnlgKXMMYa51UfO6LH3b+9jcoS2n9XwmZnfgyh+8ed373Ldu485EhFRL8QAiSZNcbQuxIBEEizRX44RXhJOUjNGJFJESBCKF05cVKsLLssjSpNTzeSUGHeqj23a17dl1Dx2cgWlERjAd4a7qTBRmBMAEFNEqOaFpn2MzcJFSSkVCLoSIgkeVEosQCjJNt+X8uKwXjB5jCx8BoGo2hhAgsbQG5NHvut8Zc2Cypm6KYYwESKVWKQVCA5wZWUSEqEjOmfJk9vLBj7Sc5TjmGHwdY/lIw4+bgmu4Bpj7eyQjIASGoXnY1DnG/Wr9Ou73bl7OpwDwOb7+h1++++rrqX677lhPxK3vwx2C6On5HkEWwO08AoCLJl6CKaDMMcOg71PHCDV0wAD3SD2bGQH84XRpp+XjTz/q92vftrXQMFeopdVtDHedahFUllfT6endOwwQxDnv1+szupmBTnUzsui9QxhS2iMBgSxPYpCBQAIED1C3UGMRKQIRHoYRw6ZjHVN9drAZpv12T1c9E7r7vN91qPaO4a2wiIwxQg0sI7zhZoQgJFnNaWamAwBEOPIZI0AmAqitIpLZFEI1Z8QwpfdxUsCx9yz/cjMR0jkPZwOE6VxPp8vlYY6J4Bho5ojAyJDjPgcWjvDZdzVjEmTEQBYCPzRTU82J8Riz1II5pWeyaYiAmLQuxAgSyUM1IkaEunpEoVJLifRHpA0xkIkYcx4CgJAwoqTrR6RmddCgc+qr0zORlVZx5nZGD2TJhxIIMxXrHojk5i8ac7wXI45vTtlCkszjICQiqrVFgGtmtNGzUpEQ/zEzjHC0pCTm3VOrjAhObBrCi401QaYEcLhEVD2LJI/sPCASIKIwmxtGMLNPI0BCtESgQRx2SQJEdo+pkwD54ExEDiVYWOcEg+wXS/doOASEFCGprbWnp7fhigj5WCMnTzrQswUQAw2PctWoh+ak4ZrKurszUyR5M8IjGHH0zdUeHj8YfXPTcAA7Dr2MFIREYOqR+xBGztXT/pQUVTU/0Mh81B1AQJhJ4cj9zB3CmYm5qKrZBDiE1cICgbVK773WCsFDR34cmAk8dCplFxwEi5RS5pzEGB6qdiBGIzw8HbFZvpqTIalFZ5i7VE5/NibnBMItShERSdmO8ehfjIgAQ0A5HvvDYxbmHoYAwoyAeY8/zAaMgDAtEIAgmKCISCu1tkDs+y5Iy1LXtQVxAKznpbaKAK6GhLXW5XQiSnhd5Voypad9C1diYaahU+coaX6KsDF1qk/VOX3OmGqzQxi6hWmuQOChY4CZq+pUHVPH0Dnn3secs+uYNqbpsG0b11u/3vq2z20f+9Btn9etX7d966oG02CYjaFz2jAziyM846GWg5Bk1RoQBoZbwmwofWvHcqYHeBAlB4MACG6aV8C+3RCRS41syoBgJkQGABYm5GmepQeY/4UEAM3dHObc972zCNe1tkVISq3ICFxnhmyYkHg9nXWamgkTsyzrCghcl30Yctl2e956W5fffP7257/8vIhMm1OVmMLShOUQQJABFY+cGzq4K0CgQ1pB4GU5SmuHmYdrOnDTlZ4BrrSGqOasIDMUrqpzjjm7zukRzFxqmTrIe8xnd3dpXBdmES5ErAndAHA1EiRiPQLlQIC6vSMmKVJEwny7X4VFyiKl2BymmqXxZuquc4ztfpt9Mgth6ea3bWx3VQWLGrwAn5yyLDbv2ckKzkc+V55DV8gUD4RRhIcLzY9ftW9/+mpZG5fCwgFh0yKgLu3Nmzff//5nf/azH//ln/7xz37yox9977vf+dbvffD4elnXInKImwAk6Yubz0+3p+frfd+//ubd3/7ilzb9L//8T//mb//ff/Wv/rfRJwAQeriGwz9K3uCpYQOEuZVauJRA+PTbH+mYfd9bK8nqYWJ3y6saHeLU8Ya9UL9IVc0sJagcIEQAE+S7npsIHetknvYDIJIY40cSl/rc/+HzX9XCjOlEwMQieUTi/IiZACwPMsSmLiJunkZSzEmso5nlqCH1IyLatvvv3n7lpvTSnOXhHlhqYaLjsQzwiMIcgUysaseQ/ljTgBiZUc0CopQCwRnnQKDAwyWbAGkiJCBEshnmSsQk8vDq1dQ59p2ZDYBYZnauRdTzq1JXPP70UTimAD/5i796+/VXTYhFwj1DNcTMwsLi4Cz1cnk8P75Sm2a91aU1qW1BwvBY15UZw90c6tLWpRGoq0V4WdZ2OrV1eXi46NTb8zvxEdsVfSYXHUwhfVmhalpaY0SbncCX1pZaEGM6hPYcSwpVllZb8TBCK0jMSAwsRUpRNwBYz2cWtH6LOZqwm+tUCCuM5ICC6+m8Liffr6Nf19MJWObol4dXCBi+mRoEcHY4EaU3ISljUioQR2RXxzEdebFSH/Qqyk9jmrHzVOgebgCGKUMfR38HMwxTG33fZt/v774e16sZtMuDAu636/XL333+81/sty2CHVBOF67Ltm+OrKr71oFZ2gp1vZtRbX3f++iBPE33vZtFOAwdRFS4bH1XN7UxRl9aKcy2d0K3uaPpKnX0/nTf2/n1cn7cbnd3VdOnp3eB5dUHHwiO7e039+e3TIGuOnq4mWoAzH3aHIa5sceYGnDccou0qQ6BpTVHxnQHpDAPiOFq0wI/+8lfXU7r17/5OUXMfdh0N1WdBJ5AnogwVUIPnYEwth5zpq5oNgmRCe7bM4S6wdTpoBFx4GoAzAERzR0h3DzhCDqVpZa2jD6O4Z5IBLTz6fWHb+63q+r0sAzZInB23Y4++n5jloMLfPT6BRVO8Tg8gCKd+hFgQ5k43MHD3ZjLYYlGVFMzzcNqkmAQkfJUyRwvOR9TTQs/ItZSIzxrTN2DECKMAHPM5BAehoB5BE2hGTMOiHkXeIEg0xFryrKcMxGXUl0N4X1oAA/x1uzx9WOtdd/vR6o9q3npcBbhEXlOy0fx8HQKHZZ0BEaUUsJDXdMGAvHiDR3D3bLVHNwzUJMn7zxQMvL77BXCCzIhpxvH9494QTvn7YdFAnHOYxYcAUIUHu20sLCZAiI4qBkyvmgWiAdVB+rSjj2ADuJQO5+I5Hp966oRmT/GAw6pKiyImOS4VH4BnIiLoM15kP6T9esGWcNjNt0QMAnAGNbHEKlEqKZ5W2UkKcVVgeAIlxxDQ8gTsIdjYGpr+OLBhwOFmIL7i+EKwjyIBCBXaUdEjKw+IEQYaH/wgx/ftmu4m1pEMJNbQGRnQEAEErs6RBSRpHzk/86DFgEicbZcm2dCG1VdKuffcHCII6gQEauFe7BQEREpORvBTDAChFtmZxLWd7w9gBYeR4UQJAA0IlIAFi4vOus0s0Q3tFqL0Nh774MgaluZIWKyNC6lLALhNgcQLW1BZksSMHFhRgL0sD5MZ47ebU6dCtnTdFjBpo6pvdsYs+8+p02bvY+9923XMefso/d973PO2XXf+9431THVRx/bNu737X7t29770Ps++tA+bZ+uHh5sAdN9H2MMmxYWCfJAAJhqaoCMwBiEmg8loCl4IJFgYSA2S+YjmGd9BwJgfijDIsCJxNXCFZGQxA4NO/c7CgokcotALKWaTaRcJWMfe7gD0Ohz9DsA1raU2sy9tiZFgGh0q0vRaeG4nlaGzCQYE7TWkFlqM0cPeL7PX3/x1jSmwi9++fmYI6PnCJjrWortafoOIiF5kSA4u2bhGDMdpkc6qkbwRQ/GAzD/wr/KfwGAeN/J7R4OYAYBYGbmCJGWp5h79CfQCbJgu9TWqKTnG92CkvPkQEhhIzeaiG7jLojEOOdE4HU9dx1zDh1z6gwPHWOOfWzb7CMMIrhr3CdMo8CGsgRXIAGSl6bCnFJGTn/TMpc5owgIN0QEt0PXAXt94W999PDq9UOSTwNwqqlFW0+ffvdbf/4XP/v3/p1/85/81Z//7I9/9Pvf+dZHb16/fnx8vDyUUuLAfx2LagD2bX/3dH379PzNu7e//vy3P//lP6jZj374vW99/OEvfvnrf/E//ksiKsJh2dyL7p5LQmbDPMfVAcTUaunbuF5vrhoGeQAHhKPQvrz0uycfMwIgcimOCIwsE/aDtXEMvQGRPFV8Yjzm1HSorAEsdFgzCMPy3MwArKbHPUMdGZk5RxZShIkzKocAxMQkiHQ+nz0SpiWmzizu4eHEBNm5hrjf90IFMdyNmHOzy/F1dg+lokVI5h6IEcCEiBz/SAXNN9MjsHCZqmbzfYdObt9AUGtTVXcrIkCMiLWKqc++AxCxqFsAgRRphUXK8vDZj3/69O7t9d03EY5YWBqAe8wPv/P703D261GKxEyHAQAQoS1LaSfL+iGwupykrMBlfXggKX3qnLMI6xwY3irbnH3fmbk2JkB1D2QkNlOfW+y32O/WO4ITRr5bBNiWpbR2OV9KqW7WWsnaWqn1/PpjNGMIIhGuEY7ojF4EhSnCWNKhxuu6MguEjdsz9F0AYZr2HSBIqNXGFGb9dL6sp9c27nO7Va7n1x/52JbTSWqZYwsbaTBzV0JmKoUln+QUmxgxIcNARMneQAc4Pi/HZzOvruAYAW7hkLm5DLVFqLuGmavut+e5X/vTU79fWYSW8wff+i6i3L76+ou/+/unb76abu746qOP6uNrM1Ube+9920RKPZ2AZUSU0xlJ+nZ39XAPyMGaDVcuEobMZdvv29whoBQkIDMHmwXj/vQ09v2+9zGmBu4Wy3oyBWJiKW09t+W0vfvq/vZ3fb8L4uzbnDPcuw6pFZnHmFJIZz8C/EgQoebE7BCEsqwnbE3OD7VWndNszq4RnuXkDnF99/btV/9Arr0PxDQrBGFusZ0Aw91shrmr+xwemoIOoAuzYKjpn/3lv3/fbmNsWYiJCOiYVX1H5QLmDcXzROTh54fHUuq+bcToAehAjB7R981VX86bx6EzzyHmivRimsU8YhExFZEUmhwc4WVryQY3PNz5hOhoeRgnFIDgtLubE3NbWkba+DBogL8c7jOBCgABoaY6FZEBjsP9UYacdiBAZsyIUGreqfa9zKlQVUWYRVI0QQKJl6mnqnHhOOYAgI4QAMx777nbpmkEKFcrBPRsT2DIRmZw1whLt+ixCkcAoao5WLzwYHMPDo90CFueSxECINkyqpq5ezfDg/2R/TF5ez6Spbl6E9PL+D/GsPStHGbLOKBIADD2MccMj1JLFtElezvcwfLILvVU7rfdAzjCzPJvGX2EWSEeZoBQi7jG2DoLA4TlFT+IhFM0CgfwMQlG3zFdWW6e95gstj1sgxQvPQhh+0Q7nx/dIzcem65qlN/iyJPnzQeT0SQoiXAgYQDM9gCREgFjdJFkK/uxSOUhIXdTJHBCIhaMvIdA/If/0T/9Z//sv/zdr3/NpcbLZdRMMYiYHTIMHuY2xyytuENi7zACgI++69AIOOJFUrbbLkXcLdyRUW0SM0wVBmZyiG3rQsKViTFvzeCHWOgRGISAAY4IJAwvk428WPauRagyIfBUV72ttYAKnxcOul+vNubldCkV2+kEHre7TrteVjq9OpEsbqpmS22C6B7b3utSSSoJIwLqIHAgIYA5DfQe6FUKE4+tl5Ll2wAAKXTl4UUJEMQB5z5mEgARLTxAQrvpnBZz6D5638btOq73PtXcQA1y2uqIBuhAFjHDh3q3aQHBQJSBMRzqqhCIJAKEno1UCBGQzR7MDEQGEaaEkuaHvOGaQ1hEQFrMsv/LIRAZdOr27JwQ7+Y2M20/dRLwUpewVBhwTE+UaOMKSMwYjlSEiM1DES1wGuxjd5syydQQ7b6rF0R3hzIUtq4cBUW48P3pvmvcuumXb4WLhfU+zIO5AB1afwAIMWKAJMg9Ei2ZSgMhGrinuJpDsvzgH0VRGR9GsAjEyLJARETP4QGY5W0DII39aG6hlupdq4WZtj7i/rlpNwf88DttWevKYwMCcBthRw0tIJsnx/Eh+m3bdy4iUjz+P6LerEe2a8vOm91ae0dE5ulI3rZcV1VlVUmwYQEG/GIbfvHPNfxmAQZsQAYMGVAJepVUkqq7t3gvycPTZUbE3mvNzg9zJ4tPhyQy80TkjtXMMcY36MvTs6eWSG1mh0EAIJMSJKEdUW7mnxbuLJYzMubR3Xe4fcryXyhgqixXAWDLQqMPC799tZ4vp2VdWYSJ1TQB3r1980e//vU//+d/9md/8sd/9KtvzstyPq9NOIFqjGI21TwDqKEZjjE93D23ff/06enHj5+/+/790PHLX/38z37zJz//5p3O+fb1q4rxWDggOhBBEh81jBBZLc5EnG7psN12JkpPbhLobi5diHjft9ZbkQ4gjjcHMomwsIbC0pqgH2ZwyCMyBIAWnlldWRmYVH8ogCRmepgFNaLSqbF2tgOdUcguiLQwBESEsY8mrbWuplJ9iGNPQM9OxHPsFETMkQGUdVD2SATHgCZSFNeEDPMyfLgaZrqlIANCQnqEtJ6RSREJjEDAQJhHzQ4RkzBZ5As2/jAU1Q0Qgfb9/uqb37z7+pd/91f/prVzJrnWcTMQoqBgmV7To7lNcPr7v/0v8/q5txYZSJkAhHLu8h/+3b/96pe/IelqWwK6BbJQdR0iochBmcAIz8ubn63r+fP7b69fvjThhihM4Dsl5oDt88f1cukoEaYja7eN/TquuF+/7J8++fXJ0RwNMwWJWqu5MZHIsgTkmHegQJKiHqka6V39DqFMjTjMDaxR62aemNI6AIk0Ik5P4SRVH+O+Xy/Lwq2vlxOYOQBgNiHdb7f334Xn/fbsc+7wvGz33humL5cHaT+bz5917oWszzzgbYDciWIaITmSBCNxQEnv5QYq53JFIEupq/lFgjkxpWVAUMmwAHAkl2xcn33cfd8EsZ0fHdv333/39OMP3//N399vd2SxBM9oU19xW/olg/f9rj6okaU44divhLTvvt82yNQIagjMIIiOkOTgY9sigYAKpBcBOuxx5S48J9z3cVcDbME9Ip++fLIahRAu62m/ffb9Nrf7dt+b9JKasWwhADoVMA6SUWSGEXNJXZGUQExgCcvpVb+8vj9/pmXVfSOCJhIeuisK+/2D23x4+6uv37z5/d/+B8pIIyurQuGTXEUIgFLNdUYYM0njOY+srbk+378kpKeXo7jwNJGpNrm1o3zDzVQvr95dHh6///a3T58+ImMXJiJ1BQwIRPD9vi9LT0KrCS8klJpnYemn9UKJ27jW0aqIBa6O5dOWw6OBiWbx8NUrn/P69IyEaZ6Uf/ybP/329791C0QujGFCVmrN1CCzL8uMiUR9XW/XOxMVlSUSql+VWYgxAmxqLa0RhkgMWFwSaRCOEQCHFb1OmXX7qQ3Zq6gxE5jauZ7J1ntNql8mS1DDYDNzDSni8mHPqcbCA6hRhgQRLm+JMOdL+jkTIyHBw73IvtX2GphERIWetPLHFgqNiEtUlWNsU3MefFnl8cBv5cvKWNHMzDpZuyxyUPHKmFcG9UQiiqprRYIMwAIeInqpxqi71Q9kwMRIYFmWvjbbR0R1xFQslsoiRgj9clkfH4825rrzuZe7naDcgYfqW+t4AkhrrTEGSGMiwKxdCTFzjhE/ja6QPQwAzLz8W0hAAGYOCQhoftSaEUtfWiXEl94zo6igx+gtk5DyUOeMieGwCxxW19Y7M/7lv/n/5nY990vp2uXjq1RT6WuReeQXAAGxfn1QtO+DJ5T1Dxzermy9s4jp3qVVMpybvExfiYUIjqRzb00aQfFFj8tbYgIdGatEBJby4BzPZElvEIiEvTMzEUZAugchtSbMjRjTDZCotaI/zTHCkLAzeYLb0ISU02/bAAAgAElEQVQsqyEgRICZAiELs4gHVtePp6eqzkl1L1YFtzF2V3NVm+qqOsfc7vt2t6k+p6vNOXRoqEOCj33f9u0+7tvY7+N+2/dtzpr3j3m/78Niau5Tt6G72q6xzRJj6up2sNu2aZ5YgcyaKR0On0z3yASShkKZUFVhUC4IqjBLzT2i6krqUJwAUdp0YPhMIO5d+lKcqLJOlwvIwyIdSZDA3AFApAOiqrrpsqzSOkqPRBZGomkurZlHGTArHm6W0jogOsB0aMtZ+vrlun3/4fn7H59+/PhZTb883fapHgBJkV64RkQ81CBAESYol2QBioiEe3UU9WXpy7Isy7q01ntfhFvvrTVp0tq6nE7Lup5P51MdOllaoeJFGh9ocyKiZVmW9Xxa174sTESA0gQAQvfYnhRayJmkc2/IVFpBRUEYwedInQiRNjiGB+1jjvt97NucNkZODXPSkIAW2J2XlBW4ATVEApKk4pYiExfe55BAj3PYT6PtI8+G4YTVfGAPS37zen3z6iRd6gkZc7oqMZ3O6+PDSYTM9Pn5er1ev3z5/PT8/PHjx6fnp/t+U9Pr7Xq736YN1Xm93Z+3+9P19uOHT3/zd7//q7/+7bffvb9t+8+/+frP//SP3719/erxoTe5z+1f/p//9xiqapjHJlmp/WNV9BSW2gOIONyJMLBUwWy9AaQw/DSmOxoq89hi6Oh1QRQgBCtLFwFWqx8LwiFmMmMei0cZO49sMBKFR832qv3B3ev6wExRRJFMLpomEQKwtGVp7sHEFSZgZrUZEQdfoSZiNZSLOAQlwvDMgANhWcipo/kkhKXOhQ+vzkRs6vVhBABGBgIzJ0LpDAjmgQkBgQwsDaEaZzlLByNkznZ5K23Znn8QWZAIKYmIe0eqqSeINACUZZWl9/WMKEJIIoD0+Pbd229+NvadC2+5iM2BmCKMhUOlUtSFpUGg+WhtXc6vIsLHl/StEdscRBgxAaARtcbVssLST5fTsnR343Tf777fSW++P/vYKALDEJMB175UnUpkMFVEkc6nRoiu5Z1IQMqjGoygEs/AXDRCqjt7ptvalyYMHkRBkJJOhCwNSCAMwkJ3IhJkikLA2XlZCAIJ0GJpnZdO3C+nByhMTigTRnoVUvS2ADALMyIAMkkCQYZDEFUIuJXdukKbxIcJrDohAKII6hDpNuZ+m7cv988fc99y311tmIP00+W8f/786ds/vP/+fRKdLo+Xt+/65TWtDyjLvo3b9fr8fPNIlz5A3CJU57TbbQNEau0+RiRGYJi7haqVldfdS2CPJIpM1XVlU6vuUF5O6/mNJc1war2fLp+engonZ/cvNu5u6mYiTAhjHzYVEKcqIQGm2Sx+bQKwtNIOdbeA7G2h0+Ov//y/e/j612O/p+7zfp9jryCqSKsUTdkELGHf9orKmBc4ON1mLRRpHm4R84WkBGFWKcgm8v13v7NxW/oJAJgYDsHFa8rCTdIci89FOOcI1eotAUJ3KxtClFmaEJkyYVmWjONoV+4DCHz79t26rvfblUWyGtwRwoz5xQRWtvOjlE3Hdju6jBiRcNvvVZDKLLUFI6B7NOZl6aZmZojQ1345Peg0z9q1sXJtxIiEOkfv66vXb/a5ISIkNuaEcAuq7TGSEoAPVkyVKhIBQskL1VWegCgHKaHGNQUdK8ctE1ZeJOrgj5EGUNCJLEG2VljCg56ZmcgQkBkRkIzHIglAIizISDh0lmUpGVQNEZe1g1rN8t0OBas1zsw5jUTMrYxNNfzGMnMyuycz1EyvrOpljDdTSKQs012WvIAJrUl64QCpLXJ0qCJWf1P5aZkpwJHELUGn8FKWNWRK9zp2v8xDct/3MRXjkPbKOJRhmRRmCMCNMg0AWQiJ5q5IKMwjVe97X5rbTPeid0eYxmh9DXdEzAAkYD6MbF4gzoKQEYFbVhBWXQEgQZoUtXrpzdwjg5mJOLPKYSvGuA5Td3s5HsIck0UkKROebzcmIOKjEbUy9TVacwdBIiRBkabTzKzwglgCu3keoz4CAPNYKbdxf3z97n77Iq0ncKkqEUEYSz+vrTPQNnYiRFxI5IXagVEeSkAEqC9J0MbCy1LOX2KoQNVL/ipRiJA8Y5uDKKd5QFxOXSMy7LKuS5P0qQpPz0/nNdZTX9qi5nMOBW+9LeeVhcY2Qqi3ztLdNNNFGrSWo2z4Zqr1SYlIwOyNSVpGuoZNC9/dw/NwQ7ilJwnAPucYrpkOqOqmZtPn0N3cPDVgqO3Tp4MZmB0OUyj8CJIFTo+sCTGmu2uEeRJiOGQAMUUdQSIjqwMKPRIYgMD1uJ0RHNNkpOoAcgtvTEnu4al3HLyezmUxROIq3rB0iCBk94CXa1qRht2jouGBgETuuQ0nbpBgnuoqIuQ+h05BBrxv+5zU+6JTb/f7GPN+0+t1PD3fP395Ns91XeDz50wEyjmGZ5TnnjiROAHMowlCkEcCRpVJQwKSlDrPTMRcKxxAUj2fCVggSGIiPDUWaRmVn0F6aUcqT1pdNwiJCc399vT06cvnj58+PT/f5nz2H/+9ZuBX/6SdTtLXTNQ76FTO+v5kYRBBsvq86TYyk5ABJakhMmBlSfklSoovpktIpMqfIvIx2DhOt3VrJiiTaUYl6atzPcIw/Lzwq8fTeZFEjoR0EARIaMQAmBbXp+f9fv/2D39ofWnEfe1L78R4Pp2W3pZ1Wde1NXn96vHhculNRFq/nMduHz58mXNOtfW8/Pmf/eaPf/WLh8vZ1G3aqfeHy7lJQ7iVyfNYP9Qga44SB1068+3bV4j85dMX7mK7ljOo2gbH9DpBe2TvLSJ8Rmk4+RIncLVCnr3QXCE85tTWZJE2TA/DG2DGIZdGpLu33k6nxdzLWBNhL0D96gJOdy+/obkRSSKbm24K1cxlVknlDAgMTCg3cKFeEI6+V1WvXjmdSoBq9pIQQA8vvH2Ypec+Rga8SJ3ISJ4RdiTzwh2p3NKY6YClAoFneBoABFBCdurPP/7D9f3fr6dLlRgkIgqbOwQQt752nWZuYrqeH4aG5ZCMBEeibWzAfUztjw/c2Gx6BPNCmZH39NAaWwHanK2v3Pr58oiZ4/7B3D2BT60xhe50evjVn/7310/fXp8/IGDvCyzL+urR3Roz9x5j2/bruginO4usl4f1HHPLOQhCoLO6qQGLyEI4EWZrAGv3Yve5n9oJwwAiCMITBQlxEbI0gMCkmAqhGRmGOvPchRDNRjudaF2jywPE/vSDTjWw+/PTK6DT+Ux9vVyWfb8/P39BUmDfPb9+/fbh1bsgHPfPaTtVVDTMdHCm7gFL9zDPlLYQoTSqoSgVAPRFlkyLsr4mpHuET0YAj6nDtuvt6SOEM9C4bZ/ff5L1LK8ec+6333388A/fj82krf3xfPnq683gdtdvvn7ctv3+5fO+3YYF9dP5/Eie4/kJIsIhGI4UfEBkMKdOjYCwmZkE2YjSc1d/eHhzIg9ORnoe23Sk04XaGtzHmPLwmpdTOz88BI9t2/f7/Xk/rUti9pUzYeqoWT8QwvpGdYDpcfHDSh7Zwe/AFCLp0tbl4fXbb37x6/e//ev9urmHCLuFLOLuY1M3RQyzp+35KRJAGABaE5vDVSHCIKqIN9wAqKbZKIBMNhUQCHmR7hFjzszs0ohozokYRBBBNkbxVJDIVU03AvKwBACv6P9hTVG1iGQ4Uh2lcohwZKYnEn/8+AHCS5lEPBwzCekQmMjABgDpKEjIczgCsTR3F8EM3m97a5IJc+6tdxEZ+/7i2y8qFiDg2MfTl2tf13fv3j4/Pak6EhUWjxCDGIgs/SgcRJTeYiZLAoB7uc3LhlMToyKYImIy03JazGLOgQhS5IzwuuIUNx4BkpmTjmJC88gCS9ZNCBgqEFw9gwQA6GaRFbCgY44eeYD/uXm4+qwZbuULI15W8ogytJb2AAgeOeZkBESMCBFxdxYuDw0CpYc0CizwCSCCtE6Ec8w5JjJRkrqxMAByk/q7hGtECgky6rQ8UmKACJ7OjTJC1QNAOhFgag7bE1KEXsptMg7UBjBxRdaAj8xxsa4zw6e2LoDg5sKHowsSpa+0PMyxMREKQxXmwcEOJQYIevfNH3Xmf/jtf1r6moQZGeYVqsPEJqKmkVY++6IEpnmxdlRnZebC4kiVVUN3AYMBza2CAFWEHpAkVDtxREpjjyBAqkFLpHkQEglhBDcZ9731VtSLn2LfFlFeBADPKNtjtlaQZvif/6f/5f/5V//XfrtfHi5JbbvuLAwRug+IOJ0u3PuuA3dYV0hEJiBmCgB3T2co4zpF5AztSV0aInJ9NtMRwswOsYdgaSytVbHN9Iz73oUX7+EwGl3WlQimDp263fW82royM1mE3m/72Jeli7Cm7yytiRAQQyDp9N5WRNZxV5thWht/ety3e0QgcKVOI4NYHNDV3cwsgNputg/XiOLbjKHTQtU9KuWOYVpFTHF8B2DACFD3aWAGngZwmPjNfGpaxE+x77Ivlx0IDldtVflkJrg6ZIJlJfCPkDZgumUmA2JG2LDyaqC4KRK31m1MooRkT8c8TldeJayMFpnpQJSI5rkAAdazRFMVAJAzg1xjTz2dc6gvIttwJD/PJOYvz7ep/v37+w8fbvuupvb+x89m80iWR7Z+iv123+6CyCLITYSZKKzOwxQJOpWrxdkNCJGlmImNGYmFGQiKOk8iHi7EQOWoYGlSIdGlLyLcej+vy7outQ2ISJgnopl9/vL03Xffvf/h/fsPP96fn+Pjf8zYt9e/aeu5MUvvYCPUMhwAgdh9B0D0SupKAtf2kplJmYX/rpW50qlUcPfSkys9ddg4KwAKmHUtPw6dABEKaZT+sNDlfFrXBRETj2pk+kcuOWVmhhNgZBAQqM+0fd8RycylsbtFwpwGgH3trbdF5Kuvv/7lr3/O1NyzCbS2/NHP/6t/9l//SW+C3Im4r614EW42hmaiIE/Xw7FKgMVwQyBGDzfX2/XZPWFGGSEQKMJLb4XAChQBk3Az2OuaU3yFyGitpXtN5Y+vzywGDhKhK1T1Zh3TsaJLWW7XMcfSGgCrGiEAHYDLBCw8nXm4OZEQUZqXdHaMcAGshnzHLwYYgRAL/1fxdAAAQGLuS4OXnPbLFglNBCBVRzgQ87xP6SJEaplwCCPSxVQjrEIHL9ZdgIQw98iX2qAoSwIAMgq3xazs5oAk6OHhrQkRMcn66rwPlda2+x1wWU4LJeybLZw553V8Fuw6TK/XTMuMV6++enx8eProFgqZRCStQUImNF7v92cKRbcAJGbXkYYiCO7n82V7oibI3BgzzeZM7itAWCRKiwS3XKhjg/C5LOIcw/f9fs9MEVlOS5Lofo85IezUpbeuOCJ0lRZDW+NwUHAWQZZGnLEtXURO6WHTU81SEXmhNVQRjAFtu8p6vrx6s3Dfx7UhdBGbLCA5B7Z+efiqra/ljadNm9YJ99uVez+9enN+/fUi5Gbj/oS6pU4PD0/PXuU80dbWGmZDkQq6FKubmYv9VI5Esxnh5Box9fb89OnTdr+Gx/nxQoK7xQTsvYXbp9/9qPfr549P9+EGfHl4A8tlzC1lGSO263a/3aS39fx4nzENfYz9Pgw9W2Ns2+3qYR5+Oq2IZEZj39K9gOehSsxNpBOST4wJefbkuztO7Ou6z0kPbx/e/nzfx/fvP7z96puEp21cT4+P2/WK3IXxy9NTtUTOMak9tNdv9eP3blru0CiAoXlAYmLvoh73232Vy+//5j9+97u/u77/g227jVEeVeIVPTGda1YF2ZvMYTq1NR5zZxJCSoyC09UhKtykSUyvEXAkLE3c/aV3IcJ9r45XAggUYhDqS59zV52u3oSrxv7Ft1kWmzySA5k1yje1uykhEEFr0tvKhHMflb05ZCsWZoIwQoQA9wBCIVL3zIzQOtN4uKoBEBy9BFa+BjfrrYtIay0i5pzMwMRqBgG9NYy4Pj/XoKiYxenpBEzipl/u1yaNhMxs7HtEMLHVO4GHT74ClBQQWYAPIsYDmoC1aLVLrVNlpncvHiMAIkTqUGntqOqCI+Ze0wug0mmPjCu8NPhmvasHPAaOZPwLoQORqsBM3SqRR0fPO5jZcV85Un/Ye/NKh2WW5aRqpLCidghw9BYVut6PzZQoPLlxW0TViCESwpOAytZwFCVVOTPXRaMirRCeJC/VVwSZwI29aCFQtWXVKQ8snB5ISFxJ5AOu4GpUnc7MGUftn06FJCP5F//j//qLX//m27//66XxoWykE1NNcAj5en++3z8RJiL7AaAKRqBW7ZiuOlCkHYp1AkLrUttwApRMXADaOmB4Opd7BsHd6iXX1iWtfjXQulCVpPqRZ6pOuwwHxrb01jsRpzshqDrCQXYikQSDqEqBg8GNAPUmMMtf/ad/Lwit9YpouxlyodQ4wt1VRNZlEaKMQPIKKjAR/dTfVsJqzU4RIbMGMOUg40atNyJmFhI6YvgAVdrEQsIEiWHmkARkoZk1RaDwmKZHiprQI1TVPTDS1NPMdJopJhHjvm8JydwTycLDfI5pYzdVHbpv+/163+/7HGPf97GNsY8xVC3HjDGmHR518PAATKQArDjYPvU+LQGQGYgA0RHMUzWHRrWcFnorEczCKiPMBJQenowIVFtsxW+OjxtCHlnww1KFiC9csANZnYdLvhCZDplctF/uzFL2s/pupW6WZ7B8DUjwAtw3EiZhgAIHSWTWcxiJgaKJ6+mcBz2YAWlZzkBy38bvf/z4X373/ffff9jHfr9vZu4eHh7h6/lCLK33Ll2EIdN8zjFsagFQj7WiIEiZZct293KbRPH1o3hntRzR0vu6Ll366XS+nM/relpOp/Pp0nvvrS3ruqydSfJY4xKp8IvITO3Ul9NJ+hqIpne//oBhwWetpg2CUA03BIe0dKXQtD0JSyutBzlLdq2oHP60/OGx4h2ulcPzBAfUt5KkQHhMq8AH5N7ZLyu9fjidz70wkUjY5EC5uoWpTp2jAFLuqrbtY4z9vt3vt+2+7dvtPsbc932MqVM9o37gsrTz+fz4cEbifQyAYOZ3b1//i//2n755fVF1Jnl8vJyXFQGeb/f/7X//P263LQEeHs7EGFHguHTzcimVbXjfp6C0JqqzvIVH1CHyEKoZhBkyxxgiIq15OCBg44rw1c7CwkjH/oaEkKk2K2GcABFOxROABATprarrUbh644pkD0iJR6c3wCG4lfEdCA6ZtRyHXl5DFJGfvK8/WUvTs1p3kAkAzcLcjkZEwohkpJIKiVrxr4kP1oZnIuJyXojJ1BCBCn92wC4CkZBfulJIilbISCKETIgFseB8sZsjIyA26RHQeg8gtYh0iCTmZVmEOd0RIdxPDw9B4KYk1Du38lNl+LyrWZPGIv20UEHwe/dxR4jeWlVrN5GXkd389OPvUrcuHUksnEjWdX319p0ToNDp8Xy6PK7ruq6LMLtt4JpzBzfAZAAKd9N16aFbJ1p7SzCS6tiVcA1TT2y9B6JlErEsbelCjCIMrkixLGfEen4Cw8Odic9LC9OEbOeH9dXb3hpDMOMYm4+b7s8A3hbWcZ/3fWFEKFy69HMneilG5M7LxSIiQ2QBCOFeH+C5bemBkD53n9N0QDhApqoQQsTct/H8eVw/gw0f28fv/3D99Hk5nZdXb8LnDB+GfWmnlZ8+ffzw++90jH0mr2cDSujbpsj0+OqBhbZtByY6PbbHd9TbnPPTDz+MOdp53d2mk6sDIDJyk4S83m6BlIi9L4i0j9Faf/NwWjEWTHd72vY9IOQ0klMWbD1kaeuDjmmmCfD5h+8p9u36ZdvuvS2X12806X6/m9eQK7bnT7ZdmcqUYlBhs7LfCwfJUEsAWdr29OX68X3Oe4B6TAIwdxvbvA/EJAZLw6OByhGDCFkIM6UzZPhUYTH3cKdCFAK4mamKUKZHRCnBJaRmBoCXDLj0Hp46Z7l8M5MOSlNUVPIn43FmQpYvvDwISGWcIITMMUykX29PUk3PxIUx9PDLwwMgqk9hASpXYJ1AGKDmCKX4QUYwF5IymZmJ1RzycE0TYh4WCUowqE8A8b5r1HE0oNwzlAXYxAx0t5dOFCIhKNkJyn2ZwhyRBJlx4Kkg0c11GAs3ZkGMWlnDIgvZ+VKBDkjVz+UWyOjuVChHJLcgAkw4RnFupU1Y1NwG4WA/gIfXClWjycgwN8T8aQgzpxKWsxlfHOSISK4+02rycdjpuGqKEjIhkRk9wbRiXFlg04R0KxaSI7W+NEAM1cNHzISVADuuR1D/7p5BBYtHFnLPyOMblu0djiw2JEBBhI4uP0AwAEzMSnFlzYbNvJ5nqMMYkQgBZWvyi1/+5t/+v3S73SBSGgNh0codQLihWzoIi2nN7ZGQPB08s1K2TYrTanqU16TXhA+QuXB2Xs8ygAiyZbi3pYVDYkIlFCirP17NCNAM3ZxYshT38LVfiLBydK46ttFaJ2SIQAAPb625uW07CbfO1T9n5mXKBMBIAI+OzR3cNTKYEYXyeC6BQEJt5hCSduqHH6A4SpDHmJ8oyhwYUEGROlkWGkw4pdEqjZu01hqCMDCi2dzHmDP70uh07msjyjBXnr0hJHq4m49Iytj7PDValkZS58xICAJwAiJgxIlPRMlCPgOiYMZ1loixjTAH4HBzD/P0aiiHo6CwGBAJbubTPROQWD2H2pipalPDMqCAxxrTc7qrxay+8yPpAu7gGVbhyABkhiJ+ImOi1X+s3pSK2r6AESEKNZxHJAShLtv5csmPrA69mn9QhO+3Z0nsy9fSFojwEr+QUNhV67ihpsktAagJefeIqU4dmCkJ68fMOVujCLTMfUwzyLUvK3vC59uNue37fP95/OH9p+12P4YOEGqmbsyMEaoTkaRJAl8u3cOmTRtT55z7gEEExNxImFlcvAnXwDs8y6erGZ7KRK1DQ3QnM2TiNAvETEciBwCiRDCz65O7+xjT3Usrc3c1q1Xgdt9C7c3jq0y4P30e17/VeYV3f6HrRYiodfDdNTOBSh7CBCyvMPx0MaPjxBnEAjUeKZm1OAf4AkkDKOY8HlEqKyWc2ZeFzqdTE65AQC1qBYlQtZoHQ9Z9IzPAI4v0gIy12SR4JU1ZCDISiUnWpZ9O6+Pj48PjpbXO0u73DZHPl/Prt6/+4s//yVdfv73dxn0bX7/rRGS1UhGXB6b6JnrvY4w5RokuJb0CBjAJsIUxMTeCWoPhheuDtZegZxxRj+I0Q0IiOBCQmQljYJp5UnKihzG1wkLEC+QgMRLJj/shzqlFDq4T9hGwRohMdysuEDOLYHhZV4OIoTigWRvc8dtgYiY0s2r1rKkTM8ORdkDmdNXwbK0FpAAnokUkZGMBAFNHyiqh7F0gsgrq6t7XmAPTy0QSgSWlB5oqd2lCphX+54hMj0wYu7E0IEwMAmQmSE9M4uYWAVqHEY8kDBs74E+xinSbROKUxATEEW5zzO3G6IJcBAafjtLMJhNABqN4OiQISTVUmkZbTks/Se+OJCytLf28JuaYO3GbOoKXV68fO4pt1zl+dCAK721hDBieCOCIIRmw9KUxhXs4ZwJzZ4FCGhZzt58WckBqVWdESOkuwiQLtSVdMV2EXR3R922XWKQL2R7703J5G9DMnBMYKTykLfvtKQlch15HxoUZGy9hYz31fl7C/cuX52VZiLssJ8D1fH5TXsuh+z4UwvuaxYYO3+YYEUbCQlT1O2NOKRsJ9bHpDJDL5eGrd89P985tvw3dLWP79MPty+fb0/N92t4vb5a1E8OmmmaL8P26mT5bxvntL2A5B6Lt13l/ijTpuI+xz2oQjXCVLnOqDneNIAFq+1TMeHh8+3Bavnro77/9Vj2CuqWacD+/thGZICzm9vzxh/2+res6nj4STkpoTfYt77fnoUMtWDpxoLuPO3tCYGCYWbEpzTwIuPO0AHRhSaTb0xefk6Wr2nIWIhz7YMB0R0rhjo3NHCLdlRIScm53wgqY8/W6J+blsccWu04g6qfVzcZ2r+pocCdCdQsNoGqOj8LpQOK+7XV2bdTqqp6ZmNab+AuENzGrFsAzucZkdborSyYieED6w8MFIabuql7XHgaaqq/f/IwIfvfb/0yNsobQjECkbodh8wUPRcy9NQCcqu5ehanpkUBhJtIAXVoDhwhDQFX1cG4YheQhYqEaRjcp0UAJk4nCMSBVZ1i2tUsT08ByZXudx2p+klBuwSYMSMRSB9mqiPL0fDHZZ2SgFetHFum97bctEpJg6T22IUJTHQLzOOIXhBSO43rFsBEzLTMrywwJDp5QYkRFcsFnRGa1JlQ4gQCZEEWOVRyPXFddYUqFRcxAIky3ZOKDhZSY6ITITBk5t90duHF4lCp9Wpb7basJcfFqAMChItHG3CowQT9Zp4hUDQGkcWQSpCdABARwLcQF509MSHOofFAClFhf6T1GLgtymv7lv/qXRI3dpIu7I2ZikhAEsTAB+kRAjMDWWD1MXQSFxSPdqyWu3mhufACUAhwRpZHH0RUfmYzEjdJDRDJApyIQJ4KDg4U6C2cEBSBjuEFCmjGRhwOijj2iItboCU24fgsODoS9d6hsjVRtAk6bTByRhQSKdESaOrlJWin2CAAUaenoSJDrKiAiLGa6bXlaG/eFgV09IosUTJBMhNSAq8dE06awNDk8j7pbkLcubulCSyNu/Xy6uBeEP6+3TcfswiIU6rlIX7gJVUwQAsbQMDSH1iBTuwiEYgTRUUshmJDamghTJfIBkoCBO7XwGKrloMOg9KOg+kiJRUQCTQ2NdMAEsBm72jA3Aw8KBI0YqtPcnIalWQZgGTtRsHqt1DJf0FfUqqYDI//xLktHFVQBLWvuigB+3MMz/ZDiABELrFMhoDxKlGoMmqoKGCzDbBI3EXZLokaQkQHFj6sJaEQZBZs09YmIUH4zy9a4RAdkJEKdvu+DmSOYxSDy05frbd/nxOt9zt2i/g5RNeEJkZj+B+0AACAASURBVNJbeNhUsym9k4iZMlOT1luHKL+T6VS3OcasGb9wExHiOpRy74uIUKQzB8A0hW3jI8h3zFUT610DdwPyrG00qoroQEoiwrIuRLx0RoxB8dW710vnjz+m376L99Pf/lme3zIjtx7bPT0QIFwDDiR4nTtryp/xYvuPrDarWicBX7TU449lK7UIw3RmOHVZFhFZS6yDLGlCatoSUKjk6ngs6bAugfQiAB2KIUsnQmlSSU9ClN7P5/V8OV/OpyaNWBJy2+6IcnlYzuvp8fLwzVfvzPLL021ZlsvlRJk6DZgezqev3r39/bffIdLYp7mmeZdmFefCxLKVFicVXy569aQeT129mMDAAz9K5O5zTAKqbp1joECECRGOgT/7+c8/fP6kOgOZu+RQPLgVkJju2lsLSKoHvTy2ebSqh0V1n2NZaQAsAjwJCADDj1lZmWKJGBLDITIy0kORGPJQuOtFhGcd1kUE63OJcRv72jojB3pY1owMjqwkhtewk7xwzADVdvFi58cifyEBBqQ7LSeo/mtwYsk4KuTgkCKgrEzr+StkLqbkCxwAW2un01mn6dyFKZMRWbeR4uF5Op+Xpc1NbY4IWE9rGRHTVIjX9aL3p7FvmS5IUXREBkGU1qrFua0nNVPdVsx1WcttAJngcT6dTufz45u3DKiLjNsNt5UJlk7jGjG2BDydViYe+31hYEFobcW+7WMMzfSOR4I2bayn5bK0SEjENBTIJo1QDNx0b9wb0bkvo9KDRNscPcYczzrvMVXMQsfS1/XxvN/C1d69+yapq47L4ysEB53PT8/m/vTly7rK2zdfNWGBhqA+JhCYNItwV2l4WnpY+hy2XcftOdXTfZ/39fGRH17dtg0ASeTxzc80aCZ02glj3m+fP3x4etr6Ij/++GVdT/v96f13H5blAaT38/n8+t3Hp0F9/eYXv/j05YtzDxZVMxI+Xab79nz79P0Pc79D5hyxjeB+2sfdzcvkGYk6d4RsTZDX/f4Zpp8I7Pb0xTIBZso+bAsI6QnkMTGbbXczI5bH0+K2g21fvX7U++39l50QzNy3O7XVdNhuEIZI4eBhh6NSwBOhSbgJMLgGTCaJMGIynVXoODfLCNsGdYFwRDDXUNP7lVrTOUU4ATCzlDoW6ac13FQ1My6ncyTs17sPRQaziYCVPQiveVdGOBIxtQKn6ByEnJBqGpmEFfkCNXNNafIyr4MAYKoe8yMle0x4M4hYmJ4+f0ogm1ZUHotsjL313/72PwtDb93VPQ8kQFhAQsXpzbV8RR4xph5iZgIIrb2Pfda0PTIywVQhUliKp1r9UQBJRB6ZAREOgFzfQIiIEdNTifiAUEUSkRDuNmzfF2kIFBmlqYZXyp8yXM1Y2kqIJdxXj1XtCvGy+b00SfEcTsyZaabhfjqdGdnMiDiKpobw0jFQ6SjGQt3kARfKQyylmp3gC5gbKvwEKIIv73vZ3sPdjzZjOEZYWe4jAAw4oMpS1S0BVQsPVNCeI69LWAk6BCCkOu0Ik0dpLpkRWKe9yOPmE4HlhHrhWsKxZCdkmRzqmIcizaIkl2OHAsCAbK0xk0dUAIBY5hw+vWOizzBDDJ0TIQ++G8DR4o41kjsqIQ5vUSZgCUOlTpXGDeEOCMIcNbgOSEgGLD70ZvrVL34158CfanIAIrJ1wQPHBEhU21xAuMfSVjpYRweKpBo0a/Qla3v95vX9vhGCmUHiw6sLEsZP5isRD2MhQgkIwHx5D+uY5QBV9YCYUN3q67K2ssRW+xTTQfuBKMNEhkd6JpZzrFiw4QaATEjykvEECo8xzdwzNCN7k7UtjRkOfBYRwH7f9m3qUFeb+x4JCDjG2Pe5z+nmkUddgxVZyeYcMzxsTh1z3sece6pb/c+wBEqiiDB3B0RpRC2RPFM91GOoVz5RPXbzYTEs1XOGTY9dfVpY0vDYzaeGB5i7oSdCJKi6agIg1NBLEJE88rAR4nEOROHD/ZQH5KceWDhOW3Dgq7AwcIcd5eWMWGFFRqIIrxKjLLixtASQJtwkPIC4zIXMDHlgSSKyrCzEUpV4vXVi8gj3oCYF9XOP2306wD7s0/Pt2x9+/PHLl+2272NG5gFUTcgwQF7WNcLNtaKIAOimrlGdTTWP79JOp9P5/LCeziRCxOZqqnOqzmFTxzbm3HedY45937WcMKbbNjx8znm73vbtbqrb/Xa7X8c+xhzbfcOg1lsAtXYCZpEFjio7JkTX1DETkhsDk94+2+1zJCUIuLntmIY+SJ/SZ+YBjclj8/lHh2SZ1F/yv3Vqd/CJMVJ39F1grGyXhR4vy/nU17Uxc5le4KDcgblX15ybW7hbhIdbmJeZr/LDRK31ZVnWdT0trXXpraICrbfL5fLq1avH168u57NIm1O3fZtzRuLl8vD1V+9ev768efP461/+kqVD5ldvX71+86Aa6rYsy7qe//Vf/ru//uu/bV0QQfdZ1xxzh0h8AcpXBdvhKIukKLQC5GESJazazJcRHWQyl7U63QIoRZj5kJwT83a/mZv0phYeDgGttfKgVtEPFuKZAKDoqBCVqs66exweJBJurbl7QS+JONLhxRBwgIFIytVTX8rEfCS5kblS5xhhJf+WogxEf/FP/5uPn94jIRwHlJDW2mGQq+21PKVci5oHRMTBkEEmkojDVAnlGw6oj1lB/Lwwt4iAKMxdeN/1T//Z/+ABz88fCNDChaWYZk1aZmYkUGkQRNylSXWYISQgNW7ExdKNjGidkejh9btwaITr0tS0wm/EyHX4Xxqz1MxL5+iti3QWqbz++nBZz+dMkN4zDSDTQxgxnQBba5gphI1wWZbOL3Gm2i+b9NbWJo2IkiB8qbtVamacz5fL6byPGzJWOQ+LIFDalmnEvC5nSg8b5/Ui0indVef1ed+f23Jqy8rkZrqul6Wfu8iynF31vPR1Wd306fmJM/bn5/uXZ9v3cX8a9+v96dP1w/vrpx91v3G67vf7p4/789On7/9ANscYy/lC6/n86m0mY2unhzd9Oc+5j5Tl8SKYer9++O47Dzq9e7PPwUt7ePP2y4+fP3z8+O7rX7z++mdyvmB/vLz9+vL27fr4JoLu9+Gu25ib6ti3508fvrz/fm736/U25gxAWVYHVEBLEOaEmKbuFh5mSURgypih6vfnTPdgBbwnbM4hDxpx26/L6SLtnG5uU8c+tvt2/zzG/f78POcccwLkcloSct82L0Y+wFRNACCqHXOaIgFzG7cNE6pvODIYgQ6dMsPVdsNqYI3IiGl+evU20tMUAKtGqIYVY5/7mCWDjn23OTEz3Lb7jTjLqFJmnQP1XASWSCIiFCAkzARkoiwbTAJVn3cCVPM3QbhzrcyRL9bPwxBekxgmBEjTmPtg4grm1ISXAN2diYRbBTCqsQkOhCFIOwBoNdkBPDpSEmr45kwSHgHh7q1LXWAAsfeC7BlCtZdwlQkCgAhV/PanYQrASy0xc0FQVQcmmM1f//Gf7mN3tZfmviofwbCow71UEDXcXL1eXenK9Z7V0uAW27YRIhOpGiFi4n27QwAjuXtrUhFZPLwElceKCAgIyKPjBCAASxoms4AMCgKkdGfmjHypO8LCZv7jAIuQQNzq8k/piZgvK3vaUKRqOqCo089hLc2oGScc7zchCUvUId/DKsoJUBeS8/nt8/UjAdchvq40rTVi0FlotSAW6S3TIgsSl5T1AhGrWaGcF+pE4GosnJnhk4pdibNJhxrKaZnmSs/NyGCkTDA3SjQ9NB+W/5+od9uxLdvSs9qp9zHGnDEjYh0yc+/cp6piu6pkSiAsc5AFlxYSEg/GE4AlrsBPAEJISCC4QBYYU+DauOzSdpVqn3KtlWvFac45Dr23AxdtxHY8wFJmxBh9tP63//9+dtes1gH3JJWsS0suIhNGoLnSDjEHoBDkcBtk+If/6X/+5//sn/zin/3TYZjS/gEEuOO5nYhAMcEyboGIBibMYT1sXxchEeQuA7A3PV9n7w6c5Zp2Pc/pnq+lYOC8tdPdiRGXy1JF1HF3lhd0CwJGxt66EJtHW5vXgHAudZSplAoYapbmaMAsX4F9X4Tu7iKcJDIEsggNYAtClCKVxVTDo21dm7HQdcVBeJQiFAiwLYsg1loIUXuX3VK3FBEiCPVALwK10HEchzoNtQR0YozoTTuBMxEh2dJX6Gnr08DYv8KMhcNBDd2jNVd3NVN1pAJBS+tbUwfaVLtq11AzjVCHbBPe1NVcM+0nSIEaoR3NEAFIyDDAyYFM3dQ9MDMP+bL63paLkDpwuJmFvzrQkF/3aLCrwrFz0CEA+Pc7gPzH0HqD7SrjYYsWBAQFEVGGcEcIDM6Xm0tNSZu5uEM3qEwOuJlOpQBQ114DI6J372qqoC9z79001lm7tWwpgOz6hTCz3rZSSkrh27qu2zoMI4GyiBSynt8cICZNi7QQEQ5jZZrATxag2rS3MNPeWuvQlpxYlCUI0ri5MtVSEImZ1awMZRxGKeXu/m4oo0i9Od4cb8ZpHOowQERvzVQRkZmb2vP5PM/L0/Pzw/Pzb3/1q4fP38PTL8F+EtNbZPEWqBuBAaG5EiZ0ntAMgAgZIPdbuNNgCDAAwoWxCDFhoYJChDmkkgOoO/0+9JDied6uX12Kr7P03nnAUrPQChG5SNparGeJjEiVUuswDsfjOE2HWksA9tbW5WqqRDhN083p5ubmeDiMzPL8dPny5ekH3wzTNBHj5WWet+04HRC5FP6TP/n5f/ff/08RPfHLnky9V0tfAIYjIztYlhekjYSBDV9V+L07DNwhF6jpaspntFSOJHgGaVuZmbC4KyK6xp7w4F34MU1vG1i+ORl8cWciYgkAZgz7vbcOtWtSEEopANh7w+wiwjzaI0AZBPNLFCG84+mOd7dIcL1cEY0J9wVLloAaKNiXp0cNrUARIEXyE4lE4OholJoTUPfm5pWriHQLEo7IvvQgomTBZUopv/fEgoxbb0QFaW/BJMIAPh4Of/WX/4QJjoeTWeShQMymdm4vzAVT1tm/0ViKjKX2tm4thBBcw2DTLYPRvVkR+PK7vxWph7GYqquyVGIB8KxBQg/tiuIBUKSCo1u3tnER7y36tl4dmWybLtcrEQ1Dneo9HAquK/QNGdgU++reIQQt1IPKUISZIjx0mc39cDjEOBDqfL6aB6DMLw/Hw00hAsRhPAW6ATBAtKLWx+EgiAqtCE3TfYS19uLaSxEp09ZmCxsFRIbL9Xqdz6ebYb6qtrUtcTzcVJFJKqputjnA1hYmvz3dEsI6n1Vtmg7c5u6xXefD/VvksQPSUEgGEm7NulopyFLWdfvy+ePNu69hjv745ePf/ub8/PzDP3jTjZs6EX/58vzwcFlbdESu47Zs29pvb+6oyofvPvZ58/BtW6fjcXt+vJyftt6t26pdDYDZepuGyQ2ZhuN00G0x7+6ByGYNSXV5gT5jeN8ayTBOt5d5fbpctjJ5PQIIhKblLjkB5LAtc2ubed+Wra0NPcOf2FV33kaRANxa2y+35moW6BHRejCm91vDsXdPghZGRFekCDXQjoxulsWv0PvhOIG255cnriMyu6nvJhF0dRC21ikxI9pkqP/Of/Cf/OLP/3dwxXyOc0OYqzDMaj0OCDfVMAEO8z01mitHcyAaSm3YbFOA3T6YS+ToRkhSRdXMOhN7AEaIUBkPABjNUodFwsCgNP1DlvCkzB+IwZxOQUhfSo7ZaUT3PX+LzKLaze2nP/7ZPC+fHr5jqgGOEKaqZuCInEzSPOqzLws5sTS5pIxEo6WjHcIi+ykQU1zmWqY2L+kKN+0ItAPnwomZqRwRCBKIuRtfsk5uJ9QQE0lOvQYBgEEp6aYuK7tqmMi2PEzTapDBw8jpn5CZpYjnXJI+/oTmZs5V0D2AItvc8wxkIshKOLOcCilbWvc9OYaDcCpGmTENSkKNe0BYxO392/FwnOczkRCSm7uDudOOnqZUnRGiDNPpdD/Pl9dpCHOaN3NmdtPUgopI7+pm+6DvDrkoRuQiYY5MGGDduKRch+CB4IxkXSFCe++tBXgplZh5n3QR9hDgvtKFwLwU9b65xXQY00ym5qVIZt32QAwCs7g5MkFAbqvHYQzwv/rlXz49fKq5i3BPD4i2xlL+5I//9OOnD0T70JBcbrVu0HMDTsIOWQAX4VCZ8mIrVYjIzQOzco/SrFpF5nX5D/+jf4CIHz78tpRqrnu8EYGZVCOFZvDgBGikgxlQ3RxQKlPOLzmYBgA5ZkFYpsjNzDTcMkDDzMQCiGYaDsIshXd4V5ZdBKVJipCYS0SsrZlb6613FWJwd9fM/6VRQHvT1tu2bW12NXcXSsmP3MMsTH1rvautm6p5N+/qXXHr0TU0wBw10Dw0QgMtaOumZoHUHZp2DfQgA1jVWte1azO0QAMEAmYy9U1jzyczSWGDSJSUGbhBIGZwPOWSVDdzyxIBgR7uZraDeimfQ4jIXRzkE77nGAkwN8dpI/d8703qxPWgPb1AjCSIFECBICyM4kDDcEDk2APZYubDUFOBPYyjhbfexjq4AyJfrnP3uM7LdVt6121r6bbJkyB72s29tWWoBxZp29a3Vmo9HI8i3FVb7x4QRBGo5mrm7q4W2RyvGuGMMI11GKbD6XS8vR+PN+PhwMK5J4UAs66q3lvb8qe3ddOmGbnQrta1lDJN4/v3b6Y6/Ojbb969vX9zf/f27f3XX73/+uv3P/z2mz/8g598/dVX796/v3/z5vb2DXK5vHyx+UmdsB6grbh+X7CLiDAxBSMwOqEhGmEXMGYr7MI2DTgNNFaepjKNZRrLULLpOLvJCSDLwZMwmMVonuM/QgQhUa5IqRQhFhGWUogFgLJbO5IV5VBqnQ7T3f3d7en2dH+6vTuN0xjuy7JeXi7zvORZN03T7e3p7v7u9nQMxHVeP39+uF7ncSwIsLX2/ZenbWt3p8Pp9giBH788/A//4//MjOFpjd27OxH2hbtbIAQCuHnr/Zv375v1brYH2z0CnLJLODndRBaeEYjcW3mEawciIR6Ham4AICwBEXvxYwRY75ZLbCTabfqJFfCkMlDWhOeJkUbVTLe7WpjFbt7jsPy654IYAEGYpEhrVsdBiAGh1mrWVbsgp+MUMFw9MAi5ipxfnoYyZI2DNuNCpu5me14vmdFgxPx3/vDfenk5Z5Fqlm/k0ZgtF/mC5BJY1V9b4YCyVwzp9TdMgEKAUkZL0RFfEVPCiCilIkvSFdQ9gmodtm1T5B/+/O/fvXt/efxtYaJcEoYh4lAHqaWWIQBEGAMBWfakDTCB9U7IwzCAx2Ech8rmFtZzjBinaZxGJi5MtdQ6TUAkUx3qaMAyjiSVS+VaiUj7FvnHDLPe6lCmKhWjCtfKhjGdbh0sVCEMQ4ULAYDjUAuCBcHN4fZ0euOmJJJtxkhBiL1tiDCMh1Gqu5ehDGMVJOFhnA69t3A4HKcyTsQideBSh+GmDLW7A7F7w4jT7bs6HkFEpsPN3Vc4HoPr6f7tYj6e3pzevGOpl6entrbe283dKXskCg9VgAtfHx8ef/fbeW7A9PTl8ePvvl8u123pjw/PXZXLWI+3z9ft6bwEF5pOi4ODXJ6vFp4MYN2WZbkCggE2BQ0GqkEUMmzaVRsRXC8XbY2JEYs7CJO3DXoLa2AqXJdNF1eTCW7ejLf3pQ7LutYyEcB6fdS+am/rejZdAaiUAcFrHVwV0l2tDsxdu3nurMy9R1KveydigKAdyxzWDdCJYNsaMqqqm2OmdWmf0HI0f378Yqq1DtmE7W6mXRCZQLUX5giggszsoVtr5tC2JUXvCM8sVETUWvNbRkRA2SoLiGiud++/SiwEZQooqV8AYDt7bXenYArrkX1K+YnEyKZEKIP01iBA8nB+9bsws0eYGgamCcU08ZRhap4Ihz0FBuBpLs1ycydEDze3rS/hXqRCUj8QiRgwiLN5GjggAv7+v/cPTqc3nz79TkoF3AvIPQtQAgHRzWUoKZ2WKo+Pn6yt4zSBh4YTIBLs3WIQESCRiTRMyT72EQEBAsOj1EpCHmFuJGKqzCXc3Xo9jOlzkiIQoarDWHvv+V8S5vi64M74W+/GlrwCT6BQ0sQZgRiJqEzs4duiSLvDW0g8fBf1AZHBTDkdk5krTh3FkQXLIOotAgEcmTKGoK7hDdNgAti3ViozYbduDoQU7hiAzG1bP378FQASEDC+BssAw8HM1PaAGDFFWM80N2SMA9HNgAlQOOmnSEiEUqblevXwWsTMgQmZ29aJOYIcA9S5cBBA4HQ4tK0FdLVeuOQlKRO7zAyAAF7Hqt3M3D2YQrsNw5CWTbfMHyeNi+Z5LqUuz5f9i4iRpCAEKEPtqv/yl/9qKHUHSSIwS1gHCHP3CKEiItY3f70RymEIs3VrSbUDBAwgIRLq3VxNoN9MN//b//q/SMFxGNu6kRAxqXqubty8lDocpm1ZMQAMuiqXQhGVSHvrG2BhEUakCITQiCBAZo4AD/dQ3G1wSeBiFi4sHtTMQjt2YKYqnCUGboqMEZGBakoeEfhQhnBbtz5WIYB1aUxRSqmVmEcID9feiKGGR28bZ3SQAiOYCwa6GzBoZJOsCpcIULcsMQikYCEgBO/qBhAI6tbV1NHMN7XWejdv+XDz7o0mYDNTA3PMSjKP2CyfMVQN373U++ADHsBJxMfYP+yaYcY0KSMKIjiAY4CnWSsPujSMATG5pwuOIfub3JJU4x6uaq6dinavw8AkEZRNwojSHV3DHM1aOBDS/oaw5K1FxNTgfFkB43q5NvVSi4dv2+bpWktH0o7jpciOdsTeeteOgKUOROLoKFaoRASADeMYDtqbmQGlkyYQyYmU2FRLkW3djGEYx+l4ePP2jUhJv1NrTa2Dq6m6u5kRgmrvfTPVdb4+R1yeHz/89je//c29SPn2R99+881X79+/AYT12rZtS/Tsui7zsgL4zWH4t//sz8Zh/Bf/75/D+sFFIpywpyGQiNgZ0+0Cv6cw5Q9jppV27A8FoiW1KNzMCXdbIyBCpJgQmCwsIsgrDWKWG6Y8FADE7ABEWEstRViIpZZSWSgL0XIsco/r5bJtzXsEghRhlnGop5vTOJbpcPCIeV7UUvTBz4+P//c////e3p3ubm8B+c/+7s+F2VSd8O72JsLbpsJCwmH62hAIEXnmpUgXIuSx15v0rplHNwtyAIIdZ7/rL3u4KJsQAoClmCoGNexmlkW8jExcu6qHozmCBBKip9EqIogJHIIBIBIlrmqIIEUCUK0zCkFgRG5wM5mXGTGP1N2yEtso11+IyAAK8+WMgoUlEwy7dMbMhcHcIoilm1OqXEMBRJLQ1nNTHRHZ2Ehc/vWv/zZci1QIYC7dDN0C9tL4/T5DEE5VqBQOJDQQEdcIZDMlABT2CIUwbUBZM0mp1KAAMWpXGYRLCQ0GH8cKACICUon85ctHN3NBZGG3fbgRQICmq1uwHOo4NLM6jYRkffNQJra+hfVxqODNlAAlOCLUrVlb2ypch3VZhsMNhLFwGQbiViCOh7F4LC+Pbb4UfC+Hm35+sW3u17O2Bt0ty8+Ft3nhoU5378rx/vL4uJ0fBVHNwTYNa9ucGJarNysHABIeubAHg8ZlvR6nm+lw060Bxv3tN/V4PNwc+/m8rUtHOL17CxFvvvpBGY+l0PPTF4Rw7Yxw+Or94XijpkRRp1sPOrCISPRlvVyHAW+Og8+LDEOZboCuVEkQz+fLfLlynbjSUA7L9fnycnl+fF6WeZpu2rYty3VeOgDdvvvaqdapFKqbQutwePPVePv25qtvV3c0PT9fGc17e3h4bOtsThrQw0gmcDCWOo4Orq1b39bLCzh6OJZahtNAm9uytF6RzOXmeCpleHp5uahO795aOVznVVjGw+1UD9t6ebg8ZepJtYMaMRJLLQMi9QB1KEIaXkiQWLuGOYRzkdYa7LV+zlyZpONmagBhGhl6UvVt60RcCnlEs26adaUAyEyGEMBMAa7uDh47bqMOFZm9KxhaKAWPtXz81V9PY729uz1flwi31tzDzVkEAd00gdbZScQAgHy5PGvvqfUTYRCZKhIn/wc8hz2z/DgiuGexDZsZMSHhtrWYs5MgUASymcuCAK2bh2cHXPa0EJJppyIJj9nn10APnw6Tm/dVza2WwoAo5XI553r5VRSLLNeB3QcfAEGlEPRf/Mv/hwhSSWciz3AvJsAjQi0zigBgEdFdUAKxt5bmxwQz7PXsQEAg7nvp4K57p0s+ALOLFVGbmrlbEAMXVjVG9MD7+zePD4/bvCaUcqgpW4G7k2RVyh6USmcOUiQ7GYMyx4C0f82q0LKsVIiRgSHHFUroNWZ53V5Pu0eZgQA9XZ6q6c4EdixMag6A1o2LQMR8eUbESqLdiJGFA0KbAUIttCNSCHYPEghgmDsGIQF6EOUvxKRwCt7J46BKyJzaGsLO4UFhU429uIfXdcNYIUCIkPAwHNq29aalCCAQYG8diaZxwt61ad/WsKBaf/D1D16envrWOFc/QUTUWl/mrVQbaoUIpFi1nY43W1tLGZLq8UpawohgofBgZm0NCYuIekgqLOntUgckSwe9GyNTYKnjHlNEWJYZAaUWYuzgXdUdGNkzfBp7IRskcj5AzcD89nByc/UOjMJs7uBAQmBBiKqGazc1IpJCBNh7c3NiGocpAsxMAYoIQSAVCKYACHewQCeEUPRIalZob4BBwgOXWoUQs9y2qZNF5goc8w8Vhl5KKSLhbqBFKgu7GwISlzytrmrCJBQEVpDbqu7d3QDdwhGxMBMjZOUFcjo7wN10cweLbIWIAIxAN9/Sn+ygYVvrTaM7mLl2d88qszQfWgBiCtsaDsiCANRNLQCJTKM3D3ASBgp3cHNM8kjuLhHDPK+pEIZIAdlvBbmgcw9zyxcbCFwBMMcjhFw00Otq8tWC5ZbFBtDbFmBuIVygkJRBVdvWfG6qWmsFV00SM/M4ZnF7WgAAIABJREFUHkoRM1Rz4nKet+8fviRLIPz3TS6QteGapYSAWTYNEYgSgY7QW1vW69aW4+mOpQ6litTrfA2Ctq65IJJElb+66N0cIdq6uSkSu8bS1bcGYx2GcTxMwzi8ub8lIREhkmwPBIww62oI0bae3e+WlT3aH788lEK395OrffzwRVW5DsRYC7998+Z0utnMfvvdxzrW0+3p+vzSzh8YyyAlEywUtEPZKEkqGQV2NyB0YFZzQiAmDyNmAM/WsHFIkMDuLgyIZH/tMhUQAALF7nhHZCJBYmFillKFpdaCiOqOkIIS9tZ7a9ot02YAiMzDUIdxQCAWmQ7TMA4R/nK+5B/D1Wutw1ha69fr/Ph4ef9+/dm3P7g5HodxNHfvG6UkRmhdMbFRGhnl6b13V0RgRA9wCJHy6fMnACw0RIC5MVGpxbr11giQXrHOv6+Zf10kEwubmureF+MOxGC9pzr07v6rl8vFzPYrk0UCQ/dupMDcM0R4eAzDEQC09zAzyL0DMNHt7ek8X7ynAxVy5cxF2pb1nLJeZilEQBoBhoaGgDtRIICYCWjrLTecaXb1yKU35eICMY9/sH0sCN96lQqaUhcQoTsAQjdl3AnOREzkTbuQMLOp66bEKFx3WzIiBDCJued7YWrugcwA4YbMFGZYUh3E1joLnu5Oy7L87i//T0EY6hhuiHA43ra+ta2FQVBYNxa2VDcsVA0BusY4HZm5cmzz2XuVImUYUpyohYep9HYN0Ap3QWy9AXitB0SbjlO5O4H5epn59u3d229sXb2W09uvYz4v3//OLy8Err1TQG4YzPT58++4jsRFxhvfFvMOpqY2FNJlBuFCsK0Pd7dv5utTF2Aow3AziJg1FuFxHNDNXN0TwQeljuM4VATwa1v75Wkow7Is7h1sHetwe/Pj6fS1RweI6+Vlvr7cTqdr2+aHj73rOB2XZ6qnd6XeXOfZ1vX54WmdV3cqN3cHhlj7w3e/fvj8eb62tes41nld+rYu8+X9j769f/vV5bpF33qYmbbWXYab+7dwuFeQcF0uV+sNsIX7Ms+tNRkGxwCLHlBOdyQVCNs6a+8MUYiaA9+8Lcc3jPT8/FDJjscpVMkCZGzgc4BRDWQwmIZDRJzP574tts2VxfqqvXFAAHrvW98QYd60nr6aDkdfz8uHX3nvgARqhAAMBIAB7kGAlcuyba3l3GKIjBEUWDHaug3CTW1buyC5qRMKs3XV7cpM7r7OV484Ho9CZOaZDDqe7tXacr2YwTAOAQZmQ6kRcL0urooEriZjsSDTni2XEQbAlWTbGhAik84NBQHJzVxDiIQJIQhJRMJDXZs57buE1G/BwZFgGKtaAHQ3J2RDN3diysk512vmwUhSRLsCYZhxEcg0KTNhUh4ZAXtvIiKvW+lmBq+bBFUPCGEOgAgLdRJEIlNHom4KAcvlTEJEnJQQ8yCO3BEhOqJYhPcc9FNHCmYIwjQAeBhFmvD3aK5IKWEKgMjo3bmI+w4at/BuihGceOnX8dsjCsmnDx8BvNaq7t615F2QUpFCp8C9Jy3NqvbN+68/PXzR8HAsJIFBiKWWddn6akKSexdmxsjWmnDT3GEiESKySGB3ywoqDsJwdY8iEgFt65DbkAAAyJV/OLEkwNMhpSSLQAALYGRJTlEkgk8kOxocsumOIDzCvXXjNIFEEngAhKebw7pstnYkckq3UhotnFkQgoICdhjHPDcdPNTMXKgEuGNk8q231lpP6wULr9t6OZ/dzM0pmTwB2jQihqGw8NZ7QdrW9Yc/+vH7d2//4s//LzpJpsbAXU3dPUvTHA0cSIQwiCn3UYTce2dhCHAw3xvj0EM9HLkSct9WQODCYe5m8TpfErFBEjsywwYGDooBUZgxIhiC9lGTmT0cA5nQLTwciQOirWuYY2HDCCBGQaS+dXCYDkOmk71bYSBABg6wCHdMtziJcNr4AoKJzTV6aGiYqiAzlypZmhTq3rUTCaEweWEwSnG7MCsAEpXChQewDq4ZOAzOoRm2rRcJADXQcPQAd+vNsk00cL8zO4S7ERE5Rh4K6V51Nwvz6AkIMmgW6m4Bln9UBgjCIHNTN4twA4sAwkyE294IG9a8a4qgTEhqunVj5ExDJLHM9xiyJXMmg724P9sUAK62x4Uy07E3OZCBI2JCwNL0F+FIJRIclnswVWRUbaZdojQI076ta1gLoO4BCKqKzMuyIJRS5LLY89PzNNXn8/lyOQsSEECwar49aQlBiAjKbBK7mlsnoAjIvRwTJRJYCkeEdmWWQEXYuZDN2mYbEY/D5I4AhIBUs3A3HwLo3Vbvbe2X65yLORY6TNN0uqmlHI+nUguJnO7qeDgcxun2dHOoZW1ah6FUenp8+u7Dp+9+/en8crm9v/3q/fuu8e7d/VBrb/Zyvnz48PFXf/PXj58+HQ5H7arzgrEReeZvc3G5V3Igi9DOVdgxPenph7w95bljXffKb2YqwshEnGlRIsqQBgCR7DH9rIEjyMAoIJIFRMCybmaWv2M3BURwQyIEKqUM0yi1ShmQwNQCFALW9Tovs5sKl7GWQCLiratDFGEpJRCmw/DTn357PExZm61mXx4ftW+IkcoZIXVygt3fH+4sbO6ATshuXrgGYm/GAq6KRPvFNR26kSzgXGPsoZaEPgPs/5NElJjOZFKFATEvbVNrri67LTL9kNlSCrTfnpLZBus657cJcuMeDki9NdoLxTXhz8SIhQHRwxF4d7cCBQITeYY0gCLM3DECkBxiGAb3cMSsW7Hd2ASF2IkBYFu3MiT+3zhiGKqq5bYEAU1TgGfMEklkhGAEV6Dg3tQQDOFw86atLwGeJy0gkCCAIGd0qwQDeiLFEJCGOphpIkQ9CAIEYZlnb61UrlwA8Do/D7WshO6uquN4KKU06IERbt1zpGmljgA03NwPw/D08VdoDSOYcFu3wK2OU3i3vjKOYTXctnX28CEOhUmYMAyCCPB4e5JCBBA30+F2mEq1+fxSePv80bZLX69g7m5M6K0TAAfoFttyLZWH49EbiuHxeGuhXAdHDFiX67O7g3GAcingigChDYVVu/XWoiPGIPXu/t39/TtGV9eX67OZ974M0+F095Zi83bx8PPTp2256LKenx6v5y9PpY7HN1J5uHkz3b2ttbbWHz59d378PJ+X5XohEUC+O8TTw/n8/HA5n7XHurUyymYWwFQGGsygLF1f5vP1/BIkXCcFRCyqJtYePv768fsvZJ20aWxPj0+XedlzIMKOgVzMcNku2ra+begQXIwlxsPxm5/MLw+Xxw9o2+nuzfFQPn/81Hvv2i7L2iysDB2g93YYBlPzvs392pcLAbp2V5NhalvrvRNm8p6v10dcX3y9lMLWvW8tKIR5U+vZMoloatu2ufnNmzfE+PJlaX25f/M1eN9MfvTjn/zmb/9VjojqPZ2npimcI7GkakwWy3VJg0eprApfPnzkmmY30q2523ioVYqbbetqpsNQEYFFREq/zp7b7hS0mFhQmAEzgg4Zok30i4XnztGbRRAX5r16cE8QUZG0Q7SmagoBXNjd0nObtMvYUe2IsSMNLIIQzLK2C1kEMUxjOhzVfJ3XACCydJOIcNc1DeDC3N0Q8rqumME9Tpd1ELNpT4kBAa0pUIr/jkBpbXWL6XRC1d7XCCBOmCYEUuL1cl+RVt8MeWKgiIhHqJumr90CkXMGAgR0y/TF7iV125nVhIiSPqbkWZglTZbMDDzqOEBAax0R01PQTBMN5BBqJoXb1g1TzIrdA+DuphAozEikZkCUXxFTO5Ty7s3bj58+Be3Wm+wQM9/5o+FABAyY01IghEUqrUjBLKqOzIBg3Uz30C1E3mLNmmVyQRgtdUhHACdgSPCQoQi7OVhcns6YvxSE1KrcPevczT0istMZPH26HGpETJIUathBUwF9U9i9vmDhwrIuM5gLS7hj7FA8BxCmrqZmJHg8nR6eHj5++vXhdFNrscDlehWRjAX/XuoNgAglpt41H88eWqtIWpLCGDgf4cTEulrzlvFySsyLBvKOG2LEwuQeJOzgKZEBhkCSo8O7rVvDvZ6ackAGBGIoIAEYEePx0Lu69+ycDkjZOcxtXddhGHEQJlT3wrGHqgmJmFH22mQEZDDzyOIqB1d3iK7uGLXxNEy1kAiCU0LWu1pX7xylCEXH6GMZAb2zr2gSG0Ews0AG9vMpAGs9oO9jiYdBWO/peDdAz/hUQjqwAGJXDUDtqr2bhQXYXl4nqb6LCHgEgpubg6o1A0v2N5KDA2C+iRaAKKGulvzNIEHIylIPQX4VSj3pt/6aoyXKxxnSZpCjp2nfX/xMyXtWbqBFWN5XkczVw5OkSAgJJ8nZyyIqOO2JyY6v+5dME5hqJrQYIbpucakjrmuf5yuCL8scDk4R3fL9AYi9thEwCfxBmC3SEVGHMTA8TGrViMM0UpHWOwaUOmSaigAFiFksbOtb780s++ex1oLIIrXWwkTMgozIjIxraxEhLKLcN31+noXhcDM6YGUGCma5OebP4en5enMz3d/fbsv68bvP79++Oxxv727faI8yFHN4vsyPXx6/+913Hz5+vJyvQ5XW6PbNVx6fbGthAKn4u7IUYUZmDDR3CiAmIXq1MIL7fkGOvYSSMiWs4d4bIWEy3omlMDExEEnBvsflTfsOGA17xd0A5KsfsdOAiIi4DoOM9VBrwrbcY17mXNUW4fDorwXjnGAPRqnF3KfDiAClDHe3hz/+w5/97Kc/LAN7xHVdkemvfvnXTZsgFhISUnUE6GpMhphlBMjMtQ7b2j2voAbxClRIR2N6+gGTYQUEjHvmGSnLKnz36BPtJiqACHeUNED5fDknB+NVBAwgcDMkwtzK7e7M9GIFIcJr2WCK4kWKNXV3IWEuzRsEQItO3boykzbLvxsic2V1g4hwZyI1R2Kp7AZSeVlWkQK5zTcIjNZ6EW5Np5vjaZwybB3I3aw3w511IcIMgKaWIO0INHDrMd4cmWiZF1MjiW72/sc/e/rw2/nyJLW4pVsMiYGwNmuwLan9IxGXgkhm5hHTeOp4jt7LWEy1z9tQuW1riJcyDuMNgW+9I0AdiwJYENfR2zUjEqWIq6ovELaeP4PdFBEmYAJTrVOJAHQDNQGybkzm24YDhqvb1tdFuBqjGxQuQ+Fa+WYahOT5ibQ1HI7l7mtVK9sYz9TOL33bcCjj4da0hTtCGyt4GMs4cm1t20y7trubm7b2vhn0pUjhQKS+rUthfnP/fm2LWythjFyleIRu88PnbX5+JPDD8TaiY9dtU1ctWELbNj9EPNm2Ldfn5bxGoFNvAwxfvYehXtalPZ3Z2jJfL8+PbZ17jK111WUc6uPjyzAewY3rCAXu704RClxJxnmeaxWebp6u6/M8cxkPN2/KdHh8eYmg85fP8flTuMK8qtm6LgHmAVwZQJpGU2/bGj4PB4fwvpwRgOpY7t5GOc3n5+3xe7g8xPJ0GMf55bzMuKxbXztIxfFELsG8NnXX89Pau6IZhjOhWz50xMIc3BpGwLp2IJTu0Y3c3NUtmMnMezcGzMxxqq5ujoDbcvVAj1CLn/3xn3z363/NNP7H//A/+8f/1S88OjCDYvJ/iJyRDMm1q7uZYmSsj32z3noSPrNP3UEhDInAobeGGE3bMAzmEUhuuFzPBYCF4rXWt2/bbgR0g53wuLOAAQIdiMjA1Q3CBahIAfPN2t3d/bIsYIEATOzqeSEhhFcgMaoaMXIpYWFuEAaC29aqcAQmryuXt8xspsM49uuFhYiw9RResWsO1c7A4/EgxbZlTUyim2bXkFkQ7h1cyW9xSIA/Q4CpugVKykBRSjHrSBhpmEm8XO7dYf9K7HhByNpQEO9qZhiBBLi7/NnVPTxnDkgYGwACJGyrrY0YhVlNYU/AgjtkGgkczAO7pu+yjBUJt94fPj8RAxNkgW5AIKE3RaZkt2JYhsYgACiEJKtw88oyjEPf1qfehmEMB3N1dQwgCjDnWgFQteMum8a2NOSMqgQRBkCo4R7FwCgAEaoGkTaOpJ85Vn6N44bnAp6QGOpYieT58bmU0UzDjFBKLQauphGOSJLhc0ADJ+I0MkWaeJAC0mfm5IEBFo7MUlizzzp2Jsv+yyTqZhmNMLPwYEnpC4dSIiungQoNEdS1e6CqMjPCa4wjgXhJGJIwtbyQ8L7WiMQH1lIYqFsnpFqq5wS8QyKJRfSVb+kRAtB7q1yS39q6RxgigmsEixAwWWvCTMhhIZXVLJW2vZsKItw4vXkBAEGEzLuuDxjmqp0KF2GKBPft5vhU5GB36FKWGe/tbL5f8IGAwmBbW2shlN09PFRJ+p5TNO2MVrOzDK03g1D0TgREmpHz3FGCuxABOljHnQIZwoJcLTSASCTfIgR2gCBovVnu+rBQyStpGGCysALYHS1cLfc96KBI2YaZwQa0dN0kh9d24R/3WRGTmUPAlJFSd/egIDfNPypS8hZzaZYor4zJRjp8AvP8yMBwIr44X0a35Ayk2TzPdEcAZo5slwoN780hMsa0+xmyoATzuhluqm29XvO2uS6rbZ0QLGmwBB5KiFkS4o4E4RmC388Zx2ROBCELV3AicEDkOtTUgjEoInYWI4g7bcvmblyGpqstmv9AWbjWagDMXHjwcKpURQrj1ts0TVvvh8MUHkAhPDVdxyKX8/n58aWWerku2zZPU33/7t3d/Zs//PmPS6nj8dhUA+D5+eW733368vnLui7bluXwcXrz5vb27vr8CSnUydVkX+AaBDJgtsCY72neyOgqAZdSkDLzY+ZuThj7zI6v8Xf1jq6q+EppS8UdILHWuxEo2a5JSoO9LLYUKaUOtVZgjvCtq61bHomEJEWyVyKBFcLEQkVYigSRmh2mWoQQ+P725u/9u3/6d//0j6ZpQIDzZXl8frm9vf2Lf/4vUtllRHPNBU4yi4g5wt3VFdIRhEym4eZpS0uvLaQYkq0ue4QK9kSAZ4ULgjsRArGpQnjY3raO+xLlVXDB3OBFpsuQCT0f+sg2njySs9bX9kguEJKDu4WIEBIzhXXEQEbdGlWWKm4e4IQoKB7emqX6TogeUaSSUGtLzjZhqNY4U1lpQwJwd5ZcpZTHlxcpIoVz644E7tCzvNpMpBCTRSDj4XjTuwGAags3qSxEQPCbX/6CEYpwa93T8IfEVIiK7oWKwEWkDLhzjZy43L7/5vpE18tD6w08hjp0a+Fm3shAuLgBAghhRkyGw0nbTExhnbmAg6o62DQWanPv2+Hm5M7beiGyUiUc1HrUwtNN123eVCJGyDuXvjx0wTdlHAyaQ4/QOhw93E2ZaDNjKXx7VwDWhy+4Ksybx1U91Lt1w+joSlwoeJs3J9O+tr5tvR0Ph7FUPtwIHufLY79ee18BfKoDRmXBpW0UrbAwX4dhgLDWlue+9W29u38nUmnvPoLL5+f18jS/fLm7/4oL9z5jGaab99Pdm83W2cI/fz4/fdFtcTWk4g51OmId1nU5HO8OY/n4/XdARWq18EAupbohcFnUFGk4Hqfb+4mIDkekMt6cmsHIUy1yefr09OnDWEoEXK7z1noZD/CK8e69g0y1TG15aesTBqJ3NYgofVGcn/T501UbhlYB8PbysgZ6HYZy+6bxqFQISNsWgcSwzM9tXQoX195ViYhLxfC1rX1dLbyMI2hf1+am6e3W1nV/OHFZ1sqc8zWmOogIAaZ9XbY61HGQv/in/0d4c/f/9r/8LwojBK3LJpykxCBiBHDTAEeMdBESoptiQO8qI6EwAIZq5Esescwt298Y+Ztvf3J5fnr4/LlOY6lDtDVJIYBkauCBCOrhYcQYSckDcA8mBMLE9maHoXlWSfkwDgCxLstukU8hIjCHlwAw8/FwfPfu3a/+5q/HOnChm8Pt88sLIphqCJtaZnitm5nycZJSHr48IObi2rI4ARFNjYmGcehdTdXczH0AzIw+YoACAlg4ARGjO1hEgBMgRCEEAwTKaxNH98v5GQMkm3xfNx4cGSZIlWO/CmE67AEYaXAPZHLLda1ILWlVBEy/7itgLoCJCTAQkVmzKxF2F2+k6dWDc82drezpYaS9yoqZwxwQ61RZOM998yBkzDQ27Vvg8L3KdI+/uYcnPTYxhT3nPkAgYSTeHQtZCBl5efDXwGIwUmAW5GSzCriGuouU/CIkHSERBxkoyU9JjmJE2HoHCCaQUljKu6/eLctMuAco03GVu7CAYGYuopa0hqB9gsvO1ShjLUONgET7I0BrSukXQEQI61qn8XR7ty0LcdmNGIjpAoqAvvVE3QBBLnUPx4mZ9llhR62SRSJsgZlLKanio7Ds3TqQOVopEhDIKMwBO0uemcF3AxcAhEcR6d6Px8NmCnvZcLp0ft9DnVlMLFWybyHNJ5jlPjnSIKmamWZ9ZwRFOAkziUVCgQQskAjCEZGIeAf978/XTgnPXCDlGJ2RSKJ0kmebjoNlga5573lNBkbygK69967m6tq7m4GHW++e3zYLM3OLbp5jhAd6YBA5kDk0i6Zh7s1U3dVj7f269Xldm2etVoJl0QO7ezfvhgaguYVwNEBzaF0BOIgMrJs1ta6eegYgmkU3DwwqAhjIBIGWPdNMQGFh4JHdzKaWXRb+avxP1wgEmLmbZaAnlzyY3NLA/e9G6Q2J35uFch+HMpJUzHpgCEA0M7du1hElGcaQgnHs24V9iWTWWmstofstAU37hi/yzPGE0uT89+puRzBT12EYPcJMrXeRgjtsIakAbqYBwSyA2LOxTnWZr4dxAqRShmk8mPYwK1Q8P199WZa5t3VZz/2ybtt6vpxLFa5iauu6Lku7LuvWOqBcl/nx6Vl7Z6G2td71p3/0k7/zx390czp6d3O/Xpff/OrD3/zNbz59+GjW2raeX84e/u6bb7759kdPzy/f/+bX/+Y0yPgOUeo8ufPjIrUUIoak9kaYu6oCIDEVKTJU4uzAfiU2ITGzCGPmffcd9N46mWygeG1qAyYupYzDMI5lGOswFikBYaat5XrJESglApZCxIhoBgEozFQYEUoRKazdKuMwjYdx+ulPfvDv/70/+9Of/8HN8ZidXx8+fk5PzT/6r/+b6/mcbCI1zWCFm0uRJNqUWutQsjkkK2IY8f9n6k2eLEuy874zud/7hojIOWtqdIMNkIQgiEYYIRmpDVf6/7TQRn+AjCsttNBeMMlIyiBBJCEQ6AYbYHdXVVZVZkZGvOHe634GLY5HCcusSssX8d677mf4vt+Hf89lO+ZHEPiUxQIQw/mA4+1MYBQiJ+s2/QHZRQyzCwIA2t9Lec/TYmh8nmY/EREj+BLNzCHX4uhZ+SZdjmJr7dXrN8/unn26vy9SAGjsO3Pr+2RNfvrhgxjbtr764nf+iz/847/721+IVI+BGIonWAcgEpGqXi4XIaFBUUPAYSHIIKOkuyWIGwkz3HRbF1OjUt3D83ZK9mgMN3maJISrgW992e0P++NtTw1t4LTfJ9nven40a1OpTws4CItSBCCGMyloqhXd1YxLJSneV11XwgBzKYWRkAncww3AezDyJBxM4KrIMu9mQMj0lkAsdZZSEBzMEozn6gBg7o4w7WbV1rYOCNNU6zwj0+Wybr1zrbUUIhDmCO69YTgKE01FJg1Vbx6asX05ITre3O73x2mq7XoNa5Th80wivPWGbm1bLJQSnMji4d18OjwL2XWeiCsWIaLT4727H27vFCTKnve7ur9br8v9h+8e33+4nD6tywIBm3oQc524zqbblIFrW3s8PXZtS9uIapAs63pdG8khhG5fvTw8e/1wvrbA3asvG5TL9bqsHZm2y+On9z/0dXG187Jdt6UnxoYZeeoRzqXs9q311pZtvfamxCW41t2BwmA9YVuv14fWVybRoLV1YAq+jeNb2t+er5cIh/CufSqlb227nvp21d6ZRVUDwrpm1DoyBYGprcvWe7dkfQIAYuvau2Zb66bpQCUiAOi9ezhYMjvC+mZqzBKmEZSoXyIKzKoSzSzlc5lDFfmlckdGwNjdHZmkrStlTlTeBcxACACEfD5/WpcLekiV/fHQty1yuO0xEGRMgQEEkekZ+KRLJxIuT4bSLB2TNQ9u1lsnRJFsyyPCE3ZPKZ3ozgwI0ForpSCRVOm9Z+iqqkISFCOZWaTNwD00kCiDXxA4dbCYgZRMptkCKOCTVRJBRCKsTCUcCks6nzySgB+p4w2PrH5762mXykshIs9mTD08MgI8LTzHfT2qNWbZTbWQcNqipbBqt6bMKarx7AUgWdWR5zxFOHhaeAEiEskIAYmvA0Bzg5xBRqxry38ila8Zy2RdTe2p7B3EoEGACHADYswYdmZkSlZ5wHgHMU/G8fJ5PcCA1g/bHVGijiglTHmwMyGP7iLnllmYACMRRxg4uHpSS4nIHRDRDcI83Fh4vTYLJ2HderjnFW8+7vsn9Arm7Cot50+3xtDz5K+rqtazCEIkZERGctespUstrXdrPTJQAxEs3G3M6jLJRYiJcVDCUHt38yRsZoIaETPxj84NSKOnRQy6BBJxa9s0z7XWvrVkCWUnNpVKSGaaN2bS6DTsn/3TP344n9flWksCaxEggDHZnblAn+apFLFuWQYxZ9MYT21C6m4hyziISOBJKZK1SJJhiUcOTiKxEBGC807JIV/WAGmwS1cjAnB6//lHtW566IZ6zV0xYDg/CXnIYJwQSxFiFCFhYkIpGTiASIRCLIJCyPwkkHhq4ZHdMeO2EnNLLCiISG6uGRyXARBh6gbBQOwG5uYAjuAOzaz19K6n6FpSzI+MZRJzA6AwSMrYsBzFeEzAw7TnIzpiiNKazZRi4qQpI1FQRAyi8+izhyYInsRcKcYfxwwC0nQkAkAwByBEB+0dMXjUQx2AspWA7MQCAUBT3sTgpk+lCgwSWGJdIsLRMsSE6MezRbVhYJlmRFq3pWvTbrXWisLE5t3DhbnWSkAOodrNVHtHCCLC0/O2AAAgAElEQVTetN3c3LjZh++/LVJvbp5t1p8/e/bweDnsDz/56ifX5fL85lYKb8vKlMf3PqtKN0XC/W735s1ronRt2uV0+fyzN7vdwRT2x2MAfLr/9O7b7z58+Hg+P9YJ3fV6OnOpL1+9efP2rXp8++u/u356yPw1ehpm5KFPSGY2goYxmDJorbDkjGQQac3G0kek1FqEc9MxDvZ8EDAV5QiITEzMTMK1prB/nqap1MoiEaDmZqpqPjbHw3cBAIAoRSRpDfmlJi6TzJV3u5mZwbGI3N4cv/js1R/94T/8k//qD7787PU8T8S8ruu77z8+Pn56++L1X/zlX/1P/+p/TrjzmDQTMbKIOHkA5C/dVdPLms9C0h3yGMehWAOIEEpTOwASOAAhUBDhUwYW5RWRqOAsCNzdzMFDmOs0ddNnN3fTtL9cr8T0JPJH5BF3N/ZjAIig7gjh7iwEgP60bkZERj6dH86XRwaK7E+YSim99QwiiacJCLHk0oyJHPFyeWzrhUjyfk35Yg4vkck9EICRkDBZCIGJthPM+y8G5BeGdHaQppkJicwCUUbLF7S/uQEqvfdSpzJNLBJ5iyFmel3XLlSoFgMHJCH2rgjoCNpViMNMiEopAB5mdZozbo0LAcI8H3pvfb1I5jMyZh66h2d8ChJM+7vnn/3Ow4d3oDrPMxWe94dpd0BEYKDCpZTdVISpsFhrvS2QLX1EgMWm5/NlWza3QEKpJcy3dZ3m+uz583l/nObdXEvfGhHKVA+Hm93xFouo9zof9sdnu90dEXft23o9nR7v7++5VO1WhHe7XcbJtd5kd3N7eyMsXPdl3mPdH198tbt7u9u/ZJ49oq/XdjldHj+29RrIIHNrcbluTsU9Hj7+cPr4w/J46haBksxQFtkd91OV1tblfF7WdV03h5j3xzrNAVDneZr3auoILz//cj4eFQjq0aTyzctyePHwcL88fPS+beeTLpe+NiJR9yAi5K33UouUmeuMUgJRt229nMPd1DWoHp7V+aYt53Z+tG1ZlqWrMk/B83XdFFkOz1rZrVS79uvpIXTZ2hUi3FCbbtdzuBISU4mItm1hBh4BkMV9X5tbhxgDTGQOVw/DiAAb/TJhlvJ9axlb4RDWjRk9H2SIp1ke/2gTQgJzddNUPTAJBpgZAyGhmyPxclq3bSlS8uTKKQczZRBtlQJhbl659Na2bdUR1SJZiEIAMXgAMZnFEJ7kdBDA3LUrIEy1ZJAPApp2VQtEER5SCg8E8ACZyjRV92BAU12WpRAjkqleLpcntU0qW4kl9T9ZcqfKHUc/P0Zhnm6mrl2tYyaHjUefbm5vmvZUXqSVLALyZnhKaOW01gaQ1JIHr1C6lQBysj7Y3557YETqXX8EfTypg0EyCSvfWQB0szDL4ihf6YnLNu7rAHd3RkYhd4sAYkIET+LpYLtzlpzZP5RaiEi7IhETwfiAM74T0yKVjowkXGflTpkD6x6JNkpfiHVEHjkR+SNJnunATIGYs95EOLh2Si61ZQQKmFkEljIhWVbJQIGBYdC1EyBwcOEYHGvCERxmgwebuwLCy+OJkEopbdtKmdDduiKRuzGxqSGEMKZDJgfYWfmScG89zDGwCMNQd+XC25AQEITLtmzuyiTIFCnRExpBEgC1FnfXrbMgBEbAdllIMt45fMy3AsJVLSCQeNtaGs8DAiyAyd3cvNRpvzu8/+FdKdXylqMAoN5bJPsVJMtgIsbA//3f/mth3Ne5W+dMLMgi3g3ds9bXppt286Dg9M0MI8SA7eb0Ko8DcjckcLPwqFPNePl8iIjQwunH9VXmdbtlOZmwIyAkpACgvIwJ8u0iLggpowXOIWmqPQA8nAiIhTAIfeR4BkAYhhceWGEAcAwE6t0Q0kIb4QDBmDK3oZtATDdvCjMo0NGDzAIgHCIMzMEcHFDdTNWya0lwsIFaTkIDEc1c2xaAKMSC6Y2kLAIwg2gpRwsR4Jm1m5O9J+kcBCBRALpbAj3TvRLuRHkkj11o1t4xJqKQyT6AlGFMaKtro1pwvFg8sSYds/NCxBw3BPwYfzdWhhlRgAEOSaMCyPW6p4one0CKgVnPTDrTXurMRJYPZoCFW+soEaZTLd209d5VpzKPJoZEQyFgWbfNdLc131Zm0a3ff3jvHJtU8l4lauFnz168enb33Xc/ANByvXZXAn75+ssA0755KKBuWwvnm5vb3pdP91GKgPv5vH3923enx9P1dL1eL6frpU7V1fqmN8e7V5+/ff761fl8fvzu3enj+whHTvIZ5PB2TP8hEy0g0G1rjZ3JRZLpws6BTERoZtrVuhv3FP0LS56w5qkLjYwMQ5J8jgCBmIcWxUHVAjrmQ5uQLhgo4UA0t1S55EVipogkRKWWUqRWYQQRrnU3z/PL57e/+9Mv/vAPfv+Lt2+EMwcPluv13Q8fv//+/ZvXL57dHf7t//lnyYT3wNyZkaXdhax7762UKbcBwrxerywVHb76/It373/ozSgnFBCY/l4AzOVUBCAmkns4BgAyyEWIAchHfmPQSBCOMtXWu6udLqcik4gQooeNqZLndZRLh3AHd6CUXBLMpVrg1jYYmH0Ij1mqutVpJoytKTODm4jk2MvRGJPm6Qmoq7Wup8fzp4+7ac6YeQxAJIbcAwATBxgipvV/3k/uBkER7uOwQfSU/IFbZ+Zc6YUDIaurK9TdXIq4u3kk65NlRiJVJ4JAdXcEEanDXIURHiSFEd0ChbjkuDdnH8EFilB0SoR7qeV6uboTE/RtIcJSJDlqEKG9uToJggggtbbEdlaP3e1r3e4NArtu14VRUnc4EZZQu15wmnjOHY23ZVE1JJ6mWm8JMDZddWsaezW8nk/aOzO6THg7rddrPWCc1g64nw9BeNGVp8mNaT4enr9ACP3mN3O0sKa9CUKgH958Ns9y/vADe++tAXHZH67LQjiV+XBZL3XGuDz6umzXx+380NqGAMxF9gcsM8uuiiyn06Y9tmZOvXci3t8+CyJiadfl8eFhmncAZKbdjKVWKbubY9nNddqfH897a1To7uVP7OP3H7795g1P9bDv6k5l/+K5zDvvrejFoi+Xa7fwMKxSy04fPzGAEc2Hgly6Qu/XgECUtiwezqXq1ruGNdX1Y2+rcCADME28Ry7BVfaFeb//7Gdaiqkuj592h1trZwjv1tq6ajcPlECK0LZGwnkSpOMWYW4GY4dmiKTWcOi9UxWAOchwdzetU4GxCiNTw3A1FyrdFXmYNduyMaO2DpjxwSbpX4eI3sxDgKXw1hsCCrFjMCITmSsxR0Q4hXktHAYWPUF2XKRvNk3VqLsHdHcwQnRUMIZcCrghgAA7uGEYOAKgEIC3rhFe59rWdnP3rEj5+OmTmkNgqWyhSNTWBszXy9p7n0pBIvQIhNZbEWFjBkJGxwhDB2/qYc6cA82ccUEOIdPLTZSQCmeiqU6trwhgHghuBuuyaFcWQQRVI+QYpRYhALEMkCdjaIRrZAi0j9oGgCAiqTRpaTR3JhaRZJekOtO9hwMjz+HmEW6mGYtAmNFgMTQlkSvOMUnVyPZgHKYRzCgiiQwMBMeYaoXB0AF33+32x+PN5XIm4mRW5DYJCFNlEZGANrAwRKIUWFM2cxEJfUGstQCRe4IqM+oFKL2KOEwOkdUqMjImADGXC6WwdgcLIAIIBMyoNkgL7CCRD0lz6mERKXshN6tTGVoohx8rqt67sDikesWfuqQUQwcxYy6j0CMirZbM9FQBYSJmIZ+GSJlHmAfA3w9lA3cLi5xoE2FrjRltLKDZs7sQRsLEReUsL0eNEc7IrW8/+enPucyX80N+hwCHq3Cqxdy3bXMIlhJuT/sjMFMkLKUQYUISXaMyI7Cq5udCWWXnGgaBiVgYRw/I2Zji0EANhZKDIaSr3QMGIVdYANg1IKJMhYUDCRMZwZSNuLsjBmaalYNbmHdzTX3QE1IlANjcx0gSwPPyLMKMhUtiEwHAuvvwPaGaeYCU4oG9WVfv5q1769bNIqgpbE2vrS/dN7Vm1t27R0tXCYuHmYMG9OZry6QUNPPmvam6gQc21dZyWAnm0TV6N0v1M6bIIdSzzWZmUgP3IOR8LIlphJgEOgzX79gDQnBhHPLvSBep2uj9cjbBOYP3QMZ0VSNDEpcxYDgEAPKHYRLyDhE4HZHQDHxUUT0guEwREUkqQPQs/nG4enO4PJaGY2SQPV9OcLM0TRh6yi8xp+Tat1JmYgZz7cpEdZpKqSQUbto9EFiYWBCYMQXy1Lu2rVGh/eEABtt6ytxCd/WIdl32h8ndHs/XMsm6bR8/nnbH47ybl2WZap33x5xLGYCDn85nQHr16kW4EuLx9hgYpUpv26f7T9d1uVzOUlgKEcndi1c//d2ffPHV5+uyvXv37pvffP3h2+8ilEkCwcM5Y8BSPwkjriEfmVzBjTcsb4nxN4mL5MOfGwNTy6cSSWoppdQqlQURc7gAkUcxjPl1Ls0QYLDeLMPUx3xJhITLk5IIRdIdUBCxsOx3+8P+cHs8vn376g//0e/913/8R//kv/zHb1+9qnNllqb9er6+v//066/fHY83X7x9AwH//f/wP55O55S+mQchhYM1JUaIDFP0CHj1+hULPTyeCzMSk8hlu459FAECiEiMTJyMRwd3TzZCLnJ9rFhpnNHZIYCPCRWmxqTnOWnaS6mZV53rjRiwCsAhK8qLId9+DsCtbUTIlCEn4WrBkOsgBzS1AFf1Ohc3dxgZ7gAYZvA0vDcPJuldbUCp0CLMNQ3MhKy9Zc8GAXUqXKStLffDklxpIiJ2cyaspVrotNv3bStFcndfaq11p+batPeWcQo3t3ceNiRJObcqQkUAU3zrrk5c2tZEpNRJamFiJMQwQMjQcmFBEo2w8Fonj2jrxkw5UMwpw9PAB1gkhv5FzqcHnubbmzvvW7KnAdHNiKkIFsJw83DCXIV4Vw0nCF9OjwWRUNOBBxafHh7aukxC67Lc3N1kUNf5cua5Ut1NN893t7dr0/3diy9+/nvT3Yvnn38+39yZ5bx/37btxfM7D9w9e/Hi869CCnQVlnk/l/0zQ97fvZyevTRV3c7Lp4/b6eN1uVCp881z2T2bnr26+exLmY4W5q7hNtXKlQPINJDQzNq2rtdLMo5lt5v3RwWUeT4+v7t59er5F18cnr2aj7db102NyrS7fdEcOte75y/b1jQgwrX3y8f3n9799nL/vi3bh/t7BwbmiFiWbesKUg3KdLyth+P96RokIZNCbWoyVQVsBky1Fl6vjxlEfd0aYJVp13prgHJ8CfMNzgeSEoDr6YII1vu2rr111YahzJSIysvpHATTJKoWptbtSYZt4cqCgty6IiRtHJ50NOzu1nuYl6loOAbkeSXCOWZubQvwCCTmvm5qlgBNYkAHQPAWeXiZR62VmEE4UhUZgYS9tYTNMLPHMJ5ZdsAxpHAs3NTAfXguke6eP1O3JMoAQGAgYZFCOeOOGDHrSB6xm6tHbGtDAg/r2nigEQPAEamU6rnHyMjhiJxVC5NaCBOMjHkECre8pYEBw8PMUJiA3KOUEkmSzNMZiaX85MufnE+npp2Ii5TwyJhCREzBPACkW3IMigHVjAITy+bDXDlgxCwCEWHONEJ483aOsGEBgCHqTpOVAJObhRoJJTktNACRhTHQ1UiIApMTUrk4Ya60UteBQNoNYYwuAoKRuvYx04Fgwrat63pJDVB6IABS2BBjaEkUYxg4KoZQQ8HWjBi9I1AAYtNh72ASYggDSOZJFj0OnhRHxAhPqoNwRfblukIHQpZdjSe1DFFEIAlDMsmIcmmeo1QiCHBE0N6JAJlATdVyEJ4OSGIOiEiExzh8AcKJuFYB8q0FhBNn5mx4LnUCU7AEmdKSYWSYb/1YLYcbIlk4queKJo2A0V1EtDlQUGYgIUSQqwKCA0Q4Kri3VGplmcVQtm3btisRMXPK6YgpPLblupn98T/9k7/+xX9s60aM1jUlyNlIDYN4KlXRIRM0xsUJiAgCDABEEeABfe3zvqZ9lYkgQsEmmRDJ3L13ZoqBbEfXkaTdzWslYGjd4wLTPAsLerhQRnoFmilSBAqQh2fSfQA4WDjlct/NERkh9xxB4ZZubu+rIoaBEqFkwl5Y6sIcUjznunV3ZQAGdlB1o0zdyhUCIoCkRHhsIsIB4qLNl0Y4hMYBQQgsFGH2o/4DWdW6hgd4gKn3MFfLMkIdVVOFCIiEhZBII7WLrGbji4YUgGEpkoyInI7iwPnD+CMRI6S20lMFmMp/zDIRY2hI+MkEnFKc3AkiRgANoQbC5RHqMY5HZmcQte6j38tWO9wMOZAQzIAwJ/9IjECEaBlOAoC5l4xAEOYn6VJ4/tBP/bISEjN3bdo0wkWEqagZeMzTrM22tvRNb/a3SKBdsYC5btu1Trw2DWwEoKGE4/EMN/VYLxYeCtfHT49SqPVoajJJa3o5X99+Me33heWw9u3u7u50Ot3ff/qbX/xKwOb9zgzOH06X8ypFsuOa57lImfe7N29ff/HF59Nufv/+/te/+frX//m318dHs5VZEKAwd/ewICGpZN2eIgSdEJHyYsgumhlYsBIxlgw9dyQkKEie8wBNMRmpsTBLEWHiIsUD0i+BkItiyDKRJaf1CADmeS0a5xM9CnIkxiqy288ilZhF+O5m//rli89ev/nyy7dffvXmzcuX+90uIrUotizrp4fL+w8fvnv/ITw+f/1qP+//4s//w9/86tferZulBoYLW9f0zOHQqBNAvP/+O3ffTzsACPAPHz/QyKSJhBd5np3miIgRyEPiQ8gAo5dPeYGDpVA/D08YN0d07cNM7E4ivff87z7cAJSPLDIApYYGWWg/H87ns3ogQJgDQAw/DOSyzMPRhvfIM3PaVFhweNkT9zceIUoiuDAmKpioCmUaKCC4t93hAEjbckWA6+UqpajaPM0YgBlTgGSjoaa2rQ5+2B1vdncfP3wvRdRdW9OtRQz5sFpA2PVytgw6AMz63sN0c0RpzZgLIPfuQAxU58Mxgq7bJ++WDZtCvj+IDsw4TQUxQr2W4l27a+Vaau12JYRSJiIKjFLY1NqiFttinbY9R0D4dt16192+zoe71z/7QwZ++OYvY+0tAuvs4Libd7vivQOYrudQZCYuu6Y21YIcjG2u1Jfr9eGhr20zr9O+7J6fzycu+1c/+4dmwLvDPHlrDdz2t7fLtrZ2YhEgAdDrwyXih+v1upx7qB2nQzk8P+w6tPXx43foDRy3rU9lX6fJrFtUjX69/7AuZ++rrg3dQ1uE7457lLotWyAejjfA5cWLWwAiLncvXrXW/fHEtZRDlf1dh/nh/nw9f+JyeP757zU9n7fNpb56+2UQ3n/8eDotpeA8za7tfHpkymMZ98cDcTlfHoNgOj7H6cavp/cfPlKZgqUe9lz3y8NZtfWtB8Ju2jFh75tav1yXUubd7TOYClBhlu6kXKf94fz4sOm2m+fWzzNLqG2XdTxq1t2UAJikzJPUGmAOLlNtujBh4rww4RPWwA2JXdU8CMG7Iw/1DqC3dYsIDPSuLOQe1jUhBklU1G5EGOgMYeCmaKYTVSR0SHdpqKk148LaFANQyC2Vi4EQrW0QIMK6aXYgTGTq5k6FbOvIJFVcHcLXdYkAZulNEQHIMaj3lnaZPGEoT1gLNTfXIuJm67YxEAnmfBLyBGCElBnTk/gvEJIxYJqN0LpuRFBqddYIJ8JEEj8JN0FNaxUg9I451GAhdf3lr/4qQxrVTFUj0CL4aaRZRZpqKhVpGP0JgsFDW08cy5DVPmH3kciiw8iQxLTmBqGZpmY0Io/AgABJVCbl8DoCfKCWi4iaBYIUBse1b3d3t9frmpKtERs2uiuMCBIiZAcwU1MT+dGZxBFgakICkS+GIiUi1H2IUnJSO+TVeRQHZuArSToY3N0tpEgpk+qKyjk+9IyaYnZyV0chQtTepdZp3l2XldQJ2dwwk1bDVX0wUszDHAKCKCwieUA5lcu85lwgBfXW1ZyJU1Cfihi3nMH9qJELysB5jx5KjoRk4EJESEtfEcdWO1e36uqE6JaFEDMRYBCFAwZyIfSxhsmvqqcACCHTbd2dmZg5dSLj8gsHMgIWIbdRFTPJ9+++EUZGTlG4B1jXMC8iEvGLX/xlbw0hmFjm2SHa1p6GuGEeRQQZp8Lp6ck1vXvXsPyeMTIimDkVAkIpok2JaD4e1+Uanhh9Q3wySqSZOzzQ0zHc+wZRmAu4gRlyyQrCPWf5jukXNwCMwPAIRAGOpyeTAJOB4/wU743kYCg5dInBZnQkCEMAZhBEBiCIborjU0QH01APwEA3hdCU9wyGTsqVnqJDIYJLRUACYAFhRkYLp0BzMHf1AOtJZYIAHUECCIwQ3FWtR6S+gRkFAaKruQcHmVlgLtwol2lqSb5i8DHvT615li6YIktzN0UiQPYsrPBpCgKExMNbmvl5WXAFBKUs6Me/juweD98bC9YdRCdiMxg8Rhw9slukXCMcCMMhhhmfhsf4R2rwMPjEkFlT0n/RIYIyOoFgyKYhmMu0n909FNW8tU5EZSq6WpiTUGBsbe1t27bNTAIFsJSpTPsZArXp1jZriugKzgLkEOFt27hMSNG3zkSlFLd2OW0Whsz7XaSljZh6254ddlLlwIiIyKRmXMpUp+cvnv/sp7/z6tULC/vu3fu/+U9/+83X35rB48M9EWJgPpipF1eLwlKK5AfhNgbbwhhIZgrdPczMuBRmqSJS0zsbHBSSLARPz5WHgY3VHHFm7CJz3jBcd/PtzW0pjMkCcxThpyyqQIB0C0AAs+zmutvX42F/ezze3Bxvb49vXj9/cXf3/PbZbq5Say2S+t2AaK3ffzr95pt337373iD+4Of/QAoH0b/50//tfFnkaRPrEZzB9zkqJsYIs8HVneqU3kFKXWVK2RAiiCmXWooEwuJmCEPOijgwEACMT86XAAB0JMQAdGSC9JXRGKKPP+aKMgLAAjAoMITgKeQlIGqpt7d3Hz99qHWGAM4MioAIYM7n3URKAKp2JsFC4MhAbl6nihCWrS9BGEAEEglFqYKA67IBJJEZEYKZr+v62U9ef/zwwU1FSu4t61wZcAONcAyvPAexh5sHAhfm9z98X4rknjOzaDiAiVDEApPWnMOnabolKr1ft7UhgtSpa592N2Xet66AsDvsLOrKhyqlWODl0fuS0SU5GxJis9C2UN5pLG5GCIXJuyZNJft5BDAHKhNGiJSp1nAlYRk2ZaUwXdbD658djjf3X/81tKV109J4qrt58u1q6+raXAo4aZj2y+54nOtt29beiKU8fPi4XZe2XLe2+vHm1atnEIbI8+EGiF6/fXl6PP/qr/9aTw9iW7S2v70N4G++e8dIgb3sp5dvP/sE0rdVdnPf1o/vfmPLqfdeqqznti7Xw+3OwmM9EfP+sC9o14cPrkNTkaIp7bpcLoTCdYJpfv32ze5wVNXHT4/ffTqFQ93f3L56sVweeuvRz9H61mI3182jb3Y6n+p86NflUe3x/gEitmbL+QzhyMRlsrDgednMvAUXLns19+28LJdwRaOw/vj9p2naX86ntiwighzX69U9WApJDYXNXJyI52XVbcPd7Z3sj1QmcU7WmhBdTo/bspSpCkFv3c3CWiAboEdczmcERybtTsSWkbyByRFO9C0gJbETWFJPmDRuclRTEdHuyAhMoOYApp1FiDjCrTUKhCD1rqYv33z18u1nf/MX/3epEyP11nM4QgChCpBJguABFJSB6JRa+AyHfRJHJHrEuqWOP+E/8LTxqPPklA7LotpDDaRwFVCDCAu7vTleltXUAQEoEBmYezMcCwcPAHQHDA/EJAxlGUZDUo6IXRuk/Nihrc09SGjeTb31XBSYqoMnyBEZ0SkgRxkeFkwFkUwtkhsAwAnpiyDiUqp59L4RsToIw+DjREr+HJ60vynr1w4OjkIpjkEk1ZzO5NZhCIPyEgdEQQBhgrHpRCqEEK7Wt5wXQm9dhKdafvbT3/2rX/yVbUZZdg/dTWQ6jZoDmnAhKUaa/EoEhDAiKoUjgOjpEyoFAXDoM/M8CcpQm8RZYPpHESCEGNA92CkCbCo7s9XRCYlZwo0rIyIFAQCnb7OUUqp5D23AkmplIlCz3LJCGCggJgsKI8i8Y2b9uhETOo1E6gwUUxs6UoRI7ECunYf5OK+XcB8x9NqcE1EXbmYkyMiOwx0PiFWYPLqZCLmjqQMT0dDEI6CZe1gaHiDAw/kp6SdbvRS2qisAhLsIJ/7WzRWMiQHSIRCmtp9nVcVawyN6ZxKzACI1IyqtN3MvzKUUU+cRu5ZOdsiQWQigjOyJkCKYglp3Ek6pMQKUwsioW3d3YraIrW2tdeH8WADznUrbByIQuVnm6QQCmg2pDzAiozBGQGGCJ9cjQJgTUhExN3cdhaObm9PwF7g7GKZePwqSpt+XEBDU3EIZATC6AYLR0DylRjj3Yp4JwRBACOaaTN1IiH5E/qbgGB5SJb2AUpgZmlkoIJJaV4sA0DAIRgD3rmaBNNwkBl2ja2B2m4w4ZNnmHoRo4I6ePkl0dAuDcAQm9EgXceo40uKcHh5Q88j0jGyCwnAo8PMNT1gKDLwuZjOFnpOE/N+ICMCB6Iy9+8dv4uVXWCujm7BvkLup5EjCkGxEGDgNOw8h+gg0I0pZ99gWju46VR65vg1A9xzUUoaDmXV3bw0YuRRhKdmlgNFxPghKb00xeldwn+e5d0XTQivaYuBcZgzezfPuUIEEraVtqbdVYArP7IhOAC9eviy1hLk2ddCHT/fzfLy7fb6cz7UeXrx+gQTrqUdgGNbp+PzF3e/+7Ksvv/r8OM/L1n71d1//8pe/ev/De1W1rtfTYyUCySm+SilSuG3NgLgwMxKAI5i5eWg4MSKPUi/AICDY0YNFiKlUzv1R1xz0Y7i5h3pmZDmZE6gRcSks6G7bdb0i3t7dvtvaoq4AACAASURBVH7z5uXLZ4f94XjcTdNUc1PsUKrMUy1SmGmqZZ7qbj8ddvvdPE91IkQRzmjMZEJsy9LNm7aP9w+/+e27jx/vMfwf/f7PXz27ocPd9W9/ef5//0wjCjoEE6PFWAX4yLQiQGcRUyPEZj0QyJOP4AioamkR0XAkTEZcLo7NBoNMR2wV5BYY8kxOVx0BM3p3AcklCCCYmytEDkeEflyQC3KqQ9Xz4QMkuiyXZVt28y7MLeW7w4CQMaaBRgBAiMJSpLrb1redCEo5ny+1lAhnkbChTGAEAzNDGuNJhQgiQUJVm8r03de/iYhaqnl6fgzRQHBdln/yz/75N3/3n5bTqc67nse7jWvWI1iKu3GpCSlGEhIJQAMwIO89Ao630+54d//u6hDMJaG6po2sEiNxkbovu5d/8t/+C3D/s//jT2uobbhul4AwdwazXGMAA7lwGZIkxu4+T3MMzzQi4LY1Ap73RBhhgcZmrmEEqNa7NsFgPP3qX/8v8/4AbWEEcwXDw3y7PJ70ct7VQubr6US1UlhrTRAfdCOIq/ZaJyTRdSmAdXe0rS8fP7a20rw7YczH3f0PBu7VO+gVvRdm2zYhkVKFaH849HVdHk9zJehx+fgeiWA723YtdbZuDjEd5lplbb3rCo2kVtdW66SlsEwQEGagzZmOz4+XZePpcF2VPp4deblcHz592h1v5t2ha79czr2FlPBQMJ2nyXS7/+HULudtvR6fm3bX1rUbhM+7ejmdzaHMu8eHhaXU3WG5Xh2MuTjrSOxujcy2dVXtUmhZt21rAFGlNG0WZupUp7o/kJ23pudlhcDdzTPF0gLX84W2Jkjero+nBw7dlpO2jghY9xaiGkbz7Wc/v376tl+/N7MiZbuu3hXIkhlIWOPHyxHDYvTk5qoeh+dvUfD0/W9zda1mFsbBbd0wIkPNhWrrm/aNiFlqALnTXKfz4/vHxw8kUqfJNDNN2NXdPf36kYeAOxEzuKqlhWqaKiGZm5kBATOZDpRKitUxx1GIJKxmFs5ADMTIGv4kWU6xKyITErStI5H8yBoi4qSWJvsLApGZws0wWRmUriXMDJO8hdO/+iTADGsWAdotkXwQqSvo3YykAIBwMTePnqN3RweCWkXVxpAMwsOX7QqIUiYW9qE2jGQq5r2dhVmYEWGKsIiQS8lRUbdNWJDI1QAp3BwQ0IZCFFAiwrUTSmEy9BGzkn5eJGYwMwLq5v/Pv/vzWkW4uBulsJTBI5gFLBxsv5tbU++NiMLNNRAyANnMgYlqrR26emjXFFfBU+0RkUrX3EVQlrgM7GY0EyCrdSaJMAs93jw7X06O6KoRKMyEqKbMYr1HAEvtrXt0YgpAD0tHXQBp62lpHQ4GDAQRAsg4mQgEorQxmns4IQeEiIw0hDAYRRlGus0RKcBiiHw4GDknqe7hLAIIqh0JBSkCnQLSMKdWK/XeIaiIZI4V5nmPFMmlLrmVSZBtBAQ6mQeXHJu6h1HqRrkAu2qf6tQ3HQZ2JMwlOripvf7izbIsjx8+pOYbDJDoyQER3dSupl2n3ZR0a/CAQgQcCamxEZUX7hZA6bwmNveMykNEBko1C6hLkb42IRkqj7Fb8bCwscNDQEZ0CCfkwpkJZ2u7alit1VkgShXM/Veagd0hUFNKnsl9xJJj6LAkxY7dFIA7IFoaUnP7kC5VyIor8zspFT2pHoScS+LQFTsAyCAxJ4PWITC6BWUbkKVIKYC06ZaFhXU1BwQKekIumZlZBGhoV4ugyM0ic2Hmwhmeod0JSXj8PMwM6Su2lCyQEIWpdfUnmNcwnBAhkruniCKS0xUOEcQQiVwdIVMQo3unVDOlGJKS/kmpTkemIZ8ovfX7r/3FFzLtMuObMZDZzRHRwDHGWxqQW7QIYA5KXwZh5hjmgCVNZUFjkRoQxAyG0FblUogFIAgwANfrNk1TzoPTgDTVCoETT9d2dVV3o3Byj94qBp0vUxUH0+WKCEBBLFBqrQW4YC18eGlBMhVX9baB95vjPtCw0Mx7N2XCwjDtDh8/fLfb1f1+1tZpv+8tbp4/++LLL37+D37y6vktMZ/O11/+zX/+xS9/dT49au+H4/F0/9s0EoAbC5u5oTEzkZgqMcGI8mUkQ7OMwgFkgnFvBTqahSpLIRFmkcJMRHOxjF/Mle24F2NIVdx6jzDmUtz94eHxfD599+273eHw4uWLL7/87PO3b7/8/O3zZzellFrL8Xg4Hvbp5COkMhUhRkDh7FE9ILa29ou13tbeW2v3D+dvfvvtp/tTmeQf//5Pf+fLF7i7bQ+Pn//p//pqa4BcaNAumEVNEZPd623bkFAyTztN4nkGuGOK1QgQc3Bi6AkUwd77j8hMiIxjDCQioK46HLUk5hoe3QE8gDSt5EXEPUlwGJknD54DEzUVKq7uZsmqA0ehggim7m75OOU0Z6wQ0t1i7uFV2LTz8eZf/vP/7t/9X//GlnW32wE6dMBc0AIEYDeDyL0YRwASAHLeboxIJMnAzVjAXG+QUCAc9odf/OW/B9sKz623vFW5FCRQNRxpmGDmUgWCAV2teRQSccBcBV9O99fLxd2muaZl0AFUu1h3B0dvPO1v+ec//eLzNy/+41/8+/P5h3zWw0YCk6uqa50kMiV+EK6J0nkU4YE8i6BYB5YSKGoruplqEWGezCEChAsAa1e53K/LqasBwDTNTPZ+/fbF61c0oemGKTi/XPq6MANhlC59bdv5JEV2u10gVhGzqKV8/PbD5eHh9avndJgv38H3ZtEMrQl7733r6/n8aNrnUo7Pbtp6ff/9PfJ3s9C2rm66Nr3bT3W+xal4b4fdcZ7n1tdSQGRSVZh2m/Pt2y95ntShzLvrcsV1FQQSnrd+e3dT67Sczlvry9aOtzdE8uGH71vToPL85QuWtm19e3yIlECICFDftvOnE9UyH/cyTde1w35vnXRd591RaOnraq5qmzBrW5dlcXMAam29Xs4QME1TD7ysK1OZ9gcvAiiOPYS2Oinu+XYH10WON8DVuNDM8+2zMs0PH35o27mdHtfHTyIY6tquiPDmq99tqu9/+3dcdrtnz88ff2N9gUBNdjW4Ab3+yR99/O4Xul4JEUgCIrq6ZapNIABFrNdTFojhFBBMGJkPkxFWAYTsbk/akuiukkh0z6Arm+bpej4RIjo175QuyTT9qUc4cW4BiCXLRO9dE8KVrtEITFNolltSqvaeK+acnDITBmzLkkPGGDL4qLsJie8/fmIhpoEayUk6C7kaC0EYEmJQmAc4Mid0MKsLJqD/H0Cc7jtmwQAwta01EWFmgCyn0cMJQJgSQokjmJASg1MLa4em/fnds9PpMWsoM0dAEkIIEVbIpaOmoZIQW2/MIsyeyEpKKgqDg/YOhV6//OqHD7+dqEBw2lkj6eG5L4iQCKc8pAB+pLkBEiL7iKvBbhaAU925WXNlopG2lrC7JzPbm9df/PDh++X0mCkGxIgoMdDyiEjb2jL1iggIc5mRnwenXtoshDmHmqkUMbfnh+fTNH39zTcIQUx9WwO5Tjd9PQNzAJi6ggNAfpABVEV62wAQgYCTQJPKaQMa+QiIWOv82dvPfv3rX1vephHIhEFj4RX5STtzSXMHDfK0DbcJgUcQMEQwJA8RiggSNdeUR7gZUnoSiAfbOwLZVCNiva7/zb/4l8u6/sV/+PMUeAtxhiRBLoCRAmzIJwaFxRA5MvkrESuIDGza81IBYKQwU0QEgsJipqZOwt99+7WZFmRt6u6EAIScOaw5JwaXwulUZRLAtNsqREbMJ4MWXS0FCGoGpoiEzJnTlF/czPbKyTQwMFFYzryAJT/5rLtHe50iFDXlIsiCxCLMwsPJ7pBgzfQvZ7IWBkCmi0GYe462cZiUCBAtsYng4194Gg4wAlj6CFOXQx4OyCkch1F8cGQ2IUL+TjnopqF9QZYyF2GhiAErNQOgCmCtWX57I8DU1axrB3ciUlft7gGOTpwcV8roCbVwVUIKGI6OIhwA4BksDSQMROphGS+ctgeIfC0mdgdTz5pjSNMg+/nU9xMAx7ABpOQ3M9XG++YRkBvCPOERhMCDLJCXtb//jb74iqigpFCZwBkoCNnVxvAjyV0phgAKlCE9gogA4kTWjAlijEVf/Ah5YpaIaG1tvddpGpZDz7juKCJm0LV1bIHIUqvhcr5H8pfPpwqwPa7gXkrBMAc3B7cOTdslIsLIcol/fPv5tL+ZXzwz1wDczdN+2g8OVTgih2ud5HBzsy7Kgc9un714/fInP/3q/2PqTV5uy7L8sNXtc86992tfFxEZ2ZIFqnLJvSxIYTAYBMITDz3UyHhkjOf+DwQSxgZPPTUYIw3c4KLABVKVqihUnaTKyqysjMyIjBev+7rbnHP2Xo0Ha99XlQSZkPky4vvuPWfvtX7tt7712TROoPbNu3d/8mc//vKr12tdAKFMIyC2+TCU0cMJyNVF2F2BqYxcFw2zQHTiUgoGsXH2WCca5RQEmJuimYYHmgVbGLuIlGAWZooIVQXPDj0PEFW1CFB1MGxNylBYKECb7h8fH+8fvvrqV9M0Xd9cf/bJJ89fPH/27Obm+ur57dU4DYOM4zAMIiIChII0bQZEMLB1rcfDfDrNj8d5v386HZfD07Gw/OB7n95c7ny6sFO9/J1/9tnbX04AMFKm0ramhEVYrLlIwi4gwtNm9HnJIB8mTmMVIKF71gF09z6kar4byaCfdkGpy0QixvQVMrK7IaKnw0aSH3aMZE0jrzBE9DALS8d5GbfaGuY8DmexGYNZIIXIoKqIBJSGgzPawgSZQ81oarvd7kd/70d//K/+cJ7nCFC3sZSmq9U2bjYQDObnLAdDIA+k8Awatu4JYes6uAw8jfBo2kQGBECc3ELDhfO3d0IWoUBoa2Oh7W4bSKfj3hEDCVGDKKMgGCA9GC6ISK1WCxunYZSxtUXVeJimiWJ+/L//n9+6vL6u8xEC+rtLVERKKbWl+8nS38wiKZgGxGVdiXEoYxjMPo/jhgdptY4oLbytjZDndSm0FBmGcVsKe6gFrMui7gIQ5tO0LQMeD09+olLYq6Z7UdsiLHU+QozRqlAIWFuOEajhUop7QV8g2uHunc+DBs7LMp+O0yAvbm6KjLQZ5vm4zKdxGHjclm3ZNbT1hF5JsLVYNVblVX0kdC9lHOdmjmVzfU0AzSvSlqHh9cvZmcqozOVq9P3T2zffXA+73YupksEw7O8OQ9hqkKnQjkV2m1a1NXv/9h0zrfMRAsp2w8NGDVrIZnfdMO721YNvPv81311dPjvNr39+OtzPp9N6OkWEa0UIlAGQgUlNT8sKTOFQ3cNQxi2S7Od2sbnmy8sRxdybr6pKFoHl8tkrD//ml1+i8LTZ7vf7Nj/5Mi/7QzgsS9VWmUS1ffjm9enwGHWG2P/i7S8ZnLm0WsEaADJTizie7mtbwhW8u+zdLJfnpMcRSE+PTFxkdPemrZkzkSWCw4KW7ZxGHlwGYAg1NQNATzUvy3GZX376a08Pb6yuWeMXoWqI3iW8wsVcW6uIhMJmYc3SwMaEAKSq5lqkpNoUIc6cc4Q7pHQayCMbixK6xwio65pcazhmCF5K+9NAVc1TUJ8XqUcMm5KRoGY5/mpqJQCCSEjI1FtrzYBSSE5k7uYqKAFh1ogIuYS1CCOS8BAijTwDHJ0jXGtr2ptdRQQdiRAcWmuAoM0gQgS7BVpEykjoHibMDcBNSRjNMgbUwYGZiLQZYs8Pzf4VdyeWwBC3GMYyTtPxcCDKarek5iNRmTRAIObi0r3wPTNUjZgCHAIJ6a/+6qfAMHAxc8xbPVJg0WNt0i/YNcA9BMOgu+IAAZkBMdX5lkpWZr5/eAA4JwtlBZHW7eVl1eZt5jI6opSSSo1htxMWXRZkJiSzYMKEyuPsosjaVCJWrV98+TNGIpC8cyL9FObEkYZKQPQkSQACING4gGDE6KlNigBMvZ/CwrwaE1Phpi13SiL+eJcBUAZsDUWAvZmO0+RgREwO+eiEu7sLSUDOBQFMkeIwFEjBDCYuzhgEEqmIYWRtZoncQPQoVQPk1PNm3kzi25Dq0bSmImZ2Slrrg4iokDdD95Teup+jiAKIs14ezJxYkECr59xNRElvpFqOmFOlB9nPnOz/2WGHSIzMxE5u7tUNqhJyGSZGRnIahAgDiVInk9OsKfYob4gwV0tcOQXCyJSyRc9JNlUukE9ZBlKYgqPl3Ayezt3UwmSLUACkibaL7brsT4iYhQhESFgAoalHtwU0BAagai1zQFMJ37LcD5wAq7bklxBBhIgZERysqrlGegnNLTNiiMkD3LE7+RmBULPzK42S1DkVTPdDkFsFAuFiEZDt0USA4N2dwpS28jMMnxA8IZ9/79QMpUoxUoMoFKEAIKUu7cOXdnEDAKpaBkEWd0tVZk9MDc+kUMwXDhU61moBmXTECLmiMYYhIjNrmLXa/ZpuWmurS2R0MaG6hRsXSXOxIQKaIzJM5i11RNdXt/Px8NQOAgKeIS+MEU7gQeKKwBZgrt7gw+tfoGxuXn6OpYzjEIfj/nG/u7zELKRxNK3zqb54vqlrfPe7n33ns09effry6vpqkDLP9S//8uc/+Yu/fHh8jAgmPqkLl7ffvG7rUsoQHkCoupgrIpuaDIVYIjzcQlEJhIuDCYm7Re6mnlJD6qIth9wDzIlMVYULCwsxl9IrGl3N/LyrQ6RmDDAcDJE5o5/M2rzoWk+Hw/3bd+N2s9tdXt9eP7u9fvb8+fXlxTiNhWSzm/KlRgJtbanVwpa1rfPi7vNxFhoudtvPP3n+6bde0s3t/fv9q3/+T5+/+dJwPETrSacByVpEOBO0deUiaZw4LYu1CA8eODxRZCDMUMnIVhZIb5D3/M+ATugziQcU4bW1pgqZC4SQKMogxbJonFiQklTJ6jpECIMgYCA1e/X8Wy9fvPrXP/5TSMdEoPXKQIIzgwxBkLxrYDrqUtfbFUuOUsr+w/v/+R//I2/t6mr38PjECK3N08XVv/v3fvT7/+K3hlK4cPjZeE9RsKhpLsGIBEhIBKo5ooQjWAQFC4Urszh4hAsjE0KEWmutsjDJkArPuq6RvV8o+cpmrhcRds0tqQNaa8MwtOYDFbWWFFxhXJdZLI5vvjy++dXFbtpcXT7oHEuIYDjUqh7BVLiQawKQ+VyBZKqLpaQixs2uqda2R48YJnBgFgRuugIHAjRXgA0RnU4rMDNnz66rrldXm8P+CcvIu6nVGSE96yHMw1CW/XEY5Pb5CzXfP9wzSSDW1oD59tUrGR+4rYRhiyISD9N0uZXd1e7ycndxMd48Ox2PTe3iO9/fXt1Mj3d3X/4i2lHW5eIZveCtrbMDOOFUxu3ltlqgyNpsnZvR9PzV5+30eIRpuNhdPnvGwxSBFcoFyXY3TuMwHx4/PDxUwyjj1asX5jHP89V3XkHo/LA/nvZOwUVGvq61wbjxaTdOF8vjvU2XqhGTDpuLddwh0tOHt+v9+/XweDochWmYtq2urS22rtPuApG0BjETipsFFSijUQksCuqbSxpHpmE9HNd51br6Wpu2t18DodTjHtE+rCdEWk77DM9CAl0bhJnT1fWLdT220xNFMNPIZM3Xpbpp5vMwk4Q/fPNTSQKz21HyFAeE9NmHRytSEHFdG2L0aoq03CNm6jaAWgNCIWTT5mEYSCQ9vgcAIn7463/7z//0+DTv87nO1y0AMfP7Vb2L/iPX/q61h65NDqbb21fv370dpWBhrS0ciSNTp6BnZWgutNQTwZ0IRUpbV49gSeE3xHnQgUAmBg+iQgyqyoUCsLUWBiyckBWlqRTJ3ChxUgim0olUiOS+IwIJP3n56d3DQ1tW4R62o6ZCPMqgrpHVKADDNLbWNrttKXQ8HQERgtwUIqTINE2H/T6ciCndikXYmT/99LM3r78UKM3VVTEJdyQMf/fNF0xUyugIHm7mFMGFuZQ0SkkZBjWHZc0ZCc55DIkvdreCA3GARffIEgAEC/mamcouIujcxVsBhHBxebHM1VpD6kuHZy4hEHVFdVdnhsUZyczMlvBQzMDxcEoBCZA7RjgyRhBGnE5P47TzcWrLCRCcSsPGAUSDqrZa03zcozCSRcVOpphDIGgzEWZn6jr7vvEBgPf4l4zlcQhww3Esql2wxVKa1fAoPJpbsvnphTPLqQ1BkQzVLRnU/KAiW40RkMDAi4x//K/+Jbhtp8mqa0dEHdnRUiGK0CHTAARtToRIaBqSMabJoFtEpj4Kp069W+c9zBogsQgBmGefZnBhyDXewd0tnEmGYXSztS4evdXTtJYyIOLHnzoiCCgAiKi15qrhzsIAwIRag1NoQ2iePA+FO0BkAmyYI4GqA+Y/3x1dTc8YduSP7GAaa2t1rbSWaTtNwzBSOmEJASVctV/23SALYeYR4NAVw7nt9HZbDwe11Oqli58RIEIdItzcAJBTae6BiYcHkSCa5/AlJTuUGQHMVc1SYeUOzc0DAhUde/pMS81OfuvhEBYWgcyMzEycy4yZmpm5Uwh15VfPB8gvFIlydQ7EcDDVjm5ypgL0uz8cLAwQiowB4N66n5d6MBqyJPqO2E24mSBKvZwLABjpLLIKcISeWASeeClCodbWh3c+bYNHjwBXBgYukCZnCAhys0DIIIHshOpxKg7JoBIxdfNxt7NQcGZeyVAC0N2RWFgKD5kYq81UrbCkFzwAwrxBPZweps0kw/btoZVhKzeEiqrWotHZtIPMxIMQsPvSltpiCNqMsrt5MQ3ldDpGIABp+FSGtc4AtNT55up6d7l78eLFf/Af/nvPbq7y9f369buf/PQXr7/+Zp6PXKitamrb7VbN6uFJAAPRyREJpKhqakuK4DBInVdADgRdNQbiLJpBDg9wpyQUDaKLWCHXNjBPLt2MjI1FqBkLsgiLMIJbEJrlxxLhFmZtrSsTZ6kwMWcl/Lqupu20Pzx8eP8lyebicpqmIjJM4zAOUiTF9QCREcOE6Oo3N1e7zfbZ7dX3v/Pp7vqyTpenv/r65e/+n98+vLFx17Q9Lg2aEhEQkYOZqzZmfv7q02WZT8uMSOSAlG4vJ4RsaUncGTAwkofMFTKEJMw8Ol+b0oF1VWLUHukVvWARaLfZrbUejweILG3MSNsQYibUHqgMHOXD3bu7x/dEgA5hDkxwDgwMCPRYayNA4ujhVGc5EDi6OwSYubaVy7jsj0x01BqpOIrJPX78kz9DMoQgQg0PDw8rOMDZ9AKBge6hWVgW4W7O4MCcm3zGkmCmhDMNXMxdrTFxd0q7Z8ORWcvyNwhEYo3AMHcxg9psEJh2W2tK6SjigSLVU62uFXBZ5nWqFQB83XBoOLg5DQMPQ11X9xAWZAZU9HBTx2AS6H1OAZmw3lZEdDUp0tyYubkSQhkn11Xd3OKEtXBJyASJMq9gqfrh/lECyfzDwwcIL4XGYdxutw/v319d5YIhp9NAXA6nNhSatgOPW7m6td3F8lAnGcaRFj+x2NXNdP385dXN5XZ7ddjPi+B3fvPXTst88/wFDyNO2/v7g50GKut2t+Pp4v3rrwBke30TJOXmohCpI65a90eEmJ5/ihe7eVl5nPbLaSIZxuny+e317eXT3d3D/hSrzQ2m65droF+/kjKub74xx3l/PN7vl3m+fPaKr6+nYYTj4WF/GHEzXjz36ndPM0AggZQ6v/3FetivD3cxH9f55GAgrBhB1DwA4Ph0cAVAkDJWtc3tiyXAy4bLVmvD1ozk6eHOqo7DxDxePH/+9HBHoEDBjNOm1FNt8x6RwQ3RicnNuFPiNk5SW5BQPc1sWMahLooIw1TM1VJYRcggEFxbYwa3TLvG8BwAUMPcwqjHbaspiTD1nIdhHLVp0xxlsAwSAURlrQYYpooZV0EwDMPv/vb/wUDDMGok7xQA6erzXsTbA3cwwOCcvNkh/nBzJ5FxM9lSCwshBUOAC3Om0AuRA6D0JP1WG6XdDoMHsWru0ctCAyIcAavVcRq1aTRLTyoixdmEgH1uijg74CJAwxGJCMwUPWtCoZkiAwG2Wp8OB4wYhzFjzDJfNSAcOMBqbYWFiIhomVekCjCE5qnRUm/jamut2W2CDZBxYBHhzc3tf/UP/5v/9X/5Jw9v3w/DsKwNiNw1MhmDBoBo2sbt1t1Ca0704zDUpaZafpt4cwaDBAAzp9g0xRRdGtVPRcw07rNSgsAh8yKzTikpXWRBhLrWNFXAR/gfIfMQAHsQdqrpiftmwSxnGX5OdZAhr+ZRtUsSiZgo9e9+cfW8KTgEl405EJIwg7VSmJjDDLsZK2QgJiZG83C3oRSPAHRGtnCAlIIjBGTVEXVnB7hZGYqdi9IQQESWOn/+3e9//p0fvH37mlECQJgzFwjOuXARgURuQZISfXaznKPTWZ6bBgICsKol0ty/hZwePbHbnpcOgO5BkAmemRud6rNITUjS3kKAFATsoefmG0DE1rTfRxGYGSzuzNTDrZL5MDf1jpVjIOA0Tbc3z+fl1LSK9FoGTYYHASDSDFo248Xldj4t2TKE3S3df5mM9OtDIiXphr1IOCLcEJFE8rLsYnSAfP9V1TNLO7HBLtZCi3MFcLdm578HACBxEuT9MesdGvmMcRf6ne/mtHEIc5GS3WQIRCRSOIVMYylDESD0CO2RYRGeJQio5h5h2CP5wa1mfZdjRhV5ij2IWURKSd7NwlzNmnvmZyJ6V8klNhARyCwo6NjT/vPhAUAUTHYDCJkZgtzdw5kKMffSAewoZtZFCAvAOXOzk1qe7EEgEEmO4on2pbifzVg7kUJElNEpkAUKLWgIEgTPkhfohVMpF0j4IDooBI7RFcw5QuCZf/AeYgtaV0Act1N4LMdjWlKGzYaRNtMGerFBcK/PHQOotXU5HZCkgXApy1plnFgEC/Ew0TgN4xhSWsBca1MIlGHalEG4yLi7vH7+yt2Op5ObX17uNuPk7gC4LOv+8f769xfO9wAAIABJREFU5vr29sVv/Du//umrF8T87v2Hn/zk5z/585+9e/NuWedh4Hlt7jaMm+vbZ19//dXDuze57uVfjFlScH4aMwwgP/7eZZvmM2ISESYhQUlFwVn80s/L1LhFgtvWvTqd/w0k5lI4D18iBuxacJb8EQKzZDjDgBACQNVqq/N8qusyL8fj6fD09HT3eH93d/9w//D4+JgKWiK+urq62u1ePru6ub26fPVypfH4B7/3t37v//r+093T3FR1Z/q/ffnh35zqCMgiGhGIQhyAV5c3j48fIhwD1FwkHebQVXiQxh0Q7gGd0TERRGQ41wllWEVeyUx0rsCkPE0CoLZq1sIDgcLP+kcEGURYvCsSU+qH9hFJTOoMkDCDRBGRzDQijV7x8abD6A13Hhl0wdY00M1N1VIQyEDa2nJ4LDKC41ngBEQsUtLRnr4CREIkJDJtjCgsalmmh+odpwBAy8J4FHUDBOKSZxEAefh0sQtmStVUT2qWjO0OhHGcsAxEbKbuoO6XV5cySEQ09XGzYS51rYQ4jmWYhtPxiOFqVtcmwsg0bjbpemjr6qYl40jcvFW3uhlHlhIR61rz1obwvoMGFOFSSiRjmYY6dyQOMCkFwefT8fL2OU8bd1jrWlsVYSxcNSJiOR6sLq0uUXX/8NjmhcCr1evb693LVzBdUpkurq6WZbn/cE8yTJfXZbPhYbx59mx7fY1lhHC3Vgjqaf90d3d4fGx1vby5uri+Pi5ttlAZxuuXt9/69u75i6e5wbA9HFcuw3CxvXz+3AJanR/3TyJlXlZtrS7L6XBEwnWtx6d9rStPm+effRqbnWwvm+p6fLLl5Fo3N8/q5ub6uz+M4WKtlZjHm2deNoenx8e37wrpUKCeDg+vvz69/0aPT/V4OByfuAxcBiRS89NpBsBhmFpTGScvU0wXjUe6eNbK1oAjuKmOYxmngVmOh2MpQ5hLKVjGy5vr+bBfT4eMgjgej9oUEVXX1qqbm7Ywr+t6fHpaT7NQhvMEANZaSXjaTAZR19qdcB49dB/yDc38aFA1OL+AmfqP2AuqzN2amjlLAYz0Z3IGbqRWsTUSDu+pXmbuDvmTqJqHd+IZggDMnBATG05kKse/nk1CGBClDK56Ohwz6aebHhlVNSFwM5fCxOyeKfjMxAHR1ubu0zj1ZMKk5NwJGAiIcNrtpLA2LWMxd1MPdyRIRP98xSEiIBMEZVRZoviUAVJEWQgbAGOZsg+BMOuPApAYCJkA3No5Uz65R6BSeF1VzUuhabcBxGGYTLU1nTajWyD1GbKUsq7zH/z+P9flmCBI2pohMKwH62UgmgeoNddICE6bmhmGM/CYpkCg7ioEDwLMyZ7ytu7zPiCiqyOhRzbt9OjE1Pmeq1swzF0N3LMgjIX7iXv+QlOYgoDSD74zBA+BAVKKCPXh0ruSKDUYmeGOzA4Ybgpy/epzlO3m+nZ7eVOYwFpdljBHJDUNyJ2BzD00wAPQmbiIZHGKqSECMWqzbHIICGKKQDVjJrfY7S7GYfLwVtMtju727NlzHob3b18XHgAQM9Dm/HBnTpMUxqyyMzPLRneBrttOJVmq74GIgDE8CBCF0qiBnCsTRTj4RwEOuCliiqbSXunhGZuVLDBmNKeUYZwmC2PiiAyUgMJs+XdDRAe1xoyImElbee1ln1dew+u6znUm4s24kXFQbfl5AoGbMZMUSclp4t7TZsrI1EgIDSPjx5MTwL74ASASUKdoevhkou6QDWKZeiosTEWI02XoXafR4WPIOgui7uztHqLS3QvQdT+YODk4kxQhTDV67lXYPW4IEJZHXjAzlxyGgSR3o5z+rTVTCzNo4a3ZWpuatwh1N9dWVdUTSs0etlTdsYgUKSKIZBGmps0y54SIAUHDUx6QSUgRgIxUEADdQK1nMqQMKjMiAdObR547ECKJhIeZMlEmmqc7hwslfpfrA3GGpfYYBD7PnRm8lSkPKfgTNQRyTGKX0idEHtTU6tEBSAYIIIAEPPInxJ4qev4vIFLRgeAAlFdO2jtT3B8QbkpIJBLuy/HIiCScMHa++kxk7qqaLRxApa4na6up19rN800xzDw7HqMXr7IIFy7TxMNUpg2V4kHT7kLNqlYH3G6nzTiY2dp0c3G5rg0jbm6eP3/56jvf/fz+4eHf/Ouf/MWf//Tt6zf7497AmWle1vCYtuOnn33r/uHx619+oafZgRDZwDyMAgkZOZUZ4WYsgsQQBB7MnKtvts8TEDHncFiK8CA5wqeKPd8F6GH3AeFm6m6m6UazMMd0kjANgzATF0khm3mYuTloy2T5nFcpK4eTOsymsdbMzIhwtxlvb66naRp4uL2+HMdy+9mrzfOXD1/8kn77n/4nX/zJd0LvnmYeaBxlMv8fv3h4s1ZoZhZmre+QDsfDU7gLlQiHiJ6vHxEWLORuebmYWWbAJuqHANbHCyIm7JcLUkZCAGLmHnSqNjBNa50hQ8rPKhwBTNVUCUmy1CUQsU/YuW8TAQAwIzEykggTc8D5DKR0KzEigQcRdkwvuw6ZkyjoNy4gM6uH40eNJbonk2F5OeZhkupZGoaLy+vD/pGHMTrvl8sLxVlwyNRF0sLFzK21dM41bYik3WUEkKU0EQZWhoIArrYeZ6GzY7IuGV2CEGMRRGDCsfC6LLaudV0jHIvwMCBzIBHJujYpQ/J+LCWYhAsGCAlgzGt1IBkmMw3M8jEYhiKIZmu4EXBhEZS6VhQiJtfVW0sZJktxYHVAFpk2iuXqk+9dfvoDJwZd9/f31pq7gvty3O8f77zWOi/eVOt8uL9nXXU5hFURPJ32pYxt1bffvAMHDNXT8e0vfr7cv394/fXhw/vj3QfQ1VtdVi2baVG9+eTbZXcdPIAUGKZGZa5qrjztmuO7dx8OTwdtVmurrUro8nT/9OGDtXo6nsJte7GzgNpUA9p6vPvlz+uH1w+/+tXpsJfdJVw+wzK2dTncfXi4+1AurlXr+vAB1sPhw7vT4wdba11O67IAwNPh2PKuMFxrO51WIuZBmiJe3G4++4HvXuDuNohrUyAhRo+4uL5BhIe7D+5RNhcQOO8fl+PeXZf90/xwr/Oprc1adW0Bbrp6VnaqgjsDZBqRrY2Y3Hyd57as4OZmpmZNXQ3PsXJpWs3ZztV6j1HCmqkmQTYAYjSzhDiIaRgnNaunNdDdXJhbVSqZLJjRgl2Gmu9pHn1JHRASSaLKwEQfd3XXAASR4tlpZ9bTLMLDopQC4Kbm0bUbFiBS0rpu2jJVjJGrVmRkkUxdb626xzSOEUBMCGjuRQSQ2rqaVlPDLudAZPB+oWN47zUNz1ZBdFNAB4Cs0O3ReBAiDOdyJyZWV8BIxWXkwZY+YEwJn3b1Zg/pDBIGwmVeeyc6UNafDttxLMPptLRWwd3WNQJTdgDnmTwSfIc+RyW3H+FMlBIAZkZClnGXYvzIMdu74rknB3Whce5/3NVBEVnJmg6BvhiY51fYEZ1ETYikFBRqc00EHSIlBY557/UCqU4FBABlm0O4Nk1YK8xzxCAiZkoHSQACCUgpN588+86vf/a9H+K4W5f59PiAaISw1vXi8vZv/ca///XXX6QA060Dlu5hzRIdcvMiXIYyDBzYWYnuXEDMz661tq4Ll740IwJzub//8P7t66FMqb9xDy7EzBBBiJ56/QBAZBFwz4IwN2dhJATEcEPCzG5HAgqCvkdG6uypy7WzTCkVE9BTSgGBsmc3Op4NMG7GQMLM4DGjwtO0XZeFAgM9e6dFindUC4Lg+bNXp3XJsKME3TNtOnf6cEcHiqjaUvqmzSyCRTLxJbor2lNKxExtqcg0bUpYPiqYkGSGWzFSgmQiOQzhOI3u4KaJ32Xns6cDt9WkaxwC0GUowiUvYiYsXCQfof5BpYUVkAjcAYOIIcM1+x/oD1gCG4lJBwAEpC+Qz/VngGBmzSzdmNpUzVUzATUQyQLU3DylkQCA6qFq1gFFVjPoEwkhZxY7moeqtaauniMgCROXSFtxFhQZeOqTECDAm7n2nzKXfkj7DnYdHiEn7ZbyRrNGQUigZtgNLBmte35EKCvz+kGWsH84pPkHeqceBoSUEduS0/u5NaSjBAEgEVBna6sjoxTkjg5En2spIt3GybZE1oanAgvOKWZZEO1hTVceyjhM2ZcUACLCXIiwWtOqjhlNSx5opuaxnh6zLTICrFWMYHIMz2w3KTgwjaVIBjEUGoaBhQB8t728vL5OYGLgcrHbTeP46sWrQco8z3VdAf3Fy5cs5c3XX3/1y1/uH+7Ulrou6oaI+8PMTJeX19/73g/2p+MXX/x8eXzU+3etrp4lIExu6qYJVkFAmCLzMEzQW8QjNaAIyEIRgJHFIhQeTCgsSP10zAOWKa36GTvWAyVcHTw0r253zf01y91S+kTUtzvqvh8kwNSgETMzMQMRM2230/X11dXV5eX2QqRc7nY3t5cvvvXp9Sefzft5/r3f+eG//H//7nJ3NQwK3rReXG62gK8P8z/62T1CUDJ5yU6YZyQxE1dt6f7Kt45SZx/JMENOBKGKjBAgIqmEIoLc9BGoSEn1DAmZpksbEcGT/+y/FQxDCejxZGkzonNfaXq6mBmyThEDHJPQstYDi9a1kVDWgUPu5ABmcRYFpMv/TDUyIaL39yKlWl3PjOkSI0rBZiaIYeIb2SYBZO63L17c3L54+/71ZrtDKaaNKIcAgAji9JJ5IDKXILIwRKKShZUkJBkIliQ5EQa4CKePwSNKYc6KVm3MwETeVNcK6K7GhEjQaqtVCRGIA1BNA0hKoTJtbp7JuFtqJRnG7UZYrNWmFXuDQnafOYFzXscp52MMyhLFog6qSlKkFE8RZpqe3efj4XQ81WUdp2TkkaSE6+nxbj4eiYXHicu4towyZGKqp3k7DX7az3dv7l7/6ri/3xSM1t59/Xoah9vnN1pXRkdd3n/5xf2br0/7R63zbivCEVqPT4da67i7LLub6eYZTuPc2tPc+OLq2DI721prh9NpOS2mOm53aUG8+9VX6/6evfpyWg9P0VZvy7o/7u8efNk/fvWL/a9+ofP+dHiKAPVw4A+/+Pn88P7icjdttuvx9OHLX+7ffE3h9XicT3OtFRG5sCcHD1GbqUMQB4BGOE82Xpbn35puXzVVa+u8v5+PRzMbp8tpd+lEjohUyuZqvLw6HZ/qcQ+tqq7raR9qIsW86boCBBOoGhOGmbulc9K0IQQEtNYsK240bREQ7lpbeE2xsgFkCQj0syabSOAs7c94DBymcTNtWqsYQUhuEOA5g3BhZiZAD+BSZBgQw8y0WeSbE4CIUoQILWXZ4ARo4W7ep2ZAFk5Gf5ymdV3zdT7v3sDCLNlz0s+gocgoAxCO44QEALS2CghEtNltLq8vl7mZ9kEciZCxNcUAYgAC5oIA1izL/sK6FjEPohxr012Q4GWXBRExU7c2ZLyOBwkhYk4FLMwpUwxnKUVKRg+n9oUFmJBZzmh9AAYyRoAujRAhIE88dw8HEcrpI81uCSd3AQWxNs2rIyBVuEiM4BnyIV1S3m9yYC4bjF4Xf3bm9t8401S6cgcBCcMi6cfc2/q/oBetI5MwUYCaIYIUWde1bIZxGLUpCXbzR49aTKQkuVsIQqAeSGlm1lxEusGt/zg5xkRHKZHHzW5z9bzcfP73/8Hf/+/+4X9xv+LXX73mqKoLAAiRRiynQ6tHBI4+NkVAmId7pNwjL8hW27iZtFlTZcB0jyTzlbaEHG2amlsWa2TYZ8m6V8pOirQtq2dTqZTS1DHvs9Q2lsKlmLs151QBYArhI/W/cH7lENPlmUdu5NqdlvOPyHfebR5OwuDgEG7RmuZoBYDgvs7zkPKPyMQXYiqtKUQwExBzGVVXTEFupF4cmqq5UeK00amhBAuJiFG8J6ICE5p3y8DH5wQQh7G0taUl9KOeJx0BQJDq73B3BwxwcyGm7kQUJE7omlDSbYDuppYNxJzFhD2L7CwTjv69Jhyef6X/KdNZ+0PkkNKcfp/3DNH0mGD8DcjaoJMVlqBHVjEFWPQ8z3xus5DcNLVIAESOYeaYdmFmFEahiDB1swxtScNRIPdzH7r3hvLrRsZOu6mpZiQXdMY1P7E+GmYTGQQEiwDl0RDEZBaAyMz53RFSxFla8tETjDka0seXuPc3RSrxmMcd2Aq1JrqaCqiMUaJEUp2gqc571RrIJJLsH6YhHtNNBX/zGUgcO/8zh49u+4HQVZMX3WwupmkTxBlIlBKYtE+m84uJ3HE57t0jNVCIhG4RFlqtqbZa18W01bqAuZuZG0YUYSEhgovdJYTP81xrHViIcF2WVVdvWpfjZhqeP39x3D/qsrjWpvX4tF9aYxnmeRmn8fbm+ns/+H5T/fkXP3v/9q3d3/OHd9IaWnU3B0YSgPRzB51zBYoMKZkATA0QeTidx0hIggU7NEZMUphFiIX78Nh7fNNLCrlZQUBk0QSEg3o/QLCPv8QiSEjICbC4hym4o5q5RXZUSRmEiytyuow3m6tPXlw8fzEf1qc//INn/+K3/s43P/vMVmJ29/3941C4yDgs9X9//fTP3h8HbdnqlvdkZlPlogIA7jFISe6h6wy9Kz9NGwkCshRRTVt/UkiQ/gCIYMbE0fuWmysoCxOVIoDknl2kWeqe3h8ghFTsuFv+nT6qpzp7n1hMBCMhsGse8p7fQ5gBYP7p1AwlJoOIrtHZXY8zx9htb5i3QN7cHfB3TCVW9I/CIYZSDqenuw+vxzKaeoSBRZExW7GZMk4tch5Kv1ZECHMu01lEjIQinEblcMtxErssEYFItTnkOJhPRWT/enZZttYQkVmm7VRKMYdxe7HdbhyoVt9ePR921zJNTFxPJwaqrZYiaTgm5Gw7Y6Jw16p51TLLMG7CooX3pLWA8GZZsBjobhieUdl509V5XvdP7fQ07+/R2jiWACEpMm5oezVe3o5Xt5vbV1BGIFlrXdY53ACpjGNb236euZQIALWH92/u3705HY6t1bVVFpxPp+NxQeagYsDOQ8h2DX88nj7cPc1zW8znZfVlOd0/gK3Hpwev62YcVOt6mqE1OzzF6dBOx8d339hyLORPdx/0tD+8exPrsZ32gqFmFjRdXK3zTG3Rhw92OOjxuL97a/NDfbqfCrl7XVZrWfOq4T6vFYkdwAJZRgdyIpSx7G5i2Kjbcng8Pd57ax6R7Q0QUWsNq8vxCdXm48HWp2V/V8KtVdfV3QESq1LqjSuha8sq62SuXS3pJjN3Vbc01qtDkgSWvvfox26ce/dSf5uHt6U+J4E/VQ3VPHKByLwRS/6/61qLDAS0LksKH9Z1dTerjQKIe5VpeJ9oU+NOKX70LjECQBLSVUUIELLwHpJO83BzBEDGpEIRA5kRUYSb+3/0o//sv/5v//vf+f9+y1W7egVwnisiumVLEiSNYOrd2UyAmX5rjukmhAAEzskLgKFv3YlwESJwCmQCwAkk9SZmPpSSdeUZhE3M4Rjgba3Y49FIm0J4GcZEY82AmNU0dQk5+IiwdmA900MyPB8RSFXTxUfCERlOCtGVNl37EABEgp7ynJw0sgy0LzQBwIBDyvA7LXGm8vMsjoyKyWPVwbNVQYqb9d6DrEfNmz2pf0QgJEnhBiNCXeq0GQHAtTcARVfMZg5kCk/y1AXhzOQniNQqRAJWH8eHQCQCJillKNPFxcvv/oP//Ef/5Y9++Ec/ff3Hf/hHh7v36+kUWpNhWk5HEcEACCOmrkjI6bXHxQcRmWWTQXdy5M8kUpAQw/OITxams9xn9iCB+CSIhRkiWqvPXjxj5lorMxEmsesRWKZhO23rurq7SGYBwZltAA8DByYOhGSvkldhZGTKF7BDBynJgnMLAZG5UebKBSKCuSJAXo0QabmL/KXctfPZRO4+zwdCoIxnyesTADCIGSDJr0R288kgIgBHByOmQCxFiNEdWIiQI4KEVK3WhoTjOGS6FhVKO6wwIQAEuhl8tJQjh7u6EWHmcVskFgyIkEGZTJwidCbJoC5iZpJE6Dq6TWcSKX/aTsB0BVJGuP41rYJILMSSQkMLT3GRn5MuzELVc5yyjkVQPhx/44HPrh7vhwJgOOZ7i0yR+VH219QqEIQFIIoIIkUPrBFENDPzrKZDdzdNFhFJqJNz+eVLiiPyyc0MECKWs/M7Jc5O3D0cwpyjAea5gX1/TlIiN/mAs8quW3GQEXmzk+nC5j2kVDkl/mlrCKAeuYYQga16Pao7USEuCSTwx08aMk7tIwcBERCO3h9WQiTO0FXX0FaXxQFIeBjHQab+NXM/8zuui4iEdV3hIyQL/RPJsPwsYOo3l1tbV23q2k7zKRsa2loxpTCEZnaaZ5bheDy8f//u6uoKwOfDsWpV08Pp5Ijb3S4MLi4vn714/u3vfNstvvryy1999fV8OMHjB1mWEkQeojXqaq7YVSeYOWHaZkKahqGLVVJ/1q3YXXaSUjTqQnGCSMKTy1CIhDmLwnMBgA7TRPQ+C9d+/qqZu5t2PrzTeel+IiJGYPOU4rAUIeYiwlSKyO5yd/n8xXB5Md896J/80c3v/vbfvf/yN4tNRRSwtdZOCzDuri9GgPf75X/4i7tv5pPYuY8AUsZPad3J1yUPFS6s/vHwzO3FEXGz2Q3DqNq0GmWGNkI6edNg1vOa0/9EFOAW2dAXAKHaADKDviFl4IH2az0f1jzlIhKqOKd89DNBOBsYsnmDkeAseg6kBB67rCiLQsPznAdM01GXLvVn2iJlSNSRkI8n25kG638y127gMHB3QhZmpDge9yIc6ZbJ0waoi4f6gQ8YwMThkeMLi1jH/iQiwiMn/vTqIhINnNEmm+3U1Jk5Ih0EMZQhANxDzYmHq+vbtWprdnl7u9ldu4O2pc5Ha3W7uyCm1pp75OmbI1SetxAuQkK8LrM1c9dpmApTXRd3Y0YmtqbLfHRzDFPXak0KS5nM7XTa1/Xk2oqwlLLOa6261LZ99urq5ScwbHdX16dlqWYh2+Cyu365u351efOibC6MeNpd5EF9OB4eHh6WpZVhpDKM210zdB6jbHDcDVcvDGip6/sP94fHR2x6cbFV1aGwH/ZPb76GtpA3ajNoO+0f63xEbxuy48N9m4/7p8e2rqotTE/HQ1sXpEAitViaYRmHzeShp6cn9GZ1UVM9HXQ5gWl4nZe51crEKIwsIGNDomEatpskd9Xt4vpZlGFVH8eynI7MJDIYEMuoQNNuC2FPd29CG1htp8Nyfw/tKG56WubjAQCZwd0gwt0KM2EIsTVdlxphBJC5+0lqWWsIDuDqBgBFSniYGjJ7hLubOgAQdsI5j6h8ihEBiYUzkVOJwLU1089/+Jt1XZbjE1EhRmTAMHX/jf/4PwWAx/s3lEHqKIjobgHIwqljTFM7p/3Pwy1E+OMg3vuoiJZ1FuaIMDNOqXlaAv0c+JeF3A4kVIbh3bu3X/7sx1YNAJgZPMeXWE5LJ4pZ3Byxuy0RKAJ6uCf2l5DxPBkhIYK7YYBICQhLXKFn9UpbKhd59cmr4/Fo5n2h6otTWGtINIwDsRBBuJVScqpMiDllVHnI5KeOhLuLnar144YpE8oy8gvOccmYjj4PpK5zAeaw81TUbZCWl9FHMD2j19CBadim3qCPvQnzn+n8PHoiA54AssomPFjkPDVk3MDHLhgCShNmeAAT6WroAdBR0tT/Qs+N6JMbcEcKMdXciIhkGZMHCJi1zOFuqUJCkEy3oHE33nxyVPqDH3/5Z3/207tf/XJ5vAtdCNzNCBB7AHOPdyTpq1uqafJmyeyqPLO7jAzgjLhjq417AGWfMfoWChlUh9QFEGAp6RGmUsxNaz0PJJFBGRFxOpzoPEf2+RQROL2wQcQJN8VHcyuCWTeWQXycBEFEohMnue/lxkBI6Oa9vjJRmAjkM7uEHuE9mjMgIO8Ssp5bFV3kijLKaGG5SGD/uyF3+14YwouXz1trdakQvRB7GCQwBi4eIQMzc6hlGdBmOwnRvF9Y+qWeOKEMnJJ0mcp2OwGgJT/FRERFBAhzsCXmVAKZheZr18G2lE/kc5IEBGTtA3aFNUX2NUcEYA4rAV0n5x5m1iznJ44ItewFQrNI8Zt5BHo3IVgGMLoDIoTFx5csh+ku90ekZqbmmQ2cqg8HzxRkYkLkfHMy3d891BQCidGtezwBkQtBgFv0cENOczxGBOY3j0hCDu5m6b/NPYSCc4bCjJrpOQodjKce6ZAfHWdlcscMziv2tLsouxs1tfWYssK/1vikPRyTuUBCFA+oJ11OZg7CQIQETFnQ1/8cwN9QHiUk4R5hkDWHpaSPyi3/F23rGmAINE6DSCFhkpJEmbsP0yQygPdISKYe8E5d050zrzBDn6MTPgHa7LYsY4CD2TSNlxcXptbU6rqe9k/rsr769DMmUK0ycLiTyNXVJQJdXN+8/OTVtz7/Vq3t669ff/XVl0+PT0MYvn9DLZc1AI8hYGhGdYVWzTSCgAWIzBSQiVMCi0yUbc19T/3YzHYekvtmFgAYJFSYmUWYpMhQmJAo0yKJiNB7FUtkg4MnVtFRH9fWYTozJ4RSZJqG3KJ5KGWaynYary4bwvzmq+HHf/r9f/tHf+fu698QuxrFCy+tgtogdHGzG7abDYkt8+/ffv4//dsvLtDCydzPvn8izrvVzQzzQree7pl+lc4G9tvH13UlyB4CyliMFAsFgFobhyEVJ4BABLW2v/3rv7nWdppPmF5hQhL69mef3z095D/eo3N3OaEKSW9E6Qd8AlRJorqngxiJiYahJN0aAIji7in1MfUyFBbx3kyfnuB8prHTiXgW9WE/S+PMXI/DkL80dWArvUwO6aoBDFcS+f73f+3u4QNLibOfARBkGEgGNY+eMZCNmUhMaRsg4jIOJAMglnEsmy1RabV28jyi8BBB7s4QzCQikAprwEAk5mEYW1PVGDe7MpXT8Xha5tJlQ0sR1raGKhExCzOaaykdhrjyAAAgAElEQVQc6MycWRStavJ4KfAIt6xPKaW4m3ozc0Yya61V7DIiRoTaGjLXVtFdW6zVh2kbGGUceBy16dPbt/dvX9u6PH34gIC7iysso7nf33847J+mQR7efzidDtq88Li0FZifvfxMLp9Nty+Hy9uLZy9ps3ual7XZ4fFJTU3N1sWr1mU2U2/r4d3b0907PR3afPK6Hh8fhf1yt533ez+djvsnbeswiLu31rQ1kcJEp2Wt69oUa21W6+lwqKcThFWtta6pMj8eDnVtrTZVBUAPGHZXOmzp6nnZ3ToQhGvz5g4I1aO2ACZDMpnG65fD5fWyVDUzU9PVljnqshwe18NT2ErodZ5brRkPD251XdHd3AqjuR8PJ3e15hGGFOkG+v+petdf27IrP2i85lxr7/O45956ucouu93tcrVN2nHcoAYREOJD1H8AAkUt/oAoHxAfEfw1SCCEkKKkxUOKWoAAiZB01NBSJ8av8qPLrrrvc/bea605x4MPY67jULJs2eW6956915pzjN8TGS0iy7bHT2Q+TXU5vy1CgLxtGyCaxsjOB0ccCYpMnAxwJoXknsBCbo6EwHF+eKttY6RA8ED3IKTe18PNU8K4f/1cygQAqkbCATEdZmZ28zrVsWQgKkKda86pqWjhwiIlmQ3MVR4CCYuUtOZbNwTM/Pgc0A2QEN+8fPXZD/+qEA2vkGoE1KlIEdXEghPG88PxcHf3bFnXdLzn6p2mORzm44CUXg/BLThCxtt4QKqnAlDqBAGX5WxNa51gt7oRcaAn3D7Ph3Vt7p69y+ZuYeAxTF8Av321mQKwt2a5ugNQptRnTifjVIpHLuH2qKtBwkjp6XCWZl5OpOJnjIoRO4IMgMRSr/IkHB95qnNGlcEwUaUZbZyJHmZxuLoqta7LJYGK1FQQs1lnlnDomqFOgBFcyHeoLlefoZciDIgAp3HijbyPTOQoLMy7ApJSyTpSM1LsJfNhur4x7Z9/9ouf/vBHb774lcRZ2ymsudpjREnO7Mw5vuKofEu5tqOZYYBURqKRQjhEChgRrja4HoAxEOb8QzSIVxroqHbLKSvM18vZe69lAoywlPZnjKMTgYg03dRNWCwgPAgobZlDgZ4QJ7GIeAqmMZAo7SIEBIjCnGMw5IPs40YxtRzuc+piShohwscGMW6sxF8HpJ/X4aCYAGInwC3pl7w9wwECh3I3onftfafz8u4n8matNSCUWtbLAk4ZvbRtPQItTASJizCRyFgXIfWIRkIR2LaNMMM0kFFYZCQi7bZSZM7RaedVIPeFPVHWxy6LEAFMKU3Ib4nHlprPWIw4lZTGAUKYqVt4MKaTBTnxvNTBIWYEUGQOGJG5uw3CiwhZGCVFZplclKuDEUZmeKdDnLkwC6SqlymQ0uObsLCrmSmAIxELY74L5mPFYw7AGEVglBsHILpm8k/uaRSeivEddo8UgaQqx4kYx/QJxAhBntYAIUTK0BUSkflGytyRtraRNgYcUS0JyKbyEBwReIxXSOrYlraezYCkohROsSEhAIowIOVzOBSIQ8zu7obExAKIIoWSnogws9437ZoJDEhSZJqmudaS0W/H6+N0mKvULC7ObKtsOKdBAdF4cIASiWFhiGACCoswJuxde1fr6rpIKR9+9MFUBJKHCTxMV+787Ok7H33tw/c+eG+9LM+fP//NF1883N+Hu75+WR7eInCkVwcpNeAlYHIvqqINtjW/QQhCKoFoYxGKsZQMijo1a7lZAqYICgbjndz0OB6IiIm5cJ4RpRBJRt8QJ+FcgIBIkjWAACZONwQXzi0uAFlKEKm5vv7SP/vJOz/9F995/ssfbJffLVCFQ3CLWJd1e3shs+vb4+HmCECytftvf+//+e6/8z/94/9xRu6GA9hOT8fjX0kbYSLXkS8jEWcKWrgDgau7BSF7eL5lGUeR2RNEzKVgZtlChrrS6/s363IuUiKjJADU9f333m+9m3XPDZAAEZIzcQ81S2Yl5Tr54ow5ARB2PFu7qzkiMAsLmY3wLQwstQBgax0GSogZ4zNoawR3CyJCRsq8Ecz3K40YKfrK5pCdc0NhStUTETbVeT6eLw80qtHJU56FZBYOPmjYCE6DOOFj2DRSSX3TdDgiy7ZtEGEQzOJqIgIeIlLLrL2rats6EtepHq6uPNxVHYKl1PnQ2qLWj9PctvX8cB+qBNaWlfKEdMup4njzZJoOGT1bD0e1mI5HQyaSBFNNm1t3d7Ou2sktzCKAkCwMHHpr2+VExLUeSSQAuznzFIiXyynCD/OhXU7tcr9dLqFbuJbCqtbW88P9qzevX6zLaT2f27ZAgJttTQMAiJt6C27ISPW0tNev37atbcvl/vUrXbdwEyQmAdftcj69et1Pb9E0TNfLw3a5LA8P6/nc1uX85nVbT4fDrF1zm+PstPboW1MzqRUwujW1nkoMriVCAbGrbsvqHlzYAQMIAlZ1Ph69SHewdbm8edvWS4SLcN8u29bleB3MhuXq3Y+gVHC/PFxCW/S23r/FUGtLXy9CgeBtWRPGMlXtLSDc1L3nXrpuLcxba5mS6W5mGu6ZHG3atfdUtVbhbvZv/Z3/8OH8cL5/HWOMBEhQOZx2UQkgmeojgxsRaaPKfZhBQpWBmCWdtam6FeYv/vrny8ObWud1U6QRos/Mbdu0NXcT4rZ1cKfCpdQy123d8vUEwHBPZR1yRqihu4dGapmylRWRpJQU/yb/p6rMJHVaW8vYXCAGRDVv20bCw9kWQYFjZ+0tE/2RcsGmgF2EHS5SmRjUA5AKeaQnX3wEa+QM6ACovSNRZl0SoHlK9FMkMII4iDB1j6r6rU8+7WrLcgJBBycIRMlFJM2PUkhKab3nV/EohPHhpgghjh1RRaJ6KB6DBIwIQrC9GHEP1chRIIXPyKVeYRocEj7EfSzf1SZB6BEIMUgc4rAwN+v2CLwmNuhgpdTD4ar3jUZYDJhbYD6Jg/TGlHGnUXK3Qo9rBAD3AuTBPqSXISLcEBgikAJ4knkGjO30tr95fWCN9vDw/DfLw2vftqQfUoAVZvmfiTpaTuke43pIxQYgEWTSE6T9HEcKaCCIpMA0bd+AknIsgADO1CD3dEpP88wAFp4CDxbBVNEwMTNC6mRAvd89efrBV7766vXLkqlSOHBRwl3S4sNOljZ5FibCkSoB408Wg16C7H/mTM4wr7UCQP5ptakw16n2riPxBhF2ISAPM2KktauwjKk/MjIpFVw0BHHmnNl8HoWLh2FAqQIwwhzd8nnA6TB/5YMP37x9LcJ596MHER5vruphupyWYcAYKJwxS1iY9gxBklLSA5yBH8SlTqUUKVJZpIhITfYDGYiZxuw1VhFECEeHQIx8ANPrQbnEjyzRrIIbJgFwT/tA7EL5jCfKtmEcXLlGnncIwwmQru4M9S+lZrpWHkPuERaJBSKB5YHFTMIinIk/TKnKNXOH/N5Vk/jL6Z+Iw3wkFebxhxQGjxBpcAIznttsZICvQ755w7A35qph3stJbVgOaSxFg0gkyhQTEUYqVA4ooto1AIIxQ4t3RUaeQ/uvmC+rp/6IHbAtul66qiGRcB6RCSMwMULAKBkYeXLp8AjPhzhtqog0JFL5nJtaagwgPP8+BlgEk0it09XVfHUzH6+P19eH6+tyOEidpNR8XgBSOYWlkJmpNuvrti2IuJxPTbccGddluXvnveubm8uytGbmdHX75Pb29uvf/PpHH3/47N1n9/fnL7988eLL529evmzrFl3PL36N6zlZqISqCfYjnzCbJ4tFab22ztsal1O0BmYBlrwRMgcgCgGh5F7igYCaUrR0UgR49qYlHLOLTNL6mRsdDb87MxFlciQiY6ImzEylSMIWBm5u/XKvb17S57+8++VPv/nqy+9ezr9n+jSAAraIy9Z709P9JbofZr57dnjyzm2lCc6nz2/enf7+f/EXP/nJ//W//FlATdzbw5DQIsw6xoATUnMCAapd5moQvAsZiRA8RNgDEENVx2mcgvus4QPMUKB8lRCBsXgmQQEEZjggicivv/h1RMzTHO6pPw0LGxQe5JGeNDYhEHMWiiV3mlFgCBmMmwGgkPQCDgnEyNbIgzc9rzH+GjJDInT4/1HrhEldhrum8HXc26NiODsY0V0jSITfvn011YmBRjZuCqgQ3dIOWwKQmPJcd/ebu/exTr0viFxqDYhMFzDtRYoDANCo3wk/3r3z7N2PtvXipoGOgQLUWyeEbo2Ip2ly023ZAOFyPhepUkuY1VLCQ2pV967NIhBLnedutiwXUw0PJKHpiso0H29ce98WREjkGmAkEIx6ycGUOiGWaarzkVgiAtQIoVQJhK1tENCWdTmdhnxNBKms3U6nc1vX7NwpdUrCyyA0XAOpHLnW+/PlcH31+uVbM1CPh/s3bVn6+QymLCV6b9u2nk4Pr166rt4u0VdBW85n612XC5i13s25VHHv5njZrBPJNKt6byq1ajcqBZlNu5udlkV7J6ampmsz1d66u5MIlGoRQELztXNxZu1d143DmLnUurbVPcyR5uPx7j1g6W7T8bCc7t+8eMFSwNpy/4YgakVtm5sVAjP13kVYzaw1RgAzDLOm2luYM2FrTftGEOB96Jwx+qZuiu5IkH5CJuzgf+tv//HnP/9/T69fpv2dkNwy1BcyVDBlhWPwyBQNHFbdcCfGcCdmJArE5A3mecrISynl6uaWiN0VEDNwiMaYZyIFmR5DzNtl1d7BQ4jzQsGRUQ6DNe42knPSf2iWQ5NZpqXn8pzAXERYqo7TLYaQvnz69LvfOQ8pVybL4LZuQgyYICgS59s78nCSBwBwIFDXPBby1cBIdSa7ZpR8pFi6d0t0MjxYdrcsjf9H5p8zkoet29LaQgDu+Omnf3D/5l7bSpyZHCFE7uBuCc6PCR6Hl28c9kKJaDOTqlGA9g6QxlTHPfSNELPJF8YBk6gnMHAFcBpk/uhXGPJcQDU/XB8//uij5y+/QBKWwkKAaUNWlmz49lwmrPUf/M0//OqHX/vZT39U6lxLiXC3QGEeMA8OA0KWBxNB/FbfApBNAiBVipSASLocMCCQRRBAzeabW57mvlxCe5ibh3lf11NbVlMFcJIAcNUcYREBd9IWw5webZHhHs5MaY/buV1ilvywhuEim6TcmdD2bOmBMjJ380fUqpQSiJYVuJgsK1juPWNMAiJQ8+P1DQY83L9lZsh2ymGbDIBMg40ApwzZDOzdqDDsdvQqkhYQHHcNhoG7UhEkijA3y5DBPXE8/QIUGAFRRIgFAIh3hii1qZhwm2fY0cDMYDTzEQEJlUnU3L0nJ5g3XhgABafUXmRZl/P5zMAsSVMEFSJCc7VubWlXV0dVy+auACACZhrIMhIXIRaEfQONQItd15NxkaVOtU5TzZePKPPmaEfjGVl4YhDA4QAYOTSQ6D1b+C4Xilw+U4megek5VeRsnZ3GYf5IBI2lH0G4JMSaeKqbmXlYJOQCQ4AEYPnLCwsTcx4qyeaZhYMhgbuFOow0TwJiJHIPUydEYIoMM/QAhyTL8tEMRFdDAOQc6MkDSZKpDZRhGI3Yw70wtdSASJARMSn/4STKck2tJJMTI5FZDzNjUQjwRqNBIp0isGubB5KdFWyj71QV+6rb2c1RhLggMsTwpaRUGoa0NBI4NtNc+YmYkFGEmFmKMCMREQeAR2hrrXXrbZz+Ix0o3wYUKVLKNB8Ox6v5eHu4ur26vr2+fXr95O7q5vb2ybOrqyfT4erm+smTJ3c3t8+ur++O17e3t3fm3k0//NpXRQSQpEwffPj+V7/60YcfvH/z5Obm9uZ8Xr74zfMvv/zyzcuXl8ulMLfzSXXDqYIZhUEgDYEJBkVGKiRtlgsCBwiEqNXWeV1wXWJdvW2u3SNLHgIAGTAAdw+J54EPGObWNKul1d0gt0dN9tbN1MOTDtQEM9zMNcLcmvXW17NeHvThDb9+Ob/4zXv3b752Pv2e+VeD3punQxUXNgRDdPAqIkyHWm9uy7tfeTJfHQvKdfTP58Pr/+jvP/vkkz/77//0n/3zvwxgSKXhngKULN0+KwdAEMBm+vHv/K6qLucTiSCAMNcybbqqa6F8L4YuL1UixJRe2CRuRbjWydRZKNzUsrsHACEs8bkR6oeMphn4n0Qd7+0lqXLMgygwoDBn9xAiIZO70U6a9G44jr9EbyhT3dIOl2HhGQPgkPTiWGbBQ7hQ7IgDpGN+dJvk044IYJGdwZjghUOp1SPMjJjSWrPvEw4YzPKIkDGzQ79+9j4CtnUhxFx1wkyEs1+Fy5TuhVoFi0RgXy/etq7NMaY0+PZGQkSoapfzioB1mtQ8gKVMdapXV1dA0Jv28Mo0HSZHUrfWHdBDjTEKl+urw7qcSxFE7F27bolzWHitUxAzF6HiABpBxKoNmes8t9a2yzlMmdnDetuKVKISQOYYRNPhyFJUew+U6ebq9qmZz1c3WA9ClRl7M+26bksptWvbNnXrhSirY8phmo/Xy2VT63Otbi2ioWtb19Obl+StLWfYtuV81q2F23p+kFLq8clmVqaJCJZNW6BcXR1ubx+W1gOoVo1ApK311htz3ZqJMCJsWyMEYPGgIIk60eGJBRiSTIfNXbsyoqsihGoWCQaWmeoEUtW9tQ0C7t8+hNlUp1LJdevrKbSty9JbD3N1m56878Trulm3aRKzZqqErNbbtrGUFK3cPX0HCXprCNG0Zzqum+XA5mDWLYiF8c//j3/czm+JS+sdYQTNEO4lkkipfU3RgZnDeGgdsrgpPMxz4u7aAaAIZ2aXMJMUFmxtNe1ZsBPmMQq8EdJWnKrA8LzOH91oBOSRWcWR84aryTQlzoGMrTdEZKYAP1wdISKD2hMSzauNiYTYzAIzXABfvXnV28pSwmOqpU41+9THjw7o7maKlF5lIMo93p6++xSRVVuMCOAANxKBcPMRGJoPQxiUQ33nnXdODycWUbNUorhHOnsCwdxrnfq2hQdTQcDX969NN0YefsaAADA0YfZwKdVUExN3C6SR6O1mEentDQxkYQQCB+YEOahHz6wwAjYzTo4UkAgDgYEr7fqp1Lin/Ccgcj8y061tEFhKGQEoHkhoFmOAcshdn1mev/jyV5//XGpBj951F2hzugcxj8CwgJF25x65ayIxQnhYhoOpW2Yp5k6FjzOqFCnlcrqH1gnTQ0hqPYs0icBVrTWg8HBwYMmlyXcrMxCxuY3cwzH7Dt4rNbl5pdlwUSAghnvGPgw9M5Ewm1oiqT6CnAeTBAYkYq69a4ywcw/3rkqE7lGFH+7f3j+8neuc0ba5iiTvwYVThSOFPLytHRCqiKuZKjOTIAmZmUiKmoiJ3C1ZMM3SPiAzZ0QuomHaGgwtC+zWamBEVzPXIUKw9MAFIRNJ2hoyXYuLqNo0lxTdulkac7RnNycgPWbfoXdjkjDPliNiztwkcOhblyLMkgxaatBTbISMGGiWlIBCpONgzwq0GN8Q78GSDvlwpp4LPTXQgIhMnN3jAZG57Pl7DRXwbmQaLp+B1w1XhgXmruMe5pke4ylspvGQAFIGmwoRAqJ76ik1G8GSrEr1TvKlAUHMXAsgOgBQVneFaTfviBEK1j1jj0g455HwkZ4ONNJRwhH2NcgiSEbVXahlkGw8Yo+PVUdCu/QZACDZEkAAR2TGvcEj/z7RsGdynQPJAWWaCUB7D4I1wAExnMZaNnRhQzINmEV6FIAImdXPEDWc2mbL2VoPJJSCycYQZhx9jM8oYnTGhHZztd9KQQAyGBE5Q3hhpBsNm4xrz/D/gFRnhAGEmbm5uZnaSEfyyJHUAxAJCMysu21929p6uZy3tt09uZumQ+9+mA7P3n33ww8+uL29O94+efL09nxun/30Fy+eP79/8/rh/n6eZkZqy/mybr1c4/FWIcg6B6ClgC9d9U75jCfYgrFbRIMDxb1alKZl3fiy8LrE+WKXB18uejnptlpbfdtcu2+r6+Zm0bprDzU3DeuhLbRrW71v1lZoqy7nOF9iOcf5AfPfHx74/DDd31+fzu+czu+fzh+pvmf+DskBKBA7wRq+qbaI1rx3rcS2rgx6fay314epztUQt/WvyvHVf/D3nnzve/Ny+of/6H/48U8+k8LMiHux9FhBPR9zRgS3ECZmuX94bdoq1xQRA0Tvenvz5I/+9T/67JefPSIyDBzggFTnKQeDEUwRQEyt9fHB5uoZ4JauVvA8sZObckfAUiQCLNzVEXMVoQQS8x839+PxWKbae8/nOUZS0HAzhwchIFM+Z+l8SQhAKI8XpyFQSFSIE23dI1OS0Y3flnYguDkhUpHeN2JkErfICMAEEGKQ3xEQGcSYv2lmpyVYw0SXy5u2XoTEAdQ7epRSm3Y3L3X2CKbCRbAemfjy8Ma15bbvYaY21QmF1+ViZsRcayXEtq1mcTge56ujSF0elnVdj0+echF0y9OemVvfmAlIynToLaZSzuf7tp3X5ZwwDrFc3dx1BRZxR22rmwZTPVyxVAjtrQFg5tYR4rpuagqm6+W0baswX13fhrVtWc2gt42JIjxav5zvkarUw/3bN309I2S0K7a+abepzhh2evsmLNz04dXLddmEJHoH29bzaXl4tZwe+noWgG27+LZihHYNBDMnpjLNRoLI22Xd7h/AvXdbl4u1Ldtjz6dz24xkXrvSdOTjdTnezofj5XJGroEYVEmqi2AtEWRmp4e3yRyHOSHqsmhrqtp7nw6HUuvpcoHwy8PJto0SaLPubV3vX9ly9rWFm25bmFZmR7p+7ysGuJ3uMQBMt3UNCBbONikATCaZpPZt29YFkUSKagPIGJfsnAQmWtfNHeY6qfq6aa7KEI67QS71DTiMKZkUycKU1FxBIRFVzV7cCGMmclDzT7//b7/7/ld+/atfYERvqq313gmJck8mjFAYXfPBQnmI5EgaEE17Gh1Vm4aJZJcqIxIn9aHqqsxZYR5hEeApPh9Q7/CtQUBIEfOoU726uu6tUQBSvt1oaoHgpm6eykrtfQRTEKVEOOFIQli21bQzMQBnsqowd7PUWBIhEwXFGCjQiwgCd91wZ20TtWBBFvYcGFIjDgFB0RUBmbj3hmNA9cN89fHXvvH8+Rd5b5ZpKrWqqgi7m1vssseIXeucU1SOsmE6TcdPvvn7X3z5+Z7RH0SIzHnvs0zH/PPFuG4J9uQ+AECiCOzbxpj+6xSz5iBEppo/9BA5eeTilYXwANDN8tjKkDVOrRAgIpa5II0sfEAcnYPprtx1mYM3QRxCSkAM0LZSODEFDPtFkhLgDuhDq47gpmpGgMfDAQm3ZfPw4+HwzrN3Hu7fQnp/R7U8Dggz4/ncYLjKMYM3SViYMaIUsQhHZxGWQiNwnVIs7m6EwFKYOWdcHLlWaKp1mu+e3J0v5/AopTCLeWhXYfS8ntLwxzSkJswp7SCErjoQJowINO1uIcwk3JtKkelwyLxqU0sddCbyDnoMUwEy/M3ZwEWEnkD4wIZzBEVENFcirtMUBlyllurugGDqpg7uSKhqOQa7Wmq4MzyMkAMGLajq2jslRBYR2QI37AhJn0de5AyZazu4kvAwbRmy5DZYeCRMJ5owJ+SZugfhQjLCuQByTHdwU+hjNw3AAPOIRPLdUnwEgSyINMyXsC9Jkav62ITxMUQU9/VijK0+AhNcLVKZkcFbjIBguSfnniLoATZ+NLRx3EDOsWbDpMtVAomAAsLNs/I5v5/UICTN4REg/wrXSTR+X+LxviaNhIQZQZgQLe1aPaDRMTEGGhxqIKKAQOEyX6uHhpV6QMHWmrtFxOYA8zUhgm07lDlk7PHIp2Tv7aDIAAkFkAOkb7486LI4AkplLjGikZlYEDkA3DU8GDClem6WqlMqwiSBUYRrKcRcpKZNnFITn8C3W777QJlLgJntmitZwlSaVsS29W3btmVblszi8YipzMfjFZfp6dN3v/HNb3zzd77x7J2nd09v62F68fz1T3/82cuXzy9vX58eHuo8z3Nt68l6A4euayB4na0Ut43dswRhz1OOXQ2fyTfD55OMTUrnBakilcDqPnlUtdq0botcLrJc+Hyi84mWM57PfDnz5USnk1zO9HDm04kvl3I+8flSzhc5XeSy1HWb1zZt7dD6odtVtzuNu6B3gK6CCiIydoQlbHVf3Hq+z4DeDDzmWirFk5vp6d3x5np+djzeMYf3/7Vcffbv/90n3/r0RteJyn/13/yDl69fR97ZEOGRcMNwAwcigqrR486dfD6Au4lwSjtO6/Ly/rVpY2T3SAs6V853MfXLCAnHWLgVLr31QWoB5nAsQiwyeAgcgtz0Lem4RHalGu7x4YgsEuDzPIfrtm25QY+aZgAHQPSBOqW8DYmIIWNHHEopkIppDMpXCAB5bLMJbCX8lorb1PrHbhRo0T/8+OO2NV03qRMxZgoUZK4/ZhuMIQZlp2EYMqcWjgCZBYGKiIdzZjwhuCsgBWA9TMLUez/cfnD33scPr78olKLh7O4EYQm33hsR5miV+TDERMJuDVI63DuW+uSDj87L1reOgNe3t24OTNM8I9N8dQ0el+VcawVwBDNVtBFUQPXQ20JIVCZi8ZQbAPS2MgshI1O6BIQJPDXr/bHHbdvOhF7LxFJ6X3VddG1lksBYLktfzvkIsNT5eEPlKIerHrY1NwiZipszkG9bO78+v/7Nen7Yo8AsALeu+SMElQCkWkNKqfOyrqmracuFaKBRtbK31rdlu1x61zJfHZ7dhYiatr5BxPnhXs3L8ao3602D0Nxb621b0yNb5yOWKYist9S2jSswUYrW+rpiJj9YF6HtfN4eTtjW2FbTTVvT1gAB3bVt57cvYr1EW7t2D5uOczAjYeutby3cErBfLvd9WyM8IppqKgshMtGWMtSfhJAxAMxNskgihdKa3rhAJvAgYRHJCsLU/fCjlDRffhzGuCI0lapuTz/48PNffebbKWCEOKdCfUSLp1qJIgYAACAASURBVPx7qPAiJxP3UDXkhGHzb2KmAeYSjgFE2FsjDEJMX2WMx4DDXHUkPqfFPa/qxPJG3CRB3xoLZUiCA7qBme6mGgKIaZosHDPjMgCQY9QiZBYkJOcGkYACQQQzN+8eJkyA2HtL5O/09uTobpFZ1TYqfYAQpRbtCukWYs7mj0Fppk3IHQJYuLu9evOCERhT/jcWHqSI2P1SecsjAJGrISKyDHaUuHt7/uo3hTjNhzFSlpNdBEY+MKJnXLUF0m8jTTwiyUsWzrjzER8DQATuCgylSNYiTHMlQoPoZsAp9Rl2tdw7H+2UOSx5tgVDSnwSKk3jR+KCkLd7LiJhibxSROQSmR7wBEFZIpMvIAe+kfLuwowYKS+GCJGi2i/LOSKES4B7+q/zy/VglgCjYaBM2BXMLFP7eu9uzoX/s//0P/nl51++ePE81zoc2VUGGCKZLwt7hs+eOBTAVQjBzCTX9LzCMNGfRP09bawYXGvRpgCYLtYky0hGRHQ62rrtITQQGN6bDXfHMFpmKRtH2L7LpFESHUIEs5eJBq+NmYi0W1WGIbibhnvvGzOZW0qY8gEpRPNhmiYhjgDMRYhykeRsePVwYJGhLGTiwnWuImJdU2yb0wIDpnMOAdIcjJixfTgsyNk+aO4RphphiMAZj0rDsruLofLpGkpEBIT9IRoUOgYjAzJktm5ufj74g5Twm2oa/91dzVMvlF1CgOAeu7o/Mv1/sFPCkbr2AMvzk4i5EEsAZP8QONioi854qBGJhIQihUQgOSVzQEy/FKQmbDjhMZeolPGEO0EQkyXaQXuXh2NE7EPwEOj/NiSdiJCBgigLIlKHD4mckJQ636pqb6uUCYHNTJsWYdNmiOXmabCoLuA2wNnUvOSHvOs1AWI0K8SYyQWIvOO62OVB+wZMSIU4e9zSQTpGyYB4DGSMcO2aBTF7YiYhk9RSRLgULoWJk5eDRHrDe+sZoOFm7qam1rtq1246wvJgKkWkzPNMUljm4/Xdu+++/+1PP/nOd3//Kx+8Px/qdDy0rr/61W9+8qPPTg+v71+/WS7r4Xh18+TW+tou96bGJBig2woBME/bPCkTqBJ4Ys1A44XE/WFLC0UGEozvZIy5YxHPcB9BFmRGFuKSG4JBBWRHdhQNMucAsWAAASBATikcYNqBCJAhBCkVhS1idWsIPbwHqUI4gkMBqIRowQjHg9RCjHislTabO8zkP97a//z+N7c//pOb9z+88fXZzfGLV2//y//6v93WxcIRUa2PjqzCAEAOXXudynw4tNbGCwzp+xhiUWJyA4hol7WIqDkh1klUNQ8RbYqAjKPh2wOIOL3y+Liup64R0WOICmAwdRnBY4icrb2PD+UOOlBGQm/bos3qyOSFcZjCyEIefDUADyggCwfyuwz3yDwI92DiWiTlA8ScedYElHDSI4g61HNMajofZthRAQ1PgpcIS2ECAnQI4DSP5YwgqQB0JgYCDyck0z72TDOPYOEI7NrGG8XFPaKfwb1p6jGEAMok5iG1ClckdgckRCa1Tkzb5SKMqmp9TefN5bLMV7fl6q6DqCdSZUKg67atF++tTCWNk+FU6wQAl+U8HQ/ee0RIKUjs4aPWOg8cd/PItzazrMAiAMydAYQ4tFnu6utmraOZ2Wa969Z0W2YmQlzXy7o8WOu99VpEtw3cMbQtq25L9G09v+3ttC2XCO+aaW4YQR5Qrg4Gclm3IGkOrRm4bctSGcBVOADgsmzhsK7r6XRKZxbIZMyb49aMPB5ev8ocs8P1dST+UooGAItaMBd1Z5Kc9E3NehcMd21tTThKzSGcc1smtK7WtW8bhYXr5XI2dcS8uMPdaqngBtbcjRGyaw8A18sa6rmL9qYZKr8b2TPQolhvvatMkyP2rumENDUIEKZ0S2aWaN6EgJheRDP3MDUHyFfNCGlgadrHKJ/1tZ5LOz///BfWzkzUWnOPIoX5X9HBDWg3i7EG3RURLBIRroktgYOns4oRGTldiKl3CnR0zI6dRBcxY8EQkTEeWwED9pdOvNvW+yhcSfQTE7sOBCylIICpPX3nncPx6v7hTfZ4urnk3MpIzGaa+/lgzJEQ0a0/eXr3H//Jn/z5X/x5GooeJ0Cp9fvf/8GvPv/F6Fwklsrm3rfsTg4SwYBaSkQQMzOYeakle1eQmJDDXChTj1BVI7zUEpZ+4nE0pW10CAGYAEEtHuW94UCYnMOoYY7ccAC51GOE71QjImYIT3KagIw+PkgYQn8HJNqvLAhHt8iKqbROmgfvxcA4wJHhr8BxG1A2P/wWSh0tROOGSK0wESGOkT43EYhwd2RMt2UmqiS6l6USicV4N9ylD6nMIaRcGJjZ1DEo3BEzLx4zxyZx5rGVDqcowZhvMH9xKYLEP/vVX794+QLU09GSyppkpwJDVdWcCTPVMZFS2uuEMx415TGQ7kyAQYsjkAgTucaeuQKYcBTFULMxuzkxAiIXibDEpUydgIg50o22D0Q5giUdz8TC1MNy4uqqjrG3B+zfAsJu3s51MCsTQkQwMAPdEg8vUsD9e598DKBLcwhQtTGBJuYc4O5IUOfaWgsfyVnmbt3yZSZC6ylypQAQJtMOyKUKSUFM04VnlzAQR3ioabbyepiaes+MIBihTJSAcFaGwE7rA8SOxO6oQ0rxhjTN3bPENEmSiOGMSHe1FElzRcYoBAFmhsn4oDOJ30bWUn5xzIxckldJoZlbuGW18hAqQIw1jEVAyFOXZREYXAgQbFjniWhkGMdeWg7uGA5Mib6T8A7m50dBKAQRmTUY6evwjP/ZE0IJ8wsiZnBECpbC5YA899C2nblMgBRu2jvmoAWKxDJf0dVND3fdUlKEMCKs0ksz6JDB5wJEUL5LCBggHqQNloe+ntUdkIiFiKWIcMl1lBDzo4YUrvbupvmyIBMgCY3TlwjrVKapllrrPE2HQ53meZ7rnM7xWudpmufDfJiPh8PVcT4e58Ph+upGaq31MNXje+9+8O3f//Yf/uD7f/C977z//jvH4yRCAfDq9cMP/+rHP//Zz5fTw3Y5r8t6e3f37N13trau57eV+XS+qMVUa3f11pgQmOB4tDJ3YnDDtJHnOLn/Kz8EoOGeiAwcYMCRCjSYE9qbUXCwx/tZmioBpryDUhriQy4zku3ShoswhHNjGyPeRfoAAYxYmQ8TH+apMDPjYSqlSBW+qeUQcZjkN2F/xvWHf/NvP/13//iq8NHs6x+9//SdZ3/5L374D//Rn2agmBAHEvpokHEzRPKA4/W1lHo5nSi/UwTTyHLqHfMLbypFkisDomkq7qDdkDFTrRD3hwsx3PbPAwMiGWACtKwBymU/L8Jxs/LYqQgJKKNmIlP5dp1DkgYxMhfGupo3T3Ia+eEx885iAoxcbWdGN8iTwTyIyfPVDdgV/InbRN4pMY6d8Igq5f7+1NdNWCztlQEYIMxM3FvPHzHXEu1GiEySsKVwhTRThjGza2ROAAAEUwAiMhBrV++LrSezbjpMz8wCaDTsGXsNAvPx+iaAt67TdBAKDLfuhB7WwjqhI7PW45OPfoelbJf75f4NR4Rb70u4oszzk4+kXgNEKQJUqaCbcwSFW19DlZkIItTUTL25dzMVYkA0KBDEIxiZwd21hXlX1d7cOwa4Nmtbby1MMTTVneaqrWtftV3Auvfe10vbWpgRRtvWdbnUIlKkq2lIOVxbuioRzHzrDcFLmQxIVa2t4M1NW2vdtDdjEUTSrMWUiecbR9n48OT3/ka5voNtsW1BJp4mILbMz0DqajJNDsBSWGoRWs5n1w4Qpj20m9rWNqDsuOFINSMAIagaBBQh026ubhYYYU5IMk3mIYW7a9u21npqhntTbRpbYwK3DQDCUWodOXtFtG2t69B+hpXpICx5dLurWs8OD1XHFMGPaxeSCB9+gHEfQiBUKakAD1DI4ndCNw8PKdN0nNu6IaJbrC3DYDgcwjL0fwDteVHsWSspogYpBQCy4Wus6+N2H1XBiQ/9FklJhjFG1Erk3R8jFCQiRh74OHTTzwCmaaxCCBhVJcxmBgiurqZtXQuzsKgZ7rgA7vn0MnJLDQHcDSFExAB+8/zF2zcvIcZQhwjMQkyXbduWC9KI3ubCBOTqUiXhqiy7BUTVoUVM54+pW1jKUtIDFns6jY8E4/yQUKrkVJY4e8TQebEQQuz+hCwyfuQrxz/LIHMS+rmJsWDi04x5LeU8l3BVTlbAkk1KY37KW9m6ZpTKeEwGMggZw4x54wUERYZXCkuubiycjqu89NwDKShBeU87HLm7FAbIniOAyEgENDO3MWsShhS5vrpWTVo7gyCQ8+YbutH8wceCGwDMpDl8MwJmEtN4gJiR9zIaZkEfLtz7t29NczrJKxWZh1z+8ecf5AfgHiKbTccUMR5jAFRT9+y88gFqBUBuLMx3T2+3bd0DP5JEZmJGSAhYkMEep9shWBnZ7nlxRgS4p9diCEmZYfes4fjfUvIyhCAQISyR8ytQuoVybRueSxlvrJA8e1r/87/3d49T/T//4l8ics6mKayPlL0yH45zKbVtG2aCrY0SHYBgRmJJbVgaLDS01Cmxsr419yAEYHSn7LfRiPT9AlKC8hFASFzEI5zyk8wuuSGmZUDO0TPpgIFAZKEu0/7JROQfepj0BpsxisPQw1W7WdrKCQDMc3cc5Kabpcw3GUliAmKHsHAECkAzC4dHl2g4DCkcZ9kreTjtmxhztmLvvwuD5AwYQJIxdpBpWjk54H7IAgAigWccfo7ItAPziA5UhgJl9B8jEjMhOQIiSqllug5kdVsuCzOVOhFg5nkDkamBGbPI4Whlimkyd7BG+Fs3zWBshm2HhvolIYDsBUQnBA4QM1wvfjlru1h4EEcqvNLSPbJenRgxi9JMw21UnyJJkWHGQCIRIGYWEclallqm+TAfjnOtc6m1yCx1mup8OF7fXj959913P/74q7//3U+//4Pvff9v/cG3v/U7N9dXmbTfVN+8uf/ZT3/1o3/5k7evX/X13NsKjje3d3fvPvWIt69etMt9lXpaLtu2olCptemmvReuhQmIeJp0PqyIWR3LgQK4a0Nzss0YeRwn6bAf5RmyF81FjLd4hPdaRDz2zKZVNHG65NZHuARljnWGA+COaOd/QcLgCEacq0yVM4c39WYT04QoEA3jFwH/tJR//pVvHf7o3/vWd/5GO59h00+//XsffuXZNMn/9r//k3/6T/4ZIaVJF4PKVH0c9RQRxLSuy7IsU6k+cm/yVcUYnBTkdJJpkvmMLGvLhTp2hJ8SAEQEgKvbG2DKKznfzQgg5hSIZ1JHeuOS2mQiS0xnrLvpast2kYBMkwPInAkcKVWQLFu6CJCJSWIsCRFDRRmYHy+Te5RSYH840/yRvroBbWEgoHAFwMcUaUhQE6iI9N5xhBVbpI4asTcVZqBUBo0BxsNoXCqCLKpGI7Y7iMgDPJCIA6NIjQhvvRb2sDyvmLhrT/ufmbKUVL1jQISp+XT97OruPUTiiHXZUAbZq62DW1sX0k3Pb7c3L9l7Yd/Ws6sxCyBwOZSrZyy8vH2xXc7u6qq6LuEtQnvbTNdwtd7DIADdhuLJvWGZj+9/C0RAF0AH5HDLOQYAmnYmdvfWu4ezMCN6mPa2tqW7S51LmQG8befWVjON0HkumAgaowUDz5sFySSFM5uU0a13ggiPy+kEhNOhmq69t61t+TrkuWoAGgjlwIcbrDPUaXr/G9/5N/7NQHz1688RsRsElda8m2u3ZVsBZTocpEwWsLatt1XVYz56PQJA3xYcOnhWi/F2B7ireUePWkWKNNXeLSCsa0TIJE21N2tt671FZtAhAZG7exgDmXeYroPZtBFib1u6SLZtY0wmMiBCWzftYYYECmHqzNnpBE2VhCHAbeCwiDRqLiPcI1sZ3RwfIcMsZwRA4pL1R9ogIgXGRMggjJjiUn+M9ch0FiEMsETKuUCkmyaVtGPdyFEkVa2IkcXoSaEjMGBkiBdGINN8PEAGEw0GA/b6XIAIILg6XrlZuNMIewRXo3GB0h6bC9pbpKL8MRKekVisq5kRYBaq7OoBR2JQe/ni+WE6DCVLSu2ZROT+1VsSxkBXTYlBAJirMEekhCnx5fwH8/caOT1cChdOLNkt8vw0H2wn5FNuvtP4qYNGQkwpikiGTKb3Ke9jgsGZJJMJTGUmBCYqcwFHg3SCjvUqA7zyiIQYzrz85tNIgQiR1d9IjyBrkax6DmRg5n2DQLN82kK7TVPxyPwmTCU0IUrhgcBAAFKEE1ERRsQBIyWhmsUB+WHmmbsvuISkveXGmqBZ6gJy8MtfO/eKQszE27p+83c/+fTT7/70Zz9hlgCCIUZCZnEIdx2zSEo/90AlMytVECEN73l5E0vs/bzZnODuCOTuaUrL7SijmfJZYc7lh5AhhseLA0xVrRmOKEeAADMLy+JPCPDQSKs4IhBykRKQOmNwG9sIS1EbWpPcZNzczYhICpt5vj/5LfAQ10ZEmI7CYEDA/FtASCClIEEEMBIzndbl//7hz16/XXLyxH0hR4i8U1vr62XJNoD9+cRE++bDfLo/j8RHotbaNE9f/91Pnj//TREBGOIryLB487y/4dHtC5HMQL5TAaHdEDPgdujvCRDGEUFZgwrIkdnMMDLydpFMBAUiMQuNTCJPc2OMSl5kZEy6ZzBvYyYAyMjHNFg5ZV6nY6QUHiky1XtwWuSjuxiJcnKlbHpAj8hxBCEsvQo7hUZ7UwMROISnaXhAovRYSppdbfGoF0qmI1KZhZh9HhlZiam1wxQpZ8xWmVlKqjXMNu9WysySrXpdWFpXVyemIrUUDiA43ARPphuFjz8OIY+hPzyCIrXuqYlPl/CwXVCAAEoEd4X13Jezrou6RWDSQ8QkxEkPSinZh2KWc52l6QUQRZhRihQmnqZprmWap8NhqqVO0+EwH49XN8/unn7lg/c//vhrv/eNjz/99JuffPL1b3z8lbunT+ZSCL313rtflvWLL1/85Mc/+9GPfvbi+Zfbetb1ol0R6fbp3d2zu679cnpY7+9TsbFum3ZN6haZ+pZxHCTEgS7CCtRL2UrtTAFOYTK6XpOBfZxuEzXej6kkcjPYgfBxVd+96GOsR0R6DFXbl4iMfKMMAI0ADB51YUhAIliYCmMpXJiQUPJbICKhFvYlxF9Z/CXNf/3BNw7/2g++84M/fP/mZl3Wtum3P/mdDz98d10v29L+u3/wp5//8q+RKa157s7CphrhzOwWOZ3kdZUBgiPtbfy1P+cESecScULR46VK8S1hUrsYYJbhei3vMWYx896UMOpcY28qJaKcYGyE4EIqBMe4MsR6SaqOBIL8SGWcwoiAMUDKjE0D97BBI1pS4jiaDSICzTLI14cOEZGREcjDAMHBYEe+IHw4wvaIYqC9sEwoBUNqdnt3O82HtjUHD4TRUhKDfs/IAe1GCIVreLhm4Bilec88GAXMCwsSiBAi9rUHOEK4ZtZwan1pJBk4CJN6IIltm7ZlPsy5OK3Llj0/TEC6wXqKtpD19XwCCLQIt1kYPLbltS1vMTR6N226bSSJMI9EwggIAAsD8FqOIhMBiojKbdRrXd/0y5vWewRA8OFw7UFNjcsU2XwjTITuWqZDmY6OSFzq4QpQMIDMu7buHSKmIn3rUo7qcb5czPFw9y7X6trb+dLXFQdSktJwlCIstC3nbVlMDUlIBEnMHKRCOeJ0xDoH1U2N6kGON29evf7iFz+17Xy8unYqFiWEWaZtWxHgcJiQ6OHhZK27O7MAFT484fmJBel2BjeUaklaAZr5KCnrCuBt3bZt3TalLKvWCLecCM16JnAQEziMIcctzBBi8/7O13+g1teHlxkykek0w9HiChEYgIGulv1RZiYsgNpayy6w3tvQ1O2OQPBIsBU8Ul1j3q0b57OFiIzmamYwpLwklQeaTGJu7groN7dPEKlv29i2CdU84T8knOrEwvb/MfUmvbZtWXrQqOZae+9T3PJVNyLSEZnOjHTiNBY2Eg0wDWgg0cG/AIkuQuI/gUQHCXCXwgIjkJAlnIlk2c50ZMSLeOV971bn7GLNOQoa39w3LUU2IvLec8/ZZ605x/hKBz2VXIXsEBGSYiJ5+cWnEdG7z/jBmvFZRAUyvbyYuW8DB+gEQQhb/pyz190Oob6YjBHoh7kicthiwzdRYrXp+4MsBtYg8Ick6aUmrdnozsXrbj2fzmbruu7Xdf/yxcvHh2NW2WLenapEtRIObWFFODRZW+Cm+OLzL3rf8ro2AG0Xk6gsDxK0IFF4koiwsXzEeyc3jCwvwqZEqZjD4bWoFNVJhlwRXjx2cwdjVrM1IlTFlqUKmpsSuoaETHCvBJoWlslCI2USOsicymTVj9gUVo7iIjbksLII6qEHrJxEmlQZNXWbWcWkMwuoMqsysOIwMRePHhMhpTLVZsrFSAgpD0xIlVnuCHOcagQiylKdY9PUFQhevOAiUzttx9dvv+csk5bpUM4AJ88KwMaIrCxKEoqK0cf1I8aQRZAyU1GmMyU8ilQlrGaKeIjIUq7MEvRgpzNUrAIRV00tOwsV+RhXcbPSRyM+C8g5Yb4WYSR/xLFq9vwFKr6b4TZC0+3cMBAeih8fe94cAws1AXTlsGE146lQKjMFITi6i1pb9Nzjn//ltz++PaGvjSCoupIKaOExaxj9YduZn1hGRJQKQvYA9VlbiOjtj9/XcCEp6ILwi0BOBgPfJWYpj0ry4RkUQeGlYsRQkUEwifEXCSyM1LJEWFN9TAWFvLKwJQMJIOLkzJl4P5eHOTHDxEwFcQ7KtxO4H1VSZtXMu5xkDl5pBOhMpeLk6Xi2Bk/5DV70Cp6fElcGTkYsz5XFIgKvSEZ6sv41uM8kVwGURF59/FihQTNcl0yUD9BVnQNKUIRZTG1Zdocq9nJmiUgfm2jDyocTihJnYbIarvCMkbbU/i6YwodRTYx3Rh9OagsnG39suACTGCWIZqcyYvNoPuT0UJdj9ItHsioJN4jBMinTVMxWVTNTympmu3W5vb158uT+7u7Js6dPnj57+uzFJ89fvHjx8pPPPvvss89ffvGTVz/9yasvfvLZq1efff7Zi2dP71pTojodL6fzGO7n8/b69dvffPnVX/7FX/36V796//bN5fy4bWffehWtN/sXn7548ezJtp37ZRvn84c3P2blho5Pr5mqJyIsY3TvzmrM0JDIGCO5eLfW/m6sy0UqKSiSCc8PFRUygHmS0gVWihkGs+vEnHX9v3mI1xxBi64ZHITg6wkrlRKbsDFmJxYhlB0axK0k4P1PkW8yvmb50pavbp76q9//5Jd/+2/80R9++vz5wtpHvPvw+Hf+9i9/+Td/8eHh8cOHh8fH83/z3/53j8ejO/yaY0RkBRVbM6AhKG5XswhXcI8iUQHZUmVdmzu5HGEgaWqmEhGouaD5txict6hWVXgYbPtm0L6rcF1J1KKiLMwMUC7qpAUS7fNUzFxXoIwrAAsyM2dCdJlM0zDDPHGi4WEqwqLMBRaekc0AURsA0Jky5j5UV1PtPmTSPPDnME9vWxEjahAp3QyCcVJkppR5OZ8rou12P331ex8e3lcBgZGcdaLFXBQpTJVlzabmkEVUqdBKnAhKyIgqSo+muq6trrhDMYkuEZFFkd7a4qOHd8TVqVKMIeDVRbS1KvLwiFp2Ox8pSkQFxzcXUzqFZ3RBPWIGc5noTEklyajFFiLyuGR2FhXhqNwd7ssWP39oeVQmNDIzcZYycxZtw0WQQhEUWcQlO7Y99JBcdXx4TxFcVFzehwmzLmVP7OaZKMNJHJk1evYLZWAGCy73qKKM9DEglYc+UtRKLUjbzfPdk5cpS5kRa/eytmMVinj48YfDIjc7e3x4fz6eZFmePX8WEeN8VElOfKzu25Y5KEOEz8f32/FtbheuNFtp2bkDtOrpIzKqgoiFtfeBQ9uwQfXIrD7GcCcPeMmKmIvG5hE90okScPj7t7/tpzeLtvCoHIiCMRPUaBTyPVUI5klENjFxO/wH/9l/8Zu//PPyoGtOD9Zc8APLskZg+spInxfT1XE5F+SiqjSzcK90d89wnvGImZHDPd0r8hpNUVUlTLjyIjzCx3A1dp/+V4UmpGR4FtXlfEEPEsRASCrCXIvXliLNTATjkADCFpVigj13O18qAsvAZMhFmUhYtn76e3//P7y9e/Ldd18JW6G5b9ImuP1TYcVhIqr9bpcBcSCpNW06elzO5/N27Fu3tnzy+Scx3H0IXL5MsPZFJJTEwpoZv//7v//96++vgv7pWwCezyKH28PY+rQrYqiAtkJURCud4b4gihFqAFAw4kzgQIxjBI44iP5ncgZskCIqss5AQ4/tsjUzMJG4itBmFRmq2qxFeaQjkT3yqsUR8JssPM3LEErylCgQEVexjxCl58+eMRtLnc+Xdb8WBGSebCLCiFzXvw6nV2ZJD3BHYiZC4Aoi4SGeIyVQxqaaVRjfKq9VQ0TWbCLbRDM7rKiusE1mnE9nSioKUYnANjmXh8pEcTQXJxMCK6iotemhxFduZh5BnKqqzB4OPTgQPfzJMUZbFlXLSM+B+ZdZ5mYypa5ZlRgBRAX21MxAyiqJTM0TIxNV8YEzepqJMJVOVzHzbncTPtQEjQdEjJj/LActnh5UqWrEgjxpKiIGsAdmg4TBx8xEGkDUmIAJzETlCGdMzNMolPDKLMsiwiN8QnRqiLVGdaY165ct64qIJlWWiLkH8/Xd+1g4BYg9U1mXdSfMbVnUtLVF1WxZTLWmWI1ZbCYGChVTElVlTmogrwQa3jOIc4UwrHN97Mjjq3g3iXBsQJmb4NLMAOLgJAQopdIIUD4LiQLv5wnWYJbngkcPOZ4z/J0iUI7GmPCqWFWLPmZfiZjxNSCohGeUfpGQpTBuz/lgzOb2KzuBXBYi1VZo+oOwQaduR9UA/1tbPGOEM1tVxdioRNoig9J7hgAAIABJREFUgo3UYS7w4SyitjALZXgMFpP9k1wPPQflgHVmhtzgBADmWhNaxSkuxcSJvZmZlEqrjMk8Wu/cT3k5R98Q72htUdMi2NoK5mE8jtCVRbiHi2pbbFmWttiys93SmmprIswRcen9eDqfjueH4/nDh4c3b99++/U3f/WrX3/569+8/u6b8/G9b+dx2cK9qnaH3ctPXr745MXajCovF6+q9z98e9lOkdUvnZiI07vj8WLVKvI+PIJVTbWpURZVNdGmStZyXXN/44eDL0uqokWZKbhKKqVICuo1bHUABPAr/RgTMdncSRdSSaHNCqs3NKJQWABamWxCY5Zrk/fIPGa843ot9P1h//7J83j5+e7znz377IsXL56/eHL34vkdk2w9gvlv/fEf/O0//oN3Hz48Hh9v9ze//fq7//F/+keg5loziG3B1xVxZcn06WIoUGZhFQ83VQzDQExQj4XVd4IpVFzIjxAhbs2SK7LABU02i6fDl9AqI5MHj8znz14+uX/28PiWpo2E+LqE48yKTJkX0yTGrsuFjj7aYsyC8Uuuh3ZGqWnBdCuk0nAkIhea8JKiWx5zhJoKfmKGgW8WBXxUNKCvk1CCUUKaRLjuWKWiEKyE3enD6aEScpRiYQCZwpkZd/dPl/Xmcj6a6brbhUdWjD5QvekxWMkRNZxlNusacbAXUUWwZB8uukTRGB5jZISpEmf4RkXKNWNVZFl3h9777v6ObbWl3dzeuXvvQ1SR0b3sdp60da8oMxMTEklmsXVZD+HRWsskMRaxKr5s2xiuduPjXP0xxxiewqute7N94kLhIuGmuxHhWYcnn+ruYLt9Um6PH8b5McZgKuJcdjtt63kbevNsefrTw9PnvR8f334f/cKVnBwRw7uSMPPmw1EcRcqi2+UkZpFcwtR2un9S7dZ5kf29rrsiCvfee6Yvq02R7hjp2+X42M/nyqroH358XZFtYR8jPB4fj0SosKDIqEgaoVkqVJFFFcWVFBne+7IIirQIFfKBwL3e+za2QUW4JiB/h/s8HCHHUTQjaD2SkiWLSDxnaqzQ5LUyAhhwQgfPlOmmVpVCGUTt9un7b3+dUCTnJGwBejJlVsaY4Sh4TYUZhBUzZ6WJ4k3DDwtNDqBGiKhNhKjCYz3scT7s9oe+9aJKDybmiqKrklZlxvxFtF0jZirZLufduqqxR6BlAkIjJvTypoioNaCQWTmDMViASojpJA1okm9mrWp6ElBX8LtvfvP+w+tmCGjDIVbAYDMiAeEzQTcwxuCkiIwsYlKR7dRF2McQkczYtgsGqjE6fJVAFZUlZtJFqLVvv/sOd2Rb21QyR5IwdoZ1t55PF70KAfH9q6AusHJan1lNWSSDEqKy68QbV18syEx8EWGZ06ZUEWlb9pOLFEY/OgAJEWZKymRIzoW9X8TsH/x7//6XX395BTOImMWEkhkBmmAP5ok3FdUYBGAwX9b13bu3kE9HRLNmJlU00xURtZlRVWpG18wTEuQ6z0YoFb4OVUQz908/OspRVQBhtMxNcLb5EnGhn0JnLD5WWRWLCBa9zvPFBqlPzVLSq7cW2kQVWUyrKEaoXKXOxqTi4Sq27Hb9cuGPwXI0cxusCYZAFITxFeVjRd6F5FUGgPEJIpTpS6Ni5oghzCYSWQB4AKJDQidqMHletu3f/tO/25p9//pbZRXFmuE6DcEG2gBkSBbRNJWA+56VZB+PD5HrBnptrcU8W+C1rxctAumwMJsps2y9ZwSQfxWxBvOYw9LtEZSlPDOSsdBHhrY2H6AomVTp1DlQ1LTrqizrIsLFUsQ9RiFnkWxZ1taaqBAKCxMittnaCxBwygPnbHDF53BmkJHYFXa9tivVBDKLCmIMKU6i6zpG85OcbW5Q0Al8IvgTIOzmfG4z0BNbaCEzR6aDIoWg1ZnyLobeyqb6i0kRfoLqUhWagaGgVkUAnXxcynF6iKrZ3MGIMpFawcyizVSbLStb23zE6BAn+eWcMWwxUxVRHyPSRTnTZyyR2SyCSRcmXXd6uPO29BhCScT6UbKCBQ4fVMWsHQcvAj5kPjXzlVQhI2ruy+i0nfJ88u0Y3klYtbFIuEdlRPe+nc/n7XTu23Z8fBzny3Y+fXj/4fz4+PBw/PD+4eHh+OHD8e27h++//eHNDz9+9/U3r7/55ne/+fKrL3/33bdfvXn9+nh8GOMSPuDBErXD7c1nn3326aefHm52sfUIIFD68N3v3v/4jbUWSKQiAO7lfTCL2NTMZUZ4mJkZM6GwUZU5MrjC1JZ15d2u9qvvD747jP2+L8swS8hCGJsqRsycWn+CqBA6u6ngYgbCNU3CAlALXM30FEmWZyaxXaiO7A+m73brj/v9u7u785Pn+ckXy4svnn72+f2Tp2oG0d2T+7ve482bB2b641/+4u/+6S+Pp9Pvvv6uqf30iy/+6T/78//rn/yfmeTuq1nkcN8Wa1VUlIhzZppuJMqKTBaOMbRpVRFgXEKNIHKf8dJJRSyqfSQrRUWTRogcEc7ZdX0lXIGVCNWUJltVsvLlcqp0IgWlDOPevBFNIUhjJBESM3NrwlTaFF4KU8WVLyIsUpWiwkTLsv6n//F/8qsv/8qHixlVYHkAwwiFKn5DwpxCY1wiy1hrRpEgvSqnFWNOkbXsdlmV6dqMxUaMZVmykkgyUlhyuAmrKPT6RJAqidm6P9xs/TR6Z/APVU70+7/8d969eU0VbWnEklkZJawqlB5UFVXChpuXqZZltaURkfcNhieqCL/cvPjZk8//+HJ5S+RFfLi5Pdw+Ceasupw3ShKq82Vj4Zvbu3W3jjGGh2cRUbNGxbYsm/uyf6q7O12Wkc5tF3qz3nzKbFUhjUwbi2a/NJ2RjsQ0fHQ/RwZT9dELOiUz3R1uXrxy74/vf2C/LCZV1fs5qUQbMcmyku5f/OTnp2378at/Tf6wKDiuygwEvceA1ZOiqq0Li/Y+SJVtTTFqe1pudk8/acutMxH59vi+n8/YWSvCt61vW4yeY3jfTo/Hvm1c6d5zjNb0fDpeTqdlvVl3a/ctPIoa8+wUyvnw5rZdIgax7g53ZMasI4JFKCM9Rdm9I8wTUvux9cwQ5fSRnunI8s/rsFvpoUIZgVkCRyPEoon/dwTlXCMjJkBKRMNHJnPlV//qny3WImn0zUQQbAU9qamGexaxcnjItYiDhdGdh3SQ3X6/W/cVQTPLpehKcgeE0IgPYQofGR5jpOf+cNBmEcFckWltEeIxuu2W3WEv3J4/f7b1LcMroGQp4TlMF1cTy+SiTCLIJS5bx/dGV+17+IBBGbZdEs4oYRm9A/+GGoKSlqY1iKclIygDV5yxergCrSjc+kjcFypSk8j03hVkghFzmVp6EEllWtOY5aEswsPj5undsqz7/ZIZ3gPF9h7BKu6DiFiIi3P4+Xi6ubnVZuFjguAsxJw1u+QhCpjDJDFR7W/2kCOzTnyamZuZR49yVRZukUHz4xFd9jeZScLLurZlqdl6KyREMeMFiyg9WHWk//j+TYULWVEKgxyhGIWSev4IEQN9VOWCNJ+sNdV2vpxUNebxXxXBRe4x4XJM9Dl1Cvh6y9oyK9Oh5GS+KkmuOM0kY7MwK0PIAd4bUypqgdQkMzlJmyFUqwpWVIlwUSVm97DFEPGUmcJI/pHIarsdRKpEbMYekZUsrCYMupPIlvZf/5f/1Q9v337z7TdTaA2KizkqcJM7/EyswIhQB4ESGYjyZU6m4qMzi5rBiTFj4NQg2AambmYs5BWMZzHCmppKa+31mzdv3n+/NsO8PmUtTEWETWDKimbcKolqwVoEX6BOlxzaLAHhTB+IKtvVxarXtKEJcYl7fFweaoQKFgzKLG021dsMq6ZlQvINKBQ45rxbM6c7cArvSWoqreZDH+FjhA80/bA2tbbYskZEUqESgkhUWyE7BSW4Oj2mjP+wQHsHfQIzE2sWVA1X2I4BrsJhff1RobAErD0Zaa4KLprB9tiq8CpgFqEQYRVT5MzNiiAmDngSplgPAS5UldO1ImI4WKcJVCe4iXwSFPRQXnlP4bqqC8SmspBFiaeKj4SmmpmxOzduTW0p4uE9w0mUWHz0GF1E1VbIBnrvMGmFO0uqNVhvKwPtGSwq6172912sp2c4X62PNFVWQKexkzCeJYJE+KrsnMA+QbnOxtwyFw/tFzmf4nTMfskiMSuzEioE6FYwxdYv6V4UENI+PDwcHx/f/vjjux/fPLx/++Hdm/dvf3z//t3x+ND7RpUj0C9htqw3t/fPX7z82c9+8sWrT+/vbpiqwrfh1PR0Or37zV9s3/3a286JIwLWtuHOKpnZuzMzbJt4VTMGq2ZFUrW1mTb4RIVnUife86wk0Vh2uT/4/tBv7/r+0He7vlv7uoylebNh2oW7Sii5VDCFVBAnU3E5ZyGGnWkIDWVv4q35uvZlPa274+3th8PuePv08uT5uH8Rt8/l/vl6//Tm5v5wc1iaUlJSLUu7e3L78tPn67I7nS/rsvzp3/njv/WHP0/3r7/+vqp++sUXtze3//P/+r//f3/2Z7Ysqjz8vK7rZ5/+5PW7H5e2QJmUjiIw06VFOm6h1syavXz54uHx1HZLcuq0pqEEcMaCtKVdRv/FH/yNdVnf/PDa2jqFUFliAkTgSm/SnKZxy6qme4Qj3OZK8kvR7M9ryzJ1DVHErKwz44Q53DNonrdEM6KXGZKfpS2e/u2PP/RxNmmVYWKTQ59Eu2RmpMObIZD4XPczICVciTeNBX5FJaK2GPEMaQ53Yvnpz149Pj6mfwQFhEgygyA+KorytjR3f3h8l+HWFoTEscqIePLs5fn0wBRqDf2jDHZiekR03e+KeLt0qrSm4D6B74iKcKFE1Jbbw7PPj+++Op9PLJJsbCvKjioGe18Xm2Yyz8v5FJlyrWqCFGu9vWNbosg9tuOjSI0xiujm+avlcHd+eCcV4Z4ZIrrb7YVXTsr0LFSAztYXQiBYxDa2PjqlV9+o0j3G8GQp0SrqvZ9Op/CIDN8ecxwrYusjgrWtRRzpYooDR81ENTyzJIlJW7U1SMRWWhYWOZ+OlBGj5+jC3HsfvZfH3NsoKT18cBYTpXtGtqaREe5qpmLn87n3IdrMWjFDAJtEAxoeEjVjYQQSb2PsDk/Z7Pzwbjb1VmL6LzyjkcQZPiBsy8qMKIqiqKIYTlNsmaIyxWSJqtpMNMhgJa8kFtzszJQJEVRlZltWbErLbiWm8BTlrPIxigilVEyl1ta2FNUYPatAdNF0G8rWL9tlU1EoSJhFmDLJhzNJVolpjlRjKq4MYSEuNe1bFxFV8+773XJ6ePz9P/rl3dMnX//2d9u4hDv4TYDILDx8VCaViNgEPJhQ3VWVV7BXiomyRMRkDqrXblshTi4WZQQQm1lWijY4jK3pNcad8Grj2ME4OrMs4FRWml9UjZlJaba7EIOor+v1V1XMuu4X4dof9o8PjzAxRoQtBlAjHRcEM3NVmAirkpCZbtumZiImqkmUMYhJxESMpJSlsrQBCmQfI0YyEysRszUJH7bs/92/9w+++vrLTFdtkzAmUpIF48IYo0aIEqJnmTDb00R7p1pA+9aVAEYmRhjoIEWEVWb80hwU+SqFFiY+HHbC7I5Zh5hLmc0sErAQJDYQdDFByA4hCJ7jKFWExE8BLNzD139j1kCCF66EQeRKXVUK2uaKiEpV0we20gLVlVmZAK2ROEuElgXpfaiZqkSUMKlwuGMZYZaooqLIpMq2mAh/8tkXv/3qy8vxUcTcHSGsWfg2AHZxRapKVgHqWNoyMS0qEL7KvPn4/NNPzv1CwNKuIlaBjAyxAVmsYqYVxcVmCuBtG6OKbLZoUUaAYaBZMZkVJSYiBh1eJYnqPMGjrgMy8bV7EqoN9Hbz9B1iBsYXJGbKgIqRdLo+ObysyUyihLs/KuHVY0HxB10vSyLxDKCCdPVvY04l/OSoosO/SQm5MBVRFlcJV/SBGK8Ro49tXuJzJ4V0T5k/qn2oSlCFUQT/KkGBU4Q4AhFWgmFbjVjyOlgA36j8KLNgFO8mHvTZq4Cj/jrGzvhXVWsqsGtPGmJudlg25nw8f1XEQtAL8XR+MxniyKZ8WSThz8GuI0ozjZdVJImEdaqCptwBtmRmFiQhqVjbLWaLWKuq3ns6Ch/QFnRJLzWz1og4fLi7mlBFTfuKAoRwHxnwmbGK2bqvZT9EO0Vmze85r9TIvJCKripBplL8soQrr00kQAEQjVapzC1ozVr62PULn455PmbfKFJk9g8X1fmynY+n4+n0+PDhfDyejsfT6XHbTj628+mMpHlRabvdutuvh8OTpy9evvjki1evXr364tNPXjy5O1SkR6aoS52OD6evfnP59b/ev/5y8+iHp+4jfUCbF5lUhZwKZKoq+lkgOKtSrN8583YzE7cxqbGg9Xlm0AoliB1pKy2r7m5kf0v7Gzrc1uE2bu7i5tZvbv3uvh/u+u39dnt3Odxdbu/67f3l7n67v+839/3uftze99v7frgdN/d5e583T2vdn+Oy3jzZ7Q5EJZyGqcr7tvXRnViXddnvlkW1qpray+fP/60/+YM/+sNfuI/vvn394fH4xRefffrJs/3h8I//j3/yV7/6NWznVXlz+/RP/vBP/vLXf8liAPgxlgNCCndmZslmLTwul/P5dPybf/TLzz//4uvf/lZZqkqxfguT0N39rWe8f/hwvpzWtmZkVkC6ylOOh7NJCY55IoauiRB8IeE+W5g9Gdv1jJOr9MzMZup4zwwd7SU8dcRz0TcB4AIDbmaJ6OnxQUnx64OKHzYM/JavpxUL6zytMfVXIe5BWSZjSrAlUWX58Gs/WixtMdG379/GIBXZ7dZlt4w+0JfHqgC4RFlNCIEFLFnsETDZNLPvv/2K01Wt957XdMGrWE5iBOGMqTKTqsz0cTmDKqdytK2tS+vnD49vvqbsalaly+GudNmSi1nSK/rx4QMRCyAk8K7KY6BUh8foLDU8mkh5F6H9aumuHOP84XI6KRWGBg9nZicKj1kWRCxs1nYkGpEz3b1k2d0UW1saMXvU5oNEWbS1tS37rIqiw+39/rBW1fHxmAyEw8zWIkpKbQYEzCNJlG1dDjfSVl33ZGuy2f5ud/s0Ms+nk84Dd/pEl6VFRKQnpfvw3qESpCJWVZWonObGZV/EQYyjnqhidDDquOtBm6d775fyLbZzXE6jP0bvFGGiGejhyqoZnclIZp/V9fi9BRMVak/BsGWwcmamB+SOiO/8mJSQU1PNV20bYusmV6bCEAnjSF8Pex+jooRZbSJ6lfMX4tHBb1vTZkYs4SMjmIoLElPmnCRcVOHSsWb7/d4jeJbZoNsnYgyZYI9U0eFuJ0t7//7hx9ff7pZGpO5BBC99ZZawgC+CkX7maSSVR6Rfp8cSUdwrM+kKyiWUFmllJFWZmaiwQCIFpHr2HzAJNIwZgSOHqUqoAuC49D5w7WbVsrbyKKprnW1VlTZ79uxphIeHqNzd3w8f4SMiR+8xHKy4iUZV3zqwyOLkqwC+hGHUDo8ZGYShHZInhojlWlSaOVUVww36oasCvZJULCi+ff07rmy6wrGJS1Zt2UOlE92JeXdoAuXJx4Lcwq2tRUhEkcxKxM1csTtsAPgNmZmyVk1FOQvS/WsbY7t0M81KpHmiigihd1drg6qZx1/HiWPsuyKxJQJf9NzEIGucE2jVxwMOB+2yWNFH7RMVXkKmvA5aM/95gtWlaiqcHrrM1gFiqiQzzUy/jHHp+8N+1uERqSkVUZSIVFV4kNCf/fmf9fOlijoMFUQTIGcBOqWsXKwqOArMmppmUbqrmGeqsakmxSefvHj/8CGjWBWwNbMQXHRzHxARyUgcKWbo02UEUxRFEYenmvF8/RXpVCrKIkkJbfvMz6GqSAQXiEpcFX4sSBpnmM0Lio6i638tghBB7WpUmeC9LobIKRw6hGKEa/UBNoQ57JJQXTVRH//oXC0xkYN21NmvQ8xMzXRZWlX68HAnD9/GGL3ChTg93COGu3v4iIDeR4uIhZOEiURMtGEKJxZGRlBOv/VHpz0xVlQs+tdXBy/ZNMzIdOqxyL/x1vAU4CCSn0VN1YgrQG6wgiiJqPlnYBAoKYQGqYnyv8muqOj1FMcJwFPjBzWeCoRDKnLVQEoVmxkJ4++CLUXthyq6tJYSw3UeHuWgtohIAgou5taaNo3I9IGTKysINTdU6Horj8wUUmI2k2aNl5WWw7BlcAVqy64MHwurcRGBH5/87nyhpwQyK6qqmJqwNkj+RVhNpJHsinaeN6Mvl7OcHvl4rNOR+iYZVWXA2VpjFVtWW0zNbF13N3f729vD3f2TFy9u7++fv3z5ySefPHv+ZH84mGlIbb49Xs4P79+8+/rL87/+F/Krf3n74zeH07mN8W53u637wtPmgWMyIoWVZVZ5Ys8iokyKSYUJdIWqAlY9kBjOotZE1awxMzqKpiaeilHsxaTCJtpawx8jUTZFhgvrIs3YFrFFtJEgd67xdJ2RMqs2rtyOb1vbwcsBoimKiEV0ubm9efnZi6dP702VRe/v7n/66otf/OKnr754SZlff/Xd+4fHw+Hw2acvlt2OSf77/+EfffnrL4c7uKzH0+Nf/NW/vN3vZgEPUQQCHVDfC2Zaq5I8iVnUPrz98d2bHzNqWZqIjDGqSpdGWaN3KkpPKq2oWecXBJoeRwE4pZrYOqkKYRzQhvKUDFeQ41zEchXpMapIPv3008zqW8dsyRPmAKGG1Xgylsz4Hyq6q8lwJ8LwlCrSzIg5PFSxcJBAAslg5OcUkuViYL5ItQUg3ghuttvvtssFxzozRU8Tw7vQVnP3MWJdF1YZ7oo0AWxExSgDAXnb1obJxtRY1Huw8BhDSJelqUomCp4+iinRsB7Cs1wiqtxdYLviDE8Vmh3nyctusd3+8OKLm6cvox8rBlMgojc9VKQti3fMA+VUy7pufRvb2SbDKufTOTN4StqIibbtjBELCO5Ij+hZpbaKGuuaydRWdMSwtOXm1tY9q42oEUksS1vZWup69+KFaBvJy+GwjfQUUbO2pGNkyihIZSRKuK1ZTGbcdro7pCxBUqSk1tabdX8ITzEVqXG5hAdYnAh3d2DMlBke0HaJQu1cWQFAyj1yBDFneVWq6GU7+9ahxamqyOnlzzEoK4cTlRBlOGXEGNDDyBVTK0quIsHznhFekSKzSzgjizI84BFCCTBPObcTTWHVR04sMuqjCq6IAaEKqzJ22/P5ImpCvF0uiFtEuldrxiwJkwrN/ksu9orwUXgnwc8Dwksikqj46yJOEyIa7nSl5gEwMxOrZgb8NpfTJXquS6OgKvJwrmt6Ft6+JBVRVmT1FWchp2eqx+Eo5ITvGdEwVVQkJCZS5XNoATKRGRE1FYYUHqoGQU56WFNrCyHfnIKJ8V0hkHRZFqxVNZ2vVNc0H5r5+NX7oAKFGT68MuFsVpPIcLS8oXZDPkLZMEMRBoq2WBVrk8yKiHkukTDNanCeEoUSxdJSwlIgkUQqp66Bi8pTpLmPnAEHQkw2IrlKjZddE219Gz7mUQv6UATkC8gJy8jwsCZ4vJBFUCrE1Rbj4enJSgBa8TujKmtNRDr1uE7zc5zkaqaVOSKEtYrC45oZB/Avw3N3ux72+3dv30InLPMLs6oOD21aSVGhKgW/BjafaRcOvlY/MhvyB+BG6Fu3ph5V4drMPViqkm6W26cvnn/5m1+bKDfufQiRNaXVlt0yRp8JcVEZYdZUxb2IyrfYtTWzIgoqnbkgXWukrBlcJJiDVaySet+gSyMu4oISTof8+q++3K+7Mt56ZxOwMUwQ+iLS4jo4qbz6/NXDh4fwTsyqLWu2LIOcYsbr6lBRox0V7ElTLc1lMY80U4/wHEJKRAlIhhRx3ZTETFf/PvJSczIbxQDNkNyKZ0bVgmI7nmxZRCQomExFsxIwgConzcAlnsUOXsgLr8oqmXY8YUoEt4mJqmQkJblnZIcDSpJTZVnWqrhctr51bk1EsONbM7VSYa9gYStt0pKLuZiEMkQbcVEUkYsYwnrm0ZFU5MyEfMsIgO4yN2/sVaIkhUCsKooKEYalBO812sBZJbkqS1VYAChKRiL1aEL6ogW18JTKENTVc/qfENL0GGPcoLlNMAP+T2bm4FC2Ym4Lk8jHGWjWA3CINlFlNVIjvG2IPqTKTMmC79xH99F733bt0JYW0cbwYknS4YPHZdEbEoHEYmyXjE5UIWVqTVQWUlXf70ff/PJo22lJV+gsgTDpx4rf6RDNvFIzIhCddU8rKS4R1BdVURWxMitJI5Yk25x71OOZqNI4VLItsqzVluVwkLXZslpbdVxMitnb0SnJj3r8kT64V3fyrc5nPp7kcjz00wvmRuyV5xLP/sgZ+9tE2lVRVfqY0ILDAqESHl4lWtqkiEevvrlp2tKIKzOKhISkNCMyNhZiNRFe1iXUcUMUFZNmdE4TkwkaF4uy6gqHSV4dT0TXMLsrXxcRompiHkmklBQjWZZ1OWgzNdvvdsnJRLvdsrRFTbliXLpqu727+fSzF88/uV8Wff36xz7i4eG4tmVpKyX7xR/H6YfXb1DKW5GeaaJtvQ3PMXprjTKsKUSkQuzlpFOqLzZbyYm1d2ehSK9ItaUouWhEsacoZSEULUH2kjAXjG6UgdCfaVVEon8lkVTfLpRVWr/3k5+NqNevv/nowSVG+IGI2g9vX29jrG1lErQsJbBEcN2ZQiJXt9jUGMHtL0xFKhocItTHhUiWZRljoGMBoXHotiMmbBPd4xc//+X7D+9+eP1da1xVzXQQH3Z7aWDNJStizBg30Nr9tGUxJ43NRZkjiZSpEGaiwhkBIKCtxizbZeNIWxfVtm2jla67nXtU5eU4dF32t/vtMohzu3Qi9DYUUYkqCaU7C6tpjIwRXDzGFsXLbr8s++jbtn23J6XDHSTplTVGb2rr0vp5YzFRE2uWPpUlAAAgAElEQVTDN0WMWda6rqNfqqgtB1LJqp656GKmPjoxk6ghl6KKBOoUHlHWND3ZVl1aZa6LnR6P7D5OF6Zq+wMt+0UOPrbl9p7W29F0nJ1sXDyFhdtuvX/Bl9PoP1T6eTiJLOveI3S/2LK7HE8pYINmEY0uOsZ2OX3Yzo/Bcrh7sp08skS4jyGVJCXGmTm2LPesQAI3XAUqGjnSRxARWxMFSp8xMO4AkgPBDGMM7m0fG7Sy7lRUiY4LqSoVgpcR4gSk9M2rl6i8iDJnmklVVUUA8Z28Ac1GC1CpOSkwImYpqnDHURvp7tFEg9hHEJeoLYtWBdzsE1+nKY2lopxivQJ1ORUCxfC+IWEpi5jD8NokkZBI1RjbpcOFfyXDkllnejbeoCIhScqiIKPdup7PdZ2Sq6Zekmcfk0A1k6DDRYWrRu/r2lKm155iHo0wUo/0EnwoM4o0RzFxUjIXsFEMIywsbeqF3D1HCCyZQrhKtUkfIzNUeEYGXiXfdJURnk8XqjJtxZUjJ2p4VXPYFCTTjBev64meLBAOcKEYMdxZFzOMHMEBecaMhWOaaSVALDixCSajC4gKKTtUSaojA3ISMI9EhemQM0LbkiOHexKZiRAXJSeR0EwuF0XJAkE4zRzYeQQZ5lxZEclZti5tsW0beDxYOCtUTFgqibjk+ilv28XUmrV1sYGQey4mUrGkTCwnKul+Op+YRQhieszfgdQMSYKm3CvA4GCUzginuDncXC5beJpapLtnVYry1ntW3d8cjsdzSBPTkZ2JVeXx+OHD8R2jlMQLVl7KtNbevfsQW19360ymh709sqiUxSlIoPpDohxaWpCMxsy8rrui8HHKpPun933rl+NZmxQhuqmk1EfQhOGbR2W6KBVEaVXpIVelU8TsOQ6PN+/e+aXj3gl3VaNKUUjkpggBi5Gq4ueBALfKD4ddd//Zq+c/vD2OM3NFRGBwFRVl4+SqgTz9rGARLUkKQPFiS1FwzPqcKVWM9HER5WXZERWU6lzkw3URjxTW4qKkoFQE5lRWEsqJqoJKZmwIE4uCrxEuZAFNl6M7ae3XNTyTK8YAGM8ggNtqAo8NiWgSujYNuEElHjjHow4PCQmiySgzyImIS6gSagWa1ArPMJprvCWxIVtjKjxE7Sp0mR0Fcx9AxR6piCTPaAfGlU6I2JECKHnVDuU1thU/VMBXIMgC5Dm9KLMoqTAz6h4SUbeTgzAWkMjCUqLIQyC1lizcDG6AIorMa+4TRYaoSFtpu7iPvl1kadZMu4KSEhnRy31YdDUlZjFdaPWxZYzRIzWXpQmZaAlz7JXWfYztuD3y5aThS5QxCXw7RJPWQdwS8RQ8MKcQ0XTvFOpZmKvIgbPKdWkhlixlESpNkiodm5wvXCRExggaEmOBqlKomlARm0pFLaZNxYqbsrUlSJ04lbdIv2yc2+X+9izKEcysqiMyMoRVRcqTtNSkqmIkFWsTWyQrR8eoP3jru5udmcVUhQpF9cvWLGTXWLTtVjWLMeDhI5ZwR5xdFgkHqaopTFmmyjZpsaz0iXnMkB08n2paRSRwtdHpcuTB6/4wY+lg+IxN9isxt53d3z/d3exE9f2H44e3j8ti8LWz8t3dfl3b7rD7ze++/fab7zyyssQ0qIKqiVQ6M0V4ZbVlHTW6+5QCTpKQieAJIxh/U7K49ofd+XTRtkbER68zSHRIAuZf51IxZhmxqeAdm2rZzGIlEQ0PW9rF+/PnLz48HD2jmVbU5MyvAWiVZGyZlTkmMILPDiYeIgh/YXWdb24xIc9ImCiVeev9D37+i+H5u29+pyqZg+aMwjzbiBFNGa3Zr37zr6hyWVoViQn8wefTadsu+92NRwgzT3KGREm1jcuYx0hlerZmQKOV0dGRGLgykGwTldkaNyOSasaZIRXLwaRYnVW5d8/upEJZIBFVmbJ8BEUxaxPNPoRFGMtqUVVFZnSPJKE8/vj4/k32C8BjFaOSZXez2j4yeg7vF+IqKD9tV9SLSJcd21KDioSM2dZiKpH16Stdlu3da22IPlgjSyRVFzJlElJDBOllXNrNXWQmVxOtZNvf7tbl/Piwe/qpPXn54duvjsfTfrcPImu63t5S258ePgQLqZIqs3HbqSYvS08KVrWdmiDejVRF1hznTIdFgKiW/Y79nJezb11VlMlHZRVu9KZNjPvWu48ZzD4iIpiF2L1qWfdV6AotAFyZAGGqhs9qiXRCc05Seog1luSMKiQHVUEbXZVJSjPYmgFfAgfKySZkFZPOUBT4TWkW5mR1EwvOKeKoSijBpFglPJo2Furns5kkW3pczmcg2g4MzpiSHPJ00qTiDFYmLq6/5vAzqQlHOkn7w1/+6b/45/9U2EWUdAaHMGo9APrSlH+iHDerkMdYkKZIde/ZMzwwWSPthomTaWkwK3f5uJqIyBQI2C9+/je+f/19Hy6qzEQyDx+GMiSDiYURj0Truoho3y7oK4ACtSoiOMpZUTzVKaFJ5arZK+JjAGBmRDDSnFpJlYurAtM5m84RKys59Spur6suXlm3y1BD+v1UJ5NNKgAwEzO3ZQ08EvkxtEbYJJyIkI9cqlxehb8Z2CGYigmtewW0XClwxUOlnFSzCIy5yJpV1rIuNZNg4TFjAko3J8aUef8SEUc6BkpVjYzKMrNihlUxI/SjqKN4u+DAnWqHSooaz548tXU9nc9oaIemFkpq6IJUkApVMULwCxeegeRFKJkJ5CuZ1jX7HzxRVXnG55+/6n2DbE6uUhgW1mYVOYaPMVTV1BLRllWtaTmZQHdVKPrFENZUEKA4rzYiLg4fqpqR6Nvr3asq3EWYlYm5Iq21pdnxdKwMZQWTBmzMFqvMeUcWzSBqFfeITBADNM3NUwgG/UbE1VtGRclCrE1ZSNWmyIz4Wqcw/542A9CFXygRpecYcdjbf/4P/6M3795/+/qdKi499CGIMKOoUhXlicUzrMSzklkpKSoir1MIMyFAtWqSGlwZTkwRnkLPnj2PKHc3URCpUkTIdoRoF8uyEBVnOG5pKSEmNaaEV4RIOClMdX84UFWUNzUvV9FmbaIelRG+je5jwPZdkZEjKyI9J1+hSVRV19QoLuL0eSLwfG9nGIvMyZ5F4OrDns1VMuN/WAjNKaDz2KBWVTEi4quMJ6uykotYwZUx4l4gFicVUyWalgJ4cPmaX4Kvgn9L1NgaiwE3wPdWRDzzCE2t4WsQJr9pgFYStaWJmkhTbZk5RnfvyL1FtqaqZPT0IWaRta5rEQ0fqmbapig1QqHKuf7zuLpiqk6vfutiqhIzWQ+xrs46mKocqZBJXFxoeIagH1nyCAlgYQOnxAJgWGc/A6lyE7YmyqRMJozOMxUyYS1emPaqB7O9yMF0r3qreity1+zAsjfai6yqd/v9amZNxJREUnikjzGGJ5dfOL57/sql1XBsIH14Yky9Gp8g5SjAL1TWjHg248j1cSIE4c/SORbmSkckrqJ3WhXlNQxBGKRkkMeB+SCCtw+pYsQMxw7yuxCAdiVZkYpGkZ5Z1vYqxDUryddlzUyztiwrGxoC+Hg+9fPYThuWsYeHM4s+f/bk888/uTkc1nX3f/8//+//9r/8Y+j7mThpBjG7B3O0ZQGZgxWuiiA6qiiUnVMByE5t1i/957/3R6+++MlXX/3WbEHpxywNLYJlBYchgb+uQKoblnSZal9GogBV4Z9S0a+++/rtux92bVdF7pNGwGvLwrMTgPG9zJx+mimZECMDnURZh1TVxClqLlOqWkyfv3o1vB8fH5ra/Lwx/l85NBWKKIaWr4yKPUOYK0uIgJkDjZsF6pCcY5y4aiCZmYTaYkA0VJt7UCZiWDNmTDO+sQBYmJWelGGtJTilhO5fKwPSTRbmoAgnJhUFJzl8rOuqahGjIiqdiCJ89M1Hp4jol3W/tqWJEiVZW8nsfDlHhLB4BRF594lzVYmpLrtMWdcDSxOVrTuRkOru2acvf/KzNz98z2IjuI883D/zILEGJ831wxBAaeHDRKb/jcXMug9e9l6qWuuyXLZNTXzb3r9/T8Lb6SiqnrTu79rhPljIVtvvtm0TXZb9wSuykivH5VTeMwZVrKbet/Ctws/v3nN6xhClrKiMCg8fmYlIvXG5MIWqZIYPn49PBXxqOTyiE1/NaeGVmWNUDYokCqrI8kJI6MyKSPTUYopLqIayZvw1OlAzIyLD9ZpmM3FGPKsRRERcHlkUVBUZT178Xmv74+OPRCKq4Gew3lGmiXjVz//k71+2I8JwhNndaeZHo/gVL2KqqIplFjEVhE5EqspFeoWfiOP1628Wne6LooTtWEyhJp0xHpyQTYrptPKD1kVcaSDQAvxogXK87lGQW/v/z9S7NEuWXedh61tr7ZOZ91Z1VT8KzW4QlEjRJCWGQqJoeeKRf4L18+yBB7bCclgeO8IaODSwQ+EBIyhaNEmRBAWCJIB+VVfdR56z18ODb2dBCAwajequupnn7L3W91wzAhTAjILr9Xgys5glLHst0dsRyk+w2cIlwln2+fkqOmCiWMIKgMNy33TO1ZyG2QIinFsLKw5Vbjp8NLNz4FXJgpcFsyqVkOTu6BcCAxfZZaSq23lkBM0bpGkW7yLStx6qSkoNm9AHL5rKpu07M1a6gDGPrCFgnqyZV+VqfCfEuUwOpBvEzM+c6GdmCxn5FFQX9boii4MVISjD6T9lzbauVVlR7oPaNmHdbPWwDYo5g0CLQu7uT/RVcFCqqjdv3kDt+flh+Rax5JSRoaqARoQaFfNrd4TqL6flbhi2beuWQkfEumMh7qNbhvp333+X8xg+qjm68j/aRUuDmFmudb3MqDHnfNaZvZ23u7v7maUqM6b5h2JqiaLpbZVkyW23kRYxksbEqxlJd+uuY/i8IPg5rDg5iDK3SVQlmwKTAjDGgKCSaDGjQquqM0oBdiM0w4NFKtffJ5EkjBnh1sDJQzRiSrcNp60CwPlyOW3bX/7N3/35f/q7YYamc+PGHTDnXED9n7SYqKww2ht+lu3uzGdyd8HyiJu5u9PlISvXQmYcmWHrLWpOMTF3Eeki6k2pIskEcX53Te+OJI0FJUz/6OrjOPbjkJbL3WVsW1R0VWQ8Pz9LV1bSHJwRlTVjdtfwje5Drp1dRZMFpSnLcKDaWGG6zcavJU0DF+pVA1TQZd1tNafnrrvABEg16FBziBO+FRWG9EFECKDouuoVBjP20VCWIBDmFrdwqDdhXFEbRKFmbmKcnM2ULnD9cM6quZp1c5EzKC0J5rapjjE2mDFALbuPeVQcND9JSkPMrCvnPNDC39qG58zK3M4XASqjI5upL3RTtHQFwZu+7fOqpgIqFCHtY/h2wXYpP+9qAQnJXLEsPJn4Iiw3esvSmNKR3XwcsWzNLSuEkWenMZ4UGKrD9TzMVvctVLENPQ9zh6GhOYadTr4NnM9u2pw9IHLMOSMbKgLv+uru5bd3ryWOydAuAcmSzBT2PTSyeriJIKK4JcO0uzf3/TjWmNkiLVT+ixLZ0syoTEEJW43dVV2gLdpcpAHwg+1GN9nq22vJ/5MaMDWYEO+qWtoZtWN/7urTdpJiJWZVd9QETICDBjjozI4jRMUNgj72GVGvPn75g09ff/zxS+rL/+X//K//7E//P3JyK0WkVzCwtNydXrx8+To79v0wp5x+WWWhKg1RyciGmMg2Tt9+//ZnP/vpGE72WBXLDd8Mul0J30uHo0tKYRSAVi0mcGWeA7DMzsjhQ9X3/VjTgUitbhnhGcI3/ZdbUxXJ/q4PGOVt5ZZ1RjE+pW9RpGr2s5//7P33b4kd8m7iRgezXMm2S9/C/YVUIcEsCpUbUp1jOEUvTCJiDCG3ROocOJBoU6ShLcXXXm7GTVoBSWDSHeGqajqPoFXMTCFNxySk9faE+BisaGq0bw6yQpVVeT5fWnpmtECJpqI7U43heJ7HzJbtvM3MmRMqZnp3uWcLHkVbpToj2vTu/pX6qRUFXF6+zMznp6d3332j1tLq29m27fLiI3Rdr9dedx9D8TOOaxyToygWYlaPD+8vwzIj5ry7nPbrMY+5nc6Aqg0doyucJnsdCfXTOarNR0SMbVPz2I+YAan96QExRboymJef+zGv15zHUMofch5HV4KjeaWKXJ+fgO5k9g8b7mRlvkYex84mR4XVrJqHQjpLpWtGVXRVBsufUNHSKf0hsUeqaTOQalQlGisABy1YG+/wzX1U7fv+6JtlFCkId2tI5q1KSPX903cxH1XNdMCkq6rLFAx37i4x/63f/b2f/OWf1rG7DR3IKN9G5a3CmU+iwkyZdwK9xXaNzVRzBlfZbnEbKIhYzKO7Vg5k0RK0hluoEoXkXVpR1PRCRF1t22YEoKqSlR1LxScQM60uYsO6YFhkxpsfvPnyiy+++sUvYtYH1wPWPMEdAAQrAQPpfaAiXn36+p/9s9//8z/7s+1yFkXO6GLgj6BRFE3xaGLZiyJnjjGg1tVKq7q0wlzN1IpcD+NturiuCCtr1+u5fBfsxtFh2+UkjYxik8yNuumu1ffbndvpRPhSB2tGO1kbqmjpTz79lF3YBm1OZPZLaGOdC4vhl5smYOXOW6VIy9g2H5YREbFkGNwVjDowinKJIsNgHx4LTuwKiK7mCGUSuXD0V0BFaIoq2xwlsdxgpmpv3799enw42SZAxPRhgKpri7C+pKpgoPGABC1JiCW9gKjbsEETOnnYm2CnusphIlCxyGgsMRlE0U1ZHhb605k5hqlqzCB8Rl8lzeHHcdw2k8wIEZwuJ3fPSmNGS5aZKcTMpAXSbsZYz7Gd1sGVBRg9Q2Ajg8h/HtTF7UlWspIwx9dtW994Cwpd5eZLKmgmVfxdmDl9i+1po+qja9tOr159ul8fOb3Sl7edT4zV41Ciqg8PT2/fPxnsmAdXmM4SRUtBwAfLWBOoRrkeF3bISrUT9LJGfOjbWowUf66mR9nMMlJqdfeO4SIdNe8/+mhs53nsBPc4B6r4tm0wI8W2+J3//LFTVHLQlMquiJjcLyaXQzVVQVWqqZu5myhMHWJRFcGTetGmlFRT0MLhPlk0KpzAVgpT9QIMmfWn7m4DMLgpcTvhZqdmviiCplW95ZbwwxRMapVMVcRVTN3VDLpKf7MXxSkCqiOa0TiqCoWoDYM5VImJy6opWOlEqm5jkKBwNwDiBsDGpuqqpsOHDcCjWqAxr51BhWiXAMXsM9Y6SsPc3E1E4tgN6mPwkhYpKC0D3KrQIp0h3IbpGPmQvSTS0gZxM3XTy8vybY89YQlNQaJLdJHbq1BOQeQ7pGV9XV2SN31UlXB/4BOXJS2aRbmUcVsWkYySqthDpQDliN1ZFTX3uR8x98zq5+t8vs4UUTON/b3LT15/keoSEVkx6YAD+Mh1Q9VN6ew2YxNrUSMsIuY6K0SNUH5VodVcmTvcYN1XM+8PoEPffBurLnf1bPBCvI2wgJJpSaL8DRVnbhdKut2cr3amZFwZL8QE3qqMznlEZrao1IpP6M5tcwiOmDk7ok/n0+dvPvno/u5sowTvHp7+u//+f3h6/57fjJT4L1MvYNCI4/uH7/RDwMNNxA+Ybf4hAEkK7nD1ylYBYCzrhaCBrODZhWp1Gi9VG2YaWZXEJnhyQdVEVRg6xHCRBbCo/mc1fOfzGUDMUlNzyxktoszPXrCftHRUqhuElLo3o9OXaEFaxNRIHYjIUIOOJmELLqW91L3upqINiKgpRweFjDG4FOOmS9IVgCNkj5ctbpl1l3RBirl8nGfyfHcWQUSgytW7snn3NVQtM3h0SdXpdFbVrMgZPKurynQw1ZpEN316ABkqrRlNvBDVEVLpagpxNbT40JpHHHtFqBpM9/0653E6be4jYaIbsBULyMe47rEXbNtSRMT8dCdARcWM03bKuRu0subM+5cflSCOI459jDEjunqMUdmn02k7nUXM7UPYICQFUtfHp4rIGft1H9um6OvTw8evXz5+//2NvxUojv0A+vr0/nh64lV9XJ8gMtxq360z5jXmrlVZ00XQ2TVRcX16KmLhIjUr5sycsvI3dAyf88p2I1GtjM7MTFHYUrQvpMBdRZLRmctaFguGrSoQmK3qTOmuTKH9txpkw1ZGtvClKykRdbOM43S++4f/+L/+u5/9FUQik7srn0mR7qS9oqUVRLE6q9if3VRRmjkg//FP/tClh419v1aXoN1PXUlRN73tQVi3KdlnXKZfr0+KVrFj32mZZ8MduPxmLdSvbiRZ141Pv7FmVVD102Col7mO4ce+1CK8yOpW4Ve10HcA9y/uGx2ZgFyP55jzOOK0jaKQRAg+CBPwlk7nFvTNyWcbp6en93/7t38D2Js3P6jM/Xodmy/4/QNS3Ak68oykg/kYt8m6yVViCTWWuL6iM7MqT5ezmzcn42q5CQ7XoKueEbHPziyhFTu7a5wGMffuMlWI3r94kTknA5GqdfMXH72cM1Q15oyclanFK0KgN1vdUlXpGtx1NQ6t+JYSiNjLz75489mbb7/7BjfyVm+p7CIrb56nEn+AbYy5Hxh6uZz3/eCkwn+yS1SNU3tVUmxQmS1CZ+I8JmfGgkiXKbTE1IohtcmnQYYPVc05pRvEQWuVYW2br0oAaSrh0JgZVRR7LozczbqbY2tLlxTrlZjRwaBdc+WVI+vr5bLV1S0FNfqGm9lBTIaRmzZFVczUzDMyI8Y2zDyjcpafHKoRVdWnMS535/169MqxNCLroNobQjBG9YNUbc2Yt9+Iv1CqorsEygfC3IYPWnQ/+E6o7RDpWzLM0o9EzsmycaHQpkXWs3xcDyjYgLZo9q6WFRlJyTiEkmOd82hptVFZJamqDEEyYC3Y0tyJi2Iw9aXyR6uZsXWYmCW9X9I5k3L3lHr98Wf7sc9jV2ivNFhjtGLkjGO6mfDHXUE9ssTOfSuyM0M3kz3UdE0pxd0MZoqWOY+sPDKOOCpDVd2Hm9ngGC3mRvcI21aScbYwwnLCSm1REBczGJzVWjyrbiSPKmDmwl2CoNsiifnt2I3rIqStolA1uGG9qLJ2KjWieqoKUZoaV9OoqtmAmapDTeCCxvpBKTYin0Dm1pksBBtm1oDa2MaA+ZHzmM9qHsfRMQlp8JtSU5gn8aqu7nZzVcvOqjR1qDFFQbqXuIiJyEJCe0UxZKearuSydf30jY9AHE9dhe1uqpfZVA0sgzZfT4OoqpnR0O4KU7irD2iLiRhfmsZia7ljuJJv7Kpisjh6mG6ud+ft7rKdhp63cR5jDHe3bfPz3abD1e18Gi/G9gL9nfQf33/6oKcTn4esOROMmFNUZVWXNHVa0s0NjWUOlTzP28cwtcxQwN1yzmpxhQ72hpN55taUXaKuzTlyLYS2xPDVpsAtSmuZXQTBdp9ahhIRpUmIOSQxdwIxiqbKSACouSpgYwy0EB9xU3dTwNR8jBcv71+8vJMCTE+Xy//zB3/4b/73/8NXLFVj6ZaUnIgR4iKJosraFqHNVNbjABVT49/ktMpWtbXkrGZGXmNYAFgDUIZdAuqb392f54x1oi4eeNGsJaKrXmVdYDxBL5ezAMdxmHMtWe9jS2eUO86XC4UX7m6qnfxxVlhTt5A/EiHmx3g02vjqQ5/IMlwKFJJJrYrocjQ1DZPdnblyD9chvzyBckvFYKfITSEmIlRSLU1mQTUzcwalzH07oJonTIlCW4t2dKGskD+tKsUQM+fnX37ZUvM4ojqDXhpIlRp82LEfnVHHZKtrdUB6HnNsJijpVnR3zX2X7tNpE0iUffTD3zm//OT69La77j96Abu0nTHO8K1btvMpox6+f2furz/7rEznDLGxXS6ERe5efLTPOL96/eKTz2Cbb9ucEXn4GFUVx95V9Gc1zN2v+9V9qFnGXvPo2I/HZ+16fPd+zmmKYz+6s3M+PbxX6W14xtEZXalVUhHPT7E/Ax3H1O6sqMyIY3++QpJkOiDzmDGn5NL2+OYquH/x8tivT49vlaa0qMwZMSmXiIjIXDiNCgt2I0Oktm3wplTzyujk9J8EC1S1mqamtSWSvc/MzKTeRoCsiOPoilb99PMvv/nFTxg2IbIKwrqlKtUVSzBpSUtlsjKHpuSu5Wjr4Z6xFC7dpdC5H2ZjbFtVjc1ZtCo3/B6C0xhPz4+/84//aTQe33+/nc8rFENBOR+5L/7uJVmSZra8rbmkPt1F8GrbxpzJLTom+48/JOqBUCxdfyIiLVnVQGYyzsxaHx7ff/L646frM2BszpQqCIabMFpmLfIFQKgqzxw2VNDZj48PlQHRbpkRVGRSCQSV9de2wiErKyKW5otJBCJqHTWXd89UGDY7XA0ZaQIeGtKAwsxbuqUY+WlO0E7UAMqlKrkscQ54enoExKDsf4vMXC+FmGnzc1Dlv/NWQARVZg6v4YNMAMWZRTc3YK8//fJyf//dN79QViDq8nqPsVHB0i2Z5T4EqwepBee789393fPz0wLQwdFfcGsyIBCdvJK4lNy2ECi60txEkC1QrRYfTvH6609ePz09xTHHGIUlVYeIKjKyhRB5cUuBUB7AabcXQiArAnnFRKsuvmXNXhC0KrYxCJj3imoBgWTIB+E3uro6oQw5RcttHYdW1nHdReC29D8xS1TPdxt31oWj1yr9XWocAaTdxk3BRPjg9ilSDgRIlTS4xrD128w5+bW0uT9fr2sTFnwI4QKz6mX9FythXSqWfLbWfqFVVZmMATazzBJ09lyKbaArbwqUlpIjjzdvvrDTeR7P3KyplKeM6ojjcnf/8tWrp4dHEbDZx210l6ArKzOk2gcbOYx1G82wG1Uz7ZbHx/dxvW5+apHshKoSRqhU6EpJummh3eiGhFTpOpW41QCS1OcssR3U1lzOGgOV7ogUKTOjG6gyMrO7FyVaa5ek1sbUHA6OE8yq1TVzMzkRq+AK7Gdcq6OxTliVA5kKTECVCZHwhf9rtpir2M3L3wvyF1sVCqvmUJ3ed5ibq+dPuMcAACAASURBVKoJVN2hymMDTP5kKR5jEcYQH2qqPkBc1FzdARNV3zb3IaIPT++u14dtnCMzjz0zFaQImaRuIqiMrujuEiMwNWwDlKpr6aoIEdaxrIKxFkilVBKsLell2OKjuuIou7uPp3dmm24DqjAT81BM0yk4gKk4qmchiq91q7SbOnpAz5sNk5PZafjmOsw20/PwIbjYuGx2Mj3DtuEnw2Zq0q5iaBWpyNhnxIwIEDZQ15C7wrlj5vwryJ998uW34+x1DLOZGZkc2bKaP0l1dbR0EavOYl6TikjGHL6lCGBmChMSEe5WWcvA40r4IYgPtUjT1cqzVhRq43RzoEJWRqje/IEtArF1nPCs51FMpEJE9v1p+GZrcldRU76KS2i0zPXbyc3c1Dcf27aNMe7uL5kt0LsXd6fz+X/8l//r3/zkr4jn1WrwFSZfcUdddSEqWeter6qcXUw4WVe5SjOSP9cJyMfVVsy0mzmMOmO0ZGVWqtv5dIoIHuEL36W6vlZ+CI/25ZHqZu6CuXXmPq8xY2zbcOWbDkhk4pfPYjJ6Gk0pRlWkb345nWfOusG5uXBlUga4Pb/UrAg1zcsMLDShcYSnNnopKSnC451ZVUuZuVjtpRpl9ItIC3Pc1zokgs5ciQ64kQgN0hTdXXyAZsRv/uZvRtQRV1EUiNDACPmjx2l7eP896CZlk2MnpCuOvkWc8aldWHLkh6Uezdst1Lw71GCqrX5++clxfTie32dGysDpNe5eXV59fLl7qWoi2Ofenee7c2RntW6X88tXx5Hm9vTw8Px8SMlnX3x5evHR0+Ou5sexb6YdE11Ke+Yxocg5JWPu17X97k89r7FfK4/TaVyv+/lyNsWxXzuOPHYzaKehtKrj0Ix4fq6Y1WkmlbMiqzJnmKFowa+smgpkJFAKEeZtzqMqa879+vT89PT5l7+xXc7PD+94EUokulSkSD5WxzGlcr/uHS3SVAEf+xGMuKiJbnRTkSJLblP0aBzzGn3cnO6VXVCN1Qyw8gCz95/++E+Gba6jOhsp0gyqUSWqSqkG4TImRPDUgrsvpdDSbgi1bdST+aqip1CiCc7KYr0VUiqaUq8//ZXr/hTXZ4WWJKHzkuqoLmJVYHLabbeVlbwFuDG9mqdEktGj1mHBIoqsyi7ln1KWgkhVVDWz5JavyCn3t/6L337/+DCPK1Mrh3lLEXwXsG9E5DaVQUD53C1VHgoWa66qHIFkpKDPl8vLlx89Pr5fOPqC7lhUx8VriYx4Bt0AVFHVyJj7wTGHsJQCjM3PGc0WsJaWjlm3d5+9BIv0v319UFNqk3WJIDkqYB2AgMiH4HLt6hsQRoqSIePrz7fWKm1Vtafn68O7t9u2QShphZRUtAiK8cBq0tJoE3GKZKvnnO/fv9/GMFhXQ3Xx3cOkxcyCAVjV1DPnZOeu5W3FZDd11cE5gVRyRK8svBZ2LnO4NSq3utA9xlDTqpJaG6Q02Nu6HgRBLb1NQ60zeZiCozbPL1miSfLpy2PQN0AGkpUrxV9amSQjDdzG/SpdUVMQICMFMoaPzbN7f74u2KZvWjS+sWzEWkJeIX9US3OilTnMKY+DUvGIruwqg6lpl3DvVJVtWFZzmuL9s3agjFtwzi1BU/nRLXcbVLfTyKK9mGIzkZbtcvqdf/Drb9++W3NZ8f5tiHD7f/n61XEcx/UZpTc1pog0TM09u67HFSVqKi0G7VsDtNmgLkUEQRhDDbLE6rqak9TNIZaVhV5rXX9Ayfn+LAOHC6pygXkroLZFFIWsae4NiUiOBKeT80NoRo4afIzuVhunseHmFAd0VQSICIlWhetwuIK8jTSLs8zURq4ffHBogxjxBXMFi3uEVka3RaMA7qLc4IXCcVXvAlThg65c7ZskQUkkK3Ng4AqYQBRGVFigom7u6sZORlmhzkwXBdjepWbO7gKCjOZjiFI4R/w+Hh/eVeTYLpVx7NeqVK4+qsymgmmv6AntzGNet7Gdtwv36cxiAE5HUHgEmnB5pcUKp2j+CfjjLd1OtUhVzv0RtnWVqaKFIn6YYdvKR9g4THOMNA2TKche2HpmdZYJd59GFTJ7hkYYROaUjCEtFZ21ZNCZZgLKQLtVoZtup+3s253auVtrfn3sfwz59x998tWXv/EoiKd33g3bZmVXizSNpOSHyW5XSUvb8BbJLMOCAC6Xu+t+0Ea28pSzqAyhAEABHebDYU7JX6/W+lZax6HSMsYwdTdrKFHGG2vIDI0bx1TCgENhQ7lgRuzXJ/chCjeaCm63h2BBZeqkV0x1+Dif7k6ns7lxEL27v3/x4u6nP/vFv/qf/lWuBtAbjf/BTyhCVTEjPyC8ZnADOOQDK7lEWmt70HUlEREols+sUDVd11wJcPLtcn9/3a+dVVmnjRRxUOegvNKWqoBTBeUuTjyEGgAiXpxLPsiafcUrV7cYpckiTPYfw2G6X3dl0gtvX8V2OgV7fwTs/ZWbal9uzEPdsMrlxKBqSTW7dYUcrDQoNzVVZrmyC6JVBTDTzkVuAhBlvLd0lzIJmne+qcLID1HeANG7uxfPMx4e3m3uMxnx6WT/+f08PT6iionMXGGIQJlqzNCVmkofAvuWWlUXgd8SbEGSRktkdxZKcn+K64NCZhTgcn7xD3//9/757//D50O+f/v9UOncax557B21bVvO2Y3n6zPNfq8/+eQ44rrP7759exzzsvnmcn18Xzkl0xTuNmtWRhx7zWvlVMhm1nF0hXR257Hv3WWGGdeeByork3L83K81Z0dUzozpw0Rqzj1mUD9MUpF5HoAcx54zs5OXdbLmQ0ohnYy9DOm8Pj4c1ycDKnO4qbSij+uTmUj2fj2U4RameUTNWVVo8dN484MfPj+8y5jc1EVWtzJ9MzOOFy8/+fTzH73/7mtZCUC9ot90paZ1i6S4b7MqMsCzoLuY1F9SxcBIzcpelVkNwfANjLGu5r7aTPZTRstXNz0hqAieeESjiRVybBIRU//Fz/76eH5Q0WATNsfgFqLRTBFhyxvttZVtVLFLQ/XYJxTn05YzOciQ5AEqYmWQ3taXkmXhXKq89cBT84R21a+++uq4Xt28MpcYh5YJBQCDS/fy68jqDhA0FSo3MGJt75zjiVzHnPt8Roup9wKu1py9gDYofdwUABN8XsTFbbuICiLUC7uELOJQJSOkYMaCKGHcj5PpzaI0pfiTV3IqUoWNwUu9sliL0PXLt3hRw8bpyAgGQanToFRyFQWZ+x3PokXgNG4j10rcpv3LNzufT3NGt0TE8BU5UlIRAYVvDllRWYzi9wXtG9lh38bYTpFhEIWYAIK/96s/Eui+P5uaqDhh3yYS2itrZwG669KgKdOGswN1DM+oMYxEKWHhluX3XqMqcItNZyKEqmr1TZMqooZcDwKRGBqJeWfoLUaT0hJbwiSyc0BTzwGwKs91Jf2LrCWsWPpjUBKoVQSuWroE7l4odI5xihlLKdt1I27F3AEdLFADzpdTVR7HNGiJuFpV376vEjC+evnfeGrwE3MzLHUICUa+rKIQNbsex3dv33a38p0RCFS4h1Sbjnfv3+4PD+fz3ZqYhXmShFJp9WsGjfFjJAjgvhEb4JTP0aAh4P+UhRdkJSUJuWx/AkEJu5F42pa5Jjorx6bQcRzPZqMpgqZcSSQ7v/j8i+ucXakNhUplzbCx/ejv/db9/Yt3777LSIV2d2VGZt/CmCJziTqaKVqU/KJRTNo3d17FJa3D1MaNFLJmOLCqmopaQxtmZs4hRgG3VqsV70EJj7UYVHW4+hBRlFIJJA5xZYWaUh1kxoUORocoQEPDcGG6K6yllyuoRRnMr4MNz8U/m6qN0QqIMrcnq6778+PDu8q6XF5Uybw+SDe9iCSgVmhYNwRjnKtnVQ6/kBI0GO+SZX/PoIiDTJMb+xuTsa2LF9ZlD4WhVfO4xgzRUcx3F9pvVFZPsUFFzMU9h6X6rj7Nd5OpONQOYC85uvfqgMBsjO3kdlKc3S9jnFQ/Ol9ebtvLbbw+bR+fz5/d37/006eX+08u9y+37Q5+bpWIt3H9cecfjPMfffzDb374D06f/1Cen+r5XRyVBRneLWqImUTpenFdrL6i8UCgYrAWOeY+3LbtLqrMBtk5Ajnkyn2YUtzSDai7js1lST+ls4tyIPpYAHdrwRj80il14lnJrh3JBRVJSd8qQk3aIo+Tn2krhzmFDbw2xxgidtqGj23z4e4+XKCzsrL3Pca2bZdtbKd/82/+zz/5o/+gCrSYOZzI2bL5GNhDJK0ENRKLcRYB6+1EGHO5ZAHGy+bm4u117i86TxZRiVbhVFrP+5N0uxoEx76zJx5qMKxOABrfwbO9sMrPFwpC9XXG5PDARd9wm/7ll9gebrvKzJhzujmlA4CYqaDv7+5iZnWp6WIfFvPMv+xFdytEVkmZSIEZHaJ8T2nZwmIOV5y0NAOFKRdumkUaLK6RukEhcouIAWhwWukMZnyv3MZ4ePcezeb1VjdVkeyunhHbaePXnxklrR9SCzJbPpzf6zdZIcrM9+zyYV1tEDCyZuGgOsyP6xWmUBXo/Yu7o+RXfvXLf/Rbv/bjv/rbr3/6n/p4jOtzZw4zG94tlRV5jO087j7C5fLikx+knz754g3c5vUxnh9yf5YqU+Rx5NzVVW2bxzQJplBCEfuT+vnzv/871+M49ofKKd117PO6Z4SQQI/ojsysCCcrFREdXVkzu0o6pRNSFfucMdzd/bjukO7sRldm0m8Nqcj9mOajso/r43x+JLRcERTqwPqTF5fH/drVprYNr67KmTPclXB+zGNGz2PnDl3MbewWFVOIIGNW58P7bzN2wFYzKrfbFZKDW55VrwGA5NgaX4VZjKrWkIykKEBFpLhXQ7rYcMpsGM73RCXAbSSCaDGZVzUXtWZarqKkKmrbNoXPTA61PMrUANXifEpQlvO6sShM6iaQ8NNgcEhmcK5Xs64GbYZELbE4PWL2snyMv1SaQEQhPjYpTtXCUzGb1w1fkF6iu1tnpzRHO6rv7JbEgu4EVE0ru6SU6opqFeWCg24xEN+UdQY2k3/QssCXG3LPSVIUoPK+l65EpMewaskMdWtJdxegmXBIyIT6KPjpcqoIublS+e1V1VJ/NHyYm3fE3ctL0efR0pkicPWSypxqDljGgV6uMl7Dtl3u19LXHMcaCvXFpULhiprzzeef/fZv/PqPf/xX2/mERWxKS2e1Dx/u7KyoZsV3wXDazoLKObtSBJkZkejuXAdfVl3nMXMFVjJ63H1kROYKwyKswsc/omwoT+TtskXMiqL4c4xhqnMmuoTKiVvQKZqxeqhK38x9zJyqzkIZ6qREWhTuzhGVl1DdupApcTZRpu9FsZ3AV/4jIaVsd6/oOadA3I0dxt0Nzt1MfswyVWI6vCMq61d+5csvvvy17779CmBJFm76OYbWakSWlJrNmd1Sme7uY+SMqqaJolm+597SZuowaQ7bLYKxbd0947gNzAuMA6VnhLJYgiOsaVj5YtSAQcRgSzvEXI7lNAIhA0BUlQfZukDRUCOoMOcEdLg3JDOZuGCq7C/hJqqmAl2YaGNpzchxiKA7jvnpZ5/9i//2X/zxn/7JnJO0jKrWemz5pskeR8zJbZrrnY0RdXz7/TfPj++7ZXPvFur1K4MP2cw0MxIpwzeFMdUnuwqtQONmQVNV027KPFTdzKl8MJiKOqO86YllpA9cxbzlQ78v5UkqgPjS5HQDLF0YaANWZ4wpTAwg66lj/QtZh2aDEf6AE+5wdy7J7gNjiLqZ900KwkqHqqbyW1TnnM/Pj3Pf0al+Etj1+qCNdcqpQrASJ1W7VK07olurupEQCKciDnBKm2kCykqylVDZVZnr/CKks8ZAdGPuT5UFc1t5A0LjxpqiGtoLcFYozKDe25DtXNslfIuxzXGaw69qV7VH4H3Ut/vxPvt91hU6W/bMo3tWyfByf8p+vx/vJb/u+lnGTyF/MbY/vn/5J5/98Gdf/vb+5kcY4+PLdm/47hc/z2hRnZlqEGjGEiF0N2F+cwNQSTScCQRkbfRyd9mPnT4TVVVz2ksU2lVBnYxqzYhKRtIsue2S8TGyL5lgUyU+tqo2cyh7jslH0TeCJddjPlI3eaaU3K8PY9vUaStP+p3cfPi2jeHul/Nls42NgQ05Zpb0jBKz7bxt23Zc5//2v/zrimtJGzX9LbQff+AVoYiY23Z6/frTh6d3bB3pVekolPVzzDY1JpzzKussM/8AsQsWWUUZWUmZDnbRmFpGMY7wo/v7fU5qc6mdEObCVvOspp6GElCqRNXAWGNB0+q6tJYfRhOI9A2ZoGhCVhEbhDndyKjn52eCf+tiuuFBUIWjGyVtps0bDSQ+ZJwGZxN+LB+wJ97lp8vJnE2U5KJblG4KATiUUAHU6B7uKx5LwJ5gCgzMvLqY07LmCeEg0cxMkxZ3M7fsoh1WP0g5b95khs51pfngsZ+saYWaaVczoIZt3qpaJa6aM81dfBx7uPs4bWj5/tu3//6P/vT7r/7u3jKOvWLvTvfRgiPCXXPOgr36wReXu/u333zXncc+973ef/vWKlBZx3XuV+mumZkFMo5xHPPqplV4uj74doLpw3c/z+szcd+uzGPnJ1RZkplxdNfmehzPMa+wDvqiRWqGkbPpnhG8sDJKikR4EgFZ/TORFTG2AZWqHGbgSoaKoCOvjxm//7u/893bd8/HbjbMtbpjBknDFSEvOo9nt9qfH06nU5aw4CSzmqNjSndJlesgdwQ2P1QJOmYwpKorlXktspKFV4rW2hipu15DiNTCUiMiYt6M6GJAq7gaTKuTV+JaR5n1x1FRVRhPtFgu+td40gAAPzpAF4pDQJq09e1j4lglC9UXQLg3sd/Oh0Vkt1xe3EVERSza8Ma2rY2nBa3U+Qi5BRFtsXFjtPgqq0LE2QC7dtwVH2Cqt5VKFm1Gs5Hf3FNZa8JeiiMXU1XNSP7c0nWDkpdcGAJmGrgZ87aoS6ayRm/iWJ78HyTA4vqjv//r88jr46MyRGj9zLTkakZwZOKQRNqCd2RGmprdTEERuZ1OApn7BC8FWgAUv/dP/qtvvvs65/yAC+vSiIjBLxnB1jaFMr4NCmrEOVqZ2/vHx5/+7G/G2JhK/+FbJCOjsDxCug3rlONXkDNviAtnyjJypqrDTRozjq4085bkBhkZEAay0622RJ18C3zz0/n8+HCNYzqXTRWIZiQZXqHRDajuV68+yu7uWlFA3S9evvzk44/fvfueptcPbrFu6QZ7FolE4uaEW5CQqbvmkXevXnz+5s3b79+OsVVmJd0I0kmqRe5f3GXOzoIgq7bNZ0zm5OQKHl1Ht4i4okV+5Ysf/ZN/+s/+3z/6A6grFv0BbWlUttFEMsabH3y2X3dh53N3xPHZZ5+Y+3Ec7oOMGBcBDgAlxfwdgRo8I0WqVQwYY9AOQI0Y4TdngptpBdOIik9RS5tqRfg2WiRzujn9qbyAVQSrX1mgGrSAQ2SJ71dr1wLnZLWvUKbUy0JCqiQrym4QHE0MMK5zPcbY56HDv/3ma22l/YcYw3LhqUCYwt1KpSK66YOodmjOdBhEIiKy6Bg28kFgzDTM3HysuHLSOOCDZm6DqgaBMdiYTGC1JoF9pTiHGYYU7SjUmby9HmFVEW1Rczd3ccdiUqCmcBU3JhsqJ3ZO/FBTNx8NB4bZgDv9CFhv+YocpYVUfZi5+2k9RlhdeWqeLWNsPkZ2XZ+f9+sTzxe28h7PT1KtZpw7IRqdVaXmGfvT0/fny/2tpebGmBFAWaSpCoo9dG5DyDQ66bIAK8x4SgKc1Y7rg9mQDwORMJtRu2SJ2eidhzZayWi0QDG24dtp3L+wy51cXoxXH8v9S33xMi9nvPoo7u7z9avnu7vrixfv7+5/YeOr8/bt5e6ry91X93dfvXz1848++fnrNz97/eb5137z6Qd/vz75fHvxSirk6fn+NH7w5tN3b99er1cu/N1ZXWaWFWCqdNL9iaxWQwsrYNHZ0p2Zt5SwGm6gMa7ah8O0sgGtlqyAtKpq316E5pfPRFp0pRS5KeVRC1Og1VwEajrMxxisEFAddIZAVrOcQCMjYh/j5MMG4y8ZzWuDrQeMoVyctDL3BqrekNPlfHd39+L+5R/+wR/8xz/+91DNCkGx7+6XPM5yHJTCCvl8fU94nSgyGYoqyaxq8ZucTKSHmkJU4MOrKuZUpwBg8QXNqLRIkWYANIlZVXnx4kVEVKUQdRM11RUbhV9Kmfl8VlPjsTYlVS06p5YGafm6KpIAHQC5ofL9S8pAIaVqbvYhmLirhRU63bW6espgY/ia2ISwojAiMDg/LSiPqiEx9YjoTBokFjjHX1UtUrchp1FdVe5WkdXdaDeFWlRCxM3NrHshrGROObepw9eZ2zFjOBMTOEYlgQ7yt24WM6rKzWLOph4VqBAR6ZmuUFcCSHmkm27Du+X+9Sfb+ZI5q2p/vr569SKf3u/v3tb1cX96f316MoPDjuu1pbfTBik0MsuHHY+Pb7/+BSqz6uPXH5vb3Ud3VEcAve+7mUqLS12fHz/51d/9R//lf/OTv/zDqhzuGfu7r/5WYt98iwjplJh1BO2dBKiqe6he5/XzX/tHn//qb3zz879y36Qrjym04ySDOFuk45jH/iTd4zQgjO2qjJRKX2hU7ftuBumkJGZmbKcTCdtS/Plf/3RGbHaKKEaLLlKFlx8AyHAr0x/99j9/9/0vutpsYEBEzL1RJaUwdozgNj9VFZZpcUkjDKgsCnIyE6Ctl3be9czwauD9y9M1l4AHH4wnlblKfrN7Ja9gDEMzf7xUtaWkGafbNmzh8pLdzT2Irs7IwEqdKQHcDJyp1isWSyDaLbbyJOmY6mhhsKEgjtBesBIvllu2x7jhlqTeBWIA65KbZgYojcZ8cRrNIaC6CyQsFezn3LZBewnnJSKGa33opnS2WsT4y5uHnGqrMpYDgLgZPwkqKtEqKqRvW7JzxSFSly9yi27QhnLhme/fv8sMI9NIbJL8jmhLu5n6OJ3OAokZfHjkdlBTB1CMs/cxYy7zFKWPbigRg47t++++srU/3JBRQFo8ZnIKbklhMvTzPjZvkTnDHFkJNUmBelZHHssNXYCUKq0C04aZ6zwmA4jcqLERGOPtuyqguLu7f973pGSki5TocRxq1IBBtBuVLdYGUyw3VHUnzOeROZ+G2aIHlpYXEJibtszqmbmpAsjqmBN9E0a4ff/u++/ffbv5ZupHTPY/rKwSRldm9Ye4/WaSFXsMurJ82x4fn6pL1Y45FfBh2RRPNZh+VGFmUXwx9OPXH3319dvM5L2lTGMUEWGFp/rY/vIv/vTP//w/bNs2j+D4xWE01hgt9y/vr9fj66+/Vu0WrUpOHs/H9dgnhG6VNTPz2ihZ54RKqQhMNKWKHclNOx1ozVSFIWZTaUadw3GUm0K9O8jVqOn9/f2c8fAYDP/OzE0tSloaBIQMdGs30C1s8uxup0qVj2U2S6xMFWYzQlqSvVPAOLm2VktUqCC7DFKiEFQ2uv7d//3v7u7OpDIbdfthxRwZ5cOgXvNooRsPXZIIBbqiGuikox3u0n0yZVK+qPNoqK7rcTVg2zaHqhqWsK8iAw0fvkSRWVHlMFXF2FS1s7tlDL4dxSYOove1VGkNaFUtcoDDcLegwbKEZeFtbVvKDt7fomZeiq4eNsw0qxUCpTGxbjtGrZUY6n6iaczMM6Ozxbu7yU1k1b4f1+fHVawrVXO3y0cKr77e8hYWJB/dqDmPxxf3r8wv0wV5VHTUrOq0GNumdKlik4DIzOMZAnVvc6SM7dTd2VP4SCuyALGII2OObaOf+wOiAMnsQmkS34UxG4WZO24uIrkntNCt5jYufr5QKH86je10JubU3aYioiUFVYO74f7ufDqfjqc9M6AqphH59PAu58zqlx+/evODz7/75ut3D+91eB6HmnbbflwBHbZlHMRg5kx1VbMZoWbs8c2uMU7H81VE92Oashi2zQSbRSRB97lP0PtW2ShTRWaIQOAKd5S4alVaxezIo57VwnyOyxnuqqbmMWeD+7x1d7ZkpVdVJiCE4yRDzcbYurvQKsYw2VYU65ZFjhmiuYmobsO9RavEfZh6tT49H//Xv/23RIkV2lmUxC+UASUi1eHmIq2iGbkw+xUDumZd0j+qUGhEluk1r64+3N00awU91oLlLDukRB0r/FstZ7G1oiK/+uZrKIaPyDIzCm6SAdsAo+d4R1LxqtDKlKVuV+3lE3M3ehRVWKUoWW1dANEfOY5oqRZ0lg0108oOWrOWDra7W+gRE1HmwzMCl5M7YK43jQMEzWUAC+iH6AqwAoj03cbEG09iiloNMGkUMCQIxm9jHLH/+pdfXCP/7ue/OG1n5q2vUFGgssRufpvgN9jtqGCVSqph+DhmsA4ldQJ6uZzOl4/evv2aHDXnywEXlZLUhphqIita6vn52bdLxO4qMg+R3k6n54fv98fr9dhdB6Qrox0CPfb9bHo8PHZ3RIn54zdf+fC7s8Z8brOHp8cjphtKMOPoOaWFPGB2ovLbv/3z6+M3HUeJHdlOvLZlz2tkdJdB1a0zuuTmvhWoSdbLV/eP776bxzOlFm7a3KmGZ0se1xWUrBgnN8XD24fhW1S6G6Qjsrpg6m4xozu7mhh8zKOjO0uHv7h/qY2np2ujYqZUr36U1fPInODutvvXr3POkjY/menx/FhdYxvtYI1DR7k7pDNLbsEiFJOwn5H2owX9Rd/07ORXq4oXiFBFX1IuRqsrSZCINhVmW1EX7GbwoZX7vm+bjeG3BrIyFfOhZaq6x9FdZtbsPYmKiO18GrIJeh4H51i6VqqLEeCUZrNSQ4Gkl3mM6qw8+OEoFmehDqBo2hSsbXmFSZhXshCI/dkLCAM7RRkiSEutiAGxLFtU+nAsWq9tV6uKpCz0/QZYc48WkHWjBF+ERCK0wcjByuJmkLnZawAAIABJREFURJEJWGX78ccf/+qPfvjxxx9L9Xfv3v7kJz95/+6dpKxOJkCgVT2PKaHMW7fhVYVq2FIDcqvRYdn1dH06jZMq2DEaOc1NUipDxAUqkksDYgpVypPIjiLlJz/+s8HcoaagAau6WMV8XLq7K8w0I1vgY4xtMNZaTaWVmQ+y3B1Ke8AHwSTHheq63F24eJl7ZqLLx9bLrgtzcwjUZs4PpqrlHiY/0BCs3FPy6aZ2o4QFonKL/V7rHQ/JvqVCU4LE+rduhV6fntFwdZKYKpASV8vsyOzqmA1dUTmioPf82HdzmFsGHW7VdWutM0XLcUw6AfiedZSuyaUFMuckHNcK6Xp4eJKS82nrbhX4DQK/qVCkmbMrzlF4DO+kNBYiOJ0vMeOYkTOlG5DjGmMbdKzv+8yZZt7cQFQ5dDLIUU21RU0zq2IKZTpqwttSGqrjZC3guiBiFdGMZ1XGLiogBmWQ0X59fn562saoLoWdtnM3WUb0CqyUjNC1PlULHW8qhpZVq8d7icF9IhKTlKIajd0iCk1WaILZIOhuNWU9ipJfi2oIc4dFYSrsOld3YLV4koBbfgfQr03lHilydeuujshjzoxoaZXOKqlUlVvOiUl1SWVFL/INVVUZRxzdbVDzAZKcMDNVdxFEFQ271GX2gniX2smG80dzGMFLMaP4W2GdbaoKbdVesZ9DVtaQjsHoT0CtV1EGRxrtZHS6qw8bnguo7ZwhEDOjt0/Vnp+u16eH6/XhdLqbx6T58XT3Oo5n5Z15OzGjpTrm08Pp/GKcX0LZl8AmjaBJnZpUWRzALT4iDhHAHEs9ZYXqW+uFtohp5cx5qA/Qs7NgLVmM0brKbn8UfibVy81JF0dEHBHz+vz+3f7w/vr4fn9+en7//rg+zePaOSn8dLexnQH5u5/+xSeffP7R61fV6W7ny/nx6fnh8eH54WruX3z5xZvP3zw+X3/y1z+uOGLOiFCTnGzibDM3ZddqQ6SZ08y7Nleo/DF3mHOFGmY0ykIwDGqSWeZmPtbHtfR+wrb1on5T4KY2BlRbVMRauiLoaGSSBz9qEdprukSgZnBot8EcZtZi+/4UGaftjKVIsZZVQcHYhCXpwf/P1bv92pal90Hfbcy59j773Kq6q7q63Z12+25DHKIoQphwc4QQQoIHJKSgoER+Q0IRIHiIBDzwP/EQBA6WwIZEEEhit+3urq775dQ5dS57rzXnGN+Fh9+YuwwtVatVp7rOPmvNOcb3/a5CCvTdqiTZ1tM1W3v46PH/+Y/+6KOf/HkSuTvPYDHoeQpJnSqaQUVEEYzke2h4Dq8zTVACckTKcGXZxvgrv/KDm9P6xYvXGcmFqDTBDM1EM1VaVQVpybW2FsDncF6LJLr2SLhmZA2Cd4AOYfNgpKIq43ghzFFcQlwsWRUZVGnW1KyyEuafYo+gooxsy4IfzVQigPTPDsfwECiaPMCEF4HEwRxGaq2KzAyYixlQ2WTitjQmjoiqQFOOj6gobZZJFVM9hbdBsJwU4efNrOXUTKWKt96/8/bbb27Pl32Du8lEKWerQFGwcBbn8BmsmFQURLxcNVEZl5GVEWVrI1BQJt7HGL3ZYmvzfcduUhmg+qADUZvyUVBG25vbHDtlcnnfL76NilyMuVyZ2tLWZaFZCJ0++rq21pQqw/u47FTZrm6+/YNf37bzi0/fz9s3Onqc78Z+ASE49m10F9Ho5/Orr5rI6F7uBJ8uZcYAlcyVwsWcPhyBmpW5bZsxffHp+6+ffXxab2KM9OCizNnlh1EiIyuiOHPsCm85EwhtiG+x8cWIqoBknrJYOIeLyrK2vneGg5NojJ2JSAridTnGJx9eWVz+0U/+WVOtZB/D+8YzUaDSI2JqzqmKSNKjkExHxdNMpXWwiMwMLzhW5QmO4hg92DRRCYQIQQ0HGi6TZ8o+9AlFRSa2Z/7wN/76CD+/fomkL5pWZD4S81jEmCgDNDyavLJGQlGO2D2WexKPVYxZwgcxAyBmYgxOUEawcNaMD5ptQlUmhu4CRDhAajkVeTOcHcy6jD4QXoLAombIWow58zJ8pUnESMLw7oWrGfMSBODAEdD1IszMESlMZlqILuQjPKXgBEhRUxE13vv+q7/6y7/3d//23/1P/uN/7V/9nd/6jV//0S/+4l/+7d/+7d/+y48fPvn0i8/2fW+mhXcTn34Fk7CSe8DoCJASXWRExUI+HO81TTqxqhKtqzR19/Nvs7D3ISKqEuGYXpkQN4JnQ1i4YKARZmIVPXHN1YFIwuPq+oqZt7s7WxoJ0RGZNKMcZvDQ3AeOHYCIaus9PYkkIohQRhjr9fro0c35cqFKYtnHCE8Is5CjND/mkoQJRiGBmCL4qNm9TDQVV3X8HTSY5vQtlaiqNZo7G1OlaCM6Nog6ftDDhkKM2iUNd3xM67qwqtnyr/zO34jkl1+/ADQ0yxCKtLFiAJX6ZqiDJmeyjTOp1z3mDcRCRWwSCZi7qqiSzXTeUSIqigwpJP+QQLszU6UqSoSEWYUjqy2NsmC4QHtBQWOTYJxJTdW0stB6jeQvWNayqhBjSETMnp5BESkizRpRRTpRiQm0ueGe4ajNzOktVlsaMVNljyGNdx9NhUg9oiqJ0pqd1qvIJCFRw+RRUWAoTtfXIhbTcEZqgj847pVD74XFokyFiqEBYCERKSLVmYBBTG2xysTlmsXpUZEIMCnhe24ONB8KTaqKCQWOPnyER3kUzWo2rPV97xnlkT58G7t3z/QKdx99jIhQxpanbV1VG4schwsxSRGLNqARnhWVcgDSUHGoNajmZ66MMpE4dL+Y7VRZBVF8bE1Mkd2pzZB+XSQ5JUyKWqkSKWIzY2bVhoglFg733oeqqGnf+7ra6N737e7N15Vuy2nsF5zisixUVdEnQciqalR1d/f1aX1wffPW8C7CKibwJDBFZrkjv6JmspOoNuEjyVjYRGWGuEkhpKKqhFSs9w3+b54CcJrKFQyaIsyHj5+K6T7M96CziZg5mYskszJq9N73bd8ut3evb9+8ub19c/vm5ZuXX3/94tnXXz17/eLzy+Xu4eN30LKzj3E+n9+8fr3v25O3nvzwF3/4rXfeGV4/e//P98slI7a+QxtARBHpY6BTIe/1HzmjKKqIuUx0hHuMpta7C7OaztEzE9CdoEKSp8hD1QhJHJkgtiuKkYOG40MNHXYMUVpGVZTPO7iK2KYPu6qyQphFFEKSIt63OxVDmSARKLMKJiIRsPyQtKoQKbMVsRMv66JtEVtfPX/+R7//PxKRpwvCrYRFFTKDrFKzIkJpKGMJV6XiMQYRZYaphjuzqAqJFBMVoe1OrX3x9csqxhuNs50nzATjSjGLp4/hanZzfb1tex2VLJAWwNOZ5fga6riR8NOoTGPEpMXnnToJLiiAC8kHVcUoT8TMNF9WEcU/PwvsCfcn8ZQgF7T6RKwqmaQmDx/e7FuH172SqtJUiEtFkEiXU6UsET5hjiKitKbF09tNxMIM+Ygw4zqoww+TRNraw4c3d7d3Tezzr56P0U/LEpmCvH+IN5mIZh6dHIgdoyaFGKFV7qnW2JRYRh9EBWiWs9KjMke4IR4Ro5kKKWsTYul9VFVbWqUTF6CdftmQ8cpaa9PYx9raemqX893oo8rTQ7nK3ffNmpoJIn2un773zvd/6e7zD+LNsxqXcbmkDxXE4wzApwiQy8zwMGXhImTbT0EBE1W5p/tUWQlXlg831SJpqiLLZbvoZOJLTLMqfHgfGcFHy5wS3d3espqZMlfvDn1ICSOEDKkbASySuSgZo7uHEPd9i/Bwp2ku5YwBRXS4iwixeI/T0iopMpemFVMcW5F1XFsANqHnVxZtmpFU1T1O64lN+35RUzGNDJBdqGehRHom1O1UkAUCahXOCDRVMZeKmjYiSiSCiDYVMfvej37txYsv/HJn1jIDZvEiQJZcxOGjipoa6i1RQkVCEbGsi5oVMSuP3TF3ColXPnz0cO8bTLw5T63iZFGORCzpN8MuMyIQKL7R4jGL4LKdcr5KdyfI93jiA8D/gjLKD4SYzGxdlmIa4cd4BpVJqUlkKY7yAIoMJh9fxNwN4PPISRZArMjC3Jptvf/e7/2dv/9f/efvvffuq69ffPrJxx9+9MnPP/zk0y++/PiTz6P4W996p5hfv36JYQDbiygsw8pMkWlLO62Le7a14dIhhjdVpysFZkGaQw3LMdjO/RKVODzCq0jFpmeAUJkoNc+B4ikmI7XlGl9fpNPxS6JibS0q74F8DxC+lTV1VMzYLuXQCQgrlyQhKmEeMelZ7CIcniaKUx4aBZhIcZPKnH1TmMETQFSDUCETXayhQyY8mGn60BJbzYyhBiSPENkJwHDhpcSXJcwHuUMFGRglM4na299+e+v7GL6YFvPLu1effPTBg6srHNZETFNsAnQ+7vFRSFwmtUQzHChQ8i0yw7NMHaANBnngZ0iToiLirJlaHYEgFK5M6PIj3FQM0BQ0UswkEu64IsQkuYioNUOcHJKi0+vqtFpr7gPFzDSpcPKIm0cPmXX0MfFLxtgaicg8wpdcmMVVTUVj5hpJEY3RhWV0/8H3/9L3vvsLn3zycVtPVMUyffuRwcRmq7tPXF9FRSm5KMfYhcGmFKsUbJE1PTMA2mUKhrgi0OpFikWRD+V/HltdeeTjp2+15Wq/3Kq1TFS9JYO2o4IpH3E/lTU/5KrpAax5DHkM757D8Xv42Pu4+Ogewz362IZ3dxdWs1W1iWpEevgYA5ahmUiqRiTDx9Y7xOJqiiBl1WatJXElUaI0nQDRQUXDCkk9gnTUrJm2mQVjZtJMLauG+0ivKmtNpIkYQl/wW2cRq5FI775vG1Vas77txOQ+xhjb+Xz35uXp+prZ9u1MRRGudhLTGhdmwTNMxX2/S6L19KgqYXo0EVHo2k1UwqsqwIZTVWUSYoZ0gbgL9M5ss4KuIWe86NhvVZqIMc/2MtBTkCURTNN4uembv3AeI82I8SQRww2rUxCPOhJJYnA7yPja9/Pb77z75J33tss5en/z5u5yd0fM73znOz/84S8+efqEhT758OfPn30ppR6ZOdBqp8KVMSII5Wgz8wZP1tSJQ1J7dzlfLdeFDD6o0IRVCeJcEYRPs4qoGbEVCYvpgUBOuGKaMmWCv8xVZSANVCgr3DP9EP4pps8pYT1utsgk1sv5jbVT0mw8TKqowA8FVuUgI83aIs2IbT2d1nVRXZjqf/uf/gffziN8WZrSwdtN3gBoSSMojo7xfe53Im0xJopMnZ+DFqUQR8ItLbfnS0Yqq7uLaiBLtSiDRKSYA/qNo5pwDM8qEUX1zowkAnrCwswog5zOEZ4cBW6FCabQjAbDhUDMOuOzhIUxjkO2BG9GEWHBqIOaR0yHNoNPU4Qjp3ZcRTIKmVd9jOljZlqa+fCHD2+uHlzdXc5MxvNWLpmW6LzHaIsgQ02okKXIZmISqzCzIWdDRfvet75BQ6Go50P6oSIzmSkpMhhdnHXEimNQYvE9x+hojpomuEhRNRU4K+4pnuV0goxeTYsofTAf/QRUTTUihgcirqNvZlMlED6IOCN6vwjLGE4UIjPb2kcg/igjx9arKrJefvbB/vXH5BffL1SuAr1ZNDNh6duGLRhF70RUhXcB6orKdCaE1hcL++iFKZ9ga3QwkyzFSVx8hKsUVYLXnMyNQ18gbV33/ZKRBhHx0ghuaaJmSkmVzszz+vbMTGEJj8zAmwAehqUY+HGxCD948oiSfGxigsaFZoZAIgxHiCw/lsXCNwIDQmaykKkS1Xw2SCISwmAhrcyqjIjjJaBDEqbM6CPDu1EwRoIoqNnzxR6DmCrj45/+89rOiy0+J0PAzWAYOKIyXYSVIV7P4jpiNouYyjMj1qs1qlRZzSIjyp++/VZGpofILOrG1A0/LdK+iYohm2LKKYiouX0TpL01qZHjPywME8KxR3ExZ/m9yM4jVYVFYgwMjKCRC1YBVWKaWnzhQ0DHc/mvmOFBxyYAFS5q5lllD/+v/4u/93f+9t/69NPPfv7Bzz/4+ccffPzZRx9//vFnX3z6+WdffvH5p59//sWzZ2bmwy+Xuzl+4K4nqZguiUJelcfkUAsaYLymwUREaWYmBkfBRBTvJ15cvwxfMvK75BvwtKgqKCeKgE9PSZfKZClCHD4zE2/bbpBVRdlikJEcakeevN/xW87xWqeYEQgzrjIVsWZ971xs2uBIZZGkQMR4FU+uY0qMcPQB76NmrYRHvxAxnviiEmEVrVmsmPBHEgshEh5hk8SVSToNkoXxnGiWxWNfYhJF1Rc9eHizXbaxdTXZL7v3ATdMpANJqyopRj4J0DukLYB9oCwhErU6HskJ8BHd3yI0xUtEh9QMEWDYL6KCiSuTVSqLVWUqQZOKIIODyKISRwDuD7BXUGapsGQlE1uzZi2rsnwKEKpARrMSdpKAY5slp0IlaAorYFhByBRpM1Gp4ojxjTKESFmstdfnN1999WVbFuxsXDV3uwj3bK356IxADilhpMQQlDhINqBpcsr5RPJc7Hg6wJMQySr4BQZLCYAQHSpyxPX07QKejubIiA/sm3OTcHAIoUbHYxgz6XScV0RklA8cdeEeY0Q4iqQzg0mbtmVZwFS6j8r09N47FS3L0qwdfe459rH3c2aY4TegzBLVtixVVBEHQEUkAuISgQL3Pb4sKixqBrGdqk1Rb9W+XYZ3DBiYjai4iNQUAmV8YunRt4v7sCZVFZGZgyq3bTvfvXLfHz1+JzK9n5k4s9SaLkvsG3gJUe2X877vdvUocm5VM2JXWcTApZrZzF6AjYyoIibqhZ8QHh1BNlref8cZPsauuvz/ThNUFNLM9BVErCJTESjzxCCOt4wBoWepKYuoCiF+b13VGosty7o+ePD40dN9Oz99+9vXNzfRL9vl4hHXD29+4Yc/fO+737l+cMrKjz748OMPPtguZxa1phWDPN0DYXSR0KyyGuImgAhVUapoJW3jcnV1zSTwO+ForBnbjySfnJMkk4m0ZjOdU1RViXTi0FXFPCuMPaAtIyYzYzXVJjaDN9NHprsPEdTTmanOb4M5M86XV81WUT3OLlE1FmsKpxkTk6ipNmsLsVhrbVmX9YpZ/o//5R+8/PITYhItU/ERmTRGJyL4mz0KAgkhQWYa04zXqHsiMRPLXUSI8rIsmTXNKsxVNTxmizCAakWcVMJ1YGIzfC8rqoQFuQ6YULmkqbDMOL+ciWLzMcGRn0dq98EdoaYmiiJGfPvpt999+50XX78gfBqF2TxZJibFLA8e3LBwQiTNJMj3LeajD0JUuMQjmKotps1oJjjlZCGDuo/z3Rl7V2Ypwx1wpGzhUQdaQWVqgB8PPOgAuqqoihEaAB4EHsOiqjTRgl6WDu8miUz8bvZyJBexVGZ62dJwBCUKFolUOGYFJHOVNlOT0/WJskYfYpIeQmxmFZkjcqSqhierVXGE64wEyOFRmYEUfxXiGn1wlXuP4cJTx6KqKlSZD25Od69f7i8/o9gud3cUrsIxuu+93FnYfQwfRBSTai7MADE6fqqiAgzB85zACJUUnhEZPmfwAJZKjHJk9ym7mfcSOmCqKm1Zrh4+3M53lWkL5C7u4VVMlUyFInAIkgUReQgOnX3J2Iq5uCqDhVgVviyq2reziE1aSRg7URZ841DNzREdQD5S8bAkYyaJ8LEP/LN12KeqIBEEJsuZFRksdT++V6E4lO4fCZpVoQIxGxDi6GHWmOW8XcQE0RYYNObtJJNMq6wkBzBD9/xSpogiQbsixBDTwqby5tXL8CGHNbQI4XfaVHrfTQReL0X0AzPMMqxyPNszF1T1ECLSjOiDtAMcZBId9eFzEefJBNbEGfEBZ63LQtKW07WaSulsbwJhy4I/oCqGq6qpNxHQcJj3IvLf//f+3b/3n/2nP3v//fff/+DHP/7Zhx999vz5iw8/+eSjTz786tlXr1+93re9b/vdm5ce2czGGFVVFBTE09sfCJPIxGCmPr2lmF5JSBThqlGQbwAqpUMKpapxEOnINU0st3QcmHyPnDLNZ6ZUbGUmLE/IMQBXEpWRUUFtMWstuuMyY0FO2lQ68kEzVdbxteEohAA0M8tHZZQ1Gx6zRz2DjulgTsKJEZCLAlQVYln66P/yX/vrJfLy6xciGh6AzImnpJyZVExIM4OgyZmRTzJd8HzfvFITrJuA2fHhCp/vzhFpE4EmFNPgM0XXtCiLcM4ZhY9AN2EhRhoUwoCpEEF9WpeaORapZk8ePb7s23xnWGaJj0wah5nQx4irBB9M8aHsnUmdh9WYxNSw+VWVLQ0d73NzKiIiM42M4QMuN1wAV9dXiXweYh/uw8FhASnn+wsUhwPiJYWzkpPBdAJ+VxGk8okY1PVC4lCsQuaDh0KEhZotohLfqAzp4eOH1w8ebNtlLjeVVaRINYXxw5SFVBv2AzXUHxIhGIWZKrFuAuksKmXzMSpCFWtPySxvY5qlxTOmlzEswwvIYssyep8jS1XEuP9gC6XbDGNiNWvWGqDxPvoYu+cYw3F/q5mZDY9t7Nvlsl3u9rFTMoPRqux9J+bWTlTcu1emqGhTEo6Aim/6loqrmFQtmYikmItLxdq6FPHo3Ue/bHecZNYIlmIxrFGREUj/bUtGnO9u+z4y0lQ84nI5R/cxxu3t6+18e7q+uXn0Vt/Po28iRlTMZe3Kx07uWSUsPu5sve7uAvgFQ8m98kVEkJvUGma4qY2hKtRR3Y/286OfLw7GqQyvDNUG187U9RxAF3+TcM8543rlG2yXgflOKQ2zoEhFZiwsqzQ1M23XV1fLuqqtwsXsj59869WrN773KH7729/+3vd/8Ojx47U1Yvnis08/fP/9y+Vyd/da1cwaKMbIKE8yrsAeCLUkS3Gkg5oXW15fbltbTuuVZ+gEU3AQTWEMixRhImTFYMa0WGu2kEiViJm2hoqUiWUTM7NDH4r3pziJmjWRRWVRayIqbDmBHUizjFVVlkyP0a+uHyLkslkTE5WmonBFs6i1xWwRW6KYm4mZttO6Xv2zf/yHzz78c1HFnAV30LIubWkssqxLAhbOkgPzO1AlxpVVVJBZ47JRFT5akEUUXVpTvTv/vzWleip4GnBQMhELeFMmIaSc0WT6Kw5DCNVs7OUDTKKZ6wHUQ4qmmFlIi1OI1WT4eHP3WoWRd8lMPMt9aPrkiERluCMWcB7ymRUYzQNWLihnMGZ5oAVzbquzI4inFQnXEAneFpKJW4mowRwG+BFgsK0rKFzQY3Jon4ipKOUe+SNiKWEW1aRZPK+mVdATKzxUx/XIoNaKK3IqK+CgS0pRgfGJqtRk9N63PdyhOsWnEYltv5jZFqVmskhFSSVFoGKZhEwF2WtE1S8XquSKQJ0zjHCZWTH2vXwIlW+bcBIFZ1BGRRWxh4vw8B5jNFMk7+GgmByuOyP0e3IWgcUvPFilna7H2KlIVSgL/viZExNeRJFJVPdJPSJkzWIMmEAvd3cFzqzmzlAZTEzJsyK3QoSQ7KyticgEsxAYZYaYckyuWVWRKtMpx8pRifT6CfARy6ySTuCFyEDLwG4yu3WJKipm8yxaxiIOVmmapkwVWG0xC5dHZs2oUFXJCMYiySzMSQXzqDBnQOtNRJScMjt5led9HUzSFNUEmEhmtbayQdTANaP7EjmQjGMZniMyNRVLHGlgR7ALSr791ttvtjvTBhiJpsalioD700HuAfNSqJ7roCdwNWSiBhlLL6kIlSjpui6R6TEg7yOa3UxX1zfy8Ftv/6Uf6frAR6ccfev3K8O0ZM0oLjZrmY7Zg4isiZo+eevxf//f/f3Xr1796U9+9v/8kz/58ONPP//y2ceffPr8+Vfny2WMkZnpAcNahhNSCpjlMHGxwJEkQmSmULDnfSQoVRUh5QzDT1Xl0QNLEz9lYgbTSXOto3kiQWvETPAzIEqtcIuRsi4iqKepcmJlItImRURRSI2tivQkvZdC0bylIdtgoYItuJalFVF6ItpJCJFSIirr9QqfMfFsOpiw3wGjq8xWCFIWrqgUERF6czk/f/5lM8XAjQcdCPcBts+cJugmCIWpCH2DRIdFSGoS6gRR+1yTgY6rEhfjxRCBu2Uu3jJDaAuKZ5pZbWaGuwk/PFaZmK20hasmcsZyNbPeO1IxFLr2LGY4AdBul1mlysTQ1+LykAYbAy5YIiI2Y1UbPiqReEU8m0GKiUhJVXANYD7Omv5+Kh/dwRZNFWzV8S+RqWdVRZ1OeqgKkUAdI/N+nrfPfHdreo+qCJ7zeSdPAxp7uI9R0709NzCvGH3PSGIFvgWEL6vSg4qsKUFeOe/RCfjKPOZnqbCI3mtD8JPw/DgoMgS1A1X30pTE1gqdFldR3Ty8EebeexUI5NCmbTa2kXCZqqkRpYqScmVkOM1SRVRcmzaVthDXtp8vb95433zfPaIta1sXVlKu8GTV1lol9b0TkzbVpqw6xujDZWbuV1USk6oVSiSyhMhUSZWIt8vmMfbLXXqoNW1t7vJU3V1EI0amsxBl3d2+vn3zOjPgJjzfnS/nCxVdtnO/3BLRw0dvqy3ulzG66kJV5WM5Pchw951JvN9J0/XqsfczgFT4CpEVh+uESKqShbStqgszHrzZbw8cJQucbdWkX+bXF/ulMAEdQALV/5cKwAjHxzRI88KaUQAwjvC9PVhUlUVZ0Wq1tqWJcGvLerpaT6e7u9fpvl49qIzT9fV73/+F9773vasHN83Mh3/y859/+emHMfJu60VekVIc5ZkuYhkJXQgiVvCyD++K1lCVy75pW6/aqbuzUGWJLnw0zhaJR+hioGiw8iF0ICpYuOmiSyOGtspETduCNaNYWAQVsR5ZNf/KglADtZBI4NJM4A8SRUx8Ob8Sbc0W0EumJqwknEL4LaydbFnF1iDSdTVrJKfWlj/+v/7o2ft/vKzLZNNQB0skJqerq75v7llVlaEKXhTpth1lAAAgAElEQVT2W46MWWYHevrgQAC+RyaMepWpOl3fcn/FgT/KiqjClo40AyqG5TQKBMok5o/jH88aMzjzCf0C74NCbGajUybVYgtJeYSKQhhQlULlEd9ARaihgMiYBXDdAfqAT0RDYjJW9CpTYdaIZKLZAwGtwuF+tqbNdER8s+gWEZWZFTFKGDJzSkpFiGq5urp5+Oju9o2a4T6oe46AipD8y5xJQXl9taq1fXRARsuyoM+DRNrSiikGar8OOJmqLZawZiURJIm49nKmX9yPAVU0K8BUtQkRfHG4N4mYoo9yVy6qoIiCjDuqRmDbaUurDLwNfFzSXJnh6YMoqcKEF5EcgyrTE8lRZlrplFkUKDrITFFVWEIxjVXRxGvmvcbwrJuup2XfzpXHulDJxSrsHlU5p2REXasSeCqeC0hrNsY4FqSgrCLX5VQ5ePLcQ0WyKjyq6nT9oO+9kFqbhVcXwURyRF+oCFWwSVQKoSGPoFHUxQ7yoiayDbwLtAATE4poGDIPiCozA2+OMF1dPSARz8gIVhaTefdl8n1daRUoFBZa2kIiaoZrkonAYhHkZjwvy8PQVd4HcxFLUopifk1QRkqmzTICyBGLhqOkaE7SNWNjSAQQG9atqRtkphHjnXffvb29zSgoSojkEPEBAscFDyUATxxZJtsHcfrSlmJOdzqEflmJrCpmi3CmMlEEN4WHsdhyeu+Xf/2/+W//y9/8rd/6J//0n+bljJXtwB10jqgZra0PHz7dtx2/pCJFNfr43X/jX/+rf/Wv/PGf/PhPfvzTjz/97JMvPv/s88/27RwZCvUNcx4CWZoneVQems35Pc8QCFbFSIxDZLZwAg2kIuLFFmEtJJAWHZC/RiQxTd6EWecBcyh0REQV4D4GKAxWSrIU0/SZELHqzB9C0LUyYdRTOdbTuQpjpMODjZsIf6uiZuBwTtMxfiXSRx9wVPFkUKbPlarUTBmPzhyFAJ+o2e3rWxNjEs+YFO28UUBnz5lvHiuwE+K/clZhCKJ+sCLjLoJG6PCDsUhRqXIlq0g46vIqPTB918E7MBGCptb1NF+tCcHI4RubywBuPlU1E+9RFYizqAk4C5hfyowcT59867vf+e6XX37JU4IfxKQkVeXlk16finZo36k1U9Prq9Ptm1vTxgSBEw6MwFaE8GwMCR6hZvVNhghPWdRsLJ7pUFzcc1xfXwelIN6HRNWIkeDJ9+8yM0UUCeEdBk1GVaI8F5asIrJ1AVAAngR0LRa0qkl88P3Tw0zM6VE1W2YhUBRRJggfKg6FdGZGhDASc8lWm+tHTOZsTgbCJEI887oyUpmTaPTe952KRLTIRUhNQWZFIuiP4EuprPCI8KoaY6jJsi6tNfe47HuMvl/Ove/ed2x8tjRbzIf7vjMR8hl8pA+3Bu0DMUl0VKSxNVWe+jooOaoqMlVExUjEh5/vbt19389j38WsnU6ZuW9bW3Tfd8+oyr330b2qLufz+e513zZVFaVtv+zbHj6qYjvflu/rg5snb703vIfvY+ttWSoqfW/rtSfF2MvLfbt+8m6KVXY4qYiQPCNzUpllKoBUymzGIeAaBrMJpKGySIkmOMSRnhFju5DaNzLOumcmifGKT7cnTMH3awKQf4IcjmaI4tyQgWmrKB/7Qk1skMd2+/DRExJ98uTt937h+996953T6Zqqbm/ffPDTP/vq80+Y5bKPrMrM/XJbVMIC/A/h6KpaCMFAM7syJduy3F0uRXlzOnmEoOG8ODOVGas1EzPrSGdhNaRIZWbAHIGMERYzM1laWxbThYVZTbSxqqgRW5JgMySGzo2yyjOycnjcAwRSFJXMSsTn1y/acl2T1JM6tPPEqra2ZdHlJO0qyZbTtS0naddtXX7yf//vzz74MYlmVqYfczYJy+XuIsrlwUm4hBGtZSLCCNqXpFJY7Wsi3/M0wPatDNeDNXO07QBQZbkH+DLTzJQ4Io84JRzHpSZSOPKhEi2dFxN4g5rx54mvfkpRkdMgJFX15PFTEemjqwixQJiEMViISQ9M8rgmmGepDrRMWD1pEloYaGT+/IUbU7QJs2SFGQ742RkM/8CU+s2GFjAEc+DGYUzCkA7ufb+9fb0u61/4CGiOuBlzs2QB9/744YOrq9Pt3VlFuLgoI5Lvw0/D58RJhby1jFTVHD5x4kLFhqqqj2CeTWFA65lqVj5FMtHoHTth+swaqQhVgj4fbJ+K5h7lnlIiSllTTklUkUIpJH3fMsZiqhz9slHGGL2iMyZEifIgptE7cyozQimYOSO4qCqiu+j9xFww4UKmxSzpY+zbhP+JM6J8QPgBoWVE1REPn1kRLgr+JysclxZ2zrYYPvTf+mv/9hj99tVXVVXojD+UNJUVY7SmaphcM7MyghAejX6hKq98+7s/Sve+X8BhzbZ30cpK7JD3azNT5lGmURlz3sAoH4Cnq7BHYFOpiEIRJRLSWjOsOAn1rCow7IzEFTN6V1HoMGDiQ7IKE0c6E0eU2ZFkrcpCEQEyN7wMIbz4uxl0v9tFUE1pCd7QqU0l9EhON9SRAKCs8tXzZ1rctEWBX6I5K9aM182MeUEwyXFiYADFdpNVI/3pk0fnsclMkSicwDSHekjzMMLKujYze/Tt7/zu3/wbLPIHv/8P3zx/gZ+cJhSQNSUeWpXbfkbQwtSfFJHQ3/qP/kOP/c/+7Kc//dn7n33+5edffr5v25xlcIkQ+k8rvWa4J8a5miVrJFA9YShH2g2M+2piUiAAZ71DVng4K2ThDCEWgH8zzVkLPYsS6ggnRquaTHffXI2oSm29xpMMX78qo42ZJpxCAAfkgPznCCpExDl/psJ+LSgtx02Oic5R0AAUCS9picjNgwdjjIzABYLAmiy4g5BfNU9IlCNmZGSoYStkIvIIj8Fc5ASTqNYsjcBJioL4ieFP/QcdgRuOnaWg4BQlIvcBfr+IKwpMCDFXEitXBn1jVBWdQYcjswQ+deHpv2ASUciFhVibIjkLufdQbWcWwD6A9KJy3u4u+1ZIPkWubVUR5xFucNw8PMFQFh/Re39wfeU+dYigzmGAheYYZVJwR5BIwYVEhNyVLDJr+IIZibvMwuzlv/Yrv/Xqzau+780MRxtTqSqzHF8joNtjvcMiCoyept+WhJu11gzbkcALQcQq7l4E1l5ULQuHuFgza0sfHV+E3puwD1U/CKgSKmA52hhLCaZEonA3a0UJwAzHA/SOVVMUICLuzkjVgM4cmFgRBJrCCvOBMCMuYWmmphUhzdSkovbLNvbOFDG69z2Gc4m1BoH42PeiMpX09DGbE5alsUyhXY4MT1EuK5SjI3hUVdGZLWCihL33u7s7H3vFuNzdJZGtixBfLhemCvfwYKHhY/Td1EYfd7cvfWyR0dYWMc53t2PvEDzE6FV58/Dt6wcP+76N3jOCSbKywlUXMgvfx36R1mx9yFzCCtwZsxF2xyoGxUWcaPzNTCWo2XWC8XSvXEumouKseVr52Pt+J7rMcxI36DHGFvbywxg8WUeWYtL5CiiLzcRIRBIRC7xARMSzx1O1XV9fq62UY98v737v+99+9zvvfue9h48fNWtR9erFs49+9me3r16erq9uz+dt6/iCYnSPAe0EFPZENYaLaHi6DxFebGWWy74R0fXplO6qbGqmyspEmRTw5CCDi5mHh6g009kUE4BICO2q2HZEjcXMVltWbYtKE11sWVWbtAWe79YWtcYKclXNVtxGZo1ESMXWB/v5ZUS05YGYmBrkNSVqrbV2UmvcFtalSNb1xNbYVib65//oD158/BMWSSKAPXJE9ySVqrXW6NCqYWrhKpK6un6AOBQhdu9mRseXSQcqIyaikghlFqGkYz9jYp7lpYgAUkPf2rKsqhIwycnhkC7YF+fOw/dX4JRf4KHgQs8Jc9KxUApd9ouHUxIjq3c2Gh18dB1SWcA+zAlV+KSalCYrdZRLTiBshqRhG/CMzMyotiyttSyy1nrvkcfBXsyiRIxklipC4eYsgANGXoefGbGKeAuqoC5TbdYsHXL1VLXztu3bJqrpwZSqGpHhOMbAcGK44zmFV0GTIkJCrMLdC6B+Ui2nJT3HCGvt0FxwZkY4jB0kfHpwo6r9fJnsECZIVSJKd8YfimYrer9sFN6sMfHY94qYMq4qpth7/gv/0u88f/Zx+phqFiFmCvd0N0NsdERkRQqBOXDYAg/AsCoqI8TgdwIEFlIlVeFeDE2yMldUqtrMyKvu4aDyhjszVWS/bGomTbNKTIiqd4eG7fNP398uz7mQ2K5z0hHLSConYjVRte5jwmvHnXVw7ELC57u7sd02tTzmSMyUwhV+aGvo0DIfsrqYYt2qosxQUWY1M6qKTCb24XP1rYr0Izha4J9hZlG11lB4jLu4tVaZRDyboKdbKdPRUz5/Q4/J7EETD6xw4oDHOxAZzHPenYM7c1XA5APgV7XljO4CC8rMNIYTFSWrGidHelVCdIEqeQCy+BeK6mwsmxlJCTyhIPhhIcm333prg3UE/b3AOpnVFDFfs26byj2YZd/2P/hf//Af/v7vv/nyy0rHH+pQSbAoi8ms6Z1TJL5TZeJ1bf/O3/w3P/704w8/+Pjjzz5/9uWL3rtwUcEFU1QI+mcxZcrIZMztVBVQACZnYfkWRQA9jE4BbDQTX3gws5hWEouc1rXvO26Mmv8EM1ElBpsJhswTEogjvFVMKC9AoowuVw8Yq5JQRKgJFUVMXmbqr/C/6i8gcjNjETMS45dY+Ejv5Kg6ADz8AzSnZwRmVWZSW1diTkpka2aEtnbE46ByBW4dyuJmOt0fTMzsle995521Lbdv7nQxqsooW9RsmXgKmBERCPCOMVqgpTNrB7lMVew53v3WOw8e3Nye76AtOR5tyijMpoRMe9HKAtsCDWtrEmhsYSriq9OJhX24qrESOqWzysQqabiz0NJaZoBZrCpKUZEYQ1kjsurQ78ytF/p3VG9OriMjRHVp2seeWQ9urj28tbWKM0NNqRIRvER8yGSIONE4W3DAVQImndkeTFTJzNaWz7/8LKM3WeazFcE83cw5TXsw3RczirVzklmT0sn7uW304R4iHI5sOJnGC65mmpnDZ9FgRhZcapAnSuEZhddknoVZzLPak0mbNeD8AYkJ3tBK4jroRUHyVGVFlgCT5BK1R08ejQjwoZksKqoWAf4UMYUqLOFujZl19F5VmSnKo/ccoSYZMfpOSabWmqnSGD16VzFl8e7uvpyaLtgKBgCesfe+76oiKsSVEeE5hjNTRIzhymzrwiyj91cvv07fmvJ2uXi4Lauq+Ri+78zlw5d1FeE3r19GH0KyXe72y21lmrV03/ctelch5hr7hSqsLaeHb6mpR4/e3TsRsVj5XlSia+bo++3VzVNibqrw82YmDABz4MJ8T0VQekzIFQpmKPJFVNFZWBMlICEEV/PYL0UlsuB4YcAUCAQQjAXQYdFkiCZtSUgtQWBH0SQh4GBDlSmYJlVry3paT7asLDK2N0+fPP3BD3/50eOHp9MVM3sfX3z4wSc//0nv26Mnb29bv331srUlfLaVxdgjHAmcEa6qlTVGRg0WTS+zdt4u7v7g6oqrRMVUTE1Fm1izxbSpKECeDBdRURkjWcXUpj+LiotEOdIrA3daVbAQ6sfVFluaWuPWiEXaosvCYmzNltNyutLl1NpJl1Nbr3U56XIldrWYvnj+6dX1E22rtcZmrNbWq+V01ZZrs5OtVySNRNf1xMy6XCvnn/7j//n87BPUeFEEFYlaeKhIUrbW3n3nnVevX+/bzgIWvXx4U9m37dd/7Td/41d/5U//7McQWIpIgOAtsqaHOmdme/OcuLkyVRjB2AegzswSMURQt5REhd0Yp0FNFyzhbUej7bzwCqcFmnsI+BpgsMjA/kBZOP8xZYnOmQaAf+Wk4GkenpD6QI2hRcklVTExcyZITzJSED8AJCWmvgHe2eEu8JBRwjyDVZkINDglyHBmE7FpHSFhRsssxkCabwgLsVgDmeAB+TVXpppKiWc8ffpYhEiYVLPSVDKiMkU1fHa8QBkFYTEL+ejWFsHrxcQQ3gS2rIoeIuLDYdfITF3s5uHju9vXEMXa2iK8Mplnqo82RSghGVK/CI6WtpxYNTO0KaLMcK7fPHy6rqcvP/kpwqyhXM7Mchemiojw+S0UgndgeCCqyhk0J4SmC2EWEuWqLJ+gIhtwH44x5sqYGRHMlWw//KXfvlze9H6e4oFKs1aVETm6A4sNB/FcSpEjaCosSkl1aRWRkfiXQrdWyRQB25SKWoMZIGZKoQ8pxU2P3BWqeyZo3tVQXd4TpFUlIHxmry3wOBq9E9O6npgpZwtvHQAuTk/KwHLJGZ6VSmJLYxZEb91PWWJTfKKqWRO/B2CspsVVAQifhfX4AKWYC/ZLShEVUzpQ89798VtvPX706PWrV8fbpAW3JxXi0Fikik05K+eYCYCfGEchEbAGPXRzdeAMdHT8sbBGOiWwYPr61UtOWtqaVQhonCn7IpGFix5+aRGxJtHH+cXX55cv++UCAWKMMcWESD5EUwZ+fkEyEzFxVmmzf/E3f+3P//yn7//8o2fPXoy+M+UhUyhTNdaMQGxdFlEU/FzYtYSVmCNTTVW170NUfASz4M9CRMichT9nyqFFFFnMVZlpra2nFceFCkdMQBPqKWHFPoxH+uHDmwfXDy6XC3gGVbuCnSVyAoHh+Y1OERvk9A+jcQh6ZcpALg3TlJcVEdcoEoZvG00uVcR6z3MpDk3wHegLg26SiVVkDLfFbh5cb5cNTNL1o2tmyUgzyaoI5GQJk5z7dtl2LHaBCDMzVho7Yqd1ztAgc1FIAZBV1NRglAYd45mnq/V8uQwf97UXYnoERnNRNW3dPcMbUPPK6TU5HttlbZXAHsjUWCR8EJVqE5rvLSVUmBRZkEgRc0SISFvXiNImOWJ65LMwg87PsKpfxtvfenp9c3rz+o2oTs+n8hhDVPdLJ4hrCTVuRMyRDiiOJ8+IamBQAQAImCTn3oY/bpaJmDYfPt1jBKAK1MqRzT7BfvxKwnghJDWRK4Fbmokx9YogDTPw61dX15mpZqY2YhwMO5rGjQt85rFYYnxAR8/sTmIu1FTTpNKrZCo/SEnNrAhW6mIWMWEVaxaBMNPa+8gKTsZeSEQVQVSmqgr/XEeedCaN3pEIbsIVsW8DLdWeQcwiU87oY3h3FmZhH8FM1w+uxfTufOnbhmStsW/72BkJSyaX7TL2vffeFs3Mvu/ELGZVue2XN69f9+2yLrJd7kbvtrTr65tMP9/dEQ6HShW9e/Pmst2pWWWcz6+G90xExVHfLpEpUpnhvWeVqN08fvvQvHr4XsXLcpW+J9OyXtXYRLQtN94HI4BQZc5hU7pQRUfbQOHi64h3LCY8cnjW+CAE5l1EEyzYz69aO/HscCOaawQEG5MXqzoWfjqQpoPnAYIyCT48NiDMDYmIqqbLemrLSiwZcff6xQ9+9EuPnzxp6+Lu58v5o5/85Ktnny+n9enb75DaV59/2vdzY4uM0Tugwr33jFAzJEsJ677vy7pQMZHuvvvo11fXQFjh1EwqhAuTGFWyMCszs1pzT2YpUCVqpu2bFhcROFiQKRnlPhySiapIHCMMhRWrNl2WZV3ZmrWVpJGa2kms2bIksWr7+vlHInZ187StDZSC2tJaM1vZGrEFiZieTtcMuuDu1R//4T/Y33ytbclyeG5hcYP/GIzf1re+D7NGVetpSSIfQVzLunz54sXPP3p/XReUzhA43UzIiXNa9JR4liJlZBVZs2Z2aMNpKnuYanY+EnR3U2jBR5sEjjbmA6OUqYWYNBLx9J5BRysJZcK8CETuJWaQ80B4n4XhhqnYeDmdKsvDp6ABVX9MEc4qpkCWsXAoppbDpwQCFqo0ZgR4EgQrU80MM29lCcSIkH3iBiXKcEbBmQgRJvXJpTBzMYcHYHLRqSaEgLMqieuH3//u81cv963PByzmNNZOC1G11XwEHNim1mOsqz5+9Oj17Z1pm7NlZnpGOAtHFiu3pWHYKGYmHSOqIiN9H7ouVw9v3N3M8CHEKBHxo7qWkoDrt+WkSj52EfaKyBDl9Dwt2s9vnn3606vTip4KCAYyHeENVSEMfVcyIngyVKX3jsKB6QhhWMqLio5AnWRhJOlGVgyvCGlKVECMmKgqRt/27U2FA9ykoginvxC1N/pgImHKiGbGosMHJAThkZEeXY9JQ80iUiZ8CQKwiGYl1qS8VKIS8Rjz4gU5D7YabTSMhEQ80TXVZcST3pzmeijLCcVPXAQ2hvRwxlQJtkqSIsoKLO4ZAMK57zuriMp6OjERIsQrgyZ0JhmRmdcPbqy1Hp1ZmWTsXdfl6sGDbb8o3krFhFP3qp3ltFZRH/1ue4OJKzJy5qsCzM3IqCwhzoo5AMh8R1Us58iRcxIvIk4YbCDnw2p0BGJh6ysuVIBJpI8YCRkSyIMmtmhB40+MqJNI9zFE6QhNQdwQigIRbCjEEpUY2LFfYVUm4ST/wS9879nz58+fv7hcLpExhmekR01zlyjE/lk1htcEDbiIzawt5mNETKVMZInw1fWJmccYIuoZPHuZIHOaiXDb3te1VQSJLG1houEDuTowPwEFVpHWlKjcE1zfSHcfGYFbR4stR6BNhqDUhoMJ6iIctfAgFxXPR4fu2QBYT4Wn7kYm38A0k6EF4XyCEKVj/a4kYrw82IGY500pxtbWbTvT1NBPUGyyGUQZOO+0knzr6+lESNEKfLOOFRYzXM3oK/RzASMiEUWDyfx9mVpr58vWt/20nA49mRSIqkl4SCU9evTg6dO3Lvumh20fOiKQWUSZgbWYqHj4/u1vPd18ID4F1TnMDA0/yFaMMzy1K1EoamXJSPQHwRTRu7elLW2+EpftQqWwH6kyC7unqFSUMLdmJTK1FnPsYkzTMi8+tINN1hxddGpKU80ztWWJxxxJ25AQz0BlYDsT/ZVDdAGjxfxU57pOxNOGgZFNmDOyqez79m/97n/wnfe+95Of/LGCDzkYgyrYqwIaQSqUpM3BEYBc3R+AhSQNPPRHm+whT8mqZV1nv1jWISPEzsbuvjRDPBigGmbJKBMNr6LJq7bWIlNMSdi7Z0QSXV1fe+zhISJmokKV4T4iUlUjC9fbelqoqN/1GN4Woqz9su/7xlzaTFW2y9a3ffS9rZYRfR8s3NZVWPq+vfz668vdG9Xq+77vW1vWdjqlx+sXL1R4vVr2beeq7e5yPt+qclMZ+zb2SyapalF638foABrDvaqEqC2n0/UjZmHhGMP7nlm2rllBmc3a2O6uTjfE05SPAZUmCUCHiIBYVNiYBHhdFDxgxEURGe7z9WJRa6YN8gAmjrHH6LpckdQM4qV5GwM7BYYLqcSUf00sDODxFJYTctpwbTKzKQujikTQC0Awwfebhzc/+NGvJNXo4+Xz519+/OHd3e3V1fXDp28vV6dXX794+fyrvveIFDE4okSVkvd9r+S2NOB72PWYeeuXpHxw8ygqK0NgNDnoZrQoIOoROZ9EYkvDkyvEU6drjYo9q4qg+8/IA20BSRsUQeWUkWP8v0y9W5Nk2XUetm57n8ysqu6enguGxE0ibEq0SdGmbFIRcoR/gP3gN4Uf7Ag/WX9SISvCDkeYIkMUbYgEAQIEMJiZ7p7prq5L5jl7r7X88K1TjcEDAXAwXZV5zt5rfdfwkTHTkdCGNO2J19vnJJpjHSR9W98/vP/2+vqz3B1snpgUZWQECcEofVikHU5XN7evfvl3f/5vc1wmSDR3Cifm3ruaTVQBVh5A2l7uO/fwepA7yOKlZPcJ1VBrrbc25qDyAlcsPRVXBBkueUbOENOr4zXe2f3E4uTdDEa1ZePDyUjO0IqM4NjReLAAyvuu+SQXFklCP0kZsCIdugJhqTNE62H12FNts4itnVJ3eHQEUbNEgz09zJgVgqRs1hjgZBGvDLukmjFk7VVkyc3Q2FM7TVCCeS67Z8mQmEg4ERgUwhxRUwIjvlgrE0Nqr1Y1/eLrV+7RpbVDZ6nDPCOIQlQOx2WOKcTSlJVjzo+ePz8ej3d3d1D/E9fYhx9DILuKmHNa6zcvXxLTGCtwdmJ2n2Pb0ieTzDncnWOiU5mZYmZ6QO0TMedc18sjU7pPzoSaLgJgto6J+GAJH/t4lwmaOoLwI+3NLRTJlCKcAB6IOJKJfDhlpruUUi2ISBLWNcd8ElUNx+5uYuvlobcWe8YXiq5ExURjVs6mmUS4qmLYyITZgDMJfrB128pBHsXlEnFbjknkMSNCmMM9ZoqgZxaLGYTwtbx6OBH1YmN4xzgEc5UIOfbmWnIpYjKRsoY7/m7hsjqSB0jaZMpMVFZDg5GB9nAquE1kzjq/S8iQ/GS1ZyIxeBc9hu8bdkqzFy9ePNw9LL1DsEo7WF6WSWjNPdExnnVtk1ljgOjY92nvuFfbdcWcwRApe+DgLy0/izCRqpmZJJ75HQxime5cC2ISU5Q7nHfNKOxbCdTFxKjCwYmY5pxJgScfWEHWWl/6AxgCaxopOJ/RNs2iPuY3b97eP5yR8SDMVv0e5BWIVw3eArmEJPBBZcZdg9vKTNbzejgup+Ppcr4AoDU1YAEqCsslXg0RFtNM8jm3bTNWVQ0OgAssyIYiqXR4HGZKQe4uYiJKmXq6+gi8BqJ0FE8k4JQ6LINVob/H5IpVNyOYGKZhYppjZoZ262YeDp4CfmOniHBTK2EZExOa6uuOJyK0XTBLTN/GZlzBqz5meJQki3m6CxNXVxy1Q7u+Pm3rCu71ac8mwsNM++TJ2EDCo6btMbisXUAU0kSYbMaoBAuC6aIOY2WZc5yuTy8/evHq9Su86k8Wt8xUhUl4J46ZZ/rnn332eFnnNgBNAcMCkMzgg6qYgH0GK6vydOcgZnGvmKdMElMRGnMqyxwzvBpAkjCRKMQ5CLgV4cgMDOsAUwthJSaKyN1JsPtP8HezyI8AACAASURBVKeQ+Ky5H4tmxE5pF/xfwC9e9XoSqOL5tMw9VDIGotI2ArhjEkNWaSaRsHazX/76F19+9Q8qKCbN2scpzdTE9t67D0l5QeiNA9jD1Q4mqYbVLpTVrAXuG6IIsmW5fvZ8G2cRqUOh/D0YubQ6IzgjqPeGYKxKXMTYKcwEiqaUpkKkS/vBD3/05vVrEF/4Z4Z7RKKnKTP68ahqj4/323phClGa2xjbnMOlqq7p8vAwL2v4XJr69HHZSOVwPPj08+P94937cXkUJndfz2dr7XC8yuH3795E+LNnN4/3dzFnRI5t9RiqMrb1/PAIxr8tzcecc9Masxwwiopaa9YPRGTWtvUyx0oZrS34eGOOOVfWZfq0pgCKytDPjPtVcU5TliGmMt2hGo8EEc+0I6+1H+JBpKTHu7dqraQiTyAX9khiNFjXV4+tsL4mwVtUJEBVAwAJFlHZM6za0hcRMeu99daXx4f3n3z6+eF0Pbf19Ve/+fbV10F+fPbs5vmL5XDY1svrL3+zred1u2DKwcAUSSxKzNsYmLfg6AvKyzhn8mG5CiY2ZEcxvlStX6oy0JJIlFtvzGQivZkyMaskMaWaaNWKhTD8EzvJqwLXDDPMUZFwCIa7j/Dh25hzy7nFGLFdxnaOMUQOJP7my19cPfuEZAEkFpHMqq0RS7L1fjwcD9Z7SmOVX/3Nv//FX//fRDEd+zzjasGgNXzMzQnVB+7SVEzr7c7EeyKKpIrEfaOiJHCFmhpqgBmvFeFZBJiTezYDEZlSkseE5Y6LmuRIJ2IThaMpkIvPZMI7kM8ll8hQMeGnI6nufvf5NANxOUxSVIg5alKPfa4ASkeQHuEQgJYMi9lvYdPk4bh3/4f/7l9+/ebN/XppYiY2fUYAzKs2GrixobeuE7P8Kuo5Nt9UtJqb8XskK4qgeU8Q2meRHVVBkhP5nr1UWIzILpcTYfHIMQZHOa+sqWm7XNZwdOJJuLNns+X2/uH29hagKQtlwEReFERlqVPd+O5jrBcKEkEWXGG+xuLbFumffud3RHmuZxYrO1+GCJrj0n3US450MoiaMpLmGIMyOaDR2iOt3RNqW1RqMgcK4ARJRBqlAsQjxRlJ4cIQvkcyuQfOEw/Ho0tcjZ5UbU8kzJd1U5ObFx+v50eKbM3WbcOd5TEzM50jgxzEx9SCRLTGS+WYsxjsqAJ7ET3d3MyxuU9TpYjw2EX1FX8XE+aP3OHR1PoAorwfue+1PjMJICOR4uAMiAgiWbgdFocdcFfKmRmmF/4tR8mebVuX629deaWw9F2dkpEZjhtweviYECYIs2mbc97dvuuq7lObTR9MTEk+XVS029wcXpF9mS6tp1JGTigGEK5YL3KAYWZTcw+IvqCIU9GsB4KIq78oyx1R52dmufYgHxOuSHXwLmOsWBsRuhR7XZZHok7AI7VqNPZ4zSC8qPh4kRqvrKrGRJA4Aja8XB5E2u3tLTgvJlYTHFnKvMM0TFlJr5HQN7OaILkbH1DUvK7T/bKutUIDXI7MTFREh89EDbyne1KkMghPepqRTKXGZpU5J2amAk2hjmH2jEzSw/E5G81tYByMDzJrKChrBkScLZiW2k0Z/7agim5Nmh0P/f7h0ljnHKLMRNt2+ZM//uPnN8+/+vLLtvQsFB8tBaFqMNTiwSLwoImbvnqhYx8lEW6DVhEiYpVment7H8HNLML56Z7AZF/Gw8r1363f1Jv1tgDAzn3IQ3ELrohaspE7U4cfiej58vjmzTfdFsl0D0gSylNV7X2FRxKRqn779p27d12oxOmgCIVSPJwyg4JBHCukbBw+iVhaFcq2pc054fWkkvIwjEQEyA30CPBGbBSRkMwwgho8I1KsgbjiGsM4M8rmQmDkh6oRJBi1Au+j8U4yZ43OxVRTIPWn3suolRmyH8n033LjlfJ1OR60tcvD2UzdPbYRzh6uosAIOIvQLY5C6k7LujoV2Vs1IaD7jCKqFa+GAVGu4dT0/v1tRpjKnL7vLYAHiVXcJ4SMkZmQ+cExLHx9dXM63oyxZThX3COrsKrMOb55/crnpmx4LE2Nc8+voYSeb2zb9E1Y0sf5comQJFYTkshM3zZOhFjnnHNOt76cro9j3e7v3p/v3vnchDnCc4aatb7MsZ3fv/OYy/HoY9zdvmNSU5uxQWC8XVYsu5FB6WOMbm1ZjkRCHlrztoqo2iGTWu8e7tulsEnSTFrPt9aPY87MyTCro8+mdjmIeosIqM8LiJnuwzzqczkyI6dHJV96xEyiDB/bw3K4BiPzRC9keT/2oaegfWKFs0ikAs5qp8eTgeIRQtREkqhaU7PW2rH3zvC0U/zuD//x5fxw++bV4/vbduzPn3/cTze9d/f59ptv3r154z4jMnISsVkHhjDh9YkYl7Oq9d48xuPlsbXD6Xh1uZx9TjVrZmUuIoxlBG+HKqsJ6opEJD05E0GzCHeCr8tMlU1FkRwoLJJCbMRUKAnV55MkH1LHKCNDSHDB29JteX68uvr21T9c37xcTi/6YmbKqOs9Hq0fxPpyWA7Hg7aW0sLHT//i37391d+YtBkE+0JELId+dboaM8cYRJWuQ5lwQ4VDESGiksKcbAoIIcqyVz5dUN6be+ASxcOXmUh0ipKSFUYBkBvHTiGiH/5KcErwiuB2J5YqGUrU9DDjn7gn6kWARqJKEAfYDg69QVeZIrLfx0xErPQUDOHu9IRzBDEBcQdyAjZF1exXX395masJf3Lz4t3jIwtnOoviMaasQBV6emBLmx2ZYV3+5A/+8NW330yHmUGIytRIUhkYu6YiARbirmRmqliseiFKsyrSm6XvwA0ydPeDNALh1MRM0iAAZlUL92bdp2fGB5420kwIg0AEVL8eTjOFWVgccSbMokwZEd6aefjh+ma6n+/uRBs3JSbYYzLTx4A8NXzCmL0rgiskAGyMULJEoUFZ4fE4AoogBKIRZWXGB9KXHuFzujUJyvAKkcEzswNh1ZH1Yc8UFpI5nYVU2+n6+batc6xEYqY+R1tOH3/2u7e335qpiGYJ1IiZW0MVRoRP3zYOVBvUNI9HaFsv6RPfWgakp+W3Q/05GDf8TlJXH9c/NYOFrZtHUDiLeEYQqxieQGUhTB+QQapWFGHsEFfWU1T3aU3ASB9JsF4ZFBFm2nufoxokcdIX+cuCZVhVI9Ojiu19IJSFt7l9/r0fbOvmYxQHWhNVgOsghse5nF31imJYolrNM5M8VXlHeaLe1krsCKDEQsKsTjF9gkqDqA72HhY27pHptJuGKZh4+Pb8xU3vfWwXEmR883Lsy3HxOfFC4HzYgaYysxIJ/n4nJ3CJrDs8jj80VfTyuELdl4gdgBkIL8/+SCRlVtlrFmymwkRjTGIOSP7MkBDd1OY2MeYJEwXldHzFNWwyC4uqRuzxAJQQw+HZiEwzZRZVyQhQ5SRsZpkpWjyniKinjDGE8VhLOJCRUlxguFNmTJbwP4OIxxaAjVOIr65PXeU//8H3Xr97T0l9aWNsrTVWDea37995TKKnwAB8c6lsxOTuYO0zUzDgF70MfjmlEkkJp3bEE2IoJoJ0s9zldHiuiJi1/K9wjgP3zsy+mDCPMTPBDNMTaAfNfY3zVMfHh32ApVmDyGcPxIRIvfQudTQDs3AyUxUNd3h9qAL7edcSqKqaqDZ88VHvZYZ2E0WSLuA/F3gxESxdoTnpyFLYkR+k2pCkiM5tiJiZETgHovAoST6BWMikFBL32ZZlOZ7Ojw+qLSlNNKVYJKRbCCPmJYvcZtrfcgxpiloDqObEjAnmioJmkqpbt18dTqer7bIVJKxabCDoZGVw1kjprjmvQCYmdJBRkiDiG4R+ikrFZmRS7s96wlaHjZ9JRLQeV/SBE1NEoI5aVGIHWrCUMzEKbi/nM1cFNT1tXBycFIfj0ZYePlQ10UPStJ5DyrGNGJOIOcV9QjTPylRhcCHEY9vg9PdMa9aWZZzPl4f7uW0RI8jHtlEmcVq3GL493m/b1nsPj8f7u3VsIrTN1d1jTriyemswc5clyDQi5tzGtiWnCLlPEu3LMXO25eQePteck4TMlvQtYzseXrgP2Oczk1WLF2Yl3hfyJK7a+TJ+w3DJxMm86yzrOkuP8IkQ9Mvje5MWxLk3FtVGuae5SWnKMGpRZgGDT1cJ/rTCJwCqMC4eCP9YmK1ZUk4f5/PjcjhdX51uv3m9Xc5Xz55fPf/IlsPxuBDl3Mb723f3d3cguWDpVqRwsozN8fyb6hxbRAQ7kZwO15HTYwhxDE8PaQppJq4NHJUELEAUkw4oTRbDsiSiLMrCQDJEWzBTcBI7U0n4WAILlmLHUDEVbWyNpbd+1HZox2s7nHT56Orm5vVvfrocjqebT2AZ8ghma4ej9mOkauvWO5Gltse7tz/9f/7NdvtKtXkmCykzUc4xcSBvczO1yg5lQd0vl8iBMlNV8RBkBiHIoeb5LJ6TBYA6la6X0ZNYAyXDsEPEtdILIS8OryJLcsSHx4O1iAYKnAMU6WIKHB9RsI5jiPlJbIZvgQhx3pQZatKsn9dLzjKsswhmTGZkNDMxp+84KMD5JFEWlbmNigSKJBL3mOv85PnzH33/859/8YWqiYiyAS4HMwYGGrMrEWlZVsg93l/OY26lh9gFtyLCopQgiioTr4g0FbgLVVWkDJqAA0mEApENZE1r5qUsd6w7VYVQlFA6OWZGTLxsqlJgds0/RUgMnzfPXwwfTJVJQSKzGtNAREdMF9g5me9u367n+6WdrBlREoWvg5OEMjyF8imwn2vkKEt3X5ZlWca4cN3eWRoSZiZyyqSs1oXIQJg9CDfVJyU9C6tZ7CZUhaA/BhGioamMAVQY0w7ZECrG7t+/jbm21lFr6Nscc5s+KeELTBFxD5/OzKywFMLFK7lfKGpQOyOTJXe5W00IBF8a5hkOD6+LlHaxSsGNxEyicjic5oC1r5VwgEpVBWEJzs45PWKGBy7UWhvhVC+/eq3bImzaCMVDXIcrRskxJ5RdXDJ3VtXMqWrEGpnpjvcRtxmeEha+v3/vc0BIgH9VZM2uBIaSOTOrO72YDRbWauuAEIRrIyDOMsAkqwkRK2twruu6tK5qGHWEFe9ujRDMzWCscq4UaLiHhEUiHJ5GwnNJ7hFjjEIZ9yehICj8Xyr1QTKpKqPoCXJuoKGR6J3HnLZtI4Jwis/pxBzDwyeJkHsSId6USp+8a8L3PUdFYjpkm6wcHCAeMVQiPg6VJuGpaofTYcwRUetLYQGY7CJFZboX+YADjZiI5zr2G5NEWLUfCCCKMJwivLfDwmIoJMl1Oe+TO+2QBu0Ldrrn/fu3vPT/8g/+4IsvflPEP5Mw376/Hdvo1iLwIheTysRBOX1LShWjihWvF4ZVGgJJmRLxkVAbiGYmK3ZTIgqSpErkLYvwE2+GKwm3MVoBhCg81nWzZjjoyvEZgQW5Th9KZSbh9IAFjJnmxAsQVaAo9ckTCO6kWihK2kWBBlPsnFL/C7wPwYAu1MxExLfBxGAqCM+0w5dGQrL3XuBAEeFkkfB9GlIyEWA1GRHV+qFS20hkBko06smvC61g1pnZl3Z183zd1sWah4MOB4H7ZN7f3+QdkdmvqyRutpfYyxNNjuMVzcJJxAiZnut2OZ/r8IeedTpqjXg/qPafFingWK0qN7dAMfxVfESoSHiKcCQluahmkKowZ1CotiDK8AiSppR1Z6A9EXJegJTMUE+5qPj0SPc5m5lIjTUVjaVQy+X1s+fPX3x0++4dBw+frffezefQiu+IFJbKEaoAzaI5fVLmtq7hYb1Lb6xm3S4P79f7+7muMYMk57ZJuRzJ5/DtkuSqTUXSRyYfj6dmNufmiDQNpwi0rKvYnFNUTG1b14xQa02NkpjV2nK6fuFjYxaxJX0j34hESNbHt225bstNxixVKM5rWK0wJ2CYgjOcSwqoUsIcNhGRwLLukUQqJYD2DIpcL4+mfaDcJ8vW+YT3UNDuPypTAJd7Dg4zYAEMLKLQJgKrYYoJADpdyuFjbGOM7fPf+d37+/cq+uzlx8vpmtl6N2Y6nx/Xy/nx4eFyvkB/7J6UEb6ZLVD7jwFLt0XE5fzIxKfDNVYLSOlUuMwfRGLWzHZNHSfzjCDfxaiUJArhpCNTVTWIICt1YmGtOhZREoGIgsSI2INTTHrTvmg/6HLVjzd2vDo9e9GvrpfTR8txef3rv6X05fqTSAoPYrZ+XA6HIJ3O2ruakbTD4fTNb37+0z//NzwvLBqI2EY3UAkyZc4pu8+itD5E1isXQqQCMKGlwA0bifbYzCQh0jI4ppriUNp5noIEoDDJ5KwiEd4RO3zphYgLs7LMCDRlmCho55Jb5IeDoEYeqhSESM9C9rQUAvXrEKdAjAoNErySrKysSWRaXjh8haJU3vekTDI1PKeYO9FOdd7Wr9+9JWYTBWCSFKpiKjFnZCp+U3LOEhMzc1d7eHhU0hIoFpeLe7MOUt4xLQBvAXaNSFXnQFc4CkpVRTx4+swgVaWIOaZn4Oo207b0/bPljGRV8iQONd1x7fCZkUHCJB9MyJ9+/sPLdp7rmUWCWJQ5HeZmM3TUkUIllWy9mfZw9/CxruwY1AqnR9w8qgIjKHwSkUjGnMg5GevADpORSS64FBBos/8LhBH9FpzPwTEHsi59zmTJcETTOM3leEJGHAYV/hBWXWoYvCwIGhWqVS13VSrij7A5YITH1xExA/+vnenRfX/LJMCDmIBhMQM67sCDA9k5JTOjPVNwv8Xw04q7j3VjIibxdOzDNKvM2Kfjj0OckbBkOHwxntGXJffZOB3BgISQcXf36dgRMfwwUWvNfVDS9MnEiKPy9L4cZwwVcS9FF/nu/6SgQmyl2BSMDhnCRApe3Uu/rlqbLCZMoqRsZjhak6vpzCOCUli5nslMxMISscgPf/iD27vb3hsRbdsW6dDk4KFAiMKIwUxKpiIRDrJsbMMzjssBoR1EEhDPkDHD3YFyG6AAhP18d7SKiQwfDYtTziewF0xLZk4QIwrqz8vTnQTVEMBKyJiTIlUiXUVEZP/VKDzSkQIH3+oOdqj6dCZBTWpQCktfenrOit5Cwxe4vto0gYdWXo4weWZmW4w9W5UUOd4tZVuwfWYi3RI0VKoZQZ3CxWHWmV9/AkGGUvIQpvRYjte3t+9/8+VX4zKsKTGnp48hYiwy56xE20yAFrjAKbNctvWe45QmqLcQkoZzUFlH+BwXEREyLL/oBBFVYcF6X+9TaYGIqTTrUVULkgUDA8cyFfNIoijmCjoWKT2zCdLfAA7VfsBUWwWm5GKipNSJ2G1FNCpots4NYgo8VcJjXf/ln/6LYHnz6lUpuvDIq1gzURljE2FTmWP2peGOU9NxPrfj8erqeFk3YVhUnww2QkKR2VTMGjPPOZOIIhHGUhslERGZWGlhUsLj/e2tEmZNr2w6QuuH4PuIvWwc1yaTBIXvYjviZPj79vUazgRjaa1H7W84HopUySdon0v+BNcj2AWsb6fTkVXHnLI/NhXfgbWQ6HBYkDghBUJr/QqUiZYKImLsD/iMiZJ9zKKKIpPCzDKyteZzUgZH9r5AQkqQGHlQpIgl8GlOUb1/vHv//i0Hq7Xl0KdPnyMGtrAUU5FKzmYiaw2ZUuGTEj8h9eOp9TbcVTh9rg+PY9soQw0ZGsnMTWX6oOkerq1l8lg3YFqZyZLrttbwlE4Uar0vB1PKRFwAR2APLS1NRFhfDtcvpq8RLu0Uc8ucyhYx1/X+cPVCtCHraE9fnMirYSVwl8D7YLORGtaTVEHPFwJbbzURkwoybNr6eCfSCpXa3/XciVciqeRPEtzyxfaUrkz3jQiE5L4qfNisgdTCsZ4UqIuIl598bNaevXgu1oj56vqKiB4fzu/vHh8eHu/e30VM9xjbEBEtQ1ia9cxMTp9hakFJJKp9jDVyLn0RVs8IJ1Wb090d55s2M1UWRY5nQI0iGKSJE1p/LYODGYsiYJ5YSY21aV9EOmvndrLDSQ83/XTdr2766Xm/er6cni1Xzw7Xz/vpyomTu2m++/JnEfN482kQC7M2W47H1hdPJtHleBJrwWwkv/zJX3754z8nSt/lwjjMODOFkOUSEe6BWA1MjcR0ujn01td160uDGDWfXNoRRKyiQC4wxebep4v5XrU6wjCs47wLr6hQihQUbu05PQkxfTHyT/2JGPmIK3IgMsOkXZ1u1u2c+8NESUHBQlfHmzFHpDczxDSlJwJOrDcijpzMDBGTzxrAPTLCrbWMhPDDrGnTcFetHUaUZ2WusxAiv5h3aykXmM8eWNpx/CYxJaeZhRNzArAk5jGGAiIVYqI55nJYRHXbhoiiIDmTiPeAaiImah09IZ5EqJ1hZVMNd0ApBJWTVobvU43Uk7UXGAEzu5epGwHImTHH1ppF5Ptvv865Khtl1n7ls/fm26zXV8gdD7mqQa4dsFXgCo4IFmBoSckOmqXuWcJ7k+5zHQB6oDslQjcEJVVRRlIgMYSyjOVqyiRJDnwdsQ29N3eHrnaEf/LJ59s6tu0MlQ22CIMfgJ42LszXNeKC98vwIK9Qniz5D4tCf4ASZaQOJaS8UqhfZhBrRLbWYY8BsoyMF1alDwYPQCewduZvwZ8U4cICSikzl+NxxiRPUa1rnKtLzsxYBemSio+d8tnzl8+effR4f6tEqu3JIujDee9XAUMVSa2ZHZrPScymlkXGcxD/2Z/991988Q85J5dkR0TE1DLJw0k4PIRIVcfEfYvHeFf8eapoeHo41jrQnmA9cIm4OzhRFsHtadZYuB5XZjNxD2n68uNPXr3+Otynz+ur03c//92379+qWFb6ohQbKebhvXdRRViLqLDq4dBLX8DwtgmeL4/45JOP3WOMUfcLUymhmIVl8/Xzz7972S5IycKsJ6yyTzIs7OndlmZaOmNhJgIeNMdA/mQxQEDHmXIW8kFBWKUCwY7CRNms43zwMuIg0ZjM7Orm+nK54P0VlfDqqwWoQYyJPPgpBV6w7MnYBo4IFu7dmFnVDhlwP/F+o+6zPivjoq3juNaAGjgY3vAP+Tw+XcR8hhow3FLlIvQT9uyKycikJFWrDBlCsjsRWHImLm9PjQgiDGG3h//pP//nr159ExlM8LDXhWJmM1CmyMwcCFljwdycRMBaiGB1Tdi9Mws4lxKc7OA3l5ByWZbwhCitH3oSkfuuRCciKl9JkjGUqBgdGVH+WG8QHY0RlZg4NYnvHh9u775FuFhmCEtBrVDLMXIUU0QOpyWd5jpO18e2LAJTi0fgww9iloxorVH5/mWMEVHqHRJB3hY/AejQy0KryJIRkLbt8VgMUjWYlJViV/KBiICIV2pQV9w3M/dHTaDiRqUNhHVzeu6iLWj1MOjX4ztzR9+D9m4cFmPmGdPnACSWBEne7kNqphVCnD6DodDbx0oIA5KqEhO/XT8cfXplcfoUoYhg7D3B4fPm5uZP/viPtjkfHs/M7GNipxcC3eTMpGaUGeFKamLFdbj7NqDnwXu+R/YmZ8VxUuS2DdhwkxKikcvj43o+h8+5jvCgFO1ois0iKlQyyN1JSNUyknwSvAERSLEgpvApLKLtO9/74e27d+v5QVXnGHMbBHwuHVsTjtTl6rmyzPXR7BgUMZxYHh+/YW1June8Ce2mbax/iSOGQC+V0S4zy4lZ+xwlOUNzhSPf3Qnwhc/t3JdTktTIm0WIUjK2M66oPBaRcoNSYS3MTLLfkTv9hmkAcyMzlyEkKaabigk/e/7ixUcft6X3pWsD8xN37+8ul83dL5fzXLc5J7G4T+T2xHSfa7OGRUJIPWYkqSySsa33lESp2q0cSkFqDQV86eGI3eZM1hQh7dwP0g5kC2lPacnM2sSsUku1qXVth3Y4ST9RW6Sd2ummn27s6lk7XLfjlfVrPZza4Yqks3VW2baxrkNEY3v48u//mjkPN59CRcvctHURTdHWezsctB+Px6M/vP/7v/w/3n/xM2ElEjUFIkiZ8P9kRnp6xHI4EBMHzGphTd0p5pzDx3kiXwL7PjyIeKsBXu0nHh6JotbNDFBWeJWnIs0kkkRwDwlOEoc/T2QfhzirDTDNzIEZM9OeEa6qqvbyo08fHu6pbpMUw/VEn7789Lxe5hxEXCeyCJhtUPnMwpSS5TLMYigwG0G6TCTitRFxzMhZv5qaQeCBIS8jUBeKbrQonEuUZe4n/D4WIdsbXR/cmnqGlWKe4UE6Ho8IGOBksG2wUmBqNBERwRXu7ghcWrdBXimr1U0JK41kemYQPPLh2DSVmfvSfc4I12YwnAgc8BFNdc4NVZJZ/ESYSlDePHv+uJ57a+u2MhM4N1VFNBXauyrAAlO1iCAFBTkceI0Jyz6hJOLJs0cRuFvQgrlTCESIItgX1h3Lr8KAOn4yibO3xskR+J747v5t5gRNTpQxPSjMTEgpUmve43RwR0SUihZ6EcRyAL7lPTHc9iEJOMeeI0v7/5x0r3EdcyOCC5+YBcV/6V4SwcI/8DQB7qZIJ5YGMIXJzMbYPONwOEWG7wlFGSFiV9fPxjZgLPEI5M3ibt22y3a+D8nD6dk27kRszpme1nQ5Lj7cwzNmZC69M9N6ucwRTZWZIsY+Jo2f/+InTdikI6FIhE2URdfLUGPyZEqGBobSTCODRUl4jgkmo6II3JlEiAGCYNfaQXcREneHaFRYduf9LJtEVQ/FV6+/MgRrBgqb5f39HQZICFYwJiMgSCR9eiHUxO5zWzefwYkQ/cxwD29NmfmyXjwmRDF7JANGVdIkz/ijP/zTV2++Ws8X2JjxeAOhdkphVmYMclQUHmOd9HBHQLkgcJBNDIdfkJsphlZrejgcpnsSeubFerdmGYnGHUGWtOecPsYGhjyIOBCok/BVYA2ofdwkIpdDV9WYjrxHZp5j+ozw8BlKsuxSjgISEzqmJCiJmcoqLkwi1ezDgb/ReReW1WvEZCbMyclzTGa2pljlVn+gNwAAIABJREFUhYHTJRHtzXCEhQ/MMotwIpa5hDtZHCgzExz0nnG+bGNdKcovR5weqSyi6u4KDRszZ5pCeYY3M5OSJJMl0oWNdqQZOnX87vg1kiBxY0xZEU4JnpB3edLO6nP9sAIjGklSiNouaEgVUWm4B7P4sWQhM3t8OFfgoMhuDREYgNQkEw63ZBbIRaSM3nk5XzyIg63py49f3t8/+AxVJQh/Z0i9EISgUSb2mJRuCiYh9z5fNrNw3wXVhbKXZY4LxgMUp0+hxPggVT5M9FQCvkI6I4i5iWpTNP7Vk7EH+rLUs5BBUQ54st6sq5BiR8cSTkQZhJMY2O/cJg5LVZubzzlLTJxpdQiUpa/eQWytSet6+cP/4r/+R7/3o5/+5MfWSrIdGcSSQRTpPv6rf/aH/8v//K+2uf34b36SkqqNIKGiKiapeakEYFh5CiSviZ9SDLtupnvRHRGZOUeIsFRMjLr73LaMurCnT1USUZ9VBYeWsTlnRGjrNy9e+vT1fBYzrOpl6laJdMpgIg/a1se5PQprZJowJZJkGeFnIuoRYu14/VHrbTw+JKdaHyPSzxnD2iliU2GxBpSm8lWV0+HsdDzEUMhwUT74wOsoBjyGI6+4giRTOz++a63znoNlBoMGmEDlYis59+sdt6aICknZP4iRKYhrgz9ASSxMTkmZjIOYyLrNMV5++p3DYTkuCzFF5LbN88PjmFPE5nZ5/+1rFo30sa69tQzgwRzpYw5rywymTGESNQ7atsfleGJu27wwp0ozsyKwRCuqYQYCfInD55hzZjn4TdS0H7kdxbosJ+snbr3ZwZaTHU6kXZfldP38cDppW0gXs662sCijzbc0cpI+RWhZmvr59s2vxPpyesGtq4hY64eDWtPWRY20t3aIsf36J3/5y7/6P+f5jsSSoi9GmXMOoEbCzCq+89HPX1xz5noeyOrrS0cXbyapyeF0SCaiII/0BCZQUxRyFvbFLYtKJA/H4yG19Wty4piKdCr+PxMqBYVXaie0OZlIVZe+1MSEvRENU8we4937d820+B8Tn2iGotv7t5GzWQd1m5GICg4oASofkyLjeDyhwxvHHxHmj9rnI6KMRFhviJ8OrqIkIz/7zqeUtG0rm+0fBjVrJDx9AC1mJow5qNS5nFeE+rduPkvj4REism3rHFPFeO9zpUgPYhFTHXMC9UfDUVJCplvDVqKOan8zgcSxBohxiqRshzbmDPc5fI7RmiWJD4inE+nbJRzlnIFYOQp31fa//2//+qc/+9nt7VtVSLQINDiX4jxVylAJy2Vd+7tfyFpjYYRnQFWPB7t0JUVEBxFpN1jyKH3OCd4M8h6geOmVE7+jkJxJY9sgHy2RjKqQIpcZ5n4W40ifI7G3EaI/S6YLEmmMrZQqHlIrCItVQFlEYEKqBA7RfRVxYaZmahbpUgd7e5LIcukpOClKwFh8KKkKuA4BJZWIDfUkkpRtvaCUBn+FOyXaGoYwuc8Sp9esKZxJHiPof/yf/tef/OSviOLq2bPzGV00crlcDsfTP/rHv/f69WvmYu3g8VBTIi55EjL5WOYc8LemR3Ksl+3lp58Sp88NOpksUzJL+UizoM6arTBSSVCpo8GWUCbKtfGhi6iJ1uA5Z4nQKiVTlNVYZmZ6mNqcfvd411sXYvfZurVm4SGkzLIHoAXOtxpaWPUpGdnnZ599PMbmM1gk3SmFqpEAI61ERsykJDX5xS//jnM264AwduSLBmLxJYWEiGfG9Dl8Qqcw3d1nCdWEzKRk2hTf//53PeL8+CBquPKAHR1OS1FMM+b0pwkqC01DGgdOakR0CmUGAjmA0HqoajVR4HkF6VbgfRJVoDC878enUQ9aawAwCN6iEnjAu46UDqLSCZXmhAtW3hO9axODXpgOx4OZjTnRnWHNEnZIFub06RgHWSv2OShElEmEpPy9TLKPO731u7e3V8+uW7MBsRp+D6qYczZl4jkHMy+Hpfc+55zuIuJzvPzokx/98Pe+/OJXaj25kEuV3VD/lKlWE6uIMvT3IprE4dFbj4BVbh+RgYcnfOiYxJIIgU3erR8Ph3VssQvNWWRZFhwDc04sspTgCnDiKjNzUtWHcdG5gFjmNrSrpHgmUvbdXdWsGTFFUaUo5ghm9vAIF6GmTcSewHQiYmNibmZQT2WSRz6ZgLiqIusSJCLVhttXTHrvpQuq2bhiB5C5rEX2VnATIaeCoQQwxlBQiwCJibC4uzL79Mg4Xd+Qsk8XVUQ3zDnMzJplBGrngnaLAt7zMpZBv5dC2N+x6cD5pO/u33751a9NOeDZYNqXy+oKWed4XM9//f/++P7+MWM3A3FdYPWFY81Owk0LKz15EpVaPT3nmPJBEQXfD/TP6TkpKROge6oyCSWlezDTHLNZP908R2pnAO8RDg5VG+slM4S1gk3wcgspwgGSuzUKN+sRibwBxmUgOGXRRavaDlfPXjLzjG1bH/vyjNPX87c3zz5JauSDYoo1tS4iRBKZMLoVth34eavaVkQJktksgQGrMsGtiKMqlc3HiNiW5RhMVZoTLMqV2b/jB7nvrphbhITxRKkyA45kaIGEtXgowTCYTCmwNomaWASx0ne/+/1+aKYyhm+XsV42FVWxCL9/8+uH21fJPZIypmSocIRbsySec2Rm68v0SZJmC+WYsVl/BuzRfYZHa4uZspQzFXqlOZ0yhUTVVEU4Y8wcm8/VxwVdJQjvMOtsStq5td4P2jtrY+lqvS+LtdaaiTbrrVkzs6UvnGkSuT3cv3tzuXvXD1eHw42aiaiQHk8nUmFSbce+HCnm61/8zc//w79795tfYN2aCX0/wPpgIlMdM6YPzhSTjBibb2OIsKgSEyn7CEIhZrqZnQ7Hx/vHvrSoolBRtfAouR0uDhJKUhVrkokQ7V35J0zEIla+xvAy2yGHpuaBXUPChGA6j4CfvuxJqhSEyB3E6Xu4wtkVqaIUaWqB7PJdmakMfDClqmlCpWoAVXROL7xNmIJEON2p4tL1afxCNqc1ZU/EiKramH7e1j1rrchkQWtkIFojERWjSFYJoiT8Yxl1EBHNjEs+wAyy1N3dRVmtiUqmY4RynwSQRMjMKCkyRJGAwUAWVAyJhxEJUS7De58UM0wkg0RYjSHG0FrqGfazrF4C5qjOYG3Nw//8P/z7dX08tEMGT3dmTWYfnpmKTQ7O13JEAmxC+dGT+IcynDD6Jxs2TDQf1wlQAJPHTIq2tJef/O7j+ZZKkIY7HwtD8VRVaE8J7qG1tkeyckR4TA9XqsQIgJu004tY8ygzPGE8wIOKdCqcKTAe0oc8NClVFpV2mIiUeb2sf/TP/uS/+W//xV//1V9gdmLEdwQYih2fQlJMxm5QAZjDkWGq4YFlD1dILQr4tZkznYhV1eeE0pjgGa+iMNDeoWos+eP/9JfM3qwzCyEJz12YI8b5/BieKlZ5DEIZu5M8oW7C3Md1Xu0ufxFeTsvN9Yt3337TtM85FfoFR3IlRTroa3yueOwN/1nFIwTHIgIxI4KDmUrR8EEeqmbWWp/DKTK4ymoLfEs267OqtdBthAsbmyYE94ntA95Ywi0OdzEFCxoDeM+HZKIyH+O1qlmbgM0KkUZMhLDW0rY/P8LilXpbzyTeI8LTz8TCjgAY7IGUlw37J54+tBsRjsXwEJY5wrqFO7ya2PCJs1VlU0X2U0HljjFLMa1kzT3CEru8JfePFu+MKquo9sM1iHzTJkQsigy3AgAYZx10RPIUVpCV8VI/Pq4+oj3StV4eoqR1W6GEbtaTUkgiMkakuxgTMW6BdNhiC9eHPcIzj9cHtFILW0QKpS0LC1+2lZHnWjxaqDKCwFk5IsxsjrGNDcu0CJm1u/P9N9+8XpZFUjK9NC38lIpTPET5cpRZyD3kyaYmHIRILG7WYf1BlSzcKvC8JqWIAo/BT8h4h0uuEEjq8uHMrNIAQ+8uYWgK3bplpLDC58y1ZjMzq8qYzsJqsq0bkzDlnIOYlDVAM6mg88+x6nHRHU6zWG4WEkI1BmVOCLcQfITIKOZmPchjelNN9KTs8KsIULqkLCvHTqJkJmbPiBmJZHFmyUSJ4MxpTTyw0hZCBZ4BZ0RkXj2/2bYtZ5DUoWDWMjxAtgC3w4gglAjBYKnXnEJIEHRQEhxK5GaMbfMxKBlrJ6AXd7RLkll/eDz/7d/97P37h92CbMXOMnPSwKsIdAqSUPzyWSeWCGckEBRF6hBTUEakoqyU2Uxh/yJOZUEWb0QlEoowc1prc6yJcEDTjPTpY1sBh2c9qrglGbb4mN66QVRdelxiRKMwlP/F8FEQaevteA38YK6rqsV8oIzD1ceRQeE+PTPVehWAiETseFc4PblhIhiILsj1rCJRDC6sAE5jzslE5/u3bTlW2yXYE2AS2OBF4a7G0yfyAd4noUivMAdmJVUhETNVYk6WJGGRZs0apNWyLAeRtq4PV9fXLz/5+LC0zLxchoe3Zqq6bet6+2bev5nbZab05cBM87JBbJpCxCpkY7sQhbUF6OS23i/Hayed6fAOEeUYm7A0MzERNWKFnsXdIxwq7NZb653ZMNKQj7ltfnmM7ZxzC998bgQnnwqyjEQ0kn2CAhpze9zO94/vXt19+9X53dcP716/e/3V4+P5cHzWjzdElDO2bVrvEelTRHSc77742X/8+X/8v26//oVjWlQl3iMJgzgqEV+EIzwzWsO1LLGrtzFm+XScHiIqIq3pGH44tELLhYHXZqZp2fvqoPBAlE1MhEYmi4jy2NZPP/ud3/+93//lL3/OT9FktF8dRBFeCcD41iv+UsK9sEaq0zIiWzdwhiSSEXPMUoUJEQezBjCUCgsOIVYzjCf4mYkoPBHIvRu5wkSVccww4m6eGGkRImFTw1iUCRF8hIfuL4MI4r4cGT+VFx1JjHIuAGeZnMK8jk2YpImqwuKAjF1mYhXQv721MbdnL56JNPdhrYXP1hpxzkqMwLUZmUTKRGzC7tG6WlP3EAVKmGriPtVs/5ZL0Qr1P7AV3iPVcwb0S8wSPoklfKbTBEEtYmbL8bCta61ViLMD5kGJ9DmI6ImoUoTdp08z09YyXUU8prZGXFsiZM2MGSMjKJbDaV3v9+Lk3I99wqbBuw2IuCQTHrPgRf4w+BGo/PKM4ULHeI5Q4kxKUKZF4sneFUWsxB4DHcyUlbKFTQFRsjGTiay3t++//cUvfmrV2SRNFX+KmqJqFyckFWmKoRMSQhI1kRTh4fPq5jo5vRoASEyy0tIV0xIsDRDSYFcID/RDq9qYU7VJEiXPzbd1rfIcKCFYt/MFIE5M94DyBMIVTBvBlW8YCY1DfcKkZg/v35/XrVJliVu3rIGZ4XGHMCDCM33/7DMpjqeDqqXHngWz5/fD8FlXC+0NabRtG3xgmU+BvEJSebgY8ZuY+8SxZmJwAvC+ITY1FUXuAr442gueM9J07yGFGVrRDZrlBi1qLYurJNxIpT0jSpa0ZpH1CymLNjgYo+YGnAfEaiqqnJweKrZeLiKiRQlFBKmyqPg2p/vvfP5pRHrMmNGWjuRawciuykyQBsD+GukgBpUtMkkl46k5xkWVJGM65a7j4Dq1iEnVOo4iFRtzcM1reLUcCCgGY9r/e1i+duCfENsPNNx6J4hw8XAnQw8kTKIc00tPIczGLLKPYlnID2QVWXEfY5s/+OH3luXw7ttbaxY+xUSU18vqoxy9uHnwwOHgwMpSvdCEfNzKnTJRVSVndw+p/GQ8hnjEZB+U8e0GpXAmUrkY94QTEZGqKRFVHSDEJr8Veym7+CYiIqL+kF3tBGFV0J7uA4clF8i8ndfvf/8Hz5+9fPPma7W2m4/27DDaIxCxBuMHZ971GADsxNS2OXV35leKhFR9AVgNjmKEEOGWiPbb45WFec55/fz5j37v97/+5muApvUnMLu7u0OWgPIWIa3DSFSIpIrj9ku8QHT2mC8/+ux4vHq4vxW1zIQykpgJWADL+fzg2zBtgHSYymWemcw8p1dpGBOXq0TUbHqU25hEmRFBL6KMbMqkTBIVoGXaKs1HRDKTVQr0AU0bKdpwDmB/S04cc8vxOMYmdQAVTpdVMUJmelgOUfRBZZsB8wK1Q8zpWUJ1vD+5xytW00WO8yUihITQhZTMKQZ15gzgamXjSs6gmA6cLjPnDLxy1qz+8RD/UP0NGdH60o436WGqY1vH9jD9YnadYizhEZQRcyMitcZqoiaquWNC+MKxP1EEE0FWyUh9RoAVxnvhIG/WfT1nptmhVmwEqjNjwigIrZTkAFtMWJVB/RpqWuXDIy5Ug6GoWmvNrKuaqvXDYTkcl9PResuYn33ns8PpGDMeH9fH8wVSsjnz/u2rvHstHmMOn5O5EwWA4Bpnk0FKrutj64v1Y8a4XO6WwwsxneEcnMSqnYjn3CJSpImgtIqJyNQCCTOVx2qiSnscpMJY6JE+fG45p4/Ldjmvj4++rT4uc7u4T0AX1ppqZ2lqi/Xl6vp5OxzZlna8seUYSR7E1g/X17KY6OJz/erv/79f/+1fPH7zZZFVrCzS1ER4Dq+5Hqs6OUAmbbaONYn6skR6nVroDRTF8QbmRUQe7u//yT/5z15+9OKLX/1KlwMLxCeI8K/VdN3W1pqpekwiKMWRQcYmcnd5ePX6S2smqBDBaF6YEDMuCSVmRlVWUQGSwkqMYLRkpjHnP/3RPz0ert7dvkX7tSrT3ggkYtZa7nmJSMsEHIHqeCHZnQNct4gwEy2HpZmCWKwJDLsBXKRcIHq4X12dWHXODRNlln6tXC65y5iIMyJg49vTP5ix6yqoEn3x0QuPGGMSRRPdQ0hIrMjmx4eHP/uTP/3u9777k//0YzXD6oza6V33mqrqnq33m5urdYx0FxNVG+sAwqXKbWnhVNIhOEHDEekN8iKjdGE4UUkEg6eopIPU5QDOHxE+M4MiqtIH5y/vp26tOlHyMlzWTMT0/OXLbVzW80qU1jrsN/uxCIijJvL0eLh7p6nE+lQ3Hpm78iiwx9Z5SuhmLnwBl2drDchXhlf/6n4CZynrqEDogjYxkZCoZnnfPIi+8zvfu2yP6VNYwRswsbYSljA2xvD1fCbiEmwAzaxOkaf4YjzpwiSBDu0aGD0iSrNBFCPCHa5NNDzAak8ZAkNWFXhokOPTEFXG9piYPZkyVGV/M+vhTUoRI6I5K5GM0iuSU0B0AFwCckxaJTxEgGaTmOnFRy96b5fL2polBQycQGyZFG9DnXh7MF8S+Zg4XnbGl1VF9okbsiGsIG3p7l4rX+kGUqsZ0CGfVpFw70t7+fLl3f09VvJdx8LMgmCDOQNKrnokIBOAPbIou+JhkgiejxpitSwo+PkM8bu6I2zMag2nhqkSZWUSo44NG+3+5fJeFMNUWhj0jeAHEmGf0Q+9mV7dXN29v//Odz67XM4Ky/UYqgYrv8e8uXquzeaczMBPsbrwmKh55taaWQOyDBS16IIMVqasdhcNakA7fI7r58/EdKwri4Jmgjw3iYOqIAwr946LApIkhEuKiArqxLFAEEJphZmU01NUrp/fRED5A6lugEqr5X3fiplYVJu1V9++eXy4R8U6UWpragUySQHvO1ssDD9Qb4gZqZkaQuN8GoDw4+asCaV0eZAkCsZB94SbGk/h/8/Um/3elh3nYfVV1drn/IZ7b3eTzZbMSJRFiZbtIEEcWA6Q4SVvQQLET/kT85YAAZynOAoyAYIlCIkdzRJJUSKlJnu43b/hnL1WVeXhq31afCFBdN97pr1W1TdW8c0hj1YshUbGWhPsSSq4s1yGTS6d7EYuTVVdjcUl/LFXRp+vVApnVqVvzo/Zx+mrp6++fn4/3PPI0OCUWSWxws1IuHPn4YrG05zVdTbG3PfTeQC6R5iNCOrvGUgncgjTq8SGVRUxPFVkg97Uaevjuze/9YMf/MVf/Bk/KAOiig+eilbFHuvDDz8oqTWXbe6b7de9MxYOPq95tCqg1Pz55avXy9dj23qf1q4KP07dcjOFl3DY1RK6otWIw3Fb51EvnTpfIpKybQMwzjy94fJHyJPCNaXch1RFSqzwbcRiKwwBC/FBxxvH8TzotFLA3Bg9lisFoqLcgzOCX2ZFQYrzPeM4Z9AxLaaqrpLS4dbaNSjNgUqJpIiau4RQ40QNIsFyqkJLpFaI9mZbVa1/q2bAQIgfYFCDiMTkoKracemCknE63z1+kCmqnmtf168UruOBz1RSVRwz1lyV/HcPD5OoOy1olSEHVUhFJhSqXhRYRFYt9PIs1+evbTsHeyQKtzYTammOW4IXIG4XAE+VPL5IoBRmyoeGzIaoDvNhqtu2bdvQ4QRJYu2nk799926flZH7DPYCz5Xz9bmefi7zwpOzau0zxDdmNgrU1NZKHg8G7Puu6pV7iphtkJJEn3stQbLMmNcpwObDTM1VXc2HwqsqIuYKUR2nOx1n9425/mrewydXaEhlrHld8zqvL/P1q/3l6/n6/vXpy/31KeYOoQtTKAwW94Kd79+8+fBbH3znO+P+/t1HnwzNP/zd33n+7KfuWNnx9egc46B512DVxkQBRAEXe728/Jf/+X/x8PbdX/34R+pO2EuY0EYcNoQW6jXnGNsvvvj8iy+/ELEx3M3cxlwzIyGFQiF/69d/8xdffgZR2NGPoVrRsCiPZS2s4A4vgLlpSjB3AlCqI9Ct5NyY8le++2sRue+vhD/N7NMvfv7y8vUYg/MfL6nMUsrEkyxfqzCI/UeDBUrfVCWrNCEqVlhrffeT7/xnv/0v/u0f/yGhFvy9mfSYGIGSiFqZsaJKWAQhzWGbaGXVGEMEhTJ1ZeoYVArdNyBShYhw00q5Xtc+L1owWGZST0hsYM1ZVff3D3/5kx/+5Q///O7+bvOxnTYVvb5eAe3UicO/lRnXdV1zKgwlrb91Wjwr1sxISSjUORl3ThtRYFrEOGFzT0FReUXPEqW8raSSkvomEJOR/ApVZa6OHrFPKNEjH5sH3OvLU8y5+agqGsTzyC0FYZPsoVkgalYdDpYcyDhbtEIGXU/BX1esRXNikoiWFJKXnIyFobIBEd/8kB7KLe+ENEOuFVGPb99sp9O+X6RqzllCUzB3J7ToSJFFBgaVQRZwzuXmhBPRKtJmdEuaCoXSs5SAKayDRepYGkskmOlujFAnVkzJHHrpwfBxnXtWVAnF23zWRMVMqwRHvzgxUg6mbrbWUlfWQSrTromxKYhwCRiSKxBZGas/VVSmuws05nx+eT3fncawl5cLQVJyFJBboSpRc/6kda1dij7mECGnqFKarELiSQBIYc5ZWTBlDib4drPUuoYs+XhX5sqsFENEbafBSY/NdCIStSIDYIbIN2bcVuk0Jd0ljIDkWse4bA38VlUIrBdDMzvfnQSYc1YhM2MulLiNOfdYoVB1Yx0ZEUmBZCQPJQAMy4oSWl6VRkRtVYibf/aLL9acNryy5r4L+/duvhORNx+8mzH36xVUDlCcZu2gA3RsA4oVwdFODtPFIb5q/MFs3Plwc8uod9/6SM1enr7SzkZpOIYyCe16l15dj2W7KU9TJWdBsD/amM8y2gQqV6nZ49vH6/Va2aubgi3oHYfESgVhyht31OSZJBGTY/q+B4SpL8e6r9BD2K6Nwlne1F0c3kvUcBxqSeW9ChpeV+p4+I5v5EaZGGBUd7SEov8aqCk6JlXJs1Btv22bmuea7XPikM+1m6IR2oluPnNp3JH/zQQhSCc/RAbHRX7qjTRDmO1IgaO7G9Opq4qgo0hmnu/PH3340ZdfvTe1mzKOWHtWbqft4fHxet3RC1JK9j/FHTqzfIyXl+c/+eM/PJ/OKAWKBzTjtZnpZG42POaMPfzsY4w1w29KlaobZUY8yMsANXUksoIZrVIJa+eJCG7MmKig49aFkP+xtSl4FUjHRWWGiJgagFghkJ5gAFJUnHjWWrUiV/lpANRt837q9K7Kqqq1wpok61OpR5SUXEGJWlYQFwDUXOVwO+xzfuvbH9vpfLk8M1xFlUwouCqISvM3JYTAu51QpTL4PBdTHTrbEsKQuuwFmd6oG+1Uxcb1EGmqlBdUZsTKMQwiKcgIXqVmwx8eFZKVsWbMi/vddrqPtY8x4Np8GLPtjMVVdpBbRgCGjQbV/e0JKMXQ2ttLSazKpbDL83uYFUVQB9XGkZJXBIEUgiCHlaR4X3YUlzSwXJKA+hhqauZugzUxYmLDx7bp8Ija9/356/ePj29UR0bYGKK6Vl6v88svv8Dl/R2uGaGtNa+c14CbbSK59iVEmGS5qapLYb8+ZyzfHtRPJaWkL00PWNqgLoKMOdfu7tvYBMUYJz6eUlWByvQx7u7vbTuN033CRBzQUhXx6MRjPfJQUJGVS3LWCpFVcVmxZ4Zv4+7Nu/PDu3ff+vYHH3/80Scfj/PDON9/8bO/+pN/8zv5+lWJRFD8XgqRWNK22vT21hX96yIynBY7PL0+f/qLvzMzKSaDmTa7yT+pTBWwJC0Ayyk9TMeqiMgyNU5C7v74+Obzr75EaUTQvmru+U20dDb0jtbEQ2rFMteH+3fX/ZWgACB5cMYMTLzsr5f9a4OO7URAER1OBanKqCPPgr9CHg+l1r5AWi2LdQwQKalkkRYB54LI8PH+5fkvf/IjM6NmtVMuhBvvIUeDADJOm4iQnZbuz4EwDioZ/qY086FAgTq1vDzOCMya23BfubZtiwomP/KDr9Y4q6qulcOGRME9MuZcKspFUqRx9chqviBKRavhRYJqPGuPLB3CW9KTCO/RRGUswumuTPvqOeaGtdXBkLc0iDzLcNYOqCl7RiXLaHJqJoBESMODdjtUGaKvWBkmoBX7kIS1BIXoQyUh/85oKpFKoZ9bhTkHbemGyTa2fU0GEfOd93ICqGjkKqnMpWpUTxFMhKJEDNrormhWPD8/S5WpGsba91xrDLcxVnRnDnPWVZFRnGViLSrWRIpA4VHRdJNHVMQ6FqT0V2fBAAAgAElEQVRS5wJQUM0MaWxIxuasbj+d79acJakQSVFoVq1YkeHqlBZwTbUe3GgFaB8bhOVcxNlKBVVRWT787buPXl+euWC3zD8EQGaVhKQI4OaysgQ+PCKUR1YFBHPu7E8BZWdoKRpHHhz/i2vSBx+8qwJFobwOIOgQJyEYRv2dQGHuY6PuALwmIBhjZGVgqoHKHYAs6Xj6+pVolcghSjx+tFLipko3KR3plBOrfqMoBjJKqvUIZt5jUKbZEIiZZkmsYFDpdb+wl7GqRGC0p6EOS6cwVtVU11xQ00PeJiIZyWxf9wOcE/3wow9NOvkDCt9Or8+vkWmua0ZX9am4eWU9v349r/vmJyJkRmNkZsTSDsyQfZ+mx7eA4/nrKVT52zMbZ8KQgL5eni8vT8PHDZGrbraqnpZT2qjFGlzBsTSWFCJLjdezxT61FKbjNEgdqJpkXS7Pa+18rR995+MV+/e//5t39/dffPGZqUtzjjBamNsakYUmEjhHiygYCnZE62RPeJxLiY2jCtStFcs+DhVKS7xam9F/C5VIzJAhj8WmBhXQTVItppeqiiW8YPjA949MSlI+/OADN3t5fWYrZGskMrgRZmYrT3kUEIfTG+ahVRXc0UsiOhyRc21PqHrbfLrLcNu2qpwreoWhRA64Xl+enp4239ydaWqVwl6bWHk+n/Z9Zqaq0kjeR5e1SqwkRZEz3UZErJyNBfYNUJVUYPjL8yuy09Cv8+pQgUQEL8lhQ1VXrt64u8i5SzGk649Tj+JGEUnJtfJGwlQGDuTD1EogvOSOfAwOzQpkH+K84AUtFoYy5zuXZCsOVcHyXMLtPVibsjiBqJUZmirpq7Wp/HE+b+etVrTCLXmY9ExuZhiGrLUWcDt9+ZmxWTA4n1BkRgds+8SyMhPOUlUckrtDN6z9XskCMz5ZtHjKFDJmKCfRlYIyH12J+g0CJGbq28nvHlk7UpKIqlg2PCpU1MfGGw11PEUdXNTTcBUFPyqF7Njr5CKUuVqn30myWusaEcNP5Hc48AjnLqZrMTmgQD0KtQFNm6oWRKHae5bCXEn78Tm+DTKKSNnnPve1X69S09Qf3jyO4ee7LVIu+7xe9+enp5H7fb3mvGRkVK3OnqvrdU/b4CYla+btwYSCQ3msKYD6xu+AMm4VcA3IKvWh5pV13a+RNbZtG5ubMvd9bCc1AyT2/TqvIgV1H5ufH3Q7q5/G6U79NE5nP92d79+cH96O85vt4e24e3v37uPHb31y/8HHp7ffOr/9+P7tt+/efvv88Pb0+PZ0/3h3fxcrQ/CzH/7xv/3f/9X16asVNed1nDY+1by3qmPTJGj+bftdZVvnytRfXl72fRqMqgMm52RJVTy8ubNN56IvxSNzzejzMFZI/cNf/QdfPn3VrjFolXz62aebG7VqDEysTD7pVNFEJlSHWfKZFVWImY/Tdp2vSr8j7ypISDFkZM0pRaC9n2KWDa0VfMxzdp8jAVoGTHYDjICEDM85U4sqypuJJjbEA4gIAwkWa185IFK3CeWPUFXcLTPHcKhF5DY2NT0WbQHUVOfa3719+91f+gc//+LT09iIMHGw7g5m75jdiPr3/8k/fv/+6Xq9mDkaj0AvShQnZs4MAeaMuXZzJxnaqIdoZfA85xtJwjR8g2hAATfOHZBMlhxDWX1KfRRFg0RY0swgxpNUOp+TVB1on6wexRu8O0YQzlqkE461ocqGA7oyScDx8+YqZ6auDkhGq7DRCBBPI+lqyNsLQ+urmvPp1pq6O9+/efP266++Mh2ch0sCzSJbNh8lqkMNEbnWokS50CD4OJ3cjSp/qaqo446WkoIZo7E4wh7DUkpT3QVRH1aFjHZmk+cn36uH3t2MMw8/noiV27YpqCqgf4xRMGU+GCtnptyx6XsxeglQtxg6LjkHpIc6lF1VkiVuStAzM828g2hKiT+RPW4zdZV03F8JdGyjqipT1cZpZOaaQSx1ZfH2NrdYyasjixV1o1C5lrnOCOowc4WqZSO2yOQj3GhsiUSlWusz1r6qysnvQdStpL7/a7/69PS6zzncBRhurW1W5Iyglb8VPRTccaSsPChIkkjVg4P0Iso5xJx7MuuccYgvju+eQonsnfgwhXf3/Dqiw0SgPjZ3Nb7LvjhWgV7NSOIw43RaK6JyrlhzQrFIrSsUam7gFZMtgeYhNMzbzc+1OCtzqbmIcNVISqTMOLVzs4OqZKr1SQgRs3HfKEpSikZVTV8Yx3hLzwtnkv5tGMycLsZeHCEC1bUvJgixSKWC1QZ6/3DH6PKqVCDm63/z3/53D/dvfvzjHwvw9dMTh2uomKIORoqNv8eep3XYsKhH38YpGmWR1heSBW2REm1MRQU+uT2Dcs6mCVh6P+VYwZGLJ2oL9ClgLWHmKqQ6DMfd3D0yaNk59IR6vb5e14VnRcbqmjptSxt/i+2a7pzpYt2yHIVlgr5kpE8cmGlpn5atrWmIiGXsFZkMhDIzEc0MyRw+1CxWrEgwlElLXdGJchkdrEYoAkoou7HYJowO0CZF1ITdfqIKrrsZIQokIzXYD69H3IHQV0CuUkpsc2nfNj/v7JztyhIxNVeX4kVFqFiU5xQMKp3wRZKLqKAwpq1M0RHLHS3c4L8ql0Cgas71q7/6G+N0fn36ytwzK6PGGKyw5eG+8TbNMu7lHeLAAsUqcEwRGxZrCsEV19J+3uuo3rheXvfLq+qAyIow1VhR2kTzjWEiwd3O+gi2lqiqwSIzaYvnVdH/od2jYi3GFmUFbpgc5ONvf/f58qxAVZo5taR0+FUXhvNM99PdW1SuuUupjxH7a2aqeWZuw8VVWjyxGiAR1SMaG0BWUKInxxeYuaREYTwrIgPqqvry/OU43YuYqHS/owhZtWzpFoWShdLIY1AQSWZHVMebNRIQsTJirQwqITMicq1cEbH262VFZK6I+ebt2+10vlyvVfbyep2Xy+VyUclv33tennhw75d9zdXe0Jz7nDrOoqINBKiaVTJ728bY5n5Za9+2syiblQiquboXpWjCI3tExL7vGWHuPjbKK4ofwdgqWRxxiZhVoma2naHbdj776ay+CUxsE1X1zU/36ifxrXRsp7sxTmojCgVV33xszDL5kz/4v//8d/8XR82VVeHuMffKpOk5V+A42ZtcUJUM2hJgzIMPc1Ox6PCmPnxQ4sNt2IfvPvjyy6/dB22dZH7ZebaNIYrXy6vBVXWtJYrNRi6JiNP5tG2j4XBV02MJrNa/dmiPCmm7l5cnNhXgYJ0OrOlI4OVPrhhNylQOqSwb6mrE6gCoaUWKKlKElZEHg3twBMimuVX1yN9uVT237k6JWBR/aqFazZw0yEmtfXGCiBmZpdCQrMxOuFJGyNrd+f791+8hPMeTJElE8PmKKFWNys8+/0xBr1eTQIC4e6FO2ybNk3OZqeED3QBjEcWQNBtGZJzh3RygDyakY9MaKjYVIu5Sa58wUwiRIhxKZpKfB8aRDT3x2mRmK+/GqOoKAgjBoaaOqqqO5VOlAn20REUdhF+iF3kuCauCBwNUlQrhRh4zyVuWSMTqm0VQioxgbR0/vct+eX19UlGDMW6H33JTWbRrm1Ezw/Fb6C6FKNBd7NH2GDmQ9SNAqKpy3/eMNCCZAY0jNYWJ58U5T1OoIxWFbqcTgBRaljvsQPrEy9vrVGgF9cNCoRGk5vVqZmM4BPzZMDxNIBFrrmXq7HRLKt7a41AHA9CQZyVK8v7udOC20mm8awnoHjaqFghEUqqqpqfzae4zox3MnRN6ADBUGazrTqlqZONXqEJKy/dTTLUqOT7wWEdVR1ofwQGAcBLZ95nJEgluUFGVqvZ63Z9fX2iZ5F9kbntE7zkUl5YUm5izSnrnFykDwx9r2OjIo1zZZGRDlHloUqXJgyJe72NAmOGua67MYkEy5RsrktoGDmjeVt1ca0JFooJRs3y6D2ByzRzMd67kQE/1OH/YbiMz53UCULPGwPlVHgEzDN5RhwBmsmJC1QQ+Nq6UjW8SD20+AJLJh8v8fE9pBwFFQBPSuEtBIG5eUmaqMMr+BI2CNHHD5HWouSZH826LAAMEoG3/jWhNp8LE/Cc/+fHffvrT56/ePz+/DDdCoFynMrMnI2l/E+emViVKcRk63z90TiqFWr0KtJqrofbbXkmy1IxxOHWAB0durkDF2dJHLR0ArpGqCkQmHTcshTnfDQXmPsncMS4dBDnZgUSab1H1JV0ICkqq6nQa948PL6/PbgPgkin95fTSo24Grq2cjNAui6yKtdSY6UmleMtCePxyFRZFsmRJKqPUsFbmWpXp5pUBUb4knuoQ0Q6r4nXRqn93r+wHnZT02Mw366U4C2TV+eccYj05CiAzeU/zQyiUmCvxXbJwAtJLTCxNiJpZHduRdqeblZS5mRmTiwBII/196nNhYcm2KePScq0cJ4fairjM18vl6aZTJLetqvMaGQkgKuiD4lW51pJMUB/bmk2B6FwRK1x9zfXht7/lfnp5fm82+l1HjTHcRpYk0oetGWMbd3fnTMpieUK1RauOWUq9LSnCY+XQvlCUKzxtFSKgnlgEsAOTEoGPhzdvX57eVxRBcybMKVvAGjxASAFyun9b7HyqUt8yI+eFR0yhbIwiXhvJDBOG0vUCoKWMBCA+wbWc/niCcKjIUujl6QuBQr2YaZsJoXtKe81F/1QhSm1cp+nCRE34iQsKxu84gSzc0Mteuoknq9l2HtvQSiadrjUfHx7XjOt+hWI7nT84m67nmFeRqowVUbXIHkiVrHmdS8cd9QSkVlVdlCcuQxVjXV99DGkKVZcE4FBEBqC+nRJQdbp0LpdLRKq5++bbScTEbIzzGJuPwV6mjFXSyjpVs9NpOz+O89358e12/3j/+Pbu4XGczqfTCVJrn3ss83H/8ODbqdweHh5/8ke//2e/979WrZUFhalVd9mACSWZS9QoZT90ZaVqbdBEzX2Xrp6oMTxWrrhFeUDVvn56vlwug0HAffCLdi0usuLrr58q4O68ArOPjDL3XISvMjIUlCKmMluRxFEHqnRuhqnxAWWcCF+yuyGlFOaax/NPCwbHbAowrpcrABEz1cycc4fgdNoAJqxbi04EIlhHJItU+nAVE0aFiAjBlARD9yqDik4yYWjUFmg1cx+bnSWfwnkoK2OFql3n/MXnv7g/n8bYYpExyualu7FbiNF0EpHoWquoOkgaB5GS15cFyOPjfUTw7KrstCA3n/tO92sBLDCkXJ7aa4Mq1KCTE4kQN+3UeQoDTLWbEKiQPWDPEIq+KFktfvStA+Xh05NxihYLyEUopSiUtHxLujKNICaOXYTfhh2hQxy9mgqukp4mm9I5wBAoRN2kpKOCTU11rYkjJs7UIFiZqhhmay3AMvkjBO8Ic4u1mKwB1ay04RUJ9k9FHFcZOD9xGe1prJoraEKesCtvasJB1ZnU/IxKMbYhVWtfIsVNlY0l0nwR/wpZa61uA+g9vKrctYISjzhcNlDlOsWIIa2SjFTXKpEQdVNtOwfzmiMCEDVV95hrrVRKtCBqLkIHeUQGQQIK/AQojqG08hdxbmr3y4wDi5TgW9/+pcv1hep8FRGtlBruhPTU9UiGLlZmuStR5uGu7ivT3CgvQSG+wSD6M4WhS8GyIJqZTJRqbBpSSIH68e2YYxteVR98+G5FD4pVIcBmmwiyZs8CVb3P1DFho88J7mRmBlZoRYoIAXqh5lVpUpISoaWQQo3I6nWvD1KpEvdxd3fa52Tj4RijUHPuAoPdhrE2YnQ+coTqMf62MrByBueBDhuIcuh137/3ve//2ve+/9O//tHYTjjCDM00WDUrFMrduDIx6JaxOE0IxfVyVDZpAYzbljFOkmk0o3zzMm+Cto7Q6u8JRGhK5HZZq1RV96v3rTL3SXxaqrKyMo7RuWm1AxRghMDxl0prHqCY+5VJLxzBtUdpgJDh7cV9E8YStEl1shfBeUJBVJXQCX6Ql+yEaw2omo3hwyWCHOS+T7SkiLo3LSkYIJqCyjXMGRhJ9l+qRNJMK+vh8e0vf/zJzz//1OE9wEDUnTtlZLTWtGTNRdQZCgjmdanbBx98sO/TVLNr0kGgl9lUlGdQ2N/DrpubZoZAt+EMuCwpFo8Zf8ck27PUTTrQjZNdVmVFidJeuXgOxioqTKi/r0o1gGcNhKRnG0SktzYqiNysMiQZ7o6WaRLkU1HA1RTMQk7CKqYGeEPBK8xUj6IDAuA8mRmIRrY4Je/u7wRsEFMAweVHjWw4RDKoL5YWJqcIyqHMLUbby76puhAGTuihATC97q8xp/EczUPiCSlBZJ/j1b44rBnurgJIsYyQ/6jwHiuCygcxzvsW/ZApBwWpmExdkjnnGMbPXt0z19PXX7q6+4jITNl4vuoBbhBNMVODjTvqGok1uJ9ivlSk+RBoplCBIJLJIUVU2OfdpCoXvILCzOWwfuVaUqnuorZfn2Pfx+lxxVS1HvDBYCX+iUqii0BlA/EMYINkkaaTqIpiel9/rwJLLgyqpQbfbNvUXKCSa879fP+4Ej7GXPm6v4rIm7dvN5M7XCteDaiIWAEpiBPUYe6cxKWqMM4qQj8SF3HIjdH2qpyXF0DMN7hS6WtQU+f6L9L6EimIjFz7vu9rnxDx7TxOZx/ngqltqZbisE3ayx4oWbFi7Wu/zv11Xl8uT++vz1/uL1+t6zUiZWz3b969ffeBbSeYQ+LPf+//+OEf/J+QmHvQo1krCKVWIfYl2j8k3kGtQysoYKZrLTPPCDVdMxp3zOLNR3OVqg4fKk78Vf4eKg9IZIr0228LSvfs1k11vfapAJ2OJSkod++KXJY6iahKyxBUWy930z02J13Uf0amqQxjYnWpakrGonXYbBuCWvs+ztvbd++Yw0bFs7nydss61uuOj2z8pTMvUShl67DUAc4I2H5YVXIczvwoVCuy6Cdy5vZmOnunWiYrYwzG5jKRHk4gH7cTA6r065nqWmmE21KYLQEtMuoCcbfrPnkVZogY1pzbeeSqYVBYZVvy9LAEqCJWxZrbadu203baLperQMYY0RJsZvqEtsdK2ftI76C5STHRVKzfE7HdFs+gnX7kB1pEIN9wk7eBnmiwit6mW4ofG1Y/EKTj1qhDiVcCoLL60xAZvpl6V55VG9SIimTnBAlt4+b++Pj2ul/6u2hqWiKzpFaH4qcp5ly/+f3ferx789nnn/q2MbAbgiyKjalh45Wh1StgM/u16NxJqOHIjMnofGdAS2TNKVntgKkSYoJ1rNMQlKZQkAwAriZydDABuQJQuKl1n5SIqFOD3lrNyIiYpu42fNictFYzhUwzG1TJWBAwtanjQISuy6L3TEVZj8P3S8IEQDCHV9s7fpA8iQLcf/u3/9Of/uxv1n7Vlsn1MMcpsLSqmpzngctJd2UMcx8+58ySjNxOrmoMzu/MnnbltjanNb1V5OfpQqE6/aiQMi5OuXJFuuuatIET8eB8Ev0C0XETtPaBv8wSFeQxmfBZ75izAt2DTPTRlml0fSFJqzwmX1VLyaxQU0ksahZXbNvIrO5XBnifVg//xGVEqoLZaFVN4/MoJwcwTAqRbUQZ22bmX7+8//TnPzUfWrbmormXMapZFHnhWMxLRExs48zOC1g6tIdVQ2XA9fXyH/5H//x73/v1H/7ZH0n3sfbUYrD+frNTLMT02NYKfCwJ4akAGMPHtq05CUIRD6WDlps2BzgO68fE3xARDmkOH78b9ofWCBKvVhD1UsauF9CmFBw3E7cL4KBHcQv0TTNGAB0+XNzIYQ2p+4e7y/UacxG05XB8PANiRMep6aiCyr/4Z//J3/78ZynFpsRYQSF1pcD85fXl559/enc6VVIDlzdEgV/UN+VIylB/rLmImN3f30Hx/PQkpWMM9SMe5wAkbvcGT2TlQQIl0M1fLYs9ma9YRR/eKsbqQxsC4ZdbUpECHE0L5IrBQJs6bF2ZR3SDVEUzqvwxMDENAmansi/hWBeLfdIUfGdkZpAo7xZqcp2qlbHm6gBT+nUIElbrvUDFHgAqNFRPfnp9vUTErQhEVCNb59bGiwhTqw4crQPUQrJnhxN6VVUnKlA1KNyUi5meRCNKULiR4NKSfVG4acai3hoikUs5h1SKSq7ib08OUwc3MVXurRCpiDheTItkfBvjNACsGVEFyp5LIMzkRUUoR9iSbj5nM3RJZo27R1XnIZhrH6d7APv1VQTb+cRGWLdRjT42HRErcJxwRF5pLDZ38pNcGjNT1eb1JRcFWcjFVFM+fh32eov8pcXCTGCgrYqT5YHsGhsczZhnuKkNM1fX4dsYZ1Exg6tHrLVfbJzsfL5/vNs2N8i2bQ+PD59/+rOHYeeT59oZtLzWrIZtMiWorlZozdcosXFHbPmw7gnjhwSiNkxt7ZeqVHPAVcFGaymRCDVje6iNoWY2htlQxZr79fq65l5SgMGH+clO57GdfTudtrtxPqnxH1Zh+ZS5byds9w9vv/PuW9958+HH3/rOx+/evRPfZtRP/vyP/uBf/4+f//hPMuN1nwodZsaMiyqIuKu5Q929s26UFLwqgDWTdd6Z4WZZURTBSKcYH782VjFkrsUjtK8f6yxRgYLFqBA0aGKt5xVUEhOBuXVCVGYvgCUk0BtFFRUaA5o85BXQGCfxJQZ5VYaf3Ia3Z0ZbIM5r+NCL8BKuOfeq2sbgzJ/VNmT+vXVMl2YauUT9H/7ab33x+WfVkl0GDcgxC9fxlo+/T4ROb8LDZn7dZ1WeT+cZs1+5FDHO090WmTAYqTMIo11Sios5P+2UpOp9jK2y2H1mw4erwdQ1MlYEj2gYTDDocCxIVcSMSDWwta8kdagqKtKHZeWcU1UySs23k2fV3BcJAr47RWWyVruvWe1biQ6BooRWDgqPI64ZDm0tx1mmi2ZxYMRRicPQsyyR1g+LdNEN9QlM96MEQEXo3yDhxtwmN89FUqSYUcOOwGo2pOTwnvL4kMzr9VoRqi5Iu91uHKABCHwYc7Z/8cXPn16+dPec9J7eQur6HIAIij5dGaYC1CoKbk5jQC3WZIxFLJYnNEUiWYBkJoNUiEpVljb/c+NDtUEhRuZGiUKadJVWUjVFX+6uqpkBKYpy1fSTX/ru8+uTRHO/h5ka+75zk+y7TyoyeZtnNmXXKJyqaK1caiie1apqiNYagJBcVKx9cdQ230TiT//sD6WWq3fYHVHU7I4sUweU5IWoqHtVFQplVFupAqUism3OkY+UE4dp/prblxWpbX7gt8zpSHlA9U5oVhnq5uqX65V7rQCuWo00EOlXKThUu0KKWnIB/bwo6aSQlGKfT9J9lFKuzqmU+Eod9sJ+crQ/gpIj2YXgLLjNZufpo0cMYo1c9wrJTeUQCeD+/p56WA54JRhjwIyltCUCQ0YhwVDZiK5aUCAitu20bduak9QT9UhSRxOwmlVwse91jY86BMPH3/7iZ3/z13952k4Qm3NXY6uIZQSxRRJVdHodfNZt7ecuUFrM7JeMCemYfClxdw58LQdQmBrNWzxxWH8oJWpNFN6eD6BHv5KCwtVn7JGLwDPpP6JeOCI/KOO+ES1U0RHCZ8J64dB0yw1eTmmFg+ixkVbV2Pzh4WHfd74Kwl3c+Oean3zy3c+/+CxiScPNfWD25q+sULeIUGeKcOphuoBCXbkBk96qKEZfmfrL5eV6vZy3U2T6NqRqzknnx/DRE1UVVZgQgWDKjKqusu/nkqOs6ZGmsyI++aXviuD6+irdR8ZnjmoNRtMsqp/JDPImBY8NVuT2AdwCd8pR1Lx/WYxZyKN9phLEw3F8ldTD0LsuqTb6E4uVIeYqxxO4YvF3m5Hm7WGCWL8cAURXLFIZzZ5xHQJgyoXLTWmoPbpvcFvD3P0ghIpaG4Mp4/laawZtix4ayzc1Vz7VIhTtaETQT1BV0FZ0QiVWug91xyEcLL4APvPNyQtBr37ClXchsVunhC+yY5WS2ZwZoJXGLGMqtNgeUH8/hcP8dH+D+SrCrGycs2rNC8R821JE1ZXBxhFSQZVFZUFYzCfEODMjY6mCQzm/36w6ne9LkLlUmFJCGg0EehXVCm+hmZfvv/duk2L2gEqxIUZ5MxBhlhIpEygQa0cFinjnriaPH374+PZRqp6fnty3x4c3f/2jP7+8Pv/Kv/crwyTnNdZiRMs3Dv7KXFQwpavGfk3BON+jWgnE41WtI78qMcaI2Of+rIDZFoJCHuQIwPkZtPaoKHQM+BAdIjavc87rnNc1Z2WuuRrfKYG6nU7bw/129/buzUfnNx9tDx9sD2+3+wfbtjFczUu3l+fn3/+d/+lHv/evMfcSWRIm4rw/GVqX3QCoposeRxAn4riclISMzU/nbe7TKYPsWU5MrQrZiYG8eiG01hznthm9ErzzujZTGoPBMShDKCeBqtpas4cRpUilqqXSgOC0bffn+xVLJA+FVcu24VpQRj9VBFQra2VwyumDStHia0mpPBrsOY+WuR+WNmkIi2jLcShlpanPml99/V5F3CyO9gxqENiryLm/39yh9szKiDQYDtn0J5985+X5uQ5pDM//OeN6nR2EmVUpQlqVD0NmRTFeNht8ESlRg5vlyohVkrHagBGZvKn4dezXnTrPu8d7dXt4uLu8XkUBNapwAVHzmMH7WgWSsl+nQESMnlQAxDK+9ys/KMHz5YmPvLS5lbd7c9ktksBtMmbIKb/77B9UP+GSlYWbBu1IzReGAiREXFWM9jyWU4oSia4kOSZZ6kpfFOHeua7kIkk0cLAtiLlvpxErWmlG4SA0sw6yuSWovCzWCnePfalqRSo0MyOCXH1fB2ZZIZIM5DDnRSBQm9Gh3kcMadrwbTtltGuwUG4uJSQ9IsMMkcLxmk9d90KLfjPjHVQD92veryAZH9kDIp8gEUozoCVq9w9vLq+vGSsiKwIljBuIlSppw+soJjJXcz9ML/1X8vGswocffVsE1+u1FR5Zwpvxf2YAACAASURBVCRfabNoZblpSkE11hzsRixNxlffbLYCepQZ8tFfU7SolaMyD6f+bqqyZN93TRoMuzCs4Wl1YgU3mJjvhadsVrXdTfWgDBv4EMiMEFHycinsIqXLBjY2GLHRorugL5sjNr1RcqJ9/B6izHTWioruKpEonkjCfa8H4d7rhA5MxGHL5iXRN39rSSBVood4QwhNaFaVSkUyNlRANcYgstzzUlRlQtsgru32hkDMO0VmreyHko1YJbadHrhb1wHItvxJ0LXYAohCNKKiagzLLBvWBIf1i/Z2JfZ03eTdQbOaqYjOOd98+G6PFXMf40SEXQ4YlzswDADYt6euDTnwFjCXNmzywOk7reR2BuQY2z/+R//07/7uZ+am6jx9+9+49bMenGuzP4SviFswa6nPX7Bau8noTnBHVPAHW3TzreAUy+eQ8JD7+Ou/+lFVjOGET/jmqsqNEpRuLvTh2xiZKYWU1torUCEA3FWkpZLb+WSu1303GPtouGTZ0Mo4pvH+uAArEY6L8/r63V/53rs377747BfbdoriT7xnKTR5CjN/eX2Oeb2pHuvYA62vGVp3xdVvEunMVJhBj+YSPpj8CTWRoopch5O+b+RiNI0er6LIIB0yhcg0Hb0fSwZ7GSHEUXw4i12qE8S0VXZ9mgDCxoBSM0UfUs1FKHhXMT4nstSwcjG9i2sTnQ8ZiFh8K3m4EZhYKr0aoudCHl+KDgwgjABuFAAkI2Gq/ePpQUmHiQgJMYhE8UaBUcer6OvEDIxV5StZCdVYa7/MyrQbycZiGoFA3HXlfPfhLxdk7RdAu5mhBIbt7o2Nk6nCrFnG2M3dtrtYe8yLqau7SLkNVa+qypmZMGfICYNBFMcIIJVrFePzzGCDy8vp7iz0/5AAqRbI9YrNx6b1Yge7CqCRmVLp3GGeA1AWbJiqWf9f5ZBtO6uOzOu+v9w9vnnz9p3E2q/76XQ+nc4/+cs/uTy/f/fhx4/3D4astQsdTys53FaGAJnCX8u+UgSyXiOh49QsWWFlClyb6hE117GZjbVf1v6qbj5OcB/u/ELo4iDPKaJj27bT2cbZx3mc79S3gkOhNszMx1Zm0M1PdzI2G2cb9wKbUSvSx2aqbrjsM8Q+/+kPf/df/ffPP/uR+xY5U2owrbKSzgbOVjDdto3xAJTAEc9VRoMrOJFHRK7MKu1Sv6pO/iGZVhAYzDjK9SMqIt1c3uls2lBq3y59IgO0FWVUVaS8efPY+HlW5IJgbBtfVYpExDoeN5LdxItgJiLE86ixbi4u8lDotbypH6wqAAbL/v1UHRliybgS4JA6tda26cGC6+hJ9VCmAKhqV5sygkwOzr4zPDHXqmNJUrN9X+/fv6dMtaKoN+ffqADjC29a01baH7qZzZzPFMXWEc1L0ydtg2UCOWdw9OXDD4W7Z6YP+GZPXz9HpZLo1mrndCAiDphfwMhpUMjd4yZFjwL58v1n1/XsplQZV1VbAji1HJ82JQuk3gmdDB4pBwZTvcocIn4IBMwwUHfmjaqgG0fRyHorgKGmWsdgCNS+4p/84J/+83/2H/+7P/x/x7YRDu9BnKMAJIN3esVKfk2ZZW7mtnKJsBEsJbGdNoFkxNg8Yx0Z6sou+eFkzTvtN5Pyp1ZGnO/Ocw9eP9v59Pjm3T53ySS6UxToRIqUbeN8Pl+u14zZFLOK+6higI9KZFYKVbsiqtjGiQHLHJ9attCrzvHzA9TMgciQrjGW7XS+vl6+/OIzUxisMtVMgLWvteJ82lZExOIjYoaSjBAkMvp7B5O2gIx4vb7MeXF6gqUVm8WYdjlwmK7/O/yHNzlA+3nE3MksAIDKmpNLZoPit0OJZ82BiEPhbpHHYQNpyR2kGNHRXnKpkoxSFTOL7rBuhyqg1HwYs/Q4UB9rPzlGPv4KXbFiLVJqlDlQJ9ymlZJDq1Y+jAcWTFash8eHH/zGP/rp3/2UTgijhVe6NF2q+HMiulJZFOsTAD1acPj0EE3oNftmfzCWPbeqov3NHIMjY82pqmP4N2Qdg0UBoQ2cyDKQmXMmH1TfhgqDtsrENmb6aoNXfJ/NRpmpGlh9wU+fdnc9kHgYMtLUqTvJFeTKccDMhV6/FIg5v/u9792f71+ensY2rvusbkboOZtHEf3xND+aKrV6RGQ7QoY702GAPrbDcveZ64v3X0DS1aOOiDvhIQhzX2uVSB3tk/z6KWog1UjAg187D0ZqGxr76S+nFKqJWGuMYWaFkizJ1rclB1wgI7t7d7WKBkq5aQHsHBVBX9siHUlrKmuGD8usXEuHcZ0fp+Hm9OgEcwxS1h4K3fddOpKhwMJkSFa5AjZeLk9fff25MzpKDnCfv5Ls7d/Ag6APzSYiBFoMF+I10BMA/9sHo07ZuM7lVckZADhYVmEDFBOG8rZ6NKbBP1ZO23a+f9ivFxzQUonEWtYJ+YD1uaLdnFISUkyrkOLz4GOYuUipadOcxWZQSplNSjJKGITMbVvydL57fPPu5eVZzdlNFZGxsp9GPhLkFKSJSf4wRPhyJLPYAwCBkBsxohBEnLJQ57u7Tz7+zpdfvDeaEPgnR+TqIHxiOeifXRvKheEO5sI89WQTZKnoUfxF5lsJtwwfPaBVfu83/oOv3n+x5oupC5PCJH2Muzcfkm9EtaJKRHLtcLdxL3G5Xl9tnMY4V+R2OkGlmL3THBdEpA3EEKlSU1PLlZHRozolW2v5tm2nE4NIszLmKpEqdvnRVGxENF29NwIOjjjCH8DCNQVcm/fQAuCiKKjb2LLW6+v7bbs/3b+Z18va4/zwaO5//cM/eXr/xXZ6fHzz7oN3j0Ml177v18oFhl+136KpoS5+UYVqXJ9Tyrf71hmaVpaK2oEsk05RHSqIeY25q8rmJ56hqqIqp9PpxFw/peVXuQ2M03m7uz/dv9nu7h/efqin+3H/5u7Nu7u3b04Pb7bTPdTH6XT/8PD49u3p7mS+jdPZJf/i9/+3P/2//mfsrz7GXHuseXh66wZfUXCZKRWJPqYrqySTuBg5mYgFiGSpeid7ZE9RN6C3GcSiRFYEpFKzqhgVWslRsvNh6hZIwBmwqjJFxd1nzIrMtf7+BAkFu5LpHI01ScpFJE29UIXY2oPGokzxYXkY83w0d4QDAGiZndDuVg0bUmhr+vbN28v+ygmjSky+QZC5kuOQsVVTgtqXs1RW3BI/KImImBXl28ZWJ1DzH6KiYwzJVqKyPB5ZcMy1Dx9SJBwgqpQTiVJoV2rOcEYU1GAwZeyjCCfLlZwnFAI3SzmOMem7bq3UUKTAVE2g5Ky6IdhMK9jiVFUyBgQge2xyS1GjjIFUKgmlPP43MRqy9F10pIriWX/oJ3hhdhGYQkD0oTIShkLatg3YXLOqwxqpEyNXrwf+yoGgVUMwd79er3/zdz/NWJU5Vyg6FaET9KI4UTDFhuoXGifWmhxVM2qtlVlC9GMGX/8gOrsSglxLHTxv1YwrRKaYgP/PmgsQG0ZdbsSMeaWuOJMxPwkRd4W5qVYu3hTdr1rQ4StSpbZtxIqbHt3MVI0kuVorarnkJSHeBi4B0c5fNgPg2xjjFDOYT3pzqXB62TZ7ePO47+vtuw9sG9frhU2RjDCio7KKIFdCCmKoMnPa5KpukHQz04NBEZEH0oesihludr47141IH65ARCrY/9iPFFo6KXFTQwj3bXW3bGaDehmje5XKHFFRpuoRZFMA5UMfHh5enl9Unb8e1cOfilb+NKDpBJza3wQgVy8nmXmLBCcS0ouECIuTObLwthibS0GhKfF6eY0Ktisejwg3QdChwnGIImEtUbNE8V1wQRcpxiJx29HD7sAapKqgkKGTSUVgLtlgqrF7voQwsUhlFcvIzI4aW9AeI+pofjjYkyUGP7GyBqrZ6WcQiA9XdMiDlGSKj2FAUmiYc83d1MzsBsQqEQ3rs4NHhbnHCkGNbYPaL37+d5fXJ1Or6gYWEusrUvlvGFS6O4Yf/Q0REDR8TKiXmh/RfsJ5a5nInLv76EBW4UYoIjCz4c5hFFVug4OgihIz41wunT+DzjKQpA7V1FZHXyl9cHwulAT2oa1HRxMX7zBA11rbGDDkQbRQbQW0jnathRJ1WiVFrTN3YY3BZyafxv06pZKzSKXA4GaxetsWtaoKnheiWdHmqWOj00KKONTci1OyfKOPKvpUAO6arloF12bqjxGJrDkDs8F68FgMIu/5lbQ4Go0mqV09FkB4gAJl6pml5grJzI++9W2Yvz4/cRWEqLtCMGxU1lyTrCsxmIrCUSBSNBtAqkrN11oRS6HVrBAz8KQKYzvBLGNVlRqBS5j7636NWKdt6+mkRErMUSXGz6r47nockqYshBweyXEbQ/gXsVKQ92alWL59+26f87rvT09PKupuMEQc0xigallVUcpcI7VenqgvysqV1IOxWHSuRVz8RnybtoXDbMugSNF+9rMfS7w6/PaTUFXdzncP7yojJc0GsRA3U5E5r+onH+fYLxVz2x7ELDLdNUVirohVFG2Ts2Z6C28LM1GVZDyfqzuPlJhLoD5chw8f5rbWOlAPxJrkZ4nuO4abmw9V5axP9JnblPSnLqVQM/NxvrvbtjEvzy9PX/q4f3j7Tg3u/ubdh7HWj/70311fnv10hp/fffTB/d1JY8XaK0OlUlZHhahGVDIWLEUBc4sSU9O4znnV7V7GOG7HOpAkESmVMneYqW2Zlesa88pRxcZmvqk6zKGjdZFqp/MJquq+nc4Pjw8ChQ0/nbbTXcFKYHY4B3wEIL65b/Py/Ff/37/5f37nf/j8r/4M0EUEvYTc77EvAp1cKSWNXnAPr4OL43p1JKfxHUmB802J1bFNEFIlPoyUIDnZZljcEmXolmv5clXTbwqdQY1LNaJYtZ1On3zyy1++/4XpEV/GBzhFRKyjteHDBSIqd/d32dR0L4AHDSGZbL8gEyFrBSfI0+bVN3VDjLf3QmLtfHd/uVzYlUHEgiu0+iggIzvglcCQmmSZcaOmYUR99IvY17y/v79/ePt6eR42iEEU2yGg6ha5pNUNLTVdub7/vV97//SViJq3xSGzSsJ1mLuoSnvx0Nc7XdcsdhXJzFoCMx4vPka2Nzdh2LYNarmCReWZzUtUSGVt52Gu6kbUKSuhIlAqS6Ukq1Rhvq212lcnUm0JA+lxxtBUcUWA4JYVLrzOCAa3aoj2X852yUuc+d7IWLGWqo0xYqWqMF+y+g8lk1wZxUg0BVakQq/X6+XrJ0Aigle/GzjOaNMq7dGqqm0bxTOWnkCFtZyY8RXZRZDJHxq3hRRqZUWqJFMys71hWSU192nOYkRWdwtEYk0p0pPEbaq9827X132tZUzL4DcqcOjrfv2v/ut/qb59+rc/gTmOB4fk2Fqr1XhclmnQjnR3M1vk7Jp8Uz53sWKupV1oxvEZIrIiYTC355eXy/PVNgfk+rorMFe6a0mZoogXuFbKOA21w+VIul4kK02V22lJ2TDKcZtK4n0XQr59rcW+qJKc+xSoM4OI2G7D1c3ZqTGGMlXYwNVy1pY0HJgED1zaLzn4knVQ6Fxrzelj4z8FRty0fIurSwFGKKQnRXSaHHnpA+G9nad8Bg/TS5MBvQRwAF0rVKDQl5dXa+CYKgjtQ7SqG7bRZHMJzBFz+rbd3d9fL1dVJcCo7gdbS+uJHSpAhmhZVY3T9tGH33p5fSGFwlWhGPbXy0Mrh5NlIFKdcFKMtawbLkPiDSJmdirJrOq+UGpIWWtaiBWNo5QIyvSwTpv84Ne//+lnn+HIGoNDzcZmIrLvS/sE4QHBiA1QYGdmKyKizLD2lSXb5nVM3qraRWjD6ZI5REXHFyOKZtL6+799PchkdWj7qQVHm8TxCGXQ0ch5Y/HZVg7EQTuFtuyQ8WL9OEmVmd7dn82MTqNmrwCpWitElCVTPR+QFe+EOqiCJabaxxk5kYobbNzAJyBQNToHYjU3mNXWhWKqQGFFjNOgmA2An8a2nYNK3yOAj3sOgwvMrADGsG7bNk6nfd+luOu3zovKt0oOxyhhwgL7aNmlS4t2lcgwV1XdfM2ru/H6E2mrPv9hM4cpKJON7F26BNaSUxs+1y4i5uN6vT4/vzcmABURhfavlNX93V1B+gV3UEUHRip0DOOdJFWVqwcdES54BJgUGjEzV0mitG7GlVLJkv+fqXfrsS27zsPGbc61dlWdS5/TN7ZERhbFmxzHgR1FIWw4QPwH/JDHvAXID8hfylNeggABEhtIgASxFCWwkkCyyNAiKapJ8dLXc6pqV+215hxj5OEbq5pPJBrd51TtvdacY3xXCg74mDEqV9AbM7fevPjcWmvloPlqKFVUIkQmce1mqVDDe4jq++9/+PbtG1Cola9f31AyUet21ELwUZXKZSliwo1e3LtQUqSHCmqVUs1Ao1DwPv3b3/77t/e3Y98SUoeI1pY5kbYOsbG0001brmIOmoNFTLv7JApRI/c5hvXF2rJv9+57W07DR7irKAlnRvigCP6KtWRmQcSKYIIRirknRNiswkIeGUnM+5zM1pY1M+e2Z7qaJlHMEY7P2NEtTKIsSiIkSmpiq7ZF+6JtsX7qfe19MaUcl/P57fBx8/K9F69erafFrD17/mLftp//+Afj8Z7EQnhZV0zHXZlzZgSFZzgTefoYHl5yUT4cjUfNIcvcYjyyLSy9BLv1mkLEx0Qcwqwk2tVMkn2MuV/S3ayrLaSWIqRWNR0irS3Leg2dMYkFKZGI2bJeoXtV+9pON9JWET2/+c1P/vx//Xd/9q8++5u/mtuWJAf1RECD0MKgJOkJGTyjvoKpZPYoPqcUNSIW2HtwrB6RuJSsKutymhPKcmzsTCRZrWeQsFUkKrGgUKyi77muExZ28AgZ6NOo1I2k9bSqyON2CUdcBymzqpiZSKkfk4SJ9jHcg1V8Tp+kyqoKsBCpiXIwsYgdYmFSjiMNMCJhKLTWkBOSTKqWkfd3d8oNTrtiCCOI2EwjK/sO+wbGWHAKmKaI66QMyMTTv/7R7172cbmcyx98nDaedVZDRMDMhnztjNevXp0fHsLjyC4g+ipTheacGQneY8bATKXSggrrOBgJXEkgN5IoWAjYbXqwKlNmOC6f9Gy9M5HHDE9tSgFwqjKLAfNFJifc/AoNnocDEoujAdOaEVFFMlBSEcW43o5fhxIWQaJgrX8N0N6RBMaAUwH64tIzE2TRIJP1+MeaRKKcqJsQnmMyEavOMVRNtHFJEmAfEBICfC6qJnp1feUeY8yEfTMi3UXxNkQgXjQjIokZwVA1xYvPOZjFehMRbTr2QUyn62VZlzknZ4oIbLW4X/ATR2RGFIkUmQTnEnykIDylIA9OF3Hf337+WSYcpS0z1QQYHxOHe+lkULIOylQkMyJCiEUlhhOBvSfyVCWfVeSMYDZhMZX9squwqmX6/ngxNZjOM0u5QCgkMWHlOXzMafZkgSCkFQmLqLl7MFobyaylu5TzLq0JCQO9RbhtFQJQOZxKboBTBf/s2HKSCCIZR+dGYojKDC6VV01WmF+Zq4aoZOjEHPskPsDKercKEGFmhgg2AjljTKQqh9Cm+mex6FKWXQUKo0IdqBjL3s2HJ1HrNmcwEwguTwfWjH0Fx56Aja1dp9R+IhbuPnfCUYmRKZkSkPfBvBLMQgHaOyIinYi37VLWvkRaRw04CYaBGCnoFIgtBkpDBIvOAVhDeELJytYz4HrkgvurmOMpgBCCHLCu9ZSL6GXbtm1X1kwmTjHZt5ERbIKTFCsPEavYsiz742BhaRyVNIVZU4UJtSewY0LORcewSJTC9DSSPil+mCm5eoPqoYgkppubZ6Lm8ZV6kjKfSFxRUjP8/zmjL+0b3/i9Tz/5TSYBDmGDl4cqbSyrIZiZvYLD04cXiUyJhTXBDAoLc1J5x/FFQEsTiTCH8j2CPaQKsq2qLE5CXYUUBs/J4E/l+DTgrEIWDeGHmWXqikyoyfnQ0lFh1CYwBmQ9x+keY85IP1RtiFtROlA8JlKRbdvee//Db37z27/6+GfWluTS/0hJQHLbtv/wH/9H3/j3/t5Pf/wjaws+cDyO9bEjzs+r9+SgVjLh96Dc9+2Pv//9P/jmd3781/8fE6uoKKO3LTnxPpiIc9y883y7bD4dTWBBZS+ODERGRDgTaXGFmOFKSwQsCjzZ07ON9QASCGa2sikX3c1UurFKws8UMWZmdANTof/JzMRmSllBScsJ1TywFTqxuMcXX35Gyaoa6apCKYVh4vhjdo85diFe1qW3tu3DVE2NiaEykkomPcRsjOOXWFAB6GbGord3b8c4dzMRxT8UUUb8K856YTvdKOBHSuJkacLsPpiFSCJnzM3aqq1tD28zp7YTxj4k2aJUloCZhVOEmDLkEBGqB3KfkZkqYmLIm1dhba1eTLO+dCbyOUXErEkZGJJZUzi+YvkU3k8FoZAR++XyeHt5eDvnRVu/fv7y+Tvv9nXFPn46Xd2+/fLjv/6rGBe1BfkqY/dgu766OnUN32OMiKAMnwPkFdAfjLwo/6JIKMFIlSnn5dYzpa+Munfg35UNwqKqR2YzaZO+NGtEMbbL2B6Gb8Ta+mk93fT1tKzX18+e974uV1frem19XU4nUaFwuLitdW3r3C6/+uv/54f/57/8mz//3+4+/zWOTE+u2GmEoR51CqIiypfLBgIE0x4nInuCa8FXZGEFlHPMIspPeS6RRDljjjGJqA438N1wGYoW1kssxyaMfjgQ+plk1kRKIKwqXIHk5GOa2OXx8f7h3iA40KKQwrPuZCI0JySSK9BYTnQsyseMgqOyIDbKCDG1ZiwSnlzzthBz6205LfvcSxTERMHNGrHWbZF5oH2FkqCJj0GkZKI9OCKo5m/ctbU8NbNPPvt0u9x37RFPhytH5pFRV/+2YCTKNFs++eyzzGza0BpRPwN0TI6LDEdlRua3vvnN2/t7nxPErEF75l6IUW0AVCqFEtWp4NeRJ10+4VUFauLIH6+IpyRiUYMAgoQDzUH4FKlEuAnal8hjZqQoe0RGGqKiMgt19iBOqXRjst60tcpHDxIVNQvomLFZCmfSvk/KwIEEpFGOzHXi9MShRcSENFdpmGjIVIXFac45U8jUpoPzSGsWI7Z9bPslizQGBkRIphai8NLVZF3JBK0/0nJevvPOq1fvv729TRbwGOFFfhHRftkrzAGPvghjto445pCaJBlAEigBljm88jEiTe3TT3719ovP1+Xk6eTsMcUUjRnMnJyspiqV/SLCouEOvBcmFD7cfFBjIjWOC/TOmr8oPdK6FUpPqc0IU2sGQDRs5Int15M8hKn3pdYYTkKvCBdqhSYrML/uA5pYEyjRi3h8AkNL8lczPoEMcQ8EJGaQiUUlg+FCRg4LjHAIYWJmVqtpipmSUkX62jIow7NS9IuALHFayZlJ2MhkjE1JzRrkMTg4KRGWUJsF5MTCqmroT1JEFWUwkWcuazv1dd9HtXeDAeavDgdVi6xCaCYUbCO3QxjhgcDMmIlJ1YgA5Un6Vy1msA6CmSGqExKT4cPl0cxqeoFQvm6vTCYYQ2CUOq1XTq6q7rMkMvVSKzPT0eqr0k5afwDBtsLHD3gk62cxiZHuGRGqpirn86VbVxVSTiHoJTCNB/Zy4OPERA50XFTCIyKldolklfSM6YA3fTolxfS+LhHhM0rnEMlMKmjeVaqyVyBNyUc/NmDvsW2ZpBi1UFA3HQIShMcjiJOTPebd/a0IG9uMqIOg7rZijlUEvuhC/T1ZBIhO0WOVB0qmYtbcndGiV0KOdPd1Xd999f75cgfwOpkP7SxIHmJiwKSwjvBX1h+ukPqoAxsEghrTwYPjJ6mLgWFnwCxFoEg8Iw6Gk8uBmYhagokM93gGnjPKTBE2tYf94YsvPzNrphpY6gI5gGFi2uTt7e2Xb98E3DPM5F5PGTPB+lzhM4c5kOMIbwprnZjXdd3H5cvPP1W1MXcmTvckNhFmDXecng/nM3uaKOchlSPCnXEMMayHTa1eDyJWReVgpXQfEzfC7+sSpdrZg5FPmGbKULEBjOegJNS9iTAFiWgkmSqCBALFKU/YVgQRWe+ZKUnK2pqVuoLxvkMjK3lwrHjnlGX6HHPiApDkfc7l6nrM3RDoiTmOwRVoMnkG9kSIwSYOJhB8JWBQnzMyWUTV2rJcPX83jgrmmDtFqHURiphqxqLkMedmtqj2h/MXktz7lYgwpjpiCifImoXnnJA4wxce01mh5m+ZGdOTEtlNGSSqvfdmijvQzNTMPcYY4TN9IsYoKXPOiMmwYozNx+Mc25wbMdmynJ49v3nx6vrmeV+WyLw8PsbYmWS9uvni809+8eO/in0myYgJHYVIW6+uT+uyKDX47CvUspY94qdGCKFM4MxS2lHGyKvzEmMX7SStLjYs28wRSB6WzIpBoCRpq0hjkZyRY5vb2ffz3B98v/icY7+Qe+bYLw+P97e+X8a+zZGn62fvvPv61et3/+x/+G9++cM/88sjkyF3ijDUESFEQlmQfOEjzKT3tpz6s5vru9vz4VorvEFE5qiMtYyAugz2RmZOLAlY7cGdiSICHJoQgHH6WybFGpyp+FFGjBhqOBPLNuNaS6Zl6RlsTVUNl5Z7EMpGVCImejGFyYEMUJRjGV9B3eRaOialemGDWDjA8IeD+pUnETYRZYzh6SFiTAQpEQJeUGXAzPCmyrFwqggyBjKP2QGwGREzo6Ko1H2UQmzalmWZM4iiPIrI5lg61eQqZi2SGLFLyapNRMOdEdsL4A8QETFR9TERc+R83LbhQ7LSOMqTRagjQGkRR1QoM87DPI62ZGKC24wpHfMHUBIpU1SNpYdrAkqBuv3DnYH9MVVGR4JfqhB6UcCWGe7wCoLHMJU5p1BVsngEnttSpGVltmZGBOY8NtOxTyqDGZ5TnOEUjsIs8TFKdFSSJwqcNmbf+v3v3r19ixWLiFtTTvLpKmpmMb3SQIulYDOdNDqQdwAAIABJREFUXp4QXPBYi+UQfM+Zbe3nx3ufbnBQHL7EdAZgJyJxrJtYnlFkhFAs8GEqIqw4Bkv+A7wWqdMZzCra9n1EhAi757vvf6RtOZ+/EGl5BAmIaNKBZhb9VSIWZUHKEyWRhEiZvsODgUvgjKK0XiXBaNFKHHoZnKIG7E/ycDbhWpzuwOGBZ4HfEykiDAm87pPUvva1D+/v7mKGzzQVTOTEDAwIzGFNCJRqqAARJjpdrTiSuH4xYiLoPsFyFY5MyVIObPx/PsBZzM3ENbCVyDirEUIkIUrfxuUbv/s7QXF53JZlXU597NOnKxxoWRU+Af6NxZrhdqh5mgW6gHTfLjsWWoAhXgqcCC+E1MygayxBNXRkTpLMKpl5ZLLJmJNKmEuUyNCQp0VOWCkPwpULeSjHrHAmIThIslRnB2COHUOePX/5uD3krJugaJADE6XS7YhaO+E/hCYK7wTePiY60GQQhZyJrq4yLCazx1QTTg4P1cKNWm/EHOkAoRntEoTtjuRQPMBtXWyPKhYXU4mI62dXIrJtezmaHaRYspUqUVhrwy1faPr0zPQZRNTMRvirV6+T4dqxSMBMWcrMCmOVgA/D4ykpno5zHxBThRyACMukp2LajJizNS0nshInzTHU9NU7r/Yxju26xGoium1nJnmyHXL5P1A6ics9iRPqxjpolDORN0THc4GbL9JjWZeg6nUr6eph1T9+F6Yjdp2S9BBHwv5ypE1hJCjla+kbiISUkiCSigwhYhEKMjVWAo479n07n02NmCJR4YmXNPAZ10ICfiuSKGA4Ao7QrH326aef/OY3TW0Mb80ykhOxHLh4XIQ58BUIwr0n+c319T4nl5CXvuIRqU4vDGiScjAJTFEXjKpQhSowsx18YTJp0YVU7BUzPX3ixDxjjLkpW+vN3f0pWlHqKsWAjgPtgBWJmdQMW4dX7yMr3qaClI6bmIWdglhU2TOJpo9v/sG3tsvj9vhgSL0gykhV1Lt6olg4U4KTOA4oF3ctNjqQFSyaRKRtvXmnSpFE3Ef4UGmslumRwWZCIpTTN7W192U7f0kUzVYSznBiMdWEfIWpPPqIZIWoYE6wYarGZpXoLSxq6YG/t/XWehNRa329ulpOV8u6Wu99WaUhFcdUzZZ1PV2v18/Xmxen5y+vX7xzdXNjS5tz37bz5fGcMZWktbZeXff19ObN53/30x+Ge7CIipmFB7O2ZVmuTktb1t4aR1LEGD5nidSzdIMmplzcj4oIFsVamFm1Kbs/3oUPkibaKssBzyBW7mRgPhVKJ8rWrC/9dFpOV31ZVGWOMfZtji1pcomRwqyfbp7fvHr1+v33Tzc308cP/uRfNlt35+lDVA71ex1cgmlVBF8HEW/77mMS88PDY7OOJadWEWYqhfRxwGFCJ6IMD+RaVPiViqQnKwlV0o5W/D1224wKSKs5nI5ORmh2E4AqV7JwZq7rAsVqxAwPxopF+fzFi2U5XbZLUqbDAye1Fqoxi6jMOZspZYXQc81w5YMUNewnNaNgqz4SgSipiGaCND9Fa8SIdOw/0FRwTT/Aw1lFOUi60ZFyw/VHY1LM48xhVbHWM2MMB7EcntZbEoF5UJYkiumZQhwsPDMjojUzU4KcMylq30iUY8Ge0W29f3hc+sL1QMLf5RlhrIfgkJmo9SZm27bjRuMyfB9iAqkRsNQ4GDcgXadKZEaCH2YJAcB6oCxQ4AITY4JdrvQYuFowWZiIT6wDkwEWBppfa9UiLBWUTEIEv19BVEFBSdZMhWM4ITl+BuPi8bqtVHgODypRhghsYPOybXNurTVhcZ/I9kUKBoZIYihGGIqJZV2CPAJCypzIU6o8BF5Pq6rtjxffd2EVLZYVBwF+XxGeAb1HZpSJLg/epYgF3IDITT4wWmKq1YgJ+xiqNwSJ4CQPj+exneH8BkJNZcAts3QemxvO+JKKwvwOE0U9sYLyBshFKHn4THckuNRMjR/4mAjxWclxkCFvvS09IuA4OYA78so/5UzuvWXm47bNMZu1zFDV1pvPFDFllSQvkRXW2oxwIe1r+6N/+O/fP5wvlxFIFgIalqysZpqEgSeqiAVZFxEiooo0hYyAbeAraI+STK0184qVR6yfBMV6dX3/cAfNm3WbcwrXyYUx7JBCQ6c9o/SEpMKmmumIeME3TErPXzwr/OtQzqCB2LEw4B6mwzzExKyV78cHp5b1kWK70lZy3whPf3JmYrwBTMNw6T5N+wCg4ZErmD5JVTnzcX+UkqhTKTTxZ4GuPGJQNKUJQ5SG54AZpz0BXw8wqlhHBIwvLg+p5zEDpuMavUQEFaTT8zBDMxMSoyCEiMyUJ18Nfp+s5gjk/m2XzcOryItSTFrTfcwX77xQ1cv5QZvhBWCuG5eZUEeUGaI8H7d/9p/+8w8++NqPf/RvtfVMMrOs+UvEJDwOOQfOs0T76UHsUSmNUAeBwkvOpXcR8xh5HKZZBDI/pWeOOcZlU23ujsclcm6XByQYQncCgoWZ2fARVQc7viQMh8AUgfwnhYqWJYVKJXl1fa1q+9jlt1rDyuUCTTwRZUqx3sRMcB1kyTedU0Q0OIlcSE2FlSniCbERVY+Yc+LZyAgRqkgo3PYsc85Z1AHeWaCjScxKRkIEPQ524qTMEJWYMX2qiIqNMUVVDXbhxDFV9FmkRwBwwo8rKlfXN9t2gbnO0W6Hbw7DtAgd6UCUh3mXmIhF0PzKGWnWRTQTCvvKm6Y6HalOWq5nGG/Gd7/1vS/efDHniHRrS5QAtlRzeB9VtLa4TBbGoOzTaxLPAvLxgOEbi/o5cU7AJ5eU1Lv9+pNfEVFrfYxJxPRUk2R1BYuIqtnSxhhmGvgYKBHlEckqzGoUaa23vvTTs0hnuJUzwmfEUG0sQjEp02zBr+4xxLr10+PtFx6ztxOxkIQwQ7vvwz3TrBEUbtVXLR4j5sTNZ62TkEcykVirIywRlKQYSFW1L9Z6V2t9ObVl7ae1L2tb1rZ0EWHyGA/b493+cDsuD0J6Wtar5WTSiMVab1c3c3/8xY9/QOGAvtSkIq1U29KYZL/sp8W6MiJEMiOmU1b4Bq5qyNrVVFUiycMR+AnmEGAEz0HjIWKSqNqSjDxVUVFWJRYx1YZCMzumKOrLYr2JLm290n7V1+u+XLF2W043L955/vrVs3derddXrfcPP/jg5z/6i5//6C+3ST6nWgNhUoGpmIaYicg9E9aJDGYZY7589cKaQaqIf1mhsTTF1yGikc4FTUEnwsoipJGBc78KkoQ5iVFFSZKVskNmlsCn8JIIg3KUGhMxygItFk4aY/qMcGDkbCowFHmMfbukp6kRBbMetkVWkZiRnCWhjEKQWYkPQKR0KV+hNjUBJFGEJ5O19kRpqkqJJzErJBOqDymqLSUTHeKQHUZ1NtEBT4HsiEoRJQpOZvLIMYeZpcjch5kxy74PYUKrfUSerlbrzcNx8YGFFpHwGGOycGsGErbAdkKTA7lHbyZWtlSMQO++/y4iHQmhxsIJfU/MdVkxcUZEScApj/Y6ZoHCFV5PJ+LeO05IZo4MD1IzZYUYg46NAaNYuHOmQOMB0hs5CmZ4AObwJGjfQQKLNEDR8xhWoVUhIkLSd3y1jya2U2Z2iOC5OihYEABAlMEqqnZ1c41qQlAcwrpfLspCkdO98s4zxFAzl2o1RHt4W5pqG2NQtUwy3mszjYzpCJ6mfd8oUswywgPXi9Z1iQcM5esHh5zIpQ3mJ6Xr8R7M6ZTcmvGTaZpSEXxCqFFXTIoIcmHKElrGgUBmZqaWOA1C7ANuICbYe1iCAK4pkCbcg6T83rsf3Z/fWmtgDKQQLQVKJ8cugdsaeTJJrnYUBEK61vTJHBcRxGzNmDmZ+tJ8eMxqUyYmMWnaZmTQmHO01kAfgR/DdQwU/7/4z//Frz/59Od/9yvhUlBzKTCS0JFXjL4+7VVPELinEylXND7RgTNmJKuY8hjFa0E8Yqp3t7ecbKJjzDFmLbVZUaNc9kUol44gLKIEJAmAFQsrHC0U092HC0keurVkhkW7Vo8njyYeFejDorgRzkphqaufKD1R2cl13aiaENMT58bMMXG0PmEWKUeQ8JOZEz3uEdDJOLrAj5UD1sdjb2JWW65663NO1KPX+Uh86BVqNqIDVa0T9Jh2BaZY9N0CzIycY3gF3gB9kiQwuaVHlyeaj5PoOLMSSh6iZFSiVJfLALlM7nnZH8ec1uxAfLHOljffs9SrIqJmf/Ozn3388U9665lsKiLiYIepHAgA98rqxszMcD9jPsHpn5QUGR5s8vLl8/uHx6ieRfybCed0okBb2Wf4DBFF6y0xMwUTs0oSVP7A/glLA+PWTc8jBVIKESgLV21Iykykgr4P7Lq87/tl24VVFRs7l2KPgWyVj7S3peSDkSxKgCnxvICexUXIxEdigzDIPtRNA2yANAg0e+FVCVahRk6goQQkAUtjZBAgcakAtdp6K2ar3grkp1MS7g8SrjJhKpEjcNVMBBvT+eGOmZQPzP7YXUFQVgMxsJ/jsaQkUfOJZ4SZGDEUHlVggOsJBD8SA57koUEJx8n9w3mMLSNb6x9+8OH9/e1xEtdEpFBC1V998MuUGYzvCBty4lYiaB2ZIg4+j5mffBQuJMyK2FAqtRsALbLDLpxJxZxoimkGKDIVMYBGIjbDmbgv6+l009ar8In8YAJY5c7pZj2TEiURAMwyI4fqsixXj+fbMR7W5aoynZiZpfUOzk3NkgKoCRGbWkSGj4yMmMfhiIUORlhF34dWZnAJbUXE5+RM37fwGXPs26PvF44wsd7X1q7W5Rp1hD5mRFhvtl4J5d/+6C/m5ZGEKVmbzoGsDwnmpEQNxfXp9Oy0BFyodFhKy++eFExZYY7Bib5qVTiSmJMUhwja0+YjjXPGZFFmI+hiWSqUA9JoUjNrzVozZmTbkVpbTut6dbWernpfTjfP+nrSvrRluXnx4tXLVz/6i3/zp//qv6ekbZ8C/wal1CRXiEPlEBARUevmPinIVMfc98c9UblQ+blEyJ8msq5E1Jop85zBmSqyxxBVJlZt0wfiFdSEiSKor6pmGNNrJiMMGU9kKTERan0YuwAIXWYpIpEjU1U89zpqkoU4PNJTWDG5Q6UKRw/IA8/43Y8+uj8/pDupkhb7QUmBRPZSnhKh1UZVReeccDe03oU4UL8hnMjb8QS9wMwi6jF/S/NQ9ztOYCHUF4Qe2UORx+QF2EPYPVlYmUXte3/wrdv7u2OtEiKUlUoKoY6wWcOExMRRVQ1lfsOMEp7HfYvbRMxsTh/bKGoqaJ/7gWRwoD4XYyKFqUJAexxHdMD/5SWLoKhRoJgCIppzQo/IKeFOWTkTApVQnaxEkWrW+6Jqc+zWEFhEPuOYGKL1/vzFi/P9mVmyML1gVPFQDcAszCJqDbRPrXxJpiUiEFUgp6WSRvmVOxZgZ+rWxhzMzKxzDNxi1ptnjH0cYxbSpiUjzASsQ9X4MPuYqLIh4gwnYo84raf33v/gzZsv6/et84+s6ZFvR8Rp2pD/g2G+xgkRUwPn+eTQFmU4AZGg7XPiOhaRpAKMij2scEyKTG1wCRPmRKwuuJeFmVlrQs1k2GIiJSuEF3oXjPV63P7X188fHu7l2AggKzi8kXicv2ovxTItOPk98VIB5Zz7MGsZLmaYn2ZMIYrpzCmMG0pEOJx8znF5+Of/5PvW7DeffdrbgnM1M0G/q5qH/5u/+Leff/6lieiBeHFRKtBC1NqIAxe++QOFOOwFUCUSCWse2HiS4+2rXwvoAJGqwlKSJSzkzEwg67hokYIfCCfHChwEIIMEKQVA60w1nNyDPc1Q0ZPEZKLbvtvSWtNI0qbu8yD6C9zFvEicrPAkEnRxaprBmcdDxcRUSTP4R70vrTUPFzFmDQZzmEA8C3eB4IYyiJpJEMY2hI4VQMlcNQwYe/R0/erm5vnl4Q4DHFGl61NlXGF0f4r9ws0mRQTjMZXKf+DS+wB4QGxb1uzKoqI+A4RaTX5ETPJbikyCjKtcJipjHyKC4y8zja3MgkheZ3oamllkvVrnGKB4YoaqVRt2ZMzhFd1TiQeqYqLWNKEpxJbGIM9YzXprgQ0RKK8yfMMUTvXj1zYUeABFcNlHxNMcXJYj3B+Fe0JTfKgHBOu+a7FwWOKIWECn4rs4jAKlvOL6asTMOEmVzfrYR6kRhOUI08XLQkTp4RnIGKak8MnMTTo0Z/C4cb0px2OUoNGdjoBWRk07FTwTxxSiisjkFGViJU6fU1WXpbmHE0A4ZTHG0QkZKpfOh0WnOwGuUxXkx6VI/eiEmNbiYYmqXjUlGHsjLuUio6rnqMb8MuMEOBMhVWOBVZ5a7zEnpGylUwQkACe0VCorBRieVJHYp5mZGDPfnc9zTgz1aqX/ro22Ep0QLIhfGEwBzi/ccKSIa6m8LM4s6DGDuEpYAbbK2AYecjygeBIoUlgTzpkgER77IKxknmIWMdXQsj6EZVmvnMiWVYV9bESkysjd9rFRktkqMJT7qCwinx5TtS2nZ/vj+fJ4t65X1lcSTaI5pvVuzSgCnoTwSTEjyFRY1X3PcAovPZLvTAfSJE8An5bjqKhrYeYGKsrM2qp9tbaatSSac1wez2PuavbsxTuv333P1hMLf/zv/nK/v1M1d2+9EVWusYjMAYIqrfcX77y8ubridA/P9Jh+9F45TH6H0x0cK1LYcTCQKEJzUyqyRog455b7HflFWRRpPyKsleiF9biGHjURs9bVmkgza2oNsvBnL189e/3q3ffef+/lsz//1//L//E//48x5z6gIi2EIgPW65BiltMUmIK3BaEr3JcKoxRAjAmiprhzFPdFZoYjdxuNhO+8fOd73/n2x7/4uZbOFbe4M/PcR+u9tb5dNlae7mK4Iuphzqc1gLnEg8ctV8s/OGGVpAzPP/zuP7w7n+fcBJ2+VKHJXOd5HcBmWCP8/HjOiGbdI+qJKcsGJmX8t6IqHuExARDiDJtziGDH5AMvJpRzqEgGVebr4YnK0isr4OcZvi79iaGimjigBcVEGUy0dKPgm+ub7//RH/3lD3+ATSIyhcgzrakQbZexLouq7mMXQnQ5YmHQ0ZWsChmnlAAzSuag2EQK67LW5jahMGc9PoP6MNDQRPWH1HdSDHBlkxyB+8KSQV7pMYLISypJIj0tS8eXQqIizBkekfvYWlt8TiYBDoDJ0j3DY+y7iD3tpiacTFrvNPMhA4WT7ICMhElihHCS6HJakEJTEyl0m9AQCsqM9vRYTitWAswbnkc+EsZkYaoNM0gZUQ4HAppMaVZDuXXrzcY23v3gw2VZ3r79HD7DqEovMtEEUhsI26AZU0Uy6+RnJhXmpOkuCBSOidGfSABnqdqckAxhTAsVfQJ9w0vgQpwsNIdHhCkbS9RyxeCn4Mrm0llYuDNLXxfIe0wa1foBfbxmxu3bL5ZeuRT4CzODSZ7CSPAE4YYr2UwV26eoBJSu9gRUi5lmYpTCX+Rq8MtyW2zpHSodFnnzeP+4bcdSmuURCip7K8t22TPicBk81f1yMrGyZ3CSCJs1BACwCkQcCR9eGWQz5cnrEmLlgQTchpB6bMJ4xYqledJ9SFKBFJhtM4EB0dOAd+D4T5U+lIKidxI1iRI+QAMvTHx1Oq3XVw8PZyTYK0oOIM2lZK5XGj3TRPWiYVpYloXKmF6EZFTEJ1PSnLNGha/iEWBf4aLRCKlogpwG9+jWhTnJmSQClbXV2g5wSGfmvj0SE9L36cD/ifG54SGXYvcoksJEfdbknbDwl9oJLjoCTOtjsirCNN2nwQhmGkkZCdgyMyuAJSk5QVFFJAlHTEw/OeumCcB0UrWdnAciQ6wq1jW8WDNTA5ftXtUGWUSRBoWoCtGcjk2amc3MR6RQJrQvQURjjIQP6uDK5hh9sUSYgHIg84Fl6S0zB0LcoN4QDvcyATBhq8zgbtZ6d58ilEIZpMrIWQOBXk6ZCDV979Xr2/t7U6ODmolIUxWRviwOckCIiKaP1m3EJE9VcSgpfQLY8q9cB+jzowwyM2Ia+ya1exzqIWYqE3td53IU3xYldHBWgvO/1EK1qKQ7SSoAEMVug4QJCfe+mkdkumgDR6iqopTTgXL4PstwU4mZdSAQQMcsjAJvakQKpbBSkf/59A7Xe1WnbFbNDLOqOed/+V/916z9Fx//VFgi0kzhf3n69YmJoV4PIcKoFCYqJrM8YTIRBsXCZY0+UERYMFAJnlA26RizRhMiQiRRQNyU4BDr9BMWkZihpjCeIKKytXZYXZhZfDrDcEnhMRkBcQqGVFSUkjxmiogyRlvr1lp31qurZ8u6bpcHiWIJPVPExrwQk9gizJ4BqqSeublnZu83zHl5vFNrra8MbNwDdxsxZtxWXwyYGZOkHBUDmqoaHnOO6VOY1SptOzmbmZoRcVsWNbVmEP8c6aCbz93D1frVzfPr569uXrxe1+vLftnH/PTnf3P7+W9INTKsNffUbqoW0yM8KU3FWu9X1zc3N90s3TlmeknkE3F0gdG5+KqD4cQ+FsysKe5u3YRx6Rgxs7KyNWX2h9zP6ReRclyImmq31syMRVK49basp76u1hdpvS/L1c3z083Ny+dXH71+8dnf/ex/+u/+25/86AfN2hiTBW0ZqEMWFrRfpQqeuExK69bX3pqOfTqoNiekxR0TF6Q5BYDN9N//vW88btvjZYOUk0Uvc//ki08p2Fi4pnvOIGuq3ZIS2jNmicwPP3h/38fcBxGUlyRqVIHoRSbC5lFbNyHFOEwtmd/cv9n2s0hD5GN6aFMREbMx/XDpUKHXKYyQIai2PBBUkJTBRxzQEfsH2TkJm5iwOkhg0XBX5nBHiUCCNY+c7sLMgvw0rsTMTE6ePr7x9a9/79vf+dtf/sJUM/xgA/gJPk8PqhM7Rdple/i///L/ta7p7u7NtC0dP1dmmhhRbPu+rgui64UrSB67HGbcJ2HHcVvldtmR0xYFh0ZV2aA7lg4MhYUr30aBPxS8D+IWbGqkmmgJ8CiJxJiIWCXRngu64EgHQrJiybqOSNwID58ffviN03p1e/+FWQ/3WSFF6pFm2ntDSgSkD1nGu7JfH3KtcnSDXcUap6apPMagxBML67lCBhaYAbNgdXfkESF/GR8bLAFey1w4E1trqCCLrBhN/FjojWFma9qszYjb2zdffPGb1josB6LMIhw8xlQVVmYVj7Jtffjh187ne5x5mAnLXS0YNxlFE1FpEGoK3h5CDnhwsZvU4IRxDLWeLOxztt6sL+mHBZ1S1EDxEUfMaGZAqbRbeLTecLp6OnMFY1KQtYYSdjnSE8sHGMFHk3smOch5QnBfIA4ysqYFa+3m2dV22UEIBcfVcrVtFxWDpAS+epEU4n134TRt54fHx4eLWatbBGAy9hgznACeWfPtgc9C0sFUSSs10REudKZCzOl4EZlZMAgpHIemhLhYuGkKYodSrnQySlKPBCUlK1VSSGYGBVW2MouizqjYPxGhesVqsFxW62snkhmTs7I2VfSybY+PZwnMMLVAgJdnjKDI4T3wXEzakQnzG5HPEUBBiTKVVbV1i4g5xuFUD0EZH1E3YxaPCNjohZm4WYuY0gy/EzMPyNGZjtSHQnWVtWfBxARSCiAOH3AC5jz3Scoffe3D+/t7BBWLiEFy5zlrvywcKBAmzWiqk5ljXbqoovF7zonkFixwXLIXyNPpEHQnfEnlHJVD9YLxFIYBeuI9KCMul43r7ExS/O2phmYO4OpYf/nAIHDnU3oJpkUt5lRRROPC55oRSW7NejcghZFprTU15F4RJzHIAaoz9ImZUc4k1BGbqqrO4So83RHVEh4qaqIKfwIzHnRlmci1zkyXgzJkfEoUJCZjm+5BEJqPePX69Wk5bZdLX5YZjqkFH7GKMKnnxFGjUAAXKk41KcADjiUEQZOZSPuqa4Gpqlb4oCkODrEu4wPeAMjknj5HOokZ6lbm9Hdevnz+7Pn5/kFEcJ8BnsJmeHVz9fjwaIZC7LorkGyoYnVpgNNK4uoE0IxgRkQAgy6gzKKSIevHL6FElKbi4d/9w//gs09++emvf8nM4TMPITgCTLLMA3gbyvcDIQiypOZ0ZlFTyJNrZRYU4iIIpf4rMG7rsvj0oIhwZkE6BzEiaFiEHYJaYqY0E0pqrQmpp+Mur3wtiuk7qr4piZP7uv7e3/v98909g6ViTk9KUtN+dVIxbY2YmjVRJe796ub62XOzFmObc6q1MQZzKosKj+1RVdVaZggnIeOMhMLDPdKtra0tj/dvwjezRbRpM3xa0HmrqPWOJM2YnhGqxiTTZ8z0ipgkTc70uQ+4oiNizlmigUgS9gkdO1lvy3Ja1+t2enG6ftbXk2rbx3a5nLd9J6YvP/nlm19/LGrbNpg1K9M/iXjOYoEzg0Rvnr+8efZcOBuVrb4U1O4gHav5LwWtxsQliFNGWk6oCtrxIrOZCrEJBn4ybeKhOWV/yO1W9jPPrVE0JRbhKjhbRKw1ZGWn5nwml2++lj/+znuf/O1P/vd//advvny7bXNOt25W7xrG/pIhEmgFAhqSIjS28fh4aYajVdID9DJwm+nzCXbi5CTap4/9wmIZURgqybjMZg34DjNBUCHCjvo5Os5ayrvzrY8QFjYEfgOvCEJmZpY8loSzwnArvgxXY4yhrIAAcV+r6BgjIqA2eP78uQc6hgXBPomjlZmLs8afVpzsRBs6ljThiFAxXG299d3nmAMmmekO8E6IUGVTixSBwOdK5GaKmM9fPv/G73z045/+uLII6xoSTJPIPOCDY/ExhWTpJ/dA1BW2LoDiRODMeY754uXzm+ub8909ymWh4WAWIWECmxcM0ItR0VjgIuq2cDojwYahVYATAiejEEZAiowZTKTNAEvU3AlXNHNFILJOn1Tjd0V+AloBME9HRQDnUQAvLCKX7bztD9iZVXQ99fV0mj4zg0AZhotY5pGgTVQS72O7AAAgAElEQVSmMgb9oYEyUQggoTnxZBXQchQBPTZDohMcHocetz7PyASN4+4k1FpZklQ13AXzu4iPmcK9tQl1E7ngqwnHrDPHPudgT2vKZD7DFHk1QgKHYjDRnM5KeIlY4+HhLiNVzScydsFDIaGhkDJ3rMEZ01Fbq6zC7D6k1M7qnqhOx0PFxFWSCCQ/fPo8hhwAmz7G/Oijr4vow8Pdsi5EvO2XdCSbVaiHGDO60TiZyIEzAwaFARSHSD7RWoVz4yKu1/UYT9Vs2y5z7FBlu08i/vD9j25v3+JzxtzCQulO0BaCoE4ya+5z+sS8jixnEmi9BGCxIjM6SEQiXZWRKTXmMBFRdehKS9vCGZBXCWXgR6IgglEhgmAJSEiJSCBdqRn2SXEdQZ4UQlqhLPTV1k1MFWYQnuCRyryXwooa7+FOJBk0h/uE1j9JYCkplrhpV7OMLGkTkxT7Tw0L1b7hKDMzZjZrmYFjql74JDUF04qTKgNKZHAkkDRPFmEphRJgGuCkY/q3/uC7j5fztm03NzfbvhUk9JTkTpSZam3F3FQ/Peb4438gKeYiS+Lh4SGTmzVAekBTDoLvwImZiUlV1usT4rbD85/803/28S9+PuYuUDsllsJY1qX1Zbs8EEtb1/c+eP/u9m0xgyJPIhMuHrYuokJLWFQMjz5mPGIEFRA8fmhCPsTsGk9nflBGWZEyAoZg7fb6nXfO5zP0M1igfUTr2nu/PFzmdPxVOChZAAYHEez/oHZxO0G6cXxx9cMHfDxQqwKAVIUZYEJCwziAI5NIRLZtqGozjXBRXtcVHeYs5MOTGOIozO/3D/cP57OI1Z6NGRYvEyA14EDKceBvctiV3H8L+062Zu5xrIhEJJQcaGamkt+xAI7Gf/i0K9dVQjCyHTocj2AiY7s9392f76xyS0H+BWDtfR/u2fra1j7GiHAWNZPEERaVywqXMfSk1rowR2ZmsGBtwH7AT7u7iCEqJzwpOYKW3v78//rTT371tyqG0YpgwqaI8N5XPJr8BBDC8Sbi7hVjgtufkMDkeKFKbJWZqJdWqRgUyrFPUT31Pt1ba4R2D3AfTCQU6XrkEcEbF6gQzyNGKzLctdt7H3x4e/dWE72tMtMv2+Pj5UGeXNtgJE2s6b7vY+6w3oSzLFc3z1+YqVkTzjFnhKtwxhTRJBbh/XIWU21LUFBGoq4YTzV7xKTk1voY2+XhXpu21hiIvakIByRDZtYbpAUeIWrA/w5wDi+CqKhnOpUvhUT6cgJ2DtGMmKEAIDPGeHx8uNsfz3MMsZ4i/XTzcPvlr376AxJ2gmZLQP8n83RXa6f1yjOmx9X1zfOXr3rvzZpIUnpCaTunxyCvpudMSi/DOisT9NxM4V5QND0J/CU8mqkoS5LBHCCKa86IxPcWm/mZtjc2bm3edb9f8v40v3zB919bz997j/6T77z8p3/83X/wD/7w7Xn/7PZxn/PLt3fEnO7uwaUmh24nDu0qYoCo+sdJ2IHXZjFIin1cpCRLJCwTc0bk5fFirQlJVJaaiLBaQ70r3mxrpipz4CotD3xkCqmSmKqHv/v+6+m+X7a2dDVFmy+GDC5Qi6UZs0DisK6LcknA3R0SIGb20j3WLJJMkLFhH27NWDWOPxgTlipnhnu2pUPQ2Jpt2y4k1ppWdS7POYjoP/v+9z/+5S8RFgwNV+CuZ1KFsh4qDs3DPdza8uXt3Q9//JO1rygrQsFtMiVqCrTOtIIqIsUQ7pJHrEhgPiYkjRFBIH5+eDyfz72ZkHhUT7yomphnTN+xWvgMPgZxSAcrwAODFhdf4aMKAZKSORGaJCxt6UDvAWIRM4LD65tJ6r2P3XHlM4QnwhFHThpTadABmPIT1YuZkZhozkHBrDLG6L3PMce+I1QnPCi5dRtjEsWyrMLsjoZ1TuIMl4amOhljtibMMn1iVccdcmBTiFROhWInqufBSo1ceIGqqTJuEzE9VEagVYJV3CNnKpxXVF710l4T9WXxmha1nG/CWU0g2ZqpgCVuc8yMUNWYwZlX16dt26QpwZFdgwWJCtzZ1oSTIys2i4VmjHW5GnPHegESrvVGSR6OtLSMxKEHy7hWbwZTJrLjhu/Tt/RgljgKWxNBi6gdA2MJDpngJmRhtIBVLBw2ljxofiISJhFYwGthYAzSmVzAsGQGsxHll7efq5ixeD0zB9kkhYhEOh6b+uf8pIxldyRAkDB7uIpSciRUspKRyrL7+N3f/fo7r1/f3r5RMR87WKZ6JFWIK8bKxEQJrycjAP2ouQWcY62XFP6gxoI8k5TVRKHXpOODwIyBWQJTsiK2gyFLTiJG4A3MDO55CLSTOFUEfhUxw4oy5ySRIx4KZwRBg5OBcKQygsec0vAK1wCOD9ys+Y7i9kI/mLmpRVKmu08gAEB5VC0yKRL5r29uvxj7o4hqU2EYIImIqwcIdpG+3kQAEc+srPFii3ClJCUrc5JyQ7yuqAyfTIqi469C6g44+aiT5DlGM2OxX3/66zkflZDdmRGhTcLp3Xc/iJhj3zG1PT4+RubxTBIdVGGRnclR92/SUfNQcg8hJo50ivzqxxHOTIjzpDRVyEdLVoaSG7LtpOTw8/kMzmOOqU3NWmYup6X1tl/2Znq8OuxePwOettodKfEnYVsnJsVzVzxsRDgidPAOqCnyIgoPwSSdkAOV1v9gTrO8BgUeE2B4vMOIm2yqkCP69PSwprMcCEQJPRUpG9dP68Ro7YIAlERL68lCzRrcQvU+pCSV/1QYNZCA/aDMU+wsEan6RCOAZsLuBiQJI7koW0QGpaqg4l4L8ieifIrXBPPUWvfwnCHMqprJEQ75HSUEYzR8ln6G2cPX5SRmcwxcmiJ8DBzKTKLqu5tqOKdU+AAhLoM5mNXE3Su7miq/NdCTEsmiHm5mxBEe18+ePX/xEtRTIEm4GDPJaiYusTiEQ8A9QYXzIZYDQoD44W7mSEz76hXAn0iYbtfT9cP5ruhQztfvf/Dmiy9McEHWM68I3HRPL6ngsp7acvXs1cvT6br31X0yIQifMx3fkZoi6W1sD6am2iNDMn3C3CkBFWN4OLJQeH+8S5+mJtzETM3EVEh8znTSZtoMY3Hr2mwh1nqPiXxOHxP88RwjMuecYxvhY+4Xn7uP3fd9bBffLtv2AIT7dP38+tnLtMbWL/df/uZnP8SMICSmRnWSq6pGcmutLycPNxMTHfsUlmc31001xshwn5PcKwY0MzN9etUOwaWNrMCkpBRTTwpCN185OcwMRttmKqLGGgjdolS1pbVu2lUWoZuWNzpfLvO9K/qdl+1bH734+9/9vd//9refvfd1Xa7vvrz76ce/vH/cRCjTx5wxR6IUM+tkLbE6MVO6O6Z3JjGTkZ5VzEBqrTQGdFw3rGpGmb03Fs2kfU4Vo2LJKShgQiTMmhHTPWcRyhCH443MqiiS8+N57kPEKNjdOZmVA5lsonM6HaOFiPRlvTxcWrfLZUQkK6LohJiCmdwxYATR9GEqIhpzgkIn4ihM0Yk5OYjl+vrKx7y5ubm+uT4/PGByU1EiEkPFCvV1IabPvnjjOVG1LQCE0qFzOOJlsJVIyfubMjGnCGt4zhlYeIhYDkwOCzxUuT4dDgcP+M1clMNTRVRFGg5bZqL0NNFmjYiSsRYRsSDESYw/+uB3bu9uSxDAlZdCQpWLckQ04hmICIKLgBO8H0ZnZt63nYm0C+vh22Oe4TFRzspXV1fY9xjx0pXQkMxILqfacUQKyWWiSGFKNK5kfWS16JViFlRbioo2QymkMFP6GN7asrR1+A663hTpippEZmpmmL9w9deW8QTLSnH+QN2SKLLKBM0MeJl7qEhkRmbr/XS9jjFE0OYOKkJUa00tuUVdjABvkACWgJUBgmLOY2F3+AdDyoLvwmxNR8TLV6/3/RIzxJQKuAOiRCUnQUIIXiuKpHzv3Q8vjw/HQkdoj8WeFh6ttYQbBAwPH77KUmWwWZv7DPcSqMA+m1T1WVw2efzzCNAp1Rp2xIVRIXXBzIQCJX7STmTCSFG7H/QXzCXVB7wFfBa1xxlmqqLpQACS8XYUVph5pONHIiD7oBcggwEPTnBFZoSLqDDv+/aP/tE//uM//o//9E/+RKUR1xID6wIQXNC8XBqi9Az8XaLHt1gzCMcxatcTSUkZuKYD4SsYv4SF6YiCZDE9XV2POZa2JnnWkJfpkwE0ARMC08WgdCJFKSWJ5piQhAAEZMU4kb13n77vo8xmxEwMTS8mSWV1D1RDLGtXU85grDSeRKSkhBmTDsdaHTH0FAFDGWoaHsxGyY+XLap8FzlseAAimVRsiTkhp4NGCSoIqhqQQw+UUGVK/S2ZT0N2DStZheE4cvDXRPp6WkU45hQqyri1zoQ1184Pd9vjA6IU+Fg+K8A7y5oLJVLpuTCG4tekmDEyg5NNW0HQyDbLPMSRLJAGmvoMDO0IImQq5SVTJnMTJZLTac30MZ0QRBXk7tu2mWlf2gz3CBWNzDxqugu5qv0SEqD6hOvmhuOVSFi+suKwCHHFzR4JYQUvHg8Gug6iMoD5wJuJ5KD7SShIhFS0r5BfJxGJ6fXNtc//n6p36bEly87DvvXYEeeczLz3Vt2q6mbLfEgkLcskTAMWbP0GAYYmBjTywAMPPLCn/ouGIUuyaIFWs1/s7upiVXU97ivznIi91vLgW5FFEyAIdLMqM8+J2Hut7xmRlXswe8NMnE7NDKZKDxuZASmFmtncZ8xQFVJXZNAKpMeLllg78Kj+JVvoetwzxcUAeP7uKEoRVFOTfQKAKSWMhwIqS7nLp+QzA0WhxkzgSN6qKYD7EJN9RuLQI+nxs0TvLpdtv6JaLuHDhvmyjOvT7aDyqjKTWmck02BjRrtcgqHLHLG7JMGGqUrElCNcVAVVmJUfHt/jyEzUlpeR1pBGPqQXoWUdoLAMtSx+Op+YXKHSM5apqOi2b4fcDSRQzLUi1XTu+e7994sNhZVIVn76yadPj0/SQLu09RllgjnTzMVsWRcbAzpOl8vlclEdGZGx536Fitga+14FZhGwk2K/PhYw/JTSfK4c0fjP75a6ui2xb7enx8zdVDr80oaNoSwEiBJIREjAXHzxsSw+3NdljKG+QMW8IX/2vAymAJqaGlTN3caqdhnL+Xz/4Mu5RGxZ3n//+y9+/teIfstNHe1Z1MYGVGbE3G8ZoXTtRF7u7s+nc85ZOVFAzWKLW060SPTYe1XJFLQs3iBQZJm5Ep7lAtA5bhhuUmXDTdTdXTFcFDVM1mWc3O/vLvfn5eFy+tEnrz775KNPPnv92Y//4LM/+scvXn/my5oRX379/a9+/dVXX7/dr0+R7G40PvaqTazynmpiCXC327a3yrN5WAAsUEVBnMnBgn2vOXOsNreISDNvgCebcDY1ohegApAznrN1uPADCtxnk0JNjGMM9bM+xum0sti1Cmaa6JYoheYRyU92U5BzD8LyxWxNlXlIQJtIECnInAFgLI6CGMcIUdGMenp6fHx6VAHTM1T0dn3ivk2K08Wv1ys9rzNmzDJRiLibQGKP42ssFAjuUz2dlRHBZ5IpTAWISmaZaqGcosqM/jN7RBY9dKcZRftNFtydOhY6d6mEF3tOxQH/kY9effzu/RuKAkRl7iGKBEhdyuF0ykILptWh6FUKUDXQA51QwXJaMzL3jEwbSpZmLK5qj9cnAOhIexVVG0bemHMwBNpdQAA4/ZWpVNVwDwr62eZmBlRkRs1m5VnZxhmDtpQZYyx3L15stycRsP1j3/fnCif2ItFLQP+qHFpfNl09sx8A6DHlH1uVKMZHyrIuBOBFIYqZUwIRSem1AtKqORE1MtDEYiLIN/RkWpkVvbyqKlmUvo6O1yCiYJKR19s19+B0WgyeJg4NVFUiFcbrsaoMpqZv3rzpkTqTUFpFqOn5fB+VlT2PViOCmkn3dX8ETFMQk4giehWTkAT3MeaTNCDWLpzG5oVJzcwiV1ZomYzV2eRIepwqWv4v84uoZj3ydgV28Nx8U7Oo4+2uoR4MlUVGPZyiraFE5ORYNUytUL1+dCgEm5FkGetPf/bT//DX//dlPQtLUavoMqoOYFVuc6aSmZGp6OwV+vOzUtWVuJV0hjJYZdgSt2MrK0oA6LRmbqFs2/Wf/hd/8Z//2Z//7Kf/L9RM20rHzJL+ZcXmvkMxGViPMhaciazDY6Z0WTyeL/NCefcJClc+aaEIUaco2oGbSamquj61X+sgMNCIbgRDnnGEsvC/UNM8OkNBNx5VKaLmFhHgLp88zsWgo5XI0v3vctQfVhUkDxcmRBA1yYa0YcVa5MB5VeX4c/kCZCA15iygWPQIUe+sA1Hscx7LC3+WCIraX6PzFK1o4tff7V39sxTCoihQMYkqZslJaUT6WETpW3omuo4+RTStAC0VEWPmo5DQocyDS7W6CgPajmhVxoKYu2iHwRE8lFa70IzUMCLv7UJRuG/KGK/+mwhtHAs3t+djkhUBMPcUbdN679f96KAzzlWYo0jSkskbmVnAzNj3m6kng5/YeFC04fOVk4y5Xs7Lsjw9PpqbqBTgw+fct+s2GJOPTOBwETEkJ3uFQStuhFWdnNmpwRK+9r74qPbplYq6KWDHwsQkUI1IIjH7HrQoFyimpM2LpoVWwMmhh0yUCm9S+yEBF7jdnmoW7ZkQXkCTZ5l2pGmqmcoPp3qTLx1WC35/63lRt8yIfb/c37949dH7t29t2MHmoNOUo/z5nuAp12icHrYliIqbR0NlWeiWt8qMCFNG3ogAZubm0hRctXUdSkq6Or1OW8sr9d1334pASqJHw+NJYc24tQlEbKz3d8viMeeyDMlpUjm37fYodkmUIHDQbFBX0f36HoIxTtmxJ1yK9Ij0BccuekEj9v36OG9PYG7mWMSHL4Nfn9IiChaJB2Ecc3M3X1cf61hP47T6sp7O57Esvqw6XNx8rDDdI0XB5oHy8fDw4vuvfvP5z/7aIWojkcfGbCIqbr2fcpZsgRwyaz2f/XJR1XVd3cibRk4mDCISqDIxDq9uBrLVhDw7rEZ8WNelZxVqLI4uUWHumbrZMsxMTssQ1GJ2OZ0Wt8t5uTutrx7ufvIHn3z26evPfvyj+9efvnj96Xq5m1EiNc7Ld++f/v7Lb24xVY2jALfq4yHlwQdhZpXIIWXvzKlnwJBpHcHCdRMdpqJmOsYQLQr86O7JFnAWCzFbPGTeL50qg00aKuddTg5QwLUD/UvqjFkMfOIBplWFMUxU9203MzHWSPV9Ye4mrmoFKAqqgHaDpjbTXQJqOOnQVek6OV75bgwjl8zOFL6/u9w9PNy2G30Ac86xLBm5x1RzBVQkrTjCDh/73Fvh1H/5M2rRF4QISuTlq49QMiPcNTIR/KBTVXUYI3xRUlJuViz9xWGjUlPGn3dK0sFg5/GVAnR4//6br1xssdF7nrVegbNvr50AYV/BM2Bby7IIid8sYT6J2IzY93D37gkWZBRTzyMmryo7tKrsfJXuuFQU20uOL71xGyLxB9IHURF3VbF9TjUxqIgx6Y4F5GA7m1nWfPf+bVWNsc49GpgVURPm8bdOBcyja6oDggqIMF2NVctcWqwYmAbJChODIqsiw1Uyct8movoTbJROmrgQbYXVLFXjJ8BEBpgsw3UMXjFupmOoSCZBvQa5eDmpagbZTOV/GbEfLWGWWYnorPOWSGuyvbuIA3JgQVW5G1R9GUHWujr1roVdzkAzUZecTHbnr8HBtYAypaiYYgjGhR3vbA+MRNmyH2jpxDlA5j5JSEcli0akkAg62lBVWjjeBByzbJP//L9HN1tpZZSbsThY+mkFx2tGvXfsA6LR0SooTLg/SSaB9qqs4QMpmZUR1RA4AYcUZqynQLOify9ujJwceGmiSlSjAkSvIFxvVbUfKSQbUTi4qSBRrppZY1m+ffPtr3/zqzFYaRU8kyAMYC0bOveImf/oD/+R+/Lh3Vu3BVL77aaudw93OTm7ckvpLPKsmpkRyQ+CY6lAiI2q6p/+8T/55rtvmMQk6FJ2NSnp0j3ygS1JKBXxmMHpQRgrXMJ2iGqKUbLAlFqaw3JG0z0CFbX19PJ8uoNgv21HTxM5b4rAxZj0r4IsMf3s08/ef3jXwrCWiFA/rCgwQZ8NbWbK/MWYoa4fffw6Yp5O6+3xJoJtCy5lx3KrAp377Z/84z9N4MOH9+rG/bCKYsoC2n6q/78YUDKD1EEBPEDUltNiPvZ9ujuO0bz/cXdhdgtlGXIk/1SjM/SZH/5PkNlkC0xFzTl9UD/HJsX2MeNgPzocoL8mjiIJwM19jIw+zzhD63PBdfPscshhjiofbUsKnxG0XIYaIUqrMyMzc27tMUWhMgWynJaqKvL7ALnBmKnOSup8/fqVms59t2GcBiq7xZoBHdseLAfjjFyM62LSFL98KYEOX4AqdgxVD6/8bTuwonnsqqDRlmNTk1aXy2kZy3a7qR7NyqpIyZqkNQ56rltdjnOQy6kmYwjAzYsnJH0gdWAb1TBdtm3rmKpoXhR3FaIpYIdmug/6fVXttu2Pj+9N1SAzsilWHiuqPHipQ+DRfFxXxxdZ2CMkcSg3IKL7PnuLoVq3urg3k+ijCMTHws1HIKKagHMjJXEPyqoNpCB6bGkN4YH+lKqZj3VdKmpZ1jFW1Yp9z6h5ex/zpuO+alax/bGAEpHhY7895dzGspIITPa7aYeoSfGz48HIna+2bdu3x+32mBGAig31Yb7YMnws6h3BjqLKNoAEMudesVfsM+bct0mrfcicOfdYl9NYR+iAr4X67d/+P9/87pfCMHiTo6OHZ521MwkQUWOTZyF4fxTExt3D/boMQYkkKua+V4UUkuE/AoGYmwAR0WlXhzfOzBhg72YFZKUPF+gwF4EPl4KrmquhluXkKsvw07qsy1iHPtydHy6nVy/uP3798tPPfnT38JGvlyi9Xrcvv/7u66++s9W2qC3m023vdS4PSVI+E/TAgdKJKvo28j7ZhungLG+x7WKGSinhJfF0vdmwly9e7tuWVUq6nDAwkDNLRNW1R6ZDq9bojwClEHUDeiso/hLCc6s7zrXzIZUSJEJuSekYp59MV3cfUTljShUPzL6JDyq1On0PENlu28PDwz5nbERnjsAQbWkEBLHPdV2ertd925ljj7bwAwIqUlSxrOv//r/+b1/9/rvPv/itjUGU5ogI1OjWra7O4VGTUrfb9dkSQkKSwLIIGhpkqBK98zzg1QDJiipUFk+MfzDe4nnnqKjKcrMK/vDMwnB7DsvhZ3hkNMgYNjt9UIAy84xEdeVBQ51KaEYAzJmVZaMb2TnMqfGoZ2vH85QIM+9Kh2catlUtULNitqkpQ10iMhHsZKD9JioywoxBBZwRDuEGr7jn3CbFgc1xbKM/Q5mILVW8SoqTkGmWJPHmIshCmEUAUbd52wmQaz+ori7ZaRbZ3BWovOZ3gX7Iq/i7ZdRYvaS22+SRZqozdmKi2pN/aWP8TBGQfi/ovUF3neQPZmsA4jYipjDTirGClAsRzwayars+UdZ/PM7PijuYeWXt+5QuTeFMrZXF04bGXDmiOnp4aSy3Gu3S9jgQ4yL/AJRQS4sfWk358HfyuvxAP1D13lpqPh9M6hYiu2RrQHEBEbLnjYExktAj9Uia2yR4kcf3L30GWGWV8MIOAvAEZJseQim0Z7UDZlU2TjDNmf+qJhJ7t5Ret9F5/52Lq/2EaEVUZYi6AFVSmRmJroOEqCxjiRn8e32YD6+s99cPc79xJCCFXJXXp1vMVJV4/pxFMw5zokrMkCOMFKhCqvrM/Zvvv1VVU+e5VlliGIv39l7FZ4Y4qPvwYYlSA3v1CPjxHUs61LmC0rGQkTPMXBqeFhUxsVPOSESgzKwkj4+Ub2ZShcIJo1CPT48QGKz6JuoBvh96MLmt+6aKEvnEejn96Md/cNsqItdllEhEGNNhWINHJTSQlY9PH8jxcXqzvo9IxuMZdFdRt4HkUtaqoJK2C++3vSL5cNoYM2fOfVmGigGlbIA4Qt9RAHQZS4dD9fVSXD3ZXs+xs6QeXryEyO22dXM6hK3yB4cOgMY9ef6GOatmJNc40l58Yb1/6DPGwkODGhrJ5L+lUcZjgy5k98NxeW6YUHVxy0rp4FJIScak2JxDsw8bqwOyuEvp0/Xp3Xdv1tNqPmKGiPHS5dDAm0x6FwINrzyk+vuQEn4LQOYsYZS/cTw5Vt7QbimrQkmV+0gggs0a/LhlxoRAXamfYamJL/7yxcvr9aYmXKcyC4W+Bgi7HZ9PHB/EsepJL4PafWFN3QlaYAM6+VSgESXC5aSt0TGDY66pMZbczYUzU0tuDnsiqjKI3BMWaXt0i7qIR8uyDBZPKhFPUxPvoSG6t1xEs8pc62B4sgqJbvQstHaJp7D2phfzyIhq2Fu5yxGf27ZdVSqxjPPpchbxylvtm2SZ5Hb94OMEdeTO3a+6lUzVR85bbI9ui/gigqhEhhDL5UzC4nEQeGZ+K3Jmzrltj9vtMeaWyZQKHlhDfYzTyXwZ4+S+mC+mrraIuqr5uqoNETP3sZ4vd3en+xfL+X45nd99/+3nP/33+/s3CiTEetjKRpxFYM5rl12bHIU4sNpwET3fPfB4HK4miRkR00AJcFufKIakHkhNjyAj8iNClQWhD1MZY9CGKKjTaZGCAm7mJssYhF/Pi9/fn17cn1++OL98+fDq1cNHH7/66EefPLx65ac7WxZf1uvj09/8p1/+4heff/X1d2/fvvn2m++2242TOSvoW1OnjW9URsywxfi+RQRNcdUq38qY/AigklHLGOtp3Wdk5dPTtbrjlriXQTQro8LEVDUqeoptJouDOYvoC53mR5F7w3JZyTIQdTu/uDAB2XwQLaNsjKfc8DFjFsTcg+AqHSyVmTHcDr1fPYPNrprAZ59+HDGlw22gas+Gxj5ehJ0S2nCgYl2WjOQcipRSDB/jtDxe99/+7tonC5oAACAASURBVDf7th0iBc7YxykKoIjLAAJzy5lqRjq06Xqyvo2ztBgYkJwB6qpaydE4Ufv82Dbcb2obfVQ1q6AVWRw6oRrBnp8mfY8zUgSoeaBKJe5m6hnzEE8jI6VF6IzdEYO2f4zSaDFhzwP7SY7ka6YgmFnOaS27F21ZNqVKyj9BOza0zW7EI37y2R/+1T/7b/7u819Ail0rc48CE/Q7ZNdNECSOWCipSIzVc7YTtJ4To45qmjqgDf51VUXndnV4TkGRMyvCxyD9UsV6k6osVbh5ZZoqXcFcpY6UzAICgNFgFgeeeKyi/PxbLdLRSVBVHezJA1syIYUMBkRGJlc4yncP2oGooByYUNuWenqtAte/Ug4YShSrUFnn+/Pttg2ntf/AHKuovBORjOrEDi5ZhGZVe1wSQYGhkwohRyFac09VQLAsy74HKAahH4zQgGgK20cgkLZMFKhaUUDMSiqLUW+ak31IemSloL9ivv9o3X7MkA6pL+0kYbav9psnOFA9E069GaVQcw+kGmFHq0Sgs6E4IPWo38NKL41SiMYgqSH54e2NWc+Q8L5tf/wnf3a53H///XfLuhBQizn5pphaVWYKt9/1dLrd9shyrriROdONCbxEZjVnnpYl0Jp5HLBUfztC3ZepCCoPxlGk6Gc2Zj5QkJcUG6gRqm7UuztCbLtty/Ciq7bROarc297SOFKmVPnwBnII2nMVEx0Rc4wBVOz7sWD2xgQyitLUj8COTwTtFD4wyH46qRXgVkMpgthYxnCB6P3HP/qf/uf/5ee/+Nvbh0f3XmuObbUg4jZutxvXlIMB767ZGak98VDCAlMjm1YHPweRjF3E1IwuCs5nc87z5fIv/vm/+NWvf0HNJclVDol8ipaxLKvPfS9WgmaJ2cevP75uN1URpwAaGcmE+txmTwa9ejM+pFHfHoCLnGxrdAQssxjkDQAVk0IFRSP8TzhBouEnevnzCCbpZLgC1FytjWRCcEFE5Hy5ANjnVMbERvoyTqfz9XZVscwYy4DqdpsQyaCfaZkzAhkbIwX48hy8DtfBoz9C2A9SyeSrDmkVzYqsVOEzzXMqKpV3AAAzo/lCxX0ZwrCOQ1ocnSfdhecdXAZRtW3f2OoH6axxKsOPcAUC/Hk+n0U0I0QY/mja8qeGMCFiahHBgaOyKIDln4nMqLxcLnvOnq35TDcoQnVyFcqW0UZGTr3JH0euA7Fv/RkcSxJvevoP99tk7lNGLWPdc875ZF2bRx1RicCGqVlQv5ecAlGAuSntwtrN1YcjXH1ximQOrZC2eg3lY5wul/V0N5bLejqXVMydnVw5U1H79sGWe0i7pY6lvqBq4irYb+8L5baAQmQ0S8uyZq66x6IDdxelJInnfsa+bdeneX3c99vt9rTfrrfbFvttbrdtv80557bHtsVMmM2oPWC+iI/SUeM01su8XT//+d+8++q3THcLbkQiR0CFUVqa3cGkphI1RTWiSq1QEanuvg4xzxnrGFqFitz39gQ19lqQPFQhWlGi6saiGeRMM5rRqbm0MayqXE1Qw93Nq2odriKmOoaf1uXu/nxax3kdr17evX798v7h/ny5u394WM93vj6Iu2ipQRf75edf/fznn0Nk37dCxSRH9Jx/xaGkExtLcVpPYnr/4v7d23djDH6BCoWquUA0IeRt1IVcOi9deksJaph6VGSnbJmZRgUPAfEhlDj0jWAcdlRdzKVAJTTBQHMKcui2KDsuhTl/kMaOQasSbDAmkiAFm7jSzZwpBVV04nB8Mbdh49vvv99ut3U9Dfd9z/YpZan0Yavm2RpQiYjsntzqr1ZkRghkm/GLX/1yu15JXXclEz/YQ2RrLTJpguOZyocI0KeWmrHcsYkAtEteVfbIP/rJT27bvt32ZR2HdKEA+Bh58OU5OdAAJT4GICi6IkNEnpFUXgE95RSIJvqwOSc3a9VnrqBQDcoypMjdtm2z4UAdAGLbi4kuJSr2uYz1k48/fdqfMncpUWO94CSlwEpsfoykjOZO7YSqwUwK2GP//v3bbX9SGKna4hvEuSHLzO9O94CwA4SIm6gMd0BseETgGNroq+YCRacK60BoxKqEmKlIHDkTY3FAX756tW/bnNE+tazz6bScTvs2s55nwCLyRmKhkKY+Y9bzwotS1SZwKwtw15i0QKBSdOi+7QKoSFTlDFcdyzr3gBy2U3pae4eN1nJW5WHr176uBQCzYhlppcNihokd1ZWi7pn0BCmkIwEgSmfa6bIW892PZ5gzUssxAJWiyY0Lbe5RUsNVh6tqxCzAVNfTut9uaiqSRUuAFOm1luB1JYdw9iRGwEfSRIePvvCsU7m7cuLZBduAPMzczfeY3F706BRnHSR/yZY/mEtHhaYvdr6ct32nTF+k9kxIEhb+BzxANeJ+fMKHHbv0iJYCsK6+jHVGjEWZPlzQD9cPHz68c7NgHhNtN9bpyfwrIlNdUbXfdgaCx9zNnV9r1UG2ZIkptFRIzqAK7oPiKzeFWnGSZ5UTx+YAUCWg+k6A53wCFdtzN7PIXc0BoDt8ykzddJt75TRRiEaEqoqyw/Kgv7KykkRxHnwfVT5m46yCmHu/fqh6fhPAAElCzkU88nnHKGRLVLj/HWyxQFj8xFNDTCtxfdquj9dA/dEf/ckXv/3822++njnntgnA9KsxTERyphu1H5WgbkNntNHHDn8tCJhnEgtz95KS1ER++tlnT7crD5EZAZSZ+DKq8kef/cEXX/6uStpK21OgKbR4sger0WGMo1KNjNvjlRRfRBLbjTkVcPOSijYut7e15IifEtEO/6FJK1GyLKuabdvNOgZN3AyQue+8CUSE7RRkDdCrHrONj78dEDFTE7OYUwCFmGhBErnPPeifZtOClKg8PLx4//6dDReRmJOmTFbSlDZp1GMfv7+qqhSUqrIWkeXhBA6ZF65qROVNWAtNfgTkyLfbdj5fxmnZtn1xE+m/0WCqsm9bRKCk52+w2pc5vm15ZJ4IMudMb3F99WmC7JI1EaO0V1XNKiMq2azOA1+qPSR6eH9bGggJel7pqstiV9frT34E0evTo4rz4KCRSlX4eYpZ7KxXI4OhrPFq2vfIzpBD5Q+2SFaNZfgY0cZx+uzTxP7yn/75d2/e3Z42G14QVV8vy7ZtFcVVARy/OHG4ZhyC2LZWpLmpNHVbQGSaUTkqKDE3VTNb1MZE+WJmnjUlomJHRJXkvM3tSZe7BkeyYz76MrNhYvvtcd8ezdxtaXM4grHenCqUxVVAZ09Z66kBVXNTFxsQAZW3Ikonu2oKxIb6YutJx2k5353vH5bznV8eTvevxhhf/ebnX/ziP8btKmaRRSiPCwrfNkDUJBIiYFElL0Q1F7GYISp8PGbEft1n5N3lvC4uFTGnZBFt5SKjrk2kgsU9YkInqEDEXAU198lcHZY2uIi5ukJNI2JZ3Ie5yeJmipcPl1cvHk5ud3fL69evXr64v3+4O7+4v9zfj/OdiH7//dvPf/PV0z6/f/f4i7/76utvvn/z9m3DfOi7gOsYmeyCjrG6j+22XW83QZ1Pl55gVGBSEdmxAVQLcvJJY5Ylod2qqh7URGRZFtOhqj4sq1w9G6cT/uOoYwZVLSAiI6YewQYHlFlIzBkKrQJDb00tiyF6YqaZObddzXI2rcFpr6oWX2zotm2VMZalChyLq89QE3hWksdo+QxknJaqHL7Y8Ov1aSZL0PhhYc589fLVsqzX26P5QvkWYdyI7AhCdG4vAV3qztVMDJUlehwEBaFDT5igIjxnSBy0j0+gpqr+tD3t+yaibkbvaUa6O1TmFqAQUUTQJaDimtEpfPxrOW2oqJpt+056IyN9jLGMrGcJkLBdBFnaUchwNxXxMZYxJss3qK2hKC7rdDrx1Bd6ZgVz7nPuAkSUtj6AHTBd5kP814erKRikQhMqhdXIxw/vqJSJrIo8yPAqNIGhKpFz33dRjSxXd9HbdiXYxTwlMw1G7LX7gBHbZm7RBXMirFDNxA/JlbVt+2279ociLNjRzNz3LWYsq8ecauZG3oky6jpkLb6sq5qo6XbbeW6JiptWpLpHhpgty9L9TZEqbWjhHiUi+5xc/9jfxJm5KtW9MnEAa6JQU0TNmK5mqpx/KJdzs7lvUJBIWdf16cMT76/MUPOWkDCDQiCi223ne+TmVWkQFNlycuEFhbKDjFoFw+ly2m8bl8WcJOvIbUgSQRGOV0WVjxQiGP5GAAIzQ6SMCnVYJQCWVQXpLypBKilGf+bW1ExPp/Oce0Ow+axFp9KsYXJqk8YY1PZm5r7vNacIP8x+4VRUGiVoCq+d9ZB67han5UwdVKNUQSUi576PZahIBcx8u11NtILDVzX6rP2O888ZY+HkTdK7MsYYGQUUiIpmH2WdqJF9dClEqvbt6Xx3t67r0+P1kHWQXNG+swQAHyeikgIl7J9z3/7iv/yvTfz92zfregoKwqUEmPt+d//q9Sc/fvf+japDENHlXxlp1CkQgS2ZyQCUAiBqEJiPc3IaM61qGT11nUnHKJ80UsZgn8EBmfS21m7OQ6F+TOiKg00oUayndW63f/tv/o/H9++WIXPb+yfxbzarCEGpWQk1PRyCYUPcXSF7bYFosRqZFGTnKyWyytxefvTq7Zs3ioMXUjrnqyL+7pc/G8tioEvKMmgGteragCpEs94CEc1Zse8+XERyBkUldYRyjGVAMOcco1OWS0QFKurqyCSAXSjKehiONhF39+enp6v7ApBehLlRLplZTvKO+pZ+EQHTRHtZ+HpklEhpw2dNnBa6hliUyAnPI3z48EHd7+8uBeQ+VVvkoM5xlA+Kg3N3u3pgaonKILqmbnyTdTmvBVQ03HZYfmU9LZElzhYFuX94KOT1/RPREDNZl3WbvPy0bzmSdv1Cp0CW4QVNDsr8fLIKlYjeTlQreyTm/5jrjNznPnMqxH2gJ9QDayGreBSDt1KrI7aFcUDURL798Gbfr6bGs7HZ6AID4OWg4TMS0nLg3vy03xE1zUjQSduEGERkzgnUnKmq+76bw21ct+3D9jRjV3Veftu2u2tlVpS5PYMWQFu7nkteOfqqiLlzmMtIdVf6QLXjBLJij8iqrFzPp7vL3VhWycg5c98ZDivQmo+ZoeMMlDB2zEypi+Qa4auaxvVp36+iYr6od7UFVAAttGbu8JIeHoz+0rRfKhOCQGaLraf1dFnPD3f3L9a7+3G52HLy5WzLeTk/qPqb33/1+d/+h+uH7xlPEQISUAVUQoeLeiUULY8Td3OPuRXRguIJ1q8RiU8Vvdzdn07r6i6xI1NRkpNNZOqi0MhAiwdTxZLFBQ2ANbtJPIxrgADrMkx1jFGV7rKeVq08rXZel7vL6cX96XJZX724fPzxR69ePoz1dPfwws8X2KLqT9f46c9/87PffHnb9zITk9tEVu5zVhQyDtmIqsgesxKqiExkDl8ZUjlnRZuCjQsQmS5COaYqqs+rmjA2GwIomUkOWPvcE+I2zL2O/h062KgDCe4hDOsQ2DDRcWwpxINU1enL4znZhFUVgMysEhvDbKg9d6W3p5nkrpqaDTVlLDWXW/oooYJKqBYkYjLgaCzLvs05C9BluJmZO2g6LIHgdLo83D28//DejG3T4Is7qPXivKFNuaqamqMwFouIqjIKZUnkKdhTVFQGy/Fb0SnXom01tbmFq6paZNoYPoyHwGGsE1Nl+peppKBmFkrVGGN3/EZiru5DzY/NvEiEXq/XpuIAiPowYdRSFzyKmd2utxmTV0BfW1U1U80/fvV6n3Hbbjy7TfV228QEpcM96Vk7ysrp7xAVc4uZMae00YqCEiHSIaWZOZYh7X6WmHG+XNZ1od9pn1MKVflwefjDn/zh77/9WlQOJkR0GehtFQf8ldY7fJKRTRa5Sb/PZt5GAsBtiAJZEeGu59Pptt1ENSijH2NZlyrpVmlARIIYTaaY+vCnpyepEm/JEVvwuDUt6wo2GhXaOYpju+lEuFqWZVmXypr79DHG4mQh+mXpbaaohS+hn1mCk1/Pyvr09PTixUcff/Lpu3dvOoKuxN3EMPc0tTnD1JlkL8FAP5VGXyr4EgJmGvvuOgows+z8QIFoSe3bFpmHAgkisu9TwMExm/cWZMLdCyBrRwpaGHaZYWpmTnnLrCDSTBNbGzOk1bmtSWtJEva5Z6RRxMFNm+a8ZrGsU4yy5r43sNigqJq3H4ANeoIfpOIQvpteFdt+W8bIQFaqmpuNZenTxiwj6mAXt1uY2T43UXX3iInjpZaSapco6BnJqH2jWqnmDBA8gY51VUFm1JHt0RHDInOf5nY+n3xZ7h4eIubjh+viI5GqImrZP6Kkc+HbwcB9gDSLiamNL7/++3cf3jAlr6p1KETYZmx77HPbmfN77DxawLKMrkaDgCpN5mR3/Jqa6HqcJAeRyM2iFysR4zCGpiuyfzUi3r1LqAlVbgC0HaIECXhKmGvsM2ZSodvFgZBhHSzJvb/XQoZhwYQRdwUR2bf9cnf5kz/646+//Mp8EZW5zya2IsUpVcrvv/1uGe6q2e2qjawXZD2t+x4M93zeYRRgm1hkCAvAaaAuuCm/eUItLH8CStRy5r7vRl9XwUTcjXFaUlqVcLiPnb9hVFaa6txirP5Hf/jH33z7e1PrMIvIYZ5MLDvyialhQQGSmXH/8PLh/uX79+8grBDh6yXUYkJKxYqV6ORe6HIRGrxo18PcZuTEERhEgXRVxR4ouBrNkYwC63GBXk+VzJ1MblWu6yqic+5Dx3EK9gLOCm53rarr04eY05fRVyzkfD5t+96SHKGQsBU6yQJzteFDgKgUiKmNMSqRwmgxcTl6ChUikgXS5TzIyP25WAmiWEipJtbJe22OAQP1Drq/VZnUHbpYNavYTC4FFyzO4H9yAPIND8hzegafYf4wkmHcgxn3xmCNwFidR1JGmejtNgUiqnMPIIf7vvM/EZompLiWMdJCmTVDHW1Sn3qYsEiZlUACwx0FZEqSjvXL3Yu7uxen9WKilTPmLkjGrIOGzu0xS9RPwlSWKhY9gpliJSVqPlxk7vvcH6XK1IkrNkWIYhpBZaEYG2pSysWFM2mVVlYm1Ex9PK+PUVFQ80VtOa0jIp6eHr/45X9EREL2Lc1VEryCmZkkpjacGBJ9JupD3dDXgmRvgEZzJ/FzNTnfP6jb6XxyEWTmjG1uVXy3JDKY2EgdVycesuQFvdFQbeXudlTIL+sq6m6M5dXzeTH3xf1yWu8upxcvH+7vLqfz6eHF3ctXH43zabnc2XJO+B5ZYu8fn/7d3/z63/xff/P3X3+77ftMXK+3uU2z3mFAuzyvenWu65WpYlGlxt9EbNB+I1mAVhZc3VXHcIhWdRYHXxk1b6UTEJnVfjWIVMw9UA8PL/d5I0w+M4wSUqKA2dliPYOitWOsvCpBIYUcY5X7MJE+0LRB9W3fX3/86eQR1lOxVkLECazg8NMLey0oZTZjGIYyrThy33basFTF3aus296LRSLj/fXD+w9vxlhFWBtyVOx1h5HQH3zMnlJVc04iSOb8cb1I+cF1J5MCVNWcFCgvVIpRDx8SZR8Qke3KUYYeAt7gvdcQIKhn1xYVupk9VSuuTxvT0wriwzPS+EGpmrTSoN20JS9evlhOp6cPj3w/iEH2DZgACfnKx9vTjN1ZV8SrXqDQ2Kf6oKqnKecSda70SrexGfOGQfeTUTYgKIF0b2lWHdiWWcwZNBJAIBg2YsZ1u0V2+jA/OgKWx5Chz3JnFClNV7asiyLqOaoTP2j6eVFDxS6nu/Pp7np7f7BENretUMkqx+5fV2GbiWgm9m0/ndZsaS6tDlpV5ja3GXNWZiXsKGTmL1wppqJukbOqgk04aCRtu916DISYGe0pyeieKkASqPgHpnaIiMzYtttTzRDVzOCJZGN1c4KicWibUSUlMhoTvN2uH7/+7B/95D/7+y8+t+FinX5cBTF5+fLhtgfyQPFFVC1agM2vWfoJVEHBdCiQkZFxd7kUM8ijIqLlC6wRQWblEXJT9nw/ktrqf1sNHtTg2kzx+PM/JFkTHd2sPXMfcLgye+ZQTGVhn3NdVoIXwugFoWUkXMd2u/3oxz/+0z/7089/99vT6UTLCtkMfrl1iM+gjBBi/JhBeYmzprbVgyT06kAgAKjZ5XzKBAPTBZWZLsbEdYGYqJlBSpNVTbIsa+T+4cOHTz775O2btwjiiZMPcPV5DDuArep7WbOJftLRrZmqqMnEVWpuVTKhqtt1W3zllsnJNoINUkVCgFpNNVN1yRpdVTZN7FQRpuZu0LalF0P3iYA+jzwHj9V6qyoBzNqCh8pEUfcNaNHJGVATwsiqNjPqSFlmVQcFy2So+2dVUv8kVfwoef6a+vV2/e7Nd+pm5uQWzC2e6664uoo+b5MozQw3v9yft22PiErYgeSLCK3P/XEffVIdd5IlbQ98xiX46gu/Cnc3Y65qZqV2xR1UbZ/7y1evzPXpwwcfA1xDTF0tIr76+svhg6ND0/SoRJJSULW5tW4sj7S+GfseW2W6KoRKuxBmF5qosI/Ghi+8zlBVkWr+XDKmKlnlwz96+fJ6vaowKNfIbY8j9kRV5z4JcclRgyqm4MKeEOi2b5Vp2rWCXK6eFVnkpASKOhw5ygcdt6drnz3oxakKQp8xwHFh3/espGCArEzv+vxu5LmoRY5vvOyIdeUDgKDFJTvFUJSBxP0WJb9HHtdH2yUjPY7QTJY9aSOmxPU9oyK6jCd7S+Y1XxxgpTkxHcPMjPGjlOzbsA5Hd1P6U023217JuHRku/PkQIlMRJ7L/6r3VaBEVDPC3Mbi2nWABU63IoJaxjLGKNT1dluWBWaAjnE6nx9Op3sOiDMmMiQTOTOmQMyGucTtXVaqn0REUEJ1KZ0VKEJfy/rgy0lEMva53WLufH2OxkqL9m8UJY8HwUtvgKGg5r4MXxb3oWpmLmOor2M9nZbT3G7v37/Rsarimy9+jZKYacPsGAeBYlMw7y1OXBCY2szIOQXSOBivEeW50C45qlnH6Xw5nYeiYu8yYK6CR5qUm8mR71QQd4GgC54IV1eN4dqBHrmuq2qZgNl553VZht+dT2Po3eX00Ucv7+7vHu4v57vTq49f390/mC821nF+uN6267ZB6rvH289/9cXvvvjy7dsP7969n3NvOSmaeuWLoMoqjzqk50iIL4OH/npatttcloVSFE5EDHZkJyX6FO9vqNChYRCYWM8iFH+asOSuskrVfazn05wR+05Gh9Hyz9lr3K5UNSnHVFbcs+5FZmVlmhl87HN3Nai9evX6enva962SXlSg6nbbqB2XTr3j5dL+Nh2j3aJCVECGmtqgYj+rZuSc047kN8bvuI05kxUuky0fB4IgihmlpqYSk4+yqdP2xzOqGu8qLhhUvHT1R0sRChRdHep2Yw46BEYQSgQFH5p1CKukH82YxcSJxpSJl5kdS5FUYe67mXH7ZbybCMZQpnZWFt+RLMzY9rkzCQASPbYPJwa9jCU6JjpRzWR2h65aValZRSTvAkopOgkL87YReVXVTMYFUNtD55JGlhTBu16YTHXfd97snWqKgkhE7HM3tcg4OGCJGZI/NMTVLIGQTT2dVojO241nY9H9Sa61+lvOqo5WhMy5Pd3eobu9O5qAjkoB3IxETvWqz5gtMes4VIMgoN4GVhKMPfzYYYwFCNVBqe8qUEAiqNKMQJVCkNhjP5/WiLhtNwp3pWNuC4D7KPkhZ0lKVSS2EH3Ok6rhYxlDlwWiQ2S47fvOsmFpmLUU4jqu1w/fff97Op7HupxO63W7iigUZnZ9vLGqVlWfYU2UFjuxCGWIjOHJOzhrrHY5nd6+eecsBORUYOLUAWaL43hdKAOtO7udapGOWCmq5vpzVhWKc7te7BliFfQiql1qAyKgVYfKtwIQGxrb5KqZhxpCRJQIocoY47vvvhm+iKqYxJxBa3IbZpqT//GPf6LDPjy+p4IOYBcqMxdQlVAxpXexs4OkR42KmT8UmIpyFj+i0gvViX86NGeKaM589/aNH7H9TQo1/dOKxIgCkvcllSvZOV3sWs0i+QsGyoN7LK9bFSVunnMeaWTiw9zG3CYO1NXNInZfF4FmZEaYj4uZiHAfLekEFxX5B1UOXFY4Q9F8f6R1cRLjd9gWa55tLj7s+MFQM/7bTIRGJ/5/UodTol0kgX6wC6HSXbzoDaFMTGEmttMe15B0taXoCJyHdHSttvLseTjjuWtuDK+UrPrnf/Xfvnn7btse3fszrSwj9En259my00g3+RSyqfQYKI4CclpZUJK5Pz09DR0ksgWWGblTsW1VmhmkY4jBqOjd/SWjU7fUrUMODknJfttcDIK576D6jc2XHbwFCJZ1ZIsuFAQ3VMQYl5EqqMrMmHNWIxMckURVothxJmyPFWmUXUTV7VgI63AvKXURajAf1BbzQSmkdLk2k2ODU7tAVOFjVKtmhEsCjoVA9agd64QEAJJIa3kgLyIcTyeXUDEzEY1OPxFVhWk3d3YQD4fkhqPoDNRnTWK/s4yUEcihwCvhasYVhKcV58jso7sxQ4KpHSNIFq97Amr4WNYVxOd4m6tkxb7N7PRrKStqcF2kZlZ70mlC0mXxsYyMUKiabtu2rsuMMFc13beJ5/dSIVB1MUFUnC6X5bS08ANg4LUM2ELAPlmCW12rDEjFTIjG7bFiip2aha2EqLlRNgGF6oicpTXGRW0AlfsGRM6tKkWdB7iLmynUfnjCVNXMl8WGi3lCUmw9XU739+aLKvbb9fr4tqrO93cvPvnxN3//d49vvqVNdZi1gEeL8D8vjGKqs2lPxp2WYylsxaTm1QEYjbwqALLs/v7l3d1laGXOir1izrkji80mrmbWq39mVYmpsP/YVVkVJcAYIyOo017cVMpNhxsQd3cXk3pxf1mHX05+f3d68eLu1atXojLW5fLwQscCcxurjjFTfv/V73/x653ArgAAIABJREFUd198/+79nvH9m7eiOveddCoohFOIlJsDrUZj+Wgf/REU8t1u+7Is4vr4+H74GD5u+7YuJ+mw9iFmjf8ZzRQ8LVRNxewIH2td+Pv377LqtK4QoZIM1LoQQHTnZAdBP2MiZvachHBggXJ9evqzP/uLP//Tf/bLX/3MxqASSaBv372JmsNWvkfIUtPltECE+IKqg/AyqgpjXZTRkPVszC0VAziBoa04qm4d/EU2m40hbAFDUz3KWR8H4KgQqJjZnEFEkcAfJVOEM9vsJCiUilk3BDVQQhieEhpRywptW17DkPIsK1SRI/1ZVRpT6EOTK6pSS19SqvbRx6+37VaQKsaUQUVfvXq5b3sbP6gsJzOT0gr1Z4WTWmao2/DBVB+OXXwv0IivtOtaCwVj/XkDf1S58FlpIdyMGN5aL1EpFYSAKUbFlk9CGGjdZB1414xW/vRcoVLlw6rKhj6TrFVgVrW6ReR+u9nw4lQUZUOhSvND/149DIMBFYAcsakQ6iT5HBH9FQQ6fYRdeZmZwauJYmZZfOFs3Wh0AYY6pqHexwToZDb+BghuFAczJqIh9clHr2gpvL9/eP/uSZjKQjuAK8CKLtbhVWWZaSoKwaeGG9T68vW/+tf/4y9/+be3p6fMzJjUVcrBmGSVm+YsN+fCH7FXpMCQ2G+7mXcnxOGlE3AQ4q17nPfyQznR5XLa59yuu9s4fAVEeqV1uMUvkHev0jrY3hS+dGpqzgQeUzWG2+bB/FRSNQoRFU3wLAGh9UIJsJyW83q67RtLQsxMofu+U/WZlYgmJ+ceZrZtt2+++nr1dY9MqiLVpEnP1tdxfDidT9t2nTOYW1jZERrcSuiFEGgq5twSMPOM2vcdAh9DVSDCacpMKxPdKkL0S0nr7fskqeK+wLDPUGK4/D2Kaxd1TdGCZY44PaL0uypsAWq+NPsjM53x3LuMg3CS4yABFGpG0AcoZM399pd/9d99/PHHn//mV+pulYaqZQyyBbCuUhdBky+HMbiFU31+0WfRYXmmnlz6qncgnkrtCZHGpFEwVdHWtXMHUO9TWGk8T3ooiCpL7NlkzyEBrCxpZ7mICFqu29+akfMnP9IsYu7dNo8ihFIAUkQT+bsvv5hxY9Z+A97EvNGPgoqMsShV1SjRkhQ9sn7RttJ+3wulpq7aOIGKII4oGt6TvLXpOub0n1KIzG3fciZX3u4Opov1WBMFneeKQkaNYYEUg/vIWWq6b3vOCNQf/OQn277Nbe+dTdpyZuK3IyRbGrVr70c3LFo3Uhz5uFWCjGjxohq/lajg3MBFee7BvaqOKAXlDi/S3SNck92WZczodNEDcuDDxdp2Dsk0n/WD72Zg8n2/HFJglxu4+hYjaPlWl6hoJG9Wno7c3CtRLx5e+Vhutw99IhwHAV+4qpozjTB2dZYefcJ2OMCam1IFEsf4xL2V50sFImZEoODLqCw2eh7v+HG/cepS7c1DrJOOrM9m/h+mSm/bZOzlOA07j2J3ba++wvwEHm8CZMrttvlpQGS73bIKBHUE63o6rXcmhqyae+Xsdr5DyUcGI7cPc39SP6mt1TUOMFNUex8jNxXxsZSkqI+xqi+80mvf575lbIw/Z7KhqpuOviPMYfbcRhn7Prenxw/vnh4/uNtyvrt/+dFy/0oy/+5v/h3nPjNb1zGGzz2YjqocKUQBFdOsyigUFKKuJXqMN3IA3kmwCcxw8fX+4eXd5aw1Y26VkfsWDayK8JApzBmHx5nnT5Ms3pUgoqqVMXxV1HBXk9V8DC/U5Xx2k/v7y2ldzqflclnvHi739y9O58uy+LKefD1XCgi7DtOhX3/99qf/6de//u03+7bFnDOipWJNOlbzAAAEal59y0gRphKpApMzxPR/+Ff/+suvv3r34b2NxYzhnpy4erUWVemGR+mhv8iSdxRZBWvNPNpHARQDRtrrr+6kHVBH55Iqs3eaRmm2RM393eP7v//yc3Nbx0IEv3iNiEUmWVCDluLu4f52u9VMMOpKjZP5RKppzMw9RB0QhZh55TF1QQ/ZiVvfeXzjBOoqJk4veLE3uo9kav5UedU1LkCBiB7z6DHm0nvmwyEqwty35Dz+0Ucvt31z8xcv7m/bPudxdUIk04zBdHHwNqpQ2tY5wFET0ZAMj7aqrFKx4cv95e79h3fPYucqVObj7SqQnCGgt5upIM4sBNC8yD+qAoJ9RuS0ZoT6Im7jWmvACkpfnFelmmWlK2murkBGiThUTFRb7qxah3pHaC9BmlmD4Wo8kNGJr9rKPUh1WCkQPO6ST11VqgsNzUeCJ8E7FZWOzJaqStEjSDx78hI5Pj9R7SSefoljsouzfcYq8tknP963fW47VGckl6s6pA1NXCg1Ks9ppNTXYs6jsQ6ddd7/jSqq2h9SRbr38enp8XY7nVcI5tw5UXHdZe0LniMb6SFse1VJ/4Xlosvl7l/+y//+3//b//Ptd99kkVDF8XxLx/GpQDr7hI8QXzMFRCXmBHMaZuIg0ElNizTCqcMACeaVR263TawfIRJyXJCo+yu2LsjxqYtEBI7LFx0BpVUlLsviM0PVGcbVvGOVmqpYHxpdnKQdtFiowrqukRVzE2G6U80ZNsxcWdfN63tGewWkYLYQTydGPvddCqqsSaXQ2kT0/Yd3sW+LrTEbtaAvyKhMyVKBwrbb01/95X+1jOXbb34/TqcezTmpctZX0J+dM0T19aevb9tWVT6GHMdloURKTccwd6O5mep3fhFmDogx2DdDiBt21w2g9AVb+xgrGzRgX2q74HjB8RmECWbEnHM5ndZlzDmz0tzc1t998Zsvv/7dsi7ubqKrmgI551QpU49Miuqkcd0SkJs74EYBGQOwRbdXnmQlCokUoHI2EHT8axq3aaEfnZcic04RUbZkcH7E85tcBzylAOpY0kFWlTFN9f9R9WbNkmTHmZh/7n4iMvPeWhoLQRDkEMAYOZCBY0aa3sZGfNNfl9k8aEaUbChppCEIoLGjl6q6S2bEcXc9fB7ZEB5IGlHddW9mxDnu31oiFPboAbRC7vEybRtT5dxz17oVv+BRlQ4tyv6OQ+1OkLOyjj6UqOiZwhRSpjaWlWEvvfoozDQjMsQcBenML3Ni+UeWTkmVuyu0UCWZFVJqapE97IOdiCXUUsMMAnW9Xm/LaYVqSRp0Rv7H//CPf/zjF9vtytoUMK0I9fL0ckSYo5XNmQph6GQ1udn8X+QExFSzaKKyue3uVkm3Df18VO1IHZq4EsksM35DSpczDt83b1CpA6UU8Psj+M3AUJhKpdjBiKLo2eBjQr9UD9jH5EJiV3ocUgiU958IeTd11MGOZe9ajLXHbb/O/cpSJ87/PDc7h6GOekKIsEkRJUfADu9IOr25etTs9AY0cZQAa5BLwYGsMnJuk6GlvJCI9pkZAN4TZBjcaEWRQ0UgUsgI1mUwing9LS8vLyg1Km0UUOa/I9kWDFURH2tm3W4b1YFwNR/up8vlcVnPgMTcK6fErJx6aJW5R1SVuaNmXp9FYGMt0LlrZtqPpxtKK6okkd3OBqj5Yj7GcoYNKc3KzBmxSzDF4WXOLeO2315jv+a81vaasWWkrafl/Pbx/XfefvYtMbucH377r//t+uGLlhlIZcwqiQw1k2OnKwGcGVllvRSwhyHVrIJbGQ/OBq3hKgpfzw9v3p5Pq1RIBCpinyRbhWo2CG8p1c6RIhQUGcN7MYY2JWw2qmosw0zMdCyLQdZlheTD+Xw+L+d1PV0uy7o8PF7Ol0czG2PxZZgNUd9u+9Pr9fW67xV75R++fE6IqkRUzl6nK1LNIFqFQhKW6Rp5sl7H7ADo6ktUpY4/fPl7gm0xg7++EPVmmVzxrkSTJQBDp2FGt0dV0Q0VkNN62ufuw1sPQ1qNTcMCVYarhLkTohUupoxpTnpXZe4b1Ld9V3WoZrRL14yvvZqPmDkzKlNbKcEXAgxBZAYT7D6mO8Etgagaezl6r6+EaqOMTCdzq6ic0foiVakOvQCYqSVVxagTQDKLOImqcpKekY0lR82ZrhIzzfUv//L7X375ITLdNDNmzjkPf7BAMlUtZzD+5QBWODfcAeCSb2499LrVV41F5MvLJykxZXu2SSbz9ZdlhbB+gYc0MqdAxzKYP2iGUhlYg3LhSjNkZYbA0VB0C2LJNte33333z//8B7//42+FPwnlktGA7z/89O+//vDpenvJrHutU0eY3KFCKsImA6O6yk0Ouw9VNzmTWhQ1NbOY4T7YF+DDM5g3r2QGjj6mpDBEgVIRoKrlGiUJiLpRFuJjZAb/ZgUoaiYE1oZ+oCJfX58zQ80iQwU0ameWqmcbTbqMQe8rWWQlnSGMt6adQ2AQ+n2zmMuJXiZ5nMrwMfe47Zv0tM3t5viy+RASmBTmQVL30tSUm83t9p/+0/9ye/nk0KwovhKkbqg4Ul7lAS2KFaVCVKUQGetpMScZ1aXa/CE7hz0Fyg64o18IRWsxvUR98UubQ4k7tQKkJewOboltAq7jAdY548++851/+6Mf/uLzX0oH+sl6Xg2Ye5qryJ/mepCR4tVcUipZt9vN3AgBr6clI3z4w+Pldt2gdHwR5+bHepQ2ZFWKDzfziOC/gfgJUMOMCEJEsMXa1WJO1gALoAb3IcDMvOX8+OlrdzfRiIg9+f0Ruzydz1IxhsdsRdm2bUitrMqpRTWmQHXfNgIsES1R7l9TpKQIQgkkZvpiVaUq6t1JH3zj6OuQBKgbAyksRpdWj6O0mRNmtYiIyfJvZTyQq3EujwxbTueIvdT+5m9/+uHT15UBOFQ4vkOFT/zxpBadBMQ45RjXK2vG/P6f/0CybtuN2BFH2OKrz63hrqUvsOpepEzV3UjeqWKP2aRhI1M4xvXeVBvVpgJUaWdF9RR4NENRTMKxte2hNWdQm8atTGCSjBNrggOiHa92oGQcbKRkRpjx/y4KhfljZNayjMigMihnCuzYM4v+aW7JdaTlHQ5kchHx5s37y+Xx+voCU6DUmdGj94+Kv+G+72QJeVfMPUzNoL/41S/nduXZLYoxXE2r9w3PObOKfoWIJpTJBBFmTuZeodg3LpHu6u6qSAktgyt/l6ysLLcBkZQirDhzd3dV3We0y57ZtG53D4oc7zZ1oyI0j+Jer4YeuQuN5fc0x4SvGTOYYMAPo3AgFlXEWigRIh/agk1Oszrn7MMoixHl/P57i8k0agxQOUMo4MbRQkCQTxICc82UdT1dHi9Pz5+GL3LH6SBQUC2i2ixTiSiM0i/6ONnRSfNrQ4lsQlGf+2yVA32LgjyKvXqp5+YdmZFaquh2MB5mzcodiWNMI1WFpPiyCIRFImNZz5c3PoYgUSHIiokKFCpnzKDhW1UwFOoCqe1TzBv8DB+S3fPC3aloqxUx95Ii+ZMRgJgPgcLMfBnreV0vy3LxZXVffJzV17GcfJyW9XGsl3F66+c3p8ub5eFxrOuyLr5eXj5++Nl//V/5nqlqZWZERUJtWZY5owA+jT27cBvkC2sKVXMXBeNHO9SUn6Z5iRT0fHp4fDg7UBk5Z+zbAQQE4YzMopqfmZjHPCbDTQUzws04cHOgXMcgUummqno+jeG6LmMZvi7j7bu3Nvx0Op3P67ouasaAAV9ONpbbFj///Iu97OnTx59//rsPH18/Pd0ARCZRURp/KXOkAqfj1ajaL6LhCqb4iY7hv/rl59KlDl2e2mu5qjJhrQmwZt8FyOpl5sjHUhGJjM/efef73/vB77/4nfsQVVdPgQrcHdR+sUJeoNB9DzWFmplXVCbUPCgNByIiUswHRCOp8z8UjAqokcUZPoAjGZNSuxBpELY6kkabtTu2oL44QdkvI6dAnwxf/CZpE5ESlWVqkXns6lDDob81YaMWUYSDrJeiYRr0C4rh/HDJmZ+enpkUwFaAuaeq8tpGsbeEKccFtX2fPUUJhK9Ppgja1CaAaps9YGYuolmBA4ZTO0IvjHbeLsddl7HfNqHLqC2OEJHKNLH/8A//8Ze//mVKdIITVwVOfoWcURCoVJTbuM7rh09ftL5A+l/CS18UX378aru9cmQ8XS7v3r3/9PSJdwGjPymq4W3B/oekM1y1MtSwz85WoqGietoVX621bUdPS2SKpHk/iuYuopIAmxsKFcHjzzj6Z0UUVE/nE0lSDh0xmdyCzC5eMLVizYDg4O3hC5s0gqHb1SjgXfxNLDNNlWUIDdIdS2pyDaL7otHDIkt8XCjf1Ho2I1whUq7G+ODGVUmXVD8N1V64lML29JIRlHwQLkPxtgK7zzIrM4YxFy6ICnBQuTycMytmZKS6lnSNPBG1KroNuUyl8EarBNWoWRyjq+iY5K8J3pVZYTZu+3UsY485bMmOkeIoVeu6fv3pw69+++vTsg5fqlKkqA/PzIpS9YhoDS4aenYz1T4KqBngKBiRlZoxt20XjnYE78c4xr2eVznKLetyuVxuc0oSwjOAtQDIypAslYyCOm8THVqKOZN6odxj8fH6+hIzjGmUgso0J5i7EzjOlNsL8xJqu21uQxVzzuGubhudMCXmC75xNRgTY3lUMb6FkyVUzNRczW2/7mCzJ5ruKS6fsD6UTDvFsqFSPXZwY2gSSTMxZSpGZqQkgBmZWabjpEBUPLx5//zy1JzQ3XzmB94ZBVeBIUtI+bWSj/drZWXkfLk+u42KyCwtIXZ/33jJD/I2pfaLI3ElCcj67LPvXm9XGExNoiV9jBCBiKnysdLjdZLDcJTkr+uYl3DgEiVQdWPBSEFEjeCzkpr5y+//YJsxZwtjqoNpUxVmg0OsdD283Gl3My/I3PcS4bArNHGqrqcxJ6v1mH6oQo3FrCbSU0QLQsJC99j3/cavj+RAZWsuD2EGYcnKKqLXUqWwijAo4zj2fY8Ihq/XlO12O/g68UPnSr4lImKby2UFbF1X7p29iaaowodeb9t3/uy727bftn24g0rkAkzo3osIDsik0uaePeVTYx1h5jMzJ1Oxj9QDSMvq+I0mvYxinJqbu5UjuEk0UZKsV1MyiXedVvYRWMc73ycZkBI5IyOXsZh58zeZPTeTuOC/04wNGeZE5ujr0ndv30fmvm18wilcycht3krK1fu8drVhKuZjyWCJsmTHpiojvSoTKqd13W47v0oKm+a+myodbBEhh4bYzeecvria8wLj1lRVHQVY/YJ2TCCO2aAEJWqYEeu6RBC061QLqK2ny3I6+RHTk/M2942xDsUOb8hBE0GqohKqElttzwpRXQRMjeCPLVTBEQHMZIksrFtCC2Qm5BCHKsycEyRg7o6x8EZRW3xdxljVR5W62//zf/znub1GqUK5nrfVibHEvMzVWmSmRwSrK5UhhPGqwHUuGstnwCI4X14eH83svA5I5dwyAlWFPPoAqkWOlfxnkcehzKAz1jt0okBCcRoDSGQt7qvpOtyHLu6Pby5j+MPbt+vp5G7rui6rq2KsQwpZGOtS0P/+s9/90z//61cfn9bzqUQ/Pr0KbbxAb+aiAvgY58v7WSVVpkNoYm0btDLVUKCZ5e5RIgVzZ1FjK+KkpZIC9EepjE4w+jSXsZh7SWdHLutyvV3/8OUfT+vJ4DNCstSdP9fttr/57N13vv3t5+fnt28fRbDtO6/tpopVx7pEJqVuvrjbcO+E+fPlzLx/mGbHbZkAMWcWfHE+OupWImomktHQpjBVpe49ZSIgVam9GbU2SVAdlUa5shbwox/9+6enj1KpZsLoOgUUvHeKICJaBDS3nZsvKaYUyUhzi+g/lplmHu1C6AsoZpq2vL5au9OPmKtK1VjXyGNzTgavMdGSUlsqQKwysnOThbRJRB7rGfYteM2dTksxaEP1dt0gYuYd66Tyi99+LpYKm/vUHk+7gIkgnRpPSGqyM2e4OfdHms0YswrV/bYpBRyQbd8iZ6Us5hkpKuZ6fONBWoqJHjGjOSpaKkskgQL/GDnkzNqvE4KqiIg7F6pisUdKqVtFHLwRMlKgStIhUyCuts8w0zkjJoM0irk9XD+gNlY+25GVat6K3Gz2OGYc3d7GL87dUYiYqkYvHL+FOedxnTErQo4NgfciKnNZl+Hrvm2ZJdpMqTTCJbzKOhIqUjKXZVHr0gAVqBnT68yGVEokP0JRZOxVQqc+ID3hCWUIwvT9v/je956ur0dygF5ft7nvyzLmzLF4R8ZlECnlaJFB9rGfYWK+jSRXKcDqGwgym6KnB7pKovLv/vbfXW/by8tzq3n7RgenTKQMH3vMnKWwiLlvm1nv6plBfoHwYlW5ayXv02YgTNV9zEihn4c3lFRlsYfYQCCyqotHS2FZcb1eD9OpqELVwWjUjLacAhIgXSkiMWfPetkZNSKiguDzN2eVmGpGPrx9/Ot/88Pf//637kPJbUSpGtN3cEA1jQgDBk2piMD91JKWNhPOX9f1dBrbnNtt4zgaM5WyDbsfdYJiCpNQo3vgpyx84GyjkWXQlKjJ1ZV9cIDAqFM4nFFLZbn5V1/8Prd9+HCj+cYZvnDfV471tKTE3JdlcJetSoUOX+bcc8IODXfO0tGKjrbkHzoPEmGuxuckpQArqdt2q4q28xaNTfgGsxcq8wrwflTQDxm5aTUy3bzoiv9sZWXUHVXtQT6TsrPbnPt+Y0WUKoqpNARASiNZTcARhmoEPDxe5tzmPn14J7hUz2beimSWTCmkckbMEGHN+0GVWt8MEACVs1y9DUbChUucgAeUbRkc9Wj8ZU0yxWGcgI8/AAgywseA6r7PyoIiyLdSvIRWMeaMRvUzYUKeXSjUynp+famU1ZeCxAy5y1JESiLb0CaQA/RuUKvDhXCPzaQcUJgGon2so41NHa8AtL/QrQ/EQziUdFvq6LOIMyXPCRRti/yyFdo/fyREmCN+kEfZzJV7leDgo5gAXYKISpQPk5KZUSLsmxzDCOcTQXS1jMjMiMnRWqFzRvK6EpBKUkBUYk515Ewd/u1vffbp0/P7z96a+XW7kbMCY6NETL3otjcVSFa9ffv28nD59Omj60KjAX2u/NE5Dx0kFZ8AQpdSgvWyArrdNjkAHlVfT+exrsvp4stAZe632LeMHcIsOtoL81gwqKCACPtdLfbX3J+qSjBAED0bt1AtNTNY3L80hbuCRAdcKaKWQ55JRtA5oOky1vVyGsupTG1ZfV1+/t/++fbpC4FXBq2QR/B8CZHlMTKF+0ZldYBKi4/1sJvzRlapbJibLtp+ePR8uZwv5zG0IjIi55Qsq3sLNVQ730cV1ac3Gm3qqkvPKjeDwFDr4lJlpov7suiyDHM1tXfv3/qw0/l0eXxYl9H3RO0+fJxWEYvIKLnd9v/zX37zX/7pv//rz3/z4dOnOTMi932il6DqzU+kqvZ9ExG30TSk68F/NXrKsjstteENj1OlaFrt70PLtbuNzaj2ySyYJ6RmCXFFgZaauRRMtUVxSsGkV5UtYz2fPnz4mIVIUdPzef309HJ5c4mI4T4r+HmW6LBlWZaqiD0ri2FQr69XNfo7RWCxh4qpIoodQCWqFRUZPoaaLmNETDRNegAkoiVWoBCCsLsd247Qmy9C8Zh8/fEPWbuCIVptoq3jDxN1IachlLep3s9ZXg5EMERkJuMa82D2jLcRMYAWQELVuxVIzRKc6kwxtu3aM5YKJZcU8d/5cq4hQKmZ+8iMSgEDw4SSdKuU27YRE5gxTd0MmRHRGoDK1NKK6T4OKTtixljdvG1vpm5m1NZzMlAw0ym7dg1E7SAiMwIw9zG3XbmsZJorDDMyZlRvyMWFHYqDfEZkoiqj3MeyLjP2LiaqpMexWPcuZYdZmSF7DZwr/7WCb74WJiKnr0sPsxTfDyfuA7YJQw7EOgtibu6oqE59kTJX3siRIQyMcYu5C6Cm47RIydwnDuQlqxTHhd124YzMsSzLuu5bcM6LYDrFYcoUSIqaresSFQD6CazqLN0M7TGNBJd2n7JCFaJ1QN4C1eV8Mrc5d5IsB3ihKXmb25xTxOidbH2nCmUtUfQ8wNXR/6m7hOsgVKFAUqsksq5LdTwUSmpdbHJByXSFqv3q97+Zcz+PMxR1J/c5QWfYMDXdbhu5E+lgH+byEd5lbwmM1StSlRUZJeJHfBkRzEPwy7YfsuAkTwpSMI7ywdQHukapeObpXqgjOEoUojBKufjloCUb3KO4nGQjuQXJ4AwWEQC2OZ9fnzM2vuyUm5Oz5JVdUhmT5BtEqCLh0MqYpyb5pSB2pEhJ7vMwV4i5g6ADIW+0NMXcwZLCRsGbIeEtYGaSHdalCjUWZ6kkFLTd9m9q0IFDc6M2dsK5QOzziNX5hmMnjhsVxE0ZXk/WpjioGGHCFpaQGqhoaf/x80shqWCpbGeAUHIqdP+CUS15h47RWGOvH3AwUaF/olaNsGi2v2cO4YfASk1wnBn0EBRE4ft2Ax8CFO8htAbFSqoqmjdnLKOoCNyO5jYBgVvzJkGgmpNIvNReTCARCJeHY1sBOQr6X5WvNTE5ldaEZVlzynVwMQfbVUcYnGJmUiahRmCXn59kRkauyzjkAfSQmBloOSL0x7hUJpsoNCOhUpIKo80rYo9Z3W/b/1ifwgdjjRabqg5zWhoISkRGp/dIlZSW7HN/uLx5eX2pCCoRAXTIPD9zfsGdEiQKUVNJZYEoMUJuFXxnCNiLVFR8I2aQJPTIEFHOBz1DKzJDCsqrhQBhhjnnJ8mZUlRXd5xF9SsJ09YQSXH7VtqbSEkrl1Q+usLvh9U5LiUvL88ROcZQ1JzhNkjqZQWjM6unf0ilqr3eXl6uz4ufIBI8K0kfq9TMMYx3ZGW5dz2AWW8Vp9MiKZViw2Aq0LEs54eH4eN0vphpRUhE5uQOlcenxIecvzQOOKHjdrgOzFfZnysDMJgXoI5+HqHHBCpKplhEWjoLrmecyk3N3SE6ltWWZawPvp50PV0ub8zr85/93y9f/iELc9/dWfECBXNXFWZZmZEIRnhNmgH4HLZTlgJ5syM7KYOcAAAgAElEQVT+k2MSS5pa1+BmfJ+WdaESHDErJlEYEt/82RkdTVwXRFOF+INC0ZybwNyHKyBjGYAs67IsYxkjYn/z7u3j4xs3e3i8LOvibufzQq+U+bCxiJgtC8yetvz5r/74+z9+9XrdIkj4tJSrxWDQapH0gI4CDzWKV/TY65nihU741bbWcJ4jCt4eX6EDh96yFi2g2IpWyxh85aEWkkVJALIAXwdvXaiczpfbtn348HGMoeq3Pcbib9+92/f6N3/9F6/P10OYBunQG+YP1pxz+JqiewSAFIkjUG5ZXdW4CUtB1WuGL4u6uhkKM+dYTwJnLm0nEZlC1Nz7oqeTA3o/MnhJZcrwISGmA9rrELEtPh/ScnZGG1UFNQPstYaIwLj1ipm9+eztjEnU5FCKKAB3FUXMnhsAQJEoNZ8z3r1995O/+dtf/+ZX2r05nJIbMjGYL6svY8YEWDhKwELkzvX0olLGIlQttSE8Tw3q4B8kQ5IilVIqw10P19Px8cDMON4JMGcu6ygmX4nUZES9EFDkK1wcwQ9XGKgRUYE07UYwzozlG8HEDV6qJRBq8VVFRd3Op9P19cqvG6oZJIShRnqfVUed9tHQeM/GfDjb4kTXF0+MXg+IX0CrKkTOD49VWRVo8h8iRZRH3alNyCpIzX1/ePP2dDrfrrfhJkTUeeUySuTAxKX1S6zd7fGURXARwd3DFD58zqlAzMw919NJROecHCKFddTa/TucgkB56+xg9ArqbhAE7aLtAdWsxXYsN4VCFakG22+bippbQmjBbm9h1YyAVEao2NBRKjNnM45caJSpXLyHRdAZ2fzAt31bTuvD28u27Tm7u1pKKAeoSJHgncDnkf+KOXcbOtaF97JqS+lin1Bk5rosszIl1NR9VE5u3Hx/CjRPirn96SvNr7klIvfjrSBAVPBT6h1SpfFfqbZX8yfUQRYlJAT9aLWCw4z2QXr2iAE1myfFnXmbu7HkHnVQc1VSGRmS94YTyTI9osnkkMUwPkiqqkyUekiaMCl+zKqSyhljWUp0xuw5hx6upoL9zl2Qx8sDq+BDKT35NnyvAHUoVSWSJhg8oer4f0JRlfQaUm7Q/ylBu++Vx11GWMMClVlqJhLkQWy4uvnw2OP4ZXvF5PddvRvyfzN1J4+1R3J2vI4any8c365CTNUKwUIsbnhMHOOdnRmc6Xlo9/TsKpyi6jhORegNl8PqUJkUQwuVd1UFOTIIUJHjNABcXzcz3AM3FTpo9xYptFf4eLY4SPP4I/eQTQpHk21ENytLzcwHVRNmPqliPA79HuR54kgwr6y4UUmpequUjqVCIH+SWp0Cfphekja0gwh4c7mhgwtkrMtYln0ygpBLvNRRCFDoar0jkp2OH8p3jRA0o51FxFwzazkt79+/f319osDi7bt3EERMNe3RuoospPaSdzBZ0grvou+7Oq362EGa9SHm8aMf/GimXLcX0dYii9Cvq+rWCegd7XWYgvmZHgG4ESlyOMqRaOSpg65IkYMruEBdU9A+SBL9/KlEONnbMFWXKJ5xlbUs6+267dvUbjKGML792OiOxVABVKnBeLWQ+CiRPeJyXt88Pj49fZRuoTLa0o73VyJrzqjIMYZIRU6YQVzdfTmfLmwB2yUmOeXMqAyBDB/aXKW0vsKMPUPMbjNXddcSmbe4fYr9WSpMjYT3PSVDWrJN7pCbJ0zVTd1wtJmZ+lBfbJzUl7EMQ/7h17/4zc//5fb0NENeXq78ClvjGtysDSyrhjFj0Wyc33ybZwjcuAOg/cEq1L0YWIhjZkUZBycZKHw5nRYWaFbMqpCsrFmRUJmR0il/dYxgoO6CtJUCmbG4QxKGdRk4qsFOp9MY/vBwiTkvl9PbN2+RsQ67PKxS87Ku7gZR97GsF4HNGiK6RX3a94+v24enl+s2D8GSZCFFVA3qJQKY21IKCsP4OwtYB2PEMnvGQsv2qgTKAnQa9g3mJSp3l1XjR25m2vYZpQ+yDMnkJcZzq8241yRTkcdAQI0UOsXnHgL58sOnfY91XdV9Xdd9zkP7IGUw87GsY12yxMwiqXqHqQzzOff1fF7X89x39c7t7mtFbdviL/7iR4C9vn4y9SpTa+xQ+7jXPICc415gurArGDairPijoLMn4CoVO0hNlWLAKPVrEjNx8LdZkgw3zkQH9hpEs7KiKrIg6rrPVvhmn1MC0eFLCP749ZdV4WqUw5p5lPAQ3bftdHn84Q//3e9+80sfLofvre+/rGNE45DSIqjq3qVWq94zkaGg1YFCQKJo0honKLBveyPQR3PTvu8o0PlQ1X9dZUoij1yyRiJ7NGhfSjGAdRh/ZiILOJKaS1CZGSyxqgiZMSvT3Mn4ZghX7GrTLQTCwtrWUzLVm6Qy22ZMMzO2SbYiZ+Xcj6FHSqoyIKjKh4c3MI25Q5CRhOv574w9zK2kJHMsLlAznXPbt60FzCIVHDRFWmvNYY+XHhvWEsLGAI2MCEqINQ6ETpSZimaKfe4iElluxj2iOt2VQzagOmMS2zpwQ/TsBBBNteEHIwg3Z6cBRXQZmZXLMsx826e0U58IL3/TMpTCpFDImTvvI/56bQJmtK4KfeBSUlm31+v7z95Vyb7dYkZl1Z5qpnqgh1WRh9lRBALqKjlIKOx220C6/ojTyEwbtgzPWSn1P/9P//jLz389b1f4UFVu1gSAI7Jn0OzH+Hgl7Xg96CBGRPiw4WOfU0pY6K5t8GvGC8dLLcn4miC4LL3FIoXDrEA1q+YWlWlu/Fp5C7iNjJr7TrNnHYCHqh3ZB7wDeXaKwSKr2GkIrWizKP/BcVpOl9P19fXYY3iGiRQuD5dhdr1e2UEJJqocpuGGuY8hopIC+G4ngCAirZkH/o6MWC2pMlvWvkwOmrt1JXwWKaKoVvTKsU6USM7WVaO/DKsqDrjeoDREKjLuYcNazareo0E5NRvv7RaLk3agElzvglXSENWJhXkgrVL3SCsyTr2pdmgpD6B+aGj/h9SRGiQF0erlW1AoN+ONyL8HQCtoAarU4gjf4JpJRHHb95hbo+3a7cE8eYn2VRIHJWZAkTRUkYVIThhw04yMGTwXMisl8Cf/4Zl4OV9Op8u2bf2OFXGjZmMoszH3jE4ySZBkEDOHFKGOGRP31aKf0xARSWluTBr8lbtUSZuVYmTqsMEjifLUjJmHL7WajYJCWWGWIRw9nj99qsrhy+yXuT956SdeGARGsKdvtRLu7Z1MUl0NTVaLD/Xz9eV6ffKuv5VmVBSqGG60UhpY8Nxl3aKWfegPhVYymUczGcqGQq2n1dwy031EhEipmbqqWxUqQu9IoZQwx7AEAh9eLZlgQxBfUD5ZxKLJPxKMPXiuhiE12Yt5SMR4VavhtPrry8vD2zff+85nX339KUoAokdNkzW3ele/wQUmsPXysF4ezudzRcz9lvsUgnOVpnDwlszKQpWakLA2sxYMcCgUlHTks1XavOb1uW7PNW+Sk4+YqKW4co40hge5ucMUGIVhtnQVTEXtTzqfHs+mqk+fXmZEzKDzD0x8AQSWVaBTU0rFycAQ0EqJjCt/JP5PDnCievA+nPiVPUcApONEfM60MU7ryloEqRCpmFGV6E0Q2rEhZYeSqWvAGN8aubqbqgJuII20LPZwuUDivK6SosCbN49AqeTbtxdznTGX4aY21nU5nZf1DF/32/zVb7783/7rz15uc58c+jliKEkVMw9pYXpJBud9UGsrULBUTaiVB/Nku2CERLiysxkqHHPpERvjCDjsha0gWaEwmIsdEAWNj9a4GRMGmpNVqWrxnrkZtSXLWgFzpwxljGXfA1VqfqSky8y8bjdO/0WeutQNnJjW01KFfafXyLthU1WhZuPrpy+26/M6zg16Hkg/41mh1hquQz/KBrSjA0hEJItLQMINClMnHMT5i++dL0PhJWmmlKxw5lYzygzYRgSVfe50K2aJj6HD1C1SDkOeiEBNS2RZl22f83ZT0RldqkUfO1dKVdv21y+/+OMyhhTFNs1i8KCvgjoA46vOq4+RYH2Sand4Q7mQFwFU4AjPFsDKKMAARCX2TZn5qnY6rSUCYwwxl3kRERsmIqeHk1TNLbRnvGKOj0gyD4AbM48stOxBmbAFk8g01SyoOzenfdul+c+6U/YV2Zc/7xvhCUipT8WcBqi5jkNF6ZZ5BEWATT4GobMWqn67Pm23q5srK9jvWYoQSDumOUlVIvdJJjYrM0JK1bVax33n4ZuVVdUqmGEMj8ruUyNOXIlebBWoiAIfb+rz0A42UWlnnAhfojGWzGIzk1DrK6D3Q00rBKIZUUK5edLQYQp1Bd0LJYK6PFwiMvapSqgoK4Kxb2pOwdWU2cEw0ioOek4O4hwNLIq4+VjH6XS6ba9aWlE2rCrX82qmmaD5W5odIv0vEEkGtmjbF80ZwotlLAe2iYiAiiD/5Zf/OtyGL3OfZjhuSZJNLVdrTPYQ5HEqKI60UUTw13V9eHy83V6pJzc19xEZSuS6BDByV0dTrfCAi0w9JvjGDuob/R+n1uL5TP1T5p/92fde2VIHqUwbwxURAZSpocRcSymlkchc1zXBshBN6ZOcoCVLnyhtUQAoTji3uc95M3Nvb48cctb2YIDWeSnlxC7gj8pboCSTxWTaGpCeRxRmvlYdkux+Vslj9C94zCbCC7Y/iuRRSdMIQVVSWHJctHXbdr7S7qPv1KoqMerdlf9i/g+AM1eRnJCOCZeDVmzez0T0zn3wWuOpZz4iJ0Mc+M7VwYlwmKwKwDk+8kClyZYaAeI858t53zaFsfWJOwZLl+R4F5pCzIIIW4DVyJZxabpvLFBt2zUnO15e0h+ntjm69wHVo8o1o+RYqrj8Dx842sIzauYuwNy21vse94OgYMqovspjuz0UDGj7NbIkJNE+CqYgsNpDoMYcARVFJ8L0OQBiaSKmGhFCGPvYOlOqwJJFFwIXd2i6+r+mkoOfc2Xx9VAiO/fKei5s2rgIoATp7woSgwqqu2aLgV+mKZmlzBXh03D89yW1074mlm0nRZagmrsA9LbPrFzc931GZAsT+X60GwE0S8l9mYyszOOH6jVM0MhyVRIdcTNqNkgHqdCNduyWov2Y9T/LKbz4JlCwhALLYEsEgv02ZxfF4Xbdhi0h2Smc3J+rKA8wB2BzSqmOdT1dHnwMg0ll5awMkcoKzjtVkjGrysXETAGhi6vkSM0T6z9XDNI2UzdXdRHB3CSueX2K66fcnmt7yf0V81bzWrFXbBJ7zmvur3n7lNsHzCfcvl6xPa7+/u3DermIr+N0icTXX30YhvZsAAIcvzwXa5UONdJe8Ykc66iSIpYjGMNFHa2dIZorUlXBBEk1d1WNqrGeH85nRUl1L/Kck3HnmeJofx5E3MzMGMIjVXq8V4s7EZ5h7u4Q+DIezmepGsyUrnx8PA3XeduWxc6PZ4c7leLqY71Ae5jZ9vqXX/zx//3Zb7/86mlmzpkVoqY8ovIIyPKxCFRUpUTVKSBkGPPBBRllLU25koJUK7X7Cndslqp0ohPogM2Kh4fHN+/ev7w+mY37f6N2RP4fMq8kjg8Md4O6eSTlpVxRwIC6gKK6NNDHoOUGLdM3hfq60jE8bIAXrKqUzj3nDB+Dm6gAtiwVJZHdpG0DjAY4+DziEzaOCSwP31Tzhn0joBdDg6if1mVdttcdKWJ2gF7H1VYdNuXLsq7nzHmbVzX1MUQws4Za1Hz7/vHhzZuX55dDyiJVte+HMIQ/hFBMClq6WhgBHGwn86qb8yIK17RwL27taGqZF7syjzJBEm6QQ4mrEGMelERklS7LKEjsQXDvvk5UVmbMjL/7yd89P7/ebjeo2uJzxn6b7DCuQyZVlXPPDMmIziyqzjSLyIz0MYrV2VJZ1JHydgaAuYerPZwfP3v/7tPTM5/VowBNWAFGMb5wr2EAohZEghpF0bnv63r5/p//5dcfvlD10+VE0jgzlWgRTfoqAqmInllKSHLuMyrqEB2IlPR1IFQ9FM//hg4P7YQICPwrFNTqEHohXBMpJct6+d53v//lV39EbxSNm0EEkMwG8g6u97gs+LXxl+QHx0JGqdhDmznhfqSqONokqqQHpAY6ORfT7JbFN1ELt+veitMmeYo3VmSylqGLIKFmTAarzLQWFlbrWEX47keEub4+v2zb7A6vrEMqIV09IcKGwRJmPYEyRr52x7PQU7VUZQY9GASWXF1KEDIzIhqSz8rW0YnYaBcfhSlg+V2Hf4AccIlA7XZ7fX56Ipsp1fx/VMw5TW1dh6jtMXPOVuFTE6kYiw9bIiJy4oCJ+RQYYycK9wnEgFnx/lvf2rdt7hvVvCWUushw16ZSOTa3Kflb3/lOZV2vr+ZWEGkBi1bVdrsprA6wGEC2riOrGFBbShEzz4RC2fFMibKbjp8WDp3zjHj77u35cr69Xg+wnPMHADW1lZOmmVKOcfecUW5BaXCXxvBXERFlLJcgOYfxPuGU3ITLHZivyklHkpSCheoMZKx+44n7NhJidyyD/2wr2HGobLRKipVVVTVj+rJczudt38hj4XCsciqOisc3bwTY9xvU6rCQNH0goorYIzPXdb2+XIuHcm+b0EOwJNSQQovJgAwWOJ4dkbtAhX7uRtJ7Bi56Ew/DR48noHKLyPC+bW1iK7ExKExkklIy76Pz+4v9o7w1+PNkTR69oBgrS9TuPbLHrWLCTYVROiKZk2spSXxtH16BVUfQyiId3AlJKVUpKt/+7rev2zViAi6VxNr03m2Jo6haRM3GMlquoOAHHvcrUJBs15JiL5q0VDcUauZqFu07z8woybeP72POPhF6MEU/Pzj25mPt6SM+habrlnHzZTYjm/Y3P/npX//o3/7mN58rtCSgJimVOdznzLmHOTJE3dBDmPLk46ZB9owPQCumeGeqZqWPoaCgTlTUvfXXdTx41A/0s0aGgRFPLCPV1r9qP/yyjCVFXl9ubgyt6yz3qjJnfDX3KLoayxeHmS/DdQx3qr1QUZkZk9lSmTuKDIlE9goCJnaDFhEhNwURd1WVYTYID6PYiWhmw6yiHCHzpnGt7bmunyxebX/GfMH+snoNiYd1OZ/Pp/PD5eHhdHkYp4eX19vzy6u6Xl9vKuIq+7apagYfjB5PeSqpqTCiA6pujE4tFVXvwa3ZPzU0KC5Ho6t0cTrJ8DHW0/lyGsMQUfuWMUnlU3rXD1Lf9ej+L7JDLbLmvGpQDCbnZq7DT6ub2jJggAOPJ3/z9sKSyWUZw3xdbCw+M8FoEYGNdT2tdlq/fNm/+vQKY6KYUWbW9qAmHulWE7PuizkMNMYcTwhErSAiajTX8s9Ih3vqgazSVF1ZSvOUQsxKEceNK/3ROz+7ah7LAANfTzUf42FdZgq6IdgLGiUpoG+G9hTWP8M1k7JKhaq0LAxZyfDRMUZvJuQxVApgHNRxyEIMXHMTklVjdWEylXZOxr5vRg8DjhVAmiYw47EJVc3kY4YIMR8UTfE7b5CcsLx5Vu77Nit/8Fd/ed1vsYeONvsKMDPX5Xx9eVX1fllLmxXx421Us+H8q8WKNIIc7i5ruwvHwiM1nAcoQw74U/XY1CIZEE5wPRbkjnG7n0yQSsbTuTOJmBlHFMdmZMyEWglM/ePzR4XOjDl38My0AUMlwTIxd/chVb4OynKPYVYIwVLGDmTkHOZzlirmnKKH9E81Kl63l6pcbOE1zYA+Xprc0rgm8bLou1SInQCqInm9vRDwnts+Z0gVUFyVVbuHmHOFcUCksQ7CNFlbvK9lhfA14CACHW7raSWzksI0JBM+n4zH7a/kcKiImJsI9rh9/PSVmblqWxMpzu2rVSjGEoFrC0KqpKKDq1qSdDzlhN3GGBGREWwuKxE12/dZEaDLKTNn8bli8p7iqJrG/+/e6AZrFUC6JFtB/zqx3qqKijdv3pxP59vtKlR2qJr5ME9JcilQLMvSyjAFY9BEMfc0MFpURDRrEowhg8nM9Cpx023bYRrRH5KbcXMwZ352qdjM2vadwIJQWN66lbS+jYpEvR3LRWWpHdBfplYqlE0kvYhzjeS6lXG5XCrrtJ5YAC4iw9yH73PyjpuxyT1Y4wC1KaprUK51gjXG+OrLL1C5+srZLrtvTNR0btOIq0Iy+B3rx49fZ811nJRGsn7f2T9bnWCmVDF26ii0IyXnvrNxvJhmK2JGCSAOHlShEtkyP7Y/j3XZ932/bjhcPZ2KAZjaSvsSnRzU52iPa+jM6INw4TrHyE2uRJGxns9jXbbtRuSdW6ar7bKTETP17KJNPQQyLTOBFERTWjjOPbUiVU3NoWBIJTraL7NV/M0dFWDmELlttz+Z+sTYT4ZkTIwtLqo5p+Ab/KPXYvAqMYMkaj2tasgSA2gJrWoNMh0SUIwxMiKybKi5MSiXM4c0RgYeAVRhopcuUA/K77WaWWvyj2kMIuVcbDpFv3PrZsxi16n1Dp2V0GLtKOdL8OhngRUkMy8Pl4eHt08fPoxhlYxa6r/CYJSAuKlIlxUTNzQfC3tGRdlWWC09TBWYWVa+3m4iLappykUczhLKkIKie6kIgvCBaUNmQyxEkrtfmUIHZuVmCnEcN283mLTvGNTl89NNiS6ey36z+1fvU7pK1OBjyJEVWL2ECkM/zOy63f7mb/+HH//wx//0v/9nhk6YGoWSPgbb7HupJOuWdb6cFbpvN2ciu5ArUn4ypMf0uBlNbUb00tzdlzzN6NYykmeZqRColYRCVR0UKxO8EungWCkBI4pRjBPmCO6jSlTSOROLSBVXr+V85j11ebispzUjKmdF1NylhNEkKnBT/o1mZtxLqokzKVRIzgKE4ceiGKaiiJim7mbteBvDTZVlWGbLafExTutpWZZluSzr6XJ+OJ3OY11P58tYTmOcxrouj+/FxtcfPu3X23a7mfXdTBMhtSEcO+VuCFOF8YBUyRJVUesJ0KyjctsD0jQXKFSAQgwEzcci6uM0ljEko/Y9Y1JiSOCLoTfVZcYQOxKuJCOCBhuHLMwNdB+ukrm4nVYHanVdDLnti+vD49ncK+N0XkQhVafzeTgVU2ZjLQzogImfzs8zvvr66fX5KjCYCr3mrQcaTbqyi54bcpaoni4XQPuJIe7FYx2AGaEj66m6MXQVLcDcWEghamZLZkaG2RAh32XmgyH3IuDfqOacU2fET3784x//1Q/+r198bj6gJrAStFaJiiMqrVt2SnzGRFtHp5Btzh/+6Ce+XD58/MrGQs+NNNXep2nHMoJrRpt2zNTcQENzlJpl5nJaLm8esypuMVanHahJKyBDeHe6G3N1hOlk+CbCq6rzAaTBexERd59VZna9bpX8ZMrU1tM5A88vL+tpiRbSSlLVamZDeV/5uviyzm1vRrH6KiGAVklXLbXLQ1X3eS8+0CohHNNWYfajZRul+ixVmCFnQW3SgKdGJMt8zLlFTm1WvwQo1Fi8Spb1JCJff/pg1FFnKdTch7sc3KMAmWlDmacHqW2fJaU2Ksvc2AsEkaz57t378/nx9foMNR9D2J+oStwkYuYMKbWhwkRybRMJY/qS/gWi9iSNj7Usoz/cjKlH91PkVNGQ4AbFiUq6BrT4/oqIKKKtceVqkZNgQcypbiW1b1Ei5hQKFgk36fA6JLtjiSKZtopAObH1wsgtLZIB1dw+q4qGZcuokhARGsPa8xipRzhJ0uoEQGGuIjIjljGOIYkhEKgZJMQjJgHBx8c3arbvuwjYz8NBuO/JqimTa+Udfs2sYAuEJPE27m2AKGzbt5hhPnJOfnTreqqq9bTu2x4z3G3bd5YeipSaBrtcoVLK/i01deUU0RcklVxS9dln7969efj48eOyLDMiZpHyl+PTCoqcVCjQFcXtdhvuqlaR+7ajYMvgrTxJFDAVLUuqVHUMUx+ZFdmygqoioorCMpbn66a5q+SeApHcp0CZ1B5RlJNxrdWjDKMBY8oJFGradBtURRW27/s+53Anel6ZY3Uudigz16xwdwoQTPUIG6VQEXPu7m5tAReDsoqhJKSXGVM1ei1seBxSVaLTc0/yIdWlahyxCZ7Yy9NLSZ1Op6yjfqua3zXRgUPFrIIxTEoiaS1qRZEcZJg2hXlgKZUZOVYXkbntwsyMKqjMmG/ffPb3//5//MUvfkaIil3CJH6gWlEHL8bp5z7XK1/ULpaq3sSyfzOA6VuMgI2jfo/fLqhFErDu8XgAuf2YOZcPTuM8dmGaJZlp7vtt3+c019iiJelSYxlVpXdfr/l6WubMbD2ZUPdWKQZVNgFL74sCxJyAdmCvVGPg/eVJMalA0t15VPF3UTeoUlXcWEK/QmzPSohkxBFT2/pOIuAlCYeUVsbL9fXycLluNx/ODhpiKwrNSFN3G5xN0cytSJWr364bRZnH0yL9DIDVIF24JnetDB2zFYQdoAwVkMjKbaIOdoHe2WPMYjbtoUKifhdSqW7UOOYskVq6PUQg2GOXFEcXsB/zeUklL1GGdrV2h5dHAYLM2ROkQYSZ97Usyy9+8bN//uf/cj6dY9tpaWC0a0lHyFNozdfAjHibDvNSagdJ2hTpQW49lTXc1cY+N5QM99kpZDgEvyWlKmYKIbgiXQAENgPUsRnd3z00AgbrXxM91cDNAQlVH8vMUIwZqYZMiZwz0n2sp9V8JU+RsRuE/oUuZiwpSXOzzvtgfWxSS8yjtstVIMuyQnTfb1BfxqDxcKi7q7mpyHAz1XVZxljcbPgyFnfzMRYdPoafTqv7OpZTqe9iT6+3p6fXD198sb9eb9fXrCJTlylsqoZqshna18z04crMEAG3LTWjkK5KKoSZ6OZciDwj0H5lWhgFCnOvFKi9ebg4BDFr7pVZGVXJSkvpGmyTI3VhMLShu4Ry2BBVKZzWVZHDHZIP5wUF5Hw4mWYMg6JO53Ps23n10+U0981Uhvs4nWG+rOexnlJ8u96++MOHMvvi4+uHp1tEBzBKc1cGEVuGqUZbBB0lo4IAACAASURBVKilVDPl1CqHYYP2Zy71bgY9/NN3iMI0UQqsp3N9827T9moiyCj3pUoLIsYhx9nyxrPAzGysH6/br7/8WgRcJ3CEF2nr9dXMCiKlpQpRgQFafZ8RHLbn6/X15WWxhQmQRSuHtHyp6nj+VXq+ITVhADQ4HIOmM80SUZn7VDHQMdkMEjJUDevDqq4s/lO17bqhbfZyrJqinf6JAykDRA12vV5RcBuZLKiQrIxZ6s69QlXNzd3UdO4TKdQ7zxlZQUKYKEBLzKtQWNeFbV/uvm87TFF6BzaYhS1yV/hCmTh3MCL0bSAbg4KVGX09EEHNWJbT3//kp7/63W+PtFzJSB5n5/My50QiqzKKi1JEZNSRxU2qQSozZw636FRQVEa1/LrVlVCMcXr39v3T0wcpZE60OpkBa0fIvIig5p5mpmX7LU7nQbjLF6ccmeHbVSKSMFQqjpwSA+rAR8x1zni4vP2rH/zw6w9fk1bOuy2QFKvZsoyYAdWOIgrpMYudfGr8xEQqtl3hc99FoK5SklWUTWuJkASGuqqQYEmhl5BcIU9SLWLSuGMoGXm+XE6n03a7qWnOkCo1H2NIVeQUER/O6paIycsLqlStuKHkPikd5g2RktznPvcdPJGouiVvz3uogUgMaoey9QHUKqNUJA+fm0fkbbsq1MeSMZdx2vY9JdZ1xE4RrMyZAK1AuFzOr683PQxS3HeqUrnkS86MLJa1gXHpZvb6+rrtOz3lxNQp2GbmsrRRhViPPTw8CipmAFozzbBeVsavZVQ77OVolIKAbo3iV1Pr+RT7TqyeEKeNYdB12D/+w09nxB++/EBLjSAZV2Om7cntQFHtGatK1SJm0liTCXOu7ykFByN6qu27ipLTw8Pl9LjdXiMC0PPlPLepUNJibawF85WKQvTMUle2TJj5nGFulALGzDl3pj6MZURmzCgm0RnUfDmdiI1yrTDjy0DYUN1NVGKfbIzFIcwy2CJ3sIO6rwpV88EFjoOrMGip/zFVKLIjMn3ftn3uKgZRCCN7RaHX7eXz335uEKCbgzvxU8pMM4t642RqGHTu04YjKW3J5hwO9wjYBZhNqaLzubN/bkG7iosrmWRLwovJKmp25HmT4eNjTOFKpsj/x9S79VqWZWVi37jMufbeJy5ZmVkkBciW22BAQHfLli8t3/rBUvsBqf+BJT/5h1qWWjyB1IiGhhI0BdWVVZmRGZdzzl5rjjH88I11EiFKKoKIOLH3WnOO8V0TycgeFamVPu366nYcR3XYbRtbM9ZxrKriH5hVFcnS+CqYMR1feIIT5T0FnakKPZUMlPWjrzFkVFKzqKpn+6mIRiakmuVB85lup6qVUKn06P6jzz8fc7vfn1juJ1XH89O//eM//uUvv/3w8WP7F7ns5Xr5Zs9XtG9AU7/v+5u3b2zYfb/L2UwpyiMwFUI/XGaykpryVdKd/SlVCjDnqG4M4ybeMaYKURsvi4UWnV40k7BSUcy8UEwdNrXMyBMz42EbySz6xsU5v/AfF5lmRjVmcE3KvNyuKW1+r4LyMy0M821e7893NwZN0nPCjOFqdQHXIIgAmcE+FGLwtNGAPw8KIs6eyJKV6/XbNyWISIHGqaATU1XjD70kbXggrXPofvieTUzr9Pbw/ayCqreQmuHmbdTZj+M3/4t/9pOf/OY//P3fmo3eWqyFT2POeXmY89IeoAqSKahAsX64S6SyKtYR6yAtK4JcyCg1UTdI2XBClQW4dxQYSpxyDgUpeDUd7tMHue85J0Sg6mY+3N3dp41Nx1bj+vi8nh+fn58+Hvc7I6UguiIEJubCPhAV324+LxHB8xwdfs+wIhXTAoFRKRWdGzolCWaGc1ZWtB8UolkwH5fbdZjkWohDURGrWaRiIw+EgRhMNDKVIoJtVenupjrMhotKbcNVsM1hglhx2UwqHh4uBlyuF1U97k9juEmu/TkyxtzMh6qpzXF9uF4mRL//dPeHV6ny8en+fByi2pl6amObfOlLVMpISwqgqsGkJFVRC+pkhdNCS//poxVhpJ2XCMrAFRoGGgPa9W0CMffqvkzSUEYxibpBVHiCuu+RVeXmKTCbre9XM3eycZ2HTVZYtPPy3bsAGDCbTK/juaHKY5jsB1EqPVPpyblxajBRY1hqQatlFiNDIpKJRoWWPXfrvGhqzW1m1trT1EtgOtQNVQIjdtS9z3L6aLteEirm6oDEye8LJJPRgcacECJKwTpYqBTUXqxWxMEJieqLqs/NF/L3fvu//uzt62++/zDcI4IkJEkIFWouuJPw0mYjQ1WJD49KrP5/JeERi45YrSobfo/j63e/Mle3mQ0NCFRr5XHfgQpewaodLHakAiLGaYxgsqLTrYta9ipRxjWmUBVTcLPH+9O77381hyskVnAtY5gPRE7n8QkLU6IZZVMhWIsQbMrJllbmw+31tl3vz4+96qDEtKWhVVXlY0Tm4/3pvj9dL7eCVC03T95sAF1nxHCqao9jjMEqTzetkrGNjEq2g7FMEFDVjOCswkwk4TwlPQvxsqNbgScRQNKwNXbB+ORTEFSa+zrAaZL/8lKYIiNimZibm1mrEFEqEita24GOM+AkJ6Js8RE0oYnikkktAADJyn4nRLQExRjTc6TjM92CTyVaTOmCmuyx3r55sx9rzC0zItb96RkUq56stJo/PTMLqOtTKHYwNSkVRfIpI95IoXEV6HPN8uGiMoav4+gUb9VT8MV3RSLr06dHPoFF0BM1r/PY14v3oydSLvDMNc4Oe4DKqzevK2utg2loIkIt1dNxP6S+/fAYxczSEMDM6YJ4wdle/mqiCLyE3Yyqk1gZmer8RuTczik2KDV7enp6fP40zl7FtSKPQ4eVICPNrEoyMyPNlXK3ddy/+PKLn/z6T371zTdqJlCpEhNidMwaYqmcNDutPpzs7Yq1P92ZsQOVpDqWcaim3Co5AxrntJIsMbEp1YFHEKFXTkwjEyGSJTTK0LPOHbyAbFA3q0yknZ/8hgWlyFVulgEzzzYQiLYmpCKisublsm1zHcGi9nnZAMTqF6BxKqMNIpqHgKpJRqhJdUWXnKFFrbJnyhelNqeCQqytdOAVRdEidfOnyYMINShQK2SuqJUm3mJPEZ6eneMipxPlZGiqF+xSVYYJStIRz5WUQz+Y+YVm6hklCVq6qR2P4xjX7XJ7eHr86GNmP4LS7QYCFVvBuDmqTziMlio+PX7gAUFg1Kf/h7/5q+O4tx8lkidyn6WCZPGC4swMb/Fioq6X2/3pzhI6fpA8cUA5Fvp54GtxWnb5gXMSFuattV2BnYvUbZkpkJHnCyyidhzLzC6Xq6szJpl7DXEsyurkDJXj36VyRmyJdrcf8RaYqql3lIGZZOXcLu7j2Hd149UiQqF9nTxhD9NCK0IVvxUqS9BUSBIfDZ5HTKZudVAK2we92a0sfPnll89Pzy86IjKbLbCuQqWZ/8Hv/+F//vrnZnRGCoCS0m5ZPqOY/gkRl4Uk+q0vS4i6+cfH9+/e/XKMoeKlyZ87Eurj9urt7eFhDI+IWguVElGxWGHGex2ozCL5wEMsMo59JWMNpmeGqphYxIoMM/Mxc0VlDrcCfI6sVGD6MLXpTqmoCcZwtkoxMH/Mbcxtu15lbhhzr/r44aOg9nUAokYc2rk5pCBR5iMyI3YRgWgVGVGOvOxJNVERM1GD6/Xtj16//eLp00cbVqqlxqAcZnCIDpiqeqmOMS5zqqRECALMn67uymxfD1KZ+lccYpjCCFc1k+leFZuLmwowDC5qKts0RN4u2xyuhjefvUaiKrZpilprieoY0y83MU+Y+Zzb/Pj+6S/++h/ffXi+33fqO+REKH2MEjuOUB1u3uSAG6QXLlBqTBWZmqkLB2VVEQOtEGIFhar5KJhA1TZREXVA1YaNIQK1IeYlgJrpMJ8iAqXyymRYb0m9fkBtiLqIihrMVNnLxhHFoOMc37mVuMBUVc0ZpFlaKUrp7ssOAEZjkGNHr3yqKgxoh2QpShmwxyVZRMzG2Y7DqCiulPAxCna/Ly2omJr2xcGXUxVQNwXJohZq8A8laaLkSemNG/Oy1io2Zqr6Zj5mVakMamlM9cXUyiMKTV0Yw3U5L7iNfb//8b/5P/7bf/77/++/+3dmkygV2sTc/6tKjkshJQk1G8NLxIdXppjSz4rgSA36iFqsLIaCKft6CwWaTDjSXG/XPsdLTEpEK5cwC0y0OrkBp9ksBdKZfkJUvi9qVEYmSsaYsTIqta0sWgkYgGJuRet/6dEw9eEr47iH+6hKFRfXQomhRALHOnYp+BhoshhkTlTFxyCGddyfBXqZlx//+De+//67894nEi5rhbke6/jR57/xu7//3/3Dz/6KMEvkvl1fPT0/g7kUduIsQqgMp5JNtNWGSLoUip5gtpIlCrFCVJIzijV1n+eh3aa7tVxNrBEd3uwM6RfIcRxzziMCWdJ6CEGliEClog1mCOkcU5GXGzyF4w0/UQKraWZdgSXyMni09kzk4eGGAtOf+AhR+pgrHm63/+f//r/+vz/5k4ql1Pqbk1HAWY+jlJIlxpiZJDT6m+Wggir+UzlJC1TF6IgVkQLWOjKzEr/z2//V09Nx7Pfhs1owJkZ9BdRNA4n24Or9aS8WH57VLmgbYyElWylN7E6eHj9VwdzXsU6HKszNYN9//xFZJrrohCRV1J5nADAVCNFPmkgIQnggIw77J+qvdaysMFFzWjd7sULWcI9OooFUUmNGikM4lOJMvDFFyXa9vv/4/t3774aYmxWCCxVpKPPBKeU47pk1fUJwHHf6w/jZ88knGc4fUirNVMQhONZRCah0aJaK+bj0YKY9jJE8zAg7awxEzoIjAB0OqxA6dsDD9mRthQe9tKZLQ4ig99TbZEKJimbmfhxkLgu1bVtG5pFM3apz8G0EixHsQz777M3z/V4UFAUya4zR6VolEG0T1Dlz9ayFE1rlcYxTfvXCcjSKzNESIporVK0QIPSdAFJp0UDDW9weSLtHsscA5m6ut4eHo7me+kFIoX03UL6G1s70VEKsAKoPrx5+/MUX7779tolto9YIVZVVZkPb1ipOhF51uK+191DL+aVTLxSBzDj2nUGZQpEJoCrJi/IHiyGBTllr3Z/vctJzfCUqi16f6kXvBBhEkm+7SFG3SwOxZEQTr9mqTGhRxST0tbg7+Vqqa1igEevMsT6/EN6DJgqRtUJVTbUTNl/QHZwEkFpmtGSsaUk5jj1WKoRRpxzH+ecex+LkTb0W7+zkt9Z6JpxR8DackqDiQEbtFhNXx2aZqIS7U//w/v37dcTwQYZE5Zw40CaewPrHr/9xmCuUXo7ewEQEGr008TN2UVV1RuSg0BYLxpuKqgqiUBICVAWYTq5zu94eXo1to95MkYglVZUrkc1kR8dtAWDnS7BJsTB8+BirUkWGa6yICIgMN0nQj+5mYuJjSpWDvBrcnEeSTzdzc51jmJqYXrbNxmZjUx/PiZXy4cOnTx8+RqaYBUdC8qhmZ3CeCdADsbiIdSWmqLgVoxHGIHaropGx1mFmWUI3Eb9LMdUxoSLqDG3Q4bfrzU1yPVcsqejDgXc8pISOCLLc6abUbpppSajKcJPKFx/bHLptplWXbYyhWvn61UVQn/3o7eU6cz+m6thMeMuZ+xjb5cG3C0THHG9/9Gpct5/9/MPX33xaEcee1RF72FdQr9BrvBgxO+ZyiioTftxnzyBmzBJRP3VB5uaDj0v7CnyYzSgJQLV/tVAJqDtlP6au3vIWdQ8m+6mrOgX9lNaRXQFdn9KUu5q5bzT+8jCDqJsXpErMneI4qCllvtmbLUpZ3aDqoqI+UCJiYgYoikiMKkzM1L2axKJqzAQi3vV4PjxFOMuKwHwkJIvYgrI33dzP2jeVc99ouIhcmFJfpCqmbqgYY5RolWSFniGexxGiGpkmLko+k8mDvJzY6kBMVKoqqq6Xy5/9h7/80z//c/cZRzCi1Bjp1qV2lqea3egERdkY+/2o5h1RrCspalQgMB4xl8vMKFE91srMvuVIxyNVRBTHWhVJVuI4ls+NcqWGs0SUKuqEODMHlXAnuiyvOfgeDSHkplSRVfzYQe45E8lQbCJBsiI69I5XdTO8hJggbeLtr7Y696T6TRxeheM4FAIpN7vv948fvoOI0w/D1E7BGKMAE72v50+PH2I9k8xQn//Df/+v//5nfyOVUGqLwMe4JweUiubKiEPPCQFNyrI2RVS0TvU5OXbOSU2Q68vmEP1bpF62DLyI/GDqMq9bRR1r8XJUFcaIDx3VhLfyozER9wEBSE5ytYcQOGeMKcdNjqHilisgfPwEgsvteuxrrZUHEehmeq+X234cf/KnfwqJ4WN/vr+kYPMiIjxE9nsMN2fYXappdhAfI0EIQ1YnXohXlZq+fv1qX4Gz+qME7x8/IWtOP1ZUoTSP2N1VRM0kWtfBGf3lb48CtNNG8CLS5diQVZBWWYvZmHPth7m6e3UICNxdgFXJsYtNShEhJWbWzkMQ8XyZFeS4P//u7/z27//u7/z0b/5mzMuLRp29vMc6wCySKkGZs4AyM5OSK5FaEee8CR+u7mvf6/T3u5mUSomkJPjzlJIAOH0AHZNthqrr5v/rv/yXP/2Hf1B1cpadiHLOTRmhQ4SRuPxb2q9Yr9+8+vzzz9oDYIMmpCpWYgmbmTPzdCVzcpckTMn/aFCD0D/gZkK3Cg8H0RNdP6fxc22VbEcOWsEJAPvz8cOf11+5ni8LXxGNjPv9novdd1oCIlyADB+Llmq0GZaj8w9X+AlP8yUvgRQPaK4MPXJShZGRyqyrCjGxYSQ9OXEq+BUQ0EAheDaBtGAw48Xv950yn8iu46avPNYLS68vAhaeHsia2/b4+Ondt9+/enio1iSISpfdMLBVqoNdzZ0IelatWKaWzTJXt5UB5r5WkN7FDx2xvY4pwWQKYdufVqIK02YSparElILiUVWs+1UIVUFKvqj+6ZsiELx++9Z97PsdzeR3g7IOww+Rl6TUaTnNjDY0q3b3FtWAkcHnhJIeMQkUUEogqjmjrpE21UT1cXg+dK6DjykHITK5L7SFqs7pWWXunMKFTy9ecjgoeysUEsW0nswAaq21XS4kYSobNlzHEhE5GzFPjO308AGECZ1UhdiKbJasY461um1eANHOJFHwZxCoenbvQsvYAIh58M2AmJmPMcalVFV8THefpokVJoVYkYHMiJWRKiiw3ghCUVwmgDmmUbMhooI4VmZBxYcJq6MBcy3UmMNNI9aczgN5zimmVeFu87IBqW6M4BxzszGhY5V9eLwfkTbH/b4fz7u0BKiHhhNjHr3Lc/BVpyzSfKq7mJMLJcHHBuZcUYXbw2tWvFXSWeWgCgUq5gKJKrOxbdfLHIhDKysXpQKZZc2c50uMiUDcjYgJcYcxNkVmxphuKpWpyFeXAeRl6mevruvYb9twM9F6/dlbtZH7Myoul8vldptzcq+DzRI9WH9Z+XE/nsLm9arDI3OtKLcxNoYdmXuJlpTbJOkhciac+lBzORNp1F3Ni5YAN/PBP6HExFzN2XTLZcB8KpgfKlWiOkVdfQDduSidtUFOwlXddJiPF1SvhL5Jqn1cTGV4Y/mFAnxetIkaKaNnXcyc3J610IErBC80b97XXcWqVMQSKmJjTvSPpDZGJUTs5aghA0ZREy9zMVWnCaREqXeyU4SsmWnChD2FeJ1voqmyQI2W9B4Oo0R0XraVWBHuI0tywYbJNKPonPCYGj2dvDHJa3MWEABiFMcP98ha+xJiIgVV9+FF8RlPSmvQnALdE0colEKlALMhJeM6xvDMdLfMpATxh1hBaSqyIzoLa0W3d1eZa/ecJFpaTWEoz0EVNQcvzRNOE3Z3dWG1972vyAycF1yhOAdzrepLQgnTFctXIagIBM1UPG/J4AJAApkBqLuBMjjTy+3iYxz7LvbCRZ9wES9a4kIt1E31IbnuT598jIagpH7+85+hDhVj9ldnAHSpE2kgLS1BmeLsT/2B2Tl/xKJYnMBRx8HxaKapcVhWqmie9Lie3x9ZLhFE1nEc5K/ZBYSk40sB7LEHYGqgj6M3NEQuJrd0eJRKIcYcEaEwRueJSFIwAFChuo51HAeyEgulPsyGV9blsuUqN137QmmsfQx3G2b68Oq2H8lhj0yCdjU7hg8Igve10U8sol6oQhdNF6pofYTux67nXKhq61h5rG3z+/0uirXiD37/j969+44qbroTcYoTVC0z1aj1pH4p+MMICk4Rf4OZdCXEwUlpRORaURmioooj1jpSoTQQRuXlwiQfcJ/Pgih4LLHzQVQe9/u7776/73slKkO7woI17fEyqap5ifqwVj30ntewKTv+gmqTxJhOJwYEcSwzXSytalVwUFieWclSOipQIi/X+Vs//vKnP//PgBDI62mokodMRn7++VeX28Pjpw/nuCN00AEZK0109p6NVoZVM1YNjZsZxwxUsSzhFMucmLf2tsyfOEmlNZ7doNspuOHSwG3ohyOEW6I5s4OFzRHIHlLlBHmBUkiuFNPLdbvvdxOtynUPAA8P18igb5QgKRfjahNPc56qgkC2H1O0Y46IOSH/iTFfuq9OAJgYY4janXIOnbECkm4ToPXTqhuukqyTmQa1EypI9EZUZUMhyIh+EYrMaHFmGjaVRe6L4LSsY7nK9eHGvN3KEChUMlaVHPf7m7dvfcz9/mTqfOd7hDWVczNRxVrLbUCy4gzuZRBYF3+3s7SZPiJqncX3In7CC0kNVOR6ePXGfK79zvksI6kmWhlZK9vpK6Lgl0PqS+lqIpNBLXu1IghUA6M5rcZiBary6nYTtaQ9F22BMHMqda3lhsVGw8alzi2+qwSNIBlFgVx29NT4nPa43gvwosChKVcb+VD3CdYZsI0PApHIqOhYN/4+os5n+QOvrgQ60q7YeKZ67qYwEc5hSZzrFD+ISpcXkgcz4+Mqbm3KBNSc1wpDPDjRrZVQm9tluz7MMZEhGYh17M/FPuDkl0wZG9+XYPuHmUOoa5U8Io4lAhuDBcCFdJ4TIqI6pgtQWd4zlY7hypAWwTYvwoQedVWRMUTn2G5lYz/wy19+syLGNo4jI0rUS4ShPYXG+wHpmdWHqkdC3dWMOaiAUemh7iJaImZ+2R7G3FZkrw0wMSs4YXKoljhO6drtOgUlecR+FHvcK71ph+L0z5hFjhZqUkitdmBXYZiaZkZm1nW7mOll2u06h8JMbg9Xn5vPeX31yg0RkYUxt8vD1dVKTMdWkIi67/W85/un5//4d19//YvvfQxRrCo1Vx9SCsj1dnv1+u0ewUFR1EVczcXdxihYQd0nR3+IqTh6KzARBcxsCsOa1ZlG2sJ9a2JCxxRzn1PdQcm4UoWvor1XcP4mJE5JVqcGtcLFmKCUMBGzMca8Xh8edu5UYlCvBvVbO8SNRYStBQYo6+SEscsQNVPxTIo9ucIMMXb8mZqY9Dv0wh9KGQovy2dr9kSrDUVaWTaGGPUvxudH1AllEzErasxE3UZloSOzcd93G27uzNCzMWyb6zgABSyhjA+us3xYIDa8o+BEq2QMF5GSoqlp+Ni2DaLHWtyOmOGqY1ZKFC8XzapYwQpknAYeIRw+zIftR6Npa3H6MekkNTEVMSGexzRhUY1IhkzY9Dgy9mX9S03AUyBGEAedyED9qRxx/M4/+93Hp+fjuKtaMTXSEMhYx7bNDMZ1tBWMGCmBxf6KeIoyyJPribQ1W7sHjMhbneRcIbHi2PfnRpuIrlk/Fes4I1aSf4gYo4pE1EdEZmK4SSBjmRiHS07toBGFbtRWrta8XJBSEiq9egloUOIo1vsHTpxIgA6Nh4gpvbMvQwj69/FkFzmzjnx4RJpZRph6ZJJIiYwf//irVw+vPnx4N8ZoCVXinPhbVaJq9+f7dt1+/de++vbdO1IElVWZWXD322X79PSsU37rq6++ffdubqOEGxIqiuWhax1ZsW0zIrUEKvenVYrb7fr46ak72sDDnqKvEtN1hLQ3ojURjR6i1V4cgiMqc2m3AYrQLihiw0jZiygEj0+PnO6oYeupI0UUBOnV1N1zNQamImoc92mnTFPvdBYUABpGkD/IBXpAEhnuAo0VUPnxV7/26fnTsT+TsexZhRN1VWYOH/t+f3r8dNuuLL2oTEBP0goNXUGOFXGsOmEFICmxcRtgc4VIJBekYphsJr2c8OEUIElrQohlW+YSLS0VVFS52vOx//V/+tl1u5giolSMAwa1WtyXHp8+Pj59zzc5q0vk1XQdx3EcpjZ70mFOA160KFUdLwNnGhY3Yn7mQFSdLq1zqyAjZj2RtAenNXOAiJtRXUFCkIC6vqB801HJBLQXyREHR65/dGSpqpr9+IsvPn16aqmTGqSejz2PUHHRar4IaFEFTZ+quYJPWMcDdCrAeXwSGz6/hhJBpk9DQbipSYPbWSkoUwXvTbEj1uvXb+7HbiKZUVRBSTOYLJAyE4jmWlm1bdcxxnpe7D2g2ljVIlLPQ+7YD37xnENEVVSP+x2q3YHLjGxth+5nn33+8cN7cxdGAWSqakRlpJjkSlXdtotPpwdDRDqRinp3MiUiQEVPmoro/EmgUyEqT89Fr5OSmevYW06F5gBMdO1MgWAYHxS0oHDdKBVLRDKMyVQq5dTZoP2u/QKYGOn6/fn59urtvg4eHIYO3O1oCGoUmSulTq4crTU1RgXzKWVHr7Dmhq+5j4PwNn94O7kD7VuKLL9oH3AvgbQU5qoZQy3E4KpyClh5NFD/iKItsIVyPPjOHw+8nIId2aZtJYcqGP/SYi3CC2hM7vQScFOXFs65Om+YTASKY9ftdlPRjENy1VqIJeflyr2O/6jIyJaHOcVUbhJ5rDigMsYwH9T9uWk176em5mrIbIcRWvRvPkA9tLv5TNRw0+k+p/kM8Rrz+ajn5+Pjhw9PT88VtbIywVelVFSNFZcQ3nPkKwAAIABJREFUhVhmWwBtzNvD2xQ9jmXmrWaxoWoCMzeRKWL7cXDFMm+YHCeE2sp4N1OLquv1ct0Ma1UcuZZ2nDH6uQdjr4LGg6oYRvjf2XciUj5kqGhhZbjJ9TKk8tXNbw9XiM/L9fZwG9so88v1lZntz4+JcHcdo1JFHT7H5Qqz7z89p+hS//qbj99++z5XFoxtST6H2lC3aH57imipQh1qUDM98X5RmFNxDlHAoG7qaqPNmGY+L+pWIu5m3q1b1H+LuqpFloozcQhG362VmECZQUTwR8SZFiruPYv9MLgbStSG2tjXEZUnY+4QVTFzN2lPfHLyhglMzaFWrWTyKlV3iBYbPFL4va89bAwR0VPw0/FArqQbC0JTBHViBSXgTYcA/UJ5CjGSwcfCa9zAeFCIu0dGZFDTNOdGE7O6qw2+iWNsz/fd2c9QHPSTtl9VMxe+ttnZgTRRCAUEVYhFMtXWiiPS3I44nu/36+UagUJmghXEKHBnM9NEiVlVMhLA1EpwrGVsOudBZxxJ1YwZPgUBEU3QdNusq1UWoiqSAZgoqGnxkFZFCpW5DcxRMl+E5/P5/sx7Sxq/q9/46if/2//0v//V3/61sFJYuTujr2RAC2KnxLSbgOtMtsMLjovqZJGqMubLcadSJTrJyMJGa4jDZ6law+8nbIzTBmqmJmZqdf51YmZQsx5UCEWxsEhEVqwvf/xfXh9ev3//DQ/tOjFdpbbglAcR+slGVXB+IHIc4WNUBk47GLouDYVcEYCogV0rEcuGHceh5uoikMwoif24V0K5rnDiNx0+VgbITgDuc8X+/Yf3Q12s064ggixxu90u93396LPXP3rz+lfffOe+sbuNYDnNHlWpZitLIfzBeL/sz/cKNEbLRS2lhwQktfLURDCfPjvlhnNCKUCsxEzrrCYwEVFJYp/ROh+6YqwHrSqkSiO6/TGjg9fXsXj5ZmW25ZhMnYgKssQgYkA17U8JsogY4xNYlNGTlQAfP31fmXNsAIOIwU8n2ajXSC3Mm5VVd3oSha8lCoCKq8qKJSbDBqrEyGGRFcKq+uyzN4/3Zzfr/LGStVZ7GqS1EkxFBzUHoHqsTIa5Jupy2dbKbc4Szar7vnNydzXWSRVnVLFzGNZz89GTwCpTMbHRLtqzMRM9ZPeMUlHc9Xjfnx54VepETQDJKJEa2zgOJqES86QYpeifQRZDB1En6k/sm0ObVOf2SHNMfJiKBQAQvqTSQHm9//ARELfOAuosKiWOnXq+pXy224dUSR9JVpz6z87qqUqIuvu8zLVW1fncQsy02K73gvtLvTzHETnnyChR+cM//KNf/uqXGUtEEzXH5MqgpVXF1p4M9kNqVbGaMTNtWKwQsa4MdI1IVreoaZ7B5CiJWPTrWwuCtIDKVNFjHR8/vDd1UgeS0GEU0hTK3Tm7q9m+7yLd4iEo1c5aRLNAxe6F4cPVMstURKxF/BXNjXfLvYh4RhbhUpXTEtFhPr1vShEZ1aFKtMmUwrivfvxrz8c9YmV1qOWJhpM5bsKEvOnt4SZmHz996DFdnHs/RyFyZCo6t5uZ02asjB2srMIYw90q4NNzZSRFaxpHrVoKzazBvh5VigNfTnAqHbVfHqFmgPVJSlhbVVXXegbCxG14JrcbcTNzj+zgzx4pceJBjJLoxw1nigB9IwLmSnCZPbOU8zQKVB8ZRlUMiZ4Ard6j1OblNrcH3+bcpppWFHJVrEKIdNOvAKrurg3BmI85iJIO18rIDDObc84xI7OqpnlVRNY21M0i1jDn6khzypgXpgKZeVUOpr5kzG2zMcTc5kXHDPWPz8d9D6g+P92PSFY4FfH+DmhTqJaYiBXEx5CSQBXyiNwuFx/bkWG++RxSBtHr7Y3ayAwZ3Q6WHeIyqJg3G0VkUZ0o+NzmdQ7NvY4941CmtQvBmjp9VDV8kDFTVUiamQKqMqebwg3bmBVl5tfLQKzbZWzX6XPMOVVwu15ff/ZZij68emPGrLIc27SxwTfYFHEkvv7m45/91c8foy6vr/eae+QRGGMmJKGwUbBjpTKXU5WGXfOp6m0wdU+hDGcQmGe8O0ToChB3c/cxYZaZqkPUSgTCKgg3p0/a1LwA9UlZEXoBG2YmIjCDubAWmkoxnzamiBWU2gKIjbmVGvlgM6fCTW0wsSo5UKiLOnTQnK3GYiWC3CZQ25iYJOYDZj6pbhJ1P1cXFYj5KNFOKxLGmKq5Zdb1dtu2637fjWcN8xJlSE+TqmP45pRVQ/nrtMMKbPzO7/7RvDx89927y/V6HOE+TT2iWtmoYsOv1wcqwdiRlK1U5v2rYqbyYvfXHww/DUc2xG4ia+Xv/fZv/9v/89/8+7/8C6hXw87K0rQTrm4gpg0/1NeoVomYJevZVQswdQEYJ5IpAEy1Uo5c8zLknKdjxXBX1+urqziOfVeT9nSUZrAbVcb0xagiAkiij49PPAKJZCtM1aLk4dWrX/ziHyqIZ0hfMIB1rg7DCsnvc28QCEyN6gt5OeK8rwZOk5VMC2PkByo7b4dTE1HJFgtFN7EWkqrIWOy6oKokYyWx6qrWh7e17MU6WGrD37//5vHpW1NzvZwBU+eeIsKzhH+i0LgqIgXWnzphAhEEpE/Iak+qCIBEuTfO5+b7Wn/w3/ze9x8/HsfejHhpxtr3ZTooTGcmnqmYjRVHf74qSOJlArAnh9VgZaZ016n69999/OW37y5zy2KioEIlV4ixLEhKUCv78kV7LE11XqagdqzU2LYrIHa6ClWpG6DWnHQKsRYG2oaJjTkYrUaToom6DTDjQcxa+Wkk9imjL7RledhU0aiVa40xSFvYUIYxXq7TxmAZBZ8NTnevX786jqC5Dh16JHwq0FUPHTlK7oJDcGZllroIa3Cr4/44mpP0ULPhFtGlXxww6DEy9SMXJF19zpm56Ffl0lioh1e33/jJV1//8pdqDsBhVRmFXlREIjrfUlqezmhRqSyuLijYcMmKTPIwKk4msCq4N5P5of5AzRJSuVSEOBr4/Jib2sY5hEK+lipm5zpx2qE2nrK5TmpTZIEQOgSoMvfL9caMJ+nwCmEBeg83egKN/Cwgp12Y/1WT+rjeMKjLjGb9SP6ariMLZXL+PCpMzefrCO0+C+KOHJteUGU9vR3dSlWcrKQKqGT+61pLKDSSxroJOtJqA8g5nwlBaHR5h0YeP/vZ36HKdZSgSORlRQakjKUY1KWgQyqP/fDpavrw6paLMhtGDrDNvouuOoLm3AUJVEWEUo9FuUrBhF1aTM6pRtEFKLk+3BoDACIWUucckcHE3PMswwtOzfkm1zpixTqGD3fLrKa3qgMHI8pETWWt4/Qv9PPIlYN+FzRIRB1uC+Z465XgiHUcu4tJgGtGZuB8J4XRFj1/15wjchWluEjGn2cVPwfSanRd3/dnkVLygBlmCpFcwZz3vo2IKQGFuj1cxZCVqlIlPufTx48+h6gnys1sTlOLSDeLrD7tSPhm5QoAx1q//pPfevP2Rx8+fhS1iCKFWIxTzN6Kq2+VNpB0kLkKE1NZ24mCMIdOyLGUm/P1EBtJT0YKjyHeuwW4U39fFMFEpjj5D1wv1zkG8ojjXrF6ra4iDErRf52sD4A+hCMqy83cvT/ASHdFZqzwoXObUlmJ4b4ihhmLvBXCHW/4FCk3zDmOdeiYPibUfdts3o7Qpz2+/fa7/VgJLFLZxG/NKkFH8ZkkI4xYJ0FB746Yw8bl+sAvVd1tzLeffbGvY61DpeNiGM8OVYgRLO82LFMWTifkdhkmVfs91oE8CFJSDaWAqbgNUatKEkqFYnHLHH6ZwxXT9XaZuZahxpDNbXMb7mr2+s3tcrko1C4Xm9vYNvftMifDo+b1Ni9vCi4+xhxL5M/+5us//+k3X3/z6bv3T+oeC1Wdna9m5lPNRZy+7jLKvibEIBb0eY0JH8ZYQzMzHzZ46KsPG14iyQgKG+outAib0ldN7uX16y/mdjnqEDVyAsrmJyfsPdRc4f2r5jBXNRErcTUHE+fU+xpxNSXwz8VAioYGY72A2JjiVmKiTXOJqQ3HKVIC4QVVlW4sNvfq756LkPGcAriBmFjveGLuc8yxIaUy6aMQc1GMObbblUSxb0PUoMagGQ64Y24ofLp/evz0wWxE1n50D0xE0aBPmPxYO1mpE4TWarkH6VGtThZnyFAbHnijkOaCYPoU0bdvP7vcbn/x058CVsE4SGHb6ksUJdFYUuYtt6TP//wD9XTqUR0hpNSFDmAlqjK27X7fGVg957w/77GiJFG8JctNaW/y4ZkoQwFjm4QFc5W5VVESzHSQgugRx3/6+79j1D2RvUbkaGIH8kURL8zP0RP5ASNr6NBTt4ioTlKploWIZEVbrFk6o8gIrm2gFSoZsNM6Svqkzg+B01Vq61VAkWeffQQfO/o9QbBMTMVjhblFLKGE4QXLEUiHphTnS1HPTDZoxwoVzQq6cHt1AxVGxbWq7y+IQJ/uT/v+NGyiyrq0x3hfdQEChIKWqlX0X1DK2+AlIrPlDaCcu9ocWQUIoZxkclFCUKqW6LQSpZUBZTb4m1DIY7FH5Hje//X//K8+fHx8/+E989yZcy3aWZ8vnUxVWVkug7PZsRZODRe6kkj4LzJxVLHVq4CIoL0YghX891qs49Xr19eHh8fHJ9beq2pmxH6Ym4rEwQWgeOtR63/s4aqMlAFgfeipisYKV1WKlvVkfkQ5S7hriYwxBIhIJliYaVbGsQAZ2xBURlFCRiMKJ5fOvEnJirUCXGMInJsd6/jFL34xx6wAF1GISlM4rSDi0y7thATzpgFUD6KIFZlAMpaQF7YBKWa9qwiT8lhoU1nr9esfHXlkBttmUTB10zFRaL0kUFXuKqprxRgdi24q4sq4RHWFlJpmBO3tOO3Yz89POAubuEXhjDpiaA/td2jws+1XwJnjSaEJtfs9izLFrGm//X58/vlnb96+ef/+vfacQoV3Bf/QapikVZ4Z7L6prEoZ0yMyIkiecrGzRg6yZVgraPrho+DMowDUzE0yc0XMy6ai+3G469mcsqrE1Ko0MhQQA7KOXP/iX/zzj0+P9+enMSdThNGaO94uso7FUCM3y6pclXl+RuCBb6oipZ3zBW2IHN2TQmKGuReJlwLXko7w98vlsh/3tZY6A5w0s+bGy5Kye8JSFIe52gAI4aeKEWvJYiiyRURFzm1GBI+bszen2dcmnMgN8SumIKobv5GkY0uQ2I9DxU4RJDp+Uzpn/Idic2BFrCPWWkhAtOh6YRkNLCvaZN0SfBX0sp7F5rzTHs/IGndiP0x0m3MAtY7MzKh8/dmb169e7etYK5tXzlqxeA3TXcd9kpyDqrj6ynjz+RffvXt3rJ2uSc4lIF3QevEWvF1vVzbQqXo7B1RUWWwkOoealuq4jDjfGfqsmcvnYwilbCIoRPA2Ilqg7tY1WQxdmdvlcrGq3FfGXrEojgP3yaqGQ4rpiGwnW7myMikVyaq1MnKZDQHWChMdw910HUlhfK4Yw92E17LPGYXpAwWRHOaNcPqmNtSHz0uq3Rc+Pd8/fXgKmuYYcaMtV6aglImR6FBLETUqTMwtC+4D0IyiHi8r93UvwTa2M2Zn0sfZYmAdZq6cofl32RCxy2VM0zie6lidFRW9uFYlncNZzYcIAKSpQsXdt823MYebm0AlVhZyDow53YcMv1y3Od3Mx+V6fbhF5rF2M8k4TB2q47L53CC2FiLr28f1H//xw/NR91UfPzwW1HyoWcFM3cwhTvm++ODPD5gopf9DzZlMCRUb2zYvnL/FzeclS9w2sNDXN7ibD3E/mQT/QVkEI1xiOlv0b246VIeal5n5RdzEptoQHwURG6JuPtQc4qIG07ldxvDiDufD3H0MrinSwvQhaly51UzM3af5YDe3Wm8XvRkyAkjUzEutUsS8zvShhEBdjVUAqmYQAUzU7/vaj1B1cdUxeK6DP7PrvkdEZvcnQaA2BiNI+BSuYwngPrLSXMWNz2wjN6DzQVUMMGpuxKhFJuxhfAX6WKA2iT1Spg+Xh1XJ1JeI2rbtV++++/d/+Ze3y81Zza7GXKUz4VQpPeBUJ/xRvIvSeOD2f+D0uzGGwOwl/E7MH/f7vt+7h8Q0VhgYriLS1m2pSpj4dAyLxYlCgMpIc6NpDqTZOb+jacoxJ+juoyn3n0huc1UiebmLnF0N9KNxKFetZOe9ZpwJ8WhgmYXLOMFCkuFE5Rg8HdFhcZAOi6hCRfA44SckKu7jhMHkNDrT8pemKpDIJardL4SCYj+OM545X65pRDF638REsNaal227XpmyIIxFsubf6twA0NSPVSZ/ZhG9Xq6PHz+ZKHorUKg0yIVCwc1dR3X9G3wO6YxvgZbZaNQUnfuekpTUcmoy06jFR7EKsRa9H8UkD5FESYGWK6qFVWVu41zjx9fvvn33/buLe7U4rUQEhmMdIjrmXLloyDa14V6CjCU/XPCtmSpUZKiaqQNINC3Dr9LUI09OR5CoH335eUbuz8/onQ0ixevpuC9uxhwJM0pV11rm/vBw24+VSKM1SEG5kYrEShs6tgkIpR+sw0jaIlYexy4CElBZdexHFcacppoZeXRmPbE8NE6/hJpsdEhrL/xFW5+yTqSyn38ahBjvoaKt2eHbSV2LGYAEPwlQzEqBX2Zebtubt5/dn56rV+neQXsSb9stYq0vf+03p/qn9+/MBjV9bm7qs3UOgJ7Hlpm1SitPLiyTXJqZVVZFFVK4fNASUpAq9rlQsE+dkKC15dmEGlThNiLWmC7gmK6sQuS+K2AIf5BKIJ9BmMCHXi6XD9+/e/32R2PM/ThO7qb/CW6uKrnOkBxVd6McrWfRIAGreaQPbWDbrBWELd8udK4lohaYIULoUfR2vbQminIlAAxfU1T2k8U1Tkwenx7jWAqJyqxE6aksICHLRx0GYYw07aPmOoZn81bZ38U5VWcDDNJQMQTEoQOipD4KqjZcILVy3+/IcvM8EYJ1HFAdwzOgpsd+kAnM095Fgy8dehDkWpEhYqawMW6vbpTfmRtjeQAKwkoyVVzZtNCrmJKIUNbS9XNKBTkJDXSEf6aprFPu93JM+BwZTCAlOskImlZhyvnIlTRDwj2acFsBPmwO0hF0nmWQ/y0hY1eB49jjCBMDZJvzw/vv1WwdYfQpUprazEfXDCuD1XlvFGdX/+67bzOOzTduo8Is41Pfyv/hApaVYKGrDaJYbEAHOx2ByAQXgBUtZTN588UXK9c6DhFz89a2gfoHLgM9kXCAgdiYl+urh+vlCoRWSHGJioosZFWA+bbCpE1U5DpWJ6VomVlmduS5iquQKze3uY2KipV6Zm+wJAVRBHRVRd2GOWqJGSUfNud2vRVE/bLEvnt8zsKeFVFmw3xyZGxvqDEkSRlhSTULTvKbObK0AnfkpVnpUDNV12EJUR+AghIgdQYHqVP9yAAcM3cfm49xu848nvK4V0SulW2117PRQ+lBcOPII2qWyDl9m+MyxuW6RRw+NHNFLAEu10lc9/b6MqdlJCrndfjlKuYVse4HlIec+eUC26I8gGXzb795/tkvvhcfXVrom5rT8ltmpSo+xIa4+Zjm08e0OW1M5f/dTNR9jLFN8y0AGfPLX/+tFDtW2NhMHcNFVczFBnzYGEoxj5r4sLFx0/axKZsTfLpvRs2PTTEvc9EBpffXzblXmDA6zV2Gqo3r9UF8BqEdddMh7kVqYgwSGh22A7ExnMVtEPMh9IKbm3uCDmYTUzeqklTdzQaEb8Gg5I4yGIDbnUvbXWzMeaz87Isvv/zyy2+/+959wi1LCzAx0gKAqg+k+raZT5agFWA+MgEziOiYMNNBQ4VClceVb0OYi+ouxoY1beOtNsCKs9FMOLIpVPXy8GqtxR9SRAivXS+XddTDw5u5Xfb7c18XPTxRpYSi+llEuSdEp5wpGF4HSWgbHlS6xaXl1EZZV4moZna/tbhANavz5oko8sjqnHURlLDKs5AZWVHU8zSbAbx0ZSRQqDydY9r4N8dmVe1mYl7ORogwoabF9E8Ke3q84tT3QoazR2nRhyaFleuLH/8GoJnLGHUiyMyX0Yi2RXV+wkyvt+LoTN676iVH2zsFAS0/Lzn2AwIxA8MZ60WsIrw6+W+mv5HRMcd9pwZsxaos0siRUQUprShVrCPdO1+L1HQJjujpt049R6HMFCluE6qRK6OYKq4qkTm3EdVsQ7sKhbO/NJCfyCgjSybCtcJs0FOW/FU3NyMLw4xyVX7LBUhEuPvz826ixXLXHkDkyP1/+R//1c+//uVagRJO/AIAsh9Hq94orRNhTElbPkqQtXJxd+WFSVi28pSvq7jbu3ffPT0+Tr+IaFRSsgLmLwnMuyujfySq6UwePz5ul+tnn3328eMnPlTH/TA330ZVqem5L4mpzjmEqXr0op7BJLWCFze4GANrRaylareHW7W177Shi2aiNJHh1O+deDUvyqDk7JTMcSklOZfZI2QP0gURjQw6DvXUR8GETy+AtY79fpj75bqtFec6qycfxKz8+f13v3p+/nC5XBMVx9qu14eHB1Ob0lxDP7jB6RnIwJg2xjj2gxJJYXQRIWq+Uy28K+3QltZUiJzQLT0957lFlY6i1jq++uqr2+36/Xffmo1TDi1qzrjgfrJ6vYC5Cuzx09N+7GNcMgMqax1owo7DYW/X3K95Bh1HUKO9jqUvmHcWqrbbBlRlVCLZ/0U0nbeHsho2cVbpcV273++RwQO8EtIiAflh/5K2JA2bnz4+U2+yMjn3N8sh2jgE6gR3u/ugLb+iQevJKbjiaShCV7EOc8KTDRAX+NzU+f5kt74038LvSVod56qaK477YabmbqaoyoiOIxJR2IssEyfEYmo+bMV6erqrmCkWB/E2bRfoUSVTxkushHuw2ijG85NxasagnwviPreH25xj3485ZmUFtZIFAGa2MmLf3YeKRKaYCEtP9Fy/ea+q9R+MAgPdAIG4D1TynSGJQOmnOaXq/BAVCcXodGoGo/IT5IkllRlzXgDJSBWnqkjplzDD2YDG37HWKbISASQibQ6A17ZQKlCoMX1lGj9tg5hVWvGmiBpKDYwd66hjuQ2DH2s31+QWoVbQSkCMKeI2R6B8jHm93i7X4S55ICP3VbVMYAY5cQlhxC87aJix7SoKUxMorSk+Rgt2C8NVTVz1OA7CSuxvMhE3ivfSTIiVDrfKEIiY+pw+3OYmtsEvR8k37x4/fno2FkKBsa7GcqXkjKtW5qaj5NwKxHQMiIoNBsBTxlNQqJm7mDcRLi7mYgpVGa4+KARSSoDcxdzMjUHyilcPN427HndkrlhZQUIpUAJaw2FSXCyZswqph9vtdtm26a8ebqa6bX65jFylptfrZirriOvmr15dx5xPT4+mOuaAmo1LoWI9m9u8PIhuKV46FvQpapf57rm++3CPgI2t6F22ae5UxtiYNqa56xi+bTpG13iNIWLDx7xe+KHN28O8vUr1+8qVa46L2BBzqIlNs2nuRNk52TcCMac6Uz6dmfodM6qDtjn1YewcIIegrs6OVbUxVDkc8/Pv9jGx4TZgVmAs1GDivfgQ87Ft8v8z9a69tmXHddgYVTXX3ufcvs0mm5QcO44sx5IVGEHyxQYCBAGC/AEHAfLv4g8BAgSBgwRJYP+HIC9bkSI/RFsWKZHNRz/uPefsveasGvlQc1+aAInuZnffc/dea86q8Yxw7tgfgM/vPr8+ves5o8O220/sHtYGODB8RAy6eTi64M0PGcdw80MA4d1p0LFCHuM+zw8fXz0uT5+9P56uc2UK7k73JhbMAnSLUAJqIz5g/e93WrTvq4DNTvRfjyN3GYkLltk84NZtESbRYje4cbeV0+CC7vdTKLYQfSdW7dmPZnPO1jz0VfrgVkmaOsGfnj1Acycg1c4w2Nj5xvyxw/TN2HHGBDoXHB3j2AgCmzrdt7Y5laD7zjLZyWFbqtArzgMDbanwnoS03cZkPc5ASTBlxzr3D6b2DpGWZ1VVZrp1DmOp5NFQvhvbPQgJEQGisiIO7JQJm2v93b/7n5bwi69+arazqWpVrXoYNbXnJyo8jPEIkuiU/e4D2I2rPQXRooeEbWk0O47Y966Z0Sorxug72NrbRpGWc9XqkI8tR+n5IVUgw1odx3E5ci0zVu5q25W5ba985DQALQrvqofMmf1ccmMdmXXO+f57nxkx5+zrOMLj6Mijaojmk443pT2LYM+YayW3cJseXill45OdjIt+aB5GTWSm9j7VwCiEWmUvrx9ZJBm7q4SrFh9QZ2etdrloi3JaX7B/s+ywZjeLVQtqx7xR/KQrJkyq7DJ7qGPyS0IRjupnrq+1DUGS4qo5z7NSMVyofnjaFVupebvlKu742so5lYrRxXk06024B9LHGotsc7k56X3fuaT7/QWw4dGu6H716Wj1gaRKdPW4qvwYfdu2Frv9uSTDQlJphY+uHN3flOqBNnbYiVoWOOf5cKYxl5rBrOZzuqbX2fZxs6iURSO7guDk2HtJv9BQvyQNbo6LR/g8T5AtnjH3jvFpZgCqGAdo/gjr0W+wdLUM/dMG0MPclhuZf3j58PLy3RiXqk9IcJ8f29hqfRruJ1WVinALP+/nmrlWglZrHcfxWDP2NtJqyS2cb+JBgihkH9QQaKzMzGzt/c5mflCKj29atXuM93LPXnIaLm0rgH3ac/oI2dtbdZKQeFzHzKlSs0socdehg2Al3HdyZSMKbUrKjoOB9ePVhLdQrWuEyp21d7ZNRJgxtoAMnzbhXsZokB7l0IC5bVEcGeH9OfR68OAk+j+PP1X/qM0EoTKNJlQ+SMP9d9M+be9dNdlX0QNA0YOHYYRb7yRUR12CGxzI0nne2WdrJa0NTzs683d+53e/+fYb80D3rED9PfZ+uqq6c7KXdD021cqyh0gXADptB9iUvRl7T9gRdSDgw0nMTJI7UBRoDt/M3z2/L2WDPTHMAAAgAElEQVSek3QY6RFhKqSKFto0R6vPP2XMEd5mhnqokTqHnjIex2XEhf2iHkH3Wurw2VbAgJSIlNHZu5/hs/fvx3FduQBHV6/sCzuasx6Xi4EWcUSgErmgdIpUZWauSlEJoYswO8XPnR5ugLLN64gR7kc7Bcbh3iOwSlXXY0jqMuCs8ofjOdy77/16vT6WDB/HcTxd4DYu1+P67rbwNvXNNy9Vao8vrcXljyAaj+rkFhtmbtYTvNsY3IbXrry1nXH5AINbXjLGQTe62Rg76pH+iAByupsNf1RQ0eP6dLm4LG/KVWtt3rX7bHfsljZY6OYRERHml3F5erqOYdfr03G5PD1dno5RpVx5XOMyBtAzDI7L4TF27CtD9BhuSCOvz58fT58teK66rfqLX7399Jc3+fFx8u2WFpe4XDGGzBmHH2NcLhYDHj6GxbCHgIduFmMcwyLkND/G5UrzLHgM9zF6gvfwCMbhY/SHGXGYu8XhxxHjoHtPwOYD5nQ7jkscV3ap8wgLtzh8HO4R43AfHh7j4Bg+DotwD/PRv2ivrx7DbdDd4kJ3j4MetpWUEZcjjmMLU8YID4bDvY8Y96NbCNwPH5edQMo9joMWY0gdNTtAyHB5end5ej4z3R1tbR6D22hzmA/09p4lYMR4RKa6h4M+YrgfW0TngU1hxeYczc28WtwjQhYxGFG5baHmse/ULg57oDPcxQI7PcRb1SaFm9sBc5UYAfNoXKYjyTvK2mzL/ggP73u93wiaiTwul9ZkNIWyfQad1+T9oljEaGEpYbm2ZJS0z96/xxYZ945r1sEiG/Q024TGA/sjq9ogTVVhB6L3zIr+Oxt97hsV6JxjfhoBCUrZHkFBY8SDN4rWt/a10JfxrhWT3K0xdW+lcyFXlnSM4xjjT3/8J99++4vPnt9Lyg7R3sWxHcXRdBpbnNA2wgJQZe6NcB1jSFWVLe8k2ba0ehSvwEztl5PCnB5ZuaHHUuX2+FUVvcsxilCXUAiqrHAbR/SlcLlee2gBd4dicwog6U0vUVXGpve5B8H+WHbK+Y7euL/d5pxQ+6ZUiapi2wwAmFnXNbLHmp5qdtoNaOzlilrnkjCuRyextRC7h6jW2dKwZVHoD7ay6vDju2++dvNwXys/9ZHy4U/b6OpeQpV9Bz5gO7bPRBp+uI+ZC3yE2BB9Amv3XMHdcsm4C7M/TW7YNo5qXU0nhGSB4Koy3wmN/W+c5zLSBq/Pzz38NC+WVVW6XA+P0ZEITdK2L7lXDAIP+6TWzMxFs/t5+4O//bfPzNv95mEdoPJQkQKQWfsIXGC49eCwOuWmpXy9iBo7P+aLL354v996N2gV0UY6jY+hS6odTyRirb6s21MEBv2xe6EAh/phro7Dqvt5i16Lid1x3Z9OSzoIu73caTB673uqgjlavgiCijgylWsVEeGsbRXgnhu1/Ti0BgOqiuAxDAKKoLc9oMfHBk8F0DzMuVHU6t8YA+MYK3PnA0Cq5bFDLVVdd6IHh7T9HOwQGPRKQBNzFqosYnuMUSw9PT+/3m5tgxYKO9CrWUe2HqVan21emar2m3diTAe1wdz2wC1YWwuOeDTK70+583wKtYeJ5mErV83+eW0XZjSUL2VyvyPYBSMQDKtW43ydWtBbSO1G6I12sElmfoK8+wvmLgmmfBgcKNM6aY7ScMtP0EBvMB2I4nA6lP32VlU/zQjl3JmSrcXPnRBvJqy1SBgeTTrViW2qbNhFxsfDJBgwV56vr3/r9//Wdx9ffv3rX/nYQezuPFc+Xa8khVrrTg9r0iTb9EiJEdErTu1TUg+wDTKsWQ4q1Rzu/jyJXJVV7g9i6AF6QcTKByXL3iBBSvr2w9dG+hgAjNZzYhyB9N8QufhNrEXjcR3FQKq7afeN4mDxfr9V1mhQcyGV6I+tOuUW6sZUd5pWNegXr/dbldAp6YWuvdtaoL50k4KNMazTA/bdbWtVZyb0hgYUmvOr7sHdqWTWGIeb2yjlmus4wt2UNdxUGf39oIDo5zKF1n/0GenuQMU4VJUb9+zceoO5TKt0PL073269kPXd0rBpNcTBlkVZqdfIvZ/3crmvKJBmo/UM3B3x7hE+BM08CVpEv3w7dsT6vd44LGnmds9xPT7j8cR4pTuW1Q5GMKN1vbLRxZVSL+DmJup23i/XCwOgHU/DEJfb/X6eea6b4ToOAffbmvd5PNmc57jPccnz9dWuYxzvKtdaeaBZW4VZFb7+OD++1bvn59v36nauAgcZeKApffhX0a3Um739W2LIPj3S6DAgwdoOvz4MrZPXuTHZvmJ2eJtQqF2oThAaGwhRRKxaUjaD39hVr7dt1uikt0bpGgsCto5hOKtaW6siHFDKACeq1ZQAdswrvZ/nXIWialwvZBFcS1BB5hhSJZfzqMeTDC4DjXiU3KFqHeNS/fMTJN1b0JqdDFhVQLWU9THvSjXRtB7QPWtSWqtTHx0EBiYy0ig4uTJpdowAhIod46sk0zqDpSZAyAowE8Um1gBQZccBSTLrGBZDreyQA+uCpyO6amhj7A/bHMkC1a1XC3OmCkR4xMzW6/Rx4ODaeM4DEqv2gDshrZWZKzNL1SkgFEEni4+LAC2kdfanS3JLHFWk2y7fVaOqnX3c181vgj6MBpQQR1RhVbpHo0pZWYPneY4jxhG3t6XaUb2VmS2F5077U9aaJTcPFnsqtfv9JHHxI6HXt7eellZ7tcG1D14n1IFsuRppJLcfz4eP1/tr3Qrs8OC9HrTYac8BtJpLIAO/8zf+5sePH7751TcE15w9K7bxPTM9hgW79AoiHo5g28qlVCGzXj583Ldt3xbd2EV4izcaRYWKFqSMmYntF/OqvTkQUJXDJGV7t50528nYoBWq3WPG7JxD7pe//6hV1m142c2ql8Bda01k12q2fxYqmZlBbc+BRHPJqzQu16o8570jr9QKecDMLtfLfZ7rnBATcnOjDNt3KkKZDY2tmkQa+6GFGTP1MLeUe+yY1kcgn9SHOLrFrVFopzm9aFWzofcGPVvabC7Cup5Zk3/tr/7Wz3/21e1+r1LXYbaIrlT32z28f0wKxYd7GPtB3oIKN7Ye6eVcc01pmV0ivKuSUjI0wpgi73NZWAFBm/cTKTNuIoPgXlNNlb/8+ucEWCZWk1zaL1Obg71U4Sy1LhcwmkfO2Yr1fhiQ7RhijGOtTPbRLaIIxj4QsPd4M2vZhg1Htkuhl92yYIlI4ZNeiDCztWYfBfur/DRw9r+4DS6fGpI7LmqE5uqxvImFrRPsN28XK1RmjsulN4mcZe7nOXcwEkFiTdlBayNUu907a7n3wkYfKGlrq/Wp8eLRcdu7YxGNOdbG1ymiKdQucN7kQqXc2cxo7y976u5XB316VmnzoOCaVXmutXopCXeID5MqRViwBBXcogd4GNnDDtmRQZ9/8fm333xXmcTmHLqWslq3BBmsJFjffHJjVhmFssKjbhlsxc5O5jQIXHNWd9CGrZVh4T7EfDQZ/Ab/Nw8KayaND27Nai4P8/6NoF+CxkpYqKr8/PPPzzlv91Oqh2UtAaSyRV6kgdq5bnB31uXycnv9+PqhMqP7xZwrQdrr2+1P/+U/f/f8jub3edspUjC2ZLEWd9K2JKCtVzBRkNXqeCiYG52Vu+fBw1NAJoK7FJAEdd4XQefWC/XSX0LQeg8kCfNc2dkka+agtUNUVebeSaAkcu6d+MG6GMhOfQKQgoevOeGG8MoKjjAisCVb7qry4ZUSmWxxM2jeGkTrQEaDhdc2MBKgSNHG0xGXA0ApVWWUspSJ3syt2u+qWk6ngd65FQWocrp5FSvPzuEdYyhnM2pz5fP1QqrzZLn1qg0oyknlBAFkYx3IqsyqOtzoPHPC/On9u+9eZ9i7VV3TYk2EPj5iSF0T0XYLa3qdGwx9VMHT2mxNel+adKebLNyPmiO1PI6tIXggglQ33BJst5yd4ozncX1vrx/GcVHOXAUVBSOXAELOjV2Z02xVLmHQiiOun63zPmVPl6fL+6xvX19vCXqEWkjzdl/H89VsnHM9qVT14cPru/fvj+Nyu9/9PDE6qfM4xjyeLh9+8eHllj7GJS4yVj3i2/esr57iHNWjkLHX++zRfs65Qa0HXWvkI+xE2CUWzKwHA7k3I3DjnTvBHY+kOxprotXnVOa8xEH4uW57YuEWb/YJvOUn294jdc+e1ByI4VEq0nUcPXCvWV0xI5pntAxGNfP+7vmzH37vR1999RcrpwnDaCUp2ZOxYPQe4Ns6kFOkPOCoqvUQZjNXQqtvUFYCulyOOXPHQUjP736wat7PNwGPq8W3fgXA6jJyWLc3PLLgjucrROVshA7E0/Mlb/c155Ku13fudnuboICaa3UGhpRdB1laG60IhmEJ29reC6/BtQ9PlaFaFVI2XKkinFw0qWyA0j0XRrx///nt9eN5TjPAR2YFUFBXrpFWqGo/ofs8J83icslKazLaqFZCZ1l4pVbWYUGpMe7eIQSytaC2Sw+7IWv3LkEwuDPLd0csOM8EqlI2AiBMz+/fn7fT3GaW7pM0sNbMy+Uws1VnP59uJjRprMa/VVI7XL0qS2a56pNclhT7UFf1jFIClZBR6sg1FlSouVaJLSLZXbtYlZ9UStxsgGgW5IL+q7//X//TP/qn//gf/c8RR0sGqgiVrGAy88txWTOVqwG6roGRU0pllR4KW8GMayXMw0y1IIrVWpotDwGy2pPfnyHWmluEEizJtSkV0nJVmJO5sWcpF2ioLNXsM9P32P+QmVtDt8rcqMvt9YYsM1aXUpL16HVuxgPQXMuN5p4r9WjRZKNMNLlyFp1ZOeeJ1rBBAfcY57yvOo84jNEfEcBCGyq3/9TheJgZ5poqjIOdhe5ukjL7aMtMNepUlb6No2wTAwkzj/CVVakxgtDKZeYGnvf7n/2bn9Q8x3GdeYJ0sKB5X2oASxsSdh9ZydXVAciCh6paxCMUr5frn/+rHx9jXI5xrgnzVmigVlNWNIgsLJKVlVXNdndgiNgtG2htm9MKZQy4rMrQwjypNzEi1wIgBiiWzG2dVZrUbhcAki2JKpRhrZmVPe1vKswsdq6+qjlBI+2IXLlBc1OhMmvns6LmWuNpJLowFPNcD+0gugtteBT2aKodK7sn5RjePW3n/exf1q1rAjaZAchhJGrrs1G5mhfoPLasWpnu3S7kMTxzSl5ZRkshPIQKZ83FYCrb0y7RdwmUyyyzeo7tob9SLy9vFNv3s2bhUUTRPhB0L0GHXKnTi8G+CRoJMXuA9L2GbK0QlIAdPpaSVHud98f1uG9WzSMubjFzppbBBJk5VeaWqm++/YaSRROKSHUCXksxpUJWVx0boG55dJgNbyRsG9Qkj5Ga6JeDD5RQEnD4mLWMTK01s2EDtMu1U4fXbK19rRTN3cNjKXtN0HbN9FnrTX3CKNPM9RBU7cVQbeEymDWgWebuZvOcEI8xvvr5LwWNcajy+nSF2/12bwdVXJ5WSXXSrOWIhXK5kV158iBq1c68za5qs8ktzzK3XskAERhHMMxMeVY3cmcWbaCLQmzLbZumK6m0+eLuedyBuaBSTtux/c7a0CpgsBjIamctW8iL3hailFUax+WzL37w3bfftDWwHur8tvla+PF0nXPN83GNNXzdmkhg9Zhg5uCaC0SMcYyDZoxhRgOFTqpuGWg33i3lRv3Dw80evz81Roj2aVSC1iloqpwrI2Ku+aDXVlXRPWupZLyolFnXYwi15jnGjnwZIyQgU5KZexzztiTa5Vgv9ziu2RgEPWtz0jIESXfS3C8rs9ZydzzOSzdr8/JeANxRuxRY4CYTj6tLEZFVIB2GFqiC/ekJSTLcRKXb02df5sevbdx8DilZsN5HgGIuLaDhGzN6orIRUDtKjGNYmMzs8hSXS573Jb7d1znz8uS1AIQdx7g8+3E5juPlu2/W/R7jcPB2u4U/J8oOe37/9MUP7PI1Lp6edZsTpBj1oOdgGzIi2dq+BnbNenY3CX7s2GX0c6js4/E3OdNCc9tL5Q9naBMLWItNq/UJUII0xmXVSk2r5uKP5+fvkayXDx1y3c9tCS6okF26p+aICqpo1ExbFrfmSW3TChos89jfIKxqkY2Jyvk0Vb/85leKiDgAUWVVxerCYQKVC8qWpqk0WpCNEtIxdpGjwFGu0ToKU7VqPkaWVicDXt99/+Ptg2mvSd5TjSQlq2zskJxCqXbepCfPM8m0cdnKdxVhcbmyDVfSvM8iwrx2nVOPhTT3risQzc2UOed5uRxUFG6t226+m6Q5ssUCNK0lSX04gREdqwr0T5rrXEt+WLTJnKr7Fhs0XGVsi/9j3Xvgdjtyw8xtbdrBIFj40+WSa5YyzPMTrNHjY0cmsNT4aBPgHcFkWKtDWqw32Mrlw4/wlVMlegsIl7srqwPs2X2CAgDfhB179e3PpCBupUkDFhAbHvAxbJ0pVIxx3k8DsnC5eEk6V0vagKJRC2bmYTkzK9n6i600IQCDti9RcqJWMeh+HO7/4L/9b+5v3+3S3LBWn/bGSmrluV6moO5CgUS36hhTEG5WMOOs08GI6LzLd5+/f3l9XbdTzlJZbYADRpWqG4UhkBKbcFNSQPVK6RiXIawU6FTKwJKOy4gRLx/fbItw+elBkAhVX94dOLhWjRg5l6TDHdSWW9T67Ondueaaq1NOciZgUuajisHdBGVWNBntNkakcD/PCNtbmXHdTx/xd/7gD/7wj/94BFvRLjHM27nSjPvK5XBxOxEKalqrdTDAdm87jYY1p4f3VAdh1XzI0VHKLEgaI4z0fiClzPz+j7784ntf/Osf/ytA0d9U7wArq3BcxzznsFj36ZfRh2mEZ9ZxvVwu/vZ2z5XbLw5djiug+5lNRBAwUWSfn8cx5lw7yy6ZqoCzA13roZNvSJQdbBGd21XaR2Ky9unZMF/b1tVC1Y419ss4Pn74aLmjhksyEbsXAtwBj73YorP5BJlEbbfmp8DgftA29rFK4T6uY0SoltxaKtdKmBieVURlZV9GbWjqDvB2dTScBnZav4HYycENSG+CqajOdTH3bOm6e+cD2qx7K3nIjdabdpF4Fz174L4m3ceIpgMW0hq1rtqOCHjmLbUI70+onekS5lzHdRyXy0bFmJsk6IPbkfM0R/5b56VAZRs+unCx4xEC2YxPkhYRWhAqU0Z0Na93OuS+W6qKqureFhI1EyaLg8WaIkxVNNvegH4SMy9PTz/43vd/+pOfjhHNB3Z0Yiub+sgwowVLWmvaZpChFM2+eP+5hX399bdztaVfubqzzlsCkys9YjASpcrOTOifc543d19rv/kFEEV3ktVpa+DHbz+awRkSdpkuPYxnrtbatAOrVokpgm5gn5iNRtLdC6jV1Ev/0u1+bh/M1n21CkzKxu8fujfRMDyAJtxRqjXB/oJUBaRSK+MY18vTx/VSQINuz++u99td7HTKvhdaB7q18lm1cj1CgaqN5ue6AxjjsjJZNPPa6w2LplVNWcKcZBwXAUjSuMBff/1Lsotd6jHOt/BEJWa1gdnUTxq2GKlAdI4WDQkzQ2MycVgclY0vGqGGb5SlnOgRUITR1THJNVc2D1tQwAB5EMgWohqQ5yzL4a61KtflctC4zlxrHuMCre2WlLLuVT5inJVaCzGkOvw655lZh/n9NhlGu7ydL+Py5MtyFXx7fD02Mt2/spBk+HFFrklvYyWd0Uh0yyRIWrjt083MqpNSLIIwDyNn5kPD2mlwfQw2SrLtZsvI6w8un3+B822dN8tF0lAkfe+xsl74ig0Y9ha6Km9zRuh5vIvDUpaG21zjernaeDvPyzzN8Prx9enp+bhez5nPl7g+f77ur1Qdz++SQQZ5zJn9g9tx6VLNI7OydscT1GRq/8ykVeXW4aAgBlpU25yJPgUmfloerCfyHdwgB0KbKwVphrUqpCa5oc4T4M66ybLKRyFd3iqhGs/PhGeqw7miadOWw3dvOlnbl5Y9NLdW5HK9HHG9ny8oUNRBor2H+uTq2qksnRUj7eo/iSVXbsMTaGRlqrLZcDXUomR1GJ+UaNYWn6gIJIThR2Umb+5XG8xcH27foXLEU0rA4l4EZBSzqjXXNFS1uZV9kWZJ5Sg9enmUzWfTw1etymz5L8PDqyu3aYFVYBHeglQa2PGjexjp/kuxi2OZHQAEFcIrxT1ybm1SJ/QRHHE5b6dQvVSAFB6CflY98hVqwc3A7KOpNpbU4pNy80JLYlhEREf0dD44yVBVOC1YaMJ03Fc2ccdOaMkmnOjDUOpMM2v/zWWs1xVh5zlvOaHdAY3ayANQZ67hgwYwiKJ5rrlK/aGA2HGZDefnzDMlpYkug1+fntp/5D1B1bSwEi6Xp6pcc0IdY7/hSpUWGW7FJF29TJuQDHdBMRqaSwkfv/62auYe9ZpPpBlzFh4tZtZkrKgqLJkx26Q5a8Q45/n9H/7oOo6f/+ynxziycs3ZExfNtmdWDxFCVRuh18zL83CPudbT8/Xl5U3q8keqtM6kuOYaR4BFo28pFt2aLaudKMM921SLt+gPNV9JOi5jzXWu1RhBG0+/+N4Xv/rmm1zFfYJscyGN/VDmTBilWpLB6V5QlQzslH+C/Qid6/yjf/H/RRBUd4Oyqk8zAcdxXMbx9nbrGeD2dgMplR/DxMxSZa5s9/k6u6PY3LqhpYHRoln71IXCrHF5up1vVIX5OC63+83M3j09f/XVzyO8LaPm3cJkZlap5+en1+4L245KWLSCQFLdbivPtWthUlZmzizRvTK9TSZuhM81Iw7KVu9pMm1RVZG9YcF61HwcbrId+1pzklYlNd7a104jvh163kqKNrSsdQIe7u61UkS4VVa4r1rba8yHQp+M7m4wc5RsuKQ103ZqUQt9gA4Jhuaa4zLeXu/qEap55L4NG7NvSvDhVSDI3f6d2EpT4wYcktySlo2TRluafOWC9hPX2G2haqb7aIsS+tNCy296c5KbH8PP2/nlD7/8vb/5+//H//1/bk2rb/FAa13OLO9EgbBaK7MFxMwuezO2gigzu17cw7NUypn3VlY1C9kyHtv1UW3QQSf9dyJKZaoEYyrr3CCSkTH81NoBQBIoM4dUWtoITDW6T7pQG8wGKKzMKrUyvirN/LyfX/3iZzEehjNkF+qurLkWqDiit+c93JvMDZkAK/N+3jQbOQGMx2V09m1qUe4xAkZnnlmO5+fL29vpZiittcJpNFodR9xuZ7gVVKo2DHUYM5SUV9tejWgVZge89zPszNXxSjCiKvWQJsJYmR9fXrhbgKwgqeE3a6Sxtn7b+96yfYC5kOiZY+Xlcgi1Vh6XgdWAmcGI3Yjpc+W8r5xv7ehtMHXOuZ1YgKDHhSR7jMOF1qBzczXgnLfv/+C3v/zyt//Fv/p/Y1yUorW/G200FPl4A7ClbjuWoXVgPnzkJ2qGXpLDGAR4P3M7uEmAvSP1R2hdq0mrfpHRN2LV/c3CPK6EqZbWrLVqLa3lqthuitXL0+qo3txXF9rjVlukZVBmCWvEUOaa0yMKlTlzZdBZHbwL5XSzWjPX3SkHqhZYc+b1OAhlTUlwnueK63v5ed5vx3G9s7WKLnag4Y4nMLPKotsq0f0yLt3QQ5m5dwacO1vGsB0D9J4MdoGo0CGM1z1Ad5iGutGanVPbsbFGZ9XTu/j8r8TLi99uqGLOqjPRAhxEx2E5ZX2dUeawsQq3mU82sigbFoin5/PD68t9Xq+Xkpf7PRdfXp8/v8W6xjje7vfjeqXy7e0ezyueRgoLOU2nbMLLHYMGHxvDb0JGD6S+NbudpLyput6Ni2rKuDOwSMiQWRvg/8ReFYDHwMit9CFpo7mTLf9+EM993KLZI1Ypq7EGSSBiQ1F4GP6LaN9TU6db+SBw+zGVl8v1+frZ19+WVhmGmImi4LRa2V6XXQdZdTm6375WJSAXdyhBC2Iy7VOWlzbXFS2OXgkW1PetXKoqhwrltOen97e3j3lamENETWpZgfDI7FTynidQxdg1i6nytkWijW3l3p0sylxGUqy1aFSuBGDhR6NpaNcZuzqILCb3Xy50jgAss8YYsfUIAIppdAIBrAaa2UeeCRI3Z9zCmGqe1SNI1podozCGr5Wt/Wo1U+3zaMcVy0FZrYQZpNywi4GAu1bd3m4ELKx2OAZt+PZRSzlLJh8jDssltz4VlokeDmNn97VKeK4q3GstC4/YKYk0eXWmTMuoirCVJ338nT/4j//1v/nnHz58Y+MIJtTNJ2XgOdd4fsp5+oguM8bjqfzw3XcQr0/Xec7b69sYYc5a9fb2CqMyR8TMVdoVN43HAYrooCfvmuCG6jy8iv3wrszjOOiO1WqNhxqJn+JCmqlpucVOpSxV66+aqSrpr/3Vv27GP//Jjy1GZr18/OiMGK7aOoBW57Wi/rgMwoR7Fs7z1hQ3HoNmh9ppKSwinGqdEdz8fj/v93NE7O4Cc5Wysh/Ux0S4/X10W7lm6RIHklvwI7jFX3z1l1AdfskORWTrxWmI7jd63FHeRJyB62zRdj9xsNZ+icNHrc7wKEKZS6CT3tOzRVbd5+y9C+ZA8WFJh1lzxeBmB2IYjOu+1NsOdvk7hYnSQgznqnfXp7//9//L/+F/+oeVdYxRWb/65a9ut1u4r7m2r3Bp1rwcg6bXl5fznJfr5f0Xn7+9vWQu8wGAbmtOQsflWKtyZWWNw9hkxppukbniiK5ZGOMwt9fbrcXYhXJz0TZ4zV4gHxYFWicjZS7fPV/b/bn/p/NUaCrlqqaze0oB7LzdzCMrS+oKORrmWmg/z04Q3l7BjjnrpGz3iKrMnNqTdws7oSqDfHiuqpSbr36TW1kBVKZUMfzMuSUQtj2TXSTQyrvm1NgzGEiz+lQYJjYVteYC7bd/9OU3Hz68vb26j9YkNKrlFsLiQ/dNthoGEOn2/O55rTki/uRP/9lc5xEHNyRfHTwLioUIp43b/ea0vpYM3vhr4bgAACAASURBVA1aBc377P2Puwq71Zad3rXnIpqVcmC/ck5STKX7trRWyQSzMTclnRB9xDoXj3Ecxwi/3e7d8iuqxQn8DeuoVjisle6OvrntN0OAuRmhFIv9RWw5bWErUltIVXB6ZS3Nxz+7x8vOFZ3nSWvwmmsWDp7nuj49/dZvffmzr36x7gvgCCsnlV9+/wd/eX6F1TsVzZGZsvryR7/1s7/8aqV8eK1ZkkcjjgKt/XANSQJIZYdJs2vtd3U7xDY2wKwg03ZjW6vBe85lre6vav+JD9eS032MlVDlZYy5UihU/9yLxwGznIuwNbcgR6jOODOzXZFjXjPhUHZAm85zujkVnV0morZsDHpsYq07gaDighjHUssiR/iYyE4qbva2C+R7HFOpsLulGsEi4TYEY+zWG4EW3hWLrQHtubzxodrbCd29mxupdhmA4YQVoarr8XQcVxKquXf/1kHJqtaaa9XypsKzmr02wo19HGuWG800VxkZzlrnOs8qRjiEXGkmd6YmVFCsdfoYhwdVa97NhvGoVYSd64wRMY7KNa7jtnC7V4wnIWnDL9haNfN+gGHez3IMWvjeRrYlq2F83ww5QLOIgQ6u3f199oh8hVk3lPgG7WldMSztkrHevEmT5oq4fvnv4fXb++sHVZqZZpVm81PtiUpqVQFsD0nJZuLD6+14uryep4/weIrjHey7Wbwnb9PmsstnRwnnmVJdjoNxpCyun9+++/W333z7Lj7zyMW4Vb0sx+V6fI54E7p/uPYo3+8S1UMawd1rg4cHuB/XBul7i9uxDtx3R25wfWdEjgedIFVHMzaxpAfJmWtZXxfOlT3kFtrv226WtR7nykP7WFIVIXdSSJVEaYcuGpC1sfnXdR/P76329bcBdZlKvpYecjQ0WlSZuQKlTPfYIjvubUQQoayHexwFCSUb2Z30knYMPlC1TGk2JoQjLuNztAslPbUgmIjQ9ig88thVlZlk+XYa9XEwu9KkZT2wbImKuUvl0Q+fznOidymV7cO8pPKe8oRHLXib6+QR8PVJ4wJsbS/dHvNU7jAaVOvd+qilU7bTA1cud3cLEIWCBSkw0C3jkA9SyFYhVNHdR0fRQFk7fmSL6VoKV8IuWqlNtlhm0gy5oxKrq8ZXwmgWu1YmxRbiZjtVSmX2KTBRLJWWuHNBtgpfUsRRwD/78R/lfBvH0SL1VWVZNBGe0n/wu7/3zde//slP/+wyruZ239ZbmQ2SOaebaxz9eDZJYpTRsqoEo7JpNDfrjMt+soy7OMg8qwZt5twh9s5Vqxset2KJWzq1NUr9/nF/LXyI+6s6FKLodjmOP/7j/4eG56d3cyWA8FApq56uTy9vr1EBqDLpRrPMAsq9K648c69kYwyykGZBEplTwky9/977zHp7eRnHQMnMMsUt7NWOQ3ARqNW1TkXivJ//xX/2n/zO3/jr/+C/+++HX3t8M8D7wWOoo4es9g7ZhsRm4GE77DAfgKbBnZSnOstKcFPWWmXOFHuB72eKgFmY+cuHt+MSZu7WJtLq6DlJs9MPC25SiUEC80wbpkqad42obxqLBsIss+LAbc7/65/8UyjDx5rp5mQcxwHKjSiEx1yndShOlgzHiJr58ZsP4xLdgN7l0H3zlEooUB5OVFfaA1yZI8b3vvfFr3/1K0hr5TCGW+uf+0DZnGv/QQ9/26nSpqiGOdPdsooemt1FkE16012ZHdjdoZ+dEdAxaM1TxggnxzFuLzd0Y3EDyq2eIKI1WxJWrq6l6EyuVuZHl6IJ8K6VpbLoPoarkYnOp2c37XhLPDMzPnVE/yakXgQE24dk/zNQP4+ZMjPzaAvIr7/9Jmu5RS87HYEINC21RU+VaiwKxlKtOT98+KjSL776KgFnZNfE7ngrmndVap33dX26/Od/7+/973/4T9bUTGu+odHfWtX5sxtta/kjux54I2IAHMjskgh0RPq8rYcQEars59VKDF+Z/WVeno91ZuUyXrAl4TRjoryHy36NtuUcHQHRbLCZ73BWyswlrrVoElhVz5+/Q+bb2611NbZ1QH1dQY8IGDMBQevYy54aLanME7Q5Vwy/3W+/+PWv5zmNgaqVaYLAP//JTyg74qhaQD8sVOkv/+JnFv78dJ33Cfc1F8nMvsrQDInpERHSFLCZlEy0u6ilCmbe4woa2cfjo+n/e3Xp7350Nn8iplJll6fj/fO7D99+O45LIpfyPKcZxzBhV7fWp6a9fZUz88HmQxYGt248A7UTphMksKqfnyZSa5tASbNUGYLWhHy8vH73zTe/fn5+UgKwVKHoY7d0NRXp7gzrI6S1azvl1HZIh4V3YKtgHWZlBN2brID3Q91RdM0KSBTcRgy0BNdNSNph40r33OnLztyFNVlqCuPg2InbJhSOY5Cq2sNE52dCQC13X+ds/QZ6msvsNIdHdLdrS58RHtbWYlW4QTrGQNchj9HJapfnd9++WorH83uRSJVoMRojpLkIYDf0efdGcWODjfGbhdNA2yrB1qUaHoEjBpoB7gFrrNMEjk6vsBYdyj+FE6OvnyvIdXw2vvzd47uv73M286xMN5q8I2BUayVsmAEr57nOcRnW7kbpONbgmEszQTLFj/fz+jrfvXsu6JxcZ5Xs+flpykXPeJrnGfd1XGgx7ie+u+Vrho2OlaHrwXaCADanv0WeOwEa2C7efZ0KKHWCdyOvtcliAtg9htu+glLTvRXe2W1CbzhbTXhY/wIoyzYaC1t1JIBtI+E+GhuYQZVsX+3yqo43a81jVTl2Tho2dtFKuo7var5ZVKH3jd01CFWxFiA8xOCpgmQPvZAk62yUFq/r4ZatBMp2y2gvIqNPkHNN9+H0WgtOi2jMd0/ZElrAXSBRkGUSqQY4mgQ/va2SLRhxg3WrHyvXqkzrzHB6ZXbqLgVu4UWhBCUM7oG2GAKkzjUlBEcxSbNhVTnXatsgkYCza1ih1gpudqektoRn9rNtZpnpcLuwVkfat0mpcQwR5jaqloBtFKcYXonOWgOqo8ObDW0deeZSawTamNolxf0kzGSwg3Owlcds4qm02vKxqhXHRmLN6kAtbe10AaBgHu0AvN9PN5uzpIpwM7p55SrU8/Xyx3/yh8Ptern0YxUemSnBDZWphyG0nxG6ocBijDjXBDs+TmfOh7jatu/5kVsIY3Rbggrtq+FWmvaroUoY1ACckn0x7ybT/ngJxK6YzSK5VrobZVatiYV5I6cK9y9/+MPXP/8zRg+C+5jPc/XI4O59C0vlEVUV5lWrDJ23EeFdvzXPWSpW8UGwdx5EJ6pBqAIhepsMZOEx/I/+5Y9/+tVXI4aD9elwYa8QKQOqdnKmEWVV/Yb0adQvck94FHYCyZq5+XJQVR49dxEyQrV0GeN+u51r/ui3v5xzkXS3VAl96ACPuy47Y4AGqwYmtKqtaE009Js+Nd1JBUChzkwD/vgP/8nliFMzV7rZeb7S8dn3ns9bzvuc59klMXQ752wnbptjxxi57rUSD55DqpUbcaWhExI7595ppfr6V79ugQrJWhljzDnbjIRHDVFiwzqFzq+nJNXaRQVoDSAJjjFq5dNxvd3PymzNCYUO4NgvqvXpYX3cOn2tKeRDo41mk6idvRb/FhXI6kaFghHyrcTodF+pqIJckDLb79+IUhX8iKq8n6dSMYaH782ryswbMmrSos9Utvpys1FUt+i5hdmUQDvPc0TAbFU2+dXRN3U2t1vdaztipNbCMlJS1pIQ0Uk7D1oczfI/KCiqHQvf//L7z09P354fq9Kxa+QkyHbQvgxsOjLVRmLr7J7ged6D4W6rskPdCuVkyzaA6iVKlB9hcLkzmKqaJSEu43a/NdEzz3Ucg+q7uMlHq9wKI/PInNWRdI0qEBDnRrP3fxmsNedcyh1Z0lsbzdHm3BY/dLYoMtwfN3GKyvv89//W797P+ZM//zeX67PR7y+3BtjKtr/K6OSoUioBeMQ605xOy0os3bJq6riMUvaXLqh5H6vdd0HRw2sVH5xp3xakDG7upeyY1w7ybH/eaiCzxfL7kt8vDQ3Dx+vr23/0H/7df+ev/Nb/+r/9L5d4blTKw43IuTqY+TeqHcPr6+1yvXpYzY4flocBlrmjY2F2uT6521lzjANWvagIihG322zXntiOKuOOmJJZXI6jNRqoRQ54f0HeH/emL9tc3+h+sVHorKoer+k0s7AsOaPFes5A98JA8o6J2oJ2OrsxgLTscCnz4DB30Eq0npdVVWsfytan5AFl5imUdbcw2fDw8J1Aze5xdMuVa5Z5309mtjXl7gZBpXHxmhVQramCO6sys9Y6j+PIeb88P1VOVIYjSXiMp8sQby9v9BjDio7+UqMPMacZ1F3o/S4aoAjf3Jw7zOm+hQyis53qNGt3w85FFeTePZFu5q3e2lfFgwC3jjULJ8Fw+3f/4LPzw8G6ffy6tEBg15/DgNUvhHsr1jo6Kctus3yMbz+8Xp7q5X57mwscU+Jc3728Hs/x7ulyW/nxNo9zXcp8HDgufp+3+68+fHx5/+4H1yOK463qLtgRT4cBzCpUp0rsGPj9ErgjgSr4QzHcXMYey+oh42ln1ybP+mzYhCAfewOsKm0HuQjCpdWbBSkbNKqq2PDhFulp5W/+pPH2/eYXEWoXb/vUdtEi+4Osbc2vZmjVQzygWlWoWigEcMQws7fbWwOMEpDZP1MzmlklJUqPhDztABFVZfJBdCiXuI8hAEJWdtzE8pz7Eopebqt6kFZuJbyESm60q393qarW81em2ZBStVzbFVJVQqrSDwtR0lptzQ9VAYU25HH/nltxKgC7nydR5XBrVicT1vyXtfAJIuCgLMoSmQsQDQaXSh1zb63EaEa63EdmOq0T4GW2Z9lGW7zNNlIWaaV03yCSkQ26P/KjsPkKFcMNgOBmopVSTWZnxmXQYq2z6f3a5Ctp5sPMjK7GHHtniBFtF6+UvPGqXv0al5O1sLP7enuQbGcCZIXDYsRYuVbOwy/iQsGDlUnQyES5Gc2ylpmtXOC+RseIzBQ4LuN2mxHuEbl2dhsfXWkSCjUuB4G5cqeYE0CZWdHYO1Umzes3K5HAXkK4WSxucV1/sB1XQHoc3TiV5gHVn/3rH4cPptZGUbeonYb2r/e4GBEz18pluNBszfTDSKbKOF6+eylpxCWV6lzb7seS2LrJ2smykrJDRyrD4+tfffOLn//icsSe9h9vb7WOfCOr6nlPzlnnjnwt7MIfEfQzp0rXy9FLt5lnikoPCx/nnFrp3g1JlVnPn73/8oc/+MUvf9EPXWavu03dlbmvrCZhNybc4/IUOtVCaqnVGCOraqWbZ6ZHGFv/xud379acVXmMoyDNc8RYt3l/PT12eYA5uxqie7j6vr3d75Vln6A67YWk36++ivkoL2pZZUrultXQBVYutf6FtiGXdol8OlLVAclQbU8AmrHKOtyru1cL7z777Lvvvt2SYEDZIU6Q1eU4GvyopFBNF+Sqy/Wy1lq5+jeIvVBZ9FnfEvCWeI6IrEURhdRsIwXR41Ptf1KC9kGkLC/LzMdmUzSb5/RNJ++1jTulCkB70qCSB2lYC61jm9pqQnNvd2jzrM07tgGOgEeUmnmeETEi7vdbVRlDqFanRUTrUffPqk14SaL5/e32P/6jfxwelxhZWUtYZcZa2ZG5G8mwx9bQl2oBxKr1+7/3B1999bOXl5fhMeeamqUyMQ5nrhIzyxxkB2pWxJG1+veiqlrLPdaqcYkqrfX/M/V2PbZu2XnQ84wx5rtW1d7n9Efa3Z3YWG06DpEiAREOUYBE4g4U/keE4FcgccNP4OMGcYkicUXIh4AESOwkkuM4OCF2O93tbvfXOX3O2XtX1XrnHOPhYsxVnb7ss3ftWlXvO+cYz2cKQpWFRX9wsrEBVNXGLu8isc32Wyrd/X4X8rytXgM7TbZfDHcnVSubVC3tFLRi5erQD9RSjON73/8BmOM4OpMZlJQdqbeVSezQcRU9RhhtIZvOQfsoiuammX32mXlrXQgWyz1Qq9tfzNpWAW+9PfvOXkFlld13tvvZ1IYAvq4vPeN0/gGIgt6+ffPbv/NP/vFvz4frA+G328199MlL9IBspNda61zXt5ePPv5orskOoQLAtti2jW3/tj2O28uzIB7xEPHFZ194RKNW7nSPtVKlOI7MpLHv15ZTuhtgniz1s9oiDKGXnL6ad8K3ijCPDt1jmhlrw6atQfOtmXWvEgGLuAs2kP0l6dnnMeluMvpwsyioaO7Dw7heGqdHbdISHctSWZVghVl4QDLUvdYPuaopuvYam5OOMKeQq29Wk7hmtaQQLMdAqTLtenUi51prjRjSQsdfr0kL+jhX3pJ2vV55tCjMzdk8unX7mfcsTxDmoMP2k7BroMxJiK7N3dNbP9GC6H5ybUdjmQcheGzyhrYlHNw+EiNo8m6yJuztl+Lbf/7AjJ985wML87ZuL2vezB3CwWHeyQFlDPPhPmZhrno5l9ZSXG9nkZbCXOXOl7OeX2a4mb2My+Xh4xzPtwMRh8VxjOvjKZ4z48JyXz7SzENmIbvb9XQ/QP2uwNivQ4/sRqd2LUz7BbmT93cw5XZn/SIEQg0C9lV6n/A2UNox+Vtd2H+vg1/6DdFGFFh3zLYfkj7JtYnLwM732AIfArmLBYBUH7B1twuz8/z2tKHKPMYxwuSq3DCAsnZn+v74VTu2Sh3/0/B/C5qholjKnmCaZoBamN7+0Qp1Zp0yl2FvkJUTHWsnZC1UNe/YBO3OLC9J8i6S0mpMT7kkeLP8uTqDGEr6WGu5B1Cq1EoWaEqVQZYpVEqOzpwOlBBJqsemHgAFMWzzGCgakBLlwzZyLkFauuP7lI2BnRmHYoH0GEBllo+jN/SuelElOqyZcHZvcTUf2NJDbRqoVM5GygylpIz3nszMJkrNIsblYb1f6pfTkS2AEeje/TCqdn9JwjFi1Xx5nmMMmKFyf0UozG14rsoSvYkdVU6LUMFpSV0ejrWWAFqc52TrHO/vN0gDW+zAUmULmNWu3XPOf/8v/pWXl5ff/Se/dblcWl1QVT6cPQKoOipQVRZBqloZWPdxt9XCuuN4fabc8VJoE2kmwrErIO6so7e25zmZgmFlumjANS7VP5o2sbPRv1eCB/2/POflevyHv/Ebf/e3fjPs8OGqWsoY0e+7wVbv4bS+Vjtli26ohvF7SyzumgJjlXvIx8uc3qLRBn50T6MR2vHc1sdkqhTme/RUQ+Bca3308fXP/tq3fuu3f+fh4aPjcp25ciaJAGsv2LUKvoMw9f79+9S8vby4Dwnb0CJ7JT87zr/JANz5mh30uP2qhJRVFI7juvIUWlQREjygrnHsoVYal9HeaBjpJJC5lRjGLvEUzUvthIfUJLpVFpxu3sfvDiWWzPzV0dJmJGKrX5TamV7aslt6v+/9Q6Y6cvT1geFW4hl4vjx/85u//F/+53/tv/8f/6fvfu8PY+zAoj0dCYXs1OCqNc/lcZ8SYC1b6DPyF8VQAKHAPilxvwMlJfsRpueUmlKm/eLPuW23WVMhAzBjdlgKa9VO1ehLBVLttNRtmiQ3g4P+/9Ewwz0kuMll21tMJ/ySUwtMwADkWpnrV37lVzL1xz/8weX6YLL9SqP1nQlV17d3yjLvdQkAS2kYbgHw+fZCOOx+Q7V/t4poyQ/4KuwDeouZq77+9W/+9JMfK1fZMLfdigLmnCvz8e2btWYfGzmnItrXuybosLBMucPI8/lW0OPjJS7x4fMn864nTNKU4q63roZ6GwHb77HZyrVqdZVtznRDG2y6Vzcr3X2ueYzhI6oSe7bipur3NEBzuvla03bYJcYx5ppO1so7jwdJZjiuV0nPTzc3gnj86O3Ly22tm8SqjBjnOb/+jV/68Pz09OEW7r29dj6B+dieUR9dH8nXt1gNyhWh1nCAVlZ+l830k2y8J1hpqxfIXnLZ3twsVa0YF1V1iWauFHGe011u9EsIxYh8KYO5eaoErRSFiEGTso6Ha8SY54sxXp6ezT1ikEbn+XLSzIJNM5qDjMs1atOgKHCVULmrMVD02EPSljW5bRJOnUuVKLbtodOBRrso4Z270vhQhKoFbVYdkQlAjOGEoYpbA2PqtCA/IPnwEQPIVNZKNwojNc3Frf5IMjp3sW+5zEXjoHVUcC+VRrnTirACuGZehntYj2yV6QaSEZa1wswN0QE+DX7UlEjlcM7zVpkxhvNSCo/rEVydZAeCFu79jDeS1LZmc+/YdOzmMnaanVlj8KRvQdQ+yS26n6FBN9B2kpzZhmpA7RGD9zQgsqVDpFM2nOOX3f/CcVgYb0/vp3mq8zyyI01LFR4W0VoKVd5une88l+z55UXmBXs5T7gfl8ez/GXyuI4pfzn1KK7n8+ECu7zR8zPKBT6f9STM4zqK14BoHfrVvaeND79++9ryin3S9z3WXPDeFfbtwAZTq5uBsKndUrVVGDtNq78yK7Pxtb4x+sa94/jILOs4sv1qmiob6O1ruk04el0lCv/aDVTCXeG9awvVip8++LPTcpsgLwFYyPFwdVi2Yay0URkptz7+vgtIWqW2tQmq2hRpqdcHCJlLqi4QadnODq9QWWWnCFR1Tmi2QMJVldUYjev+L1ahyyC1L3Yhq10E9/+U2aFkqLUcitFHeEkFT2R3biVUtDZMS6W+B8UEWv+1Wm1LyXtwIO85TihkwwboWCOUJKuiRe0kS1FOpaqCw0fcXl4iwhwq+eG2XFhI0MrN2u5cG+GEmUsJN0CuDR2aNzHk1lLjDR12ejVJE7HOVXg2EtaME2iuVb1TaO/mLcekUudMC79cDGRRhENl7Ic2kVqVlRnhLbcJurYElxAqa61cq8YYXRfWTuis9v1Jma13YFfC7wQVHBGrdH14nJ0SD62aI47HNx+/vDzP29nFzZJoILxjdAxbARHOauHEzubuSIH2xu4psAPoGizYRiazUlpTUznrJKmuUT+OY3XpM71KWbPLp5UdaHu/lLtTWQgbBX3/xz8ew13WGu1+ckqK8GpyrAseM2N4kRJyZqeYG+Fmq/OxkFntAev+E97LE7aqB8AYUatkFmHrrGKS5b4roZd29GRRccS51u/9q+8elwdlrS7jcyOqoA6w3K4taqUixuHHuqUjcs4Con34bBXRfRftAZbKSpO35AnmnYXQlvuay0m/h8dWSbUjbXPOyupQ+PaBZYnFjz56u9Y8z/MObtCHY/XjXZSKwl2D0Cb7Nq70JNOBluFRLN1hmHHxRFaqjXowhBlK5lb3Nun+Hqy7x9ScwL1AJXdICE1jXN49vftf/te/8bNPfuTh82XZvVrRzbIyxhGBOU+hiP14N0+UVbfbulwvbpeCVAURVWaMquqMQtQd/CHuUGvR4DFWTrxmlrVAUBsAom3oqN/DHiuqcw77t7Q/Up8AVj1rNIPFfUFhl/PZCJuzw0DTYB4uqeuT83YPKCmYD4Cfv/ti5RrHAWllh5qpr7HMMjpEgxKbSWl3Ms2qcuYNZKbcTblIQ1HtxWpRpgEe7M6LOyzUIqtLHP/X3/s74T7i0iYg9B+gOj3/8e1HH96/e3l5dkYbGu+cdB0xjofLWmues4kgpQr1/PRUS+W4XGJlr6+d6ZjexZhkWUnWjECu8zjGX/4P/tLf/j/+TsQRI6omID/CyawaHonsAxs7iECtjW7spm9NH54ru3lpq4ILx8UMzCW36M31LhjGWllZ3iRE6cP75+0pgXUiXhzji/fvzzV3mlW3OFFErcw44isffeWTn39i2EUyBEiqSOR+0sGstNhXXDu0vMNtuMXL6KWEpHVIYFX71Uo0yy5A7Q2z1286AJmBuD3PVXQLe02hxU7EYwCgaC9PL/TpEUazpTa+ZxVhMQ4Pb3OGEVlZqyJHA+nuodJShW1pyevrRBrDVvbc1hFcCLfVJjS6BdGNNvvVIVrDkwX6rPKGcMxIc3gHEpGuSnODx/14qqITZmExPC5Xy+eVbbD20mwSzA1OqYPa082gSmWN4dxjd8vLECOMMFaxwDjPJG0ckdmepDJihA+jZHOdtSueasSxopOqcxwHsMChQs5JpY8IXBLD/YDUoVqCqcM9aS07aRzB3Lq12IKiqzPMwIgd8oXOULdGKRv/390AW1bUpAH2BbzBNNuu/ZbfdTKCu7kEE1nx9tf15s1DXPjDP6iCrYKmYVn4miuhIw7IZsrnyqxZLw+PVwKfv3v3/HIzkWZnpoPnmvNc031JS3abufr9vJ1xXFK2Cj6OsnieMWEfPR4XWYHhdDJMphZRbM6+N4I7z4m7g+Q1K4B77d+W8SZ6O1GErxbWTSn2wJy88we+9cHtcsvdS1j76Gft1YDV4yKC5N6C1CpSI1G5JR7aLCzQU3eXfvYL0sCiusKTqr0DNF9r98TOZjrbvc+N8m9VkIpt7GVVdlZP45yp7X0CuqsdYHcg9Aeu2n01Vmp8HI2d1Cpkt2Z4/2uUKmvllpJnohZpzASyA4IkZWYXRkNVlb6ZDbgrM0ntgu3+MNH/olCpXH2ZVlYWUJWV7GKXHKbs1cCprCHVnNM61HE5PQ0FqjontIpVBZkAOiv7zh3DpTrn/OY3vzlzffbZFxa2Y3km3Q3qMDZIhSG1NDvviDb6KEUv1N0oJMjHcdf9YB/RpDsriQ4xDTvnEmFiASOioLXSjYWisbKXzFLRwnLLIEFQoB9eK1euJpMhyEwrZYjL0SDry/OtCh47+STM7p63vdAS9MPnbaElIve7HFJBEcf//X/+LSnDRq5FWr6upDtlC/dFQyrEiP5+RDhNWm6HULLac5vaYLlp3t6GKdC9VLnaPIdasm73a6MULVP91MqQqkbZuwn+zNo11cD9ZdxLL4rf/c4fjuuoXL0YZFbOcljmgtjZJFV7PySZXaBl2ASoNk9HUj0JdPeC76u2ObYtciHpPG8n4PvNBNHRq4TRehNqccs6a91uESGUUwLckMnCm6JedgAAIABJREFUuqMNvgfBWqB3v83MJcplMAyPORNqVAGlFe6V1dLTjX/39gGiE1+M7h4RRpwvp43YmSe70AACsjJ8wKzur+vTh6dGGJtn6CDHUpqshI+/9NFc68P7J49QZl9O4BYrGq1Qg+7ulZVZHF5Lb95eKX3x8o5BwMPtPM8xotTLJmnWvwsUjcwerlqHqQ3vzFydUzFv6zd/8x+MER1q0sL2YnHHEIKEZtHYKrti/y7b9es0O8+zi1c7Qc7Ngh3Dv/UWWzK6z2WVGd2p8rKOaN1frrR9nFkiqm/RDihlR5dVaRtpW8+xF6dtqyUhXq4HSqu/RjPTZkSO49KmXqB1QbOycj9noEGU+Xh+99QBfquWyHEdw/zl5Uwk7z+eAsKHqKr9TfaR5xbVMLyxe4o7NKKp8rSuDrCqjpeU7ZrNxpNwHI+Vup3ZESwNp7Nz5Sw+/dlPVBg+5poN1fZIZmZwPj8/Oy1X+bAR4a7b02lm43CpXp7PzisCbEdb+u737ifXjNrmh/ytf/QPPQ7KhHIffa0sIHO5hbl7GIi65eW4vHm8fvbFe3fLzEx50CyOy3iuFxRo1pFhG5C37nTZ8QYNKqtqzXWXqxUMea4YERarFoisMvi6TZY6aKzfpVQFLAJZmZL7aIhwU7ytEjI3p1arAvj28Utr1Yend+7eKBvus4vdC5DuilQqSbQOtYEfy6VUkjR3utXM1gpCFsfhdLEy04aTxhiQ5jk7VNs9ypCZdK+uwgQXt4GS/V6VVE3t0GjrttRgF5wml/VsRN8Pa99GmbAIgBItbGOf3m3cVCGiI8Y8Z9LNEF0An5A7JXQ+plmA3kLMHllpDu+dm44WkBFkJ3ZLojuMbROMsGjbVa7+PbYWKZXHZRwRAJG1hFLGiIggkGv1uHwEw5sOcTdDrhHDUFqzqiKiWy0zZ4QfcTEuqMJthK/CcYmGyu3g9XItXuFjtQCE27m7Jcx9IHnP9iRosXMiRO86jI6f7sHePTbS6H2zmIHoxLFGJnt6biSdNNuBBN4oRsdUcacymSGMZsqHb/H65vLx18cP/vn4yQ/Pl3c1X9h7cEWKQrnGXHmbU1VjlJSZay2hKjzcfK06b/NcNVaec8Fwm/Pp5bw8HgmirHAs1TpLj86Hx6/bBTaaCHXATQMgW4jCX8jwCeHuat+QYw/SFKRq73P7xDZAo+2nRfVtqDbcamvy7xfkXp63QmMnGJa6ScVWVdadFehQ0P6a1SIZdSH1HtGbf8gtrExBhazaQu+OT34d5rdY2qoBSgncQNdGM3o4q+yMGlVJm7W/U/93BdHeLrBB9/530fMVW9ah1MZw+vP19d8KH5W1tEma/ZlyQ/79F1WpmtxlclmVvqqqMEhCmZX5qh+xlUB1zHCYrzl7eKlckKDV+xM7OVdlkNZSitFteKi5gNr+HTqtt5oMi+58uVuBS1ku5VpgwdsPY2/evs15vnz+6b/zZ3/9x5+9/9FPf+d6CRq0ah9BSnMvFYLhXkgksrJlCOiCGUhUsZF+SDViWEE6xTIhkdWSUG/kuHIliOH24emFpceHq6CVq4QYx0dvP3r/4f08TxuXdd7inouyXWAlc6bg7kTVKpgNj7ObcWjPTy/hHuHnbXaAT2uZ2AlQCbpDmHNeLiMuAbFy7RY2CLSsmre6XIYwztvZHGFmPb3/vKqMbrRqkRi3rGHt0a2XHXN6Vzq2Fb69fL7D45C1pdEScq4Ij0tUVS7C5GHIKqRaEGVsMQkkqPoSWWuqITxwF5+0hcBYqawyIeLohMYOFYcY5qqO1Jdb6D5+ra2532cgoKY9XsnP9a8hAm6+5imzMY7F1UjiXLNPipbe0SiVWVgYaZlrIGSomcVEiW5zLQikGhnq8aZBYYLNhMUxOnnP96gkkLUae28S14AaPh4eHp7ff9jqYonDSlVL94Q8C3cJa84IH+NS6A53eISbZS41Py+pqwnY0eWqDQWyb6P8BY+Tt/M0teGue6oI7n/XY1sSV63q+qrc29S7L94Fm75mLWFwN2YCBXYzmrVjWW328A0Qoi93kCg3d2cpc5n5XNnpF96m+bUV65VbANm5kGsWW07cXZfQPM9a1XZEgDF27U7TDltNtam/vetbQed5qgTYcT3O26nML33pS+/evZu3Oa6HSrmy7BdfoRfNSrADOIiV1Sqr3FE2He2ANdfdCtazPW63E+K83Uoy925Ia7mhdW0WpbLMabBjHDNzZfpwzFrnPHWSrAJgHQ1U+7Tv37X2RNCyQKCqVmKEs2zmCafJzKNhIrur9+4hyVvtt+l2VBvc3bhye036UKR1WCE8rMnuRBoUw6VSajLDo3KdddpOCUC90vYld6x7v3Jz1DSUNhDe3krQnr543g9B6Zwz4rDgeTtHeJWUxdqXcEGzqpRYcB/w2cD58/NLrsU4WmAwc8UYJa2XG46LyTvMi7671FC4j00y6zurlFrKr3z149ttni/Tw0HlKjPTKjkJzJmtJvz5J5+4j62FveeIb7yZLIOR5v7F0zvsIu6OfJW8c7WDPS80sgOSqCbBDdhvrMESO+f9tWcaPbA4OVtxYtaKDstkBy2A3h3GwIiD3iJ+LxQN3WNWSzTQaL6JbwsXYOE7fzi7WIemEszHWCWjWYQ5zG2t7Car1mPYrk6rGGY+GtUGE+Y0B0wtv3FudxWMEWhxcaeLhMG8ZzWjmTl3PrS2+B1W5KnKtczut0eqShYOFayUMKOPo515Vala4d5dxS3rzraDG9lJ8ETV2SdRC+ibZRkRPaYvlanM2FhABJFG4OE6JqBSPFxHPCz4IEUTnG7oTCS+ImiGu2zHaC0X7VWhbzEL60YK9A3Zto9owStaI7eTgkEPc/sFfE6wTb3dBaidrIT+gnsYUb39lV/WL/2Jj37yZ979y3/6/MPfv7372cv7z/LpA6wKPS3Z0+08b+flej1fbnOd2yLu3YRbJczSTDxPjXN9tOCLTx9u8sv1oqcPt5enNQuPsuP68NWHx6+YN5cBITrTk2Xy++zfw8iG0Qlt+Z9cO1lqX5vSdgpskqB2wNw9snvjMn3S9SFXjdlDRWSh7TFbqklkUVSKlShYESm0haPI3BIYFZs9uFtywSWs7Vei0BWuvTNUm++7YFBQi6hQ3ofnDstoPjA3A1BbWrbpzUr1X+xLCPfg9pZp1cqGL5W12gywF4DuDduS4lyrSlXJqp06Upu5RXYSQalqW1pr1cqqwyhl2ev33k0G24LcH0neNojMUkpyw7g+nOctqyKi1w+ytFKlLHVKvCxUaXTVhGDuWNmKIiqEskBclbdzc+m1BAg9WtLd+0M2Dvd0Oyvz4e2X/vY/+qegffTxV4Cqte5C4kJLwG0ImLksfc9qLegl0F/eSNYeUbverOFVuaiejgxYpX5rU6XSx1/5E+O4/cov/8nvf/d7q16yIMKNz7fnc93asmEeDQC3XdsoONvB6WGaRS8aZ1UWjohz9aGU4/Ce4MyscfFqjfWeCOEeVUW3Ndd9voJUcViVLLQ0UTQzD1clJQPdRq5MtneeKLlb9z5IcPesvL08vbk8IHGus8ukOhyx0we0f/5mdOwulTJ6VVXV5Trc2MPxvqKKZtGbMNA0c48xxV3Gpq0dbyET4C3FqVKh4SO1qm7rHpM7IkvansBe+1+lgLLwzvkAmXvVwQirUiLjcMhmrioR1VQQiDhGWNxuswWYe8XuXL/u4GtQPgC2MwiAxWCbHhvP6lcifBzXY97OsDDvMAyZ7YpNjyDS2dQQafzw8pS5jhiCRFgYkmgU8D5LNAVTQFw8F1feaKHMrG5x3ado/6TNXTvS4pUcyp7KtmICdnt+cXc3q6zXsyWGk2YW0E7VrFq0CPc++ax1J9DKrKqLx5vL44d374C2sHlVYYIeUO2Ej61thCSzEYdprsxs9asZwkZl7fbl5oQB80YAsr2EdK+Zyp2utnHWbtMF6FxLlVmOaGfhBr6AO9ElSHC2O4jukl5uLwaa++dffFFreYzrcf3w9KTMNsbtJXMjbgIts/293dq7AbYq9Zrb5KR7J4q2hbzCfa7b8fBwzvnawtv6ErO29ciNEFKrJLT7OVyqrDLucMQttoNl1U6Tt1S3qaN7v9VyWVGpKdqvf/vXv/Od319rdTJMVrXkQihuWdjmJqtk7plJaK4kec5p7h5cq8ItU/O8Oc0P1iql4MxakiyiSoV0885UdUO1Zcsg0Ie3FSz7h8I2NjYwaqv3BKiybPjK1ZOwGak8joe/8O/+e//wt/+xO9d5QnBnkWvOL84XtyA9c/V5nrmOy/G1X/rqz37yaZULQkFTifqN3/i3/9m/+P11asTRZWm5+qdnnQ60KqvgcYf54SLW2iABQXMYUeHZm2zHFWZ3ZROGOrVnsZ3RhlI1uBi0zLLtJAbIuRbWEonVNk32Qt83dgMxqjREWalk7rUqPNbKDlHcBbAFM9ddjLiqca4yU6vKd4MOOxZz1+4iu4BCTpu1uH0YXpkgObxjnwVL7fIdst8+SPAIycwOsdrQYuEShnfmuRthEcZoH0qBcXlk2Jxp/Wrdy0ABgCZziXHs/i8aRaeZsmBGC28e1hnHxd2UT1XVcbbuJqnWxM6PS4B79SQzV86FhAd9hFFmmAtVdcQBZuZyj/CY5+mER/M2RTegnHY9RonHOLov88zlfhyXI3PVlAcLcKNfxzmCcdj16jv7v3sozcIRPfX3hu2wruF1CvDtL2ewD7st7OluCkJ7fdgYf0/RBqOxXbs7rIEwvC4aLYSVAc6tUzXjiDaypwp4DHz5T3/81a/cfvRvfvovf/unf/DP1lxHYM6Wxa2cmYU5c+YsrDAeEcO9kALpPLNuM+VmL/Pt0ws91vsPdn28mK3UWbDL9cbD4mFENKFNyHe+v6BmKnSPWuwg1wY3wB0kXVuaig7rUfWbyZ5OhdgMwc4T3qf2FsLtoNwNjvZ00AsG1Vl39yN+K8RLQi8AAq3V9yX0SbG26sdWqe5BdEs9/StbjQNfwEpvvCKlEoto0Lw2mLQXALEnZHU4o7p38HU/6P7S1uQX9nKASqFWH/bc/z07uKOrigV1SEtFBoRCVSlLjfc3ThQ9W6uB/xYRHbV2WrxWAdmFWLxPW1ubmAlVVW3SsDTnDVUe44iRc0llUPMAxeyphCRQc561Fqpo5rS5btfHt1/58lf/+I+/r1ldvkdj21UKpXNCEt2CqhQCFOZ8lXGnaMIxInNlyegws0EzzDkNXGtZBw6jezkLtSNowPb73mfHplPHqJS5jFarjLrHqPV2UEZzhlyPb96o9N0ffO9cL2/ePsBizgWz87aGXxBYvQ+W+uldKeerD0g1FT7KYK48Tz+iB/04xhaUB1FgH5MCZJkJWSLD3Glrzm7y9ggBuTK89zLRkJnYdEGHbmwXItzuUp7OmpJq5+Wr9PDw5j/6K3/17/8/fxOoncgsCTA6uItcJbYJgd0pZ8xchMy4bnMZzAIUqtyszR1twHAL1as+sf9Tv1CvtNrWsxTR/WLYqzw8DLS12sSl2u2XTHWYmF2ul/Oc/fdRi+ZZQrNnW9dEoNZcsoi4HxiyrDSiqTnfqQ0wNxTVZWRrFmCrJ72OBEj2VJ013droT4+18s2X314vDz/94Y8k+Ag19tQEYhvLaefzSbfjcbx8eBrDNBOU4x4zKNVS14awsay4o5b0nLXOF7O+yyyVHeSse1CRkSrrqB80faSOA0E1+nT/cXdba8/FtRlWkvbw8KbT2E32iq6E+zw3fYlOvxZGxMvTzX11xnfO1YhVQawKd48x52l90lvBG/kfZ2bWOsIzC8ZuVemDohUrQB9lJdAMa602gfUxQsAM98DFKsnk/UlKCN0B+N0xtClgNeeuku3yAm17XUGrnFG5brfbcLstunsrLrbieZPu1u7slt03EcYNL/EuDcraq9s2eLbz62tf+8bPPvnp+fy8w2R4P3WBfv4AqXM+O7yzysJZSYPBPPqMQxvQjB3leghNXbc0VkbvIfvh+jjn+Z3v/H8G0mOp2rTjZgJXHykbSFMnVFbK6TAND1S6+Zwzt3TVUIWCDMgOgKJq64xVYqNrKkA513H1uZYP70eFEsNZ5hRF9zjrhSkwaFB2laO/VsXDGNY2xBXO/+w//au//90//NlPf2oRqMqqiFGVwM5jLZUZ6GaJrHz3/kOpkGbOI4K0tfLp5cRWwS1sj70aeJSUtTYjqs5DcBM+fP5UhXBv0M3dxnGsrJU5c7n1eIdCIftZ5eVyzarzdnZYd2O9vbGq/YVKdviwsaqc3lZXqWaubhrdXaEpWMxuTCPGGGVwMwxbs8YYOadb12Mps47rYR41V6ncvYVpKe6GbjjErF5jnO7DRrFynccYqa2/BN0MKYhWebeq7oFJ7BYq9140QVTlOtflckBeSvOjAYZe2s09V45xLVVXNgOieztX/B7sB7fOc6OFs/MZSAuL0UOP9XfNXatozqqstcwo35sVbD9AkEiOGElBqVUGj8NjNICilQvAw3FxWhLVGixlrRWXCDegFLhcghKQ10vMFP04jnHenok0k7G5Vo1jFGydazzW9RK3x8u6PEjkjuZ0mMPZxv82hHhY03Cbdg0jOvnUGkR0b/0PDSbJvMMc5Ful2QIiI+TGYd10ZmE0yIEwuLFLiw/HMAYUQDh8143DrA3DzI8/1q/+uT/88nU9vUdN5UvOVVuKUiJXrprLXMvsIAVWgteBUtJWYdBut/Xh6YUxdM7jzcfxNDPxclsff/QYb75841ELxAZum0l4zYZoTrL5nxZdbnjnLlBQM/gb89drcGOjF6016CORgKofJO+PCWA/OVLbadBZMNicaU83aKMxse3694AOQuLOmNvL745fvydL9Kay4fzWIFWCCS4xi7NwK63iLFTxli5idbK69qahAg2ZWt0oKK2sug9F1Xbc2sWS1apw7amwKwir2TFsp+PGknLrAVoJkKkqIbtPr7nkqkz1gt7pbFVZid2OU6qymd1+2jtKZvlGOQuQMpXlx2G9Qp03MVTNdExlWopu8zxbpx5yeaqy64AZA9Rn7z/YuETYyglluJmsNLNgcZXKtSB1OyWktCC2ySJsGFl1SqIDonLCo7ZKUdG/RzMPmtlay7psLRM7NKDYp55UK907jI5SqzNhO5i1RHmnGZSdL/NHP/xxUbUKiHl2D1dkrQ7XJwkWaXS1v+h2OzvQz8PWSiOMOl/O0Z0qWVIHpEEydTWSs/NCsXl/syDkrT21u79Hlc2T7jBLMlfRXK67w4xo93FbYJvzv4sits5QxtQ5z6eX9zH89nQCzU4ylT2PtYipY46qQOvQ1XttH5WqaJhkrT/x1a+dt9vT0zvz0W9Y5jLgVbe45TqtAujPLah/2jckyum9HAMdR5NChUVSmaWOUhMBmfErH33px5/8VHdnwhb/YefOtB5JkHs099uaezUbZO2oQ1UV6+HhOs9b0+fzPCmYu1nrFPDKo746+MwYw80shj0/fbjdbsdx8fCqlFahgZw2s8HageaU8aMvfUzUh8/ej2ukqwNJWyvUovzHN2/O2+08z82Q7sHSInyds1hsdsINNL7mFOzqVGtQxV4Lekl080lHa2BzfA1kb2MMS1qZN2wOFoBJuM3VQsXGvO118iFhdvg4z5tFhyx2ohsrIZzrfIkRKuuqinOeFUkhWv8iGVxZldX894YgBekeytRvU7WetTccKEHDyvXNP/mrX3z2ycvtaYcIQdsDIIF5F3/dwzEaV+uQBLZCVu2prS3TrOUjHt++qcpz3sY4Nittm3Kye3KdXmU32lcUhdZOcDu47r8EMOLygz/6VySGX1YmeGcxd3DlDqZotZKZZc7md8Ijc8l6Ql2SGRsDVGft9vDcItieGygo6yWf2V7TsNnKr96h2suzb+F7710jiHA64+H6rV/91s9+8qNPP/25j9HuciMR3q/UfVLsCdDcmFr7LlULOGAWI5iVhr5KbK25UuMYlTnP8/p4/fjtxz/75BNt3zp2cgm3UFfAUrnZ7Xb7r/6b/7pUl3Gc81S7JA3mMdcCgM6op/ZHmvVcT8c4znPVCQ+j1yWO//f3/sXluJjZOZMirTuLC7vBEeA2Ct8VSv7KBIL3V+t2NvJmJEqpfmgA7IqL23m2RcK375MGFJkoo3dObuc3K7EjXNyVBcIj3D1Xunll9zq2HL7JBAJ6Oc8Ib37mer1Sts51OUZQKytLKI5xobEN02a/SAdxmg0jZObKnOfNLg9f+6Wv/fhnP3Ib2v1fr6A87/NrHwRq7hN07AaGqtSbt1/9t37tz/zT3/ttDPcaDN/jmXdnLY/j4eMvf/WLd59jLsJ5jNZEhY3wEFQwOX8RhmmvW0CQUcDKBbr5sZkjg1BmZsG6Va1OuuJmqlVmNjycylrznAYNj3GYGdZMFAgLM4+hysw1hhdq3lImEjnzco0YuB7egoosuVscPhwa0RmN4cOHdwbAuBxhQN2ceVyv8/oA2wn+3mtAmPfMbnhlbtrH1hoestfAPujgYMR2TtteJSwMsalI9swQkFPXHvEJJ8J4IYYpiBF2uAVrQCTdOLa+bJN+TjeKutLjbfzqH3/32x/effHh8x/NfKLh9nLrUIXMnLkODwdhTcBzldyc7glmAsbbLLvNiOPd002fvYvjDeKSfqnr25Mjqyvce0jvRKgNzNwnbr0O9trDv+6F4NDd24yt77yHefTAveM4N1TB1y+0yUb1JccNCqG/iVZBGgRrXrvuP5w+f3rzbDzmLiTty78vgN0vifYG3t+bPtJ1B+6xEVAwC6uqyCVWYcJSOgsruaQspGzKzlQWusu+UrNUwGobcf+f/Ydzz2+Q1tpa1YJyVSlRFJzESmmHPbYmE8pW9bRko52+O7pQW2oipSorUAA7wzRXu4Q1IFXmugf/a28ROcskN6853f0y7Pby5NWbQjFG65k8LjSs88bKWivGQ+bMnON40EKYhytz0XHEMdfJJnk4oKJEIDNJr9a0sH+hMjktQdU8SbfuPxkNn2ZbcIg0mnpMohrSFhNqpLfXMK8S3Mt6wiiBGIy2H4hL9eZ6dYb0kpro1AfzmWg8FeXJO94DekQnE8+qYhlk8NblPj4+kliZNNOStdhGVOegtuCysstl7ucGSDoY4atO9jWhYnhlB0CzowFAePia6p6k3vD6JbGNse/oqgbyNkZvhsrf+nt/8/HxzfA451rI7rxgkKW610Xesx185VTJwE54jjGIJFmqtx99pMe3H54+l4mdcSeDtTm+Rf9qfVQP6p2j2F3gJIOea6cdosHtqhExIoSs7M2dqrTwrPWjn/7IbRBMqX3wEjwMUqKQwj14sG0SO0oB9/g5VpXMuZ4//MZf/EuXI/7G3/rfxsPbloxs+I49XUGqLQgJw92MmyuNYeWoArjWbPJcyiqFe7tjdQcen794b8OPY0hotBtb5wGTYCzWy8uz7hrA5kw7LVksHz7P6T4KQlUbuxkEkalwU+6kVZVixKqVuAcPo2Ms0sMotqBXQNXC8jK1nPA4horVLSpdP8vVz6CkV/NVrXVqbVWU2BmVxq44yD/1b3zrk09/Np9fiGhu0A1wnzOxw2wI1Y4vty3E7ZO0j18BEUezpIA6IQnNu3v+9JMfaJVbZLZfkmF3FAdgVQMDd/S11Ir5BiSa/90+XKApyHyZZulucRz3ARD9ve50iiRtr1MdA4xSv1hrTkgIUxY69rzDkmRho1+MzjWpLHbD0d5JCmRCDmbm5frwp7/1rd/9vd8dx6O5Zy63vt9VJUbTwcwsymAEEzuzTndJnLpdZG1vNncc5d37DknuO1G071eAqutx/c//2n/xd//u//7X//r//PHHX/7i/Rc574tpP4N8rcQzclfDcr/HIqHC+dSGMDGcZKsVfZggOrvO+LMPX2SuiEDBdypZE3O9rRPqWClroenCREmohQpGp7ar3w2qDzIDfAQ7xtS4Dd/gOvMyrkCtSndrPp0bDex+CHl/nXr9CZZ7/OJ97e0YKqXLw03Fqg67YWW1jmvNhQhvPJGUMmX3L9AATstw+2U3AqUqFM2vcbnNFzsOqN4+vI3j+OnPPo0RW4+q/nmYkT6MZV//+jc///yLl/luXI+X29l2EjrbxyPJOfqREEFEm8zMt+2hhI/efPSrv/qtn33+aV9LfdD37m3RlVmuFgM13eFR3dBqHCMovuT8lz/4V/7w2GJFGmE+V4kQ6XGo9PPPPyV4XN9U6R73KVp0HqiR9KgeUWkGmRvRLFkQ5gyPaG0O3T1kutnNi1vkGEYI7r45dKMRa661TjceY4T3874nOoaNFiD1Q2xcU1nr3gWmSxzD2R1SbjHGQesbKw/3CocqnAqj+8P1KnMJ0ZGnYePhMHOFb1lOeCsV3WDsNAYa29XbVhSDmfex1li+M4ytPHZjOAY5iOEYhgAOZ1CHcZCHw03B3gEUTpM5YA6xefs7GLYF9DuPoWFjyDHX4+X4xre//cknnwGat5XP7zs7z8iuKR/hJKownGW8FUN0Mgsz0y+DEXNpVn7MOBfL8fbLX8XDV59rZG7UQamGXTf1X/zFSd0MQGsOQDao0UBLswB98hQ2EKQCjLyTtGxQ5d5nQ0KyHnfuBY9sMQHuCJaV8z65YJMEjeM0KtjHOzoct8XK/9p+wIJ5QZxSp4j302xk+8E6RYFqETRGZ6FjA9cEZKqG8DppN7HEJVvSFLK00s7SKkzhLF/AErKQYguHGodtl8I2uVRVh1sWWgScpY2nVP8B0ZDrNQa0PQPbPdxEAEqtWqjsRDdULrVxovrPJvZM3Khp+Spl9mFtKCMP81qL67yYnbMAnvPWZ7vBoDKfEukeOmrN4zHC7Pn5Q728DD/IkluHprEd0sreYOhlvcpsPrzFG61gEMsBFGYfwNYjTN7MfB9/lc3o7ueEafTKNAIDNWtLvb2qaq20bosbA6o88xtf+8ann/3cXcOOuVI7HE07bAYPlD6+AAAgAElEQVTd80cGK7shXhKzEgxBWRny68P1/ft3IyxG9K7SZyJW7Ueois1zoBVsG903s8p1vizsg5h0o3ffRd+FWDN9xE5PNoex+QR6ZzGatGT3em1rZaftAofi5fo4s5QVbpXJ6IUC5jsVHpDRG0RHdXie7qt3gQbh4fLwve9/l9Q4Dogtdm9DQBc5AY09G3pq23IN9efNzMvl+JO/9M3v//gHHd3k5v1KrVyr2Ztm8gzK6ssDdw8OsEsk1qp24CYVHhEx55mZaGhM7QhvrKG5gbo+fPz3/sHfHwfH9eow+D6F8jWAa8MyO0wpV8XwVg2XlpnRPFe7ldoy0Q+am3u3c4BQlfvo59pHkNzVNCTU4g6YbM1FMNz6jexpM2f6xf7UN77x/R/8sFmIvclEy5LK7uCzsaUJqdVrX/87JVXjpQQ5nOfiFoMQKABHjJlLleGXYieqUyqDmXmfLZJE+sZKKNJ3CCHAO0kKffr5p6XF6MQi2IgC1pyPb95exvj5zz+ROMLNfK3V8hbSSq18AYAEzTmzsQA4kSUzCGkctZaxLcydiqYo1a7iMAhqm4ffk0iF2nb3ulsQNyBOrXRnj9RzTh+x5moxAxv2ud8S3G3ATUA18gQQyopwSKtxVnR6KqXXfF/lWmMMRtuK+2lCmhPlElRjeNb6ox/9MdwqZ5bGcUiV8+W4PtJs5dnjdkuFe0JV99sK7ZdtYK2q3HZ4e9+MhdrCKMHLcY+SyWJVHuFP77/47/6H//aTn/9oDHt5fq6Vtc4xro0Vtbq49sWIO4YH0iiUqap/AmbOiHh+flEPHkqAa9a4xBjjvE2gguEcsAmJoMFnLvMtbaVZVS0gV2KnojdtopUZRpJZDSXuKlCQPjxzVTbMAO8T1jpHTtkKmzZflIp7snYSJT8iLj7PVVlmqN4xeusHQIT1VEcCZULRzY8Rp24dmMo903Xag81VvIseGhXvcbrUowxXQzOkhLXW+XL+x3/5P/nBH33nD//gD77ytcs4RrtFeiVfK+OIrLw8POZc3/3B9ww8LteX57OafRJ2I2x2/YN1DiwKsOgfI2GlgvFyuX7+9MVv/s4/frw8OmxWFsR+WoLbvxDE7oVoeLRxaqepMse4eBwv54wYBluZpAPWWUNytzFYTdF4O1sJtoEB3v68VsZ4tfyCJOhuZl4i3UCPpozpcUSz3piZe1S2Jr7WWlDbhzr0IEtrjDD0v981ZxN0c/kYmQsqJ8cYoNx4vVzC6Wj7FOnG7JXH3dzMu4yZZHjQULDLcVmij4MR5ypWHsYRUccxLgdjlzXvH5l11RfHTuW3Hu6dNGOYmWEYDTgMQVwMl/DhadDFOQwHFURsy/+9ObqH0TZGddd2SdDUltYLhnt6TIIqZAtt+z6h9Y1JH9/+M7/2dJvfN4PsfP/TtZI4leV0G0ZhjNgnaVFiV3f2eD0LCZNYxdvi5fKo69vja78yLx8ti1R17+pW7ef2o269H+5SnJ64N36qPSW0arPxlSq/R+U15+1Qh8wY4bEpzT7cNyW7l4u+htlAvYBMvYZA9sXekshOA9gnfm2+O7GpvD4HmgnpL2ItNdGmw1FSJ0j37ehIbacpN+egV98XUxt26fsneNdmNOKEQglcpYLNrCkmeEucqRTOwoLPxKxeDLwNuQ3LZwf8oNVEqEJCK5veVB53IbCUKwtUKzFbetTp47k7CtSQKpSZKOVKbVdBSso2E5dqZdZyKedUC9Pn/Gi8/fPf/rV/8Lv//OWW1q5/6HIgM3Ot/mahsjhgkGngDfzImkZ95c2Xbi+3p6d3KJVlq2FHQKicy6CqZH/WlXSHkjRjluSXaNuEMoWSX/7cn/717/zR97748J4eG5tj7VeCyaJYRtphAiuTNsxkmGYog8f4+M3bp+fbTz75+Xk+qYVDR2hmp/TA2fBCd6Nrpru19xvRQenhuxEF5hbHFc0IN+yRCu+YVlnHNpTMhpvN/5+pt+uxLMmuw9baO+LczKzqr+lp0tRoZJq0IRiGXizAgAzDL/rNfjBggIANCxJsA5YMC5JgU6REkTOcNme6qysr7zmx9/LDilvUC0HUVGdm3TwnYu/1ud7kGPIhVKVtBKlw3iJY1xUPv2PEQIrEdZWD09QEo6pGjm4hmhvRtC1vv8Ue0FpdtXJkQ6EdI+GVL4ZvBYwxOaKui4qRUb0eWSYSo9HJvXsQvNaSkBEQYqYg55xtldRm5z6LKKysNrvX9/NTMNDRXdWlzcYpCCiZlkuk7I/nTsR8mKGkkLMnoW2ov+4LgKIdamcpdzAtfYtBq8xnjLoqlO0QvS7TLx5C4EJstaNotpaptwdJxKoSNAzVRSw3iXbXvao7c2S6rqSZyeSI7GUFAiPjulb6yt/MpH0Xypl1FaGn51tV/Ye//PXMg0RJdLMELJmhFQs5oroARCJAZEAoZ99D3X3cZkTerxM7vIwzw3j3tdZ4uj0/v/zwu98NDku+g+YTzL+UmylbPUYyss71t230NKGGwXG+fsqRxzhKFWLVCiaab2+vazn+AhKqLI3YA0ggJCAc0tzXolQOe26W5Z6JqHKWI1av7nb/8u7yMQUbCFBtLVAj5kCXJ2M+gB4rRxWW2fExLNuZTkkZsdOgN3irPVKjuHc2mEALMMYAQasSjSK5e8UfYXAecxuLtOzxv1xBGvHwC0VX//jhw20+dWseXEsvL0///T/+x3/yT/6X6xQ6pPKEB3FVgeFsnQcQDxO7vuEiotYuTPYka/INfhH1mbnGtVYq/+U//z+L6O6nI3LkyHdBCqb7etiayVjV4a7WyGCoQ7gKLUavdZXGMd2svm9FgwCrXDPiWMfrOpkmsKVdWgv/2iOxurXDPfbLb+ggEtKeY3zkG99s4DrXNi6x1XGdpyMxHnRfdPW2wgZCmyvIEefZroZYa2UmodU9xhhHrqscv+SfpsqvqxeV9XYvSfaHCOpa/5FK0otYjMhV5VdkzFgXQMXI81zJAOkSvqf3X/zJ//w/Buo2Xj78+CFJMrzAMO21jV56u98RY8SMGD4g3n/1da/18dNPmVnbffXZvAYEoR7Ph4OZREbEVR0xXcxzQrDlSswZaqk5npLI8yooOW3f2FH2Ir7+5vfvb28F63eiSeRAZDUQiOFxJvahQCoop/RaI2tbq8OAtjw+t80nRmSQ4SPR/wcMkxKRTN4wR+fAmL2kXVoJa8kQ6OuKoMC1dLvdhoc3xByOZMNJjTFu86h11rpyHL0W1POYyZxjVK0I3o5xzP2Ix5xdS9VOncsRJDInFHMenJu0f3ka4+XG48gjM2MkjmAEx8hBzoCh+hmYEcbsZ/J5xJGawUkMatDpah1b+inzRYId1ZBpOGmtJrcYxNFAq+G9Fu47FKrpGIrWw7pqMXyG7UYO35hj/OEf/+F8evqb77777Z/9m+tebz/99lyfQMw5GIockNRpbqHhZFWyhdLrvcZtvv/yy6cvv8l3X8e7n70d7ytvD6rB4fIOkHjIVzznulzb8JS6uSPVdrSZdTSbC7AYQHuhgoIYIYN/DITakjmDo7l9cY5h8WUAQz4YeGjdKO7EAm0W9UGY2A64TxMrJn1yeHHS5zFjb6/QdhYlYWjfom8LnB8Gyu4HCUs82uAtS3rUVRMhRMD5JsegjUHWOAropiQxrtYCruYpXI23hbeO1boaqx1SpFZXoRpNrNZqrIeLYJU9C3O1xfzy3lPXHvwhWPe/I4pWkVxXdxXMx19rl6Gp17mG6YP1RHSvms8vVde/+Ktf8eXp+UCtVl8C1K1a7BvbYKRqrerVamXwGEM3oK/SBY3jecQ4z7fWsvq2a+UxgGYXperK3M5moLsWq7bzLprRFMX6v//8z6D1dHu31gLEbHQqGkp2xDFWLaZFOzrPa0fNOR9NvEo/vn5cq2F1rsL0Q9iNyLFq94aKRYPxwRHzkY7KHEOFVmfw4+trHtm1Xz0ohCoJ2p10JCMDq8/7eXv3rtdSAeRnZtsW9q3LEEfmqnO1BmV18DQV3EB15OcUMpe7fKa8vAhFq5opbiFsRORgr2LuTuu9+mZk5DovdnRV5v5e+9mFKzJQJtHbdMiWLvWWWYl42CV9S65CkhHq5kNNROE8+9evvzVTm0k0946hdmk9QZUZKAF0/48YUtMFOYpCO3RIJEKqPev+t//1P/on//yfCiJiZK6SQpnD4fyeUEhm5roWSS+8j6Mr4V8VpYjjdiBwf30z+BYjVaeERlNYpZwD+9x+tHSZwRTYfa7KCMeb5hjaMTuAOseM5Krio5zH41xX1eoYIaqrtkoeYgYRx+2G7rf72Vt4gBZWX8d42iGwERsIAiXUWpYVMQSkC3Tub/df/PLv/d53v/e//dN/gufpXy5aanTIemSCI0f1quoQ11qp9FUJAJkkq1dkSjrPu5vCvACOGVV9rouMzFQvoQt1jGPV/mhB+ufp7m0bBEUlx7Kqkb7GKBSkHQzQNay2wN6iGwtjTqlXN7vsPNvBtMDDD4o5ZqNJdC2DkOAO9jGdFEHGNJD84Kd9IW2BhvHT6zxN8BubxgM8NjtzXddxTKI9XLbWVsDDzI99i6Xe2aterjNzVb2tVeq1llpBSKheJuNGjFYHrQta3PpXQejHzqeHeW1/jGbJnDcDtv+xDVtgtRwD2o1Kxpy3149nd83b8e79+59++qlLMDtuMKuL4pyTtpOSM8brxze2YoZaXR0jzRgxWNLqHplBjTGfnt/99OFHQXOGQf0xBgl1+kfftcEW2DbazUxqlTgmIXXliLX8UvNvFyGfCMnuzjEy8urLvAntN88UuoEIZOT1dvmPd/PPlrbtabq6bJjZWubYcwkjCNZ2+/vIi6o6brOBthpPO6/m7e3MyDlvt+ej+tXcZ+xAAz4dBzqqGwsSIrURlHArSYxjrmsFgRj2wffC6+ur1EA6oNAkFZxswcjMqnbC5s4EVysjHOo4J0XXzmcOr0vzKZ9fnldJvMRgph8o/0vHuD29fPF2nl3FHAJzJNvhX0JEjGFz0cYNgpEDIiIzh7VxQAQH7YhlRmaQsRM7CI4Y6c82Mhq79mrOEQv1cTYZEfLVwsjhRLOr1qlWKNaqp+dDjao1R96O43aM67pWXbf5dByDwFWwzdMVCnOM67omYtxGrc4YYwyoj9sRc769Vo6xzgvdbrg+Zj69HFf37fas43bM5Jzv3r+M2xiDx4hb9G3wFnGMeAo8JY/QETxCMxjQCCZFro197IzLR/XirnlBlVqlZu9zxZULwOP/qWqoNtuG2IePtn/WEyrAkgUnqk0TYMfGQ8h4/8XzH//9P/ru59/+u/dfxHz+/t/+qw+//b7ON6nGLQ0CAx1jNuVQ1wJDOPLI5/dxvMyvvnv3e7+8ffv7dfvyjUONPVcSJPtzgmd7fN5aHz8heNA1PgbbV9LjEJU8TmA1Ua1dyaIkciuuC2JSttUYZk/zZztt1BqJNqOXD9FjGZv3w+fh23YikGhKSZj5yAhfShFy6La9QURH+CeGbx1yf/LdbKHQUpTVJ821VVibtGxhc5iGnDYhskGK/d2tsjTjYQYbPRzwZBOydkRpC2fzLJ1eDJTn4tV9NS7xbK3O5bGgtEoNXaX2ttCqat2gtgnYgSuOJS13/YzZ0tHV3epjCOzV6KpDkMqlQatrrUC0nqrW8Txc93Wt02lEo+e+kCStFTpiLXRVVTrE5rrcUhyJYx4x53nd7UzOnrbmcFQGs0vVtSq7W0pHT3SFvVyroaKG90E4AqRXIBElj62XBahB4ryKFBCNzjGYgTIBtd2JnMd5v48xKEp1uUEpGEywjN/vLAL3PCGS4ULG8uqXREwBFtYaP2SGqhAIBSJUa8TQ5EK+//rnv/3+L7RAZGRW1/ZhQk5q5mRXIY5f/J3/4td/+a8ZqKvCa2NALgSEzms5/w2WndEZFZBtGknb8aio63IYd8ZotKoih9Al3XJ2jtZCEOF9BuqcczRQb+cOKcP+EZnDCS9Wzvs6aJSsfa12BjfBZOihsV9r5cgxUtuRpwjGGEDXKVLHHHmMi6tWZcRa1YstWmTYWLecTSRGJGtV8HFcZoDxz/7l/65UVpbaEYICq8v6ZiIQSkS1x2s8RIrs6pHBDH9YZHgZjrQUHLUqRlqAMDKuksx+qjLCYZuo3maH7vDbTnczVxe4oxLY3Wt1d4056TQIRtntkQRZdWGrULCVM9X3+xuD6nbVm89YMJ0td14nHm6QqiYrtNEHkmtdIFE9n57//N//2Z//xZ89v/8CzVqXTxn/2KuVGeG69GoStdYxD1CryneTJWqRiUeTsXUWZSq3GvTOoZaVB1jgV+9/dtX64YfvGYeneQJjZjCqaj4d67q6hQiVMseqhtUAuwbeAQb5YhokI9QSMeesVQ7uVLd9dr5UHKftUL21Huk9YdS85OyghsA5hsRz3RkRxJ6oTA49bpEI1ipERuywqv0F/UzBXY49Is+1/vg/+8///C/+bCfqQGPE6QBdw56Raq11GhhicJ334/mmDudPdMHJPiOz1WsVA1tIqwdlvYEnD1sWRmmYLN+x0cImzB4q/00RIEaqa50XyRyjq+VEWhLiF1+8+/HHD5l5XcvovNPT12prKh7aJGbmdS47LPGw74moVdbnkYGZ59s99JAwWAzNgYyutb+U5/9Bmxqgjpm12hmaXeYyQ1ZP0iHb2+dot3vOOcjzviOovduQgXx8SFKt9m+LWzdsn32NObSdF/7pLAz2J+zd1CtJB/3cqwscDMa6ZDzTUcG7GGhLxxyOJkCM1N7jzSMzd2OLROjz68xQ99PtttZnd7vFxf0I4/cTR2TCCR7hxonY8ptmjoiRxl3HmFZEaEOb4BhSz2N0qTtiDI+WlnHcjttaFY49uN1W9X5iM2URBu1BTDIzmZFIvwEQM3OAIQaR4U54o/wxkkHnRYIZkyPJ3DSabdvBOQavj9ev/vX6/t/F+fFaZ68ryekW8TprXQN9XWeOJKHGbeYx3NJQ3Zoj5pyUuletlYOvn17rWs9Pz7dBknPEHKTi6en5qy+fV1VkALzfz4De7qtbz++e5/Ect+PdV9+sjnl7enr/s6f/5I+f/v5/8/73f/HueT5Nvgwe1C37Rsxk2NPg8pWQvTMCDGIZCQfQQDW3HHLz6mxnA0Ot7SlXc5VlbFvsaBAdhKMd9zn/YEd6I96wYHJLX1Q+K7y6rl5A3t/u5/388W9+9xf/5l99/6f/z49/9ec//fi7Y4CoOi9JYzIzb7dbBL94/34ez+++/dnv/93/NJ6+eP7mu+9++Xfz5QuNo53QtqN3aLspdwen5y3C8jTPs86q23EPtEypAQsP7AbQlt/uk8o2CaP33GsvnVjmNsT950Y54FgXzDT3TkcF+Wu5xovcX5PBAWVgBGZYuIUUMpAEutN35t4TxP1e7n1l0+UPA7FZuK012hjow93bWkK3Fh6/lE10YucdfWaBTIQCweZn6SoeyU5OerW2dS8iaKHBBazGKlzCJd2b99LZuPdmD86laiygJOu6lzOEVrtdxTyCmXNVV6NXtaV2Ql+uOOuHL6HW6q7aUolekupaACwi6l5ytpGklqVEqxa6u5daXWItQus6ZQW9urvQqrrQ3dWkJ8NC1VqFtvdUtc4IdpVLxbQqgF5LKO/T3QvldEh1rT2aXu1nqqrADru53AfqvUbYchnYAgGotUrop+cbxLfrDd1mfNSNaEjGKCP4+vqaMRws0VKG1eE9yK7F/YuCRXyRrLOBfrrdGPP1px9D14ina12R0lJDTtbZkVhSgKsLY/L6RA5n5HgU2K99oK4VEW7h7WoExsh1v3ylPQQLAmx/SgJrdYwMyLWlGcica7nZeY2RUln+MTKb1FLkln+g29an3m0WsgnHLl+Q/inmyGrVKhIjeZ11e34CcZ0rIlbVYxnfXpxujYwcQ9R5v9ifFXtyehJCQYZrQLtzZDdaFRYmMU1zIZxs390dCOeKYmtgZBCqqrCz11IqVYMcM6/TUXtBcl3bX9EwoYeYY11XBj9TrKsqdtYc5NK5cCJwWU5etTaE7cNBvnHwt7onkAgjNTE3v7/WklPJWjkikudZBIyiqXws6na7VaNUdV3HOBBxP+8+kMYYkhpa18oIZr7/4t3b6/np9fV2OwTWKoaFLxxzrLNgJFZepAFIVK0+bvPd+/c//PZ3j8nTjpssv6RCZoLoVWhlpMUULUSg2zV8XLUykRxiVHUqYmh1BWJd17d/8IuM/Ou//PMxD9e4+JGK7Rvd0snB8E6F7lZzzLyuq5fGiJ3MADPDW/lkFN+i7X2ZOHRZmwz2NXTVAmBxxcOZtgOqPHcL3QpmBKJct2rs35er0QDXhwE549/++/8XVDBbyoz3X3z944cfPIB2NyzqigEA7G7M41YLrcrY354kWoWClI5HUXtNnINwLnVIsJMeZsRLBXA3U1gt67RSVVggDgKoSyCQua+3jM0BVeXIn376CMa1Ls8yJtkfSdWsflAkrtsJPnCBDSrh4XgvVCTq7fIs7g+T+8mrPQDJUZghtZYHdQEYI7799ttf/+rXwYwM41/7Gwkjx0LttcE4/qprx2x56kmG5YOh1ZJGZmQScJGhF0QCjF01h7AZnHSqhAUMG1LpwRCGHAIlFFwlaZwRoJb9YeF/5kY+EAH2MY5rFUQ1nYKcCs4YGItVDbpPMbLVt5fnl9vLjx9+pIBMwBrRMcao9vomiSyQ2cHMyBxXtf9CDE/T2aslOFyZOTwiOd6hC61d1xTzWKvmnD5sEck5ckRygCNSey/JYVqIHDlncFgfafermD7smEGmLH0fAw46yqQ/mpEEYo6MsT3PJh8gZybFICmOp4xRcH9FkFzd6LLt76xTrg9sHceRkWctEqqax/SA53rV4+mo6pYiM8doXc+3Z0Ppz7eb39ZkjHGsquMYErLQq9alGAiMzCOPuRpdeP/l+1/+wdfffc3boaTLbh1RBTUfmjUC6gUAZfzds4kDBj43T5HdLKHELjkVtomWa1/w8Plos1QQgcG/VQPtMDSzB9jfV4BWN+y139aBjVh2I416xPMX71/ef3G8+/r27S/mn/6b5+//ktdHXK/19vbp409jxDFHxLi9e/n5L3758s23x9fffvMHvxzPzzye6vbuLAMge4c2NuYM094sP3xn185VM1BBofbxLEmOQ8EW8wSwAykeJY2tCvPpzj94SBU+6wVjbxgMkh3b70TcO0JWE5EYEU7WAuS1lQSKJFkdUEpzIMkZOpKTmISf79zRLPzb6CE+QCWzg9jjPgokpu1A2J9MDO82kDYtUKUOXI0qFNDcClL7ASQq6CZJeiWX1hZAEq2QSKR9zX4roYO8hZAC2Js3xRKWeAn3xlm4GmfjrriaZ/dV6ZqzJV2lJVV3lWo1gLUeQp5aaunmDFNHPUHqsbp2UwFWlVrXutA9JLSqyzqkXttuLClr2XWrUqPQQnfMW1V1XdnFBlVZN1C9lsmXXieqctYjwqi4TEJeIVKXEpA6zpC6VqvJjESvE+p04Ukr5rJPbGfPQzGFTpofdJeKHZaZWN65WyPVBXKOY61lYTQCXStydFd1M3B2/b0/+vsffvzw8cPfxBjrKssoxczk8r3UVqhBuwDxJOK6roiaYwanHAsekorNXp5YGYxay+RUr3PkrVrGLB+Buk2PkhbOEgDrUoxY6BhZVxmqY7N3tWjWWUjkmOUAe1h3hOs8G/zZt7/36acPS9daUreTnbVBZzFDLTzQ8WUK0FqpPRwS2nK91bb/RUMN5hitCmZ3CXISxabaREKReVWtOu0eky3fJJqPuTNhabMvXV+dWwHsdrvwFVxqQ63dj3CCduKYJzkCus7FeUQCJQa7VWuR1hvaDpokW+VJNCKq2jfdOi8JOcbWL9RGNi0ukkS6LaSDaQxE4bkv2hKYPbbtHMqIYER7mLROJJgj+rKqaBcKQVqrtrQdXFcV+7/6B//wm29+9k//1z/JzNHhluVyZD/lwO8GrvNy65mqi2h0mp4VuytHHLdDhU9vn7pFspsUMrKuen39uJFHhMGfXktAdyfDsTe7BxD7oH50jS4b+EJhoNyECVZ3e7jRvN1++/1fATrm4cuA3pV6w6JWeYgcj/kSALu6ornTQ7VH+i209L9KO+MxMoKXOwj3nephPqtXPG5L7MelN3CZeVU5TtbrqYSKDTY4xA9Q9eKGbKiGg4QIQNkSQt314eMP1Z0xVl8bV/aqbLJNtdaKIESJ+58tbVYBYruiEwzMYwZZ65H4CQbTf9fmzj0c2AZnA41DrO1A6m3wtU4EyPI+JIcSBgPX+fb7f+eXEfGrv/wPI4fFry3R8a6AzRwesyysy5FektmWOQLBOq13YpdAU0V+HiPGcCYdH7f7Js0DhBjjfq+//s1vgjnMp22sw7PyeHs755Fjjvu5xhhsdRfJSPSSHB6PbBTWYiMf5AM2pr61GCMnZ9S1TC95Xql9lpEavngB9E6qts6gN+3juS7pdq+W2Ls92sbacjDlmFexakW6+jG9R23J1K4V9iMPct79n3GIuVR+FMo6CUREqESBabtDluw2G2GhWGaJzCE1ghkDcDOdFy2O4xDtukHmvMWAT7oOjQyJGYhATrR2BEBkMANEZo60qCozFBQYOSOH8vMUH57vEYycOYYcCpTp0GUfzYgRGRaEOyjHdoDj5at1u61PbPXu91AHxda5TgbHTAFjzsPkddUYcXs61Fpdcw61DB2xa0ZmxEjMvD0ft1UruRhorfN8m2OOTOuxVteIaF/DARJVfRwpJsZxvPvyi5f5dNhgRmEnBXrW56Nvo8ty8EcmP7PUq/U5Wa3BKlxdBZRtQSZrHANMpAfNneOgiLQqvCRb3pYV/62gbxUD3V7J0QA7ZD+I2QOaL0IBGlwioOPLd9/94d97/vZn58fX6+PvPv3u+9e/+c3Thx9niuDt3Zfz/btv//CPvvzuuzxut3fvQDbHm6N3drpXyXUAACAASURBVAZyQ2IRoZL0iLf3VFwba6CM3/gd8k0IkZg+JdqvWTK5SoL2q5pRrZLF0HAiPgjZE0WxvL9jx4NshT6T9CdFIhgLgfsyWmYdFk04mYyXRjAuBJFUMpI6BmZEEjPxlHzKmIEkx/69PL6Ecyx8YtmmyM8VNpB2OqcpswNiCCPChExtNV81CxKyxCosqMDLR5W8FdjP3GiuTfvAGtiIHfgWm6/Ya8MkJsOabH/gqyhpQWfjbL6V3sS3xgWexfvq1enep9W6VlerSq3RperedWbCQ/7j2oAmkWuplGtoa4nsiOzHUttVvarQh7qlqqv8kvRZPcqu4laxsarQxZaGwx5LUI6DXatKKiDfPb/vtd7uryGxR62q7hgWbl6bFe+eY3SX2k0F3Z2gWJWcANa6MuLl6fnTp1epo7N6ocsZP+6vi0g349zvVz7HQjMUG2qyt57BZGT32xJiDjJV2mg7E+pVckYJjeoVurhcOQ+tVcGyqNXpFdZHI9i1bCbuFjKarFJE7EZMJRNCjwy3QXt83hY4y/fIXqWkhMzBYF+VY2zNcAYCz++//PTpY12nDWCUIgdRP338sdYVkEoxvWPt0XlbC2T1IizSw9Zi+E/3sQlpjGl/+cOKKZBvb9fc4lZsr6LnNHMBD8m1+Y2t46AgjAyRCivWGsDMaQH9pun3GoDMVFdLdEAF7ZXZEAweYxXJYx4WNV2tR0IlbWJwwKsERIgNBJPB6HYkk3KOR9aCDyZjMBTqqpY6mVsIaACB1gHsSfWh5m3ACWxlwLZN9SskBWKMCYak6zzHGHZGZAbhnUiA1nX/7tufnVd9+vRxjpuqid73O/l03E6dELvW6/k6xhi25i4xdz6QVFqI1Nvbm+v2al1jjByoy5ZWrqvmHFpo329tthYRYZG7tdCiocytbh1H9DW22rplhGID8yItr2pENRQIVLPrihFqjMx2reUjZqrFESZbJSaR1PaebbMVQWF391r3aTmW1lKEO8Kcm5uf5ZiSffKi+oExE5Qz0gkJodhrjWe0LUPf/IK/cfh+8zjrdzLRaDSOzHJ5FMv+RanlIsAtpbFtcvcRBPeNToDMl+d3Hz9+7NDY95dEVi9YSLINwvvbC45N9vivfVV5uPMrZqlZ8Pm4uRXU2sEgDZNUiZnf/82vZwwrDTZh4osvpMaIAPNcZ6kdD7ntTYCn35hzK178L+RnJ4rxTUcfw/h6YW9tRg9bOG6jq69rwYPvlgo/eHEoydu7l5Hj7f7broQL/yR2tilaJ7GQJTL8zBaRTIafkECQpWapuvMYKvka36ppp4ojVYrhknO1HvH9EjEshwH39O6geuIRVcud8XO/X16JtxqacnpLJHv/x/ufNsYh6fWnn8YYm/ZXQfl4xO0WDJcORiYCDv8MIhjntZ5enufz06fXuz0BPlPRGGPYg4RIj4OwXAyRMdzUljkihk2lOWc4swlbNpcxFRnGIRBjzIyEV46YOQfcS5CDMVyDwGRwMII5MNILAhkI2wECYVSDjtKMweyXev0Gf/PMEVE+OCqDg1GFkcmMqsoxno9nAm/XJ0TO+WTg/ekpt3TbtnvyOAY6CL48P2fOSyvmjDHO64wxxjFXL5Jj3nTdxzE6rgbGMZ3bGErkPN69e/rifWaWcFYjUD5+e5OO9r6rfXGAbIgKmXAQduaKscGdVOlAB5AC+bl6HI9dWMuZ8VXuZrzWjtfwuUNkl7uBAhsiFbCxruo9RZJaGzGEwJISJlcwbvOb28/iD35+vv3+2+sv3z5+7PNMqXu9//KreDrevXs3j0PASa6lphqX3VCxnVEiuf3IG0Ix2CW2T02pwyOxte4SSlBrSUnY/ZkFMFYVA7o2IeYrJIIW1yaDFHN7B7TTfvZav0WEBir5GY0DahHh1dfhEZAC7Qq8CJY4ApQSmJmATuc6BN+u/vBWMzuhJF9mPE8mMIdVx/LmtY8uX/HLjzOwg65pataGKgqQEkBaMdEzAaAEoDmjwVYXslqSqnE1LqEbtTPSHnZhcrn9Rw+Nx+MaCiK4jNJQojBCEA7gfUpw2GgX4mzdwXvzLJwLb/YcrzhbV6Ggal3Nc1VLV3VDalZVWSnU1TW6utoIf3cBNiZ7Fyx1V60SUNeS5IVAUt9MK1Q+HWr1UtSFWnQyBLXW0ripSl3Zq66VdPgeU0/oyhayQ1CV6ooYMKFSC92Rs65F1kbtuzJaDaLnjEbHOBT3KmXkCCZnqat6ZPo6DXUMjTEWivn0D/7LP/oPf/Wr77//jbMvY7TJ9qfbF7/5za9QPfO2+rLAre2Y6oJLf4UR6uSMuK6iSuicJFlXKRNdu7iXyVAwGBTERHCgNI/RqG5kBoogWL2quKNZAi374oPs0tWdjJKQETPV3VD6MA8nDeGnD79TF41Pe5Wujszr7S1IjiQfpiXsdbm6YqRCQDKNjCOD9ZlI2U9+gKp+SPT8rEuE5hjHMc/rUrmxwVVdiGS3MmK1ZAV0f5Zspw0J2+FgwUCwrd7cwKAHMzDiWtfjxSTplN/P+S+PME4zk3QErcC2irUFdZPZ6L1ge0Xbg+YyA1Cr5nHMmZ/ud5O+Vh9Vlx5hXyWP8h5fBMfWO3J6OVBxZs5VRWqBqt48h7YDvNHnea5VCIw5uwvLk5LguPPqVs08/uR/+h8A3I5jeffISG613py5rmIoImSpaRAPFtFHZyCLbTmG8f0YGcPPUhvMZlDV51X+0hHp6b/12O6235UkH6QmkokR7FpXMWPMvO6nsVfSIGB43gCaiIbJDYJeZmGgYY/CxIDUqDlGjlGsay2DzeC2yWXSK2FmruWI5/aYlMRlN+Q2eNr0a7FnQNx1t4Zj1XU5oAMPYwTdH2zCFmKvJRIZyVDDWcou89rSUHxux9gvhx5iWexhfj/TYUx0pznDEYcQSF5VrYU2wGQ1rdJy6kbJscdWuIb7AIn9hzmGbTQAEEFLfjql/uqrb3748Yf19sm5mQTQm0m3AfO8X3tw98EhiG3ASbuSp8noVs5IEJ9z9gXBCx9y84N45JO6cFjVS63MmMc8V3lfqqsEZIbtIGNElR6G712k4qSmnOOnDx+BuuXRTtaVIugz8dvvfv7jjz9cb6drpzyNef+HnF6zFVPWIiMfYvzNnziJSDCn3BEIUXutolXxEFxtpessn2R0FTva6BzEMdNHB6Q8BhgpYwANAjn2WhOEOjLBAXDenjJGSyWR00obEg7i9EgUD7PH3kPJJeQ4qqBzVWtM62lIH6JzlCnU2L/TiChixhEjgLGkiGSOkczM2OrjGK6Xx8h5q+oYw4hyMCIH/T9HRE5n+9C1nCPDzb6RAGPMGMOROzb+IiYCjggyCZ0ZOSIZ55c/5+0lx+w1gNoBseKqEsME6JGD5HneW7yNIyOr+3YbkUEUONGFKo5xfXwL9i2fBbQW0ck5x4HgPA6nlzbJdIV8iS6Oxjwmkgrenp7G03PNp4/3dYrVYoQdmYOMrXfXYxJTRO7aMivBJJJboCg3iDbERw+3VUSUtMqBaTDCvp8b2oHqkZHpnnKKppOpmT2kEYQqc2MW6r34X9XXwshgxOo+LzXQESV1JxoZeHqZX73/2apvqtx3ccUYFqd+qt02am4ywHjk/vosIxDWqQn0l612zwCaTXsW9qLk3XjfGUJvNEWrASdX9B6dLf4xX+9irEJZxxvIFqBdp5q+3/UA4agASZn9Xxs9gh48pyN6ADtI1UJuKIW4TgiURuDIOBK3mSMwgmPkp7VeX2swDvIYkeynmTEDQq+23esziOgmiBAY2hKGDvEBNPqvMiykMZBf0HSFrsRBuusSXC0pGlytKhRRrQW1pXGw28Rh9a4fbsp3A2gmpDclTSkSM2IKoF6294R9sFuXcAr3xlvxLp7NTwtvhbO5hKv7LPkfukpVXcru3VHYrVVV1WqpXH/i8gIbg7sO31Tdy/rt7rVcWiazeGtAiuru0irG6gN2ImbXui5oJ7nd5lBVV8F9Q6VVg5S6ydZa1Y66n5KgRa1eCQIqVIFg1dtS3t5hXVoLqvl0jK6Pr6+ZbOeNqQnYlnAc80//8tdV59PLu27VujKTOy0pjrzF5Hm/xOQY7AaauUXfSdaqqjpGXus0JhUbyOzjGGQ0da5r96wjOAKqDVShJdkqimvZYWajwsMKTEIOLVxrjTHpbKMHzHCdyxRDrXKG1Q5JaYX1c1IqREU0pMwQYqdIMf/W2g95kM6cVV0lC+WBpmMtvQ0n95SD/c7vWB3Qc9H9fnXX8/Ptfl5+wkF/ku62eKzUvuoskkTNOZbKiG43MrLQpdI+etlqgqriY8owycCHatCj/NZfMBwwaO2TT8tqP0IBYIz5/v3LDz/+oEeZvKeXTccK11Xth/CzPQmPwUgErcjy0O9ZYh9+FrREpMltGzYY0YX0jNNSbEShYY2W/aXyRdkOgwvkyIhRq4/jpdRdF733O4aIypFdNW/DVXc5nHMqn8SOyCGGAxLUvatW/MF1FMSIrg7QaGNOBojcWu4uhHOh0rOTN59yNQRaa9V53sPzrlRXdTt2qOVqh7VjGyISwMjorSGNLl+m9OdqfHh4eWh2ENXLGVJ7tYL9Q+lqj0B4TYYEZtWi/5rCiW4gLD7evPQezQF4SKXQRHJErB6ZMbM/NUGE6vPIR21bHlnbPRnJqP3+AE2pI9GyTG1RjH2de9kA7JUyt6gNGnlLAXB/e8ucJiuabfkdGbd5FIpANwxHe3+81tsxb5xx3S9rEjzlIrb9VOqM+NX3v4alht2eSqxMQ8DLQ2Bb/AaisFfGhv1RF8q/VDCo0qr1/PLSwHWdSRdr710IskMTkRmMbiF8JLC6WRVAA8TIdJ2Q7WjovaUHQamYIrglz+LAyJwGmZAAFBFJVq8ff/rhOu8Zw3ZEAXi4oJghV1k9pLpwaIIHCAXBhFM/THwIMYwdhZ1/3KMYoD2J+bK3hh6hLcbdoqAG5jx8zRmpiEFiaudkwG56MapFKmaosNTVykgJxzE36y9nUImpyPlZY51zVFVEHsetu5uat0k6QzGClLhNxBkeS8w63G5P/90//Ef/7F/8H9fqaeQeDrdPWsiYw90CkZN5MBBzbOw0I2K45ytzWtiDyMjBSJt+QWVOIMacHCYAUoicAdfoMuilIHddVo7UNz+vL749f/dXtc7EIlTXpXUuVa0VwTmOOUZ1gXw+nnOkuudx5MzNV7k7DLDDpJYQoYgmnp7ePz9NMicnI3NEJl/v9wqOkee6XNwH9ZyZiVblzNuXXx9ffNExSttM4ZTjHWtMimaWuePlDSuVRJa4Gmdp9YZeCrQ8pBreB5Ncy/q97fPeCXyC1EFEAaS6s/kyeRt4Dlh2MDOCWwELhiPhS+xqRaYwB48jWvp0L46IjCauq0RisKFSlpqZiUYyOKthzCYiiTViX5q20mqXb20ezwhNcN9zIufcYcq1JUANm/mgsinWJ2YAQK+yCoKJ/+jLmyykql1NY8q7HcHQIjQi0LDkauaYhl0okjMy0IpohJjsrioiXDRO2qmJdTlPn2F8p9ulhWpRuC++XeuDdBt4f+svbvzieR7BdJgIs4XzvoYBya3L/4/OdGlBKET4jut9xIvqDWSCKGwp4XhsD3hYhAfZ3Qc3TMeQxhYFLanFsgO4Ud3VvASJl7AjJHbCuR8M0b3jpUKnSUQwJUDToii2G6bKAUfMS/2p8NZ8Lb0qPy18Kt0L96XVOgsLus4SsKqXh5RVavVySL5kc/4jqtbM1O5yqVmlMiFQa62JarRyFY7yf7jaIeA1Z7HUdbKL6K7VVTEaErpYs6vUi4SyNpHt6bmKWodT+1WiyEZK3Qg0YownmijhmocQRC2PEhA4g1AGz/OUNMasqwwVMy1fYNkeeBxQJ9l9yfJ3d6pIuYsXmWOM4/j06W27Cx0IVstXvcWF3RrMbg/4O6bThQxoFHZ5EShGehj1MFNV8zgsiPAOXKVgtHpkWpU3bEZHZ+ZDgqfBlJSMDhiVkzOIg7SUJdVi9RK4arkQnoxxDEjn/fIFGmKkU3dBcsf7cAuEiAdmD0TwdhtBfrrfzSi2JS0tgCNzdSlQziVfQuD53dP9bb19ejNc2iYUao8o2sIYRmRmvr3dfcHzsZQn2L7Qd0NIa6H1gOooIKmG0dvqVeunnz4EmGOWy4ft7YstNILaqjFYdxvgw1DBjZda/hX+NKofMUnacjmS11UZ4fMAwYwEsK7rQegySLgGz9BqSxID9ilAXGuNjOd3T59eX8tqwpFdnYTUq5bPoy5FaIfEOhaK0V0KSYuYoVxtA0qB2HOt0F1MVjUutAoG2p6O67xaRcaWa3nadUyojAAjI3rVyPRE794FJ4Q/JnaoO5xRSwhuw92S8gdtQ290/rojSGWAPN8ug90RrLVyTEaaJEeEuq8uob/7+Xf38/zw4++EjOSYO8Vp3f09tCM0GgAyEgzrazORnSWxCkKp6r6McgHBKANZAlWP3Pvwke5RoDGUmdd9jXkgpKqu5TkSjyg5bRlsoK0abW7+Af2Q72+2GHtU3a7Z7lqX8z184TQ3RYzIp5dnCW+f3gZHs4XODA+sUHlEGXDsdcvuIFdmdDMQ4RlYDFQtq+e6yxaBin6cMpERrV6rg4FQTry8e//p45t1htJDYwUjfip91kdvucL99e3p5WWdF68zM+qqyMw5ruuSemRel7/4Lujr0g6+9HUZApDHtNh0RBB5vV3BkTHatiCEEk4h38pcxsNgGn6OAZ8gAdI4/xYexbZkznFU94PeR+ua83YtF68wTHR0MB91EtIOQRMbaGD3y8E4aFRXZmZGCRKqNI4B71QZVujcbs/3tfZ/URGZrRUziIlQdAa9PIBJjOxIx6PkyMcMyUAynBUdsEorEx64iP/jX/5fxcz5tGOCmDlGZDJSYTtAZkTmQIzb8Qxq1ZrzaIZIRo6ROWbu6T8UETkix+c2gPSfWPaTQ2SMjAhmwFncmTFi7P0K8fXPrm//jn79p/3p1Ul30nldlx+7Meecs6uhPp6eRqQNEWNYkI9Lfcw5c17neX/7uLrHnO5szeSYM+dBckDHHE8zmxqxRnLkjLfrvlYjutHQyOwGIp+/+PLp+UXoKo4jHZRRheWTeldYqKoixpYXRpzVS1pkLTEz6P4mC8T75Yjbnhh7AJhWguW56qpWi9LTbSQzDYl1E5zJl+kdVBmo5lndzLe3vreYKOF+6a1xrS60L795UepzdUMzILWzpfw7xyYEqkqsPX22AqvJyrSbArXTgX0yfCaQ1S1fvmof8V5WBfYRrv8IsxnNrQy4zSSQwGrlGHYIlRFjmwd8bXqpNsqwvx0FFjQiwVhoO06jMBhWB8/MmcoWgpcrrqgAjsjh6FI0oOHXVqSK6pHxRBzUyy1ejPC3qtlg5rjfr7dP1WcH9cSYg3NwJr23mrR2IJKPOj2UD7HVE/ZsghsWeigFCP99o0E7rmy7G4hHuMp2dT8AzCCGU0lo0zC8FVR3A0t5tdU7KnSVZOk20NtysnluGFIFAiC1m3vIhAaRIZJfw6wCL+mt8anwqvi49HHhdeGtdN3yal1Lpb6kdXVJXRYFqVYfYG9cvnpZ1JZdqFWjuryRdB0tdfeyV7goVlesq5bWuihQLd3quta6YhWyM5e7zUb3Whf7QDsNvrq01tndEZkcfa0IhwRdUttKWl05qEIOnm93NXI+oYvJpldBjRHLKUMMclYgkoxZdULKnA00lsrTXhLFGJFg1Vau6pLA4HU1InQt0EKtLeCpukbO28uEsLrqWiQzxu7I05YCRA7VRShieLfbNEu1jDEp3n3x5Ycf/7/qikzErqIL5XXVmNaF+JCJCF5njUwSGVyl1Y7as17BE1vFCBst9dhZd1REZJ3X/X49Pd8YtblP0wRtPH7lCLWkRltjsCWCLRD84cePEo45rtUS7SKlbbURbfg1uiEkM/PDh4+SMhMZQd3frpy5sWEhM6ReV0VaoWizqWpb501FbtE3fM0HgGG+UgCxZHy4JTCDVW08EW2RCPSILHf7ublflVwP/HjvTfBt2U+MrLq0lQd76jFm0ShmjsxrXQBj8FznETPn6FqNjYoE2O78YiB9X3JdhQLZ3iF/+vBRXd4WrqvmSDKuOjPHyCy726HudpqI9tCSJUhdfSrS0Rowd+qhrSHiF3/wi1//6ldr91lB0NPt9nY/VTWSXc0ISc/Pz9e1rnXN4TbFXL0i4quvv357e3v99MpNArmxhQConscBRnX1Wi0V2So6KWdHOeNxHDaAUdURnpm5LWXSGHPMqVUJLTuRQ96n397uV13dGElRVavOHseMYbvWlrJyy8QeHI3PyO2aD8ffdG1B0b6hTCCQCOdyMKGqXqoxCeg2bl999dVf/+avI6LVvRadXej0P2wHAvgw1qgDITQ3H5cKOEbNNJKnBeEzT4PlnxY+laJWRWQLP/74IXY6u3e4eHl5v1a9vX36nFflL1HEF++/PD+dTrNScYxhrrbWAoe1zcy0ym6faj4o2MGZyW7OY94/3dd58T1VUogROwVjC3Th0qvcpFvvgOU5n56eJF33C0I+zYjMwLoiIl/evfvw4aOq0PvqzDkIZka31nK8XnS1q8stNkRSwNVLDuXMXevF9OqZORNL+46JtNzCYmw8iJnk/8/UuzRblmVXWmPMOdc+51738HgoM6VSKVUCNRBvA7o0gN9ABzN+F2YY/wA6NDCjUz0MDMwwHmUUVgWqQlWlVEqZERkR7n7vPWevNeegMdcJlUUnM8L93vPYe+35GOMbLgq2qfb7ft4qIpjF9fmD3j6XyrWfwbQm1XaTC/PtDzhntlquR9OttmNEDO+ttYVhYESslatqNLfEAg7KM0XR3OCs9J9988e//3u/+Af/6H8bR7SYYGuR4CmEx67O9v6FbPQEbavNbcBcKLOIMWb5cTwBnEo3dw8bw8yy4OYyAznGAdJsXN8/ZxZqeRxhVnQ3g9PDRxy0ph45I8zIGPYQ+oc7927MOOKx/+zXR4/ND9o6ZrvOX/7py6/+sd5+rHOtzPOchPUfdBsCbmtex0F60zJHuJGq1SHBh4/+aXOtVTWCMZoC5e5RVdfL4UFqlWzEiPdHagIy62ckjcwzkSlYdi4yeJ6zqINYwCygqoWJh/HqHGYZfooTvCXOM3s4PowX18EVhDvC2+bWWn2VWEU4z7XuMz3Caeh8R7Clac2lT5VKt4VPkyWJXKkkOo1nLpurHvYTW5lOG/t6VSXoAXqVblkmjj7lIYpr1lq5UZfWrb453Dw61aSpHqVKqfUkVmhTfEdIOIC1UDB3qJY0VyWp7ZKW2Ny2x/ZzVjtzMnsLv4d1DxFpD0X26peENnlMRqhgpaa4UzDIHNfgNViyAlvGrSwzrEwFs8OCAFX1gfHF4VfD82GHsVbrJ/nuOtBsy3matsqjpEB+/c7JsbuQXsa1S9C4snbaC7gZct2mkA8fwDYFPPKsW3MGtDRoLwyAbe7ZA5Nu+vZQUNsY0kKDlo1ZGwFZ1JZ19HIkUM+tLwez08EKs3dQ6mkaM3tYtJWvyr27toRbNy1YM833njvIAK6OrwKlzAvvhVN4nXgrvC6+LL6W37LuSzM1K1ZVCnNVlTLrUEjK2cbdUmFl5lJkKTOzKHYeQc6pVRQs02tUVa1DVTVXoWyE56Vm5nmCgrIyM9NyYBfE04HM6SOEWrmYGR4O5lzMWLk2xmqeboSVhQVNuUyqnCqGbZ4d2tKIHPT2NcuTJXL87Jufffr0cc6TLXdLmFRUeJcVbQpLWnTMkoe3bTQiqlrx3RHAg9xirIjxEKeubDmxR+ZytxLpbox2UphxrRzR4TytLOOnj99DCh+JUraIQW5OR4zo9Adzi/Bznp113VIt7szWDhdASe7xs9/7o+9//Kudk9UAczftr6+Be5i3letB59v1da+R8M1XP3/5/Pnt7QUWdBgt0cLM9E2rwFpZmeaDfEx7ew+QZcNqK55aR987Nq05j6cxLkO1HTFdibibBiPG/XaXMMbo7OzdBkE9RO/ZKbZHDWtr9MGHP6/vu9wlcBeINNoSiMq1NjfHPVcZ9YB4dAXRQVwlMyNXlSm3Yt56cW5VYnaYuaVKa//xzFaWVlW1Kc7D18rak0QZmLlKFn3/997HafCcZ1X7krt9IaXDR3GnSZZkPfJTCZbNRYzoUlNIo8N2Mg8orCU0G5K/+qu/RCE8soVfhY+fPj1fnjj0+vLWSbFZeH73/OMPnz58+Pqbrz78xT/9JzzcwzPr08tnSA0t0HZQ91ctCT10zkxrFGXtcA0QD0YxOna6z8Ro/dDjpO0thehc58xzmZv120y08P/T54+UHIEedpO9vxkj1lwqWP8mbE50KTuvrq/Gy/Wy5lpzmow77Qyl6oT4vs4ozvPsUxkkzaWy8Pt5/ubbv6kUD4TZQmu4u7FqDji7J96pN+YA1fsGMqsXeTTfBUOvBWglWrh7hM87t4qn+2/afvaYwQullkBkvr6+9sBAD45qdwIsvb3d1pnh3RxzzZLKwsa4qJWkW4Dibsq+6mANK5AqF0u11oJsXC/rPOE+wuc5JVZ7RD2UBZObJSTJzWGi2bjEj58+uZm5rVzjciH0djtHBEovnz+3UalPgSqZsGqxZWuPvrpW7tfHdnibak/OgJ+ASzBvnmpvA5SdX7z3P7aHrq1Hp3U8Rxf2dEtVSt7LfhCGj59+RyLiWNmGei6hspxhDz5J/3K3oHff35mRijFy5UpUIcaxgy4KMIYfMANN1H1OyGgePvoCOy7+2x/+5tsf/vr5/XsopCRDZLOZHObhHTNnPcEjsZ3C0dIS8yDMR7hZSj4OMTz6DDZawGAxerhPj/4rkiyiXWXHePIImsNjB0i6eRwgzR0t5De3ePgBzGKbfNstEOZ0bxYQHI0ttUGSdNMIu/zJn/in/+Dz7fvbj7+9vy1jZ0SgS/hznv1+M1Vcww+QayUop7s11n52LSeHfgAAIABJREFUSCTNYT4uB40SzAcdMos4UOjuxf24TyPLxkz1ZthUdb+f43LMwoJdwyM8ae0ZPQ539sK4kpbgy9QPd73OdQSeh391wZMjwHC04r/TGkTelt5Wvc3eYBOUlSBOG6+nzlyrymkRbFH1ln2FsfmhaxkNbmfqnFnbTtqhjKcbI+Kn/k/QXFqr6qwqYXjfk2uKKt9gAXSWDMIyZwnI8uDFbBiqMKDhGsbD7CCewq5ulzAPI6AsQH3JXYYDPFelkNKCvc788a1+nHUzvqUAJlSmlS1Up2Y1nRCdydIfiLGqKGWCqBYrUzio5+DF7BJ+NUklBs0F3ta8zZqpYqIUjifa8xHPwTBdDc+HA1qp18m3s+4LbxPqiTR5CbvnfDd4HX6hmfEII3SEpTTPCXA4w6y9Qmh8gYrWThtkp56xq6VH1dF6HtFMaFGyofwR7IZd7VPbwNnSKGHLfpsu2NrcUq0eM0CAVSsfHmjkoFVPltuNS4doqMNw7XEY7My6L91Ts5hSEbnDXG1WVZZJbtyqWNCz+AhmaJlZq50P6DCSqEBvkO/F16rPky9pn2e9JG7pszALq3Su1eiqPKKyZmZJlVgdh5kdSFXZKYbLVajU3/KGWkSUWVUrJ7LWzM5SVXVLkbkWltDZT7lCzQdbdS5Y2UoJcMaIBu2pqgHaqiQRNERAieWsRBa0HAUDfWitwmqGi4UorHU23V2b3JCgWHJSaMpGW7B7qlCqcjBRbdbY6+wuhbxD9Coz3d08lEscH778xdvr96U0H6mW1DrdtJZBKrodEthw6yZ1Vrl5SnuMSfkwteinYcJkZgpFYxyB6mkHpCbjbsRK34P387W3Ab2yYk9t3NdcHQFTq6r0oF72DBMgwtzAb7//DSDzBndmc/E6E5colHVh6hHhY9bqEUFW7vlmPZ5paMRfD2HhZrmkzA5V/earr+/zfH17ERziXA+RBbBXpy0qbP+tRVXRWq/EzDS3p+vT7X6uhjcDVRkRpscHo8cYQu01AEpxGcPHrW4Gy0aNb90MzC2FaDSfsqjwtmtWZYky92D0xLd//vDYdjBpeyCMpdJC847KCHKpg8QwV/WmrlAGb8kGCbSCSXXezw5rykpIvZ+njM5V7R+gmcUxlFXnatGSR1+v7b4VVEt0Wq7WXaL2VWUGe/n86fruWquOyyjJwG+//a0zXl4+zvVqY3ijGMR5O81aCtW0nVaqZIFsqbxaYrL7AkkP7XT/soe3rgAhgG2t2KlEUgvCCJgFCAttMeaDXKmucwUVsncJqaypJVpTiwAzoNc8FGHebNdcayozwrsj6bK/h2phlqV1P9naXAsRJqI6K7JVmG6HdULw9eldZmYu9KatZMMfIyChuWq0VP38F7/4+OnH2+vNx4FCZZbgDG/ANdTMpcpVSgIuA1hVI0J7W0T1ldSjJ7pWNQSb9qhr1c7Ug0LlEgej6Vfd+3LTAyRnRxjWyg36rm7p6I348vCSgGzuCSozIcCdmTWOw83udVb1lcxKFcvAWmVjQ8FgpKLOksM6V49kgQy2Pr+9GWq9vf7lQdmjKO8RGtZK2zsd7k8bMPdKtNfHfxrXmZGoFL1lP31k53Y/83GT1sYdt5dp0zVpRmupm0AYkY3k8+4pWsJEWreLRPtUBDBiAJFKM9BdeGRI0cFNzGzpAt3NAvSeJAoxomWLnpL5oA03r939iT5g5jt7tm8gAw30Dqnq2jzGpVEJjYWjHR5BGs09HGbeRbp5T47p1rsXc/Ot+w96eEQHg9ONHhHB/t1uFkHSRqemmLs1eNfMonXrNCPCEc5LeJDmcPAw/N6748O/++//f7/7df3D/1lr6rrWKY9w95XK1LgeRSQERq/n1TVvhKDV54c3TcXFgB8yW7meo1/AcVyfcuKc96fOpdwD6miOleSrMO8rmc6w6/V6jWvYLKADMqmzcJv6dOrzyiUKvDqfDz5RT45hoHTPupct6daSRDGVE0jxtrQAzFSmE+MSVcrC2WGGZMJETiVTJbmQJZG5MkzSMiJGAGhYKMBUFe3zOc2s7qcbe+omY6XMjTNbtKZMgq4Z1v7JfCaeh1/dbayn0Puh9xc+H4Molw5HwNxNe/uqLCVxrrxnol0hPbjJCrODhAzUV65fDE5ZWnx/13e3/OG2btljNoBcuQYdTIfnHrwql8Lp22TVxwNotlKvWafxdZ7QNkIKNcHMbJpfHwsO/3SWMYcTlEGHzefhT+TFeBi/PHgcpqqS18PONReztt9KmuG4HDHMWuMhg4J/S7uwx7qw51tbmbW1oNhyA/TPm800bRtSj7/0qFSaMk4XJezgpM7OSKAKKMFoHqwssZPEq7SEXHlfqNQ1NBwXd3dYE5OAks2Vq2AoWl3MrpeeQ+Ms3Fa9LdyyatsBHhM3tXMdKRmIlFiEmWAAUw61iIKAkQ4Nwzvn1wNZmKm3tNfCp4WX5FvxlJ+p+1mzNLMWaq7qRUSl1lrbJ5ClqpWlLBUqR85UazRUVaqslVMrY2Vd+/8PGxlSrqyVlO7nK3So0gusZCysqjWRyXAarHnvmRc7wLq/fo6IDopVLfpeI1gFoKzlZIFmUbmkJKRM96eXlxvJy/WdpMoESlpmRNEMMpSSMpRQ6U3iabhwFQEPV1Yh3ZiZ3D1uq3ZIMq5PdfsBRTIKJk36XkqDoWoaR0mtSE6j4ANow1ABVpWx00sJKHM1rXtrcqFHBrVQjQwAzKQJMFEfX751uJnnShprZYLuNITatlgdcIVcOY4QbXWURCVhqHagWBt0t7Bia/wAEgamBM5zon2A1kqHfinsPO9MPITvoBndG8VpbpTNXCvPVtfTUGg0FjJX7d5LYVEqt8CuQAK+tSZNdKBJKd+lEXsXutVAgtk+97KDC6B5nxzMtZrOkUqwXTbIUrbSvVnk9FWNO2uvF6Qm2u8dfY8J9nQ8NzL1oQ5JC1+rAr0XKe/6KfcBRapqoeOPGmZoZm6da73fCllIoiNBk1sjD1WbN2Cg+yCZuWqnjlh/E42bdrOl8vYfGgSqyo9BN49R1cpFeedLE/e32YqszhUJurBlMz2d6K+q49Vb2dMxmVtST2/751ZRiWKqG2owVF3aNqfdAPajslR02+xWET9ViOzlxWwdefGn5U/NXFvQTWtsVLbC5dG7kN4Zh9zcWIBGg3UsFRsALwNE26sD0Mwfiv0SNil8rrWtba3gh+1t7iPmtkmYpTLG55fP99s9IjpJqMdLe6lshLxvoXW7/dmf/dlvf/fDd7/9TVyu3uSkkptZ2FwJNQ7fuNt4U2sKqitDqvtdt3E5ej9rxsZoSLXOzMpWjBXz0ReilB8+fH2M43fffWc0ZfZ7bdGF0VVcK1XVE73KWcmdsBj2dLm8fHyD8+n58vnja86TZEnNUulK23pLVn19qqv23odUyZzduSk3FWh3ldtJwt4PuPkWDnAP4YBaKYLZayJrk+gD9rXn5dVse6FzO0gzQE5P61ENWq14HJcqVV/SHgCMsjEMLKjV4jTrscHeyuyJHSWM4/r+Mj6/vpmZCjtCMIz0c02jjeOYtfBTFheD5mSTN7sPb+dmgGYIcxPN3bU/hl4gu0iY0zzV8AM3MzBoPsJXic4Rl1YKmQfDBLNwG0NkC/o9wtqrG44t7HePQXeYk/IRHgM9+O/0JXczmoUZbEfwOml0Czc3hpsbLsEj0DXZYRiGC/HkyHdf/95/9J/8+Vfv/9n//j++/eovcgmtCS2N4zJ8GBQRq3HnW1tfW2uBdLOV02kclOo8l/txXJ7CRwQ9RvgBTdOKMTzC1kKCFrRmfabkx+GgI651PP9wW2Z2LiW5pNdVcwnuNLhZqJUwTuol89PMpgUXtHLl7loxV/YuhWZFpmpWZSmcL7dEVRPDDRqGoQLqyXGEWdtY5jrC76FTuCVWwcBMLUPe5z3rXiq6hKMthqVVXFUXH2CC1Tr+w/w63JlBPA9cjVfyw9A3V35xORy9jOlczz4N+tbAdrXs8WYaim6XCy2swWU9XyryPvN+XwuaSzLOVYkzUx+kr9759eqg/frj+dvJk0c9dvze7KMW6YqNERewtLof7z0AaTOrr2tAqoRxEJfwa9gqrdJas0qDPMZ4DnseeDZ8eIovD7sOQ2mtRXCYRdtUDJnZAFCBRczNWEfllBmELOVaELzFbtwKK5AoYSc59CHbx4kahkZaQUsSVLMZ4MoOZGm/UBuOTN5L+GJ2EwHQmGpmEyTWLt8o6eI2jDl0Ln685/d3LSwaQxiG54PP4ccRzQ1TqhpFRAC6Op8O/xq8L/141st9vaXJYKuZ2D08qa3MatjBgll6IwAhVL9aNcio1ayhCren0FfESk7pXvq88Crelr9OvabdpSycqZlIaa7IbM1pZqqknLVDBVa2QmAni5VGjcrMlVVVqwDNOTOXtwpU6+nLd9e4/Oa3v1WWQ7ZW+WJ4F+5EZaYyr8Q670D+4dd//MOPP67VrIyptRBgOg3N7YdUmKTCoiDULGaYWUZmkp2lC9ItvJTm0ft4lqGqrXY0UrlroPNEa7rYF8bmQLUlnpDZoVrff/+XfYTTxzHe3d5eiUT9ZETs0WVLi41LPVlbzbregTPIKgu/vnt3u79p1QNVxv3LHwobCewwWuu0vobvWm5gHQ1G484ZBCRrtWALqCOGG/segfGBxzFUSWnmQGlnK6s3orvv3a/TfvbNN59fXl5vL2G+dbgNfkdjV2wb49lGRuzmm3x7e1Mtt9gdRjsMpE3rt7FmJrJSjN127/dkzUqy188vqXLzyqLB6DlX7xwiPFNrrWrcXrdnQFjMdT5/8S6z1nl3j8ps5puUyErfhuZaZQ9cTHd4G5AkUvXuw/v//D/9z/7r//a/+fTxRaCQj/6waqlTc7Rl1H0edOgmdtpPSVyNKGqMEh9a8RYkdYVsqMw6a8bONau2QbV2CeA6l0crk7tuLjMHZdtzqnDb33Trzwl3usUYynPm3kqqsDGeaxXtgXY39LWqTa+y3WL41qCGPyzEVcAjCJc9i9cD+7q71ujLhu1aaqd87Y8Iqu7E6AZ1EyGDSdrRGA1Cr8q12G0dGxuyusw0sAEwWmldeNm21pIyd0i11JycfQk19HRPfPtEzzaq72igLLPu+9qDvat/SbkEZTdW/Vm4RxVur2+7oOl/mnRltXLt+RINMD8u//Rf/DNJFi5ltyLdxa7OzQG30qjfGFBCjFATvcLP+42q+2yertFZ3LRNQLvhKzk6N6G1ML7WMvOPLx+r6XTGbaNFQTLzVev6dB0Rn18/OzxXdUvZpfTry6uFmfG4HDHuPSlvdVNE0G2tJcr78i1kSoYxDNpsTpplZRPxWyHcIzmgd+PNI2OubG7Ptt9QAI84WgKk1jqSq3NM4UYrMBvb1C4Fj55FoA2NxI4l6KSNmTTvuXt/xTQLt+qINie4wd5G6/IaHY3lcT9vLSpsQHi29CGGRfSz3WOMcak5s0HJ1sqWBh0Zu5R3WKMXGDJri7bZXkd2q0pzyOmERdB9ixHNPGwcpBvl7jQ3Oiy6Ki/QxzB3HyPCWzlEdxujwxFthIWZbca/Od3DYv8xOjtwBA0CNXO3MSy2FgjDbRgvjovzGrhaPQfeuT2HroYLcRgk+6Prz//1X/7H/9369MNf/8ri3nyAcIsYKItjQCvn8ohcStbliFQZGR41J2CX69P9/iYijgstjqdnGxdpxXGx43BblzbQeDTI7iEX032uol+/vD59+Or4+g/m8f53d5mh0JFVdcuCWQnrrLZ2ZsotrxfupZ6qEsclsnKmzPqRTwFMad4NGGEX12XYuyMuyEF7MjwNH6brESjlwiBG0Ig11y39NfG76b96WS8TU6jJVfl0GcN4iFRNVAyPzG+e4ynwu5f1Ou2d66tnPjvfZp2pL0b90Yfj/RjQujiHe2+1DNr2kT42mi1JUJZqiA3M0Rf4hS4pSnASSihnW04BsyH54YBwMRrn6vE8lGpD2tT6gvWyMMLfzpb7KI5YtYxws3PNKkR0RIqvzJktarOVvTb0bVCQDJjGXJ3o2QCT9r3TiEvwXeCLgQtqzXxZXEsr5Y5rDN8QUgli6hLuw7LaZyEHKtjNiZm9zTob1wQSrCYGUCWZEIUYD5tgf+GCuWF7dgHY8OaY6aC60DqTK2tWe7B1DT+lj2e9TCHs2TRQhzO0wmjUZUSW3mZ9vN1LeL7Gc/iz6ev3npVLdRbfzvrtp6J4BJ+CR7RYl6yuSFAQF/oNfhX4avg99bbsLXEvLUidVJE9ocRGHZXQ7GtumRxWH3Vwoi0Dhr1AGKYBPTu/ci5gqm6JW/HzxFvyVbxPvBXuKxJqXdC5WsmyctWaVR3otbKycrYhpjLRWKHOIeYcbbGrlVkJ4gQuH77UyjynjlW1aqYq20TrVWsulJxO1ze///NPa62XG8mQl6+WpkhZs4zLANhdlQYEWDWUq6mvvfSSwhFAEdXyamQCRVfjf0mD9c4bKLkPCFIydoxdP2Q6vaPP8CW3cTQdr3ItQlpUQQ6jlG2fAjiOo5C55uX6fiK7voSWO6FoscHry+ce5SiLMgYNpsay1Nq/v/a4taU+mSJ9oWid9wmPKFZVwrk9OWbaqboQcH+709xJFMx87wcoqY5LzHNZgvHTZLbn/DRWIj+9fNSOw4A2TL9DpgBouJ8TfYTikaJR+4BikVXNbGq+Foxwh2MMP6SzKs251upldDOGW2NOAxmomVnsMV+muVvfpDQyZVvysGMVzQRW1vPz+yx9f3vzTn2hzKISjIeWvYd9/aE9BH/GBqQAhTFGHOPp6enTx8/nebr1YJYeF7MCkWu1Aqfah9oRpXvraNASOHN1lEInrv5EXYFsjJG5WmDmNBhQ7X21hyUZfNjwMquPs86ZI7wnuAKO4zLPNecdTpqoWlnz0yf36AaY5H507K0DHszlR/pGZr+zTX4TOp6mdfwNJN0SjFagdURsjxW6vRFJxG4dq+g0YxmQe4ugh+kKPwkrIVitmd/8/OfffPV7f/7//l9xPDVRoSEwRpaqlP1X9y3Qru8Nm2tviqDWqOJve60Cor0JfAjAVLsdkMF7jNK8QHZ8qFFCVrpHhO/JICAW6WMEoHWb7lbtYuhCH+jMkb+N+QWaHFVnMhq1Xo2rMdv/1S1S1bBwCduypnr3/sPt7XZ7eT3sarZLfILthe/VoYdTzFxyfPH8/uXltcmRm9IV8cP338HoHlVrk2oFqXn7CTb2rh3inQ+11TrZ+y+UgG//5lu4HxGtz+y1Q61CFsfWfaGEgpX3CnKrY7s3UpnajvCwg9feYkJlhqJpEx92Yo6AJvyf62SEmVdnNdqeHKh65N+ssjQ+RhXsvMIHBqxAZ02F23GM85xNs2KTTKoevSVEthJG5GM14UsaxxX0bFRc7wYI0Vd2w+dCrIVW5NJJc+3eIZqLah7yB+bf3bqBUTv4ws3ZQbxtGeo5vQXo7nRvn24IXdWHaKSbR7f2dPcI0MYx2LE0I6wtuOGg2R7wm7v/JPXpv+duFmzhY4QPNzOF2Rg+yPBWkOPZcXU+O96Fnt2eXAdhD62lqt7WqpqfXl7utym4YA01k2Gue8RFynOeMJBeO8nFBVm426hVMM51T+F6XM3DY7gNP65Vp48LTKQ9Pb3z2J/P0+WyhPh83vMU/fL0fH3/Ib75g+df/unx/r0i4EZwpm6JKZul80wB5j2YMVD3JFXhJI2s81xheB4WqAP64uLvDnsmh3QJXtycYT1Q6TzvEs1WZSqXVNBb8fu3dQe+v9e3N3ycJQbKh+kpbEhfXseXA19dvPVT2dLkud5dzMn7h21UeDr8cKgwsyBdosc20cVcdWy5tmKu1/DSVrUUUsnqMQ0pZWbuJzjUBD8DL87Dm9mwxzg7ccNYYewtPgTyPvPtPv/4i/jDDzLa271GRKC+eGL7Js7krz/i+7OmRcfAriWAbjxnfarTPYb7ubJ5iyCyKlG3O1YjtyAazPl51V+/GqueXB8GP1z8q8PfH7xcPEgLApypt3NJ8vCXU/O2Xuea2Rw2btFngeR91VnbJdKMxVQnKPEyLLiFP2zXlPEadun1UKaIS7i7NbLM2WkDPhyHmfp5WYD05KjU66xv3/SXiZkVxFPYk8OkC+9X5/WIafHj2/zL13lfd0nXww8zQ31xsS8u8eHZwy0TzV86zK4Of4BBs22iYNF6QHtxPgVJnsXbrJfEW6Hlag2G6alizxeriqjt60GrTtRGZKCC2qpAAyUnBnmEvfNKaA2VOMXX1Evyc+Il+TbtLKZwFnIxi7Nyrpqr426Vc2UpV1W1NQCxMlNxSa1a2anFc9Wac12frzWRx1w5pcJaayaUtU5Uma2qPHC95/lPfv0bt3j+4svMkzjWfQrZrA+6bC1pItflcqy5uDkQnlhusW3l1fRaASnSJVmodqSbVtJNqE5tqUpYoHtUo1Y+5leioQvPFHd0e5DFUipXCyv7hOhh8spiIVGX6/Xv/J2/91e/+gvBS5PcgVO1iiBtaE26tZt1K3hNIJVJD6EIgwuPYr46oJBo95qQUCthUxAS2pO1Lvl6HmqNctfKnj2TUuchlGqJufcgW3+0O452EXCtCXCMaKY5ZOjNgz8wLXh4+rpsBwlZuNF0QkgBw2NqbWIAbYTf7rdVMyJGxImJlrVtfuND2gGRovDFl18A+OHHj7XSB2m2Mjf3Wy2GA6zBxBVxfPfdt4SGD6Bzy/zh6ZFQhtg+oOzQq2jUKdikajPw8w+f/4v/6r/sobd3HhMkWITfb5nrhG00hrvXDjVQPbLBraH2D7x4/3uxdlkE654K2EzGqgKqWeCrZmWFOWkwzHMDQ3vLSDKrml9WK29vAui94JK35bGhK2wv59Y4tTaZBFhK2z/P6R1bu/OY7SGVfGj1scNa9pzf9vYZTcus0j5Pgdij7Ecxih6TWwPRrUtwdpKV1CfSGP7jD99//vzDuFwqu8KDAWbKmjT+2//Of/jn/8//Oe9vbpFaLZvqorkZXC3x3pklALpSEZpaZ1sv3t3n5juwR8K7Mu4k6p0OxuoeMTtBo9uv+z3F1dKlbmOsIGVYuIWlyYWV2ErUvRwxZ1bWKjODesnRLgWjIZLZmEsR7C0+P3/6VJVusXK2RxCAdg46CgawztX6u/AYz0923nKtGKG5SiXo3fv3r2+vdNNqAiDNsVZjRZuyOuf9/nR5KmGu9cCZykC4ZaaBYxwzJ53eu6aCuWWR3j9ky+8uR8y5nDZnxjB21d5LQYfUQssd8CHAjZkdpYQGYHdv2nbrKqnK7Wi3qzJbfadO0THjA9y3qX69nGGBUmG3vEZvVcYIGPzwdlFC2EEXRjdTR3+LBC1CLSAjqXr39M04Lt99/zfjOPb6ilRPDNq+CRPgER281QoiwkGHhZEWIRrNeyBhHt6eBG5SXf87wC2cHmgCj7mbdxBJ5/V6OGP/b1r42MsEehPD3LrcH97GAro7jWHNazM3H07zGF3rmxt92DALsxF2GMJ4GK6Dz8Fn0/tRz8arYVDDyok+MQQt6b60qs61qsri6fPrd2+3+e79u5c6z/PuVAcEGnGuwo4xJmRGy5R5RBxVYkTebvdzusfx9OTH4SMYkWVCWIzCsnCPASPHsEvZcE8dx8X8sOO54ml98ftf/em/9+Xf/WUcx4L9+HLeM0tsIgdgPtgq9ACCNaiA3g0+BZ6czxEHdXEdxqAdxHV4uFWiysy3ZoZEldYS2Ji8vK16W3qZ+v6Wr7IfbpNm1+FfHvzDq39x8GIW1gEZ9XwJ25NFEgh3ApnRR8GHox1cG8obwy6xJR6r3V0EVN6bnZZyPMw1tZ/wLXKU7/ab6MrAHlbXLXbvGcjeH0JItkRZWDDwEekLAtfAxQ6y4cXC89GwtddVv36tf/7j211O4tnsD6/82cXeX62Wj6DIT7f13UvdBZg+3vjpXjDK/fOcs0hiFVcJnSVcuGf1YPFMfV747eQw6rw/XS2Io/O2nbdZZ1VxIQHzmfNcUmsMAUJHd7eUwDAQZarL5RDwNm911xgWHnOmqpJ+7+mMFNQxvOdkw3hxJ3mupVKQI/wadg18cfi7A1cnK1H6cuBn1xD4eq7Pp06hwFvpZdXHc/0udYn1xYj3l8vTqNeZb6vMfdLebvXdW41DVRmVT4dFD3mEa9iHq311tQ+HXZ1jlyp70jILUhkYVh8GvzwwxbfU6+ItMbNOcK6Wt/YzGMjaFYoQttHdBJZogBcdNDb9SJ4iZcIIsPRMfBgoIVX34mvx88Jr4S3tbY576Uw7s2bGTJ0z1yUytVZVaa7MTJV3XMA8M6RaWRlRFblyZkZaWuiozJqTtqRKetUKH+pn0DQbl5rTyFqEyuk5p0ULEirD3x3PP/u7f/yXf/NX9KxcqKAnMwCtmcnTR/RQuiUvWqsy4crFNnT1ltysCVQJoJSdZQGTA0mYKWcXTAYICoLBlhOLpMr3Tbm2YoeUR1CJGO/ffwP88xhOAZXbS2lh2/zjNMvMokXjVrAzN8sEIDO95XXqcqfB9OHkLvqp2dYFb6kM+5u2oLL6RmYQ1Txca5k7yVqtltAO7TXDKsoaMC/QHI0BFdgcAKMj1JqXmjJjqmybApQSpVSZuVLFxUesrIf78PN2p7ODqd0heWUtnG6+ORsskgzPUmWaw8xz5svLZ7Bzvq1QRl/tGcDW87mxj5Ku/dwCQKXEJldmW7OB/eKbMdP5xVUL6A5fWeXeghRT6pb5txmsRGbdb7c+RH/SaQ8f1SovpDrcp1qKy5Wzz18P2/skNZHbc+X2T7O1Xtnyhcy6Pj9/9eWHv/r1r0cTJAM5p4WjOnpiD4JIjnH0lBOAZACcLOLY4DBb7dNq+oBFVyqVpRK83CNLEQGi5mRY67DwcE6hFRotougGM/detRPazPzhL1eg2xyjdSRnT2hpAvq6bDJ8F8JsuXaBRAt83VqKY/10MKK0/vyf/ANhPe4Wa5UH9ip7A/h65N7pypy6AAAgAElEQVRu0m0s7bA5cm9C+2bfaXj7ud4zNQK1ZEGa01BSLZEV4fNcMrLY3DoSdGqtZgPtvpdZSCS6KCStB9XmnW5S8Lalta+s1ZtVM42+1Vd7KsVwy+z5WBPrKzMpGjnGZVVWJ0cYSdhwlb79zW/cwm24G6rOs+IS/+ov/+Qf/uP/uzI9QpW2TW+wYZBZolC0qKqUgPIYKtTqoF61YydzXZ+ehFqZx+VouvGcK9w3TrjjwQ8TTMDlekmBYVzVV3x/QmqwQu4he5iRVg05U7mNevTGQmkCeyrf+7jGsaYZqwMa23OcD8+He/fNaBF+uPnItQqQsRo8R7iPHvDDqit4sA1V3X97B2AV4OYsvc5XzrcYRwscrd3jgMx6BUy6mydgI7J680C27B6UWQf6wtuZaWYBGmExAu5g0K35PzEOuvWM/+HrNTOPiPY3tXSpVf5+XLaaKFqu0+5dp9Pc7VHjh7kPb7dJc+XCwwMBHmHDLQxXsyfHdeB98H3o6nr2uhBheDjpu+fEKqSaFpJt4hEthXVbb7fy4+KXS3fabixUqZn0GhFQx3evMa7sJyqYawGsUkqXEe5OIksR1zLLhOiFcraCCyMueV2NiDye3g27jK//QF//8ulf+beuf/jLG+PlbSX8tjjFw/xwGORch9nV8C7s3bDBejJdg+8vIwAJw2nGzFJWf6spq+1ps6xqFUrniTY6E+4vqZeb3uT31Fm6OP7e+/j6wFfXcXj7qNCVlrYtqUdtrXVTVVJs+4UeYUzcwxh2vCIgc4Z7T5567bKPKuwZBygrUIZHmPaWI/YJZ9sq1c854aEh2P/s1Wir3h4tQiv2epdOdkEkrVKJs3RLff+65PEnX48n11cHryq3kvtr4oeJ3/w4f/2yvntbL9kzzHmu1gucBKC8Og4fm5ojjbB6JDYdw56HBzXatmiBiLnWfUmqBM7CfdVaq0dde6etHoeWSmeVZqPpsGrvON0nuUNzTMt9HcYxfGXOVdnJVsCoh8MWIM7D/fkaw2NWfZ6q24nSMfxCC+oauoRdHU8Xjt6RA+8CX1xDwNu57mmJytpetXPP1bBW2uD1+ThXEYXguXArPYU/XcKBNddfv8x/8dkO57vAlwc/HPY8+BQ8HC7ut0WH+prVF8EPB1N2lm5Zn069pc5CCjKp8YcigKUNpDTSt+Y2HWwzN1kmhdFMXgaAUrcHYbw4v4Ty0BLuqpfkS9qnqZe0+6x78p5xZp2rMrVUc9ZKtepHpXHRWlUzkdXPmbkyV67MHgTmXPNYtTLHyHl2QgFKRzhVyx2SRSiXUzwnKUqVZZXH0/Fv/mv/xref315fXi9PppzzfkucR4xx0e32ApQr1GyAqgkADDfFAWges2ZVLkO1K0+Eyansz4oCuMxIBqAOPHFCaQpP3R8ODEBlXaVsMpjlWjGO83b/h//of70eV8mEYnd8KrCZexlHhNs8kbOK2PtmFZzsZ1yb70Vzrkq2O1jWntpKeThVqH0WkFiZ5mzRtbnNSjww+a0Lyn3nINxp2EVk7wP39FZoZVElZOaGKtNOvQ1ziFsKDXZueLP8GW5FpApFinBR50x1aKY1CsQSxdIjro0QG+QOwlsND3mYIHer1SFMcO/UHRaykyA3EubhXm61j1T94eUmIxb3Y62qjYXmpp/SvKCHcv1f9hKsxnyizAfZ+IQAs18hiFS11YhGd8tcsn2YFgQly7u0d7PWv9GMsswyVkvySQuy8x3a9kG3mfcfPn2MCNKqkjQfMc8VYX3xqNPNCJIrk9DaIhFANLO1lqXMuwXq7V/rXNtpCaA1USrheDoo5MqdFccGvTT2zbsW6CdG609/UnTXVivqgfmIJ/60e5L2qL2/Fal7knmfNPNtUalKjQhRucq9S3pUn1a7ym7WqpN21moXF0E6wkcV1ppGpeSGariOQ4Iz+vs2CwIzF8VOkNm7FPYenFU6LmOeJ42VItGFVFVen57mOed9dku92/DWX/70CWjHf0i7nfTw69Pldr/P8+yJsWDqQbZ1SSGDleAd8I1iUyYj8lyFbkaYyp7publKWdphbpQkpydg5lXd5pVxLE1kjuNCWEla2awmd4vha+Y6E0Yauw+KcA/PVXOuZtH2wojiz3/xs9t5//633x2Xi8AIv73djyPkzLOiM+2Ga2UWffgGGpDNQDBsrdFejDlV/WpF0H2UlmqZH71GNA9tYRKwe8e2qkidkU7XQ8TWuRjbcxi+3eugxzjP5R5kiFDHj5qp4G5NJOxKtNRrXtIdJBDctAIHWjC7M0GNhId6AMNmeUbPRuAOesv2vQk87Zi2kLmbgcPG6LvaLMx733DAowq0oDtoYwxawB1O83B30MwY42B4a3ssGuvpFmEGs3b6mjlJ92NX/2OM6IX08BFt5+Xhfhivg0/Gp+CT6X3gfeApdEBhm8QKqblfCWZilbKLid1xlwBuVm2587efPv1P/8P/8n/8/f/+h1//yrUo3Oa9Kse4hMfhQ8piBvl0OQSJdAsoj+Gff/z46fPH91988fVXX10vl+My3r3/olHW75+ewnV1j6CId+/eZZ6VvJ8Txzv/+Z/Wz/7k+L0/0NNTxbjLjBaBg7oov7zGV4cbispBDDcnHDaGOZVZDoZZhPuG+bP1ugZUVZWs00NTcs6VC3pL/Ljw42um2etZRH1zPX7x7F8ffBdtPnrMZbpCV09gt6mJZo8FNfaGfa/Qaez1EveWsuWPapW8qS8lU1MldgfQR3GPYHpZzj0S6ZmNHovDeqDa8NPSANmP7LY7bSjWo/oV9pGo3R/s3WT/xhFG0Z1A5f1cFn/56fyLH84fFz6eepnqRrGUWV1q7B9A0pCXsOFOYK5c9ZMJF9drXNwuBuaqKgNGwO14OdfbSoHH5VDhdbvZ2OHA2e8Chp6BEvWTz47e2qdHt6NtcuuPK5OEAxEOJyBHp4UKRX9grP3BClorybqEvbseh9mcc650I8278S8JWSPsi8u4OFm6Dlycz4epBfpgVSn8fubnM3+861X2MrPVmSYYeFBhFo53g6MhGL1tEw6r94d/OezLiz8NM/aDHI3oNMJhEdaWzkTN0rl4lpZsSm9Z58Jq1UivA1rA3caxTmAgwhhuVBlgRveeabPLrY2Q4k7FFJjdExZeFl6mPpa9Tb0mbqvOpfZ5z8K5Vi6tzt/ZLoBanSewUquqKlc2cTlXrXPNOfFgi2JmVfsmEqrKJFRzdWBZrWUWZ51rzkBxFVW11v3ttvK8XEKZc94vEWuted6kRGWXWFpznmdXquf9hKA8kdmb5M39y0WC4qqFzFK5M+cqKZwOVs25zr1Wq/SumR51QO2Ou7p1zy0fhZp/D0hoSZF5sZSZw4+1JglUVc8LsJdlMNNM9w5AjEyaa65JoHJL2NfKcRwGZa3weH5+/uHHHw4LDjvPrKqAsUXd5mK5+TxXDF/nHCNKWHPFiI5ZtrC1ytwr1x4sCN7SaJFOVJG28zf30VRNuSCxZtLKOsejcSxGI2qVeQul0IEJnTpZtPO8GwkslY0xBKtcagZkis6s1D5Ft1Dcm4zaww/CGH5xpdZaRlOqWHst+DgQN6GG9v8z9S7NtmXZedD3jTHmWnufc+4jM6sqs0oqSbYlS7Zk7LAIAhxEOHCHoMvf4CfQIQg3CHr0+Ak06EAEHcIEEHYANhZ+CFtYL5froXpk5s3Me+85Z+81x4PGmPvK1cy6efKevdeac4zvyapogf5yLDdUzZYKN/mat4pfVFFqzYzCzFjbA2AiuXRLRUpVduAfWBXFtiB3pUVbv6tBiejDsWn7iMyYFK2obd+OOStj2B4diVsYux3XqcNqndcgSpTdnIsP10GGrKooJzuQhh9+6cUFL8LBK6A2CEk4Eiioqqej2BGRenOrA6yKFZTPEmHMFZ1YGRQFwIKhh9P+KFlSLTlpbeqyQ6+4947aFJo1ZiqdfTwn+r4kLZeHS/oii8yx7aZyeXruBWNGrADS2/AnDJ+JpBAZXorz/enx7ZPp1vERqpIVWWGiRVRi2ywT7lHVjykIacIos56entbnh/UYdVp49befi2/gGny7nQ6VcRxHhqNjidAeYmlx6qKpmCZGSMwD0mpzVgVkGdp8ruzbQi3TW2/lXVxLJLoWLrJKhWrDZ3StCMFkVsL2jYBHdy6tmKWefDOqinNGRlaFgLkSb4KilfnTH/9kuztv+ymrKlLO28u7V09v3zcRmCgxTS9SdRCRQvHM5V7nohK67hEihaQVAKGoaHkk83T/wq9zKK8x+/oWZcJFhEAlmogEhdrZ/5lLhaWtK5OhEIVHJ6t6hI4hNFJjDVKNS6AgoGQXO5FCilrn3nRE0M03rp2o06snUnRoya1hnULTSoqZDQPFs1Rt/dVFaWCJtCSdFN3EdpA0YauAVCmjKLqJ6NYwv5pRbklBw8jeMkxtQNduIWpqiiGNH+tqIFASamJqYtJ4uqpuwzaBKTaVO+XdwL3i5dA7rbPWSdJaq7keMMTKokYUI+FFz6wqAcTa/tPA8gpCEYi7I1jjXNuDbLskc0bHsolKH8nRyIAqAM/IRA3sY1TV9AMU1U1tS6DEouDX68mGR7j7uL8bukVM6jChM5X66jf+xun7f8Vt0HZP0SFVeTLcb3pWDMiuuQ2JqPQ05dik4yykmnsnlWNTVSER0621jlV5E4sHcM16jnp31OfvjsfgtURUNvAjxWcP8nLw45PuxgKyurG9c7E7Jqhv8Ft7oN7e2p64OzQgbwNq3zNNnLNPEdx2sQKY7U1Gy56XfaxnftFmBqovqZWv0QN+AlLLexVZ6J3+9qNbqQtEouBABUpK1uRfnYyJ3sK1oCImku5NrKrKzyf/4Q+/+fFTeuY2tFprXzBVLwYwo9P0qOQ2WIXpFblUF5vq/a5WcT/04WSbytZRniJzTlF5m/LmkCsKkAikx9Eh1WCioiqyf4vgbWuHdHEkYzUo903d99FyOVU1ptABnUkHkQcJ1CY4q8DlACjiyIxaE3Nguh9em2Bvr4pqFfyI43BVoYzHI798vvZ13gDzRjcp6zwf05PV3eDHu3x2Yoq8P+TNzLdej8EZ9RwlKATfXFIld807k7PK2Yji+6s/H/LmypPWkDxvPA/uS2BIJmb2QNLGaN4Z7hqDBB16cVwjH2c9R3qwNeAzS6oESzjhUZI5WiAxUyZMoFJDRQuIVIH2JJElLBVuwjvBR0PilEfgOfjO633o+1mPwXZjz9Aj8/CYjsiYM2akrQsnMjNmhke2E3i6bZu5V1X4DI/cItw1EytkdCIr1bNZO3VUWeo2TjVn0at87HvZxuNaXSO429iMh88oZWW4igjr2m5CZGaqDSyRZxDMdDBZuQTlhFL78mZmaYd+tO9CssfXTK4oj6Wv7jC6IpFs2L3NX8juQxNklQTYxaGSVSB122KRWAUSShXEdIAC6aAR20dBZhxdBpmRpFTmeb+rnY+X94S0DOc4rqIWxZqRmdoyYiGSywVrpDA8evoHuJ03n6Gma+cfY87Zr1quGg2qaEZVFiEoNLa9xIYkQJ8h7aAAVbUiHu4fqurtu3dov2WX490C75DlSFGIqacP0UbeYk6yTHUeIWtqJxedxukJltpWURnekoysZHA9HkOgzWxBRTODVCgARCUzOil8cSzIiGQlyKgioCZzOpJiTFRlma04/8USdOwXKCYZgLvYuPmzNCpMLNKH6KzyeRUxFfMMUjNq7CM8QFRWMN2nbTbG8COgosGiJaIqwBU3tG02PVBlY/PyyGVE6UGO6BlHBaBaNBO1zntAhCJwFzUzPa7Hdr5/8eLl57/4syF7eSxLdwUXGMhbvUnPcc0irLunsfuCSJX2r4/KKsultl75qbWiY7NNvRXpt12rUCt8Br3bH2jfX8sYhHX4zYjQBuCqLL9eV06VCNodNUNHNy5JLJ4LENpux+WwbXz7088e3/0Jb66C6mqVG5XeCASqKtJE84PEtgVERThkSC1QHMiE9V8fBM003E23SF+Vcigxosp9EjJ00S6dSIkS658WqJKMbOV243HRMrXqyk+oaIT3ptEITt/fIkahuydacka2aiqxbxZRSQQ6umchbXmgwP7oq7MCa9EVveaiz67leu6kO4ptQywR5aAyjrg8XxAwHaptk6hEygKFgSV/WYIHLFi0fztGsDuAozk/QYEff/uXv/j5j56f39v54TRO7x7fChTCQrUtSyHrrIEUAdHKYC0ndC9/FZ30ohCyuQfVFVolbJ+AijSGKu2K0Ab+Oju7dT22cgVEuzC4QFJMtMuqWg+zFERK6mjOZgxrr43o6EW/SNNRpgLrF0/UaKvUijSqUlVUIO3cXRM/qNRhQyG0YQvyp+oQiqqqmC6Rv7WTWVRFrAX/3IYaORQns/OQO8ML492oe+G91U4Y3QhpwBgViQSzENliX0QwE56RKCL7iKzZggK2A9kEBXjWcfXMvH/5+uV3vnf56hf5nJ6ekE01Ik2kgGiNY7EBy14houp6HBG12a42KMyqY7rIJJHaFUHuWSkCjEhUiIjcvfr4O7/+V199/MkCeNBEMYkcLDVR0axSYDttlWNOvz5PFe47On19301QCtQxQWh1M6hcpj97PUa9m/zy4m+v7lTVAZeT1GcjP3uQz16c75ZIMWTFJ+PmQWuysqGkdcJgKf+W8qYHetz+9DpSsl1JreivJWjttxI9FQgWY9tv7YqiTqASVakthFz/pWx2tO+CRb6ie09u/PBCONHGud5OlOz1rskEITOxtIArQKaYmOBXz/7myX/w1t/OPA+2mH56VJaoVUQ/OtKKosrIuhxYiDylj06RenvMk/HJ65vL3FXOZsMYiHeXfHR/hl6OmJGsQB3dUV2V1Tl2i4DtdWUlrhdZiWY1owqZtx6Am1UgC0Drzdrw2YLMZj+M/O79+LU72YQpuCQfL0mRbd88893z8d7zOotRILPyeebzEYV6UN23DXOGH7N1GmLXGW87Hr+gFNUSwgSGulO82vXF0FdanxiSfO/4xaWevFAcKp58e62vL7Fr7cZN66x1J7IpIPL11X/25ARPytPQF7veGUyW16X3wZYvdySGCPeliOM5+eT15NkaIQ+YMnpZShDlEa0Imtk7Ib1q3DBOL6hACSnIYshApgB3gjvlR0avumQ9Jd+5vJt4DDyHXsKevQ7PmTlnznCPnK4ZkQMR6deZkeNkEZk+PKJqZNY8Zku1gGKl+6yZfszlFYtAFvxQ1IGkajgA0dOQMcLdmg/wieI4PajS5xE+s4K6E4pKrUJlVpZqeVaFlKACEcPUEcWKELLmcdztd3l57B0PGdDNelr1ufyhqtWccd0Au/4eUNDsbV9omQGmoAVHazsFcb1EBIRU2QBf2CbVdotjdq5DoWEFICli6wsHqTuRbUQWmoLX5ymqHSsOrPiRBSdQKjM8P3TjrA8htS0BLPrhtmkPvpnR+ZDzepDaC/Y27Pn50ipTdFA4CdYwqQK0sUVU4jiuKjrU2Kn8fZGiyc3eBA8r2/btr//Fv/yzX/z8y3dvM0oENiw9CymjMxi6qAdj00Y/Vma/sDFQQGMGSKi2hKBqRdYqQWHXSfQZmJ3HcOO3qzOeGmfIihn9bbWaKKSjcgiwVeortbQFrQXRTnqP8+l8ur/7+s1X6VMomel+fP9X/+I3X3/97u3bV69fX67XeZ1jWHrgBrl0LEIGjiM00jarWC3O4bFG1ar+ndO8Ad/MDO9oWrk5nDOSi0NsGgJ9pGuhQEFlOLLy7nx3/+LVFz/7CVgybFV9V3QWUE+amYteQFMvvX6RtbjmZaVYRylhKoJAModKRN9J0sZx5CJu6oNPGp290OyRZKVwDN30dP6V3/jNNz/+02++fOPhkS7UHvFRS2GUbYUXioooMyWzGhraT7tHisjpdHp6ev43f/qnZkOAOUNEwqMKIhJZaq3U9z4/FyuPVXNsasn2wd+m5TVpsx9FQc2c5/PDcb2o2Ixr37jpnakEsLqwXW2QLafNcM+46dsJn80zCgDpvCGVeURVDlMzS8+oDtWWXFtIZRSCaoilO6BHlqeqjV2uVwdZFRSZ16OnTY+oZCmzgquih8tTWFRKNrULHZsJRDQj4sio6TasZ5dN9yOO7DIeFHvHRvYL0JGY61BrS0aViMaq/2EmiVLTbs4x0R/98F8pqWPft7uHh4f3T2/HZpVVzW/0CERVtba8dMAmUBlYymfRqlIdns2o9HsPimQrr/ofiC6CT4XVSUIsCBtNV1uboayqL4r1ImxjX90Yaux/X1lFsZEVY5wzue0nr2pUVklqI/cmMpq8UjX0AmBW4Nj3RQiowQwqojbMhCrDRERauyNiw7h+pJkZhCY0Uyp6HTCTDg3aVHfh2fBi4wuTF4r7kSepQejKZF1j5Cx0q1Yko5qHb1xqCc3VOFQkJSJiTmWZyTZkNy3AI65Zz5drFD755NW3v3qU00d295FHXB+fMmawWsAS4Z4+zABtPXDn2h3hl6fL4b7t56JECVHurgZVuAcrQILqUVm4emXE3d3p1a/8+na+q6rLTAogvMz0CAIK2pAhashB3p8WlL2ZjgFEpqeKIIMAIVl8f/WvLv7V5DfJr57zKbIAI6TKwj++53e2+Oy1fnRnBihKUd2GJOSqvOvmuALR9VtYvtrGgfKm18e6Y3i76ZHt0JUlh29lW1N7tcRErUvhn+/RrRGtWydPn6UCdhQ4sHaApZCrxZ6uVb+jxbH+WG8AbV2pVeZ4Q0X6ORFZWSIRNYnLUZ+/u7655jeXeX64ezibV/z87dXLZuTR9t7VsbgeNVl7z+IhZN24FJXMPLyS+jSDmduwYUHSM2dU3NIaKNIWpm7SjEWgt3hiaTi5PvIbutGsbu9IeaP9Ft2C1ktUJy70QADpFPu3xd/7/PJHiu8/2F/6aPvOvX12iiH6cDcy4iibgev0wwMi96fx9fvL126fX+KLy/zqbV0iK8sASilctZsBgcxkkhJYiTLvJ994qQQzBTxbbcJZEhk0GcCQNGWWFuRS9Rz1GCTCno47k325e3hUfvMUP3kqZuwDLzZ9teF+6NlEWycR0YBVYQHoSnm5690oz/RiA19JVC1fKm8J5Z0rmqjplYBrCNE9TUYOo95CM/SmdCChAgFNeQd8PDDPfHK883of8n7yvefF69jrcJtZ1/DjyBmZHrFZRhyHa3+MqRmVmS1HycgID3eOUVvqFuGRPrUyMzgNzKGWEdu2RYRUhbeEtzjMj0tmMEGUQUAFsuYhOoiqcGayoiJLOnMcKyAoSxElCQkCXvXd7/7qadi//MPfH6MzngsQIEuS3NLdqwW3jcpVIYVW1UmVnb3YIgzF6l29DUZCASO9v930MNvmnNPzdD6ZCozzcr15HKutXijM8L7H3j+/7fT13nm7oTKijyR08EwzjxEp6OyxpiXhGRWASLoLO9knzDQdZvri/sX1mM/zsfFCM6ksNbm7O0d4VKIF6LIIM95CRYZpsXST6/WqFBX1TJJRHCq9w5HsEno1DZ+//Nmnf/F73/nv/+e/J2NnZjqGDTGt8rbnDlMs1TsIVqZnbPv+137zd37v9/8fMFW024/CW89WGQtXiQjpJaCwjJGFyC43TBFiSVMiEjZUBBFJtFlrDb8R1QIVoUAKt8Zl005il8Ov12+OqrJtX4IuYGYeflTWcVyropDhPtPFFIEhI8or8jguKqam4R6RjSepNc+zujwgkl6o2jaL6SKKQpfhdakJEoGojhbtwbwlJF3QRiJDqF+/+fyrr34xbKjIEbOSHZe3LqhcElXp0RelxohodKetC1zu8AXsMEEdd90J+Nl3vhtVn3/+MxHDh3wrz+20uU90O0dmGyop0kqnDir8q3/rb//X/81/+1/9l//5//o//Hd9ifSWrCJUeosVbguPtM23Z2JUEzrzCLJk5a70gtxRra25bb82x6bHMTtWGAWhLNw3IrN0t+wm5PpzJoW8MSRZVbmf7v7d3/33//7f/1+68LuNwqAWSpThgYSp2r5dj9nodHgAotpGxIoIoLaxC3md177ABXL/cHe5XHx6YVEEHtmkRCMQlSnG8JJOR1fETBtC0qdXN1VW72xFU/RMHBmx2ojZNllKFx0Aa04ws4iECjI8AoSp5ox9320b18vR5H7rFJbLg9LS/36zMgHmyv5ZH7t0zsgH1BGAUovsimxHoHLoplRHZXl1J7gIIJ1bDIAqEdU4Owrb6a6Z5BJmlqp1+1C7aY+2yqx3vROKSrSzOxWFlcTPDjsgRdE5wDpMLTLAUhlQBSVLqGpjNHJzmf7JJ9/67NPv/OkPfypUHeYF07WS6jCKQUeRm+20EeliQ22g0XsVHSamIloqqiaqakNNqSJmq+p3mC5NjdgwtpdDZKjY0E1lM9kVdyYPAw+Gh4E7yV1ooCzfZ2vTJPAB6Y+sxkIqqtAZDgXTpb1DITIEOA3dFESHf2dkzazDA4ANrcTT5fjBz978wR//+Md/9P+9+ePf//LH/zr8eR9tihCjeU0Bh1hVVJXZ2MbIjPfv30Yc5/OD7afXr18xE4oX969RPggizfTbn3ysw6Lq4e4eFXeffPrZ7/6d8eLlnHnNStVL4fnqBSpqV32x24PWq5PcGXcVJExlKEzpkdMjlZdZXz75D76Zb0K/PurZi5UvBz898bOzfudB7kytUgp3uw6RfVcV8chIKtGRvlnIrI7erz/H79g5I91nssJqq9BSuOyK0EKujb0FKh2ygcoVYIiSPpvWRL4Oq+ZTq2sp2MTHTczTpg2pJcRdOqAVgIwCZAlBazmUm5lA1npBb2b9fqGbaet/JlEVkWb6ePWffvX85hJvp0Pt8ekahXdP16nbk0tKLS1T10Ji/bd6GhD2wt8yswyUiajJMaNjSdipBpAZIZ2doajkOu7YZUPree4riUvFVCJM0D0SVQlZFfQfQspv7At5O4sWlCMkKa2rim4UU3bEkBleb3AebBkAACAASURBVPJS69M7+/TeXow6D2OWsH70Lv7fL4/XJ/3sXu5M788W068hv3icP306npOXYBPybeXpRKeqglR4VqZQzChsIKeJZKlqZgMGqGAfxqqomplHAX01RyrLKEN4UgwVR10DF/cjqeQQuRt8ucnrUa83edhk66BPsqo84MlL5POMI7IR3E1FUBlhppnIyCSugYR0+UnfC9bA16L3UUgp6oJLYcI2pvUK2duVSPfvVIBReAo+eb13vnM+znyKuhYOz2vl5eo+o0sqAunTj9nvFjMyPDMiM30GMucx61ZLnOnpET4rApURgWgQ0+M4uswBFT6v4Z6RiInKymRFV/6lH8hAJBCsyopwR8Yy3VfE9O6cyUpKItEuYxazK3CRVU5g2Ha9PucKx+mcuyqUoM2NCPcVNBkru7AkkSUrnChuo2c+vHjx+O6JzDF0Hqkmx/NVrYXzyIrKMLJX/fSgIjIaD824JQMAouIzigUKAtRuFejQvWqbWScQ3DDGWta7tVoLEgm8eHgZ6Y/P7xpIMC58ppHcMbYsd4/+yiuye9vRM33XR89QVQE8UoaVl8jNnSMmIp6zFUFZeR76eH2u0gH9gL1ylT9AzUjO8A4F5NK1x9hOMV1KqyKQGVgypIpc0N4Kg1FyBdIsR1bnfpaI3sT1zVWiFmUNCnu0/reDyFuoBcX06Pixztzv71ZFbdicDtRQvRzXFudGJ9gCWXX/6uH1y5c/+sGPdFtpAlRGA/jVNCVrlZr0uVYBjKGn0/np/bMqxjCf4RFCTg+TIUPcJ4CsHDYYSCREKxrd75kY6SWDHULRJocsyApiZNcVE830sJbXGVlFSKQ3892HF0T+/FoRPffGQzMwy4O0to33Azv2rQruszwo7LPZTAm6V9cm/fKv/9Z/+B//p//wf/uf/vQP/kkblqUzm3SFLuUNP69I0RuHVlx3rTJntptQTNNzJWNUuzpSRDo9rsjOlF1cvnTUC24IHgrZWT214LUW41ZTaUMMLPepZkRHlKICJLNgQyIduUQjEYGELPlQO/P6Us82FahI+AFA1KrSzCKi+dx926h6XK5imtE2dh0mVeWH96u6n08xg2RE3kSEpWS7WChsV5Wu2JwibsG4UFP16fhg5aGUBw0ZaWYzHBDr0Sfbadh1J33el2gH+2QSKN5o0G49a8HzAij7OektVta0skwCUdXZ+K1jqAQ36bIg9MPf/IspsuepBHXYFl2YQim2hB9CFVFQfMUfK4ttxiCtUcFGXLqLqEAZxhIIq+mAsQs6sUEASdJsJASiquP+fCfCw3073XlmRHW6PrqvzRQiagNLDa+nuwcd4+IHqaqD2tGfapuJSut/2gbQeT1Uka73HSZCFZp28RdFZTM5qd4NOYmcjfeKh4F7xa41FkGf6F57YQGe8IRHxS17i4TaYu5qcXTZ8GxmdGDqJhjLS4ksZGYxRUQU7TUuyvM13r9/Oirfe/zkF1/+3t/733/0T/+v+f5LIqa7qZlatPgMCHeQ5+0kauHH4+PbqjzfPdj59PrFK4Rv+34+3c3jyaQ91fzk49c2xrZvL18+eNaLX/trH/36b++nvRKnfajK9PbIQYBN8eI8zoMnkYqpQmRRpbIm+Bj4yTfXH7yNnz1VypjTReqjs3621W98PL696YtdjaLGyDr8Q8w2242T3VEOiVr/QzUZ1/hEywbZlX6VaBFknwYfjAHALd6MXe/R82tP4kt2iXUALe1N7wa9wHbO/e0Qarlmy/6xsMQ14K4h94PuqDeBW3LDhxYBuekY2/QrxT/niG5HPzLQYFsBz9OPxFfX40dfzZ++n5n1+myv7/aAfHXxr675PJMi1VJGAGBlULWXIs9mpnH4vBt63kZmKsQrj2h7GT1vMP1NjSfCiqhMVZiuMO7eb4TadMlNm7lgHJFWWS1bcy9QscJpAS6GryKbGRCTFgD0x40V81WViaKpDNarUb/5yf4rH+9/8MXxf/9svtjkvPHxeZbIXvOzF6fXu5SnqrwPfjXrmyOOLEC10ZomRW9nWQ9PC0TEehaqy11ZLBlKBUwJYFZ5oaEupfQJj6ruzqVIQjut4/a1k8AmfLXzk5HfPvHlJidTrRLVrDoyn4MXh6OQJUyFnDc9GbqGrJGWAq9Rz15H1DKBVlFolERFhCwCniI0KQUIqBFViNtDuda7ftAwi5eo5+A7x1vPx9kZpnlEziOuMzzryLwe0Xb89IiemCrDMxI+vTLTwzvFKSM8yr3y1kDm4e4dPloZfQLOthr4gXL0Nt8/M2Z5FIKegGdEhveomRkV3lO+Z5c1VMElCy2BryJijZKFqjj8GcuMmpWx5pLK7PAcpLSEpZVqmdWZ/z2FViKjEjaEpjE9fPKWmV9esvohsjIoNNXwlHUHpxQcQVr47PUWLCJBmlkmfEYhWVmVSlDX7NXNZK0RpBBMqQ9bHMI7X7ETC+ERAjETLVa1+7N1y6gl+xZUrmSDgpBx6/OqTBGqmpDXy1UEKpIkKMikiqezytR8Bi2/dX64zHp/vQAsdxlWlZ7R3EU21NuIRQlZnm7UWoQ7/Vjmq2rogJjzarqJcPrsSoRWOBaYEchsFUCmi7CWhivVhnuaikeIrrBgWQbiKMgyYmmVt6efkWu7ENXr5eihRCmRQWF3vQ9TnwlNNT2e5um0X4+jGX6PWAPKkmsmbtjKilkSMbN5mQTEmJEk7h7urnP6Ern0LCeqozI8vHMquKawhSs1MCvSkf3oasR93ypZTLRXoVBr6kuyVC2jfDoEapaVzNaQg0oUqHYGSmhZHcezIneIvm6ySDWVYvjsnayItpX0MqeqXQ+sQ1TlOI45HaCZARUZXD59rrwtgCLICtyUsiClRKRiyfmxZO7k4imkDV7dXlDIXFM4jBoz2oyQldumx+G9A/TUWegkH2alFE27ms7cp6hAiMQN3Qnwlt8n0sMXiRabocrMChnRv0w/kahMAal2HIeQuo01bWRV1di3xu8ry8yyqiLQRXFZBPb99PT+seXOCynsYBOTLg8ZahkV2aUALQ/u8GAXKihgRqTp8Jyn7exxlEj/VwRcgYmqEMmMfoxEFGS4N94sag1V3iRjrdPRdRQIUMK+Zth3d18REhkdo0lK3igt3orte/5vF7WZjv1UmT5dpAcvhXAlo1fpGKTWMoq0smIF8ItokmpGqAzJrN5nMkkKOohfNlBkKJtdWWlcomNQZT+fTWx6iW3T577t1SO8GW0rIgizYWaqUlSzAdUSqm0ii0agiapAe8q/6fvNOMTGcgjspsPUjEN52nQ3nqTBfjlL3hvvlCfUkFumbS5leWR5iq8Mx0apG2rtd79yZX4xC9GRUlUGbIJdcVaYYBhVJbqcPCrJAq+HX2ckWMku79z2UcSPv3z/f/4fv//TP/zn15/94eXx68vTheDQ4X6gsvPBmaVqqhbzmPPJdNN9s227u7sncN73875f5/Np7JkpgpcP96fz6Xw6f/T6xfm7v/Ltv/LvffLRi7NyqG4qQ6WNsATa5hoZfXtR6ZCvnuabo37xGJ8fuIQ8HRERzFLBi4Fvj/yd79x9euarF6d5VArDsypVaENFWF07kbFuChF8yDLu1LYqlKxLHi1Dl6XDJFqQrktT2Ja4EpG2tC+9NtBd8rW0BBRtFctt/GzT2yIAbp07vG3DN/XqOtZvsTsru6LFCXXLJO3ruWdj3BKU8WE/WDAT1wS5flY/NiDmPC4X75SqH/387Q8f8aP3fjrZZ/f68cnc80+/eHrzOG3fxOxxxmxZsnSQw/prGDDMUPnitJngOA4V0dP+7Pl4qeNWlCiZrUJRkQpkOFhq3NUUvM55Y0HQgbMlJJVVyyvGzoWuXFRBf9r927LQJCSZva9h6VGrD2fUku6jg/NMNKtmVmR9vFdWpWwvB7+9xcf328+v8q+/uqSIqd2S62obFtm1Pk13dl8Q5HYHC4ll2JWFcFA+9BB17jMlTdqkdCtnqopMFrsbpQO1RUkysiIxTIbKEXHMBLmpbIKd9fHGz+7ls3u9s9btQoQBzsyr54wWVHEIhy4amFmbCatUJbKuTf0FZmLWzePR0FKbuZbXrB9iGNGUzhqbu+SlX4Vu2wSOwCXzveO985tZF8cl8DzjOfOYOaM80uf0REaEZ0RlRGRV5jw8I1vXlDH98IrISGTLcKIyorNIIzO6prjSveKoSrhXZsX6k+5O5IesIWSi0t2lIhrmDwfp0yOnEHD/AGrNeZUCQI9LMSQZ0fUhuSDyBbK0ALobRBeEgOpnu6f/YmUUdJjHPK5zH4YKQiJCRSJTmGDljKg0kag06jyOv/C9Xz2P7V/+4F/psIUMtNY2E1VmWmS0X6I34kwbmt7fNMLndtqmT23QM3oABDtZ0Vi50N+WkDca0dBeN/hWwTbrgDWAUdH5UlIUY1RmhgBZ3LdBkZxOab40/QgxtTHm9RBFRgJiIn/7r/32P/7DP/n6+b12SJtIZM5wuSEprQHosbMyuytVW+o/JKO6NqmzQZP12aff//yLnzaX3RhMlxtkpdmoWOVr6YnK3jfWbACIsIu11ghXlTX7te6w1uj69ZYzkJGZGRTtME1yJSu2NSoyTRQRto15HH2HmRooxzwapOm8SlRVZWQrKJhVOkZEZJSAYzc/PCJVe82rzCXuLKLL7arn8IYglpG6iWq2smXbbF5nX0wRObZddOj5/Orj1+++/MKvl+nhPjtz5mZ4a+m0RkRlL1rsS0/r5rtsNVIt5PZ2W3W8WNFMgW4hlrFZZKWnCEWIjvbPjKpjHqvHqkUQJhEuvYEBqL4cSzqHkU3aZC82Dc91FFfT0Ky+URZ1sRLciMgSSB9SVMnM/qwpcr4/tXZqnW3V2TpOqkk7+gOUhHfsXdPUTeVRZIytFZggmupa4qpV0M12WH94rIRSAY+QQRGxYRHRfg6yCdkZx0VMW/12kycV0B+g+jEpoluHX5Jdei8qN9Avb+GuBCLKzESksnTlAiVVtm1jlRf/o7/1d/71D3+QFeDiQW4qKQUR7sKmAqooletTbN6/uaaoFNMsUqRDuz7gQiWslgUDaoM2CCGUIkWKCZQUyah21jaoD5Zo2we00rNKVMDl0yUFFKpSrKWWVGOH8+imOkqtU5CG7aDxhtMDQrWx7+RQHZ25Kaqg6hhim4zNxqa2t6nPQ0SH7SfRrUTNNpjZttM2sR02bOxj323sNjbdNx1j7Ocxhu3b2HfbNzuNsW37abdts22M02b7tp+383nbdjvtdrePu/N2P/TlST8+67dO8t07/d5ZPj3xk5Efb3gYPN8yWyPpiQlcE4fXc/FIeEqSIt2fVgVMz+eZM3J2gzOkACPulS92vtr5sPNuk33Ivg0RRmHOvB51mXg64v1lvn+e02sTnDY977INK9XD6cXzyxef/NJ3nx6fr+++uV6vS4OOipXcBA9XNR0j3MfpfHq4j5Vs+6GFrcdQ9YgsjG0TM9Xx8On3v/1bv/vpd7716rztY1DteszrMUlq90pUzelRfOv4kzfz9z6f/+QL/2dfzD9+Mz+/4JtLPl/9uM7Mkqx7yd/93vkvv9aXu3ZGdFXuJsbaTM2km+EjcnZzHHDa9TT6MqmuXmhcl13loLwRWws+l/UKkJ3+2nRjz4ML/e1DCVyXWU+fPSI1ith+qaUMavf5n6Op67xtGxZBNqnXSiDcitu5tmauPaEntiXzWX/X28zfksB/W9r3AbcFAdtMhx0zlPLRw/a9b72YkV8+x599+fTm/TGzTiofnfjZC/votEXms/tQ3u+7CipjM7kbtg073K+eR9WKjRd9usbX76/HxOPVQV6uxxC2ZiMjVWHDVGTO4LL454Phe/f2qy/sl+7tI6uXu26C6RMCVbnOqNagFJdHsFCrIKvRruUdjLUV3KplkljMCZZ4q2qxEFUFXIMzKgtfPV2/fH/tT9cjI8Mou0minfRVgHYZMSW4drTlOf5AsvAWlgV0XTNXHwSzMroMuOjZgr3qUOGSio5X6gDEum34xRnRueWmVAIozzwCj1FvJt4dqEojiFKKCjfFyeTe9DTkzqhSSiTazk1Abj2kLTrig/Fh6NnqJDwp7obsKkM4mklFsdi/fiQyEahal+/CHbC+ixJiU9yJPGx8NfDJLi823g2eVHaR3vBPm277MKWpbkNtM5FWtgtFbdgNNjE17dLZW1SC3DLTRmM3kHURtOSylZ+LYRKFiKiJqZCgtXhMVSjmUWMMHXtmJjBsszESEtlxFLjdOCiEcPTfgQDUGggjBWKo/oHs62npbZfgEuhobEG2tE/VVKudhg19LbocKhKRy0g2DCCpT8f1y3dvhCW3lL31YUtbk8SPKaLIBrj6txY/5orjq9zPe/uISEmPXtKo7F6kV/cf/dW/9Fs/+fmftYg3I1SEsrpHREXVbNiH7KLGOkUkMm0fyFKzjpQBax4OkMbjModZy8PdZxO2Peyh+Gdfvnmcz42mSCvKKleGAFu1Eo0gimjnJgtFqEv4lMkOq84iUORv/dbvfPnFL/w4KiHa8fx9pqrZDsGMWUhdPwZqowUuUdPnYaoEY04Rbe68HUQLPumluTtL+0u2gbUGEFXREhP0WdBqUrrPJkf6ICKlk+hNtJCt3GsiRToassTDbxHwpCqRXOh7B1YBWOFl/Yy1XaRFhDZGpmfbzPsRAcVISlWKLD4vir/zu3/z7/7d/+KP/vhPfvzDf9Meg4pCUbUDYqqz74Eaw7JpmRttfG7Gs++y7Bx17QDVIrUiIkKHkUhPAFAoNTMpksuD30tKqMjNBNf3X1ZlV/E1SNWqpj5Who0IbyVTa4GyG9EXl6zHPMAy6YBIby+4mkRGrxDp2QUCZktx7j4p2LZTetIYHhVlQ9XUj+wo9Hn4fren1zwmBUJhwatNbJqZhaCQKR0Dms0JqggQzUpELoJ40UsUs07kvT5fM8qGFpMlYvKr3/vun/zwhyqjW5Olp/pO8QNI2LAI95lC2hjpWURE9HPA1R+6NjLbdhFcL8fYhIUZadtAElmzZt8lN6DfFdvpbk/g8f1lbNY0aU9gM/qhl4wb4HYThd0/fHR5epf9uhIsdFIBSAijYmhP9hru7aHNvq9FKFLFMUasXZxRaUMjCHRI7Vo2qGMld5N90Kd3VJSu6lxpLI1q7LwcR1KGiKhZVIqaiGZxG6PIFCoMojQFRMZGKvpLtUFZuwFFodYiKJrSTGQsE4EqQTWVpfU3momI9tU1REzXHxPqsDFkH2oi25DN9KS4H3wY8mLjC8Od1S40dNZBdohHFLKYiSPr6oxCtF61Cqglz+0sqESSi6NhamEXnJV3A5uUqooyuhLekR5kJ/PMWghqCxqoqlXlWUfi/bW+fp5HZGUNlTwukf7FF2/+6T/4Bz/9g38Wz299unYZ6OHNet/dn6s0OF598onP6+XrN2O0AcaKte9mJoRE5qb26tXDtp0fPv2lX/4b/8Fn3/+lk9kQHaZjN1ZK+Sa432wTgcjjjB+8OX706D97jOeQIo7ZJTDVYdr9HinLkK/vrTsOWTgphXXeJFsPSz5dPWpN0qwahtf3+ydnez3yo4FPHva7TTMRWTcBToeU1cJEC4UmFNcI3eM+qnfeNr3c0qdbd3vzdzVUvQb320vaFFZv9Ox9pXnFdvHjRjdULwzNrCW6XZiLAsWSGiyIvwdRLieVrE+jtxq2RgnLckshGJGXiC/fHk/X4+XDKa7XEHkb8vPH4/nIIGbw/eW4JjxwTR4ZhGh37bWQDFWkRytnsdqugd3MkN+5206Yr+63mfXlrC8e8zrDtnE95mnYACTmr320/dqr82CchHcna5/a8/TnWZfkz99f3x91lLw9ZlBn4vCMTubGYkVyfWKIW7WnUD60M6ypSag3NVYtq4UomL18RGHFhHd2cKm230pFUVzdC4WVQ9BfUjOtNx4AtyWuljast9CM1p0tvrNHZXaJ7SKCerqM1uWLtqJgCTrBVp1nhRbGUBVB1gyPmWa2D56V3xr47p283Na6KyKmhUAbuEhC5OoRxfCSNQ0Vq4gaPbky0XkVIIlojImsopd41sy+XCtz5Sr3A0i2N2Ztzo24qTV4KFWYiWvgceJ98N213jkumc9RR9TlCK+cnpmYc4UDdbTevM4V9OLp0xfk7+4eHXQT7hEzu9gvZkZEOCOqOkrx5iLIqMpwZ7cNuH98xn/2n/zN//Ef/eE/+uPPkRE+2yI6j1kVjeUTiLhWOSl34+Hp+j7i2psmGyO7JQ2qVGVUd0M0eJfVKTk6pJHpKkR4d1Yg8zjmZ9/5/nG9fv31zwkRRmUJaaYzeh9u9/KsCnRRqSzFHdIbsDBVd++jzQYLGUepNfJt8+pD1dMzcj+N4zoBitA9bdPM7HlkH9vT9TGyp+ZVQk7Vai4isoWPHaPcKKiIVWQgpKCqxXKP7ifMKtu1ApkhoJqMfffj8LZcSiEa9Uiu9qR+ndhaDqr2y9K1x5klHQ4CyUpRicxGGyN9ZSYSx7yaWuUSg3RqDkSzlcvS2DG16bgs2zQ8MuLF61d/+df+wj/+p/9kjH1JskQisoWIvbM0oVOo7N7VlH3fjuP40E3SUAKZfdIMaiLDM1etR7O+FchW1gGsKhFmpKpNP0R0H8OzPI4eseVGHwNhuiUR7mQJtf+LGSGgqs7IqlRToKseJCJFJKvU2MK0lsnrMNXt9bc//s3f+e0/+pf/4vOf/CwTkZPVhxcrs+2XfTW8ePHw+P4xowMjaKKyFitBY7fV7HXHVFcAUB2dPtGHVmVBWysXBVQFVQlppVnnQYpwZYEJ0UV7ohElK8dVYqZ7J4dUZkivR6wmQkDM6/Vbn3768PLFD/7oX9l27n+rCDEZOubVSRaSUFWGu6zt2YiK6d75v53snWTUPJ6Ftt/dZYn7yp29O909Pj3KiqRoLQBAZSW6frkqMsc2Gs3x6+zxlVQgY4YYaXp5vFammZ3vT89vnypz7JZR8/CfffFlZ1r191dr1l5ZN1k5r9N202Rm+VxUoG0DrJghZp0nRRDGcHcWM30upDBmpAdBilbNsd9d5rPtm+l+ebxGIJEqzICYIJOihWpnfcV6N3RhGwTx/vErBU0smscmioRwjOEZDDQBHT77rGnEo8mCph1BMdNGMUWkKDKIVFGFtPgV1eAK2Vh+FamkSlGrCLEbkSg+82/+9l9P4p//4e/fbXsrmm4uSTWVlK7VNdWBzgkV0bFBRGWIEjRRpRptiAnVpK8ygKqiCjMbmzZUbIOmZtb/l47286oOVRU1MdOxyRi6iZ5U7obcb3Kn9dL4YpezYmd2vEbrOzzSs2Z1mI8cicvMIypTqoPmUSoYIgoiI1AsDVRlboQZTpJnkSEUlEoF5TLjuNaRPLx6RlFJFK5eHTAasMvhx1Ez690lvrkczzNV8XCyb728u7MalT7r7vzR9779EUTH6eVXP/iD69e/kPTny6NL3p9PZjr2s9x98uJb3/ulX/2lx7df/egP/oVc32Y6hHMGPamiIvs2tmH7+e787V/+1m/8O3effDITlTwiT5XD6mx6Z1bI68yfXuYvLvnlJS9eJXJ/3uqI40gFo7Fs7RlrQaXXxE/f9RAV7FqOhicKIrDFGtfC5otR9aP3AVFmKvM790+//fH+l16Ps1LNWDf6c6krbyq0xNp4e5FoUGYla1b1HbqMsg0Br/LotRuzoeml0b/JyPv6SMHC6j+oOpdSiLfR8bYntNqlUW1yjZ4fhv+lkG9ZEJuRXRaFNkR5VISr6bYZruXEVL3kojJYfnh88exfvjugW4Fe1ZHVquZZ4ZWVnYN7zLmwb6FYW0ilsp6u836TkqTKn729fn3E46xrmCkt4oXiWxa/8np/Qby6295fr59f06F2qefIt5d4e9Sb53mdpQKhuB/CMs192Ok0rh5PxwyyxY19S2dBb4avDx9Nb1OdabHaesAW9ShXfVQHpVRxmLaWgiCLXYqyHHWd7tTfYxcPsZQdEV+6BF1UaUl2x5xJR/atwgJZXP2tTno5ErAUXeglwCMqClhgSjHTfQwzlEfMFnULhqlSGwgsxTee+pxl9mByuXqm74LTppupCDyi3DdhCcKwzO69qKwobnQ8BDuWoTDYEXNZVRtKWZsxwYJEZVevRHZs5+qXBG4mO1/VloUQYhPdB+4Vn6COE58D70LeHfVu4nHwWnmdNbNmcEZdZviMKIwh4RFR4WnDqio9PMKmh6fPqWERIyNQkbHF9HTvKrJUZwa3LPfKo/5/pt6lR5IsORf7PjM77hH5qur3PDhDDsGhdDUiLrTTn9FOO/0irbXTRj9DgAABxMXlhQQNLznD7ul3V1ZlZkS4n2NmWtiJbNaqG51dGQ/342bfM0KHZ0SM0Q56xvi//vT4/W7teBO9zzsu3dICAzEYQWXuKbkIhG1pOOSOEhRFjBLHZiGfmSx7fQYkBXB38RS1cK8TqDg6VXMfhLYmT88vHp2iICOjVsoge2R0PywtK1UfrNitGm+DU2urIh64e3g4rIdvvvlOZGFKYKjY7bqmxHbZIjVDarS2dc2qQ76GkCbhvnu/mC2RHp5mMximJOJeRgtO/XNmCiSdnimS9bYh8NlFlwWGll6lBEuXy74cFjW7nE+c2Px1OBSwPqj6BEYNkEUVS4SX1TuQpoLkcM/Rramp9O6qmiVAEl2WNYOgFwlaCK/MW648RTLfMBBEaUlIPZ1evvzu21rMRSSZY4xpzSU9C6xONZ1FmRAx3fpeoIeoXFXwQNLDlewZSlLEZvrCRI2UleQDUXp9mCo++u393cObj/7y1b81XUvIy8k3IyIIcV717oHUsqh4IqGkiZQ3tUK4RcrwS9JU6m+YuPpsbYofvvnu23/7t/LrBorEACSZeG26IyVjPD09TzoBkgS13UYfogIyAtZy+MSdJsKEEgh5ARxCgTIjmRCTSjwt0gCeKUDlH8kVyOLULpUwCMx2uMnoo3f3MnBU35HaxgAAIABJREFUnCilMiSFwTQwPOWgmcGRhI4cIhIDorms7fxyFjHMzqhEQnXOyWTJ71jpctbUR4hKjECCC2MAFfBFfv7ZLx7f/zS2Dp2081RLlrLSQ2ZYzVzdqkKkGfsINRnuV+nu5OqTgax4GPHu4YwYbWkBeB8lE6svhPPxQCRE4N3VWgAVHLzcHEzt6fFJzQiMPtRMVcc+rmnZ8yvC1HGKj4Dk4XDcNz/e3d3fHb/9+uvSFRXv6XBG0RY1+TAw9RDkfH6Wu1fK3ZuImYwoJCrhNLX2lmoHF1O9ktqkiYiqrdPgJUxQTAOpYrU3z+mfVRxnrLhUs5hOZU0yKzJTBGpGFYFpSxVAVW2MpBqEoFUSD6hgNXOpsEGFqmIGiLSqgFRdLLXWADE1CMUaZi+vUlVtERVrKmJUqpmaSVPR4q3FmrZmzbiYHBYeTO5U7hvvG+9b3igOksrpJ4lEJHqie+yeu4dDIsUDPcKL50yqkOlECtIAZpqkCpU0okkemi51wyEjuA0PTxOhsseIlKTu7q76YcsfXvaXbQRkDAfzZl2vCQ+4jN57bxn3jR/drqbhe+8Rdze3+9a//O6H7WU/P3/40z/94/mHry4f3p2387oYxT75q9/96vd/+OKLLz755O7pZfunf/xPf/7P//fTj9+msI8w0/ub47o0AW7fvvnV3//DL/7+P37y2ce3d4ebw1Eh6bsKh+fjPr552h47nnv4wKz1UqRHd2wDE4Ooku0YgckTTt07S1ZX0HdF64RMY1mCVewVBdaXWrdCe6sWZRH8/YP+j39199HNMkGJYoJFONM/CvGcKZ018U3N4twS5gsq7clUnOj8cRb+/HpmJq5Knfp/MAUB89eURnwqsqfD41VpMqWRPxuk6nFDID3LuDenX+HeB1n8X5I01ZIzLmYq9t27p788nt67mOq66PvN//nb5/dbyLJ6H2qtMNq8vvXhUeFftU+V0LFWk3lkJAE4q4uqsBGs65qR58v+8SJ/++n6i9vlhpHIc893zq8+9HcvHSq125rJuixjdPcUUJUx0X2IqJVOgAIVJ8dwzODwWpVmcsUEvpGQUu9QRWpI5fVbwmxdrO9aXj/KuTxM8IFKorpFanQvyBJFyaQRAPQqBJDrpH9N3psy3+s3V/FumKJJQbWal7gi08uxXSF39QVmuCLX1YTikZfeyzG1FKGdsTZpqgvzVvK+8Wa149rovVW4sLCZaKkFmQIEEMF8DQvIVwoXiuqErm+bkZOnCGB4eJlaZsGNJMpmWWVxGDNVrKxqCaTIvDpLA1q3UkSOTA9cokzD+WHHy8jLiIvnNrC7D48eOTYf3SOidy/r8JjVwj6Gh8fYh/vIjBheJSPuHt773qtMIEYZAEYWb+BDgZFy2XfLsebY981HeAyEZwTC+77BBxnhrmC499iueVuZ7pFdyMhpaM4YRJbrYB4CPiK9NavkonTPzFkEgEgPFRkxz7JMLku7nF4AZykyir/K+TebqPuQwnODQJSfpl/6ergRkfP5bM1A5HAT2bazNpVkxWCqsnoahUDUZAJAEiMyCtctRbdaeYlDTSrlfPKNlVCWQIYPp4gt8vvf/PWfvvp6GxswczlJqVMZQdUSJUwBQ4lXvDJ5qMiAoF5JST6kgjkT5boqkq2W+pIBbPsGsKlJk+2yr+syegdBE0SKWHgWwhMRlQlQYAsomeHlw7meV0IIlcy972tbPdN9qGhl0FMEgtnU61DV1jQihQrBtm3WLCImfR7UZmWHwDVJpdAWeCTSOMXPw7ugYowoqioc3ZebQ1sOT4/vmqyeI+cnkJMoqLF1loDN06MeBFQCkjHDbHyMti6q6hk+vDIpSlM4HwqRtdqzEpwipMjq2kauDrV6lJJayo4aw0AYAG0KzKUKQal8Bl65Z1zjLFBJ5KGVY1rfbKSozidjTuPiVZOJ69N05s+ku+f4n/7n/+Xpw9P//r/9r7Icy9hWv6K8YeV48wyh5h4VODOi1w4jKghsL5uqAsgIacpqpqis0elspzXz4dF3N0LhMUpGNrqDyEyjAvndd3+hslkbo3NeX1lS+JwuvpkUD8K7t0Vjm46d9bi2iMtpC8TPz+saWZA+vI8hKaoK4f3d7fvHRwqKUZzJIzPyEp5OlekXFGbg/HIRQCCEaKM29d2JjHRFoRSvUoAAtTZFCDwCzA+PPz594LK09BIyC0TCs5Z+AvXI43XgyLmrzcFpvneSokyWItw9kzCxMWsUqy9Hc4zpxxFlJXMBti5myz76TEwRQxHiZpnFScu0C0NTlAnaUhmxFEsRzNpMBTS0TW9+azTWr1NdaPUDVGumRhFqQ3kMdCm5N6wkpw1i1YGi1sRMzKhiZmIaoFmzReu7tsVMlaqttfkXmK5N16YH480idzX3W94rVkkVGKcxbI/sgeHokSOZKOGyBukB96jyO6tPNtMQSiwCI2zq8oJEOsrOeOmoOIWMVFVTqrEnXpzPe55ivL/4eYzdE0xL3jc+3K0t/Paoe8hpH4/ngW1/0+Tzt7cWGd7Pp3i+DKps+5Zju7+7+fXnn9zd/u63f/3F13/689f/8sfvv/paVe7efvx3f/jDL3/9i4dDe/vRw/ePL5//9d9988OjuRj7LVJVDmsDBHZY/+r3d3/7h8PDgw+/vGzRGcj35/7DHj/tMijhUhd/gQOdOXp6ZDqDEAZ9DsOJK8h9ZSMrMIXXEOjpj9JiA5hVPPqKA08ReA16Q8HM/Hrjn57GcW0Hhqix5rDK9JiAD5N11iUSMRykvGZnTZyjeMJ5rk4pd4HTiUSWqY5EzEDb6/RfxlASHlWmeVVq1bSaVzoCczmXWYUVYMUKBRhEjpp4eb74xRmEwxXc9p6AEethWU1k2007iBD56sfL1+97irEpbQ3ZK+mjXy5RKOCM5oGg3kjt8yk6s9Ah8JHI9HQPttZS6QFK3rSmiYyhEh8frF/2/+fH5xCz4/qy+2kfAY5M7E4g3BV57qdKBhzuomaqiBgjHDHm6pVNyIARgASvOSyTl6kjtmIWYCqFpRCsYJPMDE4lbiY9kzl7QWoNuy4zyMhBKKbbQOZUX1Bs/TOuO0GhjCFeKKeAWdmA5Qp4XVdJZoYj4bWzVN6MZ7iIrE0beH/gZ7eGwKVjRDaTMcZys+4ul+7D2RRmOkZmwgwMpBqbbsPd99tDJQul90QCigLhEKkKAVVBSHFRWWd+EpERecXu5jOggMWm0JCp5mBmOKt6vfplmYFyb2OgosnKUsskPWZvEOECrCJUHjPfNO6BywFPg++7PvZ87rG7XDz3Hrtpletsfep9WoSPSA/vwz3GMmZiUB/wkD40w33Rxd09uvu+Zw64hw5kykhEb5660l36BmlCjugkDeIV9+hp6a4MMmjaUkYf9QWHUEJIiPdMFy0pXQRYuVhIF7Z0RiWpiGGOVQCgbRm5eV2iKuEuUuJiCBWYwVzTek3hpFZY0g5kAuLhCt7d3u/DxxjNluGdrN5xGFsp2SNHiQhneKjI2AdbjUgpajl6RUAUzFLA5Uh2z3Hp6+2KCu7zEgilkNpUKDH83fPJK1d/FowwpcLQLF7txnmdHLKstiBEBT5z6hgJaBJZMhAxRUqF90/FZErtIaIikJqDl0OjiIUe727ev3svKp6jajFmJgPmUclrKOkVyZkQRc5Ngapt66MsUjP9rUQ6PvnfMiH6NI2HGtRKRJieqVDR6jOdbtI61gMlnSoYYsbtqNLHVDaHB5NM2V5O2+m8WPM+AJSUqJQXIoqYDVdCcQ8h3J0zPwCZoyINS7iVTI8ws34ZEJ/gUAl0iJy6/axIyVrMI6Li7aIec5pXEV+AUJUE3QMO2nqHjPSkSXQXIVjJ0PMMhUh6UpgRkdfssiQklBoZVymOlMMmIoCg1pk0wSMmgVA1MN5++sXw7endO3e6D1PLLLEJTLVCfKmV6SHzcU8kU1Iyo1w1tGJj5XC7pmfvPcvhgmSFH4tlNdEUVhW1jDAza3klKKlVt0mFdy9HixZEXVb0+e6yLN6ZENP9fNHFEKRW4KKgYn2nnp05maBCrepdhAjTWa4JRNlkQAiy7LpA5qhTQ6VqWjJQaRnhbuuyn3c1pRTRUXwMAFwfV4YMKNKRkTTJgIqMHu3Qoip5am5JYuajXzlMKR8P4qqspXJKVFkpYaxUHmRdPaAopdUS7+5QHeGmVroLd9fW1vXQ3T1DpNW4I6JLOyToGCkT6YaUNYqkBKGtlcEAVFBETaRCdywCIqambV19pqUaqlbXzMRYLc1mOW3EFdWvP2f5C8Va/TwL+5fS9hTSL9pURCrus0RFi+mh6XGR20VvVW4XeVhwq3nUaCyYYyZ2d4+evAbOkbNqEX2vaOo51gmzCReRxnqooKK9R+RInB3nfQyPg8rt0jLDFKaFG0YkR8rTnj+c+3PPFG3kgoyxLyIieRDcH/Rgetrj3Xn/sMepZ2TeNH5yv7w92OXSn/cxP1hFSzQG6Ie23K32fD6/vGyP7z58/d2Pptpa++LjtweDZN493F08vn98+eOfv/n2q7+M03vvJwDrclhu7u8//eyL3/z6159+9OZgRxFZ9JL65bN/+bSfu9cdmVfZPZgRMQJ5BUJQEQoFVHmRANVYHaJ4tcJk1CXJGv5BlO67wIaYCo9rRGdeUQlCIm5M3xzwm1v+wy9uPr27KdaullUwfo62SpSgPMovJlnbiUAEKGUgpnlnykB5BfXzCvtP6GSSfXFdsOX6w6X3mULxasAtS1qBKElIFbEk4voOa/PoIwD0iB/fb+/PA0IVNJP0uGx7711F12NbVNZmMPn65P/l2+2nl76PKGGTEj5cSIpW5k35dkYdtUmfMpgyS2AKZFhPzxBaW6z37pnNRBEW8fH9cW2iIt3jfO4gbVEX/fDh5bz3Ra21hozW7HrOy+Wye4SaJMWjdFdBcDGlyBheDjnVChCUvPImZc8gtDqSeA1Urc92UgCvZswansnrTwoLcuJcuCKp5aWeMi7WGlR/1dwKpqOjLNfAFeupBaOwyDkqMSdcGoX2lrm8LsUA1Az0vGvy24f2+Q2LaV6Xdu7jsvveh7YlwG3rqtIWi+TWR/chyTeHdjCG52I4LHIwkQJCAMhMUFWmFiFMLYta+jVCokI+rmaSyWL9bDshWKbqSsviv79W60YSkQD7iAoJ6LVmsbSsNSMmCX39aKosCNIzX5wfOt7teB54Hrk5tsit+0jsffThEdi3Hu5jRLWlusfowz1iePQRkd6Lq0B0j7HHGN57wf+IhEf2DkbftrF3ZsQYEc6MGD1jIAcy923PjPQRPg6LgbycT8gcoyc8Z/ZORJZ524mZPwokM3xEMtNHWfnUrPdeSune9+temN7HzFWZV4vH/ECQ6QxXlUXb6fwk0BpoIzH6OKx2f3P86fHJZwg0RJmRwkQETbwHcOXcBRkuWk/huE4DjLELycSIUJMIt7ZEhBn75q0ZEPsYlRI/+RwyHSocPmpYjEgVrbtOFEiOEfMyrzaPgYrAF1EUZg4c1rV79D6uqshgUk3GiDqXc9ZyvR7AQehsWxKGu6oeDuvT07M2FXKMtJpCp41httLOcIBre8g0W9Wxiqu4JquEpBaFgpQUhEeokWAMrxBy94Gsu700TBV06ZW9EJnTWUtEuso07F7pNKYHlSLi9enN4tr5eqQAfiDTmSKlD4ZEZQeJqEqkj+5qrfe9Nver6QEgcoS2ZXTXqwu9DF8q6j6d3HPVkdL917M2ipGcTyJWi1Q1SVvBJNTlxt2ZuDne3d7fffftX0QsSeGsKKOK95II1lOguGuAVK1sGb8eqTX+JqdO8wqKTOXYNBggy21EECpamcGBQKapgVWNgUAolVnQGl5BMpkR0VMdKwLv1SEv08E3sTleNfcxj/OIEqNlafBq7BDNWvwBVvJr4Xr11Mlp+MhMW4zCsY+7N3djjNPjs5jNJ4tUrGFeORMNd1sUmGkqBFmkTJFfBfUJyNLtQJRlViOvaBakrl3RKhWX6iyzZn14EgY6rnhjneoUEbpHzvAmBtLU6uP2HrS6FijKCjGsib8aRuqMAzlbM8jK2QZERdxhbRFhhAfE1EbOL0bUgkCU7lGmh50G0BFUY92khIqZrRHp6aJGNYqBmoSKVkCLLJaAaAMUEFsW1IKiJmoAVeVwWEfSk6aNrU07c61HKlILgKqYqTVrjSpU0baQWsIencFEQhVdtDWjSlM1k7IZi/Cw6HHR+0VvlfeL3CvvLA4Ck2qDwogYI3pwG9U6U7dGWQxzogSJWqQJSoakq9BAY1YLXYLDc3juKc97PA8Xydum94sZskd4Mog9cdp881SqSsK75FiE92trbXne4/3mL7tfRly690DK8nK6iObNsR0aFdx7nLb9w7kH5OawLEpm//hon95ay8i9p4+KsxgxeqSoivuhyc1iihCzQX33sn3z49NlxNPp8vj4vnv/5M2bTz96uD/K27vbL+5vj205XfavX/Yvz/nTOfYKIPXsjvLL18k7aeHSKUTZp5BTaXDtts9MhM4KkBrXAGSZMmdodAazLmmJqym2pvrIFKZKCW2jMY6KRfPvPj3+h48Pb44m0MppxyzYZKUR5BTi4yromD4ABmqey4zqvKrRqMakuB4+uGpMZmHXPGsYV4VJBTsm6EXRXkfPmjtQORExp8yrBAkRORx7BpIi3Ia/bOPD86V7LIqP3t6I6uXl/HLpuiwR/Oanl7+8+KPL6Xo8XxVHQIXUIKkzbihRFTOccRmYq21hRmCqKjIiw7SZYGm8OTbv8Xza9vN+f7fuowe0Nbs7riBenl6SiJS2tqT0vQ8fCSh0Ud42/dXbw9GoESPzpeeW8uPL5XkbaIsDPmKKxKbEJoVWEnsUllfxrIU9TQ3OJEXBaRIuwLVwDxWdolSyunMAzL8CUH39aObZjPnMrtWslrV6RlCnNWSC/leeZ15DWVIHGK60kdaIh/SklT4wcFD8+ga/um2iYqrV5tP3nsBwRDJ8VKlgIk15XLRlHhctaX5dW63RhIiSOM1Rw2Z3ArzAv3pTMmN/3OeskMWsvT6e5jCTE0XD3J/yinBP1UJd4SWZyZIbMYUjMUZk1ChZaYtzAqwhrYReI3l2Pu75rvNDxzmxR15GbN0vIyudae/hPTx89JJux9grGDRGOVTGqIqx0XuMnoGx7xkefcCDzLHvY+9ZJgPviIzRMzrCe+8xRiUnhY+b1hz+/PSkRDAiPPdRgJ+PHZGVMQ9EuF8ZyEHEvm+1nVvTehmvnuzqOEOmSma6j0IG0yPL/AqhRCCyNen7BZAqE4j0cakWbfTur5IKskTOrkII+xZzyMmkQKXwFImq5JAqnXATZYX6IyuVMH2UL7Ey0673eVwn9Zlw8FqZdeWzYl5dnoDQJDIqP7GiGkAgSmoSFB5vjn3v2zZkem3mhDSGg7BmCOTwCm+MjOt6Uw7GCK9cJf3Vr3/9048/nLcLHK8NjcLigOeNP+/TLAy0OlRLRV4UsBeUUHeuikRERoAaWRq2SI8CF2t9ihkzOYHO6EGtjgm2pgC7D87JE1e4aT4BKpSt4lNBsFayf3cH1WmUCTP1MZgy3O/e3m6nLZzrse37hpQqsIwMzr09J2mZsGbhPvZBUyiUjETsSU4rNK4ZCfs+eD2X6mi7WsFTiayOQlEHLKM+L9n6eXwYs4OpjoU6/2NO/1pBE4z5XyM9ncTc9eehMaGYOkkCJGZoQ8VXTN4URKaCPpxARStkwn3MZBiIcvZhTsOHIJACmdVWeGV9prWAmYXcXNtkMgFVeun3pKSibOvSt60MIzUlBhADZvRIBtVk98H5moUi0TuF3l2UOeL8/CJq2hqIuoLr5ZQXAAE1mjWP4Z5KyRygqOrMjU654oXxemnAa3mpS0tEZIyARXISWplBExFWbJyIQKXISORrd2VqWyn04VMpF95jpKM1dSkqUJMQag0q8ro4u5d1dt71ZXa0YsH4+vzDNbYiqALzHKgOLyCVlchU9XSkZqbqqqpJcaRAkkwKDcomNIimSJKoZLfK8FEhRdVUlGJJhZmqRUEoZhR1GE2aNLXGZrwGB4mYWhNTqOqioqo0XYzNKn8OYqr6cwhdU61gjSYispg149LssMjNIreL3BkeGm40bjUXprCMreg7tmBh9mU+B1IyBGlZ3V4FWlfQLyWCSESIQJMEOnIP7J77yCREbJAnkQuzIYfas+N87s/7OPchKrdLu2/4qMX9iru1vQx+/ezfPfd/fjdchrV2HrmP6D0ANGJpIZoj8sPL/oF0KMFzT4cc2gJwbPuCoS2k58EElmJq6/F4XHrm8x6XfZy3k5qst0fJuHR/OY90fPLmXlR75tOnb0f43WFdmw73x0t+f3reQ1883m+jU7cKtmIh8lH4h/dSSE9StoIvkhiRU7lcMKvk7KEtdTMmf1eXq8eMiyQr2SUjfNqy5lrL2rNHHwSVOFq+tVhMfni//Vf3v/387vYga61m0DnmhScnanuVSb6O9bVUYApZp2bzVScv9fy5Do648tFlHeZ1app+hsom4IQxsp7IOZ8lk6POK2w0t3aipzfTMaKP3Te/X5dDO/aRyDiarqa2LkhIs5fNT6HfnqMD7kMqaXGOwDGpbjBHCEtUXL9earQtsE2KhhCKqClNmwm9+5u7pYkvArcmAbs9PNyv//b1T/u2R6QRi/Hh9uCRz+ddIncf2zZa04hQTTWNGOluQlWIx8ONfPbJ/Xc/5Y8vpC175LmP3fnc4xxFUITniAGViuFPjAEQTBUpOxeQE5DyANKapGeQxVtHutICKQnAtYpwE8KQGf1TC6lXiuj8UxyTIwrcyYpwVs8gpSiq2hhURarCtJ6bBbVXMGiPKg8sVbYKm4DE8xAH7hZ5d+rfn/tqcr/asqiMkEhtS9EXMTIJJVerGCNQWUIjmYZCSEIppR1FocCgFhZ9xezcIQIpwVPWA7dwwiu+NtkTAlmioVcyqzZuuU4G1eSggJYuwKHAYvRgJAPwXnlC08k1wkkqocyF+dDwi8jnzqcoTkBfFj13XCIuPQ5rjOH7yN5HuEVE34ePDA/3cO/uTUekh4we+wgPaQ3Dh26J9O5Cac1iH0TMbgFRhDFGE0WLCE93kbGlj+HLegQgHMzo6OkBOmWFh7hGDLlC9CMDIkm0w839zd27d+96ePXEVJhMZlBmAbCq1NgR1W45sfZp9lTh7vHw5iMkfvjxpyokETVIOEJUmZAKRsucSGVm9Fc7YgjFfcBTFx37UFFIAKkE1FSl+r7CnSYZQVF3xAhq/S6BIAbnUq1SIjr4JPhLDFPh/bX7sbQMBcR4WlOWXptAQNR8jMvpEhnzDkKCgSxBVF3MQcAzdALcKMVdelVMBQmztu/7Dz9+O/YhRDDXm0N6nk8vs0Rjcq+s1zOXGCIjrvBpgJIp1yBKCDA21yZUI0SF7iPKMpTpsy2Y9OKuMoAxRoUCKzKNUWVhyBKJ5JRlJVlJmKSo+2A5gQKOCqymqjIxYlz1hYlrXi/dP/v8s++//+H8/tk701Hnj1EKtMl0QhhIhvfR1nZY1lMmRQMxRkqJoXgNkQs4nMFWVYmlX4razYRJLWQ9xrIezZZtO5N2lASliMtQVaLy8nKWNM3xNhko5LPw8czUZuGj5sLrLFuc4RU6K8lQKUujnn1zRZh9wDnXietJM8XlORl2UJjT3sdyHaAyFvCq3C0A7fX3X9M6MM28cQ0ejUilkOqjizLKgVEH9UgyD8f1cunWrLwUhAirgyystbHvFGYw3Gk0sT46RUwlEz5ivnkgAzQej4fT6SKUUoNGJjyoyjJMlyxpgixScq3waM3KEt1HLMeFIoV2lJiEJFDlWaQiIphSuwRFQFkP637ZKx6rcMii9tq6AOHuAqtPGI408fBp6LqC9EhQSdGKZ62Lp5mOCFPrPt7evxGz98/PazskOUaoml85HZGSoalMghqilecjVK3YYxGphM2EJAkKxChWSSltaaJVtWsJC1CXRcrqRqqZznxoo2qKaGvajDSIqumyrJWPbUuTkgCpWjOaippoBUhLoWtqChMVHldbmi2mB8Odyf0qDy1vLY8Kk1AAgZ7YOvYBTy1MWuBCKNMUi4qxKHiSyJx9K6iZIRHAyPTInnIaOO19T/VI91GavJeB0/BIpOei89pdjTfGh1V+cWuL4t1l/+40Hnf5sOXzPkYKTRo105loyoNxkTw0NrP35/3DFqcOgCq60G8b3iz45GBremMoQEFq+9Djp3P/0PMcFGpE7NvFGHeCu7XdLroIR8/n8zmBw81RtT2f9w/n08hoatbMkR5ojF/eHW4WO+37h0v/aeN75yW1e7R5ZOOVd0J9NqxpvgyJU+sNVhzJ649NQCJmpfRM/IocFcP+quEmk9DJH0TFsxDAyvj9R/K7ewny6TIcvL89HIj7m+Xt2u6bNtOcBzo5qygrPiynNJzFq84Tp+rMJvjD1xNwmo9rBCyF5oRMgeskVrrO61kZ8eoAmIhWDWfV9pjpkafL1h3SpDg97357d6j8HJJ9eL/0GNFUR+YgL1s/7/7dy/jH78bQxcfeI0xVZAatzbEvJ0tVOIrMaDxEpgBUne2KkU1F0zX9/rDu5+3+tqnK0/PZ2sFHHBp/+8u3H57Pti57H5e9970/3B+3zV/OAx4w/em0h8i+j4/u2sd363baXy7bzfHYlmXvLsTaxMcYmYdmjfnx/frmuH77fP7nHy8jIVZ0JRRSiOYkA5BUmCyB2C57dxxao2CMAebBluF9FiZUloMogAKgKtV0gla4LpP1EWgtXK/aFpiKCtJDKUfj24UPq3aPx0u8Hzh5ZRwS5KxDwNQrqQpKVJapKpVoaeDd7eF+0S9W/u6tNcS//LT964vTZMk8mCgZ3Y/HxYS1Jy6aTXmzcKU0nQYRLe10hoBr06bikeGRqJJYTLa+NmQPKGzSxZxoP2ftTeXH5HSGlsw649/lXEUNgyRnHV1XIvuDAAAgAElEQVSZ9jl3+YpUIhPhgUw6UAGjBANRO4kQ1whFAPDgAF46HgffdXmKfNmxee6R+/C9V61w+Iju2XcP9957ZsbIMXz04cNzhI8evYeH15+9IyP2PXyUsbiPjSMZHtHTPUf3MZCRPnx0JhLFekZWUTwH4NkDiOijdqbhkXQyxtY///iTm7vDv/75y7FfWiLh3iuZNQhEDNKZqF0pvSDrLDyeEUQKMTwiexMbI5UZEdVplzEKhVCRDB8ekaEor3coFaD3cW2mi9Z07I6JHcI9kSGC0SuuFIBn4uH2oS323fffii1EqGlm+ADcwaxKMlv1ct6Zaa0ZVU1enk+cYf7zKBaVCGaGKEd3kaJBAkhmJXdIVKhsMbYljy80+irQIRUZx+Ohe9/3nVBlLeyaiPJ8xTVV0xYDZIxdpN5OJsqPzowKKc541e45Rwwx+EgTGz5aM/eI7sthIbHvQ5uU3NpUK/+2SGMQSgNlxI4MlrphOGbYTuE5YtoquYoizczDBQJGH/XNFmUTGagyLICePWPCQnX4mrXMdASZq7TL3st1UIiUp0eFVZRvHNMGgBi9hy1teBR/KQDgKCA1Mj1K1+DhP4cfZBXLBpKZ8IiHt2+R+f79T6TeVGNYKaYyKqz9SlcjUXUUszArAGiBHzLVVLyy3vMzrAdgQGtnnRlJ+vqNTnA+qx0AU5w1WXFUqkxdPU0sSSDDvc6kAu4zQ81AxBjXFy4q8+Obw0JmMZKRs/JNhEId+6ggo+FlS08KJNUzPvvi8w/vH/vef2Z8A9CKcKrdI0uXP5/qqIc9Yz4+SxsnY8Rysx7W9v7dBxNDVU/XEEhWUNbktglhsWkU0pY2vAtkuFfjRWRU7bZcaW5RnaiSyeRBKssEMQZVteCawsSopc+brzc8Flu22CO52BpzSCEnE1DlRBMIAokQXVs4TK1qm0f4F59+IWpfffvV/e0bEpe9z6cEqVIaIxE1iHpkKgUV8KrVGU2tljG1tkAahJlkIfBiIrS2QERoZouXPlAbRVQsVSrqR22hihOi2tbD/H9N1JotC02oVc2rZtpaKySqRFyitiwqIk25LGbCZdHb1Y6G+yYPLe+MN4p2RXR75D649/CsJxyEaEwDbI7+1QZEeJWb5PwDBOiBi8d5+GnH84jTwJ5MR4YfV1NGZDr0/WU8n/eArCaHRTUR0U30oDRmH74FTiNPAU8wIapFoaqwiUgMyTiq3CxCZM98GXgaKdBVcd/y7SJvV3y88G6VpL5/2d9d4oc9vrv0sxzOodj3W46PW/7qpt0u8LFfgm7rpVPh901uVuv7Fgi1xR2XfVz6EOWh6e3xmBEvL6dV8cXdelg0+06CS/vxnP/lh+2Pj1sPNFER1hMWvK6biShAAAQZM/U5X3O66geuokJcBxfGPJwCSNE6PAgkSqyJGrPDhAJp6b+7xydrsrXH5+15G1iW0cebY/vNw+G/+eLho+NSZ2Cxc6QUhVClmrzi8HPHrzXhKuWZq0wN/FM8MjU9vHIf13WndoNZJoU6qESy8pQ9KxcgMymMgAj7iJ+en7/68SVBI1VtWSwdIji7b2PcLPbZ3eHNaiI8HA8JeT5dzpcNyP/3h+3//PIyyH3fhRXtVdtpZqGFyDlPlx4xMT0WKRAZ3j3804P93RcPdwz37eZwhOq7l+3U47g2M+3bfr6cRdgOx+W4nE776dyf9nzZOj1umt4d5JOHY09883h5PF1ul+XhfsFImO49L4ltG97H8bCQGBGaoeTdcdkuWzB3aDU5V/yD+0iyiZI16PgierPIcZHFuCQ04+bQdvfIOLQmmRUQtHXfRiRF1LYxds9X7YoDu09CSZWZBX1N4aomhDRmlcI4UjOPiz4scqv86GBr06fzdgl26Ivn8zZeegxgZI5Aq+SQsndwkr8ImOpqstB/fWd/83a9EbwE/7+fLt++uJiuSkMsysNii4qP6MMTuagtKo15XAujp5ImTOZB1RSKVJ2DEacQDte9DlpNpShzMiUhClaW0ZXlSiLckywlE2fbDfLnU63+tdJnMLuIJpFXNrFEwAMQBsszwD4iyJixW05U4QkolEAgt+T7wQ/Ox10+7DiN3CK752Ufgdz7cE/36HsfET5iDPjo3j09vQ/34d29j8zovY/Rs2KF+h6jKogj9nICBHoP7xge3hPe9wE4M7x3ZmbkGDswwgMxosqG0/sYiTSVox3ePz6mdDK9h0QwwkcXk1F5QZn1i7IEkFHxvsiMjGCG1EzjobXARWSGh5cHsW+9vkMEyHSPOVUhRDIL+wWWpbkPJNxHjmymvV+0GaHF7mSELdq7T41jDjX1HqLmvWtTKmMPEw0MkH3vYmXVBZkx8nBc+j6EElnRAxSCou5xXRZnHpRHEAx3W5ZiatSUwBiRmWqKrMR9qdQgUsbYf/nLvwof33//rUorf6pHtMV883lcMstlEgUN122kfD0qazWp4USmUTNHxMefffzy4blvO0WKJCTEVHofMeayRFJEcuYsZLKK5KusY0z1VZkeo+jcuApaJGfqaDk8gZxNjZx5Q/Peqd8Scxiu8E7owUx1P+3L2vbLLqJlipss0BwOwzNVqGoTNyeZ4REI6lJEEhgZvPItlN6HkNX4K9cBfoLzkvUyav1yr+i4pLWbKxNI2lX8U2E1mDaUwgwi8XB/+/T8RJKqMaItmsh+KS/aq8Wt+AgaNRIjfOrRq5/6OvEXyB8BGvyqfrmmRMHd00NV68r3WjxUPKaThoqMzCh9W6ELjEwtI7YmIIgQscjISJKHw7ptZ1B8eGurh09yACBFRYePTG9qWd6C4Igx6fhKKAJyxkMHRTl/SVyPRSFCRJjs4SJQsfAsFyFQb68e/rwqe2dIahE4h5vj5XwWJqA+wlSjQkkiKoJOIPNShLTV9t5RLoVwaptLSyIjy1YnKktb9zFYuitKjI51+Zvf/cMf//ifFl3LIGbNQHb3GMHK4SHUWgZAGR5rW0rDQ5ERnsqmTSpmFqgn9BzhQiHS1CKZItW6Uc8akWamEE2wqkQAiJmIglYqfwhVWoo1bVKRY7ZCqdagLTOtNYqqNarBpIJ6KCJmZirWpDU1o5VtQLSZWrXZqoiKsjVdTZdmh8al6VFxb3K/4qHJDeOg9WRERHbP4ekpHkyEMAwhgoOKKezfWYYSSK9YJXpWnWfszqeRLx3Pnt2jR/bhlnhj8mbBwdiabInv3vd3O0+R+xjWTAVNNQOXvWekIReTl833gFDMCGbvzoyD8s2KX961N0fFGHtkQrrHh54/bfz61NPzV/f22zv9ZOFiocLnnl9+8P/6bnvc6Wa6LOH9Fyt+/3b5pMUt+41BVL+75H/+9vzlizP4q7v2+YpPHuzhZt0cz+d9JGP0w3o4LrKPPvZO6ObxtGXUsywZES4mqqLy7tS//HDpIouqe0xfSqlKYyaX1wXkc/ovaWm8QufI6QuSSSAggOk1mlv3RKcwgQUkQlWE1VbBhVg1Fsml6bb3ZVlSYcM/u22/+/j4+8/v7xarEjsUu5goURvLAjxtqECCFa9+tZvWOc+YKEMpLn7mH68sxxX1TEm5CvBnpMJkZf1V2FjbDzIxxuSmn3f/9t3L+bKp6NuP7jLix8fTs+PLH0+nzk8/Ov7mVv/2s5uPbpcYEcnT+bIadvD/+KcP354TPioMBlcemlLN6wlCZ4om3cMjKWgiN00U/db089v2y0/uPfB47u9e+lPHaWA7nb94u372sNwc2k/vXh7P+wV62cYYQVOz9fG0gf5wPIzh274jc13Mg/s2AF8XuTke9u7ny6hTqzVdF2vKj+7WN6scl3Y+bWCu67q7ny775hjJy7Y3lWPTtSpi02+aPByW3jeQd3d3l0t//3wplfdR5ZPb5eO7w6G102Xr3o9mzbRCHknxDM8cs74395Ej2QNbdxcZmfuYDtoMeMKRZfeqoCSE35jer/pmlaPgZlFTAWTzqu+jR4JCyu557n4ZvkXaYhk8bWMfg5m3i37U5Ldvl49vzBM/Xfzrkz9tAYEBTfLmYA1SBNHeo484Nrld7XZhE7oHA1DYVG1AlaZCgWQqKTLtb9VaVpipUBMIL6IYJcwsG32N+57RI93TAQWNqsaqxGJNo8wIjECh26IwmbFyQgDB6YEVRgxPkA6OwO4ZpOOq9EMCsOpMyYzIHfrU5V3n48BLz8vIzWP36B67h0fsw8fu3StayffLCPfoI9yHR4SP7t67h2cf3kd4ZIbvI/rI6IjIsedw+IjRExljH8OFGWOkjxjdfSA93T1cSkibnhlj9Pubh9t1/eb7b3xsNcugRP/hOXoUUVAmSfeC3SqfPipePQIZgsjZJ5IT9QfcBwMpoIeKJCLcmfUJF28ac5ibCj16HxFOzND1ddXuo19ClRFe0ugYIBk+xK6jDrhvm5hOIqYw37KDYIr7Wb28LInGFCcWcimUSHi4CgvkBhBlGnAIxN1RXAABMKJGlBoTIER3J6gqu3dhHPQAcN+7c0anRPdmBoneXZuGTyA7IkylOOoSVlQCphdpkJHMZWmjD1l07F2gQIrQHVJqtD7qU5iATVlzJqQbFCi19C+oME1qSbByjGCWzjvnE2JmxBWlOmf+DJDB65Zc81imqqnSPcY+Dnfrclg+/PhhWa1y1j0GoZWCcGUhMYfayjAdQcok3yIjvB0PdQ/YIkB6JJOIrBSTMSrsdSLF9QOznSRTVcOr5TCp7RbhhU8oVZru+wAgiUryEZRlKh15d3d7eT6ttzcRcX45iSqZPpLXSI4Cjp3IDAmWC+j1Xn8V6gQSkaYS5ZmqLAZcBVhe7gfMBgFFcUkqWjg+QEju28Z6BQFPJEb9DCLbYX24e/jhh2/LF8CyEyQC8d/99//xT3/6l9PTB7Nl+Jiy9UBh51mpHKjLWsIDiFpdRDRfI6nLHzHqKr9Kpa4Zpipag0s5HUu6Q5I5N5m6LITyapYoRWatcVQgMyJVmpps26aqEV6REqWUphiQrZlnep+dwdbamI6HnErjhJjVnV1+cxF1Ja15vyxYg/BIUatGTFBxdbdJ1pvWm9vbSJwul2IUAmV2IVWEKEFOZFJ1RhA4lIQYIFRNlbKmmy1UcgZ0Sgn3VczWRmhADodjipSHx2yZxl+zoKopxfBzh7zSTBejVsGAlTRIlzL+GoSiZs1Eac3MtBlNdV1tNR5Ubla5Vdw13i/yYFgQJqjJtQdHlMY46mw1pjAJr7hPFanwjdJTeMITHhgh5+HPfZwcp557oCc8YcBReat+lLw33iy2GM893j9fTp7PO3a1TfUS8uG0nc69qRzNFH4k7hs26vue522IUESyj0Xw63v97b29WaQ1IrntPYUwfTztX73kv77fn0d+cSN/+HT59CCe8uNl/Otj/5fHfh6ZANRyjL+5zf/hi+WLVe6Mz5f9wzbeh313xle9vTg+XfJ3N/nZUSTzvPenS74742XkZetN44u3N794ux4EVvHVFFtaRIzRM5G0nrKPtMOy7+Plso9wmp2qbUXsx3P88LJtFTsGEZHZAgsUZz71x3VrlDV1HiPlAkDU8QAgcjZZJq/KetTGToGQVpWv3hfGwaT33Ux3HzfG//DrN//t5/dvF1ur7aGoPFwjDUrMitKVzuNIeJX6AUypyLurdrrm/hLxA5UyiurG+XcSyeqbmcqTIoavgpZkIEeEB/YRT+ft6dx3z83zufe+jX04IYtJhh+Pa8/8/iV+OOPxZbtb9Zd39ss7++KTWx/+/nn/8+P45/c9KOFes52pFjciBRRPuWYMd4KmXJgPB/3NJ3cEv/7wcupx7hmUw7qYyjjvxvjkzTFjpOe273c3h6CcN3+/+dPLlhlttbvb4/fvX07n/c3DvYhczrsoJ8iVshjVWDGpw4PKw7JkxOm0NcovPlo/u2t01+Tbu8Pd0W7+f6berEeyLMvOW3s455qZDxGRU9fUE9ksUiIoNCkJkEDoUYD0C/RX9SaQ0ItAUGpoANlN9lRDV1VmRkaED2Z2z9mDHvax6AbqoSpRFeVh7n7v3muv9a0mbj7Mzo5Pl11FVZjS745beohga2qBl4s7eDrO+5jhrCIRj13fHtvdptU/JIkmpExduQkdVMqZQQQWdqudkwN1e/Hh4YEkGjNeR14sLhZ7LEv8PuesjxXgyPsmjwfdmA5dhPLQtHjyKsLIEXEdvjtAMM/rdE8cDr2rkPn9xvcbH4WUBRRny08jP13tPAIE8tw25fq/EnZzYnTC/UGPwkLYumL5K9im57KmsVA2YW0cFvVpo0pqmFlo0cRXmAbh6blYQSwszBYlOeLGrw+iZGbGql6OwIgoYiSqAsVDmYhSG3NNG8QF6C3rr5WUCp4Or5kLFBGEYCLhci1kgK7OT5M/THwyvFpeHfv0CUyz4TlnjGHuOT18+pwzLSJjTg9L9/IPuU8rQboAozFre5iUAff06dMyDOYetrYCt4TF6irzRNXjOTF8zCRkeMSc+45IoXSbShTwg7brfs7MfR+6guGe4e5GzOmLr7uqBN1pqbNenzMxMoLrAmcO+Do3ZhLYzVcxotf2BK3EYyUWQObz7eNpH/N6mUzk4eWDpmRkRhgrubsKh+V2aB5x3YeoUMF4qLzplNXLgRRij8hby/hnAluNv7kwNZTwW0VhFJ6SwNLYxqSSkstl7cnKxV8pYxAJl2Nq2R8XbSWQkOoKWAcnvv0xtQCscHOEMYlyC8oIX2YSClGOmXHDMOKmSREtnaiGuKomoArmMGdFoylFqiaVwqu1ScwnEAypKQo3PAItPSXz70/C9c1aSDmAI7zyViTV0I25hzTOdAAknO5Msvqg6haRKcJlefGIyjwtXR4AgkTTo/Utw/Z9iAoTuScymSXgwuQBqgE+UeqOe9JSmlH38+UqBx0Kc5/IgoH6XN9REc6IcJfWH9/cf/z0FOZN2zL2LBk7CKxbq1W7Pork+ptTtV4lUhbxLNcxfb0PV3qVwLfdNjOCklQbi7ibhX02+BMECfcBkKreBgIuE1f1lQEQ1ukmypQri5VZHTRq5u3QzabkEuLDg5h8Zj92Bu1j1N9oOYCqu4EKWQ+LiEgWbk2TMMdYxXfrtU7F5BLRXMmzrFQ5F9NHtCBmmZ8d+lkXQBHZDsfL5VKBFWJEgEHR8s3dm6fnJ5VuNoXZ108tmcfx7ri1/uHD05dfvns9X/fLlZtkBosgwZVt59UUWikXhJDKPq+HviE4kCRsHqxCJGB44HabJWEJZN+2JLrsk1mYOJJEBOB6CRBBVCNImoAkiAo/SqQknJAyFLM2qb5eVbBkCrNuh6NFHO5OAE/zu/sHkIxwSm7bkZiTWaWRMGmZ+BsJF9Rfi4fPkN5UOyuBVZtKU2Yu1Z+EVfh4aE25N96aHAV3Qo+d33S673GkYrBlJk0Lt7qq1f4TQlBZ9IziaVSNdW1/Ze+Zid3jMvPiKAPrXL/cJGEb43HjN00eOimluVV1Bol6YsypTYPSgl6M/u5p/Obj7sivH7af3Ld79vuGTfnPvt3/+ikiYmvSmwrim6P8s3fabWbG8e5QhrkAf3uef/txfHulV3NWfH2kL7vuu3179k8TDhKmSMzpm9Cffsn/4h11gZk56Q9D/ubD/q2156vfb/jnv3f6o7fa0jxiD3x6jR9epkcejscMb5xd867RqXGNztfLXrYXZBCl9g0q+zASYWIhzDlUBESv56tl7qR//rvXv3vNIe26O4Sn0wjnmEWUKmk/8rP1Z6kXlAGSKDhMPVVqYI+195YFbn3PCnPO9KMjfnTiI+ahaQqM9Bc/vLxcx8++OP3Ln737w7f3x63Xgb5Q8kxcKB6pwNF6IJQ3qSwi/Dmmm/XPA8S4LQzL43RzBN2MQrS8g4WJWmkAWo+9+kuCUB1MYHaP4THMx6iwTpHMGJEzjIBjlzD/eN7/03eXv3yaz0MQcTxuZjGDPVI0KaHFUs1svSUyIsc+tOyCoENXT0f43da2pmO/BvHT8GE4nfpJGePyzZvDV3dbC1fKdw/9cOyXa/7Nt08h7ePLfh4eKpw0w7TL4+Obv/jl7z58PN8dTq3RtvVpXgueEguvzTkD2mrkXaUjSvTm0L567I9dNqU3pwNnjOtA5KHL3f12nTaTf/3D+cN5zrqJCR0Jh01PSo/HfndURFANv5EqpMRIeOEdmMOcEky5NTl1kVX8lEBU8CKJtMnN5pK+JnyE58y4Wl7LQE58dX8+7xM0HBfzmYjIO5Uv7ttJ+di5AiqcyWVJ6y0T1cfk4RE4bNpVwpyQTaUJu0UihKm35hav01/3uFqk8H61CJAWLhaU2JQPG3PmsXOlKrcmER6+JvSIzEiRmoU4OSNjWpb2r5wit8Q71rXt1guGuk91oSZcq6xluNdLGgxSXl7TrB/ipM9PyoB7prKU5lhpOuZ1gzIvhZULnWxAnTHCI5HE0ApVEwEwp2vSJ8P7Qc8Drx77qlbMffo+vFBsbmHuc7qZ1xfqbu71H2uOCJ8Wbj7M3RAebjlnTEuriPENHGQGeLqZmdkspI/bRERGeswxr0pwD6FEOMLcrPf2v/xP//P/+m//za/+7td8W6xhnuSU5GaeAfhKZNYyTGvgqWNoTdjIoFzEiIKajOlF6C84TLjxegNF8VeQXrhXpogMIVnDXAkSUaNx0YRTlH36w+PdGPP19cwqlMGJqqVd1boA3542YFqT4U2trDFOmDwq+kGEymo6rykUwuwWlZx2BJe+yEubKeZhRRFXUABEKzaT1cxX+gji5tWR9cSAZ3IGgok56/jgIFCyqszwMGciyHKBE6j1bc5ZQTFannBi5vA6Z9WJr3hy65ZCzOFWI/j93Wk7Hr7/7rsmPeCVii7xJGyuPbvUGwTFenJQQeNoLVdE5OlIEpEqxzKfESHM1S/mM9Y8jPr0HFJlKXPltkpc4mytM+nYhyrH7YpONWEyT5tZ769lYy/faVVFJn9G3MfS44n1tNx/UmYO1C2YqqpByWaoinS9vl5BpE3CItJLqSakB1CtAfUKzDKvJyQXFiM/PxmoDDtLNicGu7BmZKHZIiLTqTxGIuZek1dRjEXUw9+9e3x9fbVhYCl8BnJFwqvieW1glRnwWLy4CG6cjsggsBAPH7daXiZw8iIa5LL5UJbISBDUmeA2bGChKDwCCARlksjqvahveqXCqugrE1zd8hBfZ1csn03NEwARtG9zjOKM1+8JIo8Pp3/1p//Nv/nf/7feDhm5YOpIYrKoxzemxf3dcR8T64lRAT4CwSxuFKhiLRFAKpoOMK2rkLJ7sYyIpHkBJcBAaNtsGAlYG4grzJMB0VZEsEVFYQYpq2aRoLk+HwUAFoiChUWZCq7fSJVImKWSAKStflhJqm53g6iIosA9TViUWyGDSLVJEy2Wf1nkmrKwtMYqLCKtrP/UtDXlrcumfBI6bXLf6F7xqHho6BQi8CjRJ6PYkUWtomSkrIKFdd+rvEpmGhCgYXkNXGaePUZQpcamR9HjBXFs/Kh0YNuobvEQYkovvqPcaHmiuu/j9Xwh5qS2e4jQ46mfmC7n62GjZ6P/43f2/pJz35tyawLzo+AP7uXH9/xw7CB6tfzhdf7y0/jdq1HfpPc5B2y/pzw13i1fnHczZjDR+WqN5F//7PhffcGGMNbLPn/1w/zbl3yxUMmvNX50R18/HAgYEZ6cSZcZVad26M199t5eLld3PzY9NOki++Wc7tt2OHRlEc+8Wn56HefL3rd+d3/AnFWt8Hrex/DTqXvmDv3V0/zlh323fDzQjx70w55//n7uFrdCqnU5pPxczVFT80qTlRW0XPvLvV1+UM5clOX86kD/9K18eZQxbESczZ+nvz/by9UeDv1f/vThv/vHP77rLVY+b83s9ecz3XpfQCjb89pHOKPeYUnrjbuMjHWmBVa6nkD5uf2mfJfVtM28MgRlL1yPyFvJx0IGw0u58HB3IFprW++RmGMf+1Sl8LTIb5/3//vXz7/4tDs3bg3JxGyWnjMTQixKRBKZPuePHtvjYfvF07hOV6FNdNpQZvOMhGUet46Yp8Y/+/rum1P3fVz2ed1nPx7NJoC7Qzs0vXgE+Hy1AHm6R768XpM5od8/vR7vTg+nw8vr5WW3q6VFMlFYMGFrNd/Rm6P8/tsNNpJkkuwOD+zXy12jn3758OV9b1VhS9RVVFCFM2P61XxaEnD/cPB9sHBEjmEJikhiPnQVRie0Vvmp7K0BVJ+nKrsZA4hoTahEaCKqDh3mKrclIqti+3q5Y+FfE1mV3tXJOt13i6ernUf6WiBza3JsfHfoPePQhKsIlGhejSQ3FRJGruplZhJiAizcMgESJgGq2LRKM8xztwRTADadABUWpZypSsxklpzRuyBr2mYW9qrfzKTaBwiWFEATQYZQ1KQaXnchkjqGJL/uHhlEaIxjlyKFzBLT14lrLdnEzEJma4gs3FpG/boScZrDk5hJKFVJaJUz3XZ4sow505ODYIXCRSBJ68hcBB7Qi+HDoE+Gp5lnx+55mTEjrtdpke7F/Y8xpvuq8/XpbhZuPj3M09PmrPBA7Q1wSzOfe0ZQwUfd3CxjhrmHhUeV/gJGkdPN5iQORFBGmplNZZ5hKoFwHzH2Hcg6XAoTQ/dxmbYTbqzjcFQ8IDMjmDMi3YMZ6U4RyFg+Qaqe7LoUZi7uU2SGu9fwGG4EpAcp3IKKKPL52/P3+f6onzc3II2ZAkUwjG1rAdio4m1jkcxcgjRIlecYwoVQr/GfKD0CfeuZuaClSK73X6IsMZUUtzSplyot4VyYo3qZOMOiCuBLKFn9Ue7aO4CqhSYpAzNhFbNlIkqOzFgMn/K+R1XhFsnSMwEm9K3P6W6+KGgrzE4A3TTrkmMrEY/0uh6AiCNcu5xOdy9PTwQxMwDlbiJUdmsdjWsTXn93EOqVRKvjDSiFp1b3esmsebIaT/0GXypoW0nbIuJmEVaS8CoiySRiG17CfXlWo2ocmdydWWrMIKJaAwSwELEAACAASURBVD9r1OtQg9tbDkQsp5uLfplxM/Lu4c7dL6+v0jdkuNUlgupQdRMLiluxlIa6kCCpaBNmFhGqUoGGm2mqrt3Et0qCQP63f/qv/+z/+/dzXIv0vHZiAEzhWREnwuoK87R3X315fn0dl521Zd0nkUiUF8TMb29e1OuTb0Bc5khPkU0YVsmez6M2SzryJvEuKk9Wmbwoi09PGC9NB+XLrwUrA1I2G6Is7C5/btb8zKvCLXxVk0Q5M8tCuAiEjmAw/YM8Y5PNYBa29Z7GUUY7EDEirB7ytVoTB1ECwqxY0W8Ck3uwrLIfLP2QRDWtlEjhJkCau7AkWFuPf7h2s6D8wcQJirIRFdotOak+WiFQcOH/S/jXpGQRIgExNY0kbR1gJuVy6kOkKajivJpMrW1BpK1La6wbMeVnRV8FzCwC5tYat5L/uamSspZ0xiKVAuisKoetNaWD0KnJg/Jjzzuhh4ajVPXags37qhQJIInBAK/MfcJvJHpQJkZiD5xHvDh2o4vHDCQXjy6qtIgQBByVj+xvmnTKDBOKznRQ3pp2ZVW67PM8fEyfycJE4cI49r41vs65z4jEGK4qAvzH9/tfXzhB6VNUMjPcm8qXJ/7xvXrSt8/ju9d9kAJyGVOYN8JPT/yPHvCjxz4Tf/nR/+rD/vR6BZOqIvkPH/l//OOjIq5JYHnZ45fvry8j3hz46zt5aCQCbdvrbp/OI0m33tzn9XodM697nC0m2sXdIo6933d+d5AHtaPguDUVVdVhNj0t4BZ9a4euYQNAnZVYOCjPryMyhpX0ASf525f8d7+7Pl8hyHqDL4d9JfsjSagEo4LfLo9lcr1Y6hFRaEiQZ0S6KdG90olDGdo4KK82wyKZTk1/+iD/9e9/8UffvGmsZe8pZa4wF6XNExELZ8SqkAKKSVx2iPoiCu9BFczMdWvGzeS7jEuU5ghPMITrweg1W9LtQOpL5lqMi2k2LDLBSuFxuV6R1FXa1s3j/cv1bz9e/uK78d0VcwTShXLrSqo+LYncnIVE9dA0I2bg2PWe7Q8e+w75P3/zigRLSoaqMvG0EBGftjUmSoE/HLUl3Z0Ou/nLy87Kp0MfHuMytdHjw+n6en18czoovzy9EHOy/vB0/uHDGV2//urNsfOvfvvx1ThEUXHGQCBqk7QZ9xv95HFrgvOwT3tchhPJNLvT9uXbg4RvisdDe3vq96fG4SIyp4kIM7nlGINEnq/jMlKbTMfzy7hM09Yy/G5rhLjf+M3d9vbYHw7aqlAosgmj9nEiXRmIRKYIE1eK7AZ15XU9j+QonRYAUSSG1cEZ7ssGMNz3mTPzMuzqOUYcutw3+vKu3x8bIrRpeIZHZrZGKkKE+jKq9sfLllNX60Ax1SwiM5U5EvtuUOpMojqHUUEUkCTsnuaLxJ+RVKlfzozVOSPEmZieu3lEijADWxfmnLPeZzWmOUBgKSPe9BAi4WwixfCIrFrhVSx5gwXxSFwtbcXUUgmqstWmA5qeFpmZkuiNlFkY7l5gpgQ8EUQzsmxX7llRHwDKpCr1Fr04nid/CHyc9LzHxXKPvEwf06dFRIzpFjEtovrkzMwjLNLdp5tFuM8xw83N02dOC5vhUUcAuPuYYTPC08Nj+j6QxhGtybiO3QbSw43hWQuWTYAyneH1hxNlxEQ4JTHRdZxRcCYKQmWkLAkRbhZamQAzUcqM9KhMUSDd5+mw2RxeimcmGDkdFIEgEDPHsGJFsZJX3iDyJk2GCEW1h6+U6oLgl1ySGQ7fNjW3HEnVIoGiuke5gET4Mx43kG6l5UYEWlePsKtLYwKI4VYyb0gTZE73Nw9vrmOf+5UrwlzphcD6SQKxkpVsv6ySwQnSahhfGzfd4C6Rt2dy1WvlEvQTlbVIlRbpxMU2LkWPzIJ4fYWRybfmDncTqeY6rs/jZjYhBvmiQaS79dZUZIyJKvlClJZDxIuDhb+n/BARomplUAGRRhoZVqDSQi4QeXg97Zs0EfG6A0VgUea4fsGVZYxJ/wCvVAMl0S2EUNQCLNOKkOTnWweKiUrrrF6fSSUjEOXEPq45dU2nEu4//emP97F/9+231HphUWkdEuoPikzQmp/rb1K3gzJ9AQFRcXcVSSq6/y0tAUJglbIkIEGsEVPQqmuDiSKj6k0yKmNCIlyMZTD5NCJq2i38ttN4RNTRYLXELdpb3Jy2hIpBBwjEjSMCq1ciVRo33a/XWmCIwCJ5Q5BTcu/btMmIabZsU2tAXi94bVtm2nVA6hORgJeHvoo5OEG6BBgGV7xhMQLrDrPeADAPYsoIEql9YJqrsIUrc8SqpmyiotucswKFY4yf/+EfPF+u33/4QfsW5fNOECOZkjijthrSJpHlWyoVkjPByskUESzNE0hSbQkIU0n1CQSoIBplUyCRJGKSav9dBSckrCoV8QRYGoEgDBHVjcCijbRVvmDbDsQKUmqNmal1FtHeUY5/bayNmzCz9MbErNXpq/UvLhwoc9taa8rKvbem1IU2lWOXk9JDw5tOD4I7SV3LGlcEEEAxnRl5AzPVUyaReatsowhM0PPMH0Y+TbzOiCBf9RRAkqeHp1AK073iy43fHaSFM0ddvtYTJ4II7smqT+fxfLVAnrbWGU2iS1NmNx9zOggs7qnK+3X+2XfjA2oXCICu+8hMCMFTCA6MiEgSBnmc0v6Lrw//5G17K3F/18+O//fvnv/yiZ4dw6Yyiwgxv+358zf6RsPMD00Tsc+I9MdjI+ov130glbp5vFyuoqoMd6fWXwb9cPbffXwdydy5hgtNnDi/OeGbkxyFts6nQ0+P49YLZCaMJiCsg7Ioi/CwfDnv7dCv1/3F8IuP1//w3n57JSU05jHNFlthCUlrvL7tZDeVHChUT23SWLBhWkQAR7qCNqaDMPnYGk73HT7HnAL8/Pfu//t/8uOHrl2VFlmy9JEML2mTgHWsJILwLTpWv4S0FH8qvR6UxYArZWFlhm/tZLcNpTCRKtJ6i8jrnEAKCEhtSkAyp3sumy3GTDOX3gC8ni/XYeeJ3z1f/+r99S9+GK9OnbgxFbSKiCyjylgTnpYs1JoeWmPK9Pn14/Hr+x5z/vbVP5owxbRZz3Ah3nc7bsoISj8ct/2yd5GD8hcPx6aECJ/7T755lxHPLyMlZ9DHp0vvemyUnu8ej4fj4f3H15fzfL7uypwRfPf46w+vL7ubTyUB4F5mNkakkLCkEKnQME+QRVLi/rgR43q5eERnOSh1pYfTQZXmPrXJUeWocjxIeoyg16tHpKrUNg5hs9hHbYQ4HvWk8sWpP2785tSPDY2oN6bM1qSULGaKxKptuhnKmMHCZlYn25Kr3d0jmdkCc1qdCacZmJP5eh3DIphmwAKJ3BinJqdGd5tqU15WBwjf8lZEt0xeNc1ReZS9ArZEHmkzgCjIcmSmBxOJ1PBB1XbgXj9g6QgLVLqGKJpyqX+STERmBiEPjBHDU5W7YH1dwUIkSm4ZlO6RDih5pHkQSWdsKig/O7HoavfhLL8tzGmvbq8kT8pIRmxCvclK1Ky9C5zJFNWKyAQhqnt6LCmVHDBPS5q+Nn1hbkxCSUQz6eL0bPh+4GnixeMycbG47maBaW4RNs3MPXwOz8gwN/d02DSbtQeYu0UtAx627+Q1dVcGICgs57Q5OT3diHLuu00LigxDWHpSrGOCuzFlWI3VHjEinSMJaTElBUi3gbRy1RClm3uEEETYzBLu5hSItJXGgJ2OJ7exX0aNxypsuxUCpn5CkKnlwCittUI+pT54ViNcOhafzo24aIFhtuzEoIxwztKYQbeGrxr86i/OxOapm3g1vjVOSyC1tfAVjKeEaivZnhsjERH39w/mc79cmDjps0q+MgOZ0Xo7HI4253VcuW7tibVhlPDPWbaZzGRm90qRUEZpPYRAkr15++XLy3NMByPq0hoBKtmrFN0kzlJOgQRTelBSMnjR4zNiPfZrK40iScbCV97c/Ym65SIIwusWva4eGUmcVAlYLlUqiERIIj2RrAwHgarfTpR9Ru8tKgh+24eJ2T0YeXe6v5x3CKiKbW9ROSYp+3LV19SLELQmE3BmZLWFfQ4r00ox3LxOINJ+WoeiBBOY1T0iJjNEWpTr1nLtTyUtMMU6cxMxN9HMdHcQkmg9m5pmBBLms8znNfPWFURotUtUs2wmRFSU3Sw8bxS9ZTBLpxWbSF6pAqnq82pi43VjXxGCOhVR3RvWw3StClR5fGbJG6Tvs/EtwpDEdPP05zrBh3PrMsZFhZi1BvTwVGUi8ul1QOK1kyWIzEyaqOrYbds2N0tkueJuYED4miSyfhAXrzw5lpacEKag5IIAcPnABFy6/h/87E+eX5/ef/htay2TItGaRriZqbZMrYZsIkpizwBLRBLQe7+V3TGTinACfTtYuplx01J0iEWIRcQ9gdSt110aJEkVNlMIMalInegZImBm1TJQCStYMoK1EQtpZ1aRLlvzSNEurUWSto3bBhEW4abSNmbipuUUWq29TZiobD/SlZl1ayIsQr1p36Ru+lujznzX6KHJm443DXctN0oGKBGARzUjEjIYEJDISp1WcULGSmhUw9fZ8HHkR6PXPS6RSeXV88z6bronJWUjnFQeO33R8tSoMSHMc+HPPMIn6mw+hh16Nw9CnLamAgorK0hGUIQIqxCEL+cBZFP5s/f21085wwnpntNzekQ4C9/1jrDLdRfkH315+vlb+cmJvrk/7IHXy4TKL384//u/eX/tR9VeV8LwSJAHcea9+I8f9Iu7freJjfF6vibkZfIPL1dQfP14enO/CUcSn6/24TyfR+whFhjm5RKDzW3TY9NG+WbjA+JB8dXjoVGctr41zUCEC1IlEbBIEgHlfh0DPIK/e7G//jA+Uf94nsF8uV7LCmtVsFULdq41HlQNtuG5LsEVDav0Y50EsDYzZLoqM/OW40j27qQHMqG8OzULA/HXj8d/9vXjl6fj1vvWFJRFcb2Z/bAOpWUMq8bcyFt3zS14kCRVZF/mkSyDaI375QSJz+kmZEI4opqqKDPPI96fx2V3Jtwf5e6ghV73iPNlXIdfzUDq4dNpWD5fxvfP+4cdT05z+owoq17coHS4dRZkBCvDnZgp/Kj69duTch6aqFBAPr7uQW2fc4a7R0QQcWPaFI+nFua99fTIzLujPp42+Hw8bnPuZX85HFrdKTz45byfDnp3d/j0/UchOtyf0PrTyzXdXy7X91f6NGNMEyYCG3LsszcNNyGuMstj78fOlEYsZlbaVqQT4nTahCHEZv5w6o15zMmZKnxo8qMv39q4Hno7X+br+Xrefd7SFELBKmABaLhTJoNU6Nj1tMmh8f1RHzufDnpS2Qo43dgt3L2AZr566PKGpq0oGJXVJJGsyrQGAQsvuyWEpxWnEaxqtisLkAycDr1g8GXdrFE7LLbeiNIs67+mstbdYsJXfivz1hixNGIgQ1Xr5cXLxp8BTIvIDKQHRtDLeZAICVFEFz4dWv0oqmp4BHI4fPrWRZUpqfghwsu/HDOCICpmuVtGZiPqykTYLfYZotQ7CygiMqmJRKZFGuhieJk2bPEnhIOFu9TEtJxdjbMWIAZYSqqkjCqmJBYOghlmpIMsMjyr/UCYVDiRw/Bs+OT0cdKnPV9HnGde3UekRYxh09yGVa6mGEHmHtNjRvkU5pyxKgVmTA83t5kRbuFzRximE9zntDHcZyIzPd3S3N3ILWPWHIbMOaZXOZJ7wjmdEG5e36FIQ3jM6ebCyDCP4ExWigwV3q97TGeGu9d2ZTE48zMyhCl9ej1M3KaHM9+E8YwFMo6sxrfMRAYrh0W5o8vnXQWst/weinekROCMTE5ORILTXLuEmzYJyzms9YVCqT+b6ziZQUA6MqKdNhtjzW+eDPacIFLijIwb0oiEIh2ZwjrnPD082BhjVE4MSwlNYuU1ttHy1WCx4Cu+Xj8wUUr/4XR3vpw5KJOSvGwmAbSmWQtBJDG7ewZEadsOc1rOWZ6M8CgIDWS5g1iqPISy6psBlOHHikqfy6EKRKlO5Y7JujwsuTZvh4paysCJgE3Xpvhcx+ypjT1qYynZKZMTSUJUH9Hx/jT23eYUEXcDKqIJVA4EUUEdEUKSz5BqthXOSIogoby9Lorgv/R4ace1c2QAJCJut7M1h3usqoHbm5WYmOq+HkXuyUxhCXMIuVuVNZkVkZTLDV8rx8q7rYMFMlKIwKgEbxZbSlhFpjsytLW7u4enT0+lpa34dvVmm0eGEDOpMEeGhVUV7xLckhapTzjcgRujZzHULR1tayCyfVIFMzIoGcRVLQGAkoR0+vijP/6nH56+f/n4nlgr7cFETBzhkYBUSQKYkUxhfv9wl0Svn16IBJSqgkhfTjcCUTLSagGpKxMHWcx1FI4I7T08IGVIyRrokSll5IUnmVLPREKEJZEZQcyPjw+fXl6ZGhKisg+TrYk2j6hvUyS4MRExt/puiDTPLMG/HA8V8GfWqHCeNs8sjZ+EidvyPoswK5GQKkBBVA0ABJL6N8x3x4cJ98C2nbR1brUANIgQqWgDi/TGrUNFiufTRLQWACEVbU2UVVWYpauqaldt3JSbyqZ8UD52Pim97fSm4UFxEAjlegQGyu1TrjxB1llQFrQ381YXOsOvgZfdP048G54mRsJraSCwlKMut6aUhXhaAXcglQlwZBKiM2+CFv7u2I6SCGdmErlcR1cRyk2pKVdrTTjCXRiH3o/K7j4Tl+Hc9NXyz353+eVzmhkzEYkjwSlM3exnj70L/u6Hqwj98TcPB+zjdX886v3W3t1vD8dmZteI97P95fvx/ev1fJ37KPWARMuGZznn14/bw/Ewxxz7uBo8QpRPTZAxPC4uT1cb0yum5Z6ZsTXZNL94c9wEvo+uncJzjLd32xePhyP5w3GzacrcBEelgxID2nrvQkT7dQQA0e+fzr99iW/3/NX7yzn5+TKgcp0JuiXi6LO6UsaD23heWgRu1lNaceGa83JpCvLuRD85+h2P3qILz31E5L6PFP35z775L3/69cPxQFkEMKPlUQWqN3G5+alCLl6H0NLWlpm1YHGlZH0OVa1Xwo0GVLZfYlpOIQeFJ4iG2fvn/Xn3PfnbH85XTzCdr7sTOXDZ/fk6PKi3DfB9BqRFzaIgSsxpFkYiRBzgmko9oh6IjaIRHZu2Rm5G4O0g+3Rl8fXjKhEUoH3sXSUzJOKLt3fpszW57PZyniyslE1VKIXz7d0hk354//H3vnjz8NCfX69Bsh2Pn54vx84/fnfcXy82fCZdLV/2+cW7x/fPl19+nOexH1p7OB5Udbcxpy2udn2KLAAYeXfQd3etwzcWFilcDJTmsOeX/bKPzvjq7d3DsQshp7s7kQKxdTlt+nBqBDrvNs3Dc5gLizFdL2bhqFJ3oU3VMyxWa68Q7jd5c7fdKZ86K/PKd4oc71pW1Bzp5pURgoJZibI4kxWM8Vij1pwJISKy6Z40b3I2s0yPObwJty432g761gjZhJuUJYbTvTEJw82JiUWUbzLWEk3X2T08MyMZCaKKrUUVAaV5QEia2IzzbsNxjdynM9Gm1FSaaLirAIBHMksTinAVSaw2qwrvy/IYrDeDeZglZYowK59HXC0dkUm9CVcHua6J1BK74+qRCUs2zxmZyJrxMqDAoenW0TgB6FIoU5i5rnw1HzGXgDsjLcgSw0AMkVSmJsQgB66GV6MPk3645jn5afhl2B45pkfksBj79AybERE2PczcM2ZYJWzMYrqNmTa9/qO7j0HplI40N5uXkeluluFulmkxPGwC9d/JTB9zxLBEIDwjkEbpbpk+w738s2POmMYZSCuXU4a5mSjKXEUURfuJcolkoIZXM1pvGSTSo0ijiQAo4FE0JhRrZMHL1pWAmNw9I5QLbO+ZuGE3DcIIB3+G+iBRUdFISlUOX6R/AGApNwmhsi0oGOP6HwS2Yzczm8ZEpT9HxGHbzGZYkHIREQVsaTb9cDgm4gZdTCFJ4fSsYKvZXOdYWpUaqhIeYI40Zqrw6phTW6uCZOFieUfeFHURMpsEEmlu2buOMalxzHl3d79tp++//03TbcGEMr3IKFiqP0ARvtrbkSW217Gl5KfSjhiU1YpRWYnbl9F6E+bLdediAY2pm5YDihhMEFUbXqOwsFhGpkUEC6dlRmpv4VG3ttKmlaQM53PaWnLqxyITida7m3s4VbffquECoq4p1UVL6hZU9aVg1sZKHlZkNICkErS380EyEVePA6pVvY4eBT5hxsPj24+fPnqS6HLRlP2mohJ1Uik1jIhIeAUiM4kKUkYR6RSU8OTj8XQZZ/fJIrQYJmXTZ9waOpPcohzddcmptHsRCYiA+sHFcvhmsSXJFqkTnqqK9etbAYtSAVFiBHMi8bK/TLvWGRhEu01VXWGFW7I5iSJTibm15+dXllRtGeufA2Btd6fT88snEBExCVFSIQbD43B3GGzV4ajMJUQtkxyEK/hDiPL6JzH12jQbS33nK37fDyfZd6Sk53bYkoWESOR6HXQQaZ0iRYuLx0CSUqKc2VIJFxCSBERJUuHBQIALZKXJQos5QdJaZdiIlVhAzCLV1ZVgELW2HR/fsc3ppn0DCNJEhZsyCzclUtYmXUkaa+Ob6t9qwBeRJtK0qbCSsPQufWus3JgrZnff6LHx247HnieJXlVcuD1+gYwk1O9YqaOUiIyckZlpGcNxsfy44+PIF/OLYyYMaY4sukGkCNiBCKqe1Iiia1nAEtM9iSxBBA8/sv/+vb7puG84KUfQeYzrdV6mjaS7oygkppl5xY+E0EWU6XX6d0/X353tU/A1xnXGeaQQO6CteeB6vQL5Zaefv21v7+Q/f9i/HTgJvn263HEc3JX0TnCgJDfM8fJ6/cVT/OfvLgEVImmybYdwT7cD+cZ+aPTFgd7d08vgT4mtydM1z/u47uKRDnaGBaEkH0sQRNtu5p56NqXM4YrL/UkB/d2rP4392OL+1WKOTXXj/PK+vzv1bRNmhId7EKORmPsXR/36UXaLXx3s+yGf8vj+Gn/1m6caUsMWgwuJ2sKCCEH1rE1UrK3SXjdrNsGiBpJsPr9R/mJTM8zrDElK702O22GGNNbT1u8P25hWk2jc9JiI4BvkjtZBkW6FrrTQ/WsexHrq1opeX0WAkH7LehXMw/PG+/FYCDYR4cycz7v85nl8Gn6dNmyhi9wxIzxiM8rMaRFh4CqIifRgFmJOW7pCFzod9Hg4dsTWpCszaIx9hltG6/31PAy5KeY0d9wde1MRwVenUxccu459B9yUrte9t+3+EHf3R2ayMebV7g4HbXo5X0g5BLvncHo676/fPb8MM4+n18efPbSmkNYkqB+3Hz4+f/8yX64B0HW620vv/dPz8+l0RBIVLoQSCCUi5uervZ73n77dfvbV8dSYVK/m592+OzulN9GuNcWjC2+HJkSFqjxf58vF54y3d70LNuG39ydmPr9ekIQ3x+F22d1A7h5zsnKqJNM+fER+utrzSPdg0KHxm5O+uWvi+WlMMyfWTXHocuqNMl+uY/jOxF05Kec+KjukTK1pO2p1efc7peR9mAP79Ov0824eeZmuM5pw38Q9P3x4nY6u/HDXlUiJhHB/0I2p2uOFkoWrCYexrNv11hVGxDKSekTazfHMrCQWWW7sY5cj8JA4D3odUZGS9FIO5Tp8eopEY1YhTMuECiFTtYywCWabKUJNoAztHA4gYXESRMQl6Gp4nRaZFHm/6d3GXWgW85+AQOeUhhiYkQwRITCuw18vs0/elJqAIg5CymB35ZUgQ5J7pKcqiSISntQV5rDI4TGNlIgZR6a7jb7scT7Q04yPkz+M9jTzbHJ1H47ZeDebPWxGa2JT3MJb6IzMsGG+hVzVrIm7mfmcoopwnzNjCjeilmFzTI+ZKuQd6nMOpCEMEenWwEGWYYRApM2dSFdSVyaRTPdI5SZwh5MIZ8xEshIopTGiCsiQUUB5TQrtjKLulEclgfDy02fWkUUyWZSzzH+OLBz5Mkasoqpl/eAQkogMD5YFOctiuAgyg5g5KlGfwuTTs5RjkAglVX0w0a05sUy1a1VNzOtEppJ4rjqXKvEVEY9Fha13Zevtq6++/Pbb96rCnCBOy0ByUoRZpKqsUGUUZKb6p5kYHsZCq5As0bde6RQsKzW3rdu0zCTGHP7jH/8+KH/zy1+cHh5IGXMgg5mv+3W3wSKO8gtUjS4twHSlUp1IqGDGzMTCfqNDLLGHqRJC5aj3Km8GRS7t1DPSPAVEcrw/Rdq4jr51K/LXmAu4C2YRmoE1aCQTSVsKuzBXyZdKMzfzodl672OOMn2VbE1KVTV3uNuGjRiurcED63JTczsIEJFeF2sisVmuxQWqUV0lbyWGBxJByEwPElkpqczFsyNKosPhYNOW2l6H+7Jb/72Yh+UIuuXtAJR9qKwjzCBZ/qSxX20aU0UlQ1TqBBHpQswl1VMVICTnotzUbaNy3reE3qpGb01rUKYgIOcY64KD5aFjYqLFAC2pMSNU28vTB59es4CP8bM/+pN377764btfazt+PmnwijBXNANMWoJiEmWUUcktgxwgDl8ZnfrLusfh/hBeFUeElZHIigPXJ+M33zmIQFLlz0m8QEPM1e/zcn6dVlsNeQaIzQIAa2cWMIO4yeYVYWGGaBIvOicxsSYLiRCK3dkjARZSJenUGmsXbSSNtIEELKKdVVEWHe3QRtL7dhTduPVZPtLtKO2YoqRdD0dpvR0PrXfZtnbYpHXdtnbYdOvtsLW+6WFrW9Ott0PvW2sH7b0fT+1waMdN7jd5d9KvN/z4xD858o8OeNfypNA6FXmaoQI1ZYorHnzd0T3Sk67mn6a/3/PXZ/+bF//lJX53tSfHxcMSI0p9SUIw0ADN2DgbQZlblUOLmEeyeLgWY4WpCd8hfnrA79/zYyNyt2HIsMSeKb0FpSWM5dNlv3gaePf8NPy7HDN+dwAAIABJREFUgT//NP/db8//z8f9r1/th5HXG4mvLkJC5OYS/qPN/8U32+Op/1+/ePpP3+8/fTz8D394+lc/Pv7Jl4cf3enbLg9HFU5EXK7790/7r57jZYIlWUSEmPAg+EeP/M+/6n/yTn/y0L55aI8HbhmHRqe7w8uwl90tQKxGZEmF90riBIlUlRsDqcA47xzOzAP8cffnmecZ01fJ5XY8+IrBpTKBMCvSyqxdK1LPhIPq6SAPDQ8SbU6MsTUFUbVBunulaNfDODJiTdfrol3holt8FpnOODX5x2/xkzdyd7cJE2WYTcrIsKYK54Py29Ph2FrVcJbMWqbAeuUQschSwkrhXU6kythFeZOylsv63V+rAn1mhnLZoOu2WSHASLByRIzhH3f/j795/Q/fnj9e4jx8WqEctN7TdCPDwBa3ruI34cQiIEFWrRBFJGW0QkSazWmfLuPlOp/2+Xo1advhcFARymiC+9N2f+zHLgx/aPSzr95oxL7PEbHv4Q4kHboem3RORTZAhZuKG1rrrHK57q8vI6FGcr6M6cnSHExJ96ft0NsYOwjTEv0AkTkGA+4+xmzSjv1ABHcvW8sy2EQyIwjDQcBJmQnjdT8d2puTPh77V2/vDk18+uW8C+go8nDSRtkpjpveddlUeu/X6edh9b1sIpvyw2m729r9qX/99njf+W5rp00FwRnwsOE2nUAWeRl+DZynP53H8Pz/mXqTXkmyJEtPpntVzez5FFOOUQPZrGo2QKCBXrDBBXckwA3BBf8ff0ovuCHQBKrZLIAsNFFVnZUZmRmDD28wU71XRA4XouZZEatwf/7iuZmpqtwj53xnODxx3efTba8ngXvePLeRt81nJIi1makwZWtNUIXjTPfIR5ExTeXUOzHh8BiQZ2y3kcB0TK8tQ33gOIHwHGMCpFZ23HI73Mt6jk8i417ue78QmJhqOLKyW1EtBLLsRt20C5tQV+GEmjTTwgdlYnpsMzbPSJKmxRtoaiKkTCyWTDM/Z+AL9QFVUamosYyZQeTEe1CAzHhp0hhdiYj2quQi3ibtnvuoKRjMNIK2oICQyjaTRJzorrXWPIkjllVUSsAIQqRUMEqagemZxCBSwmp4pXjb8a7jwXA26WYVIzbVZsrCqmKmtWM5CDJNucpAih/dmphqa6SWRPWfLEJ6/CkpJUtKpDbcHbfEx69VPKPeW2EFc/Ihlh1VNiy1hEIyE4tqLYwSUioTEQsbS5lPiAuQSYXmPIB7dPjqa+GYVciQkSJW24YDWynHjF/EfhC9ffO2Vgp6TNh02MjvQvvhY6y3gegIQh06/AFyZZHqgCp/2h1vQ1SN1HdGQq3BImLMUS/NUQgAWG/n82XfN2HJOOoK+Z+NP1LEBeF7mFNEOAoXKSK1iwBE6/GeRQitDAMTxcwyyQBwmtfbSzkXIqKKhOtnQ4RotYdyeJrUJUBEHAd2l6yZsAApWjakQ9uuNgS6O4XkM/inVgWF3owIDxER1emjdVv7sm0bUB9jzRKKhAnI8MwQNeIyAZZ9Bq3r6XTy8hcmtPH/+j//L9+//+np6VnUal1wj50VwN+//OZnp3V5eno0W4AoX4sKH0U7TKztQsj6sGz7LMXzs8t5Wbuozm1qt+lOQVXyR8KI45MkQiBS0QJ3FDWmhlVmzTL1Z+E48VlNI84IVAQ7YooogQ+u0JH2K5gxEah1i+FgPrJxlMZ6VAbU7qKStYSgCgbQkYPIJDnOOvk5DMFsBE//xS9+9cP7HxFBosi77bgCoDjE+XJ2kDKID1Qs5eX1m4i4PT9aW0GIiDvgCyIVt6Xjo8/MVEW4lhRZXcWodYxm5sPbVwhcn6+iPGcuSw8P+lzPfjCJhMQSUZteVU0cDOE6clOyNQWQJGIakSLGggJzlQc0WUAUQNPlcjrf9p2ZIVW4SqaNSYiFpCY8sKg1Y65xRCoXQCwsyiwkImpMwqrKSiJsBhHmxmYian0lERJVa8SF+zRikdZa74XvZNG6yaqa9s5qbNqsFfnHlFrvomzdTk3NdGlyUn61yBcLve38ynKpZi7iWrvV+pRA+TmST8RUREl45HA8z3ya/Djz2TGSwOQ4aHSRGR7VFtJZLo3PQg/Gqx7pEQBs/ebxcYsnp2uwk/gsGmM24a8v9quFHtgXYVNZFt1GPO3+Kfj97iG6e459WG/ps5my2PD8+DJILZlebhsR9WaenkBnPSmflc+MNyc5C96tJpQ/bf6Idtv8yxP9l2/amyYgnpFCUNNuHCMj5mldPrj8H7+7/fF5QOXp+SbAr1+3f/XV+vVFGRjuogsLvzzfdseHl/mHG/1xz5d9NjVidSJPKuUlUQs6EsLrRd/ZeLfIohHQ31zzw+A9aNvmufHXF3lttDC/uiwN/rprR7xa+OsvXrdmzTQyYkKVz6fVVCLwso1Pz7dtxPNta0u7vDr/cPX/6zdP//SM593b0ozBwJi0BQ64gdSm9ZDiS7xnZkY68Gblv35HZxmLGZH77daNPPN2m+tyent5+PWXb7/95s2by+kIDgmEufJHlSuru8FxrDjoCbX3lUNokZSCcVRDqhSVjcIBDoAK+VI0HjVNwOeICO39/cv8v3/z4e8/xIfrDLCy+L10rLaFKJcOkzF7ZGThESlriXXX3LTinSwmuTQTpphDpIgCfNt3Zjk3eXfqX1y6z3lZ9HxZieinT9frbfvq4fzNl6/CZ7qfl7YaM8fJVIRFKGYIoTVTbTN8Jn//PP+/H663IhQQgfXxus2gTJImjenB+N3ZLicl4j+8f3m/0S1IicDiY86Y67IwHe2Mc/iI0omyNzMRUDa1s8qXD+2rh3ZZ29pYADM+nU5jH7d91r3hdCf8mkkkYoYqLcvy6WX/4/snIh0erFqc+/R5WfvDyYpe4T7ZjhDaDHYPsOyJx5f9OiKT3efr82oc796cXp3a9bqbyKnbebExg4QT7J63SA+o0qvFLl04CekVSIqMBIpL081UdXiykIlE0m2f+3Qu6iETAedul9UWKzthmTl5aUaECDCTKhMxPNX+RCfOKIHgcAYlKIncQ0RUJQuqnRRJJszKTExgUkJiD1y3qSqqWvZaJ3nZYo9g8LqqskjGw6kpU6UORgAME+bEZe2L1bhHI2LzfNlyB82UAUqPtcmbVbrQ2k0YHrQ7kmWAnzYfwXukCt6ebDHZPV921PKBE0snzlxUm7IydWNmyjpDH1sOLjGw5t6R8GoEA4lQEzG597cQj+RPzj/t/Oj0ac8t8ha4bn6bMcM9aM4jBuMzwgNZJqCc+8zMnO5zCBJjzrlXs1j5eeCz/pMIvm+UnnMiDotZhGM6IzM9IyMcmUQZ04VBGeGhRpQ09sGUhIkMgJEID8pqH4MyR3iGm5K732PSTAFCgoMzi4AmTEhkBRqDVDmRLBLpBEGCMk0yMpnZzKYPPuZ+yoSWyyBhTTMyMxDOQgxuzTIy6L6CIBQgpGAJxDgAkgSKFClJvNTjZCqGu4AYFE1tTmdlhBOVbV0OYo8UfZm4cqLMmdDqUyIIs0eofL4t4w7wpDLLZxz+UPmTXZ0yUcFRZBVzVcsTjru5VAUD1JQSHrmuS3gW/ZNAEUdAtvwkTFIGk4MRD2JKtUb1zjHVLFr+LQCmqiY+Awedps5UQpGQymC09CAgA6ISR5CjniaSGQWNuSvBENEMUiZTu43nf/vf/fe/++53f/jt78B6sHBKYr+fKqfv1tikFRj3/mQrVaHGUztJqaQsEVnTbz0BkOjd1OT6fGvLMnySZ51vqv/Zs1z2x/anHsetyZxekzSr1LmHRYmBTGSKGhOY9S6oEZD1sar0bv30QCZgaiTkPo2NRabH3VR23y+UcEfCKgcFloWpwEQFdlQAopKR1mwfg5DCkpzffvuX3//w/dhux/GNjssBCWKRVs5iFNdDDp/9na/qcVrXFCUgMio2n1SVzqXSHNEHOjq0iyZSEwuYSKSBKMmFGM66tvCoXkYWgPXIMBCzWl0UWXXIQjWKHXxBIiE2tUJEH8uMCuQ2jRnV0Zt3qUhJBApibo1VsrAhyiBWbizGLBAiFmkKcGudxUaGirKYmrKIsLAYk6r2JKQU4cdYzbSJNmZJUWtdexdtrMbWSmWRpixmrWkrpE8T5frjotZaZQCk9SJ86trl1PShy9tF3i70uvFFYJxa0IzjY3WoBchjZwdCJAKYQVvgceQnx/PMLchRHEkhghBPdyZSJiE6KV2ULoaL0MW4KR+2w0QmeSBAEU5qzvxpz8fJj043RyBfGX6+8tcnJQ8A1pRVftzjP3+aOxkQl6aFjOiUpyaXU2PwPvP5ZVu6tqa3GSHt/XU+7iPBr5X/4q396ixvVj0ZiODaf3yetxG/+ur0oBS3HQSAC6rGLM20m2YGIQP5t99t/+HHmSoPRl+u8qsH+dlFT72558sWw/18Oi3r4mMfpH/33ePfvZ/XQCJFrZL1EUQkSRFETLxQ/nKJf/nVerKE8BXy//zh6Tcv2s4rEjHHz87tF++WLnJ92TnGSvjm7fLFpZ+UTkvPSNUyk5GQnJbWm0Xk7hFMrZnPKci+9NttPN7m7278Tz+9qMmrFqv2f/+78ZvHUXb/WgJImWYr8J9lws8ELcq/ep1fneJs0BiN5uuLzS2J29vXr37xxRffvH3oTZpJVmFO2WH5AHkK6J8FK49EHOtddD9iXnxfgt5DYMyJ9BnJ8jIcRMpkxu4BUKi8f7x+99P1u+f44zWfN0dU+yeqtoCJWe83ROLypxEE9R5L/UsZdR8ohypA+dkdSyTKqYzFdF26T18b/9U3p794294sRuHWxbRF5ozwmO9eXZa+xJzCfF56VQ1EZoHC6hlR5K/MZBUf/uM1/u6H7R8+7k873COETG3fx/BQ4mQubDyQ1vpIfnrZ1mVpbGPuM0JVuNpLCayWgTEnM5a+NOUZTom16WKmSl35ZLpYnrp1E4Mvol+9fUii221nZhEyUSSQYU3PpyWQwvR2XepBqipjRoI8nA8oNydonzOQwrL2JszbPvbhME2ifcQY2bqZEgOLysykFBVa1uYeZuyB6zYn6/OWL7f94WxvTnYxeVib3PPrrOLgpGwsyjymW9NXp8WUx6g2qmzG53MXInc3lQy6N6RBmDOglQG7ewwyUioxxiwiMyIjD+hFPTeJxgg1c3cGmhkLVTPwoaMHiVJEOLgC/e6pKudFk+TT83iZ4ckpEkB4nLpcuj6cOkUkUKfVxYwjT116PTWEknn3jKAt6HmbASbh1XgRWhubkLLMxHSSpsNxC3racyQx46HRq0VH5nWvhyavXVv1eCQzw8rEygc/g5jcXZhaqdp8hFAjKYCZ4pFgMmVldBUhUuEBenH+NPmnHU8Tj47rxHXky3BP+HQPJKopODMzEj4dkTE8PWIco3+6h48YO2VSRPiMOSOSgJwj56T0jBlFe52TkTGdKN1nehAy3YWcMjMCnOkJT48pnETwGcyUUdZ/B2VjqkrjclDerYSZTsygDOKgjKRS9zMTGV5+7eoKqKI7BpmKUM4xxCQ8RRiJQFbQ8DNTsggyLPWxVGTU4BjpolakmiPSWWRFJoDMBEQ5o3ZK92m3NgLHVLUsy8Pl8sMPfxQpeVLKUl7oFq3bL6EoFyLiw1W1Qu/M5fKg5AQRkSKrrurwopdsW44UFrbWciaYxRgRc7oKI2tfgjoeiEr6vXmCiFl67wDmmLVxEuVjH3IspAhJSBc1Egn3eg2ZmVkCQIaxqjbPSI5iwxxce6pathKvkUBbzAfSQ0yIUsSyIBjHPo/vIuZdzyQmQNQYCA9bbIx9sU7ExeyiA1CE42kimtPFhIXmDDVlIB3MxHq00LC0M2Xw8RLeOwWYkKSmdbq971noCEEj8c/EqiPeWwFBonXp071cPcJqvQnTtk3hmrJL4IeKZsLdq0bk/q2Y6FhqlbdXRcH4b//Nv/2Pf/sfbrftjsFMMGWkaVOxGYNAIiXVEZNoLYnqrJehohFxOl32fWM5zidmMudkUZPGVHXYNQ1XkEZE1GMcQmBtt6qOgaX2TaKyj5GB86vLfNmBvHvp5PiI1btGdNh46HBBAUEkIoJg1howqfg21fDSTi0ifGaZdvigP9SrQYgsGk/l5+jIPIiK1rlTVJNUrdXemFjYFKw4NoH1jxIJVe+L2rFwlEbEalY5WRIFyNoCZoioGotxPXRFCaJirJ1ZpHVShbJqU+umRixkJq2LGUuTZtab9U4iYspi1ps001oCmBTZsy8mas20d+3Nusml69suXyz0xSIPhi5kRZyrm0DRvoiIEHelCkSJ3GZsjhenZ6cXp2sgkg5wbBaitTpXY1VZJB5MFsbZ2BitYADCd9GXKtaWDo8g5maszD4nRHaS7579mhyRly4nlYgk0ZcZP828BmPGL0705w/y7iQaGHMqc+9WiskcMeZQVVssk24jt+EjorfWhVYlNVLRj1t+/+Kk9rrTG/MvHhapyA8jE6OOrExmnYF9eDN53vCf/vg8k7540F+9Wc6GQgmJdVZJklljx5gvMz6E/af38/uXMYZX61B1FvPRi4CgeNvl33zTv1zzec+PE7978sfQ5+FOcllbj/Ga48uHlYiuYyZA018v/LPX/WGxy8mM9TqCSHrnpbWlyanJapKR23AHnx7WdTWMyUT75qSyDb9tezJ9/zj+5of4f98DkRlxBIAoOQsZV58FKnVjZhKR+vVX5/n1ReDbqdG7h3ay9utvvvr26296W01Vrdo0iXFo0kxc1y1AzRQEqTaA8jQKE3N4MShqdK8bmlZElIki8eOn7T+/33664Xrb3j7om0ufHh+ex/uNvn/crrPkBda7JItS9AkUBMEBeyOOxPT8k7lWuLIQGclMzVotYUtQr6xgBoSjmSxWDUp8bvIX7+yvf7Z8dTkpSJXfvD6bSqImBezTRagvvZkeW/gDKQQmDpByaVE5h/duQpjgf3h//dvvXj7ttEWmaAx/vG1LM4cAVHyPZm349AlQKkszvTtPubTLPN7MYKG1F1pGhLwxXZa2dPN9LGtvrRBocVF+e17fPSzaZGxDmwqRMa9rJ9D7p+tt8+Fpwl+8WhO0D2eWtdt5sWbchJqJiIzhVbfeVFSFwNu++wyPJOGiGAcwp3skEVnTbfi+hSOF+HRqvRs8HfHp5rdJz7ehZp3zq4f2szcnZR4zb557JDNOpq8vKzFP98a8tCbCc0ZkUuZ6MhNZmi69RWY6RQSoFubU1IQZnFEsTBECPjdxBarwtBJ6Ep5g8uKBUtEdpHdVlsiYng6uHgmmZK0WVfYIAE1l330kSJWItpFXz5c9HdGETk3PXS7ndXg+Xbemcu5mhHO3buLDWTjBCdJFPTFm7EFELEBTOZ+0+pa3kTOyumSguk1cByLy3GhZWEj2QCZ75Npk7YIIOYRlZgJXiQNIrXwkVBejCCtngUQBTuYZ5JnloTdjYW7V9ZB0S/44+ccdHyZdJ55mXh039314JM0I98g4cL0+ApmZOW87pnt4VrOYD4qIOdIjfM7pjIwxKSYy0p0o5xjwgeNNTZ8TEcyJogZFohJRhwA8wfF5hV0Psdj3hAtq9w9GVNgyMw/icSYh+LB6JZDMVNC0ptrUbtu17CmZkRFKpMeMF0CoaRnL6DA8BIiZkpKzfrduj5QlKAaSayyjklwkgYhUPWYcZc4EovBAnJnFxZFjOGefriZaocmEmkQg0gHSpaW71IhSw2IiI4of87Nvvv3x/e/HtpkZyZGS4uo1Q5W2g++uufLlKOucDo+2tmNjIFSng7qXinB5cyoOiSxbg80xRVhVM2Emnjlvw7r13vZ94LDPWQA+/RDS6yTjUQ8jZS0mVDnCC9hdMJ3DppogZFv6HEFMb9+9eXz8dNRtHfIxQDCxzAQ+Hz/KFiMgRkYGtDdCln2oTMt0Pykchy863ibK5M/dzoKjTo3YlCil5m7FrIykc3Epj1WKQBJOx8zEDGhtHXFX8A8d2qS1XstpMxOmMcLdm1kdKyq9gtJnKYhYy0VI90YHgA8gff0lMymZ8ccff6iTU3B1/R5vcR1WwMJHpxMxE4NrNVTXR+l3IP4f/4f/6d/97//u6dMnbYYIJLW21Lknkgqy9TnJwSCf43jR778CcmYyEzCNMa1q/gRz3wPZtLGQI+5BrWqXqVsx19LjqE4TPZycQizMrOvD+Xa7JQ7yFB0pjSS2oxVNqOKP6SF22HL4AL8yEklCxF68MJFDS6xzNDPEgPt7Ko3uixEWZTMSAVjYRPUIpZOKKYitNao9SlNVZbYyAlVHgVpjMRIla9oaiahaRQJUjLtV6S8fBM+u3VjErElvUrwn1fJSqqmZtcVa06XZqcurbm9X/rLxu84XRVOqSC9n1icxATBFAsIAhqdPcuJ9+CS6Bl0nJngG7VEhkGgEDjTB2XRhNCUTdArmPCBVSXG38hFJyaEsTEhOCLNxioiW7415eg4kMjzoefgtrBV/W/O2u4B+JvjLr9triXNHM06OzlaYpSqBX1bDqsUDysSbzq+tpOAkUQ+Itj3oh6ftFvTrM/3sQThkbENYRaR19ojHl5s796UX3G/fXBli7V98c3owUiEgESRNFxNmDaJMz7mP0Fvqf/zu6bdXDHBGRCDqeHXk4bOckel02+bf/CH2zC2F1Xo/JSMQa97+YsUvVyXPifm8h27j3ZvLw9u+Kl1Wizlfrtv5cnmGPjvnTvvcfMZD51+8Wb8+09pEIC8vY2wJzPPakiIzf3oZP73EDxv97R/33z2H0Wc0EDHFgTRiPhyHR3U3E6DK1ldb7XyhbcvH67jNvev26nL5xRfRLCOoWUsi5azS1Lu5ugyMnykP9Bn+D9TRsYI+SKIED0dxbZLl+Xrbgv7hp9s//nSbKfu2/faRk64zwlNB7B6JXHqLLOOSJFFEJB1Zujg4KXIHHwFUc3+4Q4hFq60vA9lKmGBl5tZEgKXZ0phA274h/M27N4vRpzF/fKFffnP68qHfrpsokxxI+GQYEkxjn/t1P50WYRkxSxFTZjVRq7SViDETzRkzcOL8r75swfbj020Hf7jK9eqLrkq4DfcZvbcxfR9jXdZlWRApRJFJIiAy1SYyp48x0erqV6Q341e9/xdfP/z6XVtUy5JaYYvejSNb7/s+Pjzu1y0dOyHPpxYfXlpv2x4vtyGmry9rqDBSTJz448v24YVak4e1nZucF+um++4Qz5CmLCRNrbpuiciEWdgjvasntuFVMQOeqmrWbtvwzFOzRdvP3y6eeP+JXBWgm4ezPlyabhNOvu0z04lVrXXRSUoshAz0rkjJ6oSlHC6B8dnSQMmR5cPOw+NATHLgPpmtBi8mHjMrPQmgLEZmMiNH5KS47u6JojyBOIDrbQBsxktvxlCRbpYZyrwuTREJUtGT0RvS3en5tjuTB7aBOW5JfHMMDVXVbiNSlFtTUa4KAkQqshGIMT0jaQZF2NK4G58XnaFebv70ldE6R0CJWjJliPCOSOKX4bdBvakilyYmaapMlMyZBI8gEtHKAIwgITZha8Q4StwbcYrOSE/OzBFoLCZ0MTpJfNH5yeX94I+jfZhxdbkt7WX3PbVKwKylzxDlDKQfhcYyPZrLnOGGdHHzMdmNWyCcVTGNMkJHeGgTbt33naIlD+My/oxkzpAMJ1GVEHFksDIyPF1VPEZSmArMlAyIFC+NOObBgGESUDJLmVgqeVSkdSFOjySqaZQJma6iFBXZk/QgELMEBVEwSyRM9Vg/gSvxSoXyuysOw6epCXNQ9nUhln2/iSgkS/mkQzCiFDKRRApLPTcPr1bmaV0yU5tlZIZzMiG/+fqrj4/PJIiUstJQMpIKAULJoPjp0+8zvfWeBBAkCJ7lBaK463Mq5dcXvfuGmKSs/EdpzZEqOWwYFXYFiWjhmrOmCyICpWdEWOsV+SCiKNdWBdiJfN8LbwsAGYAAIK6NSAErj6sSh5r9ubUGYIiITxdlJK4vz7V+EZLEgb+qJBkLIcBUNcwEIkeIcHJVS82qi6il4IG1Z84IZklKVYk4jiWUTgUSoGKVgphYdS3rOjHBuS9NWIbvOCB2x3GEQUKiJgEcG9z7VzDyYOdQqlom0lOURZnAKgLhLJgiypaFzGS5W75YuGRMMDFZl9rGHdsAERXet03EurU95udgy4HpAU33I+VJVQlRURY+vMuR2kyYl/V0uz016VFvfiWpACnavYONj/LRhLajRLFmQibJz44jreI+OrxueZj9mxoL72OWF1msQg8ZERXmVGmiOn2yHJRxZlZVn7CuPoIAVQ0AjOV8aSzbthNRQlS1rM8AtWVBIa5qU8FMEDatuSiO02ax1JhNmIzlzu/XaoxWsNSsL62BtfYbysqmEAW4CIOtNWLtyxLImanSW+vJdUI2EeEKBGvj1rlaflVNTEykL9VWr62JmZhZNxGTXs4fNVM1NWU1XZr23nrTU9PXq36xyLsFbxudlZWLS1wnObAe3IGZ6Y4QZGLMTGJ3eJ0KkEkcCVGZntucopoRjdgYwlhNfQYhy9UHkIOQKcpN1JTn8Los9DgGw5hURIlGJjEneIKf9vg0sANQdXdGnoTfrfZqYcyxNoPnujRkFFYP7iYiRlLuMBwCcBRZIyEiGZn30pyo1jyW3V2ZutRgLpFAoIqU9ukfXm5mXa25e0Z0lVNTJkp3NavDBjLXtTERq4ipB/30Mn77fvz2Sj/cYnhwHo61OrYm7ns5oGKsBAarGieRNRNA5v714t+e8c3rfu4NJPuMfc6I7M0ua09ylT4H1ADSv3+//eHZKwHy+Lxvc746r3/2Wv71rx++/fJ0vc6nm7+M+MeP+2+f/OPA456bM0THcHfPDLGmdwrQ0QZwVzqObdBR4cdN8c3F/+y8j20MD1utMf35V6//+pc//+Lhoak1MxVhCrnzK2pTzsR6H9Xq9eCib1UvEwGEfffbmCNpr/bZMaHtH7//8PvneHG77TsJt1LICMOjwmEx2m/JAAAgAElEQVRMlJRNOzFHxtFaxUeimZI8nahCQwCxEolI5jE611sDsDLN6adFI7BtIwOvTutlkXPjU1PPvO0jInozRETkm87/+s/Of/Xt25MxAiK0rsvpfHaf7rlto7JblWVO5MxAQpV766X8gWDWxvDvPu3fP85P11TB6bTMMZbz+vgSv/nxUdqSxLd9jJHJMiO0yWU9pY9tDAYLcRl3g7IVNF9lXRcW/vT0UpLSF5fllw/6l9+cv3r7sPTl9nKbHoh4eL0a49R7EJ6u+9NtPm/Y56RMdz+dVhZ5uc3bNprKw9qE6dWrde0qyJlI0n0f+5iryc++fKNK2za3bZTNtTU1ZYEcHcOZsxxcXa+bf3i6XT2vt6lLA/ByHSx8PnUa0ZteTq2i2jMiWW/XfWnSm2ZSAK0Js8SYEfPVZX33sJ6adtHeGwEEVLHMzEiHGSuLSnmXyYExZ2VeHk4dJW972GIRMT2IdMxwT21y6srETZiYMjmA25gzSAhi3FS7mTW5bn7d3DO3Oc+rsXB1IV7O3ZQBGjNHVAiQVQ3I6RGJ9dQp8HzzxzG3BINOzR4WFeDSuRmrWIJGYaYF3exuXeZ9uGoNSiCVBNxTmK3Xj4si8013MfPA8EzRlxlb8JzZjdbGxnlu1k2Og3EcEBE1IeZMeKICmFzD03GWQiQHlXWTKGHKqtRUmDGTr04fQ3668UfHy8Czx8uMbcYMmhGRmCPGHgQcRcIROX3uA+mUOfcRs9oDRnqxeEfMWXXEBMQc4QNITqfI8EmI8PA5OTPTGZ45MxORiCCKhBNRzEh3kTIIOMMRzscQRUQ09g1U6PUpzMwY+yjiY4KRKcxwf/v29Xo6/f7336loInI6gbSJuzMnRZQzGASWYmHRYY9NpqTMIISaIKGmQrJvu537w/nhw4efcBw4Qo5bZCETskLoyqWghUrVAlDvFsg5pvUWcxrLyHj39o17us/bdjMVZgnPMtElUuqs4lNEhcUzSodOz7LKfEZ99lPPzDGcD3tvWa+FWTwGMWXAao5KTsqDNVOcEKKqGKtFbgGJMlONkWjWMpOE0kGAz+jd6rWp/w05adOMZCWvOATAYBFWUyba5yBhimRVJK2nlYmv12cRYT4s+UKSEVxNf8REEKFiu9cBgFDUprrGcXhz4hCBywNcROzqIiChqnIC4uHyAOB6vdLdml6LBRZbj8gsS3raYqZt23ZhCuDOsqs3tuIUNQ/k/QoTImTEEXYmCGlSyXBhYkQ851TVI1nLepw8Kih7N8kIji9AMZ0YRKp6pNR9hpodFeWEKt2qg0RrHcmOqSwHllOIaxsY0ZclZvalCelteyFmYm7NRHS7bqwckSzcmsWENptzCAsQQgxWYXJ3FlZhd5T9PUHpUUk7ZORBICEVFpYZIfc4YL1ASYkka60Oqe5eDbFHs65qRB1GS/cFi/Jh65Hw7EuPpKSq4ZXIFKvmb6ZCaKuUb2d6qBkySJVZGGXvkQOZwMSqJFwVYGBR0RrQyRqTojoWVEmVCj8twmpmJtxEzOHammgnVkgzM1E1M7ZG2qRZiog1bc2ssRrrgV2QZmq99arv1aLQt95a06bSmqytnbqem7xe9N2q7zpe3Tu8CKg1In12oWUtz+OoX2WO0q0LsZgQZRBmZpWGeP5ph1OQjahNEWs4kgng4TE9mLCYtDLAJTFTU26mzFAiZpn7JOIkmukM0cqiMC29qQrSGeDMJqKKPWj3mElK6ManxYr/vZoKB3HFwSmy8HFBxKKCY/QHQHM6Feu3fK5Ia5qeEfA8LvxmjYCbT8exxMyMTFwuZ3c8XXdVOV96Y2KiMfy2zxRNsj88zd9+8qc9IRTuAaiwsBGl194RRCRJyZTwCoEbgXafJGKgv/yi/cWFzjyQuM5QNVNRzlMTpRRiUa3WSJCujVn4h5f4h8exi1lbn6/bGNHWtXA0/+rL9i+/Xh5a/OFK/9v/+eHjFIHXoJ/3tFCxOcGH+YaqheSw2h3ZekqAWARIN5rfLteLsZgk8+023pyWf/H1m7/69uufv31V455KmTNBNaHfTXsHZ/jopak75tEaAeRt+svIl+sg5mB6vm0b7G9+8+m79xu47uqsejylUDslZvcEcwYlI+jwGhUyIAFGUYI4s072JMwZVBsb90j382IPXb98vawmlNOTwnO6v1qXh97OXSnH61eXGZMyVMQdu/va28+/PJ+VlMZ57cLZVRQC4n0brTdVXharIlFWjswZk4kzeZtxm7l7TtgPT/Mf318f9+ytnUz2bd5mnM/rbZu3QHgkYuntfGom7ePj03VEXzqzqhITReQcvo9dpOL9osJNaO2NiJiymbw6NWz7N28vr8/tzeuTAsbUm5QWBsK+z0D2pSvriDCW3lhVtpG36dsMETJpP/zwiPSHh+Vh7a0ZAQHc9iGsl7VFhAg3E1XzGZHITG3S1My48mpAmhqI9hmPt/F4HR+v42mL63RRfXg4WyZHrp0va8s5SxT/dPUfP7ysp35ae3gQcFr7iNi27dTbqbfXl/5gejmpEC1Nx56iXImlviiDerfS8JIlZojxHNGbJWUk3bapwtoEiQiIKIS3ba7nJcMxvPfqS7QxS07OSEBk7s5Caq3gyO6+dBVhzxwjGdyaFp4DoDF9uAtx740Yc1Z5s46R3OR589s2A6zCTHRudFpqd0wJ9swxU5oRook2lbp8q2T2uDbBPglE3I6Td+0xjrBcVRkwXx0vk64zQTChRXntYqClemxwhFJJhFmI2QPgxKyIHRehiO+GukwkSUVgmSCMZqLCYN4mnia/H/TjTo/Jz47HzffIMSMC0zPc3QOekcdoHrP6vDzCfZ9RB4B9i/SH02l7fnl6emGiSI854Y6YlEkxIjOqf88nRTJl5mTkHM7wyKnKrevt6UqRRe4/VHwA5OkuqqaybXvEICLOZEkgYzgzhbu1noSYuxC6Wevnp6ePABN7+mSqKFESsniiUkgWJiDqtwowRMxIZ4Ioc5L7rAC2Y6owkoglMCnrjTt8mEDdOg9/iKqkg5TCXSukV77KzNYbiLbbtdmqKhHJNTqBmMXn5MqnRh49q8TgFCknBQFpzRI5r65dVTkiP0MUOEmUGZyJ5bScTqf3P73vSzeV620XLQs7uKQZZiaJcKKjadfMskBlM7RpQTCQJELatE53oASRiZWhkpi1ic8gkCpnkBBJEyIUHZiS1DQcokqECCcmObRuNjOfrk2ZxT1ABPJyiTLdXVR1xiWOSIAOBhjV3dVZ7qq5aEalvUmYI7M3Y9X9dhOxcsjXQ41bOx9UjbKecSWGRIRLTEfZAIonY1yBSG2CTFObu7Pp5Xx6fHwUMVDy4YAHM1Qko/zz+CzU1U8IRKJwgsREQsYimSXyaQXA78RtImZtGjPLQ1bfKJEMVmtKMmOWF6voOAQQSQJ9aQgAKMuGR1A9i4XhycrFNlFTTIZQerCWgC9IHEgq5t7bdt0KGeZeK7fDzn8Eu2uRoaJiPr0SOZmkJmByz3Y0ZleWUutFIGI5mEhE4CoaYtHDAQRmFWs69+ng9XTqy3K9PjMTwFyQwDIvi9ydQqVdlimPmZuoZeAAaKtRBUBECFqhW1QfDBurMYuwiAmxsiro8x5gffv67XDfY/Z+Im3JKmJV28XWxAxiUKnzgPWm1kS7mGiz1syWpq1p9Teq9GbdTJUX08vSXi36utO7Rd50vhh6BXUyKI72BhB5+FG4czifDkvsiPAoGP+M6tpODkImWC0iZiSAzFTRSpbPICb2zIgjb5/hrasxMTICpfpHopkuzSgj4cZCJBLeTY3RjZtyJiJCxFRVFO4RkdoaMq8Dz5sn5anporE0i0yD9EaLESg9AsEgqbwRDobUXXIneMBBzDLmBNJEurEwz0CCHfR83WNiWZY93ZGn84VEf/y4Pd12s0ZI93j96rQsdhv+w+N4/3gb4GVdiCUgI8JnEMBCR42pKog8MKdDUMaYMafUmV2YABNcON+Z//kr/eKiEbBmkfRy202lGV8WPfWiNYgnzwgiTZ99sdPab0l//3777bN8/zRE+XxeGbntvu346iL/9Vf6tOPf/35m5hyzLtcSU3DcC3BIEMfNiZmFkvLYalbkhZBB8PR41+PLE5sggX2bvelff33+b/7ym199/babMdX3SBFRZiiYwclR9dx8KCP3PWiB7xRMn15uT3u+f9xmEhv/+On5H368/e4ptgEWLTHJau5RUZUCDY/pOO5QdV89brvV9HHk2Aj3BgGKSBIxEVOhBOdcmN6cuxKmZ/rsa1/XLsyK6IR3r09fvL7EHC8vNzC+evf2drvucwAqzXwGEbqSwd++6t+8e91EYo7WhIWvWzx7vOwzIKJSqbPh9P5pfHwZQbys5wn68ellbLMtfWnttu/TKZIS0N6u183nZJW12aqyNn1zPq2GT8+3nfTx5nOGmakJAJ/7+bQoIXbvQm/enNfOq9C3P3/TqNzR8H3+8udvVqM3DyewPH56jszbCLPmPlXUhC+XJecA8cen3SfI+LToeV1ettm7Lo07S7nr2qLMOmcAdNv2GdGbXc7L9Hx52Vk1iT4+3faR51NbTR9Ofe3SzPbrnkIj6Tri0zb/8OH20+PNtJ9PXRRrk3evl1VkUWlN9xE/vH8K4ofLysxPz/v1ZW9LK3+je0QEgJPxu9frFw+9iZH7sloZZecMnxnMRNRMCVh7lUjCIxKwpU8PIS66SB0PHp+GE7NSZJpK79qIm/Jp7UCO4WCJSA8E+HmbnrSsRhGLcHW7jum1HV7WtjZlRgD7Pk1Vm+0z0zHDA9x6U2H3SEJG7jOb8mlti3LTo4pzRF4d4XcfIaWCTktbmhKgUgq9TKeUys0niRBDmZrI0my6F1N1nzGSHvccSQCpsgC9iRF1RROt0cUDYPFI+2wxL9GMjkA/GxEIJJGoRV9t+0mgTEUVd+A55P1OP016v9OL43nEzXOfvnvMCWSkZ0ZmIGbM4ffm4Ig5fA7fh8/91PT68jz2IEImcs70PcLTHT4zIn1SItOrGCV8MlUYINLHYTbZhkiZ7IMZjIAPhJd/mjIzZj0LAUcGU1AgMJt2Zppzuk8hqMiYg4nNLBHhowb0zINbwgwV5CGe1q44iDijtI6KAxETiQoiWSXHLECIu3PZ9eOe4RRiiIdXpJSFTSUT9d3oWNyCmdLz7bu3p9Ppt7/9p2U5BVxYclbUqm6Eh0cDTCaaVErJ4SXpi05PNuqt77dhIpHhHiJMd/xodU77hC2mzfbr1qyJ8H4btlhFpVm01NuosHydf4RVpKBDZQlFEJKEBQIWicqRNo4KYAtO60nZ2PjTx0+m1nsbYyZwFBUr0xHh1SJN/Ylij1QVBkcEEVXdiXtEZuWqD28qGAQVKcYJE4GUpViXwcyZUaMgy5FXrI/3PYSRmSlsTITMqhsDMZudcNiI7lN6zSD0pzxByfV0zzJHpnUDUCRQ7XY6rc9Pz0JS03f9zCKMgHYjkLsDxKLHcoQJKIwNCgqH+zI/cbBBkVmFu8VEUNOMIwN8t04Qqi+ZODmIWYmpgrwiMb1c5jkjM7QpM0eGsCAOJnpWXqaOPACB19NKwHAnJqoMiqmJiMh0P7oMqh6q2Cio01LBhHmGm1pGloEeiNYbs4wZ9ZfjQ1WtbY2W65yJVJRI6jzOLEgSlUDFrw+rlaiKsHu23g8VWzUTwtKseZ0JtFcZHShZlEhJ6/6mLMxqxFJOFlGFCIulMJK0L9Y6qXLFPiG9twSxqmgTta4Li6UIt87V8qsmItqPL5DWScsRJGatcJ9WYlQzM2WTpqpNm2rvuqqdFn296ptFvuj8qvFJYXVnSqQnEerz4OHuiPKZESLTM2p4SkcACdSlBtBwhH8OhDALzUiv47IIgTwxpptylaizWB5fD0bOSNFKYUpGdqGzyaVpEzTGpZsiBZTpKqSqxBzgWnzfM51EoplI6Iz4/4l6kyXLsuw8b3V7n+Y27h4R2VRWhzIWCREa0KiJTBOZ6RH0Ino2jfQCmkESSAAEzEBUSWQhWZWZkeHhzb33nLP3ajRYx7PMchbpETdunGavf/3/9xeJYyHBMDcicjMIEMrUUSRHJs+sFtHVcq4JgN6tqXfL2ybMtDAPVZgAEAnl6bJel9Uj6jAubh9v/ao1eDiIfTHCXcECVguOtS5ruzVzHi6bbSifLv3HRW9d900cUGpjGVCaCjFg1ls+TFI4wEO7EpCaI8Zc+Viot47gh0EG9odZ7g/DuqymltLcMAxCvGOQhQl4ayswTuMgiK+39dvn+E8f+2fniAjViNDgNXB1QPBCGNrzFB4Y+6MfkiTxFnrMpXIu2YIgfmrJyGO1UxgCFsYRjayzoLj+6mH4n//qmw+HAQmGYRDGxGVkRNXdM2u4AzYREB2R3dXVsnqdmbvZ0+v2p5flu6flu6elIb82f7yutw7gACQZ14LwHQGGGbgEwNj31elk29UuyHIZTmGSoDAVKZmTHQfmCAIYS4kwUPNcctTh8fElAoexbMtynMqH43wa8cv3D7qt3338vGz+9dcfhoEeH5+Xpc3nkzC9Xq+IWAtPVc5T9daPFQPjZYvvr/3ja196H+twmAbVNpfCQkvrS1cIdAdFXzbXlt06UUo1g967lKJmCd9AAmYemDECXb85y29//m6quKz95dpfFS4NHl+22+326199eTjU23WzpoQwjaWEjwI/ezeXQsdxuN3Wh+NUBAbhNDm4eamVWcx03boHEktlN3UkJoRSmAHMbFnbMIowgSXXFQFB3duqIqIQvdvujiVsBtdFZeBbt8+vq3ZHh7vTdJzLaa66tq4aALUOXOS/fPf5+6e1OZjD2noAFKb701jcK8PpPCNGa30WOh3Hrfnz80IiH58XBeTKSRAHiLFWhpjHMjIcBp7HSmbDNLTW1WFTv64tHMaBBeMw1GmoAEFM13VbNwtEAKqF3JyZl65r98BYuoV7QZoKV6ZpFEIICxaqRbrHy61dV3VkdSeIoVBBnwYZSiXEJJmUypxAdGbt1lP+DFw9Xi4NEIiwCjCimlOeMBBG4f0aFr6takH5cE5cWxUehBkDs01F0HbncD4GUdUDACx7J5AAWdDNA9AAb91uhquGRhDCIDgQCEZhfiN+QgCGpaCI2T8Lvr9j825DCtwPoBiA+nYCSLZkylMesBk8bvCxwVOn5+5Pq20Am3rfVJupmlmYuWv2SKi7u5r1rr27dm9bb1s4qHZzi9Zd1Xo37eEWqmH7fx6eewDzHqZg5toQwbSjh4epm2sgOppab4SaGIB8OBCCh7mphRNaqM7T/Nu/+M3f/ePfu3m45pMwIqxrHQYEUG3gGrHzIsNSU3M3Q8R5nJZ1WW+XeZpVHSjQU2sLdyBh31rqU8wEQNoVwpn3+nVmJJKk5gGiJowosS3myS/ckUS7bArE5BaYzaeIYciCKZlnr3CaLlOkT9oS7OZ4dI18LYAHExqEmQmLge/iTaS3nR0iXDmJYRFEYmG7sCTUeydmcCKB/B6SKh0ZQM6DSHj2iUdGcfJbC2dG0yhVDsf58fFRuGTxLiKFW7Y5E+3nRkKEnXscKZebByG6OzNHGMTORQ3wcGRmhwBzCAfGtJ3/lL8lYgBwt2T82tukkP9Llkftp1vP7oI91sYIAGSRAwMPqSfnhiWzoxFvXvr8PZJEuhtkf9oQoJlXKb1taaQSETUlpp+O5/D2/nMzDMI82cdb1CQAKamerN4hfE/3vU0uES6Cph6Qlvo0JWfrAiTxD4nMdDwcfvaz3/y/v/s7loJIhKhueQbOuQoJASidU8yZgkZ3B9pxHlwEIooM6tbXRkV2jxKSCPWt56SYfRtM5DmivDHfkJPWB26d9qcNOUQCN956MyAAs/QBiJGLmkZ4Ntsxck48STwQ4UBiYVOPcCQOyzmSmMgRAlHqoOqZHADErPFipPQqswikD00kgJgZAIELAmYS1xO5yhLBZaq1jqUO67YJswceTydTr9N4a10dpnEchhmlNvdAESlUJJC4ZsCNSQpkj6+IiHAtIiKFSy0szAxDKSw0ioyVJ6G7ge4nfhjoIFCywxnCVdXDbU/pdLPezdJoFRgIpqbmFjtVN8wKExB28x7QukdEjjiAEUCtazMLRGFR9bZ1ZkIMxADE5t4NunoAmePWOhURAghngLuhHBiOFFPlIlmIEAKUsysjuENKukGIwICWZsJ1tW4uImldLeQEBOHIaKYAwJTY/nT5/xRHAg8M22cJDw637M1lAWEJpK4a7sJUkBxjU92iXBX+eLHfP26fbvrb98P/9Kvzhyl8a1s3dRciCOMiKPVl8UvH71/Xb5/75w0CoxC6uzsVob+4Kw9DTOwTM4IROLM01bVn9iUqY2t9aR2oXJpfNlVjaMuHCb45y1T8UFFEHICxMHPOPMNQkVhNm1vhOowDYwy1PC72N/9y+d3ntjQg4mVrBpDddu7ZzUCp81vmJNIH9DZjJQYD97kL4M+NLQgAFLk3x4goSGzr1yf8zfvxL788/fzD6XCaMyLDBOFRmJAJ90xROhUzoeOY3oJwD4+IdbOWXVFrD+an1f+f3//w8dbNUC1WNSHxXGoiQMoTb6WIREyE8VZUQvQTwSUPKelFReE9c3IcZcDQtg5DQSlt68t1e/fuXBDauhKJMDHjPJXn59dxGifhvm3W+tdfvtu0X27NzOb58Px6jQhAvt22zZwLn86H18uCgMRSMdQtiEJkWXVTPYwjYjx+fjnMIwL2MAu0QHVb2yoyTaWE+9rXUgqyBICrMyIRMDFQYDiGFxmQqKDNVU4jHwf++t3hbh6WdXte9OPT4gDMOIyiCq/XFYK2tQPEWPH+NE6Fh8KDiPft4TSfxnKcqwitW+satRAStdVenq9fvD9Mo+hmLDjVMs+DFOrqry9rnp9Ox8HCmajWQszX68pMHtB639aOTLdNv/vxdQNsHp8vCzOd7w7ttqHBYcCv3h3X1m5LZ6JSqiN0AGTpXZ9v+ul17Wp35xmCtnUFoMMkTFAx3h2H41QQkQieL+3xopdNu5swneY6SHm+3NauQlIKj8LgdjrMagqYxglv3Rxh2fphGubCAjFVnqd6Xduq0NUYsTDNszT1l8tCLIDUVAvRNJTejQBLxfCoQuMg7tG1E4oTb13XzTeFplst+MV5Oo4SAdvW126OgYGHeYSIvjVmOh0HD3q9tdV8XbVUPg18dzqstyXAN/UIEhYELAV67xb74BXm5sbMVaQKuFrG8yKCGYfCEI5EhQkBu4a5VyEPAycSNs1WKTSKl8Wv3buDMJVCjBDqjDAOJBi0NwdHd3cHZIyIIpTpT0FCDCZAD88K25SpI7o5ERIGQdatggdujheNjw0/bvDU4qq+aaxqvdm6mZqrWq4CvLuHa+vZNLleb9bS5NNMezQLs9ZamLprqIKaaQNT025mEK69JTbUtLNAdGNGNe3aITzUwNVbQ4rk+QBYmKdahhhZNVAQzQw4rLWsc6IElluHiJQmtW/MkKMREe7Q3wgAJ4QioqpfffnVjz9+NO0WEUmKQ3DFgAhTQqcdhA/MIpW3dUMCbV2Y1TQsiAozdlPKWtuf5oQ8/nEKyvFmv9+33giAQUBBQjtRh/Ym3gw9A6CHFyF3d83EGkZ4Kdl/7KjBwrnjCQcHl1rCzCOznZ4gqVKGCGdGXRUYx8Nk5tt1EalqLfHqgU7M1n1XiAbZWhcRwuhN07Vj5lIkANyCJEJT8QKICHdi3uGRiAFgoZAHspR9dhZ5QnmciEjI1VInojQ/wVv/XfyE+CTYW7x2hRMdPAwR0yvtHsxgnnPXjrLII6IHZLwEIfOinp6igfCNgx8/aZi5vIM8uSYHM42x4fBmnMr6t103w59oBSmq78mBgGwliMAgB0WgxL86KDrk4AWIBvsAEAZcyvl4eHp5zobO7AeTUjzCzfdXfEJ7IAU7VDApYk2ZWM1zTjIzYtxF1njbboQzMwCF+f43xvTkk2tEBIkEgLsFRDa8AoKlNyttBh4peIRFar27+wiSEMrMrGo/fQew2x6hDnVbG2fHNjEyq8c+iwQh4lvbBCLspFFkMo1dz3BK8s/+PTODsAdkmzASAzJx4VIjAoGSpAQ/IT6ZgLM1Kz+j5MoAmQGTxZlkRBnH+hc/e3j/7vzHH5ZPqzlT61bqSCxAJQixVk70g7DU8tbnVUlYSkFmqSylEFEtMtQiQkPhsfBU+Djw3UD3FU81JX9ERDfvGYqMcIseruZNrRu4pXyfORc0tQgLAgaAbMlmQsKl66pmFiwUkAsENIv2Jji4OSGm43vrdu2qAOquTgEgwuQQplPlgWAirIjHgQW8MjKEuxXmN9BsiAgEmHlrFoh1YHdLJcos3MLcx6FOBVSVczwmRAqWjDSZGSzNVCPfe+6O4IyUDYWEGWjDgJAqEG5qW/dNDRFKKYH8403/+Nq/u8XNxaCY9TPc/u378jCisOAwfnxenz9fT+fDF+9Pz6+3y6JLc40wjzLKxxVeu1NEqAXCwyj//qsRwTf1brgEPK+6GF2bLZsZ4DxKxZijfznDNw8Ht7U1B6DbrYH1EdvdKHdzRl04wRQsJIJCDEQe0JEQuZQqhELY+lKK/O332//1bVsMuubaBhJMt5dz5z+75wMZgRwA81HkgfudmBXquG8t8+mF4YlHA8Qq/LOD/y//9vzN/TzVaao1RZGhSFYUZzB+b10GMHPaZQj3UOtORM381v275+XTa//4vLjA8TA9Xfvvvn+9qQKweS4kCBAcYG+0/KnQlAgRIwwTqoUImCMkoDuAp/Uu7/C58MDxzcN0HMrTyzX1dkFZ1vUwVUCbhun2en04T6e5vL5eDfm6NPeYhLmU01i2bRWmWngcxqXr9bY5kjt+fLrkuxaQVK11naeytu4oyKWprk0L0/k0b9q1WwAGUPfYWm+mqiYyVBEC726AqDuKEbLCCgmEIiIKYS3Dum1IiMDTPGiAW4yD9HX94vvfDR8AACAASURBVO7w7liob1OBn324GwoZwO3WP1/b6rit7f5YH47lOA+3a//0+Pzu/u7uOIbpOBYP2LF3EPNYvfth5LtJxqFuW0s8Q++KRbT5NDIzoXs3q7Uu6yZFtq1bBCGJkJAEelPbun+6rN89rT98vpr7z76+L4zHaYC2PhxGIgzcpcrX2/rp+QpI9+/Ot7X9y8drNzMNIq5Vlma1cq0yCqEpmI2Fp8rjWG9qH5+32615wFzlw/kwDNRbK5URsHWzCDPazHPAnWodxvr5dbms6mHCXAQZ6f487Y8U4dYUHErZw4KliLprUyYaBkmhmphZqPdesiIH/DCO1lsEBNDna39ubhBTLceRDoXHQuHRPV6vrasNgwijRBwGJuZVnQu3bt1ciMah9m0NcyliQOaoTdVUBAM4ImphRsyeNzNDiBSItk2JkCKGgZnBLQpT5uzTDhcRkS4eQtcwNyYApk3h1r07akAASkEwYPJCUSXRCWiO3QMI08UthIyUpxXEKAyEKAAWrgbEmEx39zSwAAEyARNCQAO8dPjU4FOjp+avLVaLpdvWfd00ZwDXUDftHQOs27Y227ppN+uhqq17V+vd3EybtY6u0RXCtDc3NdPcgmaNgKm6KwKodwTvWw9XBnA3QLfeXDUiswGWnld3NbO0wYT19PTnWdCt7XhsyP15xwAAwzdzyQ7hx4AwdDeP//6v/t3v/vmfrpcXFsJswMRdW4mwIowKgdFaY6ZxqFvrvTdCRPDpcCxcX56fSh083FSRMNSIwRN9lmFRdwIKcEY0y/KjlJcxwt7M0YQIidoMDwggRjNnYSAAcyTOX2VEcx+Gsq4dMaQUBDJzd8sfkcKm4aGYulJEGQoibNeNiE7v7nrrt5eLSM0PYeE5kZhFKeIe6G4IREhAqvr2rkBk8g6Ybx4Cc89o8Z7rxZ3lEwDmigxguYpKG/cOryQmZrbMXNvez7AXu4G/ISrQw3Ph8SbtZ/0HZdS4tQZOpbC6psUkduYovjVH+fFwEKnPT09vh4tAkunPyd7Y3164W+gyjZH7i1Ro4y3dmk0lAJBVyEnlZ8tZAJyA9mq0LF5Wd9cyVQiy1gAl0BImS0SqTpI6OaRHViq7uXWTUkTYI1rr+7fpEfQWTd6PA4SIHpHuvwhIE46HIRByFin8eceBiKbKJADoO5ciECDBXBmCMXurNCb4SREsLIDYW9sT1oSAkgN0+pcQcZhnRLq8vBAVICSCMCAWEiwirTchCUC13e+ESJnqR6QsPslrH5H2JDcxcNogGCVPFQFIKILMDpRZECRhFjXgWjPAsEcZWCwICUgEkYCYUUgEEEkKiyBLAKJwZvwJyr/65v5/+1///cNp/t//+tv/4+8/gog7SBb01gEYgVlKQZKs7GUpyXWhygnUqKVkxm6exipYieZBzgM/jHQ/0EmgShoH3c3VwzwcMIsz1a17mMfWLSIYCBAsH3i+d52kmWLP33uo+dqth2eDaUL0svcOUsQlBI/m7kHXri+bN88WA4AIBh+ED0ISehykJHwntyMAU6VwZwDhTJRZrtB6d7dgZMSgwk03QBDESiDEFibEQmgRocaIQEQcAG7mramIqOKytVIEwIRJiADJtBGSVHaL1g0BFRzCEfHzLX646qcNVuCXjs8bbN0BsRCOjL85xi+PRoS3Hq/GF6O1wVBxLFgYuoap38/l3VwOrMep/OOn/h//5RUByT1DMceKjAAyqON1690cAZkyKL/XJ2q3UeCrI9/RdqZ+LDDSWyY3oha4vztggFsQ4UVRqcwCgyCFB0YZp3k+AmDb2vPtVof6x4v+n7+/XHtWWZLvTVsQEQkhyG0oRU7ykSzj3La9wTljNxJEHm33he2OPgNHiIP0/+GX41/+4t27w3w/zxXFzRhjqFQYmRKA9NajDhGUPXyh2gHxdut//Hx9WuNzs6fL+ulqGwAg35Z+U1czDAJEj313DJzFHY67vTg7hgHQchPIO94sIsLcCZ2BAJGZOfw44Hku7ra1WB23pamqEJYiYdZ7ezgdz4fxNPBUae163fx52dalmeo4z9uyCjERfHh/19elCJ8OIwkvr+tq/euvv3x9fVHzaRqfXq4ATqV+/3h7ufZl7cTU3aaRz6fjuq7CJYDU02VnGNQNmMBMMzPdLcwjPBgh+8EJDQnmUudp6Goc9nAevjwfzay39u5uGomE4TiVw8j3h3FbrG3t/mFe1u15bc+d/un/ewzXnz3Mf/mvvhwwXp5eH07z3d35D//th65+Ok9IdL32tWkpzEy6rF+/O71/OEB4VmXdbk0hkHioPFcaRcyja1eNtXVkdoRl2e5OM7gJiwNcb0tTf23xw/NyW1odRNXOx/lQcKCYxkLISEgsTfXlsizqiPzdp8vTtUmVwhRABD4Mw+22RviXX5wFQ9WbxtZ0HMqqvm4tDaPRoXBxVCY8FD5OZRpkrmVt/bL0CChVWutqcNl8VUfhvJy6Qe+OCObBHIJMRLWQFGlbyxefYDDSWGgehBC3pptHEsdFWNDf389382DrNhQOlk8v6/NqW1B3C+3HAvencRoGbXZbG6Cf5nIaqgAEwnXVpRsV6RHroou69fUwj3fzxIg9s7JmTBQA29pLkWksEDiN4mbhIcJh5g4kQADCJEkv8ehuhFSFEbEivFEuEAG7KhPlec4CzKE73CzUUS0AgzGKkBAWQoToBuqATIjBEUMRAOiaAJjIsjwhDMzOUAQPszT3onvOHSlrJhY2FsPnjj+s+LnFpfut2637arY2s+7u0NWsW7hbN926dTXt2RSmXcPNeu+tmfZQddXYG4W1t4ZullOBu2mDMO1dtSOC9x5g4B7m4Oam4eau4YoAZkbh5gZgYAlvC7cAd7fA6OC6q+x7mT2Em1lHTEU8wvazpDYte5fcJkSFy9ZX2N+1ABDhBuCVC3io9sy1DoN4hHUFAnCd5iMzvzy/lDoAuDZNwRkQ3AwISFibEkEubIDALX6SWyB1791gE8QYln4tz62ph4VF7GNa2nKAhXvrh/MxAlQtwtqmVUStRwQRkTAYdFVmCEC3IN7dt4C7xl6oprUYOfGPDgGOOE1D27q2ntG+xDW8HRpJpLiBaScm2AUoQsDsQkleExFb88C4O99119vtipharztEOAgzkrS2vRUUpGs05XjHvfQCVHuC1HAPqAUAmIcUmQ7z7Xq1bjIUiHC1t9Qa4puHHDxIEHJMSRsWgEQ6j9KIlw/xlFiQkAIc32LB+8E/5w8zA9rFdUjHF4QMhR36utJu0AlCdkjoJ2JQlQIs17ZCZHtlwBsfNYx340yARWg3DCBiEd62JiL518AMGQFBum0pYZ77yn2vRQSERIUSWzfe9xiJZwViULMyFjULfYs3AIY7Ua7GUjsn3CU8I0QPEOLWOotAABElohkiAIHwbW0fuKwbBEgdE8kE+7ILCPB2vSEJFAfk9B6ySP7hEOSRZaT7hAoALJLjYezOMdwRQcjuoLneLQWCNNT6dpChDNXR80cYCZiBiJGA0vefGQACKsTMwig5DDCIiAgg1mH6YYG//v3zv/u1/Ocft3I8malQoVq4FC4lEJGJREQq1wKMUgdmZBFkqpUTiVOLTKXMlU8Dn6vcT3SueJQoBAhuAd2iq7fm3UwBusW2dvVwhGxWTpKXRThGU2+qkCtfdQAD98oCWXgbYLDD2k3Ds5INIBMwXbsHdo+lwxLWHcwDwmrExFQRJqYqOAkRFHcDVyEkKm5h5htEEXSP5rZftB7d3NWJuJm1rlKwYBwOY0UfCns4KhD67gQL2MzVlTCHaM8GxpLBCIK9NjEgwjlbcgAswtwQUM0vCt8t9Ptn/3hFSGEEwN0ll4Lav5n51yfaHH9c+fuL3rpylb7pUVFBD+JA/LThH5+248THgSmWj1dNpgEyQUCzeLwqMxE3SGl6B67BWDhynwbIBZHpcYutjE3qOMo4OuutIqqBuZVSERHcw/3Hl/7XHx2G8UT6nvsv7uQbMVpvhPi6+t/9t+UPl1tH2YIBe8Ret/wT/B53h2eQOwbscMygvP898mPGjjxLs41bLmdzG+ARAUYIywZ/++32+PLdL+/Hv/rll1/f3xFAbsAVKfaMkxHu1mGCLILRbtqbNfPrur5emojUKutrv3Zz10DOfzik/dLIxV/iqPIJiQjgzm/GVUpnpkOYWgQRzFWqVCEKbeeDfHEcpoKEdF03n2Kaj23b0BzA787H67KtTdfbNkkcKx0P44dSXm/L+Bp+HgBx2eyWy01AXbcvH87zxBimhjSJvd4qtK8eDj9+erk8vUTwbd14ZAQ8zsPhMKxNTZ0LarPemjM2967KjMJMiIah2gOob42QSJiJkkrFQUk5KCBE8unpGgAVoxJ8e11G4VrouhBM9XZZ/+kPGzJ9eHcEC13Xn693Y+WPT7enDV63Bkj/+O3Tj1e9Pw2s/emmv0CWwkOVQ2UCPhyJ6mxm4aADk8DLy631LsKDpGiAz9dbXIEDvvniNJeSYbhxGl5v2+val6Yvy/P7Y52qc5EE4dcKh4Gd6GXZvvvu5dPHp7tffTge6ixsHre19d5Z5N398bZ2ADSDae7LpuMoVdjNKfDr8xkhXPv5MI5DXda+NHu5NAu3LD6pRcXDXBUswCBee0NsjJicXjM9QNRSisQw0fNlXZpG3mLqranUCozdvYFz4E1NOhHxdWnAfhwKgC9qi/mIPo/TtnZHkKEYoAN/fO3XpR9HCY6R4zxSZbj1eF7iSU0NgHRbnQk0ddTC47mwm1ocpuIQl3W7tXADBb51en3ePl99KFCZIJyQqiAzOUYzL+7gfnltdayHUSAPRZUQwBK37j6MhQuOyBahZmbQkQiDiQuEMBJDeIAjI6E7QtSCQ8FusWpsFga4aiDYYZCBqSCEuboBgCFGd2EM8GyfBXD1cI9SWAjVHANoBzEQELiD5sk1AiMY8SB+FHg/0NPmjx0fmzxvflG+1tiad7Vq3JpaV2ckQhc2Y+2iwlzctKMwCpsWbZ3MonezAtoFKMzRFdjdOrEAGNCGJBAeLG5qvSEBmCJxhJGRO5kZIYYHE4dbQM8OMSLzAGDHkDxa59o8bGcbBAUiePb5kqf1kaVYOHqUUiGgmQMmUD8AkXYxlBBIQz3xlIjadV/UukHQ7XIjJuFiZhGe6chwIwKKTANnlDSzqoGxnyyJGBlMOwSnJwmDwpwJPeLtnRfuVuoAEaYKwAga+d4U2ZalmwoXIsaE+gMCRQB4twwBppkFyYnYuxFFljFBgIal/oMQabiIgAhrW3dTiIxNZ/4BLQKQzCwUEDiPV2G2u0wAGEVNIbKBw5ERHdatOfQ0gmOAOyIGMQUAEbBIFjCTQyC6BWDsEWoEgPQFJefzbUIAIAK3eH15YUQmtqbEtHOZCH3/PPklU1hEGDO9lTMgSj24K7x565lSWtvx12FOTIE7gz5jG4lKSYQOI0KQWwAB5yk96VIZdiKERBFl/AIDIAg5dnNQZsMpZ9FwZyYPx/3Mvsd50QP+3P8DGLkp2iOiQJAFV24GlBc17HlmijATKSJ129YU8pmo9/7uqy/D4/HjxzJMYRbhpYhZBPi+Y9q3HzndaBiUMmWDGf655xcic4oRuP/IDq/NpUv+iUicHe8YEIDBQMyA4urC7GFIecIJEiEiRDFTCJBSzJO1ltMqASEXjkAAsgBiFimqenf37i//zV/9x3/4eyACpAjg7OIlAoIEdyITS0ViM5BSuRRAFCmB6MhcisiAjCSVh4nqcH8YVicS1m7EhUohYRRmES4VibAIFxEh4iKMXEstUoTHgUbhaZBjkXPl+5HvBzgWEMSkjaVQ0jTW7q25gplHU02nJhGYursTkUN4xNpV1ZkYmbo2dyQIgqgsEW7u7tHdEaEWMvOl7wwtAOiqGvC6+WoBJOQ2F64chWBA5DBmGYRSt80z3CBUCxJg7+4ehAFhoeYRzCKEVHbfFwaAg5AXxPOhpmU8gc45tKtr75FxBAvXrqUUIiByRHSLMK+VA+G2qhu4uwjVwto3kmJAP97sD6/xhyssHSMwOZf+hp4NACY8VfzqgFuPT2ts6khIQh5xW/oXJf7NF+XDAT92+Yc/bZ/XgPAq7GGTMEHiODAAzKwWAoj0IAEicx5WM0gXCAGQrxyfxmE+zMuyjIKn6F9M/mGEA5kwEZJHJN7Rg/7hs//Da70aFIrR/Zsjfn2kd+fSg//v/3r7fknXX7eIVNDd3fI23wNIkevfDAEH7ElwjMQ/54MEAiAZsclQDgDwfWsZ6Lw3vvmR228+jP/jb7/55t255FEcQooUYdibufI578K0t96YXpelmz1dtpfb9mMr/+Hb1x9e1qzB88ieuN1oGBBdE88Kac4EAEFAjColPV0OHmaIKFIGQSYMVdB2N8rP3x3PBzkMw2VrGf3ODFL0XoWHQsMw3pbt5eXm4KfjdJyLq7eu0zQt2gHQuv3x+8+n4yGdD4T+4f5AhG1dAfl4nFe129I/P11a0Nr7MM3Pl9vjy+aAUkVEiOi2rtfXqxQZhrpsXQHfnc+X27V1hfDs+jV3AxLkZo04yz0tIhCp945Mp6FGOAt99f5OwgnBLS7b1i2/Lvr88hoO8yj3p8PDoR4H3tbl9dpXlHkq88CuZqr3d3evl+vnp8thHB5Ow2ks58qHSb64m6dCRbhv2/l0FMZmfr2utcpUyzSIAz4935r563U5jvJwmh0QGXuzH358osN8bf70dHl/N72fpbIA4tqsdaWC9+fT1vX7x1szP0zF1u3L96daGAIfP790j6fnqyIP47h2u2369LJY2P35MB3m1+frcSzzVPraxkqHoWD4cZ7Wbavz/P3j62J0XfvrdfMAEh6H0rsGoqmpBRIIs0Mw0FiIAMaBLa/jCDMfSlHzZVNFdOKuqua9eQAUIcwzDkbOtwBQwL+6n0zVI25db4t2x24xFro/ToWsEtYiYV4Yh3F4Wlaios0YvVRiwm7QexwGHDiqMBGu3Z6vzbMtm8vLdf3u8bWZd9V5KlUYDItQooQEcR7K1++PBR0DUf0wD7jX1wTlNQ7BzJK5HA+P2NSaQ/Jwi6AQEBM6IIUIM6AZqGX7ZQRg82iO5mERTEzghQkRzd0Q3bipMu3+hSpJxsi9vxUhQExpgQEsQnP9GLTHNz1ReQgQROgRHfCm+HGBHzZ47vja4Kau7lu31lSbmibsX3XPsbmqauvamql57+Fh2qyr9e7WQ81UQ9XahrkFN8Udh6Wmm2vbA7vhYN1dw7u7RXioh1u4u3UACwcI8+SHJtdOe4RBbpIjYY8QBGAW4WGa5sUwRIJwdddw54xUQO7pDSIoXesIAvgW4/Bwp4Kh/u7hQXt8fvqRMpGYm9tksoUltTEBkEiJY8n8m0FAYjERKTzLuEAKeUCYUQFXzwZjCHTz892dh63LzdQpCW0AkA1OCBHBwu6Rptw8deZLgZkAMMvdEFG7IxgJJVyQKNO1abAGjDB3FpbCiHsvUOpOImzheeiFcEbe1XjYlxhpRNPupXBA6un5ogozHeoQgBFJ+kWw8DAuBfZ0BIJ5clIxAnYKYjosA2MHtnIRN0Pi7P5KgAch2j4sABHlPGMBmKZl9T0bEGCwTxQIMmYncO4kAFNiZ/cABggjLhGa9sfMB/y5Gs08b2PrRrKjhqpIb1HHAkRtW7OnPlXG7OIOxMAId2QGC0AkIg+vdTCz3htAMBIzq6eYu28UwjOTRwlqDQQIo4y9Ypj5T8MO5fJ/D14jEan1PM4LSyBaGCJgcAZ9Mx+2bc1jx8tkxFmEIuJ0/44Inh8fiUUtZd0IRxIJ9aAgJCY23HsIPJwzIxF7KETV+K2oCyjP+oWpZM04EgFQBJAIESKIuTEXJOxqiAkWfCN75g1EhCCBIXUEgzIcDufzj59/rHXM5lqmkhliJEISQEJmYkESlCIiyHtxr2fohgtwYSlcCzHXaeJaEYG5gDAhoxBJQWJJej8zFhERKixEUmkah4F5LDTXchrwrvL9QOdKs0BepGq+qW/qar51bfb2QAvsZmGa450wuUPrbhDdbDeC7rekB4RwdbOt97cwMAK47Yx40K63rknJ0qBr01sPB+Twh7lM5McqTAn2VBHe915Iqh7gwjQXpoimikFDyWszUyUIgMum+e4qjEJUCMdCaHaYh83MAbLOxcM9tBYMyzwyAoKaugUyme0arZuOAxZhM+gG2nsRQubnzb6/4h83+OHmHimoR+wCxQ5l8IhkwOaz1QOFgCAsEusP7yb+7QN/cSp/uvo/f9JPS4DraYSpMFJFgG6+rI1F1DoLVSZXRQDJQQfTI4rZW16LQHRGAHcCKuOw9cZEeU8V7++K/fqMDyMUcCkCiNY1ZPjnR//b7zcfJiSiADMtFAyggavatnXAAJJ8Z7zJBLi/k/MQH/m+QSBwQPBswQj66QPmS2C3Au2M6Ni51s7hER2j3x/qf/eLu68nuK/li/Pp/jwX4lKYMWqVcFMzRMgFRuGCAB6grtb70v1v/uvz33+/Xjr0rriH9TFwjzpawsuDbMf4YwCUQpWJACwsPHEIkabVkWksNAqORSaJ4yDTULetq+Nl3RhwmidEuFxXQZ8GHktF8Pfv7gSj9bVOw7L2y7V3CynSVNfWC0AEnE7z59cbQMzzAKbL0mod1q2tXdXQHOo4br137eNYH58vLONQadu2Ze2bxTgODk4i621b1y1RXota4RLhq0K4qYdFVCpNuwhPQ0EMs93qNmTjHzkittYIqZThdltzsVwKj7U27bdty3+8Cv7h3eHuPP/px8trA90Wxrg/TVMtHNABHp8u4yBC8HB3nESK8FiZrH9xP74/j8fC53lgpOttGYd6mKq5a7NpHsK9dSNGJLxd1+vauUpzeGntx8cbDSOZvZvww3kGd2K5bdvarApLLQ649Wi9odn5OAHEcR6EcVv1tvaG/Ph8XbvXQQJ52bbPjxcZZmBqW6fw43G0dXt/f7g7DUNhbW0Y6svrQiLN4OnWrm1XeZbbBhDEec7oQETMVUp4uO80TGYCBN36/fkkHO6xtL5sfVU3IBFmLuu6JpsfED28qWVgrDCcB7qbR4RQ8+b0fN3GoSI47rwNtDAmEgICLIXMXdcG6FXKNI7PS3++XCP8PA9DEUBwpK21MGUpFLBsTeqgYbdlQYLbzQLCPLatj2OtLPfHej/ih9NcAIZahZOTFsxUKudCL/3hAZGQ7CSfEguYI0JWEBICQQgRBpiDgSMEEyKSIrhBwlLM9iJVZgTEVWFRS/hPxvNLoXAvIgjAO8gSiFCQiCFVBItwdwhM43PSs4k8V47M1B2uPR4b/bDSx4YX9aV792ibNlVV06baTVV7V1PTZtb7fuhXc1NXV21h3br2rSVeFFWtt9AG4WYe2lVbmEXm39zCO7iZ9TTGmilGhJpbJrzSL2RZIRbhkQpvWISDG+5sPcuWbTAHtDw5I4a7hRuYoQcRdtWAAMboKpwRKS1ErStmOFEw0PvW789nCHh+eckVZ64m0jPC7KpGLMTUt5b5bylFVSEhj4Lp4ACk1HuSIcdEANC1pxqEQUikZhFapHhy7ABNDRnMjCWzs+i5ghVETMV8z7C62Q74D6dAx+DCEJEHjSJlX6oAAgITItG2bJxd2gG7axNASg2H1hoLuBsGErNbBERGzykAkEXYA3p6e8yJKcX/1tYiNfaaHcwyu7ZtwpL5tQyI7QwfBATObQnx23oE0U1pj5aloB5v0hNGlpH53uAbgIxkqphCfC5D93SBTJBIk58CdCmlMR2Px+vlxSwoueiRH8mRiIhMLRslMq33E3+PCKyDVA4Ia5YJYMD08CJAziVvmxLYGeRMVAZpazM1EnH1Uou7+lt/tbmhUxogdlIHvF0RiAm1Te/AG6zTd88/7II9IXrmhh2DgPeyMAfKFPY+YOzR8tTzAT1gmCfAWF5fpEz2VpkJAIRsbtm8W6haZPgaWXKYopxH9/EqqwPSmJTef2LceWQRKAn1Z6JIGSMlfEQg2lnkRLTnqRmZEAX2x1INFGQa65DJIGYJ5ABkYWBm5CBmFiACFJZKzPsAQAWyyQsZpcgwkhROLEWpxAWYuDBzQUYWoSIiBZikiAzCRKVyEZ7HOhaeGI9V7gd6GDLjC+nYVrVm0S3Uowf01nQvoiDfoWaQbsBA0G6tZ8l5PhH261LdzTwI3Kirrk2RAPflYAQBGLqFJSAN8bb1zVENGOFceUQVogDbxWUIDJgG5mT6Jr8QggmYILq33jMXLeKEZNkxA3i9bedpFIq5CgFgOBIycLfe9k0VGIAqsMRhFtNYrs0dSn2j1YWHez48i1AtCK7M1DUer/q44R+u/vGGnRggwBKFFg5JraXd27ffpwnUgjTw1UJI2LtF2Mg8F2CEH6/9pSMTTQRfH2me+POtXTYMLmr2odivznI3kIab89K6MFSyL84TIazdPl/1pfHTqlBK1zYNIiLWXdWQMAJ6NxT2oK11Rvhq8q/H+OU9HxlUbRpLV//U+D99sm9ftNTauwXAUFjNt615AroSzOQJ/6U9BAjZaYYIBPC2zYyI/UUelI3Q+wMwd9vxRirDMPfwwMQ4BHgv0D/cH96NWF1//nD41z9/93CY3KNDAOTwY+dDZSI3G+o4DAMg3i63z5flP3x7/Zs/XlMn0X2xm7xeQOR8ktm+zkaIGKpUpiLU1VprW1cRJmIzP411ZjxVngvOg5wPw2EqCOEOrfXTcR4qceHrde1ra2p3p7mO0hfziGGo7nHd2nVtT88LsliAbe14qA/30yAUiJ+fbt8/bZdFufK6bIDATPPpdLncXl5vZrS1ViaZhhpI33/348P9+RdfHN4feBC8NvvuaX1ZLR0ngV6FPnx4/7s//EnVERlL6X1zgFLKPM6Xl9da8eH+/uVyRcD8JQocitTCJEjMe6wHYNs2JC61HqbBCba1b62t3SrA3Wn+5uuH1+vt+8db720o5TCWbqQ1ywAAIABJREFU8BDE+7sDMD4+Pk1DrcJ381gKO8TnzxcgZMZzxV9/cf76YZqHghFt7bVK7zpNNbH7daq969Nl3TSceGt6Xf9/pt6kybIsu87b3Tm3ee95ExEZmVmJYgEgADZGgiYTZRrwH2iq/6qJzDiizGQyaUCIVAkgCk21mRmdu7/m3nvObjTY1xMahEVYNO4v3N89ZzdrfcvP1yUimOj9w/B4kIfDNAgj0XXr55dbHasFnK9tmOphEAr/+PFpmsZ5LIWJhZ6v/cOX27VbN3+4m4dRLpf+srSt9SLi3epQ6yDChRnArTJfLtdSyuEw3t3Nzy+3823rFg4kghFoZplJlHhBDxfhyI1zGLGwcGvqZghxGCVZrrdmS1pRIT0KYA5dDViamroTS9NWSI4D3g3lMBZTv229u6MwEXWNddOmtnkgUi1cIKZJCADNpqGe5uG2bh++PKsjcQmkZrqs23XZEKw7eFtFuA4DF96WKyFyGfu21VIAQJjXtjGXWej93fzdu8NU6lDEI8yimyLiWKRU6d3TtsjEe5QeIRK4OhC1HhFOCIWJCAsz0h59uJd3eXhgIjcwAtyDIGpli2gW6tAcMntRGJHQ1CCQCQdB4Rwy7st9JkSO2FOMIO+odAkl1dR38yMG4OL0ueHvV/y0xovGprpqtNbVQru1rqreW+85/VLVrtY1TFXd0gesXXvLriB6t97RzKwlrTa0g4Nr91A3Nevoap4XnrlbeHe1ZII6GJiCG4aDuYa7KQBAKISBOTFoN48gBDNDN0CHCDDInzL8CwMFwNwcgYVUNcwI0EJRg4TevXn78ePHTBR+pdEDQia6Ov0Tg9L2OTUAC7VNmSkg9msw5yiZ8qKAec5DvOosICwSAZSJbsyJGY0EjwaEMCGTm2XUDzJYXpqvCpncG+yQ+30IlT0Geabmpg067QeIRNh7B4RaRNVDA5BYwCNKETdXVRE2RTctg0SEqpYqpikz972S3CuNzCR6rUTNhmn86v3Xv/nHfxAZmKmr7sifhLsmqZJSNBQeziTm+SJ9p6+686s9IGMxc7eChKouRGotdR3EaJH7myBhBHALDHDYoUxIMgNEOpdNnQvn+hiRahVTRWCDyNXSLnzJe9YBEc16HUeIdMJhqslgNygQ0+vQHwARzH1PDgZgJI9AgnEa19tmXSkPMEwlEqe/Y6/EM8jVAfdGw1OT9pMVeHcF0q6LCggPI0IMisjVw/4diQCwzIjbVRRM7OBpLs0a/BXQjhFOyN2UOS0RqUneJ41E1C3+2R//+dPnT5eXJ6nV904IkNIHyY6JFcdEyqYVMAKImIjcMsoO3Q1LwXTIZ7fE5HsaEQJSBBIKsgAAECAJkTgE5h0rFaUgIHJBwtfPW5EQiREYmEgKAIpUlkosJDWIiAsKAxckplJYqtRKhTnJnlS4CFcRRpJChYmZirBwraVUksKjyFhlrnhX+a7yfcFjwcr5bQ51a+rNoHVr7hHYVU09y7PdDZ96Hc/SDtyiqRFRYWTO2bevvTfLs9vhNfo7mwhzt1BMjwsSCpqFeyy9M9IopWAMhcN05+shIbObN20jU6kFwtGzSSMALwgYsKlRCsZMe7cUOQ4sgnB3KBTBgEKkru4hzK0ZMBdJUkF8Pm8RME6Z3hgANI7FXQuh9V4KM5etdSk4F1HbVudfn+GXn/zcMSD9+3tXm1s5T/1c/P+OK9i76X1SD7s+kJkQHQC6etNEjcHbQ/nXPzuOQr/8/vy7L4s6QRn+4h7+pz8/YjghZjYlMmlX935/PyNEWzZAYpKXZVMsT5tdTD4ucF60tU0KmblquAcxO1J3L6W4+8RxX+zNQO8OhcEd8fuL/epzd6CuRsLCnObRBE37HnYIbuEOnIcEZq5kSvrxdc3quxwodu9+vnUorfMRDra33QGefxuBCQDc21Ix5opzoW8f6l/+ybvTNPztH86/f97u5+m+wsz6i/f3o/DdcS5cem/h8eOt/2//7elvP66qGXEvFpakNtzRT7g3kIhmysRMuW0Gc4UgNQUMFqqE394f3s4yEUxDHQSZYRwri/RmTaNrH6TMVZDi+bwsy1qkBAYAXZdGAGMtp8NUKjlEb5rSR4aYD2UapG9NhunD58vTuZ3X7hCfz1cN9EAPeXo+dzUUGaeKiEXktjXvNo7lUOntqRwqcpGXq//u4xmYHk7z7bYUwu++ffPh6fb5+axBxBJmFoiMRUS7BjgBfzlfARKBHWNJ2jtoaECMtR6GyoIB2BJt2W0zLaVwkWY21lqQl8sVwWUch6FMI6P5YaxTrVtvt1VXV0ICC0SoTKWQeWwp+mc+TPVQ+TTiV/dHwWi9B9C69aXb1rSZIctmcVsaEh+mYRIQDAI3jYeHeSpyNwqFTtOIzB8/n1eHD0+3j8/bYapfP9Sfvz9tLb48XY7TcJhkLjLO4/Ot/+7H588v11rKIIxSrrd13ziLtK3nHGdd1wA/zFNTBSICLEgeRiKA1M1LYe2GhPllBaStd7MuIswE7pm5bu7rttVaGImFKoEEjBkuFuHmhOIAgaFmDugAW3MH2Lo687Z1QXxzqJVwGGtrmgoDB+jd3MkA1C3C0HEcSxXp20oO0yBEDuDCcr62W8/so7gt29Za92jrhYhqHQLjNJYAnYeJEKrIVIQJb7ebAwnXZVkfTtM8lLHUYS4UKMIQMTANteZ5R8Th7gZNzRGQsFAytShDSIWpCDEG5+HoKIX2OVpEt326CEEZi15kj/UEAPVohqsmwA8xEYaEDFE4l3VhEV2BEJHTA4AAwZz1QEYwpRnNMQunQCIMwEXhS8c/rPBDw4vC0q31aKqtW2vp6U0ikLm5qmlXs+7N1Lu17m6u5l21baFdu5o2dIMEo1p367aDRC1MTVu4hSuEhSq4JSbRvLt2cKW8UcM8m61wcAvTVM14RERu4Q3ccgAB+w+ngFDN8qsOdetb7oF7NxEMdWC/Oz28nJ9dDRHMTDiL0nBzot0WZdYxmfa4gz6zBouMbE3Ho+WYxlO5FoDE4KaR4MskTcYeSbbLszHjtzAs5nkqRS7nZ7fgIpgcOffC0rQDJoMbiSkRPZ4ZPLtvYW8bhSkQrBkyHk/HZVny00EABhkaC2vvxBwWOf11c2LOclNdRRiAidDd8sN7RIpBcBeNpNAVWeRwuv/y+UdCydqWmFWViFLei0SU260AhBimQ+/dzRGBC/fWAkmYIr/fEIQUAciIAWlkF6FhPJxfnkUEMVw9HFAACXftS6rACFDKbLnuKQKvBueUS6kpARGTmjFzhO/JrHtvBjmDL1XMzVrS51+fmN14sF/bOTI317QmvGp30SNKFe2GiBCOuIsc6jComm6bSM22ApkzO3gvdXY20t77p1g/tyHxOt9lYQBQN0x5WdZNlqfJ64R//12I9BvkK/edv4MAiBwBLFRqXa63AGRm7UoCzGKRFlFFZyRBDLNg4TzZIRuVxPEApbs7mVfCku+GOs4B0PqGyA7Br/m+QBQpZiIQkgAOx0Ak5ix1AJCkfPvNL748PWmGcCAJV8iwk9xTSGUpgBiAVAqRSBkAkKiWYXIMEgEpQUxSpFaWIrWQiJSKRFxEiiBxKcJFqAoQlMLDUGqRWmhkPgx8Gvh+4IcBZiHB1JG7WmzNzLx7NNMIDCI3a+rhuXAMgigiAKDq3cIspTGBCMQU4a2ZuQuLWgJy09eeGB7sZpnsa+H+Sn2xcFUnIqIoiEK5J3BOCykGJUgKnJAEIYBVW9MU5WApMhQih7V3D08+qSCPhQbCSlCEBsEIdI9CwgKY3s/wWoRo55Y23z1L4TZIRcA6iLpihKozAyF31aXHGvybq/32EleXjLZwDwvPEwoDIcxz97azpvynpypViWk8gHBASs+xhaV3K/XzwngcBcLPmy893DtJPQ3yP//LaYBtdWGgcGf07JgdfawDRGjbigwsZNttHOtxGh34v/7++n///vriMs1Db42AVM2CpLCG537PMuqCqDCbq0Au01O9BmrWei/JTcCADBDcYy1T6AZqfRchQb6oHaoTr1OIfY4Ar0Hq+2VMEbpvvi08Mi08fX0AvYE1QZgq3434R2/H62b/+GkFxF98ffftQ71jfzMPc5H3j3fzWN3xb75/+o9//eX7i1PsFrhwQEZhCneCKJwhxJiuOnMTYmbu2gO5a6ulumulOFS+F//u7f1UCMPv7u8Q6ba1dW3N/Hpt4zQOle+n+nCoGNbMjofhMM/X63K5rKWU0zQKAwsyUTC9PF+WpZUi0yRF2AG31lvHl8ui5mUatm1buy1qdZz/61///sdP58M81XHkQtfbsq3aVR/fnIpw2zqKvAqDVVufx/rN1/f/+NtP2209nsbHh9O66dbteWlMDMRb12VdxzqY6jdvTt++O269fXpZLJAZGeFy2S7X6zzP82EicFMfp0E1mtrlct3UpsPMUvq2ee93x+HtwxHCb1sfp3EU8eX2eBymIl3tudnz6k+3tTeFQFOdpsrC7j4OJZMO3T3c7w5zYfTwtjWDKCIk9OnLiwzDMNTQfij01d18P/I88un+eL0uxOXjx+dxLOQmhZ3oxy/tanBd26bR1tu70/hnf/TARC/P128e744jl4i707R12xyfl/Z8ud0ut8f7EwF89f7ttrZprq3r589nQ+zd1AxJDPxyWT1oHmutghCX2woswoyUOSGiah7YtjaOQ4QXIUYoUpZtua6rBdwfDyIcAV1NAA9zITdmIpbrddMIDR+EAaCUIR3t7t40mjshphxNqrj71hwCuoeGS6nMbGp7gC4BI3BAoaBwNTscauaIfX45C+Pj4/3lsryczy+LRlhey1373WHe1iUiqlTVPtd6f5rD7OV8HoepljKMtVm4BQg31Xkcj1M9FEmIBhFVobEWEnm+LOtmm/lxLEQ5EEDiXBrbNMgkVIUjnICkikAYgAW47SEgASiyb+kYc3CGANgjth6bQncHDCYGhFBngsOYbx/oDhaRGLQ8eQvv40XzUHdhyk+SywoCyhyRNfCp4W9X/LDFZYPNvFlct761FAX13kwzzkbNzKxr7+q9u5vmGGbroakI6mDmptBVtbmp9x7pFfOWmh/tDcwguptBuKl6eFjH8HCzroRhnqEB4WahnQgikpVh4U6YvzAIcDMiMHMGV+8IYJvXsbbW3JUZTa0MJVTDTd2JsIi0rSXBBC0XC7GjCjNfLNDMpIh7mJoImTtB1ikIqVQJQ0TC1O4HEviuG08Z5q5pcXBmdI19ZP4qWj/d31/PZ4RouguJIfnzhHWcluUaFkGx35yASYSMAHdI0ikxRLrACEop29YoIs3HhOxhnneO56VDxKSq4ZnSU6Z5XpelLVsZKkZ4OOxW3iAk89xrgXuIFO1moJUFYIdfRYS7EzPEvgYEwK4NA3PA5ADg4GYkFA5cWLviXkTDa9BkEEQad+txYJLr5SIkr1SlHcyt3SMDdSPn6VwBYk+i3bNRMTQgPdppjIxImGuOun5iCL1W8vseB4ADYheW4R4dkN0JEf7kod5pnnsi8M6Bgt3SDATolmQS93h1VADsS5VdEgyQttpM8806/nX2j0SRRkLGNJ+lNGjf7+TijtFtVxHtvQAG0W4HiVcfwC4FQtHe58Ns6p42GggoZN2YS0AAEQebOTJhsj8Zc4QMQJDVOGBCzRxf2WKOe/QIOCIjlZ/2B4nnD2DOuzQQkdwAibjWnwrAcTq9e/P156cvQGjEBIDMsDMGBYmJhYiAhKUEM1FJENA0zePhtFkPAJSKpRAL10JSuAiXIlKIkERKYeQ9zEuqSMFprJVpKnysfDfw/UCnSmlndPeu0Xp0826RX66WQW7ZtQFihBAwRw7+A6L13IuGhxNhQDTVZg6A4UCE4K6qkn5zBAtwcFNvXYWFCDOcEXbAOQoyghO4uxcmIcKIlPuregSEK0tq16BrhKvtRPk9CJOJwb0W7r1T+DwMwlBF+tZIxF2ZSJsj0DQKMxSkQjANkpnnLDmR2s9cKeyahn9yzUR7uDT6+yf91YufjQMAXbNAhiTSIAXlJsvN7VXbskvdE821P0wAARYpiAcySK5WpIEuG3IzNwh3L0jMAhDd8Z+f7D/8vC4eATwOZRDyvoVrEWaut3U9jCMAFCQCEwYGqkJm0VpfDD81+v5mv39uDRiQt009IkQCvJu7WiAIEwUgIWMAUgt094Ogk6zrFq75XDjs7OE8HPb9WjZBEXuyNe5pPvtGANIVGRSQjqQsdPLRzdV8mlJ/el6RgsHQlcOFEEJrEQdYWxsLPh7q+2N5HGUUujvUd3enYRx+9eP2v//90x+eVgovpRALYogQUjAiumUss5prZs8App0xccTHqT6O8PX9KbQNhQphrTiPU+8diK+3bV3UHFX78TgVgvu7g5DfzeXhdOytf3i5jKUc5mlbVm29DvXuOEHEsvVt61IkwLtaErm66tN5va729LJgxOObAxItrWnQpy8vx8Ppy8tt2fr9ae6u58vCUoj56bq2rd/W7e7+7vnaVD3CC+NYuRT+9t3BTYc6PF+W1v3ltjlgHabetuttkyLuPo/jPNZJ4v2RvvvqOIyHX/7q+4/n9XgYAenl+Xycp2/f3kX0NDSvW0fiZWufXi6Pd8fjcQJ3ili7AhIUOV/b2tSa/vH709tTGTDu708vy/p80//2m4+XDuM4O4C7DrX6HryIAbF1JYRpqOnEkkLae1IrltZqkT/5+uHtoZwGuhsLE16uS862kPjp5XZ6fFD3y3U9r/rj03ZN6l/Acrs9HofHQ5kHKej/5k+/Pg4iSIVpWft51fOmRCQAp+OgmwFCa32osnW7XW7z6WBAT5fL+dq4Tk29q82jzFMBwLaZBphpunmSPxGBrfVhKAAgiIReC0vhy/XmQaWIuYVj746Mg6AQVCZisoBb6919ZBYSJg7027qBSFcT5kOtYyF3b2p7/8x1s3i6rm6RyRXuNtRiqkOtaPrN4+GrQ7ncFnVft74BLk23bTkd5+V2Q4jr5sIgwiy4NOu9hwETMFFXRURGNncIKIxFCAAXDam1ByzdPKIQ3R3mylwK99bBYhqHoXKO5NRokGCECNKuqf5pXSvTVHlkOkyDWa9MhXPkH+kw9pSC7pQD3EVCAMkQAUQLWNVXNXMEYiYECEEYKKowADSNbpHnGO8SgohIPwaqel7DgYBBxIDomCbTgM3gSfH3V//Y6KK4uK/dbltv3XrX1tXNtq17Bvs2VQvV7ltz293AvbUw0969b5G/aep9C9VwBe3u4aamatrC1M2yNwhw1xZm7t3NEdxNwQOzAXCNsDDbR03hlJWvu2v38Gkc3X1blwh/OB231m7XCxKmbp4JmEFbx4Ccx7KQdSMkgAg3zJ3DzoyIV1AbZHmS5E41o70kS+0Km2qKpNU1IGE9YKEQuyA/h6hZh4dHkBOiexCwh/35X/zru4fTf/mr/8s8tqXtXR9RHYbWu/bOuVMOQPBdNpLWLUYMcLNdVYuU9tRcYHiq4QGFuZtlyezumFTL3HtU0W51HKybuWVJTECAEEn0RzJT/CexCgCQCKsauCFRBOUd+HqjZ8FM5uYBwyCmZt1yJErEpsbCREmGi93TnCmz5On4ICHNMiYgUDESYpxHh+eXM0tigQhiOh7vtm3blo5cwt3chXgf9b9Kl7IySf9Bvu93cXuk6yh+km9lkNnebsHuh8trfFdvwE7pMzdiJqJw2ClcKcJ3h8iQ5EjnK4ACUDggBWQUXdo3d6JRZJ2Q9QaQe/rXs+rP/yvuqcu0K0t2uwhEVuYJADbMV5CvHdNQYmWoxCXAwdUspnky974tzChFcvbKyLnhsfDQYERAzuUjIkOeD7y3a3nkJKYVIAGdCSNHCATKwoYAibi4ARIyAYt4MBEjYgBZwPcf/yB1EC5AAgBIgkjAqdpnEQ6QHPMjMlPhUqkI1xqETAMUQSkozFJIhIVRSh0GJiYmkfwXXEsm/8owyFz5VOnNJPeVjwUKU0okr5tZj03dIPaSaE9aRwAjJAYonIFBGAA3bVtr6WXlKiSBBgCxbL1ZODp6Nk5ubkRBCASQqYu7NZjQIpqqqgOlcJPDFQkpIjc+eykO0bu6h5q5AzN2d1Pfei9cdtgU4tY7OSC6EDGDEA5jsdYLw7rpy61TPnbaBpGpinXNF6HgUtgizL2r26LIURhrZRa2nJCT9K1FxDXkl1/a3195MWLHwgBuGZ2ROyeI2LlbeSq9eqA9jVw5E9n7KYjXcBDPZiH2GEPaN2F5nAUhBRMDUSZDL5d/foTLsoYUwFDDUAPrpl2ZzTa3EKS5cFuX40HmsQqSOQLiVIYHoZ+F/Xui313lP/3j8mkNRosIIQwEIYrKERFh3q3KgMy3tX016n//tQTwf/x1p910FHvscfr7EfddDngK7PGVEoKwJxBCwKvvyQFciCvncIicSLXv2kJEYnTfz3lPUaA6YRChAzlI20KqlGFat+3z8zLXgsS2+O8uPf7w5arwrHVtKIyAFUpdt62gHkodB6E9sjQ/EWMoeCDFWAuBi9v7h+Ev//irQ4W29qXVQESRiLhcW+tKZERc2N7cz1VwnATNl+v1vLbtWm9XtaAPX24F8XSyQ4XTcZzGMjBawCA0DfM4CCDcbmvm5HVADLg/Tg/3UxGcpnK+LEjlfPNt3U7z8P7N9OVLeziWtUWh+bq1QLs71JewabpramHm2kl428zcReOv/+7DKPD2zcNt6x+/nMdpauv2/HydxrEKtW17++buNMko8Hh34LZWZrtd/+xn9z/XOwCvRei7u3GgN8dxroKIaj7PtRT+4ePLr394fni4qwM3w9/98OXzZfl83jSwaxcqQ2UNe/P2kbQz+2mu4yDH6f1lw0ujX/32B0CcKgsjdhehprEUbq2NQ2nNrssKHeahsgiGC/q7Y/nuxG9P5ThPg5A2PU4Pz+dbIRoP41BLB6i1Pr+srfnxMAbB2oxE/tnP3o/FBwBB/WquA4Z29cDj49Eizp8uHz5d3n11N40yj4MXBwgtGO5jLcfxnoWmeXj/Zv70fLtt4YHNuqqCJ7QiSiLAuzMiVQ4PKVTKEObzWLR3BNp6q2V8vD+qOVoMpar27rw0CwQpbBYcMBcZhFvXcSgQoO69BwJt3VaPtrXrZmPBURgRBZEJ3dS7VQoUDkBzM0QPY8RluZla4Rip3g2MPCxjuRrYddOwD5+e+3J9fHgoRa7nFwQQoZtDhN0d5oo4SFGT27Z17c0Bmc1CEdX0uvX15QokyIQAXSSoMYlwz2l6mD893TD8MFTkYb21x/tpGIQIEg1ChK0b8bD2ftNFGAu0sdRaBDHCTIiECeh1ykjAgIhkSUgHwAABOBacpGjgZr6ZY6ATGJAFCGFlZIqeW2bEQjsaPMyRM1ISmDEC1EM1ktNB4AQk6O8KPtzjc8fvF/jU+VzxVnA1v260rdTUiSnNwcRMatzJhU1VW7cuyGymKKzC3hVFXZVYXFv0DiRhDQKkCJGoddDmpgTg1gCKY574ZpaRGJEphAGEoJnDjKGAAeEE5gFABcLV0VNYGrS0ntNs8D0eKgC79vCQIuQREGpq5kNhAPfEu5O4ak5a8zaK3eC73247GigP+WTeQNaQUMex1PHy9MzM4LnpB+TYAfxZXWMugSkpdmMdAZxJ3KD3toc9MWr3Ti3MGAgcHByR3IEwiNhf1aUBuyhjHwHuTSOpplvagdgSTRXu7uM03t89fPjwA3MlQLcIgLZuub/KcicwmDglMa9pXJnrFYhUiEGY04YM5GrElGFVCbXOipVZvPe+9h3t6HC6f+iqy+0SueaCwEAi9tAwC8BxGpj5+nILCCbexRTIThAexBGqkPJy34N1kHgAxFoHtWbNmDjjxTyhu0D7ysQjZTxZh4C/9jJMoSm+zuQw3Pu6FONELt0iHF/7h32Ah4Q74IfBzXOqmWO0jGhIc0+aNwI8WfvZG7l5SvDDAgWzenitiHa5cL6AfMXgr/Zf3IfQr3PW/c+RwDWIKSIoOGFQ+/w51xuIxLKti9QBEIZxVPNQQyIgVDcMFC7hQSLmDhiIEhldtDsXGAKQAUUS1EPE4chCYSnsgSACIMixqQikPjohEEIIVMrgQViKRxAXIAoAKQWBUQRRkJNIJIDkiMxCPEgdQApxERlIGLk4hpRCpUodQBCZuaTyR6gUKcLEJFwrsUitXIWGWo5DuRv5ceSHiWZGIYoAM9vM1TISCNSsu7WWQXYoFJWAwAugCCDg7o5St/BAdDXz6BGtWyGMIDVX74BRiETQA5ZldYC0Zrq7BxoEhHd31T3DpYpABBEwgPAOkM78LDeHCHeLgG5m+aABaFczq8NwXrZNHRALwP1UmJKSjLdlHQcaZVcQguNYaCo8F6yETJwkLyYkYo2oQgHgGqruoSJUqnhYbwYRQ+Hm9Fcf2n+51JuigBcIQiD3wAyVA4iccPs+EIC97E0Cdti+lNz77FcpfCTvBl5pZ/ve7af6P3v4TNR2pOqI/+6h/ekDGtJ+oJtVBk4Eobq5383DaaBht/DbMAhLMUczL0MdhM36l6v+zZf+d89+a45AlEot7cBSRLp5RsSX6SAk/+qu/3dfEUH/stH/8nf+6dKYXucQkUMe2E94fOVHpM8WLaVMr4MGRwiCEIxp4LkOCHBb1dyEgdGr1M1iVXNE83Az9Ncvazi4FWFmFJFmHoiM4NaHApNUN+gBiGzmXMog1b27xzCUY8X7kQjgpvDj0yUNLa37MJZRiruPhY6TVPS50F2lQ8WhCBPO82yAL+dV1YmQkB4fDkUQIExVhOfKRUhbvyxbC7pujshzYUKYB747zaE6VJmG6mbdHBESF7xtfdt6Tj1X9WVpTXU+jhZ+W9rLpX0+9+tqznB/rM+X9XxZuwEPQwS8XJfetZS6rd3U60BS2Nxum3mQu/VuhFg45nGYaqlTfT7fkKT33nufxjHC7o7zyCEEd3eHx5F+8e2bgWOeh2Um+dysAAAgAElEQVTV5XIzjzIMGDEWFJYI/PLlcrwfgfi3Pzz98Nwu11tXG48HQuiqvhvgwpwMYCh0KvjmNBPRy7Xdrss3Xx3fPN79+HT7z3/zWw16fDw9zuW+0ruHQx34cttui143XTs8L1shOhR6//Z0OsiAweEDsyB89fWjkN+uqwEtmwZgKbRZ/O77zxbyvGpzIynd4uXl1sPe3h0mjnen8bu300wBiB8+X1n43dt7cHcAUzcHdNvUtmaPp+nNw0GIqrCaXa7LuvXj/enz0+226fE4jmP5/HT9/tOFRCK8DmM3164IeDhO7ratrdSi2/r+4YSM11XPy8rop3kMdUR8uBsTdvLlsl1bJ+S26TRUBNOkC2CMImoBBMRyXVt32LpKKYVJzc3QXYuwEBKzx06E35l1OexzCLAqUkF//u54mqbr2lf3f/jDl2trEZ3Dx8rAdd1ubW1m3kjOLy9SyliLIE0iHtEBlm6rGgQUGXu/HY936eMLwM1MHVo3Yp4nQQdgHoVPUz0MQwmQYXx+eQmwQeQ4DYwQ7iLiCqtBEHaPofBUcC5CCEOhQZDzxKDUCyIxMiWDYU88hUhfEFjsC/hmsWn4Tu7OuO5gZkTcBaIBzFQ44Qy7z4h2eyiopkcySRJ7BZJFT3d66fD9ip87vFjczNcel7U3tdb7tqqr99ZNLdxNXTUTMdVUtW/e1br5jgbqYRbawtS25qbuFupqrbcO3tE9rKt2BwOLRIW6WsSu9QfPPYCFabghQLghh7UO4eYebmmbFaTeW6BnFKNHoDugZZXqAWbGTLl2IEDieHN///HL50RVuiNSBGYSo4UHCVnrUig327HLhjwimDAd2Anld0sBfACAexCBvy5+X2XekTFMTCSlqLZAHGu1iG1tFAE5d4V/ioCCpGSawev0LDxEKEWrTNhdBynqkVdtqWKmbp4Oj8AglHCd5hkQrucLkbAQEe5h28TLtkG6FrK6DtilRq86c8y1ACfaSMswlFLatiGhv2LQw4LS5oB738LCrhaAyHnvEyNahJlCkAgnAT/AmSkC0XdZDReypgGADO7BCWxyE2FNPw2AUPaGrblbdjA7/CbH0YSeWoJdMREACLGbXAGDiKBgOjX31X0mbu1OWQekMAi3xJNlM5RyJfdAxnDIMfAOMArwHbW0R9YTgAdnMbR/gNd1SdY4ae81NSTiwqmoSvEw4G4jplw+eI7XEYncwd0QI5wEiTgA08WWZgCE4CyxslnIPUAAINDtuhAzI0OQ7xwWyuA6NWVmSE9jOlyREElqdfdXpQAAUWrlDBgyLg4ZAZHIgZgLERkgeRAJEKBIQXEiNRIgKpwrAkREKgGYjH9HZhGRGsgIQTJIKcxDMNdhAEnQZw0IkspDQRHiJHsKMpcqLLyrfRjrUErhqchc+H6Sx4EfBpoKpn1cPbbkFkQGdXnrBogALhiIMRYeRAjDFdT8snlT792JUAg5sKuvrfeABOd3DQgVwaFW80YRttNCXZgznzmfpb0Z95wBF+YoFATo5kRo7kQAbqp7TroFNIdlaxogRL13IRqYxkHWvoXrVKtv7XQYKkUtZArhMVU5jXwc63ZbD1MNCDIjMAr2AOtNkCCiq7HQl5dLrUIIRWisBbBARKJbqxBAfF70//zC/3AbMGBI3ALl3gwJE3+5SwxfnVJpeMm3+b7ggp8Ujp5+q/jJjkOvUWhA2XmDeW41X/cDquHWEb4Z/Jsxnq4WJBSGEMIAOdQKZMR54DczSxi4JWMhIEzVHRGgXS8L0W8v+J9/9Kvvu3WLYFcAH2tBBLcezRDMUGBd/8fvxn/3tXjEdUXXPmFIzkbCHZyQ3QGRzIIFdzaEB1AeEkkvJuHgsMNcIawyMeDaNujNwe4LvjuN00BPa3y6bObggOE+FOZCphtAmAYxIbJ2XVcFcmQWjlI4sCyX7QbL4XBEBGEeSimCAj6OdD+Xn709NY3/5zcf//7j7dbMWhuGepiH01DvBN7fVwG/OwzeVvc4DXg6Duh+dzrUKtNYkfg0FMfo3VTtNMthqq31ZTHAMLflsn3/+faPHy+r4SDl3VEev3scJR7uRiJCqQSRQtK98XNXRVMX4eM8mIc+XR4fpi1TgW/bjx/Oh/u75l0GsfA//Pj8mx+fp/lgDh9+/70UqaUIs4V2VQw3hW+/+QrCP7+sLxe9rCos374/cpj3tq7XaWDdWkAfp6EwLMsyH4YfP3wca1F3+nx+dzf9+GW5n+Sbr07L0irB2zcn6/HjD5/+zb/6eSm0Lr23VVdWX7+6H//iT3/24ccPjDFMw9v745fLer6sFvrw+Pav/t9f//D5Gp3GuyNAqBsKd5Lff74uBuHxF3/ys88vy621339c7KvHH/7hh5+/vz/N4598d//r332YJB4Ox/dvT96WQ+XDIKUwZWKOx/m2buv2fFmer5shH+ZhPg5mdOlw3RoWYSnLuj4/30hkGEbt1lufH+RhYgD8eN4uGgeBzy+3vrbT/XQaa+umBgI0VjmOlSIYw92GQVpnQ3i5budFk+lh2t1tngepcr1ty9ZUjRCPc92WmwjPVcYBD3d3lbGby7ESgXtnAQcah3pdmggJRmWEWgGRPSrFNNbr1rYe4KqO5o5BGJ3B57HCwI6I4S6kHq2jMBKTmUeEm2bdUogAg4mYkZkDojX4cF4RoC2Nark/Deun5en56eE0t+ty1XAEYO69n7crMq+q53Vt2/Z4vEsDEzIDM+2KO53dIxQdiaUKhwP0JkzzUIFl2fqHy+35uj6cZgGgpU2Vl60vfVuaneZhEBpFhlFobS/rdt3s6QaF4TDUoVAlv5+Hu3HYudkBHqFqHlqIhXYvL2ZtRruWI8wKQalskRIPUAcNDHe1IARmdMeubgZFEhAJhIgersAEIGi+P6TmEBDEmQ8aheGdwF2N544/bPhJ+VxgYLyZr42Fu27KhU2tN0VxNJZqpmqtI5NRB+5ixaSEqbbNCMkYib2rmxp1UUQicA5V7ylwCiAzQ1bjYmkEBnOHJE8RILsbgHlHgmSwGTIH4CvAHLlWdyPEMMXIYAHC3ejrgBwIzIVKhIWHOglJ9a6AjAJEaDuWFAAAHFgEX82/7giZ6RPoiFmhuipgMLKFZvPGRJ7w+KQ+70PkXOyjmjs0ADD1GLkgNVgtoHAhjN66R/ArCx4Bg3aOCDEjBwAOpa7rSrW8O9x/+vSBqQIgEbJIuAWl2NYJKNCJ5bYsEM4kmSlmar0rFQnZu0JBBkLLULBXVI+Hc+FkHKkaFWZmM0fsZs6QnCKmVxFAqhySik7MEGRm4RFZ/buRCHE1DSDIXgcBU832OuN2N4zkhBgQEQN2MCporsIlSb1IPGaoZu7LcowoQvHqgzXdWeu7EyAQEDgNiJQKqiBJ1L0EBKijZOuduQyOr8qhLNsRKcJzuOuBYcosAJDZT4Cv1RC+1jYBKAweloInd3y17hKQZ54AgnUjZo8gAkwcB5JDMPFeGTk4AhNGeistDGOa523bsrPsTTMvy92JxcyyfcDdGPFanqUDhXlvdQght0aBXNL5geC4W6CDWMQtiMlSyIEZ7ZxUUAZijJQyJfQTAQipoHBm1DEzAAxD/fd/8S/+j7/5WwVmYiwcQFIHQCJmIkEWRAkWEmYuxBWIuTBS4TKwVBJG5jrNMgwJRiEpJMylcBUpkuwSKaVUqkMpgvNQDlXuR34c+FRx5kTcYnfv3bceGhGBm2o3dw9mYAAOYyFOdCWRqrWuaeYwiLZ0cGcEd1971+S/IBBRdGchRNfeIkC4qOqqnRiJgAHNYmumZj0MPDc2XkUIsbcWEUMpab0nxIwb6+ZN7WndFpNmpu5fHcYa7e1hJNNByD1YqHAB0FrqelvcYBiG0H48TpXzYfSuhgBVcBimvjXTEMbKSMylsKqrhUUQuBQMM2QBS/ESFfAblP/1D/DjggMheGbEUiJBCfwna0v80xQcIDKNL3YNO3iSbS2JgWnS+eldtpvXMU04/qqtya1XmIdZgCvIzPAffkYR3VG0bQRaGaYqdaiuwIgSdjfzaagQ1ltHoFJrhJtHKaVUUYe//9J/eaZPV8VwJAggV++qTDjWXZO3eQBLtPY/vId/+VZEiowzhN96+0//oH/72SBC3Q0CUXIjCZFt0S5uQsqBgjuAID7OciBjInDlImq+rutc6jzIMBBSfVr0w0VvTbvaNAzCLoIUIUK99XVt4H6YBkYKbe+Ow7/982+Hyi9r//zSvjzdAPH+8R4hXm63eZx6V91aN10Nv79sv/28XG/LwDQXRkZv/mdfT3/5izfv7yYR0m17uDsxEzNMU+EAIRrmYdv0dr05wDCMXEtrfbutRDDP09raedEP5+XH5/abj+fLaubxOPGffn365r6OBIdpON7NbbO741wFTa0Qxasz2s0AkZinyuvaLq1/flleru3D822cxuW6HE7z1to419uyPp+bltOvfvUbR3QoHpHmQyK8O83fvH/z9PQFzVrrIiPXoqqF8dt3h6nAPNbLbbtc9eW6vHk8bevl59+8//jpvHQ9nA7Wbe3t5bYOw7icb4exfPvV3Zu3p0pweXn56s0bCC/ghfyPf/7N7XYb6vD8clEPs0ACEvn1bz6UYRwO84cfPvXu7795RKLr5VoLv7mfCaKprZt/um7A/HzeLtcWhMTYHV6u6+F07LfbWKQQv7mbWl+mIghUBzpN1bWR0/39ISI29d9+fDaaPn9+JgIkVtNpGhFAzT+fr244HcZcrZQil9tCxN89zt/d15+9GafCL9f++XwdhH7x83eI9OXpQkTCpOZE1Df97v1jwVD1QOie+V3cDT69LF+eb8fjVAqaxnVpXMS6d3Dicrku5vpHX79reY54DMIPdyO4qRkgblsTkWGsT+eFWc6X2zAUZnSHrmbucy1ToXms69YBeai8rG1pGVrjJIQARUQtzA0JhCXvLPNYVR3Q3M0gEISgloLuZgb5aJsJ0zenejeKc/nheflyu3z48GEQPs7jr373w5fLpQ4TIXVMnQkzSRBG71Mt8AqkRhLkYr2bmgi4hgWSlOB6XddSCoECiUZ0AwQI97GUQK7ig9BcylSrABFRET5OBcAI0YHXHm4+FJmGQmGV+TDIPAq4CTPRTrjhvGkgeTJZyZBIVqARnIpqBncWNsCu7gGaDoZd2k1uARCMKAwlHZoAHpb8UcAIA9v18YiIe/xwYBEGsM3pSeP7hT4pnltc1Tb1Ze1bsy1zA1R70xx7+P/H1Js0SZJdWXp3ek9VzcynmBKZiQQgKKmuKrYIm8LuDbngjj+Bf5MiFKFQOKxI6QWHbrLYXewJBaCATGRGZET4ZIOqvncHLq56omPp4W6Tqqne4ZzvdO2t97Z6ZoeZu5kuq2vz3qx3MFPt6GbWTJXcrKuuq1lX1UwACFdXw4gINc3DnJwIc+0I4dYIItQyVcd7RwzvjTDcHCMQce2LCHnXVO27uWcabLiwbHvq8O6NgQrQ6paqDxJMkga6JfEJInrvwptAJWl3wEDmiASbv823G1gQM1hq9PFlfpwpmw5IYObZCZhFEXY3d93g8ASu2WBARrznON/DTT0JMa5Wxtp7vzoc3r1995vf/fsio6mhBwklIcrMkJCIzILhRcQejkhI7GYGjgRhkSDe8CBC7Zpa9nRHeIAUjkB3dY8t2uql6I1ND5UKLUqPU8qiEAOBtoQpoi3hYvtoiqrmb7knyj9I2NUDnJEBnFg8fIvbQmrt8k//2X/1+PDpd7/7t2XYAQTWureugcnGcQ+gIBJCItX+H6llAhyQafuBbxW9uwOSMAODb1AW5yRXEm5pasmlefHWJk+KCyNmFF3y7vGnXukFuPmyZgMoRXLwj4i99fSLRPIKkFnQA90MEdyDmYDIzDgzehMtRBDhAEkY96QCOOK4283zKQxEMq8XWCjPNwvfYMTE6cmIcAtkzm6KNgzLC18IASkbp2xyCCOAKKnBCEQenn8YyLlYIGZGAWAA2vycREBCVAA5KJ0FxMyOUESCq1DxCGR2IpaCKMQiXEAEiIIFSUSGIgVLJRInLMMktRIzMJdpAiRiKbUiEdX8XSGiUqnWUgoz067y1SA3o9xOfC0wMQqGB6jFqtF7nsUQAK0lFBAAgDE2pV5493BDROaIcJeKQHE6zao+SEnPSHg4OBMmErh3rYMIQ1tVzdXdTSENXRHavWmsvWV1TABMSIxE1EzDgNIBH3BZews3w0vXS3cAOq1zoOwK7cS/vBqHsKmyMEFE5TIvPcKDAh2QUEiEhMkRoxbpa1Pzps7MUnAoJZqq+lDqWAkJzCzcS5V51lKolEyqQDBPd8tJ4Z9/pA9ay8bRSntvWnqDIpJSZZk1kob2cN5iuSPlfREW6BlWnvYAwgBCdH/5omzsWs/LU2JR09VuTuyGzAD/5Fb3bIsThFeJaeCSGeYoCFAJK+nAIEQROJRBCBNQnFZLQv68wO9OcOS6LqsDB1FrahoAwcxEoK1T5db6z3f0n/+s3JZuEMR1qJWIzmv7P77r/+GePKL33iIYJcU+TGj9J8hpICGEMSMYVMabgavAuqxThdurnUOcZp+bLY7H3t25SiEIDB8r7ac6FHK1m6kUin45vrnZ7wqNta5LA6Sb63Gcpr/7/Y+PcyvDHoV666VWA7jMa0ECou8+PHz/cFm7E4t7J/fc+ar7f/HL2//6n3wzVpqbm/ntzXR3e6gi4Z6RAkSIIuvamyoxu8dymdUcmZYe334+/v796f1Te14aIDNGmL67Hv7q6/1Xd+NAXGohKevSxyq3N6MAFuJCbFtU839MaLDjvHx3f/l4v+BQWutV4M2rgyCe58s41T/+6fPHh+Wp1/PaI+B0WXKXDEjae4DdXu9C+7vXNxwxz/PrV/sqeJr75/szMSPFOE2PT2eG+OLN1atXh8vz+fm83j+eb+6uXt/ePJ2O5/NShF7fXlnv1ruIXN3s1rmXUqaxeNNdxS9e3+wmEYJdLYgx7HaX8+X5tHy6v6jaFz+7O83Ljx+exql89e52N3BlJoLn0+Xzw/m0KA3Dq9e3f/z+09PsD0/L23c35v14Wu+fTj9/d3t7c3g6Luva9hO9fXXtzf74/edvfvaqVBzqQBgPp/nz8/p0WlvgfiweIUSFuXdFBA8DIGRhxHVtHl5rMdXbkX/xavripl7td1K4NTPT/SBvX1911dNpKaUChWq0bvOl391O14dxWboDntf+fF7nWWstw1jmpa3dVvNl1t1+st4IYpiGRaF169pvDlN3BUMkdPMiJWxlxOursQqvS0Oi5/MCSNNYkdHM11XNHSEEcRjr2pobUiFGDIst2mS7N0Ui//MMJIoqjAHh4IB5E27JhicsRayrmyt4VytSIuDdnr643Z9a/823Pz7N62qtEOyqfPvx/nw5U63gdFZb1oWArvZTEKNprQMyC6Opd3ML3I0jATCRSDGP7uFB3YxE3G1VVUi/GArJINwtAtpU5Hqst9OAgGqxergpEUwit/s9c1XVprobhlpoLBLutWAlhPAiMhYqpbgZAYgwvvDRuoc7AkIAyItIqBYKB2E0A3NARHVXCLMUGyAmPhIwQXOAwAwAaBpEuR4HD+wOuuUJbztzznkNoznfd/hhhs8NThZzs9n8suratDXtTVXDNf3Aqq1ZN0+YVGvaOrj11kLVVbUvkAOqtoJpqLmuZuZuDhbuod17R3ftaq6uFuBIAK69N84htq6Za6DaQZUxzIzAzB09Bfw9wjOB0cwRMRPICECY3A1fPLIEGSacGiDYbnLaWQjcMaCWYq4Bbk2JyMEdKMDJgzcBPEUiY3KoSuRuvmlhHRHTT6ytp4sytR45OY4wAEz6Xg6oM60YAqgkFhUA0cM2fymkK45NNdxZKALdnBC39LBN/PIyH98W9EGYMngOBA+Hl+V8OhyQEbbbMoYbYCrhKTKCOKXohJ5zUcQNZLNVAimGR4dt2gObP5k2zxwBIhJSaiYxfQd5twRMSTyocZGwnMVbAIYFIYFANxcMRkl+uFjKbfPNYi6D0Lpu7wEBIa0AG4oIXih8RGkMIEDo3gUF3MMAGfIenmGlAADpnnFUjwgQoQgKc4cgIuBNUQe5wsjP8cVkgIS5zwpzAKhDlSIRqd4hDBDmQLDWECnFXW4BruEhtabnvpCkC2ZbSTgQhzsBwOV0FCJI7RRBhDlQRBATOgkzBOdrYmZzoEBEziIXEdIvsmmyIYm2hMRpOs7gspcGB4kKEG5oT8rOjZEZkZONFMiIyfLnAAxiICbmQORS0zCBVBCxFDHcUn4pKf5SqZYgAS7ClUSQhKRwLVJHroWYkJhLpVKkChchEhbhQZipFh5HrsJDlany7ci3la4qTQyCEB5Lt2bQ1TXAzAARNFpPhn9EgBnMbh7AaWvTlQIGoUKBGBZxOa7hUYq01k0tP72xlt763BQAqlDvKzj3rmm6R7AI7N2Wrms3NxMipiAgZghE69ohVBWQe+DTvB7XZgZVeJQCATvG3VjeTFARb3dlV9JQRHlSR3hrXXtfupUizFgRW++n3jCcKxWciwgLa/fzstqx3+ynnRAxr70tq5bKzFQKL20GJLXoqtNYwL3WgmZM9K8/2vtGQygiBbO7ZiR7rlNxW2tuDBsEgmQy4AtNOEt8AA+KMPAtj8MhEoy7RaZkkFaSwRAzOAU8EBwFFaRg/LO3MYKf9OX5AJdu89q7dgq+3g1DLYKs2tWt1NpNe/ehlCJSi/SuTWMN7O7aVzeTWtQsokekBQrNAAlHXf7T1/T1QQ8cTgwRfV0Q3B2WdUV1szE7mbxwE1GEuUFStBJhCu6pQRQi03by2NUyTYNU+Xzxh+N6NGBicyOMiutVAQG42o3TJH017usv31395Td37B31sJ/GcSyPp/VPH56ez20Yby7m75+Wp8v67s1Ui5TdNC/26fF5N4ihffv+9Ok0h4UE9LYEbJNUBbqa+L/5L3+9q8WHYW++XJZhqKomLL17720cCgD2tUPEWCTCeODjGf/VHx7+4fP84wUej0vaWCJUmHa1XI30xQG/vBl2Qw0L7RY9iPDmMBQCtJBCEEEWJIIUXX1ZVvVAwo+n/vsP58vaJzVVg3ANnFd7//5hf9iZ6TBdhbYwOJ1nQ9TeAZEpA3T88ek8ltK6DhxXV+Ou4t3NdHs9zQ1/fDhFALd1Gkbt7fPzUneH40oPx3Z9ez1N02Vp9w/zNMjtYfzLb16h9mVdmMQC1lq6Nl2WbnF9c33s+ts/faaIu5v9bpTDbp0qMtO7t9dd1aPvp/rm3W1b2+k8lzIa0Yf3j8fVzpdwkOPz+fOlj7vpZpBPz+37j0epMAzT7Z0gy8fH09x0XvTS5fPxU1/bPOvusLZ1cSQmCea1OYaTh3dc1c9qQjhNo3f1MC7sLS7amfkw1n2lieLXP7t5fV05Q+IY9pWGMu2mYRTyDvtdFS7CFOHa7TkAPB4fjkG0Nm/mhCgcBDZIOZoeF12bRkABm0a5O4ytWVvXUN0N1dVb7wgECKUUy9ka4/OpF+kIQOAi7OZmGhZgwBQCcNjvwrxpYtQhApbWqvBYuIh0DQ9j5MIoGCuE5zDOkkDiCMQeCFgoHMCt99UjjFEEOSiYQdU+HS/Xo1xaG0auCp+O53VdX1/tXt1e7UY5z2swShkONbUN1gCDZG1qviaoSuqIob2vGZoxEHGRGtjaepjG7tEciLgSGqA6rNrMaahjW221+HRpfbcKQaLqutu66lKg+zIWAwT1OLZzjrCGwrTGfihVSHqsvdcShdDCWb0IFUZEECJNOTtCW60IMwZREFGGUSYwXAgYOQTMwy3AHYjV3TpQScECsLAUcnd3JID0NhKHGqiFGgAEMwgCBTDau0K3BR4XeL/CZ+KT8VR4buWy9FW0devd3JgaEaEV88a9KwqRFOs9iF0teisiGGbrCsBg3bkjc/SGbkW4tzWoqD1hAA0DQ9Xe3bqHY0QOiYGpyk57Cwcp6a01BPJAMA1SAtoNh91u//nhI0QIG2LGNhMmZzkQWCIspScQCMA50EaECGcqdSi+Nmt6Os/Tvk7D/tyPRBwZ7Qk5oQZAMPMsriIwLLo2oByjw0Zm9JSUC0AOw1JNTu4OtKmEEEgYAQOJDJIdHIBhHqUwAYMH8xYF62CAyFI8J2wRJJIHsbUGgR6eGonee/h2l07XKmZccfoGcn+P6OoIUEtNw7pvLzJRp7Qp1DX5kZTy3bT7RWS8/UaAQcoSH7VrLcVd87nDHCRBOJ4U0BRHQ7gbICIyu4J55KIlg4HMg50ZgADN0MMAQUI90HM3htnE4TY1J8KE7W3ClW33sekVLDJIJI8yIuZ+wLPUzgFnGnE9Eb6Ry5ggrBnNlgScF1oJAAETRYS7ZVGDydYCBwsAIEDtPfuCpIM6RNuWIElL3SiaBMSFTJUKfP3lNx8+/JCav0ge5UuNHklgyqFL5iu95MICgAxVqPalB4Bq6pRylwGEHMljDxR8cUVEpIwrkC0nL8QBQCzhDsGpQktBURAjSeRXDTGIiRkz6ZwYWAIIkVE4iBGQuaCQORAXEQFiJnYIlCJlZCkoBYSRC0thqcyFi5BULANWIREphUthYS4stRIhSxkGQcKhyjSWkXEc+HqUu5H3BSYEIfCAtXtXcw/zF78Fhqmv3cydC1szACgsQxEkdreuXhhHoalAQWKs57ktACS8NlVTYWlqa9N5taSZ7YdSBM1hWbR3C7JaZFn63C7mlFl2TFiEIKCbNnVgzui8bvA4z889moZrf3PY7QoKOgQWpsNEowwIDhYC5BYO4IHaOyEwRK3CwmbetEewO5q7aZ9KNcS2rrFC1yDAaSgDQxVSM2JkFikMGNoVgcwBASy8ny+FJbMYP67yu2UQCDALIvW2sRA2gE+k4RUsl4sIGFnie2CEZvgMboD8F3QqAOWW1B0iHPNqmzu5rZ338FDLb0O3uC3+j++8Rj92UwdCGiohYwRYqBBcF3w10rPddm8AACAASURBVFAIgXp2pw6mCqE4FHNTQ+22rq2A3IlzoCEG2gomTM4AHujLTYmvDrLD2O8gEC5q4gYeRdhMw5EBrwZ2a0tTDECSXL4jbnZgM40IYCTiLGgqx1SEiYz408Xmo7lR68AEN+Jf3JWb/WFd22nWtffemq2NWvvHf/3lL99dXQ10fXN3fr48nS5GZTG4vd19+fb67evraTe83tWnc6tjZeGx8rr0T/fCdfh/fv/w49O5d6tCtnHIOAsnJqplUMTVXBddlmZdc0A0lQJu7m4QTXVde2uKhN9+fvr79+d/+/18f1EzIOIwK0Kq3puK8Nur8Vdvpr/48vruZipcPj9dIGA/lqtdnl/IkhDYVGvGuvR56VLJAr7/eP7283xu7h5Pz6citUf88A+Py2rP53ZoMo3cnh5/fFyGYSQp69LMAdEBg52EiYGa2h+/fxoGvtoPx4t++/3zdNidL2vvJhTs9vM317bKq0MBX7/+6vp96bc3+9ubq0+PR1vHiHg+zX/3H75/e7u/3tehDMvpSZv+/MvXQnA+Xa6v8PXdYaB+mn2N+PD9/ar29s3N8XRZNXpXBLwsfWkq4K9udjcPE5bhd99+VMdS+fbu6tzj+cMj8xFIzOK49PXZtD8d9tM9RVd7fD7txmkqcnWYHOTnX78yXddux8t5GicHQopaC0tpaQayhFX7bjfM62rdA4ECdsJf3ozvrsqe9e66iDAEXB12QhhqtfI0FoCQwn3xtfWVYjdWQrq7mepQL2u/fzoT4cg8DLXr0M3vT8vDuTcNImKhvppFoNpYyn6q+6liOvvRiAkD194zMYOFwGKetQiXwoVJAcJAmAx8FA53770wA8U0lUBQi06RJZM1TQhJEKghIhRGRFTHTOGFhDITMVIFAJJwbmYeCODMUojdgYQKDmaxtD4Ocovj95967/O6lvnSqJBDdNNAG4oUZENKu3pULiGcUgZTD0WIMGrm5x6AzkS11t7WptHURYiAC6O5NVMOFgyQ6L0x4POs4QaIInWqEoDn86WvLczGcQqEWodVW1dzjCq0G4bDNI0FR6Yd+CSMhM18Va+MVRJuwe7B7iqA6EykGhHGhMKOGRjqqO4BWBmIOQUwwrRiJo5AauqkMiMigGlguDACgBB0j26oHmoBQgXJPABciN5OcDvAU4cfF/y8ylH8yLBUvrS+Nu7dmKgb9a5GhMyuoqLcGEvR1tPXAq6ADFyid9NGENxbW1dhFJLWztP4ahimzx8/hRqxIwUl6bGUrExe3b66f/jc1wu6hGAEERh4TnLZ3brF8XIBLhQOgWbGXHwz4ikSZPNpZgSesggECMj0sdimIepSC4oAxrKuSLRpQn6a32/etkg0ZdZnLOJmTNKto7shERGTWLJNaUNLuluaA8NfUC8pMdp+jttjJgs1ICzKIOCbVXSTNSFAIArGJsjdoPwZXLTMTQgQOVnh4f6CwUyvcTBLbuGDw9XUtasVlnxJSLSlFm1W5g1OnR1FAg/TZ8tcMaBpL0gYSERSCxIULs1bZA+vikxETEhIkDEOkasGf2HT8kYOj+RIYrhb6qvUkyADAowMBEgbd5u2xUe6WrMr2LimGxQJKAhJsm1KQzwxpa83KaoIlOAhzO4mq/LsLADUevYMSep8iehCQHAPIVb1VB25G1E6J0ySp+lAlT0ANVIdTURmqa4PgjRL5uOhA5hZt8iDmXIsTF4RbiCsjcSaGxTcjjgTa+//6C/+5hff/Pp/+J//uzIM235nY6sgEnnGTQslVSyn/AlazF8FRGQm4ADMTgYysC3bD+T8K0wEKQkRO7Ln1oqYqAARSwFCQsJaAEmIpVRAJhagzagFMlAZkAsIUSlSB2QpdZBas5egWklYamFmqYUKl5rRXixEu8r7/TAVOlS6Hum64MRIhK6+NFMzcABCBbBwc+hti30hQiZmcBpoKCyEYe6hZazqPnckCGvaulUWBNiNYggRNo2jOZxbU3NkQITdKLWguc5Li0Aa2NxO87KsiV9QM5NCBKBmmf8VgN4aAJ6X3hwW84HwzdVIwTe70ax5tyI0DljJwVwd3L31zcmUvkBVNzSRsqq33h1gviwRQcLCuHRt66oeTDDUyuCCEcBP5zkH1LUQgZjbZVYhYC6mmkbrMEcIM//2aOQiHiDU3TDUAXFLy0iFWzpvaFPzZ1pGbsFeaAlIDk4Z4Z2bzhwpbI1zxKYK3B7SXzihYYAc+pc3/hfX2FSboxAzGQJq7wwyCA5SJq77wogOro4Mga0rM04iVSjAPeB0WYSJGXcSP5N4pVrq2Hpbe0fEIhyqBDpUifB5adHqNLCbImBl4iJmZhQ9gL2joyEyBCeZATFhHaYQGdvn4WZMWEBLJhDNfXUNLEhg2grBVYFfvtntBvl47Mdm88WWy/LuTq525e76qgz8x+8+Afhf/Se/+vjcfvPbT0BPr2/qX//i7qqUSuDLel2ZrDhh633R/v7z8dv7yx8+/fj7Hy9MiCXzRZAgEJzTDea2dP9f/939P/31XYFe6pA+C3dDsv1Vlebn83o8XZra+4fz3/7x+Nv7dmkeZrkVVndm7uYQUEr98rZ+cyOvJ3h7N+2G4fsfH5/P7Woap0q1UCg4BQN3MEKam7aurXUkODX/7vN8bq6t3eyo1t28ynl1MpICfe4s6K67cfjyzSvn5/NsrrGhlQDiBYQstUgAMwXAedGn8woQY5uFgcl/9dXr11fy5e3Oerm+Gph4GPlQr5el6+X51a7S28Olx3fvH55O59MaQy0eT205j8LKw4h9P03PF/3w8P7+bI/nflq7O1Ipn/90mi+XwrSfpBDspkEE3tzta5F57afzeWlxvJxvrg/e1y/fHvb1Ct3npZdp/+F5ef/xdIK5CLv228P4y5/dSlh4PJxXGcZL77D225ur12/umvr943PTeD7O424/MHN0YLi6GnZDUe21MJcy1jKSv7sdv7yd7q4qhffWBZFz2Ng7ERLhPK9d1cyJyUzB0cyJyN0vy3JZ7TzrUJgF75+eT0tcul8WU7MiIgwe0XqfSpmmsTKuayfCImVuyohFSoRrR4voaqC+240sSISCCAgjS47iUgxYhFO4UoRECDByGuUe7jAIFxRzs/DwMMTwcECPjFFNX5Gn+MEcwrsg5KopAByCGS3UNcaxKtLvf/gYYeMgr6727+5uXu0OP3x+/PB4j6VYAAI9n8+F681+v5Pa3Q3Bw9e57epoFsfLeRyKlLHK0IPm1c37CFKFNHBVbY5FPFSJZSwjh53OT4zGSMwsgEESrqptwUhxBhXZ7cuuSDfTsFIHJ1jW9bzq4nRcvDAehrKrZT9YLbirMvC2mW9dmZgZmDFzbImAkbpFQDQDChVMtgiZB2gEmhR2j25RGd08cAtlWbsxRmEulUzd1NMiIHnnj/AAVVcIISSCsM6BIvKW46bEuwk+zPCJy7HHVHgefVlsrdo6t8Zaua9maqKiwtxdRbSIqbq2hN7bsoARQwDJgKJNw5eIstvvEMADWUogmAGCkwBDhJmZ3h/v1ZWlmupWQAMAQIqdTbu5mXYCQiJrnpQNgARnIlNJ3RoGQmgW5RSZXAQAFL7NV5FTZaHWlV4G34jgDkiE4bB5KlOlw0g47abz6dx7J6Zaqzno2j2Nc1utBalSpSSSN8+1A6YWKGeUGu4uVIDADQMDMpaAtmtyWkoxbXWRGXCh4LgN7Tecj0UIUYAd9tfn5ZykfzeNJL4jRCQVHKQUwNxLvWBUIzXsfx6lJ5wHPBfg/tKoQJgb2PXNFTM/fr4HlEAw7ZH1Z0rQCCNH+55ZCvhir83ZOxDTOI19XSwcIflBsJlZOJGUW0RVQQB8ST2ADVf0E7KfiAkzrc2NmHbjrukagC9MnozATGU/hEcaeTdLa/Ykwi96qo3AlP+RimcizsgBQnpZOIBHsAg4pJzxpYcATMMEomWeGb6QUl4Of4qJEMHdCZlITscnAhISzF0RQCTkBzI3bZPkbEU7EISLCFP59Pz4mz/8u2mawPO5swF4SRQGLuOAyAEBxEg5hc3zZYsMRGIAAs91BQMQMTNzsEBQEAMyUjIFGKUGMDIBF+KCLJJsfi4ghTmH+pWkcClYKsko44B1LMPEZaAycK1lGMq0k3EswyB1oFqpVhnHOg0yFq6l7uow1lpkKLwbys2uvLkaXu347SRvJrodcGKEiN6161Z/OmJTnRdtChaBCIw4CR525VCpYOwGGRjRncCHwgMjuRZGJly7AkKtwow94HRa1h7zqqd5Xdc+DiSCgo4Yy9rP51XVAUDdektKp7EwhRFtfLq01qXcq5t2dYuojLdTvam0ExSGgjEUPkzDNHARQsSeaqVANSUiYp6Xpakt3Zduj/P6dDo3VQDsZqncW1tv2j0ACQhjKBxupro2W1ebVR2AhC/LYtlhulv+Ay+lLNo9QCF2rF/W/nboGHpWyA8VX5AGm6spt5aReSCBYQ6RkB8MRNpOze3XNqkh4NZBbhpf3CwELzrFCMBA9796JX9zY+dlCSyFsQgyMoLvhrorPJJNAlVYw9eu6q4Ga2vhDhQEUIbS1F09ICwiIvIcIMCCMQoM5BPDrhChd/el95aS/7ES+lC4EEJo6ijX7vPau8Oz8VndVIVKXv7y+r91X0RmOlbYj1SELxqnjt0hAmphIXRTwkD0pccfPs/ffVp68DSVcaDb64FBtbXDYVD309o/n9d/8w+fP5+su1+P8Isvro9zuyz9er8jxlLpvCw/PM6/+XD53/7u+//39/fPZ838NQ8AzvVp0GbUJ8YQ4R+O7eH5/Jc/u359uy+Fe2sEvhsHBJjX5pHyLP+Xv73/19+eVwOIMLd0bTMnXRAQ/NWBf/12+PK6vnu1P0zDaV4fj/PVbnhzuz9MRZhjK82DCJvaaV6W1qUQVfnh8/Hj4wXCx6Gw8HHpHx7m++e2LL0w7sZaKhFahK2tnVZ/PF4IWGpxC+FMW3E1fX4+F+HDSKqrhwUiEC1ra61x4bnZ09z//rv7D4/LrNGpfPfDw2nx1ejY4v/73Q/3x3VRTwX50vrS7em8BNfZ+OOxf38///aH4x9+PP/+0/zt5+WH+8vnp/XxtPQea3eNaNq0KSIjxziWiAjD89NsqsJ4OEy1cG/90+fzUBgJWm9L14fn5TK36+v9YT89PD4VpK9fH3791W1herzoD5+e7x9Pl6WtGqb2+Pi82w2VohKRe3ZWjFGFwmG+rBR0M8mB7au74etX492uTlV2dWTC6+v9WCnMxkGGoSDR2tq6NkI67IZprFWqRyCRqj88np7nvnRTh7Pa47k/n1cDSozMUKWUgh4UPgw8DjQNwkwRsaz9eFksQtUwogiXKomhLoLkHhGuL5xt95c9YGS2DjMDYus9PYUZFE+EiPEi9U/XXmaMYgBI3h2JibLD34QJAW5mRMCIEd68W+iiK2P/9Pz0x4/3gaQal7aqmhC2UDVdW4fA1O6b49JakFzWS9eGRLtpqkJSSp3GWoQJPVC4tGbDuGNmj6ygxNw0MADUA8w5ceTpGnQjiGmowlyLeMJXI+2/dFWFAnqzpXVztMAIBKJSJQDVYjFYul2WdVVjZoDNc5jD+xzFEG2Dm6zEICLihSGccPHU9r6IphGwCpVsHv6cN5LsGkREJAbelOiFk+eNhKibxJ0cNkEJQuwYXo94I1EZiagQVqFaGTmVwlv+DyHxBvtmYspnImZiDgJi2YIPUByARYjLZVnneal1ZBYgjADmgizhmPyVAOSMKmKO1KUkqJWQIVXhkUgSfBkJE29Yc+FUE2JKVdO3SC/S+Ux7T8QnMgGSqSYBJRClsLsDooXxJgHC9H+LcDiEQ+8dt902MLGbaTci3krBFyRQns6QVBjYVPvw0qekuoIQzdTMkgrkZnlks9mBSAhNym2z+MV8557rM06jJ3nEuNsRomlHpA2RiVtDlFUTQqjb1e5gYZHfZAQkNIuNLb99EfNbiWF5wmb5jBEgY12WSzoOXkaCABhuLkweTsAvP7F8E5jVMgAAuHtgWFemfHmboZYQKEE4ABDBiBIRsDHmNjZNsla3fC6PrScgZOFS69oW/LOXIdsAyi4CYMt8dXeKxIUGy0sAan6+L9FguaMJd0gITHpsCYgzrahg+rcBmBhfdELWLK96EV6GUutg2lnkxVUJPyF2IjwCiRkhTSVAeVHMcuqlnnp5y4hIAQ7BebpmPxRJzOGC28CeiDmxPSKV0hiQ9No8kshZniITwMYLQmFARmZCdhJkDmKigiyQbYAwUgGSrPhZChchFi6Fuea3nSUbg4JcpE40VBkmrgMPI5exTLsyjlQHLhWl1HGUUnkcyjhQFa51GMo4DkORocq+yu2hvrmqX1zV1xO93fHNyKOgW7RurZtqWMTabVls7dbadk4P5IdCh4H2hQbGcAt1QapEzDgMMg61UPaXeD7N3c0hlrWt3R6f28N5XZp1UwofCglTeF9aU4uuZgYWqcqztRuEMyMSdPW29hTDBaCrr2Zqyihj4X3lQy2cckS3w25fCCLc1MzDPHrXiCBCVWvmzXxueln1tLRuPree0MkiEi+tae6fhJgIGaEwmTZANINu4Bn45a7mAWDqzJyrRSrEgktb08KMoFOhfdEdr4diZ6XZBQExws3zMoOOL3kpHrgN7yM8wOEl/DZNJhGQHNmXzWMOAvMFu0c4Ov10PSNgBIB4nnXpKvDnDsXdhXnLVgszc/Xo6uqRsTnTMIgwIRjE+bJkPHtmJyOzO0SgexAhC6lFM3OUlpQuRLd0WAKCWmsiiBHdrFtcWnOmaazW7U8Pc3fIux0QEBICJv66Mgzc94WZuHsocF5+h4HHQSycCavg3dXoGt2CmIpgIWSCAHw4LcdZH0/LpVlH+jzrjw+n/b787HaMvv7h4+W//Rff/Y//6oddgV++Hoji3/xw/O//r+/+/sPl6dy1dzf3sLxObRfW7dpByBQOCOGB391f3l3Xv/n6jqsMVfa7ERCPT3MAjbvalsv7h9P/+fvn51nNPGib7mz4BweGuB35H3119Ys3h5v9cHs1ufuy2lDpi9v91W4oJB7pA8NMqj9elufjIsKB/nCaz4vtDrt1aR8fLp+e5/efzuZMxHfX01ihDAwAq0aAnM7teGlDreNQgRzAzHsRkSKt92kqr6/k11/e7iveHEahqAAQ1pblzavDVAEgnk7rpdn9yd4/Ln/48PjpuT2v/uk4W3AA1loyjEWEczBzOl+6xfPcTudL98SdUW9dikwjT9MwjeJm69oucw9ERFaHD5+e19kGoa+/uv3VN7dv7/bg9qufv73ayePz5fHxrMHPiy3Onx/n4/FSCo8lXl+NFNbm9fl4eTytl9VISi3MRdZ5GYgngV9+cfvFzXgo/u52NxR6OJ5IajcTQkS6msqvvry6nfD2UHdDEcZ1XQN8KHJ9tTM1piiDBIA6XC6rqiGxdjX3pbXTeSHi5/OlBbbAT8/rx8fLpcO8WkYeEaXEFzC8MIgwMWr3ufWmbmYIUEQ8PNyEsRRGCGGqTEUiAKpwhj9AhBAyIXPeTtHdfopRr0wihOhVWBgpMv40LCcL2+gzhKhkxB6Eg6ubIAltzLCcgDASIqgpIRWpd/v9ubWPjyfmeD6fHtfzqfd/+Pjh/fORCffDUMuwth5AUop6rN7Czc21+1QHRtDenLDNy+317dVux0gQSMStrRY27faBsTbnMibDw92YkRiLlKHW1mxpKwLUod4eDq9G/vr2aleKIHpgKeXuZn+9l5FJALo7IHnE2lYHYGHzWFVXgA40N3+e29y0mQUAMzJS2hVFKOUAHEHIKXZ3QNt03LDNbxG3Y7oFSyFn8Zjb3AACYEFw9zTHBhIBQfqaghA8omtAsrwB8lBxwL7ArcRVicrAxCyUYG/acH+UEPMsNShxe8TAnPOJtB0y16AXViFR5oQiiUMEMnBBICQm2iKSN8ln8nUIAxiFAIiZNygb8cs7S9l6vg7IKjGZ/rBFKBAmuC7V1jntzmRd4o3SDp7ESIdgltRG50Mxk5mzlKurq1XbtqwkwCBOoA0gEAEGUvZNWVFuL2DzdENkpYl5YWnKJWf/DgFIDC9q9sQQAQAmsiUNHQGAG0wyF/JJrIGEdIYT0rJeVHul4uARvkU2bdhKQCEkDI+767tS5DKfmCjlxy/NTHBOvYlS/pqNDyWpngiB2rIklirCEWKLKw2iFJZHAipT9B5bB0Tkbi8FbSYHObEAxPZZBeQYPPOGw52T/pFz63wRGThMiJulAbY0AERWtbaunLHZ+LJ9CcwdBzHmOi0FNZ6nO1PW2MwCL0sAfNliwpb5w9lyvfQxAQHWwsO//OZrdWvrGpHji621y1pwHKpQXZdLWC9DReCEs8Z2VqfpN4C2ZyXmrZ56iaUDRAL0AGIx8xT5Uy3mHgFmjsQIf5buwHbaISC5ubszD8wltUOlDppq5i2NC5NTA5SLDgmkBBcRFyRBFmZmKcneJylIqeMX5EJUiApwYWKpg5SRpAZXKhWlyDByHalUloFrLdNEtfCQe4CRh0FqkaHyUGqt41SGodRS9pXv9uXtoXxxVV7v8Hag64FGIXdvzZq6O6rF0vy8+rJ699Q9w77g9UhXI+0qF8K2qrZemWqRsQhgmIWaW+9uVpgQwMPKUNfWj3O/tAR2+SB0PZV9LeZ2WdfugYhq0bqZO0HUutndicnDe7OmmhI6M+zmi+qqXbWNUmnzwaa5XIQFANZ11W5mHgCBaO6r2mXtz/N66X1p/nA8g4e6uzlzUNKvCdxsWRoRmWt68zUCKQipmS2rZlPUzTxcLZbWmSTAu3VA79bclAUQDSNqIQgTptV0Uetqp9VnIws2c8uhW1jG5gGA5aAOwCMsAiIMPF6UQrkR+An2mTdqSFQaYEAGJWNEWGZ9A7h2VZ+DVvV3O6iFAlzNAAOQ1nVdl4UJA8g9uhlt16BAcCB300BsTTOje2krQJh5b33tFhEWfW3NgNZu82K9KwAIkWrDUACrhGFdiJgAkR1xXvU4L5dFMWJRMGDmCoRuYeGmXYgI4u11LQyXRY/nVbtFuFkPd0Ze1zW6X4/8xTX/4s1hACdrX745gOrxvJwWO67duRjLZfHHp9Pxsj4/L8+PZ9G2L3h/bv/3H58+L3B2PC69a//f//37/+lv3z/PHqZhamZABMy5Y906rJe9KABAYFfz3gj5+dL/s794MzAQlcriHlILFYGw47z+L3/7w+9+nCMCiSHAPXBzeQQhXI/0y9fjN28Pr3b1+jCWUsxiGORuVwYhN2+tlzIwk7uuTS/L+vi8sKCFPR3X95+OD8f5+bSeZz/NvfcIALc2TUVKOc39w+fTcVEL1EALdCJ3aK7uvUphrpoDMNCh8m6Yni/t8dI+Px7dYhzk51+9nirdHqab3Xh3NV7vJ3AYh/J4fB5KQaDzeV6bAlAgPjwcu+GcriBHFmkWy9q6B0UMVaZap7EOQzXrVfjV3eFqV9u6ImCt5bAb394dCgJ63O7HN7fjwMEYx+f1D9/+SAivX10DUpDcP88fn+ZLi9YNiWopy/H41796+8Xt9Pp27x6PT6fDfvjqZ9cMUZGuduNEcT1xIU/bDLA8nZZPDxcqNdzHaSxIO/a3h3IY+bAbzbz3TgClcGGEADP18NN5uX+6eAATXV9NQbCudjqvLOwQ3eJpWR4v/fHSTnOv405VzZyZhDDckrpcfgqWAlfHtdllaQkx2a42iJx4TnBBGAoOhQUxTCktkBAOjhRMlMjJUiQfs/kWMoO5o8PtRonbvB+FEDyvFJEbehFi3LKr6Kc/QSREIUCSbuqBgnS935mbI97c7h4vx4fj82LqiOelu9sgdVdr5RJuralqZ8YixMxCHBpmnvOXq8NBDRF5rPXmsBN0YjhbPMz2POvZ4Nj9eWmOMtQhvM/z5TBUQa/pVRAxj3leK+MXr66/eXX19avDwHJa7ceni7u/2g93h3GoTIg9wgHUY107EK3aT5d57Y4iinhc9LjopXUEyAmxu5tnqw9MiXxMRUMERB6giIgtfnErqF58cSSIhZkZmdLiFbwVw6kSRxEkQAgQxiJbKZJXUkEkolRuMuK+wM1IVxJDqtCRmZgY80qKWVBQdiiMhMIFafP1RyJpmFKWHABYUoGMnlJTRNvAhRThzAJEvnUh6VHcJsHbehqBiDwB5ynl3kTigIiFa8+I+EwlEvIIFEkNdoJ7cpEdEWY5wfLEnQgJIM3LZRAhLmtbCJFIkCjAW+tAGesEkQ0XkrnlSb2NxDfdBUR4TqmYJT9YSq2sGwFlDCgGZeaue3BhDApwJgYAd0UAJtlirwQRkYQ3lmnZ4KFJ49lwMki5cici5s30DNkRRrgBIV8u52WdA0CIAZCo1LH4S9TNVkOnLAcBNv4PELGbMREAmWr2YCyJ7iWXjSAuLG6GQBFIxImiDQsgZCRze/32jbn3rkQcbuBAnAL5LBU8kJi45mydmDwPJIL//0y9yY5k2Xamt7q9zzlm5k00GdldXoq8JEUVaiBADyBAE72DAAGaCNLbaFgPooEATQuSIBWpKkKlulUkwSTr3uwiI8IbMzvN3qvRYB2PKyAHGZGeDjfzY3uv5v+/P/Z4PELOxi48YR65isk8zhQiENJusABIxHloV2IWpt3m4A4ejOQWuIP8ad8jEWEgZeZCQJbHL40RBsamW29bCsUAPJVWmBIEgq7atuX1q7e/+bO/fP/LT4EUFvg5TSEfcsxaPyFJGQUXSACEqaJ6eQ2AzDyUlASRFEAWEWJKdwUEAVIEZRPKzIA7p59JAKjWQYR7MypFpKSxnJgBkVCIhUWAhIRFJFCYmF5qfSRJQT9SzbVdEJNUqZWlcB1KGWUYgApKpTJwHbhOWKrUUYZRhpGkyDCUcZI6lGHgIjxWGYc61MOhDlWOQ319qO/uypfH8sWB7yvdFB4Lh8e29bWZGjT162bzamszNSeIscQkpAv5LQAAIABJREFUeCw4cDB6OPTNW1MkYCZi6g4Wrh4B5l0BoxYWJlMDhLnZ+4dlbubq2vsgJBKIeN7a43WZ1w6Aqqqq7i6MhSFM17U5gBlsm269EQILIZJpB8BRaGC6HaapiIcCGgYIQiVmQHfYthUDylDU4zxvT2t/nttlta1r602Yk64K4ETB6CLsHpbjAXAwZ4wIDcTw0K7btnU1YO5qrbu2vm3NA90hAN0MOXpfiaIIa5tVu5simkPMTS9bm5vPmwJE5UBvFA4Yvh+R9pJ7ERGRJtJU3O11v78Yo3L2nvIf99xEW4AjKiR1JCah5KaZu/ae3v0D6SuxPHJa72apvcEhx4AexEgRzHl1eNOmrp7NOPPaWp6n2Wp17RA4VOm2uTsR9+6qBuBSU/Tvh5EhdCiIQuMwWNemdl360m21OG/28Wmdl80NHXDbunkkQ7ZtHcGEqKv3HiKSu7d8hyhigP71XfmTd7dD9PPD81TlboTTyC3o/VNbWmiAup8va6D/ybf3//zXt3/8Zvr27ekg2IC/n/Hj4tZ7QfjwrH/93ePffn/xviO3HeEF7Z1AtwCIF99PHn37LAvCEPzS4Lq0f/btfd+6O2ULdn4+z+v2L//Dx//97x9NDQIgBygQhJjAiNuRfvNu+vau3ojcHMpQODPrjlOphc29d6+lSKGI6E1bayJSK9/dHt38fFmd5Hxd1nX98u3d21dH4ujuSLI1//Dx+byaBbWumTK79daa7qAB8LY1Dx2HsrUmjKZx3VRVAmTe+tN51cDrqsjy8Dj/8P7x/cfz2pVYLvNGXMZahrGO44BI29b7mtxM+ertPTG4mavWWhk5Im5Oo6u1ra1Lc7cIj67RdZuXqdZfvT39+Te3/8VffPGf/+btt3fD13f1N79+c3OsEHy+NOdynpsG/vLp+vunbWn2eGmXpavF1rswHQ/Haaoc7cP7Bwi/vT0Ag7Z2fyh2vb6+Gb98c4PWhlr+6fuPT4u+f9q+/3DpwFgHVV+WRgBT5V+9Pb29qYdh2NbGHFMVAZ/GIS+Ibnpt9uFpeZr7ZW3zsqnH+bx+el7nZh3w8dp+/HT5eLGHi16umpWfmzNTEUYMYRZGeRmr5cKOKQspBITuoZ5ZSFiFplIKQ2FihIjoqvuKGfe7CnPF71mJBe/ABl+bNnPVyKlVhm/m08yf19NpzEsdNwaAU2ZuRiT7cKdVQE5AfGsbsJ/n+Xy9qrfHp8d523o4kyzzXGopxK5pNfSbwyRSighQHMZpHIcUHyBhHeuihgDnS9sUuvvD0wNRONPPF72ozAZPa2/BW/fVYu1KQkJ4LHwz8KvT9O71zXGQm2lAj8PhOK/2eF6Y4N398c3ttLX+/mnGMkW4uWGY9ta6JSnSTImZqXjE2lrvqoFB5CSbeutmifkMiABzUHPI2NvU9KRrE5Jb/1KvISKERdjeeRHCfmjscupU6OQO4CUF1CJS11ckZ64REWqp0EJwtDAAEMJTgfsCd8Ur5rKEiJCFmTjxg4RIwohEQkREu5+QmYiFMeN1mNPmCDkkzv+c+x5C+uxaRCSSyOkzIlJOi19EY0iIDAhMlKpTfPEB1joEpO3ypWcIQCDzIJYdBJnS9XTiIlBWhuEUPh7G//q/+i+//+mnrs09woMQw0JbI2KHXemefdc+ekXY4xd8n4Tle4hEKbNX7SnCSGsBEUGAFE50ZI7SmDnJPUwM4Pev3yKR9oRJBqYmx/0llTbn1LskaM8izj/sLlJXdcyN8cunWpAhec2ZgRu4UzHN3ZyYUsFfhBFIu2PO3QnDHHfx0i4RwsQqIfa+3d3c/7O//Oe///0/5tdEhlfswnkHSXCqAySlCLS1XD6RMNLnKOK02iEjS4TnzBqJPXwYKgtpt72gsqCEL76M0gmAhIkkvYiu/vI7QVfHfFIZEdEtE4V3EX+Ev3r1WlVVWxbWgLvwFxgggoUjIon+KXsxVTcn5NgpSUFMWTERIgKyyNrWZt7bkp1NtiKqziUVhLnhSp1B2n2EWTyCmZHQPy99ikip29IgSAq/dMF7FlgAJugwMpwLOQXYLOJhFuFuFk5ciVLYg1wHpBKBkHbZfB+LIKZngFEYmZEFcz+QLUEZiIW4yDDQMKIU4iJ1AC4slYdBxpGHUYZRai3DQLVyrTKMZRypVh6KDEOZyjgNw1AOQzlUuRnLuxt5d5C3I91XOgpWZgBszbZm3aEpzKvNi61qCDFynAY8VawIhI4EzWFWvLaYLVpgJ35Y9cez/ny2n87tuurIPNY8iGDrfVM9L+3TuX86rwAApoDhhGvTh/PyNG/L2hHQ3NrOAOVUcbWuKOwWa+9q2aGBe2hXRiyElXkgEiIOnQrfH6bDUAoRQHSzpfcA6gbPy/Y0r9etbd00nbW6W2jVTVWRIYdqW2tb613VMv0anAtF2K4DD3TAoFCzzFBPaEF+S0QIMNrFkw0I1Kxpb+7r1q5rv65tXldVczOROEg7weXd1O9lrQANRD0NQJGgpQynzzsDInbkZ26RUzK3H3eABA5QCr871l/dDn/xZvzmZly39rC0zTTCgTkA7sR/PekoQQxqPd04bsqMQ2FCam1zMxHae2wkkULMgNDdl9YzJ4cIu7eUwjvG2jcHCKbWdDMvpTbt3RoTT7UygBSWKpCo1q6XebusurZ4OK8fn5dLs2ZOpTjS2nqGpWA4I2eZqN3DAJCARNVGpi9v+Y9fDV/f1YG8EE5jGYSnaXze9LuP1/dnWxWIuVRR99b6zTT8xVeHP39TRtjQ9NPF/8+/+/RhjmahDq1buHGgYLjqi4csVYz7ojL2OdnL2Gt3AQXkeRxBiN99WJZl+dOvT8xkHsuyPl7X//Vff/8v//2n0LweZN9Q7aVbnCr+5t3p12/GAfTN3enV/VHV1Oz2WCtDV9+WzgVZyM21WeFcFNLa9OHp+nheN/VwMLNpqoPw2vovj/Pz3PvWxmHw8MJUh8JCBjkMDiQUJCYcq9ydjrVQYWqtta0VlqEM4XZdZneVUohRHa+XeRjl6zc3v/7q/jSVT4+Xj89XdUoziGoQJ3SAp7ESxTAgE07DyARV8Mu39zc343o53xzGwiQMwvj6dvrmq3sRup7Xm1G+fX344sTfvj2+uzu2eamVv/nqdS3y8cPT3Hw1kGlaNv/+/dPT4r0bEHERdb+7OSDA5en86lRHCAqbKiHRpu4AfWuv744CcH46C0MAbk7AZTOYW8+pWI4wQ/Wm4h99cfjqzUkImOCLN3dTLbVwFZJaPj1dn2Z9OK+rweNl/fA4P8/tae4PV33e7Ken5Zdz++Hj9eGim4eqs4gwoQNhTIMU2YNgCPPzmoxIZpbUFtaCJdOqEAiDAAqBMDLTSxmZm30g2sVbf5jTE6abaBCpQgVxHCoSra2vXUUkv62a7ZUHhGVuL+UoFGCHnQQhCDEgvsgYAtzV1AFqKWDx04ePl+sFKX54/35p23icLMDcCOFwOHhE61pLneoowkxwWbaumh8eQBim0T3W3tZlG6dJCjOTmhahx/P6aQaVqu5dvUip46CqKZkdi4hZQTTtlfA4loJwcyi1jlz42vp50cuy9a29Oo2v706XTX95mmd1Ijwdx2koFYEwpDAGEzMKm5sMlVmWbdvMLXAxWJv1nP4SZoXaVJuqupvuwhAIJN4V8umHAkBANI+mkYU7EmbB7QlzRpTMq0FCAuK8zl7efAiAYCbGLKEAGFIzEfsxAxPD/YC3BSoCMxEhMUqRfbjJmKlNqczJlDcSRkKmvd5PL+JuSigl5UOpfdibSkpJ0+4wQEgozS55BsB9M5AuyfwX2ger5hHmn02SXASS77Lr83flBgIQABMQkeNeUgtyU/3Nn/z5+To/PDwCpqmBc70NtDdVsMvNg1Krk/yCvR1GTLYM5lk0pK0dE1sPKIzuQYzHm4OZq1le35lmQAkSxKjToffNu2ZRTIGQuFfKX1Fkf5Neu6z9mTNZjrKvC4jUgsd+eeeH86VVCkfEfchIEIAshEQePowDArhblsRulqseJMidP+za9jQ687bNP/7yQymV9+EyRoSZ3dyeXr958/z0SMwAIFxaa9p7LSUQSmVVdQ0CDteXdhMZueQmJf2x4VEqB1IOdVO/BZ8nBIgvMFbUbnUowzhqb/vjlbZGtwCKiAzEzt8c7DDU6NYhXKTCzjuBBD/tC4Rw+uwXyW1nwB6hxUKpwNmfWkq1MRNDxLbMmZkVZpkbzSws6cuICCIWJgQ3SmPubrLclz4iTCzmEQ4EnA4V60rM5sFJf/jcoLHsBzCmfRjzI4tcAngXDySECRmR3ZGlEAki4R7ZS0jCIsBMXIEFSFCEeOAyUCkslcuApSIXHiaSQerAdeBhkHHCYeA6lFq4DjJUrkMdxzIMPFSpZThM41SGWsYiY+W7Q3l9LF/f1TcT3410LFQJAck8lk3XFpvBstmy9q4O6FOhY8UqaAbz1laH2fnTElnoP22+OT43++WiHy724dxm9fNqgHB7KIfCCL5tfWnWAh/O63XtCDGNZWt9XtrSfN60q6ejK+kWEMEIwmi9t96BKMC37maRzg2IyNIsW9uu6gSXeSbCsRYEBkR1X3p/vq5zs7n1ueumtq5bFcFwgnCz5Ie1ptd5ZhY3V8vNEOVZGxjm1rsSYdoSuloz7W5L0+wRwkPdAVFEwL0QhbtaZ0YNW9Z1a72bqVo3a93UMqrDERyiuzXmYDLy+fWoYf6wUpC4BcQuAkIIRPI0F+82lF3WBhAQvs8AIyD8bip/+vYErj88z3/78emX644ZdUJBf8PrrwY9VTTwpj0siAUBSq0I4K7addUNIWopZqpmm6p62nlN1bUrMZmqulUpm6oj57Koeyxrb+4gnKbo+TqTYLdN3YHpepmR2LoTkgMikUZsvRvgvKxbNw+ywKGOLGKm5MHMHti7qQYLu+mxwBcn/LNvT9/ej1MF3bqjI9Gl++8e5799v/7HR/94sbWZmaWyEAFE2DbdLstE8fr2+PPs//4xPsyxWrSuafPLjOHYyd34ctGlYQogB/b5530b/gfJaeKa3BoE/N0vc2X406+Pqu3vfnz+n//6h3/13RPuMXZ7ykk6hAT8UODXXxx+89XtVPA40Ov7ybrOcxsrD0yu4ealcE31SXh4lCqM2FXP8/J8vmDQ6TDen4Y396fToZzG2jd9uMwBOA3jvGxMQCxE6BFmodqFUKRq23rXrmqmAlBIbo6HcajMqGYoUArXOqAkizmEdtLDocrtcRLhm9OxDjU8erfWbF3WoKhVzGye1+t5XVZbW49w1dCuvXdkmMZ6OIzE/Px46dt6GuvdsfzRl3e/fnf36lAKwFhLOMg4esDD4+yhN6eRBb7/8OnnT/OieF2NSIix1BIRpgpIhyr3FX7z1el+pP/sT999/cXtNJTHp+X52q+X5f7mABDLsgTBufXu3D0ucyOitnVhfnV3PB3K/aH+J1/djWyoNo5SCJk5zGph97is/ffvn1bT1pW5dIDLqo5y3bpSebpul03XpmvzYShjFSYowlWEyWuhkqJtTEEB4O7A24MuhTDlIriXRzEWGQoX2fnUARCAqrqpNbNNNUmFg5TMt6XEzBEzYc77ApwjChMgr2rXbc1jcy+gIPYFV0RA5BVF6EkgwRftdoaNEKEIp+B6LDT3ZdF5M527Bkq3UANEC2IMSi+fSDFTdetu3TQCCGioY2/d0kdUxqFSQKzLKgWZaV0XR9moODIy17RuEBehqVaGmAjf3Qw3tQjRONRxqOEmzNuq87wwwzSMEfA8r4+XuW+9Mpjb06JPq84WgIyhA+FpHApRa21dt65KKL23bp4JaKva2m3VcHwBliACkbkHkrqHIwSYZ7wUqIPnYAgQkQFRw0z/oPHOIYIjpNs3XbI5BM0rTx3UwAMsHNElidYpZd917mko8Dw9TgVeFT9JCCEioxBJKk+SP0JZPcNeqzAz74RI5M87ASDOxUUuAyNrGqb01O6KFETc6fTMlL5XBGbg3QeainvMF570ZmLPJCMCBA4DxB0Gk3mrRAgeIswi2UTEDmskxPLbv/8Pl+tlkEHNEehl3hqJTUMiYgwPRLDcD7xIM/ePCOy6FEIGYmTpvR2mKStniExkBTPvTfMdyxk/MecvjInm6zk8CotlzZlhUDmPTxWLRYZCZI8ciIB7g7dvIXi3lnJ+QTjyrgo6HQ+vXr1ZtkaMngG1L98wnKxrBmq5xR6LCykGyCwxQobUM2UzwEQpZ1LVXeJFWc7q1tZwoByi4WflO7pZIO1bdNr1/mnZEPegfW+TOCHa1hYAhJybrLQZ0R/uwFxxRFrh1DoRvWw3kDGCMMek4UFMkFDYTOMl9u4BwALmCADuL8uOBKRSpNEhqWXMe3eV3otITsgetoARwSIp+2ERc3NtxDuXnwgCQrdlmg7WwdQyFxUJ3K1Hf3X35rou4UBSIz/IQVLEMF0QxOPo5pC+KaRc/yUYGBAD0QEpeQIYyJyXvQcyCxIRsgcyc6VSxjEtF8SCxB7AUkgKEDEXIAokIEFmpMJSiAVYUCoKSxkcCEvlWlGEpBIXEJI6ylhI0is8EFMda6kiRYRpKHwY+HaU16dyLDgyTIUyYHnzULOuYOrdwMzNTCSkBCEqxNPqmxqzeJRNYe56WTUCijAzz923rW/qFijCDiGChWnd+qetFc63182iMA/FwuJ8vi5NiXldu3pIYVMHzCcAsqQO1QRYedjatKc9CyHUMPX9wpVZEYK0MuI4FOFN4XG7LNs61GIeiDAIYffCUGvxQkVK0751I+GuuiyNEOtQSmEP2LZ1WXUYZEfk5mpPYW0d0ZnYItQ0Rz+IzsAJIjD3YLCwZeuI5t5VOQgA3KynhJQpkWfGwswIbu5ACK1ba1FZ5nk5+fZ1WT/qcVUOBESKSAGwBgQTd+uwz6UdYs/pgxdtEBD+fF5+PF+TGiRBAhzWC8Or4m9r1GiBsViCZIJK8YgiRBjoHhAUPnCZagEAC9+6BVLfWiCCR2UaBw5LCjYE4Xrd1n6NwGEcullaEjYzW7VyQaZ5XYUhwoc+IbgUBLUeEZTufLu9lUPHQu28WBk5mD9dlnlDJtaAde0RPg1yfyhf3JZDkaFKYAjiZdm0NXV5vOgv58tFuaWvMvZBAQCuXaHjzVhvBzyN/vbEj6v99f/xu989R5ShqZpHutci9jPEc8KB6fTNUAbYb3B46T4BwJ0AHfcFQGogAwRdx1r/l7/56fuHmYj+7uf1sjQGy8xwAIC9usKcUv/6Tf2jt6e3tweCfhwIzJelF+FxICIAR84xZcoYPbiiMESAGJzGeij3EUGMBKhmr28OhfntqXz7xfS89HWzh2dxIA16vm7d5VLs4bkD0jiOc9i6rn3rbQ0d6jhEv7TDaerqW+uIMA5Viui6Xs9XrCWY102fLvMP75+HwlSwFlFncANiNS1VROh6mbPqdbXDOGSivFps6vPabu+ny9IYNBCHWr5+e/yzb+8H9LFIYXx9e7i7Pd7eHB4+PoW5Wfzy4fnLb169eX24vZu++/n8eP3UenMPYBYuvek8rwBxLPKrV8OvXt28PQ0DxTdf3IjI4/M8vz6iB97UUWAah+NB3j/MP7x/CBk9UD2GIsMwjQMPA2trtfJADma9q5kH4vm6oHek46fH+bL0w2G4OZT3D9fnpT8tNveoAk1haWs3IC6ESGS1MoQLE0EQOCEwAoSHGVDOiSLnhwD+4oXbjXc71EcAwwg4DNS6ITFxVzMMQiwigvsq2V1ftBmWzX4OWxFBABV8KHiorAGt08CUWlz3sKzMIPtfSDgLIlQhCDD/HBlEEUGI3Sy0H6aDkj1cHz88ffJA8yhlCKPNVMooTGwOEWWsh2lS9R6uZlwl9eaqfRgnc1dXAC1CZoGDuHlXZ2AkGoeiJmFQuHiArbMIDky++atXx3d39aYSAnRzYWGh8ECxaKoqXmw8jC7U1r45WMBpGo4Hfli2S/OHy7pu22kab0Cr0GniUmAzDzBgJMatayEipNXMAPSyXVYamSaOw1iZQJgxQtDHymMRC0djIDTbD0UmJwRmcEIPX5t3oiIoTARoDt0iwhPHlIe2MACyJhdsd2eSSM5MQS0IjHLHmHzCCHAoiO+GOBV4N8CPG30QeiaqjIuaiDWmXjC1G713N7YNkYWk905BGF6Imglb59BuSAjsotYoiDhNrySuDcIcCVTzOSHEMMMAEAQ309R0RESutQcRxI3cNBy7WjYW6Ur3dK56TrYCUxebjxoXNwP3ShKBa++UEHdHA0WAdFG+2C6AdhADIXCkoTBSSJsPM7iqh/+3/91//zd/89f/z//9V1jIu+d2JIKtK2Q1lyZsQOu2j/QDGcUjdrdhUOzCcHBXJKxD7VvPuPC9/nzpPzxXCvsPGB67MGmXjkOY9a+//E2tww8//pDU/tweWGiGZ4YGZFFJgEAe4b6zH152RIjg6f0NdzMHgq4NM84WM9SMvbl7djgRyNb1s1TLA31rZazW1NSpcL4rHiGE+KIKQo+A7AcSM4SZxAq7jG0fIuSfAhFMzfsGOWKIyGI9l4hEZOEeThhEggA7ayyciLqpq3Gt6AE7Ashy9g4EgkTCfeuEqGl5DAp3JBaRBAqlBiglEsyYHRUSEYK7u5u7fvvuq//mf/wf/qd/8S+C2M0jiEtFQkY0p7v7N9efvnePQPBAYoTAtnYiIGLtSogiJU/WCCBgREGkyD0PEwFRZVPcm0JK5i0j57qgYAShADNz3bWDqRlKIpBkFy++w4UKsHApJAMiAVOpE9cazOkbIKlcipQKUoiZaym18lCQhYtIkaGWKjQMZRzobpT7gU+VJoEqKIXDfbNozczBDFTNLBAcAYpAAF5bzE2bARERS3SYV127d3VHEMJwX+Zu5sAUwgRhFqCtFh8orONsMI481jJfzsDIJOFxbXpem3bbbMmE4/naEG0obKruoOqTkAxipga4bNrUUnWZwrOJy1h5Ei6EQxlK4UK0dt2adXMGOQ6HCHQE7apqA2IgdrVN+9O8pLAHAAKglGLuiOW6buY+1EpMBh5dEdzDGYmFHUCorK17gJphQCYxQZgHMLEUdPPWVyEqAiIUGF3757EBEaopIw5FwLTpWkSYGQAYxT1Mzd1F4sthecWzT9IBgcfHFT8s1IKIOaxV8kqwRVFLQIETI2ieiGg5kHIq5BiB3o4F7qvfsAlYCkozgZwYg0HXVT1oKB5WhIigChGSuYNDszCkrfu8bcKpCTLuhoWDUF0dkLkMSMNQVVdmBpK19ZwTE8PpdCzC83yJiFUt3LqdD0UORUS4u6v2rXVEuj/U4+gkHjCfSnSTIG9qtRwrxc1Rbk+HZdXLdVEfUMqq9vi8PTzOlw2uq6lDUKqSHAIISaQEABqIwJ98Uf/5V+U4wC9P9v/+0L97RCL01jMSFV42kxGA8Zm9nJSlHPkgRPJ+kxGB7kF7ugnsixh8+SaA2o2Y/vU/PkGgIHJohAGXXDTmpEUITwP80X25HWgqdDuJFAFVBDyO9XQ7lVJcDTDqkOyN1IQF7pxpZ4rTQQCAgNxDtQ+1MnPf2s0ox1HuhkVKgbjdtmaBBqjha8efHw6Ps3587h86yFjG24kIX90dboZCYVu3xzM8X6M5HAZmBgm6ObwqtYB2bc2cWAoCzE176+NUe9Ony3ORobCs6zowaddl3W5Px4AwNdftyy/uXt8c53mpglWmcSxjLWH6629ef/Pl3e/+6efo/vb1aRrk/HTGiMv56ub1MB1O9cPD5ZcPj2rx6Xlblq4OXIprl0ScIxLGuxP95TfHAkbeXr99VUqZL8v16frmbhrGgoiHQ3l+vjjQdYlrI++dGZlkXdtYq5ThfF7Oz3N9cwz3m9tpGuvz4xUA7u8PTPI0r8/rJoQ3IwfAD5/Wh4t3QDPVkuZ7qrUMg2QuEnoIx3Gq4S8am13AG4hu+8Q0nznPxRInRgYwXZxJUnxhd8outSUMQEGSwhAegTsmhXblRi7QwSGl4BBQmCwcEdh8LChEHhFuOwIjIsAJGYk8bayBGL4DCRmyTfJuVORY5WO//Jt/+O77j+/PrU0yVKn3N6dpPFy2BgSb9kqS6VcE1Ho339lroZbjXrVeMJjIvGGg4Hg6HtRt3cKRgMC6BzgCCjNxESYNreyHAiL1SDRgFAwS3rb1p+ezghNRLaNjNNX2vOB13czUQS38wkyBiEWYkMbKjKWp/fJ8jfCxShkYGK23CCpFxkq9de1ELEDQXRdFdbpsVvselDGWUiWGpd0dh7FIcEjOxdPPAdBz14YEgMzkgK0pIxRhJgbCbqEehTH5hwBIYYWICZubBzRT2vUcwBCOoM2QU9YDhOTuSEEAR4JpgvshPq3wY6EPW31ufm3WhljX3kS1q5j0rRuhFNcu0kRZvHckNBWVbttKwt5FtTsC6suiQKyt6N7xJcs4exwkMyN0C1JBNqQIhSAsAu4GzrXGBlSChFQtECGBAIJC5L1zZVPNR9qCiAiIgDhM3RwRCrNHELNqT4MmAjhghtym3IjSuxngFAjJscqhO2g4kajpX/1f/+r9z79399gCAdMb7K4kJAymlpIiCsjpfVa2KVWHBHNjQH6W0nsc0ZtafM7pTC8CuNk+K8rC2PeNBLP4y3wcAJnq33/3nUEvhXdceF7LgOnug5efEogi+fXp2fCdgbk/L+6I6BFMe3GOFPtqwAHAidk91Hp2tsmk9IhwEEIQAYh9JQERsD/BsuM+dxXTDhXJgUU4BKZxOPLGS+jIjrkMAACiEghulj6PAEgzOkDmvDkiuXmypDA7I8KI4FJylBVIufhAdHd0szqURJ9kkHIEoqccDtrW6AUKmvO5TAzIJRXszwkkNksNfvu330kdrQfv7rtwdQJm4n/6j98BwiijQQQQEptZ7sMi2VPIUkq4uGUehAByuhl2nAeh788AEVHgLt1CEcg1R2RJIJZhyEBZ8SOJY359CWIkSv07HU7eAAAgAElEQVQPCCFXkoFZsAhLRWFELtNEpRKnTIglPb6lkAhXqUMtgxSRSnQY5GYqtyPeVj6VqITI5ABL097dDNRDu6kDggshAajH2mI13zpYICAyk266bqoWsTu1gfeDC4ExiKyrWYxCr27qbY2BIQJY+HCoYHo6DIH4/tP14/M8b46ABmj5mAIgOAa6JmkJC0MtVITU4DI3VceIOvA0DeAe2l4fh7tDPQ2CCCI81Kq904ZF+Pm6oMA4Hh+fn0ERsyd33Qxat6ZhQQbOyEOp67Ze1gVZ1D26jYUYvfUN3BNYQVy8ezdzC8NozQ1CiBA8dXKMFB5IFplHZk5SzHtgELFpAuPFHbobAZiZYUcgKRKArXUmdPAI0NbyyonYEImjFUaO9cD2eoSgEoDudhDsePztGfMjn7YjzNrT/U76gb0ABFgBnRiEAsIggTOOhRkCY9cgGWfrGqGhbqyA7uqBa28RmIOdwgUiCsFQMMxMrUGohWo/Xxuhl1KoUDLBDPwyL4EU5nPfLm0RxkqCSA28bes4Vu9GxzhWIWbhuqE7YkEUBnNfltkBqwhg3BzLzXHAsNb7+RpLZ4VaqFyu/f3Hx6dZAdly2chISLbP/SmJR7lvZrPtvP2D0nmj3/7QqI5E2LU7AiHHZ0d1vMiodsnmvgD3/Q5I86RHBNjux4rIxPR4uZBy0oHuDuq8jx8gMFL3TxBZsRHi7QC/fjOeKlbG+5EYuq7GWA7HOg0sVVqHsKiDFKFIUad79h4JYGCIQDbTgGCRWisEmVkZixTZtn46TAho5tNxImYgCI9l7ScZtx7LO7+0m0/P26frujYFa8t1++Nv30y1fnygKnd3N8fe2tztl6d17nGZtzoyHY5FqAqtW58bMorI0JSrwO3pBskYa2UhpHk+f3F/uruZTPv94d3r+/Hd2/vr0n56/zBNBxTs3X/6+dN3//jzw6czBry5G8c6qKoDzpf57uZIhFyIC/3dP/3y48eLIl1b1KGCOjCPRSicBF/dHr54VX/zxVBA+3UdT4P19vRgwzje3BzmrVXyAECXtvXvf35+/9iQWRC7KpAzo3tsWyMEET4MdJxkEDTVbnZzd1DwZbM61ZupFubrZfm42MeztUAAlyJIBOhFhBkEPCCYcZBS9pI/p5HJTuG9BdhZ375rQfZUpD0kM8JyIyXMER7uiT3IKNScM2MEEZoFuJUUZkBgRC6KgnZrT2q7OUMuaRcPMmGQgL/oAXLVSMGAnoN/CHcHymSIKCBG/re/+4d/+vDj+/OzDJWRezO07sC+9FqMIhiAI1zXysIkARihSCBEAh4OyCBEbmjaSSgXp3k/F659W9atn+5uj4NY503JDCKMkI5DpbDKcCQiiGXrAxcwE8bDsao5QDj4MAwVCQDmZSkUdajqeF6tBxaRLSJMQfvtNIrU83XZghfzZQ0mdjUH33re+Ni6WjcEOB6qGXgtozAQbZuqwaI+1MIAj9tye6wH4YPwWDNYNvv0zImCXGukMyMI3RzUhYmQ1KwZFAZOWFDhHPhjgIYDEgFwABMwIHpYWhktCIKEXsbRgRiEPDF+M8arAT5u8ONCHzY6d5sFWqdlo9aVhbSwNkVhroIrWxdojKrIyEKuqtKhNyTy3qx3NHXtNAAqOTlxD+NIXz92QgLtEQhiiKlX9dxPmDW37kRCpBYs7JkWw46WfOqsv0LdkCif11TFERFTdVeI4KAXsy+lFAghbO+dIwIMEdzMdDfLZkWC4Ahh1Mxqrf/23/x1LTIM49a3Fz1MBAQwhCaelHKrkO4XBPRwFg7IyNNc+3ok0z+9DQBSJNMAIsBf1g4UiIWJWbuF245JSr7uHhaxC/8Yq6p5eFL5PYAAHSEw/bmEAaYvHhKgtOSnmIyIwtzMEVMPnxYEBEAkCAsHZ2akDP7JHhM5U8YiIIgESWi9rpTuU0JPeRUip2YJdw3sjsOBvCI9CDmPGtjHXrsewd04X2yO4fP3kJIjSJEWEuHhcNj6Bqmoe6nOAROdTuDhZhjgDmlwD99fXaZ/EFGkyylS11viDyz/vd9ItomZg6cLG5kZHVjkMm+//Xf/NgmoiARAe1RyRI7cCQVZchNreQISZRmUGcueEKvIt5AcEFGAss8RBIF8gEXgs4NGKiIDCiIRCosgCXJBZJLKpQYxiiBXkoKlSKkkA0ktw4hSUSpL5br/jdShDKPUUWqRcch/6jiUodZhqFMdD3Wc6lTKcSx3B/nipr478etJjpVFKAK6w7L52n3tsTVrvZtnNF10i7XHrLBqtA6beSB299ZsMwNAZIpENJpiOAY6gFpYN9eYGO8HenvgMH26rm5xcyigrW8bMz/N+v3Hp/O8AGA372Zp60BwkgwwDyZiiuNQDoOYx9K8dYVwKXwY6sh4LPTV3eGr1ze3o1C4ULKAQN231tVh662pNW2X67ptfWnazZE53BFBRMzcTFOa794z1YsRxlKmWhgsXHvfEEDd3MHU2qpdQy3XeTbVMrDsyRluZh1BKUyYIsORQx0ya1MjcH97zQMw4XEJ3NLE8Eekr93BEUE1dUdmYe5mqk07UCQBlcAs6Pvt8Lzx7gfID7w5Qnwzrn9ybEdajqwTaEVldEKLcA9NEUJE9K21thgYghUkJCOMbr25drXWbFnavKkFdnPEqIyDkBAOQlVoLLVpC0B114BSBJDXtZU6dAtTG0YptaiFenSHpE2rqbuPVUrhUouZsUjvbe1qmXgOvm79um7MFMTr1uZ5aX2TQuu6XTd7Ore1w3W1p7N9fGqtw6bazbata1ggB4BFHnmewYhMcBjo7bGUOv7uAX86gzq59r71CNilm55SW4DcBu+DicA/qBtfRKUvAomXcw9wx1vv43/mz+czIgblHhgwIMXU+YTjIPzlbfmzdwdGMLM/+vL+zd1kvYP5cSrTQYqQO/am/GKSw9w5YuRxzIRFRBIkzJIDCAwngqHUsVZiHmspRRigCIswMyJQLTxN41C4CNeCR8FXp3IoSBhrs83g8Xn5/S+P56Vb4FDlOm9Pj5fb4wCuy7zOs24a86o//vTLze3hMI1t2+Z5BbXWtle3B4GgHWAf01BuD6VQ3BynWqfedVN/PLcff35cmn98uF6X7eb2eJrGKnw4lJupzJc5TA9jmYaCEbd3N8TYto4QWMpz89V5aYpY1IyQxsKMNnL88dvTSaB43Jzq69cnbTqMQ2E63h62tjnKTz99VHVAXC0eFh8OhwAwjW4GQCyoXSH81bH8p7++//rVQQjVeiDUsT6d2/PDfHusVaiU8vF5/bT4EggQyGJqGUw5FGFGDGCMsUgtLERqBpDH1G6SRAhE5MAXV+BOMqFcZRABBkGOzADCiRHBX/CduIdqwm78p91LkIkSnoBwwKDdYuC7TDcHVJGszzSI5rI3Fc8IGAiZukr7dQ/IjBTIgB/n5//t3/3Vb3/33fO8AkipxdQDY5gODvx8nddcvbKIIIQmgTwiPExECqMwVkZzjXTjuOaPKixEXMo41DpNA4FMh0MdBqiDUgFERix57UAMBQlb9FbD7k6HaSjb2kz1MI0M0dUv87JY770TpvlOfC8JvKte5pUKC2Nb21iYCTnDrt20Wzr7zTwVDfsYFsLN1X1e27w1ZhAiwOjm13XrSLPFErgonLdtU9unB7iPe9Og64AZnBKASYrMFw9IEWkvhvQmICIRECMguocDdPvsegvizEnAANwzCAh3taIDABBCITiWuCtxKsHIRIyZEYaUun7AjA17MQoLQXogiSA9oERInJEumAx0ZKTscjP3MPMEiIVSxZ3VV3opidl2yQsQEiJxcFJ3sor/HHSQKh3inQm9W2GziyAyd7OefgL3wB3ZS7sGnTi1mi+GTkyDQw5i4qVQJyERLHUIpNihmAGZa4bISC+e7RdFC/i+adgBQw57lEHeCbkb2C3B2u3lb/dSdq9p80ZIqVNeDkyM4uYvG50U5IcnunIfIMEO+PcAwN1GHPsRETkPAEAk20VU6bylfN7c8u3FPc09Vx2JsoE9GdDd0rOBQInAwkBKkaI7pr4/gIHKPu5CSroqhOdjkxDyDCIlTEQY5M9HAEAZUBT/v58b6A8hC+EQr16/M9VumkEbuy8cdtaeuQdBHQbTfjhOqo2rmDlnHB3uBqVah2Ec2pbYLibmfYefty/vUxYSTONBBCCRmxsESglED5BS4OU1J85/Tz4GcANk8lSopb8SU6rFQJQDeyQO3A9t+AzQohIAIsLMJILIzBWBgQQos/oKl4JcuI6BJKVyHZAIpUitLANJIakohaSgDFSGUgYeRpLKtdZxkDrUcaI6YK1SBxmH8TCWMkgpdarjMExjPY71ZuTXp/ruxG8mOlYUpIho6kv3tcWm3jXUXHObRqAWrcdqvmmYhwVoeHbAfX9cwSLUzNUioBAKS1isrYV7FRok7g/8aiqAOC/G6F+9nl6dCpip28N5/enT+bpuvmdDhap5WBFGxNZaBIxjLYUKYhVovT9elm3V9HEK87Hym2l4dze+vpmmWkSYhAHpOq/LullAM396PhMhCV+ui3p0866GzNdlM1cCULPwEEISuBmGIpxej7FWDCS0HPGaR++hBmuPddFli24AYZVJmAthV2vaAcKjC2NhyUfcrHdVQPRw8yBIJWVy+z3MEwlgO2U/CNnU0l0KOzYy1M09ARKOAETsDrkbVMOft9NjmwQ5Et0NCGEGUaB/U1dCDaJ1XRJGG3tmYX78TDP2y9RDp2HE1LI5aG9AFITb1rR1zIRGAiQaCjEAhrXWXzAPOK9bIBCh7RRpZJHWmjtA2sOE1Y2IEcnMwU0KDcNwd3PMWXtzP6/tPC/na1u7X7ftcr6Gw9p13rZ57U2bMKttZr5t23pdbqby9evp7Y203p9m6+bL1tfWgfecSY/ECgTlDIOCyN3istnTgpvDtrWmPcEdOZbAXBkCwB5jvksWE4Cwqy3TO0WRQwjc/8dEIACA7z3Dbv5KIsY++SH4/5h6kyY7liRLTyczd79TDEDgjZlZnZVZ1d1VbOleUoRb/gJyw5/LDSlcsaWri11jZ3VVvgnAQ0Tcyd3NTFW5ULt4tXkCeQACwA0f1I6e8x30WBq4hyM8i7zb8a/uswgzy1dPh7eHIROb6nYzbDeZCbRaBMIGQeEo0jJhFmFwF+aY6SWRf877gSfGKBSGzuUAJhaElBMzCOHnBpkQTbbTxtzA2naa7g/T3TY9bNNvv3273aTH3YQA6zwf9hsAGjJ/8XT4iz//dhLfjXmT+Zsv7r9+2r2923zxZvuX//ab3SSbUe72m8NhezzN738+f3g+jdM0l4Vk+Ph8/ec//nx3t78/5CHTZuC73bAZ+M3j5n6XN1l20/DmYfewH0B1GvNmSEPOzVotTSQ1M2Iypr/555f3x+W6FEdoCuuy3O3GN/ebgXwi//rN/puvH5kAVe/2u8Nhaq222s6X+XReU8rI4MTvT+v716sj1WbzWiJNNuQ0JLkf6fdfHd7d5cQ0DJJyul7W42lW9S/ebIdEp8t6upZPl/q6WikaNehukIWGJCl2tITCmISEGRC1taBqUneVGRES9AzubXzAsDdAX8cHqyVErhhuiJD8Bp5BwMS9B5PI5SZRMnMgzKMABBGEg9fRM4rCPexCcVyMkSHmD/NOGeoelrgbHMyXtvyf/+X/+XA976etKjRTFiEmGYY8jJnTNOQpj0NKaymOMAzJnQAFOQmzeSNCQhARQI5+UUdIwttp2m7vBkoCNApup0lSihhRAZkN2T0zadXEAFpzgm2Whym/2212Q9rtNynHBs+QCXl4na+Xpai5JF6brrWCw34aE9h+N+6njGCMvttszAgIc6JplEEYrG3GlITAep7LraUsOXP3W7CYg0aHKTgxK+DaWm12Xsra2rXqy1qv1as7AIiwcFRyIQBG77KamxoxGoQ0hNq0qSGSex8oPUynvXcJkSjKJQ2wNe2jcBQeR9YDKfwXERMFcALIRDuB+4zbBISEdDMhJ8KQUGMSjMA4UfTNIgXshIKKEzhRQGKSgGLQjSLkSCwY2ighAyD0vwP1jRZ4TtJcb8gfsNYiexr9ZW5RJArUKWrdDQfxRwMQwzdPXzb3WgvFUaTna4E4wPAMQG4A6ITC3IO81jEzYT13c1dttTVwII+QABmaWUMCN6AUfKMo0whGK3w2dUa/VSwMXB3DM4Po6uhAHBGxoPEBIroCWNfpgyAS50hwMNc4a8TMCQG9DypQLOLMwY2EuwEnXqxRMhuDaQ9k91u2ny4QADA+BiZSDSJml6zdjIOmo8ZIgGSugJCGrM06vwfA1DmY3wAMyIgQB1ZXZ6Y4nQJCNAwTkQUekTD2FZ8vRDMD9MiUR7UWEgfb3AEB4Xw9u6ug3ErMfzFd9Q0M0TiMAFhbVde3b5+saV2bCMd9EqeauBkomKHRSEEYUWBmiSo1ZoJYRRCBOzLHidPNGTmahhCQU5IkwVBmZos9SoR2sbd33Y6JCMQWLEIAYiHuR2diRhZiIUmSJCBRgBmIgARYUsrEyQFZEkrqJV8iMf2zCEpCTpwS5YwpS56C5c85yzjmaZRx4CFjSpxHmYY0jmkcZMhpyGkcNttxGsfNmA9DetjIu4O83fAhU2JyhaW2a9G1+tp8rlqqtaZmUfIFS4G12VKsqjVzdai1qbs51KK1mFat6q6OZnizz1trrakgDQxTxk1iITtellrtsElPe9mQQy1Lsw+frq/XWlpjwZSSqZXSYqlt1rRUcMjCiQnNU6Kmel7rdV7jmzgkersb3u2nN9txm9NmnNx9nktr7XSd3YET1VpP59ncq/m6lqKOxOvaHLysNTB7a23NGrgPiUErAC7rWkxLrZd5Vm2EuJb1Oq+1WlkWBVwKnK7lulYm2CRIBOaVENS1tuoa6O6mVtda5lKaWjBtw1ES03bg4ZiQmUxNa+vJJo+eQkiSwnOvCq3VeNIRgZm5RhmzOaAwzDp+f53UCajTgTy4ukBv0vyQm4MhgBABuAK4Y6vN1NRsLauZIVpmGiQNaXDwUuuyrOtS1dSB1D1gfG6NyFMSQl/mFQDMdcgJwIqZItUIqyGYGZhtxpQFkUCSLGuJ790w5Hm5SkrC5O5Lrefrcp5rqeVaVmc5npbjYqtTUzTHl5fj6qRgDWAY6P5uysLLPGtddpv0xdP93X6aEl3n+Q8/HOfSMA6B4dE3j3MUETCRg5uaKqhCbR2cD2Z04zj03wAd7wNofVNp/dwVN/BNUXKMVweEEKUhu3pPWsYvDhkNQxDD2zjnBu7K4Ey0yfyrN9Nf/ubRAY/n8vYwfPO42Q6ShQ/b8X4/CcUk1zteJUkocRBBMFN3ADcJtySyO7q7EEUcHwCixNPd3cDViLCoOnjiXNRabZf5upbW1KqqMFpUtCO2tgpBFvnw4bmW8rCboCkBqFttfj5eCJBdQeubx91uM/z4/YfL8QoA1+u8naay1pfno6vlxE93m+0Iv/nVO2htuc5Pbx+RIGXRVpjg+nJysIfH7f1u480+vn+prdZSwI1TYsaX19PxPDfzlKQ1eznNz+frDy/Xv/3u+HxpalZqJYfDdnx62Aq0Q6Y//fbw2189JsfW6t1+s90MgPj8fDrPa4P008dTVU1JPrxcf3itx0tbSjUFRxCmnFIi+/p++PNvdo9b3I55GrKaPj+fg/O63+SHw/jhVP76n36+FLsU//gyr2rRq0ToWXgahAUhoJHR0xk+ELBb7yMGQiqYO0DoHa8SdnlA7G+S/h4LrAj1fH8vxqaeP3ePoi7q0lP05ESpdO8DBnRwJzcVIWb0G9wabtd2DIuhvlEkta3LtPECBHAHFaallfefXmppXRxpyiQggxsC4uP93dPdbkzZ3C3UTcrxtRMhuYtwzLUoiUjUlSXttls0ejNtfv1w/+39/ZcP+8OYD4nuJrnbTszyWrzUOg0sRIPgNDC5v9luvn18+OJuS+6mNm0yEWqzZV5as+AlCyKZTWkYWbKQ1ZoZpkGaNka6XhZwXKu+ztfjdZnX2m7Q/ngUI4EQSk6mNYJ/kdluqqXWUtt1rdfSDMAcHFnd11oMPVBI12qvs85qBuCqiCQEGEW7jOZmZsLRqx6rHNTeuI6mZp2DArdjQCBk0AFbcwVs5t4JxWjuzdy0Mybjv96DyDiy7xM8ZNhKDNgcM5tw9E9gR5hy7wHwfgUFJ7QfDCK+Fh3ARAzu0JkJAQQLdA/GX9bDgR2ilePD/Rf//nd/8d33/xwqSVxZPVbaJ36z23Y1XB4xrZFQU3u8e1NMS126FAsYDrpu0Yx1mRsRuSngL9T70HVuB5m+gQ/COwA2bSLy21///uX0Gi5/bSbMYT5CJlMLSFH8UabmCLGRY2GnbktzB2GOI4VHFMnR3dOYHaIxFoUZmeO2wtvaDhyQO94EGcGMhMObQ8T9/IFhEMf4g6w1ClHgtquOR00c02PQ7zBUpHgP3taEEA0D4E7E7ur9JAHWumE2RMnPjE9GGm4RC4wPzjo2GJF5nEZA1KrE0faqxBjLAevKQX8jWohqYYWLMoXIZxADuJr+4g3CsHQFyADrWt0MGoDjZb601ijiERDrIwpcaKSn4+0Nv+BFezLSzKD7s9EdmAkQAgrVvUk9Z93P2W4mLLfaAEagDkvrnzIhc5y+CZmEETn8RVGwh8SSEiChxC2V8zipIVMm4TSNkgcHyHkcd/uiDZBQPp8ZhNLAnICzjCPfWr1IBpTMeZBxlCD6p4HykMZJxiHlIW2GYRrGMU/jsN0O2yT7kZ/28rSVu4GE0AxKtVjuV7W16Nq0NTBwM6vqq3oxL83WaoaoDmHnCePKuloHzXX4fqieHpAJMGCGxCTsDlZqPV5Ka/D2kJ+2OLANidXhx0/n5+u6Nm1aDX1d67yUUjSOct48TC/ETG5TJkK4Fl/VTD0luduOb7bj/TYfJgEEU1urztflcp2dSc3mWs7L+uk0X4sutZ2v5TQv16WcLxdCGqeJ0DMLuQmzWR0z5yTnZT1e1mrR7IEMGKVjTbWsJfz/81yuRavDdsz3G05ojGTeELy1hmAICqBuba1r9dbiQe4a7wwA11ZNDRAAscXPI7SmnDgR3SQ609aaahjKIy0UgajAuLVqwDAkAcif2jhrosBHqGszUAXERP6FXDJVQiqlAWhTXZaylmqqrZmD9b0UYZbB3Oe6zOu1NI1edUAqVdX6i4rAxyGpNmZi4dKaJAJwMz/N5Xi+zutaSjGA63lea6uqCHwt69wUOTlySsNSi5uN09QcFNwdmxogB234fF2vxarLeW6ny7ouXhuqTECALOamZbmczm7tsE+bKTWHudR1LS/H6+zckJEZAGu77f/wxkY1Q0ALFlCIpthtzgDUSzwRuuU/HqjxULj93zBshC6BnSzRd8C9VBncw7Edb6b4psUb56ZneDiprRFCFt6N/G/eTn/65d4N3j9f3xzGr+5zQkD37ZCz4G4aoilVWMJllJhba6XUZlprVTMWjtFRzUtZo2skR7RQ2AGbqraqTcMI21pLKSPgWpoaNGullNZduOyATnya6+vpjEk22+3lOv+3v//ufG2Hw/T0sPnqafftV/cAOl9WN3/Yj7vtuM7Xw3azybTdyJjTfjO+udu2UqZx8HWdMuz3Q8rp7/7x++Olnq7lp0+vaRou1/LTT6+ny8JCVV2LlnXdb8bHx0POxEy12emyni7LvGqtlZCmTUbm42k5Xq7/48Pl/amZo6QBkZnsbkwT4/n59XHD3z7tSLU1JeacuJodT5fzdQWkZq5EwjCX9t2n9YfntTRDJhYJG8XDbviTt9Pvv9rcb3NbK7hPm2Gd2+Wybg/T/WHaDOlymv/zH37+4VwlpaV5cyCC3tpIKITRdA4xHQn3IJ47ESbksJr2GSjoXTecOSH04yJ9XrojeRhJu43WwKKtKQRDRogqWiKn6H716KCIXX0XGSkkMQAkZ6ZeQBQib2y26Pb6Bby1ikM3v0AsLA0AzO1xtyu1HJdibqraDcKUkWUpbS1rTilLuswzJR7GnHh0QCYYs2zHEdEJCJwicpgka2sOKG6///Lpz779YjvJ05u7/TRsMr/ZT7/78uGLfXo+XWbMIsLeCHQ7DoNkdp8EAcpS1mWpgRoBNEkiwof9dkiciXabKScZEk5THnKupWnzeSmX6zUJ7/bbzSBN15QkZsmmdp3X1hSR1lpNHWKgwF4KpLWVVlMSRFKD2mxpWpqao96GXicChNJsVTsVf57LpbRSmgMwRr1oiL4cxDD1cBkTC4dSS/07x9prUGPeQxFEB+5mIVfvkVJEUge7LRn7VUS9vCzMXSP5IeF9hpGpT+oMXbgMu2IQ0eN3SmeGxkYgvA/dANFrAaLyqI+pHEO/998R3kdmAWQGKLUeT8eqhTDMFGGapFBTzdy76S0mOUIkEjE3cBeWj8/Pa52FEqfUDVTuQKHS+k049oCbugfbp8douusE/9WMF6dvgChEU/N1vRJiJMHw9o4Gc4BeSIWIBORh/UDsK4j48Lu1xAFh2mRTNwNO3GP1EZ1x2O62QGC1WqyLCUM57+zRmyUvoPrdYxQmntgjO35uzZLEUYrltyshOjtvtW7uMRL303/sCSysOsM4qMXp8vaxgYXnvQ91seQmAAIWSQBGiIwCiGZNEhOLqgaBtZdZdkyGgxklRsTYP8ZnGRWhYUPELmtgrykkDDd/6AyA2AsHrZ8twbEjNZjdTETCzBiyCDjcdl5xxujqPPwr0gJLdGnhLz12AGEmi1VK3NzEEp+dqRLFWc1vB00kiCJuR2JAhrhQISr3whUnDgBhBwcmTrEWUXUHkjQ4EBBTypwyEhvQ7u5e0lBVU86UEpJIzgH1xzxIzsiZJFMaSLIMI0+j5CTDwGmUnNM4pSHk/yFNwzjmMefNNEwD323S016edulhoIHB0ZvCUnQtvirUZlHlqw4G1pqvzUrztWhp1sxDym1Ni6o1a2q1xk+syOwAACAASURBVN7LidBNo+EF3cDc1MCMCcI+ttR2WdZ5ba3BJsO3d7JPAO6r2U/P14/n9XxdgyVfSlvW9vnujHdMrQ0RDtPwxf1O0D9d5uN1bapJ8IvH3a/eHu63w24zMFEpjZKo2VLLqv7xdP3p9fTpvLycl3Opr+d5LgUQmNE00rfkZuy63w7jwIMkBE/E5nie1yg/L1pbbYg+JFStrVQWrq3VaqW4E4nw3ZjGxIjmoA6q3tzVTV0bQBw2FcBisowRMqbuwGk3VVOzZmbN1dwjDBowKzPH0moEuTzyf4CJuLZmZtq8thYJolU3H2ZZ1VVbKxXiQeWo4G/Sep9WNa1NW9NSS6klAvrkXuvq0JKwG6j6Wttcipq3AE0IIYo5YkpaVLWZqhBN4wQEzVpKEhYFRAhn/1KqJJFELAkAch7W2uZaSQZzOJ+XZaml1iypaTteLoBU1npdm7sxJ0Ava10bIqemzcFSHtGxNluatbIguNb1fDy9ns9mjciWot+/f3m5XM38OutxpXk1czRz9WCtxcgN5GhqUdDmZqYWww30Yd/8RvGPZBb1bTEAeIgm4c0ABADFm14bMknEnQAR3AiC8NifOd2MG4aiWAAF6Q49S37cDb9/t/0339w78vfvX0nLr99t97tBmA/7McD8iFBLE+aUe2ETEFyXeS1rMztd5+NprmrV2vPxHO/vps4i7o5IWqsDWm0iQQfoNhNOlFOqqlV1yCmGzZfL/P5YXi/l2vT1ul4u63ku69oe7g+yGWtr5ojuQrAdExNJ4uN13h1219pqqUL4m1+9GzJqVVNHaw+Hzf1+eHM/ffvl3W7iKaXHw3a/GR7vpl999fC4y6T1bjcc9vnd0+PLy3m+luW6mOk4JDW4LvrpNJ8XPc8LoR12WyEyoMt1BsTXuf7xpR6XRsJCjGBZMLNBLY+79JsvD/tRDvttGvLr8YJI61qXtaYs28Pmx59ervNKzK/X9v7Unk/LahoKUkr87jD8xW/uHyfI6AyeEh924zKXWlSGRAR1qdsxv6z1Hz5cVwNrsBYFh0FkSJISh8GdCbpEhRFu7DRxBPQwiXV+3+1sGedFAIwzAyKghVOfwImQKCqmewaRe+sr3gY8IPQu937OEhDEecA7/Q4IIep0bruqbhLDsFpYP7/+ItzF+QOx684G5ormjPzu4eHn1/On85WFcxrC7OoOwtmdotmDCOZ5HtM0TQdmBLREuEkpEWYZmCilRIC7aciIu2F42G32krbjxJxrMURQrWYIDqPgQfxS23G1VhpYEyARZrRaF0HYjpk5o1PUpKeUxpwTc/jv99stuM/Lsi6qBlFCT0zqLoReW0K/m9I2pU1mdGBiRwPHxCIpEXbLtUVJq3rQ83NK4QZg4Rh1HVxd1VQda3VzX1tt6oZe3efqZ/VFPVDLcXYHwKbetDvdW1UHZxIzZyZ1UPNYOtSma2nqGkeyyMEKEzhWtWgeQILwecXRzaJZDjsMwb23/g0Ed8l3CRLFWIssjNLRMKGAUGIK6TOGM4q+MEaKmZ4cEYi9T/pExICETDEThQxCLEBo6iyJCJZyzTk1dQT0aK9jJmJ3p4CJBIbGoZcPhIYSNwILYUjj5A4cEXiiw/au1ILhLop7yLs22VUa8OA3x5Aa+lafVcGYGcyvy1lIPJ7UCOo3wT/0c+9LiRDy3dBdOVF8j9zQm5P0vA4gtabU7yGPPEmcQkxVW0NAZu7nhr7sAUCIB0Y4Vx37URywz/fdTh/OLgyndtfBYzeIgERCPYjmTEicPn8KjAy3vxMRu6owKVi/UOIiccN4Td2Ou4QoQeAKcxWiTtvtulwxAidudVlVTSgBmar3lYUBOLZWdocDIV/ORyK2WiOr4LdTjQipGUbmzm9zIABH4jbYJABADgDI4GD96kyANVLUjohOgHFG7wY4hLh/+6POWCYGaKBgDUkIwLTzvWN9FKKfe2wC2KNjxwEAHTgoC9groLvYHwsIThznTjenxImSgXv06nn46ASECAWZp3EQGeZSWbIjMtNSKmBLw0gkRsiciTNLojSgMABzTpwyEFNOMkwkCZlEMuchD5lSAsY8DTnnYeAxpcy4m3g/prsJtwJBNFyaN7OqXqubWzOsAdghMLOm1ppHcNL7Ptm9gVrMRmTuFu0X7hK3nbvcJKuI+AQNs6mp6lqqeyPmTaLfPORD9qrt0+vy/jhf17Ysy7KWNGZTr6rUz/+oas3MTIVoNw53I09in1a9XCszisPDLr/d5imzqdWi61oN9Frr6bo8v16K43Ve1ta2Q0pJrFnTklNKCQlcBmHO5tiaxvtXm5obOF+W2ZDykJsXVWfiUg1Rwdiauzuxu1VwRDBGJGiEUM3dWmsNAJC9xQPIjdxLbSzCgOYtZLWmoK1JTmCKgggA5sIchkJEdPDWmpOABsGKAM1czSuAp1tTrJkzYs6i4IByKQTuCXVZ2y3BYuqAWgY6NQYEWGttrfXGTwpF0IZMJKSmpWo8bMu6bjdjcPHMvLa2rnWchmmgaRhCiZjX0qwSw7LMwjyXpi0choqEKQ2tldpqEjaUPCbhvJZWW2mmm2kUopQpj7t2OhICZqlruyzX43VJTkRozIh1GmAwQ6urrQjlfjMlyfO8uFYTH0VI+LI2KuAIiO28XI/LuFRyI+2ZawjlCt1Nrbq6I/lnBSIGod7xFc9YNzSIjTcg9gdrRKhCj8XPey43AkdnQHS0TvsHQCJ09t6UZABk6GjaHzCAro0ARZiJH/bD757GLx+2pejLpT7upze73duHnTAlglaUAu/tgASSycHX0oSorNWBZEjEfJkXB1CApSoQzaX+cLp+98OncciD+J9888UmyzgOEEYOhON1Oc8NCTdjFqTLZR6msaqfl/bpNB/nejpdvnl6EMb94+48yYePp8tlXa4/X9ry9HjIOb9///z8Or9c2nmul3n9cJx/OpbjtZRSq9rdf39RLVMWd/j66R71ampv3uyOi/38fDye1zRN0zgS6H47zucZm045WW2nT88Pu3E7ZiIo6/rh+Xia7fVSl6b3h81hM+QMObOpXpc5MUoefngu33+6mrmILEsBbxGxeneXf//17t391EoF9OtlTimVtTRzTpgHKcWQaMq5Nv3j+9fnqzlCFi6lbYfx67e7Xz/mtxNZo0HwcJjIzVrbjKNPAEDPx0utdRjzH344HS8FMYEwog2ZU2KJilRAJNQI2DGG+A8YrOxAYVun7fXLEaFrbdjntC5VIiKy3xAXZogkyH5zg6CDdWZOROb6sA5u0bcUhZcQZSkOYXhmBMAgyLuaqyljzIZRc+fk5KAdVg7kUWdhEUQGcHYWN9ik/D//+b89zuun+QoRL5Ws6qYt5VHSWJvnlH7zxVel0VrNrGURAnAgbcZk+3Ect7tlnhEcR3SAu/202U2QeFmWtrZhTNM0YfTOun5xN/0vm/x//9PLPxdH4MTY1iVlxpSIhiyciMBhLbpUM4Pa6mUuFy3aWpvbYbd7e7gvzV5fztM0mCkIbcdcSkPzbeKnhz0CmRsSXWb98eW0KKBAc6+Eq1pVBYJBBkcoSzG01UCYiSgJqkFpZgjuRsLI7M2XWomAwcuyDilVxEtpp7l+OK/vNsPDRnZjyiKJyN2iIKih1WbaCiA2IyJqqlxwyARRFVkATMkhMQkhIyaBAWVVX2sY1zuekwgIvBkwgRACgamHBkoIA+O70XfibxL9uPLHgonwyrgWLYna2krVUPq5iRaua4t6MK2s2pAFU9aytDUubSYS5KKVkNituCqgmFWsIILmxRWQUmnKebDSmDyEc1MlETA1BSZ0NO9KtGFXpIkIrbauqwBJQtCGTGp6Ws4xDbtDnH4IwRQIwSmm16iNgihFA7WbZd7RCNzVnUiamrozAfX8WAzCkbaJKiZEAwIwVyDM01DntcdWIwKn7o7rUrvd5jZBdWqMo0e5Vd8HA5oTY+Dp3SEYW3354XGghtsg2vcbCOAIJMnVSq0ccWon9QqGjABM2pp7WFPAWg05XG/TftMWQlgeMmr3WH0WqhDJegApgMDATBJqe4zjf/kf/sPHT59KKRhvVUIiDvOyq7s5ibCwubuW3/7Jn33x5VffffffEeUXlQ1uJtl+lumHlNg8AhGl6EgBd7gdcOKnUVhExDpApUv54X9CYqFELHb77Pr5AFnNSlsRHIDjJAXdXtTtQH6jMkA3IMVFjBCRZSTqaS6mJO4QqV9iJuBmtjs8cMrm5shEiXMGYGJ2jipfIU5q3poN4xZYijoRc8rEiTgLjxCB4DywDJyypExp5GFI0yR5TMPIQ3T95jROaZokZxmzDHkY87QZpzFtct4N9HbPT9v0ZsKR0dxbs7maqpfmpXqprTrU5mpezVqzWnWt2vqBFzTa3bUnvzywA83MDD0KkB20JUJhjuhFa9FHZ6q2llZLE0JDd2t/+nb81eNUmv3w8fzdx9PaTLWqNREJWR161D2+iCMCI45j2g/yMGWt9bTaUpUQDoM8HSYyfD1f1mrXtZzm5WUuP76cPhyvx6XM6+rgI/NmSBx7LuG77ca1gUMAnta1lKrDkK7XpaquazleLkgMIvPSrvPampdqTAxmZs2jxwUsMZnCZV4ZcJswEai3pq2Pv4juditeR7WmbhDG/cjnmFOvgAB3YARER6JgSoB5ay1Owc1abY3jGA6KBOHjNrXWGjEyhbeQTm1YbWDEQOYIk7mbgxDc8WXHy23sMAeQRESgri0iv6Ys3M+AjEyYJLOQuSJANRtzGkfeZEJoTFiqNfDmdl3mVmoW4ZTNfa3NEYk9CxNRKRWAVHWttTZtBqXW5mrYECylZAbH86WBrusKxMzjdV7O82IGxKLezHRdLuBtXc/EdcyQBq/1Oi9z04LSTZZFXYEopbLCyyU9n8elMmDq2ikKOEKM511giSx3VzXg9nD5DAoA6M7pIGPeQrrQHy5xwvfu5okXR8cWB+KhP56iKafHANwhyL7Rh+JmWTiLPN2Nf/bF9HS/OV7148tlM8C3b7dv76fH+20WRrPMtJuGaRBJwiwIcD6vcBNxa6vWDME3w3D3sJ+SWKtfvr0fcwJTRry734pQSjxfF2R2wU8v5/NlPRX9H++P//Uf3heU1/O8Vj0t5ftPl//3H356/3p9+7D/+s3+y/vdwJhZcqLDfpo2Y2SKSymuVQZRzn/3Tx9/+HRKQ542G2hVoP7Hf/err95sbF3RwU0dIFF6vZZ/eX98Ptf3P18U07DZfHw+JxEtjRwv5/nN3ebpzZ6JNgPd32+e3uxzyi+X8o9//Pn9cV2qrqVtxnS/ywLeagNiVT9dl7/74frXP1xP11q1taYAvttMrvrFXf73v36833ASScP4/Hx+fr3c76f7w2jaiOh0nluzlIWTPF/1b74/nueWkkRm7Ms34+++2G3I0MtXT4e3D7tJxM0QCAhM7eX18vF1vlb/l5+Xf3kutXrYMMYsna3y+Q3dI7ZM3TkWLB2ycE/GvBQ2YPqsUobrzLBvAwARO0YPANzjS8X78BdpMsh8kb2joAc5OsSettejxkSEEJbX4GxGXiCEK4tkpJt3dHCvpUO4wUbw8/BBAMjEzOzug/BhGn/89FIDtgUgLE0VkaZxYiat7W63//Lp7el8fn55NYX9tE0p5zFPQ05gVo0dtlNOLMt1WdaCLMWMGYZBKOEyL0WbuV+WclkrQKO67AZGw92YciJQm8ZRS8uCYyZ034x5HDM6bHdbyXlZl+12fHf/MCWZhvR4v3tz2G6zTEK7lLdpuN9tvrjf71I6bEYwSwj7YXjcjN++PXxzv33a5L3gNn1Wa2CQlERIKKRmdWdEUN0OKQm11txAW2OWzgsGEOHE3LQiMjisrRXzxe1UbClVmzJiVZ/XpmoAzkRDThhsEmER1FDfqNuVA4i3VDdANTV3YQJQIVaAtWgDVwNA5MwxSWvEhCMN9TmqRJ4JtskPgqN4CjAAYBLBsJfFCimcOeEFYoZAjxEScR8fww4UvplAnjnG/qsrT11Ap+CbELL1tWoYrPH28iSO9ikH4p5Gj7k0RrnIDXi3UyoSMLFrrETQ+u6KArCMnW+AESymCAP4zXPU7wnomCcid8fIDAOyEAITd59PpLjwX9+34LU2M2MSU2Pqbh9i9mYRf43hNNzSZgbmJBRRy1h2RKzMMYwUfcyPhUr8E+Pfw8IQVYDYvS3xsvEGAEbEai0NedpMpZTOZGKyAO7n1GrJOSFjazWoEF9/82VzW5a1hw8AMKrhCW8uo9seBkG0x+nCx6//5a/+s5kicjwbOnckHFEUECgqSwFA4vS3//jfHDSPW7uZmghJ1RyVCc36e/OXNTuRdYNJgMziWuv+cEJsWqsCGJBg1+riHIAISE31s3uRiKC/p9GjhhqYCM1vTQ2feaYhbcQYQIxM2oIFREDU3/BASGSIBGRofZMCjEyJk5PUOpsRZwFAM3IE5+REFPwfYAJEFiAG9TRkYgYS5GDyJWBBFhIBEuKEKWMaOCXJSVJfCJAw50HGIUnixJQlpzSOeWSaBr6b+G6kQwZGNPPFTZubQ1OvTVs1izJls9o85k1TiAoNd1AHt3gAmSMFpsy6uxCEQfBmDEJo5mi1gdf4Qt5ZuWqWhcyhrPr1nb8Z/XSeX2b9/udLKW27yZDEtRl4Wwuop8w9UG/NAYhoyHk7ZtaS0+Qy1NM5p5S8bhi0aXM1BxJ+OZ+fz2cDcHM13STapGEz5M0me6nmHp/2OKRSuJaKyO405FS1uKqMXNXUXYSb+eunUymqQLXpsixZmNnCVQaEKSfXZmgOllgHRrNm4KUpI6KbN3D3RQsRMBAht1o45XgigntKYmaAICxqURvstRVwACcwY0YhAcBSC4ADSubYvBEhmkWwFshQzR30tdF3M0C7DiyG2NQaNkcG8EPWB1mjTzI0QEIwx7qugf4HIjfUtUZrddxZ5qaNgKDUNg3DOBCRuYMrF/XTstbWussr5WU1g1CITIhYclnbcr4iAEuHpTIDwpoGGXIyIHU/XhaipM1er4tpZS4Mw1IaAKjXUqt5SyymVUl4kKZV1eFq63olTkMSZDbjudlaXVJeG7dKpW6aMQqHUdMMWlPQeNYAsoePNl4+8Yx1cOv9KBS6J3rPVqJ2keL21LEuzIYwY51aBwBusVa4FaZjT9uZR4KT3LyzGs3MPSceM391n3/zbtpthg8v83XVr9/s77eQSUWwluLNppw3U9pOOSUyo2UpDdDd8zSMQ0Z0vPIyX4R5s8nb7fb5+eQKa4Pj6frd+1d1//Lrd/ucBpEP75830+QI7qDNHt4e3j+fl6p/+OnFW/ni6R7RX47L+9eLq95v0pvpngju7valNm5cL3Mp62bMp2Wl4BUDHOe6NDifC8Fx3B5ePz4PmV9frjnL3WF7UEuo00i/+urNy+n63RZqg8NhhwTDkL6647cP+zHzp0/nF6PDYTjs8uP9hkCfX89//P7j89U+neq5URrYzXdT3o5Btvc0ihB9Ol7/4f3lb9/Pl9X6QOuWGFtrT7v026fhzSEz8VpWK+26KBJF6wUTL0sVyoGC+eHl+g8/XSvg4X6LKMv1+mbDv307TlQy8+P97nG/AbPX19NaFFnOr+eU0qX6x1N5f6mliTAz8yAyDUKgYARokNjNgAXA3EDjDvJbENM1Jp7O1IwXnqOBUUdnuH82nzlwHC4dDAxvO/o+xyOBY+QdmalZCGLu5uiesoT5MHw41p2HQRL3SA42VXYCsE7bUy2toQOLOIBZTwOTQzxj/eaDoFiFGRB4dfj67eP/+p/+p//r7/7x5/O5tCrqgNTqej0fhzyO4/Dh+byqD4L/7jdfDyKltMtaz5f1bjc93O8Y+HJZx5Q5QbXWzD+9Hj+8nMnsq6f7u/3O5spMR5tfjteLYdMGRG92u3GA01yN+VzrPM8r4vx+/epxersfW62unpAFecGqzc7LvOOtoy+lCl13U57En+530zhZ1ZSEGIVJVTfDYNoAcMo5JSY30MEeDoa2Vr3WOhct1V/W+mmGC5N58Hwc3Z52AxEcxc8VrkVLKyFDmjk65JyYOScEJ2ygZmszR6+zropOtM3JsbeDDUmYJAmhmbaWmDNRbW2tLQsPwglcCJbql9UAPAmN0LZZ0H0ASKOsai3q1hYQRiFkwqjU5OgphR7fQ/eEeMgwiT9k/DD7j8IvK5wFZ6G1yLKWEryKJFVaMHhqYWTW2hDAmLCJslitjkzaVMWACdihmddwYjCBNXQkRlcsAm5KqBUBzUoPuqO6G1EK/RwIo3HJQEMOI+hkNwwIBiCYE7M7AhvdgvZg5oaUyaxCn5zBO7wnbqRfdPWecUcwYASsnbtNFgkrsLhrzDQcvN6tfeANb+Yl1Kpqlgdxt/CKf77Roxs+/DPxi4M172rhKvPYa3iAPENscg6wqSMztt6P1uFOgGimIY2nPLhbLW2zfRxyPr08A41mPUEOyKWVX/3qqx8/vGfMzOKmIvIvP/z4cHd/sSMPKdxOBgpO3R8Sf5B39YqJUsQSEIEluWOWJCzacykUaSGKjpu+keTIRjAxODuAq3VpLNw+FLa2fjCEMLphLz3wGOCIbuAMd/P4ssgYVFlERAa4AUPdMYhNvauzxwMcOapUICinYd6FLsFgP/y4h5ISOgYiORILI3F/t7NEJNshktgMJEiEJCQJgFprSCQyOhIIEwqlTJyQBEgAmURYchpGZ0bJmBhEJA8kGSkF/p/zwClTGihlGQYZBs6Zc5ZhyOMkQ5ZxTOOYck5THsY8Dnka036Uh418uZe3G94kRKRmUJrVYlW9Niu11WbNoakX9Vq9WqyALBa9at7MAh0AAOagrf80uSXEjVBCNzdXVYstgZfaatXbEgZrqa1qb94w+uou/e5pdGvXRY/XsiyrkKfES6nzUprCdVmBSc1bq2WtQCEsIbttRA67YTfl0vzjcTZru1HykOdSLsu61Pbh9fTx+AqIo/B+SPdTftpNuySHzZAABvIpy3477YbBa0noh812SDIvVyLMwtvNeFnmteh5Lteq57kF0dKADLC1Zu5DSo/3d2i+lJJTcvXT+UKEh4EdWmnFTWspCA378iMcTMocNkoWEboR4NUsyMxmprUFXy+sdv2BhBS0UXYnRiE0V2YGcCbuAbAe9GH39HEdToUZjYnUdCnNEBBp68vbdJmkOwXdzdRa08hVIyBG/ThSNW+tjSkxmjDUpnNZEWhterpc3XpZ5/m6XIvOawEAIqittgZzaS/n86rmhgZGLFW1tJrHVK0aAADX2qpBM52Xcl3K6+u5uat6baUZUPCarYogJ09Jh0wGq0NDhlrXpo5gphr3t+tYl3y+TJfl7rxsHCaisZRsbTDMhmJE1cAMAhrIoVlFG5Ldnjw9paS3MFK4fQjc0R3M+oDV14pO5LEMjZxaZ1MD8C+iLYS+FFvC/pzp+lA8kjCsumPOj/vxt+92v37aTJvp5VSWtX79Zvrdr9+OmcYs2ymXdSWE7WbYjMOY85AnB0DkaZOB0AzXZT3sd+4NAedSDFzNn6/lr/7w0788r3/zx+e//+7nq+P/9/ffvZ6X2nSzGcfNVGvb7Xev58vHD8/zUmkcVod/+f7T+VqP5zmPuVbLImVd3zzer2uZa5tr+/R8ejkunPNa64efjx+fr8T5dCnXuQw5vXmYvnx3uNtPTHB3f5jX+sefXn46Xj8e6x8/Hs+LmtPL6VKa7kbZDJzRl/MZrA1ZWqmXuRyX+vH1+v7j6XXV1+Plw2v58WU+L82Y8sjTNDDBV293j5u0H4bdbgK3S/G/+ufjX39/fp3X1sydHK2U1Q3e7vN//JP737zbl7WVtbFQKc1a+/qrRzddLqW1VpvLKOd5+XSp//Rx/vHnq7oJsTA/TPRn3+y/fbMbhDaZt1NCh9P1cr6s6tjMLkv9cG5/eH/9eNbVHAGFcBDcDpzQEDwJ800ERUbvVBOIu7579SGYK79cOoDB6OzMnxj96cYY50DVQRQbU+ComLkTZR0uZWmm3BksgEjM4AA/n86fLlcRyYkAnEgiN+DdxWkBwMDAP3p/WXMHNsYtEzgf6gSrcBn8q+19HKoj/fZmt//128ePx9NxXtMwZObdZtoOw3aQzXaMsN/lugwi3zwd/uTd3W7K1ux4Om/H9HR/sGZlLafrddVmYOtcXi8zAiXGDafdNDzsd4dJtpnHcay1FqOfX85X9fevl0tpktLxek3jWByL6jBIYpqGnCSVpWnz7W6z2+3O8zxrudb2fLq+HC/n65qHvN0M6Aam5CjEhLDfjNtpTDkTQBYmpJxEUh6SbHO630xvd9Ob/fgw8Zf76cv9+G4nj5u8TbzLA6rVUhOLMCVmZpaeqgQ1CL62myXGMaXuQVRranO1S1U1KObADMxrs/PcrmWJ6yJc4yklB3CFCAcLWGIQ5mK+qs/FahfzIAkSeBQ8B8fPDW5rp75AshsdvsNSzAlxIN8J7BMmBEJkEQCUxHRri0AC5lv6kYiQiSmczkDkBMQRA2BAxvClhYuob6rITBE9rGsR+iMHAI42UnRnulHTKIyVhBiN1BBQnWhPB+y7Mgg1N6CZ0YrNiAYcmjxzR3N2exwgoRkQ4m2wBzOPlf/n1BYihYPILPp0IYwp4ODgQdcJix4QqJkIOaAwm7pWS1n8duaAXvdB3KFG0AeE8D6Zd5WbORSncAq4Wxz9CbyZDkMK32Bn+TugAwu5e54ScypFm9bT6SXn4XaTQowZZu3/+N//tx/ff3j+9BxvfyLRsoybjSSppYUeztRxFcGxoP4iBABgIolFhiG5R3+zualaOPJjmePYn1N9jsRgoKJ3ucNvmbnPPwA0dUJMw4BMse9QB0RCQ0eP3rL4DoPFloLccBiGwPljaCTRVALQ8dduMX8hoTmKcKh7RATEFj8IpR/JQ0pB6hif/lCEoORCLL9QmBmjmS/uBBYARBSi2MEyiyAKCpkjciLJy24QOAAAIABJREFUyITMMdyjCEkCFGQxIOSEmEgy5QGIiRJJ6kgfGSDlNE1pGiknSUMeRgn/zzDkzZRyyuOw24zTkLZjut/md3t5t6NdJiJoZmvz2rQ2bx7TvxZ1NVC3alaLNYtgM6p7rAXCekrkqlE35RFrHBgyuVBEVL1UVSAzb2qtaW09Zdmq1loBCBm8qTa4G/w//eaO0T+9zmp+vswp0TjmpZRlrcEEiDDNWpqqAnirJSe624yjMCM87Ec3fTmer3NJTFXruZTTdanB8i+VQL+8O3z1uH3aT09327eHQxYmQHDdTeN2M5m2/5+p9/q5LMmu/LaLiHPONZ9NU667utkgOaSGgAbCAHoZQH+yninoZSBpjIYtUWQ3m2xXXSYr3WeuOSYi9t56iHOTk0ABhcyqyqx7z4nYZq3fIgD3utlsYpQQWc0DcwzoAONcz3MtFZalphi6SIiwFMulIjm4dpH2fWdmx/NRiHOxKS9DFEYrtRTVWqtBZVwN96WW9bgCB2gLIjIrqrWoIYBdzD3tjTKzNnU2r0Kkbq4ahJiMEFqCGBHValpbgB2UVW8P1fBYyAwAuVSttQIxut4m+7zLCEUdwKHUWkthopKrOzBxdXUHNc+5uloX5WrTdZGDYAhS3UrVWgsil1JLqXMxoJYzqimJus5zXooCgbpuNn0IAmzmBRmAoAHKcq1azbzGPiCZowlxEGIRDgigIYqguxVGcDAHBXB1zTkDGQoAghmqBjXJdZiXzXHcLHl/WqKT9KkK5+Zo5xgVOJsvpa7ThDWJAwEuokZva01YEwSRVvdVW3d6m3e2k2bVVzTZjv93bQMiIDGstuB2Ml1IQdDo1xfkAjSSQrslgZBSjLeb+PMX3Vcvhhhkydil8PndcDPw0MeOw26bknAg3G/73ZCCCCAtucYYgeBwPD0c5vOcGaGU5TzNPzyc/uGbt7/+5sPHsf7979//13/4/uG8YMDtEDeboSwlSDgejrtdGssyTvNc64eH8XlWkPD+8fT+8bQYuoOVcnc9CEFIQQGy6TjOx/M05iJ9Ny714fGx67qffP3Vuw9PHx9PVe367prQN0nOp+NclAJJDEzcbYZ2d/ab7az85t3h/dP58TANQ2pT7LAdvn9//O13j28e84fzsoA8TnqYfS709t3TmD1X7foIAM+H8zLpJvKr637Xx8AISN+9P/7dHx5+93E6jq3bZWLRWs3tZpv+7Vf7r25TimGZcoq03STT2iXZ9iEvRWLohwGIxmn69t3zH9/PH07ZCXOxJOGL6/7nn21/9voqCXTC1/tuO/RqdRznIEFNH0/j90/ldz9Ox8VRgrsHhJttuN2lXpwQ1Fx4HXJZ04qBt/nQehG2JxMatqRhpXFdt2Mz+K7XzgV6vipkCS6IdnJCpDVKut2IiAhzzo0zl2Jahy/u1fzbp+dvH5/PZb7u+tVRDKvJQKRBQkzbUpJWsii0nrXFS+HqTv4kTTK3lqXk0OJdkQkBnAK7wxDDT+7vmOhUMhB3KbBZH+Tuanu135Jz13XjnN8/POVcNp1sUth0SWt7M6ugz3N1wP1umKbp7mb/Zz/77LP7G1TtuiHEEJi2fei7sO1ot0l94MSWYixZJaaq/nQ6ZbenKT+N8zhlN9108cXN1X5I8zRP4zTNswDeXO9urobr/RBSPJzmXK2Yu3rXxy5FIUTAGJjXj8BphcKAqgKuZtz2iUSm6yHdbvvbTXfdxdtNSkzMpAbHaSnuSCREbhoksJCZO4KaO7i5iRAzh8DEVFUNaK4+F51Vq1lFGGt9mguStGy/puGSEBBR3d0xiIiQsAu0KR4uxStgNstFmSAwRyFhVvNFV917WyE5oDb+qDqsA6jVOiIEHdtGcBCQtchHX9NxkIWYm/cXuQFiCZl4BdMgMkvTcxAzEUKrgoBasl2r5lv9BwSGfnf1MqZNrgsyIziytEQ6bUU6/msSY4tmcmjwqnVw2/oUanR8QDeXxisCAIOqlYWISNUQUVto44XYjp+KxssSHAhNdX3lHKQLLOKIIkFVL2PldjcQyaoLaeNsIGpbYSakgACNk2i+9v8AawICAkLNuYmoWPiTZk/N+q4zV1Ullia6JiR3/MkXX5zHSXMhEQMHhYtAkGotWuvFhCFWV6xNSgkA3CAE+c//5T8fxmOXOlNzB6sa+66q1XmpRVnYzd3WPPF2brWnpP3FzJGIkBl81XusTRdgG3GBrz7ydiq5aWs2mx2urVe4SQoaQQlWiRFAE5VhKdnNWGRt6WCNt7gQiWg9GRFrrcTs7qtoHdZUtHWQ0kgvbbwKAIj2aW7h6+yFiFbD08r4oBVyhdSAhLgysC4/iJpbYO00mBEZkFEa/Qo5MHFQQKQV3t8SviiIcFgjfilQSByk6f45xNB1zJE4UAgcosTEMVFKEjtJCWOMKcWuk9RRF6XrY59Sn1IfN33sU9j39HIXX2/5OhEDVLWlrGFepUA2y9VKtaptlmulaLV1KaJuWa3JZ9tQ1BoUqrqDMWIi7FATNQ0DqXkxWIpOSy1Vl1JWSRWCmZdSm2bOSqnVtkH+5qttx3o4zSFGVTtNyzTN52l+Pk3nOVf1cZqGvs95BrMYJQQJTIkhCWi1vuumaUL3EFmYkGBRO55GRIzMQwrXfXe/7z+73W0j94GjhD4GdL/ZbzdDt08pcmACYUxJYojjNB5Pp2VZutR3IRwOx2mpzFxLYSy3NwNxOIx5zrYsM4L2MRI4Qh2nKUgcUizqQVIUmubRV0WfNhqVN+OLuTfjv6OBmimYMrC5qmlDZlmtCCAC7l6LQm2aOF3ND4QAiqhu5mBBUL3N7AAYHMyJkYI5mcFANmCJbO4FPW9DvQ7LjmYmV3dArLWYV2KoVc09BKmqzNzCDYYUgkAX4rTMS/Vc6pJLrVpKRncmUqtFawVoW4u8LACWi5mtHBsRArBaZ/Vaa17mJZdSa1ly0eruxkKO1ckIvNSKyHMu52WuZi1duKiVWpqykxiLKjgpxqmEedmdpu08b+d5O83bJXdzjQq47ZZdepfkSXWpVYXDUutcHYGCMBFbzbz6mZwIrakVrMlz/FK/4FoprQDixgFaWSvt1GtryjZgQgTyi1gUvDUYq2Cw1QJNcAq4zoTcETwwEgIj7JJ8eZN+9qr/7G6rDm8/PnciP//8ZogOXrVUcL/adn2Q7TBsWiovkbXBMYNZ+XCY/+43b/707nl3FUnwH//4/j/+/Xe/+f75h8fz++fx49P04eGYouw2CZ3Gw/jzL1/+mz/77OXt7uZmfxqXNx9P7x6Wf/7mw8fDGPrttz8+ffP9Q+o3tzfbm21CLQS+326WPEvsyrKcp3yeymlallzPp/k8zptNfzic1REQT6eR3F/eX41jeTjkca5v3j09PZ/V6Twt53F6eD4/neePz4cgxBKXXB5O06z0z3/6+HDUHz+ez1mz0fNpPpzLx4fjOGsMVGrphnQ4TIt6H+Orm92Xd/3drk9Bns7LP/zp8ZffHL9/XKZ5yUUJJcbQMiciw9/89OYvvtgTwjQuQx9e3m0JYMnq7nla+iFtN8O0zOdxfvc8/8ub8f0pq3vNGll+8dnVLz7b3e2ki+LVTEsMqKXM01xVhcPDef7Dh/ntQZfiItIFHgJcdXy3Ddfb2EWZiy7VG37Kwas5ADKi0Kpa/u/r74tfpDWKbW201uWtI21yWMLVGrwKjldtLF7UskgEjBBYWsYzAjChWyPigRBebYYudcuShxj6mNq1ba2IIQZEc821NtseBfm0oihF12UsojXfjP+r36XdtgSAQE19BABBGIk6CV+/uH99dT1NCyL3KQkiuC9LfXg6ARkzlFId+TyXp+Npqaokbx8e+0Rff/Zy6BMjpBRTDH0KV33YBUmxqxUen89mboCLwzLPYy7CeL0ZXu77++0QiDjIXMuUVdUcmZjOc6kKQUjIESwGSsKbOAiSTksntN9saq1uKiFMS1FHlrDbDqVkLdXMq3lb+klojZyrNim0rTQcZkQUDo1CTuBdoOtNPwTuBVu6cCtR29cYhNC91Bb03lAz6OCBKbBEYUIoWuZqc9EK6ERFYSp2GsusjszmUHJhIlcrxVrcNCNF4RgoEDKT25q2XqqpmpuLUJuPVrVcrdp63xC1NCZYMyVhtUYhASEmxi37TryTtoNiDnKB7jfEP18Io+3DYCJuvSURErJfnnMmbv0ANGNvMxKIEDGihNgZ2Jxzew3WwTmCXzCj5Oveda3yLppuBBckRnZzBbVVGgPg2CwBRAToaq6tJm4qOkQHR2ucIG/1HqwzHnK4DInaTgHJAUqu7QppShRc85GBmC5VKLb1hFsbnHuttf0BkMiqNl2PmTUQl4PvtruiFYFMtY0LCVHd7+9eK0BZ5hW42ppIwo/PD+1Ta+fGiuhxa7dOE/6ta0BGa1O1RnKpCoAcEjiVXNzapMrBwdVq0WYccvCWeLbW1G6fpEqAxIDSqnLVCw0H18/birVSuaFoTS313VdffvXw+B5IEB0ZAYCDNIOvr3kosKY9OwBArYrmTXTc+gJEbFEkVm09ONvnbIbMbmi14gXjCs0AIohIK/bg0qYjrTMUbg8StY+aLm6OlcSLjWvfPFTYYF7kSAht5N/0VwKOQIzM3r4JYkQWCeYgMUrsm6a/obJIhCUABmJGDhQTB2mlP4VIIbFElsghhpQoRU5N+dNTSpxSjF3o+pgSd6lpfbpN36WQguz6cLelV1u+TRQIVa2olupFvRSbq2a1UrRUrdosplDU1cAN1DxXU22J1gAIpl6LgiG6M2hiGCKSK6NBCweoep51mlUB3KHUxsVtzfC62WRhq7rkglb/4lX3xVUo6lMu4zQ/Pp+OY3az81yWqtVMtTB5TEEQQgiRRWsZBG/323Euz8czUcCiw5CCMDDNSzZ1Jtp26eXV9n7X327iq5v97X7bJ2FkMCw5E/j1btgNQ9XaHtcQxMFKzW7eXlq3QgTI7AQi3gW8GuI05z+9Pz4dsq/SjyoI3CYNjLvdMKRuyvk8nufxbFYQvdSK5ICoZrVWMwN3tQYPFTW1WhgxiYQgAOZa0U2YiZ2ZCFHVLxC/diBpIzas7iZ3YamaCYnXtSkRSlXLS3Z0Au2Csy8dlw2XnnPHXrQuVXOuVX3NDQBzBGJZloJgQxdTRMbm5/Fa9TznWt2J1NVMRYgQD4cDhYAsjlRzdrW2pZFAbhUJCdft9ZKLKVz6jTVZqEXJAFkxy2MutZr5UmoFb8fcvJRmjBeBIGKqpeKceZp343x1njd56VWlnX/gYIrOuhse91ffIj25FtXqlgkLsoogAFm1lZNJ6GoE0MqX9o2atXU3ruf9Sr5rbGaDdXUMRLhiW5uZsnX8TTfYPEiXqSg0HHjbAa8zghUtRw5RSAg7wS/uhq/vui/vupt9by55Mbf64jpdDSEvpU0tusT7IQYiRuy6GJhdwR2eD4fq9vb5/N9+8/2vvnn8w4+PPz4cv3nz9MeP0zdvn1IXd9veqh1P4/3Lm/12qIv+7rc/LEu+vkoi8Ph0/v5x+offvv/NNw+nDBBDNX88zse5nLL1mz7nKRD+9Mu72+vhhx8+zEs1ByELXT8teTyPr1+/2O03wrzkMmyH/a6/2vWR8MXdwGAt5mW7TalLJOFwOMW+T30fQjydTzdXV/vdbtj2IcVpKQVQgfMyd33a7roQyABLNmG+uo6v7rcAkKsqUhfk9U3/9cvd9SYqwPcfxr/77btffX88TBUQW0ITC4Gpqg19/PPPdn/xWd/FNp3Eq20igKen8eHxLBx2V0MQyqU8nqY/vj384zfP7445pgDAmyA/ebn5sy/299tYSpnHSWvp+yjC5n4e88fj+O5sv3+/fDgrIqfAfZRX1/39ToZIDKDqp7GcFzNcU35SDGYeBBm95f66tTBXaKrjteL/9GP1pLcnc50TtqcU3NsGutWPjZ63PsruYM7SaLNUqyKgO+RcECHGIFHIvRd5sdsOIayXOAAxWdtAAJgbEQcOp3n58fHp8XieS5EQqto869PxSEhD37WVOl6AHQ5ODE2d3DYbtO7LmYWF+brvf/bi9m63zVWROHIwdUdKMfQ9D0PK47KUejzPY63jkt89nkTCz754te2iljpN2cyfD6OV2sfUdSlKGJdpyiWbVUVwH6fFFO/v71LgTshLno6HoQtBuIvdEGS/64Tl6Tg/PJ8Pz0dw6EL88vOXd3d7LWU8n7d9X5e6TMvdzdXL+/126JzgcJqfDyf3xu6HZVmyWjsPEDwEEsSVlAQggkIkzE2c05RTwpwCbRNfD/HFpnux7W6GFBndLeespQSWIKQNrm1NM+q1aitShTEFCSLFvFQAYiSSEIr7mOuUVR0IAMxYyACqATioGxiEwIEpEHShxfVSNV/U52pLqQCYAjECMVWH3HB/4C0GwAmsaeZbqmAbZAAKYGK8CriPENuYg9vBvoZWELXgWmqDUxLG5lFGaoKXtUckcocV80JCIdDa6QYiWfK05DlIEBYisoaGp/XobXPZtpvCT4tZajOXtcFY97S20o1ai8JMZt7sxy3Lrs391zexkXMIEbDZ69o+4ZLjS24AtMroHQxXrZSuVTmjmTdTL6wyOm83eRt6r7Il1WYOhoYnWtWh6OAv7+/HeTK1ph9oswBmfjo+lDoJMZNYYxA1gggKIQF61YqrL79NmhBb2SzcYDZNrdSErmul7uaOZrVLiXhNIOE11w9Z2lUJDfbg69ABzOBi7PS1AWitzqWnBXN3A2ZCRiI0c0YmIgdfai6lkK/22fW8UTWzfjNISKoKBG7GLISsZojS1um49qtg7giORLFLjmumrzs09TQhY1tDYrPsNRtA6xS8PTnma6uC0NpIUHdCZg6IjRHaJNotMnMNWWl1j6+QUwZkQyKUFYKLhCxIBJcxPxAis8QUQl/ckYQCMwtLaMoforDq+1mIA0rAkDgkDpFilJQ4dRwTh9SYP5xi7IaQupCipC71XTd0KcUuySbJ3VY+29F9z700XKMtxbJCUc/V56o5a1VVAzdTx2paapsFmCnk5tB0AHCt5hXUHNQSe0feJ0wMVkuTwRX1seg4l1LNCbTYkrOZt91XyTpNWdUcsJQCbuj+akd//rp3xEXtPC7ncRqnRQFKrhJo06e7/Q4BmXEaz0k4cSTw+21/s+s/PJ6eTnMMIS+5i5KSPB3P41zykrsQ7rb9/a7bpbBLvB/6q+02CYODEMUUQ+Chi0w456UspZotS11Ky7ytBMjMuZSqWlXNvZZsNbPVCvg86pTN0ZnAVN2VHPouBQRE3w09Ir/78LBMZwYXavo8bUJZu1B9HNxUW8/cGl1q6iAzq7U9p8xEzKbVipspANRaED1Iiw0ygpXCyswNyGPaQuy8VtDq3tYACOZWbA1vrqsnBsy1fUHuUGpRtVpVm7EbQZiqlvM4VfM5Z/U17aFlBEtgcF/moupFS0ipmpuaFpNVW4XajjStgG4GuWLOXhRy0armIGpY1NRU1Uw9V2UiALuA8VUY1qPF3JznwktJp2UYl77kbamDqTRFPjWMsbdZBAzdw7B5gzzlbDWru0axGGsMyIRqDg7CwKxgWRGAQpvotzRIvIga3QEcYZUDNUHnCmZpmERf0Q2r6xHgE+zHV3EHrJLrdgG1W2iFBrshUJKwifTFdfjLL64/v0nX2xRimCcFh/2Qrjfd67udEM7zstn0rnq17TZdVHOEMGw6QDidxkX9l//y5n//++/+r396/6s/fnh8Ohjx2w/nZa4v7/f3Vxss+eX18PMv71IUQN5E2e2iML94dXN9s3t8nr59f/r/fvP2mO3tx6MyOvPDYTmOdjovaTN0neScj8dzErjb9/vdICQPz+dlyV0XuxRTig+P54fj9Hic3z2dHx+P59OiCuy262MLnKpauxi7GHPOx3GeF53mOs1VJORipyn/8YcP7x6Oxen4PBH6kCQJ9Um6yCKcQnj58qoTHA+n43lJXbrddj99tfvibsPo70/ll79994/fPr95nM5LadGY2RQQtdZajYg+u0p//nrYD2Eay7LkINglmablNJZ+04vg0Ekt5fk4vXkY//nH+bvHUwgBDYYkX78YfvJys+sFDBg9CUVhYapm05wfj+X3b47fPuRTbmEyhlZutuFuG7lV9SxzseK+VHXEWix1kRFuhvDXX+zvd/HxXIpaI3FdIP5rpcjrNrnNOKHtAFYXCawmNSRY6ZyrvBWxsf+FTLVNsGo1AGdhCdwAF8IEq0yYLmGr2Gb/VitxG9nUdrYgsAQJQkKcJKUQU6DIkmKIEpey8GW5Lw1SSqtMty0xVgZfG7RiU8sSIAbhu/3marOZlxpDvLvd7TabMmfLlZlKrhLD7mo7T8tmGIbttihdd/31kOY5iwQKaIwN8jblrKYxBnAN5FebYd93MQQwmk/LMs7LnDkiA+1i+MXn99d9PDyfxnGptSJDcQfHwJxndaelLOdxTkP3+sXNbjcIBwYghzIvAWk7pPNpfhwnBdz0cegiA0QWEVFztfopEqHpfMCb/MHaQFy4ZeliFE5BAuEmxV3kq8QDIbi2ojsICxMJmmlVAwcOwiyl1CWXrBaY2ADUXEG1tQdGQoYwLiVXC0GEiAhDCM3m5O5WjS7yByEQQgRXh+owLTarF1UGjExCCAjqVhTqykJo0nYAQvW1iGrzwSb/6QW3wTfN8EHkTCi8+laIgIibFKJNbRvRp83vmYjY18xggdYetGCBJulZO15C4gbZ+QTebAcvrVWfN1UPrpAs/3SYr47S1aLQrLWwVuJ+0Ws1b+3qX18H9ut/DqHxsvDiwV9h9wBC3MBJxLzWlbYKclo/cIHDrIq8FWnp//rKAngz7fl/n+1FBOCH4zMgBhRf/QwALcGdxZUu22UEX2M9AJsIjVwNm7PNDdbYvvV/vRl/YU3HReJPXyyCGxJutltzaBZ5uKwizRUdWhSdWetf/KKub/0OMnFsygaHi/t2RREZEoGtc/hmmHD3PE9MYb0mL/84IgEJMpVa0NwMmMnUWLDlmbVZvK8NUWMKIRKLCEA1W5cdQMQs1DwD0L6MdXW0GjNWvBJdjs11vYXM6ML0ybBHjVwLDsjsBq3Eb8fv+qcFAmGkNodlaElhLESBKADLuuQK0R3VEJFJmCRyCMSBJDAJSmixXxQixyihQw4okSRwjCF11PqBruX7Jk4p9inEGFPqhhRTSDEMXbgZ5NWWPtvwENDdi1oje9Y1uFdz0TU/1sHcq7qZl6oG6ICmViuYGwABrHgfcA/km4i9AIMyglnD4/N5rocx1wIG2HT/pZqZCyMC5LzCP5FYVdG8S9024l9/uekCVcWH5+PpPOVa24NmpklYENisltKiS7f9sMwm4Fc9SQinxQD8Zt8H16ETrYrE05xTkLv9ZtdJJOqCpBXP4MsyYwvHAQS3IIREz4dTKWoGLfqKWVprqNWmZWmp48u0mOm+jw7+48P4NGZDEBYkUlPLeb8bbvbD9aYrtbrTj+8/zPMJ3Krly6JS1bRJyQmU2QgrAEib3bkhkDrUXP1iTnewWltJraamXpGofZ7CyICIa1igmbmhq6tqUXMDVczFfF1dmprVbEtWdXCCuk6xoeQF3IUZwbUFX5k1/xMhTfOkVXNWMyulznNdlooAatW0mHktVmsNgiFFMyPwJCho7rbksuS6uooNxsXmTGN1oOguxSljlyvNmYpJdV6UlgVzcSIxwyVbrVgraaWcec5xzmmat3PeTXN0S+DigO7V0dZe3l1VEdjdUnjaDG+RtGioSgjMKXQ9OqIqlkXBLIWS5LiJDy82zynWs/ZqhICq64K1QdZW+gWsg1CEtfr/NJ1dz3oix8YNW/ljF0MArh0BNItA21RfNsbAifAXLzf/0y/uv34x7IYYY6iK05Td9PoqBgIh2A6RwSWwsHRRbq6HrkvMSQJbrbnkb98f/tf/4zd/+/fv/vDu/PQ8nY7HWitJiEH+/V9/+e/+/NXru/22i69v+s9e7h8eTn/8wwcJ8Pmr6/NSPjyccoXn46KOT6fx+mZbHI6n/PFpfP84Ph6WpWitNUYisKxWjMyRzQjs6bCQiDD2Hb969eq7Hz7+y+/fPBzGm7u7cSrHMU/n5eX9dr9J6jgt+nhYvv3+PQLc3V/d316dpjyOeZwyiQDxnLMD3G67L19d3V0NfaTbq83pNB2ez/OsIokYdr3cbAZG2PXh5c3w1cu9Vv3uYfpP//TmV989f3jOp5zPS6kADpxLUTUzb/llL3bx65t4sw8pJQAnBoRallLNSWR/tak5l2XR6j98PP3zj6c3h+IIjLRN8Wcv+89v0xAkCV9tu922B1cAY+Ln4/jhefrhMX/3OGfFoY9doEAk5IEJwOalKnCpdZxLC2mSIF3ibaRdDFGwizxlfX/M7Srj5o9pY1NyREAEah5fWCf9RExN07vKnFtGGF5+so1E2694jOJqIQQAdKRSCgGINOyGX8yFFmJow2k3JSZEUlVi0lqhDaVCcFMmThL6FJqiIQRhgiDcBWkVDtEq52Be177rtgLXZQXxJcSAoMnczZAQXGGZ8tUQUZUcI9J2SNdXA4mkvivFgHnYDLm41bIJPE8ZwE/j/O3376qW03Q+zeff/eGb8zIveSnz0kl6eXsF5ttNQgJmHOdMIexvrgBwE9P1rtt0KOhLVUTc9N3t9e6r17f3+95KGcdlKv70PD08HEMIHKSaRaZh6PpO9kMKhFdXm9Oc//Tmw1S0i7zpupQCXCghDdlg6q100VpXKwe4r15tXJPWvP0MJKFNkhfb4eVuc92lTSA0C0IhJgAruapqs8o6YHu+hxT2m64L3Cc2t3kpOWdwHKdymMtxzmpQayPSgBmE0Fyz7o0qbQ6OXeQocoH/eKm+qCtgYExNSkKeqy/FtKEoHFpuV0OBtHXuOiMFZIJecBcxIQAyIZEgMLXJ0xoDxk3/A0jSLJQXTWQrAVc7PDRaDHJ28JyVAAAgAElEQVRbfgGsv2+b2jbOKTV7JSIimhuuQVnr1mnlLnDTxbZdAaxRWggIIBxijA5g4NoKYGxlIcF6tzhccDtEWE1boHb7ylYoZfuTM/k6+F9VWwBurheLCFzyslbE11qcX/hCLWeb1qH22lOZtt8eVNXhslBe597rPWSgWisT+zqkQ7dG2GczhXXu1DqbBlK/wBS9RVWCt5PF4JOtrWotpbR4mcZFXZ0/axUNrr7OyWCNEmwLSWYJvv45gVr8W+uYDAHRG3djnYetqiGz1XDS1ItNt0TEWiqYEq1JcaZGa2KPI6DpulxquxwOYgY15/bxEbYvXgDRisJ6W8NFL8ZtS8DCALgKXBoMFJuYStzXQL/WU9LF9VtrJQ5taOtrngUDXyRuLK0BIGbmwNRCfxlQmvyfJWIDeoZAFIgDkLBEal2EBI6Rm9A/JBQhiSEkSlG6xDFJTNx1HFPoEscoIcS+i13s+hRT6JNcbeKrfXi14atEiFbVssJSbcm+VG1/X5vZv8WAm1eznEtuaWoAtWpL/gJwckM3AesEN5F7cQZ1q+2NytXnYqexTrkBBCDXWtXbv0zEpl5KnUtuVY+bmuehS32gv/xsez3wOJWn0/nh8UDMuVQwr6WmxH0fcq3H81irDV3qUxjHeV7q3fWmT/x0nNXs/qr//G636ftpXGrVTdc7WCd4ve32Q9r2Xd/FToRXxxKmGBDgPE7SArfdzVDNTuep75ME1lpV61JqE2wEkSVXRB/68Or+diz23fvD++dzLsosVasw7YaOEG436W6/eTwtj4+HpSylzFkLEwtA0WzepHGGbgRGDZHUcitca85WrUEbhDjnXIsScUMtuQIQmFsIkYiE0d1avX75ZQf3WuqquWWu1VVRrdYmmgcEADUFVHAL0kIznNGTiBA11L87mFuMkpcMaF0UdySk0zhpCz6RAKi1FuLWfBQWcvRq1vTw+03oxUJoMxIH8KqwaFhqUIrAwTEVxamQQlSPRL1DAky1BsfeoFsyLzWaD+od4Ma8V01q4hABk5ujN6SmuRmCIpK18CwDRCbkPh279MY8Z2UtWEubpwIYloWWjEF4vymbbkwyMY59zOhwmHdaxZsAztzceZXvrINLbDtUb92aEyG3NHEEZCJeZdv/On+lle5DgJfAVEMEZmJmBxDkL2/iv/+z67/66upqk1g4xXQ4TiWroL1+udsOcTouKfDQy+3t1TRmrXp7vd3vhppNc0m9PJ7Hv/uXH/+3f/zwy989Hk8jgTJC33eIsmS738b/5d/99H43PD+d3n88fPb6VgI9nHNx++LVPuf869+9f/Pu/HSai2q3iUZ0PC3H0zLPWUSQAhKlLrk7Y91uQqlWDL958/Th4/HuZrffb2rRx+fDUg2Rn44nYdxsBweogAg09IJgT8/Tb799+PFhPmdQ8ONUDqf88DyezguLmFY3TYEj4ybJi6vt6XRecjmcpg+P48N5rkaK6O53+/71zXbX84t9uNn1XYq/+/Hwf/7Tu3/89ul4XNGBxzlPuZpjzqq1tlljivGru+EXLzdfvtx2Qc7neTyed9vEhNNcSaKru1VxIIKPx+nX3x/fnqozQ/HbTfcXX+6+vN+AVlC7vhqutwO4nc9jKfU856cJ/vRYDgtV0xRp00VT06oxSWBUx6XYnMuUCxKlKAK46+jz2822k+fT9DDr94/z89ymA2t/2AoAWokViGC0TiMd1tD41heAu7fM+aa2bwuB1fdLUHIx0yXn05xzm0KvN6ALN2InBgks3ByYAI0G7MhMzFqrAxQtXuvQSWBW1arVHb0lkBMiUEOHqRkRirB7w3y4Nh1Tc8wB0UWg0fbta8FGa1lHAF0MQthH2Q/dzX74/NXNVd9dbYfn4/R4nI346TCGrveq2xSuh37Tp7vbvZo+nUcQq1ZiACQteQb0GNNpqeM4PZyOcy7uFgOnKIfDOefKIUxT+fjxuVq9v93u+iSI86ylWs/44mqzjXK1Sbv9cBzzsUAmHLU+neenuTw8H4cUu8C2VM8aBY/j/M3bj4/Hue97oZaVi8IShG1VQYMEXvEuiI023nTw4OBmLK3+ACHsU0oSA8OQeNfTdS9bEXZTNUc0sza1MzNGAqIuBEagWus4DykMfQQzMgxdbHcxiFT3ccrtOFI1auoLciYiYTUrVd2cmhGXIQoZ+FJtzrBUBbQgzensRb2oOUB7ANSsqAGSOlRrohYAAOYLI0jwkjTM2B40XCeuyEgs2NYATICMSKswBQCZV0TeCqGi1SK6ZgI4GsYYWAjQGSmEgJ/a14tRBhpnqE31iZpDtynUVq0QIJA5gJo2FdCqAwVU8xXI2TpqpJW8ie5qRATuatpoP4AuISC4qSMTEAgzMroBC/klncrMWXgFfzXCnnkraNsmAtwM/bLab0YGxwZCanJZwk/DpVaaa6kvX766u7l/fPzAEpjbR9XMAs2iDNg8P+39cyNsmmWDC2uICJnIvQkKgYhM3c1ZCGxtpKA5dB1UdX15W4YlrN96a0kYUBpHanUINxyReusH2iVJl7HAxScACETMl7ydi2SwLTy9wfrXLVpVBV3z0ZHIVo0KXMgEzedNqspMRJTz7IjM0rhRyITAeIEtAZDDv7pJuKn2L7Y/WOf+DMCOaKpd3728ffk8nVjiOtxgBiRiRgoAyBSg/SwL4PqYA0lTASEzrmsBohBIInBo7l6OjekZuM37Q6IQSVKj+oS+k9RRSNJ1kjqOUboupJg2qetTirFLYduHF7vweie3CQW9qudqWX0pthQt5qVYrp9ivNwctGqpmqtZG06YaVVXQycCj4iBrGMfBPsACb1JNhxgKXac8lyp+ZByzXrRRDiiqjZriFZt6j9mInRXRTBX3XP5/JqZcKk2nhZ12wxd1YLuXZTtkJas53EmFgcLKTBFNZ/LcruN+/1mrq7VItvD0+OPH54/PJ3meemiIHgvdLvpr7dDnyKvpnNHRCZgoFLrUnUY+lJ0nOcQ4lLqOC/qJgSqykHMtZS6mlwQU+D9th+X+c2H43nxuRQHGNLAjDUvQeRuO/zFT17Puf7h+7elzu61aG4DDrdqWhDw4gCuropM5qBm7i7MhMRChORm1bRWbbYcBDYAYETAKCGF1rhrLrmU0lptFgGHRi1o5U6tbi043UHBCIObWi3tgmkaeq2lllJrKVpzLXPJqsYk7oYOIbBI29tkrYaEFIIwhUDgiqZIxOQSRGJAoJrrdJ6nZapVhy5uO2aCaSnjjOOM1VMGgWaZUjMXICGJTTCjhgACEMxQjR0EMQIGcHY1N2VwpAayMFxd9ECNmcNk4EGEgdzZHfr41PdvjEp1ZgqITDEIR0LWTDUjB+pkGvoCWKc5E4YKw/O4n/K2HXPWBEXrztgQsYUstRhg/OT2WgHEvjo1ab2/29AVVgGoAzihM0DzUTQX/BDwy+v4P/7s5q+/2u8Snaa8FN1fb9xtHOfbm822xy9e3yxT1uL3t7tNH2IUMxThrgsA8Pg0fvfh8U8fTn/7y2/+9v958+Zhcq0OSoTb3WaZ89Clz+42f/WT6/t9jJ08npZ//vb9+8P4T79//6vf/iACr++33755/Oa7A5CwyPNp+fHD4elUTqf69DxNS77ab643MYje7Hqz+uJ2e3+7q1VPp+V4LuepdEKfvdgPQzyNy/uPx3Ga0tBfXV8B89uPh8NxKVVFiAJ/eJoejrOTkDA4nKflPOU5V2baDmkzJEZMgbsuetU51+exzAWK89N5UcObffrJy+2fvdr9+ZfXr266LoUPj+M/ff/0n/7lwz/+8fHpuHj1rguI+HieD3Otig1OICKBKQb68nb4yy/2+9RGe0CIu213XvLjaVmydoH7PgiRBBiX8t1Tfje6Inq1u13389ebl1cRTclg04e7m01e8uPj0RGKwZvH+bc/HE6LD9uh74TBNVvJtdbazvk5mzsqopkOQfZDut/1u15SkuNU3h8WQkbQICLk1MTHDuDOlxuJ8TIXu1hK2p6a1kElEDq0xeYlDgwIkPjxcP7x4Skb/ub797/+4eHhcHp9vd8OiZgP4/w8TiLS4siYgOgTyYIQoBSb5zzm+c3Hd0/n54/Hx4+Hh6fzcSnapeTuhBCEmNjMVG2VLDO1cSsJXVrlpjZwv3hmEJqrE1dNhTsRtcIwMDWyzmbTpUBdSuTY8ozPS/UQzPFqE+93w5Z5iGxqUXBalsdxeT6N33zzA4Ihm7sutTpy2Gwenh+/fffj248PpylXcwl0d3uFpkMXhyFNVd8/PAvTy/ur++stI2FVK7UPOPRB5zJE6Tt+PC9vPp7fPZ4W07fP57/79Z++ffskkbb7ngB2Q/ri9d3Qx0Xh27cPy5I3fbRag0iU2KyCaEgO6itfk1v93XY7tBYRwkKIzCjEsfm+zKpairINeNfJl9fbTSBGqObN7GrgtVZVD4E3XbjdD8Eqq267mKLshhiFwbxW5ShF8Xie1cHNa9E2ljDV0OBCwuYwz6UhG9suoovCjEu1U67FXBA7YWFv8Jaq7u4iQghVjYicSM3VXRvNBogAOoarSBu5pHc1wb/QWpjyOp9BEpLm02w0tCa0xtUr1abFLeZptWS2GCqoqmbGLIxUqza9NxC1cFpoUrg29QdEFHdyALVVSNfqwFqNkBq+AdfmGgmbtruRTNdsKDMDxqvrm1xL87msGAl3VW2FKBJfaljQoohOiKZGzI1wo9XXpXCzzACuUnnz5lJYtTqA4NDwsNA2Z/6vcyZf+RNILFnreRpNCzavIRGYYQP1AnJLc2tiX/QYU64Z21JllR8hEVkL+iRAJGmxdAgkzTaAF1lS604uckS/COPp0gAgMHH0NfnKrVGSoL3/7XxDDmyq3kKOAYDBHMGsqZAIwQCYm7zMWyvW5h2r3gbsEn+2FvwOKCxMqFqJWd2olfLohPD1T77M1ZZcYNX5tJUbOjpRWye1FofaXmglBOEqWQNiRzRAaqJKps1mey4LYwRYJZqAbcuFSCgSHJCYgZiIkQgkoIT24HOIKEwcJAZHQgokIaSuNQMkCTk2wU9InYReUhe6jmLHKUrqOKaQkqQUUgxdjF3su66LcZvC3Ta83seX29AJqMNS9NO8P2dfquVsuSq00hOgqudac7HanoxPOH8HAkgMu8Tb4BEtkQsDgudaza06nBY9jnXKvlRdllJ0HffUbKVom20Lt3zcNcDBwLRU0wIA0erPXvabTSjq52kBt6Hvlmlmxk0fECyyPJ9OXeoBvGrNtRzHfJryZhiud+l8Gp+P+Xg+bTfRDEgkCF1fbe6v9z3T7W5zu9+kwIQoq4Ob2mJvypMZgFNT97u7q4/TTIS1ZjcvWpqgruaKBMSw2/Tb3Ubd375/XrKGFFoEBJieD2d3/+z26t989Wq36f/w5v3hfIgBljy5GyOhG0IFVwIjcmEktFXC5+7goUUcEzFSG60hCmEE5KUosXRD7KIMfR+Yqi7LMjXVbiN/qUFVr43OR4hItbbDHYjZnBxIVcFVm5XPVxN2tWpWDaCa2fqyEDMGZrUakwB61SJESOua0rQkYQSvpvNS51KLwpKrVQdtMwSci86lLIs+HvOHg89LMIiGKOxMcx810Eh0Zhj7sAif3cbFoCqj86pNBEIUdEJEYmfCxjsjJGk59rSS3szBzNrGuai4a+o+DsM7EDVnBnZVcyWWnJsDQR3qzQ5jLBRBoVOLuXbnaX8cd6rczGa+4jgdmpfLVrW+fzqt0EJg9Ev+LxgL48p38DZbbce6Aqq7o3fC20TXPd7vwtcv+r/4fPvZTXe1S7ELh7MeTkvqKLC//fEJEV/dbZkoMmqx29vd1fVQcg3MuSginHJ9d5z/4//73d/+t2/+/tvT7388nsa55KVplKwqqO46+PmXu//5f/ji/mr49sPhV9+8/+Vv3v7m24dv3hzefhifT8vhXB6f83fvTlNWM63m81JzNlNc9Y9C05zv9t1f/XT/+np4fj4sU87TUooiMDF89uImsgv64+MhGxqwgj+dlrfvD0/n8nwch02ap0W1LlXNqRqUvJRc81yqOoBtt4Np1VqXZUaiOevzcT7Mep4VORj4/S7+2evtf/ibL//Dv/3i65fbyHCc9Pfvz//3P3/4L7/58IcfT0+HeTwvbtb1kQgfDufDVJsnj5jbyLRj+vp+8/O7eNNJXrKZC5O7Hef68bDUXF/dbMXK1S41JMd3H6dff3s4TMqI2+A/fzW8vtkkIQLYbdNu06UYpqWMOZ/m8ocfT98/LNkA0PpIWq1WR0QSAiQDWHKp6kg0RNlEuhrCJiCiA8lxqc9TMXchZERhcmsbUlhr+lX5s7aUTZGw6haA8RIE1gBV6A1bvoooWuugaoyAIm8fTkPf/+LzFzddqLVWx6WYBNn3QwrSpMBI5IBC3GJOx2k8jKfjMr17fP88Pr35+PZxPPzx7Y9/+OENCd1f3Vqu7sokwoSE6mruarDai5rOYV3yNy11m2/aKqdd55Lg7q0SbKoSFppLyVWBSNW1Gphu+rSLaQj82fX2p3f7V9vufrexWh6fz4tacXialsfj+ePHJ8JiqgYosXt6OmWFLjEiSooI/PFw/PB0fhqXomZq+003dMEB58UChU2X9l388uX15y/3+yEOXVLz82HsuzBEmZd8mGs27fqg4B+O5w+n6Tgu07zEEAMAVdt3aZynx9NUHffbTRK2qrUWJmT+1K+1e/L/Z+pNfmTJsvS+M9zBzNw9PKb3Xma+nKqrqtndYkmQABJqiGhpoQWXgv5aLgRQELSQCFKtElnsocac3hQvJp/M7N57ztHimL/mJhMJREaEe7jde4bv+30QgJBcgGEuG1jGp8tYE4mIGZvocW7HWQBxleI64meX6xfrLoA1keobe7RSG4j1bNsudwDBZJ1jBo2ggXiuOk5zQ50FpiohJ44sKoExBpKmiL7CNK+ziLGJzUVMIUfKkQBBBU5Vx9oAIEdKgVIkEanN7W1Wm7mhFRDUUBsqAKESQSAYCDYR+oBnuiejW4TPPxG91HKKjU/rvdNl9jk3nJdGZmz+btIn6Qo5d18AAAnBAaC4eN1gcRE7CBsD21Lp2bI2W547wrCse88TdjMXfLrCHJdAa45he3l5PO6kCbDLOoKzcV00JKJErLJcGcxhtRpEzRf7gGAixOQiocVQQN4P+KPDixzl3BcAgKoyk4m6hcFM/WnXhcInrc0xBAO38KqaohozqalP3mJIJrrdXv/y2794+/YHomBLQBaAfyOzEJaOgJjh00bbQGRxuIHKUus7PG8ROX1S7hgihhRTgcquNNIK56GFGxcQoV91p8NJKwChGTAwYLOFfaScAqOBoTRxfZyTNThGVVOxZVBChgv256y9RQBvLptLoYyRp1J/uvvoioTAbLoIE/1jah4fjOg5ExQYmp2neWdjCZ5RfoiEYWry/ft3KXXoNQIQBfY+yAwohG513VppUl0aZL5o8CUAEjIjBmSGEAIFQ2JOxsycMESgCEQhpRgTx4icQk4hJouRU+YQOSeOMTCnPscuxkB9jqsYbtfhauAcsJnMFaqoeIxXkyYmtjD7zcAn8876dI0sEegykQZGyAxDsCFgIqu1CSghOci/Gp2KjMXmIiKqCCaqpogIoNpApREFjzgV/5FA/nNaraRte7FGba9Wad3zaZpPY9vtDwGBQ376+BgTr9f9XOaLVUwhTbUex9IMSmv7cWbALqf9sczjPM/lxc2FC3tA9Opq3YcQQGMMQ46gBoBqYmrSWqlNFAAwBEZCUSlzTTENXVdbDQQYuMur1mqdWpnqNM1menm9ZYLD4SgHoRA5xPWaSVo8apcdLDb0OfzVzz7//Hr7w4cHCi1FOR1P0hqBoImfQpGo1GZaAYPzthSAOARP9RZt2lRorgjEgBaIASVE3G663CXV1upsIqqaUiBGE1CE6lgu5pyDap3Fg+S9LbYmpTUTo8TEDKASmURxLoWZwSlOCmgQAvMirpQmgmjzNKsZIRYpAKTk1gmbW8khTHNpBgbaFOa5BCZTiTHEkCLxOOvTvqikoha4rTslmnLCZjMSIKspGyJwYWqUIRV4PvUmph4tY0bWEElMI5uBEHhrTYToirW2YBgAgcywKgWehv4Dh+eiZo0IDKQSQY6k1oSBkVKCgApWasP90YoIc1YLpSqyBYpSBaH6DWTgy2w0x6AsG1B10SqRGSI0I0A1BBFkAFUmTDGs1v1pFJH6xc36eoMvN+nzi/5m052Op7vHqQAZwHGq64vV3OD93dNmFW8uBxPZbvJ6lQH0OLXNqru5XPVDBmDsOophnvanBr/+3Zs3R/jTm+f7+2OXm6osW2CBVmaVZia3l8Pn10mk/B9/9/H//Yf3jGAGpVYpNaaATOOk37/ZCSiYIaHKTO5UFhF/dAExhB8+Hu4fnr56tQ3I1IWuC10X9mPFYxsyX1x0FcLbj8epKge6ub0Sm06g42HcZH59vdLL/v390/FwWg1rRuXEF8MQE89VUubUDR/vn6ax1IbjLArBKGyyfXnT/eL1zYs1b4cUQtiN7R9/enrzML69P9wfZD/JNDdtTVqtrcUQAqfaZH+aptqMMCAzMRGI6CqGb2/zz192V+u8e9yHHFerfDycno8VQ9BWbi77zHq5WueYd4enj/v5j3flVLHV9vWLzcttzKQmLXR97qjPHJh2u8Pz7rgb69vn8mHXpiKBdL3uoel0mmNgjrg/jjFlNaizDENYdWGT6WKIl+thmurd8/h03GNAAIvkshBqoqCGBp7k51Wir6DV470BdNEDIJOhZxih6wPMlgGneiNgYoi66tO6T4i4+sVrBthuhtoaI4HZxXoI7rMHQA+3IZLSGug8z4ZSW6vSABQQH573d/cP29XQDUMztSZoQHEhXSIGB7uYmoGKmioYAfG5vjJYTDWuwcUlHx5MaQnNNltSsoWRU4qPuxMwg9Yu52AITLchXpp2OYkoGKxWebtK41R/+Lh7GqcPTw8x88vb7c1lX+fT8TQBxm7Vi7WHx1Pk2PVpWPW5z7v96c3HjwBh3Q/HebrebrZDHlZDwCgNGCASdoG0ylxqigwX6zx0XV8vL9evPjz//Xcf5rl+9vKmTHUuuhvnFON/+tO711ebb7+4XgH95VevWgg/vbv/7Xfv/vzbz7errHMTs8jkp5UpN1VQa2aoAC7IQc8xNQQ05xg0tYAMts4hxfhud3y3O6ZQ+hSYtCN+1YdXq3QyeHOYHg5zE30+TJtAL9f90HWeG9P3yQjnph9288f9uBedW6mAtMOy6XSa15lfXg4BkUohOhtAEHIMMcBUZC46TgWJGCxFDoHm2k6ljUVXHW/6uO6DiIpgF0IRnYpiayF48hg6XCQFI6LItCXrGDYJN2P4MMHjhGMgJpwrt0JuYydSDkRM3CISCzPNs6oRB6jszREvrMVgrZoiRESpiAKgDIbIghUUyMO1gMFUGiKKM1lUjBmaKVgAMlRZSm4TPTcGiGigHkHsilMEBFAxJY7S5N27N4QaUxzn+j/+9b/+03f/+Mc//V3M0XU53gkzEqKFEFVkHCdV85QxRixNl9H/Mno2RDRiFXWujbln2PkR4s83SBNAv2jYk0IN/ynulzFU/wIClGVMcLZBIKKKKYVwOO3+429/HXOnbRnYLw5dWybhAKaqpYGJ0//I1NC1G4t7g1QVxNzJ4MmX7ll2YT6LoJku2Tq64MgWe/LSsM7+u7t6x2vvoe9CCKVWAFUAE+AQHMi3wPj83+b0PQBwD/LSLIlKTBEpiCqoP27e3FGtoqIpJDDw+DddBg/e3vh7BcReKyGHsychBDv3p4u/BYgpUIgIDIyEvAB1Q4RFwc+izUApZEd/AgcM4ezxZQoRYwSK5FB/B31yxOD5vjmkLqRMKXHKIWeOmbocup5z5pxi7nJOaei6Lndduujiy3X87CJcZWa0WXUqWqq2JnPTuUlpLs132Q6IWhWpok0c/XM+o0XNIJOtE1xm6gOgqLTm2+QqdprteZTnUz1ObSoNzJoKgKKHbHvcm0ggokCiaiLN4zRNzURETDTHpLWuWb667VLE533d70ZpjTkcj6OZbC86Bdud6t3T4ThWz39G5OM4ldZy5FZbncvQx8iwGpKYzqUS4dVFnwlWkVerbsgdEYzzjIDjOLmts0ijwEQ0jXObawwcY1ATlRZC6GISaao6lQIMMQZVAdDDaSpNAXEcx+M0z1Wa0eF0fH7aJQ4p8M06/fzzF7vj4Xdvftjvnso8jeNpnqfMlBBVBU0J0UTRFIEMTEyrNASLSJGgKc01Ps9hlNR3XZ8hBhhSSBEDh1Kb1FKmuZVGgFUrgIohUpSmZtC7w1lEDTgEA0RkMFRpZsoITkD3naQuizk4p5RrjJGJVds8VZ+cE4EIjMepNfUO35o2qc4Y8T3Guu8vVsOqyzkyM3YpI6AAzEXnRtoshLod9KI/rfrGOIrO5plvTc2wNjVQIiNoU0llHlz8DO4JMl28QecxjxuK1EANm2PWQF0HZCg57S6GtxgPTUEbMBMFdNwnoqjNTG3IlqJEpFmwtYiUTQwYciKDeT1Akza2EDD4NQCGauDFMDEQu4aBmNF7AlHxKaa7n6VWtBoZc4oE8OUG/+Yvb/6X/+EXf/1XX76+6F+/urxYrx6eT/f7YiEejw0D9TH+9NNDQPrFN7cBtJzqV19c3d5efPf2+d3H/e3VepVDjqmMbbXpHvanv//Tx9/8+PSffnj88Hg8nib3cYuo2+9UmkhzWPX9bnr7MP36949/+P5JFaS1Uoqa8Xlv4dYGEeXAy/vr289P0fHWUA0pPhzr46Fy4u0mX152HMPd3f75+bQaotYJORERENYqZZwZ4WKIn91sbi/78TQfpjLOknKKzNM0Xl+s16uUc0CCcaynsY6l5aFPRJtIf/H68r//88v/+b/78p9/c03IH55Ov327//V3+//7tw///nf3//D984fH8a1uJ58AACAASURBVGk/jePcamsiBkhMDlqYi0xzUVNCJuAUQyS8HNIvX198fdtFLTlFDsgBa20Pu8mAb7b5i5v1KuPQ5c1qAMLv3z395vunN08TEV0N8V/+xatt73ixWE8jqORIpdYm8HTSf/zx+af7U+76dR9ywhxCJDStq1WemsOyqDYNiKscX27663WKCCryuJ+fJt2fCi+iyMXv/8me5rpkIN+z++1NvHAmfCvgT4MPxeAsoT/f82AItsybTZ0P1uXAZATQ9b06WdvUY7nE1ICc8kFoCjKWcZqPh9MoqlPVWtvhND7sjjl2V9vtZ9dXF11/LOXvfvzu/e7xcrWm86+diEPg4MZe97/qQjvxq9r1PwZL9J6/6k8QPxf6NhNVjSFIkyZKCNJcOmw5JV6okZhTJlBGYOaPh9Nk9MXr62HVoRkHpBC7YRj6OEtLDlJTIFM0Ean7/SH0q+M8t6ZzEUVjsFWX+xQjs9VCHleuKmohR1M0BTLd5Pj6ZnO77m8vV5uUI+I3r68/+2y7343TXHPfdZE6DkMKbEAh7Er9+Hx0eHMrlQNLEyLyDDjxlSKiy0yaNFEldM0yGYKqurIlBU6EpdQPu9PjVGfRqtIMTuN8kdPX1+ubVW5zEdGU+6ELQ6QuMoiZaEqBzW63Q5+4Z+xiZEAmEhFBOs66n+pUm6ghByaSZkVhmkVtySRGsxxpkXCr9n3sc0IAaVBqMxHXpYhaChQYm1gT/0C5mgWaLCA3IkwMmWETcRUgMiGgwj+lKjERODx0QYV6L0+4uKQN3VdJbGDISCEYwKfCTEHFDMOSlg0OYfUdgBp7Kh7HhcjmTFxellEq4sXwklXmH1pbuFUeMmZnoCUSIjIgEiZm+vDw/mn3MbhFQc8bOUSATzBxkCYIiIw+jl0qblE3Upo/ls4I8agBBOc1LdPqZchtHNyvQ96OELm90VSViPzrXctEiwUWy3xEZiRutYKbkav6HuoTVsxDt7yI/1RaL2/NuWZwdOkiypIzkwCRI4IBEIp6eCkEB2WIVtQlEwSRDB2vTQSkTT0tls4WRW1tLqpiLiNUEVAAcoyBuqvDxNxhvaC3F5OE/5mMmFptn8wWy2LH1ACYGQnmWs6WPEAkiiHFNJdCfsDQ0usoglOQAJ0C65QlZG8+iZDi+cQFIOYYZQHDElIgjqCGHAIH8zxGDIZsfmGFgCEZMlAiChQCMiMF4EAxcuo4RAyJQ8AYQ87eG4QuU8ohxdglZkopdl3KMVx0fLvibSJmrKJFrDYnuYBn+qqCIaiYr5BEQU1rEw9L8/tDFU0kkA4RV4kiGai0KohsxGMpk8jh1MZJqpqH1zCaFx5oKKDSTAT8k9fAoDTxXYMvl9HIFAmQQ2R4sUpf38Y+wHGcxqkS2MXlKhBFwpQGMXl8OjzsJgPoQjzNs4opUM69n0h1KoKhz6FP/f3z82mqBHZzuTk87dY55c2akI6nk5mpimQBUURIOQFxa7UqmhkyKrTTWD3AZS5TEyGi8XRabdYqUmplNASYWz0cTqCWc+5Sfrrf7cdJal3lvO5zYny17d/cvbt7fv7x++8ooimGiLEYoxqaWTMEaYoEISTC87pWjRgVeF/w4aCThsiDP5hZZsBJkAHoeDw4saiViiqBQxexiRhyLRIZcoTLNQPoaSJFbgZznU1rYGZCNCGEWkYxEHWeUGMKaECMOQRkE53FEAFjZM9TFNFagJiY0BBqrd7JN1WRVhKFkKfTFCOnGDgym5UmY1FBnoqmpFcXhjiGgAK4n6spigAgKkbTxbKbEJvRrP1cLwiA2RRkgQ0aQBAP0kODJr4pBVhCuIDIzKgBhLBfdfcp7iqqWTKDQJhIxRojmDX069bQII4TqcbaICBzgJAgMpCNRLYd4Ocvx4/H9tu3l0zBxwO+jffNszYx08BwDmE0AlQRBQGzBgIghKjS5sPp22+v/9VfvmQVAziNbT9rRHl8Or55GGOfG4b9NPbSSgqs+vmL1dUqxJxpa1fb7n43v/nwbIBq1g+57zu16ek4/v2f7v7D7x/fPZ2qwfE0t6YYIiiY8+3NyMAQXS+HxHf3UwzsFQ9TRGJzPwuYP7dMEGLATxA1QAVAFT/qXYd6Op0QIHRpdyxkjUCPx7p7Pm0vN6uLVdkff/e7t199ebPddFfr7mKVLy4yqo5zu9+Vj4/j3Nr2or++XoEaWMldnJuMh0mAi0A5HV/drH759YuLQCbVIHw8nf7339y9fZzu7k9Tkdq0ic2lNmmLKNbvVkRw/rSBibXWmjVD4BAIKefYpZAIXl8N3173l6uQ8kCgAOn5MD8eilC8HujV5dBnLuN0mmci+/i4/8/fP70/KiKztW9fbXqyH98+NJWby1WRlnMAgoenw9O+/vjUHkYxxFUHVxdZWjSx1ZBXPd/vZ1EkCu4kCQRkJYfh8mJlose5fHh+no1C8NBeUrUGQKB0roFgsR3ScrstV7F77ZYnApcOwKX1yGiA5Hx3JGJi8fQ9XvxdXe4QyUyncXLErRHW2ozJxcmRsdYaGUMIl6t1bdl0f5zHJi3l9PL2ZVNi1QRRJ/nj05vf3T0+NQHR6WT/03/9V17oqEnAUBwirGfWPaidMbjW1BAZPL4EAAEUBBXRCBAWFQGYCSGl4ERIUDWrEoCUFY28UH6eS4qkIi82/a9+9vm/+/2bP/70/Pj8cHrevf78NnXd/nQgDF0eoFYkSCnsnh/6PqHRzfXlfi6B8FQnnbCafvlZ33XhNE51qreXq5h4SBEQazUFI4qH43Q8Fgo49HkYMofws5fb59307u5h/7B/enyqVY7j9M2ry28/u75I4cXV5VZlN89v7h4fDsdEsBn6i3EKSEMKXcohsLvjAJHZZ5sgZsUsGsSlfwNjbgYqGgN9dXtxdbH67n7/5nmqKrdXF6vt6s3jgZ6PN9vh5y/Wc9W3T+Mff5rKzerzy+HqItfStImJTsfTQBT7eJFsWqWp2Sh6mutUa1F+niraPKR5nXjT55RTtfa8nwAhpxBAE9C6i9Ksme0Ps4DbRUANmpMNCea5lYo5hSFSEZ3FihqpBq+9AMy0tRaZAvI6Ws+4jXCV+E2kh4kOTExYAjFjLZUYgdBDgZmQClUkpCClqgTFEhGwtqVqZzatUgsK+qPViNpsABACW6smNYVY56JNAxggKQgBYwATMQRQdfCOKQAIGQKSkcN7QB2Zh4jom3NQMzVDJFNFoOl4/OTQX3hOXq0j6jIHBwc/LEseMfC2JpKIMRFHLnPlGMQEDFSF/QH3VoH81gNx9QBCmRrFSMxnAaBy4BCCw+tUDcGsmRG0Mv/1v/ybX//dr6d5DiGoqVssHDQLhoQMYE6YBTTwh5PQ1XqAAEawyLgJiU1VVFWFQwzETarJJ1QGgQoRMoboBbJTDBbNtO8HwD7tN71SJyRQo8CwgINIQd24gMxuydYziNRL90UkZ0tEAS4aSQNDp38iud142asBooggEZg3WO5EIQBW1VZrCNG8HTJYJmLktb4rdpgIkYL7utTckE6c4mI2p4AUAYg8BpCYYjREDAwu+qcQUiIOgBxSBo6e7UUxcsiUMsXMHv6VOg7u7s2x6zh3oc+x72LOqc8p5S6nPoXtKr3YpFebsEqkYLXpXLRUqWKl6lxaqaoApiBiaiZNW1MfweonRYOBiZDZKuI28yoimYlIExXjU23Pozwe6/OhnqY2z83d6KBaWzNVE6uitamJGZ7HioZSm4iAJyMSAppKM4XI+PlV92KAm01nIHUyVQ0kCZfPLCE876a5IECorU5zmeemtgiQAEBL6SJfrhOBHqZ6/3QQ0RjgxdV20+U+5ybWmrTW5jKnFJvoPM/F1cetpZgAIBDNZZpLmedymMZpno/TNM8TEaUUODISAWhMHFLaHcan/cHM+qHLXTcXWW06kbrq82fXV3/+9WdA8vb+7vH5cXd4SjGJtHHae56XmcQUTJUIOHAMgQBqqwBImCdLT1O421UzTEwmYBinScTaqudVAkJrCp4LwAFzZrAaI6eUVRCkDBkTN4ImVc2CGKgCghEiL9guaK25G6mV5kHOgTgGNtVWWwgMCrw4eM6BVh6Ga77kA2YjBGJQbbT463meZ2Aza7XJ3GwWm4qp6ZBtSIWjzjIX1abYmgNGTVUNmSgyJaCgGmvblLpuLQXXOavgJ57zJ8eSGZFDHIItWmU006bG8XS9uhvSczUAGKAFBEaLTUO1VZO+lmGa+nnejOXqeNgc5kEqM4bSwnHEaWSA2ErROm8uaLuukcKPj702MBBAAlpCCT2R0XOXTYTIGElFFmCrR4ABBEIGStD+q2+v+8itmQDdPx9+ePfx7nH84f3OAGqt3/30UIp9drve9rzu6Bc/ezn06XQq2+06IO6PcxP45svb6013se72x+kPb+5/+273t3+8f/s47o5jbdqquknJRDx6FQGXxEQxAyUkRlLRWpudsbcLmQUAcIGeBWZAcMfz8g0RENS9YapGACmFeS6s8tWLzZDCOJVh3SEqM6GiKfaJcsBW5hRgPXT7sf7w5mFu1ve57+irL25e3mylNQDMIYrBdDpdrtK3t9uvXmyvtqvHQ/nD+92vf3j+jz8d//B+/OO7/d3j+LQfx7FOc53mcrYnfdrX0uLhAji/8eq2M0ZIiYYcQSVp/fZl9/PXF5tVl2M4Hk+Hk/z4/jAVeHXV//nX16Za5xJibK3tdqf3+/LdY0XO0OTlJv7s1bpLcSqyGrqIdBrHVZ+nqr978/jjY9lPzVrdrsKfvb7uE0+nCUVzwuPUno/SGjjvb8jhapNWGa8u1n3i2sr753E3maoHExnSQjZ3tT8iMSw5cuCdrgHRf0nY8CbPEYguUMZzMACgh9eAD6+bGPzmd38IIWxWA5iJh/IwmhriEsjExAvKkOnMIaHIuYs5hLCfxrvn53GufV5FDh3x9mIFaO+ent7tTgpx6IfLvv/q5jqQSfNceF14D8RmtgA8fEbrdkHPEAJHzcFiDfQXiO7KA0ZWVSBQcM00uZgTTANTnxISIQMgcIxa24urTe67P7y9f/c8Px+1KCvHFEMCC4xS5lKqxyS5500AgYOqncb5OFYOuRQVhcNpetodH3bHpjSX5jpHaWoITBg4GsBxbh8+PO+ex+3FcDEkFDWRudSYQqnF5QxSdVj103jqAhPg/fPh7ul5Mv3u3f2pVECIMTjFTc4UPgMzQ0VqvkZ3Hy4AEzPh1ORpf3rYj0R4vRmGHA6n8fFQ9qMU4o+H8fk0n4qIycWmTzk8HKbDcU6BIlHXhz5FBiSExJgDsYGUymiR2FSr6FTKsdZdqc+nWg3EmpdZp7ntpzpVbaoqkpij76vQShFRFbCpaKuLBRkJikgTZcIQnBMFIgtNGQAIPVdOmYgREtk62EWAQGjMxoxOoiEGAGZa5CkOiyFG8sE2gH+Ag59z6LB8t7EBoIrHYrLzW/x7mEE/dP/iV796d//RFleX35G48BsIHbXpnY2pGS3jdDC3SNB5Ro8KYODBUrikWTpnnxaXPjlQ310vXtQyuQbGVImImNxrZ+q5UKzaiFi1OQpMF3XQkn67DD/c3rOcgOgYV7PFLotgIYQm8um8YGYjUKPDceeGZwSkEJYGBsBPISRSszMvyLcC5g7s827CyavOC7JhPQCiahNTdDKn/yGWRQkycvTTCRbGEXpTAnDe/Z2xoYgoTZDQUA0BGU10MTZxIEY1NTVCMlD02vrsDTYHDpzPEgPgxT6yDOp8sXjWOWHOvTk9jT1EFefp2K36mLIokEvz3Tzu7zsyIDO55Z0+dTIUI6E7ehmRiaPPt5kjEAMFJKYQgYhjxzEheIRixpBCSsARMHqwF2AgjiFnzonzJ8hPjl0fusy5i12OfR+7lLvcd/kc6xtfrcNlh0xQVZ3wU5rWZkV8ciZOeRU1EVGx1pqaiYEZkCGYaVNUzWyXHW0ykYqJGVhtOlXdj+3x1J4PZSqtiYgs15WpOoLMAEWseRm0+GVAVE2VwBZTKZGqtlbNrJZ22dPXL1ZtHLFVUXz34VFVt5f9NNeHh8Nhmk+z7I/zaZr6fjicjq3W3IWLzTCVpk0iwaaPq47Xq1xE7p9OtWmX48ur9TrHIafahIBAW2LMIRhqqQ1UYgwipipMXOZ5nCYxUJVpmsZ5nmtFM0aMIcXE2qTMBQG6nKdpPp7GUtvt7Q0ZtNZyF9erHqR1Ab682V5tN9+9++n+8XF33E1lzjGoVpPGHEKIpRREWnKskUWk1HaqViQfCo+n8fVFfLmyyx7JsDT1lGiiOFYxGclaKRVRYyJmNZVaq4pZQ5W2XeVEqCanuc5i8yxlPFs9QE21jEU9XsA7ds+sJgBoAUnE82i4iTZpS0yrmYq01lSbgTBxTBSZxJpI44AcfX+quUubYQjEangs1dC6iEPQHFWwiYEBKXjKhoYAOXGM7FoD0Sg6iAwivUP6XdB3rmTAlm2anXm8LjHzxEdbkktQCa0Z7+ftWG7L8eI0r+f5oupVrdvjNEzTMNdVlY3ZANiLQp/het1iMJE4lwyW50qB9NUNbgbr8vDuaXu/TwHMhdk+b/XG1mXK4ItVAFEDXeAP/jKJSFphoi9uV1+/3Axd7lf9m58+nko7Vfn+h4+tttvLfJzaj+92KfLPv77+7Gq1GeJ2Oxyn9vQ8IcD1zUVM+eZy9eWrbZvLx934f/3nn/7tf/jT7z+O7+53h+MkRtIcR+SWY0ejOYRb3aLgx5QqqoHvqdHFnV5Xeoe1UFhcSbLMXpcDEx24ZoDAhDGndYp/+eXFt5+ta5mHdb/ZrsZZD/tpPs3bVfr2q+3L6yEGPk7t8Xl+eB6JmBmGIW7WHSvU2qTKdjVc9GEV4PObqxjiu8fx73/a/cO743d3h5/ujoeTlFmmcT6dpvE4qqgqNOdSA5ljsD7ZyGCRzPjsC4CQl7C7rgsRMYD+7NXq2882m1UMjLvDePdwuntu49SGZD9/vR0yGWFKmRDvPj42xLe7VjEx0ibiFzf5xdV6s14NQy6l1nluVU5T+cNPT//447NSF4l6lpfb7vpiaCIhhMvtoE3/+PbpNDVFa7Wt+3zZh+3KF7ZMxD/ePf94f6piLhsD/GTbXUQK/vL8JTE66d+T6QDP2jhA80Rp3w/gJ5mQnT+tYIRQBZ4Op3/zb//dn3748cXV5brrPO/Fq5YlY2eZAqF3e3iWPHAgADPScZ6PcwPmwGytpUirIU5l3I/TaW6s9udfvfjms5t17lIIDlCEpZTy3/c8sgNbwrN9vgCLtnkBkCw7P1MFQAMnINJSBRJRjCEFb4IsMuWUAlORWufarGHgWtqQI8b49mmykCjnsfkcqqq0Lp63EBT341REa5N+GLzEUZXNZo1NhxRWQ35xtTLC49z2Y3vYTRCimLvaKEbOmbsuxMClyjQVJo7M6777/OXl1Xa96eLrL243m2G3n45jSSmsVt12vZpKqSKmwpEejscf7x4OpXqsagxsSCkRIZbWam0OxGylVtGpzmoQAxOZopVqx6md5sbYPr9afXuzHmLYH8epNjW0GOamj09HJCWi3Wl+2o85Bi/AcxcjYUDqu9RFMhM0uxj668sBQYljNazSjHhqWopGxiFyDAhM+7Htq41Na5GpKRGkyIGBEFY5dimKQCnCAWNEjmyGrRkidJE5uM4FalNTjwlD04VBwogBYWDYJu4jAbI5ToYBwS2/bt5dwGtMyMHxywhEi28ZCBcFty/LfX7Nw3pFzCrGDuKkkHMGot1hv9is/R/nUhHJlfDnsh4/VY62CG7QDJCZdZGxLThQMAcKESJ6LaqGvrxaGgYPm3eJveMqHVuzAKVRtHmapKldbC6QuJVCi1jHjzolJBB/aR5xS2qA6uGAYAQ+DAJDaQ2XeFElRCJ+frpnJCSS1gBRmhJizFFVDReuKixhagv80iMjfI9n51N2eRfAkEikmplj/f3c8ph7/w92oZWqOrXTH3tDQD960ADYFJCA3COLquBXmQ9DmIhNwZwl72VA4K7raqmfvo19UkXSgtb208St0/7ZWLYahEQx5c6ZZc79RCRV64eh64fTOLrAwIDMCDggLWaAM/IIkQIg++6AOXhrh0zI2dE/RAmZOQSkRQvk7QFR4piQU+y6kHvkSCFhTE73j31HKZPL/XMOXV4QnymHvnPQp9tV+8xXq/jqItysOBGoQKmyTP3F5irFlTdiACSipUlr2hSa703ByJbcKVBLBJtsm0wJrdYGBsB0mtvDoTye6mFq01xLFdeSevUjTVoVLyabqoj4rWymTrQHU9+PgafSmjRrDj7PEV9ssrRKql9+vjG0/bE01eNpen/3aMTE6fF5X5pwoPVmQKPj6dT1eRqnQHh7vbrerto8j3MRETFWBUS73vTffnFjKsfjqal2iWOglEKt7TQWkRYICKHVNk3lebd/fNwdxqm2djyejsfJTE0lcWCmWqtIbSKtiqgQQgiBCEMMXQjbzerzl9ck1ub5xeX29cvL3KW75+fdYXec9qZi0AgamjFSEy21GeBcm2/0HNJSLO0mzsj/7Te3/+yzNAQ5FT0UHDWUxmBobVZtx7kd5xasgM1ElhJaq7VVMGOmnFjatFml1bCuDU5TPc2lNGUOgclMWqmtNTWqs5iBiAgIIQKyw1+dAAsIVaqIggoY6PKBMTfJxIW9AE2bqCKgqNXiMW2OJNbjPE2tAVqO0gUwK0AKQCL+0IBoI0Z2w76cAZrcVembDBw6pvBpIWhLE+C8E1wecgJTFDMDsnOgo5cQTUKrg9YVaW8a0AAwIjJ4PWOoCMCMRGqqUNZJM9dxlHGO4wmQoqitsry8IsDhD++GN4+Dqqo2OufINzFAZGJTX4n4swAgHuzoinr1kk6lrvr086+uv/niWlVA6ePH583lsDuUj/f7b19f/PKb2+/enx737cVl/8XN6mLIN9fbh6fDdz8+brabzaZDs9OxpMCo7ce757/9/ce//d3jD3f7uco4FTMgIs/oBgM/YMXDG7z/xuWo9Cp/EZOguboHEJ0cg+QpDYtDzNwpZ6aghopmi+RWalUD0199e/3Pf35LBPupnqb205vHcWyXmyGzrHsms2r45sPucT8fj1NKYbXu98/7GOOqS3We2eTlRf/Lr15cDN3373c/PpR/eD/+6cPxMGutTZuWuZXaylznUpouQ5zF9WYEAITGYC7o/QSDW/ykgIhGYIbS9/Fi1Q2RX1ykz667VY61yru75+dDeTzWw9xSpL/45mYzhGmqH+8PxMFamWv9cGg/3U3j2F5s8i+/uLhaxZS47xIzPTw+T3PhGD6c7E/vx7vHse/zi6v+dhMyAxp+fNjP83y1GZ5O7fu7k7ZmZjnHbR9XicysVm2iH3fj28fxMFZzI7uPphjDuXrBpdJfJLz2T3cXLCpcMADzVfrC/2FYaBz4qUkAA5ub/G//578/7g5fvbz56e3bP/zpuxc3t7dX26aGCMwE/0SdceXXmeTnnTgqgopql3qktB9HM4mZtUxPz4/70yH0Yb3Okdq6x/3+aSzzqLWivH982h8PqzygZxOjMZL/zZbHe9lsLDWB/7bnJgE+FR9+pcPCAicwMYP3u/bHj+M6YSJrre5P5fFwGotNooepjLXFQG8fdsdp7lfZ0A7zPDcbp0pYY7Au5yISYg4cxzLPpfUxpgCbIWbiz26366F7fD4ennccgwIUsUmxSZvncpqamqm2caxIMPQpxbDu03bTzXM9HcZVl4ccA8cmmrq4H+c3d49TKTlyLQ0Dn07jfJovVqvMrKoP4/SPP7wZRUKI4PNyZ/I76kQtciCEuVYzUFMkTIFyin3XPZ/Gdw/H+1OpTS9X3fWqC6qrxKsuROKqth9rqS1GHjYDqMaAhDTPNbDPaM0DipyeEggSEQcci0xFQgwpxyYmapshDJEDU2ltqm0W4Jwa4uNhrGIcQlVpogvaF22uVhsQWGQOkU08In2pCQkIAFpTVeNAi7LLLbcEkeAiwkWEQItRN8YlFsGhCwsclAgxLPnJuNR1iOgc0nPpt/CYA7GKtVKYAxJy4HGqj09PDIRIouAFt8HCt1iywT7BQt3AC26xXW4nR3KCAjP9F8bUc9XrWdqERKAup/eB+jJWdya4LeI+AMa4sC0BHG+kJoCsZtrENUSAZIvDHxEJPX2WGQDtPFJfEsFsEde4J5jZidNmap6DIE3PBiLzSbp6RIWPkRbPxjI+B3T3rmcx+zNspkaEhNhqtQWndp7ELBal5VkOy5AOadnrmTOw4TyJIsfnIaCKoBoEROVPp5iILu+ILv2fGmhthUClQQhMweB8ciECoCpY8xhQ48hAsIQenCkEajCOI5hRCEuVATAM6yawu7tL/QBuGkZEJLVPeyWPAXYdvzenxBzNIOb82cuv3929MR8MUgQHTobgmwFmz0OKyCGk7D5gtaCAMXdAkZg5Jo455IgcgJlyCl0XQqbIMabU55hT4JgiXwzhsufLjrpAClCbVAVVqM2KtNLOJjIDETWFptKcxokmqszAgKJqaoy4yrAKiKBSSyNuBlNpU5Hj3KamptaaGmgILnVQE5P6KYaOlsEjEhqINK/V/J1GA/80qbazv9s2mdc5VZGn3fSLz4dA+u7u/uPz0RDR8DTrOB2qmhOORcNPP71HoBASKHYxdQlzgP3++Lg7EWMIQVtF5HWGnnTa7+ciqtZ1XEoBo/v7j7Vp4JhyrHMrpdYqAFDKrCrGeDgpGBIwK+WYmLg28dl3iMk/M9NcUgRCYEA2u+zS7XZ10efaWgj8tD/87scfHg4Hw2Zo4zw3pbkUVQiEIqqmFENQAsAmOJV2nCoz/DdfffHPPlvNZfr/fjj99sNYITAGRBJF1YaqjK2JVu4mCy9WiUOLzHNpjBy6nPuYAMzKfr8/HKbWDDWgg0NQfU4hTT38D0xFlAIycamt1CkGRsBGEoiYmZGQjTCCwVxL8+eNOCL6UArMKDEQiYE2TeLgMQAAIABJREFUJWYwQ2BpcqpTsxoiJYZpnoCDNjM0Q2zKQNj1EcFypABmFcyXtihgYysmoW9q9EmCyY7eRCJSXeCGpiJNKOQmxqERGij5KgARvZsFMAAB8pPVmjQ/4XyFKtoMICAw035spzG2mghTymhoQ+5GDf/PH80sq2GIQggWWJqamPvNEDwWo51R1Mtp56QOQCWyRaYIyIR9F0SsFZtkvP38miMJ0hefX//Zl9f7UznMen3Zv351kYkiIiCIBVMEazm5T2tsDLvD/IcP+7///mk/VeRQq8s1VdVUQMQvUHDwCvgpRwCACxvJ8RCf7sMzF9IFqACGzo9BN4XzYseEM2cbVKUiBjL9iy9Wv/qz6xAZA3EotU6E4dV1983rTc+b41g/Ph4Pb/bA9PKzSzPd70+l1uvt+vqi++J2o231/uFw9zR9d//Tm8fyeGyBQ22CgCaiy/YcAdkTL1BBzInb8OlKWZobNLWzAN6vJke/kZpCjrwdcpDy4mJzMSQC2J+mw2E+lba9vgzrPH14vhoYtU4THU7l49MhpvDiepif6c39aZpl1aXbFb3YpsiRA6ro6TTPs+Whe/+wf3+ASYCZVokGEjKLIVaRoe8utkMV/eHuGQwCMzCuEr+87GutVUyRPu7G02ylSeBgpk00MNvy6nBZIi1mM1NQd58oAAMomRmwI4DInXk+l/Pm2BSU1GdeTnHV1oTM/vDdd//qX/zqf/3Xf/Ob3/5OUR27yMQAjIgiQIhGhuo/2md5IRCjB4EhdTF983IVmN493pU6HVrZncbjNHF05Vu9//hRUZ9Oz+PvZbjYTFP9+vbzL65eEaOaOweb6TlRRxHQM0dRHWC0SIAMl8cdFg0jGDmWwtDBVGrt/UG+P+H22CrMRfT943Fsthv3pbar61UA0jL3oDYe9/OOM6rAfprujuPjI3z7+ioMyAG6LtaGeX11PMlUGyGsui73+XiaStGxgFXRWeZSm4BgjClvLwYTOpamAGi6u69mLTJfbvp1F/u0PfSpzIVSPhznx/vD27ePh/k0NZ2mabMZbrYrELvcrq8uVzlEVAC+ef+4e4f4/mn3eBh/9vnLm9ouB9+i+JwO15draYIEolDFtCqARQ5m7XbbzyqPpf7mx3vC59WQUuIMcGl4ue1h2z+O9eNuOtT68WH/zGh0kbsOqkxzYaKpSEqBGXPkiGBE2nQAe33RkcFu1kkKgFVB+yg3Q8qBh8CCeBjr82ke+mhIT6c6NXNBZFdaHylFDhTG0qZiQ9ScCBC0QQicIojIEv1KLCqlaYoMqGpQ1RgAQZn4JsE64nWGH058P1EkTIFPXAtRCLWFVsZKVBuTERmzEUohZLZSXYkpRMYVOECdm4kCcuwR1Ve1HJSYrM6+/TOLMxRoFUwZ0Kx6zShL8UsG7YzmNBNAAkUxMD1TQ+1TklgAVAVVpAC45CSL0yb9i9UA0CW4jOj5uQa+oVUyAlAVBaNxHAMzc3A1p8928BwVref/ERZ/6uLK9fWZgoLKsNnUWstcmCiEINIcIMyIKsvPBLM6z9KElmLVAMDE5ToGCCBOxvF4AzNfFROpCCAxsc8MkEWXUh9dcuJrZSaKBM7sWRogd1F4QYrolnDKQyeteXKBoS5CVOd++rGxEBOXTG0KYbO+ULUm7dySuXpwsSvAkgBGy5jIfOj1qbMBZAbX9PlYjMnAiIOncQB5Vg+5KNInloaAHJARPMOLgpeODcWQqlTk7KAQIA7O+Me4MH9yRykiJ4oBMMY0YEwhJw55of5zDC7+SYm7Pnad7wFy16W+61Lqc1p34cVFfrkO244CYVFrVeeqRXQuMlWp4tGlYKJNtRVprYmZKIgomLHHQguAama76sMmEUJtTYH4WOTxVPanepikNlHQpmK26BBbFW3gOhb4JDZwZTa46IsATFtT+/+ZerNmy44kO8+HiNjDGe+YI4ACCjX2g0i2NY0m07P+r4wmyfgiPZHqVrc12WpWdxWqClNmIu98z7iHiHB3PcQ+WTSDFWBAZta9554T22P5Wt9SNBATE2FiRCgujmVdrVr/vO9unw/Pz8eFMzb70/ePhzGOMe/2XYwZneuHQVWqJvTdsNkemtrV3qUcV4uand/s+kOfk2TnXDeMcUjLJpwvq4t1G5DEVCUB6PHYSc6O0FSdJzONKR0PBwU1o5jS9OYBEJHgHSEysZio5BL3UBMDKLYnMen7HgF/8eXbrz5/0dYVIYbKDTHePD/fbx533X53OOx2hzEmck6ySZYMwEwhVENKoopkoOIRL+ft55ereRs+Pm1/3Ay3HQ5REFBLTB4YbWo2IULwNYGdtVZRVlFCdsH7qqZCDgU8HA5iAERNPfehKevWOMYY8zQtgTlGRBBVJC5yi3OlSNDMwBRyyqW/PWdNqggETI7QE7EjUSnP8SISE5GpppyyJhEF0KpGtZFYS+KGEavaMwOROSIAqINvgg+EkAzRk6PKW+NjwAHBdQMwU+Wo2J3LmaCqzOAmJpA458jBct4t20OUSjNNTYL2SQs2KxfdkkQqEAMjQCqZBkJkVBNUZQUP6AUEmNB7AVb1ORGYMomIIpEqgiki20QgENUMlk3Nu2kVbKpoZipFtSVyZWPcBHfZhlVb1VVNgao6fHw43j/ufvn27GIx+8dvbh+33c/eXrxY1Wfz5vxyIQo3d5vZvH37+gxEEIib8McfH/6ff/3w3eNw83jYH5IhmYLkrFJ+IFZk/ylsVghJ09+Kop/BFNGscFdOtpnp1IMiQCN/cgBNaBaFItOYqggyVxX/+1+9+Ksvrx63xx9udh/ujjf3+3EYX1zOLpa+8tj16ebx+HzM45iaxp+vW5NUEX318vzfff1q0bY/3O3/8+/v/98/PX17N3zc5OMoYjamOMRRshZRpkgS01LndOQCTe4YAJuKXoqP+KR0T/+M0wLDM728WK5qd7msl42v2WaVTyL7QY9DOgzpYTs4hHVLldP5vGXnj93Y1Py8H354GJ8PY4rjZxfzr16tGPI4ZFVbr+cp5+2x75L9+NBtD5EJV/Pw6mwW2AyhbpqU0tj3TVv/+NA97pKZsUM1vVyGFxeLKgQzPA6xT5ayOOdKVy4iOPaOKDgq7X+nnTWegB+n7mqcnppF1qSiiU7Yu8n0cOrZtALnyCpM+KuvPnt5tcpjv2jCX/3yq/VintU0i+Min05AHCMgOgUXoRQAIPKkaHpfO6Y6+DpUY4y3D/edpDHn29uHvhuWizkwOUe7Q7/vxmSiBE1V/+ZnX7kSVMZy6QQ6OQP+8nYFIzgFjqa98STUlU+vljlhKtvDrAoEQLjp9Zu74zf33X2fD2abaD9tDonC4zHuNvt161W6NBzqitLYV5WuLxfHmPcxbY8dwBjH3hEDWEy578cYrTuMIcwIYDj28+V8NasCURvcctluBhmGNA7DmOzxYSeq1y/WkpKKEFGKKcc0mzUOoaqCY6zqAIi+cueXS+fp0I9jzBz4abPrh8Tkm9pfnC080szz+XoOSB/uH3fjsD2OKtbO6qYOxXTgkIjQEyOTmeYkOQug5hwfnjeHY+xz5sp3KT/uj0/HfjfGp25ISRZtdd5Ul/NwNmtMdcx6HPU4JiIKTG0d2NMQRdR88J7ZM7PnyuGyrRe1Z8L9mI9jNMYxaZTCisImOHIson0URWDvCn44Aw7ZupSHZIBgCFltVCWEKngikiRgUDn2rjRYGTvSPKmQNiFFyhGkCODQFg6XAR0BoZsc1sxQxsKCVJm8NkVVL3R1PO3NyJiBHU1tw+TYIxcaJJw2nUCOEclwatEDmHJTBlQOViQHMNmRrCQpTw7JMs4CKBVkdckM4PTUmRKk9ml/iUWcyUmCZwPgCVBk03RaUvJWcMxkVqr00MysGNVNS1f0tDUwA0AVATNkng75076XnSsLUwCw4stHtALrL7FVLaeJcZFsmV3wqmpiqsaefWhyjkU6ouKgQQSzaasCVgqMmWkKT8OnerBiBZk+w2zop5VM8T9Nl4hJ5ABAZp7sp6YIoKpgVBqgC5ho2heWhgQCAHSVE5FhGNiRCpBzCAgCpztGIToBIKgCWmkJnRLA7Nz0sy/vkilMNW0bSmS4xMtKY1TxIBIxlHpqZsWpv86IEQvW1scs3tfs/Ke7ATpH5Ml5KiN+5ZE8VxW5CslNVJ9Txa8LwdWVaxr2nkNwVcNV5UIVQmhndV35pgrrubtauPOWKodqFpOmbDFbUo1JxzzNAsXCkZKlVHQTzFmSCCEyUan79Wirmlc1eVJT7WPuou66uB/ycUiqAIhiErOoKiiIaC6VXjBdMtVMpqSWFbI/mCGYSLbTfql8SLwjx+YQAFSydDEdhxFV29rNHOz2x2hEjrp+7PvovVvMq/N1E4JToJRzXVWX6+VyHsq7at+nYZQY0zhGIgazs0V7uazb2ptkA+hjSin2/XDY78isreuCWZNUFiHKzGOMIlaiRMExO2YiQCuCZ2GQsSNRHdIQU3Tsyr9bLGZfvL5czmbkvRIq4Q/vPvx0e7s97m7u7oZxVNNiZkPCrDKOvUO9Ws9fX8y/fLl+eTZzIMy+l/zucffQ6fOg+y7t+wHNHBuXUKtOORkDNRRPJJKDdqwpihJxVTVEjGbLupGUwcAHbupweX7u2WuKs8bXwXUxG001nKLCTAVNNuH21ESziWmGJCY5Ezs1MCM1dZ6WjTtb1kA2xNEYmzoQg4iooBjJJMIqezNIPjAxqKoLngjVLGdVUUYAy8GRismYKIkKpmjjKGCaU6ycac7kGiaHmkssHwBSFjBDFM0p5+QcKqh3h6vzOwI79AvNWFyCf6GVwWnMB6Dp4148hSWXQ6CqYoql+JEKQyabZjGzkvc3UbHS8ldkAgKjCaSIAAZCpbnSpr6v4nGmIs0gFggPmKDqZ5fLn725qmoWy8Oo94/d+bJ5dd50gt9+3KyX7a9+drVq3GIWfPAZ0Ayayr28XjPix4+P//L+6T//y+3v/nS3O6ZDN4oCImkqxiwzRBFDIKbpJcNpB6tQGtkRzYQKYHzyW8N0sk2vVbFcmelpTYCnu4QZQkk2+6bif/v1xV/9/CIq3D4P794/Nk29mLvrM3exbtXghw/PzwfpI87m7WJRz1v3YlX/4vXZF9erYZC//eP9//6PH/6/D8fNccodJdGUc8qSZAKmlXBbucMpYFmfnvwJcELMFZG83APYpskS8OQNMMTK4dsXq+tFfb1uL1azcRy6Pm33/e3D/nnXofe3d9uc7dV5+/mLRV0HJt48703zoRv/+7cPfXbe+8bZ24t6Huj8bFm31TDE9aLZ7vYPm+772/22U+c8mFzO3bLh9XrOzgEhM6SY390d3t/v2TlmErG2Dp9dtLO6MpVhHB93/SAqBkSYRRyTd56JvSumHy3EOTpNIlNrIRaDLdhpTTDZlqcdFJyuTOXuNkEHSxbFTE2k8f5stQpNFbPGpMzkp4dgQcFNJ3l5epRZoThDJtnNpGzPNOXW+fVyOY6pi2MUG4cxpeyrSgzGKGnMfT/23VDPqt3hkJJdLc9ySi6E8rlDQigIUPxklzh1GqjiyR8NMH1BOu0FAABNrDR3aEoNGzMNKQ9jrAIy6RBl2+fDkEcBQFg09upq1lTqcGRIbGlxvnzcbg/D+OHmnsnWqzmYxDgsV6ucc13VoIpqn12fny2btvGLNjjE1aI1sKcuJ8egFsgu1vO28m3jZ02Yz+pZG9qmMsRDN4raEGM/jIhQ1dX+0K1Ws+f97v5x88O7n354/7Gdz7oh3j/u1GA+b4/HDgDOz5aBKDjf9eNxHGMWh4SqJfWEBs6XLDVw6VkTdc61dVVVwdQ22+OhHxaLupg4kMlVYT/E283+brNnR4vGLwIv6kAI+5Tfb45Pxy5U3BT8g1gWLUVAzjExMmHlqGIk0FFBAMgxOR6j7bqxkBkVIKrFlKaJHQkRRTWJDVmjgAJkkZh1zCpqntA7AgDJSoTBc3HrVZUztVKOVlaaU2P0lFOymnBV08wBEQG5Ug8GSOgQkQwRS6EuMTFPnwnmkuidYD4AxIXkjogok9UMp9bh6flRHhmIJTtKOA3/CEgIevpAlj+qqCYT0LIM8ciTBb3ADkuhip2OUi2za6EuE6P3FTMXFl8BnJY7hqiUOC4TFpVZbMLYI0zeczsRhRBsUrinr7bsyWEKEzAakORckIamKjqxRzVL+YpK+4ABEKKKsPu0QKBQV+w5xfFTOAjw9LrRpNKQc45P2pEhmhljYb6egj8GCAxQbDY2NX8Vl6LS6Y4ARABimvN0vp1OBSTM+QSpQUJGHxwUEAegipVTHwwBSj0B4qf1CCB5nl6tYlZCIMdQGtMMild0+k+nMb8o+kVvZHLTva8UkjIakQEBMlFJBTCRI+8KcNo7B1TafB2RQ3bkivZfEXuuPHEAFxxX7ILzNTpPzrkqkA+uqgvX31WVCw2H2tXB1XXTNk1b18HPa3+19JdzN68IwFLWGDUJJLGYZMylcHf61iVrSiJqiqBaQJ/A5TRXBdVZwPPGNQ5yzqrQRXnu8uaYujHlLKIZCQwgxiw552SSy35ey0tlAjmJqBIqTWPQZCwuSMRyayu3Wu8YETXnLDrGNIxpTGIiIpk1VyTJDJjN8HjoFrPqzfVi4XU1q/quf9r0CEYITeVjGgF5s+v6PpuJ5lx59szz4C9XTVtxTil4r5pzjJaTaq6Drzj0fZezmEoWhdOtBBSqKnhHYOY9B1+DWdakJkjg2SFBltyPUQsBXoWZffCXq/lq3uSUUtYk+af7p+/efbh//NiNx67rnGfnQ8oyxEiEZ/Pwi1eXv/js2nvq0nC32/602WyGsY9RQZqmLh9ntTTGnoMXySqCBClnMUFSRAFL5Fzl+XpBZ8u2aRbztq19fbZeXazOSJEM53W9nM0bH/IwjkO+ujhrAo8xdhGyYhwzIaJJignLfUBNVdQK4Kc85MWHgGCiKThYzfjF+ZwwZ9VD3+cspQBPRMcx9ylFyUjJe2DMzhkhpRih7J2yFC9mjAmRvGez7B3lbN1h8IStD8wYKqrqkLKJkiFKhiSmKmAUcwqeqiq3M0LICuIcNi04d1y021mdbx6WsZuVrGuZe0wRqSxci5AJBdtQVJJJCjFDU6RiK6BieREDRCJ2iKxT4phL+Mu07Dy5rBYI1TtiJO/IkQMT0cwFtVjEV0JVS1kQlABrD3/9m7efv3lhhPvd4fGxE9O3L9cxyTc/POSsl+vZ1ap1pk0Vbm+eCODifLVq61kTupj//o+3/+Vfbh738XDopHg+ACzLVNowpUCBEQm5PDmL6H8STAxAJyVjcswXJ1BJywHilFYrqCeaYlnlVStyDzLiehH++tcvv3p99rAb/vTD06FTVvnVzy6uz2fbXX+/6R92g1AVU2SQz64Xv/3i8tevV9er+f0u/d//fPt//e7h+4cxZZAsJYBefmBlqp3Eu0+n/imuhYBcuoDIELHEHLgEw9EAuSyaiRCJHJEjIKJZcJfLeu6BSRdtyElv7w8lT7k59PVqTsRquG7d24uaCA77PicIgWfzajvIu8ee2V2v2q9fr2eOguflqmVyXTccj91xyMcE333cjskQcD1zl0u3WtR12xyPw/HQZ7GnLt0f8hAzOycq/ZBmFX92tTxfLXJKzmM0PEYbY0LEv1C60dDUfUrFik4X2Wm9gZ/usTQdX1MUHcimrdf0S0+U/dNqZCKAITE7JseOkdwkl5aubQKwUvNJYKf9UJEwdYJ3AmIuhk8z55jQzdv59cWFig1ZV6uz9fnFrJ3nHAmsCdzOqrb1Jvl4GO6eNk3T1Mxo4L0DxBIPBphc00XgLOs6mD6gZXYp3xqVvJkBTMF2NeLSVmGVx2VF5y2+moU3q/Z6ERzkrHiINiT1ML48q+YVVGzB4W77fH//GLE6dIPz4XzZxuNuNav6Y19eBefd2fnZvJ0dumHXDfshPT5uFUjRfbg9/PjU3WyPh+P49mL1+qxetiGNujsO+/2Ys3BFY4y9YC+y68fDMIxjfNocPt5tdofDYjVnRgO5uFjmNJhZaJoh5mPOQ0r9mPbHPuXkvDfQMaXL8zWXkGtwAJazIpGajDExUxlutMBVAs/nFQOy4Yz4bN5q0jFmNatrpwi7brjfHnb9yM4FpprxrK1zinf74WY3KFhThTIYkKNhTCJS1GpPFMgW3s2DQ8AsoojeuaxyHGLMogi54JnAzGBMWaedLZhhEh2iZgQATIanzmB0jACQRMHMMZsBI4bgAcxPhbemCqJwgisaqASHMwerCpop/eOsCLOOsQh3MBEaubw3kIoqwNOVgMCMy4eNuRz3MNlA8ARMnrRpPD1QSvbMTPlk/aDTbyy524n0WS7aZadg5Q/U8pCd5mXiIuxDkecRCFDUJGVHZKV7aRqVzTkPBZ5fBi0DMZ16CNSYKKsGH0y1CNjOeTQsSBAXPBKqCJ5WDeUaY2qnAoRyyCoUy990wyn3BwQtMd1yPHDKKca+oDeg7IonWFJZFBdxwXLMaAiFAgvT10lUXESTWuHwE5oHC/yoXHBOHvvCmUBE5MLXmDy1YM6QSrqLUEURWFFzzmhkkyo3EeDKwrp4z6f9E6HodL0gZlWd4LoAJliyI4DFcIilf7scSTp9UQWUZAiMhFCgaoaINE3/WLYBHgyNiNCh80AEQOSdAbMPpSWA2SE5chWQI/JYSr58QOfZexcqZEchsPfoHDvvqspVIYQQ6ioEX1c8q+i85UXNhFYqeLOCKKQMWSRPhzMgQFbNWaYSB5ho2SXEqKoIWDHMAjUeUCUlTQrbbtj3MuQCZzAAJcKUckwaRwUEzWamzAQApSq4tC9Q6aZQK75/QALJU/zdDEC43DujpZxFckm9aEFOirSBG1YRidGGNAR2s7o6X4QvXq26Q388Dqt5+3RITJyz3D48huCrBtXAuULjEkKsHKwWwUye90Maxme0wNh3PYOEwODdQNqPo6oEDuQ55zGb5CRV3XIcmZC8H8askFUSs0O0lOJRYulTUuQC5zoOBzwcX15fVZ4K1NczPTxtf/zpYxeP5sRyRs8i2bIsq2q2ni/mbU7x8Xn755uPh6EDdp6DD9w2DnNuA8/bSoDAWESGkY+Dvb9PEZAdl7qGssMTcwz5vNHXF7OmbpJBWzXMBGZ5TOMgQwJQa9jVIXhnZr3lHMcYx5RSilFTTErKCCUsbwaSIxGRI6oCiKZo6ChDdgTLlurg+n74+JTGKKIaggNEEYhjympJBJ2GwABCyKYqGQCA2TlHOeVxTERUNVb5EKOqGgHHYXCuYiIgdgEcqDGKDmBZoUoRRXqHouRVRAVccJVPwY88c2Mfx3FYNdbWKbAc49kwrhlQUI1YddpqTjmgclYViqXaFBguIqMqTYopnkQfsIksXAizQDgFZk/CZFEklT0igorwpAeAlKOalEro3YqrEhjMMyPAq3V1say9JwWOYwbGufeb7fH+eT9bzVwY89DffLi7WLZNE5qmOV8vZ7VPkn68efpPf//9Nx8Pu2PMOYFzWoykUgpTbZqDp35ILVXeMCUl1HBiuE7SDAFqKQYoWd+TZQgBy5Z7SlMXp4mplfJZRtBlA1+9mDvTd/eH24fj4+Pmq7dnX/zi7fEw/P7bhy7pcj1bLN2iCev2/GzuXq4XZvZfv338xz893fdanq0EIKWeYHoElNe2jJqAkzhTRk+haZ0CwTETJJGy95jca2gGqMqnBxUgGqoScHC4mgVScc7NWtYcd9vj2+vleuX7MeUfJaa868a25q8/v8jDIUXyoZqvZo23ze5wv+nn80XF+sXL2cph30kzb8Hg9uYuKhjS837cR8tmBuLYzlq3bCoGtKzH4+iZjn3+7naPSN55EUlZUs6ezHJKQ2y8WyyaQeBhF9EMVCrnEH2MkQjQexFEVCRgcmAoYGymiJRNp3gvGRfHAEh5i2rhgJYqzKkJeAoAGJkZFUv9idcBucjuVFZzSMieyRBVpho1BERMkhkAnZcsMUZGRlQH7OrKVFNKxzGOErOASeXcQrLc3t8cuqGiuGiobt04imatPdUtfHv75yZ8XdeNZHHBZ9WUExMgcLH/Tvo/KAEZYMmEEqIC6OQ3BgU1UC2d54SI6KsgKsgYyANgIArefvNy9Vvn/3y7+93Hzc3j4ayWF8vQH5Oqvn19dSH0HKvzdczj0DhtnTcZGHW/21TVSiSNw54daDZlyBYr0N7cdoCoOF/Mut0emL+92zeez1qXUhRzD9t9VVcR4XA83j4fujF2Y/fm5dmXr1/0ff/x6V5Um82zpjEEN5s186ZhwncfH+6f9v5QLeazYRyHPnp2yrDb7cHAyNZtE9OsG+OsDsu63h9yCA7M+m40NGIWpJunY0y5bnjeeLZZ04Sqrn5+tXz3tH331D1te2B0zP0wPOy6bhQCrEO4WtZnTXW9nG+68cN2uD3mi8a/WbdLgNoTFL+dARG0zgd288Zftv55rD4e0i4qMypYKicRoCmKTeWSfRKWgmzCAqqPYmPOjjA4zgmHHNsB1m1oPItiSuIYY0xVhWg2dYc5VENRELUxCTM6xJSVCVuANy2uHP3Y042rNsxdTDTx4hiZOVFmQiKJjESALGk0BGJOhOYZI6tkj2QSBUgpMhQrESGSaWZEJWc5GpBpArO6aXKKiEhGBhkJNQugASkKFMeumWgGQiMHquYwEME4jObQMUnK5BzlbOVRUuCYaJrVKABPhpcC8XHOiSja1LAlqhP3bnpYITPlnBARHYtqjFklr89XKeZhHK0sJtBUrczTxFiiwwbAnjVJsX9qMYKiAZalwdRFYAblos1owAwybYYNsKA3Sx1YKTYpcDIFLZxfywpE7EqXmZQvBQwYyH/SJaYtxeTuKwL9pAfop39HcDIZFS8RAhgxa/HnIDpiwDKQm4ERF2A/TUWKZgBohmZAyNP6ED9x/ZmYTxC1ooEAkWNH0//fhJ4qkQXCafHEiAR4nLapAAAgAElEQVSuaP/Oyq2iDPTkmDyyI3YADojJBXYVOcfsXaiIK3IBOQD5EFouyP8Q2AX2NbHjULm6Zh9cqENb+7qum7quq7YObePOF/567meBVDUlHZOIaNkAxCRqMt2A1Macc9YsCgglQlRuXqWmq3K4bmhZo0PQnMWgS/a4GzfH2EVRMyIgopxjTJaSppTLQKWixSUgKjmrJJXCcSMztYL1REAGC86ZacrZTIi5cEmyiKkgAhGYCRoQsaThxZxfn7Uxxu2+G8aRSc4XtaOcUkJi7wmR+yQ5pSQCBmLYdWOKsQ6ewILjug5kOaV46Lrd/kAABAKi3vvguTjNDv0Yx7HEQVQt51xuup5ZRSVLVisP667vRdSyltRsTDGmNMSxH2KKqR9GAPz8zYsvXr9om2Z/6JLK3fPzd+/f74+b/X779LABwGVTv748W83bQ9f9+PHd/eY5ATAzMzuEWVt7z5WDs0WznpWKdtMojedFE85mYb3g8xmez2jura6cqQLIzMFXV/4XL2dV5VK2qm6DC4woKfd9B0ztbJFERaA79JKG1XpOkIk4GWz3XUqJTmlJQ7LCRUZ0zDllyQKAotlXUAWtPCjIEDULZjHNKqY5W8oiipLVUJ3LIVhdlQUsgEDZ+pUPnoimLCFAXQGTxmz9oKJoZkXNLSgAIiLH2YyoEfNI7H2aL2JbD3WViSLS2Mddyse2loYj6ogAo7YfH9vNYS0JjQyQRLTY0PB0By7Yyol0WtauWgZ6xckhYSBSDNSmWjqRVbTkSAkUS/gQJ5cMlhgmAoKiWhHgVVWyMDs8MUKzarlYEJpDrB39u19cvbqcex/6buxjjknGpD/db7f77vq8VdHxGOfzetaGi7NlFULlnRH8t29v/uPf/vAPv78Zko7DOKbM7NVMRUyEYMrbSNbSMylmIvKpqOUESwEAIzodsgAAxic/CZ6IOWUuLL+6LEh0ElvBO7xc+fNZAKBuzCISPPz8i4vlPNw9dd9+2G2P46sXq19/efHLzy7erOuX61mowz//sP2Pf//+7/74tOsUwcymIkKDEjfDUzhDp4AWIpGRASJ4h8GxC1h5t5g1q7aqHDpGIAeI3rNjLnqVZw4heE+VY0ZksNrD1bI+n7vLdfPVm6tX53PMYxvgxXkTPN099bcP3Xo1awL/8svLz14uCXG5nMU+pWFczNz7++3DdgzevzifrStE07qd7Xadcw4d7br4fBi/+f6uj9L1EcldLusXKx8cIUGM+Tj087b+8eF4vx3RSNWISAy951+8Pb9aNo6IGE2lG/KmiyZaB8dESDQMsQq8aIIhpJzBCvETpijbtLQphp9CIzQAMjDHk9JXdjiTm2FKuU248ckWV/ae+Gm1XqaW8uktV4sCFMFyCVAVIi5pgqx52x+2h02Xjn3sjsPu3eOHP/70/cfnbR8BuJ7PLyLWQyoaHDrHgJiy5lGfnnaGNqp8++HG+/pyviAESSIgYMVaVz46ReSbHAblAq9l8J8UvkLxKrfswk0ygGJQK8ME5CxKDESmdLWovnx5ttvuDof965cXQ8w/3TwMQ35x9QrRPT1uSHU1by/PFiAaRzk7v3raxd2BBOvZ/DyJ7rr+GEcBEqGsIEBD1m4cyfljhh+eut9/ePzpYUsonvU4jPf3G3BwGId3P7172Dwehv724eGbH78LtRs1H2O367Y/ffz4sNkksfV6cb997nL/8el20+8HiNuh+/D88HTYJctDise+y5Zjzo/bw+7YzRcNE5paVVVSoGyIdR0Ow7jZdYQcPNeV986dzdt55S7m7ctlfbWoneFxTNlMATh4JXo8dB+fdsesY0yN4+tFHXP64WH/bjfELLMQ5rVzAIigoqVUjgza2q1rf9lWNUEWUStVEQxY6lBJDIhJQGUyv5eTc+p8KHI+ACTVQawXHZKgWVWxc8RMJQxTmhAY0TlCMDflPSyX325GpAzYOFg6aB0CkgFZ8T/iBMyCiXZ/QnWWAJErAFGe1Aec9k+FrzX5eHAa/syMJsoQZ7Pr88ury4uH7bMBTZ5DwBO5ioqJHZkJ6MRXQMfOeW+IqkBMpjllQaR2ttASvHUnpE+xzhdMOrOJiWQV9d4RQBZBA1ceSmWRnfPkdjUkRlOgApWvfEoJkOoQQIsPu2zUpgq5wvInoNNOEYoHDxQBUOVUMwAIakCgKmW5WvYaAEgMJlpSvdN+Yjo6Tg+MskDmaZHITNNT18AhEaiW31p2vlMMwAzt02uqp6EfwZCYJEuBkhbbFBMLqogSoZawwOmwsE85R5vQgeWv8mMsfiUwQD0dJlYuL1TmFuJiKzptWdFNChvhlIrCEupFItbSTlEQCuwNidgDMjGVNmpyjOSIHZBH74g9kCf25CskRy6Qdxy8EXOofKiIHQbv6orZsfehClVdheArx8uG1y3PakTQMVkuaVyB0m815aJVzUBUU7JsBgjEpKKmQAqiYgqObBZw2TgPJjkpWFZ63PXbXlLOOr2NCrtQcjYprEczQFBRM2XAlFMhIwECESCoiIGRqRHjLHAxD+RsjGgIOYnkyMAApqCEKJrLR3lR0Vdn8+tV040xC7ZVNa+ldsrYE7DkuL5ab3f9u9v73SGrQhapQtUPfVZbzdv1anE8HIYxigqiWkzMABJDGxwaqDBRlowGQ5aUI4IC+hSjoREBGDhizVnFkoimBJYVjYAIKElMKZphylEAAEkBmWmxXFxdrK4vzjy7JCqauy6+v729ub/JOsQxoqMm8Nli/vj0eLvZm4GvXBOYgGNOgdHXTZYJfOaYmqYJxFlgGLSuG7Acx+689YOju23uhtRHUqWG3dvL5ZvrhkEFGT2Ikij2Q1f5wC4gqVgG8mPKTbMkOZKZAPbDcbfdmWTH5cR2OWdVRQDNws4ZQPCcVVQjOmMHarrrQIUdKxPEMRWZJ6nUdQWmwZtz6jyCL0kS1Szs2AXniFMac0oKVnuuvHNIauI9Z0ETcOgQzDlirrqI2855VwNZGiFpXszV1ZncaJIc8mrlGYmJUzZL1KXFc78eYq3iPCGTEKmhKyZLKHVCdqIiT7tY5jLqmoCJIU/pZQVAI6ICr0Irle8wBa5tKrKgcrFGnJAKOJkrTScs/nS2AKUxemdQQOUIgJhjTEafX1ZfvL6o63q3OwATEG4Ofco2xuwdVJ73z8cXL1avrtdNcAgYKrfvum9+vP3f/sv3u0jjGMWMyCFhlqR5OjwnfVfVTE4ABSjftE7rz1OU0op7okgoaICiQHai/NO05yhH8eSVAjEwYGsrf31Wr2o+HEez+Nmb82XNaBQW85u7DXL46m29aPFXP7tetv7Q52/e7373/eanXToMJklBRVUSOnYEwICGRjrtLlBBEYBAGF3h1zjiKnDF7DyqKZm8XIfffrZ6ezVLY3o+jr/7/vlPjzEqKk/1ZkWKAbDKh1nlrpahQtMUq4pmLl4vZm/Or2/vN/uo3353f4iwWrcvL2qHuPL28ONN3TQp2nfv7q7P28uLJimbIUhqGB1z27gx6ThmQpzN6nc3z7tD2nW5ZavaJiad1a7ynLKkrE1TN5WrmjrqtqpCG8Iwjp4Z0byj5byua1+kqL7vD/tOJHvPOWc19A4ul/Xn1/PlvPn4tHvaivfOuYkQYsgIJ0AOmikCmxqaKROYYS7pSSaY2MzmbLoBlLcqEhoAlx/uKbtIYKRQJE0VLKciEZZOTyA2sOfD0zAcm3oWZdjut0PajelgBN5REj2M0viLyl2Csffhqm7alo6H+eH4FOMu5uGouj/2g+LVcg5EHzf7//RP/3U7Hv76iy/bUFsCrgIzq2phGBBwWWOVKWUyGiDg1EdS/hft9G0qYLEwyrQhADCQmIE4BO/I6nj8m19+/t3Nx4ftcX15/hbhsN9fXV6dc7V5Pm63hx/+fLdZtRfni/3TsDk8aLjcdATdUVznVMakyqSG237sorDLg2IX03HMhDRINtEhxp8O3f/88/NV40ZCwty0NltZJ8N2kG8/POcca1+drVfR8vl8SW4Vh/jdDz++u3kPgcYcd8dDC7MuHftRJAMi5EyMtN9tCQxy7vuYo3RxvFjOzpvZ2WqxqBskPB6GGIer9UwBuiG3RN5x7HPfjVeXi/Fx1zKdXy5//WJ9u+//9cPj+223Ow5InFLqx3HUfGu0aJoX69nri8Xrs9WHp/1394fHY/rZ5eLVvJp5csX4zA6tFHTSorLGVS8X/qmPN4f82OVerAywZtaPmb0zxGIsdYSnOZpNJKkZYSA0sz5bn+SYrBc7r3lel2pVcBVLspSK3QARjDyycVZLUQUMABiVCGceG4algw/e/TTwIyMQkqMYkR3GpL70uhJx5fI4pDEiEBAboWfS5DL0BQ3HJdLLSAkUSHIihyaZkFSxqt39buv25nwAg5wJTBUVSAEQLJVLDhEqqiGCICIllRyziIIV0KoLDkCpmjUpj2ZqoqAwTdhGgqWhaVqGIVjOuUS/C92nxAoI0IiRkAklielUSWlgx12PgKI5sRBjHnPBZgJCOS+K0pKTECLQyQX9KQeNkw1T1dR01s4NdDgcFacILOBU/8VAxeTLNDEx4CS9la04GqQs3nsOTsesqsVC40+54aJRUGGIngz/ZW85mUDRsNDswGxqfUNidog0JVBPX2/JecCU9UVAPtlIrRi2GIl4SnBrUVNKY0IpCihh4fJrrBAUuFj+bbL3OCTGQhNnB+iImZxD5wi5SP7EnrwHIHQBXXH1BHKeXEDyPgR0gX3tqqaw/Ml7X1Vc1RwC17UPgevKVTUFz87Xs7Zpqyr4We0u5uFi7tpAohqjxDFn0ayWkkiWCZoLJmJjzGPKIgpgiJhFNJcGaWOE1uO6oZYBJZfUyrZLd9txP0jMAmCICmaaNcWYk+Son8DwxQGNhqUcqvyMystWmh7BjAlWta9COMbUDSmlVI4MMyUkM405ltlCJYNqIL2qsud8+7i72/REdrluK7JZjU3tS7fLZt9/eDg8bLuYMyEy+TLZ1Q7PlvMxxsfNtmhGEpMjqz0tG1+RkSmqphxNJYulmCYylCkzG2RDE5OsImJRUpKUVUGlMNPFJEvu+mFMeSpgVIs5NW39+tXV569fzqowjr3zVDXV3fPzH7779v75se+Px2OXc3RsL64utscDqiwWbV05REVERktjZKKqruoqNFWoQ2UlXhGzD6GpffCmxv/6bvtPPwwfn7nvOWfnuBGoegnPHX1/P9wc8Hab7p7T3TY/HfBuE59HOwz58TBGqw5JsyEBdOMwxH5z2O+OO9VkpkCgCGpiKAYKIOUvXwMHDTWEimOUIaoKMmEWiyknMEGwkpFwiBCryogykYlIihmR6rqqKwcqAmhiRFDIzI4hTiMs5gRmHl3Tj5yljbrc97PtMDvEECOQd+xS3eRx7ExzluRY2UPWrLDYHNcP++vn4zqmltlDToQKqCLFjFGsnliKQieQjWipNTKcIo7TpnAqEQEEBNEy+TKU31rOMkMDPjGIymhSVmhExVYDCGATvIXAzCEsW1rMQtfHnBUJUxwFcNG4f/+b129enNV1G5NE1ZuH3c3tnplWy+rl1RJVHcBvf/Xm89cXdV3VgVX13f32D+82H546K9d6YrBS6VK0relZKyqiuXjli2e6sP8nhOJJNS0J5nIkqpUtM5hOIVv4lDAHo08WcjRmDITLmV/V7tiP5+fzX3x5uaz803PXRa1r/8XL9S8/O//61fzN5dzQ/9MPj//n37372z88fHwaxlEsJzNFAlcqi8xOA5sSoSMmRnIEiOwcEwiYZ/ziuv1ffnP5v/7bN3/z9eVv387/5uuz//Cb6//p56+/fHn+ct2+WFbvH/vvbw8p2xR201zMZvM6XM795dwtaz/2fYrxbBYkDsnw5un4p582j4c8juP5zL19tQ6e7m+frtbt1z9/6Ztw+7BHx29eLI+7/R9+eAKgeeMt9ZfruXdOFUKoADIKdClfXZ2Bc/vDqAAi0jp5dbFom2aMIzMYWBzluZMxZ0uJQYnRkHLKbbBZxSkObdPMZ9Ux5/f3exUBQzG8Ws9/9mK+aFxgJOKoqlmCIwWT4opVgCk1hwqFeTtFOWbBrVp/KB3vSCrZTmGYkuCGk4A+9QUYGjF+2hOVJVFZCUi5LqqZekbP1A/7p6e7KOPu+AiUJO2eHm86GWPsUoyakyN/cfbi4uzKG9YMbXC192p4HOV+N4zZsAqAZGCPD/vvv7/v1X7abd7ffrw4W7xcX0jOBOCDK6XgE72ouC7thCItUEGD6W1qoP/DJ1UVsmqxQU3fygQEUyYFUCb0vr572o4pmxmjt0zPT5vh0H312VvPbIB1VS9XZ6OGxPNRPfjALhRDMiCBFGAqZ7VdPyiwoutTFgVJGRET+KfdflbhxSLs95v7zcO+2/TaJ80ZRUwdY8pJQUWigf7s8zcX5+un7fNuOERNVRPM8jgOquCdJ88pjc75pm10TDHGqglK2I39KHIcRySq6rCet6pAzEM3jGM8DOPj5jCb103gsY8m6hsfx5TFmuDO5u3rs/mLZTOrfMw6ihEDOmSHo+i2G2+33bYbVPMssADe7LqPm6OKzZrgCFDVOWaknE1NETF4Oqv9q0V92QZGGLKOhUMMUHYDBYBvCkVNVp3myyySTYmYGcUgqR6THZOaQnDkCByiZyImNUMmIoLSkguT+yWJ5fKhAHMEDcPSW8tghMZUOlvJTRZ1dnwaE5mYCj6sxAOmiXfKEhMRFV2ISvC95GQnhzogYc7C5AgIjaaqKzIAYCLCwrMvZhhXhqPJtoZIzARkBq4KMUnXHdCkdAyUflwiLgA9NbGC3eVT4ocQAOQvqcXpyUV0ym9lQwJ0VFbcxASmhY1cbDqnbl0ojvqTo2aK05dZmhzptHsrfzqCqYHlFM0mNFIJBgAgM5dWAcITcbqEAYpFngkJilqqIpJzWSwgYnEyTOCC4kQHwwKOh5PFv9hIpp8NlGpiBERRAwRJqewc6NTFWRwdJ4AqABAynmIKXNYACmApoeOmnfVjB4LkfKGw6mmBUPZGXKIhWEZImqxUJwZoeW8AEtAE9QdkYkbnwNiAgRmdZ+eBCNkTOySPxOgrIoehKmggdoGDpxDQOVd/QgB5YHbBN01dVVXladXSunEzj4A6RMtp6m4Vs6zFUV0mdMhJxlGSKWAJd5Fk0awlzFexzQLOAqGmIhf2Kd9vx12Xs6FIJjTvKEbLIiegOCKBQ1KQmDXnTEZAgAhUWpkLbkRERcW0Yj9rQlLZH48lhcxEigBqOUv5sJkhglnOalIzvFoFD/Lj7WZI4hzXTJJs6I9gDCbdmI/DfjTfJ2FiR9w0dYpCgBdXK0f2vN3tjkeRtGirtnHxOC6bqnZgMmY1BkPkynvJSbJU3iuoiRCiqRihJMmqpkbFyT+tw5gQVWWMSVWQCAqbjIkAXQhksGwCAuSsi8WMyd0/Pf3TH/7l48PdmCIU/DZAFvl48xNKXs5qMY05o8oYO0aatYGZ61mFZt5RE8gxj8eYJWu/8xRj4r/75vD+0UkCNnPOkw/k62OEFN19lxUxjGnWBMnGqExuyMiO5/OWIZKF0WiI8tCPDCNCZ3kkRpFUt1VSSirk0BFXjCAoOQMJMylRyimnDEaVczEJoiGRIRKBIyQwR+I4+wqQDcGBGUg207oKbQg5x5xyP46OfVu54KiLnarTZAaGFMSaPjeWgiohMBsCU6DurJWq2jnMKgImweEQa6DlviO1eR8rg5UqqqHziAyqho7JTXIJEPCE89WcDFROdoIytGdDIiv45cmghEUS/wtVWNWETocAmp6OzIItnwDEND08cBI8EMkYEFdzuli4ysFzpwroPIJJuRX86u3q8xdLKvRbT4dNN0RdrueVh9XcH56Oq0V7cb6YVSFLHoZ4tx/++x8+fHuzPyp2/SgKACwpl0cJowFSaZUyMDX5i0EJoGxkT2tVQACaSBIGUNygJe2lpzBXQVaXkf+0q7eJF0cmledFhc7p9bz97S/fBqI//ukjMf6bX7/97NVKxv7YxXd3x//23dOfbsbtIUlOIqUikIBdgVGLqBZKK3v2vphL5sEta5pVeLH0qzYExibwy7Pm56/OXp4tQ6gIHYClnPq+0zh2Kv/w+x//j394//1DmoyIAFoOLsZ5cBetff1mMR6OjNJWPLtcN1Xz5+8/Pr3bXJwvzmf8yy+u35zPwewf//jxn79/vn/YX6xnL1/m7989/P6bu8W8oterUNeOUMzOzuf50MeYmsqpQtPU64V/fNzePx0uuNKUNputsjOwcD3z3jVN1Q19Vfu6qe+e+seHjRH9/0y92a9lyXXmt4aI2Huf+c55cywWiyxSJEW1KFFSWw10uxsNtx8M+9GAAf8X/qNsww2j4ae20QJtqVt2S9BAFckqsior5+HmvWfcQ0SstfwQ+xT1kqic6t485+y9V3zr+37ffFIZ4L4fkDRJ/uJFlpwfnk1SipWbNI5qx4rOTIc+oqaKJ2B46NPtuk1RyhTsiNXKpKvleViiwqrqiB0hmE0D3z+be8c369ZAgcjMBKw8WmHMzypCWb/jSAYFQCBFRYRxcGMsrjdPyEylz3rRLKoH07vDYR+Hhk0BXNNkoC72TXB1FRzr0K+berKYzqaVY6Is4eHp5PXd7Nni7OXteoibrDCYunpSTw4q0vXD532//fP/5/e+9fF3rh48OLskpNJjl2Qo4UodU4BKZQFtikw6fojHkIPgMa02ruVKb4IWh5uZpqQGSoDT4J88evjs1UtPHpGefvns3e22S9Y089Oz09B2km3fQ5urXdtj1ThX7Xr1loInIgegBNQlKYY1AejjAGXsqlhTjyAt+p/9+ubjpUy5vd1v3m9vsQqALqV+tZqiQIoyDHE45JS17fuPnzzCmiQmK9xgtFCFmCzl1mFFxF3fJsOpr7zDmPLu0E2mdZButz28v7vb7u8PVxczX5F3222Pzu5frH756xdv3q2//fC8aZz3xICrZROjiBmJTir35Gx5PWs+vVj88vXtVzfbd10ER+wwD7Luhn3bE1PteDWfAsJtsnUbv153n1xMrhezJaEP3iNnNclSmrAc4mntltXs8Upe7foX+2E36FBSpICGyIRiYFkMgWkUVrOaJqmBXXEPm7Wir1rZJL2c8kng4IiAwECSKELlubBfHbGoOcIokMVEVVCdo4bcoyksPD538IrxzlGX8oERKaUo5cyLTOAIkAhJ2GXHgKCMkkgzUfaaoiIxkCGBMBoiSGlxQZOcjUNw7Grv1uu1A28l80hCYKKpnM+h1NbSaBo5BtEwpwRmacgIQOiKT4UJRUHAeFSlAZHBBIx9cDGh5kSGWrp7EW0EYx4VIAPJwt6JJUmxCnVSyTkxIRSzEI59WzASfW10ZZGNvwtUsq7FIGMj8A1BjdjlpGhGxDo6vcuhqJjATbKUWjQo5dlS/q0ICJLBVMowT3TEcwMwEh8NfaUVrViyime3PMOoTO6Ix6eSATODjelcUy0RpeICxBGIdHQNFnvWqAiWvALBcUcPCKKlm7zUDAMij7fDccXBAMTIJcILBfFJHmn8lbHBlx06B+iIPLFD9jj+yBQCeYfEyI5dQFeRC1w8Pz6wr9gFDpWrKnIVV8HVE/YeffBVCFVVNXVV100TZo07m/uzqasdiEFMGpMWWF7KmnI+yjsmoinmPmo+mj1FtXB/EKFmmFawqsq0J2iaDT606eWHdtPlLEBgzhmjDf1QTFApq8iYA1YVEUspiwgYqKlINhFVZcSCHi97Jc9kYG2fJEvOGUwBQA1yTnoMyQMCl0205RnFhmHdDsh+VtHji+n9k0kgaOrae9dnu92nzSF2fUo5TZtmtZiB6rRpqgBVoN2h3e52kgZG9CyYhgkTWwYZTFPsBs8O0SRmMPTOMYNJZkQoDbgmksXMnGMzKXywLKJWzCylfR0BSRRKsFtNc04X5yf3Lk8l62I2BZN3Nx8+f/70y5fPdt3OVUyEKpkIHFJ72JtBUtnt225IOSohqEpVe3IkqkPfSYqVw6GPsY+MWgV8t87/8fN4u2NTUxHvXDOdsOchZva1iknuz2d4PlHNNiROWRAoK2QApCAqMduQhcgnoZgECYGMGVwwYGhjHxoMlS1nPJ97ldz2wxClTzkJ9G2J7YbihY9pcA6dKxb/NG04OHEM7EkF2HkprY8mJloReyIxRSTP1DTO+zLRO6RZP8zbftnH0ySzlJ2BV2PH6XS2P1muV/N9CC1hIh/awbfp7MN+1Q7n/XCS8oSgQZMy1RBCFgVTx2AjZgzAQC0XI4uqjJeGKJrgiAZTNKVSR6KKhSioUgYGHXejJfWrpcyu2OILBIyYRyQeAqoScvmS5Y4pIpcnPlDuen33YUhRADSnzOzun0/++EdPLk+XMUtMsYvy5t0akE5WzdXZYlbX08pf31tdXq0IYXfoX73f//zp7V/+/PWr94dt2x/6LACqKjr29pUtp4oplLi/mhkjkaGpjFP/mPg/yltIJWqFoEZQKEBHrQRAv3nw0G9rbAyCwzrAxUl1eT5ZTCvHbGKe+OMnl9/71r2r06bx7t22+/d/9fT//KsXT1+3bRctFyeekStnaiw8DSJgRyG42bS6v6o/vqLfe1j/6x/f/2/+6ON//qP7P7ie/fTT6x89PvvBk6vH905rV8VsCmhmKcWchv1+f3O3+7/++uv/9S+eP78ZCEBTNLKCJ3KMtadP7i8/fbx6dDG9Op3MpuFu1796u7vZdLOJ+8PvXf3pDx7+8PHl1WLy6MHl1fni/Wb3t5+9Yh9OTyY3d9uvXtwK0IP7p9dns2kdmkmjZienC5A8DW61mATPu31bB5fNfvH1zeEwMGpTh3LCujqf3z+dnSxmakiAMUkb8/t1Z6bXF0skWm8PfRwcsxj0USaemuAKNi6rrg/ZDKrA16fTecNNHdaH+HbddsOIXyvNNmZKRI7JQMVyOahxoWDkY2AAACAASURBVJoT7WJ8sdm1QyrPMAQsvGb4RuErz/2ShSm4w/I5gVExLz1/OhI4BQli6rp+R4QimciBb+62u+2hBzAlahPEmNouHvpBgFO2Q6dtG9mk8W5S+QDWOD+dzOeLMwG3bdtXr9/3bVc1VdM4LGtZ1HXsPvvqcwE7mS7YQM0IKZkeV3oEyFIO32CqpY4ICo9LRMxK0U1xY2BZGYwZGEAwyIVKXWpMXBDV2TRcXyynk1DVPgGvt932MOw727fWDk5p5pxDJjXI5RACBMgAJmrJSIli0iHGJCI45hNU05CGlFOb8qbtve0d9cjknJtOG1Ad2rYJbtq4+WJaeacA+9jdbu/6HAWUmTz5NLq6EcD6YUAkU/DMs+l0MZ+JZkRs+84Uhhhv99toNplMgqPlrDEATbqc1d5zO8j79XYxrWdVMFEEmDQBkXLOlefgHYAFgst5czmrJ46HmLpB0DGXEKenMmlksWwiCF2WN/v+rkuAEBx5HNO9puCYHTsBRYSa6bT219Nq7tnMBBCQbSxORSbQY1d5UcezltJQI6Rv6mmT2raXQdQTOwJmOvZTAB996IRjn5MKZAUtySYzIguMCw9Th4gshkCOHRU3OBJbCX8SloqAoogDFA5NQUOWkY+weD/Goopi7Ed2PK2nhGSqOUZCVIUSOBhHz7EbeEQfjg5zoGP5LTZ17b1PBc5zhB8QU1HlkRmQJEsIoVQtSVZ2zqzEdhBwZPkfBR8tmwcDvX9x9Ue//9PffP11QXoxuoIUBDjyr6EYB6EAUY+iEIzcgFE0AlUrjvnx66nhiL3+RkUqzsJvIAOjMQgAiiGzcPLLN1xaE6AYdhABgIk9HDcZpeS8fHUtZkVEODqCxl4fLDVj2czKCqf89fKSEBOSUx3RfuUVKlk3IiZmtUL2Kx8xQGI1IGQ6LkCRmAtkDoiKcj82FxE6B4hADsghM6GjQvRHUiR2gYq07wIRAbMLFbIn55gcErsQmAOwY1+VKDCHyvnKheCqinygKnBTl5+6KoS6qpqqrkJTu5OpO5+5ZUXF8T9EyVmzWhZLWURk/AwYZNEkkgSQjJhMVEbKBnqwiYNVjcuKQURzNqL9kN+s+/Uup1L+5cmRkpXWHTWkPsrQZ0AjAsnWD7FYdmiUDMsyFr1zjlmyaBZ2hIgpy5DyaCUTRUJTlCxmQCO0NpewB5nMvcwCrvd9zno6cRdTPp3gtHIiKQms2/Tqrh2EiFzluPZuMWs0R0mxmdSq+vLNu0PbpdwTwGJWL2aNxt6xH4ZBNVUheDdGc/o4eOcNtdBgTYWZyBEAqiExF990TgLjn9HiUSrgsGxiiMzBO6cmde2/9fj65GTFyKpye7f++89/9ermTZ86sQwIKQ4iqikpaBWqmKRsq9VUREUUiXMSANxudu2+nU0qEHVEjedA+PRN/E9f2K5jyQmIkLluHAB1vYJx7ex6Nnz/nvzk4+Zy6V/e6qZVVVAxQ0foDPlyAg9OsRfL4CeTCSFO6mA6OM71xHexrWtYNDBrSHOOXexi6rrk2BMRsTPiJCnnYerto+vltDJT8d6xI2LwDKVnQDKkGMuqPTAbikOd14EZ0HLtufI+ZdwOky6v+riIaZFlnrUBc6DlmQpNOJwtPiyanfcDE6tM9v183V5u2tM+rxAmxfKIoAgmpghAxIVj5lwZ1keqsZqVp7RmAxEsJKCxW7BsFI+P1mIiOBrmEVFh1FdgrDdBA2QmH1xVhbqqxzoIIEIqgarCryqbAAJwji5O6hCqm01sOzHQ4siczeoffHL58fWJ95WhdX3aH4ZD150s6geXJ5cns/mkaZrQTHzbDdtt97efPf+bX717/qG923ZtP2QsM5pmUVAsiTQC1KxqUnQgUyBgRlQtnP5xrCuhLTxaOgt4rpxpinNi7Hgsj4Ny9yNEU0I0wrpy5wt/saqa2qnget2nPn/8+PL3f/DkfFmj5s2u/9nfP/vffvbFVy8PMWrOyUQMCwONESCKGrALvgpuXtOjVfjxk/m/+NHlv/zxo999vHxyMbs+WUzqWnNWs25IT1/f/t0Xz2LM52fLxWyGZLd3tyn2/TD85d99+X/8p6/+7kXaDZaGPllWQ+fZsTMQR/jorP7+48Wi5ovV7PJ0sd13f/3zV6/frr/7aPXf/1f/5Mn5goFilF0Xk+DQJwab1nyyqs9XzXa9b5r64yeX3/v4ev3mhhSWiwoNtocuZpEU55O6rrwo7rb7py/f/f2X7w/dcHW2XC6n233fx0QoywnN6oodxpTf3dwowmGwPqVJYBHohmwIMSUySALe4dXJbDabxxg9GTLdbjpCazyqWBvz7bbtk5iOyB4RRTAuGQpEIkLVslBVUTU9RrRIRXOWAvEDGLmqBlCyombHx67h0UAL5cpQG4k7x5kImVg0f/H0l1+//Xrd3d21+yFFYqybhiAPQ9fHnGNMZYIzGTSTC8Q1qNVVkJgkW58kR51O59PZMmW7uduk3D+4Wvzo29ffun+yrJ3TFDx7D2+3N7/86jdN1VwszxB0hHsSFAmpWBGK6R8Js1lWkGIpITS1rKYAJaBT1gBS0gJKYJaLXGkoIqSW+0Pu2srj2dkS2R36oYvA1WTfWjtYzFp5NoBBC+oA1UhMDFSRRXXI0sYBCYAU1MQkxgGJyXFOPRhEAcD08DxMmtqQusOhPbSIrutSN0R0nPMAiNGgjX1MSc1yyoaQs/ZDMkQiL2oGKlm8oz72akbkpvNZN7Sapev79W67WMy27aFt++D9dNJUVeXJLxYNOPri61ev39/OplNT7fvBUbHTaN9F57nowGbmAc/nk4eni8aTKPRZVZJz0AQvmtUsFooIQMy2H+LLbXuz70qFZdEZUxQBIKacVM3YudrxsvL3ZtUyMCBkAwHTLGVzNXqBRK0ADI4lQqpW2jYJQQ0OUfZREaF2xHSUuwWYDMclLDCVgRmTqmTQAjlkqIjnDqYOvGMlLhIIlJFey3jPXKL1xwaKUjPyjQ39qIWUq40Mj754hOCq3f6wa3fBMyJPZ9OqrmPKhQZXrq/jihhHy0M5bmNB7AMiiBqYEhISjycTMEcoWb7/6ff/8Pd/8tXzr7WUewMaoJggjEL7GOIqczYAHKH2wHTv4uLpi+dmRnA8kmCZmVHH78yICMZyTBvJp8X+WgIbpTWTCGFkbyKi82ygolIcWCp6PO8YEpao9NHshIAwvp9wdOmMxqHjogDQAcDx6saiP4281OL+KwUWYEU9ElEFXa4W7MIQh28ErrKJICuKmJVzTplQxxMeIkIZVQMQikkpRUEu7cLjy1EMWzayjXg8/xW8gnOGBFASvVyIQEiE5Mg5cgGZ0XtyDtmzr4wdsWfniIMLgZxH9uxr9hU5H0qrlw9cNS4EroKvG64CV8E3VTWpm7qqgltM/MUinDQuMCbJMWpKogZZLWVNo+/HigaSssaYswogmkkBuhkYg00cntQ0c+hJc0pqFgXeb9qbXe6jmooHnQRsAiFD28WYBImHqG0Xy0EvpyRSsDAqIoQAYzkHoCkhiWTNGRmtFEuoFkioltSaqKqUUyMTimbJETTXnlaVTIMq6CS4syk/OKkDGxOo0c0uffVme7Pt+ySTuqo9edLAGPt+GBKYbfe7/W5najH2w5AYADWTqoi23eAd14yNd8F7RmME573knOJQ8Lxl24QwvlCImCSJionmmIy0jHQlwgKloFol5wSQXMAnDy88ERo108aIXr57/fnTX/fDLqYhpxxj1iiOqcyrfT/EmFLO5J0PlRoiAxOJahxiHIZZUzXOV8QXq/nlYr7t/X/4h7ZNTAjOVyqghs57zTqv+TvX9sPr4fv38ycPm1kN7/f8+dvctWJZQ9Wwr4jRM/3BE/cnTzJaWh+cAsehB1THlGKHaLOp+97jk9N5OJkvl7PpdrOTDJXzwdFyEhqvH90//96Ts48upt96cOIdbg99H1VETPJyOfPsshQlkqu6QlLvsHZYUfYMhJwyibqcQ8yzXb7YdiuTZU7e1CEwAo9VcoSz0D4+ezVvttn8oV+s96vb/dnddjHEGpRVBRFVxERBUc2o4IAFwEYFk0wLB7tATEDERDQLannX1AE54uM60IrnHY//aaDHu9/oAfpHuE9rKjepuPIhJelLDj7nojUWFnshRcDRX33o4naXDn0CFCB0jpuaH5xNv3194gyZCQ37IQbnPPO09hrzfFIjmXOuT/r0+fvtIF++PXz5YnO33nf9AONCFkSsdO0gFCnJRLKq0qiKISMdLfwlOVassXjcj0Jpdip3x3JnLQ+3o9uz4CMRDSxnBXCYVxO+dzo5HAYDH/t0/+r0j37ynYeXi0lgU/i7X7/6X/7DL/7mi9v+kHIaiokOSvLZlAkVEJlnDX9yPfuj757+5KPFDx8tP3mwvH+2PF3Oifhu1756t3n1/m4f0+vbzVcvP/zNL1603XA6rxfTpqrcdr1bbzdPX3/468/f/eWvNy/3mABzzkilVguYmMCY8f7p7CefXgXUVy/W06q6OJt3MT9/v/v2w9V/9y9/OPPc9gkIHj68nM+rvo99H2fz6cMHp9eni1UTri9O0GQ5DZ8+vlhO6vm8ub5Yvnz7/tnb3fubjfPkGHKUbshNU3/9Zv3lm7vSRWequThMyT55eLGYBDCYTBrLsprPh5hevFubWszx0PbsAhqEis2079PpYr6Y1oRWeXp074QAspgC3Kx320PqopgagvE3LjQAIjqZ1fOm2uw6AJtO6jH+DZBzZkIw02xEyOOdruA2SgSu+HSPqt54MIQj8AmP4fFxUim/6byvmipUE2Tf911MA0meVlWOa427UNeVL1sIAIScpUsxke/bvmK/Wiym0xkycfCeq9qF6aRqAtw/CT96fP7oZHZvNV9OeNLA6aK+OAunizql/Ys3L6/uPTqZnaQ0iCbPzowMNIOMyWYs1TUoUCqRQK1EeMDGS7H0Mo1SpQKUpz4g5ySA5hmdw7evb7a74d7lKTNFs/WhT+im8+Wh69i5lCIwk2MdeUTZY0GOD0kymDnnyARNRJLmrtwNyExz7x2ZYzB2uRUZEKH2LFm6fvBVYOZDP+QYs0rK2UxFxLsQmFJKlasYKUmSnIoZ1RMOQ8vOee/Xd+vN3doQJk098upM+thvd63n4BGXi1m7b9tuiMNwt93ebdvNoc2mh27okyEToXnmnNIwRFWdTmv2ngCbwJfL5mpeSxz2fTSg4Ngxek+EGByjWRyGnGOSvI3yetOtu5gUmFhMhz6W0tHCIkMkYnAIywqvpn4R2HS8kRfLeLnziBoUgm8xt5VuIQQC9ERgpoD7bF1Sh+AJikxRRPly/yY6qvnFAn30iYmKY54GWHicMNg4qBJSSQUAlM6sAnAZTwg0gt4BkMuMN54B4Bh1LLaRGPPJyeJ/+G//1We//srAPXxw77DvD11H7li/WP5FxbwyLgHKgQDQLGupbC+A1aKsG6LiMaYVQpUkv3v/GorBZnzCjFdrueeXnyMUjw8agCN36PrfPP2q8oEMrZDrCrVazZEztWOPLZgAey6ZCiMwVXZcco/snZkxFQ9OEeIBEZgJgMZdBJkPXkv3BLryTRajEf2jHi0EVMllqh7XFmXXguiB4NjiMmKJi1UHio2HxkMTjmczNrWqrvvYlwB0eZgVjmc5S5R3CUeaEyGXUR5Kz0w526kqkwPC8VRSOEXsjFjFEAvfE9UQmaEI4MRIzkqTFzE7R0TO16GeGpEREXvmsgRw7ANioZWEYgriEQAayHv2latqroKvGhcqriquKq5r14RqOqlCqLyfNn41dacTNwsEpjFbSprFxKAQP1UUTBHV1LKMS7rxYwCqCUr8L5DOPSw8OhNCQ4Qouj6kD7u4H0TVPFvFOg3sGdohbvejLa3rUx/Tbw2VoqBigFkKcrucuUstHeecRXK5ekeutyoiQomYfpPPAiBHJpZzFM01w0nIFwunYrnvr0+qe6vgUCtfbQf54u323WbI2cyUUE5mTVMxqLSHQ8liGUKMMaUcU0pZCKEOLjiOw9C2fUoZNM8nVXAMADEOfT/s2r5PfVX5klZQERGNOSlolJhiNBi1IzMp6mXKudyMJEc1VRXRBGjs7PxkGXxz7/pqSPFXX3/55cuvdoeNmfYx9VHQyB9TL2YlKOMSGHlfT2oidAY5ZzBwhNNJzUCrSfP43sW8rgzCn/38bjM0TWB03rkGiFZzv6ryp/fwjz4N37lIHO8m06Zqwt26+/9+tX+7pbqqnK8mk2lMeciAsf/hVX82yZPKg9r7m4MoS4poNKldhfFqRY8vl5enF6vZMrgw8f5yOfv44eX9s+n5hM+W1dXpKvjw7PWHr1/vXr7b9lGdr4LH+bwOnmJKqkpIkoUZgzdGYfWHvrlrT7bd6bZbDnrS5lU7NCl7KocpHONKZXFXJOlZaOugb/fLl7cXt+uTbmhEHJId51EubC8CIKAiWh5FFQWzEtQwEU0KCioKZgRQFPDyB4qH1FRLjFYLLLR45w2ISthrVD2LE4KZCqnaIa13se/if/3Pf2cS+KuXt857xwUMN4biodgCTBBBgQTQVFPOOab51J/O64tVczprTk4XTeVFJbCbTvzJyUJSrmsXAu227We/fP7s1fpvf/Hy7S4+fXnb9dkMkBmZk0opPIIi6gCAiqgUwYbG9kkCMzEVk9LZNP5JK04NgLJbpX/02CgLdITjKtmK898xBe9O5+5Hn1zUDtf7Pot9/OTq6mL5w0/vnc58YPfs3fbf/eyXP/vbV3e7bJZUEiCTc0BoqpqFHPm6PltMfufx4p/94Oqnn158+/pkEnxdVyGEnGWz271+v/2H37z+zz9/eruLv/rq7atXaw5OU/7OR/cePzzPKVYhqMmzN3f/9199/cXr9u1Btm2fsyE57xyilZ5PUTGVJxez3/347HQ5r5vq+t5KVTbd8OFmcznzi2nVRn328sO+75eLORO9ev3+btdHgLfvN7/41fPnr+42Uf/+i1fPnr97dP/i7Gx+6OIQM5ht9m2XFAFnk2o+qWM/hIreH/pNm3PUwHzvfHq+mqokR27W1JerydAd6lADgElaLppXH/aGRKCeGRBVNJRsnBEAMIhjCy5Mm3pas5rth3zoU6noLlbT8uEtumlWAZH7J9NJU7Hz58sJEhz6AUpZKZIBMDMxjTZQAxk1vNK4AuM27LelSuVjjDZ+lEf5DAHAioXUKudXi9PVbFF7ntU0bzhwrDk5GMwGIohqQC64iqgSYNFwNl2ezhbTac0MJcGZcybNuT946M6mNA2+aSZDO6iqRyOQmdfACtpPJ7bevMlGk7AqdfLFxiRJj8ESLG1TY7QHCsbZpMR/wRTUzIrRRAxLDQ6RT1l3fbfrBu9dVXkFOyR1RH0c3q035iZdki7lGBMgOOdizqW1glHIonfiaFBLgCKa++Ew9DvQiJARM5gkzcPQamrZkwuUUhLp2t2HdjhM6vpktayY9vt9H7t6NvfOxRS72BetkYhd8FoA8gDMnpxLmhELYti4JB8UTCEOcRg6YkKHIqm0Ga13OwbyDBVzqSudVKGZ1EOfs8l83rRJ/+Hp69v9oQo8rX2ZtXPSZjbB4LOoSUbVReUuVlNAamNOqoigkgGsripkLK0/Jb/bZr3r4ocubvo0ZANCdsQMoopgfJyqK0dTz1fTcD7xNaOUhGppK0QbZ8XRiA1qUA4SRM4xIYGZRbV9MgD0RUBWBUAuBiAzAHQE3o0DXVYTNWbWrGAWGBYOVhUxsiKOrdY83viIeMTlMo+C+UiZOZZIFdW6mMMJiR0AMVUx5fXusN/3iLzebGPOzjlChJHNQ+MzqhwIDEcTTBl/mQHQlQStGRCKKqghASiyC5vt+s371975YkDn4lAojxwERCyWs3L3tzHAhmZKhuxDiV0QoKoBIDti5CzZcIRcFi9M0zRDzFo0MUYEVJHy7ZEhMeaUmbhwnEYTYVIVQR5DuQZmYqaFj+OQoMR8VaWuGi2n9aKel4WFIQAQA4/ZbPtH/NHxrURQYWbnnBRYqVlJ/RJyP0QRIeLRzTUe2MZVP3zz+sBo5hFTG71FBW9XatsKEYPH9xdKRyiN2j8X9iMDMSBScfADAzEUdDuyITkfQj1RLBWhHskB8tEO5JkDh0AUyFfsK/IV+Yp9cGH8MdQNhcBV5ZqaKl9N6qoKdfDziT+Z+GXjvaOcNRYkTTZRibHU99rYFKsWk+RkpeUhZ8kp5yQE6IhmgZYVV2Rm5ggVcHPo326GTSdJgdRqZ8EpmxjALsq2TX2ylDUmiSJmimiqWbOKKiCqgqiAWc6puC9VVA1iila8xgDEZCUzgEpUOB+jN9rQUBXJvIOZh2+d1/dPfLffEcBqQiezoIAftvHXr7dv1sP2kESUzQLbtK4qjzH2SbIoKNgQ46Ht+z6WjTcxesfOoUqOcUiSg3eXp4uJ976qzazvexVtY962h7KeGrMmZqUhQsdfHDP+JqIqhiqFiyFipmqSJWqOZnZ5uZpPJ7PJdDZtnr19+fnXX2z2d+vNhpn6GIfC2zIDMB+4cOABDRhXi1Xq4mG7t2zD/pBynjTVpGpOptN/8unHH927nNaT//fz2394ES3nIWrXyaLx16v86aV+tOofn+tpIykOrgquCSmn7bp7u6taqSfNNITKOxIx0vSd5f7Rck+OVRLKfjGx0+VkGKJqnk/sfKGPzioGNPGVn3T7fj5rvIfgCRH6Id9tuvfr9vnbm0PKzlWxG6b1ZIj9fNYspjUz9/2QcyZCAG0CNq7etfO3++tNfx5lptYYhWzOlODI2z+qFyMy/7gWpDbyh3a+b+eamFQADUyg+HXVRscKHIeU0dtnhIamoFYqBiADARUmzwjz1GIHHgsdTTTnVOC/ZT0JNraZqI63jxKFYi7pfyBARBezOad//ONH/+affu/x+dSTTRu/adOYSyzyxfFziACmkiXFnMFsEvDRvdX9s8WDi5NZE6rgCXG33c8m9Wo5bZpJXfv5ohGR1+8+/Obpu9tDev5u927dHsbPNhVX19hgAEAl9Vww+mbF8FpunACFiiiAUJIPhAACAEajA9UAAEczKB57tgqVeYRUOATHOG/8dx4vHpxWpvjuw/7qavnTHz92xP2+/e7HV6b0s//86//9z3/z7M0+J5GcVBWJiBmKzipiROz8t+7N/vUffvTHv/PgpHHeOU+eGOvaA8Pbm82r95uv3+w++81bqJwRrdftsnEPL2cns4aJptP65sN+sz/EFG82/dv1kIhevrtLgj4EYlJJYIpoopI1g5nLcdXwrHbTSXAVffHs/fvbbjGrasYk8n7TPXu7efF+/fNfPY/RUs7JdLPZt108P1vO59VHT+7tDt2+7Zlx6OPbm+367pCSnq7masTOLxq/mofK0b5Pzz8MfcTzafjoavKDb1+fLuom4KQOXZtjipOK1YSQoohDyyo3m86xn1Y+BK8iiMjsgJCd8wSLaQjO911UE0AbBIeYxBSRiymikGgRR9NZNnhyPr+3arZt/LDtBEzUsiojUEF9IhLiSGsbc8NmNm7ZjxYgPbKvsXx4xkWAjcstKpcdAxIX18QwrPe71wHjcl5hOvTbD45BzNohDxn6JN5PiFxOfH328XfuPVjULjjOMYrmKLLvD2b9tLKhX1uORNw0k2GIqe+ryiOipoNJRrScevbaD7u3H24JazNzSKDG7NRAoJRIIBSPP44jqUjhgR7ZvCUZaVAo1gbWDbLtuw/b9fu73ZCsbuphiF3WnLr9Ybvft89evq6bhShUjc8SmZk9p5xyHobhYPmQhh2jAcSU+5Q6kZhTl1OXIDGbmqScVJIjITIEyNLVThcN9DEO/bDebQDzpKkJbEiJEJEBwDRnMM4xxSyAmHOOKWWxJJkdSY6lmURyMtAqBAQc4kAMAhqjqELX9UOK9bTWrOerE4e4Ol11+9jUfr6Ytoe427VN8CfzZn04/OL5m3f7fR9tNqkcABDdbnYKsN7sgJ0Pvu/ixIfLWRNIDn3fRVWgFGOMiRjMhJiYKMbc9qnLeVDYi70/DDeHoYsipkXez6oAlsXEkJk9Ye3gdBIuJqEqY7qMzdIFax+zqig7AkQRyzJizVWNyBngrpckVnusfcGyl8pzBBwxZojoCJBQsqVx+DNUIbKpp6WDig2JDAodaOT7ELONzMpi7hgnSRobn5DKrFgSDEV6ZmbnPtxtnfdQ+DRIiFzmz3LghmImLQlCpnHbVgg5iADaVHVVN0OOOBrziIgRcSz9Jc4pF3ZpuXbLHAsCQKCmNg6/dPStjBuwEhMbsRaMRQDLMaHj6/v3+zikGFERzESSihH7sZW4PKaZJIlmIcfsWE1grOpBEBudVABIqGoISMxg6hyrylHfB8dhsTgZYq9ZoDhk1YAURrS0MaBH+GYlUp7wVAQ5otG0I1lx9KvCuCOA8hQbO2uwdBB8c4IccZSkZiLZOaeAJXaANL49Ni5ciOlICAUyI2QiclbeYCAiX3qkHTkiBiRy7HxAZHKeKBBTzorMztfETIX1SR7ZOR/YV0X+91VFHJyvfF2TCy4EX9cueKpHx7+vqqqpqipU3p3OwunETQOBWUyasqqoiMWcY7LSbYpY0lkao0rS8tFJQ1IRQmK02vGy4ZrBcixn3D7m222/bvOQFAE96azmpmI0bWPedLrZxyFlVShUeEfFeTVKKDbeYcdOtpKOMTAZ24WBEFSUS+zdBEuFnwoaqGiWZKZogqiS88mEn5y4Rcia0n7fOUIDWLfxy1frd3d9F6XrB1WpmCunFZvz3nm/b4fDritOp66NOYmhMfmy0yYEyTENMecEABOHp9Mazfq+A9AQPJru2q6Lg2hyzME5Lg84Vcl5ZNVqNjCRDGgueERMWdRMVIq4W+I6QLZczh17M3j77vXf/OqzLrWHdodMYjrEDIRNXTdNGIYewaJm1VyumTxEkbycNZUj72m5aC7PTie++sG3r9Y4MwAAIABJREFUnzw6v0pt/Pmv3/67//hSzINC6vXROf8X319+eo0T2ORhE4KyF1che/f+3Xq3bdseO1veHjSL9N0hi1Ygf/oJ/fTjveONkmXtAg9Xy/jwTFehXU3y2TSvqrxsfO18E3zw6IM6h/1h2O/T7TZmoLaLzDypK8/IxDIkU51UITACWOr7/W47mU6885o7NviwO7ntHqTsDQXRyhhyPBUWR6DZGKowAMJSMV4+Y8XUbgJgRgbkAMlUwJDHWqCxtG/cZh5rqUrwHLUUwFtpokaAMgqY6QgEsGLFVwAlZMDS7lGSRVCGeGYa7TNgTOwcF3Gja+PHD2f/0//4z376O48qTwRYVTTE9Pz1tu8TFw3JyvLAAFByAlDvw2o1vXfa3D+dnUzreR0eXJ/VISzmTe19CDydNnnIQ0zO0837u1/84ikgbbr8dtu+W7dZSnmxqVkWFSvcNxirCtHMVI6vZXlRZOzgtBIPOPpEsVilj7Bj4OMW2aiUJMBx6Y3OU+VpUgeyNHPx8mxys+5evF5/55Orf/Wn3z0/OXn58sO9ixPn6N/+2Wd/8fevY9QythggsadjPq9wftn7b101/+XvPfj2/ZPZfMbsTSSleHNz+2HTfvns/a+fvt90ut4Nu/aQUpKUL5fTf/qTj89OJhyqm5sNIiaBk6tVkvjZr15/2BzQkYFDdHVwlqOaqOSUokpqqkpSvFxU375/Mps1b29v393s//Kvvpw37gffub46n1VNBaaL+WS5aJ5//eZbD0+fXJ/M5/Vm3dYhPLg6uTqZLWp/fba4d9I8uDjxiIh4ejq/OF9NHEKO0nfDMJjas5vDn//ds0MPnz5a/OnvPlrUDGKgxGCP7p8B0ZcvPjRNmNcuZ3E+dId2NauR+fYgnmjW+Cr4mKztun3XI9LJrF7N69m06dqBiTzji7d3Q1ZHqAYqY2qlmFvHzbJ3T+4tLhfNYPb07a6PSVXNjJmcI1AQUSJWAS3EQERALDhYAwMdLcjHKAAe8VDFQPPbK9fMdIzcODHdrl9o3qBFj+JBHGNM2ZDZVZs2DqKG2PcD+sn12cPr+bz2BGDBBUS62ey+fPHlYf92ONztt+sYo2Y47PcppsV8AWqu8mTW7fcxDTElUZM8bO8+vL29/eWzV3WzOF2sJGf2QYFl3FCAIaGNqV+REpIvVhLQor8CmBmjqmAX49t3L9brD76pTDlU7vbDu6+++jLFtci29uqdIvO+a73DIQ3l6OIdgEaV1kE2TWZZNBWFW0tdk0Pv/RhAUHFkDBnALCfKe877xZRjSjHnzeEgqkjIDnfd0LU7yYNnCq4SUVMRSX1KRXoWybmPOO5jNOdMxEScJakJO1fVVR9jjELIAKim7DmZbm63TVOb6W7Xbnf7ahJ2bRtLKkRt2VSTafV6s/367u7F+xtVbZrgHLd9DHVoD72CUh0M+PX7G4f2vQcXq0m9OQyCnM0kJzDo+gGJffCl5KfrhpTFQIes6z6/23U3h6GNGRHr2heza8qGhCF4x1QRrhp/PvETjwZY6osQ0DsqiDLnfEk5jfYPoCFmAGJHUaxLioieR6M3EvLoATNEYCLPwEgqlnLJg6ApiJonXAae+2JvcwbFk4JcRGgkQDjmTmkkypQG2FH+p5IvQCirGOXgTDWJIBd7/fhIMTxer8X7U/5PR1cdlqvMQFWi5AK2BR0n2DLqllQ7E3+jziCUOCWM1zKRI1f8LyIKZsUCRYRqxoWOA3qUIo2dM7C2O1hOjK48G8dDBRjQeO2XfDUCEBMxT2fN0Pf2DSysZIGZi4JmdnQ6wYgk1azE6Nip2f6wJS5HoOLwh2YyIeIyyDKiBzAq38JYl1lOA1BMO2pGyEDFHVVYZb+9kZUjARyJP6OKD8VDhYDALhQKJgACOvgGBFQ6RohKGBwAkJnYHU3/bIhIjp0jYCIicuWvsA8IzD6wdyUoDOiYAzEbsvNVcQqR98QemX1VuVBxqHxVYfDsK6qCqwJXoeQKXeV9U/kqVJWfN+585lcNBcQsEqPmnEUkqcUoSaREK0xFsojaEDXljIgiJikRQlMFTzrxuJr4mjGniMhJ9Xbbr9vUS8mQac3aePRkZrBp07qVbpCUSzNvJgDPYzylGEsRQQxyVjBFMwZgRCn1vzauXtHGCIqKHIlBCqAIqCalALwELSak92Z2OneEuDmkTRe37XC7a9sud33OUrBW5hkXs6oKZJoObb8/9F0XRSGLDUMuffWOMOdc/Ngls8gMqHYyaa4Wk9IhiAiMjpDiMIBJVvWMs6bx5FKKBpBVRAZFNBFFUyu8SzBTkRRThhKpBAAkAMwgUWJK2cAc0d3m7sW7l1mjI5pOJjmL846AHGi562WznAVKWIU05yiaHj+4vDyfXJ7Ol7O5Rblcrj66fsiK7N2//Yun7/YYGOqA37v2f/Ld+jsPmjTsd5tdcHL/3nw+p916t/1wQKLppKpn83dbOeSa2KcI07r+g8fdH37rMJ2m29vb169fST6QyX63vbvb3n7Ybfb9+3V6/qb/6uv9s9fDq/f9y3ft1883v3m6/vzLzT/8epP6uJo6SXE+a85OF/vdPsd4aA/ZZDqtB0mHQydZCNFybDyeTPxtd/qhewBQBGcc6Vujp2ScMcqdYswyAY5waDsG9HTsHQcksWLlBzrigEfxH0bzj4mCCOn4oGcyM1UVRjBVMRjNkWAqhZyu5e2kggE2Hd36ZSVbKEDjLEGOmQnNTHKp19PzZXV9Pm+7oevSr75682d/9fSr17u2S+wQmaQgyg08OwQhNvZ8eTL7g9+5fnJvvpw0szqcn66mTdWEMGm8dxy8c0ztYRDLAvr63e2mHV7f7v/mFy/Xu0GUYs6IpKLHKaxU7BEVslEh/Bwx8OWEr+XsZFr4aDTqJCXJXjwf8FszJYzvzyi7GDjGEBjVZrW/WDVXZ7O2TdsWLi4WP/ruve6QPvvF808+efz2dvs///ufv7xNBKCWyXlmRzyenLCEIQjqafPt+/M/+f7VvK6GPofgAWS3Pzx9/uGvP3v55av13SGvD8OQ5eR0GuMgAper+U9//GhWud98fRNzPllOHzw8jUPKOb95u/nN8w8u+MePTgip73NhHImpako5zptqMp2eTPAHH63mk/rLF+9fvtmC997Zj7579dGDs2z2Ydv94vNnBPC733vsCB5cr9jx+81ws+u/fP725dtbQHz58j07Xi2mVxer5WwSPBLo6WISCFaLejavv3j+/rMXm2c3h5tdnFfwb/74W9fnc0f+9PxkUvmmnjjGmPPTN3e7Li1nTXDUNMH5uvL06Gr5+mb7/nZXebg8mytAn5UYCHFS+YpwNglZhJnqivuYbg+RAMfeICy9kwYA7EhFxST22Tv39M3dIUYwtQKkklLPBDLWQJjRN8PGeEouD8vx5I1jRORo0jzmnb5ZxXNZqZdzta7Xr2K/1pS6tvVE5NjA2vagagJ+yApgMckwCKivHSMRI4YqiGhMuun6lO9y2vsqNJVPOU6b2jF55wFEJBGIaB5iL4q+mmbRvu9iSs9v1r95ffNh1y5nCyZFYkMeh0YgBTRDLe3XoKoKCNlQVEs6TiWpdLv9bTts1frNbg0AXb/fbN9m3Xdx12/fDd1dFXA288H3Gg+acxXYe4DUTb1g2i5qnE+CSkq5R1LvyTvyzs2mddZEiAhDcDyrq0CKmlCHWUgPljyfcLu77VOvCkS8b/cpZyI0YJUUc8rZEFk09doxu7JQPI5imlI0A+fDaLsduwlVwZJIVgveqUi5reWcmWnfD5vdoUtx33fbofvy1euXt7cD5j7n52/ea5bT+bTru7d3Hw6mb3btoYj2kp0nIHr2+ubFuw9Rdd0N7zaHQWxZVderaeqHbddlUMcueBdjT2AmOThGwhRjjLGsH2OWdZfe7LoPh7jrIxIHhwYWh5zFvHfeEyMEgrPGXU39xBGYRZEha9HaNZeSRiizsSNkR2YqORe/WTsoANTelWaIosgfBR8rBb/MiEgi4yrAMakpIUw9rgLWjFIwQo5LJmGsS6Ei9JeRswjUpaye/rHIbKBI9P8T9SbNliTZedgZ3D2GO705h8qax64eCTQaAEnIaCBASSYzmhb6Q/oB2mohM/0BLSSIWogyk1E0ApQENdHosbq7qqtryKzMfPOdI8LdzzlaeNxsy22+lzfjvXA/5xtNdIwTIvqDlLKALzAizYdsShxrsdQOIkwqsxIe9LEHMLwYdh3iqCQaY9QKW4vgnKMR+TFC1iKTIcTRzmtQkhxoTPovH8yosNzG6KREMAEavlqTR4XSuFYjInFKcUgDKBI5Uyk5RcglyYdGuQQYFBIAxz9lH1ApUcVjGmhB8Q015VTuXiYOdLjbgRBKwQDiobrjwFCbIZXkeCvdxSWZp3xbIi7PiwgA2EyIyxMGIirMObKD8uwRyREQsfPeh8KXIDnAsm5ycQxTEbMCoZErPQ5ERgzsDJmdFyAERhrdveQd+QDsEH0pAmMXyPsqNOQCh4p9TcFz8L6quapdVXGoqrqqmqaq66b2xxN/2tDUUzmwhqgx55JEk7PkPML8WbKIYGn1Kh47ATNzbG2FDsSj1QwgknKOars+L7dDl1QEGCGQtgFbT6ay7dLdNq62KSUVKzRzyTlTMpCsQ4oltLMAkGY6MlpqTCQqxEQ0loeSoRZlgpXqRhkdPmAmSoXEUV14feO0enBcI9FXL2+ubjdDFHYMYKYSmnrssQOpPIKJZMlZhyhDP6ip967QCwCmJjnlLJZzcs5pisHRJNC85mlwR21jZqJaB4+mKQ6MEAKWHCEHxkyAJpqLMUdiLPC+jWgZqJkmo6IGJFIsVZsooNtun0TA9M9+8F308Pz2qu8HBiKHcYg+BEny8PRovV5n1awqYHYIaq0rD2iTNjSVj12+fH5/vlj8yfe/U/swadt/++Nf//izlQM7O6p++P78208CQNp32+1mM6n1yePZdBrSoPvVUDn3+uun52dtVsZwth+893Ub4ONHmw/Onm82L7ZdQvaDpPVOP/ti/ewaPvmy/8UXw4slP7+Od2u4Xefnt/npZfzim/6rF903zzfbHa8GfXBkp0c0XUz6bui7XRr6irmuK0A6PlmkIQ59d3w0mU3qNuBrJ8G7xZf3D8AqUNHRUj9acspRgOO7TGhgSAal0c/GxK+iZzuI9qBIzcZ8Nxrn00NSJZoCGNnoWCzGKbNS6IPFgw5/yPVRNLND6iUTwKufrwohhMAqGcyYqAAURIgKpoZShJLqnNsO+uvPLtlxFP35Zy+f3+4FFEBL5UhBEKrKB0/BYUy5dfBHH1y8dTGd1PV00jy6OH5wflQHP5+200mDKsOQLq/ud33/9PntT3/+5dW6+/3L+6dX+7vVkNTIuUJPH6a2g8xRzUwNpDSwvHrOJQd91EdBKecAMrWx9t3GMAuDYgl9hSZrieRyI8cSmGMX5617763F8WL+xTfLoctHrTs9bn72q29uN/n5cv3//Px5FEJQMyGuiLgI6UbmgRAAoujE4w/fP390OhfFtg1gqe/jT3751a++vLnvcwJYbbu+T8vlBgF23QDm33l98d0PHi7X3S9/+2JxNHnrzfOL86Nf/+brzz9/2R7NB4N9jET0/MXy7nZ7fn4CamRQV76u2RM0aH/+3cezij/5/eVvvrp9ebOez5tFG9594/zpV1f/599+8tk395989vz2drmYhPnJYr3pnr5c/fp3L3ZJX9zcrzY7Mdz1OYtWlZ+1zWLe3i+XKafKu9V+eHqz+/FvX/78y/vtPh8t5ttdvwj0+nGdUzo+Pp4vJk1bq9rt7fp+ubm5W286yUKM1lZOcm6buvHsGT//5kYB2hqbKvQxA1HbhMVskvoEkkLlNUtb+VD5u02vUKTfUPpFRxHrYRvcDPL0brMdkjsYfUvRe1ZjB0fTxkxjllElO17KUKJeEQ/OuzK0jDkdUMJGX129ZU8ALOnwqACig+rOe9d1CUwk90Zc1Y0J9DH3KeYsxIHIZ0E1zxg0DzlnRRIj10xjjJvtOmc7PT6a1j4wsmaGxGhMyJZUemJy7M2oaetQ+33X76KZ8WdfX24jnJ9fgEEZFov314BVLZW4awMd82whSU4p329Xm91d1t3V1dMurpBRNA3DVmwX3LBfX9U1VRibus5JJWWQbtZg5aX2MPVW8VBjfHxSny98QHFobVvX3hEkkMgglnvRNJnNYNgHUu33Tvtg/cTlWZUbGlabrXdMiKWhrA6VZhmGIamBJUIGdJJzygMCVL4SyaXviLC8m8SAmoEQNctoBUffD7FYFot6BtmXfM/ij0gAX728fHF/u5Zhm4bbzepmuerykMFuN+v1fucZhyFmUV/Xy777/JsXL+/WuxjX+/5mt3u5XAGTEuzS8OJ+9exmuRn6ieNZYBFNAlRwElBi7rqeCb1nBYw5AXEVXEl/7FJeDflyu9+nXAc/a52adH1KAsToCBkhMB81/nzi54ERLBsAEqiZZAQTsdKf6xhLYk+ZsJNZl0GyegbHZIcjaJyfkYiRCLyDMj0KoAoQY8qKiLXjowrnDgAwG5RMx/KqEROMefiIxdhesO3xThtXACjCazqIfF5JKktqPCHj+LVEB2LBRj7AEJHLOGVoRKV/HaEkXuDoDEZTpfELTQ9FVjCuIqCaC+8HpZ6gCMPRAMCxK2lYZWZDghIEf5h4i5BjlMGURcJGKmB85cfuSMOx7wkMsORwAZQSRzUgenWuINCr3ETAMaujGP7Myt82diQpmyETMiMfnsG4yMM4KtArZq88cCsn02E/EjEec5qgSHlHFy8VMRuF0BwshuPXMjp0PNLlCCpG7Ji9SIHRHLEj50cpGTIAsvOjwYxdwRsAuUT+kwsAjjiQ98gOHCMx+4o5sPMUvAs1+YqdKzXAvqrZVxxq52uugqvqqqnrtvZ1VdV+1lbHszCv2SNksZQtJU0pi1oWizGpAhZ9g0hZqlLOMeaSeubQmoCNQ9BMYMGziCTRIendpt/2OWXJOdUOZ4FqjwSWBTZdXu3zvk8pa7kdSpggIahYEs2qRXVQOGDSwyJcpMYimtVAwXTa+DZ4EUkxARohqmSzjKZmKrlUaCGYPJi748b6bne93F+v97tdTCkVp2bOkQhVNKU05k4BpCgxSdfHYeiJ0THnNGiKzjEi5pIvhcUPqlPPpzP/+tls4rFtvHPc97LZ95oHlURkPrCkqJYde1MTyCJiOl6yiFbOFkLCUTYLqmqGJUx1kNinKEAKOKRY194RPro4/vEvfr7ptllVDZbrNQEmtXfOHz84Pb68v7OybDpSEwegOTuEEFzfD+t1d3+/PZnN/vo/+7NFO3donz2/+1/+v2eE7qjVH3x48ejI//TTp199c1lVqnE5n8pi6p4+u+wFq6pqWpq0YbVKP/109/kLu1tJ3q0/erj/3hs7H/KLq7vlbri6Hz5/tr/btS/u/PUddJFyQkkKhlUTymNMXQeW60AIJkDzE/7RH12EoID+frkRSbXHi/MFAMSUGMCRnZ4sZpXDnC5mfNJUX9zOrnctoJT6dzQ9KHZG7f4B14CxdnCMBTMzKRYMMCwQdjmfDnqaEpwGVCR8BoVQAgBQIwQFQ1Xm0rVoD49aFY1ZSlhTmXVsHG0O4QuAWaDyeLKom1AVNJSJmEnNmMvHtAIwl3yJcsBS8L6qr27X62iK0PUpK6aYRU1NvfelUzJmPZ2Hf/nHb755sXAuLKaTxaw+mreVc0PXz+ctAmS1q7vNL371BTh7+nL568+v96qXd/vlak8uIBEggZGqWR7nMudK7FZWyGo61hHgQa8BUFLncAx7BITRD1zWsQJGwbgzHQAbIkRGMjNlMk/OO2ocfOfD88cXR7/9/e2QaDbx0wm3s9kX191XV5vL2ygGaehErWh+CA968jEADthTU1cfPpn+4N2zs9PF0fHk7Hxyf79+frv7/Plqs+8ev3HqK9ruu/1uOF7MXjy/bidTJDyqsHGw6/V62bnKqeh2P6y3Q5+tT/L505svn90PGdrpvI85DgOKTlp6/HCGosu71ZPT6kffeXK53K2i+dqR89c36/V6x2S7qF1K3/rOmyeLyclRe3I82fc5ZmgmzcXF9N03zs6OJhNPf/z9dx9fTGRIbVXXVXV7s7pdr7/45va3z9Z/+49f/PbZctsLaj6e1wAaY/z2B4++963HbROGmCWJSfaBh5gIoWnqo8ViuZe71a4OkIe+72Uym7Qe54vZs9stgc1rN8SkAt5R09Q+sEc7XjSFfHJofdZdVFNlZhV99VIYABqKWmH2cx5lmGO0DyMTDzmjybQKQ842KhLMwIioqAkOun8kQFUta0DBm2Dct628uGPvZsnDds5ANG622w0H39YVIRZ5NxEnw1BPEH23G3JUQ0/k6mrq2ZtKMohZksJ2s++7TRr2jcdAIsMOUpfirnJU+WriqPE4bdpAVU7SxR4FU1KF2pScD5PZCdVzoaBAg2pWI+cBeAz5GaV+CGBELAY5d8vl1dCvANJuv+qH/X6/Ncvb/ariPJ9VFIc8DA/PTy4eXLjKxWF3f7s8mrZtQEJJ25X0+wBwMm8WTXV3fR1c2O53baA8bEIAR6K5I1LHdlQj5D5oPJv6WbBht3IMoamjWttWs2kbPKeYiaiufc7J100a9jCmOKpqBjTH7B16dg6REJwrwCmM/kXELCWZAogcjsW4WqZGyZmJRHNKOabcSwLm/dAliVk1SRIEI93n4W6/HdJQe8/k7u7Xgw3rYX/b9S/uVzfb3d12e7fb3K02XZL9EAfJithl3Q69qizaiSfsht4Myy+YcxxjX379VCFmFckA6r1TFTVLavfdcLnaR7FpW00aN6S43EZRcEyOyBF5xFnlL6Z+4RHNsmpSI2bvHShm0SIPKFJDx2SqorbPFhWcIxpVHWPG+yFgx5iAYWwciqKi4DwrgKkQQutoUZEjUKMy+yMzGLAjGvF+Km8BjHmgJVem2HxxLKFCHO05ZWod8U6kg5OgFM2MQaOAVtI1CzivB2gcjJjKVcV0SL1FQz1I+ErtF41QAIxhO46LcskOw7IJoauqJkks+s9y6GMhC4jt8J0QgZCYGcaPgoTlm49EAY7dV2QlthWAkYzARJkYwPhgwS5LDxKVROwS1VEk0yrKROW4GeucD1IAJg5a9gccPz6My0jZHsYzqmBsJloefcEzxk3IEMYHN3YHAjKzz5JhHOaxfE1Z18YPR46QctIQfBxyqOrSNWbIhsjEzgUkD8jkGNiVsl5kb+zIFXmPIxeMiZxjX5MLY/OXc95XFCpyjpx3oXZ1jSG4EDgELsB/W4WmDsE3lV9MquOWJh5ALSdJUXK2QSSrZZF8SHUGsJQlSyakGJNkJSKHWJG23mpHqgpgnhFMhyi7Pq+2fRQgJjKt2OY1TWoXU77fDstN3PXSxyxZgMwAcko5C1hpb4MU88HeaKAjqVNEMSM3CUBEkhMTeOZ91+eciOAPW6kWPqBohCygnbXgIC63u/0g/ZBjP8S+946dIwMpuY5xiAjGWOBOICJVVZMQvGcCyZ6pqv0w9AKGxMPQI4Bj8iCnNS4qqEfCmvZd9/TyZjeko2lwZMXYYEQIpIbEVE6oAp2qCSAaWKGMzVBNyuPPJtkk5mGIMZsgs2gGgrpxzsE//PyXV8uViGYFVe26AYg15T//+Ls//fQ329gTGjtGyyrZA1SOqYBuhElsVjf/4offf3L+qOZqm9J//zd/d5urhtK0ddvN7hdf337x5bMnZ/z2Y5/j+vQ0TGbzbW8cmDxr7K9v+s8vw8u7SVJfY3w4X330usTc9xLu18P1zX6fHVez0Exns2a+aCYtqw2AGhpmNFFDdqKg5KKIGmXIj8/o0XlIkrfrQS09OJ+3bTg6mucc767vHjw4OzubYcoUtSb44K3Hu675+dMwZEgqRgiqAIJQZtID9ahKgMVjOKKMaqaCo4lvxBDw4FTEcowajmmWJfCNxlOSAZhRQXC0EZNTef/JIji6Xu7GemkzwHFbIAQDElVVHTIezer/+q9/8ObDo91mv98PSbKaERZfF6qoiqqMCwcQillO8Xg+FdVoeL/u7+42+y46cgVQdz6gCROS907jf/Gn73705oNul7xzbVMFh2nI220/n7Zottrtv/jym2Ho5/M6xnizjtervss2CERBJFaFLGoqBYoqrYkAo6Cu3AN/YDKIDgaLwqIqIhxC/U3/QCmXx16UkwUSQSpntimaEbApnB5XF0d+WodnL1a/+/p+2O3ef+d0iPHnv7u6X6VuSEQlVI7Yu2IBMrMxZk4VGevKE9rE48dPjs4WzXTabPfd7f32088ub9fD5c1yP8hyvd+su32f+25wpGY5VD4N8TsfPPro/cfHp8e7buj2/c9+9uVqvc9p6If0xdeXV8vd3abvozhf7fbdEEUln59N3no8TzGenSwenE7W6/1/+PHvb1edr+tvXt5dX68QtK4dOffWO+fa9SQwn07ubzf73pjp4nx+fDQ5Xky/eXazX8c2uPOTBRM/fnLRVL5tqtvV+jdfvrzfS3D0rdeP/sl7p99+8/h7759/681zyxkRHpzP59N2tx82261E62MipqHvd5ttW/vbVf/satX1cTGrHRMqOE/zhq/vN4PSrKmmdTVESTkPOU0nbe1dW7nFfOKdy5IN5HLZ60ijFc8blRFQTbQAMGpiiugKQvSHWCuAJMBESCRZEVCJinCs4P042tbLcjxep6MerFzCZq+2+FEtpEqEJklli2xJrI9JVHZD2vYpKq8H2fYpJTRwoZqwqzTJpJ62oSoG5aRAjoOrpnMXquw4b1frq5sb59E7SHkYYmfSmSQzZWYDSqpDH5vKL+azj99963sfvXu+qPb7zcvre6UKq2mSbKJlCPHsyDGoGJKqqWFM/d3NN7tufbe8u7596RsXcxZTMR36fVO7tnZV8NzMUpKr69vdfjtp67rV/ZvmAAAgAElEQVSqt5tu2jazo+m+W7VVnXO8fHGJhO1swp6Wq5uz48m0ZbSUhj2ikObd5m4R3HZ1H0wY04OLI0UUxCHLtutTipITIzD7lDIYsXOb3aatQwGJm6Zi73OUAjcfbJfjkweQqqmSSOl6A4WcpeTVA4BznEVjjEwYnOMS+GWWsxiggnX9AArEHsxSliEOyaCXLAZVqATlbr3WUfTF5dQwBDWLOfcxZrEsOeaUFPaiq+1OLc3ryizvY8piUBBeMGZ2TECUUi54fGgCIUjKzIyEfZL7TQdgJ201qdy2Tze7QQACkyuNUcSzyp82bhY8IuYi3fHEBAaWBKJoEiNA50sipw6CfTRECIwH6nicj1Wt5HwCQJlVVCFlLXOrgCFCxbAIXDGKlaj8UgtL6BhGyTkhOSppk0VDDgdvAI4GNBgpbBwdriUHs4ygxEhupHNglNoRESCPiPkBtjEc/42RLkAY5fsFwi9HOrlSfK1F8Q9/KNaFEpAHOCqwTccBWQGLhKkwxgYAwIhM9Oo3BEoSD/MBjy8bDKmaqjAyEmrJmeQS/z8GD5npK8yeHR90vyMuVGis8n9RMCbHxGYlZhsZ0I3DvNEY/gkEZiV7yYqeyYCICwnKxAjovYfSbliy+0dxLDB7QlJVyRkBiNzImJafTSFt6PAjMTKzybSt24mBGXIJZGNy7BwQIyEyO1+NpWA+oPPIzC4AMZAnxxQ8OQ/k2AfnPRYGoArkgvOVq2oXKg41h4pD4FCFuq7aOrRV8GE68cdTv6jJE+ascUg5qZhF1ZxH52mZvs0sppxjIsIhJTBgssbzJHDtDFS7IaekjkmzrrbDppOYVcwqh8609TCpicC6KKttXO1zzNqNjmFT05xLtVrJ3xUpuKOZZin2TCx7gEGBzIsUzyHUTN67pHkYouZcuuZKOTCa8XiL2FFNbz9YDMP2brPWnJEsuNIt6prKBQbTPBY7KuQsKmKmBOaZTKWumNA0JonRI3hCc6xm3RBzSs7xxPNpg2cTP61cVmknNTOpZQU2gGlF3rNoEsklFiOlOMSIBJIzlkwNMCwzImiWHCVHyWKaTVWt8LYimQhLMoFpHvYrprEZbUhJDQHBe49ET87Ov//hB3/3i585T1kUTEwyg3nHznNd+UFSyRZ9+8HF9955LwCfnBz/D//b3//kmxhTf7/e3XTy5YvrB9PhL79//PYjf3f18qsvngXvm8nk7Py1k+PprK3vN/x3P9t+8qUl8xDvXz+LZ5MOkJar3pE/mS/efv3x6689/PZ7b3z47qPvvP/wux9cfPzOyQ8+OPnn33/4lz9644ffOv7OO+233m4/eHtyPJOHZ+GtN5qP3picLSjGvnYVe7w4m1+cLmLX7/d7UAq+Pj9dvP/G64vJ/PGDh6eL46PF+fUGn91ELcL9gjXoGDSCo/vOCIotVQFxDDRRLYHHRR1Io+NccfT2lFMF6ABZj1QpGqM5xgLPRMkx51nt3jhr+z49v9umrCJJVYlHvc943pmaaah8U7l/9kfv1N4/f3l/smj+1T/91u1y/c3VEonRMIuI6kGPVGZrRMKmqdIQU5ZsuNkNYkDs0NQ5FyV7hynnfpDjlv+bf/ntj99+WNeNmZ2dzM8vFp657xMRH5/Mltvu0y+eImjNUDXN3//yqy9f7DrRzbYTJUQyA8liKlSArvGcHF/McVQbs38O1/TovxIYMd1y9hbQCAoohqMdbZR206gztRJoocVNAPLkvD2etOvdEFOezKbTSTU/nnx9ub3biGgWzY5dCXQbU6vBEM15AgRFELV5Wz25mLx90b73+tli0boQfv/l9W7I3b5/eDZ59PBIYtqs9u2kPj1bTKeNd/DmG2emioaPzyaLSb3fD0OXJ22ovfvwnQff+fDR1fXybq9CbjckdFW3G4aUm2lzdj7f3q7mtU99DGiPHxxN5tPbdRdjnLUNI3zrvUd/8c++fXYyvbpaXjw4Xd9tP3r/jXffevjgfPHw4dl8Wm/uN5cv7p4+u+l6OTmZnZ0c3d0sp7OZiaT9fjpv7jfp+cvlYjE5m9A/+ejx+dHs8uW9KZwctacnM1Xo90Pq+pu75XTSXJwd3d6sbpfr+bx1AMHT3Xp7ebfa9JKynsyqo2mbs2qMi2nz9GrdD6lyWnlG9t57k9TtOsvD+ekseM9Ekzr0WW9WezAbdTt2EOeUZjsDAIVDFCYSKWhBDotvsRtizrk0D5aFrbx8ZeovRP9BRDcuASUxcHQDlF4wAARgLp1jqlnEuvVus8m26YZu0Ay+V7rvZJVo04vQJEOV1DfN4mhxPGtnzvkCIhoSIDNBirvLl19cXr1Y7/ZdFl+5rNFQd7v9arNad7td3PZpULBsqWqa1tOsDYvJBFLUYT3s72O/Xm6z1Wfe1YCWc2Yk73zlq8o7ERmSRqDV6n63vfc1A4FzuWkDmKLGQHY0nZDF/XZzNGtvNztyNMRutVxitsq5NKTb2zsKYb1e3S/vJ9OqbhtD23XbYegM4nZ1F+NOVLzjpvKM4iEypvOjo5PTKTKp5PV2byrL1b2YMsGkbmrv1+vldteV3GokrIqLBqHb7cAweGcFQtMRhUIEzy7FSGbOuSF2quLZEbFpQgBU05w8e8ekkkyz8y44r2pVqLJEImR0CCCiWZIIiCmTA8BuiNtuly2TcwpQ141pzjkbATsHoJoTGmQ1MUkllYyZHfcpZc3zqr6YTXNOospMZmYg3rNjcAgAKjGbKhMGJslShVAFN6R4tx5utxFAj9qqCXy12t3tIhE5QkI0AM808XzSuIUnQkipICBjdKaqJhERI0cMWFj3mM0QHY2yyAKlE9MoeEQkxILZGICIGSAzZZGCnE49zCt2RCJqxFYq8xwVIU9RFAFxUbVgyQstJbhgNIJdSFwEOwiARONgja6IeYoKGEb2AF4l1sNoncKxatcMQHQsPR7fcxpt+mP1wXgvGhEUvKyUsR0018ikmg+egnIpjM6AElPnmbNkE/Xep1RKJg/mMDO0AtXDAQQeVxpAZKLDIwUz5GIGKPtJmfj14OUFKnM+I4gZMzFRSgJFzITomJgpQBnS8XD14wHaLz+o8SMB4qGFWMpWV1CskTsBA2KGEckrwD/DK+0QjNHIMNqrnRVpt3OKQMjELomxd2bgqxqI1QjJFVswcSDnjRjJITOyJw5IDr13vkL2yI59QPbsA3rPLjgfXFVzqNB539QcGl/VYVKHpgpNaOowb/1x46YVqWmKOWct5b5JpHhxAazQ9lk0pmxq3rOqesLAOPHYMHhSEd10OWZpKkaw1W7YdhqzOMfTmhqHgc2B5qzLdX+/ibtOuiFnUdPsHappTCK5hC0e9mU4LHYGI8BYcD4YF2M0RZVp7UPg1WaXUi5JmjhKNYyKGhgNwWYBaq+3q9VmvzeRomRiU+/AcpYUNaXR3VKYBwAAc4SOMQ5D07hSBUJmbcVtHXqRLuY+K4EZUO3oYupOKmTIk1nrHEmO691eDO93/dVyI7H3BKKASGW9ERuVKOXXmLjsveVNw1c8eKEx0BEalNi+OoSsadfvksTZrBWJQJBE+5QBEIkBoB9SW7vVfn2zXRKC5FQg78IV5pTErB/ydtcNvfzFd3/wwcPX6sb9j//H3//NT28t6zDEtE3i8Ufv1f/6R2dvPphsNturyzt2eHpx1LST4Lh2/vOvV3//q/7pDbYNPLmQk8m65hVjenRy/PbrDx8/OF5MQhPc0dGsrVzb+MCM6FPsEbRtmypUTEiszmPKPVA6mvHFee1cMsbZdDqp/GJSv/bgtAlBVdfrflpPH148PJstFtW8ocnZ8fnp8ZlERQXJ6lzY7JMqjITKOHSO4oMSu2NahOJl9B8FP1AiC+BgUyz4ZREcFPoVgLjoVYAMnPNmmlI8mlbffuv4v/zT9/7zP/tgGNKvn94ls6FPwQcz0dECUIhLMwAmnNThbNZOmrBYzE4Xs/m0urxe/urz635QR5hEdbw2DIC0HD4I02nTBj4+nRPAMCRyzlTmk8o5NDBmbCe1GVaY/6s/f//9144N8Pz06ORkNp82GsV7jwCi+fJm9cvffAUmH7/36PJu/b//7W++eLnvYjJEMyxorRqAWlGjIZBq6YAfR3s6yF/hIPMBKA6ncj4r8WgDQAQ1o0LClFXArPirSriaoRKQmRhiHXzT0GzClvX5i/vvfvuto8Xsd1++XG+Hy/t+2xXIWatQH7xxUOhWUfXBkyM1mzbVG+eTD1+b/fBbT2Zt0GxDTE9f3P3uq9vjk8mj88m7bxw/uVjUhK8/XvzJ9950qF99cSliFxeLr7+89sSnR02/7VOXVOz733/ndN68djb1lf+3//G3uwhHJ4vru3WM5ipfRuGjeZv6/nRevfn4+HhePTiuf/Dx22eL9vHp9Effe+to4iYVqcqP/+HTn//q2WrTq+CsJoc09MP52dHq9m4xCQ8fnkzqymH+7sevv/bomJCWq/311e0g6bOn13/7n768vt8v1710/dlJM2ma/ZD3u/jOO0+8x2w6pDyf1jnqer169OBkyOn55e3DRyenJ7OuG6LacjsAc5+BHZ4e1ZO26gaZNKym9/tsYItJk0Q2ux4Y2kk99KlicmzOubapVfR61YuJmGRRKq2VSMykAGZayklFDEyJCQ6Wbyt1uQU6ZCzX+TgWHYpAscwhADpScOXwhmIKLNQRjJd5MXmb8957N+TNzfJ2ue8ptEPGnUCnYT1YZ16prsNi0RxdLM4eHZ8eT1vPSK5gn6WJTDwxE+66ze3qLqtu+tT1WUnryQTYb/e7XmIvsh3iPqsiiORAgOj7Ifap6/YbtjSprGrnUp2aq5jp1ZXReGq9K+q3MGn3w3B59XyIe++EIA3DNnbrANKyeTBGcBy63bBPstms2mm9mB8Rcu3ISAXgfrOtat801f39Jov1/WAmdePY0Xa7ZsYYU9cPw7BjNsfMDtlDN3S7fby+vZ8fzZBNNRGRppQ15pxn83kIVUxpiB0ipJjMDJGnk4ljGvo+5czERdoARJpzzskze8emEQ8TY0k8IytSd8iSAJSZyXkVERFVIwZiQiRFM7QRFwdUzSF4LiYr0pyz2qjBZEKRNBTrJ1rRT2QV7xyOFQRZVIwxZkk55TgctXUT3JCzIZmBSQbT2pNDBMacTKSYkXTok5ohGjFn1ZfL/V0XPdPDSeWYXiz3y1TKi7AIQDyzZzqbVPOGHY0XAhGoaRbNAuXbIQAzG0CfNAuUUi9AUNBCSjBTwZ5ElQmYwJCymJgRkYqpARNWBFOPTSAsAa5jI1XZv62YX0s2ENhYu0ujzAfLZ2NiKnKX0r1uZT0vo4UxEToeU/kPNMKocy3KPDrs3sSIpaFUync2O5hzCw1Q/gIAoo6SoZGvA8MSAD2qZeBVoS+N1zABisjjR4+n89lqvWR2BsJMMCbPFV29qhoewLlX0QGmoCZEqCII6KtAzCJa9qrSyDaKB2lMQyLG8Wa10SCIiGhKgEzOW6EsxJidD15EirxklAOX2b9gEIwmhsAjh+KIiNSAmeu6LQWdxMWNTcglMYHNCIGMALi4oUo7hgdC4pDVhizOB0KeTifsnAqxD4COPBsykCMOyN6QDYlDxeyc9+Ace8/skT2xJ+/Zew4BXWBfgP9Azvu68XXjqxCaqm6qug5t7eeTsGhcIMxZUixxqzYkkTw2Ao7/e9Uh5hRFzQK7Em3oUT2oK7tBhs0+9jkFxznJ/abfDWIK3uNR65zllBIhJbXlpl/tUxd1SKIqVWAmUJMkKkkPk5ooWPEeAijouCweXOTGTDnLpPLHrZtUftf1fUymJimCKgKIah7LocAMyGTiLXhbbtamymCOwBMxWBvYIxABm6UhOSJ2VLB/h+hLnYdZ8Nj64NmO2oYgz6YNGF2ttkM2YkxDaoN/PPUPF1XTuKZpTEQ1eQfLrVythmU3kNlrZ/NQUS5+BqQsaqZMrph7AUFUAQrVpQbQ5T6mZKrTSRNzVtEYI2LxhOeYhiHHqgqoErsuKwxZS4SZ5JxVqyo4xsvbGzGLfUQEESnHmZqaYkySoqjBZDr5F9/744+fPPm/Pvn9f/e//iSEFmIv6tWGv/w4/Osfni+mVeVrR1AH+/CjJ9OmWa92kuHZy+4fPl1eXa8vmu2339A/+/j4tbMwm7TMHslt9nmfdLXfv7i+20cj4u1uf3mzenF9v9nvr66XL67uvnr28nazv95295vhxeVqvem9Lw4rF0KYtfVuufSq07bxGCTbftOh6psPH54cP/zq+e72fphPpmdH85j12YubXl0/2GqXRMa4EsAicFQaNepqYFQOLwAEQTQ8qFoLuVT+cpm6aeT/AAFG01c5J8FOFu2333nw2mn404/f+OOPXm9DHYK7OF98+73X/vn3XlfVr682zKXOr9Q6QDGmO+bYxfOT5t0npz/87vu/+O3Tv/n3P/vF717GhAjFam5mgIwMpABGGJyf1H4xrQk1p7he9znJkwfT7717/vB0fnm7ijkZYOzT0YT/1Z9/+PbFfLUdbm42iOA8P/v6+vpqVTVhvpiAg98/vfz6y+umCS/vVn/3q8tnt91IAzGrHopUDsDVwX8iB7XnWCMxSjMRkA7ILZXnXPJCSruZFoqADhcCQAm4pjG0FIyJieHsZMamYFniMKlDaNrz08lr59NPv7jca7XtkgIWrz8gOu8QQVWZ0Ey9d1VV1YHPF81HT47/6o/f+qs/ee/BUXu8mJsBEVdNeHa5/PrFOm27k1k9q8P9zf7mZv3Ga8evv3a62ezX63hxflpXftZWb7919tqjk+D9xflpirmtffD08989+5//3S9++2yJjDmm/bbzwYMZszOj+6vbRw+Opw1PHLzz5sWjR6d1XV9fLiWmP/rum5PKdd2w7dJm1x/N2+98+No7r588ujgBsH5ICvjs+dVqv9/1/dNvLomo23e3d5vZrC2H3e1m93c/+fqrl2sxef7sumnrivDxo9Nm0pycLBrnu75/9vXlahvbtgkBq+COFpPVrv/FL784PprPJpPr2+UwDOvdMJnNfKiW6/289YsmbLY9mZ6fzpa7vOnSYlofHbWrzbDZ7ErfKKE5h445BF85LKc6gorKKxmyIypX9KgKL/z6K/WbARFnkSIuTymP87epI7JROXYo/vrDtxgphjIClGu56CiKJsA7RkBHttzf3+22+6jON52GZYQBpoJt4Pnr54/fPntwNplOgvOO3WgBHB2txVIGZkyoBNlgOllQaKlufAjILucc0zAMfeUCcZ0FRTAOkodUNw17rkKIfbferEWSIWN7rhhAU3AUyAJZ5YjBjPhut1nv1+xoiJu+W2bZlUjo2vt5CG88OG0ZLZkqSDYx3O82iDippo5djOtsCRH6YWDms8X0/GSuKYlI3/eEJpqnbeMdldIn1dwPgxls1pssmnIOwaUuppwDmnMYU44xiVrXD9vdLktuQ2hqj8iqkkSGnFLsS2Kjd15NRbJZ/kOgAZaaVyBmZEIen2tOGRBC8IhFdGumRkClhUazEpKYAJKZgpGoMjsCU0nl+nNMYFCxL7npYAZU+CZCRJXMTJ59zqmEYZZQbFGIksw0qcWcK4cNUzHsGmCOkdQQzJEDg5hiTgkQmCjHnE1zikwwnzfBuxer7mo31JU7nzcpybP77V0XncNApGrErCKT4I7bUINpSXlFYyKjIoHDIctI9CImhTzWDKNjxHK/j0cmKoCI2iEqHgxLB0FRHSCAZ5s6mrqSCErAVOZRZBKwIipBpHIkwqjVIXIMgABkRW5T9DZY6DoCBAJ4JVw3M5NCTQCgggARGiKzK4B2Wc9BDQkRmQCRD7fqK5+u2QEEsiL9gcPLP/qWyzt+4M4NFA+cg2MSkbOL0/PTkxcvnjkXSiqejVp+BEQVJS53SMHprBTbIhAxqioyGo3hD2MeKNoosi+PbrzBUUf38SgCLiA8gKIBG3CBYIn5gAILAb0itpEQicEOKnQF9lwmUyAysQLkgyuxRAjEJbey2BsKZWFAzK400ikQsTMYK36BmJ0Dcv0wNCGEujZyZkDsyn7CFAwImImYnXeuQsdIroSEIjkmRz6w88SeXHChcqFC552vXF25quKqqpq6qSrv3aytFq2bBATTnCSmLKJZdYjlnTJEIwIQkyzDkEWVCSvvGNByDgSVA0ZDxD7mbTfEnImg6+N2l5IoARxPq0WDjiHnDEDbLt6tuvUuRdEkEhw0nkSkTzkmsGx6EHKpGVqBaRVkzBsxs6KRITYTZZSTWdMPw+16qwZ5GFSkLGhipioI4hhFFSQ2TshiHHomDIx1IDJ1pNOKPZVaQXVERAgMOZsZOALPWDnySGaSB/Ge542ftgEQ79fdy1W366N3jAiNs+OaHh63aeicc6C6Xffdvjegb+6HdZ9A4tnELdqgOobigSkjMjsdo+JMRc1URFPOMSVAW0yrt5888ky72O33vSqYaV3xfFGr5q7fx5RyiiLZuTAMqRtSwdUQ0TEDiCPcdf1u1wMiATrnSilsypKz5mwmCkgm9E/ffc+F8N/+T3+72oNDFHOzWv76W/Bn74amaavpwpHzwXnnNKchYtfpct1f36wvZuGjR/D2hZ4eNbdb+M3z9NPPu18/1599tvnZp9eX9/ub1Xbo8+39NqX49Pn186v7p8+u0FHMslrt7m/v2ukMmbt9H7xnI0fUThpEDM7XRI33dVUN3aA5s0kbiMFd78L/+1n+D7+4++R599tv9v/4+9v/+Kvrn3yx+fpWbjZxSFKSicel3V4higIH3X8RAY1Epb5iHQ9T/6gfHHXviMDEjtAReE+O8OJ09tbjU0Z6ern69Rc3n3x998tPX8wa/xd/9MGT0/ZiMf3s+c2nX94QIpiOzWNmYyIDkWq6OJsB0L/5dz/7h0++iVkqR2BZinu59KWwK7lrdeBJ5RyBlYZfIAb73vsP/+rPvnW33v/jJ1/dbYaj4/nQ9UeN/8H7D19/dLTr0mbTO4azs1kaUrcfFscTZluv118/v/nJr7/+5mr1u2f3v/zq7vq+k1RIaJezlbQvQlTTIvM21SwZwEqiM7wKVyr2BjggKjQiVDjStAeJiFlhrmlU/5crxQgZ0QApJpm39NrDxXK1zYKEMJtOjhfVX/z5B6L0f//jl65uhn7IJXBasSBZOUmpmYw5qdqsDW8+nr/9cB5QAygF6hM+e35bBTebtI8fL5rW36+GaeXefXL8wXuPlrvh5e120+WX19vffPri4vy4Cc6BvP3k5HheX17em+rJybyuAjNer7b/5t9/8vVNnyQPXT9Ebdq2aRsAG4ZogCnFxdHs+mb79fP7XdRk+ItfP/vy+f1yG1e77vn1pplUjHi8mJwf168/OA5EbR3OH5zeLTc//+3X/+mTr37/7OaLpzebPu6j/PrTF189X37w4evrzXq5XK338fJ+7wkeXswePFy8+9ZFHPqcYtOERw9Pcsq39+uU85DNRN968+LhxQJU+piTwGI+nU5qNTuaN4tZe7/em+n1/cYMHp01jNZ38dGDcwP8/bM7QDhq/SCy2w9dH0XRMR/NWkfoiQBMcry835dy5cObA0TEY/6GgRoiqBqCElPJ4SqaIQNQUWanas45QBPVIqwd7QI6BuZCCT3TAv/hwbk4UnFlmpGsWXSzX//u2Ze98SC8jbTLPls7a49fO3n42nyxqII/mAIREMYPDa9ICUAwyKZSeXdx+uB8cWHsu2SZaRiG3XrV1m5S1dO6besWgZgbx5Xm1PX9brPtuz0i+OBSSo5Ds3g0XVywaltxW3EbfHBMRM9urn/35a9X98+ZJQSTuEv9PqfYDbHydRwi5Pzo9LT2wbvqtcenm93aOYdGfdcPaRhiZyApx/niKMZkIhdH80ntgayeVEMcru/vHFPMUhpm8pjLR/0wSDZ0JJLnbd0EnleBgQQRGTa7zoCTaEox5pgleV8TUZaIQDkLGKiCqoqIcw4ASucxIokmNPDOpZRLZIUP3sBKX2GKAxVeSDXn7Bx7RwaHcD8FBHTECBBTBjDv3MEXDoTICAQwqX0p/UlZAK3YQ4k4p6wF+0UjBM+H9AE1RvTOI1jMuQlh5l1wmFTEQC2LqKgwgWMiBkdYhzHNAJFKXOAsuDfPF5ryy82wjzKt/HHrd/3wfNPvs1aeA5beTwG12tPpJEw8g0LSscWLEEQtJssCRKRmUayPIgKOx3blEhhsos4zIkgeZevekYCJFHUJlsIARqw9LiquCm/AbCVZ2UjBXCnYHh2+hEijyPKgzOOiYjLUAtm8utkYiuqy5C8AoEoys+A9kys1t3yAz62M8kR6SHizV9+NRsfxIXOoqGSQiMryYaOKR021FI/Zq30EwAzULIRwdX354uXztpnEIRXcrbz8YMXLjCOHr8ZI4y+K4WgNLZJDJBMdJfr4KiJyJKmh/H8BwYyJik+amEXFFJiZiBjBHf4hVDU1IXhVlkajpKfgEKXXuAiD4QApMCGQqKhkUwTk8tHHT3fgZojcSEkQsnOABMTErkT+EzszXRwtHpyeXt5uVJCDAyJAz84ZEDrnfIn7dEzOkIC8C559YOfZVxwC+wq9dyG4UHEViuKffOWbUE/qqgpNHWatWzRcO0pZYsxpEMk5q8QopcUQVEhVVGPKMQoihFKpnROJTipuKvIMiNh1cd8nM2DGXR/7QYmw9nDU+EnNkmK3T4J4t94vt0MfdUiZ0GqGtvb9EDf7OCRBI1WVJKYCr6Q+JQFFwSyrakmBUxCHsKgrybLadvt+UNHCS5dfbrVSwVBcoBJIG5c8aU6p+FICAUrypIENVS1rTiLloOFXNa8AYA4BQWMa1MyHsJhWD0/n+2G4vNvdbPr7zU5UHNlx694+ny4mVRscoYFJU1dZpJ1MNn28Xm4bZ2+dT48mdR9TkkyIgR1jaXrGqNlMJWtKyQ76HPv/mXqzZkmSKz3sLO4eEbnftW4tXb0DDcxgwJnBLCghzxMAACAASURBVOTQJL5IRuqFDzKT/qBMZvoDEmWUUZSMICnMDDHTWBqNXmtf7pY3MyMjwt3POXrwyAKrXqoebt2lItzP+VbN3nOo/KvrqxdXN2JAxClJjoOAiEjXd1kzMqtoFkk590lVVUUI0DENOeYUkbDrM5IrpvgsWjptc7YUJUVxjqpm4oD/hz//03/z+df/7ptr76YxwZFv/8efur/4eErMjnxOSQ23my7FvJjOps2kqurUD9OpP1pOX1z3v/zq7tev8BffDr/+brhsmbhuPJ5O7OP3lvdW/vxkCmiIstnu2Pmj5cxbunc0PZ43TeWRsY15s9+rmXc4a0LFngHunZx98PDR+elJVXkTa6pA6Ldp+rdfpV8+gbvok0mWtN2ny7t206YkiqAxxoJfZxmlPXBQ3pdpwkYzux38hYRACGOoWbFC6bsQYhstRIToSh4zAiEOQ7ra7N9ct7sudV1ExDjEvutWE3dzt/k/f/7Ff/jlUyxFGaOb3UCL+RVMgb1/c7X77uV6SIAaEaXonAkJbWxYzKJqWlUeVMG0H/LQp+nEPb63+Is/+eB4MfuHL5/98otnXDWVs/Nl/dH95c9+8ng1C5KTd7RYNPfOj5arer/tttv9Ylnfrjf/+b98+dtvL1/f9K8ud53iMAgYDlEAuXD1ZkqAeog/klz6tUuT4wHigTLpl9hUw3cArQIalCjnYi4vIiArFgsExHHEK1uXomXRs5PJtMLnL692+/zew9Vf/pPHtUMUA7B/95+/iuJ2272KeOdUihfJSo1lXdei4gOfrSYudyfLSnJ+e71NCrs+fvfda1OY1Pzy+ZujRX23G26u2/fOJ5+8f37bdv/xH59/82qzH/TXX7yoq+av/vyDeUWY8vHx7Omrm9999Xq1nL7/8Dh2Xcq5S3J91w9DRCJR8KGKMcYYm6ZmAg7c1NXN7fb6dldN59t22N7eHc/9Dz+5d366uHx9s17vjo4WT755cXI0OzlqUpabm+1iMbm7211ebgVUEIYhzabh/r2jxby+vNpud8NsEtrNthtym/Llzd7M3n98cbSaTmtC08qRQz5eTda3N1eX64uLo0kTHOJ80qDCMCQAWK1mR6vZ7dVmv+smta/rcHm1W292arbrYsB0upr4MK1czU6/efa2HaTf75lRzTWTum335VQ/WUyDd4AYPO2jbdo42sDFDJXAvHNF6TFWlToiRyZaZMWGRsTOsWRxzlnOTe2Y/TCIjQrP0QYwDv3FTVIep3ew4kjRjUHsWXVIsY2xSwQ0RZoy1KvJ4sPziwfL1ZRdyQwZJdKl96Vc5IpQSvcQHWPtvXcY0NW+SVm+efbi7fq2zzLEnGOsfahc1VTNdteTm0ynx/PFSTNpdttdypCNXQiGLqvb9dB24OtVwzRr3MQHMkWC682b51ffrdfP+n7T7zc368s4bNCEEFVRc8optfs+xjhpJm07tO2WPbb73js3xOjqervfqZlzftu2dV3FPrX9sOv213d3fepz1qxgYpol5RxzJiIF6KNUoUlZhphUbbPdLObz1XyZZXhzfWVG1aS5222986WsTDK0Q8rSD3loquBdENExld3Gqa+4/LHkEiKAjTZIFbXSropACoScUsqSiYkdS44qkYvypwxsWUSzd1z5ICJUJCkqqoYGDqjUF5JHQnCMOSfPLqfk2ZkCITCBSCIwNPPeuRL/ohq8RwRVkKwiejqfBM/7lApkappNExH6Mv+C8QF7H2IahpzVRGTh6XRasXMvbrv1fpg3oXb8ZtO92UVVc4zBl5R284zLxq9qXyGLQhJDUM80iqVNVRUIxDAb5GRoVgBT59kAchaHxFxyj7WQEgAgUoQpOGQxA+8wOJx5rAnLuI2OyfFBlA5EyDwqjQ6Q9yg0IiQ95P7TH4psbPTVjuo7Kjea8z4OCYi8cyJqYz3l6AYu/m/EMSWzIJiHcR8PYBAQoWlBqQDGUXt8vYuZdtQKccn0REAUVecYyUlZm0qxV+EQuAi9CQDJwDkHZbUouhSFkU/BAnoCIJUcCKTR5czMIvpOs0REhGSoSGNRwCHdG5k4IBSLgx1OC3o3PxTuo/h657N5VdUxp5IvBGBwMCwT8kEyTHaQiSEQMQMRGI9gPyLjWPUFB3ccO4/EzntVSGDAzOSQmbxH50oAqKtqI2YXAGg+m4e6USRygXxgHzAEcJ58cKFyVeWqqqwEoarDpJ5MJ5X3k9otpzyvGcFSkpRzSiXpA1JWMQVEQkUFFY05i6h3VHmPBikmDzYLVDFozkmk3Q9tlwSNiPdd6gdpvJ83NK8ZUXPMm00bDe7atN70KaNYZtBpICbY93HfS85StjrNUhgAoGIrVzA1hQKMF45JVSqm43mTc+5jVs0mYqpINhpqwHJKqGYEajlgmgXSPAxDNBNJyREEIk9Y7OtpSGbGyHIoGB6GyGAEnFN2hFmjik7qyhEup1VVuavb9tX1JiUjsIrtqKYpZw+23mzbdh/YVVVgh6rW9gMQHM+bRVDALEaAKJZHubRZyinmKCoHr2pxyo/s6ZDTrutS1sBeNcchjioStS72knI0XLdtirmq3DBkyaICJYsNDEStqr1nV1jHws0XvYaKlbuUTL2vJMu/+MmPf/Lh+//Lf/j8JvkA6Y/uwf/8V/N788yhin2/mAY02bWtGBydHM2mVd/u17v01Zv8y283/+nL629u3HoI6mZZWDU+WOhf/qD5y8+Wj+67oxnnYTfs2+l8ppqrOjDBxOPRqnn88AzA+n4vAMFXnnHq6PHFyeN7F0eLk+lkupovl5OjeZilGFWlHfCXv19/+ZKvOpdF1XLX9zklJBgL0VVSyqIgRSxMBfvDMv0TAB+GiZJYULKAEGmU9YwnalEIlvMUmIjAgqemcpMqMGNMqU9qSmaWhj7HiESE6hz1yX7z1Zu//d2rb15sDGlInYEWs1P5HIAopiPPqxocqyVFHd1YxKZiKiqGZOzgZLVYzGoEmEzqpuKzk9kfffogMD15cfnti9unL2/6dv/e/cWf/fHDi2V1Om9Wy+n11d3xyWIxa776/Ytdu5819W7XgcH3z1795turv/vt65s2tUMe8mi1QXZ51GgDHHoqzZSJTE1EijXiwJKMjkyDEgZTwlZL3ByCGkApQgYb46rLBaCMjAdHNYERFV8ZNIEe3VvFIfaDBrZ/8uOHq0n19XfX2zZ9++J2n0CSKEI9mYAJAqpKXYdQeQJ978HKQX54vvjw0anlOJ+Ex/ePCez9hyfTaX1zeXdxsfjJZw/B9M3N7vvnd+TsZB5++83b//APL3/5u5fe8/Gy2e07yXG1mvz2qxdfPrn88snl5V2/3kVkOD2ePP3u5Ys3m+cvrj54dPL4fFrX7vJqF4dYN6EkIzZNbQAxyRBzyjm23f37q0VFP3j/9IfvnywaB2k4O5p88vHF8dH86Gg6JHny7Ap8hWxVCH3f/5M//bT2MLT5eDW/OF/eP181FX/84cW8crPZFEN4frl/8ur2m+/frO/2V+v9t1+/Xq6mi+Wki0lSni0m65ttE9zp8cw7lJQBOAQ3nzXnp8vVfNLv+4v7x0O337X77T4dn6zmU9/3ycR++MHFbDrbbPbeg6Huk8SYPaNzbt/1de0NbOjTrPFVxZ5dcMxsb+96HaM2cOy1KKG6VKxNIyLGTGbIjMRUjjhmZoR7R7OLZV05JO9SLoNEoQLerZcAalSUP3QQIfxXv0pSFiJWLtw7OjmeTE9ns/P57HjS1N7juL4yAlmJNhylvkW2pgBAYIxWMdWMFSMapJw37TopNJN53UzAwNBvd6lPuo8Uraqnp746yVBvY3i1iZet3ezxdqBnt/nFhl721ReX+2c3W7L+3mISEGPKn//28xevftenO0l95X1KqetaST2CeARA0JSYydgb+T6m/TDsug6wRHwzMVzf3Hjn+z4mkVBNCtoZo/Ri+2EYYlJFoMCERFxmNjUb+qSgQ+xE1Ir+G2m9a9ebm5TzbDofhiGmiAAAWiIpxTSlJDkCkhpW7LLoWNusNsRUvIsH3LfkPIL3FaiaFr83mohY+ZOVNHqVxDDyqOTC6IWyog8qzhFBBPaeHTskMwGCEigFiCkmBGCC4DyCqRg7tlxMbgiEOSUgIiImT2aO0DsGVcfeE3rCGsGzt3GqITV1jAQoKkOOWVQ0A5gchtpdn+66WAU+mzaLxt/18eVdGxy+fzw1xWeboRX1nhrPIDrEjIZN5ZeNW9QEpjEDEAaHnlkMBEBKkBrCkE3G/AkwM2YiIlMoxYWFLWVPJWU/JQUmcpRFRAAMGGHKNPMlohUYkRzjmMTPxWSDjv6w8wJyGbfxkP+Do2QHmUc0hgiBS703Icec/qd/9Tc//OTx57/7FomRSidViXsb6VukP5i+xk9U0v7NDngavlMBIaCWZoHx6kMiLNGGo6W3LBCjjMiwhN44NjNJgo4QaFT/g5FzSKSabWzWLMA8HYy6ZZMZPUU0bqxckj5GUqSACf+VzJyZwQ4MEpDHd7ak8sWOwqlRQQVliQFExJgGO5xP5Bht7FMDpjE+qTyXzpsBAqkiOcfsAVkBkRj5oO1iRmZiNiNiD8AC1A/ZhUDkDMmQmBw5T1SxC+y8CwEDT2czIxZy5Gv2jpynENC50vhLIfiqolD5KlRNU9dVXVeLWVhMqtqBiqWU0yApZRHJaimLqiGU+VNFNCUpwQLeYcoGJlMPk4CeMKumbHfbbtcNyUzFuj6C2qL2p/OqQPuiNsS87/Oui7t9TEW+QrCYBDPddMMQVbMColrRHOkYR2s6SgvKs2lwKMUrXBKklNuhVxGRRIfytvKBOUcGEFDN3aOVP5769XaXknhPOUcArQhIpfasMUtOnokJjKCIv/shisq8qT0YqjRV8OyQoBzIfYxvrtYvr+5itsrhg+Pm/dPZxNGkYhJIqmjK6Loh9sOQEfoh1qHWFKPmkmFrACIiJqYgIIUQJWRELKmn5dEq2Sol90pEAFBVinGGELOklCIg7bv+Zx89+PD86PvXN5OmMc0iCcwIzPtQBc8MXdeS58pXOUbNkrNYyp7cdNIAgnM87PsPT47/9X/zT59fXX9/+fY07P/qkf+bz2areeCqmkzq+bxi1pR0iAm9qyZTU+v74f/4xZP/63dtdktDz6jO4+3l1fnU/vQD/y//+uGi7nJsN7s29QMpLBf1fDHdrDdkoCL3zo5qz6Y2xCSSGWA1nZ/Mlkez+cXp/ePVvenkeNLM6+mcacJUO1+vW7nc0uUdIvr5tAFSJkxDAhUPUgzNB70cEgIzIaFjRyY8gvw6ohFQzg0asYhx8oAxJ9kMEBySZ/beMZtjC2yeGIiyWM6AhM6zmREZooUQJKWhG0Sti9JFjWmIKccR0hjXr/EkGwcnHZWxogjFmwE5RVVlR1XAZhJErHL80aPT40X16P7Jxdly6IdNG8X0wYOT9x6ceEQ2+ZPP7n/03undunt7017f9bfr3fHxtN/3xOGjDy7IRLK2WX7+j09+9+R2O+hmN8SkImgGkjVnLZYpMyNkAxXTcliOxWJYythL1oSV492ojPblhIfCmnFhtQwB+Q9MtEm5lAB0xP+JRDKxTWpvqldvb4dBPGPwTpN+/c3rzXaYLedKbrePKUuoa+cIwBhAVBw7j/lnn53/9Y/unR81laN21wmAqr16c9tHfXO1vdvFV29uGeHhxTyJ/PLXr16+3b3/+HQ3xJ//w9Omrt9/MP/0/ePG2euX19Hw89+/+OrFetvp7W7fDTGaRbGvvnll6KILz692d7s9E8ynjfQDEn7y8cVyMU3Ztm3abLo4dFUdZrNJVfHZyWI/xC++vfztt2/+7vNvX16uZ7Pq4nihks5Oj7766uU3z2+fPb8hog/ev7fdDJ7g0YNT9m6+aAi5Xbd/8bPP3rt/7EP15dcv/+//9MU3z27u3T8JFaYYmRwDPLyY3Xtw8qsvX/zi777mqu6TdruBQR/cP26mNQfPTB6h9kGHqBLnswaNtl1eb/v11e1q6jXn3MsnH12cni1eX90i6HsPzn09GYbkUO4dz+KQSn+R8845qjwGR5olECrg1aYntCJxBzQCsILWQLkoTU0RuPg0yn2vasS073rH0AQ3a+q68t0QDanwZITApfa+yG8NCMZ/sejQ4MAiGWrJgChxj2o66p6Jx0SFwgmDltDzIuGzg0IBEQCEQB0qQo4p7vvdZnvDhNNmOpvMFapd4jbzbsABp1ctJTqi+t5WZ8/X8NVNvrLFhpaDO6mOH0k43sFidvHRJx8+/qP37v340cmCMSV5fXv5/PLrbLsoGVW9d4iqkJbz2cR7xOx8VXiuqMbOJ01McrfZpiGZuGrShIqS5CEmZs8cHNP69oaBkWjQQUGQmNmLsRR4WanUqBJ5dsxEBpZFYswxJXIMhm03dF0PaCGwc5zigMgATESOCcwYWAVySja2vI3pv2gF8vcqBbolyaIqZlr6O0rrDhCaKSKXYlAu3a/jTAFg8i6EcRSQEMQclVBNxSRLAjTHFPs+cO29t4N5qqq8SsJRwqWl7dYxq2gcIiOKSIn+ZkMVOV7OF3XFALNQHzVVUAPVJAV+KV0rKqIqlsu3AWCE2aBL+XbXxyQV4yxQ7em2k7bNF8vJ8cy/3eyvdiml3AQOjpAoi5BZ7fCo8TVjziKK5Ird3Q7yZRDEZNQnIWLHpai0AHPKPI5dYIAlK58wpVy0NSVEwgDItCKYeaq58KzoHCPRAbIuO9phaj0M6zBq9cf+LyiI87ux9jCsOucIYTGvbjbt6+uN884Myk5v79gCIi37RBlVqKwBNPLsWAgiRSTUot+Hwi3YHxItDAy4FHoQHsI2ERBVgQhTjGpKiLmwhSqIyEylkrVcU0iMCKBFgHTQCNroMIOD4RcBRI2QmFBHv984QhWl1kiJ6Ng7zIgebfQ5lH1mfNrwXbQqEDsCTpINFIHhQLxoqVtwh/UIqcjWAEqhrwP0xGQ4Wvp8qEM1ySYlxo7YmSGxd84BMjGx84ROAdkFco7YOe+zCgXPvmYXgHwUMEAXal/MAD6wr7wP7AOFin3lfKjqup5MQvDTplrMwqxiJslZU8o5lrZCMzRRE1EAZUQ0zUlyFiaqmMxs6BOjHU9C7YDAhiT7Lt1uuyGrle4VscCwqKh2yA42270oZoW7TbdrYx9FTdlhIKg8dUO62w05CRoYQhYxLfIMA1Mo9lQZ+2rNFA/Oj/G/SiHnrCpqUoa4g3FARAXVDGwZ7IcX1aLh17ftkARBJGcAnVU8D9w4ciaMGJwjRFURlaIRzSJ1cIH0/ZPJ2cJHUTEi74Y4bPfdrovbfd92w9zDR/cmpzOeTyfltZo2FREhUhZp+37Xd32GbR83+9QOsc+iAinnmEvePBbCA8dolFKCbeMjrgZEappyyiJZigpq/C0mKSeFXHk/xO5PPnkAxN88fzudNAX09t4RYRyGYdifna1C5VWzmviCNBDU3hOxqBDA1PPPfvDxX//0x6+vX7/aXJ/M8OOLSWUp1JUID/s0X0xil4Z9VzXTxXKJ7HbbOPRRDQ3ort0C6r7ba+xO6+HxSj+9cLOQDHMUaPdxu9uLysnZanE0u7pdN3W1mE3Pzlbnp0eBKgRUteVscXb64OzofD47Plrdn8/O2E3ZzZrJEbuJsnPVzKg2qGbz5fnx8ng1eXD/+Px0Oa2DR6gdj+YcxJT1nWyxqCBNEpYOQjUzRQNmHhvkyvOHUJSCo4jRgBAconccHDFZsWqkLIR8dnr08OLksw/u/dO/+NHDBye369YM0lAKR8kAxTSrpiy5vFej4hDGg6rEZpb/TBitIERY+qSZOWdDpOOj2WIx221ah/rDj89//MOHPvjL682zl+vb9fZ0Nfunf/7DH3x4ZpLzkFaTatH4uq6fPF//+stX1+sdEUBOqHh2Mj89mnb7+G//33/85e/fvt2k3ZCTWBZD8gBWisOsPJCmhFSqUkptu2gqqmvAQ/urKZVmGQAAhbGVEceQrUO7pBUqFMlAEbRcP+PwBlT7CgGCd87BZFapiGQ9PVmdnK5SUh/o7Pyk7fq7tt/10idBREY2zVrEH8w55fM5f3R/se/7qp5eb/oXLy9Pzo62+/T9i+t9gpvb/ZOXl75p+n6oHd1s26ev7+qp74d0c9flfvjv/uaTh/cWtzfbLoprmj7m27tuu91O5hUidV3ctt2+l5t1lxQi4JNn1/sET97cPX27ubrbt0M2MxTpu/3N3T6LpZgmU7ec1yAyJHl7s2sj7gd9c7t/fTd883Lzm69f7WN8cHbEKCdH82cv37Ztd7Kag2rwISv96ovvFsvl559//92TS0C4udkZgmt8Irq6vrv/YDWf101wf/NXP/jTH93/4OHiaNF4x7d32z7mfZem88YhTKqqqkPM0O5ju9mvb2+n0+r15fpvf/30t99e8bQ25s22e3CxfHhxHJybz+t92623u9p7UHj+5vbt1bpi+PTxKTu6WXd3d7vptB5SXkzq1XKiSQVgNgkvrzcpKeOI3xMhE5e6RiQGID2gfDmnog1Ws5wSIQ1i19uuT3q33YNJYO4y0HhtwztzCY0C2rE7o4wcIjYehDZmgkq5ExBETQxEQbTwnOXTwmFJgHH3Lve6mZig5SF2oskMArmmCoBum/FNdG86yH6qYTpAE3nG9Qn4uVCTwvSqh4Eqmsypmkyq6cOzk4vZ7NN7x3/5/smjCZ/VYVr5fepvdq+A9qJDkrRazNBx2951fT+bLfo4DHHo+syMwJBU+9iJDN7Z+4/eO5qvuhhvN2vVNJlMEEDE2t2eCS7Ojqsq9EPPDh1zU9WOScZsfnAczKxLA5jlnL13ohqqKmfp4+C9FxUkjjGpGaASYWiqmGQYEprWtQcAJMfsiNARU2lLVyNiZl/qceDAXhqMGCoTA4KoFSwFnVMVFSGCEHzpwyroC5iG4IgJQIs1tKivRVVNS0drcNz4qqmmJpBUykaTs4pkx+wZKybJKYukHOsqeMSp88EHNepSr5qT5qzSxxhFuyS3bR9jdATLpmYAMiukkJoyEjGZWi6FK6KmkCQrYptyJ+od3VsuHq4Wvq5ebgYFfbyaNA6vNsPNIAjg0YJjYkxJAXBWueNJALAua1LzTN45Yh6SDEkBcTDbRyGiyhEQqJqpIgAz2migAjEgBHakeniqpdCyioCVp4mnhhGBS8nloSOsJMaNcz0x/8H/AqO1t4jQ7aAAGoMbiMxQTdmHb17dvLpcV66KKUKpFQNAQNExurS4ZLEwuVBw/CLbKFj4KJmHA+Re/m5FP1Pu5TLwH2D78vEFICNAUDHVxdFRztkA1Iwdc7mGBQAQuKiMQMHoHTmIaCqASMygaoglNbXo05xzIlJ4bVe5lIRKFpMZFJ0AKAIxYQBEKDIMOHCciEVzVdap8fgBIGTRsp2CwSjjKV0IRW+NxQMAgMRIRQ7EVhYMJgITLTZkN/YyEDM5wGIVcYSE5IkdOx985ZwDgz/++GE1mdx2g/M1egfIHCrmgN6xD+RCSfuhqvIh+Kqqpk2oqrqu5k21mvomkKrEIeUhS5asaoimlkREsqk5MJMcY86SmJkBc9IkWjs8mTiPICLbfd/1tt4NQxIFJUMyPZ7V84odo4iuN/t+iH3S9bbbtb1Y4aKMALLmfR+HIeckpqagOefRYI2Kh8au8uugJB6j5EANVMAUVIoOpijirCjtTEBLS4A5iA+Pqk3Xfvd2nZKoRFUlxKmnZXCzwE1gKHQcchbJpmrm2BjZI06bauLx8Wm9nIbrfb5uB2Ped8MwRBFpqnrV4E8/Oj2ZV91+uNtsd7td1VTeubYfhqRq5pvKhfrt7XYY0hB7IiPTxntCLK6qLLlI8QoJC6ZZk5qMizpyiqnMhzhaUU1Kq6RBSjnnOMSUUnSh+sevn3318u28qdMwgGYFY4LZpOr3+3vnp95bHAbQvJpNLaehb5mpcuycnc0n/+zP/+jHH3/Ytd3vn31/198h56vLS8jgvV/NF7WvKl9vbm4F3LSZLFZzV00Aqra3+Xzl/OSTRxf//Kfvf3pavTfXP/lk+ePHy+UMo6ZtG/s+3a1bQPJVve/77bYlcrEHz94jT+oJGSP4xWTpfTOpjxezs/nibDY/a5qjerpAZgoTdo0oCYACiqBzwXs+WszOjpcnR8umrhzotPanx9MH944INUbt+hhjJDRCIwJHACpZxCSrZB67WkarYkldMBMFJSwHryIAoQIamVHpfXNVFdz5+dHPfvLxv/oXf/rf/sVnf/zxox+8f3F+PBOzy7s2xmhmhcdVRNNR/VKUvviOHz3InAuWVp5Jh1raT6rgAWA5n3z8+PwnP3y0bHzdhOPVbDmbtl16+nK93XYff3Tx8fun04CzxjuDty9vF9PmB59eIEE7SJvxbtc/erD8m7/89LPH986PFx99eIZM//bnv/lPv3q56yWqbvcDskMkMJWcx3jGQk4UTF+NCJlILZupFSjkD85fKzF8CorjwTc2FDCxmZXn9MByazn5aQSL1MA8oWcmsqYJsYubu51n55gd8/p2c7ScrGb19abf7tM+iuhBlWUGpilFAwvB14Heu7e4vGmfvNk/fb15ebVJYne77uWbWzEG5JRjFr137+j07CgPaTKpFseTetI8f3F5ejJrPKWs/+X3b37+99/fbbsk8uj+ieTkgwekLBbqyhRK0/lsMWn3Xdd33vHddhuTuOAVrE/at91//89//MH9+WoxJbCH90/qunr14k2fdH23yTKSLGqiQJeb/dO3+//vV99++/3rhxfH80kVHG13e1FYrmbffPMcQB9fHF1cLHOOy+X87ZvbZhKq2t/uuvVdf7fZvX2zfvr05ccPl3/yw/dQQGK8OJ599umD89XMcvzko4vHj8/fXt7sd0NTVZNp07V7Qnv2Zv3vf/Xy7794ebPrVeHpszf7/XB+srh3Nms8dF335s1t16WPP3rIjp4+v7zb5X8s9gAAIABJREFUdJ9+dP/xxarE38YhM8D69i6leLqaOsdmsJhNgnOXm04UUo4ZtCgLAMoLZXAo2XhXnqGmaGXUywYoojHlrhvqyv3o8dkkuE0bk1jBcfXdkV+AHxlviCLzNTukQ6iqgaiKQS5BEcXdYwAKBwnpu/4/PABFUKhmLNZiEzfCtTQIvIz09Q5eRweuyRRM/bSZ3lutLpbzZU1Tb7NAp8tmEizwWBWfBbMKZkkx5mGoK+ccPnv93cuXv5V0Byk6MpBecpLYbfe7oj/MSUmdSs4pkwNGqH2wZLWvgoc29oPEoeskgySdNA0B19OZqLKjIfZ9TES+TCNdjKqQBVKWqg5mkFIqNkXnmBHqKjh2qlkkmVgVqpKQE+MAhlVoTAHR+q5zPoTQ9H1PhlFSaZsqJlAFJYdi2UzLrBfYe2IzKMGLRJhzBjUC8N4xkYqOfkgTJnIupBRzTkBGxJ4p51g0girGhI64DlWMCQGRuM3D3X6bVVQRiE1AcnZMKMk7Ci5UPlhONcGMqXLe1fW2awGNgBEg5dTFpIC9yj51+5y6NAACu7JpqudQvK3llGYCMhTNihpTZuey4XbIKWrNfu5BQL9+e/tq3R5Pqw+OZwD26rbtkpb5jwhyTpKVEI6nPjB2SfosJloF9kTINAyxJDjsYzbT4Cg4RKKYc3l9RKXovtWUAIjZsrLjLDYkNXKFD/MEE0/TYGxIyDDaZMkOMncoJWDA4EZCoAyqyAf4v2wFUBib8tFUgrkccdZDj84fgHCgseu3mOeACInZxpUdAVFxLHWBA8JlYMjvQoEO8z4YmKIhMIMZEIIYMjKzqlZ18LW/u90glCZikCwgSjTqnRDA9DCYl03CtCjoi5a39EaVZLqi6zVGJKrrxtScDyoyGtZkbCY2UwJidlUJIVMYvQ8FtENA5OKIF8J3Zx0RswEQu+KQKRvP2N6Mzg4GDWYWMxyDY5mImbiYIMh75wIwIzIyIztgZudL6j+y4xDAOWZn6IVYmbdRjYIPHsmTcyXdn33gUHGoOHhf1b6uXVVXTV2Fqq7DYhrmjXNkIjnFLElETUyNqATCSM5E6ByQQc4KpsxYVEAIMAu4qsmBZtFdl9tedvsYs5mpZ0LNy4lvPKaU933etMOQdNcPu/3QxwwIJeMzpRRTTjGpjAEMRDDSDwiSs5VitzE0sCjUR+BfTbCYv8qqCXoglsdYAVMxUTQVy4waSDbb3bZLjCApgWnluPE8c1B7AtUhxz7lfYz7vk9Ff49YNmRTGYY4DXx/Va/b4fld2mfto8QhI6BnV1H+8Hw2rUkU0HkRmTSVAuza7nqzF8NdP6RkWdBUlrOSs0RT751nYEAQBEMkxvIsY3mYgUsFEohoylLeaCuvCmIWNbAh5aQp52gKZhLjUMwJwXG33SloU1dV5VPsmsqrpLdXN2CWUvIc+u02pljVfjqbeYvLafjRp+87tCfPXlxubv2U6ym+enMpfSaD5WL+6MFZ8M6Q27bdqyLSZte9vd62XRpiBNBmNptOQxp6RFutJrV3agrsm+lsWk0f3Dv3RA8fPjg9P2maSVVNZs10NVstp6vZfDFp5lU9R3Dz2dF0elQ1K1/PiBskD8RE5H3woUZk9q7ylRkwkaoAkHeuqipH3hHNZpOjo/nZ8XI+qzALoS2m9WzqT0/mlWcUGIaBDJo6eM/EaiqIxQUw9gAUVXBR+ZtJqaY1EULwSGXZ//DDR//6X/71n332+PxoOZ81jv2902PNade2Ly83z55ftbsODESLgRbUBAz+8LiOip9x9BhzMA2IyDMggRpNKvf+w5MHJ4s/+uTRn/3k4+W06oa469L6rn37dj2dTz3T8TL8t//sRw9OV1UxaSl+/f0bQzk6W3799ctf/eZZM6l/8MH5H3949uc/fm/iq6cv3nzz8vJ/+zd//5snt1EBPfUpEzswKNuyjfWNB3WjiZjgiPdkFf1DR1cBYKn8GUZ9DyKoHpL+tew3BsUufDAKjMPXCNUYGKgCaRW471MWDZ6ZqNvF85PFT370sAp0fdddbfqUbBzaEMaoiLGwBVUS5kSOe6Eu2e22RR8MrSALMSUEWK6W6Fy7627X+yffv21qHJI8f77d3O4+/PD0arP/3beXKYN3PF8tUk7OY4yR2N+sWzUMVZ01A2LwXkB8FeqqQqaYsypUpQkcyfkQY//R42OHZDmZ5K5LzbQ5uXdSTWojNrWq8tNFk3PyvkKTu1338qp98vr2u5dXN2368rvLr55ffvP86heff/vl108vzo7eu7d6fHF8spwyQs7pm29fPXtx8+ZyHbPt9mm93s4qevzwWBFfvLq+OF3cO11ojk2oZpNQB3d1uQawKhAB+MBt2//7X3z15YvtgwdHdQUxxpi1bePJyWI1r1nitPJRtIs2n9fTaZWyDCk1tX/58urJi7UPft74e8dTBRsyRBECKePdtOKUZb0fsuQ4pBHKGGdwlXJwjUCgyYHzerfOERWk0oakt9u+dvToeA6ouz4eLvVRSjTC9lCk5u/cwgYAAqYF3i+cFMJ4ucCIbZYSjeImQzxoiUoDwMG44ogIKRvfJv52jy/60KOb1s2sqlaT+tG8eW/hHszd+czNvc4qXDZ8VMF5w4+XzXuz8KBxJxUvPQXGuO9izn3qXrz9/usn/3i3fpuHnhBTtjS0OfaqWjVTApAUCSgnQUQVSRI9h6PlaVbohqEJvI8xaZ7PZtN66qjMGPj2el2yVlU1q/ZdjFmAoarr0ZFvppqbpi5LWB+TZAHNDJRyRgAmD+RS7kseDRATOhHJ0k3rejZd9vveDgdX+YkllTK7xTQgIblydxECOO+JuKgnCz2HzIYmqoRopsVwCYhmmHPWEsCPKAZZMpgCIiPN63pehYlzDDiIIblsmkDEhNkBshkkGZXBfcyTuvKEDlRVHPJy1lSe15vNrh+8HzMQ8YBPqyoTOebDAcIx5SHFmKUMpqJpjDFAKsH5AOCcS6IGFNXW/XDT7lXkZFKdziZ9hhe3XVS9WNWLmrPhtpc2ZjOZeN80AQCz2NGkmleu74c2WxIj00lgJlLDJELMnUjK6pgDo6GlLAQoqikrE7vS+2vGDkHNeQag/K6hRpUIG08zDzUfBOtcpCgGRUo36ndojGE4lGmYWYmzLlVJYyA/jShNkXWOVUT47j0sd1bxs5bwX3r3uo+b/zh0UwG8YFQJFS1O+ZqtKPNHkSAijpk6RFzEpGYqi9UCifq2c65SkPEOMEDGQgEcCMKyw9hB3TcqUiXL+H0UxgmBHZULTHKRU2QmKh1BpQq58A+IwEih5FsgcfluCiIIgIRkZohcEpqQaCw0cK7sAsBECEiMSEB8UCIREqohITvngZiQgGCE+dmXfaBI4QrYj8hEDonJeWSPzgGxEZPzrm56IQUMvgb2VOq9SvJPVTsfnHPsK66r0NSVr+o6NE21nFezwGQaY0oxpSg5S86iAFlVUgZTR+gIIWvKaioGJqqSpfF81PDEg+WcFNpBdl1q+yJOs1nja0dNYATpo27abrfPfcybdp+zigiPVJHFlHPOJb6hnF6FONYivBEd00OKTgz0nabnv8JsYMxSNICSUl4IRckwUocCqAjqSVEFAYNzOQ1i6p1bVG7VuJpRc5YsWazonh0zlAJnQjs0DYPkk8atZpNn6+Fql/bDMHRdjNExNQxzlnnNzoV+SCnG4JAJYxpi1slydbttd/sOiIduv5iGJoyLsahK1ixJzQCK4r8MjEYAUvKATcvgpSKApuOPSgBVSk6DZlFFE0A8PZot5k3bRckpqxWnHSGF4Oo6rJZTAxC1ug6MQGD1pDJAAc1gp4spkLVtZwR96m/Wa3Kw3WzaTXtxfnp2tFrfbId9n1ISiUD44u3dvkuv31y/eHm1W6+rBm+ur/ft9mg1b9vhybNXaqzA211P5s9OLh4+eHh6fPTwwYPTk7Pg6vVtO2nm904vVvNVcPVkMieoDP18eVzXMxdmHKbOT5SCAiGx4+BCBUiOmNmVpbmqPHNJA4Cuj3bYwEOomX276y4v77wPkjOpNEwe7MHZ0dnR9P7ZfLmYrDfbOEQCKjeWipRxFkeBGZZUeWJkhKr2jl3l/cXFyacf3f/ZTz85X82fvrz7+19/9/kXz3Zdqhu33u5+9eXz//h3X2y37X7fl+GkpLiOneRjsZuNRELJLx8BygKlmwGkpIuJ/4s/+fjTDx7ut91sPp9N6y7KF79/+vzFZdNUy8Xsg/fvLWZN433t8OR4Pm2ap69vf/XVy199+fLl25uu695c3vVt/Gc/+/DPPnvkVZPZ//P3v/9f//e/+9vfvd721va9CCjQqOVXNZUDbQuj/2pUpBpQEZwajW61cmnAyC8jmmqRTOG4IJQlBw9Jj6XgqzCh4/s8GgYBvSMAmE/rk5PVbtMyIxMgORV5eDE9O51+/fTmejf4EPb7vZqhoxExAsiggMzOT4L3DgEoRe2GtL67I+Khz6oaar+Y146pqoILvN12PjSffrD465++//L1nXEAQkW73cnQDbNZFWovBq/e3Ly9btt9EqBhyAoqqjkbeweAXTf0fQSku00LgKGq9/s+DQMidH262fbPXm++/v7t0A337x1Vge+dH/X9sO9jSjIMsQQLG/Cuy123T0Osg+9TNGIOHp1br+8Aadvu73r5+tn6V1+++PrZ62fP3yqQIT97dsXOz6Z18PzwYvXHH9/77P3zD947v17vf/EP31yt23077Nq+HZKoffm7Z6+v7u5fHE+n9frqxjEr0tNXt+vbDkyHff/w4en7j8/afd/uhus3t+89PH30+AzZ/ebLZ89f3iyXU8+03w1vLteC9PTFzWrZnK0mjy6WTeXe3O6v7vY555OjBXsahsGRXK73UhrcjIJzRRdSLlBCHgf2UXlrKlaUZGW8BETRDEBD0stt36YYHKeUVY3G9F6zd29LWTBLXEqhGA52HgI0MdFxvoNRLXrwIhb9WbEYji4AKHEBRXEtZr3wm8E92XOroSY+qd2S4biCs9qf1rj0NHUQ0BjBkTkwMvTMjFCRzBxNnJ0vmkXt0tD2cX99+/Rm86ztbsgscNV13aDlzjMdi/UQEZiJPauo8yzCDrxIavtNFJk5H4BzNM1GDp1HROv7qAhtt62bgER1qDw70dx1HQAzlV4Ok5xzzmpahcBERXEooozI9E6xlbOoZAVFBUNQEwFFZmdaumu8AUiB5AgUlIlLBLApOBeK818lARbGjwEhaYbRpweaBZDAMOcit2CiAsWyIqiZIyYE73yMSUUmwdeMwfG232eDoqCsXMVIZmQEJTqbnZPxGdKJd7Oq3ndRkjnm4L0pOCIyaIL35XMCmQkCpZyyalZ5R0+9GyQLNsFEkA1UFTKoopJD1/UxSlKwTtJdl/YJpsHfn1fL2u2GtG5T4/l4XpHmDLiNsBtycDyfBgQbuoFBV00FlreDRENV9UyeWbI4IO84xjxkY8KK2QDAyAeXpSwD5BDRlBhBFcYGK81ihavVnM00EE48zpkYMSsYoWM37sTkSqLOKKIrORWlgI2pYNEIBEQGVHSbxUAwDut4UPEUCU/pFCbSsduhLPwlPmPkEsodQXgohi/lMFhm6oNhuCwO47RnaIQAOobIASK3bZv6GHxlCAeHZJEHju7cURQ4lgmYghZ1bXH6luvHDmgE0Mi/I4KIlHmvZO2NCiQs8T6lV4Bc0TKVqLHgq9lkPuRoZt6HgjaDQvkCEFERmEkM2JXkH6eAalByWOjgnwAkIkfjckRMDqAkfnKJzh5VQMSAbFAqfj35QM4he+RAIRB7Is/Os/PAjM6jC84H8p5D8KXzK/hQ1z4E58OkqWbTajnzFaNITjFJLnlfmlWRUEQ1C4E5whIPaWoF+DMxRzgLvKiwcpBi6qJuuny76dsuqRmjTmpmtJxy0Zt1+2HXxj7mboh2qFow1ZQ0pSxJis++sOowptAWr7GWXlwoQ/wB4zcdIX8rrXRjL9FBQK1ioHYoKTY1NC11LpoGQmOAOPSiGVRrT8vgKlKTjAiSVY1TyozF2p7BRA2cZ0ewaJoHx83D49mLq83v39zt+16SpDiglcAfmFVWOW8i7b4ToF2f1rvh8rrtk/ZZx5EIDUAnUw+SYx+9C6olWhewhGTJAeM3S5Ky5JyTqqqYaB6tD6ZJMzHKWMFanBEZzYbYn53MjKztBwDLKYUQskiKcbfbS8r9MOScp/P53ebOTGLsz06PNrtNFtm2+6Pp5Ga9s6xDim3b9imCwvXb28pXNXsZZLtp86D1pLq72z178uJmOxCRCixWRyfLydn5yaRuCF2KdnvdbTb7qmpOT87n89XF/QcAfLw6v3pzE6iSpM5wMpmfH589vv/o+GjlnUdyWQE5hLpBDo4qcpWhM2Jm59gdmEJlovFZKmt3wf2IswoiZ9UhRgAjYpE8m08WyymoHB8tHNti3ty/f0xojignubnZdf0wn06IuEQhSU6OkAjKalpVLgTHqMv5rA6uj8P52eKjDx7s2+7ps6uvn7754vdPX726fv3m+sWbq99+9eznf/flP/7uWUy6b3dDEgM8EFblyi3X/RiiV+bjImMgYjRFQkI2lYmDT947vX96tNl2wA7R1PS3Xzy5Xu+8408+PP/pH3/U77Ye+f79oxDCP3z+zX/8/Luf/+LLy+vdrh+O/3+q3uzHsuNK91tDROy9z5hzZhVr4CSKakpq9eR2NxowLvzkB8M2DL/a/4X/IL/6xU8GDNiNa8AXfVvX7dZtqUWJokix5srxjHuIiLWWH2IfygaBQlUxycyTeXbEGr7v9x01V2fLJvAHF4vnjxbnZ/Pf/OH9//S//Pt/+upmn1QBhiEZMDsHhf5mqpLVRFVGXkN5psqZzZizjDj/QgMaxaJjYQVlyTr6eY2+z58ZGQ9QLJel6kUAM4HC2qMyGjEzy5LX6x2oxphFNMX49NHpo0dHX37z7nadTHW12XgfmBnQEJGJdTwqJBDOpgFUb+43u33b1BNfuZwTMs3nTQhU195E05A2u0GNL4/9f/Vv/sRM//EXf6AQ3rxfv7/d3z7sTUEJ71a7h9UOgAt/OasYAjFLVi3X0mjbgBhzjImZ6+BTjJNpkwTafds0TTLc7vKTR6effXj60dMj7+Drb96tN12MOQ0JDPd9r0B9ksohO26a2jNPZxMReFitVa1rh2YyzWJqttnsbzfDr3//+tffvH3x5v6r378WtHlT/fDjq7/52YdffHxxVNfzabWYNffb7jffvPvuze22HYhotqiv79v/8x9/++52v9rsXry6RmRCW0zDclF7pInHL3706Onj0xS72axBtY+eX16dLU2UnI8pLybV+dl80jh03Eyb7aY7O559+Phc+o4R36922z5vNnvHdjSfqFhKCYneXG+Y0DGBaQjeDEWFkBlZTQ3skAA3jutEDyodMwQ2FQRjgLLiyCL4fQrQyO0ey5EDwEdH485IhYDRF4g0yrrL5TAWGHBoCgqC0opyucjKi41SFPeZ1gM7Dieel07m3hZelwEnpAHMI5IdMp/MUJEARYwMHHPlmM1U0m67ur5+eX337WrzdtduN+uNZzbTbth3w0BmapSTtl3nyBFayqn42lXMO4cgCoOqNlX18cXF89PHi8m0qcO7m1tk8J4NzQdPAHVVI+BiOgmO2v3OuyBZJQlYDs5OlicpSUpRJKHi+NXl7BwNQ++QEOF4eSyiaUiaLcbBM7ELSaXtOnZMSFlSUUCIphJapFoikx0hmwKYmuYsqQhxR3Zr4RublCffEZZwojLsVxBmBlXnHZqViF8ARHbeh3Xf7lNUUCIuTRoZaRYwyypJjMipCiKR55RFgQjtqKlRte+jSEE4K7NDAM2pcq6UE46xwGoHVTGNOReRPBGjIRGYCDNV7BExaTIVzyNehz0nyWoWXPDsh6x3+26QeNr4Ty+PHdNmn+rKn8yq8+Wk8W5Idr/t2pQcYfCkhgCwmFRH0yqrdVmzmWNo6gAEoDZrPIPFQQoUraAXgidFTFENDREcErnRrxyCA4RuEFVAJgUlMAJsHE0dBQYFGsWvJWLZDL6XnowT/u+JQDj6WmH8Df7RTinj8vZQ/SOU8K9xYwMAzMWJn71zJVSnfBIwHVODDyPeYsVh52zsGFCLjmgk8Y5tPBaBHxAaEXsdM0GsFNzjwwyGJZS66PtNx44FRuBvGQsWOvUYGVy+eBsXD+O64HCwl+obxgU3MrmqfBghARAypBwB1LlKpbyYwgAfeeFoSOzpj2okAiRiV6IZyqchxuDqorFFZmRmZgME5jEVvWipnC8/a2JXtEDoHDuP7CkEJIeuQufYB3SeXGBf+api58lXHCrg4KsQ6iaEEEI1m4bFvJrUjgxySjlm05xL9rcaIKVyZIASQ0l1NLMUxQAYYRLwZOKXE/aMKWuXdN/rrk9DVAB1VB6qNHRDEhXVzWa/2fV9zDKe1IYAKpKz5JTNxNTMTHIuWW2IYFZIODL+XEutbwoGqIpmpmI0Eh1UVEFLkAiImQnY90lDVjT0FStZlBxNBa1cTgAGAfW4dtPgck6IVnmnCn0UBDQRhVyIh8G74J1maViOG77b9y82w8Ou9eTrKlSePdmjRX0694tp7ULV9vF+07+72a52se1S10dVFUmTiatqV7I8tm0Hpk3lU86IpH9craKBldtRVbMmABPT8h0xtbL5AoBceJEiWXKZsA4plm6YyFa7br9vDbRumpy1mIG8o6py80m927X9MKiOBG5VCc4RGhFWhISubqrN6qFpqsViuphOWcE59/js7PRoeXZ28vT5464b1uvN2dni6vGjrm2HmJ89e368mNzfrQNPODSS5erR4+OTo+ViTq46P70Kvrq/W92+f59TjrEHw5Pjk8vzDybVJMWhG9K+61M2pAr9FKh2bhpCY8jAjtiXg4DLw0FUpPpmUKbTKUZVU0MGzipZcoHPBO9qz8dHs2njl4v66up0s9k9POxu73cv39zt9l2M2XmeVH7ShBiHYcg+ICMwjnWCd1xXvnyfRXSz7XM2RHh42H/73fXd/Xa7bW9vHlLZIaqu1/vttlOzmGLMuRwXdkixkyKMsZFPgIiHChu4HLlEpjKt+MPHJ0+uTnOG25vV9Gh2frbMSV69u/vm2zfnZ8tPnl0+uTyOQ//uesfBI/N//OU3//v/9S8Pu67ro5mwpr/+2cefPb8Ydm0I7vph/+9+8Ye//w8v7jYqmnPKBojkzFBNQKSIH3LKJQ2xKP5VM0DhUIGKIEJZjRRrrx2Wzgf+QpH5EIIVIJCWxqa0B/a9+AeQzA7xCmBGgFxS6xGzpJxyXQUkOj6qH53N+65/c7vbdjIMOeXsnEMgUUVDU5OcEYGJgqfKw/Fy6rwHwF3XhspVjUegIkqSJH3bI7H3vu/a03n4T754Jjn94fUaqtrXfrXuyLlQV/u2VWPNknPJK4Ccc85ZRGh0xakDc0jBu6oKzOx9YKa22/uqKtta9jzEKKLOeVF79fZ+t+9yysez+tHFlAH6ITfThivf9V2OyUAPygu33XZ395t+SFk0K/ZDurtb5RSnja88Fx/LEIesKSe5vducHTU/+eSqJn+/aqtm+uzJsWPadT14XzX1q3e3bZff3+9+9dXr93erCPz6fv/vf/HNb7+9brvh+bOLxcw/eXwsQ/ruty8/+/jxsw9OGZAMGHDWTD5+fvnk0enxLFhOy8VkSGk2q7zjxaRut/vlYjKZVJs+3++7ru+GbmicbyYuxTybVO2QekEzabt+Pq1EZSj0HQA1KXHmpV0su6LyTIz9ZWkNy31aEsQESp2hVmLCys2P4/CnHPoGo8JsHAyBGWpZCKth8Y0UtdlhjW+mADRW/2ZSqhODgmcxA8dUo1aQA2njrHbmQYNDMjVVQkPU0o6WRsIVQ6MkVIkprlcPq/X1/fpVn2/v7q9VzHGIQ5w01WIxjUm5yD4dI3GWoZS4OYnzJKop92YZEaq6dgLPzy5OqvnJbHa3fni/WW/2O3asYA/r9WTSWJa+613SD88fH80XQxxiSUdSySnPm7kRSE5pyAyccw7sfXAxD54dGg1DF9PA5FSzqjrnssko4ANIOdvBpumdM4AUEyJVPogokTmGGCMxA6CpIY2xDGpiAFmUCL335Yda/j99HBidGYgKAFjOwXsqLlXQEkWJSEU5Y2aOqGJGw5yjISpAn8WQwSCmVPJomXnfDymlReUmlS8jQBHLauwJkSTnLKIgBOaZC0peDZC5oD6QANWIyLFDA0eEDh0ZGATmmqlxKCLEgGoEngAVVSA/tP19m8zw8mgyDdzvhhS1cXwyqaaeAGTdpVWXFKypvKj0Q649T52ZWZesi9kxeqYchRGOJ35SuW5IqsbB90MygOAdlJ5Jtbw5mRGJcxRPSIiikLIBcamzEcE7nAfXeMpiBiTf01rHiTcSEZSam7E8QIXSZla6gxG1NDbb4xIXuTQBdOjxRlIvjhtjgqauCVlSwpEBClhQLaol6J2ZTL5nSxc+LCKP9loou4FxSg9YqBJEBlrkqTZukUc50vibsR/AUnkXPpgV8uzYMozyIgMrBCFAwO8TxMrsn0BHGXBZkgATuNEzTWXFUE6Youwvt3gBNpaJFiEyIgmqYTG6sikicXktJYiBXZhUcy32Z2IiZ4aInojJeyNGdsQe0UHZ9jmHTH8c/xchEDv2nl1gdkiBfeVcYO+pCsSOvPehqiYT76pQhdm0Wk5C5dCyxJglJzBIknMaB/NZRMWYoHLosGRmQdEjerZlDcsKKgcp5dVu2PT5YTvsuxRjNlXH4Bjy0MekIsbk+iH1SUvAe6Gbq0pO2cRUxh0uYDFjlamPle2MqozaHjAss6JyqIuY2EiSK0JltXLGgwGCwAjsKih9MbPaZY8xSzIdkbTM4Ag92jzQvCIEYHIIFMfpuBCiIWrOSMTEhcTjCU8WdZvk1XqIYgBQ+VAHH9BO52E4COicAAAgAElEQVRRIQCmDPfbtNruzaCqfGA4PZ40AaY1T6d1Emv7fr/vc8opCWh2DFKgniMXy9CMyhvMTEERrNAbSn+gWBioJqYqmkQQQKToskbzRl2Fdhi6YRBR9lVVuw+vjof9Pvbdh88vQRKCzWeTybRuqgrRKufb3f5oOT07O3p0dcGqT54+rutQVWG12uaUmso/Pj8/OTv79KPngen2bvtwv9lu99PFZLda7XddHUI9rXLKm/tNEj05Pe0Gefvq9QePH88mEzBTgW7X9ru9aWaUxXJKzl2cXy4Xy5xENO/b/Wa/7/vkXKAwVQt1mHjngbhskMt+vliWzAzIASIglZiaUjswMoApGBF5x0zEYMERmqpKjGm93t3dbba7nonqEETEMU2nlXd0vJyeLutpxbM6lFK473NB9RrA0MdhyGJgSsTkqoCEfReziPeu64chCzmXRbOIGRRqVmHKlZ5Ox53yYVJ+cMKW887UnCcmF3MmtA8ul0eTUHlG4q6PJ+fLjz961Lb7pJZzns+ap1fHdXDv7zffvLr93bdvbx92797d77pIhFlks9598aMP/rM//+zPvvhQVf/161dfv17/46/evb0fYoas0awM4hAUVMSsPIpYwN5l/40AYyYSO0BQUURyyKB2YPSP1LZSeJXKjYAOqtLxvC27BTQAtfL9LHiucbEOVmY2WUQ0Hx81k9oxUR2cKpydzR27h13uk3rvUk65ZIsaGmjO2SyrGSMSM6qY2nq13e662XJG5BDVFPb7/tGjy9NlfXo0vTxdnC3rn3z26NnlbFL5u033iy9fb3tD5x/W+7u7dYFFlLRBYvbOH/RYBV0E3ofKB9Nchs9ZMjs205hikbEaFQ6exSG6pgqhyllyzLt2WHXpxZs7VPnrnzy/PJ599+Z23w9oVtf+9HjR97HddYCQs378/PLj56f399uj2fRHH539pz99erUMHz+5qCtvBH3KXTsw49nZUkXXmz0ALCah9nh0cpQz9Pvu9Yt361232vbfvbp7d7P/1ZffJeH79RZAZ7Om7/uXr69fvVvtejHC/S4ujybesUT5/IdPL06PsthmtVWDuvKzWY2qorLa7P71y1ffvbi7OF8gwqQJDmAyqx3T6/d3b293y0UznzX7TUto3nkiXUybm1VLjlKWquIPL49X+0EKtbPocMwO+NsiLy5zGwWzcgqOTTKWSOBxiQY6PklSCv2yPyM2Q7XD2MdUcfSxjwhlGE/RUQlU+gIo+gE9XEZjZWBF+aZimsEEVcjAMzgU1AySUaXy7BgVZGxHtEwjRHJ2BKZZNMc03N5fr3fvVuuXzhkxiIIIqCiYLBfTk6NjkphTwvJoIDE5JmelIEVQy6JihpNqwoS71Waful2/fXN3s0+Dd67dD6pwdHwiKXf77nix+PjxU6e03m92sd+3O5EUfLWcHw9Dur5938f26eXVUV2ZpChJRJu6ns/m02Y6xH2Mw2wydYEJKUkkJBHLIqqplEjMlWpWSYAWvEcDYibDrhvmk/psNrtdrb3jwAVVgmZaMoBBjQGyqAMmM5XsSz4LGCNioV0iKwA7b6aERYEOLngmNhXJ1nU9k1bOEaEoZgNBijmBAgKrqJqW8mBQRCRPMGGbekaiNqXiFnAuRMlqwkzTegaWCcC7UMihaEToykqZuVj/c3E7O6Ca+GoxvZjWNRgCBV85CqaiFnMSA8yqu0FvN3szmU8qBswpM3PwrvZ41ITauzZZH1NdeXLYR2Oi05lzCH3WNql36B13Q2aEs5lv/OimReeGQRVKrE15lZYVkMiVablhCFywzElMFBCRSxqA6MzjccWAIEBWYsVwjGXBg9O5aLQO1Tcert2DPrSoFLAkkhX551h04wjjOoiDAAwp5aSSAZAPyCBgMjFiMqIQiB0qcLHGlc0LUmnGTbPiOIFHACtC+D9+TqLD5QOI6NgRuZI4qVD0IGVSXyq+gudR7wIxSs6IyJ4RyuAU4bDFPixDsCAmnPMExkRZlYlDkSjRIT2o8OfHBqQY3xzDSMMqbgcLofr8+Rf3m7siSsZxwwSI410pZgJCo8iHirURiQF5/JV9kf2w98SMHNB5ooDsyQVixy5wCMgOx6xfj8GT9+Q9h6qaTJpmUmg/R4tm1jgCkyw5lgxP64eYB0EmEctZQLVyVjtgVIlSkqsZYeLhfOrmFavKvs/rXb9p87ZNfcxZBECDQ+9YciJ0oiaq3RDjICKJkMCguHyKYr2U76XcVynRcGOJa2YgUs7g0elaHuniq/g+CKB8l03RAIs6SEs6ndK4X1IAqFGOa4h56GMyASZAMDUl0OPaLZsACCJJFVQhJjEzIvCOC92/2GKSJlANbAJ232k7pL4fcsrBO2cxUD6e1Qiw2XVx0H6Ii5rOT5vTZVV7y3EfvNu1w83DTpEdsYiaaAi0aCpX6ljTkhNRGjBRSypDHrJmNUUoFOTSgauYACE7FstWhIPe+SqIiBkEosViyoShIiNUtanX//LvvjidNRXhbNa07dYxV8S1p9Oj2eZhrUmZCMFyVs3w8sVrMtWY290w9Hk2nR4dLT3wi2/fN75WpRdvblPOJ+en3TAMMZ9eXgy5Qwc8Bo/b+7c319e3Q+xPj866GHfbbdf2JrrerHyovK8AqmYydxzQQEz33T7mgQBDmFbNjKmpqsnoT0JKMpT7mhDL3hZBs6iIAWDOqTzqqirlwEMDtOAcmIGKpJxVb+/X+767f1gTwbNnVx88PguMwTvJsW+Hh4etY3JMIrLdD9cP+34QNSNmURWRg62IsghYsctrjgnUis6MGbkIB0eOMqmOhkL4fjiuUr5UJEZEJGMiJGBCYjA179y05ieXy+dPr+5uV0PK09mkmYascnt3/6tffvf0g/PPnl2eHi3u19t/+erFL//12yGnmNQ5+vyHTz//5OLq0en717dPHp38D//t380m9T/881f/9v/55nev1rse2k6jSExJAUt2jJmaZhhFaWUGMVIPwEBEzMyxMyw6YR1f2AH3poU8BQfFZzmZ1Q6SLByV1genr2MG4pwiM3nPZWyLCjkLO0dodc1PHp02odq1wzCku/vtEHVIqmKh5pRzP+QwqZzjFHNd1+ScGoqaZKkcLOdNU9fsXV25ybSu6oqJ6rph0x99evXXP3lyVPtZ5SD1nzy73GyHL7+9XfXKIdzdb+5X7XbbpZzVIKZcMpnLwMvMck5migCMzIRmwoxwgFmklFU1DwlAvfeINvRRs4jk2bQZhlizqgymmR0NQ77fxW9f3//+5c22TSlljcNHH5wcLZrtpjs6XSLS6vbhhx+e/fSzR7/79u12116dzs6Pp7uuN3Jv39/e329zNjCbzWaisLrfPnl8Mpk1Dw+bx1enHzw+TTntdztE/OTTp0OUbR9nyzmYNpNw+eisZHbutm1Thy9+/MlHH149rHa//e0fQOxoubh8dPLo8uTNq/dv39yenZ+cni5Tzrtd9+7tLTq3bqWNebKoYxdTO3zw9NwHfrhdnZ8f3662t3fb2aJZTGtR8Y4AcbGcaxqYcdsldNTv+9Oprzy3gxFCStk7DwhqRoBQ3CAlcxsPxkKT0dU7ds6qMCZOFw0EQrniy8eg6qEbRSME5xyg6cHbOOrU7JBIgHjYy5V+guzwwJZPXHxWIiZqkqGPcfXwcn3/nUgi7ySVD8nBMbMvvEBDRAJ2MAx7yRExpTREbR0Pu/29SQ51rQYC5hAYDNSqZtp4DMFntbaPIokRNGdTiXHwzM4xAo2FT/Drvv3u5nafIzhCUknZu9DtuqFrZ7PaMyCYMbzfPHz37k1Vh5TzEFPM2vcDeRpyHGIaYq4r99nTD59fXDSM3a5LcVC1IfZkOK0nxEqMgUvAMzvGEYaIzIyVc4WYJiIOEcwQzZEbuv5iPr+aL+/XGxcCm6lmMiMAAg3eWc6+CMnVuCDtiC1L4VUyEVIJ+hVEyzkxkGQ5cEWZmB2zqQKhajLkKEq+0lwOZlQgLVsA79Ugq+37RAbzyk2aposxGTh2wQcDGVIuS2UtAcDkaAS0U87ZMSZRABDQtuuIuHIVI1aETvVkUp8tJhVRjONw2kAASGTEOPRZ73b9uo/EGJxzjocYJRkRzWo3CSzZupjrKjDjw7YfhjSt/KLxQ5IuqqkAYZu0QjiZ+olnUHNERjhENdWyYil27ZTFMTvCshYoEEsgEsUhmZhxUaGoNp4XgTyhImUoxqlRd0+FolOcumX+OP5h1Foc/l2Z89Oov4ODvg7GZxF5vErAgJDACIv5GAobCMGAkL2D//G//y+aqvn11y+c83BgAZWROwGqwqimGe9eKhWdmaooO/5+4E9IooaIUizphc8JBIUZP24DiNE5YiBUFSIe5wwKyKVNhXEGjYhgZuCcF1Xyvq6bIjkOWMI4AQBJ4RAjCgwAJX+4xAwDMZNDAmI2sC71MQ6OnRUpGkJh+GDJfkIkcuA8ISE7IkbnALg8a0XqA+jROXLOyAE5x56cKz5gIk/ekfdAnkPFzpEPHAI7zyHUk0moGu/9ZOLns6r2CCY5phJxkU1jzCbqHGdRE3WElbOaAVRTlJRUDBh1WeHRhBm1i7Jp46bN+176mPuYDcAhIAgCpJRiVBHthpiSGJhILlOeJElSVtUi9CxrxaIxKJ2AFnmmFp6lGJY5DYGJiqKamoyothJUa0rFNlaslFDMHDpaukZjpc6qDBD7bKLgqLR8wgxzz8vKlZFsWYHFKGKKaExAWMZ7kkWcg4ppXnGo3O1+aHsR0UI0awimbPOaPfOQsxlNJ5XE9mheObYkmpTvd10vKBiSyGw6fVhvUornp0cnR1PNfUkn0JQRUESKbD1JFhUm9OSLUyqrJM02zgEKGx7EVFWQnAiA6ZBSHyOCbjerzW63OF7EFKvgptPJP/7zr96uWnPu5Zs7A4rJun2/37U//uGHoabppM4pi2K7ad+/v2t8OD06vn570+57Izw/Ozk7OcltFqM/+9kPZYj7tvOeb28e+q5fHs9ni+lXv/369YvrzWoPIMHXta8vr67+4k///PHVB44xpdR3O2Y9vzyvp3PvfBXq47NzX1Wr7cOQIxIAYhJ0YeH8rIgAneeiDYhDYsflLh6leogIlHNhSxhicVFnM8ua4dD/EUJVVVmyGPRDLzktlouz86P5pK6rcHuzmk6n08aJaox538bb1f7dzW6973LOoFLEBlmEmdkxk6UYy9KQmEo7qgYiVqTvRddSlP3FklH+2swAsDC2i7jSFQSzqfPEiCDJ1ABkOXUfXBwh6Gbbvr9ZAeFmt72/33738ub+dnM8a/7siw9F7Of//Ju7h7WBSU7L42nX9pcXZx9/dH5xOrs6P3p8evzR44tB5H/+3/7p57982UcD4rbP2YQdlzlKgWMBmilqWbypAIzEPTeCF4CQDUCygBnjmFqAiClnK+hpZiguKzAcaccGJkYHh+YobAM0BXRI+tmH523fxSRVVRGjAYTKMQGigtl6s7192MYEKasi5ZjOTicfPj396Z88rzxKGo6PZkRkapXDJ5fLHzw//eyD5ZOz6kefPH35+lqQqtpVwXdd75yLQzaxL370bMLyo4+vau+vrk5U7ZsXN//067e3m8HM+n7Ybvt9OwTvxExErRjiEHIeQyULgpDZGViMg+TBEYuCgRFzzmKS2XEZUkguumdlR6kbTNIPnp2dLZuu6/ukQ4wh1EOm1bZXlfms/tPPn/75nzzxiOv1pp5UZHpxPOHUbXft9d0uRXj55vo//u7tV9/dvLtedX3e7oeU8sX58d/+1WcgwyS4n/70oyrQw3YQgPVm9/Ll+7vr+6oKEqOqvr3e/PLXL7/6+sW+7Te7YbVJiNxMJ8huPm9u3t/EQRbz6oefXmkSz+wcrjd77/loMYl92qz3LnDbDa/ebb788iU78bV7+eLaVC8vj2IX97v+4mIpOfkQ3l8/vH57u2/b46N5t+uqKhDS2cn8+n7V9hIqPj+eH0+r9w9bLfh+LOHW46q96C1HsMOI7yguCxsLeDxsmko1/0cR0P9vT1ycAAd/GJqKqkJR6YwtOmXRw39vIxnQDi5kADETBRkBciBqUUzIK+P1zYt37353+/C6Hbq6qYNjMCP0xePS923brbth1/W7fbdaPdyKDW23Ee2Gft+nHGNWsMmk9p4nTRP7Ybvf9+0emMFTqEOKyRMj6KRp2q7EWVrOut3th5REbBiiGAwxDl2XUk45gVEVKmJqghvSsNrubh/WbUyGOPSdmuUkfR9RoOu7KNm7Sg1jpq+++8PtZrWYzh6fn1XMKrnrW0L2zm+3awObTBvHqKJF5JMkmWpMKTgPZSCvwOxEwbuS1Yvv7x9OFovlbHq7XiMCEZtBihHMKu89ARGyoQvOO9f3nSMOZVtLxEhDikMackreVY68mZmhqCFhyimJMLMCAKF3jEgpWxY1RVdiNE0ds+SECMxsKs4FUYgZ7jdbcIzEQ+xTikTogjfDmA2J8hhQbSbmCZkdmDhyIokMvfMMVBHOGn95ctx3KVR+2tR18E3th743zVXlQwhILqacRMAsqe2TrLq861OKaTZtiDGmnMWmdTVtnCMc+uSdqyu3bYftII7JExpxFkPCpJrUpsEvGj8JDlUdo3MkJS+IoI+iZo6dquIYqgViwsVmSpbNUiqwIzQEEfNMR4EaRkGGMuIEFIPiMi2pVqOx63uhf5Go2B9jxIjGCTg5Hk93hENHXlb0pXYHQhA4uHQUCu85OC+mX7+9/fbdTZYSIgNcmCuMenDS2qjMQUQomTtl1cDI5RY4hCQRAo1cDRjNtKOH7WBWtjEnXlVkdKCq4kGeX+4+KHABotGlCyaq//V/89+lIV2/e8NEVQmyASteXoTDP3CwvwGW1XdR+ZsaELtuGJg9ky9g/2IpQ6KSDIBEwI7YARA7RnSHqT8DEbkAxOgK/Mej44PUx+GBBEouIDuuKvIe2XNVuapyoakmTVXVVR2m02o+CY5EYrKcwUxUYpZyQToiUQGVJvCipsA4xJyyZEURrRmOaprWLmV52A6bTra9rPfdEEW0AOyZS5E35JR1GOIQk6oUPx+UcX8WyVlHJaaoHHJgRAqlZ4Qyq6Ed/FiAZYKrqt8zHVRVTcZZY7kkwMCUYBRwYnHxj5eITVxqOO/aNokxWvCcJaMpgZxPQs085Jxj1hHwY2ZWUEIiKuVtaDIJviIbhmHVp160CqGugkObODhpaFnRZOKZicmx92DQ9UMb07v77uX19v1DC1SlrG3XOUeTaYNo7BwTThgZqQo+5+yYy2rNeV+UFFTioImzaVIpVKOiyyzv8iQppcgUkmmUXtGAXRr6s9Ppo4vjGGPX7aZNkJSJ3GqzR2RV2e2GLLrbbZm9r/x2065Wu5Sz9+5oOZecYtv95EefzKehqf1HHz+fT6rNZtVudrPp5OzyLO273Wr7g88/PVpMT09PPnz+Qez6ftsH5+ezycfPn58cnZ6cXD179vFieXS8XDw83H/97Td9txeD+Wy6Xneep5OqQcZhiLvdbrNe393dqSJCUGi8nxmEYkxAhGyasyJhitnUHLGNDB2DgzwdS1ScGIBlyWoikssQukztkyQzCME7BO9900z6Nm23PYAD0/vV9tuXN6/fre7X+77rU8pEGIekIKqQRcDAOwa1nAURENQ5KryInCVlsVHxMioQRVSzIjkcW9KR8cnkxkUsls1AXsyqk1kIjoiscnZ1sVw0YbfvUtbtrnWeTo4X+/WWiCd1/bMff/zjz57v2uF//fv/8N3L6yxyvJxlVWY2ITZ9cnXmmd++37y53f79P3z58y9f3m/6giVIogojZAChJPmajaKkUmEpITIjqjlCANRxkE8iUrDoAEbIRCQFh1V4bwUMaohgDHpY/R7aNDMwYyDHGJxPphdH9bNHx3fbtmuj905zQoSm8pV3MQ6StY/Jee6H4dHF6aOr5WcfXTw6P9pt9rc3q2ZS+eCbyqeh//zDq599/ujxcfj48fKDsyNR++bN/S5RjNEzx37o2v709MgTWhzO5vXEc+Xc61c3+7Y3drfbtGkjgG7Xq4uzEyQrq1zHLqXM43vHHEJRL4wj6WIvI3OEo3odMadIxFlEpYweylBZCMBSBgCRvN3tuj4peCKOSUVFUiSm2axh4pcv37+/Wb94df3p8yuPQKn7z//2i82u/3c//60kIDMwZMPGU0C1nAE0ptR1/ccfHP/tn3/S1F5SXN/txPBh3f7yy1e/+urNzWovBsR0cXbSD/HVmzsRvTg/efLkclG7v/rzT6/OFpNJ/XC/vXvYu8B/81ef//jTS2dwcX682ra/e3F9ery4Ol3EYRC15cmiqvzddr/ZdU+eHDeTmsCePT4FkSTqvOu64eb6gR3crfbbzRCCO784Dp48+7ZPs0kghNtVKyKTiqcBCWzXiZqq5qIqGB/qkhQEoxgHTKmMzMSKoBwQCk/y4E8s72c9yNFGw16pQZKaZCteESQqs39RNTEomi74o+gHAWVEEI23jUoRkeqoMAUwMxeaxemTZn6+3u3f3b6+ubtWs9lk1rZ91+0f1vcPm5ub21d3q/dt3Ma43bf3fbvZ7dfr1UNd+6aZBOdNdLvdNVV9fnLU7nYxG0ru+iHnrJId8sxXKkKu5CgjoVMFJkw5mepsVqtGKncmgvf1kHLBaO7225gzsifnkkASJbDdfnu0PAm+artOFYYhe6oIYLfbV02jgO9vHzZtp1Duabu8PB/6WFU+YEixD8gSzcSQsWDLnUMA6PpeRdW4qho1GeIgkhFRiW+3KyKMkotOtWDNwTSn3NTBRLOo5Kym3lUIppo9keRMjN57JvbsNAuqmUDdNDHFLInQGaIVZaVBcK7yBxk7aMl7ZmZ2NEY5WnnbYBV8MYDsuzaJOBfI+ZRTH/sQakPIMZqAiBERI/SxR+KSURic9+TYdFZX0zpojoumQSMkfnu9ErPaIUmsCcGoDoERRFVSKmtSUROFpLbp4+1mB2ih8gjQD8l7qgLXnlG1WI2T4rqPUcw5TFkQqQpOzNIgFWPwRAaeKTgAUARwjpgoZ0sldw2AXSnRSbKKlfAEULCUNAmagRGYqnM0dzT3WMBTwETMo2wFoHhVsTB7qJhXoQBqxtEIEh7oiGVnDIXkBTb2DAWcqDrq62CMLy4zWiYWzYD8sOnb/VBWCYjjwhUMUK2oU4vcvhTkRdWjJcUPSEWyanl0QXG0EAAS0gHPgECHs6DY3TynFMsNhYxIo/WIRngdjMnMAIiYJXv23vvf/ObXdzevQwjsXQ1j+EhJ78KikB9lT4ijxZgZxvhkQiZV88ETsQ9+vBzZlVnEAfTpkR0W9j+WzC+H7BAY2bEL6BiQ0XnyDtmzC449OU/sKAR2Hp1zoSIXyAUfKt9UITRVU4cQmqpaTMKkZlDJWdDMVIcYh5hEzI0pzeBQFxXOA4PkddtlRVHMOU8DzWtC0G2XNm3ss+2H3PZDKl4SUAQlxBjzMGQ1zCIiqXCVy9yl0BEkSy5RvgBF//P9rKeIeYrGtqiArMwURw2mYCHcmJXz28wIqEhB0QRhLNPHgsYUVMuKkSGfzcDyIGZE6J0zyUMewHDuecJgYNkUkMvlnq1QC8oiEgyMCAPDxCMRb1Le9TEOkQkdQDCZeatAmUBBo9hq0+52fdcPvq4FcMiw72NWc477YZgfzbz36/U2ZTPkCcHE6b4f1KAoTNRUVRQsy0iLzCpDHro0JEkpZxwHraV3IinkVrV5w//mL5++enezi9gEbDzGYQDm2WLCbPt9K2azSaUmknNoqv1u55xbLiYfPHl0/7Dabbvbu3VOOp9Pzs9PLs9PH27vb+9XfRfjkOqmSTE3TfP+7fs+59j2anZ8vJwvjnLM7X5vCibmORwdHf3spz85OTn3rkl9VEnffPv1N7//5s2bd1UIi+MTpsDgJvMZoO27fd/t2u0qpygZmmbJbsJ+guhUxx9kFBlSTCowAj6U2X1vpUUAIysPao7ZzA6lKhW0M5qJSsoyxMSMVeC68nWoDJC8A7WUhtVm/5tv39ys9pIEyEr+b0qJmeraq5qIVcFVnk1zXXvHzIAiOcYBdBw50hiqUkzblrOw5zElEMxUHAARIxpg9sFV3s1q9/zx8ocfXixn9f1qa6qzSXVyNB9ierjf+MCz+bT2vJhWTQgny/mnH1393d980Q3pX3773f26dSGkJE+enD97enm2bP70i+eXJ8fX16vf/OHm//iHL9/et33UnCXlhEzIrKOcQr/X/YCVGqg8SMAITDQ6JccdKJiMWYREbIc5qR0CYADKlk1pDEJXIDwUVaOaDREYy8KKjAk0L+bN9cOu61NTe0TMKcUhDkOsq6AGKaXZYorsVuuuqfDqdHF9fUs+KPJ6sz8+O/n2D283mzZnkqG7OJvtuuHV9e4PN/t//u319bqbTpu+62LMPri6nmzXK8354mTy6Gz29Mn5w3r35e/fffP67g9v7l+9vpnP65RS7tOkCZMmVFVod12MkZEMTERUCzMEc/mD5DHzHkEBmIJ3LiUlROccEzrvEBjBnGMuAGk1csBEKep+EDDo+75IcgvhEQgIab+LD+v9dj/4qnl3vXr15uE33759+ea28hWaIsMQO0SFkoGpSowhBCB+f7edzZpJHfq2r2r3gx88bWN8/e7u9fvbJLJq06+/fvfL37x8f33fDX3Ow+efPv7bP/voRx+ePTpdNAQ/++LJxMPdukdij/Evfvx8Pm2W86nz/t/+/Kuf/8s3de0fnSw0p9WqXa13JydLDqEb5N279bPHp1fnMzNwPiwWs+2ufffmjhwfHU+d98fHR3Xlry6WMQ63t+sq8GLWXN8+rFd7EVnOJ88eneWUN/tERAplRi/lgh9VZkAFAz8a4w/8vlLHi4wxHWWGB4Cqo8zuj4uCImsoVhazYikzAwQeHVQgAKgH6X/ZRyNzUfIbQNG3iUJZBdo4fFRTQK6r6RYd8SQAACAASURBVMX0+HHK8O72drVbvXr76vr+5rvXL/s03G8e1uvbzX7d9puqQjSRHIt90jtGQOf9ZDpjgDi0JtJnKHzvPMTpZKICk7qKeVhvN8GHOAxDjJZTFhVQ9q7MxAs8QESjmBjGFFMa6qYS1TYOotp1PRNPJ9N5MxvalgmX8/m+3R0fL+vGt7stOfYAhBYq751fbzYxiyjer+4nkxrV6uCvjk7+4tPPT6fTh4ebQWA2W6TUW84+uNm0ASTmqu333jGgpZQ0ZQByzENKKjAMPRONexyAYnROIs45MMwqIlLMfkSumU76oUNTR0CIdV0ToqHEuHeOmBBBsZRrJQVUcoyDI5rU1ZByVDTDrELMDARFBaQZCSVlkThp6pxTCIEJu6FXACTnvE8SQwiqCkApJQMyRGAXY7SRqEEpxyTZhxD7uH7YueArRzFKn6XP2Ts4mU8du5zLcKWIQpnZlQDELDlb7rKsu9wOsehRMkDOoqoEUHlqKhcIgWnfpzhO1FmzViGI6BDFEYJKFgieK4+l9K4c82FxpoYiiiDeETOpQYqZGYNDRExiCiU0V1MURzgJfFwBlmArRCQab7Ii78GRB1rEneUDil16bM7pULUdiFt00OwTAZiOPJxDS/D/fRsU854vmncc2worEXJlF1xaDsemZqqG3/tyDBF43AaMJOlCMT1YA8gOC0MuC8NSUjtfrjcoC96S92MjRbRg6cYXqyMH1EQBwVQRXZLMhr7oi4moaJIKOq8Mw5gZgEYFUCH6IxkgO69wGD+YomMMDqGofRwAk2ME4jEPmIgdeAZyyA6cJ3aGTM6jc8TOOU/sCxeIQkDviwAcfYXe+6rydVUV/2YVptNmNvHBo8SkOYFZqYeSCAARoogRQEW2rLByMCTZdDEbpixxyE3Flcchxl2Xk1ifZNvG/b7X8mZAK/rqlCTGCICillMG1eLTMFNNWXOBiB/mLVriF8oAX0pU0OgaLwbXA/BnBDGrAugfuThj7TE6qAoN1HQc2ozvIQBEVZWaJWDsY648kWnWUXrkHV7NKk9uUCmx8KaQcmSCpvJkmCWqZDWtGI5nDRHed3HXRRFT0cb7yvLxhE+WU8tJQbNiF/MQsxqQh4y4a/vNdgDm5dEs5lyFQGT3D7sh6mw2D6R/+enFx08u391sh5zlAEoBpKygZinnpDLOac0KzboUcFhyEKwk5bEPoQn5s6dHD7tu25tD7buh6/O+jeRd16e+HSaTpqockx0fz9hXeUjTSdX3/dC3u31LRNWkDsH1Q7q9XbXD8P5uXU8XzG676VYP6wxWz2tVbfvoPd0/3H374vU337xcr7c37272+/7J46cIDhQnkwWIbfdd6XA1S6gn5+dnn/3go4uLyzwkx5xt6Po2i/RDDwQxCXJomiVRABeyWh4ZIeM1TzTO1mOOMG5oBQFNLZdrPEtZvpsqAGYRUGVmJFQDIga0nHXooikwcTcMORVn3uYXv3nx6v2qaxN79p5Fct9HMPChAjMVPV5MP7g4fnp18vh88bMfP/fM231bBV+iTOoqNE3NRKLZOQBQFSXC4ElyMjTJkdBKpjiQxixHM/+XP3r6g8cnF0fTxXJ6f7dNSeeT6vLiaL/Z7TdtCO7idFEzPH9ycno07YdkhG/e3e3b7ruXN82kefL0/MNnl49O5z/5/NlHTx/HNFAVfvHli1989fZ206maaY4pZRNDh0ZW6h0zAx0fuxG8X05HQkRHcOixwQCAQHVczY2I5fGMNwAcWSlgAILfB6mObYGNZZdBISGolWINA+Ni5tfbvh2yJjGzFBOoGrkch88+ufzg0fHpyeLifLmcTUysabxkvX3YKYAgtSmt1/vNtjfAqqqzpMvL49d3+69fPNxuhpQtDX0f+yxgZjnJ0Mej4+WkwrPT5cs3N29ud79/vXr5fqvA3RANlRhTUgLrh9wNsetSjuocG1jWXKSuOefgPRhkycU7BCBFJFqYzwjEjDLuHoGYRcoTq44d4GEfDcBMWbKJElK5sbNYSrnAiMsU42G1W232iJSj5JhSTikXaSuqKCFlFST03gOCc9658Ntv3v/rb1/OJ/WHzy6D83/47vrl2/sh5fm0TrG/vd/eb9o+aky5eL6Xs+rx2XIanIk8Oj9eTkMy3ux7NP3o2VW76/fbVlJ8ff1wvep++fWrm+3mk+ePloum7wZR/fbV7f/9Ly/u193TR/Mnj8+7Nt3drqrKzRZTQ6iCf3J1Wjc+DunudvXhB6eeeehT3dSS4qQJ2/3AvhpS+uDsqGHjEDZ9EtESCnuQ8v+/VL3ZkyZJdt13F3ePiG/NrTKz9t4bM909GzlYRECkgdIDZXjio/5HGZ8omvQgmQmkSEIABAyGM5jpnl5rzf1bYnP3e68ePLIHamtrS6vqrKqsjHC/yzm/M3kLcbLvFVgWFB2p3iNCwYyQv3+i4d5pMt0epdQvDrICo5qEwqpq5b7PWZixKv5IKydI+Vw1wyI7kSnVAtVKVVT6ZSyKYuea1epsffjUz0+vd/LVd2+ur6+xmreyGEZtt3dD36dRs0iUPuWxqqqUxzjGvu8RrHKmOQbvM+DYbquKUXnoo/O+GzrXVFkEiQvjmR2qWVI1QyYS1SEO/ZgUMCvEnIms9kE0p5gsGRo2znuGzdXtowdnp0erwBDYZckAsJg3rFjXTXCopilLUp3Pl8RuTNGQDChp7mLuUtp3+4rxo+ePc45dt2d0BERIVagLLkwk55QcIbNzzoXKEWKKY+Wd97V3vnz/zIAc5ywAGFO8N01DUdmNMZZv9P12F0VFUJxDJA3eOWJmLKKgMh30jgsPCjF7IiInBo65+Fo1JQTwzokk51wRk8zqynJiLNpsyNmIWUSDq/ieGCmmxK4gbUZJIpayGoEhqGhSMXIxy7xyzNpn3Q0xI4JK7bkfxk07KAL+flVlqhazDDFFVUUcBbdDamNSM3JcqLQiwkR14EUdgncmkNWc8ynlfojkyRDIbNkEA5Ns3pMndEgI4B16RseoAFFAVAkhMJUg3TGKoXkiIkpiY8wlSipnBdBAcBiociSKRUJUnu3yMU35XzQRMa1MuYtAxt2TLPDe1Vqm8cUM+/1PlP349LMFNU3OFztv0YdSEfdjGVDdf1oZlgOYlowAKCjtKaKuyO/h+98ECWkCBhgAfb/WozJmJiIxyDmZCpHTrIykWQBKHpe6EAhJtRDFyheNRXJSHglAZOSqrMWL7BiKh80UkVwp0wvcnyfOjwEUI+9U3xEWsmdJFSh/wchc+iEiB8hIrtT3yAzsyHliRpx0PuR4+q8v4b6eQkUl6NcHF4KvqlCH4OtQueUsLINnMilcP8Mx5xQnEk6ZxDPaqsZlzZZz26coZoBJVLPMK9cEHmMeYi635r6PY4yTxR5ERe7x9CJa5BBZVQuXUUQkZigTmmLMnnISDKdht4DphOws0mObVPv3tb7CPyWnlL7iPuALJnZbCf8q0rNJW1ECInIeCbqcek+2bOqs2I9jKRIPK7/w3MUkWXLOoFgOWTQgQwMFhMr7WeXnDtXsbhjbscAZeB78UeNnZIuaVGwYo7EbsmzayFVNwQ1j3LYxJ3Oe5suGmQD09PywaWb9EAHRQX562FSe/+7z73ajiErKqZAHRCTmJGr3u+sJskj31DRVy6IxJ1EhQkQGMDR5e3mdlQ3MkxFSyjrFv48yxhhC1W53jp0ZXF1tTRQAmH0co5ohu1lTPXn4gJBvbze7TYdIR4er9957UnnuuqEbxt2mvb3e3G33xweLLDLGnIb85NH56dnZk6dPAvvlenV4vF4dLV++fKVgzunV5eVm1x8/OJvNZ8G73a7tunY+q4cY7zYbNev6UZTEfLM44rBQI3beAHPWEteiKsQlvVKzqJk5V2F5+ERyymMawahgoMrzo2oxxrKphEmCLkUoWKba7b7bbXb9OGx2w1/98svfffu2bbss2XvOqTR95HyYL6pA9OBg/oc//fCTP3h2sFo8PD96773HkkTG4ceffvDu8/OU8tD1iOAdpTjWzj08P1bREGjW1LOK14s6IFTeMYJons2a86P5n/34vQerpu/61Wr+4Gg9a8JH759/+OzBk7Oj2tOTh4cff/Dkhx8/Xc/qpgn7Nn397eV+TK9ebpYHy9VirjF+9sOn7z4+/OmnH7Tt+O/+/X/+T3/75RffXl1tummXZmrAhbbPCKhF6DzNVr8f3kMZ5NvkdAWcFks4paurqn5v5KXpFZ42JKVAckBoyEhgVq4KnfauWLoKmmJWFQy9cz/+5MlyPnv19lbFxhi9c6gCSCr63/3xD99/dvzixc3Fxd16MXv3+fHpycoxJYXNfkyim01/c9fuNr0B9G2MMbNzry/uLq7bXTvs9l2MyYXgXACwoR+7fhARAri6uWtHvdnr5XU7ZN3ctqLZOZcNN5u27ZMBi9owSs5AhMX2wy5AySslco6h8KRL6MSkj1IRISrZ86ZgpsYIptbUwVfsvGOmlDMYkJmUigaAiQrXS6ckD4VCyC6DMlNEVNCskiQjEpHLkpIkRIrJxqhqVrmgIn3XxRjbfj9EvbjdP3yw1n64vNldt7mezRGs3Y/DOPjKz+pKCUfVlOmrlzev3tysl9X58cHb19eqdnW7fXmxaYe82e48wDvvnJ+erlX11eu33ZA3g/y/v/o6p/Tk0bFn2u37qApgT87Wjx6sTa0gx+82u+C49mHYj7u7nYLt9x2o5JgAMaUcxzhvqvVq2Q0piUmKs8odHa3eXu/SMOJ98M73c7lSv1vx8JkWMUDJSCnLgGldcC851nskaPGzFKcYYtHIWMH+Fzw93EcZAYIjnFVezUSsVAmFu2blDQAoZAgxMCP7PfSqTAaRykIBSI0OTx4uDx8Cu7eXV9Y8OH/+wxwpx77b79qxGzWN/bhvu6qq+jHv9t1uvyu+w2EYuZpVDglgvV7fbbeimiT2fVc3jaTMwME7QEFGR6iSABSRcpZQ1bOm9r5OKS2bal7XbTuIlDEvMuisqY+ODlPOwFU7xBev3xq4bp8kxjpUr95e1XVdNzUT933MWXfb/RBHQjLALFbNZ5u2vev6i83+1eWVEM9DaEKVYooxk6KZSh5ndeWZqlClmEJhmTHWwZkaAReUEhGI5JwNwSrPWqo6LCFx5jwTuSElZiYuUxsCojHGLKlywTIqABHVVciaxjgiUGDWogdS88HVhIQTKpQMgTmlXKauYBBc6GNiMDKonKtDANUSCObJdX0LWuTfkCRnSaK6bpooUsxaMSYAVDNmNIOscLhsVst6P6ZeVIDbvp1Vbr2c7dphTApEChBTQjTvHCBGtSwScypbprZPN+0YVdSACQ1wHIUAZ5Wvg6sJ0WCM2QU3ah7HVLQRwfGsdgaWs5XkyzJT90yOKTgqIgkRUDMmcIxmkJIhYOXQOwTAlE0MkKHMZoKjpbd5IAEWpKKEAaICxDEs8pupIp5KYyRRM1PCMmS3krU9mWLvL4vi5r0P3UAkBFUiqkOTRXLKxQM2bepK6vCkOio7CZo2AfeAdGIq9QBNe71SjpOqmeVJBI4FD16cDID3w2M1/Zd/8ifXtzc5J2JfROREWJaxkypd9Hs/AE52IzCYCmYG1yBC6cGLNA8JkdgRa5E64X3RDwiIngMUYQHiRPQHAGIzBGSz0mE5ZkfkiJ2BQ8fIHsihc5PIxzl03nEAduw8OU/esavIOfaBQ03kKFQuhFBXoQ7B+dm8Xs5DExyY5FLOi6SUY8o46eUMTGtH65obz+MYuyGpYRJth5iTzoOrHKWc1TCp7bqh68cS31v8jSqSc4EIqallEZFcTm3JuRRkhdTGVGRHE7YHoEiCtBTxYAiFbq8y5Y8WOYFNYgVQU5X7CLBCbVMwmb4txcJrgKY02b+sGEACxsUMG8/LmROVba/dGJHQEx3XTk1MMGdx3hOamqIZIatozpkQAmHtMCa5Hcb9MJYBUUN4WMPxjJyJiuyHHGa1c7zr05Bp36eYp1mUaUKyJHq72ZOjtotvL3YGHEDOllx5/vpi0ydRy4X+ZqK5yNAY2WFW0SkLrOyRNKZY6ruiewMQU1ORxZwfnsxztuDLzFtzSojoQkgpIbvVYl5XDiwh8jDIEDMzpSHGKFHyfLFAwM3txnt87+mjg8UshOAdMdI7T08fP3xAzt9c3yDQydHBwcHq/PTo7PDoh3/wgz/4+IM6OACWbC++ebPf7Yms3be3d5vbmysZovM1km9msxTTftd1XZ/i2HZD14+AJQk75ExczerZgt2smS3IkShyYS+KOOcQcYhj0QQZoUPOOcWYJElJfjJVtRIwqQpAjAoqOZvIJMdXNQAmMjA0GYcBkL787uL//L9/cXm7y2MitOCdc94AU8qzxv/003f/1Z9++u6j48enx48ePqjrSrKenT/wzhPS08enn/3BO88eP3CATeDHDw6ePj5898npwXJ2sGzSMDqkxyfrD56efvbhw9ODWR4TATSV/+yD83/18489YUzSVPV62TiCZ08fvv/u44DgmY8OVu+/9yQwtfshKzx95zEQGoXFYn6wXvz4k3fW82ockkd8e7X5L7/86i//6vOvX90yIGhOaYQpV8RNKY0Fa2xq/wTrXNQ/0zlu92gUpMmQQwCmpT+E+yHW/aBFsQxlTQnBIRXGAhGJGSIWU/F05ms5yk1VmamuApmcrMPbi00WkpyaJlSemfj89HC9qA4WYYjy6vVtFep5E376yfPXF3f/8Ovvru/auqnBpOtHNSgMpVAFdGhIptR3wzjEnLOvQvkqTEUkV7V3gRXMeUpZdvt+vZ6nMR4ez9er2W6/66L0oyQBlSxZCA251JFGjlTVeabC/1XLOTNiCBWggRGoli+5cOzvpZ84DS0tl4DLcUwEqFlk8lcUW4GClRQIMFUsgAyye7GtYbHWETExMqFBNkGiw/UysB4fVY/ODu/2vQHnmEPlqhCqyldN8/L15R/++P0//sm713f7L7692LfRANi7bGZAu/2w3+3R8nwxv9u1fczHB/VqXp+dHZ2erd9cbN6+3VzfdReXm6OjBTBsd30/RCYDxZcXm199e8XevfPo6GBRffT+4/PTw3njA1Lf98T03z7/9uXru4NVc3w4M1XJ+fnTUzMBgyRyeLA4OJilMVfB+eAuLu+u7rZVVS3nlUn+9s2GmER0Qi5SMfMVsWgp3bGEZ04X86TSn2ghohkJAYo1qPxY6QjuQ+EVJNv9x5O/WEHBAA1Tkn0cY86F2SU5A6KaqhYnpYmCqhqgTn+e+x6gCLyssGvMDCQnU1sfHBGG3e3Ndt/O1ufro9O+vR1z11T1erF0ztVVIOfaIYpq33WiRsT7dqiYc8qqEC13Y1+HCpk0Js2asyKzqYxjNBPncTGfMQcC0hRR1bmGnUeAIUZA18wbRDQFJEoiQG7XpVdvrva7Xs0k6/npycnBYrVeDqPe3W7HODrm0v/UVVgvFppy2w/e+b7rNWvKkZ1Ts7tdF9PYDj0jE1LWRGYIkPphOZs1dej7lFMyy5rToqlALUdzxIiSUmQfHHHKoyZh5FDVZZbgiNW08pUAFswDE6lKzpkJc0yVrz37nHKMIwITI03IkBL4xOW5EDCHxgYimgpxmElSIociZYZLaOaJHVKMaVbXFZNKb5I0K7sqighANsuqIsYGjpxzjAhETgC8c4jKhEzOM48p3/Xx4q5F54BYlA5qXyIdYpaiWlcRJvLOE1GZjZuIihpCEm2T7mPqhtw0gb3r+nEYkmdsgpvX3kSGcWzqyqTYYixFAdBZFYo8lQnKWKGc9CoSmBwzIIiBZHXlW4WUBQzRszkCRcwKYkbOmUEWcYwrTzNPYKDAk3WXyAr2vvRkUzpXQeAAEZFzAFB2Y1DwV5PwtVwgExICCMpbUpK4inu7VIGFCDQRSAHRSqmMWfX95+8xh/1+i4xaSm3DYrD9J9HdZGqEXGiSPEVLABEVmnPBVRsYISvkm+1tzsLOpxSLuwDAylYBStAY87RLpKmS/L2JGInJz6bQ+9+7jIvjgnEiGhQbNSCiI980C7GJKVHCfZEdoEN0JQ6M2AVfFyW6qzygA2JiRmLyHqgsAUp2mEd05BiZ2VXOe3IBvSfnqapCU3PwwfsQqsW8nlfeEUnOKWYwQ9AYcxYhpiK+d4CLgA2Zge7bPhuKQdvHbowq6h0Q2jCMWWxM+W5bpOz3fZiqmRRBpQGqWb4fviBa2aqUDN97br8WDa0VYEuBIZrYZKf4nm4/iRTKt8RginkprMHfr3WLrWcKp4bpdygHOhiAqmQwrDiv68xmnqipsRtk2ydmUsBVRafLurSwdagILOfkPXtmABTNiFB7Nsnbbrze9W0UFUVDTTInPaywIjXTZLTPVsQ/KeaouO9iigkBzDISOs9jEmUmXw1R993QeH1yPJM8XreR2Zlmy+KDR4Ms2VRSzqamxbYG5L137IsBmB2ZgYI6DlpQ0yqIsJ5zHOO+jft+vL5thy6JGSAmEeIClpLlqpo1dduNMUuR4lVVSKKLRTOJptj1/bDfdp9+8sFnn3yIAjFKGuKLr19vtu121yLI6fFhPV++/PrVzdWm7Qfy7quvXrx6+4o9nz88PHqwIrZXL98MXf/g7MF2260PT6pmAdnSOPRtG4IvIcRGfrleInmkCihU1VyN1MhzyNOThDlJTFnMUk5iZdamQIbKKY39MKhZTnkcx5ikoOVFM04DQSsbaslmpgCYs+y37W6zG2J6/fbmN1+++PrVTcry3jvnjx4ez+o6JXXBPTpZ/+DD83/+yfOf/ejDZw/PHfJ8NfPB102ds1683dze7I4PlqfHh8GHthtzkocPjz949/H58er5s/PGOx3jogmPTg+enh8uKj49XB2u52dHy5N1896TB08erNaLRiQv581HHz47PloC2Hq19OQuL277fb86XD58coKO73b9cr149/n5erU4Ozs8Wc8/eu/8sx88+fKrl//xv/zqNy+u/+ZX3729bvshoYn3U8AhcckuLW22FZGSFWg6lqASvC/sSzdQtM9lK6DlSAPTArHXso4DIARVKRMRU7iX4ZLdJwQCTt7J+3GJMgJzYbTJYlYvF7O6cnd3+7c3XTP3TRPqwClKtx8ePzqcz8LV5eb6Zn9wtBKTdhgv73b/7Ys3b97eqRkB9GOOIuX8zGbErgyxiphewOoqZMmSRcWGKOVo7doRzOr5TBXimJ+crUDSal6tD+Ztn0QgxmwmlsUAHJNKTpJjyqUYVcMhRkkZqNT5piaEKFknJSuamRZDnJbwQTBiVzd130dNZgCFCoRlNqZWCEzT/VFElEQ6bTLRDAxBTJEcI7FDEMg5q5kYfPbRE6/xvSdHf/yj51e3200bxYCdY3KApCbtqL/4zXdEuKgC5HS0mr3/7PT9dx+OXR/qSoE4VOvVfDmvGPHNbff5794sG3KoF6+uvnlxtdnHk7PDi037j797+V//7stfffn2+nrXNHXlqd93hycHF7f9V9++PTteLWpu9/32aj+mNGv8tm3/+pff/faby8W6mc2qfdu/eH099sPhqnGO4pCPDpcnx2sEms8aYru6uhujsncPjldPTg8ub/e7dvRcHqPvuQtw7wm2ieRdHlbVEvQ4Ub2nEBiAwvIucAggK5l0VmJ8CqV3ukC0XDL3HwPcjzWntB8UgMkHQ2RAeq92m8LCSsIM0NSLmImKCGRRQCq65GY2f/rkMctwdXWZxUxzHNrahRDo4GCpKjd3tzmnMcUiR0Zyoapj31ZVxZ6zJDBs9+28mT08OTleHfZDHNOISBzYeSZ0y/ncxCjT2frgYL4YYkTnlutD1TyMg5kawWbbjjFdXt3FlMac7rZbHxwTMfn93V4UfvfiZS+aYo4pbba7LGgGTVV9+v47D4+P933fdYOpiWbvCAFSijGpKsRoKYsWsygRu7BaHohIFgG0MWZ2QbK1++FguY5DL0maEArgBQAIoakaQkw5FZtFYTeVgRYYkjF7t2xmCEqEi9kCkUPlhzhKMtESwgqe2PngXODggdCzMwUEOFkualccwSyGhOY9+8ozua4fArNzFFxQpHGMUcQTzGd15ULOYgDknCMUUe9rh8TOwbRiMjPMIt4xIqSsbT90Ke0S9hnGmHPO2y71Q+cYF1UFZjEPDpEIGcmXzerkpMJihnBkNRuT77Nt+zFpySvGAvgkhFnlquAYbF4FFAUwKtk2qo4mKxcTsmNXlmgGRFD5Ii8BVRQAMnCOgHAYsihUHgMjIohCEkMiU4jZAHERaB3IgQogALGjcjaRIyRUBTAg+v04Hwu/i2xig2K5YgrJlwpWZ/LH0kTaAUATyJLFhF2YZPzf83NKgw/o2G/7XdfuiEjv/xcDROIyxoL7nDIEdKUPmTwJ31uAphlCOUhUcghh7MacMqKZ2P2NhgDgHE9EoFL9F1bYfToAGhQHHyOXzczkOgJCx2xAE/K/5Nxzic0kAEsmasroSodwv9hy6BwSGTtmNjRXhc8++uS27xMAuQqR2HkkJufYe/aeyBN7dJ6c41CRc+QC+cCuIh9cFUKoKu/rpl7Mq1nlCUGi5JgL82CMqWzpJWU0qRgXtQtkKaW2j4Auie7aMYkgUuXJM8QxIqEYbHfdRMUukCwEUAFBu+8A5HvRJcj3cY5S4CNmqoIIqmKTX1sn8qqVhNCymbnX7psBiKnYdF5Pk34Axe9DY1TvaT86vVBQfsFCVhExRbBVNaJ0XTdWgVaz+raNUYEcBeYHDa0qLyJ9PzCjqTEZk2NkMwHQOjjv/ZDSNkoUUTVECxwCwaNV1TitvN/3crnbb7oERKo6W9Z+Ptu3LYJ5T+ujg5h1TBYzADIYIeCywdN1NfTt5W1LzFnyOI7IaCpyz/dMWe7dD1ZIo6hqGpNkzx4QouTgqakrsczMdUVo+vL1XahrX4cxA4iG4HOWmJL3jj3FGNt+7PsRAWezUFWsksHk6HDddvs0RtSECnF9MQAAIABJREFUTKYWxxiT5qSvXrze74bN3dazPzs/IcaqCqAQR2XD5XJWzat232/anZDd3m7Hsb++uklJ+m7ou2E+n7/z/J3lrGJ27X7btjsgbbth1sydd76q99uById63dTLUDUqSOyg3O1gw5DGGIkxxtiPIyDmnAv5i4FjGrthGMfU9X03DH0fixtfVEpAMiMxT3EhxDgM483Vbdf3t5v2u1c3v3t5/dWLyyyyWtanJ+v9rm/7nOLwo48e/9t/8yc/+sF7SBR8c3x00ixqyXJ7u99tOySXkhDZ82dnTQiXN3f73b6q/NHxYQjh9na32fU313vC/PTJg4dn63kT1uvl06fns1lomhAYHp4eLGaVqjrHx4erBycHJTO3bnxTezWLCN9d3P3685e//PW3l5c3n/7B+43n3c1uNZ/HISaVr1+8/V//r7+/vOkBeExxHGKWbEA2sUfB4B6QZPcoBihEGkUDgqLC/P3436Y6vpiui1zaTBUngCkUASiBFR1nebV/H45OJpaL4oeRqOxL71FIRQxJBpJls9m88/To/PHxEFMzC4erugyKksj5+XK+WlxvurfXu5jt5Zubb1/fbPdpHDOgkYMi/SKiUFW5RHSZxhRzHNkxoBBoqCtkbua1GMSYH5wsnj85Ws9d48kZ/OTT9957fPDjHz7rdt3Vpv/29e1uPwCZdxgcqmYmIMeieT6vTYUIFvOGDVJKiKgmRa5qVkp0cIzeMagggiuGM9DiNVSVKdO5TPqmwGRgvjdNQBkHcWFgmsrERTAVVRMBoKJjVxUEFJNhHBdNLZpf3ey+fn33y89fEfKnH7+za7thHEsdPAy9qQBVn39z/cW3FynnZw8fPH96fLBc3G72Dw4PTx4chcBikLPtd+123/bCCf3H7z8+WNV+1rQCQLTZdklViNshjSmtDhcfvPf4/Ozg0YPF2A/X2/Ti9dXBPMxqlxTWq+bwaC5qX724bvvU9+MX37z99u3u7/7x1ZevrtDzLDiHNJ81wYeu7Zxjz64Jfj5vtu344uXlelFv923bjWcn6zHllIsyB6cHbjKe2DTsm1bDZWtVPFAFjT/52qdB0JSfCIgwKUgBjMygkOKmwkFVC2iiCI/MNKsS8/QqIU6aoim7WuD+DcD71UJ5z8xIDHS6t6ZoUjWcNTOT+OKbL0CzcyEE6tsNgDLmtm2bOgCyqAJwHLMLQUWGNCTJqBKjVj6M40gIq8VszHk/dmNKlffeBROLcSBzp4en7zx/53a/e3N7e7ff9sNoYOhcFULlAxAhuZjikycPEYmYc1YX6n5MH7/7fD/kt3dbYOz6NmYBds1sVlf19fWm70cmvN5s0ZMPLuXETIvFYrVaGaJKNiQRI+e9dzlripHIm1nKYwlCqEJVeY+is0WzbkKKiQjnTQ1qKSdH6IgJ0Ire+r6hVlE0886jYRyz5kSgiIyKUaJBdszsXCkECci7EOOgZeos4J1b1JVpZkaHtm4qb1jowoAY2DvnHJNDrIhS7h3DOA6iMCYR1EAQGAOxB6yJHDnkqh/2ipQkM1LwoRQ6eYhEaIAxZQOH4BhpUQc0JV8Z+l5oO6QoUQGC9xWHnFLKGUyYfZGBiFpWFc3rpj5bNE4li+36HIHblA0gBFdaVTKdBzfzVAcHKo7JtBjnsK4dEqmAY2aC0mMUMSw5dIjeESh0KatZYAbCPkoU844qLkIdTGLEpEQ5CYDVDKuaasaST4VEwCxqXAK5aZLmI6LCRJYAmLwBBPdyUCyO+dImkIIBKU1y5WKLuI8Pw3vJ/RTQOtl1DGkYRkRwSGLARVRfBPaTcrXcelM0kJkxc1FwFJmW2Pe34tRvlXlNWWuAYQH0T1kBWmAeVHQldG9WtlJ8TosAYPYzMMApOLpwVostGAqyE4mQeDqryBkoISM5AARCYCZiBCbnjAiQkJnYZYBo0OdE6IgcI6NzRFwkQEiM7Kn8673zFftAzrOvXAiuqkOo2bumruYzX3sPZjllyVLS1GJOosqEOYtnrBzOAzHa0Md2jEgUo+y7XkyZsAlcOZdiNAARu9u2IloowuXY1Zy17BHLgl8052xgqqIqCKBZy7ywfH0lmhYmD/fk7gWVQvjB+/E/TCPHggCygmYAmPzBeB8ZVrx3vx/GTL9aMd1lAwFTJqo4nc0VS364phhTlwmIJOvc0enC55iRnQ8h55SzIrIqZFEEZQIySNn2YxokI7JjXjSBTTzEg5k3pJtdt08Scw5VVQXnvSewbhi7tgue54tqs2nvNnEY85hyzsIATWUV5TEOwyjBhTHmmDMiTFMstfvaoETTF+sJZEnreX18sBSDtutjzs0sLBeVgez3nUM4PJwfrOq6Yu9gFO2HSETM6Dw2dYOgcYyOSdQcs3MuxjENsTjacpSUxneePFzOfBqGg+Xi/Oyk8ewYnj85qwK7wCcnB69eXajKweHhLPhZPXvv/WePHz04OTg4OT0Use1mt9m1xwfr+Xyxvdl7Hx6fPzw9OWMiVLu5vRq6fahdqKoh2fpg7auK2YnafL4kDoRO7zEIkqOZZMnjGBktxmhqolYQ/MVnlpN2XXtzt91u29vN1gBSzCIRER0zsjnyjoOZppxTzjmOd7ebu227bcd//Pzlrz5/IUjEbt/1gHxxtdnsxirQZx8++uSjJwfrpfdNTOCCX6zmY9/dbfev39wi2mrZrBbNg+P1wcGCidq27dru+nbfte12u93etWPMRPTofD2O4+uXV1dXm+OT1fn5MRFfXd6C2XxRD0O6utw47xfLhogM4O3V7ZuL299+9eqLF29//eWrv/3FF7/73euPPnj8s4+ePXtygo5/9Ztv/+ZXX/3Hv/7NX//ym7//9Xf9oMxujDGLsnOIjMhTHWKlIQa7DwyaxqS/V5FhqXkAAIpYp7x1ogWhMKksJ+8VEnMRPJRDV80K7LPMPosOD6fg+CmtkyYknIGaoUnKZQnx+OH8ycMDIPf67e3lq9tiuvTBA0ASe3OxeX25aduemLphADPvqal8zNG7KokBoPfsHQPx0PWzKoDmo6NVuXn6No1deu/5yR//9N1PPjh/50HzP//FH/75zz/4+J3T3V3rHX/8/tl8Fl69vb3ejvuk1zdbJmjmHkzqptC6NOWsOTUVrVeVI9jd7U8Pm4ODhXMOEOIwOnZmykRmSuUUmiLquWwgFYCIAbDAQEtTVsgYNvGtS0qMaTmyRBBBpjyT6aoyU5vyPeRgOXv06DSlGJOo6H7fg2rt62GQzb5fLJvg/Wbf5RgBGYi1cJzripDHbG+ut//tixe//t3Lr1/dvr6+I9QffvR8143fvdoCMjmazRoM1e++flU5p6q/+s1337y8fXNxc3SyPDs/qGt/fbO926UXL69SkqYJmvOsqV++vV0fLN57erq92/TdMPRRxGLKwRMAvb66CU0YU9q3/eXdeHm7f//56fnJYdv1V5c33TCIKjs6Olz2w/D2YotkpyeHUfKz0xUR3e5HxAkHgdNf4iTXMUM1BQOGws5WMyC4X1ZNHjAGILv3AJQ2eBKJ0uQUArhvcydDO4rq5CGbpo9QbNeliRP9fmEANi2csbjTVFEFJ/TK1AOAqCmg5JRNz08f7Hd3cdwjal1zjsNu16rBrKliGtlXOWtTVUTQDQOB7Lv92I9Hh4fzedP2PZK73e76cTAsJFOYKmXQZdN8+uGnCPb1y2/bsR1yBoemujo4SKNQtmWYj91IzM+enbeb/d1dt1yv4pg2d9sP333yP/73P//t19/d7tuqrhaLmRgkUWaczxYmEGN+dXmTCDHwOKQxjzFlNM6SqqoiwrqZAWE3jIxkaKJ5t9sTkqkg2LJpUo5M1NR1HyOasXcG0A89EyEhs4tD4okvbM4xs5OcEaGs8sCAkUA1VFUWyJL3fe9d8MGbqQGZTDWd95wlEyIDxqFDgMq5nLWZLQi1YVk1AdSgAF7NmlCzZtDkEed1XXmOSTLAthvYeQPwiABAakQOGJggZZBSi6io5ca74H15Fj1ThVQ5WtV+2XhCyKrOBQM3KLaFLq6kgKNIkqwAuTgNcQIyq8AQpSJ9dLhcegyeouh+kH2X2pSzCRHlLDHlWVXNm6oKRKCAMCTtYsqijgkMYkpMDAZFrF/0MITkEIgAicaoolBE6DFrTMqOK0+OUQ2GUUqcmKgoqGdYepo7ACSFcsBjsYdN0MtJ/1JCa115A+E+4gpLoVbIocWaWZSNiKoGhsRlZcCljy7juvK2FhkJEecsP/vRT2PKXbsrK9/yU6UaRCIjwIlrPXUaKlo+F4mYip3XkBAVoPzZEUWFecL7/H7+DxOEtOwJyx2m5bIzRZ6oR6bGxHXpIfBeYQugBljUZQAIXEY7WFTORKz3bQvSdGEDETABMrJDdEieXWiH0bEjqgwInePC9XeOHBN7ckX9H7iE+7qKQsWh8lXjq+CDm8/r2dxXRJolxVTk41kkZzE1RDJVD9oEqh2aST/kIWVB6Ic0DKOZOceeEVSGYQCArLjddWX8lqWoqdAka8lEAb2P7Zq8vGAKopJ1IjerUQG1AGhWKHIB/f3sf8KAQiFnlxhgKx0X2f2+9V5sOY17CiaoWMLs//cPmpkJF92a2mGVliGNY3LOzRsGxDZKzqIix40/njdjhjgWNzMWgZoZEkJw5AhVrY+xG8ecxVRns6pCQckoNo66GXU75m3Xz+azedPM5jMCHdt+aEdEdd7N5vN9m5PqejEfY19XeLxuULXrBzFwRIUt4bgUgSV56J7sQ1AU7aW9ccSS87brJnOFiaow4Rj7HFPTVCjdQa2LeTMo7brYdv28cYerSnJKQ/Tslk3lSJBcSbN0wCJ5VofjwyUqONIf/fCD0+ND570narv++maDSOvV4vL6GolX69Vu297cbdi7Z08fb3fd9ubu9cs3r99cPnhwrAbr1cGsDg/PHiya+cNHj07PHi4WB66qELDrun3bXVxdxHFcrQ9m86X3jMgGnrhKajFpVksq6Fgn1hOAQhbJKaYYJ8MfYBbd73ab/Xa7bV+9uby722x2227sTbWpg5pU3jnHRQ7o2EtOd+324uLq6vLuzdub12+3376+urzdRsV+TNtd2+56kTyMeda4P/nJB+8/f+SDdz5sd/1+362Ws7Hv2q77/Ku3X3315uzs6PGjIxSdzZv1an53czem+Prt5Ze/e2mmhwfzk+MVWH796qIO/PWXby+vtjGLb6qUZHO73227UJMKvH51O8b0+OnJ0cnBxc3mL//zL37x66/+5hefv3p7vVo27z87/+jZw4+fP/6Tn3w85Pzv/4+//l/+t//nr/7hyy++uXx7tVGznHPbtsOYDIiIiWhS0JWKB6Zs01LWoGk52IqqsrQI5Vgr4QSENCEYYHp9iointA5EU0QSlXJeFSfGP4kKlPNfjYpo21RVipMVEUDVEOQ+EuCzHz76iz//ydVN9/Zqt90MKcbTB8tS5rFzAvj24lZE1qs5iIgqO7dczPbdqIpNU6WcnYcYY4ziyVZLLzmvVot5U/Vt/947Zx+/d/rh06M/+9m7Hz87PZ43Z4erg+X89eXm7z9/9cvfvum7GOrw+XfXf/3337R9JAbR/ODssG37fZfHrnt4uniwcB89PfjZZ4/HPr59vTk+aDinn/3gYR7jq4s2BJdSNrVZUyfJzjE51mIKJLbJE0eOnfNuMsCZTFS7crFo0SWq6ZSOOaGRy8xpuibLvUmO2TtHCIRmIv04HK6XoQrj0IuII5ckA9Hdrr+5bVMWIGN2QMRMhCxqoqKSCanyYT4Ls1kFCG0bmemPfvJ+37VdTLP5fOx7Aru82b+57nKUTz5+8vzR0awJ56cHjx6uc7Lb23az66/udkOUu0334tVNSvHkcHm3666ubs6Ol48eP2jm1X7XI+Fnn72bJQpw3/VvL65q77JqG0XEnp2t9pt9ShoqN4ypbyMiHa7mxMTBa86v31w75sr5fogpCgFNnt5JQXC/jDeblLmTH2yq5WEaNt4LDKZ6vXTE5YYu9XvRmarKtBco/UBBfmYpaeswb8K89rM69GNMWREtJVXVe8IJ3quJUBTUoOSzlM67LDBNBAADYe1CFfzF6xcSdzG1zgGHcHd3l0RT1n6IdV33Xe8Qtm27nNWMTjO2bQdmwHR3t10sFne322EcQ/DsXKg9A0jMFTOif3H1to29Y1aFXbszA402A/8vf/LHP//Jj99cXW83d49PDyoKz84e/fGPPvvgyWMUOzpYjv3wmy++NqA4pJzkYLU+Xa8OZw0M/btnD//osx/cbTabrhM151xVV4v5QszGGDkEENvt2iwCSm0/7IfOeV6uD2Iay+AzDzGrEJGa7du07/s+JlFjdqI6jIMZhBBE86QOMSMkBHLsGYjJq0jF3gyzmhGpgQ9NTClnA2BRY0JVSZI0j3WoPDMDew5mxbRhOSkAusCgOvdVHaqcYyCWFANz46scc98PiDhbLNpu8L7aD103ZiNy7Cvv+rFVjd50VtVNqBChdsGyDMN+1dQI1vbdzNe182BI3glQF/MglrMkRUMcspTrKyXJIknyKCaGAlCqJwUiNDEYM3RjZLDGk0cIrKrSZdv3ms2qWU2I49CjQRrirA51cIwwRhmSJAVmZmIVKY88UtnHIkIRjKMjdkgiuWQzMZExDlFBwTE6QmaSLEmUvBOFHDMzLQKuHBFhVkNyQCCiSFRiBsyApkB4LGB/clzKsjL1L6PM8sIQEhKj0nQ3ERlgSR02UWL6pyghK0m7BPuuHcd+kkfq1FsgKBIaKEGhgdyTIcvGr2ypp2ISJv9vWUkgackUL2r+ElqAQOTUFAnIFflQCTwrdX3ZUFBZA0LZAJTjukQkTzOeMvVHVDNCNiuOQygEbkKHzIBIzERkRMzOkLG4e8mxc4boQkD27Dw5R+zZB3KMziF6dA7ZkwsUHFcV+0Ch8lUV6sa54L1bzKq69gwm2XJMZfiXckYALJQl0Iq08ugJYkxtOyaxIedy4KoYM5WVt4ogUR/zdtslATWJSYqzyiRJnjyVZipqKiXWF8FkcheKEpiZTBHhOYtIUebfKxNsEv9YaVPv192Tl9iKmLM0MNMocSpT1MxQdQoeKmFsBQFEZQBniIpAKP1RMxyuqnGMPriDg+Xtvu+GpCoeaRVIJe/HlHLOWQyp1DOahQgYdIi5H1POBUmUa+cOGj/34ERqMiTrsqJzi3l1sGhms7qLyTGuZiHlJMAZsO1jUnOOm5pdwMA09H3XjyGEUhyYCRITToJUESzuxuJjLe2RiI3j6JwfxtzHpKrk0YcwxphTRNBmUR0sqk8/eMjk/u63L2/2yZV0MZDQVCnrdj+Y2bNHB//s42dD0tu7u6YK86ZaLGfzxh8sZ1kyIszq+VffvHx1cbPZtcQEjoZ+uLy8GaJ98/Wr66ubR09OZ8sFEK8WM0Ua2pYYq1lzd7vZbLqmaU6OT+J+ZDd78OB8sTgAg912d/n27fXV5ZAiMSJ5H6q6msWh7Ew9uRATSJEZslMtS3uLKQ7DmGNCBCJwjh1xynHo+33bX1xev3p9cXl5FSp/dLjKIo55OZ9XVXCemRgNAUFy3u12F9c3X3z95vXl9uJuuLjZhuDR0c223+x6me5rQMQffvDo3ccPgnPL9appmmE/LJbz9XK2b9vf/u7lP/zqq13XhuDPTg4qR4647cebm9uu7y6u7i6v7sZhdA5ub2632363b4euj1EPjtfZ9OL69pvvLtOYDw6a0wfr25tdzOn8/MixXd/svvnuzZuL2/Ozk6ePzn7+0x/80Y8/eHR0AMB/8+sv//f/9Iv/8Je//PUXr+KY69pXwQ1jbPshiZaElqn6hsngW8rH78shQmSgKRMVp3G/3Y84J13FVP9YsS8VeUNxyH1fTU1WqinETAvhbHJqMhV/f7FpGhgTh+CyJlVlYjTLkpEwjhK77vJm+1//9qusOl9V5+frxw9PLq62r1/fnZ8fz2dhtaxzytOeFwxMxiEdrhY/++zZ0/PjRyfrf/1nnziAeeX/4n/40Z/+s/fuNt3Qx8cPj2PX/clP3/tnnz5rHJ89WL15daUAB8eLVxe3/+4//NWXL2+8d8G5b15edlF2u8FAU4qiVnt/vAg/+/D05x+d/U9/+oM//PT5g1n4+N0zR7q93f3ks3d+8smzh8ezOOo//u4yNF4kV86Fip3nnG2ICQGC9wAwjgMhMU8BzxJTGbmVS2vSiEyiKEeEkoWI1ZSoJO2gD5VjV4if3hW+hxCSio196tseTObzecoJkVXQeYeEU34NoXOu3FSEBGjIBMyAEJxzjlzwKUYzqOoKiJ48PPwXf/jher347tVlTrJczSTFXZ/u2rScuT/9+YcV4+GyOV7PfvvbF7d3/epwqSkdHa1Wq8XtpnOOQ6Cru+7iavvO0wdnD5Z1FYA4NGEcxu2u//zry1evb+7u+tk8HKznzPzi9Y1DPDtehDoA0sHROqWcsqwPFuv1vDjO+2SbNm33u9pjXVc5Sy5MQEO6X8SriWGZRtrkwS4/Pj2IE9dHrcziS/aQ4qR0mxxn91XC9OCqmoqagMAU3kYEHzw+fe/RCRFdb9qYSwxGKfFJJ4ldWUeYatmkgoLlwhosxjUzMHBMmgbHNKQo6a6qTHKPoAyQRMSwiykOo3Mh5zxb1I4gON80tfc8nzU3N3dokIaxGBVElBjARFVzHGI/3u53d/t92w27XeucR3ZDisfN/N/++b8Jxn/961/84stv9nGsqgoEfvrpJ6u6+dUXX/7yy2+3++7q4vb5o7Mf//CD5w9OrR/++R988C9+8sO5I4iRQR+eHrPjjJZzlpQd8HKx6mO8uL6u5wsi6McoKs5RUcyPMRqSaQYA9qGqq/LtSTEmgZKIUUY6OYuKOu+8czFnAHTOhVAFFySlFKNDakLz6PBsUVXt0OXSJJgNw4jeq3EZcjCi995UCWE5W6UYy0NFTEyECkkyOzZwY9KY1VRmjhh15l1gimkoVrHlrBmGXk3qEJoqIPmYZcwJAULlvOOT+YIRvXMIMgxDUssKi9nMJP5/TL1Zr2bJlZ63hojYe3/TGXPOrKyJLBbnVje7NbRgWbJgwZJhGLoQIPjSf8B/x/Ctb3xjw4YNyLAsN93dltjNbg5FFousITMrhzOf8w17ioi1li9in6SAQqGQJ3Gm2jtiDe/7vMGH4Cvg0CluMmyTCbhMDEhqmkRuk7RQVRWUiAxRoXSJpSLGkogUNfdZo2CMkiXNa9cw3D9ejcmu27zrYgZFolnw7Nzl1bryvL+cMZOYRYE+5qy5Cl5VS5lOCt5xsWESIiNSwbIBCMAwZiIyhG5MquYZA6FjRMIYBRCQXcxCALXHZYCGaVr1Emu5cwjJMxBNsyMroKCyGcNb+uXtxL5YdW2aU03IfUbJubAvy8FlE8CzVNfqiIahz6JY0oAJy+VeZChleW1mRWtEkye3fKKSYTA1H7eegtvmoCjYTcHK9zb54JjZBweIRX6OAIDTcAfUSmI5IDJyPfHa6K2LixEQaNrwFj8iESMxYNmNF7InF84PAgMxkifnkR2RR/ZIDskDOmAi9uw9EpU/B/LsgguBnXeuYh84VL6qfN0470JVzWd1XTk0kSyScgHyxDGXn99EGDGwegZHOAxpGHMWG2LqulHLVqigwk3K1dUPY9tFUS1udTMlBJMsSW4Xq6pTyV5ixSZ8Z2m8Ss1uIgZQuOxm5T9MS1a73cJ/wabqv+wEUMFAVeA2JLh8nQKBKDpmmBo+e2sTm/YJJohaEgPuzHUZch2Cd2GMcrlu+2iAlFUbx4dNlUQcBwAlcjEKMYFBcC54zlkkC5o2gWe1qz2zpkpTg7JweG8GezVs2t0o9uDu/nuP7raDXt10dVPVtUeCdRe7bH07xizeEYJ1Q5tSNBFP5BzZFGksoCZiJZKGYMKgIjMiEFp5uHzFIThfTEgIMedxjCIxVMTsdzfr44WvQvj5l+ddNDIpBTESSZIxSRb1wWtK7a7rE5hpPQ+oWte15NQNQ8q5quqvvz5bb3bB+/v3Dg8P9hezhgEfP7ybk86a2rHdu3u02XWXF5cvv3q1WC4P9+q6CqFq6jCfzZYPH9z/xjc/Ws0X9x48Wu3t18Gpxl27i7Fjh0fHd/aWy9VizzMDUlarqpodO18hBQdQe0aD2lWeMKcUYxr6PsXkibzzjp3mlHN+8fLk82evzi5uhmFMmvb3V/vL1TD0zuFyPqvqGUwVPaSUUxw3u+GXn7381Rdvzm92613XVP6b7z8cYj5fDzGlpvGL+ayqwt39xXc+eHSwbABptbds6hkzgQk7/PLF+b/7s5+qKhOs151DXS5qUVhvOhEBxpOT624YQ6CmCZvrfrk/v/fgKCVt2/6dd+8dHi5FsW2H1aI5OphpljhaXdf7ewtm7339/e9+83sfvfvo+IAN7x3vHR/t/eSXX/z3/9O//fTF5Zh0t+mYWTXfOVz4ENZ9L+hKUuFtZQPlhZrGkoi3nklDULr115e6/vbkLb+iW2c+KE7LT51O7mmcYtNJCjBpOYvjtfQbv3dVmQFwCXsHCME1TZ0l61T4IhOsZrVnfvj4eLU/V3Zitl53qtjUzXoz3D1e/emffPgPf/TxH33/3SHaV8/OvMc/+P6733j3waLyf/idd/75P/2j9qbL4/DxR0++en4OQB99eL/r4i9+/Wo2q7/57nFMcnO5Pr/YnlxsXe1fvT7fdQM4+qtffPXyZHPv7sHd43kUffnmZr1pRcQ7jjlrltiP//SPv/Gv/unfWTRVHKWum6+/uhja4cG9vW4Xh83QhHB8uGrqylfBe1dXfHi0lCQ5SnD+B9+878neXKxnTQOTWQJLicOeDVFUUpKihGRGJDIEYmuaygAZyiloYrkAggi47AruHB/WlfeO57Xftq1zLqtJtphhHKJOnjRgdgowhdQqvrWkApCoTRYMJjVLKSFwShJCcMSvTtc/++TFELNEajeaAAAgAElEQVTnICnlnPt+QMIsdnXT//qL17/+3avTs5tFHY4PF828Jh/GmJvKOyYDaNvx8nqz2/Wzxez09PJof95uu1evzu/cvdP1ab6YOcfL1YIdHx8fLBazveWsH9P59ebdh0fzOsxns9msWew1BKxZ8pCuLrf7q1lT+22fb3Z9ysk7R1Q8PzTtsRQAoDi7YFLfIwLerpKl9LN2uxT4/T7AJoDPbctramqT5koBsFT8wDApf8xU7WKzO7nenF1togoo5JStiIemdQLdeoTRzARQwNRAp622FdVqsSDPKreow97B3Zub10d7fta4FDs0RQBfeV9VxI4QYhx8CAd7i73lTGLyjlarxRizd34Yc6FClx1+1/Wr5Wxe11Xw1WI+ZhnHGCo3Xy6zwdxXT4+P9+bNf/jtp794/qXVIeZ8ebN98/qyacIwtv/+57/MYPfuH+UYmRAcbXbtV6/etONwenP97NX585Obk/X2y5enz99cnlxcz2az9588WTTzMcbtMGIgIh7HEQiJOKVcgrQYy72pojRmMBEfXJbkvffBA5iZGGCo6hgndpsPIYqYYExlsG8I5n1whP0Q23ZnINkmPi4iKYCoydTpkaiCaF3N0NCHOqZoACqUzYAo1LWh1pWvq2BicYwGhmbEuGiqedWoJlWdzZt53eSUHRs75wnMhACdC0PMbd8TBU84aOr7HgGJSZAEMaVcseuVW/POBUVOYsjeyIlZ1pyLjoHYOc+IAEpE3jFNM+OimCcE8YwGIKLZEJ1LRoPYuk19zAHtYO6J5GoXt510UZMKBxeqipjQTFJSgZh0EOuzJikHgTa1BwVUAIaYi6u+QCuLddbYcdslJcwGuYQtgTkmRwgIWUxgMmiBWcW0CDhzYGrAjMy5mF+ZS0VcxkyT/dcA39bdWNYQVKhzZcVJhJMQXA3EoBjHEEX1NkNsqsh10twzAlVVNbFBbpmnyEVST1hGwdMVpxOQy5DprTvoFoMHRRFvxDybz2POalaMWEhU5Oy3YcDMTGaGU8bgZFZAQKYwQyR4S2XH8kEqRzwgEzMaAtPECS0WcEQkV7BKUAT9zhfwP2KR+Dtid4sAcsSMRAbsfEAOHAL7ir0nH9gHX1cu1Exc1WExC5UnTTmnpKlwsVSylIZPc2ammo3RLGs/xDFmydqPaYwjELryAJp6D44RFPsh9n1UUbTsCUy1uK5zEv2P0mrLcAsLuxNuyww1tQxoCFasvWYAOjmDcYIy/EdQjdstbekiykAH1cAUp+NUSiMJZmCCU5BA+TYmZQJMyyAwVSRyqPdXULENUboxrtuxmdXMDIRMdNiEg0XDHFISAjTV+XwWAgZCMDVJlWfPSGAhUBGdV6hHi6pyRJYeHzb3VsihVqof391fLOrzmy6ja+qqaztGHGK62vYueDCb1z7FOAwjgzJD8GRmOSfGkqBmDEQIDFOm3fQsE6GppKwqjBhTFJGizk4pokpVkQt+UfuHK28mn764bqM5VOSigUXLFmPKOXsHe6v5mGSzGbJhCNS2Xb/rU8q1d96hYzo+XMUxHh2sHt87/vjj93OS1Wy2Wi7eefxEFHzg9z94J8X48vWb7Wa3v1osZg0IoPLecv/p48ePHj588vjBwd6xSNzuhqHdjv1w+ubNdrPOeURA4hqNq6apgmfvxxRFDQxjjGUsYSnFoSOkvu+3u13X98MYnXN1PRvGvuu7i6ub3z179eXXp1frbRxjU1WLRe0I66pazhfOU6EZEHJdVyKy2axvbja//vLVr7862Q2DiB3szd57eE+yvLneDglMtApBc75/vPcH33lysKzni9mY9OZ6hwQqen1987Nfff7v/+bzfoizhhG127ar1exwf6kGYtrMQz+kly/Pme3O4XIxb8zoyZPjtu2GXuraOw8p29VVu2iab7z/4PGD40UzX8znq735hx8+Wc7qnPJiWb18ffbv/vKX/+bHv3x9cbOL8pNPvnx9uSbUKoQ+JWBiM3bu/Kbt+4QIBlK6XphU+Gamb6f5tzLLcnya3NboeCuWKKlIZWpRXFglmQ+BppEHIWCJMZxa63IeE5XBi5a/AVPNSqWbmBJazLQwgieVGgXHknQc4v0786quT89vYpLL6zZ4/vt/8vGP/uCDP/rOe+89vtcwLZarn/z8d2bwX/5nf+cPvvu0j7LZxvffu9sEfvbysmr885cnv/3qakz5aj189uWb7XZ48mD/7/zw6XrTPnt2fnKxOT1fP391dn7Vfvns9Mvn5y9P17tdK6KnF5vzq11Omk0BlZnrynmmFHU/4KIJb863m/VwfG/53vv3hq4jdtfXHTtq+7haLAhtu9lcXm9jkuD961cXAJRS/N6Hdx8eLa+v1kaUs7LjoeuZiAhUNasgEJT5CKJzvtxR+6sZM3btICLOcV1XRCQ5lfONQFMWzdK2O1P5+P1Hjx8cXG12qZCWAearuahUwRlIHDMzrZbN8fH+mHJZzQAgOyZHKiUEgrIIES5Wq/ly4RzHGLs+bjbj9U3b1JWoDMPofMhi7bZlcu2YLjcdcIgxfvubj5aN/+0Xpyfnm+2mbbu+qmrJGlMax6FypOBSltmsamaNIZ68uei7/uhgeXS02LXdycnN+cU6VHxzc3OzHdp2/PDpPTQUsXt39gzMVEPwY0z37h48eXBsJhc3bR+FJzd/4Yi4ablbHuxyX0Cp10s05CQcMDOdou5KYQ+3/9ym0IDZFC2Kt/swmrbNWOr16QZJKcckcRSTMmkCAy2zyWIHuL3NCq3BtETSTmHDpZxCQBOD2vll5cn57XbDsvFBc04iqYitZ4sZE7W7XcySk6hAHOLV9fZ63ZYp8s2mdcEbogogwmLeqBoqaBqbqk5AKco4jLWrNOnZ2TYQDUP88V//4uXN9ZDk9OIqJalrH7y7vL4W0AyIRBeXV+tdP6r96vPnX7w83UU5u9m+Od+eXW37UXbjsGnj9W7so11e947DnXvHm257en2lAmau6CnUFIgkC4Ad768MxBREUBX6vmP2JjaOg6hIVjBENjWZzWfOB2TSlNQgqyBCzCJiIllUSpUMxGYgoCmLqTBAoQyBoYn5UOWURHSMOYkMMYuqmq+beUQUpJyojRGRgkMGrEIwoGHMbd/3/eCdzyBjSuOQLAGyqWpKggiVYzRZzKrK0RjTMJp3JVbSHJGvfBLrh1FSrplf7eS3V6OgW81mRaSupsiA5MBQ2WWxAqgXzWU6TohkEJgBTHJKORbKpgqqYj9KVMtgo+HNKKe7fsz66HCxrIModDHetH02GGKOSWrPi1mDYIbmPLdDVkM1jVEIKTg/xS0BFAXGhIQwU1HviR2Po4xiopaLF940MHmHCDhEVQAXXM6iasxUM+wFJkAjJHZS0EAlI7mkBEz0XUQg+73CZnqD8G0hzROdv7hBygvkQyByOSewaTRf6m0zQ2QGqkIQkUkTSHq7wLutzW//XTZ8U2V+6+mBMhIo/FUrwaA07WARkIh5EswimIEhkoGCAiGrKRJXoVIp6hRjCvPpvgMuFykiw9SmOmJniFqW6cgGJd7XITp0XCy/Rg7ZYSn0J9RPcfo6co7YsXNAzN6zr6aU3+DJV+QD+8rXta8aF1zdVPOmYjSNyTSXqUPOKYsUmp/m7BlqT0yQUm67UdRytjHGnNPkWVCTnIMDRk4xtV0co2RVRxAci0zDkpwlZzEzEVW9lfRoEeoUQ+BboCeAFkE/oIKJ2GTy15LxiKaQi8P11otV8KA2zXkAYOKHTgByKH7faclgb8f/ahMKzspAU1UAaVXbwsch5U2fdl0khMO9hggs29GieXJnaUnyaM47zGPtaVY7ApWYQNQkM/GYxpgiM8Wsy6a6v9/MKu6GMea0Nwt782bA5iZB5bCpnBAr4HxW31xvguP9ZW2qi3njiMehZdCmDsEzok4k6yLNUGUiKhnbNhkpEMgYx5iI0HunJsOYQUFEhhhVRSTtHcxXq3mA9N13D959/OD//eT5bhSHPN6GCY9xJGZ2jhglx5TUc3COHCOgkHeV801wdR3QIMW0u2mbZvbk8YNu1z//8nXXpdm83q53v/3NszrM3nv6uL3ezpvFwXLvwZ27f/j9737wwYd7s71Hjx46CjlLxRWzv1m3pjqmMWsveRxTN3TdrJnP5/vAbr5Y+qrpx9j3Y9t2Q9+bmvdeLBeS6a5vd223adubzbYfR53Y6rzedZ/85ouf/erzy+vNMKau7VX0/r3jo/3VfNEsF4tym+ekKYtzHgGHoe/7/uXp9WfPT8q9UAX/nQ8fr1bzL16dvX5znbIwkUli0yf39u/fO7y82r48XX/51Ylk219WY84/+9VXf/uLL7ZtvH9v9ejeardu68rfv7MXvO+GAVS7rvv667NmVj98eNS1/RdfvPFVIKKT11ezWfXg0fHZ5ebnv/xq6Mcffufdj99/dLi3ev7y7LMvX13cbJvGX1xvf/K3v/urX37x4598+pvnZ89PLje7/tXJ1eX1ViwDQlVVf+8H7/+jP/roctOfXO6GmM0m1CbesnjABKfYwwIoeGtiut11QgGSGJQjuXAWimOq7NxuB6fT/QDTXHNCtgEAoZgoTE1EWSSblEgsNgQ1IzSE2zdTgVzZ1qpnct7tdv3e0j15cvd3n5/cbAdyDOT+/h++/y/+0x9WyAf7q+Do9Hr3f/745y9eXvzgW0/u7M9//smzX/zqRTfmdx4dnL68ePH1+epg9dnnby5vdvPF7Isv34DB0X4VLBHC7746u7ja1bPZycXNdtst9pabzRjFkuUY87bthyHmyZOLnh0iSkzkPKn+0ffee3x3T51/9vXZdhwp0C9//erP/uLTXuDb3396eLSHYE/fu6eIFzft6cUmjokYD4+WMeWzm+1nn5+I4tH+PMbkvVPNjKimCMCOPBGWtNly7RhKlhhTTMLEwYcYh1BXphDHjEQpJsnCTGbiQ73b9V+/ObvZtGZOszaND8HHofOBv/vt97loTQtLxGhIUU0IMPhQxjOMyM55Hx49PESknLKZHh4dbDdbyEIIVV313Xiz3WbJRMy+quvawFQzOySE1EVGaQJ3w7Dr0hDTMPTOsRk4Rhd8HmMcxu2uv9m2wO6r568P9mZHB3v37h6TGlges627uNm0XT8QEfqaCT1ju+vNYIzdmHQ3DDlL7OK8DpBVckoCQ7aUctSsaKhGSIpWdG7l1C/bYb09+SerHk4O3UlEWV6Mok2Yrg2TsnoFMC1JNLc7g8mySAAgIqXUEFVAzGolhCZPyzYqjYTcfg+3ciCc9D/we5NxUQktmyqnBBi2l8/BYt93IbiqCuPQjilXrsoyBs/BsakAMvmAiG23UzD2PA6DY6cizOA9awIwO9xb7rrhatO2/RCjfOf9p//yn/zjGfqmqp5dXPViXT+IWttHcn5/sWpCWG/a86vN69PrzW5Yb3bdMIrSzbrrxti24xhFxMxANKUxD8OoYIDO17M3p+uo+abd+qoKoVL0Yz/GrEbOkJ1jFSDSXNRrmmNMDl0/RCJ2zr3VL3nHBuqcE9F+iM45MwiVZ2IVGOPITEhkOSGx835MRbJuzvmyEWdyeQoh4uArYu+rerE8GMdM7JF8zJrNtb10Cbvkxar1pmNiBWPnEZ0pNk1d+SCSTK3yQZIoIBBlBRN1CIiQY+/QkJAoSEo+NA4wjYOphjCrqxmjVT6cdrAWNyZj7yoGZMqgWZTJsa+iYdYsORGgQyjRPWWqXcRsapBKlCeU9FEnhkNMKWdRE4AhW5vhuk2AJWtFCGzZ1CFw2+YxCTt2jgvCH5mziKgGHzTjmKKAFM+4KWQxg4Ltn4JGak9iVgLZFYAZJVvKEhwHB4g4ZpWk7F3MqmYeMThcBHIAVuB6VLgPNglfsCTA3L6OE7q3mPRv/x6CAkJh+SBnFUQExrqqkbBkPhhiSaIs6wAmMrWUI4Bp+Ymma3Aq1ychDlKBmxfQXeHUafmSOOXfwK1QEhWGYTBTQtIsyDhB5BkmMDBM12U5ItAg5wyIzMzo528/KSEXadSEbkE3dSQl9IUYwZFjK98cMbBD9ogOmZAYnSdywA6Zp9gvduS8Y4/M7AOFQBxcCQD2wdc1h8r5ynmezapZ8KBiZUEpUpIjDaC0WCbi2RyDiQxDHMZUQunGIQoYOSYwFSMV7xgAxiF2bcxZiJDRguNhGGNKYBZTMrG3+p3yewczTVIUCdPcI+cS42VFtT+pgycFpt3Sft5uScspWZgLWNQI5SExNRDQqaXAohdSm3AOxcs1cTKnT41WGHpqJo8OaDn3fZIsQgT3DxYP7+737djt+sMmHFRBB92bV4cHC4hjcdXmDI5doTjHsjFjGrJ1USrWuTOJaTPkUSCmuB7yebRX655BZ7U3wLYdAAGBF4tmOav25pWKXlxeVIzBEzswETAI3hVKFxkyF6DWlG1MDgFAAUTiPOA8OCXKxRitMI4xq5QnFZCeHIc/+fg+kv/xz19ct+IdlqIWVJBoMZsRW1HRBQ5jO7z/4Pgf/vF3l6tqvd6en14tm+rJw7sQ0/HR/ofvP2XAB8eHdw4PttsuZzvYW+4t5/vLZQjN3XvH3/roG7NqCYm+8+3v3L97dzlbLhf7Te13bcfOLZdLV1XEjOT6dvP61ZuTk9fbzc12OzhHe6uDg6O7s2bBzues7XaXUkY1LlZyy33Xj+O4a/vrm+31etP2fUwpuODYqejLs+ufffrs5en1OKaUk4gg8GI+q4Pbny/29w5iks16nVP2de2YJSfv3Dj0r16df/rlq5ttl2MCoOCcZ//l16cX674wEhziYhYO5p4ZTq52X7w4e/7y8vxq0/ddXbuv31x9+vmrmPT4cPndj5/cv7MHqkdHe8eHq9dvrj77/OWYIrMzsPnce8/Pn50OfXz48KgJnh3XdXj9+vKzz18P3finP/roH/7d7758ffG//98//Yu//eLXz968eHPx+vTq69fXnz87eX16/fXrc1+5+bxKUc3IiHZtv2vjt58e/3f/+h//+stXf/HzLwpkRsEIpkZ7yjS8xZYXXTMWGKVO/bGWVVIJTFFAAEYANbt9J8tpeEtSnt49uHU4llNsyluawh+BSvkzjVzp1sAHZoBo3lGoKhGVLLFPqnZwMP/RHz79F//5Hw9DenO23XUDsf/2N+7+63/+d9dX25T1wcNDNfgf/+c/+/L5+dNHd+7f3du1wy8/eTFfzOMwPnl4UAd6dXbz289fXl7vum5cLJvdrj8+mH/vW49fvjr/1Wcvr9YdsQNHMaoRppQUDJ0DsJRzQR+yc6plRoBkqGo52XsPFv/sH3z76ZO7y73Z68urP/vzX15t4tVufH3RXazbehY++c2rT3/94uRy87OfPRuUui5d3WyWy3oxq7p2iFGMKCVo2w5KGILmnAUM0KGp5JgMNFShQJZAlMCp4Tj2KpkJnXNd25f1i2SZUpNNQSHFERHrKsQow64305SSKgxtL2Jt17d9HGISgXHM3RClKCiQgg+IZKbMxABHB4uP33/06uRy6CMzLma1pEyI88U8xQwTosEYuWJfBQeM5DiOMTAdHy6ReLcdjg5Wf/TDDw4OF6q43Wxyjogwm89V8vHx8u79wzHFz7948+zFuQncOVoeH+29eXU6b/wPf/DBOIx9H0NVOyYAG5K8+/jYM6UYAfmzL1+/eHleNfWydp4IiI6P9lbLKqtd7/osUtKLYhIFmZ5Jm/BWEysCEJWKLn5SBZVO9bbJLV616Zk3ACpd8oRPB50e5nIRqeoEAkc0RNWS4JTVDCf9cdks/N6sViSo+hZpUdzEYGAFRQRiKiKSk/eL7ebCYLNpu5TUeQ/MBiw5qeTjg/0P33noGW/WOwDu+1bBQqiJvWNXCg+bMNh4sLd45+HD88vd+aYFwhJScG9v/6N33ru8ufzp569c8Nvd2Mcsoo7cMI7bTVdVq822Hcekqr5pmDGNIzvXzKoswj4YkQAgOVOuQkXEfT+MUV2o0bkkMgxD7StEJzkZYM6Qs4iqiKak7KuchmYW5vMlI3jCUgPM5nM0yCkDWFXVQz+kbM5VhlpVPksGMDAuTnhHjhQQKSVFQO89oTdDH2oi3w9jSpkwOPRV1TSzpYqxq7yfmRqQT1EWs9VqeWDIXYQ+qZLPCSQKAY+CKUM9n6dsWXNZaTJRyhJzIl/HMQ8pVXWDaI7NV9VisUeWxbDyHpg0l8EwLOqwt5iP4Hp1vch2iFUV6sDExFRWAQCAUTISOcDg2SGLqEHRqxGVUFgih+CdV2AmmvIviIAckfM+FDFRTHnMue1STMbMe4s6BHd50236NETd9ZGIHFNZt66WdXA0xDjkVGCpjpAd52zTFJtAsjKT56KOhyGJmLHzWXUY1TnyDN6RGoqh9y6mpGaI6AkXgWuHoACAyIDF2KAGgMRoejuRui2F6RaOg0SFjFZ0dFklhKZuZllMJKVxUkZImWEZ0K1qqLCBDIGLPxgZirdiuvzgNim4aO+KjAIB0PD2qpvwopMLiG534ASFXF1K2ulCLf2JGqhKmd8oKLMrtyRTtSxOq4nzUyIBpk/pYNIClX6AkB2SQ2IkMmQqhT6XLp+RPDATM7JDImRHzrPzRM65ihwTOQ6eQ8XO+1BzCOx8PQuzxlfeac6SEqiJSE7T9UNWTh91zhyBZO2HlLKK2TCklAURJzh/yghSeU9MacxdP4gKMRpIyllS+T8MIqI5T+OUWzYlmIAWnIiCqkkug/8ixAEQmG5cxQn4I1gOTZUyy58kPaYwxQ1N0swpxEhtssqYgkqBiyEUudEEAC3Ak1vAOZpmZlez3plJgTA8uLtfkcxr3+12bZf25/OnB4ta87LxlPscR888DLGPxuwkiyNOJllyBszo2lFGg4V3FUREqmbLfkgGkEU7DRYW94737x6szi8vzi6vVMXMgueLq5vrbXe92YJaE5jRNAsRBia6hVcUkC6KIRiSoZmIFKvDPMCPvvfNy83m5GojImgmJhmUQH3lzblHh/Cjbz96cbr5t3/zrOsVTXLKoQrMSjjx7iQlMhOR2tN3P3pvf9Yg2LPnbxC4Cu7e8fIbH7yDgE2oArnlbP7Rh+8f7O3t7e8t9xbbze787FJBz66u+36MaTy9uGiH4dXp64v1xYtXzz/9zaer5dJxhchVVSPAdrvete3l2en5+QWAeKC6mr3/3tO6rmOy2s8A7GZ9HQKr5hSHnBMgiOj6eispq2rfx81up2pEvFouna8+/eLVZ8/etH0KoVLTYRhccFVwVWBVDS44x5vNrhuHtm37frCcHHMdwq7tfvv8zYvX5znnGFMdqlntuzHtukGz+hDuHe9XjEf7y7qpvj65PL/qdu2wbncAuG3j2cXm5HzT9+NiHr790aOH9w+89yLaVP70/PoXn375+vRijKlvu/X1ZrWav3p5fnW5fu+d+3eOl2nIr96cf/X85PRys9l0Te3qxv/VL373f/z451+frcHzetefna9VIVShWfhs8vWLE+fZgDXjD374wXc+ehjH7En/23/5T04vr/6H/+XPxzGxQYqZmMu+a1oaYQkxIZ4WnxPdsDQDk/KnFENW+MplslGWqoU/X/bDE7/t7T61nJLeO0CYlCSKJkLTMWmEUOQt5fgEAmZkAuerIaV3Hq1WyyBGy1Vz/2j13jv3fvPr5zc3/eV6iy6ojP/Nf/0n+4vm/Hxzfr396a+++A+fPH/28tI7CIyv31yeXa7PTq/DPJyfXZ+eXt1sh+evrnftUAxDQz+kMTvH19vNq7NNO6oZDikOQ8xJmFwcYxZTsK4fVLRMhyRnAUBEx040A/HeMvzLf/aDDx8ejzE/uH8Qx2GzGWeBv/3RE0/y4N5xt+2++urVO0+Os+iLl1dDiuYpK9Z1dXG5zknHlHMUADXErOWXiKDgHJfMPr3VjEtSx5QlmRg63DuY3b93cHOzTkkQ0HtX6v4yHy32inJjWLaUE3smQnYOEas6MNHQxziMjgr7FQGLkYMY2bNLORJBzlI5t2nbN2dXY0rMru3a9fU2paQmOeeU85gGQAsuOPKqFsee2aWUVKXd9THGtovPX1x+8skXofF9N1ycr8cxzxc1EjrvgnMx56urmzFKPwx37x+J4Wo1e/DgAFBUtHKwWlb7y+WLF+e7XffowXHbdn0fZ/MQav/V12dfvri4utpWnj7+1qP9/WVWO757kLuuCjCMerPuHDEjG1jWjBM8nG7F/W/FBWXYpG9v9xI0g0Zwa/Yt179oBivhPJOmtAROTheUatkx3Fq0Cld0ss+oGAMZoEgGhNt+8tanNrXMhlPaGNxG8BWfsaScooLkYRxeIULO2g8xiynyrPaa5GbdVVW4d7x/dbMZxjEpGFHZuWtMjl0VgqqMQw8GznRRN+c3rRG33W7/aL8X/Mu/+dXestmf+7/61e/aUfo+zesKFbNKO8YotmmH3W5LDOhYQBHUNItl5ygED6YMGGMcU05ZREFFXeDlsunadlaF5awKgKjqK648mhmzE8s5jQBEzmcAFRmiREkiMfgABn3XzWczlVwqW8eOiaHkt4vkLKDgXXDsRZIjFrHALKqmkFIUybVv4iAxRXZ+0SyAeFEtZmEGIp6qRT3f7SICidmsXjS+2m+W94+OD2ezu0dHu13XRRmTzevFk0ePHXrA+nITI/pNp1lpHHNV1+xKNJMnNO/9OA7e+5QEkVTFYhxjHvvsXIWE81ndVL5y3lQ6Aa0bFSBmYDevPZsCYF3XFTMAAhGTI1NU8a4wZlTVas+zykmMgSiAoFFUFUVAlCmfipEDoQvBOzMyO1zUc0eGuO3z9aZHtNm8WXd9VFCj9a4PjmZNmFWVB5tVTKSMPCYtTCDnEcBy6YKZzTBFUTBPWKiiMUMUZUcKOEZhhEDIjClpMnWORMvMCBzCzEHjERGUWAHK6J2wcC/t9gWdeBOoBYo5AULVjJi4pAUjqk0iEdWS4QWIVO6nqZot7qYC7D31N74AACAASURBVCUoWcNa+gNAM52q77IDt1ug2q39B6f1HpgBT3B+VrSSPFCANwD2+0yAcqjqlBCM03eigM7MRJW5WgIik0N0t9t3Knqe6Q+ZDIGIEYvcnw2wTEmRPHNJVPaGjjkgO2RGZHKOvGfyhQtEwREHChU6z+xDM2PnkV3dVLPaM4HmbFnAIEvOBS2LQFQcYRIIyDTGPMZsZgISxyLEMyKSnFWUGStm1TR0Y4zJNHvPZhpjzJIZEU0li2QFBABVKXKd4mlXMCWcrLoqehv7UKQF09EK00xSUQ1wsmBBWYGZQjF1lU3AZEnEtx8CM5pO+QkPWjCRZbQDBRxmilS2AZkZqso/uVO/d78Bhjq4x/f38zAmkbPLDfv5gbcDlif3V8d39iSnbkw++O2Qyk/ggjekmOWm66K6QawXTabe9OGqXjZB0iAxPbx7PJ+FNuKmt4OZ26/x8mq966J3xAQktotysd52Y+dcseFPDKy386IibSNEYi7iQsGiUWNDHGL+/OuTbsxMpKaA4CqHqPPVar3t90L3n/zoGz/+26/++reXaJjTaGohuMoziKQ43hZyVnm3qMPhYkamL1+fn2+7rh/u3T9K4/j4/vHXL06urrZv3lzcXN7sL1aHh4c3u+1nv/3i4mZ9eXmFBHv7i812PVs05xcXSdKdO/uOATK8+85777334dPHTw8Pj8DARPvd9vr6AsziMFR1WC6aEmf68OE9Qs8czGwYegCta2rbbco5q/bDqMoC5Kt6tdpT1WHMCNQNen69/vR3L1+dXg9DVNUskrI4JkYUTXVdq8h6uxXTYRizyPnFzcnlWgxSlKub9dW6fX5yGcdYNIYANo5pjCMiNfNm0YT7h3uVcwpwvevWmy6lMeecpCBHIKaECHXlPnh659H9AyAE5OVq9vrV5V/8h09u1jsiu3NnPyU5PNi/e+cAAKrKzZvw5uTyd198fb0dhjHtuvF6119vd1+8uHz2+nqIWTWP/bBtx6oKzWLWj/Hico2OfR2a+Ww+X97Zn/+Tv/vRn/7w3ccPDlXorz754n/98S+TGBvElMk5U0Oahu2AaKpIwMhTNtHbkKRpemKTU0oBDLBAxOF2wl9UC1PGOVmxUJWmQo2IyJdgE4Py2iIilNNzWgWYTg4EvV3xzebz9a597+niX/1X/2C7i2OSd9+93++G4MP9u/vf+fhpPZ+dnN3cOVr88ffeef7i9PXZ9qe/evaXP/ls1w4ott5st934xZev15tBEE4vrscMWfD8ut1u+uX+PIp1QzQQ710/jhc3u65PnoiIktiYlPAWA8FOVMtMqLjriu4OkQwspex9SEP7+KieV07Vvvrq1ZA19SPH+L2PHn7j3btPHuwfLRsbu3/097/fBHhyf+/R/f3FcnZyetN1cX3T3r17IFnabbdcNPfuH2aJohqzIpKKGGDJN1CwnDOAhTp4ZvbOex7T0HY9AJmi805UVTMQ5ZzLHakGVQghVDnnajZ7+u6jdtfGlKIaE41DJEZf+ZQkZ5GSSkvsnGNiZGQkUVUV7x0Cpyzee+aSyQFJBCZBOerkumOFTIRqGFNUMUAyQiY6OlotF/5bHz+5d+/wqy9eFSTncn++3Q5nJ5d17btdf32zu1m3zHx0tGcGn3/++vXplYg+f3ZxsxvrWd2nKBlCVT24v396cjaMadelx4+OyZEjTjGPQyLQ/f3FzfVu6ONm0xFY8AxIIdRiaqhIAFp0vb/PeSydr72t/XGahatZFiEsdbmWcLtbRpYCIuh/nEBpPJGYS5NQwFjTjLYI26YVGyBosZ9NyPO3roLblZpNHF6bSCXlhVMTIMoGYBLbF8tZ5cnFmERk2/UqMmuqLNq2I4M9uH+wmM9u1i0AOaOcc2DYta2o7Lpt5fzBwf53vvnB+dnN6XW73rYKhsTrTX++7X/7/HU/9PPFfBglJl3WNaiAAbGLotu+JzfZW0WMCAIDO9aczTSNkZkJMaWYTHNWQArOLVfV4WGjcdhbNYtFDQAnpxdFSpXSUFXV/upIkohlUXNIMasqBu9VdTarnfd9P4YQDKQKVdf3aOY9O4Q6uJyyYyYzYk1xBLOcddFUqrqYVXVVL2ZNjFmV57N9Hxar+Wq12J/Nlsf7h5V3gd1qvjR0kmKK8e7B4eM7d2qkJvgmuOPl/PHR4YPjIxUE5kd3jx4sV+89uHe8WL73+J11r5dbGRSTYpLkiHOUQOaIiDA4n5LEKGDSBBezIPD1erfetau9vdl8vu3S9WYcLGDVjDGSc4OYqK3mtWfKMTkqIkAz0LIPQQSCTEUsDxqY5nXwqAungWk9yiggNnXz0/GtqiaiaoybbvCE33x0yJquu7SLELPElJNq3QQmMoPKO0JzhLPKEULtuXZ+zDgmYQKxbGY5GxIDAjIOMYla5T0xZNEhSlT1gUUtjopo3jsF6EZRQOcpi2YRRGLGmmHmkMrLiYRMxWwwqf3RiqAOJo4E2q1E1cxKIooZiojE7BwishTmJvFbCd2E3aESEoZgJeWZyq4NkYrzptTob5t9LGOuCX+HhKUFK84HRmK5JYTS7bKPmQ0QmQGmDMcSdWmTEQ59CIhUvgqjnzMwTLItRCYoC3Hg6TeLROyJHRBNUfWF909lP+CQyZCcr5C4ZP0iOvKe2BFxifqagn6d91Xl65qInXfNrJrVng00FbRVmc6biBEpIKAKmQZGNhvH1PUpq4pozFkBiMFUcsxgEpjq4FWl6+MwRhEBslL9S5by5OaURPK0SxU1UZiIaOX8nYr7SeEjb2X6ZYZvk6zfzIpxCab0ZpMJ8D9V/zqtTbGclmrlmC8fKm3DNFhRm2Lu0AjRF3VD6allJERQ/PhBeHxUnV61u/Wmb7txzAJ4sxkfHy8+urtcVeCI3lxs3pyvlfw4JiRfekZmB8h9yrtB+my9iJoNY4yqc4ZKxpjGuq5nVYWOL3ZxNyaSca+mbTd2vaLBsnYppcv11gDQNHinamjKBUkFSGiMQIZM066JDKRALACy5BSlPEMqUvyUopJS4uDGqPf27JtP9v+fv/nybAsz0L5rgw9V7auKg6McxzLHdYT37u598PTB3eP9N2cXr84vuhzDrJ41/unDo3cfPrx3eDSbzY729/70T3709MmjBPbXn/zqxas3Ee1qfTPfqxd7zeXVzcXVpqmqp08ef/D0aaDZw/vvPbj/tArNnXuP+rY7Pzk9uzi5PL84vzhTyCFUkvNyNWfiqpn7ur6+2o5Rxezm5gpJQuV3m+16vQYAE8w5DzG5UAHi0I+7Lp5f989eXr94eX6zG9u2H/qemFWBmWZNWM4bNK3rMGu8KSLROKaTs+vdrh9TGlKKMd1s26urzeXV9fWuBcnMRNNM0AyMmergm8ApDkn1ZttvNkNKIpKJiNiVbNBQueW8+sbTu9/+5kMD+82nz3JKY9T/768/u77eGMLe/qrvhxzz4cHCOxecv7re/PTXn3/1/MQQ2fH1ene16bsxIbLzTkSHMRrQfL4URfaUk5ycXA8x11W1a6MJ/sH33/8v/pPvv3fvAIj/zZ9/+m//8lcX171NHBkrAcl0K7WZfiAkQqJpsK+F+jKFY+CtMlNt4jUXozwVBEIJQy0yHigTlIJIKCPTUkWnlItKAqfYc8WSkm4gKnD7e0UAMwmhHmI8XPIPPn7/1795+ed/8ZuHD46+8e695bz5B3/vW9//9rs//ZvP/upvfrvdjQB4dr599eZmsbc4u95dXq4Bcb3ZsffMPoshAzKlJETonYsphcCAlFPKYg4oa2ZCVQ3emaoaqygxliQWIKYCnVAouY8wLQrRTFCN0IJjFFxV/uju6sWb6//t//rkk09f3jmaH68qNfvds7PPv77+yc+/2gn/9S++/Pkvn88Wi8PD1XI5u7rc1SEcHCwO9hpAqIOfzzwgxJi3mxaRvHdlXS0pIVEI1XTbqeacc8wmEAeRJAQ8xQCUxsu0pLmVIzGlXIiKYJlMffBP33m4aUs+mkMiETUAYjJTBoflxCjTGlNHRAiaJeVcBS8pZYmr1ZIMRHIIATSrlQAHNjXJOaZIjMykquzYO2bH66v1MKTjg707h6txGD/+1rsHe/Wdu6uui103hCrM6mBGDx/eu39nbzWvN5t2ve3GrAer1es356dn2/PL7vJqawanry81xYf3jpu6evb8xBEvm+rJo6NAeO/+nappnHfj2InmcUirvSUiOILgwtn1JqbIRIisUnA+v5f4m2oZG1mhU5VCoZjYESag7S0jvNz6xTNfrigwRFREA6ACoTa4bYSLpsHM3kJGJ5729D2YwhSTMYkMbiWsdjtvLIZELTeZMWFVLSCez0OYL+fbbicqVWimFHazpq5zlpzS8eF+CG672Q5DN4zJBR6TJM0pmWRLQ3pwfHS1aWfLxWpv4T3t+mG761CUQ3W16bIYIjFNY7K6CWg8jKmuKtAEgHVV+SK5Agve9W2LiKYOjIgcO4dGhoaeAdg7mM8qzYJgQ98lEfT+bVwTU72cr/qx74ZejEyVDVMaZYxQnsCYRCyllHIOPjCxaJaUmWDo+/lsyeS23W4cexFdzFaKGIfeh4rAchwc0Grv7nx+vGhWTb0so8IYB88usGMiNlwu9xtP3tPeYn64OljMZkklKhCgA9yfNe8cH7CvTi+umSk4BwDjOCSVq13fZtiNsu5GpDDGjAaOGRFVzHtfVbOxj8MwAnjnqZnXRCw5ZzVRcnWzaYfdKIqMjl2oulFztkXtKzRJCQEYgNFqTyhZssQ4KiASq1ESjUlzzrWHgyY44j6zIAKSFaQMlPJGs2YDSAJXXcxZ7iya+/8/UW/WI2eSpemdxcy+xd3DY+WeSSZzrcrKrKqupbvVPZukmtEAutAMoJ+g/6K/oD+gSwmQgLmQMBB6BppWb7V1VXVWViaX5BJBRoSHr99mds7RhX2eBQJkkAQdDF/MzvK873s8i6JRkYqii6mPsazKJCZJCQE0WRJQmk9qQlOE5a7tRR0aAqhAVEhJcx6xioqoJyRCMWyjxiTsPCBIUjP1DsSg6TUZhKwjVFBVx1R5qhwyggAaMBKNsU3ZEDTL7XOCWGZGCTP3NPJ7SIDGmOvvcba0F/8CInAG78YVd4YbgHI/z6OQHxAIefTEQyDi/NC4R2WZyfswRndneWpWFxhmqYCpEuXTeJTO2t4DIzM8OYZWRW3UdxXzPGraNxEExIQOifIVaqPZUXZOZdxLfoGInPNlZZDJ1IDE4Dj7/ZNzxMzsOARy2fYnuBA4FI6DD76uQuE9qqQYQbNtumYnTiLDLJk1LRjArO1j28V8pMVxuaSaVJOaqUNkoq7v26ZLKRkoMZhBjClJBDAwyrKCfNrJXqQ7mqaqIo4lfm4AsuXZHowcAX0wBZNsszCO/zPUbooIOEZ3GY6JC7kZsD3PoBnXNDCV7M1kuH8N83eaWwNRlRgdoGJRQfrx46mZ/uHJTT0pytofzCYp4dTz5w9mM69dhG1nb1fbLhr7yTDE5bYxI0XqYuqHvu2GwSxlA6lsio7URzmoioPZtE+y7vtVm7YDRLWgw+lBEQ0H9TLIwbQwgM2udYzBMTMzWOG84/x+lD/+t7MEU0RBMWNPIqJCSDk6gYCixiSCpKEodu3w+XsH//ovvvt//n9fLHuaeXKMHAJ7R6QS09AnX4T5fNJ3XeqHyaRarrZvr276lEJV9kMik4d3j09n05LCwwf3z06OvQ/Pvnn1t7/+zZffvNj2XbNrQxF8cNWkrKtJu22rMHl0796je+/cOX3nZHZmmpcY2rTNm/OXT795enFxvmmaZKlPw6vzt30XXSifPHl+dbNQg/W6JaZQONV4s7y5Xi6vLhddN1wuloMY+9KFerPtt5tmue5fvFo9P1+vN42ZJklxGNh754NzND+oc+iJmRVV0Q9D7jpXq23KrSMCI6soM7//6N7hfLrZ7sRgGHrHBICOHHuSpCriQ+FDsVp3m23TxxRTMstSTSdJTCOB1gE/fve0rsOri/X1YnV4fPR3v/jyzdulAhzMD03EOzycVrdvn0S13/7+xdNX103XVwUS48WbRR+BnHeOjCA3vlwUt89Oz24dDzHGpN0wELtJXR4c1Ch6/3T2P/zsRz/86ME/PX39P/8v/8eXzy8ds8ReMvBLTjW7H5pmbwIAQAbksfDI0/h9Y2BZ0ZjnGCOKmXMbEXIydx6T4GhDmQ/NvD8ENAPNyGb23xubjX0qahbd7GVeudQy730/pD/7yft//icf/qf//OubVffRB/f/9McfetPzVzfTSfHX//Dl//1X/+iLsu27lOz5q8Vm2yPT02fnwNxHQQ7saExidzxEtZwzgMBE5F2MKUZByoMx1OywQCPLgYhJ1RDJOXZOTfJQJ+sjRjLKzNSYEEG7tj2YlZPZ5G9+8eTrV8ubzXCz2hpBIvirf3j6d789/+Lp5eXNJpleLjarXbNL9s3bmy+/erlYbBzb48e3l8vN9dvl6e3DXRsvL24AyQUHhEM/lGUxvg5oIimlhIgmYpJX5YgMnr2KJEn7zaflNHgAlZTAMGttAUyS3ixXTdtHka4fHDO5HG8J7DgbrxERjok2imiOuazL4LyaFMHnDvDwcNbudrtdW08mKQliViczEWdHPmLMEEi+u9k5dESIaZDLm+0/ffkNAAXPTO69h3fu3J47R2nQsvJ1VZ6dHf7gs4f3zuZf/OFlEvHBX7y+mM3rw6Ppq/MrEQx1WG/b9br7/vfee+fOASI4V7Tb5oOPHjDTdFaic1999dIH9+DuSdvuhii3b5+dnc2LghfL5abpyJiZDDTJMNbxtid78rzUvp3c731BIBfuaISGlj3xDExM1ZSYgmdiVDVTFZGcTGR5K60mCkCZ+AcxM8v8dPYNtL2pEI73HebPSN4W0MjjwbjdHvX0Cj7MQJYpLVa75a7beQJVcOi8cypiQLtdu1huzy+uHKP3vii8LwuDWM8OZpOJY95tu3fu3jaDl+dvFzcbZC6KcrXtBHzhXRE8sb9Z9ZdvF4QECruuG/phGIYiOAJlgmld1pXzhNm525dFVfn5dEa+ZDep61lZ1F1nAkTkvOMhad9FAWAXdrsGiJKKY9f1MSqrgqGmlJKoUQBAX3DwHsAULNuZiIlKipqtg4yzjxhSVc+GPmWPppTEF2VRlbu2AQXnHDlKimo6JJlM5mDkfCGpA0tRzFQYsfBFCMHECselDwacNHVDVEB2PsahKEqPDKizItC4urSqruIgDHD/eO6Qo4VmUGCfxGLXS1IEDI5lGED6PE0IRZjPKu8IAYAdJHPMngxAE1BvOCRMBkacDFNKBZrDbG+RUYWUixlViyJ9jIZo6IxcBFJDAyaQQbUXY+YkpkZI5MCNR68CAgTvm8Gu27TZNJ7AQNdt13SpjQrEg9qu7VOKs7qclN47liQmimxd1E2fEGlSBMesgE3fZ1k2jcU6OSZEEwAzipkQcQ4R1TR4BsQ2QjJjx3kUJWqAUHqqPXoARTQmJJJcp2cAHkeNQU6uyePa8bODe1gns/PZUGgcQOUUD8zrEGTMWp3cDSgQEXIebBk49t47EdsTKKPYICursxpIJGlKsLcfRRjDg8ctC+x99LJu6I+tyHiM4Lh4VGJARKYwQ2QjQyLA3NBw/gYJyJCIc9BBNvvPql/GPGBh71wJ7NE5QAZyOQWJnGNiYs8c0Hlyjn1uAArnvQu+KsvgyFLUGLPgQkRSSpJivq3R1BM6tJRS36eUVPIIXTWlqGaSNC/7GAlMY4wypDRC/6AqKqpJMkNiZirZZSGpSJ50gCGgYl4CmEIe+WfLBckE/yj73Q8a903C2B+M0SkjtZlnJGp7O6FRIpxPX9zrAHJKgH0rtgJDUBodosxMzBKj+aJ2rP/dd+knH8yaXQcAZ2ezy5td18d3j+sfPT55787Bs1fXl8shGm266EMhFnZtG1XEUNFFETNh74C5T0mJhi6CJjBApmhoSL3STRO3UZE9Atw+KA4mro2wbQVMQeJ62yaR0hETmQrnt0JOLs68NQDuxZtZxiAmthenA2hKabyaycrAs3ldldWHd4sff/fBf/ibr9+sbYZGQDRq88XUcriKSiSDGGNZF0ngarEFRl/4g2k9L4s/+94HP/30u30TY5+cC6uu/erJs8V2m6Uvd+/cPj09OTw4WF+vSfnO0fFnH3z04buPfvDpp9P6CBIfHNTTWXGzePPm7Ytf/OZXT5593XbdtmnabqirAgGatq1CFUUPD+feuWpakQOAtNks+7a5Wa03m02z2wI5EYl9VKWrq0003vVwvti8Xe7aXS+anHfDEBFycKoW3p3MJ2TWth0z7XZ93w9lCE3XRwHneLtr6ulkUteTujieTx69c+vd+7cculdvrru+N1Hv2DFnT48iFGbQ9F3T9ENGKACNyJA0JZXIjGB673hyejR98XrxzYu302n91devnn7zVjQhkRrErj87Pjg7PVysmt999fL1xeL06ODO8aQq3MXlqh/ABU8IYiAKSQyRj+azo1lFaE3bEVNMQmqffXLvv/7Jh9997+47d0+/fn7xv/3Hv//f/+PPV6vOMe6aVs0QGAFNEuUJZ2a7FBj5W+mSqOzrjPFzN2KXhLnBzowzjm7ImvPMRw5INS9mR5IcCMwIGUw15UhmI/zWTzGbBOmYu45GQMFTWYW26Y4O/J/96JNf/fbrb14sPn7v3r/+V9//9JP7cdCf/+rpP/zmydMXC1UsSt+0g4LNDmYU3NHh9GbVDELDkOsrbfuISHGIZsY5ih3s25MHEfPVMsI8ez8wYgYCwLzrABUhM2LIKVmOss+c4ugckScnkGK6vtkuN32MQ4pd2/bR6Ktvrq/Wgy+8aQoePINaqusCmbq2m0wDIJpGJN5uBmIiwtV6R+yqKhDCEJMvPDMxs/eci8AckqA5v5w4v15qJmnI94xjNoSUkkgEU0J0ziFilAiAoObY+bKMMY4vl5ok7bpeRdCAkAwk36EqaS+8UlMlQAMR0RiTJBEVRPTOmRgCGJGJASApJI3j1befW0fVXbOTJN67vm+B3fy4/vjxncVi++zJ+WQS7t45ev787Xw6RcJXL6+lG06OZ19+9arrZb3eqSRRISIDXW9aQ2674frmRoZYV/7TTx4xQeFDcP71q6uqLoe+/6cvX715e5Nimk5KU3zz9mZ+eChpcKzBl22nauO70cY5/zgNyo6CmAv9XI5D3mvZnswZh/QjWYBARIVzH90/fuekGpJuBzMzEc3xTIaUPxGAmB8uO1Fk4+o902o2JhY52HcEe/QYwb7FjmjUFyMiQRTsdq9ie1FVhanMZ9XQpRjVEMuiVBPPUJfF0EdHgZnRhB1J2yG5KpQE6A0+//Q7Pfk3V+uLy+V23QdfNK28vV4P/ZCSbNum7WLfJ3SOmLuh995XlQsOFHQyqWa1Z5aqcrNJTYTNrpmVxcnhrOJis3EJTkN16IsZs59M5mVgsFSWfjKpFov10fH8wTt3hqZPvU5m87YdjKzvdo4phEqBQHpNKYtbsy3Sdrc1VGanCjFGQCOwoqwmZRGCS7Hv2tYhJ0lFCGVwIlKwG+IgJqGsluubbhicK5k95oE/gvNlYFeEuijKIriqKg+qelpPiqLIdAE7KsuicAGRQ3BEkCRNyuKgqr2j2eTAe89Mpfe3j2Z3To48ubaL4AsAIyIirIN3hIQwqevCh6ZpAaAqiqurm7qoTYCNZpNqWhWTwgXAaKAUmiH2fQ8GXdszYeGQUTX1qFp6JrQUoxkSswIqoCAp4rYdNoMkGchSkzQBK2AaxehMiKqQ11NEpKqD6C5aOwgTBGR0qCqi0PRRDIaEbSciqa4DEcaYHJMadIpdb4UPxBTVompMqkAGudPHXdMrIDuSlILnbpA+KeRYg5QKx0TYD9aLjXlXzKqmYp6sDlgxipkAwqj0xbEFGAFSyDhqZjT/GKCVu24VFQE1YsrFOBoo2ig0zmxf9qTIGwICU0NQVc25sGoGSKM0NFehhJkAsLEh2Vvl7XXFo3XN6BVqkCXKo4ouk32YP+xZgICZ5GZkKuc4Sn4ZyOV4XyTeZ4AxsgNiICZiJs/s0Dn23ohHh21gImfMzJ4cAzI7R84xe2TPoeBQuBCcc+ScC6GugifQNJgImRlm7j+ZaQ7wyoP/glFSaruY/ctUk0oykYyaqCQQDQjekUmKw6AqRJbtK1QVZL8lMRPJKjaxjOfsD1HbF/152J8rjHzf4BjMOGI/kKPasxODmYFQRoFGV7a8TADTLBe2MSpMxiXSmBOm+u3j5InPvlzJC94cv2giqY/9D+7z//SzBygy8fY//puP5hP/1794eVi5x8fu4ems7+X8utv2KsxRWZQ2w9DFFhCDL9sUCc0HtrwjAczJZoTovVNRMRaFQSgBsg/svKX+/kkVGM1V26Z3IIOkbdt6z4SWtWI0OjZm5AmYiBHzMzRqqRH3ttIQ0yAi3jtfFN6RQer6YbNtP7w3/dPP3/9f/69fnd8MFHsRIXa7pgWwrNScziofQuyH4+OD2aS+detEBKRPt47nD+/efnzr7Icff/Dw9p3ZbH52++xmc3N+efX81cVqs5lO6roqzs5O7t67PamrsigOqunjdx58/uF3753eqquDGGXXtWKy2t387svf/eHZVy9ev9z1fdO0RH6QeOvO6b27t/pt4wo+Ozm7d/edqq6qur66vtxu1mgy9F07SNO0Q0pEzpEDdGU565Mt29hGevl6sd72fdevtltg6PtBFZzDIgR2DhARbRiGvhsyODaZVKq2a/s+DojG3h3OZ0fzelaF6aSMfX+1WL26uNo1nXccCi+mTFTVFRJq0ijS9zGlfN2DGKgqqJEpOU9Ij24fff+jd5fb9sX59Xw+E7Xff/XawNCNE/cy8Hw+Wdzsnry8atves9w+rg/n9dvr7XI9GAIxqYKYJlFEnFTlbFa2zXa52g0iDx7cenzv+OHdw/cenD15srZs1gAAIABJREFU9ub/+evf/foPr/7+H59fL5ucNzRIQmDIngOmY7G+dzxgyH5rWSpjNIqexh1b/jLvQhHGeLBxJJr/EAkBTPJ+ALPIav+PgIgQTOVbC4PcdQPnY3dMe7FM/6NaUZamelDS8Xz29dcvr5fth4/u/Lf//FPt+1D6L7+5/OVvnyXRmGy7a5NqEjWFovApyWbXdn1MSca5S0pjbW9KiKMnSJbE5dBmxDFqF0lSUk3DEJHGUEAc4SZzzJZShgI1n1qi+Yli5twsMbkUJZ83QxwMKQRvgGK03bWjYZvZat0CMBAA8Ha9PZhNUlKHFLuh9PTOu7fqotiuG0XrYjQ0VfOEQx/7fsiIIxmkFEVERfP2W0f1FCIaO0aAYYgEOK1rETHNoYtGhDkzMm9CumE4u3UYvG93TfBUVyU5FkneO8ckKakJE3H2k0BUEYkpiTofFBGRY1Iidp5jP4yhEWJqRkDeeTMBUCRwxEBgACm1//2//EHbdW+vlp7AeQbRf/YnH/zk80eO4Opqtbhef/XkIqZBhiEZBu/ef++2C/71xVXXx8mk3jX9tuk+//zT2ax+c7G4eHN9cjybzWe7pr+6Xh3O64fvnrKD9bIB008+ujedFX3U3/3+xb17pwcHJTENg6xXzWxazmd10/ZDTKKaUsw7HyQGANEENmKmgNllOufg6B6Fyy0Ampiq5GYMEYlxXvn7x7NQls/Ob0QsGxNmE1Ub42pGykdU1WQ/UQTMvne5L1Ycx10wlv2ZQMp/CfvJ4gjOKqX2Om1fV2FSFbUHPjg8WG42Tdf3fbtpNkzw4O7Z4cEs9UPf95vNVhEeP3i37/oA9NHDh/dOT7569uqLp+dt19WT0iHWZaWqi03bdX3fxT4mYl+EwnvyhH3f+CI4TykmYGciOXshBGemJhKqcj6dTeviO+/ff//Ro5fX2GMVyplo2Q1Y+3A082dH1eGsYiYCnJd1HcJsUh0eHQIiEjhPZVWLJO/IEzKiSM7xhLbvkohjF7xjR967HIIwRElDbyaTonCOA4f80Sh9gUDb3S6qJZVd2wECExI5x8XQD2TmXOGdJ8jhtsCMjp2jscwKznlmRBNJgV02RxGzJAYA3oFjhpw0ZIqIgVxd+IPS3TmaFD4ks0Eoiu3ahn3dxbhrO0BfVhNH6LMHpHfHRzNNQ0yqaoVzB0Vx+6DyCLtu6JI4z6oQh6gAwSETsSdC0a6bBE+kqEKISbUfxrMCKRDCSemOipAs9EZ9DlWzHKKac8QzlGKixuwVqe2TgDFw6d3xrE7DoKouFJ3AxbLdKq123SAaxVzhB7FNkxS0G/rdEPukRA6Q2iYOKQXPiNC0IoBDSs6xc9gn2TQRMgOjUgQ2hG6QKEYIqjbm/qoxYsE28fkKIhgzCnNicx7905hNiIi5Ls8T+/z67i8gJDQYsVWAvf42V35EWak7fp73BkF7998cXDniR2OhqGpiuVuAvHzg7FOaO3bJGz9CZHK5o6cRis2bHlbNIuDM+49sEnN5iDjmeQHmzQUjMqJDIiMCYkMy2q8CnEdiJA9II/ZDzC7wGPfLzjtyPhP/HLwPhQueXKDgi6ooq0BgEgdLgiZgICLDIJYTzEQJNDB6MlHp+0EBgTEliTGJiJrlZZSpMgIzapShHzITLCoxJsuIEOaOSCXfUt8ecmCjT48IZEmWgWWCJc/gM2SpltNtM+qDIwgkYz+Wq/8c8JuT0kFNJE/0x6A21VzJjAqBrDjOXGw+UXNZkBc9+T+jJqkHFQc6g+biuvn18+3Tb67Pjsvjiiuyd09qju03r2+ulkMoK0VYb3oh36W0HXozDa4kJgEoAiNY03Wa1BERgWPKHap33hAcIhIlVecCIk4D3j6qdk273vZD383n5a7vmrZjJgSjcUQLIykBGaAmU0spE7x51jY2BtHMMZtZN/RD34bCHZ3MjN3ZLPzJxw/+w998+XwlE0YDqSYVEaWUqsqfHB4UTLMQum3z4NbJ5x+/d/fsDBr54N47H7/z4CefffzB/bsnR8e7Zvjm9cVqt1ssV188efbq/NKHEIfu6uYmiVxdLS6vF69eXJzMDz989O6Hjx47F5q2uVguf/vV737z5T+dX148ffHy6+ffiMWY0vXN+mAyravppC5TjMM2pWhN24VQHR6fRUkvX7+4OD9vdw0SgMF6vayqSfDFrunarh+EjCa7zm428uZyubrZMEESKesiJZEoZWDvSFUBcNd2bdd2XY9EOa80eIoxe0T0RFCUBYgcHVTf+fDhtmlenl998+rtMCQkVLWqKGMUl83OjAAwV/wp+4GrakqEWHhH3jnTv/jhe//2X/7Qe35xcbPru8m0fnF+3Q+a+3qNUgRmwqvFerMdwCxK1wz9ro0XV+ubdZ9jWccy2YwQCu/q2jMaERTOffrJox999nh5s/r733z5iy9ePXu9VGMT1WzhqwrsclTiiPHAOPDMXQAhZd8Dw1zjav7GbJ/2u98v4Vh/wJ4LyjYMeziPsnX/OBmhMcrRYOQ2wXIwtpqiGeO4Ah3/tQEipCTonPP45z99/PDBvd/94dWmHYLjjz+6fzqrvvrq9T/8+tl//tsvk6ik1HURkVUtJ7zGpF3brVY7NQAGUSUkBCDKJCmOAyBEyZAlgYpm3bxoAlMmBDDviZBT0uDZe69i/ZAI1XsfY6Ksoc8oZ54f5bcjsikgovMumaARs2fnwJQIfRkUUoriHA6DTGo3K/1sUr737m0UTV38Zz/95LOP7z9+cPbowamD9PDByclRPS1pUhbnb5aZKVcVIhqGmPfcBuCdU80nKzCxmjBTlETsq0mplghwiFFU2ZGaIrqm69u+Z0dFGQgpxdi3sd22muJsNolR+r5zzDA+QyiSEMbgHURUBSYih0kkxuRDUBVCZBqvVgNEhiwVGN8wqiPyyDT0/b3j+Wxavb1cEmgVysX19qunr+7cOkLEFy+v+qhIGAJvNtvZwTQOUWPs+7Rroxh4z23TIRfrbZvEDKwKxf17tw4OqouLy6tls2s6IpuWgZkZtG1a77AunQJf32wODibzgwoMnj+/kKQhhNVqIyZiEIeouAdH903puDXOd8WoCkT745hKYdQXkkK+WyBFXfdxse1fXy67aIQokmQ/4h+vpTwAy6uDXFvY6GSCSDmVdrz8kBTI0MA0j4/yJgDychzFVEw0uFnl2qBLUDXDzWqrpEoaVdn5IWFVFmUZppPqZrEoy8Ixtl18eO9WEdwPvvPxJ4/fbYb+xZtFKMvjk8mn3/uk8BzjsN7tzJdd1wJg6UvviqP57GReHc8mVemdw+B86T0zEmLlPTMDqnPMRLu2QcPrm01VVXePZ21KT9+0yGUInM3fAYMlvXNYPziZsFjp3Kyo5geHorhrexecRkkp9W0HACqKBN65rh84hAx8C9BpPdltdphjcdnHGBHAhwrMiDCLj7uu6dtuiKkowuHRYYxR0QX2alD5+mB6rJKVCaEKlYIRsXfeOYfkGFFM+5gQwDlmR0zOERXBA1BKQsxxGIBYkYwAUavgq1A5dkxYFSGgzkt3elB7X6zaoRdsBcXY0CfDsioLB0PXB19OygpA6yqEeupD6KMMbRdA7s7CnVkZCLocnws0CBmyiqpGh+gYWaUOBBIR1HM+8IyIy1ClIZ5V5b1p0QpsBdVykGsenGccBdTUoRHAECUZsPddtO2Qtn0vmiZlAUBN13dJ2ihtL5shtUrrbR8NuiF2Q1JEJktiTZuSkQuuTbJuIwA4z4NiO4iy2/V94ajwLqn2yYBJDDQKkAGQWAYFQVJCIjNQUAIrHU4CI6IaA5JiDg1DNMv4/9g7wxiShbDfRuOI5eAYzocGI15jNs798x2Wpb045vvu1fk5WAnHTdyY3jXeeZSdhWA//xJRMOBvNwHZ5AvZMswyztNG71JEorwPBBstBACYqqNs+4P7nwEcggFz1vgSOyNCdrjXABgyEAM5ch4wh/76bPnPzFnyi85z8OwDec/es3NFGcoioKoO/SicNVCVmGTMzFJ1BJ4sILRD37YxChhZP6RhkH3EoZmaSWREz5Si9HFgRGYU0ZhUU9b/jYN8FRGRLK/W7IScJ/g6in3R1ExymPrIYo5KLDPVsdhVNd33bnkOl6clubjfi4PHySaOUuC8vM00EYybGB0T7m1UEYy6Q1UAIwQABRTvKTcbrfou0cboq4vu6mr7g49OD2v64tn1F0+vF+vGO75ZNVfLrh+UHatSWUyd830akkFwYdcMBlC4ggA4932WiuBn9aTw5NA8ERPKkBzTYbC6cNsegL2B9m27aztRCczscslGo1gKczebx5GaXaeAkD2LKgiIx7Zr6uBCVQJJ3/fTaR2KUDv86efvrbv466dvC7LCOSSUIR4U/s7h5KcfvPvf/OnnR3XhRG4dTD//+PH3P3m/drUNRgCMg4EubpYv31y+fHv17OX55fJmt92+uVwQUwihLJ2YrTdb8jz0EcDOTg7unJ1cr5b/+Pvf/92vf/nlq2+en7+6Wd8YwBBj2w8S1YSDq06O5+8/esd79+bicj6dfvjRh74uJlW1a7ZPn3795vXrKD0xMkGf4nQyLatJEj6/XIt6pAKo2Kxb5jLGxKzzg/rs5DAEZykVjsvChxCYsOu7FHsETEl8yUXhptOynpR93w/94DzHOABgs20nRShCiAPs2g4Rbp8dPrp/dudkPimDKBCRmSETEappBn/QDC0RkXMBzN67d/Tvf/ajH3/+ftf3T55fPXt1pcZPXlwuV51IYkJJgoTsseuHOCRyiARJxAySABJY0gRShIBM+fA5nE2cZ03p4KD+wXce3zo5evHy/Je/+fr3T990nTESGCBBkpS3pUBs6EDGpdu3Mqb8dZaF5TdRHl/RqOKFPaj4bcDp2Fzm6igfciMvbTltfZRVIYwwmoogKNO4KzCArCdjwowzmxmCQKbYwYhJVP6rH73/+Xcf/vw3zxerhgxE5O7J7Oig6JX/yy+/ioKgA7JD74w4Nw9GqKaSABjZcRJFMFILzrGjOETHbADZsoaIASmlZCYOgQjapmfHVVV0bXd6Mg+Om9323p2DMrAjunM2OZvXgDQMKpKnB/uxbQbCzUQkw4y6n+FKEiLu+j0/A9b3LQBN6+Lxg+Offv8xavyzH38EkhZXqx99/71375/NpsXNavfrXz3ZdfHi4sY7PppNdrthVofJ1JtZ30Uz+9YK2UYOXEMZkiYEOziYAZIr/NHRHAF22x0x+dI7Zva+77sH9w4//+RR3w9EVJRFHGKMyTNWk7qsQkxZFG2qlne8zEyOAUCSIpKoIlooshTJxZRGGRWSjOb4qKpJIhEzMRp57xBAREAteP/l01fnbxcHk8mt42mz23kfVtvhi6cXP//HZ6/PFyFwVQUC3O36m+WmbdOz528Xi+byai2gauJc6AZ5c7W6vl5st+2krlbLlfd+13YKZkDLVfvFl6+2TVfW4Xe/e/7b377YNEPbtYtl00fRpEx2NJ8AUtu0i5vtEAGQAC0Okttg0cSY9wA6ErtEI3gNexkuAWNW9GZpr1l2BlSJSVabNg4KAJIiEdneUEjFsoIvX4hghll4rIZgKinnNiQTIrQUs12nyJBSNJXsFASaV+ZZVicxkophfDavZVZPYhJkvLxeeO9QreCCixqSkMLQpbOzk123O5wfFNO63WyW2+Ht28XlYvn7J9/0Auw5Rfn66evVYvn28rIb0iDsfFmG2rNzDkvHseun0zqpLlbbGLVwrqpLh1KVofAhpRQ8u+CQiEwZcbfpu7Yb2u3NZth2zjsgJ74s0M9WfXj2trtabI+m9aeP7t+/c8eMzi8ul4t1FSp23LadpZxX06lkAQ8bQIwJiGIvP/jg8WePP/jD8+fIblIWyNK3XUzQtN0QUxQYkpiaGLRxQKRQBDAU4M1mqwrNdud9VYSiH4aiLBz74BwzIzMzB1cw+ZSfdiKzvfk6ZatGIGYmdN4ZkhoOKRJj5evgC+/YQAitqqrAWAd/++jgwclx8A6ZAXkw7gZJwEkhRt1uu64bmqZlxKKsmF1V1IRYFXQ4m949qO9M+HaF86owI3IVAqB3IkJAIfhh6AHUew7OV96VgQMTmoKiknUxssWbrt+OZZQhZNqG8hrKLE29mxc+mXTRzLJcGTuFLpmC603FtJeURIApFGEYJIo0XRJTJI5RppOyLp0qrTtJAAKwbIY2qpgNUVZNZ+x2vcRkzhGhqVkUMyDJkwWDaCYKxMhE8i24DUZEweGEwZMlAyDOLgUAtCdtsswmDy3GgRUYqCIRq6WyKjn7igIAUM7voAxNYKZCcc/37cEcGtujvVMMfivSJ8IRrlZg5zhLEgQI0CiXtSNTpJKdSZ0ZuFCIWTY7IkJRy2nuOO4XgLk+RmIDAiBABvZ5I8nEgIw5VhiZmA1Hi08kn8l+I0bnnA+IWffl2HtyPnuAulC5ULL3HHxZhjIwSpQhWpaLqaSURHSc5EnybLV3RNa0XT+kJAaoQ0ySxvo7w1XZYNUx5oxDhCzckSQJR8jWwEQljayqjmdfdhcxEcs9re0RfpW9AaDaGAtgGcuFcfBi8O1vIfcQmi3/QQXMEMFkfIS85tlrAEZlQAaexxbCZFSSwN50yJTMDA1MCIl8UTgkHVTSbrs9OppdvNlcXO4OK+6b3XVD2x4mk6IKftWkfrDSe0ipKquu6wZNq+26T8kUmFzhmE0dWYq9pEioZeDacRkYY8dgIDH1/fGsnFVeza4Xa0MgS03XMrNnZM6XRF7Y4Xh/5FJNFUBFJO8xJJv/m253u3//sx999vHdv/n1H1SSiDH7Qvu//MFHj9+97bh47+7xYQmfPb4/YT2u3Q8+fPiXP/7e6eH0/Prqv/zm9//0zZubPr66Wf/uycuff/GHP3zzordusboStkXTfvXN67fXqyGm6aQsC3f/wa07907LslzerCaT6uz2rYcP78kQJ0WYz+rr5fL1m7dffv3EUMGFtutUYLtpN8vNu/fuV2VR1+Xp7TsV8+LN22dPXuw223wjXt9cvXnz6vz8vG22qnFyUJvCetN0u+h9vWvT+U3bDI7DAWKxXK+Q6fRsfnwymZTOM8zq8vbZwcnR5PateRpiP4hzHAIfzKZg4IOXIZWBCu8cu7bru76l0dOXjubTo1mNAM65e3dOP3x0909//OlnH7/38MGt41nZp0GBd+0w9IOmDM4ZExTeeV+Iyjtnk3/3sx/+23/+w4NJsdm1L17fPHl2cbVcXa23q02bU+gIR+uD8e2JBqYxyhATEzsClUQI8/mUgNt+INL5weTkaLZebwHwcDZd73Y//8evzy+3KgAqmpKYGmIW8WfK3QBIzUAwS3KzbxYAgiEQfOu4abpvq7MN/R8lwBkEGsfeo8Bq/P2+Idh7mykAZFEsZpEA8iilFNMMv5l927dmZMiI2MyYkJk/++T+w3uHf/X//tPNutuudkkhOF84A5Ff/eHVqtEoKQQ/mVZGQI6ysSAxmGpR+rqqYuwcgak6ItXovQMcXQKI2HnvmE0VIIWCj44OfPDL1c47mAZ8/OD08buns8J98sGt9985Gbq0XW1ms0nbd28uN2TI7Ewl90R5xawmGafd+6aqoaGCiCIhszuaB7MUo3jvJMqto8nZ8cR7ul7shqiL5Xa56dbb9suvXy/X3ZOn50lB0L55eX21bK8Wu9VqM5mG46NJHKRtBuc4p/OgY1CTNITSBe9hzE8XFUC1ZruWIWZqtiwDIRQhlIHvnx6uNru3lzcqYCIpxboukVBS3G12cRicD4iYna1t5M5ZVBBB1e6cHU/qcHOzyfeGmYbCB+dk1OgBE1HG/lFTSjlmbkxOMDPR4D0YDv3w7v1bJ/PJ+durTFdkbVjfd9tdB0Bt1w1Ry7q8f/f4/cd3q2kRykpURbWa1s67W6fH8/n04aPbCJGRZ/PJ3VtHD989W212Xz25eHlxdeveiQAMan2S6cm8j+nyevvkxeX55fLu3RMmC56R8O3lsm26aT1Rw+xDlUt5BBITVXXkTQ2zyWJeRGue1o+N9B5Hzm9sQgJTI0aJCQBFTESSSoZx+9gzoEka8X+xHA+MxoASHDMqWSpZhqGNaUwRphFRQEOngGMAKBCgr4rayfnu8pce4O6tU0KZFs4jFM4fT2eOYHGzqIoiEF9f3VShjDFu2xZd/fbtm2Sc1HZdPz85aYYhgV1dr54/e+ORbt86Ozk7IiARRcC7d45ns9oMeoVt2+/61EQF9MQeyIMlRDDAIabtZlf4UIYQHJydHtVVubhZTif80TsnUXTbMQBYSs4FNdoprgZ/seEXy3boO4Io0lZVnRMLGCEwxb5XkGxpV5clG3RdY2r1ZPLi1TkTHB/Nur7Z7jYIaOgFjRG6QZqmH6Ipkyrs+phU+17bNg6DEOGkmtRFCN4dHp6WoUSV2Heo4p1HQFVVVIfknPecq7IxKiLvYs3GiYdzLlNwhMCADtnMAAXAMnjMblweeHaTEKahqKvahRAN183QixR1FSWCQlH62bRk4ma7NdVxoFaEpmn7vsPYn07K2wcTxCQpbdpe0Bu4PibHDpE4OEJIKRJYQCgcFw41RcdomnrRnXiH6JlGAys0IiZAAy3ITYmCoyapAoipWkIiBDckbWLskwB5Y46iRGSqzrEqMOFsWg+9tp14jwR6tRvebLtGLSp2ooYUAgNwn8yId4M0WdqNxI5jDgw2ACIFHJJFBURjMEQUzZU3mAGjVQ4rR2IgRoaMjGagYHtPH9wvn3MfQNlVQkBPj09mk8lyvQKgLMbN8cLZzmK0hMy6YvzjL5aTvyAvkTPKD8SjnWi+NYlQkxABEVmOGch7wnxXEgGgD4WkUchKRGpiOiZh5l0EjnaRkxPK+BsSIOO4aMiIEwHnTAAG9uQdkkN05DyyAyJij45z2he7wM4jMzrvisL5gl2BzL4IRek9k8YofY+q4yAiqY5xPKAaHUHpEVSapktR8x4/Rk1JR8zcskjC3JgLLEky3aiW0viV5kJcEEEy8a85ScBo7KPMTDBHqo01vRiMBj5Z+LuvKSST/ftCJf/ICj/ItiR7SV9WZihkReLYFeaXd3zc8UP8x0Ed0Gj+863FspkmlTQoaep+cp8f3+ZZFZQweE+Ad8/qR3fnVeFfXA3LdUOM/a5vOnPOlZWT2EWBdbOLEhWQgUQToyEoiprGSRGqopqUXAeune+arTMI3iMiQzqa12oaBXxR9F3vWC2lMrCJSBRA9EzMJDneIjOghmYqImb7uB/iqMkxFyFcr1Yv3l7uOs3Rhg/vlH/5g49fnb/52989++r15W9+/+T5m8Vi055fLV8vVq+vl0/eXP+nX33xy69erDoZ1Noh7trherm5Xq2HoWOH5Pjt1eLN+ZJDELCjo2nfNBIFiNbrZr3urq9WRExgBdFRPX3v/oNPv/PJ/Vv36lA9uHfn3p2zoU/r1VoFKseTKjy4ewsAtsvlbtPEYRj6zhd4dns+nRXNbnu1uF6vNqLYxw4ImqZbrppQlAbYd7rexV7C5OBsPj9q+8YHOpzXRBq7uFxs0mAP37l1+85RUfq+GZz3Bwf1ycns3Xund++cxiGKRAQ4Ozkg5OurVdMNzDzEFFyBSPNp8ejh7bIIR4fT99698+792ydHR8enh6J6db26utku1rvVcjP0g1hKkrxzZgxmpwfFz/78O//uZz+eVP7yZp3M3l5t/uGXX17dbJshrrcdADJCHoOkJIxUFqEoPDNn+y0iLr1TM1CYTquqKja7NsYUvK/ratcPq10HQpfL7eJmJwmYwSTFlAxpzAlByY1MVtSMfDaMUUP5D0Y1kqmqjAbRRnkPmqWQkCmXPPNEBBij8QBt5PowP3JmbUa8cqyHTJmQsh+a6LgSzetXgJwDMDb5RPlJiGKE8V/9xfcuFuvff/maHS5XW+/DbBp+8L2HbR9/8cUrBUpDYscG1jYtkFPTYRAmiCkRYUrDwbQ6OKiXqzUDlkUYkgBC/oAoIDNKTHEQM0zRCk/zyn/w7um/+RefHtbV1fXu62+un79ezA9n55frZy+WXYvXy13bZsXNaO4+dj6EgChR8ghpPH72mk3n2BEP/XDruDw5Ki+v1oFd4Wka3IuXi23bLW52V29uvv/ZO2dnB18/u/jD1+frpgUw53U+nw4xEmLT9kDYp+HycrVZt8xOTSWKJDEz9lQWhabUNj0zOeeZeLdrgvdMdnQ0TTGmJBpls94GH7pd+/L11c1q510AUTFjotn8oG3aNEQRdcwABKgm4l3IdjeiCcC8c2BwNC8e3D25XKyYWSVmwYcmQ8I8wmECAlaDpGJohioiTAxmMeaQVFCQIaXFYtM0Q58k9n2OW0eEIQoAF46HFIsiINijd04//+ieqq42/Xqz64fIjsvgj45nzlClf+/du+v1+uhgUjh6/PDs5KhOokOC5XI1n0/rSdHu4mbXDTEuFsuYdLVsVptmvelubtah8MiuG4Z+SG3blWXwzmc1GI2e4kCGySSJIDKA5gVsXkUTEo4pASPcKmM1kX8gImZaiCHG5qXT9UFND++eHk0mMfZt1xAm1eagspo7bc/j9rWX9eNb1Q/ff2D9sm+vIK6a9et+e94uX8bNm355Maxf9ttX1r3V3Xm3+lo3X+NwMZ1WUXi3a5pmOwzd2enpnZM7JwdHZ4ezmAYiC0STabVerQHQOVdVEwKp6mp9s2FyTE7E7j28M59NLxfr2WRqalHl5ORYVK+vl1VZrbZ903QhVHlAnoyNKlecCJ7E5GKK3qWqKDwziJEBMdeT+uh4yphA6dH9s3fOyrZrr7bc9ElEFElACVkUb3p+er27uF6ixVnlU+y367VHOprU7GzbtV2MQxz6tj08OJxMZ9vdNiYjDm+uFpqGuiqYOEXQJIvF4t7t0+CzdxflxC1yvnCh7/uqqg5mU9RkYEfHB2VRLBbX14sbUSOA+XTmnM9WiiJioEyQmxlxAAAgAElEQVSIwERuLN+YzFSBiLOjBpkpMXnCwlHlg2cn0g9pwKykgqyN0qQppgiKPoRAOK+rygfHgb3vuo4Zk2iUWHh3dnTkNMWh05iaXasiQKBI09lh1+kw9KltT2fF41tHZ5MqhGKxbpGcgBcTQ0PkYUhgNinYkzFqWYRZEQrCzUCK6BGIaRjJNsuD7ajaS2I0xyxmxA4RxZCAVFVUo2T4DRVgGIQdI2Ey6HpxwbGnTTckVed53cmyi32yqBrFhmTMhEDNkBJCFOui9WJZWcaEoqpIaqBoaiDZ9R/NMTJjzm7LtRkBVg5rT4qYFAEpp81kXOfbRLD8SkH2/EFi5zbb9Wq7JkBmRzimdo+QIyBaNulUzB5BljuEPKPCUSW8Z04AAFWJ0AdviCKqKvudg+5H/5B36ogo2fRSIS+3s4lCftA8isZ8SSIy1yeUVXLEQIRMjJRX9EiOsq6XiJ1jHuN+cxgwkWPnyXkiJueZHflAzrP3LhQYArsQylCWgVSlHyCm7OIjKRvvIBoQgGn0pJWn+P8z9Wa/lh3Zmd8aImLvfaY7Zd4cmMnMKg41QlLLJanbUKthyfAAGGg0bAN+8JNf/ex/xf9KG7Bhu2HBBgxZanVLKhXJIpnM8Y5n3FNErLX8EPtkNUAQBHiT9/Dec3bE+tb3/b4kbT/GMQKBqI1jVoXJiC+5XNyZEAxSTEkyKKiIaAYs6B2VaYUDVkhJ0w8SiFD0oxfICjLMii/ZyixmZvLxhmEiBkfYiE5YDwCZQtVlY1CQlzDlYieLT1lHay4eISiV7xMPu7CYj1t0FZw8SEUtVSxNO8Y/u+T/4c+en54u73t8d91ud22ow9NHK+0OV1f7ba43h8E7V1V1VkFnVfAxy36MOSfHVLE/P1k5gop0xqgSHeqs8rV3m/UtgVWOPFkd/GI2P102s9k85XTouu1+O6/90HYOsyMNRHkUZqpD7RiTiAEBUwmkiYiqHGedkvEHM4vj4Hw4jHGM2TOx44r0T//4y29fv/s//vbb6/UhRlnvDgoUh9iPIxBl0d1+yFEKWRwVirVl6Poq+JPFLI9xc7v15MRsuZw9vjh5cLZMQ0w6Bl/d362B/fnFKg3D9m7z8vmTn3/xRUrx+n795u27r7797fvbq82hvbldnyznL55eNpU7XS66rv9wfe2AhzRQAGQ1S/frm81mg0z36+04xuub+7FPAJBTzpIdAwogLag6PTm7bGard1dX19c3sU95zB+utvtDilm+/PL5Z589izF//92154oITlfzRw/PJScZkhk8vDib1XR6MneOfXBNXXkfmOlktXhwOn90eUaAV1f3u91wtpqfnCxUdezGH95c//1vXn/3+vawb4dhjGlwjnyoEHjR8J//yZf/6j/7o5nnb3+4/7uvP7y92mz3h2++ff/23X0/9j5UKZdSk9IMCoxQVZ6prMRAshSnTXns1U0NhIe2NzUkVMMxxqEboQzLAKBiJqoyVYZT0SlKuRECTazx6e1tZqo0RZwKmBgAlLE8YfF3V9viL/tYqAeT1wcmU5ARfCxJoeN/uTz0wAoBHdWXIiQxQiTvrDgocNoMTM4dJjVDsNm8ms2qRxfLrh+/+f6m73MSqZt6sZjFrpszvLnZ7npFE3KMCCmKZOu7xM6BZaapnaCuvIjkMaasdRMWi0U/jCkrACJxzomIFbBuGo3px88f/Lf/8k8eL6p/8ssfPfvk8V//+1f/+PUHX9f79U6z3q9bEyA2VUsxFXqjluBmqY2cNpcFb1rAfFMUjblcFi3ndHlRP75YbvcxMPz40wePHq3u7g5jygawOxwuLhYfrtfv3t1dPLjYt93uMOy3wz/842tVE7I45qZxp6fz/jCeni7OLmaqFlOazWtAkJwkCzOzcyISYzJV78u6F+dN5RjUYBxjKd8Z+6FuajAs6eGskmIchmhqqjIOeXW6GHMpH+QsReRTNWVido6YNttD2/Y5WcqSDVSN0KrKnV+cCFDb7gHMU4Aj9A0MCExkEsmKUxMQCVFy7vtRRYjRs2fHCOQdOyq+VyTEs9OliM6bquv6q9vt08eXZ2eL1bxJ4ygZr2/W+/3oHD5+/ODy4dl333745h9fL2bNH//xL2LMYPTk0fnqZNbu+/2uq2eLxaz+yedPXry4RMAh2RDTetNu9r0hImFMiWwiopSOP0dwtlh4H0QFDFAJTHGaDWyyB0y9QsdEvE06VGHFlk4wUIz777urf9fevY279062m9tv7q5/I9373L7uNt9p+3Y4vO/2VzFt77dX729e//Xf/dUP737b7a7urr7rdh9k3FjcWtyQ7lN/ncb71N/m9i4Nt84yqBy2wxDTZre73x2GiO2QN+3hfr++X2+NeLtZt/3ALvgQmllNpjd3dxXbkwcXX7x89uKTy+HQffhw37YxjgLk6srnJNv9OEoGREewP7SjuKSiYFmFyGWslM7BXfr6QbRGcNmE+nQGTVPVvglVPfT64eq+23eA6qvKVdWiwl/+6KGZ7YcgXIkIADlXB+fB1LMfc73veN92zoZlzWwmloYYQ9UoUd8PxXLVdUOKoknaw7auahONY2LCKngEBaC6qp0jlTzEWAWui9Wt71aL+emyQdT13V1dhTqE3XY3jsNmt7++2wxjx56895IEgbXcUhDs6NEWU57Kbw0BoSQxnXcEjszEGMk5yhLp2NNQYCflaTmMfcyJnA+eAaFx4Ww5R9WYMjk29JvtoRuSgVVsZ7PZctl4ogJWHfqERr5yTVMB6Dy4Ty5OHp/MEHVMQuyber7r+raLrrBYVWIcmzrMqxrQPMvCWTbdxUkeL7cEAsDJN61jFjF1aFl10raTSRnrVQmp6D+mkLMYgKglwXbM/TD2MQ9ZRoUhSZ8hZZDieydM2XLWpNbGlEVh4kSjGk1Ql3JmqOVS9wUkANkIEJ3j8uV6zOUQQONx7pEYk1IBNytSadtGpo/YrCmyg4gKYsjowFDEiAmgKMxUzHvIUPbSJRpN0wQxPcAIj+8CtClTPHn3bbKOM06DAU6eDJv624uYpsU3a6YgRgTkOE/wJS7LCgMzNfbzh4iEjhGpVHcBEBCi80gEzEA8qf6IaEw+EDtEh96xC+QcO8++QvbknQuhqmpkT8y+DiEwqFhMFlMx8BSgkqqaZgRAkMqBIxhjHPqoKgYmajFm0enqoDlNuTcAVZOcVDJMgcFC17Gci6mxJJ5NVBCMafp1qqlKNlUsCSqTYsoq7aBgNhV7ld6uaYownDJQxc1fsAxabvJThuoYBiiFX2UwmIhPUN7gJcUI06qhXFnKRDfNfwZgClL2GwiADOdzd9vDX361/eEucqgePFgx0mnNM7S379a5WsQIkvK8qXygIY5DFDE3iDlCQgoOV/Mm9+3c28m8rhx4htN57Tzvd5s6hLNVU3nyPqyCPlz4N/ddNhAxsCwpShZQZVVmp2aEXLirzD6mnLOYKOiU6cmqxWglpjnlLAkJq4qXp3PJ0raDZ5p7ent189XrNQAul0GykCMwHcdhSqOKqioyEVGoqoKidY7m8/rx5enzpw8P+0PVVCenC3beMzmEq3c3vm5Ozk7afkyifYwnJwvUDGQc/Ifb22/evv13v/nqhw+31/fb+/12s21jzs4jMV1d3119uNvs2yFJtahmJ8sPV1f395ur620UNHOb7SFGizGKGnKJtbOKjK1QWA4wH8Tfr7evfnh/fX0rWUNVjf04DHYY+jrgvPGrxexwiIdD/+zF5Zc/+ZGIOB+aql4uZo8eXZw/mD99fD72EY2fffLo5fPHD05XL58/+ekXzx5dnm/23e39ToBzzqK53Xe//vvffv3tm+/frT/cbvf7g1hmRkOYN/WiCr//02f/+b/4vZdPL9u++/qH26++vX79+sogjzG/enMzXzTnD1brXStZcXrzEQGwY0BNZbKJGQCUUIsnHiGrmmIaS4EEIJBNIEECKticQjmgQobC45OJSpT/2KVRPArF3YTHgt6yYSNQo2lCmATs44cOJkjZtCyYfD5TLLgQC4sPc5q+aYoUlExtabqI81mthoQkopPh0RQNiAt0SEHVwFWVf/b0NCd59eZuiNJ3oxGAGrMzSbWnd3cdOJoovoaqSuzUIARaLhvvPRKYShXCOMQYC76G1CzGPI1VoCE4UXDIf/6nX/6n//HP//yPf/b7P3+x23Z//+u3f//1m+/f3jZNAwSLxSymtNt3WUsrrthEM4AjxqA4qUCnPmCAgnMoqhMiIuScVfK8qYd+GPq43oyeYOxaZN6sD2POoXIp47evbj5c77JkYtodOs2GxFyF5So8vFyNYyzuxziMxHS6mh/afhwSe0wpletFlillCmBZhD1qlqEb15s9ESOTinrmOCZfeSQCwyzJO1dVwTONQ6zrcH5x2swb51136HLOCCgmOeay+U45q+aUEhJnwzpQE7Ai+Pzlowdnq+vb+yJ7I2pdh9VyJZqmtTahijjnJ5AUAiAUNyszEYGCHo87LhgoBcgiiJgkIdHbD9vv39zMFrPdrk9j/PT5w2ePzwCgH9NmcxhTDt6j6stPL09PZpbtxaeXTx+fH9bbGDX1cv5guTqr66a6vtp8eHd3upw9fnL+/v3dm3e33vvlxdn72839eleFakzZIC8Ws+VslnLMWUtmUFRiTGDE6GDi/ZuBiUhJjxEiEABheXIiEZZgPZHkXD593fqbcTjUzfJ2vbu+u1232223b7sOEZvlSdcdUkrz5blzFRpVrm6qxlHIYopIoXR9ovcV+xBCULP5bHa2XJ4sFj958aN55RklyeCqQM5n1RC8Sr65vbvdbl9/uG/HHNUOQxxzjllUIANIlMOufXC2/Olnnz57+rCqq29fvWPgQ3dggFAFI0wph4AmiZHmp5fEnCWKAvsT3zx31SWAM8nETqkZpQYbQPbjOKhKjND38dB17ZC2bb/bDznLxfnq4Yk7HPb7sWaiJBFdQGqQvZkykiIPwrsujmNbefMexyE5rnKUxWIuqqB6dnJqgP3QVaFm5+rZQsX6fkw5AxhQtT203RDRVT7UKY7OkQv+9PTEQBaLqmIysrqpunY/jsNiFrwLKWs23Ozbd1cf1rt9FvPeIxWavnVDX1qFsmQkb0AFI5ZL8L/kQIkBUEyzSpE2zEqaS46wPhTLgbxI6rr9ervv+jGnaAhZEpCLAi7U20O/3e7PVquT1WI5rxd1WNQ+eM6aguOnj85PVot2HIeE17vD+/v9fZeXs+akCY33opBMAZSQHJNnE9Wu7830bLk4rbFP0otXAJFsSIGJqSDPFImxLEizpKyIZMjZtEw6xRZbnm5ESIhZNOYsYElVFJC5G/O+j2IT24GQeGoEgyw2ZlGbAmKmYGhgmI+W+dJubIYf+wkEMP/upABRBJ1AFp5g4ckR5lLBjVDUK5qQFAVtNPm1ii+6HIvOM5YitJISKANHcQCVCJvppPcfyc7TiYlH43/JvREhYBY9MkTL15UimwkZ4IiAKI2DC64cHFzuhVNKGIobZtLUzNgtHv6HGwAiBwgcau/nSGSIzFPzFyITe2KPyOSD8x4dI/vi/CHnyXnvK3SeHVdN7T1DThAzJLECQi/GKVOVTGaE0FToULshxphkgp2BSBn+1HRC6xQzjUjpTS+9WnCMNKkkwULwLzq7qqo4YiaXNYlmUwGdyDwfTT0ARbDXsmSfpomyojr6+EtSeUItTMKbIk58NjMD0ambsdx4ipPLptcx2Xts+uIifB6F/zIzlldkE5DEjJB3PX19NdzuI1J1slqczGsX+y8e1b/44ny+bPaD3ry7dojee1817ZAMXDY1BO+4qQMRjG27aJwnGLueEZbzWd+1DsFUTpbzwDhmtRz/63/++dMHs796tQUzT4goktOsXjyaoVPrs4wKAEZEijQWBKBoQU8VP2LZqwCQFI2KSMFUZde2CtT3GSUhahsNzMa+ras6K6cx5iiAxISSRMUQKadcIHgxRQQgSbPKr6pwf3OXAKpQDW0Mzv3k5YvLB+f7rh9VukMHCP0QDdAk920/Jlnv9h/uNru+S4AGBILeuWHoPVPfDqkbQaGqwqyp17tdEtvu+912a4qiagb77cEAiIHZEVFV+ZTTGLUbcD9Wh1jdrbvtdr9bb4euK2aeruu261YBT1bzhxeLs9O5Cqjx6cUpaPZIp6cnVR08U1PVddXUVej24zDqj3/0/Kc/+9Hjywfnp6uLi7MHF6cxprcf7t6//UCM20N7e79//e7u+zfXd5t2zHG72e4Oh6pyq1W9mlU/ffnkn/3h5+eLMIwpG+y74fXb+9v7rQsYgtvuOiJ49vRiH+PtzU6SEEwea0RAAjnWOaGZHVuGGckMNSuAIZEhlK2aQYFYiU7EJy1WFJgwx0cFcsq86PRdfveJQAU9WuJ0MrSWOXjKBMO07QQ4fvwMzZiRYAKZG4BOMfqjAfoIQCh6jao55pjt5fMHD89Wd5u2xBmRSMsYQEWawXLwpKwvn5//9MtPPtzudvuUxihqTVP3/aimTy5XTx6f/fB+Y2aSFG2SWDRrNq1rPw4xxfjJ5dnuUCAUnHIidkl0HGIBfQZHptIs5rOKP324+C//9BcPT5rK+9Oz+T9+8/Zvfv32bnOQrCnnIeWhH8ywG0ZEnri6VOSHacOGCKXHAM0Yj9MTmqkci4/BciaE+bzWlMGMPT96dNr24+3tru+HmHPOElMmJGRwLhzaoShtXT+gc/Ws2q/3KUmOWaI8fXrhGVVksxu3my4ERGKRaWLTskpVdZ7NLMfovSfkrhvNJCczM3K0WMwBBE1mTZNTzDkxs0OSLLOm2u8P6/vdbNYQMgA08zqEptSgMSF7QjDPXnP6s1999ntfPGt8FWMy8tt2HNqhHxIRBuYiduaUPPsC3aIi0kD5QaJIVsloVDcVO0fEkopfCFSKeUZVxRCHfkSipml8YGZs2ziv3awOt+uWHKcxsqf5rLq73bx7e61in35y+eNnDz2ZQ6nr+vvvr3LSKoQ6eO/xftOmlENVM1POIiLMDAhV8M47xy5lLYEcRgjeEbl+GIdhyJLNLIsUeg9NmIjpw1XycMUizgU5wjgVeiICMiL17VtmMUR0SCE0syYbuhCCZyQ39H1WTTEfDgdfdvwOk+SY0qypvGNVafu2G1I/xJwSIcwqv2oqTRLYBZSLVfj00cMKcLPvdvu+bXvvmrPVonauCrV3rgpVHA3RxVG7tt/uOgSu54v7bfvVb1/98P42ZkiixIGo6UdBVxnQZnOb4ujMZvUiLJ+IzpLWwmfOP3A4ZyS0jJBVk3cBOKiwR4vdzhTq+QIQkHCM4rxHtM1mpwZDbFeV5Ayd1Ekgi8gRkCI5mYhmAfSDznaDVJQ+fXJ2vlqamXPu0HbL5TIER4izZqZmRE5EnHeIjslXlT/0Q9t2Ith30flARMXfNZ/PnOfY9ynnMaZ+jEzkvFcVRN11QxbfxpzN2mH8/s2r3X6LRPN5w4hZRFWziIiCuclRAGiqOeeUEyCVOdZKhFYBbSoWjMOYJDofHLF33gxNctu2GWB/6A5Dn0Sh4LOIqlArWFYak6QsTVURYdu189litx82+33w/tDHH95dbw/jIWGLNLB/f3svqsv5fDR8sxtvBzxEACACmQdXLlhgRCozzvuIvTCRlUQWT0/t8mZGBPOMgJak1GMVvyiaFeHHEJWQHKFjNih1TkZExFTwNtP6+OiEc8SMZAZGcLSSlvpcBCz9WQULDVYodWJGkwM/C+TpIAIinO5xAAbGYHOPtcMMmI0KfwwMJ/0FjoIDoyGZAtBEplZRA0ViQhYDxgnqPzGDjssdOPIwJvfPMRdg0wPf8HiZB/zYEXA0fR3JpIrwy5/+crPblheNQGggqo7c8XE4mXSRkP3iEoknC29pC0ayKesDAA7443LAIzlkJsfETOzIe3aMziF7HwL7ipg5+FBXTAg5Wk4Ss1ku1wsiVBHVTGCOrXIqOQ1DjFEmpg6AaOmPtKJ6TDgdg8JDmK7v5fKdSzBgIgzi5MERnPDGJppFkk3tiIpqH1uEEEoXYkn9FmKSTnJ+ofoUZCcimJbuRDgWBUyX/1zwoDqxFsqdfkoXTMM34sfFDRy1/481j8c+llIAAYAAjkryliT2qtnA/8nnq3/1zz/98QP67HHN0l+vx0NUSPn0pPFc3dx3bReziRimrAY0jgmRNaWmCQqckVNSBZac57N6dTqXGId+TEoVxD/75eU3b6//5rdbApl5GIdhGOVH5/5ffPmgHdJVm0ZRdk4Ah5TGMSEhA5YRCAxizjGLZCV2CJRFTRMCjTHudvvFaomo80A+uLv1nph9VbftMGZEVUcUgk8pG+JHshUzIyERPjhZPjpfahKH9PxHL7abbmjjop793s8/+/Kz5/fr3aD56mbdtj0RKFiK+bDvckox9svlIqfUpzSOeTgMZ2enZ6tqOfOV4xzTg/PV+cnsk08uTk5n7RAl6/16S4AOYByj5BxC8AGZKY6jY+d9vRvgvnO7sUqZhz6Nw6DZAFRMiMnMRDKQnZ4sPvvRo8Ui7Nv+9v6w74fzi5PlvKkDr5azsR+/+e2rv//7r5Ja8I2IsYOnnzxYLhZImERV7dV37777/t3tzb2Krje7m+t1u2/3hzbmdGjb3XYf+x4Jzh/MLy9OIebzVbOYNbvD+OqHWzPt++HNu9vT82Uzq96/vxuzeO+vbndv329yVsfIRIUkCFBgulOn9TSeanE1Tg9MQFAVVStg4KLpA8LvWD04uQ90WmgVG+PkEcLpWj89vYr3CH9n7p8+F0WdLQ95MjA8xpTKpQ3JsbPCuinM/mnjWZ4mZfdJplK0EDRDhRDo4nTxzXfv2blyGnB5v5ZXAWCFYlG5z18+fHzeOI+v3m2GIeasZeQry7ngab1pd20/6cMGjtkxs2fVDKom5hh/8uMnXZ/6MYbgnOOPr5YReJqUue8Of/FPf3Y+m928u3GBN/v2L//vv/03f/nrjCwq76/vN+uDYVl7loSWGRghafGuwLTCmB7nAExQFDQ1ZUeOi9MFiJCZwBRFkGCxnN3fbw+HYbcf+z45z+xdjJnZF560qolaEZDVAAg12fZ+9/nLy5+8eDgL8Ks/eDmv/CePTxar+fXt7vLharmabbf7quK6CovF/ND2jv3YD3XlzSQ4x0zZZLmY921PRCJ5HMaycZ/NmkPXA9g4ROfIAGazColySk1Tj10UUSaczap2v09xXC0aUWHkbt/Wnu/W23/76zf/8Nubu90wjp1jXMwaMZCcxm4cxrEKwXlXBKBZVadSCINQkKUI0+BZWkXjOIbKi4gCiWiMmYAASRViTkyYc8opI0BdV19+9omo/fo3b9pDFyrXNGHeuHGMm113vW53bX+33r17d3V2vtq17a6NrnLv3t2+eX3zR3/4U5Homb//4f1yOT87nz16eP7963dFlmaCIWZ2YejHMY5t1+dcmiJQRIMPokXZ/GgO1uNsrOwdAlmJ6U4SUgGpFCJ27vphd/d919+fXqwuHp4p5Gx51tTn5yfewTCMNXGWxMimGqoKUIcYPVOoQ3DeM81nVUrRDJOKd1xXzAhJcN+O1/fbu8161/azevXp5cWqri9Wy3GITDx0Q0q5qapS7d7MGszZA0lWM3UIi+WJc/5+r+shrDvukm+j72xRzz9Bf2a0IMcIwugQlwlOsi2QFsRzMEYD0SSanXPOTQQ6ANTMlydzhuQrHzwTEAJdPph/8uTUQe663kyDs0Ul97vYSYNEAppV0MyAVKcwCRCP5te9mtnjs2bROCaQFNGgO/QpxfOLMwNr9x0SOXR913X9UHlHgcXUueCQ+n4wA2LPvrq9viUiYpcE7tZdUkbmEjevfLg4Px2j3Gx2hG6+XBZz8u3tzfr+LlR11TRjSojoGLLgoeu6OMSYxcQ5x57BcOwH79k58kSePSLFYeyHnpAUeUyjmm1327bdte3e+aqN6eZ+zcyEVDWVd15yTjEtZvPgHDHFnGOMWcVxWO9650OU0bH1fbxb3xH5XuDDId4fhjbKeshX+/i+S+sEXYZk/n6wPkNwNA/sQJlc1/fzwM9Oqy5JmwjLqq0w3QzUJoIckM08pST5qKlOrg9TLSx7BFBzRASgqAXgCJMT4+g3NRPRcoVWKcUwZlgQVqWDqUhXZABaqq/xGNssoAgkBROzpKCAzhHB5EQpahUTLAPOPApQ1qkeDJmmZtSPuNPjMALH6oOJHkoAADQVu097BEU4ttgAHE2ugFDqwMoBWkS4SSmzqXZpOmfpKJ+ZAUDK+eWzp+vtZhgGICgV9EV8wwmFNy1FAID98hEhGxKwQyJyREBAZTnBzAGQgByShykS4Jg9ELPzxA695xCYvQsBiV1dh6pitDyMlrOJmf0uWVsA/mXa8wwpjuOQci4LblPQnESPJpPCNi+3+pxz+S0RgpR2k1xChJOoTwCqqpqtDDGGKrkw4ADgSB0tZ6iCWc4lQmEFAVT+GQvsxnR6a5V3lBig4u/MPKJmJloC22WJUATQIs7BEdcNalNNkQkcKc4ftwGl5aX8ATyutxiJEA2y6kj1/NlF+J//pz/70189OVnUZ6vZV9/e/9W/v8rcMNvZySomuNu2t5utAnnHvvJj1H5IdeC6abbbdshG7AF5f4jr7e7k5ERFspqo1k39z76Y/+onD//Pv313vU9NgDowuXrh4L/51dNPzpq/+fbmfoSoomAxptK/ICKTDCxZDVLOi0VTV17EEMw7enh5klI8HNrT05Nh7J5fLj59/oCr0I6pbUdT5EL/ZQjepSQF5y6SS8hJsjpHqxAeruagcHO7mc2bvh1StPPT+fnJ/Pzi9NtXb77+9nU/9FUV5o179smTzaZtuy7muJjP6rre7rbz+YzZp5hPzhZnq7ljGrru7vbee//kyYVJfvPuw/owvH+/GXqpm1pT9IiXD89ndSBHOctuu88Ss8B2qG53ru3JMkrKqjQAQksAACAASURBVOp8MJMswkxQOulUKk8nizrG9Obt/eu39203Prg4mTX+fr3ZbA+//frNt9++ffv++uLs7OmTBwiMaM3Cp6h9G68+3BloTuP9end1e/Pw4nSIcb3r+nZwziXVMY5pjApaVRVgDoSHdedcOD9fdW3/+ofb69ttVvnh9fXVzW65bG5uN+/frz1zTNJ2o6RcxqTyfi+3dJ36qExBJz9JuWFPNW7HdGl5fBSS8ZHBM5k4y5frx5m2XM4/bhd/Z+2fHCxHG+PExT86gqagjh0z+SVkNV10QUuKf/I560fuAhHZFN3/KI4agTnvnn3y6OZ23R9G75yYTCu2Yyi/OIxEdDHznz0/f/Xqqm3z3f1BkjATAZjmMql3bRyjBO/Kaqh4JH1whXyVU6qrStTevr/OGY5iQhHElQid92mIqsbe/uV/8atffv78Zt2ePzpbb3f/+n/56zcf9qOIOby7W8ekOSfvnGNPjDHlIv2A2pEAcmxuKX6nwnIuP3kmJjKzcRwti3cO1XISFck5tUMa+ywqTIyIoWJQMCN2rCKIWPq2kFAsuxAMzBFJ1PmMV40fhpgNf/ObD5J1FliSLOowdIP3PA/eknjnyompJuerVWACE8fYNFUTqhiH+SyknKomEHHKMsbUD5EQcsrOO2JOOasaIKY4jik6z8Mw5JSHfogpIbs4ZnbIaM+ePRhiSkk+eXT6H/3yyR/89JPY992hF9NZFQwk5RRCSEkQUVRSioREzCkmxCkJNxl1gYhJck4pVsF1XT+bN0QYcyIgduTJZRVVG4cIhrt9v94cru7uAVhVRPLYp67tzCiLkmND+vrbt9/+cHO97j7c7K+u7w7dUDVNP6a7u3VVVT/54lmzWL27vtvuDinbkBQMnj25ZMIPV3c5CiGGEJzzQ0o5C5gRMpNzjhRUTIqvVXNOoqWqk9BSoQITlgZMLkn3kvMB9FVAaL2L6DDluN/sx5hyTjlnT9jUs3ldhxAWs9lyscw5mZGIZlUzNKDDod1sD95XhMDEznHlyTtfWCoxjYiI5va9rLfbcUgPVqePz1andWDJOY5d15lIGsYK0ZHNmqoKDtmIYBwSUp39acRlN7rMC+NlhlnSSjFkC8bLCIGrC6NTwQaQTa3crHTKNyuoeXTMmCWnOPRjbny1rOnqdtONWs+a85PFxVn96ZOZprYb2sV8tm+7pkK0cTsw8IwZEHKRaZFdsZ8VPVq43g+8WW9k2KEl57xzQcWc5647PDg/RcPTxQrBiNyYZYyxms8rHyoflouaHSKRqWSRk9UqJemHNGb0oeqG2PajKOdM3aCzuro4O80AfUwpia+DSQaw4N1ms/nu9Ztvfnh1u15XVV3Vs0N/ELMmzHLOkhMilIC4qTEZg5oKIQ7jsN1twazteudcUjv08cP11X7oomZRqGvviHIc8tidNNUi0MO5n1U8D/j04mxRh3nll4vZctYY2clqbmgqOSZ1zteBuyG+ve9bwcOQupi2fRySjUnNwPsKiUeBfcRDmtgyZRWwDFAzrCMJIIJJVhE1IEMAJDUccwbNleOoqIhMhABaBuCCIEYwM9FcYA5WChatVGaAgkqRqRDJTKYFtykCGR3v4hO/BOloXC0HwnQdLuGayWhpAGIoCmTqGMFACm4HkchqTwtPChiV7FgRXKaISQAr9TTl2xIcwYnlGl6uDcWzYxPI2mx6eZOvEQCOpy8zE9vU6FVgX6VZvrhxJ3MsHdfEzrvvf3htlh25kmamgrtWZcezap4kg1oBkXJYPpl26RPmHxGZvEdiwtL5ReAcOUdI5Dx7R6X013ty3jnHITj2xI5DqCoPKpAylnpYSVCISgCmKprJtHJEqHGM45ALSUdEFSwXnGC5L6hOETcoPYhKaFTSzVmLaxyOXh0CgFITr3lSz6y0MRd1f4K1IlgR1LTg86D08uokgaqVypRJuYcitejE2QOFaRHwu3v8kQdqcOwWm+ifaqaK07+QskZAQ4IS0jrOAGCGQAiMyGgODFSzphhHZlZwv/rs5L/7T178+qub/+3f/OPf/sPt2y3cd3q93sUxrTeH9zdbIQSibNmxOz1dopmzuKgpKylwyuUeIIUJKmZJ7dCOQ5LK0y+erW436f/5al3VYehbydCQ/Ve///D3P7u8WW+/vhn3ot0QVQ2AbIIsmaqWVHXKiT0jSEpp346iCUCLfVxNqiosl/Xl6eKbr97fbUZiNw6RCZbzqqrYB8pZSpmoGTjnnGPNagjny/nnz5/knG/Xm9XZYr5ododhtZw/uliu19u317c397ssMm/CfNnUge9ut+v7fdcPIXgRyUnmi6UkjSnXswosb9bb3b7fd8nVdTbbHtqbu8O+y/f3+3HMvmJIaTgcmrpiB0McDu2gyZg4Zlx3ftdVWYBhctgyIdgUdSgZ8pQFiUIIQ0w39/t9G0Ptzy9WzuHb93e/+frNb756+/bdfVXNfvzpJ4D6zfdvPtzcLeaz3X747bcfdpvu7n4zxPT63c3761s2M4Dvfnjf7TtEBMdqoAbOUQieEBwRKmSB5XJ2frG8utnerPezVXN1u7nbtlltu+vjIL7yWWToxzL0Y3E6/q4gT80AaXK3TWSA4/g6qQqTCHF05mMJ4JYvw+MeEWB6MlMRawDRQAubBwnN1CY8yXFjMHVBToPC9IXTNzdA4CkYNW0GygeFpgkDj0MEgBGAMk5dKoAgqow4xgyanHchuDHGKTGpWqIPxeRRPo+X5/MQEJDbbths96rqPBd6esyiWYkJAIdhNGR0jMTFgZ1jTlmCdwAqWSpfjUNiZufDOCaTjKJMPEb5g1+8GIZ4uqj+9I9+9r/+73/z//2/3wwSP9xt15tRUS8enXDgzbaXrMF7RgreI3PK2RAL0hSnKJiiIRXUY1l0wLR/KTjIkqfw3jlHptlUffCl+piZnUN27JxLKZXHjkgWVceMx2OjmM4lC2Spgj904/V9d3U3vrvardd93VQPz5vVLDRNvdu052czk3xzvTXQiwfz1WK2P/SHXWdiKmCIY5T7+61z9MmjiyqQApkRAcScwPTy4UWhs1XB77eHoYuGulzMyPLLl48s59px5fHF84eY8ucvH/zTP/zxsvJdF0XEk9YMD8+WH65vv/ntVcq6Ws5qz6YmSVLOREXwgZRHNSvUfJVc7J+lAXe9Xj94cLpaVod9P5/NUlYAm9XeMZlZFYLzzMxqIiI++MqHw6GtvGeCcYxm2HWDATnHoa6quj50bdPUVRXGUUQNmdt+HPohib16c72+2wfPMcXbTbfZtl0/xCSqMPT9vAnPnl5++viEUbohtUNazhskSzGracpJRIjZOQZTJgp1GIdx3jSzpq7rqg5hMWuQKCepq7Bo6tmsYofDEFMcwTu0YWxvAPSwa8dhBHSSdGj7OKQh6ma93rQHAK6rJoQakUOoAGw5XwTvKx/atn/48LKpHJEu5ksH1HfjOPQmedHMT+Yn81AtVs2h22+2bdtHMG0P+4vT05PF8nS+mNWhCVXtXe3datmcrOpVM49xRAI/fzj6B9EqrmdiDIDEJS6pULRb1xjOxNzU8oBW2LLTNAylmtQVBUM1M/Mg6ENoguti2vXD4dCtb+67dt93LUAeum4csw/NsnYKMqbau0CIjICARMpE7JiIwTin1I9DN9qhS+MQRfJ2v8+ip6erEEIcx9V8VpH7yWcvTk4W682WnR/GnFNC0BzH5WoxDn2xU4LK/jC0fSLiMUYin5OOQ04Z7jbdenMAUQDY7YdDP7L3h77rhr6uKw58fX+fsqx3uw/Xt/fr9fX1ewJbzBZV5dQyIsSui31vJl2/7/u+sBhUZIxJNBni4bDv++H67na/3x+6tm0Pu/2BTQNpw1o7vFg0jiOmXnKuPaIkT/bg/CR2bUlRjkOvQvd32ziM3rN37Jmq4FuxNiMQi4IAswuAVC41jITEin4X+a7T+z5m9KogOe7H3GUCI1MFYEBUtVxueIpiuPDOVEQJgQApTz2qiB//QmCgktwQnVicBsUEKoalX5I/yu9MpKqlcwbs2OZ1PEwAQW2qti6nzdGXWo5FFIGMx/v8kRNJhGBQEcw9IrEYGCAxAKKaTRnaMkpOXP+iNRse+3cLof547S8jQmn3wzJllJqwyRKLx/siUHENUSnn+7hC/2i5LUeyqnNMQGpKRFwArKaAoKYFrTOl+BDZrR4TMhAjOaAiQzt0BOBKOwIwO18RO3CeXdH+AzmPzMyO2TN7roKvQqi8pWQ5oolJlpxNcrn6a5aC8fGEhJZi1AndaYVlXjq7ygikWpR7E1EROyI0y0AhxSZVUqsmghNtW8wyGBYeNIKU9dLRaWBH7GBBRZdJYPp7cS3bhPYvrv3f3ebxOAmUHcrxDvQxaz/ZiQwMTWn6XUlJHAJqiV2U/x2Y1kElpWCGRsVrjeZpMpOkPJpo8FVgerhsvvp2/a//r+++fie3W123fdK82/eOw3I+Z6aHjx5GBWQf6pAzuNT/0ecXjYNvrg6i1lTMREjmvI+aQ90ktRiTc5zEXt0M//bVTlwtaRj7tKjdn/x49Re/fISMb++Gv/uw7wTaITl2k3YMMOacTbOpqMWsCTSqqmnMmRymmGKSrOCc64fOOcwCH+5aRQWHZYQMnol5v28RQQzG4t91rmgFZ4vmYl4BUZs1mm0P3e3dJo7qCfab3e5wAIasdnK6POzWd3f7sU/DMKrCyWrug0NTQTu7OEEzIqxrb2Iisj+0yShl2+/34zBOH2zV2sNy4SvPBNR1wxiHQ9dJkspXffLXbRgkoBkSAHEBmBCaSCIiU1MxMQ3BM1NO0vexHxIgz+dNP8T3b25vb9bDEFPWqq7mi9nbq/e/+fqHN9d3LgQDevXq6jDEelF/98Pbr755/fXXPyyacLJY/fXf/Wa7azULM6qJiZbPWHnToVkzb05OV5vd/uZuO0brxrTdHjbbw5hzTNI09XI533WHvu2LLK+qCqhqTJNcVJ4cJTs6FTNqybgf94olrF6uwzCxOicNfhJRJvjrMWA5+SmLBQ6O67ByR7Xj0FuesUfbEU7kgmk+ADre+ov4b9Ngr4SoE/MEAYyoBBXKKuDYiAWmORO70LgvXz5+9fZO1FJOZWGqRzaAmTEiEzazWlO+u98C8Wbbdl0URCQi9iqWU0KykkNl70MdsmTJJX0EmoQdm6rkjEhqxowAOA5RQYJ3ahBTunyw+B//+7/4q7/97ctnj88vFt+9u0cX9kPa7PsYU8q5H/J+N4xDZKaTRZOzjSnmlMysaEflJ0lgaIhqxFP4Gk3VjrtKAocIINNiOGc0XS6aENw4xJikHBUCkotoUhJYoK68o8xEhQtZSNQTqSbHwEgqFipGyKvVzGT8+RdPT+fh2dOzpoLnzy8l5xjTbBYenM9VzcQFx85jFgEiVWAmRr662wDo+Wr59u11HbypnZ3MXrx4NMY4jm0zq6o6VE04Wfih6/shW8qfvbj46YvTRVNdXp7EfnywrBe1f/X93e36MJ+H4Nw4pu9/uA2hMsTKezTtD4e27R2xC+7po/Ou7VOOtQ9gyIiOSCUXV6dnZMbZrAkBH56v5rPwyZPLm5uNZGGAqq4lS7tvp9WUKpKLw6CizvmsMvSDqnnvnAuS5Zc/ffHy+UNEHIfM5F58+gRMVC34UAd+8fzJ+dkyJ/nyixefvbxkcm/f35Kj+byezZsxJia+3x627ZBi/NGzxyer5bc/vBPRylUCigC51K6KiGQwmTW+qauHZ8vTeRO7cVaFz148/Cc/f9lUHs1Ol/OTRfOzHz19fLYa+y5KMkBNUfo7iQMhnZ+fDkMEwrpqkBjJO4Qik0nOKhlUq+BX89nJYrUIwRkxMRsxOzCEUKNCUzUX54tlM6v8DMmPuTfQ08Vi1cwrz7OamPnufhtz7Pp9cK7yTiUPfX97v9+3/e4wxpRTloHOIz8ozbI4XRwne7OaTOpEMUaU2CbaMWlpRZHKKpPuV0ApZslo3aWZi8+eLNhzNrxb99vtEGM0TItlZUJX15sh9ovKAvM4sKkxiSOgUmYiCkaOXAiOUWvnCet9H8HEMQ9jUtWhj+1hJMLb+/XdZlvVLKoCombzWb3b7rOqEQNQTDImU7BqtnDeLRY1EXXJ5osTdB7RFsv5fD43FaapWXVIOczmUWQYYte3BhAF6sXCNEvuwFrG/Pbdd9e3rw/t3Xr9frv7cH37+vWb36531/frD+8+vN21d+v1VXvY73c3iHI43L9+/d3t7RWiIojGiDk+PKlqzBa7/W43pl41IUM/jv3hMMTY9jGl0Sz1fdePcbfbNbMZAoUqBKau63JMc48B5HYkC41lA0RiB4Rqyuwc43QlJddm20XbJb/L1Oc895QFswEheZ7agx0iAjgkM2SwpRMDS8YfhSIGnPASpg4hOA5EgbCsrwtrYhoODK2UydB0ITYEmqa8cj4BGojZVFBfKmp02llP8IlyJMJ09oliVDMDx0cU75SegOBo7hEIpUQv4MgCmi7YpahyOiXtP2gMwAllUbQvLCdUOdTKHqAsKQpT26btd1GuJottMdfilOs1RNQjFmyy2B559sUnWzICgGQ28UPLT4396unUAMBEVMg/DtEhMTKX6l9kR+yQPfuAZV/G7HxwPuDU+eW9c5AjSCKzLNlk6vdFtdJj6dAQTXNKMamqiMqk+5kVT4IKlfFfFQBEtOBLAQ2mspkMKmBoJqaKxe5fynYtFz52sZToxKfXKWnysQS93EImu2T5DZWBA8CmB8lxG2A4af9WZjUwLPwfLCRyVYDpjxQ30GTM+iiQ2jS1mAoATguDyYRd3g/smNXEMyDjGFPWbGZEzpSeXD5YVPWmg0Mv3X63WlYAtt23ohC8D5XzjhRhe0h90rpy2233YOl/8fLs3WZ8vZUQfB0cWh5SRGYFHIYoYk0TxLSPsc+YDNvDISdp6uqkoufn881mtxv0H17vvr7abve9mBa4fsoqKjGXmmVSU+edZhUx7wiNQEXNkqiCes85aT+ICRrp6mw1dKOJSYrr+8MYEyLGKGLW1JWZZrG27eZMn3/66MPt9tWH+92hE0NTTMNw0rifffHs2bPL5WqWAbtucI4X8+bDzdo7V7TY1emy7Ya27atmdn99lxVylLsP2xw1i5F3WXLj+csfP330YNV23e7QK+CiDqRJtbTJwXI2J1MR3A3+vg0xoyvDPrJpBgJ2MN0irax5lEo5fMoi2Xkmh6vTRVX5tu1yjI7ZBa9oYnJ3v75f72PKi+V8uZjtNof31/djzq9fv729uUs5LWbN7/3886/+f6beY8nWJDkTc/cQvzgi9dWlu7oKaAGgQcCGxAxnMxwYzbggjcZ34IJ7PhN33NO4AI3GGQ6JAQbsRuvqElenOuoXIdydi4iT1Zsyu3VvZp48IsL9k19/++btNSEICBrKKRGRQUgpWeOWy65bNEAaU7TOLleLKYb99pAFfNtmzobIOrvfD2GOaEw5ELi82485O8fwqqPjpczVlbY8quHKmaLwoFQrF6/WbvOj56gKNSs1AOXzgscS8wpXlPVbsS7jUqRElfUsw/vRKVBGf6xcr+KxNxuheAQABIrpq0A7pQi9qAQNmZD504+uLs6Wr99vcox4FHwA1vYsIkQQ4YSqxpqYdbcfFDAplFQ4BE0xeUfWmZxYAZq2NQZBsXQu5pyqA0u1bTwrSErOe0BkYIuIhM8enT55dLbu275zP//lN6er5tWbd9e3+/0U7jfDu+uNsBLacYzjFIXLmAMxxpSSqlAJaNYjKkU1QIJFhfPRVgQASoSgakiQUEGFJacid9EQY4oCJaRJtfyUAkmpiB4jKMoeBoTKwkna1vSt6VufQlJEzpksdX2z28+/+/rtP/3iu8MQvHfv3t3/8levI3PM/P5m/+56P0+p69t5GhUxpcwsAExEgOQad77uWwuLRRum5Cwq57evr/tFH5Nu7w9nC/fXf/HpSd98++01MX752eVHz6/+r//wm2/f7ETxJ3/6wQePL5bO/NVPPkSef/XVOwW8vzvExApwuNspyKPH54f9lDKP42wR7++3yhyniEg5hhwTSza2GGVlGmcAzJGv398vlquvfv/dGCIoOOfu7ranp+urR+cl4BiBck6lw01EYkyAhAjO2pSicdY7/Muffvr5x0+fnK9/8OLRf/5nn/3kTz642eyvb7fL9eLJk/OXL9/ebYbHl2cfvrg6HPbb3XAYw9nZ6tHjs+1mf3NzH+YA5HeH6btXN9v9SJb6rp3nHFJCEmt86QhrG9+2fh5nEP3R5x/+9MuPln2bc7SgP/3hhy+enHvChW/iYXh2efLZs6urs5OQ+LDba86dzZoOhIZQQ4yZpWnalCIYu+6a3nlnbcppmsf9NN4dtvM8g6Ih8I3vfI9kc8am6d/fbjilvmsteW8oziHltD3sjWm9aUSjIeaUVdQ6sE77tuWExrl+vXBttxnClHGYozWUsQn+RZamqOmESIEKAlEuySLVwypaLrMblENMBbGkUKgKSMy54AxlPR8zDjl9+qS/OGkEcT/EFHlOjJbW6+by4jzFNM3jYuk/uFp7ysN+nua8aJqLVde1DlVZUuNM3zRkrCgBOQGZ52hJ28a1bWMdZpaQI5DZD2GzO3CWME/OWd/YUnt6c7dFBUQrCiFGogYNoOa+7w6HaQxRsjbOqXIMU9c2Z2fnfddMIYzTEJKAak5ZVfrlIqScs5Am76FtyVo8TOPN/bVIPBzux+kQ0jzFGVFCSq/fvt3tt2/evjqM+839e8U4jtt13/SNOVk0jTHnJ93JujM6lwCA/XhwFgF1SmEMKceZURLn67t7IkKjbdNYtClnUGhbbwxOczxMYZ7DaWcR8fWQMwAhqgggEUBRkCOiFJMpGSACNJPAgY1F7B3FmEraozPoUBHZWioXDIN0VleehqxRavoZABR1dDnqEZRFnEFHlohKeIyolJQHON5TiABIfOwp0hpKVy4vJUSRY5QWPjjXFI5S/eKPKjE9RULKFf2twtdyqTrSpUOyJjFmQSJUKucqVada/Q6KCKhYlDxYbzMBxaJrrVF5AAhIRfpZFP9ab+hiCYASmIE11EjK4Fm1QcfBH4onoV7VFSyryB1okfOWPyKa5vQDIkKyWKXoxhpXwpSKSdg4C2iMr5H/aFxt/nK++AF82xpjNM2Sk3J17qoCApe8cFA2hhAkpZxTKsi61H8nwsIlOL9E55Rye+Vibio4IedcNSgqoIKiUCT75XrTTCVnlUWUSztv0eU8aPS1dKgoHz27hX6R4xNX0vXqWF/1/cDlx9Xx6Aj8Q1VFVF4HQLFqxhRVEKTgmOXfa6UgoAqRa6otIpE1BKgG+enFxRzSHOZjwCGqwvlq2RiNMez225RS37ZpjrvD3Hdt03aAMEwxs5wv6NHaSoagNoZ4vQ2v7qOgL044FVBmY4gVGQyhBcJpjDEl793hsGeVrvWOQEDe7qb/9M39d5vwahP2MSlA2ZpYQVTmFLW8OZFjjEQ2cc5pIi3NAKoAIYe2dacX5ykK5OQ9NJY2t1sEOVl3oBpTWp+syqqABCyZwHprIKfH52tW3Y2JbEOEXWN6Sx89vTxddcNh9/56Q7Z5+fL2+vbu8mLVeZsUvDXKstvv9+Pgm4YAppA670llfxhQYblaCOuwH+M4Lhvtnb2+2d1tJxbMMXLIFun+ZkeWvIdV10wzfXtndmOjoqYwiQqqTMcMLy1itRIbhQgInLIwO2s459Y74XzYD9N+EGVjMcacMs/zzMKE4px1zg378e5uw6JzjPN4YOG2cY8uHt/cb7769ruyMCOaLCX3gIpGf7nszs9PBWC3m0Jk6/zt7fb9u3tjjPWWhXPKiDhNIYdkjClmpnosajFTHTMkii5HvocLCktVynqh5vQ/iCKhCnBqKtsRxACsdOkxoaeqH4sqD/GIYQuoUL2/wZB11jMzMMPxi6Gal8AAVJD7SJviQ7qFOeYlG+JcnTlHVkAR1HlvUR9frP7h51+RkGYhU/N3CQhVQLW0qYsoC4jAcJiViAWyqCJYa4GQBfrWJ5bDYUIka8oJBPvd4BunkhHIWer6plv0MaVia0GVI4PB/92//evdPl1fbx9drRer3rb2F7/67uV3d6qQEyMZIoTji1CWK2ZWYQQwRw6R/igHohh2EaQ2mmuFiwgpF5cUg3D1ExlnY0iqcHTCiaqUQOQS3ANS6RZRLvrKYr0XyU1j+q7lXBA6UMQsEkOZojMQbXZTnEPrSFS7vtnuJudsiAkJRNJq1bNCTqmUQzBna4jQ3txsnj85/cmXH253Q8qcmIcxGdf0nfvs+emff/b48w/Of/TDZ4/OFie9+9MvP747DL//5u7sZPEv/vyTv/7ppyedXTj64pPLy4v1//1PX+fMzjdd36aQzk5X/cL7xo1TJKS2ccIcY2icBc1PLpfPn1zs9wcR9t6qcDFVrJYtZ24bpyrMnEWePrm4OF2crZeXZ0tSefP2TgENICBYQzVOERERDJIIGwu+aTfb/fX13YfPL62CAXxydTaN4+0+vbvd7faHHMI0p3EM3vthHO/uN59+9Nw37vb6PsWEaJwzfeeXizaME6GOU0ghrfpOUEKKBsEUg4ckQjVo14veEV2tT1bLTkWd94vG99bmmS/O1+ena++xa0xK+dX1/Xev3t3c3Cya7gcffMBxk1Pe3e9d0+YkBqlrPZABmWNOJWoGEWMMMUVCzClN8zjNI3M0BrwzHs3V5aVHdsY15Bdd2xpoW+tdc7pcp3mawmGY58Ocgsqb22vnmvPTC9+0m/3+mzfvh5kVPQCixkXXwOL5bB5hqd0BqmLA2pRUlX/lw19CakpGowJU1TRgmatqDK0aPcorFCFDG1I66/M4bLZDTAKI5jDl/S4SGWOtqBo23mBnD+suoKbe2FXbtR77VlR0niYAJCIWjArGtgZtkTgaS9bSOI773ZhYydjMwJyeP31kkvbztgAAIABJREFUrAKogHJWa3zOOSa1xhfNsiHKmSVn71thMYa6Ra+ioMQJBGgKU5bUejSu7VrvParkFII1btF3pBmNmYdhmqYQgzOubZvWt9vdPmUgsofDFEK2viv+H+d911pSJtTT1XLRtV1jwzw6b2zbEMIwjtv9oVt0fd9N83R3e0/WkcRpHMigdyalMB721rlF15aV6+3bd2GeVawIGmcI5ekCVeRmNuS9MUqEVFPkUckgYIltQSQFYIA56SYp5bQwaqytKJIwkSKIshhjRDQwGwQBzFoz+AttW+R8eKxXryqKcomVO4wFtejdSer9UhAsOCo1SqRC5QfqkgACqISmDn1FLlu8qpWFrQrZLBV/B1BCU1LhDaGzsHRoCTNQsQpX7rzS6QAAWJFsLfS11nWpXH6VT6jxnOVHoDhn0RBnrlcxKxZ5LSIqFBqCiECxJs5j3V6+35iPApZqPS4lBdU6UJ8S05y8KClACmDIIpZNoPT7WjXGGI/WGetKChA5a503vjHWGWNt4xBQYizzbgHyy4YEVXasRKAqKZVyrtrFJeXlEGEWOUbvCzNUlbAQlUogkJyZGVGh3rV1VShTA5cA2pIvJUWFqqqCUmU68CCg+l7PU2U4KIpSsqiOsp/qWjzO7sUyWf6ipKYoa7GgwIOCqH45PPysY5w51DdBmXCEClhBQIa8t2RxngdCTTFNc4KjLosMrdtuvfC+pRDiFObT09Xp6Uo4GWeMpcjKillxnsO/+dnzP3nW//q72wlc4+wYJQqBhZiYrGoK5+eLq4v1YZxJk6M5co5ZlquWCK31JycLAh7HMeeUgZp+kQAD5xCj9V5EUuaYmJWVkAwRmfKRmmK8Omv//IsXb97dqXHOQt/7rmvR+u3d/ssPV3/1Z09OOup7d319/+LF+Z/96IM/fP0KjbPeDWNQg+RotVg0lp4/Pnl+dXK3OSTFpvWNwZ9++eKjxydhmKZxvr7b3e3DNKfhMIXE69NVyvnm/V1kzTGGFJu2b7uuuFGY+cefP/+bv/wSNTWdY9XO208/enSxtCzpMOTdfmYW74qGhyVr17eNoxDiu3v+5trMAQwIkVFEQAFhKhCCqKoI8zGTA4yhYt+3xjKzd9aSzSnHFMtQnnPOkcvZ4bxt2paMzTnPYc5cxRhIQETOtCHGl69fWypSbyNV2k6qgJacs65ppjFsNgMLIOFhmFKUtmusdWEOYZoJSQWUhQqxqsfcngohyPfHVz0djqSoKpI+TP8V08cj01Hl9wDy8CEqNl2toQmgqkKIekxvOOIRFQCBaot6gFhElCsyX5aIIrI8npdH+vUIaSAgoLUOUYrZV1SLqwFIVbRE66pI4+3hMAqTNaBUo1GoDvDKzJIFDfrWG0tzDMaQMWgbawwYYyMTK4QUlqv25GS56NvForEGn7+4WvQNsyyWLRGAMhEB6DQFVCALCBBjBtSUcuthv59+/dUr5y2i/PLX31y/27JUPKoAPg9JBopQqrtKRQkhlcOiKp1r4mphR8svcryNoCI6htA7y8xkFI0imtIGY6haNgSkdDc8pMSULkWs90QlzkW4vJDjFHeHAIAlfwYAY8w5syMgCylldOazz5588fmz1aoLIX/4wYW16KwBUOfM7fUOsVrUkDClDKIp52GM3729vb07jGMoZRPnC/zXf/XDf/uvfny6aP7wh1eXjy6IkIX+0y++CVE//+jykyfLNKe//4ffBpZhCr/87ct/94+/ux9YASJzzjGFNM1xzvj1d++mMaSckHC/24OIdf7irGsbMgRziCU4JcXUePdv/vWPP//02ctXN4cxSJJpCsbavnPPHl2GEJ89Om8sHOYQI1tjETDlZIgsGSpkL5EqMHMIYdEv5sTfvbn95uXNnHh7GL765u2b6+1+DPM0TXN4+vyptWaew9vr+yHIYtEul81uH/a7cRpHJOSsMaa+s4236+XCkHXeD8NeBJvGG2ORgMgyS4rpxbPzn3zx0X4Y3r6/e/3mZrPd/+gHH3pnUpZHV2cXZz0qHA7jt2/e/ea7t1+/uVHhOcxkzLu3v3/97n3gvBvGOWdrTdd1AnrY3VpnQHVO0fmmXyzQIKouFsuQw34YNpvNdjhozhjDhx9+qCFBFkfOAC2cPVm0n7x4lqfpZN13znjvAIhFu74D8KQ4xCkyZ0VFVBaSDBJh8SQ0LxgdAUP93BelXq35q9fpHyETiMQlS6SeR0UHx0SWtUaLiSoolP6fMZrNbtfAhCDjzArGmeawn6aAwzRZ61TM7e12s9t6kz98dnJ13kzD4euXr8d5Plmtu74RyEX2rEqRwVgHYFVxGHYxjf2itd476+chEJm27Zyz0zhe32znEFhTijlGQGwEsWudoI0MzrecZRxG68yTR5f7zXB19dTaZneYbu52m/0wzXm9Wq1Pzne7TeNc33eEaJxJMY7jTL6NMQoimQYNkUVmyaKJhcgIAhLFNLNI2zhCXfY+SyLE7X63ud9c396DoWmeBO12c88sBDCFEer15Aigb7xv2qJzdZYQ7c39foqJRXPKztoistiNQ0jRNS0BXLV55en9TIzGEpTslvJaKNbD3RiLRDEmBhA0s1LnqEXIOWcpAfgkopIzl+oWNFHKtF3eEgIqpICgolzBkXoNY8rMR5OAqQA4EVFRXZeK3yqNIQTAB36pDMdFpQpFl1846MJVl+uqRjFjldwgshQigUSkOBjLQe4Qlt40BlKNm/h+DSgXbdEA6VGKinU0LP1SQnS0t0nl1LPqs0dXzrr9cEAtnfdARSwngIiKWiwfWmVCR5CuJgIdr9f6qxf6AaB6aaozkACNPf2g9ACQMUXbU+IHyBTljydr0TgqVQDGWuvRGDLGNo3zHlElRRQGzpIZJCsrATCnGpsDclQZCqgCgbBIZlCVzAW4qlSfVuK7Cp5qXw+LcFEkSGZQKMGDIqxVmM+V/xbWnI+gGVQpVkX0Efhhyi+AtTyI+4tmAaqcQI4DfQXAa9R2bf/VIkcuDxOP2whInZYIarB6lWCJKoAol5rh8sp5Z8igqEgulToaYwJRY8iQUYDGNo9PFghqDTZN8xAvGJmtM4C03Q7Guiw4jPO6MTeb8Mu3ByEK46Fp3HYYN/OYOa/6xlm0FgzBYX/4my/O/sf/+odv3u/uJyhZFp3v+q6TlMZ5sNYiGmPdHMMUEyDNU5hjQij1a1KmtMa7FKIhyCmdrprW0tubTQm1ROUkRlU/e2b+8ouz+930+69v15dX99swj0GibHdTqVl79PiUMxO4FMJpb589Oo1Z390c8pwd6Wnvv/jBM0L86g+vGWR9eTIOszE4hck3jkHnkOeZU6pA0RTSHENKcRxnQOy8mUL4zVdvxonjGB9fLX74yUXO6Ztvb9B4Ejldt6cni2GYS0wkQPZk7g7u1a3nDAYr5KSaQTJC9YWrKHAxXZcsTOXMelzzV4vOORNiSCkZa01jc8rCbIlUxRjTdwtDOE9jijMAGmMya2bwzqhCTjHGYEpqOTrOjIiEhkWMJWMtoc1RCtsASDFE57z3HkRzTJxTPaKkFsTUe7SsASXZs66mUMX0x6jcOgECHLPIjhPocVEopydVsF+BjjpK1YcP2YP4DY64daW/Kt0KDx9w0OMaovWjjKCIRdaDCKpUoYtych3PBUBUMoQWj08OKsqxWgVU1Bg4OVmmxJySEtRtXgERyJAwExIQLNftarVQVWElQkVFZe+dcV3f0n//3/yL//Zv//qTDx9f324ASZkP28m3zjlD5HLOwzABUuasACFmYXXexhgB1XvnvfvzP/3sn3/9TcqwWDS3t/cvv72dJo45C4hISaMohiOpHokSLwZHD4YCADALYVmtqrer8ADIXECE8uxRMbUJCPPl2eJk0R3GmaXUxKiAaDU4Ita0a8AqSkUQfbBgQGEeSqUzkiVDRlmVjCn1nM7ZpvOLVT+MU2bY7Mff/e7tsJslzo8vF8MQDodwe7Nd9N0wTn3XkKnvQTJogKwhKTCUNaIyT+Hpo9Xf/s2P37+63h3Gpm9/+/Xtv/t/f//y/f5+iG9e7774+Py/+psvQfV///e//M1X79m2v/329j/+85sh6MmqJVPyITKrGudSZOOsdVRi4xbLDhAPh3Gx7PaH6dXrjbEIpMtFv9/PyPz48uzm9nB7N3St63ovCvMUrLF397s37++GKVxerD96cfW7b18DAz4YYUCPHhlT0p6gxPYJHIZpd5g2u+nl6xsWffZoPQ4jkbbeb7Y7zoKkh/1+uVpv7u4vT1aZ+X4/+tY+fXbVNc3t3c4a2y97JBqnsN0ffNs460A0pmjQkDXe2s6bEt612exvN4d22X3xyZPPP3qyXi7J+hzz+3fvb+8Pd5uDAI6s767vx3E/jjOLTMPNnMPJycnEOSsYawkByZyvFqvVqm19ETykpCyaUxSRlDilVNivdd+fNHa1XLWArTUX65PGeEhzGsbOO1I+WXSd9+u+PVu2rTXemGW/url9vz/MxjSLxWrVN5lzVqvdo+A/FOoeogiptFiIYElsl4L6HxFMqIM/1GkSKkqhUkxZIlxJQFUGJSJUNMYF7hTk84/786Udx7Fpu7btAK3v+pz4dLkcpvH9zXa3TcOUvYfVUlGmzWarCIIhpjjNGVRdma5EVAgMhRwlzetF1xhHQIKG0LIYQnTOOm+XfY8gq9Uqs4mpaDaQyBFS4GwQyRpvHIo40+wPYbU+MY5CEsmA6uIkQcww7PaHwGCgFLNwJtIMBeREVZhTFtUpBAHTNB2iMcaQsc4711iQ3Dr76HS96Bedb8M4tY1vGkeEojLMc+e9Kf1OKF3TzfNsiLqmzzlb4xDIW7Pb7+ecdtN4mMftMHCJg1YBZGsIkAQEiFLKlz1dNnp7SLOQMQZRCK1U6y4Rooqaci8QAkAUTYqNQW8ICbNozlWgKKCERqHIb7iq1OGBe9ZSeUVwpKUVAKSEwpl68yFCSWevoV8AJeRd67Wtx/cQFsH3EWgirDsBPkj5v3ffVsYVCACYQUtAEMsxFFsUgACWFjtLDJjF1AuSagXy8S5ERAUyiKCKpkjZjmpMhSMnQYREm3E/ToMBBwAsXOl1VVCwtmgTRJGI6Hs8v9jG6q9SWKviJigrUk2Tw9ofp4ho3OmHhKbM/YAGjTXk0FolInJAhowxZJGIjHXOGefQGOO98w6UNQUSLYEYWqrLy5wNXF4tTllSBinRmaUOmBFLVn6Ne1VmVNBcsn2kGmmZc4oiVbUMKgpIfxTCg4X8rn8nx5e5gv7FaF3noAf1DvCDafA4mKjCQ0GvaFH1l+PpgROoZt8jpVL3zyNHDwWsq+NVvXnLilDLj8rpVj4C2nceEeZpKiSGZIZi9LNUVE6dd6edDXNsPS5bZ0zZMnGzGwyZGHIsJZzCSPb6Pn71bpgVb+/uhYWs3c3zGGcE9Jbaxh/24zhFBQKJ+zH+9u2Q1XprFJI1pAIovF6vnHPbwzDMgVVFUAHnJMxACHOaY045i7cusw7T5J3pF900hjfXd/1y1fROssQM283wsx9d/su//OB/+7tf/uPvBnIdA13fHazzOSMLTHMCkCeXp7v9lLNY5L5t7u8Oc8zL5TLHeb3uMsNvfvfybh8OU/atu73dS9aUEhGNU4wzi6CxZpqDc4RKMWVgzZKXi7Zp/G4/fPf6bk4gwmenraR5P4wvX23RubZrjEeDqgC390OcswI0pLtDfHXrCCxoRjIKAMKIXM6Tqp1XJQJbmgpAWQQB27ZpvC1agnEKHKNvPFk7T4GzOGNVlQx5Z1U1hZhCqN9NVFWtxSLuhsJ3ESAaAUUy3jrvHBQwQ5Rz7V8z1orkAnbkmHJKpZACj9pHMiWtoOSJlUUUjqo1RcLvnSrHNVcrWF9H6Qfo/Yh7lAid77F6BUZVggfJ4TGU5ggm0/H7w3HrLeqY2iBRDuUK5T8wElDavBS4zKb14alYMiWBgROrqkjGuoJr6ZUp8hYinefIIllKwFyZCwANAoCoONewqHO43Y4ScpbsnInzjKpz0OfPzv7n/+l/+Jc//qH19ndfv/uHf/o6hnhxsW775unTy83d/uZ6E+cU5ty2TYrsGy+Cq7U7P1sWLOqwn549On329OIP376xiF988ezq0dl2NwoBQ9Hw4JFfVNCyxhzN0/UJqTBQMT+oqIIc5yEkPSq2ELlop4t5V5gziPD97iBcJyeo2sMy8QOIVCdV3Yy4rGRE9QqTYjkQLMyBsei9Z4VSYp9FAGTRe9+49XqBalaL7q/+8gd/8dOPsvDXL+/I2bOzZde6ftmuV84aG2PiyCmlkjWkoClG4ey8dc61hCnGX/72/XevbtC7P3x78+2ru90cnDWW048+eXIYhv/j//nt2+24XPZzjGNIMaY5BBb2Vl68uNpuDqIQY57muFw0mROq5Cwvnj8GUAST8ixAN3d7JJrn1LfN+dnyB5882h9m59onj1b/xV989mc/+fTVm7vhEFKWnKL1PmW4ud/OUxymRIg5p5LFh3V/xVysaSKEBEAsHFLMOTpjrQNAaHq3XvZPri7Jmjdvb1LimPLJetW23ZefPXtxuer77rv399Z5Senp5VoV311vhyHMMQ7TOAyzsq5Xy9OT1TCOc4zTHHOI3jvvrHU2JRnneHG6+PzDx5988HS3H09PTrzFYZi+efX+dj9lyW/f3R3muF6fARqD1Pk4jlvfeOdtTEwoCNwuusYiEhiypyfrclg4pEXrY4plolov+3XjLleL89ViszssvOl7e77q1wvvNVyeLk9X3aL1283WutYac3qyOD1dna67548eNZaIcNV2veXTdYfNegOXO36UwJLm4qTjEnEOJFqodTlmBzyoL2qXCJY7usxsAojiDCkLGTXGAaJqqfCuAglAsw8uZni2yo/W8Oii997db4ZmuTw9OVXIq1VjLM2RdoO8u96kxK3D9cKCZCVBksBqCRujDcqi9aoYOQFZZ2nZ4Lr3Oevy9KTr/GEcWcQaNVYyB+bc+CYnTqzLxdoADNM0hxSCICCozcLLfvHpRx8h4Hq5vDo/VQAWWZ6s53m43Y1t01qiGHJBmFerdrnoNvuxdY2zRgGUCBGdswRKqKrZKAin1jtD1DXeAEuKIUQAg8a0rUkciXCxXCTA1jtDGGNovPG2Ec4IvF4td7vNMMc5TM4iQ2KBMcwGwTXdPIcpJckJVayBzHmc53EOIXFIvLT501PjgG5mAdsYlNJYmKVaV8tBJKKlsh2NTYqIYMmUy6vMyqU2pMC3RcpCZfMTRgBLRftVmi+ACAnBGgNScjUBAfk472mdhuFoAkNAyCxHMF6rjF5REVmUCix2hOYBBGsZff0OBSDBslqoAiErRBat11BR8lBvoTHISApGi52XKpFQJPlVTgQlvxcRoXQ5a00HPd6IiqTGAKkIFLAfCpxNjXcxBZbsnOecVaDEYNZuATzaD45rABxdCAW7PDLuAKKoavzZx4C1JB3AkDWA5iHqxxhD1oMh45xzRwlQ423jUUVTgJyL8KZcyaiCwiJsCASUUxbOKEV+ACBQrL9QG76KNEGERVlEpGh+CkMjIlxtEKAqBCX+QpRrRwCU9lJUZdZjrLlWZU6R/guoApddSUEYUP6IapHjuFNBx7I/QHl4Wv6RwHF8KuaBOmmVsjABwFoaUN7DWF4kPaolVIt1xBhy1hGhNQgqMSXOjACcuW6DIKAooKp0tu47a+ZpOl03zoAKTDHNMRtDjW9iDN5h11pRVoWQJQkIKSI1rQ/Mh2kGQGOtMpuiPuQEgPuIv3s77WY2qJwDWhNj3O52CLBYtCHz/e6Axva+FcWQZAqxaDpijgDQNw0Lq7B31hg87Kc5JUIXc0DAlEQFe4qXy+4X39y/2lDXuZTj9c0WAMmYzWYfkvR9c3G+ZJbNdjhZNE+u1lOY73Zju+zmlHJO2Ljb7WEMfJhDigwq+92wXPZN44dpzkmUqF/2hYAjIFA9P1mfrLuri6UxxIAhchJNwk+enp6ufQLZDnkIKinN84wIU8z7IecMvm0M6ZPz05fXME5EqEfliSACFjvTcapFAiIjoMxZUYTFGbPoO2NonOcQszBba1UxhMjMxjoEJWOMpcyZQ0o5lJLvorgjAkKQzAhKpgZTJRYAcM6jIQXizEVyAwpoUFg458KPgTAzF1QMqaDkQHTkwo8YWqW/iiQD6ViwctQelhm9Ls1H3T08fLUc83OPukMoNBdWpdDxG2spqyo3dt05jnQeYO19hGqE0rpxyBERqeNu3UNUS/xHmd8tYFZtGmsMMhfIo5iwpPYwILSt894JUJhTfbzGIEDB+AFBERvvEOCzz5787Kc/+P3Xb7h+ftU5axtPIn/7X/7Zn3/5Qc78T7/67u/+z5/HkCyKKkvmw268u9mEMXhvXVu4nXR+srw4Xz6+XL5/826Ycr9o+9Y+vjz9xa+/LbSGSj4c9lkppcw50/HEL6dZuS3Kr01Qt5QjHo8Ktd6pwAeF8j7mtyoSiqqhospSW9KpRJgFUBFRhRGLrrVmDpeLRgmQjCoX1qf8t5TslPi6st+JcNM4Akkxd23Td95YCtMMipyzpDQfwnrVPr5ajeP4j//fy999dX160n/04uz2+m6awpOr0+ubnSEXcyJjutY9vlqPIe4PE6h6Ywxg42BOPAYmZzJLDCmmpCpn6wUo/Ieff/1PX93d7ieJKeUY57S5P8SYAcxhiETm+v3mMMQUs7WN9ZRzFGFnnbOWOQ/DTKiXVydf/vDF5dnq5GxxuloCyJPHJ599ejXPnGM+Wyy++ebVb79+d7eZAKRtXAgJFKyxKev1zd5g1bSVqzqlZK1tvGfNWTKKFmAMkYxxXdOWD2QK6fbu8PLNzfub+9a3IQYEsMY0zh72+1XXPL5cf/3q7as39ynlm+u7rrFPr05vDxOQUU3emZP16uLidLfZK3JIQoRk3eXl6TBMu83eOovWziFfLJur1cJ6J6Bt15ysFtvD4Q/fvXt3tz+Mc4zBWlr0bc7JUAbZ76d7AEBrFEzfeoPStp2EwEmNwjgemnYpwuv1qvd+mmdHtO66vnFnJ+tpPCjhkFJIY47cOLQgfUPLfjGM96iC4EHocDgw5+ViGeLEMS9c0zq8Ounbxr4b3at4vpELImtAigNHj5RkuS0L4FZorWp0VCBQU/WG8ACoIYIBNUStp6xVlVEWmAKvVAEC0pja+51ddPaiZy8ck45jcqZ79fI9SFov2wwu+5OMbjfpbhPmMSjq/hDCjCyYcyIVi+pRusaC8BBiY92js+4HH5xv7g939/PqZE2+ZDqpIUBCzjzPsW17ICtCMUY0XsEqA6D1vhGBwxAyp0XX9N1qu9kqwe1mk5WNM9h0BtgbsI66xs4pTEkyY9MuUTnEaJCsMW3rnHWoGYEbEgNigVEYRQ1w6721FOc4zrP3zlgTU1BkNND36xxDDnMOwRt3dnrmjUHJOSdrvbE+TBMSLBar5WqVWZddn5P41qeccooxRRXpup7IWGtExDrnXWMkPV/Isxa3Y5jUgrGqSTkrC6hysXRijegBxSgQRDMnRDRYYzFFmJwplg+AmpNZFJxUbB/l5CwVAarCQqUUpayPRTJZ+M+inC+rQtHqAJb8knK51DxoQEF6uA3L+EcANXuziG+oZIyiqhbJbrlkEFEEkqAAlv2lGHwXlloLCYgrrVHwgzL01+kbAY8pG0hHrZQKHy9nqA+mjqJwFL6BRRrD/CdffPri+bM3b18ZtABg6oH+oFGs60ihUKpoBh9u/LovqQoBmvbiUzzqf8haJAsl/MdYJGu8I+/AGO8dWYvGOO+ds8pZCvavKpJEBQSw5mzWhE0t2n04drap5lwakQtqqKrKWYpd4ygEKkA7g1afZcW8ytDNBQKswFhVOLCUblM6KrmOWHxV+FQVkLJC2S6gWnsVylJa8LDKAYCqsELR9jxIIQqkJlgHlRKoBw/ZoEfFv2pRvsGRigJBEENkjBXllBMA5pgzMxQOCtEaS2WWQVIFArxYNsZI39pFQ4dxfnl7eH23e3WzHSITQGPBeyqQ893mIArGmqSQRFPKmROrOrSny6UFdQbOTpaGgHPqGu+dA5HdYZezpMT73aGMs4l1nHNgbqxX5ZDiMMwps4jOISTOoKZx1hkiNGQJQbmk1KmEkEUQBL787PL545P/+KuX7+7jvBsWC5dZnPOsGqbEpYzaUk78/v0m5Xy6bJT59btNAtgdpv1h8k17dzcchhkNpZTbxn7++bPLixUSzHOchiiA1rlpnI1BUZ2HwJmtU98aVdnt53fvtoiYOSuo5AiK797v318f5sSg7Kzp20YY90NgkPWqP104g/Trb2YCknLYqAACIeD3lhxVKAGvkJUB1VnXOGtN8RWElLi8zYrDUkGNcUioCGgox6SJQRTJQB0YTM0mRwTRSklADehBeIgJFlQhNGQIQKBYRcvdqDVFGJEITWnIqSp+ZkAyVRpY9TNw/OQf95n6RtXyIapkWhnIq2dKyiOpSEH5jxx3ge+5gvqVotVdVONFQeEYNFwAPVGop5uWbaqCLVjswmWZrt+5uIZAQbMYAkX9wacvDsOYUz7mTWix0RdUARFjjAByjCalo8WLFIrSHqyBnPj8cn11sX59vUGVaZoRjWR9dLl+en56cbrwnf35r7/5X/7XvxuHeZ6G7WYvIvv9tLkf0GDb+ZTjh8+uVr07W/fD/rDZ7ru+m+cMIh9/+PivfvbFL3751f12dN4NwxynebuZYpCUcolYq88eAGot3y0ne+F2EKsdqVLcRwVECcQuPSNkEAge3iWKAlCS0HnRucvz9Rw5ZabSIkAAxRBQiCQCPpZZAqkBVFHCY8BB3SOFRZgFgUIURGkMdK0LIabI3sKTR6sPnpzN42gN/fJX3759v3fOinDb0uPLk91+fn+9v7w4AYYvPjj7Vz/7JM1z4+3F6eLV2w2zrpcdZ8kxPX582i68MqTMaY6/ZCBuAAAgAElEQVTGObIuMaMxc5Y5I0tG0jllNJZVkdC1jTUGCCySCJRUU2NIRTjlI14su9242x5S5nHOb99uPn5x+Z/95GNH+NXXN1/9/g0rvnm77xrXe/z5b968fX/wR7s6sxpLiqos3lssPjRjSkGy956ZrbFZmQqDTkZRidAROW9dawsXY4ybphhjYs4I6r0FhZxy3y++/u7tb755sxuCd5YQiMw8xw+eP3p3szkMI4EuFz2ArJb9nFhVl8tufbJwFhedyYlt69pFZ4xZLxYfPr1oWzuHrEBEtLvfbu93N9thc5hzZkW7XPTzNL189fL89PTR1eLV668N2ZzVAMTDeLFeXVxcNgr7+8NqeXJ2emrI9H03DDvguN1uEycpR43AnPNuP4wxcc5TlikkY1yc53GOrW8RvW8Wy9XSGghpXp+st7vd/jBOc7od42303+arr+er+9SBCAFzfnAiIZDR6sgvnGiZYxBLVAYoldHngVxXUdWGdE5ymPjTcwlMQ9BST1OW/4qnUSEMdGZ7vWvf3XJI4PxKwIHSOCZQ/ezDy77x15u4Hck0iyS4HRJQ49qlAmU2KUnKKEDWOo9MJNY25Pq77YE4IGi76F88fXa/OQzT3LWeTHmk1DQdCztvTk9PD8NgfE/ojG1FyTc+Kyal7T6FyCHNd5v77XanIs66cRjnlEmiakBUgxmsU/LDFA/DFENwtmkaj0YBMgH3TUMGO2sMVDtl13hDyCmeLc+sscM0IyJZiszGdzHE29tbVG18vz45nYZRUgbJfdtcXD7JOYYwE2jrO2GxxhBZZwwZHafJkIvTxKAhJesaa60h9M6kOShqZs0sS8qfrOHc6XbKASwgOEIClZSZMwJw7e1CAMiqWYAVc8rFGAkFk8d6O1i0UAkfxFpOS6pAaJSQpQIkiNBa01pilaxYehgLwmGK/kWl6C7LbV7jZhHLVFcjS7W+8/CoiD1qUPU4tGvFrqDO7YRoDKpoUtAStFnVQNo5XDhkxaJfkwfIreJdWL8/Upn6ylqiR/K3onGI1an1RxpZBOAcf/QnP8hZXr9646xXLYQQiCoXAF1B9Ziu+6CLOm4tFZ0GLCyKaS8/MWRKFS0Ya8o8akxJ+gfj0BhjHZIz1vq2dd4pB00JhEsHx3H6YSxR+qpaKqi4IPrKwsJ1ZpYCwyuzKHMxW9dRXo59vbXDC49SiZKkWe0bjDX4SCu4BVpat8oaiUcevcZ0FnxLVWuNFxRPScEa5dgC9v2N+302SpXxwHFDgCLVLU9uVU9UigArgyB1W6mIpiAoojWGkFCEhfmoAqg/2hyZZQXlzGjMsu9WreccV431lr56s/n23W3mLKLDHJfeni67GPM88TiGw5yQSBQ24zCnJMIibIla5xpHoMmgNE1zOBxU2DsDoInFOW8dccje0mLhASkLjVPgxAAQQ5jmOTMjggBkZiIXIyOKIYw5hZjHMaQsvm3DFLvWOcwO+eOPLvdRXr+fvMPGab9sFss+JxURyNw4671pWq8ADMk6Wq17BnVNu1z3kvP52RIVwjy13p0sO44RAYbDtN+P2/thf4gKZLxXwJxi31gANArWUtPaYT/nDDmw8+Z01ax6n1Ky1kiSFFRV+94sOi9JNHOYs4qkMI/z9PxisR/g5Xv1jgCpUED1k4ZSsVr5fjZV1db6ZdsbY1TSPAfmMoRJkd9YZ60zaLAa4ZkhM5UO5IfqctSigy+QLQAU51RZCU1ROJa5FQFURBgUi2CsqN7rp7mS4+XPJWmHFYEARcVgFT0CoKpgDdQ5UuwFX3kgPKs+UPAYh4V/tAI9XMDFsoTw/fSPx7NToTSZl6hcoKLaqTL3UviIVTOkSrUepdi5KmgHiICCtRkRQMESKsijq/MQwv1mQ0BaHNCKR6eaYRYtHtsHDhUVy1dKidRUBBGA3X4ex/z1t2/nKUGSmPL52brr/M9+8gkI/Pyfv/n6zf2///vfbLezQZ5CVCTmDAicC1+nn3/y9NHFyf39NqR0e3Mg4+cQh/2Yc57C/Ord7bv3G+9cFv7hZ48vzlebzWCIWDJCPSSEGRDIUCU9lLHClkeLIxIAF7YGKhtz9JKhGkPeuyM7oojAzMzcWCOSQLRkKNQXVFVVDBIarPwqUs2qfkCUsH6fwowXjzthKV2Ujx+ftiYz577zOSVviVDGMWwPswhOUaYpGkch5f02vH23VYFpTtbg0/PFX//4w8fr/u9/+e3L9/vMgkpkkFNqW2ecG+Zwe7cPMWUw230cIx+mAEjb3TiHpMCJ8zQFIpci5yyKaACcN13rACWlbCwxq4IsWjLOOG+hfmzxZN2Lom/atnGfPL9aeDo96wt9axBTlB9+cvnpx4/+8PY2JnWOQozTNBUQprTHMysh5iyZwRiTc6qhHywpsLW2bXuubpa68TprxzFkhhhT37cnJ4uUgzVWAWJKc4wFoBYBSzSOIyj0fTNPcbvZGTIpc45MgKenp+MwTFMK02wbbxTiHFB1ebIMMc9TWDT+s48eP31ybonevr1pvGdO1zf3tm3GmN++v7u+2W73gwDsD8McMyKkaXNz9ybHHOawaP3ZatkRXpyte1BL5MlYQm/9/e1tzhFzMmRL2Aaqcs5N067XJ5HVGWCBYZ5FxBvgFFQkxrTZ7sZ5NKg5zDGqCqL3r0b65/vmNT/a8iorqMQiQKMahwJQhrIqmy0nkUD19ANoyfI+GuSPQ4Yl/ODcPTttkId/9TneHuLN0CDWvZlUK8lfIVQhFQQK0o15uZ3dkFHIOd+uV8uLE//o3K47N0a434n1Lbh+Tk7RGWuRiNAA0DRrUotEtgB5rOMMm0OyBOuOPnq6FsmHMYZpImDOLAy+acnCdDiQwqJddM0yppiE5oTIJmeJSQDMYZhCSqzcdW1jDGLuez/NE2lRVLMhUDQppVLhR6BgoPEtaSaZLYoFiTmjSOubGIVVVouFBQhptoZa38QYQpqNteQbQOTMzLLb7ec5cmbl1LXeO6csaClPAwD3vm19LznlHI2xw+6ua1sCgwTGQBZBcjmJcDIEhgiUS+oOoUuq4zied/TZWj3HkCFKHaYAEJCqBKbcVsXwik6BRInIWILisqMieERCIoVa0FSvoNJWX/1NUkZ5Vm4QOmdCzooIKkQ1TKfodlS/BztKmFQ9g4+p2FTZ13qHwPcw7pHfLoc4Fd9UpbEJsegEMmPKUoPXVBCxtdA7VCAGZD6O4loJhHIUKwBzQZAJ9MEMXzKKjnwJHInyul1A0/hf/eGb12/eLtqec7XIlOsDqcBfVE1KZYPX2ipQHgMiqLAlU/63aS4+QSIgQmMQLVkLSGQcmtLe5KzzZCwact4bYzQF4YRFv85ZlaEITkVMnesli1QkvkSElH5fUIMKwOUpZ07HYZ0L6A7KBZXUo/i+KosAHijD751DBdx7WCexoGSsRYZUx/tivAM45qWW1r0jzigVhqzS/zqZo0LxAGiVChUDQOUiCu1+1FcUW0KVNxTdWJnuC71SrgdlFmCVXHYJqMmhQIjV/CH/P1Vv1jTbkV2H7SHzDDV80x0BXMzdTXaTPZAUJYqUg6JkyyFHKPRk+0ER/ol+ssMPenI4JFMUZXFqdje6iekCF3f45qo6Q2buvf2w8xSgQAC4uKivbtU5eTLXXmvttev3ijFebDdtgwR2smpeX91/dbXLJbn5qW26J6cdguasBjSlnEomo5TLWMY5FabQxDaSBTIyaRsOgUNotJQQQFWGMaVUmpYllTml9aqZc/JP4zWmAQ7jRMgAKFoUwYzMdL1u+4ZT0SnNRcXMODREJNP46DR++M7ju9344tXNXIgQ33l2sd3015d301T29yMgGdrpJp6drNwqfXa6TXMZd5OZcSAE2t3sDGzcD2en/dtvPXj48Ozubqciw1iyQtd3SHax7d57sv3nf/jbP3j3UYNW5plJz066s5PN9fVd23Vt35YyPnqwTUmv76bDQUQRACLjyaaZhulwSIdhHsfU9k3f9Ztt/5MfvP/5y3x5nYBQl6j0ivbNw2YNvNUS/K1CF5tS8jDsU0pgYFRrhhgDMwOCiOaUQJUQQZz7BwUVEdeqJQuqERkQGuFyCvofvqBz52l9ZVjVLBHAY/0BFm1PjyFXXplWGQDNlTQf3Hys+HVZnNXqWNFgrZBdAmGwuoV9Wx8gOZtyJP9xIetqSWOGnopMx5LCTG0pQAABdWGZjy/7tqnAt2Ci2sTsb0AIBv2qn1K5vblrmFQVuY5v8ac4xsZlkOoe9kd12ShNMxj2fauG2233p3/8Q2a+vr2XXFSVGZn58aNT0XRzt6PYXN3u7u8P4zCYCQKbiQsxTRtB5O2nDwH1b/7+07v92DbR3YJzzsSMSLv7oRRjIlPrOv4nP37/k89e7nazFwBW1dfKMmGlwQwRiMm0HmqA5M2+lamqD6VnDwgaehCTqU7zzIxtjCratdx3YZrynHVZRwYCzgnZt8QVLm189WzzW0CEiIwIVI8PqovQtO/jfrarm6koqGIWvL6dhklTgXGcpiQp6zhLUcxih8NMTN2qbRu+2x9evrn9i1989eXrAximKWUpWswnU6aiwyTzKAYkoqnonJNLsAKVxRFRIvaloqYcKARmUFGd5pRzQqKi5fSk/95Hb9/vx+GQisjjR2dvP724vd3FpvnZj9/7rfcenK47AtyuV+Ocrm7uDvtxv5/fXO/+6pfPb+4Otng9iWuLltM4SJW2kSKx4bbrcymb7erhw/NxnnLOqjrMU5KiIkVyKblpG1XLRZAgRu+yBWACw1Q055JKbiKnNOdUFCznTAbIIYQoZkWympZUU0Y2m5UZzEkfPVj3bTwMyQxzwZbpnaenfcQy5zSXcU5X13evr+5fvr5+eX3/4tXVnErfea5/4gDAvG7j6dq+fvUFM++HMXA82Z6dnWxTgdNVzxwYw+EwAaCKkybDyelZQ4EhnPb9xXabh6Rq85xkHpq2yWkuKWtOhsCxOTk9o0C311dN04zDeH97V0q+SfFVOd/BqRqZSpFs4LSrM51VMlcp5CxJPfgrbicE7+Ix8AEdVNkXAy0yjdPbq+HH79rD7bBedV/fheLR61WltIo8nDhGY58CbgAYs+GQDKlLsx0O8/7u/v0n8aO3T15dTzf3sNqeWOjHEoowcYyEYBabZs6WMqiSqKRpNEOkOBY4TCmn/eOLfkrjmIpnE05zut8NxNzFDowZw8MHZ4/Pzu4PupskcIsYJNvhsC9qWSwVYI5gNhzu28iqGQGzSC4l5ZJL7iIHwPWqn9JkqvOcHl1s1w3FoJLntuvLlExxzGW7WaGWhqhrVo8unsp4CBTapmnb7vZ+Hzg0xB998P7N1TUBS9bNquu7DimIwe1+CgRtG1F1SiVSiBRi0wUiNCIpKLLuwmrdd+0qMF9fvWGiVdswQ0DSVKZxAjMKYcgqRZ+sw9srXTlHYWAIgsEA3SIeQghE7tRgYmTO4gvB83ZR6o6uhG5x8Z2vzqnxZCnXqNWgiCbVVQxd4CJOE5EhiknxRsZvD41l2IR5tx3h0i6ABCZQ9Vfn/9TQB8gvHg8AYESrs3A8ihMDGaDHSfuUChBVNFgFXkdSQAHyjhegI8JAczrtyK2ZB3BUHwqY1mA8qol+jnLFVA0DceBQcvZ3UwUvW9z+YwY+Sn7pXKo2AG9CUNSGg2jxy8Hd448QA4RAxMCBfOxXiMSBQxObBok5hNh2RGBp1pLRh0pKMVVARTRUcVu/J9aBiVc4WtSkkB91/nCq2BHwuq/Katw+LQYeE3F4vYBwt7SaqqBW0wGagVjl0ZyndWRTb23N5XELQxUNzGORrFL4ldpUq22KzstavTX+Rx83HtN6dB+1BQACpKWNuY5vqxK7gnvRzAxUtKhWM1y1DFWUU4sKEUGCQCGGcLFupcwoRYGeXx52+zE0UQy06IOTzaNNU0SQWUB3w2gQylzGNAgUJESlLraMImXedm0fw3AY5jQ/PD2JDdwdxt1+Jo4pZStCBAIwz1IEAM1nRM/ZazcsHrKLRIxtwJNVk3O+3w9GBmDMaEUfnqx+/3feBdOrXXpxuR+mkkVTSkjABJdv9hw79TmOYJs+3N8cYlhpKY8fbdJ+/+TR5sHF6vrqVrOsN/39/dC1EUEu3+zubw5t2zx5cnF5ffvg4nTdxIj20x99sO7C66v9rz67fPF6RyEOc1J3hCDlrNNhJLT9kL6+lN2IxSgJ7YaMYA2CKhrE2LIh9n0Dpl1DkcJ//fV9ES1FjpQ6Hb0vFaIh1vYjJKSUc0pTnazkTL1ZbBryOdtZJBewulwBkDyRRjzo1+kvt7vWbMZK3qst4wBr9L6qeZ8Ms3/62laOnurlnQEe91JlUyCoo1AqEHcW3x8Zb69bdlJffYs5yKkSFw9sAf0GJnR8ma9WAPDawBd9vbdWqZLl7HW5k3z4kKo7AtFr5SPrDJU7rYFaRw7D9znfgkU5cpEColK0lmGmREhMZpZKMrAQY8kFFrG1khygTBGYhmEyLf/jP/+9D9978h//4u9yVkB68uQUUO+u9+M4j1N+8fySCHb3h3GeiWPgwM7tuOqRlZCKys3tvmRDwP1+MMO2b5CglOzJOScnK0QzEQJ+fXt482bvVFXlleolRKKjAaLefUSrEyGtzkxA8rkiilAnOPhwHauXzk9OXfWdqZydrOcsc1GPDRIDFSUC8uwdNV9CvoOia1x+shCiKRGq6GJFQ3Jnq4Ea3R/ynI2QUim51OBljkxECEqMzIE51FcHREZRyUX2o3xzNeTilU5RUQD2+s18BLoWDmSmpShQ1ZB8xYcQQJSQw3faP0UNzXKWaZqLFPZueFEzu9uN69h8/N6D7ardrjpTevl6d9Y3/+jH752frV+/uf/3//ff/N0nL56/vNkNaT9MFOM4K3FANDEtsyAiBzYwNHJtNgQ3aFlJRU27GIgoMuLy6c/Otwjw4Pyka0IbQtN0fdvOJbvGV0opRRC5JCm5+LnXNqGWXGrMvFp1c07zlAzw9u5+TqVpm9WqG6f55m633W6KlIfn6z/48cdd1+4O48XF6TtPL569dfbgdLvfH+4Ph6L04tXN51+9+eb13fX9+Ppq/+LNzavrm5PN6snDh8yc8zym/LPf/cHDc/765XNCamJvxURE83SzT7c3bw6Hgxr0m57QpnEcRyHIbYhlzprknYtH33/6Vhfa/ZhKaJlC16+btmeOgXmcppQNQZkxBohMIfJ21U4Zv5jOrvVCJBiqqDJGx+do6C1/CKhAYsyIBMUF/doTiejKlVu3UR0NVeaOkA6J52n8px+XpoMpNc8v85B9+4GqMoJzMoDkC16hokdDpAUIhNtdvjlYYHqwtQbzbl+GAWLTQWg12TRJiDESrLpAoHViMSBz8LO/mBVrbu7TfLhvsBBiVoLAIXZiVkQJedVur27u7ofp6YOLJw9Pb/djNowxAlDT9LkIUxdCL8ZpVi0QOKQ5eR5bUo1NbJsWQDartgkUQiDUQBZQUk5IxCEAh7YNJ9uTKSfJqWFEgEABkdI0oFDf9nf7/Zx0mvT25oaAz04uurYjxrbt7nb34zRIln59enX1Ypzmrlt1my2DTONOBE76VkpmU0aynBHwZLs9HA45ZykZDUKMRNwGUssliygAh3kuh1nESsS8xflRIz981G0jvh6yUYy+TzKxD/cCz8ghURADMXEHC5IbQMS1Yr+JWFMwHZ67B8RPJBRTBguIRcS85YyxqIga+eQTqGMniJAXeIYIVHn9ejZLhY64ROW5Ao4I6Ge6+5RcS/B2xEDGCGJQFLUae5AQ2gCbhgCxABuy1x7f4Rnx2wP2W93KSWUEVSRAM0bPEVry5/3rozNEARzaer4fEXhfc3X6mCsp9bgmUpWG27cfP726eY2AzMj9o+9RCEgMzEABOXITKERgjrHB6vsPaKppNik1c7MIeEIiGop6uI+J1MZZP23Es7qcpBRVU/HJ5i5T+xhn+c5oGzURR1RHGaBmcYKZSQXtFeLXRE5HRWAV1uuSC+RlE8FxW7DFF6TeJezHLfhF9byU41Qvq0XGEbJX9cGWUgwqcqn7ytJksQgRuhz56kMl/WNStf3XGCvwW+oHP4AKNIyPz7aSU875eshX94OAQhMViDi8+2jTRYixEZO73f4wzmZkZpPORSVSRCOP3CC0bdeB2WEeAtPTx+f3h+H6bt+0TYyNlNREnJMMSQ0icTDGeS45aSo2F1FvoUZKeUY007zpIhDGGEPblmIdY8OgpUwpP395txtSIJrS1DRMhHfXd6vVlggenDWn29A0IZfSNf3ry33H+Q9+6+Sf/e7jH3+w/t2PVs/ePnv96ubRWfuPf/L2KuK657efPby7HRWwbZuS5nG3J4PdIF9eDr/6+u6//ub2ky/2r2/mseB+tNtBbu50mGicy3AYL067s/Xm+WU6TIDICJSTjlnHpKuWN+vYdaFpQmACEw5NAHj95vD8jTCRSM3adaIBTQmNqBr2TNW1RMl1DCGA9/ISIBAFQpQipbimVLuaahMn1NVBdTIuVLRN6HMwcNkCaDGDOV+1WBLBB1A4wCZ0pO4LqhL/1SNpVWVdNhP8duUjwEJt1O1AzSP6l/LVamXgCx7xOyFpALXx19lJgKpV+tay7GJVI4FFsABGZCQzccYGPJjeX6deI0B9+jy7uX4pqCML2Zo2pjSDfxxmLwzMrfBmpl5jMDJZcSYXjoMOiMgMUyl/+sc//v6Hz/7iL3/xlz//dBgl5ZzmvFm3w2Hc3Y9ggETNqt8PhzxLCC0wIoITCWjEzAYmRUMgMJAsRkhEoeG24VxKyYWZPV4p55LmPM95t5+j2zIXSw58W30BWAFb2IJK9punJ1ltIqqkjeN5T0eKIRhajEBkTpCPY1LRXCSLliKIwCEYCIIFJu+qc1biqHQf76nVOApUx92gCwvr+yDCwpopiBdVZp6rh6oF0MEYGoinNXg9pyp5LpGRGed5UpAYmsCh0jGIqiqSXeavWjeRUzCEyIRmtSvPjnukxyooBCIV8ZaYXHLbxrZr9/fpncfbf/s//MHj85MP33r4w+89SfO03awA4LPnr7+52t/shnGaNus+5TylDAQxRmI0NJG68Il9RJQAYAgBzFSkaePFg9MQsYntYZjmaR6GKae5ayIyn51u33lyjsQ3t/cIME6TqPXrnhg5cM2zUYhtJMTgHCaaEXkur6pJ8VE+2HStGQTmtgkiJTTU9/Fsu3ryYLtdtV9+9Waey9m2/+jZYxQ1xbv94eXl/RdfX33z6rqIEtP+MJSicy5zEcCwXXcPT1dSyrDbv//k5Ktv/m6YdjEEBALVnCbQlATyPKYiY8ppzvd3u1Iyxdi1EamRoqrw5OGDD549i4y3t/eCjKKBI6iAzG0Xuq4XisNwe3N7zxR2d3szvbjYjta9KGcZ102Ii9HQPJnLxPl/KIAtprc2cj+bYmQoVjERLYK+N3UiMVplNBDAQCQG4qb/nbeGION/+WS6HUIIAEBiCEskvFupcUEIAE6/OfPr+EEAZJr1+hBfXR1k3p1tWgp8GM04RoY0J0EuWQLByabz/E1FKCIAIYSIyACmSrMwogLkw5AMIwVUgxBjjC2xjTlNBe7uBk3zLDZlmKbEFASYY2NARsH3wJT0/jBdXDx6cHrKZIQBALu+RcPD7U0D+uRiDTo3ZBRou96UYqno/Zi269V22+ecwKTr+xCaec5F5KRfdU2HSJvV+vT0tAnN/n63Wq0JqvSFSH3f9U1jMr+5vSW0EFpV3R32ahJCNOB5ngjh4uy0X29O+k0IzCqIigZnp2emJgaBm0gWGWMMgEgxIJGaiYIojnPZDRNoerblt0+br26mjJFMwUMsGMnz9U2RkZjFUKrj2gK5j6XSOhWneTuwmpiaoQIQkkfJFDUEa2IAgCxOwHmQjhtBvFcVECwEInKA7esBxNTQRdSqPjnJBgyuQZnj8np0QU3mMVQAVY1EkcEAxdAQ1TSrAWAXadsyIIiBEfqBZ8sBTdV5Uam0ZeCoG1/Mh5pBDcjTJSfUAKBqlgCIwIBGAO6Et4Uf1CWr+3jomzIFkXxz/yYEn/eF3D/5LaaIHJAihsAhMEXkSBQwBIoxtg2BWZqtZDQTFZMCoCbOSiqKWHEPjwKY1M5g01ICAhPUvC811eJpEwAqom6druYFqXC/ZrFolVkc0DuOqqq1Oj1m1fGgx/977Pe1pXCE6vivv6hX3l8AFTJUsQE8SMgFlKoY+K+9ulriERcWzRfJEfMsOKpiqePIB4cvjpkQa2tStT/UPFNwLckAz7ebFcM4zwZ4eT9NaVY3g3N8tO0en3RMllLKUg7ThIwUQpEy5dkMUK0NIRAHsjbGSGSq2UrbEwPd3k0CZAaWUh9NVcWwZAWAUiQXH6dhomAITWwocimlDYRoUgo4sWg07qenW3774fqQ5fXVLouuVo1palpuuvDowfr8fLXbJzb6sz989q//0fkf/2jTB/7NF7fn6/ZH7/b/87949ycfbl+/ePnes0eB5C//8h8ub6b33tn80U+edVBOT/oHD7fXl4Mmub++eefJtu9Wtwd5/mos2qB6KL8SopqmVEyRiE15SprA0SbfH9TduaIWmBkpxrZr8LTj/f5wczMgYds0l693UNSwvx/I20OYkZe+N+9HqvQtEhrUeM1KOQAgMPvI8Dp4Q0oBswpNTdEfUUSXggjJBBYo5p0ktYG19oE4Sl+agTz3wMNoqUpGzmkZGKr8N/FqiM6GLJl5vvCWtNwqTPnR+B3cvahVtvxANd9ilUL8xKUjeIUFvkJttrVlW4bqC/p2q6k1sgc14PIm5qFmzmEcdQVAolDDFlxYQzKAvu9XfZ/S7F9dRL0RouLIJedYRUpJXhR55hoRk0FsQim6Xod/+6/+6BeffvXpl6826/WjB+uf/Oh9RuCGDUxU2lXLxGpGRE0bK3mytAvFyIGICLenGzCLbSOmq1XXxDTIw8wAACAASURBVGaeyzBO85SdBxCRnLKKIHqmPphqjbJGhOM+sRgdvIRDrQ7HxYFa4xoQwB1frub6rYoxoNn7T04fnvavbg6mKCox8jTn83X8+O0HU8mGoJVeQY+qRCLydLmaqIZqWs/U7xaKQFBViFpXmhhUyG5qRsdpMkcmBKvxagH//nAAE0kqIgLI6JMAwAV9z2swRELVY+nqrV+IyKAqsrS9VWucU4QiiqZdF2MTmZiJY+R5miKjKTHp995/WnJZrdoHF9uvXlx/+vz6i2/ufvXJ8znllBIhjFOasyoAGqoYIeasahCYYggiEgj7rlORlHMbw3rd393smXG77s10f9gDiIoB0vbs5OZq9/hiu27Dp1++mbPspzEEAoQnj89PNv00Tsx8errNJac5eR0JCKpaihUpIlLMGDEwtQ3HGNBwntJ2069WHRjOY9504Z2nF9c3wzTLRx88evb0Ik1j33djym8ud58/v9yP81ySJxTlImpAxEQxxOby8nIY9j/7nY+///47BPvPn//CTPq2P9lu7m5uRMpJv2m3Z/N0GFMSJeaW23a9Xk3zMI6TckBktSjKry6vIKcnp+smcAtQ5mnVdYQ2DFMRHaas07CfxtitpmIpyaRwr92rvCqKqkVKNisevk3mTwMBUsDy737H/vVHw2bVvdiHAqS6sGzVELC0Ky3BxO6XJabAOhXc7dOzDb2+nU3l6Ta0jLsEi2N46SUFPCqahmjgcY0CUgiMiZgZMI45xgDPHuNFN7z9ZL0/TAx2cRKYdFZM2VRRkZOaigF4xDshkKfqhtBOBTmGzbozKBQocrDMh8MkJYkYhzXw6m4/i8V5ToyIGJijIYmqAsxTBkMFzEoKTRY6Ozn9wUcf3F/eoajm0rdtA/LWg1XX0GazmueJzWIMCMjUBFPQ3LeREUE5Nt26X+U5Pzg9e/LgQcQQgC5OtwBwsjkBtMBkImiERl1sx/FACBi7NA1N36SUtydn8zhP8zzmyUoGhVXfGZCkARFCpDYGADZAZk5JKngDAoNAnOacshChT+yNgQlQjF5f3zeYPnq8fXEz7oU4IIioCiABBqvErxPGIIZqhgaMC2sGXuCBH4VEbAZqPgzdtzFFpFIkoAViqJ5TCMxkFijU3Q/RTNCQyQd+UmXQHBG7UG01/NeWjlwgPzUJAKsx14yogkFAFMdgjGo2Z3WDiBNTEe2kiYEhKzq/7RrsEspZvxzUoQDAxN7pBvXANXdjLCftd05sB5AeJFRnXi2yb+019I/vFM5yoniahIGB8frpbzMxcvSkf6SAxISMMRJziJHMLM8mGcHU6hQU7/dFh/ROIbk5xqdsiaEZgzVMCFBES/Y+YFcuHPl7ey4CoM/l9cRTVxjqg+wAaIEUbhZaaiXv/FuQOi6eH6sWY/9ICKAmzsc64PfP+d2raKYASo6S1KpNVg0Eju+zVB+eDoSmnqrtxjBPtqqz545DA6B6kgANyMT5WACjqmapmZInAXpdynTat32DYDqWcn23V1NiMgqbzfrBhg0EzMY5pZyKSREtomOaiTkgN0x9E6wUldIG8v6tECxJ3h/GpmkVidE+fLo93XSXN4cC2DRBpCTJaoqGoqqSVS0wlVRWDZ6sG0K0IutVmDPkou8/4j/96dt/+w8v70bUkjabaGW+uT1ksb5vd/eHAlQyrWz4F793er7S/UT/+Ze3z1+ND076047aLnzxcvzy63Fzuj7M8NWl3CSYk3314gao+cUnbz759Zs0zB+9f/7Oo7Uif/787vYAjIERpZioIgYD9Ceoogdf/wbDWOZZVWpjCCowUkBAwJwF08DAd/fj2em64ZDGdN43+wT3gzoNzAw+Vol8SrcpIIEb08UVJ/Ul7oyUrwARMTHNVaasTWvgriFaWk1geSRrG5D5Wq6c9uLjF28nWKjhRWnykhXsCNYrqIcafFMn4/k2ZVW8wWVTXNpXapzoIjYs+E/rDrPQ+I656rOC9dGzmiUGtdV24R6chPByGOtUL/CGLwJTD0jDYz0BsIQtVBm+tp9CfbK888Y82oUA5nkqomSoIlD5aKOlBqsWLBC0epYbGCH5XXKJRYr+/a+/vLkbu6Zdr9rf+/EHf/jTj798cfX8y9fjlFUtMkvRYZiZEAmkFEJUMTAITE3k3X7s2hCIrm8PaUqEDKY552LyracJEcwDWxcmwMVGNAQyA1rSTGARkxEBqjiAuExqBxUg+Lb/F/y/mBYVomlodzjshpTVDytkogDw0bMHh3m43k25iq5+VzA0AQyIGBBMvB44fuIamu43nqnGpxgYLSZXb1cDdSIKcLHq1G+4hDOSAYbKd2A9jJzcWiQnM5Fqa0MCPrpakRb0T4RmooDKgf0hc8NoEyMzAkDTxK7pJBfPQCsKVnAapsCgAP/wxddXt+NvPnv5//71bz759NXptu8iNm2cc9kfJgotABowExtgDOEohjH6GGNIKXFgNB+vIX0biTHE0DRBFVTs/PwsNgEM2rb9/odv/ZOffe/DZ4+ud8MwZy3l9GS76vou8O98710SHac5MocQQghzSqWULBmXFdC3rUpp2ma17ter9u7u0ETmwG+//UQVmDgyffjeo0ePzg24ifRb3392v9vf3e3Gaf75J1989eImCeRcOISSyzylUhPIANViE8dpHKb5wenm0bb5q7/582Han1+c5TGtVn2Zp4cXF4/PTvcpMWnb9H3Tznl48ODMLInapm9DiE3krl8VtWK0m6aSxreePFqzkkIXcN23WjIDktm7Dy5ioBZMcjGz/ZBeHsJNbpPnP5h5NoB7p5g869BOWL9/poc5X+X2mz2kYqUIO2Hpm58nwbtLY2m6Q0BFCETEcDOtXtxKS/JgHXLOCel+JlHvITUEA/XdanF/uwfTDMEIxECWLDHOBl0fn16EaOOj8+b+ME1TOt+GZye27vB+sv2gCqwA4pQMsiqo1a1GREVpyMCBGeV00zQBpzlPc5pTNiWjFkKvFgHZnwUV6TerruGUUssRpJiKGSQRMBIOc8pzsdPN5r/7w5/2hK9fX222JyHw2fmZ5DKM46rrAQxMU5Y20KqJ8zS2cZXmMk+DQe5Wq2G36yJ3sQvQvnl9dX62OQzD9e39+fn5atVFjsPuMI9zRG4aMmIpQyBqIjeBSp6Zw5Smi5NN16+mYRizlVyapo2M0zTG2OSsAWHV9zFQkZxLEYGTzYlZUcmSU5qTSWkbAs2oSsRDMirzx2fBAC8TUGhQFdTEUAFE6tQnMQBk8T2KQyRGUJGiZggMrlhWaZuWvmEA0IBAyM42ABgaioivOgQIgRyzxTqdxKQIE0Vmr1b8MGQnTWqD6HI41pQfY1pm7ZgqoJgiIiF5lCQRebBYFigGACYCBtgybhtmhGLk5hmtBlofD+8045Er8i9GgKDuX1rg4xLh4f/hwUGGJr71EtT6BJdIjgotvPugpknAd3zAxuunvw3ESAEiE0XyMNAmhDZyYASxnCwXMBUrJlVAQXAGrfbvEpia1tFoomYSyOq5I5aKFFmG+JqCGNbQkuVvMwOf9oz18xocPTauENSxuma15xjqsIk6YNjPIqg7RnXlwKIDgBcV5lTYci294WDp6HUYBrUlxKTeiYUTs0VSdB7UvJPd4YtVK5Efu+5f8hBYq5gMjtZnd3ksboXlBhFxjPFi2/cRUi77Kc85ketPFB5drPuAqoURpsNcRKe5qEIWFbOGo6kGosA0pakJFIiYuO8as5JVY4hF4O5uuOjs2cPV69v5ZtBUMgKKiaoUETMjMKJYVBsUgrzqMLJY1kcPNiZ5mCSg/k9/8sObQ/7/fn0zz3MbuYuIFMHoRx9s339nfX09ofHPPj77/ffjtg//1398/b//P6+/uCqHWd7s8998Of71F4eff7b//E1+/mb45NProdj1fv7lZ5eHCZ++9fDNfXnx+p4jtX34+vXhV1+ML64KIzJFMTTDwNF8H69CnM/BQwCT4pgvGJCP30MDRh/Aqjnbg9O+j9r3UafcmD2+aD94evKbr6exMNYpV1oXQOW+lyPIb+Ux9LL20lTHzJEr95uJS8wwHgu7ilyBaitTXVVESMfFBXaE5FhXhEdM2bJBOA9eG1J8Rmw1wS363gLG628gHUd1WTUcLvVE/ciVYLAKzJcHqL7VkZvQuu04P+OjBZd62PGM2eJKwuWkXeoGrLAYDRfRwrUH82RovzjucUFTs0AoYAaIqiawaBrm818QwSejWd2Qayy0CwhSZwxbCEFMAaCNTVJ468n5s7cuzKCU8p/+888/+c2LJob9MIMhE643q65rx2GyYgiopjFGUeUAgNg08exsMxfJqbiDxQDnOaNqxdJefapSnZBc92k4KiHo5IQLWPXqwWIBQq7sgevAnhZKzlSBk0T+AlURIpgnMbVAIafkztAQ+NXt7vXtFDkSgErxwZmMrJ6/JrLQFg670TPIln4n16DQKQkE5EBgwOxH4JJJ4dHOtaXB7NgZj+DnH3h8k/u2vfIFozrbRADRI7Q9jQJhccTVRaHiY5KXbFpiJI/iL17gQRGRkt97vP7f/s0/fu/J+afP36RcHj8+aQLe3R3mSa7vh+cvb4Z9+uits3/2s/d3u/08Jw4NEjexEcloGEKIISxcVK1OaoI4UU5ZRUPDTQxt22w3m37Vg9p7Ty+ePjyd0myATQya8p/9yU8fnq7nYU5JXl3tXKZQsKur27Pt+nvvPX7r8UVg/uzzr7pVi0Q5pcABTUspkXjVNiEENZnHXLLOWbIUZp7GiYjeeevhdt2ebvpSbL8fTHV3f39zu88CX768+fz5Gz36AQDdR+rhJACYS0IQkKKIbQxPzpovXvxinnfzPEuW8TB0TUSBJjSAtGooUouqTRtTSgoK3JLpw/OL7bof50ml3NxfK4CWMs4pap7mfYPAWh6ebLdd05J9+OjkfBVam1eNPX247fpmn3mI5zHylJJvMEXA0OeU12i+qeivbuxXd/2vLnU/qxZRAKwR7FoF8jq1zutkwyUqTMVARNV20t8MpBzvcni1B4OoR3PikeyEeqYD1vAEqueyd+9RMcsqw6R3e/niCj+/pus9Fev3I+RSLnqOZEMmreGRQVykRDY1H+QHgKqA2KgEU2lZ+hY3m6hlJg6r7mRMmAqrYMmSS0IkDCEbnK77hyebAGYKhDznzJFjpMhgJnMqb65vz07WP/r4AxG9HfWrV3e3+5STMgdGNNSu7RBJtQQGUxTjcZ7mMonBanPu0PatJ2/F2Ihhv1rd3u/nJFIKEp6dnN1dXxHAatU3kW7udybWtNu+bfa7fdd0sdvshz0TUGjPLi5ub/coNhz2iBYCZ5Gu68o0tzEAWEmZKBp47441MSAhGOWSUspNG1arbk6JiSeBeZ7ePQ3vnzZXhzwqARLDQsS6KlgxE4Gh1AY3jUymlkSR6GjzADNEC0SMRgQmgqoihQgDe3Y3FDVVESl1M9ayjnHbNWQCoA0hSWljQIA5CyOBKaIBknorgqNDRKzbl1V7EKKJT2Vxh3AF32bSEgJjVjBDCqRgohoJtm3ggMX1/hpnBF4ILBvhd5t2Fzf9IgP4seI6MyEsxyssUdK0yPrkyXEKUJWN5dT1dgFnwgkMEHn11o88+59iRGIMgWLgGDkwaJaStIj35YC6t8HA1ERNdIG5oGBShJwYUmUGQlUVb4fSrIZAPo1BFVWoogdVrSUEOn1Y1WVQU6q1i9uJaqBFpRiPhL6oJwIBSN0zqm/CfCwxVCFl6Qqu/lq/i2ZL/2+93P4C8+O5MrG4lCUIuuAiF4aAjge+LZQtHpH9MVfWP/a33ozlQla059ETABSZHp+tu8hZ8fJmj1S39fOzzUlnZqXlmFMyVVOYvamYWErx/tFSSoxh1XbrrjvdrqDks5PVZrMa5jJlIeKLTfj+u2cvr3efv57UgBhDCFltzjmnxKgGlI1/8u7JP/3R299cXhHiPM1FyqZvm7aZMrDZbnf4m9+8AqaLi21KRUtWjb/38fm/++/f/9GzfhqSDOn9Cz6M6c8/t//w891uMCWbi2VBLWpFiqlSuN7lQ7HN6WZ3mFNB5O7yevfy9e7mUGbBVzfp65dpmKuXQpCyGC1qTEUdVGNNKrz1lDIiQ2BEM2Ov/0wRrGnbx2fNn/zk0eOLfrg/PDpfv//sIjD+7VdTVg5Eplp7DhGhev8r6nIIa2ho5n1qVkNvrMalVBq9ys3O/Vs9o+saoSX3xlkxrKPHoebpLCh+YeePWJ1qDrEvJCeVcVmryxQuqApf7UKpRSss2VnfQZtuNnUBzDX2arCEulq/UwN4lUDgnkuoTqIlQbkWQK42VGqiHrqATlwsDxPQkvoDx2egQmHnMKozwAs7sxD5g/fe3h12hCwqRBiZOfi7KqoSgTtHPfKZQwSAkooBMFETg2fuMxMCXN/v/5d/88fM+NVXr7iJz59fWtYkpWkaICAEKTnNc0mZOCCRqKZUmtgQYikFDOaUDodDhbTOryDUSZVmsKhRtFRZleev99AWI7L3Gi2IF5G9lZew2rf80rn+4Ps0qamH9xuCAhohNE0EgFJK18W+bUqWUoyZQx0HCYi0hEEBgMs2cCy1EOqkGP/8VbKoGpUTK8tRY2Am1WiGyyGynCWAyEwuhTkPc1xltmx4rsaiZxctY3cIUItyIA6eslWjj5BwqfaQA4fAAJbSrFbAoF93VhQAIsHl1e2r6/005VUXzk47ERmGFJhKykj26GI7p/K3v/n677+43I8FmcBgnlMMoR6BuNS8VYVZjhaD4+8Soai9vrxVRWb+7Q+e/OyH7xjQJ795gchguLvbn55sLs7W11d3X351rSZ5zszQtQ1RXLXtq6u711e3RS1EznMqWYnR813V5HS7aZoml2IGzMFQcpGuj2nO6775wcdvPX50igAl6/nFGYGoalH45a+fX98e1FWUGEvJzBZjNANkFi1A2DSsoFOa56Rk0OD9m9svt5t1E5rL1zd3dwNhOAzTzeW1QXd/czcdBjJcrdZJcgiRuI2gTWxUbNU0w+5utV6nOXUxHoZiJXOI61X31qMHHfOm7+ZZ7q9eqsp61T19uH3n4erBihq2l3OblKRkVUBidVH0uPuZAUASHGYVT0LB475VxXlduiUXp4NW9coXITMQGphgnEooELPU+E9zxm2hYb5lKXBh+gDBQAHr2DwORASAh8l2AyeJRSOHrmi8Oej9aJEhBBIgEYd+VMQWatLN5YjICGCmOaVpympF89C28Oi0b2Mo1k2FTTkLFCkFYBIFag77w7g/nKz689NtKgYY+/WaSUspUqSUZKKHYe5ifOvpg7shXd7sEcOc8GYvJSkRgQoTgOS2aU42Z8M4GCkA9t0KlAggMJ2tt8+ePTs/O1uvuvPTdde3u/0hFZnHSUtJJZlZ1zWh3ewPU0mp5NJ3GyRg5rZtmkgxYJ4TUZPHAZCmaVJkM5jn0vYdELaB+7bfnpymnIZ5BGYKBIZzSd7y3oQoWppIzAEJAPl2PzWY/ujZCRO9GcQ4MKFZAQBTZCZ0azuAKRYwKRY5bFvoSQTgkIU4BPDmkkKgaEIIgTEQgVkbsCc5j7COCKJFwRhNhAhMzcS6wGxqWrZdc7ZqqMwnXVy1oRS1Cv1BVelbr3+NUPZjjp1fUzPyzGtwM7+oiRkH6pgiQxIQNQIQVUFsiDYtM2rxTlWgmhxfuwIqqMQFpMKx+q0WkyXEEo+/53sngaNpWDZx8ghB8GCPStABoBog8tJSbWi8fufHyEwciRmROcYQ2xAZNEPJJqU6eT3KycybXM3TfvxxUxUplclT7wAzU8lFiyx2ZzT/KTJVOfJ9YkuJbyruC1oq9qMr1h35Hrri+N4jimHJLoT6T38rrWEpgHXjgPrY61HH0cWlg8fHuMr3x+qoqg4IUiF/vYC1agEntpZX4iIRmFoN7XBODQFE3J7s1YuHyi+DIRyCqaqJ2nbVbLvAYHOBy9t9t2piDET85NEpmmkRQtCcjHAYJwEeU3EWSGQkwnXXMRKoREYQaRtCssMh3e2SKp6t6NmD7u4wXR5gmlIuRRGKWi5qZjFQ00Vuuw3l//Vf/mgYp09f3a27jhinlBVsnmR3tz896RXp/n40K1AsT+WD957ur2//7KdPvv9uf3t39+JSv7pMn97ov//r21d3JjnlNBdBKWAizKSKcypZNKuOk17fDrvdDAZzhpv78fFZAyrTBFIsEI/z3AbA2JYitVEbqg6Hx2ek9mvAAi59TlY96EUVAdrIs9jFWp5t8M11en019v3JF5+9nGf7Zh9MMUt2btKH+UHFA0ukpqMSUPCJtrhsS7CMpgDE6jxbKm1YclbYnUDVJOa0LqKn43qleyzitebg+Ph0V9o8zHihiHFpBYYlo6DuSHULqeVIhe9eKdGiHHj71FLPQq1sq4sDj1XIgtR1oRtqp4KTaO4kPKLcWsGqivn1M4+V9LaselgD+kJnr5QN0YzcxVX93jUsWJURVLRtm9Dg/nAw8Qfcgsfmi5rH+HrR7vSAao3VVPHGppJrtLIHdz04Xf/kB8/+/L/84nAYY4ilyOn5CYDNc6lHQFYmatoGUH0QV2CWXEKgnEWSMnhzm7to6sxcQgJUBF22BnMhxPt5/eYj2bGnC3CpnapSBFB3EjBwB8y3dZ9z/36TDIGZQmQiUhUFK1lUjdBE3AHnNAmogcjSxnG8RWjVlbOA2++Um9XJaouHyju10VvTqIZUuXpe77xbR9HUakIFHavGWvstspHfHUAXJ/3NCCwG9tvuXJLLGuyjUgCRsLhm6z1wiGBGTCompQRCgfDZN/sXr+6EcDcM0yTDUFQhBMolq2IWGAoeptIEJkZTk1IMLIaAhKIFapPxIj6ZIbpOR4wciLKJSCHGrutCoDml/WF8961H//Dli6u7Q0BAsN2QP/nNcwIIiCmnwLzf70spfewOY/nsxeuru3GckplakXFIzh72fYcA0zSpQSk6TwlAVn0biBCsibFtw+MHp4EwTeWzz1+XVC7O+7Zrv/7m9T98+erqdjBVH+Qyj1ORHJsQQ0hSvITh2PZdO8+TZF1vtn3ftry/2n0zHA6AWEpRUCZ+9+2n68hk1IKebTdIyoHapjGVeU73l6+ZuWHSNJFC3/QXpyebBjfrbnd3DdiMSdq279v45upmLIZabkbZz3K/uw8ogfKKpl++nF8fIqjE2FUQXyOIwWVwH6ZGNaQAi48AWoRENcWFrIOjKQKpdmhVngQd6qtHx6BWw7MPA3Dxc6EUwTdYQFQBc3YQzRiBFNBUyW29pqYmAjkLUWSORE1WQMI5FwVURSD2T0VEWqVadKWOWbsuqhUD2O/HnGTTxyZYznBIlApwiDGwGImBFeuaAIa5FGI+Ozmb01xUn16cN10HAKb2+OH59rT/+MO3gSEV+fLrVydnj2KzFguHSQ1j3zTnJ+tt3wdq+7ZH1GEYzk8eXJxdDNPIAecx394dYgjnp9thf1DFF1+9vLkf7+7vVRUjIVMIdHayOTk7z3kw065t16s1WB6moQltmRNzAAAC6PvWwARQ1GIMZjofxhD4nUdPIvH9fr/ebmaZtagUCcwxBEQ0ICkWQiAEn2RPRKK6T3o3DO+eNt+7aHf76X7WyJEQXGd12I0Lh8FMCiHn8sMH8fffXXdk05SLURNbAmkY2HdgoFXgNdvTdTiPpafycBXXwVClFCEmBSQOijZnj7AHU2gDbbvIJtsm9BGKWBYjxMBcewCWafW89EB5YoGzLkSkalKsSgRgWQ3NWuRAVoAE6jTiLMZomxiaQFmwqHP3cJwxS4SAZN+FFrZEEvpU7Ar6PTjQ6sFh35p6FjCg5Pvs8YhfzCdOpFa0ZMabd3+XQiRixMBNwzGEgCjZcrIiTnh6aeHo32Mta8OBN/PW5gMFk8gYCNQsF8+/RjCp+FflWNDQMsC3Hne6RGSCBWJGctrflqsAtkh6BjU1yAF6hVX+C1vmFNlyACouKoI7rbG+j1Xi3mld9eYS3zKWhFBYfqR6PeqG5I/8kezzLU2XzuPq1DBnPRdS42i/QLM6BalC2cX8gEj8+Gy97Voxe323v765i10P2ChgyxzAIiEzqEqWMs4JQyhiokJYz9RV06SUAuG645JnisEM94d5LtZEeffJyWFIn786SAGxUnIB4GKScwohtO26jc35Cj942P/6xdVff3qpCmR6OEy52JzLcJglpzaQNyBsV20X7cFJe7puH550HzzuiPj/+A8v/8//9OrVnq4Oqgo5TYZAsfVv6mqVGRhyHX0kJm5zoDjP6emW/9UfvFeSfvNqd7LuTlteNfrjD85uDvOYlQAIaEGlUAuo5QyApa0e6+7u2BYVjUGBmsM0/fCJiZTPXqb+5OL68rDdbN979vjXr8YiBorMAczABBEdjPiA6nqv7Ig7HbX7LNsjyK7/rlW6VU0MqS4Vh0Uqusy/WjwssHRWHlG1H3iuCYJRfXhtAehWyxJXKN356F2kngLky7WefnYE18dQqgpVobrTq5xgy/4AngYDVSv4b5i5+hcBoB3Hbrop10ufmmPjPKsDSKhxSf5hlkd8MQItk1iqbqamyBCbRhWvr3dMYGYxBARTUVPIuXgDqHlavKqpN1T4VUMXaEV1e7Ix0zTPBrg92fz5X30yjKnv2ss3N9t1/847F69eXQ9D7poApqJKhESQczEVD3stJbddWK06SWoIdbiJaOAQQ/Di3csWv6ILTW5+UxfoUqF/DWPDSu4QVhEGTBmxjoEEqTpMZdN9q5Ej91BERWoDOSKpYinirxLf+iqwqiWfeyoqze2fb9GN65Q2MFA3HTHg0sxWoT5U0tR/ghiJxL9cPWLIbXFUNTFARNc2l4EioFr3vRjD4nOq0i8hMoclMMr1H/ZaRFQIKIvwchDkJFIkBs5SJGUpSUWLlDTr/X4CxcDMTEVsSt4CrWAZFJi4iBYVFSMkjzYmNxmLAlkIgZn9MRVNawAAIABJREFUU0QOHEisqIGIBSYCOBwO676dkv7ys6+/enkNhvOUVC2lZETDXA5TPtuuiGg3jJvNtmvaq9v7LCnPGQxyyTkVojoG2tRSTv7c5DmbGQcqqajC9mTVN7zu+GTdrdebm7vBVNfrhsl+/qsvfvPFm2HMIVDK2a2EquqXXcTUjAm7rp/GUcqsqgh8erLt2tji8PrNF/M8bU9W/SqkYioQAc7WvWnJaQgxIMFhTqqyaqgh2nSdFrE09hyfPHj48OIklol1PtmuSxqJ4n6cbu8PeZb97u727n7TxcNYksE331wSYb9eoeb73Hw9nZhRznkTy2nIBnYQUABnEn0LM0CjbykLFxHRfCAd1qfJcMkcOJ689SkyMiIqDiT+f6rerFeyJDkTs8X9LBFxI+6SW1VWVXZ19VJNskkOtxEw4mAAzesAAiS96Vnv+g36P/MX9CBIAjg9I4nTosgme2NXZVYud4vlLO5uZnowP5E9hUYnMnEz8sQ5ftzNvs3qvmJVFlWxj+VFtAXiq0c7K7Jz7+pTt3IWNVExNA6BuTEzrJmGQRFj9G3HVAQWCISIat9uBlYCEyPMaS4pXewugMI45baNMcbjUIYZAQNTMMRUBNUCmWrORcdZAWC17iLz9eX2/uHQxHB5ufurP/9J14Tnz6/QjIzbro/9bn+cBZBDp9ZMYsfDfrdep2lO+TSeTmphGAWZ7g8P82kWo8fD8M3bD8M4DMMQmVS177opzaHhN28/cAj3D/thGCAQoIUQRcpxHIi5abthOqFZ5MBobROvdut5SqXoOB2fP70CK6qFOH7+6WfX19eH0+EwjKUIMYcYHPIzsK7r2rbNUkC1bxpGx1JKyimpvXkcSxp/fM1P+/j+lAdgZiIwLQlVAVVL9pm/HMKQy2nKZHrZ4E8+2Txdh5TSMM4xhnXXAWhQ2bJuQ7m5aFpnIXIBsw5t12GDWASmnIFA1FJRdxIP09S1TRvJTDZ9c9EwqQqwr5aiYiaVEF9m8lZZN8HH86xWh6oAporIgNBGZoIp+0AeEFEFZMJNpIahKFRpuwP26LU7fgz8QfIS04t7Wrhll5k7pWoGYB5nRueOGQ2QUF10Cp5tAUtx7BriilTy+vM/YQrEAQM3bo6QZCWrCBqgqoqSedi/qohJMRX0V8PUqqtGTSWwEYGq5TlJWUahWvHiwN0/6MMva12ydBF1CBN4UKY5kaJVd+qYAYCiQHXZVijdQXetU84qomn1N153AlqdT7zUjroAoWfpDizGYl183rCw9vXl9mRP/506Ylofc9WFuzRlCazypEhbii2sFb8PSV1KV9R6HQzE17v1k21nlg1RRV/cbNTw/d0hT/OqbS43raSkJiKSc0YmZJasRMhgZtDEYGpt27647p9ebszsOIzjNIemRbJ1T8NcHk9AyClNc8qABGQBLcSAGK56/m//7Z/+D//ur3/1229+/rvHcc7H4yEGXm3WihQRgWzdx3GYVW237q53/JOvrtcN/vIfv6UQP5zKv/8/vv2Pv5qTsmoZh5EIgUmBzKHpCsMQmGs90AxRkYCWmoXHrD//7e0v344ZminJ/TALMTK/PyQfVeArBc71pq+YmiIPC06/wPcKBgqSFSiH7l/+ZPPf/euvfvF6vD3iug/B5lefrp482fzNLx60KLi0x/Odqpy2Cs/qv+F1jxqYEZiHufqTJUebcKm9F1m0LwRTBanTtWDpPivk71XXMudu4fX8La/jxazyfAv74dsC4LKwfTXWmqaCr+5N+lju+0uxXFTdJRDQCOqk39p+oDurzt/AajlItbOtVBfWrdAAnA9xGtzMDLVtAi7FpW9V5D02Lh1E7c99a/NNSL2tqSimd4q4uH5M0dTM0wChfpSnQi5UwNIPgoGqlhj5ydPLYUglS0lFAQ77iRDmND88TkXx9sP9cT+q2Itnl5tNfxomNHK1j0F1MzEhmpYibhRKpZjX4lYRBS1SL8C5SUJc1Fu4APBncSB5DGrt0DyT2oiwCTHGRj0CAcFU0dR5AqQ6k4GJxFSLmC4xz6hk5tpOA9AaT+dskS6MjwMcNbCC6qOvXgD4WHIB+PXUzrYiNL5PwjL7wqqQaRE0IhJVg4xUA7p/oLmw1VT9J2pelBq4VQ6wqIqoKXhyaqkzIgnAUs4K0nLYrLtA8GTXacmqGAMhaNe3ZkAMSOTUPBMSADMqwJyyKTCzoVoRZiYOzscyYwwxMBPj0jnWkpEJmRlA3TEagoeE0GrVRaZ5mqZpXvX9cZrnpLkU0bLZrBA5lRkQT6fp7n7/eBweHg9FrO+apm2nPKeUm6YhDlqECQkZAUULIJpq23rDgm0T/KZu1v3nL24+e3G9Wa+GIb//sB+Op8vLFXL4u198+83bh+E0c6BSEoARwjyllBNRaJsmS57miWOQXGKIN1fb7cUmpTxN42mYu1CIhlXfElAMQYGYOafBSunb1fsPH0659N0KCE1Lnserdd8hcJEnm/WaYh6GGOOzq53lJNo83N+fxvny5hpjcxhTKnJ1fRNtvLjortdNAAOB29tTmqUI3JV1z/i8nX96KT+6smOCt4Ox513V/bWe8ui1Cix+quUcr2BGhSYM0aDOCqBqQ1IFNBNZ4nbdreKIoS4aAVuGm6uZOLdgZuLzMRAIiFDEih8hBKjq/ksSVQPMPg/QKzsxBK68g1YCgMxHuQuYSbGubZgMNJnicCpzojyNq7ZZt72YT64lNYgx1MR5JeaYcwbETd8OwwEwPLt5GmPsIg+nEUF/+8tvxrFst5cC8cPdw2HIgKFtWiZOGXPShimgXV9u+25XsuyPRworFTXD2DZA8HAYPtze9m276ePXX//w1Wcv1/36YX80piT2eDoZtfvj6XGYZjVADwN9jJG1lL5rEehwvx+PowJeXl1LnktJgLGLXRb5cH97OB4JEQROp7GJkYgJTIowUt+vQJUDcxVvGwLUSjOXJraHuXw4zpcd/cHTDtP8OM4CEJhFi6bUBBSRQDymobG0IhC141ymoquWblbUWu6JIuSLaM+3zdUqqJSiIIBgkEoZ5pJEmGDb8kXXGUjJuW8YAUtBIiOicZzBYNW3pUggXDfUMxWRrGBEKuIB04TIzIio5nk3datHNCI4ixnd2OWWNAJjtlTMDJnIM44YbN2GtsGsZAvkX+lYbzRwQRjBpSpGixegVj+gPljI61NH4CrTC2BkPp7FT3Jc5i24YIIWjAcBeP3FnxIxMsUmEJNJspxgYc1U1UdRgpmJiBQwqagnqKqgCpoCCKIRYlEpuRSP7kRdjLaqqmhm4NGcpib+wvi75Cwz+AAMU/ERY1APHDQlq+/bubaoWNsCZNVgHxN3url+CxbAfumL3K1hBrZEOVUmgZb772VEbTOwdgJmnk1VlTuVhTRFR4j9cz8OWfJs0zrljQBAwNSqh3FpwpydVzNEYsIXV+vtOnZNV5I+vVn/5Hsv9tP89vbAzOt107KVlEpRIixiyXROZZpzFplLYo59215sur7Bz59fp2n+7vaopm3fnKYJCc3w8VSmWUxUQDhiDGwiHAIavXrW/MXXn3z/y09/9+bdz37+m/1xKvMUmLu+bZrOpGgpfR+0lJIhMNxcrrpAzy5XKvbmQX/7fvqHt/nuZLlMRB4kysDBrMZEgalV3QRWSbA6jwOAqiZmAqo5w5wMFQNSEVPFovR+P4MCEyLUoBQEVEAwI6AqZYea1u87uJkCIAVGVEaYpf/0pvzP//0f/N9/9+Zn/9/DYX/66surv/jpq1fP1/eH/Df/cN+wCxQU66AGMLemQB1kW2EpBVCrWhgDFQBQx+3JexqojUeV1mM1fxMRmq/P2qIsKj+DOlPCzt35ojezJcannmbLwqmFv/9bDhYgwqJhc8WIO3+WdsjnTH38Ho68m7/cy4c6tuXUldV7uaDRlVsBf+XrlfisNIOKd9TLR/o91su7ab98b5lq4V9bYqsA3NKEACKu152KLiINo0WwzZ4FDtU+4w1IbbeqrsX/SfFLJ6AmRmK62K5FBRDnlMw0hFBURCwGCjEi2mkYUkqB2aT6cpw5LUXNQHLJdaiJVYJnCUmqfYp7eKsgYTEWQmWEoGruYam6neII/lUiU2BKKYkUPONHC3eoFcB365TWTRzdh+KEQo10QKxTwhYTHSz5Y14z+bLDZaVVzU9dh0Tm+UULeOptBS7W6vORBFVohp404d7TumWe59sDmSkzcXXmGyH5T/rbK76c0JjJOTHxiIIiHhtlRbo2NoEClk+uV03kXFRURUpZsgZzlhBjEak6XQOfsQ2VfDVmWu6Bn4jkao05zQYf5UYcAqBKSZ6bJUWahi9W3aZvvnr1yatPr/f7Q9M2ueTt5RpMKZAPiEtFUlEAbCKHlonoNI7IrIDDaRSwVdcHDt675pxVdNW3XdeoSmxi1zRqBc36ftW1zXbdffZs9+TyIqXy7Zv7KeXYBkJ8e3/4zTfvj2NSVQNpYqz2dzMRD0dhEykqfhKvV70Zfv7pE2S6vX88TeNpHsbpcb3JYvn97QMAtKsup7zqW1A5HEY1nFKZ0mwISBQ4lpLXMby42r283l1tNyXL9mI9n4Y0Dg+HMRByiHPKuchxzFlQkS9a/Pzl9dNdc7nuZBq2uw0RrVa9rHpmykm+3ad/OuCbMRAHgAoGWUXJvGywxenu+R1auwBdyFBQM1mKG6zYnNbixKDOyKu4RY23skVgbObj080JKQ1EZEZsaMqgOVcJKfgEPKu8Xh0ZJioArrUrFYeCGsdYZcgVN/FaJosE5jbYZsWrjnKCwzGlgoFg0zcENGc/88HJRqZohqISIg3jSUp5+eLZ9mKz2qwuNheP949Pbi6f3lwN0zyJvb873j6OyFGBApJoDiHsLjaqOBeI3H3+4sWzJ9u7h1umeBqyKrj8JuVyOJyKweu3twXh4fG4Wq12F9vnn7xAxHe39zfX19+8uzvOU1J8PM7HcU7FECmlsln345RLka5fS4bL3W6ahyLz+mKNHPeH4zRLFrm733PAL16+6PpuGE4eMxBiaGLUXAxsnFNgIqIsWkoOiE0TI3MgjIFF6WHMp3F+0esPrnjXhiKaBQLRqosRsah8tqF//WqtKZtC2zWisN/vEZRBbzbtqkG2zChmMGUd5jJPOUler1okFMNUwMC6SD4T9LJvPt2upjSnYg5M5GKMhGjjNMcQ1l3YNMiEuWCp/ClmrShJZZ+RDSpUyGQxVA0QAkbmwDSnYghdYCIsBYCA65wyRMJ1E3qG7JHdSLZMkPVlpmpLmgmQLoj2ojzBBbs2XfIY/DRAn5JZ8wCXhhjgPJXIYciqX0DevPozDiE2gRg1zyjFbBHgaEE7d85qIuDZWuDuygrDEygTEkHJsoxDAmA09ZluUkPwnMIz83JjuRQ1M0ZQMPPKzmS5dH/P/Xqr+bierv6/mhhh6g6f5e9TjQn3S18O5Kq4/5hisRx7VXqIlRtY/s5ZCy5WC/alpAVbPvAM5hsQEddD0g9sjyKqEQ01Gs9DYCvlTVUOAhg4bLuoeWLikjNAgZJf3x73x5EZAGTdIJNnabMUk2IpFTNgIubYd61MORL2ka2U45Cmuaw3mznlMUkITaT2eBr6VYSAMSKQOwqoFPvspv1v/uoHv/jNm7/521+/vjvtH0cpxYpcblcqetqfSlEpGiMTYBFddxFB3n94PEzwd99M//R22o+Scyl5UjNRUjED9oa2QuP40eNegRhfniZkSlYnQaMHLNeiyQiBzBi4FuHo4jrvq6zW++57JCDwiAZfPeIZz2YZm81qRf/L//SnqMP/+8uH0zDtdh0UGe4fYJ7G0v7qFgJqygX9ePDrckXeEijpiwodp6x6vMpA4KLPQHBN81Imu/DDi7OlqXdcuAJd5nhp/dNahX9kAeof+S++HyzweX2lz7+eC2iorWkloirivnQUlU33xW/1CK6F3VnS43/HFl5rQbvRXILl/Uz9IX+T2jYyo29oCKDqUZ4169ePdcQqPCdkD6L0b4U+5NgMiYiJEEMgNS2lLHLec78NqrXkXPhWQ49VQmBX4iN4u5XmhMTDOIpo2zXH01SKICF66rdZiFV2ME5zSjlgBHBLoSEic6BlYh8SEyFX8NgMjInJScVzpQ+1xqeFnvVG8SNa7igjoYFerNZt05ZcwEyKiyeBjKp6yfEGVUBULaqChCY+v/LjAqq0R32IdewLnPf1BTF1jzgs1I+vyY9/cL65quTyaltGNJi5Y4oQQD621su2eaY26//VDsnUTENgKeoCWV1CqPHcQPgu74CNVqgrEMfGA+OsW0UTs5LV4O5xOGU7HKbYBKQwz0UEZJnxKcUAqML5VosyVfXWVIq40qAyu+IJMC4RK7D0O4DAMYjYetWvOmaANgZmerzbX19fKNL+cWwa/ukfvlqtuv3jsD8MHFjM0yPp1Rcvnl5fElkWUYO2aVUlzQWRVIrblpAQTcy0qIgCqE1Tctqjb+jl8+tN3x6G8cNhfHe3f3jcb/pmyuk3r98/HCcDKHM2065rYwwpuZ5pkboD9m0bmXLO0zQzxyIlMI7DdBimzbqXUmJcffp8xZYMAqJ9992dIl5sVlIyE9/c7HKZN5smtpxFVCHEeNHymnHTNm1spnkYT8f9fr/qu+12O5wGw8DclJRKzkV0LHp8POxPkxbJ43h9vf3i1XNJaSz4Nm3eDPGxNB8mHksAIKvJSy6RVASrJgC0GjVWzX5LSMZ/Af/Xwp8AuK55NJSlJQZGEJUabwUe0gmLrx0J1EDMXHWqJhlsXsXcRZnmhBgQLQZCAkLFj06rus1WRSkS1tnargkwM3UJBoFR7YZpLgpmmouZSUERC9yC4TwMc5ZpUm93shRGdjG2mLQNd20gxGEYthf919//zMzG0/DkyS4gsYXbx+F3372fkhrQlISYmtgKQMO826xVeD/Iw2EMXdj0awJShTnJPIsix3a92mxyyUlLv1p9eDjcPx73w/Td+9v96bQ/HGKMwyQf7h7afs1NF0MzDJMoKyABztO06tYXm3XbsmkZx+HZ8xvVMs05hBhjHE6HtmkRKFBou+5wPBjgMI4iEgNz4MisauCiKfHCQAMSAahKG0hVihQDPk4yjNPzi+b7O941WHICDGKKIJ9dwJdbHnL5cD+qKkheNcGH98xzEsMQQxJJ2QNpoe0alYxmJgmMZ6GsmFVySblIytIzPF03opiUOPCYkgq0bcuIRUWKtJE3kUjzLCCG6tn8hmKGjCr1fJbFV4f+mjmoKc7lOgSuEQERZlFVC8yCJiIIsGp4FakoeBCqAQAsClJvA/ysqbWqLTQyLP+do7QNkHyeFUAFH/2UrSC41ZnrBosMAAEQ+eLLPwuRCUFLglIWJ26Fo7zbVlFV8SOgenirE8zAxJuekn1cvNaq2tsiH99bAe96jNsyoNcqzlqVBGhmy+hKh68WsfQS9PnxALIlw9OVSLZIcQxqOHqV6S0DvNwAAL/Xfdi56IJam4M7gUBdCnCuymrP5Jy70wpLtKeZuuuugqwOpnonAWY1GgSWHWMxMDFR1/ZmouLf2tpI6y6qAnFjag+n+bfvDkUyIlLA3boF1eNpnueUPf8H1KoFRLsYA1PDHCm0bUgpxa5NczbBtutKyZfb9c1uxQzTkJl5GMZhntvYtKgvr7tTKr/+7niY5sfjaU6JGZmoY4pgp/2IjEVz14a24Rjp5nrXNvH13fDr9+ndfcqasTaCTByXVD8Hks31crS8G0vweZU/s1Xg3Ct5MwNantp/Uf4i+Ly3j8VfRUm93cIlGrKoWxKRIxPqnHI2+3d//emfvML3H6SL8dOn65vr7e2Hx01LP/nB04Pwf/rHW7Piq3N50LVt1KrVqVI8AKv+EC8F4cxXA/nm79/DS21yUzHWBYxVpbMwP+BYKyx1Wa2IARZOixb/sdVjkJZe41y7Lcbijz1JhcH9Uz5WekvH/PG/imCf2w9cxOLL33LSwXChCKoCqX7LGjOPRAiBwcBKEfwoPQEAUBMi8ngNwiUasi6F5dG6Fs8MzDgEAJxTllRqRoH3WwuY7gFxxBQ4LDIoj4A2M1QVU2VkIFxv1hfb1d3jYc4l55RFEDCGxskmM2MOHgvHxESoZqLFkXV/1KqeRApqAqAhRjAoUvwh+PaxEDLqtTLq4rJA+9jtuhkAq5DGgYI0z1IKGhp4CoKzNeJjaN0WHZi9r/REAajBxUtQsaF+lPo42lDnsBgujdq5N4HqMznfdjy/XnUZe7qKEfKyPpbJKzWZ83zSUO0K1FSBuBoOANGzjJggxEAY2rblEEXkHKVrasQEBoykCKqFiThw30YRIYBXn2z+4NXVDz5//nB7v9r0gHQ4plLqss2lSFHwUcEKpraE24EZELszxYO80KByhlCBFlY0bwx8aneMDQLMWXYXq3XXvHxy8df/8sdff/VyOAyKkIu+fv0BONzdnY6nGcHaJs5zEdU2xqvLdRJJc2pCIIK2ob5hJN7vB1Ndr5qmCdM8NU3MUoqUJnKIJGqlaBOpZElFcynPr7ZPb67u9of9mN7fH8s8X667rgv743D7MGRRZi5F1KxtGAnGOc1TBqyRHF74hkCBKJUCxKbSxPjsZvuwPzzsj2KqYv1qd9FekhxM54v1Zi4yznk6HDSVVddFkIZxs+mfPbnKZUaDu4d9DKSmRnS/H+6Pp5Sx6ftiMqmmrHf3B5RytWku1uHFdf/iyeaTJ+v9aT4VeDzl45hOwzwO87v79LPX8ZD7GBspssgNzA9GP9sJlwhdcPntxwDAurv5e24LB0m29L6IxL/XEpAWAzBQMTQpnlaiIgoqVZhhRUsGVw6oAhTQ+aK1i56yFDOaxjlynSUESOdML6IzXuHtvLl6oqa6maoogIC5mRNVlTiI2uFUplnmJFlFzJoQY6S2bYsqouskyYqA+rRaAM0EGgPGrjmNcrXbXK3bgPT+9u7d+/eH49CttikXQEpZspiCMUbimFK5vrqOTei67vW7h6kwxy62EdBKwblgUaKmb9t1JGwipblcXz559erlzfX1f/6HX57GSZE4UC6K1KxXF4zs2oTTMA8pN01Yd32aU05KxN1qnco8p3kaB4DAHB2ZYYxN0z7uD2/v7lQFkVVE1QIjE7YNMzOBFVEi7NoWAQIHMTWVhrCPxGjznJoYktjtYTqO87aBz7fcBXy3H6ckQYUsBcLA3DDO09A1UdWy6JTLmEsIUcRykWnOXlgycy65a2IgK6U8HMYs0LQBAceUVOGijzebJhXJWoX4KRVTayIjYRFjop6sCzQUmQVVRRE8BoqJDYwJAVCcNEJAgC6gISSxXJQRTC0XJcI2UEBMaqrGCLoUxT3TOqKoT30HQFywe5BaDQMC1vZ5GQC81PjVRWxOsxudj/plrqYD9kKwDISpaHiFdfj6h39JYCbZch2hVEsTH1mmJlkq42BmVuA8Z0vUVIjAzHIuC3KOBirFnOV0ZYUt0JGf047LqBaEOi8MKvZYR2upAVQjpxf6jkpW57FVuU7tLPwL40IL2EfXtFaQ3tS3Hq2lJ6ItwQLVKQfnS/AyqJotasVZC9hK+ru8HKsTgHyClIFo8UCS8ynr6sLaR5hZ5d8BwRigbTotxaQAQFFjgJuLdYgBwUTht28eT3NhFw8QdgHJQBWIIBctairmOrSGsW04EoTAh/1BRbtVczgeN+vm5SfXOY9qZbfpV11zejxJzleXq5SEEZ9fb14+vzoep7cfjuMwF82naSYOYJZzhiIXLe8uuyZY1zZ5GsYhiZmKvr5L396lWdCzYIkD+ER7c3hPET0actFlVDGUK+JgYQVcMFfr4aU8terBWABWBe/nDNR8vgu4HBkXCNIW7hgBEUMIbRMJgVgNebsN/+O/ufnbn3/zs//43d2H/Tyk794eXr9+fPn86otPto8p/oe/vxPJPqhpAbZ1eb/qUFJfAf5dKh61VK4VG13e0TM7UEFXJ/Z8SO3vo/3Ld7YFH/Vv60sarQYOnFvTqtfzRQjLgVhXbS3Lao1eO/N6Zi1gsDNcjK5dq0n+hki/J9/x9U/1STrQscw+h9+nKOpPol+JiIIAIhEDoCkoEpoY12qyKk60UiIevwE5CxCqKTETkYrPr6331hYtSv0+SwlLXjCo1Je1mhZMVIkghsCRYiQA6/ouK0ipjGXg0IQmS3EhFizprh4kqupbJ4BPzAUrpThTUZkX9W0fAJbxIFWGUNmVClQum9LZl7AIb1wEpkjorQUuuEo1E1mlTBye4dpgeYXErhOGSiwD+o3FmquDVmVp9XpsSROqHalVcsCV+u4tQVsK6HManFZfzcJ+uiPNRCtJaQaw7N4IRGzgTn5lJgD2DDfxkCtirCHQUjEfhCzFS6oQmAB8bloT+Xrba0mS5y+eX6eS/+HXb/ejEIc5pXFKBihZpGgpwux4oYHze+4aRyQiYjAFJmRifwg1Pqha7AHQpSUuIqe2bRU0Bv7zn776o+8/++L59fVuEwA/efnk8nrz8Dgg86oPbdNcXvafvLx5/fr24fG02677PvzZH31/2wVmSrnsHw6n4/TkZgcqXdc+vd4d9/thGlbrLjbN6TSnKQNhLmLOeCMAYmzw2eXlumvvjsMplZJl3TWXF/1c5PX7h9OUiaiNUVURqF+1zDzNJeUCAMCoBYiZCUVURNgIAxUtAAiGXdPMU56yjNPMiGT4eEqn8aA2rVouWnLODcfrq8s0zNv1pm+74+HkOYLE0HZdbLthHk85zQqj6OM4nOZ5ymkqeX2xElOOGDh/+uLpdhXnfOgbnkuhvv/uceC2i218+eLyYtv/8rQ5CZuIercKqFjZP8Tq7iNwv58f0P7+E9WsNcLF1ej1CC6mo1qc+NJUMQRTcQ5KSvHCoyFWyQgSCAmEoIBp0wZmECkRwUqZ5mImohpJCFIMMCcFPMfKVZkqIy8QialWbx8Aah2p4X2Lqr+yTCZKRI5JhoaKUkphpbTEAAAgAElEQVSGSI5eSLFpLqLGVUsoZqqgCJBSapv2crs9TelXv/rdxbr74pPrgJGYb252YqhFs2ApwBwIUUGJUU1USsO2WbXr9ZpDyGIPD6e27eYix7GMWVQNijFaznnMxSAAUN92TYz703QYhufPbv7qL/7EjB/uHo/HIyGIiluXLrcXAtqEtqgB0fF4fH//aCHsdutpHN/e3pNBoFjEEUkARBVVVWQOHLWIqRIqAcYYmCjNKQZmJtUCoiY25wSW+ya0DaNpCIgGTWwfh/k0zZc9rRoAs2C0YuqasF23BDJPo5kW1cN4CiHOU0kp51KKGIVQSk4lhxAcYGPUvo3ENExlStI2MUaKIQIgW+kbGuYyTqmJHJswT9nHgaNBLkYEPUHXhFkwK5kZk2PzhojqxqTloFIwQttEZiJVUIMQAngwHmhDGBiKWDFw7MkL/Y6pb6gYALJ736QsYldyyMWWfPCPJUoNPPQUcoQFj6SlyjKXmVm1BwBjWLqGjxAQX736Ey3Jm1E/yqhW6gJmKmIi7E4+H3TvvYtkwupe8LwUAHfWqImaD75VW/6pM7Zazb5ay/il8AEzUfUwi3Nn5CybY8m1PIeq8QZvxK3qQqxyE8vP6TJKQhd7AAAYiC4A9TlWpbIE537iI9sA5y7DsTesej8AhMrIIy0FElSw8CNA7OgZuEi6nsX1JAZAJSbmSKUUMTXAzaq/3HQAmtL83f3p/jSxFUATMTTpIgIoMiLikHIugnXGNQUiYkppLpJjaNabDgIB6O6y6yJNoxCF+/sjAF708cdfPelbejyMaLBpyczGZKGJF9tunpKBtU2Yc0pzLllCoNiEKQkFbmIbmacs3+3l9rEYMtVinT/OZ6ndVd3h0SfCqY/IdadqLZfNV0VdhN7PGVaDSKV/6tKxBeyuFRX4EOY6LbXWuQTwe1H8ZkWzimSRbac/etH946/Geeb1uru9L/cDHI7ZJD3dym8+zL++lVUfy9J5VuRzwT/9WVZcXZdKtILtjsH5hSlWiYbh8pMebIUV8TaPH/ZPxyqJQTDApfardeHSKHiB9fEu2SJ9x7o0qyXi3FVoVbCc54U7huUzjs4aEW+9liMMP7oL0M6NmQECyKICqu+cLZZQ8OakJnQsITBVYOhsHrhD1BS9XKtxQwv1QUBNiDHE3fYCAXPKiGd0QNT83VzulbNsVaBlahpC9AkjgQkUDMRUI4ZpLtdPNpeXm3ev7y8v10+eXE3TmEv57MVNE9rj8VhrWa8kkD31UkQA1LVJ/sSliAvKIgW3ObnFyo98x1QWWsTXDP3+6gSCOruLl14RF3UPuay5fobvEXX/WqzTFX0wtWqUWWKU6sqh5dFBXWwfM6qrZAmd4LUFxlwIJ0PzqWKeHOdzNMyWzRZq11KvlupCOL/OhgCgBIiMaKaqTIxIPg4SDcQ0EEEgQhynOecsokhQcq6UKYZqDFYjJi3poqWm5dMwp2xvbk9v7obHh1GKpSRzzoRMBKLKIRDTUiFC9cchsPdoiG4aJ2YDJQNAssXObr63+LAeN+QAWikE2kS62nTbdffJJ08Op/mfv7mlrvnlL9+8fvOw3vRfvXr2cPcwzyUw3T4MhLi56I/H+XgY2hjaGA7HoRTlEI/DePdw3O/HcZxyURUUsXmeTYzZtb/StK2CECIz7FZdCHR3mI6n8Wrbf/r8EgDe3j6+uzumAjEGJpxzKUlCoDaGLDrNGQCYyOvMELhIKSIi2sRghuM0N4GHcT4dx816TUSlaIyx5HKaxvvjNEw4THORlKYRTK42q92m7WJgT+0w65rYR171cU4jEQGGVMr94+NsKshjKZPBMBcJuN6uh2n+5v3+fkhv7o7jNIva/WH6cNIETQK82ITtbv3zt3TI0RbSuxJKDorVDcflAeiJuYhItZn1XRzrhoyANXqluscIIcaI5HVKlpzRlNAs54ZBRAOKmpWUfSyjlaxlMFBPlxHRXFQUDThrmIr1PT3dEpMd5qxKgRvE4PuOnyrudDITJDREVVARNKx5aA6WmJmJiJlqE2LgiATZTA2RY4j9cdBhEjM2cwOl0GJWFFEwiMxaQFVTTkXl8XD6/OWzzz59ut2uS9HTmIbjsF5vkRk5xqZtYoghREbLJU/p1WdPf/Dlp0+e7Lo2htg8PJxCaELTtl1nUCeVqsE4T4dhfnf78O7t7bNnT+4e9q/f3eZklxeXbWge7x/mqay7/upyFwIXyeM0dn2PIcauH6bx9vHhOKZxyijDqu+GMYvkunExrtuubdfOezKzlAKIajamRBxNpOTs9mkwYAJmZGYwUFPR0sUYGSIjiJqWNkYkGqcMkrYNrdqQxqQKakkkA6IoUAhE1MeWuZGSDZSQtPrPTEzQLBcNTKsudoFMJQsQBbDcxihSiuj1ulPJUy45S9vG2Hj7Das+5lKOc+66Zrdq2fSQSjYjBCIG9eP1bK4DNVXRYhoCrRtEgCyo5hZTMMMmchM5kHsfgZFyUZcU9pFXDWcppaatoftVXdtuXirUSdZL/b6UW2b10LHaoqJaQQR3ItWSlZiIPOJsYfuNEPjisz+wXFxfSwQKqqIgLoMQ1XKG3hEByUxFcya0evSImoEtidQOA6MBmPqF1xsELhzCqjk2rycAFxtubWXIlpKrSvpdUn3WjYBDwF7y2O8xAXWMKyzafcMF0l3wWDifxBWPqZYfrR+wgJUVbzWrep/z51YszoiZakSUqfkABACtrgpHLQkIEdXkrBZZAmUrZhhjZOZ5nooqYFh1zbqjXEou+u4wppQABBBUqW94u2mTpFQ0G7lLnwEQLDIzk5oWE1VdNS0hDmMpaschPezHpold152Oc99Esvl61yrgYShd22oph2E+Hse+JS3JbWRonlYJfRMYBBFv705zsr7lKenvHqbjZAqipllc1eEP1cB1kIjoQekG5nFPFYFeTNtLie94a01yOleaiy4GcGFRPMGwFqngAJEH9VR5qPrHn4XIrt9QNQshPL3spofb794cfvjl1Vzy3/7924Lc9v3LF+u//svP/rdfHD+clINlxTynwG78xjqk1tWlSy9Qf63ybviYdGO1qvUK0YN6ah1Ni1Zl6bc/qhbQUM/Mx9LoOG2HYKC0dAHLi15zh2pxv1RllUSARXOy1KJYk64M0MeEeIntmXv1dF0aXag6FkQA0Jo1VitGPf+DCPSRbfHP8BGOJFoQEQnVjJcvhwgg5mxO7Uwqgg2m4m5h1ZJS8lZzUdW7yGrB/hf3h4oEIkOITXN5uXVGtImcs6xXvaiFJqz68Od/+tWzm8vjcVj3cf9wPB5Om7Z7dn39+t37nJM3Rbx4RQgQCcQUEYgRyafEQwjRwHbbi+3FxeF4BHMdjKl9jITG2nIBA505WSSXMwIyMgESIAFHjiGEUEVc5hOlCZDJDbIVM6jvUWUnvW90Ls2JkxqSz3jGetyhrmZQ8XsDMFSsHkPVutKcgKiBtrawU646qL2lt6FQDzY/SIAQmFyJBITk4mz/8goQYyxZgOW8pTFRiGxipRQEK6UQESJ2bQRkMFx19KMvrr/64vlvvnn39GbzxSeXtw/H+8NcspKBoUnOVsWjLmw1EQ3M9ZL9HVnUj14XguthAFQVCEAX5wPiImgyx14JGRAYKUuJDTMjGqPa97734up683d//83P/q9fKoXDcWwDPr3qL3ebX/3zh+Mw3txc+suoIo+H4f7heBzSw/6YspkWNclZwEBF5iQAKKpgkCW7GpaZAClGen61u7xYgV8qkpm55vvhMH64O41jriJdpHnOIrLq2raNwzSVuYABkYvM0VMSwUBM2AeqGYGBiDLFGANHKrmM07Re913TpjyH0FLcHhIdZoyxJaD59Miar7bMWGJgUyDSXBITzXNqu7WKKWhsQ0oFOcamOWQR1VTkw4c7js2Y5f7+1Pf9bhVDaDj0V5erzWb9MOKbA795CO+GtiCBFaytGCJZxUlQK/UJgEhEzMSeBQIEy86JqoILrOY7AxE2gYLL9qSUUgiBQ2RChlLAhmS7Dv7yy50d3j5fwx9/vpF5PGagiOOURSCL81jO5aKCFYGSJas+jjkLEQRCYvbl5Vvo0pCbjxrw1tnXoy4QoYEBu94NUER89y6qRBw4er676ytMQ2wCaDEtYABIWRQQQuAYm6fPnz55etO2zeE43N0dPnt208UuFxtnWa96ROrajhjVrGmbwPrkanu5XV/vNs+uthdtc/v2oW+b5zeXp+NMFEopbd+HpkHQOeUQWhMjDsgswNfX11+8/OT2/tB2zXCaI+CT65vr3c2Ty63M08PdQ+BoaLnYmHIqdjhNoWmzGVj5/JPts2dPDidhZA6hbRvJEiIjclUDYO24vMwiYpFCCEhcNKtCCCGggSqHCAhqSoYqAgh922ophNzHEMhKzl3AlglBQyBJExF0XTtPcxObNjYmEJomlcSIiBhiIPJJhdI3AczapmeClrkPMTKq6JRKINxdXIABk+5WgQkCxnlKTQwKOs8ZwS5WXRI5joKIXYMEOgllRVSjQIam6uCvMw1e3aEokNmui5Ewq+UszMRMrmlsGQmsFDCDwMGqiwAatIs2qGERV3jj+ax2AaOXVXDmeK0W/7YI7Bz9QUY14BAuNhcpTa7MwMrilqoVdkLWlFcvfuIQl58nKuLpWqCqJlDXvThCJmImBRCYABREPMaLzCrralaD82o23GIVML9HtmRH1LLCeTs1U/VBfueS21sIL7y9Q/AXURW94DND1EWoDXjG6G3BxrwQAgCsnoZ6yzw3Bj8efgv+ZbaEoC+lZT3RzzWJm7rIEAGkEh0uD3ffJHmB6GparGqGpU5crJAGRgSkGJkQCbkBDJFg23MTcErp8TAKCKohIRjtNt31xboUnZMkATGUUghVSzb0ADQFgybGddsgwnEYd7v1bt2YpkCAmtHKi+cXfdfdneTbd6dhFucQhjSLla4J+2NqmuAGgJvdBSmuOvr0qr/araYkUkTAvr0vx6kQKRjVc7bqrjxlrSLxZoZE5s1RPYJh0RUsf8OfvU9sgY+Q5hnwtqX0PfsWz2oFr64XNNvvqUdBeGuh6BgsoaoglK8+3Xz1+fbZk83tCG8f5thyaOL1Jf34e0///f/5dr+fcjYAKqn0bddEUjdZO35PVBkkB8nB/Lyy5eAyT/Yict4T4PdGOtXBlbogvs4anMfy4QK9L10toCdKOkF1FpRUKQrWW7hQCAtqW4nwSlGfe4KlqQLzeYoVVqflWdQaFnwtL/aKBQN2DVLVNHpX5iBDzQ2t2wURs4GJZkYgJCb2QV1ghGhEiECrdRsjr1adqqpJbGIpUkRUJKfMzAiMgCoF0cXcVZOHdXK4mSj5THiFpg3bzSbE8JOvv1z33f3tQwi87vv/6i9+tN1s3n734fXr96u+vf2wf//uoe8aEHj3/jarMLN/u/pQFBRNTanGuIKpAEBoG0To+26z2Tw+PuY0oxHWPBJ/ZLbI+mC5QeAooCMHHoQUGcUEUQmwa1s1CZFKkbKoh0UyLv0bLhxCZWHqJrhsRB4J6qtejc6vjL9z9RMQDGEZcxIocJV7eqjRmUZaum9clJJeLfMilfHu2jm4qjXyudhUB56igcGq7xDp6fXqx18+H8bT8TC2XSSEvm2RICASUYickqjaZt0x4x//+MW/+hdf3b6/f317UNU+4P403z+OhCRF55T9NdHziwJ1ih8BeigEczC1IoWZmUmk+LWJCBIyMYcIZ87EmysHjAkNQKSoadOEftW1TYNAp/3hkxfXoJIN37x/367Xm3Xz9fee/OSrl6+/u/v7X705DCUXmef5sD9S4GGYpykRURGdhnkYJwDgEMYhpZSI2BBSTn7cISIThhgJYRjT5ardbVe3j8eH/WhKwzSNcyKi4ykdjsmKEhlF5BBMQAHaQE0MOedpdjACSsn+fVWkSD1aCC3N2f3kWQpHJsLjOPVdF5oYQiTi0zAGZuQw5ZKSTLNmxRma/VRyweNY3jzM3+7Tu30aCrRN20QuWY/H0zxNF+s2xJBSaWK4urmWPBrY8yfXZNMqYs/ato3y+s0x3h3kp5/v/s3Xq+/28rNv+71uZsMixWkbRq60lG/qBF4nEBmjEShqIWJuGi+R/UQj4hgCiPZtBBUCZYCGad0FswJoTWzBqKT8L75o/+s/fPLt2/cfPtz/6afNX325Yh1f7NpPt7DBkULz+jGnkgFZtK5uMAfFgTAohKKxFCYKgRgW55YzRg6ucGAAFAOw2sbU6gUqYYegTMRE6mnpJv5LSmLGpkLsSDCmoiaCqB4eLgA+S1xLkVLarkHCLjYMtNttvv7q0+169bvffdiP0rYNAsxpjk2MIUhJjHjRtwDWIPz4y0+eXu0OpySiz59c3lx0P/zy8y+/+PTp1e5hPxxOaZymeZxLycjBVMQop3K924zTtD8emOjpzfVut1HEm8vdj7764qJrbu8e5gJAOM/T4+PjOA5Pbp6WeWxD+vpHnzWxub87PT4eV5u+ja0fIqmklJPXWLEJhATIJpZSJgAxwUAIRMSRQiBitilPIYSu6TbrdRFJKZeiITRTmhktEq36nkwiwaYNTy4v2ya0sQHlJjYIwBhSSac0EBgjNYG6NhKoSWlC3KxWoJCLGmIbOgSNqG0TUinIwY/JyLzu200Xry/WKjDNWVWGeZ5TaQI3DSe1MZkgRcQu4JCd21FADw4OtkCRSOhx76IYGLZtEyJnBBVhRCCQLETUdYEQ56IiwoFVNYsSUYOwiiSIRVENkEic2ydyXBUqRb8Aoo5LLwZXX7YiEEIoRdM8qAohW4WwDADatkNkj7AHBN6+/MNlWLuaKNaT0blvrQcLAnkmqGQACH5MqVjxCtzPHTMtoIYgaAIVyqw/sFDdWnEmrOwBnAt9rx1Bl2LOg3WhCmMVbBmes3AetUmoV07nI245G6sb2MX6tuCdPrUPXOPq6uyKQVe78FK0Vv8ALAGG3lfgohjykTxWleCLKKJSLezZNlKlFabO5wCAVf7FmHm33XZ9bNuua+LVtutbkjyP43xM6tMrPfC4Ddj3OEwjAKRsalDSjGDESEBGhgRE3DWhayIYIMfrNf/g8x0HnsdsuURGEbk/5P1UpiT74xEMYyAzbdsuhHbT0PUF51SQMM2Jtfz0B896mfLpFJvQdJvvjuUwCYgABkSqtglTcgG0FzGA5uGFqudw+PMNhaogX8Q74F3oEu7jjwDNVdjgRU6VnVSMFWsX5xhx1QFg/TEFs4orGRCSSSlSiPmPv7x4ctX9/O/f/T//+DgrtavV7f3py+dtoe5///kxogHxD3/85W67zim3XSwlz3NugpOA3tZb9aLiguDX6q+WR8WH8Zy/aKUvaiVbEywIlsXgZSS4FPsM62NV8uGiUquV4YKFw3KTEPX8W6j4kxn4AVsJaUC0aiA1+1jZn5kMq7wE1XCBuvgX63Dtgs/XuQRc+BUQM6OioRJBVrm+2sTI43F07pVdhd80q3WvIm3bMmPJWU1L9v2qeH/ETBSo5OK1AXqKtyO8aERco11AESGEuFq3f/xHP0DAh/u9gb359oOqBY5ohszfvb3/7T+/Ox3G3W4151KkELFqJSRrdnhFoxzEI/cx2SJoMcTtdv3VF5+p6Jvv3i3aFalsi3MFVeWzUD8AS9YViCm6TxGpiTE2cbvbrPqOAqcsIhJidO7CFIhRq1Z4EWiZoIepuZrRbRhUZYVL6+e7jwC5QYPMkW8wB/GpJrFaDXKAekbAR6oOz1Ho1WbhHpU6tQt9YJY/BlliVT2twcxHcgaVQqDPrjfXu67hcBrTetXlJMf9tL3oVA1AvvfyyfVFt4mhi1zm+Xsvb4rk//R3397fnUzsOM6HITEs6BXWXpOWe6FmVakEdS2aFAPXHQGiW4HVN9ImhEDoAK3ULGlZBEz+5UTBQoxoWESbEL7+/rNPX+yeP79+/ebws//wT3HVfPftnRb5kz/4/HE//K9/8w9zLm3kOad5LqrYNCFQ8GC+MwQRY0QzBfPqX0uhOlBZVQXJaTTo26Zp4u3+eBwmU8tJihkAzrNoNjUFViQsojkVFW0ZQ4jznHPxmEtNOXMIIfjAUakSNEICMtUmhEooAgBAztlHy4NKTmnMCYoBmGjRkhjBwKakBdfvj3yfugdt7xMdtblPzd0gm6ZZdcSxDbEdjiNoAGVRkAJ5zsj48tnlinWcysMUf/3Avzuu35zW3zxwntK/+uH2m/fjf767EAWRbCLu0UD3ZlRyEEQLmhBqE6iJnUB4HGYy/ezCvn4i/+bH2x9cph8+5a+etT1OpKVnJJB1F683XZmS5kRIaZaG+KqVH14Nf/gJX6/pRy8237uCz7b03dvbYSrrrjGUdU+X2+0v3iViT9hDOvfuFRAg5Mjoo+6WNtnMa3+3J1RpJtXR2ZWm+rhLemGjdfCjgXtg3BZqSAgkkkLA7XrVto0jR5GqaA8DG1AgCAiMNM95OA7XVxebPvRt/NGXL3YX3evbw93jNA4DEXKgUjISXPz/VL3ZrmVXlh02m7V2c7rbxo2GZDBJZl+Nq5eqSlaVJMOwZMOQINmQDcPwg9/9B/oNf4X1YtSTYRsoQErIkqvLrKxilclkF2R0tzvt3mutOacf5trnUkkgyYi4N+45Z69mzDHHHGPWrRYLNEulrFbzH77/6OpiURgVCUFX8+7ibP7u44vvPL380Qfvrre76/tdaCIyI2FgzllyGbfb3bMnj+83W2R69s7ji/OLjz/+dL/ftW3YD4f1/W45X+VhlJRQcRgOF2er00U4WZCCZaFHp+eb9d69eAPGwCQquWQmbJhLToYWOKooIYmWIknUCDmGBtRiQ0YSmYk4jcKETYuBQIp5l9JUclJV7dogZQhgpVhowjCO6+0u58FAurYfS94OeyLqm5aySM6Bcd7PvNILEcV0HAY1TWUEkL5tsloqMKYsakCkoqfz/nTRN4EIQM3aJppIEUHCtmmT0nYYi1lkjoF2SRVrWLECMHJgEi8qqQbEG0BAmAcy1VFBABomdu7QJaIEWUzVmFEVihqYxkCrLqihAClUwzRXxZrrSGsP3q+lKfvWAA2IfakaIfoQLwJLjZ/y9rujGjMt7irBy2c/cn0/SAFQAjMQH/B1cWUV34mYCCAGQjApIlqqlTv4pS01ZPvobl4pf1fvGExiAL9EVaXQRHTS1ESbeGK1WjccEaTZ8V06pK5/pFDfZ9WST+ojq7b9lQb1e1+ntoP3mYFgylSuLB5M/QdFrM1knSLAyGrVXyFqtZlw9bRHy6jrTUXN56CnQIcqLq+lht/2RVer5XvvPL64PH98dUmMw35fSjKgzZDTWJDI/V0DW2Btm7haLfdDSVkcSUeOTRtMte+aRdsYWBoSAAeC7z0/e3Ix//nHLw8HWC37rGWfIAuEGMZUDKDrmhi579u27VdB/od//Mu//OHlpy9us3HRdLbs33+yfO/x6Xc/eHIY8k9/cftmm8FqQVIXYhWpEzmgnN4Zgk6L8gg7qwrGJmBp1e3WZ2iOvZFquF+pSACfh614eHqOFQ3UDNtJHwcT4vaywMzACMGQvvdsTmSfvbIvr3ehCzlLVv3P/+7zj78+fPyLTQCJkVbzGMG267snj8/+2T/+T7968c36fh9C9HQmR06O4m1i2A1ra8r7ZjiBmMoN1fZPxfMPN47V0scm+YXrh1ybgQ++jVPBBAYu8/Ybv9ZbtdKYhlkMJyZ66jjBZH5VOWSYtOa1eUCTFg+gapa8Z0bHJsJUFE+PcCrZENSAwEA4GhGpKBAc9gORu+hZjCxiUrKCSpJhGMZxHA4DczQDNSNCboIrcNqOF8seAEwAGbQUFY1NCATqtD1qQI6BGZnQrm9u1+tNzuXm7Wa/P3R92O+H3X58/eo6RpaUFWBMaXN/ACADFFHiypYe5zAVVNFMlKfMN2aWIrO+/cGHzze7/ctXr9HVZKrM7B9rPdHhYeoIzKyOwpiqxUBd2xI3l2er9959fHU6+we//+vzrrlbr9u+i6E5P51/7ztP3nv6OBUdhhJjLJIfjhfEo7mVGUZml+kQkk0aNzDBY+MLH8AxVI2QF8Smqk7bw1FOM02GTFuVEIyIXHNiAIEZzNyNGcCIQAUoEAI0RDmX+axpuqhZA+E7T86aGG7vt6/ebO63QxHLQz4/6SPL5apZ9k0f8dmj0+1u9+ZmsxvyYdBXN3evr7fjkFTECMW1qAbuDGDTR/qQpIZHqGYqAoDIyEBEqIY553osECAiE4kIMwF5dWwTP0BE0LYR1AypnzWXp4txP5wv23/0936824+b3ZCK3m32Z+eL3f6wXg+/+Pr6//355xjCrO0OKdUynAjR0pj8XhKTei2ZiQqgIiEycPAUO0EmbgJOF1fXNEV1GLL3WSggM4lWgwOOiMQilpMQQowMgCkVEfS4KRGjEEJgESulGCATgUEuBUENMAQmDjkLor8GGnJKOY0ptzH03RwBshRiALMYOTSsQEUstC3E6LP1IhZiN2jcF5rT2ERazGbMoWUMFEoud+sdqDBhDLOXG/z0Jr5Yt1vrxmzztu369u1Bhszf7OO9tCGCghJHNEAKTgapFQSTPDJCbDrkVhXmDVyEw995Hv7wg/grl3ba2cm8PZk3HeXLOZ/F8TuPmouYLmby7km4mElPGSS9d7l82uUPzw5/96P5e1ezu/V6myQPe9C0Oxxev1nLqIt5d3Lab3cHTeMXb9O2EGnW2kL1RxEA0IhrA448V8kza9AFZr51rA62mpqi6nTcTnpVT8YAQjgGU7pQyGmN4Ae2t27cxoARRaUIFBHXUhMCMwSiIoUITcuw37ehGYc8DOmrl2+Twm63bbu27ZrlatU3DRqEQNvdpoidncx+9NHT09Xsi29u/+Zvv5RS5stlP5+1XfP65fXTq7Pvvv/kze1mvdsXgxhjjAGRmsip6Kzr+j6OY1rM+8Ws2+w2m8P2zY85ut4AACAASURBVNubl2/ub7bbVHTV9R89f4Jg+8Nh3oW+pRACxBkYfPj+k8NQdrvkQWaz+aKUIlqQkDH6QpVSqM55+M5kQmpCUM2qJQZsQnDG7X69NZV533dtFClNE2No1EBUchEOjAxqcLe5VwDmCCaI2MeoVsacGwrzrp13EVQ8ZCCVfH/Ytl0TmN3HMsS2pCxqSdUgIMKQkpje7/YA1jYcApnmgDTrOkIIxAykBqNmI8iqqRgRhUCjaB2pVQE0ImaoTVePKheArBqZT2aNmY1FiiqgxchSioh2TSAiURBVJBApYkAUGoJ5Q2pWxMkqEJFKXddTHCZdjF9JPsTogNvpfkGoMEon3hHUCFAAVIuBIRAh8PLpd81HV1SR1EzBs3j8R9chFfHR44B+dYqJ1oHHiqcrKDebzExd6+OKJattBARgrOOBdT5rUs1XeZAaku8gnSBNxf1oBlUmVMOAj0B8wlI2fTL1d44eP1M3AOpr02rO6GoiMwOQSY9Rfw0AHggGaADqxs/HWYVKWhv6cIJN6mvnYtErCqoXGDjwqMysPyoEsCLl6dWjq0cXTRMJMe22UkpK+W43CCASOwMWQPsuNoRMeHe/Lyk3gQjRM9XFciBsmUvOYynnZ8unj5ZlPAxDHkZYrhZt32wPw/3u4MGcxBwixwAopekahPDr3z/95//Vb++H4S8/fbvbjV2k2zfbcXvoyPoG//STu59/M2hNQ/CHWVXdaFhTcrFKpKdmzSTvdGSOkx69prAB+PCoQVV+G1AtKhxn4qSPsSOonb4PEer6gGPhUX/hzx8JjAAITaSkVFrIOgxfvN5hDIzYzGa/9NHFP/n7P/rf/vjFOKikQcX2693mdp1Hubu/f/X22gT3u8HMjcwRqyaGKjzzx2mTF7VqDXkw71dMjYDj66q1y8Pgjj9Wbyw49Daclm4tmLz3AGAO1aqyvqJAqn/ZxHDWwmP64yq3n1oINM0Ye2k01RdaF6UdP/LpFR9Lbjiq0uvG8F1uhBYiLhe95CLZtJiHomjNTFAtikQmOu0XYApibl9gHhTliayhCTFwGnJKGdDNSCDGEGPjAV4mEJtISKUIqu13Y9vG2SxudgdiKqIplafPHp2enwz7g4dmuXnis6dXhHhIe5h6pj6Jrqre0wA0JlebYBMYAZ88vnx9ffPiq1dsVlI2AySChwKzsoZO/vtvESERIFETwmLRn69WH7579fd/99d+97d+iQw+/viLz7588/jy7IP3nj4+nf/GL333YtmfzPuvX95sdqMUgWpqTgTIMXjaFQKoSmA2syKl1l9m5FowqjvKPW3qt+MxO9LqU6hDH1oLPN8tRIjAyAhQlQ4+LmOudYCUcojASLPZrOT0/vNH7z85PVnNVcvTx6snj85aZDaZ9ZGZ7+92Y8lNYFUdD/snj89OFt2YymdfX99u0tdv7t7cbFQACIqUNJY05pQ9Vw2liEI94cF8aqH2VY4HAbpvWy2jCYHUaryjt9OqqgQBDMSEmMywa7t6IxjEGLo2trEpWS5O2j/47e/98MN3v3550zR8dXn607/+GlA++uDy1dv16zd3Q1Ih2o+S04hmYlpyUU9LBCq5CFgWUVB3p/ASRk1CCCJTXo1ayjkQM7MaqogZjLmoGDGJiCEyUy4iuc4pApKoiSgyNDEwcxGpZQyAiBJzqFnCioSR2ACKiU8YA6CKIoKoMmHXNYxcipiCz6HGNiKH3WEHhoisoIBcjAwhcONUX6BWlbjtAOgwjH0UlqRSFl179ei0Yz1ddPOWU4GXG/zkuv1yHYRmFGMRAYwxdm0Mhdqv13y9BQOV4lbpTMwG5EQdAKBpiJyxe3ba/cOP2n/xW6t/+XuPf/UJnvXhzVZ+9ovbz94c7ke63evtdtwO9uZ2u08aY5uGYb1eI0oTcL+7e3YS37+gRZOSls1Br9fD9jDcb3aliGpJw2E2aw+b7TiWkktDtpz3n91zDGQixISAQAyITK5mqGQeTKbVR+4DAJCYmevIPdbIPbcUVKsmAfXqN4DJogoQEBnUp/XUzRgUaRiLmDUxIhECKZCHaQckdxQqIimXEDkGGsd8uzmMucz6hihIyYSBkESVYyhlzCUTIxKj2NOzVRPom7d3QEFBt/vxyxdvMDZ322G9O3zz6rrkIkY39xtCYkKmho1ENKe8nHV3d9s0lJPl6quXr7/4+tVYhJswlHFzOAxpJIIffOe9xaxZLfrdfnsYyv1mNxy28z4smv7LFzeEKCJtG4kat6kFg66JCsZkzDWBlimqOJNtSJbSEJjAtAuhi00pRRW0WN82bdOamgE1kVRLKjmVEpiIQVVcYWoAbdMSKKNEZjZkglkb2kg5Jbd1GIZDE0JDoe3aNCZmYuSUNTbtbr9HoCwGjLFtVZTQAlnfRhBTkcihb0PJpW/7rLLd7ZuuZWp2w8iskWhUA+LomQCesAu1c+vAUQyyKJqedByIRoF9KqbaNkGB0KCNiFBztpjYEIqYgbWM85YNsBgAolJFBwjuqogT+kWYXIGsytTB621iJ8idj9X6hYR1bIyqEQkvnnw0yVQMDNVURdzevlYWRcHlmERACiaiZu584qrvmtEDNCHjerVYZbdMtfp/mWFVLdkEpKviVyvFW28uvxfUJs4e3EEI0NsZlUethYr3NMAMCN3pr9L86P07UPcTmGokmICpU6CTCMWwem9A5ZYnmZQjd6jdQHsoOipoq64FLrYgRPMOENrUm6l4EMwUqt8eEIx5vL9fF5F0ONzc3OzXG4TCHLbFRIEJVVTSyAHAdBzK4TCqEbueLHLKQhGXfT/vmkXflFIEy+li9vjx+Rcv3hQgI85jSqPsh1K01JzqJjahJdLDkMYh5zF9+Gz5az98/vO/+fLPP351eXVCVvKQry7nl6ezr94c/vSrw25IJgJemU0YtVZ5TjdWWFtnT7FOckM1fpnQuuf1+g6hadQb69OGmubrCxmqQeXU66pQwREYVaX9NHUzrSFAInTRWl1YUrRhmbXlbiht095cr7sZ/3f/5MefX+c/+uMv2XIqyswqqmI5CyK/fbPZbA4hELlMxPUG9cV5/9qOHQ9//J5i5UOx/lVmWtncqa+Ex6Xi5Q1NILvKp1CndVK/DOsOr5+ITX0Bn3RERTyWGt4RPBbDBt8aXKl/iR0Z1eOrhv+I2XeIOdXuSAjuND+N4PkXMQIzIqKJpnGUXAIGQHSnLVUjqEOZ6OyAVw3eCav7EmDSzs1mM+e73fCk4mwiE80lSxJGMgUVkyIlZQqBQyiSxzFJ9oBUY6KuDbvN9rAfzKxkQQMi7mbNZrPTIpNizWmIKjUBrIOvlZsgVLP1dr8/jKRaSkHvlFs9JSoEheOTQSALkQixFAsc+q59/9mjD9+5/M1f/eGsa4ch/9mffvz1yzsTuzhbpnF4/er6+nb76Yvrn3781X6QwOxDEeTe9qbis9FgbYwhhqk7agDACCGSG+f541JVQ625BCJ++vihV8tKVXVFHBEjaymE5F5lLpvztea2z4E4BJIyNCGcncz7NlydzX/r1z76wQfPHp0t0eR0MXvn6cXXL24+++zle+9dvXl9c3OzGVMexzSOyRf067f31/f79S4RBlEPvpIafqIoomAoZuZWSHqMbqvNJjxuk6lc9oPVCXhA1GqDZQhIzL64iZCIRISQpWjJKcRgYu5Pi4BtwwRyvux+9N3n9+vNn/3VF3fbdLaa3dzvfvqXX7zzbLXZbz//6nYYxRBL9rY4lInnISZv+CmYislEabgkBBACERNOQBANLTATY8lFRZvYqCcWE+YkUjQELllKFr9cnRR1OUkMhAAiUtRDJMHAmD2CzjwI2Z+4VAILmNj7oUBQSiYCd7CVUgw0MCUrIjrvOkBjCnWGh6IogRJCAEATZQ4UG1Nrui4QX8xj0HR/s80F05iJIA+Hjcw+uaabtMI4I8qi+ZBEoTGMYGRQnMVWxFJK1zaRqIiCC2J9qknyfN7nuProZPhX//Wj3/zO7Msv3vzsi/Wf/M3tN2u7O5CInS7ny1l38+ZNZGubKJLHlFfzXqUwQdNQFuXAYxrXh+F+kO2o99thczgchhRilJRAynzZLBdNKcWA+/msnzfPTptv1np94JbV1IAjICGxY3+sBJUzkQ/YSM1UBcBq+o+qd+VhYj2JjBFd1adaFanuuyKiPitFREyerY0IyBy8LncUx4gxcHXENvRYIASMTSDC0DTz2TyrhoBABApicBjzzf3aDIDxMOzb2F5cXixns4Z5u9vux+IczTev3ry5ueUQYhNf3W6v73aHNCLRKAoWfCxVy0G1rNcbCrbs5yeL5bA/vLq+EcSiebvdbrdbAWqaZrMfvnr56sP33728WLy9fjOkcbvdr07mTcSGcEySVIlIpDBBCG4+o8Ej3MEALMRohkxBtGQZ1bIHuhGESE0gMiulCEJIOY85x6aNgQ6HXSnDvGuayCXDOKa24dP5TFRLEVMd86gqYCWGSECmopKW83nkQEB92zZtV4Yya2ITuJSsUpw8KWYhMjKnnFMqbdsQYcDQNXExa5is4UBmbaQYYk6JI2cRNWpiAIT9kDrGLtA+uzmcSimVSDMNxMQkpqpKjGAYGE/bJjAOxUZRz0rPKcfAbUBCKArueYCInjgdEBcNK0LWmp+hZq4ss+OJeWxFVwL6YcrS7//KmLgG2YG+uasWVD5u8fi74OBdTUVrgXH0lysCAGR6NOISVRWppKOqipoqTplfpga1Q1rFqxULuomuuCWyKzSwImcDMHX3Uph6CFYvbC8fqhkJHsG7T1pVfOiAzB5qIax+0fign9aJ4HcYVb8R/SavFJupVmF37YNP/b86yescD/glRG4L4LS+miKDe3ICmBtB/EdSjXqd17/Z/41Gw5Bevnr78s3bNzd3J13sGhKEIcOQqwwXGds29H2TxqTIGWDMqWgxUw7Uc3N5siDUlNXUxFTV9rs0JMmq13drRJr3LSAoaNe1xUjK8M55WPbxbpMVjAM3EX7l/fP/8NPPfvb5ZnO7YYNI9OzRbNjv/+1f3359O3IA8eHaCU1WXO8afSIv1rB+wLVNAFVZ4r9Vw9rgwT5Hj9KYIx6tNeEki6lVGRz/Vwdda6dGa+U1lca1L1tBhRkSQoiXZ/2zxzNBPKSiJX7/efOf/f73/td//deHvSUtHFtGlCL+0ZWibkxWXcwnN0oDM9GaS1UFXZXIdz0G+CSO+ZOuVi1T/VK17VUsYhOWx4rYfdEDQJXgTET+BNEnzAFTITRhpmM9VssggG+tujriglPlaRPQ95ddxUEPSiGtDQefzT7WG+Dw16ZyYbKQBzKB2h0z9TdWOxH+gsiPgfpsbKpPjm4zHEIIsWQZD6MVIyRRqS1DUwRwvYe3DbzFZqaqMg6jGWFgLQUQYgz7w2HYDaVIiNHPC0Bcr7dWFNF9OqyWV1Oz6KjRAtc7AogAmqGqiNJ02PmZ41T/wxoEMBD2YQjiWddfns3Pl935yWq73r94efe3n7z49Bdf7Q+ppDTm8s3r+1c3++v7w/Xtfr1Nw2FU0SKeP20qCmAESASiUg8uwCJSpDjCYxfwEKIpErm0kIiqnRoCAqrLRbynSgRgDBBDJOIiigR91xFBypk5VFN8U0cnjDTr43tPL3bbAbXM+3a33s3nsxcvb//8Lz6JTXz9+m6z3XOgvgsnq3azPxQpCpCKAgIT5lwQKYSgqqVk0SqGxElfwcAP5S9RVdHbtMan2hWr0lWrXPOYoWBqJgAe5AXiyZTivBIaaCAMDbddzFK02OnpvG0CAzx9dpbGnDP+1SffvHi91mJNAz/4/tPXb24YuYv887/5RpTms1ZERI3c3JRYiobI9dIxKCIGzv4C+iQ3GiNQwJIllRyYQ2QxVVNCUtAQeTHrmqZ1dKhaix//j9q4cb4LiBgcNYq4xxEBWGD27OTahTIENNGaaIeICqZqqZRZ316ez4nAAMchIZOIBiZzJ0REM4vMuQgyRW4QQgidawC8zqUQQNRMI+NZq1cLNpPDCHebkUL4eq1/ed3djL0hLxczBRIloIY4xtAwAjARY4hcRJNY28aTZVtvAxUzVRmYYIDmoh3/1T99Z7fd/58/vf7Jz17d3I+HQ4kMZdif9rjqeNni1apZdUYyvHu1Ol82raaTGZ+f9F0oZyf9+elyHLZ9EwECAghkg3x+cbacd5rHZR/bQKmU/VAAmRibrolsj+b46W0arAPL7uVWCX83I6yFp19DVsxUpTbRzAgxVDwEAF6RAoIyIFduCIEmlYF3qN3l3cRUFBUUpB44GpgNTCUXEbeQdpEbMTP7uRgcA+WiWXS93psBt7PdYdgehnY2yyKb/TpwbPsFIS7mszyOh8NwSOUXX3yz2+2uri4eP3k05ixZ7u93r15ev76+OQxpGBMAEEeznFIWyUMalYgAn7/37uXp6n6zTjl1fbNerw2UiEbVnLKoDKm8fP0mkJglFS0Kl5dnt7e3N3f3fdNsdnnWz2IIooLoHxtoqaGxfsG6pFNNyUcu1Nw6QsXEpEj2na5mY04pS9sEIq+gZdkvYtumImY4a+IsQgjsW0q0oBEYti1JSWCIGNo2Si4qpZ93JWcppagqYSolxoBo6TCGEELgVEptgJsRYM626NvAEANJKQHx/HRhplJyE8P+kESVA6tCFltE6iPvs5kL7CZvez/oPJZExIAwF0WyVRMDQ1I4JCUiJBCxgNAyIYEoqAFHvwnIwCLBrGFDEiMFdGk5TBfZkVMEsEmVCohkx9gdqKYpvtxVocJ6MHfkNwCeXX1YsYuImXCVLRuYgajTNYSAaFokZ6kaI1CvBfzWrJz3ZJxbQbkfbhOaUdUHf0MX4hmoCFYsaJ4LXV1Ej6hQXTmACHW+4VsQZyI4J+rYFTjVMrTe+xPQ0jok4PY19YsnKGZoJjoBOv/hRsQwyU3AAI6W/hV9mVW+HxCNmJFRiwB4NBJUkDZxwNXgHGACFhXGqooaGMKzk56Y9tnutkMuSqyEGggUaDZrT5b9dp/2Q/aL0B3HIoXtYfd6fb8+DIEaABSREELbBkPbDUPfx9OLk75pwLSJTcvwP/7T3/9n//DXPvnky7sBuq4tkrfb/PKr1y9eD6/XY0A7XXQXq9mvfPfq+ZOzz9/ev9yYlCxaax48svR25JarwKyqSNSFI3TErn6m4gQ4sZYGE5ivz2hapBXG1sdX1fdOXrsRHqLWFIdKt8OxmLQHX3VDMyRgBpThsL29TxkWfTz883/0/P/+D9c/+fM3rCUVCiGKqMvBkQAImaOjKkKLbQMGakVN2c1HJuQPaorVk9QFAfgtTh5xwup1AvVhyT+UKO6bhJPrJk2s/9Q8mqCdS56mHsK3MNNDKCBUg8qpBgMnBX1pG4KpHl0Rp+uqsv4Pf5sBVN8dX/VgBjVzY3Is9RvRi2RzS3v61n6sW8d8Wg6sZqHbtDgMjaqkFs1gGDOatSG4K9BU4huaT5aAoRoaTgkIjsCIgqdQKBgjeOcUDJu26bp2GEcwCxTAgIBg6hpNi3byEz42WHxh+Xb16owJjaymgjpxgHUWhBXxGEtCJ/PZB+9d/OijJ+8+vUpZ7raHb17db7bD25v7VEpS241jVhhVci7Vh40AiKWUXLLrySpDhjrFbKGoiImpmNQXr6JiCmixaZi5ksFEZgCqiAyMzqnXgFIxUAgxWJHY0fNnl7lOniIhHrMFfH0GwJzKrOXlrBkP43vvPnr+7tWb683XX9988eWbXEo/727vtm/f3l88Wg374fMvX79+dVuKEHMRDQgiYgYcyEF5LZKJEAjIg13AwIDUaw8R9WXgTBDC0Vag0gYIYIbMzISqFiMxMyNLyWAaIpuVIhICBeJZG5smxsiSS+BIxLdvN4t5DCgl62az3+xG5GBmOaXQ8DjI2zd3m+1wcbE6FLvfjIRaVIpYCJGZvKRFAGJGtFIq2g4hILitF3AgYsg5tyFyCCHSyWIBSEUEzDgGNS2ayTDlMuaS9VtnkyeXI1aqyCP6wCWwcFyrHFmny6EOiAB6To6XSf6XlSIhMDG/c75C09vNkLMvHR8zIAAah3F7OBBy23VT08vtxVhAjUDBvFRDUxSxtH3vvDtfzYzDelsO0t3a+chLsBLbGJtGAbu262MTAxIahAgYiBtmhEAUuG3Dsg+isD8MiJZTMihNf7rfrP/FjwMMuz/6d1+XwvOGHp+3p502kBd9g8OBJJ/N6axjLLkP2pEwKKT9atY3IXQxoJmkoUE5m/WrfoaSuhjO593JvJ0znq9mq76Jsd2NNibo+r6Jse9nFPqzGb3/ePHJqzFZw2SEfAwbmbIlvkWQOJFo03kGVFs8fgqrIz2nOFFM1YoeG9WEpmhmREZITvcDUPVDAQMAQgoYmtAQoUfbQvUms0BMgQEIiIYhMXPfdzmnVPT+/i6GeHF5TqRNiJIyAJuUrm+lZDQLIQwpr7e7lNNicZqSbDZbCpZT3u/341AMMI0jsTGjiOY0ANNstmxi/+j0/Opi+fO//XTMKY0DIvSxBzWBFsGkZFXNOb2+vi1paBouqnlMCJSTzmezENphzPPZDAwoICqknKgaWYKL10WEwZoQVKzBaEACAsAhgG+RyKxSKFDAAAB5GOZdbGOIselCw2ylHErR+822b8Llat41pGANN8wsKg1jjK0Z5VRERE3GnFLOHJAZi5S7zR6ZmqbpmqZpghUdxhRCIIOuicSsYqKQUnGrtlnflpSYMEZS0UChgO3GkkVDCFlBFR/N21mkbTYKAVQ5BAATBUBjACYkJFPLamNSQpi3oSUsClkMAFLOBhhjCARMKGZahAjVVNQAqQ00a9wmyAzICDwzeyJOKoPuKMu9HComRv9ldUeYvPZR1CoL5gMZ3eUHoG7G6dOl4EyAiVYqjpEQVKWUyq9rPeQ9WvKBQHd0YebZBwjTbK5WjZBAtUmyKd21uvtXRKHmOgrDKiI6Eu4V37kQbwIm/p4nsHj8cyefKqY5LkAz9cyBh7PTczErKa9TMXXsSPjc0tRiMZ0kKY5l6r1VS0dHF9OEddUK+9wy1jgybzPitwwXURWnEYKLZX910uzGvMu2PQySRiTTkkOMw3rPtH/nYnl9P6qClewDfqTkJUUBmHXdyawPSLMuAgkhLJeLed/2jAA6HPZNDF0MP/7gyR/+3q/+8U/+5Kefvm262W5/GMccyPqmGUrigB88v7h6tHr18iYQ/favPv3RR1d/9P98pkZgNgnzsUpc/LSjijAfvJJqZlP9iIBqCegrg2CSRdE0/ec0dG26OmFe+yWTbN5NznFKYTMw9A6aTdYl6jXAdIRXz3MDJBzSKGDrQ5z38F/+wfufvSz/+x9/Q1pSHiFEBFARJmw7bjvOkikyGAz7Q9O1TeThcPAOFnjtag5u3FwTpmLZNTMwuRBVyty8b2ZT86OCbP8iL3YQ3C2p2vz7x0RUI6ChftRT1UFoD1R2pf+PzYEJ6E6/9HU7/atWRz6XgtNGrT8Oai8ODNQHr2swwBE+V2DCVabvhYBNVRsiAPnrnIzYDdQFXzbpOcysuk1ajU83UUTMJasqVehaPzlwvqCaZh4frYGZ90jtW6P/vopCZLfWqVsPiQjEIXbV3UEtXbD2KdR8D0/MgU2fUo1onNa8PwcfvzZqYnh0vnz/3avf+c0f/PZv/ZiAPv74y7f3+4KQsggIBN4c0iGVIWXn6o3YAAxQir8thUmyU31mzdBzRIldjcxIVeCBAKpIbGpasqi4cYnLQI58C/ggjQIhRA4iZTnvzk9mailyuNvsciqMVFJBAEZXaIGqIFjXNcMw5JSL4uXF6mazu7ndFclZCjLe3q53QzLE+7vDen0Qg9msCw0jofhNYWZEYibVH9ZPBT/avLrxNYgGimWirrA2prHaCODR4KEeGH7aIw1jmc1bBA2xpWCIFghjbJ49OZ934f5uCwa/8cvvXZ4v3l6vn12d9g09e7w6HNL9esyqAJTGlCUrETIXgc12zALr3XC33pmBqKoCVaea6rvhka4GGpkIiZgYzQjALZTUAK1pGnClqxggpZJFi6gxMwE2IaiZU2Y+Ie+ry6MWRIoaRI8x9psUqd7WUKXoPniKARmpmuHVLEssIj566ufhkMZZ5CfnJ/f7QxIlmBRUZmhGYE1szFBEihRTiyHmlBFRRMX9jj3i2iRwILAWpGFczrrdAG8PrfAqMj+6XJydLomELLfsnlVCBMIMGBDQQJAwZcOcG8hIYT9q3/KjsxkBzoL+t79x+uMr/uuvNpL16iQsW121tGy5I1st5z3ZxUl3MmtaosVidn6+6gL1s+XhsM/Zxiwpl8OQhu1m1nKHCkXyeCCwBq1DW3QhWrFcNps9M5PBqo8XJ/NyGEITMHYrTk9Pwt++KUWrWzPBJBEwhy2KR65jOrhca+wKNCm1wMUKlGpjHMkn3dCVW2AAE5oy80dGNNmKoIGJalFEU58Gtep4VVV86gy6mkmMcblaEgHHdtb3TWxOT5Z9G9zCDRC1lJzSom8Xs/bp08vZrDOAcRxzLq/evt3t98/ffefx1dX9Ztt1s5zT+dkipzSbtaACmpFpuTpR0fX2bhgPr97eDYeUDtt52zw6vwgxEPclDcTgE0+L2ZICX54vzi5WaUyIEANtD9ur85PIjaQsqgEJwGhKjvHbq+EGEIkhMIsWNAOkomomhMRIoLX9hohN5MAkJY+HsW2awDTvmt1us5zPAocQ+Ga9EYNlG5sQxpRjCAQgioaATGMaABSRtaghMYGp9m2DSGmUGAITBsK+a7umjQRERoiRo0iOLac0imEu1jTMAUqWhn1YolCk/ShDsSRKFEbRsZRHHbUBbw+iBmTKIVanDO/UAYEaERa1pGAG84htoKSWfdgHyW0su0AIqIaea05EbkPSkM1bNsOsU+1prmt3wAWg/qMMaWJFvcWq5maDk/O1x5Eaeo8GDAG5v/zAzzBUQ1ArZPx2YQAAIABJREFUOikcBEwqLSAiolR3gw8g2HH2Rf20N6uUzrFtj/Xo95dAlWRwH3F3u5Nqel2/UbFWJ7VvYFUQYogV3fuPRAT0fFCYCoG689Smyp1c2DARS/4zJga2qoErSf8tw/pqu/4tccZU4Rzhr29p+vZ3evKOTS5iExVs9UdVnFs7MmA+K2FoRiTEKGbffXbZB7o7pNv1YSwFGVUFkYvYDz9a/C///W/+5M8+fX1fyIQQRY2ITFVMzKyJoeHYBFsuekQFLPN+1nBoMQezXSqHIbf9DM1u79Y/+dO//Ozl5n6dsuluN6Q0Lvvu9GyRNEfStrFc4O3tOObyg+9cfPrN9v/4k69JPZoXvUfmJZRXPlAlZwRgHhFa723XQE3E3lQWISH5xTRJV4kCEwUEz2me8oq80JwcRnGiqsmA0JVZ6AerZ444rKvIFH01KhPloqGlftE3nN+57F7epP/r372NhJIPRkzECKSqTdc1DXHknPWwH4ixa5omErGsTpfjmJjZ5yU9d2bqRVWDq+oGYZN+zE13KuVfjYkmDvuB4nOdRgXudiTjnWJyLhCPIyjHsV+Yis7j+qrI1hsJjsBqn+Yo3PGbpQJhOA5UT/WCggR2ODG9Gc90IyQ8FnsIpoREdU7H36hrCMBnW2rNW0vEqv76NgePeOyiVSmiswC14qsEae36mB0bRA+e9XUrQ/Utg+m1Ovk6DgmmFghQdebypVRbNNX1x6vy+hF7yqeX7JWlfTiB6n2NaFjztvB7Hz75nd/4QdvGH//4I0T86uXbF99cC1jTtTf3OxGDwGMWIKIYkEJNvgTS6o8rHhwDU8Ox3vr1qVS7Bu8X1UVGBNW5lOvOwiObQJ5uxrVCNmJmDgAmUorBbi+73ahqaCalIFUFKNZWgM270HQhRk6pFLH1dvfy5XXJKbQ8W85UaLcfOOKTJ2fchMP+MAxpvuhKLi5WcQGJGeoURgm1GHEQj2A6VYKgtTBDQ/Xpdl9dUoqZ1HAKnp6yaoixCHaN/b3f+H4Twuu7O1AFUSmWh/T8yVnXBW67s2Xz/rsXJZfDkE1k1sZs+vp23zQtEKacxZQoIFHOxVSJnRGsuwuRzcA13ERkhs6xqSggxBBFJOfJ5E4VDDiwyxski4gpYhqzmqz6/mJ10kdezeZFdHc4AAIyIoKKeIPJ70xVRSMklweBV/ci4jvPPxnXenkdKEXMlIDcYwQRQ2RGcoqKmcYiMcRcRIr3sjHEoHq8k1TVsqifqWpGzCIevmUtE6KpSs6jGUSm0zaw2TvvXB0kZpwb4iGNi1kvYiAJQU0SshFRNhLlYjbmoiYhtJjGd/r8/mI8WzRJcbcbn523S9Zfuow/fsSvb+5XJ2dRhrNZc3+7ub3btk1TUi5ZIxkTppxC08Suk2KBowAPYxKFJCoCYG3btggUKcTQMNM4pr7rTuczRjSRjlAk9QEfnS5mbWSm8/MTilEMyjg+XoS/epN2ydCAqwnv8Trz/qCTBD6T7iuEgKfgL0YAYLcwBuBKD5iLryauRjlQAMfMfFRTTgYuPl2GCKaAopALlCQiKqpGhEwGkHPx+PNSMsUmEO22+yYGMElpODtZXpyuTMrV5ZmkfSS6PF81jPOunbVt27SicHKymvfd2cnpvJ0Bwuvr2/msu1/f912XxmG3Xaukrm05hO12q6Y319fjmMXQkxDmfZPGQRSarrec0XAsGUHAoOuWBmW57FSGxbI7P1/lnK+uzhrmt282qlZUYohF1ECJA4KBCahG5lJy23Bsmlp4m05alDo/aIhSChPGwCAlZy0i45jaGM5OlsNh5BgvlgsF3Y5CzH0MjDYOh/lsNozDmFLJcrqYIXhkCoypEMemYTNpYwMUnZhYdHHWN07CniwXq8VCigxpBJA2BmZORTb7oYlNYJx3TdfGYRxKUW6b3aiHLApQ1A5JiPDZookINwcR9a4smdRBL68PuyaAgRol1SIyj9wxAtCYNYuGGFIRRuwiMlEqImohMJgVEUBsmOYNiUEGBOTpIKo0IdSkK1f31txemyCDgaGfvUeaXgEBCQwIuL94DmrkcYJetqJpETBxawgRLaV4ltjERwKYmjix6fiYVKcLvEITq1jDBNA8Xc/MVAu6E6iaqbhAAavfkDnPilXDbwBHc0+t8nCoUAm+1SKolYCXCs4Ta928fmhWvh8rn1/hUu0MVHm084F4BF06cQAPWpN6o1HF8xObCFD1EDDZg0zgDI5AA6C619TXbABGjKoZiBZd/M7V/DCkzVDud3vw1HczDkFz+YNff/8XX93+5C+vG6JIiGiEwZUn7rAMqiFgGxHASiqlqCn8nV+5+p/+m9/74sXL20Tr200gbQiLUBN6pvD2dr0ZExg2sWG0m9vt2+v7k+Xi9nr/4pt1bHoD+7c/ffWvf/IZKPAUnFiBkdlkcARH0tl7HlOHxIUr8ABowPWW/oFNvKrzzkRain9jJQwdHKPbhVY5HUDNXFVzi2Bm4tqXMJ9ptNrcITBDZgRiM40tNKSrxeyb6/TJ56ljtpIMKIRIYIiKHCGG2OEwZKJGpDAxoZWSzh+dXl6dr+92acignstKFZ9nmexXrEK3aZ04jnHjIKsivHriT9Vtfev+ruqamrR6D46Nk8Afp4++1q8V8uO3P12n+r5l90i+zKE+F4Oa51qBzhGQOxG7mM8QMKWCvmW8hnHqqo5r1hpEpzcLU3ECta0zHTl+LE2MO07v3GW2le6tu2VSxZkZ1JRiPAqmaoMI3Yf7CMoRQOVbY+NYd1u1bDoGf5g9CM9qRVBlPVU9D9UB7FtNOUOwqeL0d+T1m5pZCDzvmnefnPz6r3xAiNy0j59c/ewv/r/DmC+vTmfzGRHnYm3fjVm5CUU1jwKIRFz7LVgXM1bK28zdHbieOaoK4PZolU5xftfPjqlIcKsCBVNiYi/RPC8bCRFVxMdXEKgkQUUCEy0A1dYTyQKRj+540SfFADGVcnay6OZxuzn08263G0VABZit7wOobNc75mCAaRhFtes7rP4MpiIwkT7e4ZiK3yo5VX/0SGaqVWwJVe2OiIzwMDkDdUYNEAEfnS9+91c/Qih/9cnXLqJvY2za+MF7l30bP/70ZdM033v++Kuv3v7Jz74UCvfrw+ub7f3moGJqUrQAYHDjF//HbNpQRuTGnQCm7PZKLudzYpgQDUWsrjcgdXae0USo5lD6SgdCNNE2tgZwu9msd/uUSnW+qWNvQOhmtmYiPnwhqmpGRAC1HkMkd5ugSWGIAFbEpG4ANUUwZiJEE3M/cc2pqN5sd4chdbF1e3L03CniVLKIMscaomCgakUUCY1MTRdtfHq+2I3jIRficLJaXc7jdr1/eVe+uCm7UU4W3axvGSkLlCLzRc9kZgWZkRvToAZm0rccofzyU/ovfqnv882Ti/7xCfWUHp2027vdq1c337zd7A55xrBaxEdXF0ysYIC0240U+1XfLBZzhxFDKsycx/Hufr/bD0QUY8MgaCrjsN4cwKxkMVUmO5k3lgZJiUjR0qKLi1nbhhiahkJHHA9D0jSEGP7idfnrN0WKS9SY0KqxBzmMck+R484Ht6zxXajqhZpXaKog7lrmDRsnxvxkp+ouDgBoCEWKH5mTBrhiAzUVH+v3QrlokaJad03XtG0bVqt537QEYGLjsDdTLXm33Y/DnhC6pnn/ycWjs9PLVd83DYpGhpPVInJzcXb6ztMrLfrVi68/ffFlybZYLRfzdrdb920vpRyGsRSNTd93jUl68vjJk0eXh+2BkZfL2enpaiz6zeu3u2FnJamSqAGoiAJySnk3HBbLmeZxv96ncdwfdqvFrGnnQ0ZTGUstYLBOQpuiEmIbYpUIIhOxFGm4UTUkEhVRATQ1cbd+MyWikrRrOzRN456Qdocx5zyfdcy42w8plRjoZDEXkfmsD8Qla982y/ks58KIHJr9YSTEro/EoAZFRLKcLOddGxfzLnJggOVsNp+1OadZP5u1MQ9D2zWSYUiSpcz7pg1EHBhZVZNpnbVGQMJBABCfziIBHgQJGVCyCBgwosO5VRf7GHLOGPgwSjFdtKEPJAhqbCqhCYcxE2JLRIymVIoyoQEKgKk1hLMuiKG6rZY6TVEZselSFZza2i48EH1g6idU6qycaxGBu4vnBIpoJgL1whVAJURCEJFSvFdQBfoOs9zx44G/FwOVh565eUXh+TI+4kagJirem/QhLjpyg45SRGs5U9nAqtWvsV7H9+Bd/QcBtLfvrY5oPmwxrUK9I1+Kpnp0GXK1ENTbeOIuneWp5QFMxYZjqPpH3iiASeHkXQfC6oh6fCDTuAVUrhzc73cqoLg6k0MW+P6z845hfUi7Ie+GjP49CFJSQ/zx59d/9cVm0bWkllKq4UGmhNjEEImRLDRkqozUz1oOzbLV//lf/v77zx/9m3//8YvX2ybwrO8YLKWEISTT/ViKoGEgMI7hfr0rCqfnKx9POT1dfP5q8/FXO8bAVqZxXTiKcI5z2jgJomxKvqjqSTD2P6IjoANHV+6feSzwnP2kCRtN2NHhbO0h2KTpUtDlahmakMaBHsh/sNpXB0BgJFFUEm7LbAbLvr29G9YHGoYQUANDUQshEgKQSS4UmtlZ//f/8D+5vb8fdgkBTHLgsFgss+rd3TofRg7BzLBagoAdrU6p4nGauOUJvdTy8NgsNoTj8njAgd8mtSu/X/1vp+lp9Dpo4oOr5qn+9bWo8o+x9gH8RVQJPULdO/YA+I//YVPlhghjzqVkQjZAQqjTL+YswQSPa/HhHke1AvFNUpE0UIXP3tug2vTxisnRfDUDIvBBOphG+XGq+iqanwoXqD8fyV0Cql0SIk+qcfSFUeF1vYNhGrSZSk3AKfQDKi1xvHeRiCpBgBNX7e+mfobO4TbMLcG775z++McfNV335acvYgwA/O77j37nd3756vLio4/e+eiDZ+88f/LNqztiHocyiX5VTYqKqSEq1vdZqxSfAjKRqZape/941k0nDzgriWSExzkmmKzOpiPeNxo6naLo3tugAMDss7cWiJG9XYBNG/uuU7R337n64XeftQ2NYx5GFYPLi+V3P7g6W3WB4DsfXB0O+dXLu8WsA7BShMj3NzWB6nNga7uIiH7NcrU5MuS66b3He1yBXrugN5GcXfUDxZCJDEFEG0LIeb3ZIrfbXW5aArOc8vc/fPT7v/ujTz5/OSb7/gePf/SDd754+XazG8VAVJhJRQ19lNNwYm98S1Z85QlQVbOh08Fvx3X+rf83A53ylHESCUE9DXzaxXw2Bocx7w9jESUjH4EGAFUlZmbyGxsnjsS9twEJPPsWgWrks1aWyj8PNRE1AALyKw0ZalSnCCApOJyFECKC9xQs5aQqSKSqSIghBK4DmoiISAakallSFkXLT1Yzs3K3LyE2kcKHj09zgV+8TetDjpzAhvksnPS0W98PQxqyKvIhjTkrQ4jcNExdpFkbIe3PQl62sB/w9j4HhNMZz9rm+m7cbMfz0wWJDGM6OV0BYDEkjuvtfhxzN+tPFt2s75hDiBwQUtofdoMA51LMLDCfzHvJw6yNTRt3u00WbdvYtUimXdeFtj0MB1Rp2waRQ9PusylEFdCShyH9m8/Hf/9C0JB9KUA9xq0+19pS8wPzYf9NDoAP3JW6RFt8YNF/n5EBTNHIKt+DgGbiJKIzX65cdfmRu4E7tPJ63gO/ddr0zHwybx9drO7+f6bepGmSJMkO08XMfImIb8299qWrtyEGM1gEFIqAhAh54JlH/ldSABEKTyQwIGbIQU9v1V1VWZmV+S2xuLuZqSoPah7ZfSipyq/ziwgPW56+9/Tp+33NpaqWsqQUAanWKiKH0/yn796UUkHqNtFXn754cnPx6uWTvu8ih7v3hyr54fB4PO0vry4D9z/++Ea13t5eznmJKfb9GJivry5LzrLk7XZ89fTm+c0lATw8HnLJd+/v5+mUS/WqnojElJiK1iXnGMPpeFqWvCw1xC5XQS6bYXj37uRtNC4viSkapa73ABhVQA4hpCVnqQuBEbNTrYZsKqBioCmmUnIkImIEm+cp14UJU0pisOR5yRnRdptRFJciXUy77W5ZTjFwl5JItVrJNAQS0+2m359mwjT0IQZasiyzOyFtM3YX220KPSMgFCaMyLvNZhgSIm6HOJf6cJzMcBgTmqoBoVEIS4UihgSqFRAeTlVMn49sKieFQEQEqtD6ugAC4eUQxsS5ajGciyyljl246qOKzNUAkJnmpQBSn4gJVUG84cc5E6Y+UB9JRMUAiFb/pR9AXlG2USoe3g/t6lXANRrQreztwgQD4/H6Ewff7vhX54oA/QqRWv2m8vxsA6X2kmJNgTBUMDf9O56A1ZxtiqiERMzQPG3N3yYqBMQ+bM+a37cJso7G0c7gCJtpwaGCga2DhHX9Kag3QKzbGVbHvsEKXt3h29CKtnh155hXVLd6g+GDSQLXhsX1Lzeu88x5r32f2NK3obEJZ9C1/npoYoKBmbH/dQTFdLGJ//LrZ2/vThXwsOSpNaCg5wbHQCF1KnI1oBgrkpHbhbEPFGMkQGQUVVHd7vrtMKTIv/h48+nT4be/f/1Pf7zrxt2yLCULEy1V9tNSRI7TwjHmRarK/nAUg5uryyry9qdHQPrx/eGHuwlMAaSKIfAZ76+3ora6aYWW/ierj/EMNP8CcPq/U8t7JWhTKqChyWZoQ2qTwM7Q2b+Dc7nXDb3UrFJduLfVyIG0ftVG/Rg+/+Li2bPNfr/c3VVdQkSAWgChViE6Q2CpVSF03/zi5aevrn/7T98f7ycthYEQQBUk63LMpipaRaS9AiqtxPz6ANC3TJOSALQ12SI0hO5rYC2GGnhv/Q+4LiaAte0MELFN06PVFOUFJ3544GAruKcmrrQu1xVJtqWL5zIFmqnK1gnf0MynoGLuLvBP0Chb59EB8BwMRG0EbRtAuxaGjQh15kHb108++gXXNgZc9zGuH1nVwBpIbZqGrVvMH0PjV4n/smoC4LYckJCYvU5aP/Ta3goO2dA7H9AMvCPNU1xxrbLP0c3nl/aSZE39OX9lfQq3V8Nnn7x48eLFP/6/f1im5eXLm+fPn3z99aemHKj7Z3/1zcVuN+Xy5se7F8+u1XiaMpgSGSCa1ha+qWYqYGLQgDECugOrVdBma8OSbylQcCLtzJcYABDjSk+4mx6xAUE0AJHaYmhFG2xBWC8jM62IWEUYCE1S4kgkZn/645vHYwbAF8+2v/r61acfP/vjH18/HI7TtNy9O1zfXN7ebIrkseu3283pNO8Pi5kRYhVJMVxdbGoRqZaXwqgfPbmuplVKU1madGSgzvUgGbQQBDOXyQh9pq2nK/qsc3x/f1Kjy13/zZdPP356sSwFRN/dH37/x3ebxKj6/mH/5v5wnPL+NKkBIDZDKjbWH9d6usnUbZ+1sGACAmv6eSvLG7tjcG4DQ0I1b1rzlgAvylQBEAJSCAiGgZkRzbUYb1X3iTyIvg9MGl3UdIa1fvd1u5IGRnQeQ2kqZoZEqKC4lr7Nso+gYEwYYyAgl1ZyLQai7qrwND/Pu0RUrSaCiKoeq2ou1ErVOZdXVxsRK4JSyke7lBXuZg3BtiOizsfjQ7JTD/mLj56WXCx1Cp0BoyKjBdIuUWSoVR5O9ae9CI/TVMvxNJB2DHWZrnr66MkmsTBqLXWap+Pp5HMtA9HYMdbMxAhwOjzmnGuxJcusNs358bgI8DLNasW0iCihxi6N47DdbkKKQAxoc55Na6BwnJbsAA1j1w9DxG8P4X//tpJWkGrAhitj1S4Pv9yp3SntZlkNAI5J1uSLNkWofXko6h385pG+hIyrssmEYEYAHp4M6N+vNBUBXPDTD51M7ZIkJBaRyBgoPj6eQiAiLDVXrXnJFDh1XYqskg1tzgXQLrab26vx5mo39KnW8vBw2B/2oPry6dNf/+Jny5K//+71PJ+Y8bA/MuKmHz59dfPPfv3F7cUotdw97B8eHre78Zc/++LVs+vldDydjhe7kThO82xoBMwhEYWui4SMgCkFZhaxwL0oLjJRUNNgljiEqhXb/AckZgIErWAmRcxMpSAoookZMboe1RyfQAE5IAJSTMFnSSdO3ma5246RgBiLmBpejMPxeJqWYgiieV4WFS019/1oZn3fedpG1/WnKYPo0DESFjE0iIE3XWJmA0SVGLBLQyQi0xRCBIiMKvU4L4tqFQGwFLDk6nt/KorEUmtMQU33s6rJi00Eg8mDMNGQWcXWxDbdprBJbKBT0aVaNWWwTQoU6JhrFR36bioCCl3AwCRmIuZ9YUsRVRsCDInEsLSDbjXLnK9Wx1ROiDuRiC0XHUCtRRmfWS7j7vIjkwoN33rUGhlYlaJS/b5p+VboQpm1P/DXshaBYo3uAk9wWwV9ImZTqcXP5MYWIhARskcai9CqGzQtY8VX/skaC7P6BWgVBloxY81lv2JFbH/uv3JVeGFNK8H14P2QXt/sy4Yr3dk+goe0tH4JWNsRAZHBwPP7HIH5424Qf4XGjWJtV7Z3mTTTIHlOcIhS5J9/ut304c0+i8FhriVXpPX+MQXCpZRPX/b/7T//5A8/PIg2sj0GIjVk9Al5Q59Sx0Pgw+NBRC/6+Jvf/fh//efvc8X5NEsVFeu7Tik9HJdpWUCrKORawaBWiUxmNi05UFDAN3cTgLG7RYgNDc8TrswF/tXh47SsP/tm1PZK6PxcrOVXoGFAItKqzIECqwp58k77awDtkLQWIrT+B+J6LALWUqQKQQsC99c807/eM6KE8yI/vpnzxKjECFXkLC94m4coAAJzULR/9z/8zRefPvu7//Sb0+NRlkzMNRfnGn3TGFFMHSKJeIif9/a286phSV9xCNru5va5GpGEgG1W5LrEmsR0XpHN74EN2LUZBNA86GCN1ofmKV6LgKapWJOcWln6wdXqS9srAH8b3sFyXuwNSyOh63vWlj+0l6N1X6I5bek1B67BVv4pnLz0ZEP2oWAAawcSgBmQeSh4a15EQkRiMGQwQ5fgzYipQTFa2z1gPVmcOFM1EyYkQ5FzqzGszXYtItOfNDN9YEka3jInHszPBAIQWIUCdETV/L9tFau7XL7+8vk3P/v46599cf/u/vUPr3/93/z8888/6rthux12m13q+sDh//n73+aiL57dfvbpixj7ZanECAi1VvSKyOkFNT+3qcklgh9A6fplNNhOzuzgGZKu2icSUmti9NQJAKf7gdbxAuyLh5mcogZEYoSm32EIcRzjzfXFMpf3d4fTaQkclnn5/NMnP/vs5d/959/84+9+eP8wbTfj/uF0/3C8uNpsNuMPr386HOaby+2Xr26n+VjdFwGYcxbRWvXls8tPn19fjMNpOj0cTwDk5koidh6AmInofDq6gQI9FcL7oQERgBhrLf0Q+5T6yEPCv/n1pyHy7//89vs3+2mq33z+5JvPnv7DP373X//wdlpqziLgnxoA/FumM2Ov58hUn5N3JnjNWmHgbdleJJ59m7jGQ6wCsZ8ensOh4p0vjdMFM+LQFjy56V/AESGCelSMB8c5C6ftzANQD0UwVXETrM+fXhVln9m8dm44tKDmqGQjRjUwwlKK/0zMmCMihoBe6alZF0JglyVC9Vk/UpHAxCIPi1otC6mpdVBll+D1258WmRiWMh/GhNNpLtOCUp4OtqWlQw3Y5WJSSyAAKfM8l2ql1n67EwvTcX66pWc7jlC7yGPHL243WJZ5etyMfdeNSy4P9wcCCgZjwD5SXuaSy7LU+8PpOMHDsc6z3h/nqhBSV6ot0ynGOM8TWr0YBkILkVI/IHOxggRMkOdZjUJMqtJ3m6qIQCj1xyX8/Y+nTpZclEOitdVoPY0BkO2sCDQAZec12rKfG6jwpeKH1NoG11guDwllW6NazuI2IftAAGqjB5wNEI/LXZejX37IhEyEKoikYJsudH03L2XJtaiVWkzVDBNTXpZu7GNK7+5PKaSbiyGfThyo67ur3fZqtxtCt9uk/fHxNM/ueEshvnhx8/GLm45w3h+++eKjyPDH794cpun127tvv/s+sH3+0fPry+HHN+9yhaoiUg2YMSAhB0opmWlM8fJqSDHe392nrh/GDjDfXF0cHmutNTD2XaqliFrgFgtowGpQpBKx315ePSEoiK6dlQgAzCRtJoOVLByYCKXkEJgJh24Y+vH+fl+qISgRvL/b51q7vleBWishG8F0mi4vLsEKkXZdV6tMh1OIDIAlCyMNKaaOEbEU8SymGLsUQ+AgYl1HXcChS33fTUsV0d3FUMVygXGTcpFpqSJiYjEGMDtViDE8H6hKfaxYqgtuJFUQMFdBok0XL4egomI8V6iqfaQxEhEtxUopKcYlFyIMDJEZEGoRQiLGqooAHVMfqRoUdTrFOfSGJ9CgjaNuHb8+RMAQQEw8lgp9uRqAKfdXHzUl3gQBmBA8G7tpC6qmQAAEZB42bT7BxGtaFUEwbFK0k7tOUrTRGIAtABTdxdDsyf6G1LsHHZxYK63XHYjqgforVEJsiRO28skrebLu0YYF/FS1NoEWTM5ZhX74Ip7deE0PNlOPTGgXw7rTVyDf3oSBItHZwNyQzfr6K9gHUAJUPEeHIyKwi98q1eVaMQuRf/XF87/96voPr+/3+wKEd8elrq0NfmmaYSD65TfPpZTff38vHtwhFogCUTVVsj7ipgsBrSPc7jYqGkL3eCiP+5kZH/eH3WaMzFVqhfjm/ZEDImMuihS7xAY6dKmILNPEiI+nmosxEBojs4FiUzzOz3xltFeu1VSxof+1EFsLJgIjBAHrtkM39LVkFeFAYGqGIUSPDAcAXMfnnYn/FprpcNbzN7xy87wOXGc7NJq4rQlEKFnqokEIxVSqETAxnTVfAAUQ9Amb1A3p17/89PW3P/7m//tWcuYW19F4eGQ0QAXohh7BTGtrwl1Lv794ME358NKg/djrvVVlbuh/NfkONdEGAAAgAElEQVQ0J3qTzVqkLJ0rCfDoGfVbpS33dXs4eW0NTzjv6ej3XDMDKCJ5/rrXwn57rZR3e9eNH/ay3s4v7q46snMfN7Sio61+z8H3fAPCgIxLWQgxEAaKuhJdDUkReOECgCKCBCoGhO6sFVNDOtvKzIzYv3qqNSNwiKQqQGigVSWESIRiMG76rk9LrSlGiixV2iowA1U8C3ntybt56YNYYG2g0zkxAbRlKzRm0D8dIl1cdN98/erzzz6+vX3y7bevX3308quvP7t/yMeT9IFE9P5x+d/+w3/6L//lD5++fPbXv/7ycJi+/faHWkuKoZRsZlqbe7BlvbiqCgIg5hHFvr592+MH4Emu0rhV5IO06PNfzZrR+Cxf+o4jQsTQPIhONqsJR4LWAIwIGFMA02WaVFFMOICBidi8zG/f3b9/mKVUsMoRarWscjwteaqimlJ6f/c4LfOvv/7k+mr35x/eBQ4+9KpW3QzpOM9v74/HpTjJ2QZ2wVoDt1SqNk+XyduKGgnkG19Ul1zMIIawnCYFe9zn3//pzW/+8OP+VAlwnqZxSA+H0+v3MxMiYZXKrWiEFrG/2qcMmlXMv01Yqy1oxfl5H4GaNl8QnAMk/K0hgvmcGWtjXtp+QDIR8W1eq88E80vTiziU2grQFUyi+ZlJcL6xEFy1aCE/YCbaRGk/CRjREESa/w7MANQ7rczMs4xVrfroTGqKAyoAQWSOMSKiiCKcRwupiqFZBEerspRSinDabfp0NcA8H7soy/GBrCbSRASewh7CZUef3YxPeoxl2jA5OszZkCKHPudy2fEtHT6/pA3D6XhSwSH2dco6z1ZrRAZAUavVAhKo9CnkvNQsonB/0p8O5eFUq6GpEsEQkKxcbroxYSBjxKHvibgbNzH2BcwIFikCkGLXxTjP05wrh64fdpyGqsIEXUr/958fMY4JpJbiZ+1KEjp95YcyAkLrRzdcB020O97zgpvT/1xJG5APLQGtmtvMHEQEz8FZj3KnhE0DIRNwk0vdi0YIax9jE6EkRE6cmJEZuSMDGzfb7cXFYSpV9P7xEYG243jYH0PoYhdLESIG0N3Y9X1iiJcXmz6l0/F4/3A/TVPX96q2zEstJUW+vt69enmrtb7+/s0ffvdHINzvH+f52HX8eDz84Y9/gqofvXz6cDhMSyWOMXQ+cgsgI+rQDQHB6kwmY9+rKpMhla4TgggatS5ohsRE7DmQ0jQWRiOVWhoWQob1WZoyERNWUTFPvIdSsimVKkhAxKfTpGDjMC7zHBjneX44Hi8uthdXF6XUmqUfusAotQ4pEuI0z9u+2+3GuiwhcIN7ZkTMZIiiFbbjYFoDcyAy1T6Fvk+1ypLnceguxnFIPM+lVGNGDPxwlCK660lUc1FCquocOi7VmOHlJhpSNie9sKogYgiUi6pZF+gqcQi4qGWxOWvHdNEHQJyLIlGItFRFgz4gEyJTrWoGSCSKptYFbDWAsfnEOls1JP0LbOy0RPuhGdFmew1AUueV+DMerl6BmWnrOgJTFRETMJ+2epbFW0ynYwZrl6yuWBDNFHRtdQcTFTXxhuj1tm2dy+4XUhPTD7DZf/t6GNpKzUCLL4EVNzXaxo/mVtn4jWiqqzHWf6E1Aqd5Iaxt3vUsNs8lbbeA2eowgpWBd1FkxbTOxdEq5a5DYdrbpzUJ5vx4msToEYfEVKWKinuPAFFBwXTOcwxWhKvBKZd3jxMQK6yCCyASSNXH0+n1jz8RdyJEYMwemAUCllK8uhy7QKby1Wcfz/N89/6AYleXfZ+Quy6LmWKItCz5/lhmsRB47PsiWnLpIkeCosgxbsfIhD8+LK1Yp4ZQ27Cac2ECHv0BDWq2fJkGxc+O3vbUCbgLxISEUrIWTTE1X1oLqLAz3+kc52p+PUP6NvHUwJoeQGTUIHq77D1yDAAIFb0EJTUQUGRiWnnUdoyDERsSUjCicTf8+Q/f/e63302PU6klxgCGLezeCxVogVx5yY4vFATXCVMNUUOb4gVmQO1i8c/UMPa6Lpu9YK0Qzh0DSNiidPwCOq9jxPV3IzWwuv4/ABC9bQ2a58hWL047AtBxV6t1m4eHAMzn/Tlq8T4ecGqZPigHuL6SfwxwglTVGLsuAbgtQTgSAqQuPXv+dLsdY4rTNCEZICWfr27EzK6wAygjMhMzqSEFVPMuMQKEEAP6TKHAuVTPZUewLnUcnDECQkbkzWbYjd3Pv/pkHIef3t3FlFymQ0bPXkAFCgw+HK9F/SO07ef+DSemvTca16NmVRGaCAOEqCLPn+y++PzV1eXlOI7jMLx69SyEfn8s/Tj0KarUtw+P//7/+I/jph+GcVqWf/iH3/z07mGeclnKsBmAYilVP3C6HsqgRLDmPeEqZHh+GZwhfVND0fCsAP3FPw2BCaxlx2ArCdoxaIjIRADAgYmBQ2RC8P67QIQs5m1dGlMk5nkupdRa6+EwX2yHKrJk8RGVOUspZZlLimmZF0A4LPX13eP9/ZE5+D0NiiBaRMSwLmUzpJSimEfUqTeXg19H6/R6X/2BKMboF3Mbm2U+WNRSpFfPLz//6Oan94/3pzqdctfRq+dXtei3392/eT97aSwggGiiDewbesipged76iqOIwC1kDJy0a0Vh2vLPDaxqOEwBAT2Q83z+63Nt2i3D66BaMiA2PI31pdCo9X/Zk7iu3mk8fq4DkRr+Rp4ruJdCyFm58WIsBnH1qPAwJCRgs/jA1MPYSI0iF1wyErrRQSEClBrrRUNfJSnf3BCAGJEtFoLIqrFucBNytP99zEBaNYql7vt9bYbIpqiQneq9PT62nKt02lL9aML3tg8xtgFuujDTdAX3fLrJ/QkLrosotqNI8d+yTUGAtBhGIgp51zLMsY0JAKRFEjUcsF95cX6pcLQhV2ygcsYYNNR3+HlNqrkLkYOXKsAmSFVz0XURVSROw5hiIE4FkVBptBxSAAyL8vI5csX19/+ND1O3iIvvrHaHXQWhUCp2Q2cn/7ASfrucnHV2mLVxrJg8DJzpYSQvDsb2uGmbU/XQBRCYI7ucSYAU/G8BQBfaxQImAIqcqBc56xydXXVX1wcD1OtVYpplSoVATlECl1M3fXV9vZql3p+fDxyDOMwhIAM1nVkqG9/ui9FxotxKfnd+8eHh8Npynf3D69e3CLq6XCapkmJfrp7NDJGNLXTMr+5O855GYfhdMpVaOh7g+ptz6UoWp1OR0JIKYDZnEutMGy3w4Yvt9t374655BACAlepvtgiRzUTEWdAEJGagcq3KYO1eAAkrqqMLCro/wmwlCqqhKha87KYKgF2MSrA4ZS7lLpAc5a85BRITVUhhAAYmqWWUKsoYNfHEHiaFqKw2exETOvi3br92HOIZoqgBlikIuDQJ0Jj5ipGzFXkcSlvHg6XQ7rZdIhcxIZxXLwlPdKpWAr0fBOLyLGo+JfrRwfgnOtUTFWvxxgI5mJzlSIaGQcGQzrMFcGYeV4qMsVIkUkBPE2OiJya7wN3AYtoUXOO0m/A9eJutLuvR2judK21iCyrKdkAjbvNcxA3RnuN5ml1CGimigDgvblqsKayQPPJeXeZAaCqnglORG++9UAhsibxmGr1hhkDDH5rQaPFFbRdx2hm0kbq2dpIcGadTY3MzJBQoU0Iaph7xVdopiBel+O5uHdvQ8Ov+gHwr0N+EdcqH12agvMRcOb4/VbwwPfWmwqrMN9Y4/YOVpjZVnmXIjGJNu+4qcBqATntp2e316Xq4ymL4qHUlu5kij4oyhDBRI3QNkOsSioKKuj5BIiIkBjyPD/cH2IMpWhKwycvbz7/5CowvX3zkFVOS0kxqihwPC0zqOUlmxgBfPZs3G3S+7uplrrp+OGQj7Nyo931LI82a+qKKtboNEco1j4trI4Ya48UAGOXur7P82K5WAVH8e0zUiNT+Ox+hfOTdgkLnBH3+BCnzxzIN7DrTarO0flX4DCohV0KMbiq79YIBLOV3fPZQNcvrn/588/v7w/zYRKRtZ7zigFBwEP6HKgTYUBUqSuxjY2o9izGMw+7Fk7+7LAR5i5wnKEFtA7IFeX7s6TGk+K6MtfP7IBvjb35C7ewrRzWmdI3aGO83QADH75EBPRgYF9g2IjQ8/3XtIDW6t0KgbYzGkwHRAocYky1ZCklJH765LrmBdUo4DKf1KTWvBkHJm4JzGKISBHVNMYQU2Sk1KVSSgjcd93tze3FxeVm0+82I6oRIgW+vroEsIvLXd/3p+NEBLXUoe93u61Vefni9mI3/PDD6zdv73wgapHqFiE0QIOqWlW2myGlTtRUHV6R+of+0KfiT05xfboez/pB7kJIITx9cvH0yc3Yj4g0bDbjdnOaJY3Dze11nqsZj9vdb3/3bVX+9s9vv/3z6+/+9AYA+74rpYhaydnJLUITEVDzTFVmCtTck2CmKu3sUW3Dh9uRCl5uOVO8fnEtZOcDF02uqZiprn4Wd7wYgs/PUkNkjj6Nq1QJzNO0qEIRzbnMU04xXlxsrq/HZ0+v56zTnH2CKTErWkpMhBwYzDgwGdcCAMZk11e73uNnkERq6kIpVVWlmokbufTDFl9XK60Eth/STGymxBxj8BFXTKhmpZbLXf/sdjfNs2Oy41y7rlfzkcnighoieZOaP0kfl0JIH+bNtOVvTbmz9h78Z45J1kNMnQY2UGKsIiu5ZHQ2iYAHRBki+v2MAN7DcPYSqRj52UV2jgNqaQLNpk/nt9FO1mYNgkaUeAHR7lxAxzYm6IKAqIviRBAiU6AQ1uAEAFUsObew8bVEcTeUt+gYAqBWmatJ6LZE9CTNLzZlKrmIlpxTSDFwF7APcVnKaYH9pIni1ZA6hhj5tH/cJL5M+nxjz1K9wdN1WDrTyBa7rotBVcUMCFkLttG6iAwx0tCFgGCmj1O9W2BfuCgiUkfyZBu2UYeo4xCGLg1dDGgp+NKzEGIMwc9CYiTGwIkpoBoSxNQXgeNpYiCVolW6vkdKV6H+1avt7a47FF2EDcj8oCdkbsckIMrZNbjqogB+v6znMKjniDiuagXg+k21ksLqKqwCEiNgIIyEIW36EG46HBMWAaMOkVGVwRiJCZwCByUFQBQHK7XWUlW1nvb7y932+bNniVm1cEw3tzefvHz6Vz/79GKIVxcbAFyyPO7nq10XGGNg76vNpW6G/umT61PRd3f385y12tu37+/uHmqtCvL67d2pwpTzkkWqSanDOE5zrlKfP30CREteqqoqlAoGqKZd6MdhCJ0RYa0GRtM0bTbx5io97BcVHroUYlQRCqzSMAMiqikSGZiBGLh9xXlAIPS5yOZ7I/LafwhmRFMuatbFbhg6KRUBUowpBgB7c/eoIqomhlVrSKFWe9yfkJk45mVKMQx9pxVq0XHoCHHJNcWgoikQgi2LcIwcg5TFKUvf7olj6DoAK7WelmWRahQOU1Gxm22/7aIUnebMMR7mCQmB8GGqAPq0p1JtFhLxUwmKKDKL6alornKZ+KLjRWAqoAZDwC4RIk5TEbDYpVxF1YK3lRBIBdcuRBXBukBDIjXMjcMjV7FbmepXnJ4xG5qBaEXRxl8gAACnzVPPvtc2UcDacagGze7sK1rX+EdTP5pAnQzGxlcgNTrTVBQB2xQ0W63hvo2IPOUAGiQxVQNvy13772EtuBti9pQVgA9vDNEZ5vb7G+GynvEO/dcLtE30ai2cntcJa61kzWNu7fcQooES+uqElYRrzIzPSMMV32O7hD3PwnzNNt/KWlcECqJSa3ajOrQbcI1FJH5xc/F4nIpiQDuJQROaHYDg+tGo6/iLj68f98daaopt7mbXBQQysL7vuq4HpFwyGrIunVmdapdSGtLD47RkLbXmWpdcEaHmCmq3F/0XH98cl3LMgFYCwvc/zW6VaSRVe0grJGywUBszvMIk/7ZWShtbDYR+gInWCmLQurtt5cgbGeYCKa3kiZtjrFlt26O09rhbZ5WLJ+DUuxkzAyg58DHlNlxN/QZtqgyg282sMbs+eVtjpONpOtwfuhgBcJoXaCwdAaCIEnJMAQj6LvUpAUKecwzkId3QKDtoEX6ts8wMV5m+VUutlPmLFUVryYTeNOjktp5bn9evH1cpCc+VvdfhrSRw6pod0dKKW1crXHvk4B4q+/CKcH4VW4WLtVTxemIN9XVqynzggr+EquScAxFiQMRcl5IFBKfjknMVz3U2yKXmZSaEEGIMdH111XXDOI7XF7vTNJlIYLq8uNiO/dANzM0tVnPxZzN2PTP7gXA8HBAoBjbTYehUZf/wuD+cTHA6zohQVKUKATCx1JpSQMLr3Tj06e7wCIhQDdCB9Rm9Ia0HzCrlrcUaeTAMmhoRRoSPP3722ecf1yLH49SlDgDysozjmOccUrcs5dWLp7/45ovf/PFPr3+6RzDg8HicDYCY57yURc0gRMKWxuCNpNg+HwGZBWamZvRueUjojmF/U366aOtEahxOGwAMjfIRa+nMQEyAQMyGUIugGQUWUatmJipWaiXEUoqBMMecS601RhaRGIOaqsjhsH/5/ObZkwtEKFVOpwUNcl7cfrYsWUSJIOesVcZNrLXOueRS5yUD4rzUIqKiRM0BvRrJmu6KiJ4BUIsYWNeFeck+IMIMQkAinKa8FLi7X0SNAzwe87zY436pVataFbdMrmrVqot4KzwatjFdaoQUiHy+kh/f58MN1vKr/Q4zr6TOO2T9K14eU2vGcDaL0LMgdc0hI3bHN3lzBFHLuDZVcTclAaC1PB9AM133pksB4LSIgqooMjXOT2ENU2qFORGZGBOhN9cEF9XVDFX8c2K7cZAVQESkiqgiASKbWVUVqQQSUjTsiOCz3XKbTvenaTFUn+ZgJEomMPQ9IysGRN71fY/aRSJiAxRvFVNlv/1NmHHTj8ysQMZhLjkvmZEAMQYGQgwhxa6qHqbyMNl9CZMEQ+oYhmCRlsga0DZDz8QKaMC1UfGoBkWNERRQVQIrAwREqwWhRtQqhcDQlFGlLgDGREB0WjKYfHIV/+bzy6+ejy9vL4dxwMhDGsj0YtM9uxouhjhEDIGQOFsQYARFUXJftB8ebRk7M9XsAnAe7Y4tY9dBrbuxQGtKbNzvcP6fv9n+T7+8+dWz9LOn/a6jpeohE3CXmJgAtCKYIhWVXBbRQowhcq1iapvd2KVwc3UBZjlXBN4Mwy6FF092H796+urlzXyY8lLuH46bsX9yvTPV02muVa5vrvoU8zz97k9v1GA7dsfj6eF+P8359unlzfVud3119zgdDrOIZK82agmBOKZc6zCEPnWH44EpEaGYElgXg0pltNurHTMuNU9zURPExUxOU+i6bUrJgb2oBY4+P0F9ZKqpqQUfWlKhVAFTz7dV1Sq6OmM9HgAIUBFO8xI4AXjCjwACoV1th3laTstixNM0H6e5S/Fiu8m5Pp4e0bBUCTGOw5BSnKZZpfZ9Eq0lZ1PtUkgxFtFcq6jEQDkvJhqQiZA5ACEQmGrs0sPjIcZIHIl4SOHmsg8MqLVUEeTTNBNRqXrIkgK9vOhOi5zEADEwqcFSMjOrwlR1UbzZxF2HRS0LiMpmiDEgMeWiuWpKYS7iC9jxrKqJGCBVNSLomIaAxawoaZsf4/WrW1r9X9SkpRszt1BQz600UO53LxANEdWkzW0H8M4C9+8D2Jqx7cq518y4kiqtzkBQQxcXnXlCcNC3bhpECzEQkRhaVTOH/gBqaOQIcUXdZy3WmogJsA4Fa6Qzna9sbeppQ8vrQd08SdCsQuexsu3HrT/HB3isc4Zaee+/peW3tA7TlSt1OIzocY0I0Oy8/hAIV+QGgIaEpFVVPY+JzoRB64UwGrb9z1/e/uH7Nze74a+/fPVf//xTKe1+8geOoKbVset2DPf7U86SYpQqZkDAUqQPtB0Cx/jT/f3+uAxD/OTjp9P+sN+fnr96wiEd9tMwdBVAVVIXvLu07+NSyw/vHl6/m0Tt1ZMhV3t3yIznD9DQbQuXX489XEvyc9vzWq143MpaCoCBQ1IPN1+fvQt//jW37+XMY6P3RyIR4jnw0tob0CbzCKARGBOx37KKPp/Rmx3FczNUGAGbioBeD2D7HyEhqoJYXZblOOUpE2OtlVYu32teCkwBOQStoqXOJV88vymg3TBUXVtczCdXrGgBzRC4WX8AwaH9+ujWOmi11DiUIgAQX8NeZ5/rBFhtp3iuOP3p4dk73P7hXYru20d2rsqaM+C8rbyptpkY1q3SlltzQzRPwnrPEaKu/W3o3ORa7bXCX6SIygd50Ns4a26mRT9DiCwvk4rkvJxOJ5GCBuM4XOzG4+Hw/t1dKfl0OOZpMRX2Q9w1GZX5NJOB1GrVwPR0mmquICBVas7sONrMUTUTBcIQQwpBzN7dP4BgaAOj10e5nhG+PM3sDAf9KTeeGsEAQghdxBfPrq+uL7VKzbLZ9GQwbvrNZpyWef9wj0wpxZur7Vefv/rHf/pjNkLix9MpL8XzH30jqxQzNVEEH7wkqlJFPVlcayFmQiIkd0q6bcnbpJz5pLP8hWezFjKTmBCCoxzzRlVnvsEIgCOvzhJKMSCYJ4iL6Nh3VxebUlRzHYdEjKXU6ThPc/nxzXvCuN3285zfvLl79vRqO/an08RMw9DXUgmDt+3GFEOIj4dpf5hVjJiJWETJDUgt+0rVPI2uLToC9CrFZ16mSEM3GCoClly6xC+eXSPZ8ThHZgQrRR4ejyVDIAYwQvK54i3+d23zQvBuIeLV52+eRL6ar1wY8WKW1+tgLbdtXRvrb8MGxhtDtnKR/gFovS+k8cXQYrf8j82Vf/TT3Bl55g9WPcCWQtesie3YdA4BUIEYPRXHeRPvuPLYBEYSFVN/yMyB/eQwQBGrtZrP4jYwBZE2QxpWOyKAVlXVyoxGDBSD7H9xPX/9jE5z/fH+dJrmjq1nUhVGRrU6Z8vLkPoQWEvWMtd5CYEMoRTbn2ak0KWOzFLAsetVpVTNpSy5SDVVIKS+iyLFnEgzmCu+O9lD4ayEaJuo2x6HBJEMVAktpSiiqlJrrVLmvBggUsylGCCSz2eUgMzMaprzrKZEHGKKcexiB1pDSDEmDolBAYA4mOQN67MNfX6dfvVq84sX4+fX9Ncfb//Nl1d/+8n4rz7Z/HdfXvyPv7r9q5e91fz6YTkWJA4AYrWoGXwA/X5Hu/LWshhU1YMR1VREEAFMApJSejnU//VfPPn62ZCGvh+76x6/uAq/epo+2mjPWsGmamJsFJEYoRJKjAFNb6+34zgsUx6GTmudThMYdN3w2acvv/7i+RcfPYkAKVJEQNDry0Fq3m2HzdBvx27YDEwkqk+eXY0p7qfy7Z9/PM3HKnKc5yVnFT0eppzlp3f7LNYPyb05FBx0ihnM8zJ2KRLmvBBTYiayyBQQlmURqBRgt9mamqqNY7zY9TF0+8fyuH/0TLMUULWqVGrcF3JgAqy1EBAzq9TAf9EZj+QKGCF5+j66toacq85LFhUmFtGh7yLTZuiZqJQS+x6JlmVBoG4cp3oiQsY4TRlRQ1BCvH/cB44pxoDYpzhPS+piTOlwmGJM3DqJPJ0SQwq1FnapCShSLFmR6TRnYt70adfHhPbkcmdg1VgRY2QFmAUC6vUQpqIFyCV0BdSqRCDVFrFTkZHxyS4VkaUomiQiIkpdzLmWqimFpYiaMaGPBWgpA0Rmhqod45AoKxX1oOEGQ6CFDjvZ4ne8QZs3AojkHiHutk/Q1pwfP4XWWKp2vBmACTaI5syZQ5V1KvqKXc4+EW0/b2eumqF7WInNrOQKq5O+1SwN7ms7jM99eKutQdVWlH6mSM31V2xUrDM52sx8q5OzcabN/qPYUqfNzj03sPKkTjG3f/pLKPrEADR0sxO6ZItrhmUze7SaitDQ1pQhNysDetQvEYK6ItjalKHBrW3fU63/+lef/eyzZ//n3//JwJUVMNRzt1xgAoSnN9taDIhqrX3qYggxhqtd98nLK6vy9v4AHAix7xOWMvbdcakPx+Xu/nB9OfYdvb87AFMMtN9P81zGMc25lqoUItblYuDf/3Boj4sQ1/iVRj/CmWA+s/0AiNhIa/PjGBQ9ccrZcOd0zUjRoMlDgB/QVqP/ET/Qsti6UrGVfXBOeERQI1QGJIymJAqGcHUVL2/wydOu6ymX5epq4KRPnoxX14OpBMZybnlX82m5Xth4oCUDMAciLLUA4W63IaJ5mgORAoTExFhLNVFSw4hPP37ebbfunZBcEI3MgNDWaRt0bv1eayh3bjjQ0FaTNAUL0OP83JbtRRGjP2gXj8nQbJ2N2tbleYMbKH1AtWtNBnbe8O09tKjLtZxrRoN2LsCKjQFaCb7uivWbWWsbW787A5/x4V4jRMQWPtz87Gbm37tvK1VVQMw5lyySVao6yJ6XvCzLPC/qYEFUAaZ5ysvSMghMl2l2S3ipBRHZX04V2yBbMjN1ZRTAB2BxpLzkOS8118gd+4ajVX5bQ6pWoapVOx/+d6YcAAEhhrDbDU9uL7bbjYqkGGIKMQTmgET7/QHBypIJ4TTNjPKrn3/1p+9//OHtT2AwdCkyIprf4kyUIjMHz7ombp1DCMaBYmAVlSoAwOybxJgZsfXHIkIgUjMCoBicFOlTjF3YbAYzEdHA7D0xTBgipRgNLHax66OJMWIxD+gICKCqpSyl1jznZcrjplM3aYgCWgwJ1OZ5+fHNfa0gtSKpqnQx+cC4rgulFEIwVMDWxRJjUDOplTzQCaxBoubak/NoTKecrGm2Vk2P0ylwQIRh7EXKsuR5zkRcSgW0zdilPuUiqsqBzaCatHJilXDQB4z4hkeyZi3wdFHAZv9pjBC56GwmZrhuS+cz2s11JpGw+YPO28OPqPY725w/CwEJuUpFRJEWQ2umCmra4qqg5QIRIIGgrkU9tqOQGJ2/96sQDUyrwIdJKeA7yp1DRMCBRbW2KNUmddq6uqWKtdsE3IdDbRyeqlYFMzyozz4AACAASURBVEoB7UU///oZsuyL2pStFECDyNBHlqWoSgpMojdjv+kGM40MiSEFjoH6oZdS+36LhPPpCCocmDnNtYhZreLe1y4kRlCTWsQUAcN+gZ9m3Gc0tCGFnm034JAgoKFKHzCQNTnFDX21EBKTG3dQRY0jUjAgBK6A4lSZoEFg6kpRZFBFEfOh4IymtYCKiohiFltyqUuW+XTZxyEQ1Nyn2MfQMSfC2x5+ccv/8pPty214OJX3WZEYdDGFdVbd2iPQiKOWLNvGBSGYATN6Fu9lhP/lV8PzEanfcAjT6VRqrYZFZUzyYqvfPIuf3PAuMULYzzmLMjEBjV2sy8IhXl1dMPL19ZVkRQoXu+2u468+eboZu66LBvZwf7h5cmlafUBEWTICjNttSLEKEFqep2+/e/Ob3/7p8eGAwV5+8ty0LtN82J8AaSn1/n7f9WzcRkgjMyHlpSyzzEsmhJTikqsBqGlKMURWRBVg5FLydJyQKLD1Ayfmaa7HqRymZZpLYI6BAL0tmKRWM4shEGEXopowwdqx5lWVrcyaexJEVZg5EhPRnPNprqWIqi5LNjViRHMKz8wgF1yKikquBSj23VC0PO73HLjrgtY6ZxW1rgt9n5h5uxk9jh4MTDUE4si2EkKqVaoSs2rtUlKAwzyflvx4WCpyJAsAielqNyJCFlhKURMV2y9AaGMKRXSqCh7hh0QckKnWWkQfFw0Iu47MLBfsYwDVKrbZ9FMpOdeUYhEzRQ7kh51vcZW2+vrIPWNWWxznOuSVdUhXC0BDXRO6tYFnBTNOm2fWCod2SK9yJJxlhBZQYNjOUFVojnYAU6KGgNwwoOdrVd0SjQAaYkSjWorpyhqbs4b+fTeE7nIr+hHd3sZKuji2bPWArryxWuPwVBtCsfVzWGNEG0JzKGPUnE7gZbqrIeZGJTvjp4a86UyHN916dVaBgaIn5JyBEqyxgS2nD8m8gWHFzbDCaP+tYlrU7h9O/+qXn/y7v/3673773X/8/Rs0VNPVeA0rL4sCpvWUiy1zJdDILjHj9cUAKnOFpdSuT8f9tBu6UJavPrvZ7DaL8PFwvLqMiLifjDz7v9ShT+OmA+Rx6Oqy3Ix8OOV3RyNqT/r8hs1AWyhqA5/NktKKpmZ8JCTySShg5CDe4GzagdVogk0VclRJ1sJYzxCseWfoHGaDTaEBEEJjSrmiqv7i6+2vvhlePaV/+28/f/ksbHbpyZPLu7uHjz6+TUGI67iJ8zxfXPUx4TQtZhaIAX2IkltfVzIMyRkmA5BaUheMrLvsFaXhjKWCQUyh6+I0L/fv7w5v3zOg1IpqsYumdtZ2GghvHSUt4XC143hJ4BWoeIueonqbO5LPGAbyPk3nOMXbXVq9tfYiIrZn0oZLt4rKHRbr1+TI0iFOW9KAPiW3cY22ZuU76l2Zgvbt4/piTo363/LIRwDwDg5CbGqDX3YN/oML4oQt65NIpcWbuANQTQWBAy9zLqWAgagWBwuqoootSBSZCb1j3qNx0LyjTB1LmplZrS0T0TdgLVXVxs3YpTjP2dbYJmxVWDva/F9XI8hZtvLjoGEoQgqEXQpXV7tpygR0/eRapDLz4TRXqTWXse9SYpH68LhHRiZ+/vRKluXu7t5MUyRVMam1VlMLjKrqqVkpBEZMKQYm7wfwxxciMWFgYmL3xMeYGCEQNTxBBGBEQIaopiYvn9/eXl9Pp8WPU3cWkblBjqSq1qpVlloi47/+6796f/fw+HBgZiaqxctIAoZlySaKSNUbXRSWXLo+3t7uTO00L8wh15LnGmL46NXT+8c9AJiY9/YRIyJUqf3QiVotlYlbNq+vP8S19jfHECpqCCIWQgRjUTVVqaULXS6Sq6ooIhARR+5TmHMxABEvIdfj1DFXO+Hd5GMqTSaxdrAgEq6dZi3adnUhQsvLADu3unmHrjUJGgBN1dMImq7nVisfXokefmBmqsxsiCI1RFax1WQmTESeOA64tiUYogMCaLWKucmnvVuz1qzvbUUumjd/o0EKISR2kI1ETuo7geJTg5338oYobdodiDirCsxcgDcJ/sVH4RbvZJnG7Y6RlznnuYYYU4hMKFUI2RS3Q7wau2p493AC0O04IKGaUohmFGMEqSlGAK1iFOMsNc+ViCKHGEKMsdSioCHGRW1f6T7TVCQG3CbuGfqA2yEGVAYZEqeATMhIUiuooBoTGSGoxs4lIEBiBYshmk8WQjTwZjEkwlrLkgtQFGcqGKyWUqrVWmuRWiMh+9utueasVWSpKbIPQay1nqZ8mIuW/GKAf/PZ7naT/v71I3BC8Aiz1Sy60isG4JrMimjADAhERIrYr2/gv//q4pBFxJZpQrC85EXKLJINMuBU6sUYn/Ty5VN+tcNnV0MifXG7udkEMhvH8Zuvv3xytfvyk5fPbi5fPb/+6PnN5bbbDt3+/lCqHOb89s2Dgr55e1eq7R+O49hvxv50mBQ0l/pw97C/fyxSf7q7PxwPiPb85U3Oy7zkJ7fXTPDk9qLWYiWn1IvBUurpuJjBOI5DP5RcTtO8HTepS6fTCcGsKqH1qTOzKpUQGQMBmVWRhSMBkApWsf3jdJiyqmzHAUyJfDSFmWIKIcQgWsHADJmZiADNjQrB+6eDm6yBkEP4/5v6sh67liytNUTs4ZyTg9PTte/c3dVdlFBLSA1CaiFAQuKlkXiFZ34dv4AXEBK89AtSC7qrENUUVdB1B/vazsxzzt4RsQYeVuxjy5bsTGc69xCxYq3v+9a3EoHNeRCDRaw2nacpM7VachpSSolhNw2I6f7htLbClMoqSJDHVJuC4TyMh3kA9OO5VrFpGgfmIfE45jFnU2tNmBBTilolEbYqjOQAIi0lriLulhKnnD6cahzQiVFKGZnNzIFX0TxmIDytioADoTmqeUK6YKjaba/9XBQRr3cjMrnZYTe2IsdzOeznKh2a1y7PCfM6F3NK1BF6h4lwGrk6VkdT6PPtO+ARI0Q2RXV33TQAIADO813nHQldDcLrEwLs7mgggpP3g0dUMNBIDxF7/28t7Mm694D3gA8APYGhPu7OrJsBmccVRDFyAYFxC+OweUJHmr6JJAP3j6C8nSUXArbXN3BBlAEgvNKgf3dc2yUVjb84YL/MT3ovP2ERoAse4r6pq7nxolfq4Mt2BF1ICA/B+uXY2zD1DawyIhKH59fz3/vm5b//j//tflHQ5p9kxAEOEZNKe/18XpoWwYjqSykqNo25lvb7H96r2d2T3ZDS68+efPX8+m6E9z/df//9wzwPt4f84f70/bu1VDVEYBoH1tq06rMn+7tdeno1/+r/PTom183+qN/CJVe65O/bjUAHpUOsH3MQVbU/9E9eR79n2PovOqDfS/wNvIv3Hn58l/uPbzR0y4mrZHH9B7+Y/+KfPvsX/+SLH96cfvnrtw7Tr379/m//9n4Vfv+umOi8Gwj43dvz8VjMFR2G7PPMqoqQe4tMH4xBDmDqboZIJoqOKkpTfvHqWVnWsjYXAzNiMhVOw3JcQJQApdXIn+xjxyFvz6ULxy4k0eWR9crXPGVmTip1moaUUhwbnSUizJnVpDVJjJSIMHUICwA2hgWg7+iABjtxtPWyd1Fxf54dxnB3QhynCd3VLeUMyFGtWE+StmR+w13wsgMACbpHTu8LCgED9mahqBKgFzzYe8C3DdFdeKjb60WaZ2opMfQZApGedKWWqaN5DFIVETPbEnYCDAdMGOdhNw2i5qqcc0oUjThMPAx5HAdRaWKfxoeeyvVrDYaif9Y3iVs8S0ZU88Tgorv99PT5EwffzdPL189VJBOXKlfXe2tVRD58uHfXDx+OzLSs6+P98cvPX3z56rnWhcGGkR8ejh8+3GuTVioimRonrnVtrQJ6LVWblFJDTtYnvEKQQc7E45DNQhRB4GBqCEaEbs7MOeeltnfvPyROTCgi7sYJVb2VktJQa0ODlEhEnt89Oy2n3//4dki5FQl3vghtpYnUho6mTozgmhIi0cvnN4j+eFrqIkBYqyAxEAxjPp1X38ywAIAsyBm4vr0WqVFFioZpJgV64r0oZjMF2MbGGaTMkXU9vd3vB3w8rQDcmlzA8SKyLKuFhA23WhcJ+mxJ8OCx4+26IW7jHHq5ERiWUwheY7d1GKyfZdghD+yYj8cMr0C6ur/ApYJE7PbHiSlcTglgOa9mcjXNV/uZEc7ndd5PKjJwiHijIw6lKX48sRwAiAAB1RTA+oYKqAWBEFQ3OMEdwRlxHAYeeClFRcNBS9WI0BFCA2ngfW44WjRHEZGoMiMRuUET33P7+rC+2MnxtK4FXPyntx/mYRBxMRA1QhZFQBoo3R2maRiPzY9V8zTmNOQ8OLJaAkQRYcLdnJe6AuA476vUlNOYExGbQWmCzMbckB8bnZSciF3244BuLm3IMDCrNgJLzE1qGiZK4+NSSlOkpADrKoBk0gh7M1JKOREngrKspmoK7uEfLoTkkNQocU4IbhWsIbhp40RMxOgJKSFG76SUSq5am0kzUW2t1dpKLaVVp6XqZ5MfBvzlT9UN+ohpBHQnInBX7eSSd8QaPFrb3cBcRP/0GX/9dGjOZo2ZBGGRtrSytlZFgEgBFAkor9r2oz2d9Otn9Od/+uLP/uTpDk9Pn93+yc//+A+/ff38MD27Prx8uvujP3j18slhHqfT41mjliaf5zHnlIhur6fb693V1W5d1nHMiLqui7vkARPDw8NjSihNP7w7nh4WqTUTzgNj+Fwn4kREDICZGUylVXd4+fJOTMHt1YtntRYRcQMzW9eVkIkIwM9Vdrt5P+chw3Iua2lPbg+MeD6349KWJikxs6XE0WFVSk3MQx4dUFoILcwh2I8wGnFT3Ug3iI1JCDnnJuqArZbEzEwp5/N5Adfbw+EwD4/LqTU5XF0D87ksItbEq/h5LeZOTOrw4biKmJk4wDhmApewKQc4L6UUDTQuMSNATrGNCcGX03J9NY8Di5gRrUWHTLfXu+V43u+HWtrStKpxYkOuagCQCREhDPFij7emHUpDLM0AYDdxWRqC3+xyU78/reOYwD1lNjWpChjudtDUTC1tlIejTxmnRKt60UgXgg41wPDZkU3m088+cEM0TtMTj6zP9OJeEgRiDPd1t27P5KDhCITbZEroojdV644ChN3eOfypwRwxJQbwGK5kW9JsvUTZjlx36HlThN/NKA7Me6vuBZzsUoQA2r33Ym2fha2zaovXH/HY/gusdxX3widgnp5LUQ+y/RuoR/6OjOIWhfuFePTr4eaNwwHNhuNiF/JjR1odAIPJDeNBJwACZaZ398cP96df/t1b61bssA2S9W5yR/npk/Hf/qs/+5vf/HReBBFchRKnRJRYxK6u5znTV5/fsYOqUV3/0S9e/uKPX0op00ivXt48nupP9ysmPJfFAe7ubvbzIGvZZbjC9mHR7x4UHS55ZqR0vQcR+3OOd0Tc9+EnWPPG3UB/R/HYuucu2kcJCl5eY/yJ2MF+/0TOC1v109shhjScCk359O/+9auff/vkP/yX3/7me/3139UffjyfzvXhUR+O7eH+XKuOY769OYBBObfrm2l/mI4PZ2K6uhoRKpEvpTlRIjbfFk23+XNEyhndgRI7wul4Qu0uikBInKLfK1C4kBDVteU5PX1xt9bal3Jk2xz57sYMuX+CrTsgTOMQTfnzPLa1ePTtqCeGYUw5p5T49avP1FXM1nVJiQl75zp1DDPGs/XaqguBQpnTn3FvT4wfir05jQBcpTJlptztmLYtuOmtNi9f3PZML+iAg+eO8qKP9Iu92YvrbsAE0CmK6B7eoN/oWYylgohIrO7MHITGx7Izyl4mItLg5oggnjpxYBUOvptnIAbzlJiI1EzVmJATq/hxXWrTKJ+3uZy99R6gV4A96cMeO3rN3pkQNwfiNM3jzc3++mpnIikx5wzOp3W9vrq6vjks5/W8LMt51aZpGPZXOzOtaytlWc4nK/XuZv+zbz8nt5vr/c3toaxFzR+PR9W2lqLSWitlXQFcpJlpbZJSAnQidLeoYDQ0C755J7hzzgBAxMOUw3FemyLAUtbQHvo2YqI1MfOwW6XErem79+/GIddVzBzBRRUAtMPeuc9A7GhqImJE+HD/2JpxIjFztZyTqT8+Pqpa4gSIvLm6xTJbzmurgpsg57Ic3Z1i63VAnSjxMA6J2V0dkMFf3B0+e3Hz9sNRFDARmEWEiDAaUiKK6cp9jfqlxEZEh67x7y43vrG6Xa6D3UICUbs5nYc3bl8FsRyIAoQHoohLgdVhXCVFCkIGOAxpt5vXpbQmRMwJv3791FR2Y7o9TENO52VZ1poynpalSiVMcVioWXh1xdMxBwl3ODMHJGYmto0Ex55dgbsR0ThMhlCluTmHXYEbM6sERIjWyetOcl3OSHRgZlXL7NdUrumcrai5AavINI+MfLXfjcOwFnXglAcRRcDDOOwGopxXYcNhmg+A6E7DMFfxsD/KCZsKoI/jAIylakqjobdmYmCYcBjPig8VNA0ONhCMCQDMtA2oiYzQ0WUcUpc7kbeqRbyKm3sp0mVdptM0mRoQebyaRKVW0yB5LCVCC70xB1lj1gjdWiUKcDGkU2KqARmYKhEkJlNNmRxgLTU06K0KMqrBeamvdvC79+WtZPaYvdbPLibs1+MdKuwyM6Zw8zP1r67xsz2cSlPzVeuqrapYb5EDBSemGCQ9DNnMaq2Z29df3Zmez6d7QsvT4frqGszOp9PTJ7d3T65bq8R4cz1fX++vr3fX1/und4erw25gevH0ui51zLTbDa3W2lZTeXg8lnXZz+PT28MffvP6i8+e/+yPvvzq8+e3h93VPD253j+5Oez2c6v28HguTd3BzQ6HA4Aj4ZCTmjGneT8i4lolQnHifDqtpTTkJIZpSMMIDnUtRRtkHppIKUWd1ir3awlQNWfKKVn4WJmahdWmIGEKg72Iym6RjyVidHDTaD1DgiElQFQzQxRpxDiPQ2uynouaROJ+WiogiFoRF8XzWpv6ea2AyOMYH+73u+W8hF4k+meI6byIKixryZnHYXC1YRxyHigFEcimut/lUqoo3j8ugDlnTswgenXYF7G1+dqUiJtaU0cmBOBEzGRmSNT9pgAZ0Q2qeUo0j8PjqWTGwyE38Vo1UuWcWEMKDzFYLYyFgIkDanHwKdE0pJO4OJmYhv42chAzkK6id3U3Azd042F/Bw7uGucLdra2g3gOHsM44uDpsF6MlN/gxs1fPSDI7jKIPbsP6p/CNqvr95n6fx53sMEq2wiknjNR1wF1UW7H3M02ZBIjy+j1gG11BHzSpxuOLhBkL20V+6VjuKszPua8GwNgnTvFruqAS90BFyA3vg+7lumSszrEHLCeTfUzCjZpRGQbUSKAuSG4irl/OC2rNlOF7UdGthiDaVzbP//HP/v1//nhb37z/TRkaQ17P6C7+jym15/d7AceCJdzq6s8u8p//g+//vs//+Lhw+Pjw7Kcy+9/eDDKu8N+Weu6rgzUWpsSX01kgP/jd/dVyAF0G6J8uejt9j+5lQup4/1icQMB+4eBSG/OdbSFRWJiTm7RlodbK6tfEsfL6+/vFhDcUsqnol+8xH/zL1/95V//+J/++/n3b+TxLBJThoDKGg4vPu930tr9u+NPbx9P53K4mQ+HGQCsO8/ZYU4IQik1iwVBHe/biI4uFWVWUamCAK2qqBIlRJAmRKiiKpqHREyc0uEw7w679bzEFArbKli/yNUuUjTsrFckZ6W2eTc30VqViSEyDMTDfl6XtdWy2+/+4Jtvv/nyi9evX52Op1IbRYMvXJasd5UCgtulOQYxdqJvq67793RyzVSiMO1+VnFWBdSIPT5c1l+8C0Ts1rcdVu35+qZ1+/jFgGSbTxY4IHfls7mbhpiBogMgmARwD5GQqkKPPr3soxib7U6blUZEFHV1dEIS1XUpEa9Vwg4idM/bXBQgRHJEw48L+bKhe7lGvaEJYbP9hc5RgAMn+vLL50+fXs3zgEiltjxMESyn3ZCYHh4eQyxLxKfzYqaueD6fHx6O9/fnN2/ul1KX0qrBzc2eEB6O59PpVGvrtRwSE415BCJVdQPOqff+mrtZECyhiYrZQmZdUm/mzBRtAzEwsUlT6UtCRQhQVHvYdBMRF3dQBKjNAGAcEgD0ryHMQ4bugAvWZ7ZYa1JbI+LMPXVKnIgpjoAYbW7gzGxmprpRusYcAw+dOSO4mzN284ON0o2mDxyGBG6tNBUh5sfjeTfN57UKYFR0cKlMgeJSoR8IvunNABC2HBcRfYMZvLON+PHtk0NKQdPHlDcgxG6xEbuVoDuuej+JIsD1Khrg1dObMfNaWgS4eAPuLqp3t1fPbw//97u357WKwzSk3ThNKT1/cvPi5urbz189PJxEkTObe0QmRAjZZxB08QpCFiYqYfrVDQndEjEiO1htJdCiYLi2zXQxJ3O0Tcbbm9q75Qaj3c7+9dN04NWtASJhOp3reiopZTQwg3kag4WTWodMV1PeDZTAzH2twkQiiq6tVmvaagGp4MJk6DYNPI8559TMkFKpIoaiLICLgRADUk6YAXKCTMTg5HrY5YE8ozMBuAZIKbWVWoCoiS7nVUS5u3UiEIU1UJWtOgZDQIs2K8Bm5kBFVE1rra1W2hoo1UAdxRwMWhNRM1W15uCmEuhvOHiom4ioei1N1cxRpdIw/PWPlZkTOaKRg7nxps8UMbet0dyBYzC8gSPtSF9dk6FbYkF3Qh4SJx6mIY2JE6fEyCwitVUmILDDfhwzv/3p4cPjea317Y9v8zDO+/nuyc08p8fT+X/9z98g4jRPKTMSzVM2kd2YDnNmNHAYRzLQNz/+dFyW+9Py/fdv398fy7KC+5Pb/e3V7uWTm904TANbE6mqYoR0OEyvXj/9/PWLBHA6HV+9ejaPqZS2lsrEnJKKvP7i5TTk8+lsZiLqZq6w1qYKZs7k+3168fLOBU+Py24/DcMgomsVHvKpyOOxqPmYmJkTkXalH8Rchzi7mMJNA7tunPpkXAA3i/kVwIw5pWEY1qWMQ0oxj82oNAHweRrykCLLN8C1ChISIzA9nos61BadmZASoaG59YkxDkMezms5r5WJxiGFlQulOJcwLEcBjYmriDo8nCoAapOUE7Nn5qrqlDbfMRJ1VWWEMRGARQIUsFOccIDY1AlwTLQsdT8NU0YxK9XUnBESE7qbCgEw0UazO/dCHxFhYhgTFYW1mYOqKkTKtSX9rooA6AruDso0Xkfk6wYG3nPT3t4a3jvYDUA2ENM3g0brxznEJOCIY72/FiBssC6uuhvVHhENIJyJtrZZ73BOYMmRF3Y6wnsqFdJ9BIijgKLjqZugxmkQCusLWxvepu6O1I1Au96BNrca9x73+0VvDMXlFEHf5EeX1Kt3IGw2EHF31oHxnldt4qWAQ8GBehMBMDiCgSNRZkYkdaDMVdRhs0jdoNdgzgHat1+9+M9/+SuABIDjNLjZkDMB5kSZaUpYSl1OSyK83g9PrsaR9O0P73772+9OiwjQw2nN43B1fTieFokqQz0xzGM6rvX7+6pOvsn9e63Sycxw5eyPAreyBzp1c8ncu6ESdKz/IhBCCEeSKAR7+gvQp910RPNSQMEmwsJ+xkNrcjXbX/yzF//1r777q/8dFlpSpa1rM0dRa60p2DDwkHmcRzVz8yK2tuqAYHY6ljBGJ4LrXdrvkpnFAbClEXZZe5GjmKqZEbETcBfDx2+LIh4JkThlVLMPH+4RjIhMQ3ndUxxUv2jD+n7ByE5QmxJTztykOUBK7DEbKhERB4VWlvPvv//uzfv30zy/fPHkxzdvfUM7t7zn8htDIkOEHxdpcF1RkWOsVoCtuxHCn3+LGlvZDVv2H5v3otiKNe6XLwJHRKdIzHtjzKVCjtob+l7DHhj8k115+YGbx6WFURlHI1j35unKDKLuOBv/EoaSYSnZRzd0nRxyThQei1FXMPcSxnrrkgckEdxdWDj2H9VHc/Rd15NtnEf+5pvP8pB28wQAOeV5yom4SRuHoZZSlhWZ9rupirx//3A8nqTpUtrj6VSaiMj9w+n+4eH+8fjjm7e/+d13x+MJGZFT8DFIwDkFpLSxItRbrLw3eFnXpIBdmmcwta1LWpuYqXq8TYx5N+7AieOBOYJTENfkGtAEiLmqDUPC4HSIewtPvBRCQwdE6jIZ849cMmiMniJn5ICd3JwQnCD8jgiBO6bjW4WFm79CVIuOhI4U7jpBhwf8yQSmtq6rAao5h8AfwMPYtHtdkfdOYuhIA/SDsG+9rbvXwQGs23P2g8MRARl988Yn6EbRPfjEcEpkwBhU333kILwdDUSF0GqTKu6OGpQ2IqdsBiFpOK7FFapoU2siZlpaywPdXg2n4+OqhowG3idt9pvYiNHOHbup2lZ79PIHAJkNoJmoeZ/74PBxg8a52kePXUgNA+67Zs7++gZe3+CczExUdcgJwGoTYBqHdF6Lqe2mEdFdGpPNmfYjTwPv5rGJLqWV2lotrWmiBAhj5sMuXx3GccyJnZmYWVRLqYbJkBTJiUvVtSoRJaZETmAMEBT3buDb3TCQMSoSqJqIuLs5mjsRiygiElMaUmZGIu29EAH+AaEnzkh9br2YRU2s5mCQMzEjAKqaiklTB1QDETEHVVHzJrWuRaUxRZntatZaayqtSRMlBCQ0oEPGB89PruaXN9Pz6/nZzXC3H17c7V49O+ynpE0sdIqRiNiFpsVays0BmbyZNTfZDsLoRUSAKuKq4TmBbnmgxLws7Yfv3oliWYu2UtZ1zCmhO/qbn97fP5yneZqmcVnXWktZ17YspuLmrdVg4I+n9fF4Wsq6rOu6rrVWldakAmit9d27D2/e/BS9V2uttbXzUtXt6e31y+c3oAIqX3352X4/nY8nBLy+mqU2ALu5mgdmcm1NPGjYFKAYg5mUdRgRmZfjupzrNI2UuDbxS9sOD2eTJwAAAMhJREFU0MNxfXg4mlkeM8Z8R0JmJuSYGRXymx4V+zwfYHbqfpLRNGzDkDORNmm1iMow8P5qt65NRIYh58xM7BCT5pqaDPMIyE1ARM281KaigfiqWR6yigw5cU5ucD6vkcJSYjMX6U7t7tADrtk45VKkKZTaDHEtLScmxpRScysK6uiM4hALmwlieDnEibzR1O5exdWdOSFTUz3MecxJAZYqVYyYKLGr9ciAlzLfqKPbTgxj4kR0VqtV1F09Jit0vN410ldHUxD7/3Y5SoOkUvVvAAAAAElFTkSuQmCC"
            },
            "index": 0
          }
        ]
      }
    }
  ],
  "usage": {
    "prompt_tokens": 8,
    "completion_tokens": 1306,
    "total_tokens": 1314,
    "cost": 0.0387424,
    "is_byok": false,
    "prompt_tokens_details": {
      "cached_tokens": 0,
      "audio_tokens": 0,
      "video_tokens": 0
    },
    "cost_details": {
      "upstream_inference_cost": null,
      "upstream_inference_prompt_cost": 2.4e-06,
      "upstream_inference_completions_cost": 0.03874
    },
    "completion_tokens_details": {
      "reasoning_tokens": 0,
      "image_tokens": 1290
    }
  }
}
